2026.09.28-01.32.52 --- S08 trace open 2026.09.28-01.32.52 ---
2026.09.28-01.32.52 LOGIN ok user=art-preview-host
2026.09.28-01.32.55 HEROES loaded 84
2026.09.28-01.32.55 createGame -> room=cmukkpa6h000dwi9oh0m7kd2x code=<redacted> status=LOBBY
2026.09.28-01.32.58 game -> room=cmukkpa6h000dwi9oh0m7kd2x code=<redacted> status=LOBBY
2026.09.28-01.32.58 selectHero -> room=cmukkpa6h000dwi9oh0m7kd2x code=<redacted> status=LOBBY
2026.09.28-01.33.01 game -> room=cmukkpa6h000dwi9oh0m7kd2x code=<redacted> status=LOBBY
2026.09.28-01.33.01 toggleReady -> room=cmukkpa6h000dwi9oh0m7kd2x code=<redacted> status=LOBBY
2026.09.28-01.33.04 game -> room=cmukkpa6h000dwi9oh0m7kd2x code=<redacted> status=LOBBY
2026.09.28-01.33.07 game -> room=cmukkpa6h000dwi9oh0m7kd2x code=<redacted> status=LOBBY
2026.09.28-01.33.10 game -> room=cmukkpa6h000dwi9oh0m7kd2x code=<redacted> status=LOBBY
2026.09.28-01.33.10 startGame -> room=cmukkpa6h000dwi9oh0m7kd2x code=<redacted> status=IN_PROGRESS
2026.09.28-01.33.10 SNAPSHOT applied seq=1 phase=ACTION_MANEUVER
2026.09.28-01.33.10 HANDLE_APPLIED #1 seq=1 decision=2 fightersValid=1 boardValid=1
2026.09.28-01.33.10 MODE seq=1 mode=0 combat=0 pending=0
2026.09.28-01.33.10 HUD seq=1 phase=ACTION_MANEUVER turn=you hand=5 oppHand=5(hidden) oppDeck=25 deck=25 discard=0
2026.09.28-01.33.10 ARTPREVIEW Cobble assets ready
2026.09.28-01.33.10 ARTPREVIEW Cobble probe lights key=4.5 fill=700 warm=85
2026.09.28-01.33.10 ARTPREVIEW Cobble active 5x6 zones=30 blue=15 red=15 blueMarks=15 redMarks=45
2026.09.28-01.33.10 CAMERA dist=1931 loc=(0,1107,1582) pitch=-55 yaw=-90
2026.09.28-01.33.10 BOARD 5x6 cells | control points: (0,0)=(-200,-250,0) (4,5)=(200,250,0) | neighbor pair (dist 100 uu)
2026.09.28-01.33.10 ARTPREVIEW fighter=Medusa hero=1 eligible=1 visual=1 mesh=SK_Medusa_FaceNeck_v2Candidate
2026.09.28-01.33.10 FIGHTERS synced n=6 alive=6 own=4 enemy=2
2026.09.28-01.33.10 STATE seq=1 -> apply
2026.09.28-01.33.10 SUBSCRIBED gameStateUpdated since=1
2026.09.28-01.33.10 SNAPSHOT applied seq=1 phase=ACTION_MANEUVER
2026.09.28-01.33.10 HANDLE_APPLIED #2 seq=1 decision=1 fightersValid=1 boardValid=1
2026.09.28-01.33.10 MODE seq=1 mode=0 combat=0 pending=0
2026.09.28-01.33.10 HUD seq=1 phase=ACTION_MANEUVER turn=you hand=5 oppHand=5(hidden) oppDeck=25 deck=25 discard=0
2026.09.28-01.33.10 ARTPREVIEW fighter=Medusa hero=1 eligible=1 visual=1 mesh=SK_Medusa_FaceNeck_v2Candidate
2026.09.28-01.33.10 FIGHTERS synced n=6 alive=6 own=4 enemy=2
2026.09.28-01.33.10 WS seq=1 phase=ACTION_MANEUVER (merge)
2026.09.28-01.33.13 game -> room=cmukkpa6h000dwi9oh0m7kd2x code=<redacted> status=IN_PROGRESS
2026.09.28-01.33.16 game -> room=cmukkpa6h000dwi9oh0m7kd2x code=<redacted> status=IN_PROGRESS
2026.09.28-01.33.19 game -> room=cmukkpa6h000dwi9oh0m7kd2x code=<redacted> status=IN_PROGRESS
2026.09.28-01.33.20 ARTPREVIEW selection ring shown fighter=Medusa mesh=SM_Marker_SelectionRing
2026.09.28-01.33.20 ARTPREVIEW reachable corners cells=13 placed=1
2026.09.28-01.33.20 ARTPREVIEW selection ownHero=1 selected=1 fighter=Medusa reachable=14 fighterId=f-0-hero
2026.09.28-01.33.20 ARTPREVIEW camera focus requested zoom=1.60 overview=1931 target=1207
2026.09.28-01.33.22 SHOT ctx viewport=1920x1080 viewTarget=CameraActor_2147482372 cam=(0,642,1017) rot=(-55,-90,0)
2026.09.28-01.33.22 SHOT fighter f-0-hero pos=(2,2) world=(0,-50,0) screen=(960,580) projected=1 alive=1
2026.09.28-01.33.22 SHOT fighter f-0-sk0 pos=(3,2) world=(100,-50,0) screen=(1208,580) projected=1 alive=1
2026.09.28-01.33.22 SHOT fighter f-0-sk1 pos=(2,1) world=(0,-150,0) screen=(960,384) projected=1 alive=1
2026.09.28-01.33.22 SHOT fighter f-0-sk2 pos=(1,2) world=(-100,-50,0) screen=(712,580) projected=1 alive=1
2026.09.28-01.33.22 SHOT fighter f-1-hero pos=(2,3) world=(0,50,0) screen=(960,794) projected=1 alive=1
2026.09.28-01.33.22 SHOT fighter f-1-sk0 pos=(3,3) world=(100,50,0) screen=(1220,794) projected=1 alive=1
2026.09.28-01.33.22 SHOT requested: FScreenshotRequest(bShowUI) -> C:\Users\ren\AppData\Local\Temp\s08-phase2-20260928-063251-44000\phase2-board-host-1920x1080.png
2026.09.28-01.33.22 game -> room=cmukkpa6h000dwi9oh0m7kd2x code=<redacted> status=IN_PROGRESS
2026.09.28-01.33.25 game -> room=cmukkpa6h000dwi9oh0m7kd2x code=<redacted> status=IN_PROGRESS
2026.09.28-01.33.28 game -> room=cmukkpa6h000dwi9oh0m7kd2x code=<redacted> status=IN_PROGRESS
2026.09.28-01.33.30 --- S08 trace close ---
