2026.09.29-08.25.56 --- S08 trace open 2026.09.29-08.25.56 ---
2026.09.29-08.25.56 HUD icon texture size=32 ready=1 path=/Game/ArtTests/ARTMarkers/Textures/T_UI_Action_Attack_32 texture=32x32 probe=0 plate=1
2026.09.29-08.25.56 HUD art widget plate impl=umg source=/Game/S08/UI/ArtHud/WBP_S08ArtPlate class=/Game/S08/UI/ArtHud/WBP_S08ArtPlate.WBP_S08ArtPlate_C parts=1 missing=- codeDefaultTree=0
2026.09.29-08.25.56 HUD art widget icon impl=umg source=/Game/S08/UI/ArtHud/WBP_S08ArtIcon class=/Game/S08/UI/ArtHud/WBP_S08ArtIcon.WBP_S08ArtIcon_C parts=1 missing=- codeDefaultTree=0
2026.09.29-08.25.56 RENDER preset applied=High flag=S08RenderPreset
2026.09.29-08.25.56 LOGIN ok user=art-preview-joiner
2026.09.29-08.25.59 HEROES loaded 84
2026.09.29-08.25.59 CODE resolved -> cmumew7m10031wit4h64mj16o
2026.09.29-08.25.59 joinGame -> room=cmumew7m10031wit4h64mj16o code=<redacted> status=LOBBY
2026.09.29-08.26.01 PERF config tMaxFPS=30.0 frameRateLimit=60.0 vsync=0 smoothFrameRate=0 fixedFrameRate=0 rhi=D3D12
2026.09.29-08.26.01 RENDER tag=PERF rhi=D3D12 featureLevel=SM6 shaderPlatform=PCD3D_SM6 lumenPlatform=1 gi=lumen giMethod=1 refl=lumen reflMethod=1 shadows=csm vsmEnable=0 sg.res=100 sg.view=2 sg.aa=2 sg.shadow=2 sg.gi=2 sg.refl=2 sg.pp=2 sg.tex=2 sg.fx=2 sg.foliage=2 sg.shading=2 sg.landscape=2 preset=High screenPct=100.0 screenPctMode=0 aa=TSR aaMethod=4 exposure=engine-default expMin=1.00000 expMax=1.00000 expBias=1.000 ev100=0.00 lightUnits=- sky=0 skyIntensity=0.000 keyShadow=- shadowCasters=0 profile=- profilesSha256=- profilesSource=- legacyRender=0 gameLayer=unlit-eyeadaptinv tMaxFPS=30.0 vsync=0 frameRateLimit=60.0 substrate=0 nanite=1 meshDF=1 viewport=1920x1080 reference=0 notReference=noArtProfile,exposure,lightUnits,profilesSource
2026.09.29-08.26.01 PERF window t=0.0-5.0 frames=151 fps=29.92 frameMs avg=33.42 p50=33.33 p95=33.34 p99=33.81 max=45.28 hitches50=0 gpuMs avg=1.23 p50=1.26 p95=1.31 gameMs avg=1.66 p95=2.17 renderMs avg=2849.29 p95=4.64
2026.09.29-08.26.02 game -> room=cmumew7m10031wit4h64mj16o code=<redacted> status=LOBBY
2026.09.29-08.26.02 selectHero -> room=cmumew7m10031wit4h64mj16o code=<redacted> status=LOBBY
2026.09.29-08.26.05 game -> room=cmumew7m10031wit4h64mj16o code=<redacted> status=LOBBY
2026.09.29-08.26.05 toggleReady -> room=cmumew7m10031wit4h64mj16o code=<redacted> status=LOBBY
2026.09.29-08.26.06 PERF window t=5.0-10.0 frames=150 fps=30.00 frameMs avg=33.33 p50=33.33 p95=33.33 p99=33.35 max=33.37 hitches50=0 gpuMs avg=1.26 p50=1.26 p95=1.31 gameMs avg=1.38 p95=1.66 renderMs avg=2.50 p95=3.07
2026.09.29-08.26.08 game -> room=cmumew7m10031wit4h64mj16o code=<redacted> status=LOBBY
2026.09.29-08.26.11 PERF window t=10.0-15.0 frames=150 fps=30.00 frameMs avg=33.33 p50=33.33 p95=33.33 p99=33.37 max=33.40 hitches50=0 gpuMs avg=1.25 p50=1.25 p95=1.29 gameMs avg=1.36 p95=1.58 renderMs avg=2.58 p95=3.35
2026.09.29-08.26.11 game -> room=cmumew7m10031wit4h64mj16o code=<redacted> status=IN_PROGRESS
2026.09.29-08.26.11 WS DROPPED (test-initiated transport loss)
2026.09.29-08.26.11 WS closed (test drop) - reconnect in 1s
2026.09.29-08.26.11 SNAPSHOT applied seq=1 phase=ACTION_MANEUVER
2026.09.29-08.26.11 HANDLE_APPLIED #1 seq=1 decision=2 fightersValid=1 boardValid=1
2026.09.29-08.26.11 MODE seq=1 mode=0 combat=0 pending=0
2026.09.29-08.26.11 HUD seq=1 phase=ACTION_MANEUVER turn=opp hand=5 oppHand=5(hidden) oppDeck=25 deck=25 discard=0
2026.09.29-08.26.11 ARTPREVIEW board profiles loaded=1 revision=3 boards=3 zoneStyles=11 lightProfiles=3 errors=0 path=Config/ArtBoards/S08ArtBoardProfiles.json
2026.09.29-08.26.11 ARTPREVIEW board profiles source=pak sha256=750f4936b713cdca3f847e2768d51e8c3f64e7bbcf0f8b03d1b81612f145f330
2026.09.29-08.26.11 ARTPREVIEW zone content instances=12/12 glyphMeshes=11/11
2026.09.29-08.26.11 ARTPREVIEW game layer material=M_S08_GameLayerUnlit unlitEyeAdaptInv=1 legacyRender=0
2026.09.29-08.26.11 ARTPREVIEW Cobble assets ready
2026.09.29-08.26.11 ARTPREVIEW board assets ready cobbleMesh=1 tiles=1 zoneMaterials=2
2026.09.29-08.26.11 ARTPREVIEW medusa candidate variant=face-neck-v2 mesh=SK_Medusa_FaceNeck_v2Candidate requested=face-neck-v2
2026.09.29-08.26.11 ARTPREVIEW board profile=cobble-city match=boardId board=5x6 boardId=cmuhgs4b2001mwik4f2b2xtf8 surface=cobble-5x6-mesh light=cobble-probe artFixture=0
2026.09.29-08.26.11 ARTPREVIEW light profile=cobble-probe name=key role=key kind=directional at=(-350,-150,600) intensity=4.5 units=lux radius=0 color=(1.00,1.00,1.00) shadow=1
2026.09.29-08.26.11 ARTPREVIEW light profile=cobble-probe name=warm role=warm kind=point at=(260,-300,250) intensity=85 units=candelas radius=450 color=(1.00,1.00,1.00) shadow=0
2026.09.29-08.26.11 ARTPREVIEW sky profile=cobble-probe cubemap=/Game/S08/Render/TC_S08_AmbientDome loaded=1 spawned=1 intensity=11.2 color=(1.00,1.00,1.00) lowerBlack=0
2026.09.29-08.26.11 ARTPREVIEW exposure profile=cobble-probe method=histogram-fixed min=2.46229 max=2.46229 bias=0.000 ev100=1.30 volume=1
2026.09.29-08.26.11 ARTPREVIEW lights applied profile=cobble-probe directional=1 shadow=1 points=1 pointShadows=0 budgetOk=1
2026.09.29-08.26.11 ARTPREVIEW render profile=cobble-probe units=candelas sky=1 exposure=1 keyShadow=csm-3000uu-2c-contact0.000 shadowCasters=1 legacyRender=0
2026.09.29-08.26.11 ARTPREVIEW Cobble probe lights key=4.5 fill=0 warm=85
2026.09.29-08.26.11 ARTPREVIEW board glyph meshes instances=30 keys=2/2 cubePieces=0 anchors=30
2026.09.29-08.26.11 ARTPREVIEW Cobble active 5x6 zones=30 blue=15 red=15 blueMarks=15 redMarks=45
2026.09.29-08.26.11 ARTPREVIEW board active profile=cobble-city 5x6 surface=cobble-5x6-mesh cells=30 zoneCells=30 multizone=0 triple=0 obstacles=0 zoneKeys=2 strokes=60 glyphs=45 surfaceParts=0 glyphMaterial=zone expectOk=1
2026.09.29-08.26.11 ARTPREVIEW board zone key=blue cells=15 stroke=solid glyph=diamond color=#3B78D8 ismUsage=1 strokePieces=15 glyphPieces=15 mi=MI_ART005_Zone_Blue glyphMesh=SM_ART005_ZoneGlyph_Diamond glyphInstances=15 fallback=0
2026.09.29-08.26.11 ARTPREVIEW board zone key=red cells=15 stroke=dash3 glyph=bars2 color=#D8453B ismUsage=1 strokePieces=45 glyphPieces=30 mi=MI_ART005_Zone_Red glyphMesh=SM_ART005_ZoneGlyph_Bars2 glyphInstances=15 fallback=0
2026.09.29-08.26.11 ARTPREVIEW board multizone cells=0 zonesListed=0 zonesMarked=0
2026.09.29-08.26.11 CAMERA dist=1931 loc=(0,1107,1582) pitch=-55 yaw=-90
2026.09.29-08.26.11 CAMERA config overview=1930.8 nearest=300.0 farthest=2970.4 zoomRange=0.65-6.44 minDist=300.0 outRatio=0.650 step=1.250 animMs=200 returnMs=300 followFrom=1.20 source=defaults issues=0
2026.09.29-08.26.11 BOARD 5x6 cells | control points: (0,0)=(-200,-250,0) (4,5)=(200,250,0) | neighbor pair (dist 100 uu)
2026.09.29-08.26.11 ARTPREVIEW click capsule fighter=f-0-hero mesh=SK_Medusa_FaceNeck_v2Candidate physicsAsset=0 radius=12.5 halfHeight=27.5 top=55.0 bodyCollision=0 source=meshBounds
2026.09.29-08.26.11 ARTPREVIEW fighter=Medusa hero=1 eligible=1 visual=1 mesh=SK_Medusa_FaceNeck_v2Candidate
2026.09.29-08.26.11 ARTPREVIEW click capsule fighter=f-0-sk0 mesh=SM_ART003_Harpy physicsAsset=0 radius=20.0 halfHeight=21.0 top=42.0 bodyCollision=0 source=meshBounds
2026.09.29-08.26.11 ARTPREVIEW click capsule fighter=f-0-sk1 mesh=SM_ART003_Harpy physicsAsset=0 radius=20.0 halfHeight=21.0 top=42.0 bodyCollision=0 source=meshBounds
2026.09.29-08.26.11 ARTPREVIEW click capsule fighter=f-0-sk2 mesh=SM_ART003_Harpy physicsAsset=0 radius=20.0 halfHeight=21.0 top=42.0 bodyCollision=0 source=meshBounds
2026.09.29-08.26.11 ARTPREVIEW click capsule fighter=f-1-hero mesh=SM_ART003_Arthur physicsAsset=0 radius=17.8 halfHeight=28.0 top=56.0 bodyCollision=0 source=meshBounds
2026.09.29-08.26.11 ARTPREVIEW click capsule fighter=f-1-sk0 mesh=SM_ART003_Merlin physicsAsset=0 radius=14.7 halfHeight=30.8 top=61.5 bodyCollision=0 source=meshBounds
2026.09.29-08.26.11 FIGHTERS synced n=6 alive=6 own=2 enemy=4
2026.09.29-08.26.11 STATE seq=1 -> apply
2026.09.29-08.26.11 WS closed 1000 (normal closure)
2026.09.29-08.26.11 HUD art layer plate=1 iconSize=32 iconTexture=1 iconProbe=0 plan=0
2026.09.29-08.26.11 HUD art impl=umg plateViews=umg:/Game/S08/UI/ArtHud/WBP_S08ArtPlate iconViews=umg:/Game/S08/UI/ArtHud/WBP_S08ArtIcon textTable=S08ArtHud entries=13 missingKeys=0
2026.09.29-08.26.12 WS reconnect attempt
2026.09.29-08.26.12 SUBSCRIBED gameStateUpdated since=1
2026.09.29-08.26.12 WS reconnected - refetching gameState
2026.09.29-08.26.12 SNAPSHOT applied seq=1 phase=ACTION_MANEUVER
2026.09.29-08.26.12 HANDLE_APPLIED #2 seq=1 decision=1 fightersValid=1 boardValid=1
2026.09.29-08.26.12 MODE seq=1 mode=0 combat=0 pending=0
2026.09.29-08.26.12 HUD seq=1 phase=ACTION_MANEUVER turn=opp hand=5 oppHand=5(hidden) oppDeck=25 deck=25 discard=0
2026.09.29-08.26.12 ARTPREVIEW fighter=Medusa hero=1 eligible=1 visual=1 mesh=SK_Medusa_FaceNeck_v2Candidate
2026.09.29-08.26.12 FIGHTERS synced n=6 alive=6 own=2 enemy=4
2026.09.29-08.26.12 STATE seq=1 -> merge
2026.09.29-08.26.12 SNAPSHOT applied seq=1 phase=ACTION_MANEUVER
2026.09.29-08.26.12 HANDLE_APPLIED #3 seq=1 decision=1 fightersValid=1 boardValid=1
2026.09.29-08.26.12 MODE seq=1 mode=0 combat=0 pending=0
2026.09.29-08.26.12 HUD seq=1 phase=ACTION_MANEUVER turn=opp hand=5 oppHand=5(hidden) oppDeck=25 deck=25 discard=0
2026.09.29-08.26.12 ARTPREVIEW fighter=Medusa hero=1 eligible=1 visual=1 mesh=SK_Medusa_FaceNeck_v2Candidate
2026.09.29-08.26.12 FIGHTERS synced n=6 alive=6 own=2 enemy=4
2026.09.29-08.26.12 WS seq=1 phase=ACTION_MANEUVER (merge)
2026.09.29-08.26.14 game -> room=cmumew7m10031wit4h64mj16o code=<redacted> status=IN_PROGRESS
2026.09.29-08.26.16 PERF window t=15.0-20.1 frames=150 fps=29.92 frameMs avg=33.42 p50=33.33 p95=33.33 p99=33.34 max=46.70 hitches50=0 gpuMs avg=1.91 p50=1.89 p95=2.06 gameMs avg=1.72 p95=1.70 renderMs avg=3.90 p95=4.63
2026.09.29-08.26.17 game -> room=cmumew7m10031wit4h64mj16o code=<redacted> status=IN_PROGRESS
2026.09.29-08.26.20 game -> room=cmumew7m10031wit4h64mj16o code=<redacted> status=IN_PROGRESS
2026.09.29-08.26.21 PERF window t=20.1-25.1 frames=150 fps=29.95 frameMs avg=33.39 p50=33.33 p95=33.41 p99=35.27 max=36.15 hitches50=0 gpuMs avg=1.87 p50=1.84 p95=2.00 gameMs avg=1.32 p95=1.70 renderMs avg=3.63 p95=4.55
2026.09.29-08.26.23 game -> room=cmumew7m10031wit4h64mj16o code=<redacted> status=IN_PROGRESS
2026.09.29-08.26.26 PERF window t=25.1-30.1 frames=150 fps=29.97 frameMs avg=33.36 p50=33.33 p95=33.36 p99=34.79 max=34.98 hitches50=0 gpuMs avg=1.84 p50=1.82 p95=1.97 gameMs avg=1.32 p95=1.73 renderMs avg=3.60 p95=5.03
2026.09.29-08.26.26 game -> room=cmumew7m10031wit4h64mj16o code=<redacted> status=IN_PROGRESS
2026.09.29-08.26.29 game -> room=cmumew7m10031wit4h64mj16o code=<redacted> status=IN_PROGRESS
2026.09.29-08.26.31 PERF window t=30.1-35.1 frames=151 fps=30.00 frameMs avg=33.33 p50=33.33 p95=33.33 p99=33.35 max=33.36 hitches50=0 gpuMs avg=1.80 p50=1.78 p95=1.93 gameMs avg=1.29 p95=1.47 renderMs avg=3.33 p95=3.92
2026.09.29-08.26.32 SHOT ctx viewport=1920x1080 viewTarget=CameraActor_2147482366 cam=(0,1107,1582) rot=(-55,-90,0)
2026.09.29-08.26.32 RENDER tag=SHOT rhi=D3D12 featureLevel=SM6 shaderPlatform=PCD3D_SM6 lumenPlatform=1 gi=lumen giMethod=1 refl=lumen reflMethod=1 shadows=csm vsmEnable=0 sg.res=100 sg.view=2 sg.aa=2 sg.shadow=2 sg.gi=2 sg.refl=2 sg.pp=2 sg.tex=2 sg.fx=2 sg.foliage=2 sg.shading=2 sg.landscape=2 preset=High screenPct=100.0 screenPctMode=0 aa=TSR aaMethod=4 exposure=fixed-histogram expMin=2.46229 expMax=2.46229 expBias=0.000 ev100=1.30 lightUnits=candelas sky=1 skyIntensity=11.200 keyShadow=csm-3000uu-2c-contact0.000 shadowCasters=1 profile=cobble-probe profilesSha256=750f4936b713cdca3f847e2768d51e8c3f64e7bbcf0f8b03d1b81612f145f330 profilesSource=pak legacyRender=0 gameLayer=unlit-eyeadaptinv tMaxFPS=30.0 vsync=0 frameRateLimit=60.0 substrate=0 nanite=1 meshDF=1 viewport=1920x1080 reference=1
2026.09.29-08.26.32 SHOT fighter f-0-hero pos=(2,2) world=(0,-50,0) screen=(960,476) projected=1 alive=1
2026.09.29-08.26.32 SHOT fighter f-0-sk0 pos=(3,2) world=(100,-50,0) screen=(1115,476) projected=1 alive=1
2026.09.29-08.26.32 SHOT fighter f-0-sk1 pos=(2,1) world=(0,-150,0) screen=(960,355) projected=1 alive=1
2026.09.29-08.26.32 SHOT fighter f-0-sk2 pos=(1,2) world=(-100,-50,0) screen=(805,476) projected=1 alive=1
2026.09.29-08.26.32 SHOT fighter f-1-hero pos=(2,3) world=(0,50,0) screen=(960,606) projected=1 alive=1
2026.09.29-08.26.32 SHOT fighter f-1-sk0 pos=(3,3) world=(100,50,0) screen=(1120,606) projected=1 alive=1
2026.09.29-08.26.32 SHOT camera dist=1930.8 target=1930.8 overview=1930.8 errPct=0.000 focusErr=0.00 settled=1 zoom=1.00
2026.09.29-08.26.32 SHOT head fighter=f-0-hero socket=Head mesh=SK_Medusa_FaceNeck_v2Candidate world=(0.0,-46.0,38.5) screen=(960.0,445.5) top=(960.0,439.8) bottom=(960.0,451.2) headPx=11.4 projected=1
2026.09.29-08.26.32 SHOT label fighter=f-0-hero mode=full bbox=(916,381,1004,414)
2026.09.29-08.26.32 SHOT label fighter=f-0-sk0 mode=full bbox=(1072,399,1169,428)
2026.09.29-08.26.32 SHOT label fighter=f-0-sk1 mode=full bbox=(914,276,1006,305)
2026.09.29-08.26.32 SHOT label fighter=f-0-sk2 mode=full bbox=(751,399,848,428)
2026.09.29-08.26.32 SHOT label fighter=f-1-hero mode=full bbox=(913,517,1007,545)
2026.09.29-08.26.32 SHOT label fighter=f-1-sk0 mode=full bbox=(1088,529,1162,558)
2026.09.29-08.26.32 SHOT requested: FScreenshotRequest(bShowUI) -> C:\Users\ren\AppData\Local\Temp\s08-phase2-20260929-132548-23412\phase2-board-joiner-1920x1080.png
2026.09.29-08.26.32 game -> room=cmumew7m10031wit4h64mj16o code=<redacted> status=IN_PROGRESS
2026.09.29-08.26.35 game -> room=cmumew7m10031wit4h64mj16o code=<redacted> status=IN_PROGRESS
2026.09.29-08.26.36 PERF window t=35.1-40.1 frames=148 fps=29.43 frameMs avg=33.98 p50=33.33 p95=33.33 p99=41.91 max=120.04 hitches50=1 gpuMs avg=1.80 p50=1.79 p95=2.00 gameMs avg=1.93 p95=1.58 renderMs avg=3.25 p95=4.01
2026.09.29-08.26.38 game -> room=cmumew7m10031wit4h64mj16o code=<redacted> status=IN_PROGRESS
2026.09.29-08.26.41 PERF window t=40.1-45.1 frames=150 fps=30.00 frameMs avg=33.33 p50=33.33 p95=33.33 p99=33.35 max=33.35 hitches50=0 gpuMs avg=1.84 p50=1.82 p95=1.97 gameMs avg=1.28 p95=1.37 renderMs avg=3.58 p95=4.51
2026.09.29-08.26.41 game -> room=cmumew7m10031wit4h64mj16o code=<redacted> status=IN_PROGRESS
2026.09.29-08.26.44 game -> room=cmumew7m10031wit4h64mj16o code=<redacted> status=IN_PROGRESS
2026.09.29-08.26.46 PERF summary scope=afterWarmup warmup=5 elapsed=50.0 frames=1347 fps=29.92 frameMs avg=33.42 p50=33.33 p95=33.33 p99=33.48 max=120.04 hitches50=1 gpuMs avg=1.71 p50=1.79 p95=1.98 gameMs avg=1.41 p95=1.60 renderMs avg=3.29 p95=4.27
2026.09.29-08.26.46 PERF summary scope=started elapsed=50.0 frames=1045 fps=29.90 frameMs avg=33.45 p50=33.33 p95=33.34 p99=33.76 max=120.04 hitches50=1 gpuMs avg=1.84 p50=1.81 p95=2.00 gameMs avg=1.42 p95=1.60 renderMs avg=3.51 p95=4.40
2026.09.29-08.26.46 PERF summary scope=artHud impl=umg elapsed=50.0 frames=0 fps=0.00 frameMs avg=0.00 p50=0.00 p95=0.00 p99=0.00 max=0.00 hitches50=0 gpuMs avg=0.00 p50=0.00 p95=0.00 gameMs avg=0.00 p95=0.00 renderMs avg=0.00 p95=0.00
2026.09.29-08.26.46 --- S08 trace close ---
