2026.09.29-08.25.50 --- S08 trace open 2026.09.29-08.25.50 ---
2026.09.29-08.25.50 HUD icon texture size=32 ready=1 path=/Game/ArtTests/ARTMarkers/Textures/T_UI_Action_Attack_32 texture=32x32 probe=0 plate=1
2026.09.29-08.25.50 HUD art widget plate impl=umg source=/Game/S08/UI/ArtHud/WBP_S08ArtPlate class=/Game/S08/UI/ArtHud/WBP_S08ArtPlate.WBP_S08ArtPlate_C parts=1 missing=- codeDefaultTree=0
2026.09.29-08.25.50 HUD art widget icon impl=umg source=/Game/S08/UI/ArtHud/WBP_S08ArtIcon class=/Game/S08/UI/ArtHud/WBP_S08ArtIcon.WBP_S08ArtIcon_C parts=1 missing=- codeDefaultTree=0
2026.09.29-08.25.50 RENDER preset applied=High flag=S08RenderPreset
2026.09.29-08.25.50 LOGIN ok user=art-preview-host
2026.09.29-08.25.53 HEROES loaded 84
2026.09.29-08.25.53 createGame -> room=cmumew7m10031wit4h64mj16o code=<redacted> status=LOBBY
2026.09.29-08.25.55 PERF config tMaxFPS=30.0 frameRateLimit=60.0 vsync=0 smoothFrameRate=0 fixedFrameRate=0 rhi=D3D12
2026.09.29-08.25.55 RENDER tag=PERF rhi=D3D12 featureLevel=SM6 shaderPlatform=PCD3D_SM6 lumenPlatform=1 gi=lumen giMethod=1 refl=lumen reflMethod=1 shadows=csm vsmEnable=0 sg.res=100 sg.view=2 sg.aa=2 sg.shadow=2 sg.gi=2 sg.refl=2 sg.pp=2 sg.tex=2 sg.fx=2 sg.foliage=2 sg.shading=2 sg.landscape=2 preset=High screenPct=100.0 screenPctMode=0 aa=TSR aaMethod=4 exposure=engine-default expMin=1.00000 expMax=1.00000 expBias=1.000 ev100=0.00 lightUnits=- sky=0 skyIntensity=0.000 keyShadow=- shadowCasters=0 profile=- profilesSha256=- profilesSource=- legacyRender=0 gameLayer=unlit-eyeadaptinv tMaxFPS=30.0 vsync=0 frameRateLimit=60.0 substrate=0 nanite=1 meshDF=1 viewport=1920x1080 reference=0 notReference=noArtProfile,exposure,lightUnits,profilesSource
2026.09.29-08.25.55 PERF window t=0.0-5.0 frames=151 fps=29.96 frameMs avg=33.38 p50=33.33 p95=33.34 p99=33.44 max=39.40 hitches50=0 gpuMs avg=1.20 p50=1.28 p95=1.36 gameMs avg=1.78 p95=2.08 renderMs avg=2849.12 p95=4.14
2026.09.29-08.25.56 game -> room=cmumew7m10031wit4h64mj16o code=<redacted> status=LOBBY
2026.09.29-08.25.56 selectHero -> room=cmumew7m10031wit4h64mj16o code=<redacted> status=LOBBY
2026.09.29-08.25.59 game -> room=cmumew7m10031wit4h64mj16o code=<redacted> status=LOBBY
2026.09.29-08.25.59 toggleReady -> room=cmumew7m10031wit4h64mj16o code=<redacted> status=LOBBY
2026.09.29-08.26.00 PERF window t=5.0-10.0 frames=150 fps=29.98 frameMs avg=33.36 p50=33.33 p95=33.38 p99=33.97 max=35.40 hitches50=0 gpuMs avg=1.27 p50=1.27 p95=1.30 gameMs avg=1.65 p95=2.29 renderMs avg=3.07 p95=4.91
2026.09.29-08.26.02 game -> room=cmumew7m10031wit4h64mj16o code=<redacted> status=LOBBY
2026.09.29-08.26.05 PERF window t=10.0-15.0 frames=150 fps=30.00 frameMs avg=33.33 p50=33.33 p95=33.33 p99=33.34 max=33.39 hitches50=0 gpuMs avg=1.27 p50=1.27 p95=1.30 gameMs avg=1.45 p95=1.81 renderMs avg=2.56 p95=3.16
2026.09.29-08.26.05 game -> room=cmumew7m10031wit4h64mj16o code=<redacted> status=LOBBY
2026.09.29-08.26.08 game -> room=cmumew7m10031wit4h64mj16o code=<redacted> status=LOBBY
2026.09.29-08.26.08 startGame -> room=cmumew7m10031wit4h64mj16o code=<redacted> status=IN_PROGRESS
2026.09.29-08.26.08 SNAPSHOT applied seq=1 phase=ACTION_MANEUVER
2026.09.29-08.26.08 HANDLE_APPLIED #1 seq=1 decision=2 fightersValid=1 boardValid=1
2026.09.29-08.26.08 MODE seq=1 mode=0 combat=0 pending=0
2026.09.29-08.26.08 HUD seq=1 phase=ACTION_MANEUVER turn=you hand=5 oppHand=5(hidden) oppDeck=25 deck=25 discard=0
2026.09.29-08.26.08 ARTPREVIEW board profiles loaded=1 revision=3 boards=3 zoneStyles=11 lightProfiles=3 errors=0 path=Config/ArtBoards/S08ArtBoardProfiles.json
2026.09.29-08.26.08 ARTPREVIEW board profiles source=pak sha256=750f4936b713cdca3f847e2768d51e8c3f64e7bbcf0f8b03d1b81612f145f330
2026.09.29-08.26.08 ARTPREVIEW zone content instances=12/12 glyphMeshes=11/11
2026.09.29-08.26.08 ARTPREVIEW game layer material=M_S08_GameLayerUnlit unlitEyeAdaptInv=1 legacyRender=0
2026.09.29-08.26.08 ARTPREVIEW Cobble assets ready
2026.09.29-08.26.08 ARTPREVIEW board assets ready cobbleMesh=1 tiles=1 zoneMaterials=2
2026.09.29-08.26.08 ARTPREVIEW medusa candidate variant=face-neck-v2 mesh=SK_Medusa_FaceNeck_v2Candidate requested=face-neck-v2
2026.09.29-08.26.08 ARTPREVIEW board profile=cobble-city match=boardId board=5x6 boardId=cmuhgs4b2001mwik4f2b2xtf8 surface=cobble-5x6-mesh light=cobble-probe artFixture=0
2026.09.29-08.26.08 ARTPREVIEW light profile=cobble-probe name=key role=key kind=directional at=(-350,-150,600) intensity=4.5 units=lux radius=0 color=(1.00,1.00,1.00) shadow=1
2026.09.29-08.26.08 ARTPREVIEW light profile=cobble-probe name=warm role=warm kind=point at=(260,-300,250) intensity=85 units=candelas radius=450 color=(1.00,1.00,1.00) shadow=0
2026.09.29-08.26.08 ARTPREVIEW sky profile=cobble-probe cubemap=/Game/S08/Render/TC_S08_AmbientDome loaded=1 spawned=1 intensity=11.2 color=(1.00,1.00,1.00) lowerBlack=0
2026.09.29-08.26.08 ARTPREVIEW exposure profile=cobble-probe method=histogram-fixed min=2.46229 max=2.46229 bias=0.000 ev100=1.30 volume=1
2026.09.29-08.26.08 ARTPREVIEW lights applied profile=cobble-probe directional=1 shadow=1 points=1 pointShadows=0 budgetOk=1
2026.09.29-08.26.08 ARTPREVIEW render profile=cobble-probe units=candelas sky=1 exposure=1 keyShadow=csm-3000uu-2c-contact0.000 shadowCasters=1 legacyRender=0
2026.09.29-08.26.08 ARTPREVIEW Cobble probe lights key=4.5 fill=0 warm=85
2026.09.29-08.26.08 ARTPREVIEW board glyph meshes instances=30 keys=2/2 cubePieces=0 anchors=30
2026.09.29-08.26.08 ARTPREVIEW Cobble active 5x6 zones=30 blue=15 red=15 blueMarks=15 redMarks=45
2026.09.29-08.26.08 ARTPREVIEW board active profile=cobble-city 5x6 surface=cobble-5x6-mesh cells=30 zoneCells=30 multizone=0 triple=0 obstacles=0 zoneKeys=2 strokes=60 glyphs=45 surfaceParts=0 glyphMaterial=zone expectOk=1
2026.09.29-08.26.08 ARTPREVIEW board zone key=blue cells=15 stroke=solid glyph=diamond color=#3B78D8 ismUsage=1 strokePieces=15 glyphPieces=15 mi=MI_ART005_Zone_Blue glyphMesh=SM_ART005_ZoneGlyph_Diamond glyphInstances=15 fallback=0
2026.09.29-08.26.08 ARTPREVIEW board zone key=red cells=15 stroke=dash3 glyph=bars2 color=#D8453B ismUsage=1 strokePieces=45 glyphPieces=30 mi=MI_ART005_Zone_Red glyphMesh=SM_ART005_ZoneGlyph_Bars2 glyphInstances=15 fallback=0
2026.09.29-08.26.08 ARTPREVIEW board multizone cells=0 zonesListed=0 zonesMarked=0
2026.09.29-08.26.08 CAMERA dist=1931 loc=(0,1107,1582) pitch=-55 yaw=-90
2026.09.29-08.26.08 CAMERA config overview=1930.8 nearest=300.0 farthest=2970.4 zoomRange=0.65-6.44 minDist=300.0 outRatio=0.650 step=1.250 animMs=200 returnMs=300 followFrom=1.20 source=defaults issues=0
2026.09.29-08.26.08 BOARD 5x6 cells | control points: (0,0)=(-200,-250,0) (4,5)=(200,250,0) | neighbor pair (dist 100 uu)
2026.09.29-08.26.08 ARTPREVIEW click capsule fighter=f-0-hero mesh=SK_Medusa_FaceNeck_v2Candidate physicsAsset=0 radius=12.5 halfHeight=27.5 top=55.0 bodyCollision=0 source=meshBounds
2026.09.29-08.26.08 ARTPREVIEW fighter=Medusa hero=1 eligible=1 visual=1 mesh=SK_Medusa_FaceNeck_v2Candidate
2026.09.29-08.26.08 ARTPREVIEW click capsule fighter=f-0-sk0 mesh=SM_ART003_Harpy physicsAsset=0 radius=20.0 halfHeight=21.0 top=42.0 bodyCollision=0 source=meshBounds
2026.09.29-08.26.08 ARTPREVIEW click capsule fighter=f-0-sk1 mesh=SM_ART003_Harpy physicsAsset=0 radius=20.0 halfHeight=21.0 top=42.0 bodyCollision=0 source=meshBounds
2026.09.29-08.26.08 ARTPREVIEW click capsule fighter=f-0-sk2 mesh=SM_ART003_Harpy physicsAsset=0 radius=20.0 halfHeight=21.0 top=42.0 bodyCollision=0 source=meshBounds
2026.09.29-08.26.08 ARTPREVIEW click capsule fighter=f-1-hero mesh=SM_ART003_Arthur physicsAsset=0 radius=17.8 halfHeight=28.0 top=56.0 bodyCollision=0 source=meshBounds
2026.09.29-08.26.08 ARTPREVIEW click capsule fighter=f-1-sk0 mesh=SM_ART003_Merlin physicsAsset=0 radius=14.7 halfHeight=30.8 top=61.5 bodyCollision=0 source=meshBounds
2026.09.29-08.26.08 FIGHTERS synced n=6 alive=6 own=4 enemy=2
2026.09.29-08.26.08 STATE seq=1 -> apply
2026.09.29-08.26.08 HUD art layer plate=1 iconSize=32 iconTexture=1 iconProbe=0 plan=0
2026.09.29-08.26.08 HUD art impl=umg plateViews=umg:/Game/S08/UI/ArtHud/WBP_S08ArtPlate iconViews=umg:/Game/S08/UI/ArtHud/WBP_S08ArtIcon textTable=S08ArtHud entries=13 missingKeys=0
2026.09.29-08.26.08 SUBSCRIBED gameStateUpdated since=1
2026.09.29-08.26.08 SNAPSHOT applied seq=1 phase=ACTION_MANEUVER
2026.09.29-08.26.08 HANDLE_APPLIED #2 seq=1 decision=1 fightersValid=1 boardValid=1
2026.09.29-08.26.08 MODE seq=1 mode=0 combat=0 pending=0
2026.09.29-08.26.08 HUD seq=1 phase=ACTION_MANEUVER turn=you hand=5 oppHand=5(hidden) oppDeck=25 deck=25 discard=0
2026.09.29-08.26.08 ARTPREVIEW fighter=Medusa hero=1 eligible=1 visual=1 mesh=SK_Medusa_FaceNeck_v2Candidate
2026.09.29-08.26.08 FIGHTERS synced n=6 alive=6 own=4 enemy=2
2026.09.29-08.26.08 WS seq=1 phase=ACTION_MANEUVER (merge)
2026.09.29-08.26.10 PERF window t=15.0-20.0 frames=149 fps=29.78 frameMs avg=33.58 p50=33.33 p95=33.33 p99=49.88 max=53.70 hitches50=1 gpuMs avg=1.49 p50=1.29 p95=1.87 gameMs avg=1.93 p95=1.99 renderMs avg=3.79 p95=3.92
2026.09.29-08.26.11 game -> room=cmumew7m10031wit4h64mj16o code=<redacted> status=IN_PROGRESS
2026.09.29-08.26.14 game -> room=cmumew7m10031wit4h64mj16o code=<redacted> status=IN_PROGRESS
2026.09.29-08.26.15 PERF window t=20.0-25.1 frames=151 fps=30.00 frameMs avg=33.33 p50=33.33 p95=33.33 p99=33.34 max=33.34 hitches50=0 gpuMs avg=1.86 p50=1.84 p95=2.01 gameMs avg=1.18 p95=1.45 renderMs avg=3.41 p95=4.16
2026.09.29-08.26.17 game -> room=cmumew7m10031wit4h64mj16o code=<redacted> status=IN_PROGRESS
2026.09.29-08.26.20 game -> room=cmumew7m10031wit4h64mj16o code=<redacted> status=IN_PROGRESS
2026.09.29-08.26.20 PERF window t=25.1-30.1 frames=150 fps=29.98 frameMs avg=33.35 p50=33.33 p95=33.33 p99=33.82 max=35.24 hitches50=0 gpuMs avg=1.89 p50=1.86 p95=2.03 gameMs avg=1.33 p95=1.65 renderMs avg=3.55 p95=4.61
2026.09.29-08.26.23 game -> room=cmumew7m10031wit4h64mj16o code=<redacted> status=IN_PROGRESS
2026.09.29-08.26.24 ARTPREVIEW selection ring shown fighter=Medusa mesh=SM_Marker_SelectionRing
2026.09.29-08.26.24 ARTPREVIEW reachable corners cells=13 placed=1
2026.09.29-08.26.24 ARTPREVIEW selection ownHero=1 selected=1 fighter=Medusa reachable=14 fighterId=f-0-hero
2026.09.29-08.26.24 INPUT select src=flag fighter=f-0-hero flag=ArtPreviewSelectOwnHero
2026.09.29-08.26.24 HUD plate content fighter=f-0-hero name=Medusa hp=16/16 team=own statuses=HERO  |  MELEE
2026.09.29-08.26.24 PLATE fighter=f-0-hero bbox=(886,636,1058,690) overlapReachable=0 placement=below ring=16 gap=134 selection=f-0-hero destinations=13 clean=1 softPx2=0 tested=2924
2026.09.29-08.26.25 PERF window t=30.1-35.1 frames=150 fps=29.98 frameMs avg=33.35 p50=33.33 p95=33.33 p99=33.67 max=35.82 hitches50=0 gpuMs avg=1.89 p50=1.86 p95=2.06 gameMs avg=1.51 p95=2.55 renderMs avg=3.52 p95=4.71
2026.09.29-08.26.26 SHOT ctx viewport=1920x1080 viewTarget=CameraActor_2147482366 cam=(0,1107,1582) rot=(-55,-90,0)
2026.09.29-08.26.26 RENDER tag=SHOT rhi=D3D12 featureLevel=SM6 shaderPlatform=PCD3D_SM6 lumenPlatform=1 gi=lumen giMethod=1 refl=lumen reflMethod=1 shadows=csm vsmEnable=0 sg.res=100 sg.view=2 sg.aa=2 sg.shadow=2 sg.gi=2 sg.refl=2 sg.pp=2 sg.tex=2 sg.fx=2 sg.foliage=2 sg.shading=2 sg.landscape=2 preset=High screenPct=100.0 screenPctMode=0 aa=TSR aaMethod=4 exposure=fixed-histogram expMin=2.46229 expMax=2.46229 expBias=0.000 ev100=1.30 lightUnits=candelas sky=1 skyIntensity=11.200 keyShadow=csm-3000uu-2c-contact0.000 shadowCasters=1 profile=cobble-probe profilesSha256=750f4936b713cdca3f847e2768d51e8c3f64e7bbcf0f8b03d1b81612f145f330 profilesSource=pak legacyRender=0 gameLayer=unlit-eyeadaptinv tMaxFPS=30.0 vsync=0 frameRateLimit=60.0 substrate=0 nanite=1 meshDF=1 viewport=1920x1080 reference=1
2026.09.29-08.26.26 SHOT fighter f-0-hero pos=(2,2) world=(0,-50,0) screen=(960,476) projected=1 alive=1
2026.09.29-08.26.26 SHOT fighter f-0-sk0 pos=(3,2) world=(100,-50,0) screen=(1115,476) projected=1 alive=1
2026.09.29-08.26.26 SHOT fighter f-0-sk1 pos=(2,1) world=(0,-150,0) screen=(960,355) projected=1 alive=1
2026.09.29-08.26.26 SHOT fighter f-0-sk2 pos=(1,2) world=(-100,-50,0) screen=(805,476) projected=1 alive=1
2026.09.29-08.26.26 SHOT fighter f-1-hero pos=(2,3) world=(0,50,0) screen=(960,606) projected=1 alive=1
2026.09.29-08.26.26 SHOT fighter f-1-sk0 pos=(3,3) world=(100,50,0) screen=(1120,606) projected=1 alive=1
2026.09.29-08.26.26 SHOT camera dist=1930.8 target=1930.8 overview=1930.8 errPct=0.000 focusErr=0.00 settled=1 zoom=1.00
2026.09.29-08.26.26 SHOT head fighter=f-0-hero socket=Head mesh=SK_Medusa_FaceNeck_v2Candidate world=(0.0,-46.0,38.5) screen=(960.0,445.5) top=(960.0,439.8) bottom=(960.0,451.2) headPx=11.4 projected=1
2026.09.29-08.26.26 SHOT selection fighter=f-0-hero ownCell=(2,2) legal=14 destinations=13 ownCellExcluded=1 plateFighter=f-0-hero
2026.09.29-08.26.26 SHOT reachable fighter=f-0-hero n=13 cells=(1,0)(2,0)(3,0)(0,1)(1,1)(3,1)(4,1)(0,2)(4,2)(0,3)(1,3)(4,3)(1,4)
2026.09.29-08.26.26 SHOT plate fighter=f-0-hero bbox=(886,636,1058,690) overlapReachable=0 placement=below gap=134 anchor=(928,399,992,502) planned=(886,636,1058,690) geom=painted stableFrames=60
2026.09.29-08.26.26 SHOT widget id=plate impl=umg state=own fighter=f-0-hero bbox=(886,636,1058,690) geom=painted visible=1 twin=0 source=/Game/S08/UI/ArtHud/WBP_S08ArtPlate
2026.09.29-08.26.26 SHOT widget id=plate.marker impl=umg state=own fighter=f-0-hero bbox=(886,636,1058,639) geom=painted visible=1 twin=0 source=/Game/S08/UI/ArtHud/WBP_S08ArtPlate
2026.09.29-08.26.26 SHOT widget id=plate.name impl=umg state=own fighter=f-0-hero bbox=(892,641,1007,660) geom=painted visible=1 twin=0 source=/Game/S08/UI/ArtHud/WBP_S08ArtPlate
2026.09.29-08.26.26 SHOT widget id=plate.team impl=umg state=own fighter=f-0-hero bbox=(1007,644,1052,657) geom=painted visible=1 twin=0 source=/Game/S08/UI/ArtHud/WBP_S08ArtPlate
2026.09.29-08.26.26 SHOT widget id=plate.hpbar impl=umg state=own fighter=f-0-hero bbox=(892,666,988,673) geom=painted visible=1 twin=0 source=/Game/S08/UI/ArtHud/WBP_S08ArtPlate
2026.09.29-08.26.26 SHOT widget id=plate.hpfill impl=umg state=own fighter=f-0-hero bbox=(892,666,988,673) geom=painted visible=1 twin=0 source=/Game/S08/UI/ArtHud/WBP_S08ArtPlate
2026.09.29-08.26.26 SHOT widget id=plate.hp impl=umg state=own fighter=f-0-hero bbox=(994,662,1047,677) geom=painted visible=1 twin=0 source=/Game/S08/UI/ArtHud/WBP_S08ArtPlate
2026.09.29-08.26.26 SHOT widget id=plate.status impl=umg state=own fighter=f-0-hero bbox=(892,679,1052,692) geom=painted visible=1 twin=0 source=/Game/S08/UI/ArtHud/WBP_S08ArtPlate
2026.09.29-08.26.26 SHOT label fighter=f-0-sk0 mode=compact bbox=(1062,402,1179,415)
2026.09.29-08.26.26 SHOT label fighter=f-0-sk1 mode=compact bbox=(904,278,1016,292)
2026.09.29-08.26.26 SHOT label fighter=f-0-sk2 mode=compact bbox=(741,402,858,415)
2026.09.29-08.26.26 SHOT label fighter=f-1-hero mode=compact bbox=(896,519,1024,530)
2026.09.29-08.26.26 SHOT label fighter=f-1-sk0 mode=compact bbox=(1074,532,1177,546)
2026.09.29-08.26.26 SHOT requested: FScreenshotRequest(bShowUI) -> C:\Users\ren\AppData\Local\Temp\s08-phase2-20260929-132548-23412\phase2-board-host-1920x1080.png
2026.09.29-08.26.26 game -> room=cmumew7m10031wit4h64mj16o code=<redacted> status=IN_PROGRESS
2026.09.29-08.26.29 game -> room=cmumew7m10031wit4h64mj16o code=<redacted> status=IN_PROGRESS
2026.09.29-08.26.30 PERF window t=35.1-40.1 frames=147 fps=29.30 frameMs avg=34.12 p50=33.33 p95=33.33 p99=33.34 max=149.61 hitches50=1 gpuMs avg=1.81 p50=1.78 p95=2.01 gameMs avg=2.43 p95=1.97 renderMs avg=3.33 p95=4.17
2026.09.29-08.26.32 game -> room=cmumew7m10031wit4h64mj16o code=<redacted> status=IN_PROGRESS
2026.09.29-08.26.35 game -> room=cmumew7m10031wit4h64mj16o code=<redacted> status=IN_PROGRESS
2026.09.29-08.26.35 PERF window t=40.1-45.1 frames=150 fps=29.91 frameMs avg=33.43 p50=33.33 p95=33.33 p99=33.34 max=47.53 hitches50=0 gpuMs avg=1.80 p50=1.79 p95=1.89 gameMs avg=1.55 p95=1.73 renderMs avg=3.29 p95=4.03
2026.09.29-08.26.38 game -> room=cmumew7m10031wit4h64mj16o code=<redacted> status=IN_PROGRESS
2026.09.29-08.26.40 PERF summary scope=afterWarmup warmup=5 elapsed=50.0 frames=1346 fps=29.88 frameMs avg=33.46 p50=33.33 p95=33.33 p99=33.53 max=149.61 hitches50=2 gpuMs avg=1.68 p50=1.80 p95=2.01 gameMs avg=1.61 p95=1.95 renderMs avg=3.33 p95=4.37
2026.09.29-08.26.40 PERF summary scope=started elapsed=50.0 frames=951 fps=29.84 frameMs avg=33.52 p50=33.33 p95=33.33 p99=33.44 max=149.61 hitches50=2 gpuMs avg=1.86 p50=1.83 p95=2.03 gameMs avg=1.63 p95=1.85 renderMs avg=3.57 p95=4.38
2026.09.29-08.26.40 PERF summary scope=artHud impl=umg elapsed=50.0 frames=476 fps=29.75 frameMs avg=33.61 p50=33.33 p95=33.33 p99=33.34 max=149.61 hitches50=1 gpuMs avg=1.83 p50=1.81 p95=2.03 gameMs avg=1.81 p95=1.87 renderMs avg=3.38 p95=4.34
2026.09.29-08.26.40 --- S08 trace close ---
