2026.09.29-08.23.16 --- S08 trace open 2026.09.29-08.23.16 ---
2026.09.29-08.23.16 HUD icon texture size=32 ready=1 path=/Game/ArtTests/ARTMarkers/Textures/T_UI_Action_Attack_32 texture=32x32 probe=0 plate=1
2026.09.29-08.23.16 HUD art widget plate impl=umg source=/Game/S08/UI/ArtHud/WBP_S08ArtPlate class=/Game/S08/UI/ArtHud/WBP_S08ArtPlate.WBP_S08ArtPlate_C parts=1 missing=- codeDefaultTree=0
2026.09.29-08.23.16 HUD art widget icon impl=umg source=/Game/S08/UI/ArtHud/WBP_S08ArtIcon class=/Game/S08/UI/ArtHud/WBP_S08ArtIcon.WBP_S08ArtIcon_C parts=1 missing=- codeDefaultTree=0
2026.09.29-08.23.16 RENDER preset applied=High flag=S08RenderPreset
2026.09.29-08.23.16 LOGIN ok user=art-preview-host
2026.09.29-08.23.19 HEROES loaded 84
2026.09.29-08.23.20 createGame -> room=cmumesx430019wit4kmc7bsqk code=<redacted> status=LOBBY
2026.09.29-08.23.21 PERF config tMaxFPS=30.0 frameRateLimit=60.0 vsync=0 smoothFrameRate=0 fixedFrameRate=0 rhi=D3D12
2026.09.29-08.23.21 RENDER tag=PERF rhi=D3D12 featureLevel=SM6 shaderPlatform=PCD3D_SM6 lumenPlatform=1 gi=lumen giMethod=1 refl=lumen reflMethod=1 shadows=csm vsmEnable=0 sg.res=100 sg.view=2 sg.aa=2 sg.shadow=2 sg.gi=2 sg.refl=2 sg.pp=2 sg.tex=2 sg.fx=2 sg.foliage=2 sg.shading=2 sg.landscape=2 preset=High screenPct=100.0 screenPctMode=0 aa=TSR aaMethod=4 exposure=engine-default expMin=1.00000 expMax=1.00000 expBias=1.000 ev100=0.00 lightUnits=- sky=0 skyIntensity=0.000 keyShadow=- shadowCasters=0 profile=- profilesSha256=- profilesSource=- legacyRender=0 gameLayer=unlit-eyeadaptinv tMaxFPS=30.0 vsync=0 frameRateLimit=60.0 substrate=0 nanite=1 meshDF=1 viewport=1920x1080 reference=0 notReference=noArtProfile,exposure,lightUnits,profilesSource
2026.09.29-08.23.21 PERF window t=0.0-5.0 frames=148 fps=29.33 frameMs avg=34.09 p50=33.35 p95=34.13 p99=46.93 max=109.30 hitches50=1 gpuMs avg=1.21 p50=1.27 p95=1.40 gameMs avg=2.35 p95=3.43 renderMs avg=2909.08 p95=5.29
2026.09.29-08.23.22 game -> room=cmumesx430019wit4kmc7bsqk code=<redacted> status=LOBBY
2026.09.29-08.23.22 selectHero -> room=cmumesx430019wit4kmc7bsqk code=<redacted> status=LOBBY
2026.09.29-08.23.25 game -> room=cmumesx430019wit4kmc7bsqk code=<redacted> status=LOBBY
2026.09.29-08.23.25 toggleReady -> room=cmumesx430019wit4kmc7bsqk code=<redacted> status=LOBBY
2026.09.29-08.23.26 PERF window t=5.0-10.1 frames=150 fps=29.89 frameMs avg=33.46 p50=33.33 p95=33.66 p99=37.46 max=40.70 hitches50=0 gpuMs avg=1.28 p50=1.28 p95=1.33 gameMs avg=2.11 p95=3.37 renderMs avg=4.05 p95=5.24
2026.09.29-08.23.28 game -> room=cmumesx430019wit4kmc7bsqk code=<redacted> status=LOBBY
2026.09.29-08.23.31 PERF window t=10.1-15.1 frames=149 fps=29.78 frameMs avg=33.58 p50=33.33 p95=34.15 p99=40.34 max=43.07 hitches50=0 gpuMs avg=1.31 p50=1.30 p95=1.38 gameMs avg=1.90 p95=3.10 renderMs avg=3.89 p95=5.03
2026.09.29-08.23.32 game -> room=cmumesx430019wit4kmc7bsqk code=<redacted> status=LOBBY
2026.09.29-08.23.34 game -> room=cmumesx430019wit4kmc7bsqk code=<redacted> status=LOBBY
2026.09.29-08.23.36 PERF window t=15.1-20.1 frames=149 fps=29.73 frameMs avg=33.64 p50=33.33 p95=34.25 p99=41.72 max=42.82 hitches50=0 gpuMs avg=1.29 p50=1.28 p95=1.36 gameMs avg=1.93 p95=3.08 renderMs avg=3.81 p95=5.13
2026.09.29-08.23.38 game -> room=cmumesx430019wit4kmc7bsqk code=<redacted> status=LOBBY
2026.09.29-08.23.38 startGame -> room=cmumesx430019wit4kmc7bsqk code=<redacted> status=IN_PROGRESS
2026.09.29-08.23.38 SNAPSHOT applied seq=1 phase=ACTION_MANEUVER
2026.09.29-08.23.38 HANDLE_APPLIED #1 seq=1 decision=2 fightersValid=1 boardValid=1
2026.09.29-08.23.38 MODE seq=1 mode=0 combat=0 pending=0
2026.09.29-08.23.38 HUD seq=1 phase=ACTION_MANEUVER turn=you hand=5 oppHand=5(hidden) oppDeck=25 deck=25 discard=0
2026.09.29-08.23.38 ARTPREVIEW board profiles loaded=1 revision=3 boards=3 zoneStyles=11 lightProfiles=3 errors=0 path=Config/ArtBoards/S08ArtBoardProfiles.json
2026.09.29-08.23.38 ARTPREVIEW board profiles source=pak sha256=750f4936b713cdca3f847e2768d51e8c3f64e7bbcf0f8b03d1b81612f145f330
2026.09.29-08.23.38 ARTPREVIEW zone content instances=12/12 glyphMeshes=11/11
2026.09.29-08.23.38 ARTPREVIEW game layer material=M_S08_GameLayerUnlit unlitEyeAdaptInv=1 legacyRender=0
2026.09.29-08.23.38 ARTPREVIEW Cobble assets ready
2026.09.29-08.23.38 ARTPREVIEW board assets ready cobbleMesh=1 tiles=1 zoneMaterials=2
2026.09.29-08.23.38 ARTPREVIEW medusa candidate variant=face-neck-v2 mesh=SK_Medusa_FaceNeck_v2Candidate requested=face-neck-v2
2026.09.29-08.23.38 ARTPREVIEW board profile=sherwood-forest-art-fixture match=boardId board=8x5 boardId=c37a3b6643a96c45fa71f10de surface=tiles light=forest-probe artFixture=1
2026.09.29-08.23.38 ARTPREVIEW light profile=forest-probe name=key role=key kind=directional at=(-350,-150,600) intensity=4 units=lux radius=0 color=(0.73,0.82,0.74) shadow=1
2026.09.29-08.23.38 ARTPREVIEW light profile=forest-probe name=warm-pool-a role=warm kind=point at=(-240,-150,250) intensity=150 units=candelas radius=430 color=(1.00,0.62,0.32) shadow=0
2026.09.29-08.23.38 ARTPREVIEW light profile=forest-probe name=warm-pool-b role=warm kind=point at=(240,25,230) intensity=110 units=candelas radius=330 color=(1.00,0.67,0.35) shadow=0
2026.09.29-08.23.38 ARTPREVIEW light profile=forest-probe name=canopy-shade role=cool kind=point at=(-160,175,260) intensity=80 units=candelas radius=380 color=(0.55,0.80,0.60) shadow=0
2026.09.29-08.23.38 ARTPREVIEW sky profile=forest-probe cubemap=/Game/S08/Render/TC_S08_AmbientDome loaded=1 spawned=1 intensity=11.8 color=(0.88,0.94,0.88) lowerBlack=0
2026.09.29-08.23.38 ARTPREVIEW exposure profile=forest-probe method=histogram-fixed min=2.46229 max=2.46229 bias=0.000 ev100=1.30 volume=1
2026.09.29-08.23.38 ARTPREVIEW lights applied profile=forest-probe directional=1 shadow=1 points=3 pointShadows=0 budgetOk=1
2026.09.29-08.23.38 ARTPREVIEW render profile=forest-probe units=candelas sky=1 exposure=1 keyShadow=csm-3000uu-2c-contact0.000 shadowCasters=1 legacyRender=0
2026.09.29-08.23.38 ARTPREVIEW board glyph meshes instances=47 keys=7/7 cubePieces=0 anchors=47
2026.09.29-08.23.38 ARTPREVIEW board active profile=sherwood-forest-art-fixture 8x5 surface=tiles cells=40 zoneCells=30 multizone=14 triple=3 obstacles=10 zoneKeys=7 strokes=142 glyphs=82 surfaceParts=34 glyphMaterial=zone expectOk=1
2026.09.29-08.23.38 ARTPREVIEW board zone key=brown cells=6 stroke=solid glyph=x color=#B9784A ismUsage=1 strokePieces=6 glyphPieces=12 mi=MI_ART005_Zone_Brown glyphMesh=SM_ART005_ZoneGlyph_X glyphInstances=6 fallback=0
2026.09.29-08.23.38 ARTPREVIEW board zone key=gray cells=6 stroke=dots5 glyph=square color=#D2D7DC ismUsage=1 strokePieces=30 glyphPieces=6 mi=MI_ART005_Zone_Gray glyphMesh=SM_ART005_ZoneGlyph_Square glyphInstances=6 fallback=0
2026.09.29-08.23.38 ARTPREVIEW board zone key=green cells=6 stroke=dash2 glyph=cross color=#46B45A ismUsage=1 strokePieces=12 glyphPieces=12 mi=MI_ART005_Zone_Green glyphMesh=SM_ART005_ZoneGlyph_Cross glyphInstances=6 fallback=0
2026.09.29-08.23.38 ARTPREVIEW board zone key=light-gray cells=5 stroke=double glyph=hbars2 color=#F1E8D2 ismUsage=1 strokePieces=10 glyphPieces=10 mi=MI_ART005_Zone_LightGray glyphMesh=SM_ART005_ZoneGlyph_HBars2 glyphInstances=5 fallback=0
2026.09.29-08.23.38 ARTPREVIEW board zone key=light-green cells=6 stroke=dashdot glyph=bar1 color=#A6DC66 ismUsage=1 strokePieces=18 glyphPieces=6 mi=MI_ART005_Zone_LightGreen glyphMesh=SM_ART005_ZoneGlyph_Bar1 glyphInstances=6 fallback=0
2026.09.29-08.23.38 ARTPREVIEW board zone key=orange cells=6 stroke=dash3 glyph=tee color=#F2933A ismUsage=1 strokePieces=18 glyphPieces=12 mi=MI_ART005_Zone_Orange glyphMesh=SM_ART005_ZoneGlyph_Tee glyphInstances=6 fallback=0
2026.09.29-08.23.38 ARTPREVIEW board zone key=yellow cells=12 stroke=dash4 glyph=chevron color=#F4D24A ismUsage=1 strokePieces=48 glyphPieces=24 mi=MI_ART005_Zone_Yellow glyphMesh=SM_ART005_ZoneGlyph_Chevron glyphInstances=12 fallback=0
2026.09.29-08.23.38 ARTPREVIEW board multizone cells=14 zonesListed=31 zonesMarked=31
2026.09.29-08.23.38 ARTPREVIEW board multizone cell=(1,0) light-green+orange strokeSides=0+1 glyphSlots=0+1 marked=2/2
2026.09.29-08.23.38 ARTPREVIEW board multizone cell=(3,0) gray+orange strokeSides=0+1 glyphSlots=0+1 marked=2/2
2026.09.29-08.23.38 ARTPREVIEW board multizone cell=(4,0) green+orange strokeSides=0+1 glyphSlots=0+1 marked=2/2
2026.09.29-08.23.38 ARTPREVIEW board multizone cell=(5,0) green+orange strokeSides=0+1 glyphSlots=0+1 marked=2/2
2026.09.29-08.23.38 ARTPREVIEW board multizone cell=(6,0) light-gray+green+orange strokeSides=0+1+2 glyphSlots=0+1+2 marked=3/3
2026.09.29-08.23.38 ARTPREVIEW board multizone cell=(1,1) brown+light-green strokeSides=0+1 glyphSlots=0+1 marked=2/2
2026.09.29-08.23.38 ARTPREVIEW board multizone cell=(7,1) light-gray+green strokeSides=0+1 glyphSlots=0+1 marked=2/2
2026.09.29-08.23.38 ARTPREVIEW board multizone cell=(3,2) brown+yellow strokeSides=0+1 glyphSlots=0+1 marked=2/2
2026.09.29-08.23.38 ARTPREVIEW board multizone cell=(4,2) gray+brown+yellow strokeSides=0+1+2 glyphSlots=0+1+2 marked=3/3
2026.09.29-08.23.38 ARTPREVIEW board multizone cell=(7,2) light-gray+green strokeSides=0+1 glyphSlots=0+1 marked=2/2
2026.09.29-08.23.38 ARTPREVIEW board multizone cell=(5,3) gray+brown+yellow strokeSides=0+1+2 glyphSlots=0+1+2 marked=3/3
2026.09.29-08.23.38 ARTPREVIEW board multizone cell=(7,3) light-gray+yellow strokeSides=0+1 glyphSlots=0+1 marked=2/2
2026.09.29-08.23.38 ARTPREVIEW board multizone cell=(2,4) light-green+yellow strokeSides=0+1 glyphSlots=0+1 marked=2/2
2026.09.29-08.23.38 ARTPREVIEW board multizone cell=(7,4) light-gray+yellow strokeSides=0+1 glyphSlots=0+1 marked=2/2
2026.09.29-08.23.38 CAMERA dist=1672 loc=(0,959,1370) pitch=-55 yaw=-90
2026.09.29-08.23.38 CAMERA config overview=1672.1 nearest=300.0 farthest=2572.5 zoomRange=0.65-5.57 minDist=300.0 outRatio=0.650 step=1.250 animMs=200 returnMs=300 followFrom=1.20 source=defaults issues=0
2026.09.29-08.23.38 BOARD 8x5 cells | control points: (0,0)=(-350,-200,0) (7,4)=(350,200,0) | neighbor pair (dist 100 uu)
2026.09.29-08.23.38 ARTPREVIEW click capsule fighter=f-0-hero mesh=SK_Medusa_FaceNeck_v2Candidate physicsAsset=0 radius=12.5 halfHeight=27.5 top=55.0 bodyCollision=0 source=meshBounds
2026.09.29-08.23.38 ARTPREVIEW fighter=Medusa hero=1 eligible=1 visual=1 mesh=SK_Medusa_FaceNeck_v2Candidate
2026.09.29-08.23.38 ARTPREVIEW click capsule fighter=f-0-sk0 mesh=SM_ART003_Harpy physicsAsset=0 radius=20.0 halfHeight=21.0 top=42.0 bodyCollision=0 source=meshBounds
2026.09.29-08.23.38 ARTPREVIEW click capsule fighter=f-0-sk1 mesh=SM_ART003_Harpy physicsAsset=0 radius=20.0 halfHeight=21.0 top=42.0 bodyCollision=0 source=meshBounds
2026.09.29-08.23.38 ARTPREVIEW click capsule fighter=f-0-sk2 mesh=SM_ART003_Harpy physicsAsset=0 radius=20.0 halfHeight=21.0 top=42.0 bodyCollision=0 source=meshBounds
2026.09.29-08.23.38 ARTPREVIEW click capsule fighter=f-1-hero mesh=SM_ART003_Arthur physicsAsset=0 radius=17.8 halfHeight=28.0 top=56.0 bodyCollision=0 source=meshBounds
2026.09.29-08.23.38 ARTPREVIEW click capsule fighter=f-1-sk0 mesh=SM_ART003_Merlin physicsAsset=0 radius=14.7 halfHeight=30.8 top=61.5 bodyCollision=0 source=meshBounds
2026.09.29-08.23.38 FIGHTERS synced n=6 alive=6 own=4 enemy=2
2026.09.29-08.23.38 STATE seq=1 -> apply
2026.09.29-08.23.38 HUD art layer plate=1 iconSize=32 iconTexture=1 iconProbe=0 plan=0
2026.09.29-08.23.38 HUD art impl=umg plateViews=umg:/Game/S08/UI/ArtHud/WBP_S08ArtPlate iconViews=umg:/Game/S08/UI/ArtHud/WBP_S08ArtIcon textTable=S08ArtHud entries=13 missingKeys=0
2026.09.29-08.23.38 SUBSCRIBED gameStateUpdated since=1
2026.09.29-08.23.38 SNAPSHOT applied seq=1 phase=ACTION_MANEUVER
2026.09.29-08.23.38 HANDLE_APPLIED #2 seq=1 decision=1 fightersValid=1 boardValid=1
2026.09.29-08.23.38 MODE seq=1 mode=0 combat=0 pending=0
2026.09.29-08.23.38 HUD seq=1 phase=ACTION_MANEUVER turn=you hand=5 oppHand=5(hidden) oppDeck=25 deck=25 discard=0
2026.09.29-08.23.38 ARTPREVIEW fighter=Medusa hero=1 eligible=1 visual=1 mesh=SK_Medusa_FaceNeck_v2Candidate
2026.09.29-08.23.38 FIGHTERS synced n=6 alive=6 own=4 enemy=2
2026.09.29-08.23.38 WS seq=1 phase=ACTION_MANEUVER (merge)
2026.09.29-08.23.41 game -> room=cmumesx430019wit4kmc7bsqk code=<redacted> status=IN_PROGRESS
2026.09.29-08.23.41 PERF window t=20.1-25.1 frames=148 fps=29.54 frameMs avg=33.85 p50=33.33 p95=33.89 p99=55.05 max=65.70 hitches50=2 gpuMs avg=1.78 p50=1.90 p95=2.09 gameMs avg=2.25 p95=2.91 renderMs avg=5.54 p95=6.63
2026.09.29-08.23.44 game -> room=cmumesx430019wit4kmc7bsqk code=<redacted> status=IN_PROGRESS
2026.09.29-08.23.46 PERF window t=25.1-30.1 frames=150 fps=29.89 frameMs avg=33.45 p50=33.37 p95=33.75 p99=34.53 max=35.01 hitches50=0 gpuMs avg=1.99 p50=1.97 p95=2.13 gameMs avg=2.09 p95=2.76 renderMs avg=6.24 p95=6.67
2026.09.29-08.23.47 game -> room=cmumesx430019wit4kmc7bsqk code=<redacted> status=IN_PROGRESS
2026.09.29-08.23.50 game -> room=cmumesx430019wit4kmc7bsqk code=<redacted> status=IN_PROGRESS
2026.09.29-08.23.50 ARTPREVIEW selection ring shown fighter=Medusa mesh=SM_Marker_SelectionRing
2026.09.29-08.23.50 ARTPREVIEW reachable corners cells=9 placed=1
2026.09.29-08.23.50 ARTPREVIEW selection ownHero=1 selected=1 fighter=Medusa reachable=10 fighterId=f-0-hero
2026.09.29-08.23.50 INPUT select src=flag fighter=f-0-hero flag=ArtPreviewSelectOwnHero
2026.09.29-08.23.50 HUD plate content fighter=f-0-hero name=Medusa hp=16/16 team=own statuses=HERO  |  MELEE
2026.09.29-08.23.50 PLATE fighter=f-0-hero bbox=(590,576,762,630) overlapReachable=0 placement=below ring=0 gap=6 selection=f-0-hero destinations=9 clean=1 softPx2=0 tested=116
2026.09.29-08.23.51 PERF window t=30.1-35.1 frames=150 fps=29.86 frameMs avg=33.49 p50=33.37 p95=33.76 p99=34.28 max=40.65 hitches50=0 gpuMs avg=2.01 p50=1.98 p95=2.14 gameMs avg=2.20 p95=3.02 renderMs avg=6.22 p95=6.70
2026.09.29-08.23.52 SHOT ctx viewport=1920x1080 viewTarget=CameraActor_2147482330 cam=(0,959,1370) rot=(-55,-90,0)
2026.09.29-08.23.52 RENDER tag=SHOT rhi=D3D12 featureLevel=SM6 shaderPlatform=PCD3D_SM6 lumenPlatform=1 gi=lumen giMethod=1 refl=lumen reflMethod=1 shadows=csm vsmEnable=0 sg.res=100 sg.view=2 sg.aa=2 sg.shadow=2 sg.gi=2 sg.refl=2 sg.pp=2 sg.tex=2 sg.fx=2 sg.foliage=2 sg.shading=2 sg.landscape=2 preset=High screenPct=100.0 screenPctMode=0 aa=TSR aaMethod=4 exposure=fixed-histogram expMin=2.46229 expMax=2.46229 expBias=0.000 ev100=1.30 lightUnits=candelas sky=1 skyIntensity=11.800 keyShadow=csm-3000uu-2c-contact0.000 shadowCasters=1 profile=forest-probe profilesSha256=750f4936b713cdca3f847e2768d51e8c3f64e7bbcf0f8b03d1b81612f145f330 profilesSource=pak legacyRender=0 gameLayer=unlit-eyeadaptinv tMaxFPS=30.0 vsync=0 frameRateLimit=60.0 substrate=0 nanite=1 meshDF=1 viewport=1920x1080 reference=1
2026.09.29-08.23.52 SHOT fighter f-0-hero pos=(2,2) world=(-150,0,0) screen=(687,540) projected=1 alive=1
2026.09.29-08.23.52 SHOT fighter f-0-sk0 pos=(3,2) world=(-50,0,0) screen=(869,540) projected=1 alive=1
2026.09.29-08.23.52 SHOT fighter f-0-sk1 pos=(1,2) world=(-250,0,0) screen=(505,540) projected=1 alive=1
2026.09.29-08.23.52 SHOT fighter f-0-sk2 pos=(4,2) world=(50,0,0) screen=(1051,540) projected=1 alive=1
2026.09.29-08.23.52 SHOT fighter f-1-hero pos=(5,2) world=(150,0,0) screen=(1233,540) projected=1 alive=1
2026.09.29-08.23.52 SHOT fighter f-1-sk0 pos=(5,3) world=(150,100,0) screen=(1243,694) projected=1 alive=1
2026.09.29-08.23.52 SHOT camera dist=1672.1 target=1672.1 overview=1672.1 errPct=0.000 focusErr=0.00 settled=1 zoom=1.00
2026.09.29-08.23.52 SHOT head fighter=f-0-hero socket=Head mesh=SK_Medusa_FaceNeck_v2Candidate world=(-150.0,-4.0,38.5) screen=(682.0,493.0) top=(681.2,486.5) bottom=(682.8,499.5) headPx=13.1 projected=1
2026.09.29-08.23.52 SHOT selection fighter=f-0-hero ownCell=(2,2) legal=10 destinations=9 ownCellExcluded=1 plateFighter=f-0-hero
2026.09.29-08.23.52 SHOT reachable fighter=f-0-hero n=9 cells=(1,0)(3,0)(1,1)(3,1)(4,1)(0,2)(0,3)(3,3)(3,4)
2026.09.29-08.23.52 SHOT plate fighter=f-0-hero bbox=(590,576,762,630) overlapReachable=0 placement=below gap=6 anchor=(640,451,725,570) planned=(590,576,762,630) geom=painted stableFrames=59
2026.09.29-08.23.52 SHOT widget id=plate impl=umg state=own fighter=f-0-hero bbox=(590,576,762,630) geom=painted visible=1 twin=0 source=/Game/S08/UI/ArtHud/WBP_S08ArtPlate
2026.09.29-08.23.52 SHOT widget id=plate.marker impl=umg state=own fighter=f-0-hero bbox=(590,576,762,579) geom=painted visible=1 twin=0 source=/Game/S08/UI/ArtHud/WBP_S08ArtPlate
2026.09.29-08.23.52 SHOT widget id=plate.name impl=umg state=own fighter=f-0-hero bbox=(596,581,711,600) geom=painted visible=1 twin=0 source=/Game/S08/UI/ArtHud/WBP_S08ArtPlate
2026.09.29-08.23.52 SHOT widget id=plate.team impl=umg state=own fighter=f-0-hero bbox=(711,584,756,597) geom=painted visible=1 twin=0 source=/Game/S08/UI/ArtHud/WBP_S08ArtPlate
2026.09.29-08.23.52 SHOT widget id=plate.hpbar impl=umg state=own fighter=f-0-hero bbox=(596,606,692,613) geom=painted visible=1 twin=0 source=/Game/S08/UI/ArtHud/WBP_S08ArtPlate
2026.09.29-08.23.52 SHOT widget id=plate.hpfill impl=umg state=own fighter=f-0-hero bbox=(596,606,692,613) geom=painted visible=1 twin=0 source=/Game/S08/UI/ArtHud/WBP_S08ArtPlate
2026.09.29-08.23.52 SHOT widget id=plate.hp impl=umg state=own fighter=f-0-hero bbox=(698,602,751,617) geom=painted visible=1 twin=0 source=/Game/S08/UI/ArtHud/WBP_S08ArtPlate
2026.09.29-08.23.52 SHOT widget id=plate.status impl=umg state=own fighter=f-0-hero bbox=(596,619,756,632) geom=painted visible=1 twin=0 source=/Game/S08/UI/ArtHud/WBP_S08ArtPlate
2026.09.29-08.23.52 SHOT label fighter=f-0-sk0 mode=compact bbox=(797,455,934,470)
2026.09.29-08.23.52 SHOT label fighter=f-0-sk1 mode=compact bbox=(418,455,558,470)
2026.09.29-08.23.52 SHOT label fighter=f-0-sk2 mode=compact bbox=(986,455,1123,470)
2026.09.29-08.23.52 SHOT label fighter=f-1-hero mode=compact bbox=(1171,438,1320,451)
2026.09.29-08.23.52 SHOT label fighter=f-1-sk0 mode=compact bbox=(1193,610,1315,627)
2026.09.29-08.23.52 SHOT requested: FScreenshotRequest(bShowUI) -> C:\Users\ren\AppData\Local\Temp\s08-phase2-20260929-132312-61072\phase2-board-host-1920x1080.png
2026.09.29-08.23.53 game -> room=cmumesx430019wit4kmc7bsqk code=<redacted> status=IN_PROGRESS
2026.09.29-08.23.56 game -> room=cmumesx430019wit4kmc7bsqk code=<redacted> status=IN_PROGRESS
2026.09.29-08.23.56 PERF window t=35.1-40.1 frames=144 fps=28.80 frameMs avg=34.73 p50=33.34 p95=33.85 p99=39.53 max=217.98 hitches50=1 gpuMs avg=2.03 p50=2.01 p95=2.27 gameMs avg=3.53 p95=3.50 renderMs avg=5.28 p95=6.68
2026.09.29-08.23.59 game -> room=cmumesx430019wit4kmc7bsqk code=<redacted> status=IN_PROGRESS
2026.09.29-08.24.01 PERF window t=40.1-45.1 frames=148 fps=29.55 frameMs avg=33.84 p50=33.36 p95=34.03 p99=45.78 max=62.69 hitches50=1 gpuMs avg=1.97 p50=1.95 p95=2.17 gameMs avg=2.82 p95=3.49 renderMs avg=6.07 p95=6.84
2026.09.29-08.24.02 game -> room=cmumesx430019wit4kmc7bsqk code=<redacted> status=IN_PROGRESS
2026.09.29-08.24.05 game -> room=cmumesx430019wit4kmc7bsqk code=<redacted> status=IN_PROGRESS
2026.09.29-08.24.06 PERF summary scope=afterWarmup warmup=5 elapsed=50.0 frames=1335 fps=29.64 frameMs avg=33.74 p50=33.34 p95=33.84 p99=40.70 max=217.98 hitches50=4 gpuMs avg=1.73 p50=1.92 p95=2.12 gameMs avg=2.33 p95=3.33 renderMs avg=5.11 p95=6.61
2026.09.29-08.24.06 PERF summary scope=started elapsed=50.0 frames=848 fps=29.56 frameMs avg=33.83 p50=33.34 p95=33.82 p99=41.34 max=217.98 hitches50=4 gpuMs avg=1.99 p50=1.96 p95=2.16 gameMs avg=2.54 p95=3.42 renderMs avg=5.79 p95=6.70
2026.09.29-08.24.06 PERF summary scope=artHud impl=umg elapsed=50.0 frames=470 fps=29.40 frameMs avg=34.01 p50=33.34 p95=33.89 p99=44.61 max=217.98 hitches50=2 gpuMs avg=1.99 p50=1.96 p95=2.18 gameMs avg=2.83 p95=3.50 renderMs avg=5.51 p95=6.74
2026.09.29-08.24.06 --- S08 trace close ---
