2026.09.29-08.24.35 --- S08 trace open 2026.09.29-08.24.35 ---
2026.09.29-08.24.35 HUD icon texture size=32 ready=1 path=/Game/ArtTests/ARTMarkers/Textures/T_UI_Action_Attack_32 texture=32x32 probe=0 plate=1
2026.09.29-08.24.35 HUD art widget plate impl=umg source=/Game/S08/UI/ArtHud/WBP_S08ArtPlate class=/Game/S08/UI/ArtHud/WBP_S08ArtPlate.WBP_S08ArtPlate_C parts=1 missing=- codeDefaultTree=0
2026.09.29-08.24.35 HUD art widget icon impl=umg source=/Game/S08/UI/ArtHud/WBP_S08ArtIcon class=/Game/S08/UI/ArtHud/WBP_S08ArtIcon.WBP_S08ArtIcon_C parts=1 missing=- codeDefaultTree=0
2026.09.29-08.24.35 RENDER preset applied=High flag=S08RenderPreset
2026.09.29-08.24.35 LOGIN ok user=art-preview-host
2026.09.29-08.24.38 HEROES loaded 84
2026.09.29-08.24.38 createGame -> room=cmumeulv80025wit4o0zsy9tx code=<redacted> status=LOBBY
2026.09.29-08.24.40 PERF config tMaxFPS=30.0 frameRateLimit=60.0 vsync=0 smoothFrameRate=0 fixedFrameRate=0 rhi=D3D12
2026.09.29-08.24.40 RENDER tag=PERF rhi=D3D12 featureLevel=SM6 shaderPlatform=PCD3D_SM6 lumenPlatform=1 gi=lumen giMethod=1 refl=lumen reflMethod=1 shadows=csm vsmEnable=0 sg.res=100 sg.view=2 sg.aa=2 sg.shadow=2 sg.gi=2 sg.refl=2 sg.pp=2 sg.tex=2 sg.fx=2 sg.foliage=2 sg.shading=2 sg.landscape=2 preset=High screenPct=100.0 screenPctMode=0 aa=TSR aaMethod=4 exposure=engine-default expMin=1.00000 expMax=1.00000 expBias=1.000 ev100=0.00 lightUnits=- sky=0 skyIntensity=0.000 keyShadow=- shadowCasters=0 profile=- profilesSha256=- profilesSource=- legacyRender=0 gameLayer=unlit-eyeadaptinv tMaxFPS=30.0 vsync=0 frameRateLimit=60.0 substrate=0 nanite=1 meshDF=1 viewport=1920x1080 reference=0 notReference=noArtProfile,exposure,lightUnits,profilesSource
2026.09.29-08.24.40 PERF window t=0.0-5.1 frames=151 fps=29.82 frameMs avg=33.53 p50=33.33 p95=34.24 p99=36.25 max=43.43 hitches50=0 gpuMs avg=1.22 p50=1.27 p95=1.35 gameMs avg=2.13 p95=3.03 renderMs avg=2850.69 p95=5.27
2026.09.29-08.24.41 game -> room=cmumeulv80025wit4o0zsy9tx code=<redacted> status=LOBBY
2026.09.29-08.24.42 selectHero -> room=cmumeulv80025wit4o0zsy9tx code=<redacted> status=LOBBY
2026.09.29-08.24.44 game -> room=cmumeulv80025wit4o0zsy9tx code=<redacted> status=LOBBY
2026.09.29-08.24.44 toggleReady -> room=cmumeulv80025wit4o0zsy9tx code=<redacted> status=LOBBY
2026.09.29-08.24.45 PERF window t=5.1-10.1 frames=149 fps=29.76 frameMs avg=33.60 p50=33.33 p95=34.22 p99=38.85 max=49.68 hitches50=0 gpuMs avg=1.29 p50=1.28 p95=1.38 gameMs avg=2.12 p95=3.35 renderMs avg=4.34 p95=5.63
2026.09.29-08.24.47 game -> room=cmumeulv80025wit4o0zsy9tx code=<redacted> status=LOBBY
2026.09.29-08.24.50 PERF window t=10.1-15.1 frames=149 fps=29.76 frameMs avg=33.60 p50=33.34 p95=33.85 p99=43.87 max=46.91 hitches50=0 gpuMs avg=1.31 p50=1.30 p95=1.37 gameMs avg=2.03 p95=2.86 renderMs avg=4.08 p95=5.13
2026.09.29-08.24.50 game -> room=cmumeulv80025wit4o0zsy9tx code=<redacted> status=LOBBY
2026.09.29-08.24.53 game -> room=cmumeulv80025wit4o0zsy9tx code=<redacted> status=LOBBY
2026.09.29-08.24.55 PERF window t=15.1-20.1 frames=149 fps=29.80 frameMs avg=33.56 p50=33.36 p95=34.29 p99=38.04 max=40.11 hitches50=0 gpuMs avg=1.27 p50=1.27 p95=1.34 gameMs avg=2.11 p95=3.07 renderMs avg=4.10 p95=5.03
2026.09.29-08.24.56 game -> room=cmumeulv80025wit4o0zsy9tx code=<redacted> status=LOBBY
2026.09.29-08.24.56 startGame -> room=cmumeulv80025wit4o0zsy9tx code=<redacted> status=IN_PROGRESS
2026.09.29-08.24.56 SNAPSHOT applied seq=1 phase=ACTION_MANEUVER
2026.09.29-08.24.56 HANDLE_APPLIED #1 seq=1 decision=2 fightersValid=1 boardValid=1
2026.09.29-08.24.56 MODE seq=1 mode=0 combat=0 pending=0
2026.09.29-08.24.56 HUD seq=1 phase=ACTION_MANEUVER turn=you hand=5 oppHand=5(hidden) oppDeck=25 deck=25 discard=0
2026.09.29-08.24.56 ARTPREVIEW board profiles loaded=1 revision=3 boards=3 zoneStyles=11 lightProfiles=3 errors=0 path=Config/ArtBoards/S08ArtBoardProfiles.json
2026.09.29-08.24.56 ARTPREVIEW board profiles source=pak sha256=750f4936b713cdca3f847e2768d51e8c3f64e7bbcf0f8b03d1b81612f145f330
2026.09.29-08.24.57 ARTPREVIEW zone content instances=12/12 glyphMeshes=11/11
2026.09.29-08.24.57 ARTPREVIEW game layer material=M_S08_GameLayerUnlit unlitEyeAdaptInv=1 legacyRender=0
2026.09.29-08.24.57 ARTPREVIEW Cobble assets ready
2026.09.29-08.24.57 ARTPREVIEW board assets ready cobbleMesh=1 tiles=1 zoneMaterials=2
2026.09.29-08.24.57 ARTPREVIEW medusa candidate variant=face-neck-v2 mesh=SK_Medusa_FaceNeck_v2Candidate requested=face-neck-v2
2026.09.29-08.24.57 ARTPREVIEW board profile=t-rex-paddock-art-fixture match=boardId board=7x5 boardId=c70e9f624617750c2a2b856fd surface=tiles light=paddock-probe artFixture=1
2026.09.29-08.24.57 ARTPREVIEW light profile=paddock-probe name=key role=key kind=directional at=(-350,-150,600) intensity=3.5 units=lux radius=0 color=(0.62,0.69,0.88) shadow=1
2026.09.29-08.24.57 ARTPREVIEW light profile=paddock-probe name=warm-practical role=warm kind=point at=(105,-225,250) intensity=130 units=candelas radius=430 color=(1.00,0.59,0.30) shadow=0
2026.09.29-08.24.57 ARTPREVIEW light profile=paddock-probe name=cyan-rim role=cool kind=point at=(-315,-225,250) intensity=85 units=candelas radius=420 color=(0.55,0.80,1.00) shadow=0
2026.09.29-08.24.57 ARTPREVIEW light profile=paddock-probe name=indigo-pool role=cool kind=point at=(245,200,240) intensity=70 units=candelas radius=360 color=(0.45,0.50,0.95) shadow=0
2026.09.29-08.24.57 ARTPREVIEW sky profile=paddock-probe cubemap=/Game/S08/Render/TC_S08_AmbientDome loaded=1 spawned=1 intensity=14.1 color=(0.84,0.88,0.96) lowerBlack=0
2026.09.29-08.24.57 ARTPREVIEW exposure profile=paddock-probe method=histogram-fixed min=2.46229 max=2.46229 bias=0.000 ev100=1.30 volume=1
2026.09.29-08.24.57 ARTPREVIEW lights applied profile=paddock-probe directional=1 shadow=1 points=3 pointShadows=0 budgetOk=1
2026.09.29-08.24.57 ARTPREVIEW render profile=paddock-probe units=candelas sky=1 exposure=1 keyShadow=csm-3000uu-2c-contact0.000 shadowCasters=1 legacyRender=0
2026.09.29-08.24.57 ARTPREVIEW board glyph meshes instances=39 keys=6/6 cubePieces=0 anchors=39
2026.09.29-08.24.57 ARTPREVIEW board active profile=t-rex-paddock-art-fixture 7x5 surface=tiles cells=35 zoneCells=26 multizone=13 triple=0 obstacles=9 zoneKeys=6 strokes=111 glyphs=80 surfaceParts=30 glyphMaterial=zone expectOk=1
2026.09.29-08.24.57 ARTPREVIEW board zone key=blue cells=6 stroke=solid glyph=diamond color=#3B78D8 ismUsage=1 strokePieces=6 glyphPieces=6 mi=MI_ART005_Zone_Blue glyphMesh=SM_ART005_ZoneGlyph_Diamond glyphInstances=6 fallback=0
2026.09.29-08.24.57 ARTPREVIEW board zone key=blue-green cells=7 stroke=double glyph=bars3 color=#34C3B6 ismUsage=1 strokePieces=14 glyphPieces=21 mi=MI_ART005_Zone_BlueGreen glyphMesh=SM_ART005_ZoneGlyph_Bars3 glyphInstances=7 fallback=0
2026.09.29-08.24.57 ARTPREVIEW board zone key=gray cells=7 stroke=dots5 glyph=square color=#D2D7DC ismUsage=1 strokePieces=35 glyphPieces=7 mi=MI_ART005_Zone_Gray glyphMesh=SM_ART005_ZoneGlyph_Square glyphInstances=7 fallback=0
2026.09.29-08.24.57 ARTPREVIEW board zone key=green cells=8 stroke=dash2 glyph=cross color=#46B45A ismUsage=1 strokePieces=16 glyphPieces=16 mi=MI_ART005_Zone_Green glyphMesh=SM_ART005_ZoneGlyph_Cross glyphInstances=8 fallback=0
2026.09.29-08.24.57 ARTPREVIEW board zone key=purple cells=4 stroke=dashdot glyph=ring color=#A070DC ismUsage=1 strokePieces=12 glyphPieces=16 mi=MI_ART005_Zone_Purple glyphMesh=SM_ART005_ZoneGlyph_Ring glyphInstances=4 fallback=0
2026.09.29-08.24.57 ARTPREVIEW board zone key=yellow cells=7 stroke=dash4 glyph=chevron color=#F4D24A ismUsage=1 strokePieces=28 glyphPieces=14 mi=MI_ART005_Zone_Yellow glyphMesh=SM_ART005_ZoneGlyph_Chevron glyphInstances=7 fallback=0
2026.09.29-08.24.57 ARTPREVIEW board multizone cells=13 zonesListed=26 zonesMarked=26
2026.09.29-08.24.57 ARTPREVIEW board multizone cell=(0,0) blue+green strokeSides=0+1 glyphSlots=0+1 marked=2/2
2026.09.29-08.24.57 ARTPREVIEW board multizone cell=(3,0) green+yellow strokeSides=0+1 glyphSlots=0+1 marked=2/2
2026.09.29-08.24.57 ARTPREVIEW board multizone cell=(2,1) green+yellow strokeSides=0+1 glyphSlots=0+1 marked=2/2
2026.09.29-08.24.57 ARTPREVIEW board multizone cell=(3,1) green+yellow strokeSides=0+1 glyphSlots=0+1 marked=2/2
2026.09.29-08.24.57 ARTPREVIEW board multizone cell=(5,1) gray+blue-green strokeSides=0+1 glyphSlots=0+1 marked=2/2
2026.09.29-08.24.57 ARTPREVIEW board multizone cell=(1,2) blue+yellow strokeSides=0+1 glyphSlots=0+1 marked=2/2
2026.09.29-08.24.57 ARTPREVIEW board multizone cell=(2,2) green+yellow strokeSides=0+1 glyphSlots=0+1 marked=2/2
2026.09.29-08.24.57 ARTPREVIEW board multizone cell=(4,2) gray+green strokeSides=0+1 glyphSlots=0+1 marked=2/2
2026.09.29-08.24.57 ARTPREVIEW board multizone cell=(5,2) gray+blue-green strokeSides=0+1 glyphSlots=0+1 marked=2/2
2026.09.29-08.24.57 ARTPREVIEW board multizone cell=(0,4) blue+purple strokeSides=0+1 glyphSlots=0+1 marked=2/2
2026.09.29-08.24.57 ARTPREVIEW board multizone cell=(2,4) purple+yellow strokeSides=0+1 glyphSlots=0+1 marked=2/2
2026.09.29-08.24.57 ARTPREVIEW board multizone cell=(3,4) gray+purple strokeSides=0+1 glyphSlots=0+1 marked=2/2
2026.09.29-08.24.57 ARTPREVIEW board multizone cell=(5,4) gray+blue-green strokeSides=0+1 glyphSlots=0+1 marked=2/2
2026.09.29-08.24.57 CAMERA dist=1672 loc=(0,959,1370) pitch=-55 yaw=-90
2026.09.29-08.24.57 CAMERA config overview=1672.1 nearest=300.0 farthest=2572.5 zoomRange=0.65-5.57 minDist=300.0 outRatio=0.650 step=1.250 animMs=200 returnMs=300 followFrom=1.20 source=defaults issues=0
2026.09.29-08.24.57 BOARD 7x5 cells | control points: (0,0)=(-300,-200,0) (6,4)=(300,200,0) | neighbor pair (dist 100 uu)
2026.09.29-08.24.57 ARTPREVIEW click capsule fighter=f-0-hero mesh=SK_Medusa_FaceNeck_v2Candidate physicsAsset=0 radius=12.5 halfHeight=27.5 top=55.0 bodyCollision=0 source=meshBounds
2026.09.29-08.24.57 ARTPREVIEW fighter=Medusa hero=1 eligible=1 visual=1 mesh=SK_Medusa_FaceNeck_v2Candidate
2026.09.29-08.24.57 ARTPREVIEW click capsule fighter=f-0-sk0 mesh=SM_ART003_Harpy physicsAsset=0 radius=20.0 halfHeight=21.0 top=42.0 bodyCollision=0 source=meshBounds
2026.09.29-08.24.57 ARTPREVIEW click capsule fighter=f-0-sk1 mesh=SM_ART003_Harpy physicsAsset=0 radius=20.0 halfHeight=21.0 top=42.0 bodyCollision=0 source=meshBounds
2026.09.29-08.24.57 ARTPREVIEW click capsule fighter=f-0-sk2 mesh=SM_ART003_Harpy physicsAsset=0 radius=20.0 halfHeight=21.0 top=42.0 bodyCollision=0 source=meshBounds
2026.09.29-08.24.57 ARTPREVIEW click capsule fighter=f-1-hero mesh=SM_ART003_Arthur physicsAsset=0 radius=17.8 halfHeight=28.0 top=56.0 bodyCollision=0 source=meshBounds
2026.09.29-08.24.57 ARTPREVIEW click capsule fighter=f-1-sk0 mesh=SM_ART003_Merlin physicsAsset=0 radius=14.7 halfHeight=30.8 top=61.5 bodyCollision=0 source=meshBounds
2026.09.29-08.24.57 FIGHTERS synced n=6 alive=6 own=4 enemy=2
2026.09.29-08.24.57 STATE seq=1 -> apply
2026.09.29-08.24.57 HUD art layer plate=1 iconSize=32 iconTexture=1 iconProbe=0 plan=0
2026.09.29-08.24.57 HUD art impl=umg plateViews=umg:/Game/S08/UI/ArtHud/WBP_S08ArtPlate iconViews=umg:/Game/S08/UI/ArtHud/WBP_S08ArtIcon textTable=S08ArtHud entries=13 missingKeys=0
2026.09.29-08.24.57 SUBSCRIBED gameStateUpdated since=1
2026.09.29-08.24.57 SNAPSHOT applied seq=1 phase=ACTION_MANEUVER
2026.09.29-08.24.57 HANDLE_APPLIED #2 seq=1 decision=1 fightersValid=1 boardValid=1
2026.09.29-08.24.57 MODE seq=1 mode=0 combat=0 pending=0
2026.09.29-08.24.57 HUD seq=1 phase=ACTION_MANEUVER turn=you hand=5 oppHand=5(hidden) oppDeck=25 deck=25 discard=0
2026.09.29-08.24.57 ARTPREVIEW fighter=Medusa hero=1 eligible=1 visual=1 mesh=SK_Medusa_FaceNeck_v2Candidate
2026.09.29-08.24.57 FIGHTERS synced n=6 alive=6 own=4 enemy=2
2026.09.29-08.24.57 WS seq=1 phase=ACTION_MANEUVER (merge)
2026.09.29-08.24.59 game -> room=cmumeulv80025wit4o0zsy9tx code=<redacted> status=IN_PROGRESS
2026.09.29-08.25.00 PERF window t=20.1-25.1 frames=149 fps=29.64 frameMs avg=33.74 p50=33.33 p95=35.14 p99=49.03 max=49.56 hitches50=0 gpuMs avg=1.78 p50=1.88 p95=2.09 gameMs avg=2.33 p95=3.98 renderMs avg=5.06 p95=6.99
2026.09.29-08.25.02 game -> room=cmumeulv80025wit4o0zsy9tx code=<redacted> status=IN_PROGRESS
2026.09.29-08.25.05 PERF window t=25.1-30.1 frames=150 fps=29.86 frameMs avg=33.49 p50=33.33 p95=34.11 p99=37.46 max=38.22 hitches50=0 gpuMs avg=1.91 p50=1.89 p95=2.07 gameMs avg=1.79 p95=2.89 renderMs avg=4.87 p95=6.53
2026.09.29-08.25.05 game -> room=cmumeulv80025wit4o0zsy9tx code=<redacted> status=IN_PROGRESS
2026.09.29-08.25.08 game -> room=cmumeulv80025wit4o0zsy9tx code=<redacted> status=IN_PROGRESS
2026.09.29-08.25.09 ARTPREVIEW selection ring shown fighter=Medusa mesh=SM_Marker_SelectionRing
2026.09.29-08.25.09 ARTPREVIEW reachable corners cells=10 placed=1
2026.09.29-08.25.09 ARTPREVIEW selection ownHero=1 selected=1 fighter=Medusa reachable=11 fighterId=f-0-hero
2026.09.29-08.25.09 INPUT select src=flag fighter=f-0-hero flag=ArtPreviewSelectOwnHero
2026.09.29-08.25.09 HUD plate content fighter=f-0-hero name=Medusa hp=16/16 team=own statuses=HERO  |  MELEE
2026.09.29-08.25.09 PLATE fighter=f-0-hero bbox=(821,479,993,533) overlapReachable=0 placement=right ring=0 gap=6 selection=f-0-hero destinations=10 clean=1 softPx2=0 tested=116
2026.09.29-08.25.10 PERF window t=30.1-35.1 frames=149 fps=29.72 frameMs avg=33.64 p50=33.33 p95=33.98 p99=44.40 max=46.28 hitches50=0 gpuMs avg=1.97 p50=1.94 p95=2.16 gameMs avg=1.99 p95=3.08 renderMs avg=4.90 p95=6.67
2026.09.29-08.25.11 SHOT ctx viewport=1920x1080 viewTarget=CameraActor_2147482334 cam=(0,959,1370) rot=(-55,-90,0)
2026.09.29-08.25.11 RENDER tag=SHOT rhi=D3D12 featureLevel=SM6 shaderPlatform=PCD3D_SM6 lumenPlatform=1 gi=lumen giMethod=1 refl=lumen reflMethod=1 shadows=csm vsmEnable=0 sg.res=100 sg.view=2 sg.aa=2 sg.shadow=2 sg.gi=2 sg.refl=2 sg.pp=2 sg.tex=2 sg.fx=2 sg.foliage=2 sg.shading=2 sg.landscape=2 preset=High screenPct=100.0 screenPctMode=0 aa=TSR aaMethod=4 exposure=fixed-histogram expMin=2.46229 expMax=2.46229 expBias=0.000 ev100=1.30 lightUnits=candelas sky=1 skyIntensity=14.100 keyShadow=csm-3000uu-2c-contact0.000 shadowCasters=1 profile=paddock-probe profilesSha256=750f4936b713cdca3f847e2768d51e8c3f64e7bbcf0f8b03d1b81612f145f330 profilesSource=pak legacyRender=0 gameLayer=unlit-eyeadaptinv tMaxFPS=30.0 vsync=0 frameRateLimit=60.0 substrate=0 nanite=1 meshDF=1 viewport=1920x1080 reference=1
2026.09.29-08.25.11 SHOT fighter f-0-hero pos=(2,2) world=(-100,0,0) screen=(778,540) projected=1 alive=1
2026.09.29-08.25.11 SHOT fighter f-0-sk0 pos=(2,3) world=(-100,100,0) screen=(771,694) projected=1 alive=1
2026.09.29-08.25.11 SHOT fighter f-0-sk1 pos=(2,1) world=(-100,-100,0) screen=(784,396) projected=1 alive=1
2026.09.29-08.25.11 SHOT fighter f-0-sk2 pos=(1,2) world=(-200,0,0) screen=(596,540) projected=1 alive=1
2026.09.29-08.25.11 SHOT fighter f-1-hero pos=(4,2) world=(100,0,0) screen=(1142,540) projected=1 alive=1
2026.09.29-08.25.11 SHOT fighter f-1-sk0 pos=(5,2) world=(200,0,0) screen=(1324,540) projected=1 alive=1
2026.09.29-08.25.11 SHOT camera dist=1672.1 target=1672.1 overview=1672.1 errPct=0.000 focusErr=0.00 settled=1 zoom=1.00
2026.09.29-08.25.11 SHOT head fighter=f-0-hero socket=Head mesh=SK_Medusa_FaceNeck_v2Candidate world=(-100.0,-4.0,38.5) screen=(774.7,493.0) top=(774.1,486.5) bottom=(775.2,499.5) headPx=13.1 projected=1
2026.09.29-08.25.11 SHOT selection fighter=f-0-hero ownCell=(2,2) legal=11 destinations=10 ownCellExcluded=1 plateFighter=f-0-hero
2026.09.29-08.25.11 SHOT reachable fighter=f-0-hero n=10 cells=(1,0)(2,0)(3,0)(0,1)(3,1)(0,2)(0,3)(1,4)(2,4)(3,4)
2026.09.29-08.25.11 SHOT plate fighter=f-0-hero bbox=(821,479,993,533) overlapReachable=0 placement=right gap=6 anchor=(734,451,815,570) planned=(821,479,993,533) geom=painted stableFrames=59
2026.09.29-08.25.11 SHOT widget id=plate impl=umg state=own fighter=f-0-hero bbox=(821,479,993,533) geom=painted visible=1 twin=0 source=/Game/S08/UI/ArtHud/WBP_S08ArtPlate
2026.09.29-08.25.11 SHOT widget id=plate.marker impl=umg state=own fighter=f-0-hero bbox=(821,479,993,482) geom=painted visible=1 twin=0 source=/Game/S08/UI/ArtHud/WBP_S08ArtPlate
2026.09.29-08.25.11 SHOT widget id=plate.name impl=umg state=own fighter=f-0-hero bbox=(827,484,942,503) geom=painted visible=1 twin=0 source=/Game/S08/UI/ArtHud/WBP_S08ArtPlate
2026.09.29-08.25.11 SHOT widget id=plate.team impl=umg state=own fighter=f-0-hero bbox=(942,487,987,500) geom=painted visible=1 twin=0 source=/Game/S08/UI/ArtHud/WBP_S08ArtPlate
2026.09.29-08.25.11 SHOT widget id=plate.hpbar impl=umg state=own fighter=f-0-hero bbox=(827,509,923,516) geom=painted visible=1 twin=0 source=/Game/S08/UI/ArtHud/WBP_S08ArtPlate
2026.09.29-08.25.11 SHOT widget id=plate.hpfill impl=umg state=own fighter=f-0-hero bbox=(827,509,923,516) geom=painted visible=1 twin=0 source=/Game/S08/UI/ArtHud/WBP_S08ArtPlate
2026.09.29-08.25.11 SHOT widget id=plate.hp impl=umg state=own fighter=f-0-hero bbox=(929,505,982,520) geom=painted visible=1 twin=0 source=/Game/S08/UI/ArtHud/WBP_S08ArtPlate
2026.09.29-08.25.11 SHOT widget id=plate.status impl=umg state=own fighter=f-0-hero bbox=(827,522,987,535) geom=painted visible=1 twin=0 source=/Game/S08/UI/ArtHud/WBP_S08ArtPlate
2026.09.29-08.25.11 SHOT label fighter=f-0-sk0 mode=compact bbox=(693,612,835,627)
2026.09.29-08.25.11 SHOT label fighter=f-0-sk1 mode=compact bbox=(711,308,844,323)
2026.09.29-08.25.11 SHOT label fighter=f-0-sk2 mode=compact bbox=(513,455,652,470)
2026.09.29-08.25.11 SHOT label fighter=f-1-hero mode=compact bbox=(1077,438,1224,451)
2026.09.29-08.25.11 SHOT label fighter=f-1-sk0 mode=compact bbox=(1279,453,1397,470)
2026.09.29-08.25.11 SHOT requested: FScreenshotRequest(bShowUI) -> C:\Users\ren\AppData\Local\Temp\s08-phase2-20260929-132431-14244\phase2-board-host-1920x1080.png
2026.09.29-08.25.11 game -> room=cmumeulv80025wit4o0zsy9tx code=<redacted> status=IN_PROGRESS
2026.09.29-08.25.14 game -> room=cmumeulv80025wit4o0zsy9tx code=<redacted> status=IN_PROGRESS
2026.09.29-08.25.15 PERF window t=35.1-40.2 frames=145 fps=28.90 frameMs avg=34.60 p50=33.33 p95=33.37 p99=33.67 max=215.09 hitches50=1 gpuMs avg=1.87 p50=1.86 p95=1.96 gameMs avg=3.16 p95=2.72 renderMs avg=3.78 p95=6.19
2026.09.29-08.25.17 game -> room=cmumeulv80025wit4o0zsy9tx code=<redacted> status=IN_PROGRESS
2026.09.29-08.25.20 PERF window t=40.2-45.2 frames=149 fps=29.79 frameMs avg=33.57 p50=33.33 p95=33.33 p99=33.34 max=69.00 hitches50=1 gpuMs avg=1.85 p50=1.85 p95=1.91 gameMs avg=1.54 p95=1.66 renderMs avg=3.28 p95=3.91
2026.09.29-08.25.20 game -> room=cmumeulv80025wit4o0zsy9tx code=<redacted> status=IN_PROGRESS
2026.09.29-08.25.23 game -> room=cmumeulv80025wit4o0zsy9tx code=<redacted> status=IN_PROGRESS
2026.09.29-08.25.25 PERF summary scope=afterWarmup warmup=5 elapsed=50.0 frames=1337 fps=29.69 frameMs avg=33.68 p50=33.33 p95=33.81 p99=38.59 max=215.09 hitches50=2 gpuMs avg=1.68 p50=1.84 p95=2.03 gameMs avg=2.05 p95=2.94 renderMs avg=4.19 p95=6.45
2026.09.29-08.25.25 PERF summary scope=started elapsed=50.0 frames=852 fps=29.65 frameMs avg=33.73 p50=33.33 p95=33.66 p99=38.22 max=215.09 hitches50=2 gpuMs avg=1.90 p50=1.88 p95=2.07 gameMs avg=2.04 p95=2.85 renderMs avg=4.23 p95=6.53
2026.09.29-08.25.25 PERF summary scope=artHud impl=umg elapsed=50.0 frames=473 fps=29.56 frameMs avg=33.83 p50=33.33 p95=33.35 p99=33.67 max=215.09 hitches50=2 gpuMs avg=1.87 p50=1.86 p95=1.96 gameMs avg=2.11 p95=2.72 renderMs avg=3.59 p95=6.16
2026.09.29-08.25.25 --- S08 trace close ---
