2026.09.28-10.14.34 --- S08 trace open 2026.09.28-10.14.34 ---
2026.09.28-10.14.34 LOGIN ok user=art-preview-joiner
2026.09.28-10.14.37 HEROES loaded 84
2026.09.28-10.14.37 CODE resolved -> cmul3c2r500f1wi2o39deypob
2026.09.28-10.14.37 joinGame -> room=cmul3c2r500f1wi2o39deypob code=<redacted> status=LOBBY
2026.09.28-10.14.39 PERF config tMaxFPS=30.0 frameRateLimit=60.0 vsync=0 smoothFrameRate=0 fixedFrameRate=0 rhi=D3D11
2026.09.28-10.14.39 PERF window t=0.0-5.0 frames=151 fps=30.00 frameMs avg=33.33 p50=33.33 p95=33.33 p99=33.33 max=33.35 hitches50=0 gpuMs avg=35.56 p50=33.35 p95=34.17 gameMs avg=1.43 p95=1.51 renderMs avg=1.94 p95=2.16
2026.09.28-10.14.40 game -> room=cmul3c2r500f1wi2o39deypob code=<redacted> status=LOBBY
2026.09.28-10.14.40 selectHero -> room=cmul3c2r500f1wi2o39deypob code=<redacted> status=LOBBY
2026.09.28-10.14.43 game -> room=cmul3c2r500f1wi2o39deypob code=<redacted> status=LOBBY
2026.09.28-10.14.43 toggleReady -> room=cmul3c2r500f1wi2o39deypob code=<redacted> status=LOBBY
2026.09.28-10.14.44 PERF window t=5.0-10.0 frames=150 fps=30.00 frameMs avg=33.33 p50=33.33 p95=33.33 p99=33.33 max=33.33 hitches50=0 gpuMs avg=33.13 p50=33.30 p95=34.30 gameMs avg=1.35 p95=1.56 renderMs avg=1.73 p95=2.31
2026.09.28-10.14.46 game -> room=cmul3c2r500f1wi2o39deypob code=<redacted> status=LOBBY
2026.09.28-10.14.49 PERF window t=10.0-15.0 frames=150 fps=30.00 frameMs avg=33.33 p50=33.33 p95=33.33 p99=33.35 max=33.35 hitches50=0 gpuMs avg=33.14 p50=33.35 p95=34.16 gameMs avg=1.33 p95=1.48 renderMs avg=1.69 p95=2.22
2026.09.28-10.14.49 game -> room=cmul3c2r500f1wi2o39deypob code=<redacted> status=IN_PROGRESS
2026.09.28-10.14.49 WS DROPPED (test-initiated transport loss)
2026.09.28-10.14.49 WS closed (test drop) - reconnect in 1s
2026.09.28-10.14.49 SNAPSHOT applied seq=1 phase=ACTION_MANEUVER
2026.09.28-10.14.49 HANDLE_APPLIED #1 seq=1 decision=2 fightersValid=1 boardValid=1
2026.09.28-10.14.49 MODE seq=1 mode=0 combat=0 pending=0
2026.09.28-10.14.49 HUD seq=1 phase=ACTION_MANEUVER turn=opp hand=5 oppHand=5(hidden) oppDeck=25 deck=25 discard=0
2026.09.28-10.14.49 ARTPREVIEW Cobble assets ready
2026.09.28-10.14.49 ARTPREVIEW medusa candidate variant=face-neck-v2 mesh=SK_Medusa_FaceNeck_v2Candidate requested=face-neck-v2
2026.09.28-10.14.49 ARTPREVIEW Cobble probe lights key=4.5 fill=700 warm=85
2026.09.28-10.14.49 ARTPREVIEW Cobble active 5x6 zones=30 blue=15 red=15 blueMarks=15 redMarks=45
2026.09.28-10.14.49 CAMERA dist=1931 loc=(0,1107,1582) pitch=-55 yaw=-90
2026.09.28-10.14.49 BOARD 5x6 cells | control points: (0,0)=(-200,-250,0) (4,5)=(200,250,0) | neighbor pair (dist 100 uu)
2026.09.28-10.14.49 ARTPREVIEW fighter=Medusa hero=1 eligible=1 visual=1 mesh=SK_Medusa_FaceNeck_v2Candidate
2026.09.28-10.14.49 FIGHTERS synced n=6 alive=6 own=2 enemy=4
2026.09.28-10.14.49 STATE seq=1 -> apply
2026.09.28-10.14.49 WS closed 1000 (normal closure)
2026.09.28-10.14.50 WS reconnect attempt
2026.09.28-10.14.50 SUBSCRIBED gameStateUpdated since=1
2026.09.28-10.14.50 WS reconnected - refetching gameState
2026.09.28-10.14.50 SNAPSHOT applied seq=1 phase=ACTION_MANEUVER
2026.09.28-10.14.50 HANDLE_APPLIED #2 seq=1 decision=1 fightersValid=1 boardValid=1
2026.09.28-10.14.50 MODE seq=1 mode=0 combat=0 pending=0
2026.09.28-10.14.50 HUD seq=1 phase=ACTION_MANEUVER turn=opp hand=5 oppHand=5(hidden) oppDeck=25 deck=25 discard=0
2026.09.28-10.14.50 ARTPREVIEW fighter=Medusa hero=1 eligible=1 visual=1 mesh=SK_Medusa_FaceNeck_v2Candidate
2026.09.28-10.14.50 FIGHTERS synced n=6 alive=6 own=2 enemy=4
2026.09.28-10.14.50 STATE seq=1 -> merge
2026.09.28-10.14.50 SNAPSHOT applied seq=1 phase=ACTION_MANEUVER
2026.09.28-10.14.50 HANDLE_APPLIED #3 seq=1 decision=1 fightersValid=1 boardValid=1
2026.09.28-10.14.50 MODE seq=1 mode=0 combat=0 pending=0
2026.09.28-10.14.50 HUD seq=1 phase=ACTION_MANEUVER turn=opp hand=5 oppHand=5(hidden) oppDeck=25 deck=25 discard=0
2026.09.28-10.14.50 ARTPREVIEW fighter=Medusa hero=1 eligible=1 visual=1 mesh=SK_Medusa_FaceNeck_v2Candidate
2026.09.28-10.14.50 FIGHTERS synced n=6 alive=6 own=2 enemy=4
2026.09.28-10.14.50 WS seq=1 phase=ACTION_MANEUVER (merge)
2026.09.28-10.14.52 game -> room=cmul3c2r500f1wi2o39deypob code=<redacted> status=IN_PROGRESS
2026.09.28-10.14.54 PERF window t=15.0-20.0 frames=150 fps=30.00 frameMs avg=33.34 p50=33.33 p95=33.33 p99=33.33 max=33.87 hitches50=0 gpuMs avg=32.17 p50=33.26 p95=35.79 gameMs avg=1.60 p95=1.85 renderMs avg=2.59 p95=3.42
2026.09.28-10.14.55 game -> room=cmul3c2r500f1wi2o39deypob code=<redacted> status=IN_PROGRESS
2026.09.28-10.14.58 game -> room=cmul3c2r500f1wi2o39deypob code=<redacted> status=IN_PROGRESS
2026.09.28-10.14.59 PERF window t=20.0-25.0 frames=150 fps=30.00 frameMs avg=33.33 p50=33.33 p95=33.33 p99=33.35 max=33.37 hitches50=0 gpuMs avg=32.09 p50=33.32 p95=35.63 gameMs avg=1.29 p95=1.48 renderMs avg=2.74 p95=3.54
2026.09.28-10.15.01 game -> room=cmul3c2r500f1wi2o39deypob code=<redacted> status=IN_PROGRESS
2026.09.28-10.15.04 game -> room=cmul3c2r500f1wi2o39deypob code=<redacted> status=IN_PROGRESS
2026.09.28-10.15.04 PERF window t=25.0-30.1 frames=151 fps=30.00 frameMs avg=33.33 p50=33.33 p95=33.33 p99=33.33 max=33.34 hitches50=0 gpuMs avg=32.77 p50=33.32 p95=35.84 gameMs avg=1.37 p95=1.58 renderMs avg=3.02 p95=3.68
2026.09.28-10.15.07 game -> room=cmul3c2r500f1wi2o39deypob code=<redacted> status=IN_PROGRESS
2026.09.28-10.15.09 PERF window t=30.1-35.1 frames=151 fps=30.00 frameMs avg=33.33 p50=33.33 p95=33.33 p99=33.35 max=33.35 hitches50=0 gpuMs avg=32.61 p50=33.34 p95=35.66 gameMs avg=1.36 p95=1.59 renderMs avg=3.02 p95=3.77
2026.09.28-10.15.10 SHOT ctx viewport=1920x1080 viewTarget=CameraActor_2147482372 cam=(0,1107,1582) rot=(-55,-90,0)
2026.09.28-10.15.10 SHOT fighter f-0-hero pos=(2,2) world=(0,-50,0) screen=(960,476) projected=1 alive=1
2026.09.28-10.15.10 SHOT fighter f-0-sk0 pos=(3,2) world=(100,-50,0) screen=(1115,476) projected=1 alive=1
2026.09.28-10.15.10 SHOT fighter f-0-sk1 pos=(2,1) world=(0,-150,0) screen=(960,355) projected=1 alive=1
2026.09.28-10.15.10 SHOT fighter f-0-sk2 pos=(1,2) world=(-100,-50,0) screen=(805,476) projected=1 alive=1
2026.09.28-10.15.10 SHOT fighter f-1-hero pos=(2,3) world=(0,50,0) screen=(960,606) projected=1 alive=1
2026.09.28-10.15.10 SHOT fighter f-1-sk0 pos=(3,3) world=(100,50,0) screen=(1120,606) projected=1 alive=1
2026.09.28-10.15.10 SHOT camera dist=1930.8 target=1930.8 overview=1930.8 errPct=0.000 focusErr=0.00 settled=1 zoom=1.00
2026.09.28-10.15.10 SHOT head fighter=f-0-hero socket=Head mesh=SK_Medusa_FaceNeck_v2Candidate world=(0.0,-46.0,38.5) screen=(960.0,445.5) top=(960.0,439.8) bottom=(960.0,451.2) headPx=11.4 projected=1
2026.09.28-10.15.10 SHOT requested: FScreenshotRequest(bShowUI) -> C:\Users\ren\AppData\Local\Temp\s08-phase2-20260928-151427-45628\phase2-board-joiner-1920x1080.png
2026.09.28-10.15.10 game -> room=cmul3c2r500f1wi2o39deypob code=<redacted> status=IN_PROGRESS
2026.09.28-10.15.13 game -> room=cmul3c2r500f1wi2o39deypob code=<redacted> status=IN_PROGRESS
2026.09.28-10.15.14 PERF window t=35.1-40.1 frames=147 fps=29.19 frameMs avg=34.26 p50=33.33 p95=33.33 p99=69.54 max=133.52 hitches50=2 gpuMs avg=32.59 p50=33.32 p95=35.70 gameMs avg=2.11 p95=1.62 renderMs avg=2.77 p95=3.62
2026.09.28-10.15.16 game -> room=cmul3c2r500f1wi2o39deypob code=<redacted> status=IN_PROGRESS
2026.09.28-10.15.19 game -> room=cmul3c2r500f1wi2o39deypob code=<redacted> status=IN_PROGRESS
2026.09.28-10.15.19 PERF window t=40.1-45.2 frames=151 fps=30.00 frameMs avg=33.33 p50=33.33 p95=33.33 p99=33.34 max=33.35 hitches50=0 gpuMs avg=32.99 p50=33.31 p95=34.66 gameMs avg=1.23 p95=1.31 renderMs avg=2.49 p95=3.38
2026.09.28-10.15.22 game -> room=cmul3c2r500f1wi2o39deypob code=<redacted> status=IN_PROGRESS
2026.09.28-10.15.24 PERF summary scope=afterWarmup warmup=5 elapsed=50.0 frames=1347 fps=29.91 frameMs avg=33.44 p50=33.33 p95=33.33 p99=33.34 max=133.52 hitches50=2 gpuMs avg=32.54 p50=33.31 p95=35.47 gameMs avg=1.40 p95=1.55 renderMs avg=2.49 p95=3.49
2026.09.28-10.15.24 PERF summary scope=started elapsed=50.0 frames=1045 fps=29.88 frameMs avg=33.46 p50=33.33 p95=33.33 p99=33.34 max=133.52 hitches50=2 gpuMs avg=32.37 p50=33.31 p95=35.62 gameMs avg=1.42 p95=1.56 renderMs avg=2.71 p95=3.54
2026.09.28-10.15.24 --- S08 trace close ---
