2026.09.28-10.14.29 --- S08 trace open 2026.09.28-10.14.29 ---
2026.09.28-10.14.29 LOGIN ok user=art-preview-host
2026.09.28-10.14.32 HEROES loaded 84
2026.09.28-10.14.32 createGame -> room=cmul3c2r500f1wi2o39deypob code=<redacted> status=LOBBY
2026.09.28-10.14.34 PERF config tMaxFPS=30.0 frameRateLimit=60.0 vsync=0 smoothFrameRate=0 fixedFrameRate=0 rhi=D3D11
2026.09.28-10.14.34 PERF window t=0.0-5.0 frames=151 fps=30.00 frameMs avg=33.33 p50=33.33 p95=33.33 p99=33.34 max=33.34 hitches50=0 gpuMs avg=35.33 p50=33.31 p95=34.66 gameMs avg=1.61 p95=1.83 renderMs avg=2.26 p95=2.50
2026.09.28-10.14.35 game -> room=cmul3c2r500f1wi2o39deypob code=<redacted> status=LOBBY
2026.09.28-10.14.35 selectHero -> room=cmul3c2r500f1wi2o39deypob code=<redacted> status=LOBBY
2026.09.28-10.14.38 game -> room=cmul3c2r500f1wi2o39deypob code=<redacted> status=LOBBY
2026.09.28-10.14.38 toggleReady -> room=cmul3c2r500f1wi2o39deypob code=<redacted> status=LOBBY
2026.09.28-10.14.39 PERF window t=5.0-10.0 frames=150 fps=30.00 frameMs avg=33.33 p50=33.33 p95=33.33 p99=33.34 max=33.34 hitches50=0 gpuMs avg=33.07 p50=33.26 p95=34.28 gameMs avg=1.46 p95=1.81 renderMs avg=1.82 p95=2.28
2026.09.28-10.14.41 game -> room=cmul3c2r500f1wi2o39deypob code=<redacted> status=LOBBY
2026.09.28-10.14.44 PERF window t=10.0-15.0 frames=150 fps=30.00 frameMs avg=33.33 p50=33.33 p95=33.33 p99=33.33 max=33.34 hitches50=0 gpuMs avg=32.71 p50=33.35 p95=34.53 gameMs avg=1.46 p95=1.75 renderMs avg=1.86 p95=2.32
2026.09.28-10.14.44 game -> room=cmul3c2r500f1wi2o39deypob code=<redacted> status=LOBBY
2026.09.28-10.14.47 game -> room=cmul3c2r500f1wi2o39deypob code=<redacted> status=LOBBY
2026.09.28-10.14.47 startGame -> room=cmul3c2r500f1wi2o39deypob code=<redacted> status=IN_PROGRESS
2026.09.28-10.14.47 SNAPSHOT applied seq=1 phase=ACTION_MANEUVER
2026.09.28-10.14.47 HANDLE_APPLIED #1 seq=1 decision=2 fightersValid=1 boardValid=1
2026.09.28-10.14.47 MODE seq=1 mode=0 combat=0 pending=0
2026.09.28-10.14.47 HUD seq=1 phase=ACTION_MANEUVER turn=you hand=5 oppHand=5(hidden) oppDeck=25 deck=25 discard=0
2026.09.28-10.14.47 ARTPREVIEW Cobble assets ready
2026.09.28-10.14.47 ARTPREVIEW medusa candidate variant=face-neck-v2 mesh=SK_Medusa_FaceNeck_v2Candidate requested=face-neck-v2
2026.09.28-10.14.47 ARTPREVIEW Cobble probe lights key=4.5 fill=700 warm=85
2026.09.28-10.14.47 ARTPREVIEW Cobble active 5x6 zones=30 blue=15 red=15 blueMarks=15 redMarks=45
2026.09.28-10.14.47 CAMERA dist=1931 loc=(0,1107,1582) pitch=-55 yaw=-90
2026.09.28-10.14.47 BOARD 5x6 cells | control points: (0,0)=(-200,-250,0) (4,5)=(200,250,0) | neighbor pair (dist 100 uu)
2026.09.28-10.14.47 ARTPREVIEW fighter=Medusa hero=1 eligible=1 visual=1 mesh=SK_Medusa_FaceNeck_v2Candidate
2026.09.28-10.14.47 FIGHTERS synced n=6 alive=6 own=4 enemy=2
2026.09.28-10.14.47 STATE seq=1 -> apply
2026.09.28-10.14.47 SUBSCRIBED gameStateUpdated since=1
2026.09.28-10.14.47 SNAPSHOT applied seq=1 phase=ACTION_MANEUVER
2026.09.28-10.14.47 HANDLE_APPLIED #2 seq=1 decision=1 fightersValid=1 boardValid=1
2026.09.28-10.14.47 MODE seq=1 mode=0 combat=0 pending=0
2026.09.28-10.14.47 HUD seq=1 phase=ACTION_MANEUVER turn=you hand=5 oppHand=5(hidden) oppDeck=25 deck=25 discard=0
2026.09.28-10.14.47 ARTPREVIEW fighter=Medusa hero=1 eligible=1 visual=1 mesh=SK_Medusa_FaceNeck_v2Candidate
2026.09.28-10.14.47 FIGHTERS synced n=6 alive=6 own=4 enemy=2
2026.09.28-10.14.47 WS seq=1 phase=ACTION_MANEUVER (merge)
2026.09.28-10.14.49 PERF window t=15.0-20.1 frames=151 fps=30.00 frameMs avg=33.33 p50=33.33 p95=33.33 p99=33.33 max=33.34 hitches50=0 gpuMs avg=31.71 p50=33.23 p95=34.49 gameMs avg=1.73 p95=1.88 renderMs avg=2.14 p95=2.71
2026.09.28-10.14.50 game -> room=cmul3c2r500f1wi2o39deypob code=<redacted> status=IN_PROGRESS
2026.09.28-10.14.53 game -> room=cmul3c2r500f1wi2o39deypob code=<redacted> status=IN_PROGRESS
2026.09.28-10.14.54 PERF window t=20.1-25.1 frames=150 fps=30.00 frameMs avg=33.33 p50=33.33 p95=33.34 p99=33.34 max=33.39 hitches50=0 gpuMs avg=30.23 p50=33.21 p95=34.59 gameMs avg=1.41 p95=1.69 renderMs avg=2.35 p95=2.71
2026.09.28-10.14.56 game -> room=cmul3c2r500f1wi2o39deypob code=<redacted> status=IN_PROGRESS
2026.09.28-10.14.59 game -> room=cmul3c2r500f1wi2o39deypob code=<redacted> status=IN_PROGRESS
2026.09.28-10.14.59 PERF window t=25.1-30.1 frames=151 fps=30.00 frameMs avg=33.33 p50=33.33 p95=33.33 p99=33.34 max=33.34 hitches50=0 gpuMs avg=31.02 p50=33.23 p95=34.43 gameMs avg=1.43 p95=1.77 renderMs avg=2.57 p95=3.06
2026.09.28-10.15.02 game -> room=cmul3c2r500f1wi2o39deypob code=<redacted> status=IN_PROGRESS
2026.09.28-10.15.03 ARTPREVIEW selection ring shown fighter=Medusa mesh=SM_Marker_SelectionRing
2026.09.28-10.15.03 ARTPREVIEW reachable corners cells=13 placed=1
2026.09.28-10.15.03 ARTPREVIEW selection ownHero=1 selected=1 fighter=Medusa reachable=14 fighterId=f-0-hero
2026.09.28-10.15.03 ARTPREVIEW camera focus requested zoom=5.00 overview=1931 target=386
2026.09.28-10.15.03 CAMERA settled elapsed=34.63 dist=389.3 target=386.2 errPct=0.809 focusErr=0.12 focus=(0,-50,28)
2026.09.28-10.15.04 PERF window t=30.1-35.1 frames=150 fps=30.00 frameMs avg=33.33 p50=33.33 p95=33.34 p99=33.35 max=33.35 hitches50=0 gpuMs avg=33.13 p50=33.35 p95=34.61 gameMs avg=1.50 p95=1.85 renderMs avg=2.99 p95=3.82
2026.09.28-10.15.05 SHOT ctx viewport=1920x1080 viewTarget=CameraActor_2147482372 cam=(0,171,344) rot=(-55,-90,0)
2026.09.28-10.15.05 SHOT fighter f-0-hero pos=(2,2) world=(0,-50,0) screen=(960,660) projected=1 alive=1
2026.09.28-10.15.05 SHOT fighter f-0-sk0 pos=(3,2) world=(100,-50,0) screen=(1704,660) projected=1 alive=1
2026.09.28-10.15.05 SHOT fighter f-0-sk1 pos=(2,1) world=(0,-150,0) screen=(960,110) projected=1 alive=1
2026.09.28-10.15.05 SHOT fighter f-0-sk2 pos=(1,2) world=(-100,-50,0) screen=(216,660) projected=1 alive=1
2026.09.28-10.15.05 SHOT fighter f-1-hero pos=(2,3) world=(0,50,0) screen=(960,1388) projected=1 alive=1
2026.09.28-10.15.05 SHOT fighter f-1-sk0 pos=(3,3) world=(100,50,0) screen=(1826,1388) projected=1 alive=1
2026.09.28-10.15.05 SHOT camera dist=386.2 target=386.2 overview=1930.8 errPct=0.000 focusErr=0.00 settled=1 zoom=5.00
2026.09.28-10.15.05 SHOT head fighter=f-0-hero socket=Head mesh=SK_Medusa_FaceNeck_v2Candidate world=(0.0,-46.0,38.5) screen=(960.0,517.7) top=(960.0,489.1) bottom=(960.0,545.6) headPx=56.4 projected=1
2026.09.28-10.15.05 SHOT requested: FScreenshotRequest(bShowUI) -> C:\Users\ren\AppData\Local\Temp\s08-phase2-20260928-151427-45628\phase2-board-host-1920x1080.png
2026.09.28-10.15.05 game -> room=cmul3c2r500f1wi2o39deypob code=<redacted> status=IN_PROGRESS
2026.09.28-10.15.08 game -> room=cmul3c2r500f1wi2o39deypob code=<redacted> status=IN_PROGRESS
2026.09.28-10.15.09 PERF window t=35.1-40.1 frames=141 fps=28.19 frameMs avg=35.48 p50=33.33 p95=33.33 p99=33.37 max=335.63 hitches50=1 gpuMs avg=34.43 p50=33.31 p95=34.80 gameMs avg=3.60 p95=1.69 renderMs avg=3.02 p95=3.88
2026.09.28-10.15.11 game -> room=cmul3c2r500f1wi2o39deypob code=<redacted> status=IN_PROGRESS
2026.09.28-10.15.14 game -> room=cmul3c2r500f1wi2o39deypob code=<redacted> status=IN_PROGRESS
2026.09.28-10.15.14 PERF window t=40.1-45.1 frames=150 fps=29.98 frameMs avg=33.36 p50=33.33 p95=33.33 p99=33.88 max=36.71 hitches50=0 gpuMs avg=32.59 p50=33.33 p95=35.44 gameMs avg=1.32 p95=1.37 renderMs avg=2.81 p95=3.60
2026.09.28-10.15.17 game -> room=cmul3c2r500f1wi2o39deypob code=<redacted> status=IN_PROGRESS
2026.09.28-10.15.19 PERF summary scope=afterWarmup warmup=5 elapsed=50.0 frames=1342 fps=29.80 frameMs avg=33.56 p50=33.33 p95=33.33 p99=33.34 max=335.63 hitches50=1 gpuMs avg=32.33 p50=33.30 p95=34.66 gameMs avg=1.65 p95=1.74 renderMs avg=2.46 p95=3.42
2026.09.28-10.15.19 PERF summary scope=started elapsed=50.0 frames=948 fps=29.71 frameMs avg=33.66 p50=33.33 p95=33.33 p99=33.35 max=335.63 hitches50=1 gpuMs avg=32.19 p50=33.31 p95=34.80 gameMs avg=1.73 p95=1.69 renderMs avg=2.72 p95=3.55
2026.09.28-10.15.19 --- S08 trace close ---
