2026.09.28-00.48.43 --- S08 trace open 2026.09.28-00.48.43 ---
2026.09.28-00.48.43 LOGIN ok user=art-preview-host
2026.09.28-00.48.46 HEROES loaded 84
2026.09.28-00.48.46 createGame -> room=cmukj4hrl003hwia0ye871tdd code=<redacted> status=LOBBY
2026.09.28-00.48.49 game -> room=cmukj4hrl003hwia0ye871tdd code=<redacted> status=LOBBY
2026.09.28-00.48.49 selectHero -> room=cmukj4hrl003hwia0ye871tdd code=<redacted> status=LOBBY
2026.09.28-00.48.52 game -> room=cmukj4hrl003hwia0ye871tdd code=<redacted> status=LOBBY
2026.09.28-00.48.52 toggleReady -> room=cmukj4hrl003hwia0ye871tdd code=<redacted> status=LOBBY
2026.09.28-00.48.55 game -> room=cmukj4hrl003hwia0ye871tdd code=<redacted> status=LOBBY
2026.09.28-00.48.58 game -> room=cmukj4hrl003hwia0ye871tdd code=<redacted> status=LOBBY
2026.09.28-00.49.01 game -> room=cmukj4hrl003hwia0ye871tdd code=<redacted> status=LOBBY
2026.09.28-00.49.01 startGame -> room=cmukj4hrl003hwia0ye871tdd code=<redacted> status=IN_PROGRESS
2026.09.28-00.49.01 SNAPSHOT applied seq=1 phase=ACTION_MANEUVER
2026.09.28-00.49.01 HANDLE_APPLIED #1 seq=1 decision=2 fightersValid=1 boardValid=1
2026.09.28-00.49.01 MODE seq=1 mode=0 combat=0 pending=0
2026.09.28-00.49.01 HUD seq=1 phase=ACTION_MANEUVER turn=you hand=5 oppHand=5(hidden) oppDeck=25 deck=25 discard=0
2026.09.28-00.49.01 ARTPREVIEW Cobble assets ready
2026.09.28-00.49.01 ARTPREVIEW Cobble probe lights key=4.5 fill=700 warm=85
2026.09.28-00.49.01 ARTPREVIEW Cobble active 5x6 zones=30
2026.09.28-00.49.01 CAMERA dist=1931 loc=(0,1107,1582) pitch=-55 yaw=-90
2026.09.28-00.49.01 BOARD 5x6 cells | control points: (0,0)=(-200,-250,0) (4,5)=(200,250,0) | neighbor pair (dist 100 uu)
2026.09.28-00.49.01 ARTPREVIEW fighter=Medusa hero=1 eligible=1 visual=1 mesh=SK_Medusa_FaceNeck_v2Candidate
2026.09.28-00.49.01 FIGHTERS synced n=6 alive=6 own=4 enemy=2
2026.09.28-00.49.01 STATE seq=1 -> apply
2026.09.28-00.49.01 SUBSCRIBED gameStateUpdated since=1
2026.09.28-00.49.01 SNAPSHOT applied seq=1 phase=ACTION_MANEUVER
2026.09.28-00.49.01 HANDLE_APPLIED #2 seq=1 decision=1 fightersValid=1 boardValid=1
2026.09.28-00.49.01 MODE seq=1 mode=0 combat=0 pending=0
2026.09.28-00.49.01 HUD seq=1 phase=ACTION_MANEUVER turn=you hand=5 oppHand=5(hidden) oppDeck=25 deck=25 discard=0
2026.09.28-00.49.01 ARTPREVIEW fighter=Medusa hero=1 eligible=1 visual=1 mesh=SK_Medusa_FaceNeck_v2Candidate
2026.09.28-00.49.01 FIGHTERS synced n=6 alive=6 own=4 enemy=2
2026.09.28-00.49.01 WS seq=1 phase=ACTION_MANEUVER (merge)
2026.09.28-00.49.04 game -> room=cmukj4hrl003hwia0ye871tdd code=<redacted> status=IN_PROGRESS
2026.09.28-00.49.07 game -> room=cmukj4hrl003hwia0ye871tdd code=<redacted> status=IN_PROGRESS
2026.09.28-00.49.10 game -> room=cmukj4hrl003hwia0ye871tdd code=<redacted> status=IN_PROGRESS
2026.09.28-00.49.13 SHOT ctx viewport=1920x1080 viewTarget=CameraActor_2147482372 cam=(0,1107,1582) rot=(-55,-90,0)
2026.09.28-00.49.13 SHOT fighter f-0-hero pos=(2,2) world=(0,-50,0) screen=(960,476) projected=1 alive=1
2026.09.28-00.49.13 SHOT fighter f-0-sk0 pos=(3,2) world=(100,-50,0) screen=(1115,476) projected=1 alive=1
2026.09.28-00.49.13 SHOT fighter f-0-sk1 pos=(2,1) world=(0,-150,0) screen=(960,355) projected=1 alive=1
2026.09.28-00.49.13 SHOT fighter f-0-sk2 pos=(1,2) world=(-100,-50,0) screen=(805,476) projected=1 alive=1
2026.09.28-00.49.13 SHOT fighter f-1-hero pos=(2,3) world=(0,50,0) screen=(960,606) projected=1 alive=1
2026.09.28-00.49.13 SHOT fighter f-1-sk0 pos=(3,3) world=(100,50,0) screen=(1120,606) projected=1 alive=1
2026.09.28-00.49.13 SHOT requested: FScreenshotRequest(bShowUI) -> C:\Users\ren\AppData\Local\Temp\s08-phase2-20260928-054841-50324\phase2-board-host-1920x1080.png
2026.09.28-00.49.13 game -> room=cmukj4hrl003hwia0ye871tdd code=<redacted> status=IN_PROGRESS
2026.09.28-00.49.16 game -> room=cmukj4hrl003hwia0ye871tdd code=<redacted> status=IN_PROGRESS
2026.09.28-00.49.19 game -> room=cmukj4hrl003hwia0ye871tdd code=<redacted> status=IN_PROGRESS
2026.09.28-00.49.22 game -> room=cmukj4hrl003hwia0ye871tdd code=<redacted> status=IN_PROGRESS
2026.09.28-00.49.25 --- S08 trace close ---
