2026.09.28-13.04.54 --- S08 trace open 2026.09.28-13.04.54 ---
2026.09.28-13.04.54 HUD icon texture size=48 ready=1 path=/Game/ArtTests/ARTMarkers/Textures/T_UI_Action_Attack_48 texture=48x48 probe=1 plate=1
2026.09.28-13.04.54 INPUT plan src=flag steps=6 after=37.50 step=0.35 plan=clickhero+clickabove+wheelin*2+wheelout+space
2026.09.28-13.04.54 LOGIN ok user=art-preview-host
2026.09.28-13.04.57 HEROES loaded 84
2026.09.28-13.04.57 createGame -> room=cmul9f8xg00h1wiuk77oiag79 code=<redacted> status=LOBBY
2026.09.28-13.04.59 PERF config tMaxFPS=30.0 frameRateLimit=60.0 vsync=0 smoothFrameRate=0 fixedFrameRate=0 rhi=D3D11
2026.09.28-13.04.59 PERF window t=0.0-5.0 frames=151 fps=29.99 frameMs avg=33.34 p50=33.33 p95=33.34 p99=33.35 max=34.16 hitches50=0 gpuMs avg=34.69 p50=33.31 p95=34.27 gameMs avg=1.34 p95=1.71 renderMs avg=2.07 p95=2.59
2026.09.28-13.05.00 game -> room=cmul9f8xg00h1wiuk77oiag79 code=<redacted> status=LOBBY
2026.09.28-13.05.00 selectHero -> room=cmul9f8xg00h1wiuk77oiag79 code=<redacted> status=LOBBY
2026.09.28-13.05.03 game -> room=cmul9f8xg00h1wiuk77oiag79 code=<redacted> status=LOBBY
2026.09.28-13.05.03 toggleReady -> room=cmul9f8xg00h1wiuk77oiag79 code=<redacted> status=LOBBY
2026.09.28-13.05.04 PERF window t=5.0-10.0 frames=150 fps=30.00 frameMs avg=33.33 p50=33.33 p95=33.34 p99=33.36 max=33.39 hitches50=0 gpuMs avg=33.33 p50=33.32 p95=34.16 gameMs avg=1.17 p95=1.45 renderMs avg=1.74 p95=2.37
2026.09.28-13.05.06 game -> room=cmul9f8xg00h1wiuk77oiag79 code=<redacted> status=LOBBY
2026.09.28-13.05.09 PERF window t=10.0-15.0 frames=150 fps=30.00 frameMs avg=33.33 p50=33.33 p95=33.33 p99=33.36 max=33.40 hitches50=0 gpuMs avg=32.36 p50=33.33 p95=34.24 gameMs avg=1.24 p95=1.58 renderMs avg=1.93 p95=2.57
2026.09.28-13.05.09 game -> room=cmul9f8xg00h1wiuk77oiag79 code=<redacted> status=LOBBY
2026.09.28-13.05.12 game -> room=cmul9f8xg00h1wiuk77oiag79 code=<redacted> status=LOBBY
2026.09.28-13.05.12 startGame -> room=cmul9f8xg00h1wiuk77oiag79 code=<redacted> status=IN_PROGRESS
2026.09.28-13.05.12 SNAPSHOT applied seq=1 phase=ACTION_MANEUVER
2026.09.28-13.05.12 HANDLE_APPLIED #1 seq=1 decision=2 fightersValid=1 boardValid=1
2026.09.28-13.05.12 MODE seq=1 mode=0 combat=0 pending=0
2026.09.28-13.05.12 HUD seq=1 phase=ACTION_MANEUVER turn=you hand=5 oppHand=5(hidden) oppDeck=25 deck=25 discard=0
2026.09.28-13.05.12 ARTPREVIEW Cobble assets ready
2026.09.28-13.05.12 ARTPREVIEW medusa candidate variant=face-neck-v2 mesh=SK_Medusa_FaceNeck_v2Candidate requested=(default)
2026.09.28-13.05.12 ARTPREVIEW Cobble probe lights key=4.5 fill=700 warm=85
2026.09.28-13.05.12 ARTPREVIEW Cobble active 5x6 zones=30 blue=15 red=15 blueMarks=15 redMarks=45
2026.09.28-13.05.12 CAMERA dist=1931 loc=(0,1107,1582) pitch=-55 yaw=-90
2026.09.28-13.05.12 CAMERA config overview=1930.8 nearest=300.0 farthest=2970.4 zoomRange=0.65-6.44 minDist=300.0 outRatio=0.650 step=1.250 animMs=200 returnMs=300 followFrom=1.20 source=defaults issues=0
2026.09.28-13.05.12 BOARD 5x6 cells | control points: (0,0)=(-200,-250,0) (4,5)=(200,250,0) | neighbor pair (dist 100 uu)
2026.09.28-13.05.12 ARTPREVIEW click capsule fighter=f-0-hero mesh=SK_Medusa_FaceNeck_v2Candidate physicsAsset=0 radius=12.5 halfHeight=27.5 top=55.0 bodyCollision=0 source=meshBounds
2026.09.28-13.05.12 ARTPREVIEW fighter=Medusa hero=1 eligible=1 visual=1 mesh=SK_Medusa_FaceNeck_v2Candidate
2026.09.28-13.05.12 ARTPREVIEW click capsule fighter=f-0-sk0 mesh=SM_ART003_Harpy physicsAsset=0 radius=20.0 halfHeight=21.0 top=42.0 bodyCollision=0 source=meshBounds
2026.09.28-13.05.12 ARTPREVIEW click capsule fighter=f-0-sk1 mesh=SM_ART003_Harpy physicsAsset=0 radius=20.0 halfHeight=21.0 top=42.0 bodyCollision=0 source=meshBounds
2026.09.28-13.05.12 ARTPREVIEW click capsule fighter=f-0-sk2 mesh=SM_ART003_Harpy physicsAsset=0 radius=20.0 halfHeight=21.0 top=42.0 bodyCollision=0 source=meshBounds
2026.09.28-13.05.12 ARTPREVIEW click capsule fighter=f-1-hero mesh=SM_ART003_Arthur physicsAsset=0 radius=17.8 halfHeight=28.0 top=56.0 bodyCollision=0 source=meshBounds
2026.09.28-13.05.12 ARTPREVIEW click capsule fighter=f-1-sk0 mesh=SM_ART003_Merlin physicsAsset=0 radius=14.7 halfHeight=30.8 top=61.5 bodyCollision=0 source=meshBounds
2026.09.28-13.05.12 FIGHTERS synced n=6 alive=6 own=4 enemy=2
2026.09.28-13.05.12 STATE seq=1 -> apply
2026.09.28-13.05.12 HUD art layer plate=1 iconSize=48 iconTexture=1 iconProbe=1 plan=6
2026.09.28-13.05.12 SUBSCRIBED gameStateUpdated since=1
2026.09.28-13.05.13 ARTPREVIEW icon probe src=flag target=f-1-hero size=48
2026.09.28-13.05.13 ICON fighter=f-1-hero bbox=(936,465,984,513) size=48 src=flag labelAvoid=1 hudAvoid=0
2026.09.28-13.05.13 SNAPSHOT applied seq=1 phase=ACTION_MANEUVER
2026.09.28-13.05.13 HANDLE_APPLIED #2 seq=1 decision=1 fightersValid=1 boardValid=1
2026.09.28-13.05.13 MODE seq=1 mode=0 combat=0 pending=0
2026.09.28-13.05.13 HUD seq=1 phase=ACTION_MANEUVER turn=you hand=5 oppHand=5(hidden) oppDeck=25 deck=25 discard=0
2026.09.28-13.05.13 ARTPREVIEW fighter=Medusa hero=1 eligible=1 visual=1 mesh=SK_Medusa_FaceNeck_v2Candidate
2026.09.28-13.05.13 FIGHTERS synced n=6 alive=6 own=4 enemy=2
2026.09.28-13.05.13 WS seq=1 phase=ACTION_MANEUVER (merge)
2026.09.28-13.05.14 PERF window t=15.0-20.1 frames=151 fps=30.00 frameMs avg=33.33 p50=33.33 p95=33.33 p99=33.34 max=33.34 hitches50=0 gpuMs avg=32.91 p50=33.30 p95=34.36 gameMs avg=1.36 p95=1.40 renderMs avg=1.91 p95=2.47
2026.09.28-13.05.15 game -> room=cmul9f8xg00h1wiuk77oiag79 code=<redacted> status=IN_PROGRESS
2026.09.28-13.05.18 game -> room=cmul9f8xg00h1wiuk77oiag79 code=<redacted> status=IN_PROGRESS
2026.09.28-13.05.19 PERF window t=20.1-25.1 frames=151 fps=30.00 frameMs avg=33.33 p50=33.33 p95=33.33 p99=33.34 max=33.34 hitches50=0 gpuMs avg=31.91 p50=33.31 p95=34.73 gameMs avg=1.08 p95=1.25 renderMs avg=2.31 p95=3.11
2026.09.28-13.05.21 game -> room=cmul9f8xg00h1wiuk77oiag79 code=<redacted> status=IN_PROGRESS
2026.09.28-13.05.24 game -> room=cmul9f8xg00h1wiuk77oiag79 code=<redacted> status=IN_PROGRESS
2026.09.28-13.05.24 PERF window t=25.1-30.1 frames=151 fps=30.00 frameMs avg=33.33 p50=33.33 p95=33.33 p99=33.35 max=33.35 hitches50=0 gpuMs avg=32.06 p50=33.30 p95=34.76 gameMs avg=1.05 p95=1.21 renderMs avg=2.24 p95=2.52
2026.09.28-13.05.27 game -> room=cmul9f8xg00h1wiuk77oiag79 code=<redacted> status=IN_PROGRESS
2026.09.28-13.05.28 ARTPREVIEW selection ring shown fighter=Medusa mesh=SM_Marker_SelectionRing
2026.09.28-13.05.28 ARTPREVIEW reachable corners cells=13 placed=1
2026.09.28-13.05.28 ARTPREVIEW selection ownHero=1 selected=1 fighter=Medusa reachable=14 fighterId=f-0-hero
2026.09.28-13.05.28 INPUT select src=flag fighter=f-0-hero flag=ArtPreviewSelectOwnHero
2026.09.28-13.05.28 ARTPREVIEW camera focus requested zoom=5.00 overview=1931 target=386
2026.09.28-13.05.28 INPUT zoom src=flag zoom=5.00 flag=ArtPreviewFocusZoom
2026.09.28-13.05.28 CAMERA focus src=flag from=1930.8 to=386.2 requested=386.2 zoom=5.00 clamp=0 limit=none animMs=200
2026.09.28-13.05.28 HUD plate content fighter=f-0-hero name=Medusa hp=16/16 team=own statuses=HERO  |  MELEE
2026.09.28-13.05.28 ICON fighter=f-1-hero bbox=(936,805,984,853) size=48 src=flag labelAvoid=0 hudAvoid=0
2026.09.28-13.05.28 PLATE fighter=f-0-hero bbox=(1096,472,1268,526) overlapReachable=0 placement=right ring=0 gap=6 selection=f-0-hero destinations=13 clean=1 softPx2=0 tested=228
2026.09.28-13.05.28 CAMERA settled elapsed=34.17 dist=386.2 target=386.2 errPct=0.000 focusErr=0.00 focus=(0,-50,28)
2026.09.28-13.05.29 ICON fighter=f-1-hero bbox=(936,933,984,981) size=48 src=flag labelAvoid=0 hudAvoid=1
2026.09.28-13.05.29 PLATE fighter=f-0-hero bbox=(1139,494,1311,548) overlapReachable=0 placement=right ring=0 gap=6 selection=f-0-hero destinations=13 clean=1 softPx2=0 tested=278
2026.09.28-13.05.29 PERF window t=30.1-35.1 frames=150 fps=30.00 frameMs avg=33.33 p50=33.33 p95=33.33 p99=33.38 max=33.43 hitches50=0 gpuMs avg=30.48 p50=33.28 p95=35.14 gameMs avg=1.24 p95=1.68 renderMs avg=2.37 p95=3.15
2026.09.28-13.05.30 SHOT ctx viewport=1920x1080 viewTarget=CameraActor_2147482372 cam=(0,171,344) rot=(-55,-90,0)
2026.09.28-13.05.30 SHOT fighter f-0-hero pos=(2,2) world=(0,-50,0) screen=(960,660) projected=1 alive=1
2026.09.28-13.05.30 SHOT fighter f-0-sk0 pos=(3,2) world=(100,-50,0) screen=(1704,660) projected=1 alive=1
2026.09.28-13.05.30 SHOT fighter f-0-sk1 pos=(2,1) world=(0,-150,0) screen=(960,110) projected=1 alive=1
2026.09.28-13.05.30 SHOT fighter f-0-sk2 pos=(1,2) world=(-100,-50,0) screen=(216,660) projected=1 alive=1
2026.09.28-13.05.30 SHOT fighter f-1-hero pos=(2,3) world=(0,50,0) screen=(960,1388) projected=1 alive=1
2026.09.28-13.05.30 SHOT fighter f-1-sk0 pos=(3,3) world=(100,50,0) screen=(1826,1388) projected=1 alive=1
2026.09.28-13.05.30 SHOT camera dist=386.2 target=386.2 overview=1930.8 errPct=0.000 focusErr=0.00 settled=1 zoom=5.00
2026.09.28-13.05.30 SHOT head fighter=f-0-hero socket=Head mesh=SK_Medusa_FaceNeck_v2Candidate world=(0.0,-46.0,38.5) screen=(960.0,517.7) top=(960.0,489.1) bottom=(960.0,545.6) headPx=56.4 projected=1
2026.09.28-13.05.30 SHOT selection fighter=f-0-hero ownCell=(2,2) legal=14 destinations=13 ownCellExcluded=1 plateFighter=f-0-hero
2026.09.28-13.05.30 SHOT reachable fighter=f-0-hero n=13 cells=(1,0)(2,0)(3,0)(0,1)(1,1)(3,1)(4,1)(0,2)(4,2)(0,3)(1,3)(4,3)(1,4)
2026.09.28-13.05.30 SHOT plate fighter=f-0-hero bbox=(1139,494,1311,548) overlapReachable=0 placement=right gap=6 anchor=(787,282,1133,788) planned=(1139,494,1311,548) geom=painted stableFrames=54
2026.09.28-13.05.30 SHOT icon fighter=f-1-hero bbox=(936,933,984,981) size=48 src=flag planned=(936,933,984,981) geom=painted
2026.09.28-13.05.30 SHOT label fighter=f-0-sk0 mode=compact bbox=(1724,432,1848,446)
2026.09.28-13.05.30 SHOT label fighter=f-0-sk1 mode=compact bbox=(908,-140,1012,-126)
2026.09.28-13.05.30 SHOT label fighter=f-0-sk2 mode=compact bbox=(72,432,196,446)
2026.09.28-13.05.30 SHOT label fighter=f-1-hero mode=compact bbox=(880,1137,1040,1147)
2026.09.28-13.05.30 SHOT label fighter=f-1-sk0 mode=compact bbox=(1875,1215,2003,1227)
2026.09.28-13.05.30 SHOT requested: FScreenshotRequest(bShowUI) -> C:\Users\ren\AppData\Local\Temp\s08-phase2-20260928-180453-48972\phase2-board-host-1920x1080.png
2026.09.28-13.05.31 game -> room=cmul9f8xg00h1wiuk77oiag79 code=<redacted> status=IN_PROGRESS
2026.09.28-13.05.32 INPUT step src=flag index=1/6 step=clickhero
2026.09.28-13.05.32 ARTPREVIEW selection ring shown fighter=Medusa mesh=SM_Marker_SelectionRing
2026.09.28-13.05.32 ARTPREVIEW reachable corners cells=13 placed=1
2026.09.28-13.05.32 INPUT click button=left src=flag step=clickhero screen=(960,542) hit=1 actor=S08FighterActor_2147482371 comp=ClickCapsule fighter=f-0-hero cell=(-1,-1) reachable=0 expect=f-0-hero match=1 dispatch=0 selected=1
2026.09.28-13.05.32 INPUT step src=flag index=2/6 step=clickabove
2026.09.28-13.05.32 INPUT click button=left src=flag step=clickabove screen=(960,217) hit=1 actor=S08BoardActor_2147482378 comp=NormalTiles fighter=none cell=(2,1) reachable=0 expect=not:f-0-hero match=1 dispatch=0 selected=0
2026.09.28-13.05.33 INPUT step src=flag index=3/6 step=wheelin
2026.09.28-13.05.33 INPUT wheel dir=in src=flag
2026.09.28-13.05.33 CAMERA wheel dir=in src=flag from=386.2 to=308.9 requested=308.9 zoom=6.25 clamp=0 limit=none animMs=200 follow=1
2026.09.28-13.05.33 PLATE fighter=f-0-hero bbox=(1183,489,1355,543) overlapReachable=0 placement=right ring=0 gap=6 selection=f-0-hero destinations=13 clean=1 softPx2=0 tested=330
2026.09.28-13.05.33 PLATE fighter=f-0-hero bbox=(1187,499,1359,553) overlapReachable=0 placement=right ring=0 gap=6 selection=f-0-hero destinations=13 clean=1 softPx2=0 tested=334
2026.09.28-13.05.33 INPUT step src=flag index=4/6 step=wheelin
2026.09.28-13.05.33 INPUT wheel dir=in src=flag
2026.09.28-13.05.33 CAMERA wheel dir=in src=flag from=308.9 to=300.0 requested=247.1 zoom=6.44 clamp=1 limit=near animMs=200 follow=1
2026.09.28-13.05.33 CAMERA clamp limit=near src=flag dist=300.0 requested=247.1 zoom=6.44 range=0.65-6.44
2026.09.28-13.05.33 PLATE fighter=f-0-hero bbox=(1194,497,1366,551) overlapReachable=0 placement=right ring=0 gap=6 selection=f-0-hero destinations=13 clean=1 softPx2=0 tested=342
2026.09.28-13.05.33 PLATE fighter=f-0-hero bbox=(1195,497,1367,551) overlapReachable=0 placement=right ring=0 gap=6 selection=f-0-hero destinations=13 clean=1 softPx2=0 tested=342
2026.09.28-13.05.33 INPUT step src=flag index=5/6 step=wheelout
2026.09.28-13.05.33 INPUT wheel dir=out src=flag
2026.09.28-13.05.33 CAMERA wheel dir=out src=flag from=300.0 to=375.0 requested=375.0 zoom=5.15 clamp=0 limit=none animMs=200 follow=1
2026.09.28-13.05.33 game -> room=cmul9f8xg00h1wiuk77oiag79 code=<redacted> status=IN_PROGRESS
2026.09.28-13.05.34 PLATE fighter=f-0-hero bbox=(1147,506,1319,560) overlapReachable=0 placement=right ring=0 gap=6 selection=f-0-hero destinations=13 clean=1 softPx2=0 tested=288
2026.09.28-13.05.34 PLATE fighter=f-0-hero bbox=(1144,494,1316,548) overlapReachable=0 placement=right ring=0 gap=6 selection=f-0-hero destinations=13 clean=1 softPx2=0 tested=284
2026.09.28-13.05.34 INPUT step src=flag index=6/6 step=space
2026.09.28-13.05.34 INPUT space src=flag
2026.09.28-13.05.34 CAMERA space src=flag from=375.0 to=1930.8 zoom=1.00 animMs=300 follow=0
2026.09.28-13.05.34 INPUT plan done src=flag steps=6 zoom=1.00 dist=1930.8
2026.09.28-13.05.34 ICON fighter=f-1-hero bbox=(936,468,984,516) size=48 src=flag labelAvoid=1 hudAvoid=0
2026.09.28-13.05.34 PLATE fighter=f-0-hero bbox=(997,638,1169,692) overlapReachable=0 placement=below ring=16 gap=134 selection=f-0-hero destinations=13 clean=1 softPx2=0 tested=2924
2026.09.28-13.05.34 ICON fighter=f-1-hero bbox=(936,467,984,515) size=48 src=flag labelAvoid=1 hudAvoid=0
2026.09.28-13.05.34 PLATE fighter=f-0-hero bbox=(886,636,1058,690) overlapReachable=0 placement=below ring=16 gap=134 selection=f-0-hero destinations=13 clean=1 softPx2=0 tested=2924
2026.09.28-13.05.34 PERF window t=35.1-40.1 frames=143 fps=28.54 frameMs avg=35.04 p50=33.33 p95=33.34 p99=33.38 max=277.59 hitches50=1 gpuMs avg=34.50 p50=33.34 p95=35.88 gameMs avg=3.29 p95=3.73 renderMs avg=2.33 p95=2.95
2026.09.28-13.05.36 game -> room=cmul9f8xg00h1wiuk77oiag79 code=<redacted> status=IN_PROGRESS
2026.09.28-13.05.39 game -> room=cmul9f8xg00h1wiuk77oiag79 code=<redacted> status=IN_PROGRESS
2026.09.28-13.05.39 PERF window t=40.1-45.1 frames=150 fps=30.00 frameMs avg=33.33 p50=33.33 p95=33.33 p99=33.37 max=33.41 hitches50=0 gpuMs avg=32.92 p50=33.32 p95=34.69 gameMs avg=1.46 p95=1.92 renderMs avg=2.44 p95=3.41
2026.09.28-13.05.42 game -> room=cmul9f8xg00h1wiuk77oiag79 code=<redacted> status=IN_PROGRESS
2026.09.28-13.05.44 PERF summary scope=afterWarmup warmup=5 elapsed=50.0 frames=1344 fps=29.84 frameMs avg=33.52 p50=33.33 p95=33.33 p99=33.35 max=277.59 hitches50=1 gpuMs avg=32.63 p50=33.32 p95=34.69 gameMs avg=1.47 p95=1.73 renderMs avg=2.18 p95=2.92
2026.09.28-13.05.44 PERF summary scope=started elapsed=50.0 frames=950 fps=29.77 frameMs avg=33.59 p50=33.33 p95=33.33 p99=33.35 max=277.59 hitches50=1 gpuMs avg=32.53 p50=33.31 p95=34.77 gameMs avg=1.58 p95=1.81 renderMs avg=2.36 p95=3.03
2026.09.28-13.05.44 --- S08 trace close ---
