2026.09.28-13.05.00 --- S08 trace open 2026.09.28-13.05.00 ---
2026.09.28-13.05.00 HUD icon texture size=32 ready=1 path=/Game/ArtTests/ARTMarkers/Textures/T_UI_Action_Attack_32 texture=32x32 probe=0 plate=1
2026.09.28-13.05.00 LOGIN ok user=art-preview-joiner
2026.09.28-13.05.03 HEROES loaded 84
2026.09.28-13.05.03 CODE resolved -> cmul9f8xg00h1wiuk77oiag79
2026.09.28-13.05.03 joinGame -> room=cmul9f8xg00h1wiuk77oiag79 code=<redacted> status=LOBBY
2026.09.28-13.05.05 PERF config tMaxFPS=30.0 frameRateLimit=60.0 vsync=0 smoothFrameRate=0 fixedFrameRate=0 rhi=D3D11
2026.09.28-13.05.05 PERF window t=0.0-5.0 frames=151 fps=30.00 frameMs avg=33.33 p50=33.33 p95=33.33 p99=33.33 max=33.34 hitches50=0 gpuMs avg=35.55 p50=33.33 p95=35.46 gameMs avg=1.32 p95=1.55 renderMs avg=2.21 p95=2.52
2026.09.28-13.05.06 game -> room=cmul9f8xg00h1wiuk77oiag79 code=<redacted> status=LOBBY
2026.09.28-13.05.06 selectHero -> room=cmul9f8xg00h1wiuk77oiag79 code=<redacted> status=LOBBY
2026.09.28-13.05.09 game -> room=cmul9f8xg00h1wiuk77oiag79 code=<redacted> status=LOBBY
2026.09.28-13.05.09 toggleReady -> room=cmul9f8xg00h1wiuk77oiag79 code=<redacted> status=LOBBY
2026.09.28-13.05.10 PERF window t=5.0-10.0 frames=150 fps=30.00 frameMs avg=33.33 p50=33.33 p95=33.33 p99=33.33 max=33.34 hitches50=0 gpuMs avg=31.71 p50=33.33 p95=35.13 gameMs avg=1.31 p95=1.82 renderMs avg=2.03 p95=2.68
2026.09.28-13.05.12 game -> room=cmul9f8xg00h1wiuk77oiag79 code=<redacted> status=LOBBY
2026.09.28-13.05.15 PERF window t=10.0-15.0 frames=150 fps=30.00 frameMs avg=33.33 p50=33.33 p95=33.33 p99=33.33 max=33.33 hitches50=0 gpuMs avg=33.33 p50=33.31 p95=33.90 gameMs avg=1.17 p95=1.41 renderMs avg=1.73 p95=2.23
2026.09.28-13.05.15 game -> room=cmul9f8xg00h1wiuk77oiag79 code=<redacted> status=IN_PROGRESS
2026.09.28-13.05.15 WS DROPPED (test-initiated transport loss)
2026.09.28-13.05.15 WS closed (test drop) - reconnect in 1s
2026.09.28-13.05.15 SNAPSHOT applied seq=1 phase=ACTION_MANEUVER
2026.09.28-13.05.15 HANDLE_APPLIED #1 seq=1 decision=2 fightersValid=1 boardValid=1
2026.09.28-13.05.15 MODE seq=1 mode=0 combat=0 pending=0
2026.09.28-13.05.15 HUD seq=1 phase=ACTION_MANEUVER turn=opp hand=5 oppHand=5(hidden) oppDeck=25 deck=25 discard=0
2026.09.28-13.05.15 ARTPREVIEW Cobble assets ready
2026.09.28-13.05.15 ARTPREVIEW medusa candidate variant=face-neck-v2 mesh=SK_Medusa_FaceNeck_v2Candidate requested=(default)
2026.09.28-13.05.15 ARTPREVIEW Cobble probe lights key=4.5 fill=700 warm=85
2026.09.28-13.05.15 ARTPREVIEW Cobble active 5x6 zones=30 blue=15 red=15 blueMarks=15 redMarks=45
2026.09.28-13.05.15 CAMERA dist=1931 loc=(0,1107,1582) pitch=-55 yaw=-90
2026.09.28-13.05.15 CAMERA config overview=1930.8 nearest=300.0 farthest=2970.4 zoomRange=0.65-6.44 minDist=300.0 outRatio=0.650 step=1.250 animMs=200 returnMs=300 followFrom=1.20 source=defaults issues=0
2026.09.28-13.05.15 BOARD 5x6 cells | control points: (0,0)=(-200,-250,0) (4,5)=(200,250,0) | neighbor pair (dist 100 uu)
2026.09.28-13.05.15 ARTPREVIEW click capsule fighter=f-0-hero mesh=SK_Medusa_FaceNeck_v2Candidate physicsAsset=0 radius=12.5 halfHeight=27.5 top=55.0 bodyCollision=0 source=meshBounds
2026.09.28-13.05.15 ARTPREVIEW fighter=Medusa hero=1 eligible=1 visual=1 mesh=SK_Medusa_FaceNeck_v2Candidate
2026.09.28-13.05.15 ARTPREVIEW click capsule fighter=f-0-sk0 mesh=SM_ART003_Harpy physicsAsset=0 radius=20.0 halfHeight=21.0 top=42.0 bodyCollision=0 source=meshBounds
2026.09.28-13.05.15 ARTPREVIEW click capsule fighter=f-0-sk1 mesh=SM_ART003_Harpy physicsAsset=0 radius=20.0 halfHeight=21.0 top=42.0 bodyCollision=0 source=meshBounds
2026.09.28-13.05.15 ARTPREVIEW click capsule fighter=f-0-sk2 mesh=SM_ART003_Harpy physicsAsset=0 radius=20.0 halfHeight=21.0 top=42.0 bodyCollision=0 source=meshBounds
2026.09.28-13.05.15 ARTPREVIEW click capsule fighter=f-1-hero mesh=SM_ART003_Arthur physicsAsset=0 radius=17.8 halfHeight=28.0 top=56.0 bodyCollision=0 source=meshBounds
2026.09.28-13.05.15 ARTPREVIEW click capsule fighter=f-1-sk0 mesh=SM_ART003_Merlin physicsAsset=0 radius=14.7 halfHeight=30.8 top=61.5 bodyCollision=0 source=meshBounds
2026.09.28-13.05.15 FIGHTERS synced n=6 alive=6 own=2 enemy=4
2026.09.28-13.05.15 STATE seq=1 -> apply
2026.09.28-13.05.15 WS closed 1000 (normal closure)
2026.09.28-13.05.15 HUD art layer plate=1 iconSize=32 iconTexture=1 iconProbe=0 plan=0
2026.09.28-13.05.16 WS reconnect attempt
2026.09.28-13.05.16 SUBSCRIBED gameStateUpdated since=1
2026.09.28-13.05.16 WS reconnected - refetching gameState
2026.09.28-13.05.16 SNAPSHOT applied seq=1 phase=ACTION_MANEUVER
2026.09.28-13.05.16 HANDLE_APPLIED #2 seq=1 decision=1 fightersValid=1 boardValid=1
2026.09.28-13.05.16 MODE seq=1 mode=0 combat=0 pending=0
2026.09.28-13.05.16 HUD seq=1 phase=ACTION_MANEUVER turn=opp hand=5 oppHand=5(hidden) oppDeck=25 deck=25 discard=0
2026.09.28-13.05.16 ARTPREVIEW fighter=Medusa hero=1 eligible=1 visual=1 mesh=SK_Medusa_FaceNeck_v2Candidate
2026.09.28-13.05.16 FIGHTERS synced n=6 alive=6 own=2 enemy=4
2026.09.28-13.05.16 STATE seq=1 -> merge
2026.09.28-13.05.16 SNAPSHOT applied seq=1 phase=ACTION_MANEUVER
2026.09.28-13.05.16 HANDLE_APPLIED #3 seq=1 decision=1 fightersValid=1 boardValid=1
2026.09.28-13.05.16 MODE seq=1 mode=0 combat=0 pending=0
2026.09.28-13.05.16 HUD seq=1 phase=ACTION_MANEUVER turn=opp hand=5 oppHand=5(hidden) oppDeck=25 deck=25 discard=0
2026.09.28-13.05.16 ARTPREVIEW fighter=Medusa hero=1 eligible=1 visual=1 mesh=SK_Medusa_FaceNeck_v2Candidate
2026.09.28-13.05.16 FIGHTERS synced n=6 alive=6 own=2 enemy=4
2026.09.28-13.05.16 WS seq=1 phase=ACTION_MANEUVER (merge)
2026.09.28-13.05.18 game -> room=cmul9f8xg00h1wiuk77oiag79 code=<redacted> status=IN_PROGRESS
2026.09.28-13.05.20 PERF window t=15.0-20.1 frames=151 fps=30.00 frameMs avg=33.33 p50=33.33 p95=33.33 p99=33.33 max=33.34 hitches50=0 gpuMs avg=28.13 p50=33.31 p95=35.01 gameMs avg=1.41 p95=1.56 renderMs avg=2.48 p95=2.89
2026.09.28-13.05.21 game -> room=cmul9f8xg00h1wiuk77oiag79 code=<redacted> status=IN_PROGRESS
2026.09.28-13.05.24 game -> room=cmul9f8xg00h1wiuk77oiag79 code=<redacted> status=IN_PROGRESS
2026.09.28-13.05.25 PERF window t=20.1-25.1 frames=151 fps=30.00 frameMs avg=33.33 p50=33.33 p95=33.33 p99=33.33 max=33.33 hitches50=0 gpuMs avg=27.68 p50=33.23 p95=34.63 gameMs avg=1.07 p95=1.30 renderMs avg=2.29 p95=2.64
2026.09.28-13.05.27 game -> room=cmul9f8xg00h1wiuk77oiag79 code=<redacted> status=IN_PROGRESS
2026.09.28-13.05.30 game -> room=cmul9f8xg00h1wiuk77oiag79 code=<redacted> status=IN_PROGRESS
2026.09.28-13.05.30 PERF window t=25.1-30.1 frames=151 fps=30.00 frameMs avg=33.33 p50=33.33 p95=33.33 p99=33.33 max=33.34 hitches50=0 gpuMs avg=28.24 p50=33.23 p95=34.50 gameMs avg=1.12 p95=1.39 renderMs avg=2.45 p95=3.13
2026.09.28-13.05.33 game -> room=cmul9f8xg00h1wiuk77oiag79 code=<redacted> status=IN_PROGRESS
2026.09.28-13.05.35 PERF window t=30.1-35.1 frames=150 fps=30.00 frameMs avg=33.33 p50=33.33 p95=33.33 p99=33.34 max=33.42 hitches50=0 gpuMs avg=32.27 p50=33.32 p95=34.45 gameMs avg=1.13 p95=1.37 renderMs avg=2.46 p95=2.83
2026.09.28-13.05.36 SHOT ctx viewport=1920x1080 viewTarget=CameraActor_2147482372 cam=(0,1107,1582) rot=(-55,-90,0)
2026.09.28-13.05.36 SHOT fighter f-0-hero pos=(2,2) world=(0,-50,0) screen=(960,476) projected=1 alive=1
2026.09.28-13.05.36 SHOT fighter f-0-sk0 pos=(3,2) world=(100,-50,0) screen=(1115,476) projected=1 alive=1
2026.09.28-13.05.36 SHOT fighter f-0-sk1 pos=(2,1) world=(0,-150,0) screen=(960,355) projected=1 alive=1
2026.09.28-13.05.36 SHOT fighter f-0-sk2 pos=(1,2) world=(-100,-50,0) screen=(805,476) projected=1 alive=1
2026.09.28-13.05.36 SHOT fighter f-1-hero pos=(2,3) world=(0,50,0) screen=(960,606) projected=1 alive=1
2026.09.28-13.05.36 SHOT fighter f-1-sk0 pos=(3,3) world=(100,50,0) screen=(1120,606) projected=1 alive=1
2026.09.28-13.05.36 SHOT camera dist=1930.8 target=1930.8 overview=1930.8 errPct=0.000 focusErr=0.00 settled=1 zoom=1.00
2026.09.28-13.05.36 SHOT head fighter=f-0-hero socket=Head mesh=SK_Medusa_FaceNeck_v2Candidate world=(0.0,-46.0,38.5) screen=(960.0,445.5) top=(960.0,439.8) bottom=(960.0,451.2) headPx=11.4 projected=1
2026.09.28-13.05.36 SHOT label fighter=f-0-hero mode=full bbox=(916,381,1004,414)
2026.09.28-13.05.36 SHOT label fighter=f-0-sk0 mode=full bbox=(1072,399,1169,428)
2026.09.28-13.05.36 SHOT label fighter=f-0-sk1 mode=full bbox=(914,276,1006,305)
2026.09.28-13.05.36 SHOT label fighter=f-0-sk2 mode=full bbox=(751,399,848,428)
2026.09.28-13.05.36 SHOT label fighter=f-1-hero mode=full bbox=(913,517,1007,545)
2026.09.28-13.05.36 SHOT label fighter=f-1-sk0 mode=full bbox=(1088,529,1162,558)
2026.09.28-13.05.36 SHOT requested: FScreenshotRequest(bShowUI) -> C:\Users\ren\AppData\Local\Temp\s08-phase2-20260928-180453-48972\phase2-board-joiner-1920x1080.png
2026.09.28-13.05.36 game -> room=cmul9f8xg00h1wiuk77oiag79 code=<redacted> status=IN_PROGRESS
2026.09.28-13.05.39 game -> room=cmul9f8xg00h1wiuk77oiag79 code=<redacted> status=IN_PROGRESS
2026.09.28-13.05.40 PERF window t=35.1-40.2 frames=148 fps=29.45 frameMs avg=33.96 p50=33.33 p95=33.33 p99=33.35 max=125.33 hitches50=1 gpuMs avg=30.90 p50=33.26 p95=34.33 gameMs avg=1.85 p95=1.47 renderMs avg=2.41 p95=3.05
2026.09.28-13.05.42 game -> room=cmul9f8xg00h1wiuk77oiag79 code=<redacted> status=IN_PROGRESS
2026.09.28-13.05.45 game -> room=cmul9f8xg00h1wiuk77oiag79 code=<redacted> status=IN_PROGRESS
2026.09.28-13.05.45 PERF window t=40.2-45.2 frames=150 fps=30.00 frameMs avg=33.33 p50=33.33 p95=33.33 p99=33.38 max=33.40 hitches50=0 gpuMs avg=29.98 p50=33.32 p95=34.37 gameMs avg=1.13 p95=1.38 renderMs avg=2.31 p95=2.70
2026.09.28-13.05.48 game -> room=cmul9f8xg00h1wiuk77oiag79 code=<redacted> status=IN_PROGRESS
2026.09.28-13.05.50 PERF summary scope=afterWarmup warmup=5 elapsed=50.0 frames=1349 fps=29.94 frameMs avg=33.40 p50=33.33 p95=33.33 p99=33.34 max=125.33 hitches50=1 gpuMs avg=30.35 p50=33.29 p95=34.55 gameMs avg=1.25 p95=1.46 renderMs avg=2.27 p95=2.83
2026.09.28-13.05.50 PERF summary scope=started elapsed=50.0 frames=1047 fps=29.92 frameMs avg=33.42 p50=33.33 p95=33.33 p99=33.34 max=125.33 hitches50=1 gpuMs avg=29.73 p50=33.28 p95=34.56 gameMs avg=1.26 p95=1.39 renderMs avg=2.38 p95=2.87
2026.09.28-13.05.50 --- S08 trace close ---
