2026.10.01-06.05.11 --- S08 trace open 2026.10.01-06.05.11 ---
2026.10.01-06.05.11 HUD team chips ready=1 mode=absolute tagNames=rule
2026.10.01-06.05.11 HUD icon texture size=32 ready=1 path=/Game/ArtTests/ARTMarkers/Textures/T_UI_Action_AttackToken_32 texture=32x32 probe=0 plate=1
2026.10.01-06.05.11 HUD art widget tag impl=umg source=/Game/S08/UI/ArtHud/WBP_S08ArtTag class=/Game/S08/UI/ArtHud/WBP_S08ArtTag.WBP_S08ArtTag_C count=8 missing=- codeDefaultTree=0
2026.10.01-06.05.11 HUD art widget plate impl=umg source=/Game/S08/UI/ArtHud/WBP_S08ArtPlate class=/Game/S08/UI/ArtHud/WBP_S08ArtPlate.WBP_S08ArtPlate_C parts=1 missing=- codeDefaultTree=0
2026.10.01-06.05.11 HUD art widget icon impl=umg source=/Game/S08/UI/ArtHud/WBP_S08ArtIcon class=/Game/S08/UI/ArtHud/WBP_S08ArtIcon.WBP_S08ArtIcon_C parts=1 missing=- codeDefaultTree=0
2026.10.01-06.05.11 HUD art widget damage impl=umg source=/Game/S08/UI/ArtHud/WBP_S08ArtDamage class=/Game/S08/UI/ArtHud/WBP_S08ArtDamage.WBP_S08ArtDamage_C parts=1 missing=- codeDefaultTree=0
2026.10.01-06.05.11 RENDER preset applied=High flag=S08RenderPreset
2026.10.01-06.05.11 BENCH start (W4-A backend-less render bench)
2026.10.01-06.05.11 ARTPREVIEW diorama requested mesh=/Game/PipelineCandidates/TableBase/20260928-table-base-tripo-h31/Meshes/SM_TableBase.SM_TableBase mi=MI_TableBase_Candidate
2026.10.01-06.05.11 ARTPREVIEW envlayout enabled dir=Config/ArtBoards/EnvLayouts source=pak files=2 names=marmoreal.layout.json+sarpedon.layout.json
2026.10.01-06.05.11 ARTPREVIEW board profiles loaded=1 revision=11 boards=5 zoneStyles=11 lightProfiles=5 errors=0 path=Config/ArtBoards/S08ArtBoardProfiles.json
2026.10.01-06.05.11 ARTPREVIEW board profiles source=pak sha256=c90dddd95a8a7a0b12294b1a6f47218d6e7a860f74b8c51660d4fdb00c320a8b
2026.10.01-06.05.11 ARTPREVIEW zone content instances=12/12 glyphMeshes=11/11
2026.10.01-06.05.11 ARTPREVIEW zone keyline content mi=MI_ART005_Zone_Keyline glyphKeyMeshes=11/11 color=#111317
2026.10.01-06.05.11 ARTPREVIEW game layer material=M_S08_GameLayerUnlit unlitEyeAdaptInv=1 legacyRender=0
2026.10.01-06.05.11 ARTPREVIEW Cobble assets ready
2026.10.01-06.05.11 ARTPREVIEW board assets ready cobbleMesh=1 tiles=1 zoneMaterials=2
2026.10.01-06.05.11 ARTPREVIEW medusa candidate variant=face-neck-v2 mesh=SK_Medusa_FaceNeck_v2Candidate requested=(default)
2026.10.01-06.05.11 ARTPREVIEW map-image assets map=Sarpedon mi=MI_Sarpedon_MapBoard material=M_MapBoard bc=T_Sarpedon_Map_BC_4K mask=T_Sarpedon_Map_GameMask_4K boundBc=1 boundMask=1 sdf=-1 id=-1
2026.10.01-06.05.11 ARTPREVIEW board profile=sarpedon-original match=boardId board=9x6 boardId=c7fa64a26c29a0835f2383e63 surface=map-image light=sarpedon-night artFixture=0 map=Sarpedon
2026.10.01-06.05.11 ARTPREVIEW light profile=sarpedon-night name=key role=key kind=directional at=(-350,-150,600) intensity=3.5 units=lux radius=0 color=(0.60,0.71,0.97) shadow=1
2026.10.01-06.05.11 ARTPREVIEW light profile=sarpedon-night name=moon-pool role=cool kind=point at=(0,0,750) intensity=260 units=candelas radius=1250 color=(0.82,0.88,1.00) shadow=0
2026.10.01-06.05.11 ARTPREVIEW sky profile=sarpedon-night cubemap=/Game/S08/Render/TC_S08_AmbientDome loaded=1 spawned=1 intensity=3 color=(0.58,0.70,1.00) lowerBlack=0
2026.10.01-06.05.11 ARTPREVIEW fog profile=sarpedon-night spawned=1 color=(0.2000,0.2550,0.4600) density=0.32 falloff=0.2 heightZ=-400 start=2900 end=6000 maxOpacity=1.00 volumetric=0
2026.10.01-06.05.11 ARTPREVIEW exposure profile=sarpedon-night method=histogram-fixed min=4.14106 max=4.14106 bias=0.000 ev100=2.05 volume=1
2026.10.01-06.05.11 ARTPREVIEW lights applied profile=sarpedon-night directional=1 shadow=1 points=1 pointShadows=0 budgetOk=1
2026.10.01-06.05.11 ARTPREVIEW render profile=sarpedon-night units=candelas sky=1 exposure=1 keyShadow=csm-3600uu-2c-contact0.000 shadowCasters=1 legacyRender=0
2026.10.01-06.05.11 ARTPREVIEW map grade profile=sarpedon-night source=profile nightEV=-0.35 nightSaturation=0.75 lift=1.70 nightTint=(0.9700,1.0000,1.0500) maskSaturation=1.05 liftSaturation=1.10 maskInverseTint=(1.0500,0.9960,0.8910) graph=v2 maskTerms=1
2026.10.01-06.05.11 ARTPREVIEW map frame wood=frame-wood material=M_MapFrameWood valueScaleSrgb=0.70 valueScaleLinear=0.4563 saturation=0.75
2026.10.01-06.05.11 ARTPREVIEW board active profile=sarpedon-original 9x6 surface=map-image map=Sarpedon spaces=38 links=61 starts=4 zoneKeys=6 multizone=4 triple=2 obstacles=16 size=891.3x577.3 src=1337x866 uuPerPx=0.6666667 frameUU=24 surfaceParts=4 corners=4 zoneMarks=0 lattice=0 pick=445.7x288.7 mi=MI_Sarpedon_MapBoard wood=1 expectOk=1
2026.10.01-06.05.11 ARTPREVIEW board map zone key=blue spaces=6 (painted, no zone marks)
2026.10.01-06.05.11 ARTPREVIEW board map zone key=brown spaces=5 (painted, no zone marks)
2026.10.01-06.05.11 ARTPREVIEW board map zone key=green spaces=8 (painted, no zone marks)
2026.10.01-06.05.11 ARTPREVIEW board map zone key=purple spaces=11 (painted, no zone marks)
2026.10.01-06.05.11 ARTPREVIEW board map zone key=red spaces=6 (painted, no zone marks)
2026.10.01-06.05.11 ARTPREVIEW board map zone key=yellow spaces=8 (painted, no zone marks)
2026.10.01-06.05.11 ARTPREVIEW envlayout prop id=fort-nw mesh=SM_Env_FortRuin loc=(-575.0,-418.0,-3.0) yaw=82.0 scale=1.000 shadow=1 size=169.4x73.3x110.0 bounds=(-659.7,-454.7,-3.0)..(-490.3,-381.3,107.0) overMap=0 onTray=1
2026.10.01-06.05.11 ARTPREVIEW envlayout prop id=campfire-nw mesh=SM_Env_Campfire loc=(-548.0,-352.0,-3.0) yaw=90.0 scale=1.200 shadow=1 size=47.8x48.0x20.2 bounds=(-571.9,-376.0,-3.0)..(-524.1,-328.0,17.2) overMap=0 onTray=1
2026.10.01-06.05.11 ARTPREVIEW envlayout prop id=tree-nw mesh=SM_Env_Tree loc=(-700.0,-318.0,-3.0) yaw=110.0 scale=1.050 shadow=1 size=247.9x214.3x199.5 bounds=(-824.0,-425.2,-3.0)..(-576.0,-210.8,196.5) overMap=0 onTray=1
2026.10.01-06.05.11 ARTPREVIEW envlayout prop id=tree-w mesh=SM_Env_Tree loc=(-690.0,-30.0,-3.0) yaw=70.0 scale=1.000 shadow=1 size=236.1x204.1x190.0 bounds=(-808.1,-132.0,-3.0)..(-571.9,72.0,187.0) overMap=0 onTray=1
2026.10.01-06.05.11 ARTPREVIEW envlayout prop id=tree-w2 mesh=SM_Env_Tree loc=(-700.0,-190.0,-3.0) yaw=200.0 scale=0.800 shadow=1 size=163.3x188.9x152.0 bounds=(-781.6,-284.5,-3.0)..(-618.4,-95.5,149.0) overMap=0 onTray=1
2026.10.01-06.05.11 ARTPREVIEW envlayout prop id=tree-w3 mesh=SM_Env_Tree loc=(-615.0,-255.0,-3.0) yaw=40.0 scale=0.650 shadow=1 size=155.1x159.4x123.5 bounds=(-692.6,-334.7,-3.0)..(-537.4,-175.3,120.5) overMap=0 onTray=1
2026.10.01-06.05.11 ARTPREVIEW envlayout prop id=tree-w4 mesh=SM_Env_Tree loc=(-625.0,-105.0,-3.0) yaw=320.0 scale=0.600 shadow=1 size=143.2x147.2x114.0 bounds=(-696.6,-178.6,-3.0)..(-553.4,-31.4,111.0) overMap=0 onTray=1
2026.10.01-06.05.11 ARTPREVIEW envlayout prop id=tree-w5 mesh=SM_Env_Tree loc=(-645.0,45.0,-3.0) yaw=150.0 scale=0.700 shadow=1 size=157.4x171.1x133.0 bounds=(-723.7,-40.5,-3.0)..(-566.3,130.5,130.0) overMap=0 onTray=1
2026.10.01-06.05.11 ARTPREVIEW envlayout prop id=tree-sw1 mesh=SM_Env_Tree loc=(-640.0,180.0,-3.0) yaw=300.0 scale=0.600 shadow=1 size=146.6x134.9x114.0 bounds=(-713.3,112.6,-3.0)..(-566.7,247.4,111.0) overMap=0 onTray=1
2026.10.01-06.05.11 ARTPREVIEW envlayout prop id=tree-sw2 mesh=SM_Env_Tree loc=(-615.0,290.0,-3.0) yaw=20.0 scale=0.500 shadow=1 size=102.0x118.1x95.0 bounds=(-666.0,231.0,-3.0)..(-564.0,349.0,92.0) overMap=0 onTray=1
2026.10.01-06.05.11 ARTPREVIEW envlayout prop id=palisade-n1 mesh=SM_Env_Palisade loc=(-440.0,-392.0,-3.0) yaw=90.0 scale=1.100 shadow=1 size=79.8x16.1x77.0 bounds=(-479.9,-400.0,-3.0)..(-400.1,-384.0,74.0) overMap=0 onTray=1
2026.10.01-06.05.11 ARTPREVIEW envlayout prop id=palisade-n2 mesh=SM_Env_Palisade loc=(-361.0,-390.0,-3.0) yaw=94.0 scale=1.100 shadow=1 size=80.7x21.6x77.0 bounds=(-401.4,-400.8,-3.0)..(-320.6,-379.2,74.0) overMap=0 onTray=1
2026.10.01-06.05.11 ARTPREVIEW envlayout prop id=palisade-w1 mesh=SM_Env_Palisade loc=(-556.7,-72.7,-3.0) yaw=15.0 scale=1.100 shadow=1 size=36.2x81.3x77.0 bounds=(-574.8,-113.3,-3.0)..(-538.6,-32.1,74.0) overMap=0 onTray=1
2026.10.01-06.05.11 ARTPREVIEW envlayout prop id=palisade-w2 mesh=SM_Env_Palisade loc=(-536.0,-150.0,-3.0) yaw=15.0 scale=1.100 shadow=1 size=36.2x81.3x77.0 bounds=(-554.1,-190.6,-3.0)..(-517.9,-109.4,74.0) overMap=0 onTray=1
2026.10.01-06.05.11 ARTPREVIEW envlayout prop id=palisade-w3 mesh=SM_Env_Palisade loc=(-540.0,205.0,-3.0) yaw=20.0 scale=1.100 shadow=1 size=42.4x80.5x77.0 bounds=(-561.2,164.7,-3.0)..(-518.8,245.3,74.0) overMap=0 onTray=1
2026.10.01-06.05.11 ARTPREVIEW envlayout prop id=campfire-w mesh=SM_Env_Campfire loc=(-560.0,85.0,-3.0) yaw=90.0 scale=1.000 shadow=1 size=39.8x40.0x16.8 bounds=(-579.9,65.0,-3.0)..(-540.1,105.0,13.8) overMap=0 onTray=1
2026.10.01-06.05.11 ARTPREVIEW envlayout prop id=hull-e1 mesh=SM_Env_Hull loc=(590.0,-125.0,-3.0) yaw=178.0 scale=0.850 shadow=1 size=63.5x256.8x217.9 bounds=(558.3,-253.4,-3.0)..(621.7,3.4,214.9) overMap=0 onTray=1
2026.10.01-06.05.11 ARTPREVIEW envlayout prop id=hull-e2 mesh=SM_Env_Hull loc=(575.0,128.0,-3.0) yaw=185.0 scale=0.850 shadow=1 size=76.6x258.8x217.9 bounds=(536.7,-1.4,-3.0)..(613.3,257.4,214.9) overMap=0 onTray=1
2026.10.01-06.05.11 ARTPREVIEW envlayout prop id=cannon-e1 mesh=SM_Env_Cannon loc=(513.0,-215.0,-3.0) yaw=178.0 scale=1.400 shadow=1 size=64.5x46.4x37.6 bounds=(480.7,-238.2,-3.0)..(545.3,-191.8,34.6) overMap=0 onTray=1
2026.10.01-06.05.11 ARTPREVIEW envlayout prop id=cannon-e2 mesh=SM_Env_Cannon loc=(513.0,-75.0,-3.0) yaw=178.0 scale=1.400 shadow=1 size=64.5x46.4x37.6 bounds=(480.7,-98.2,-3.0)..(545.3,-51.8,34.6) overMap=0 onTray=1
2026.10.01-06.05.11 ARTPREVIEW envlayout prop id=cannon-e3 mesh=SM_Env_Cannon loc=(508.0,60.0,-3.0) yaw=185.0 scale=1.400 shadow=1 size=66.6x49.6x37.6 bounds=(474.7,35.2,-3.0)..(541.3,84.8,34.6) overMap=0 onTray=1
2026.10.01-06.05.11 ARTPREVIEW envlayout prop id=cannon-e4 mesh=SM_Env_Cannon loc=(508.0,195.0,-3.0) yaw=185.0 scale=1.400 shadow=1 size=66.6x49.6x37.6 bounds=(474.7,170.2,-3.0)..(541.3,219.8,34.6) overMap=0 onTray=1
2026.10.01-06.05.11 ARTPREVIEW envlayout prop id=rope-ne mesh=SM_Env_Rope loc=(425.0,-385.0,-3.0) yaw=90.0 scale=1.800 shadow=1 size=39.6x38.4x18.8 bounds=(405.2,-404.2,-3.0)..(444.8,-365.8,15.8) overMap=0 onTray=1
2026.10.01-06.05.11 ARTPREVIEW envlayout prop id=rope-se mesh=SM_Env_Rope loc=(575.0,320.0,-3.0) yaw=90.0 scale=1.800 shadow=1 size=39.6x38.4x18.8 bounds=(555.2,300.8,-3.0)..(594.8,339.2,15.8) overMap=0 onTray=1
2026.10.01-06.05.11 ARTPREVIEW envlayout light id=campfire-nw kind=point at=(-548.0,-352.0,60.0) intensity=65 units=candelas radius=460 color=#FF8A3D shadow=0
2026.10.01-06.05.11 ARTPREVIEW envlayout light id=campfire-w kind=point at=(-560.0,85.0,60.0) intensity=55 units=candelas radius=420 color=#FF9A4A shadow=0
2026.10.01-06.05.11 ARTPREVIEW envlayout light id=ship-lantern-n kind=point at=(598.0,-225.0,150.0) intensity=85 units=candelas radius=420 color=#FFA552 shadow=0
2026.10.01-06.05.11 ARTPREVIEW envlayout light id=ship-lantern-s kind=point at=(592.0,0.0,145.0) intensity=80 units=candelas radius=400 color=#FFA552 shadow=0
2026.10.01-06.05.11 ARTPREVIEW envlayout light id=ship-lantern-stern kind=point at=(585.0,225.0,140.0) intensity=65 units=candelas radius=380 color=#FFA552 shadow=0
2026.10.01-06.05.11 ARTPREVIEW envlayout ground map=sarpedon mode=runtime strips=4 material=MI_EnvGround_Sarpedon z=-1.0 outer=(-780.0,-515.0)..(780.0,425.0) hole=(-467.7,-310.7)..(467.7,310.7) splatRect=(-820.0,-560.0)..(820.0,470.0) splatCovers=1 areaUU2=885246 falls=1/1 fallCards=2 status=ok
2026.10.01-06.05.11 ARTPREVIEW envlayout map=sarpedon props=24 lights=5 missingMeshes=0 layoutProps=24 layoutLights=5 skippedMissing=0 skippedInsideMap=0 intrusions=0 outsideTray=0 outsideKit=0 shadowCasters=24 profilePoints=1 combinedPoints=6 combinedBudgetOk=1 tray=layout trayApronMismatch=0 profile=sarpedon-original boardId=c7fa64a26c29a0835f2383e63 file=Config/ArtBoards/EnvLayouts/sarpedon.layout.json sha256=1cd648a3424eb8308bb32e8a5d8e0a0b664c66866461c26ea5f1e9a61379d738 source=pak status=ok
2026.10.01-06.05.11 ARTPREVIEW envlayout tray map=sarpedon source=layout outerHalf=780.0x470.0 offsetY=-45.0 frameHalf=469.7x312.7 mesh=T2 t2Top=780.0x470.0 mismatchUU=0.0
2026.10.01-06.05.11 ARTPREVIEW diorama tray-t2 loaded mesh=/Game/PipelineCandidates/TableBase/T2/SM_TableBase_T2 mi=MI_TableBase_T2
2026.10.01-06.05.11 ARTPREVIEW diorama tray=/Game/PipelineCandidates/TableBase/T2/SM_TableBase_T2.SM_TableBase_T2 mi=MI_TableBase_T2 surface=map-image yaw=0.0 scale=1.000x1.000x1.000 bounds=(-802.0,-530.4,-179.5)..(802.0,440.4,1.5) size=1604.0x970.8x181.0 topZ=-3.0 boardHalf=469.7x312.7 rimUU=112.3 collision=none kind=T2 topHalf=780.0x470.0 layoutHalf=780.0x470.0 offset=(0.0,-45.0) source=layout mismatchUU=0.0 match=1 anisotropy=1.000 lipTopZ=1.5 lipBandUU=20.0
2026.10.01-06.05.11 CAMERA extents source=map-image half=445.7x288.7 dist=2340.2 fit=1872.2 k1Mul=1.250
2026.10.01-06.05.11 CAMERA dist=2340 loc=(0,1342,1917) pitch=-55 yaw=-90
2026.10.01-06.05.11 CAMERA config overview=2340.2 nearest=300.0 farthest=2880.2 zoomRange=0.81-7.80 fit=1872.2 k1Mul=1.250 minDist=300.0 outRatio=0.650 step=1.250 animMs=200 returnMs=300 followFrom=1.20 source=defaults issues=0
2026.10.01-06.05.11 BOARD 9x6 cells | control points: (0,0)=(-393,-219,0) (8,5)=(400,250,0) | neighbor pair (dist 140 uu)
2026.10.01-06.05.11 BOARD topology spaces=38 links=61 starts=3:S03,4:S14,1:S20,2:S32 frame=1337x866px uuPerPx=0.6667 radius=42.0uu (default)
2026.10.01-06.05.11 ARTPREVIEW team mapping mode=absolute source=fighter-prefix viewerTeam=- p1=f-0-hero,f-0-sk0,f-0-sk1,f-0-sk2 p2=f-1-hero,f-1-sk0
2026.10.01-06.05.11 ARTPREVIEW heroesV2 fighter=f-0-hero mesh=/Game/PipelineCandidates/Medusa/H2LD/Meshes/SK_Medusa_H2LD mi=/Game/PipelineCandidates/Medusa/H2LD/Materials/MI_Medusa_H2LD_P1 yaw=90.0 scale=0.9998 name=Medusa hero=1 look=P1 base=/Game/PipelineCandidates/Medusa/H2LD/Meshes/SM_Medusa_H2LD_Base baseMi=/Game/PipelineCandidates/Medusa/H2LD/Materials/MI_Medusa_H2LD_Base_P1 skeleton=/Game/PipelineCandidates/Medusa/Rig/SK_Medusa_Skeleton.SK_Medusa_Skeleton clips=4/4 boundsTop=55.00 figureTop=55.00 budget=55.0
2026.10.01-06.05.11 ARTPREVIEW click capsule fighter=f-0-hero mesh=SK_Medusa_H2LD physicsAsset=0 radius=11.6 halfHeight=27.5 top=55.0 bodyCollision=0 source=meshBounds
2026.10.01-06.05.11 ARTPREVIEW fighter=Medusa hero=1 eligible=0 visual=1 mesh=SK_Medusa_H2LD
2026.10.01-06.05.11 ARTPREVIEW team ring fighter=f-0-hero team=P1 look=P1 mode=absolute shape=circle shown=1 mesh=SM_Marker_TeamRing_P1 fill=#E8C06A keyline=#111317 fillLinear=(0.8070,0.5271,0.1441) zMin=0.60 zMax=1.20 scale=1.00 base=hidden blockout=0 art=1 rim=#FFFFFF
2026.10.01-06.05.11 ARTPREVIEW anim fighter=f-0-hero clip=Idle len=2.333 event=spawn loop=1 phase=0.8071 seq=-1 asset=AM_Medusa_Idle
2026.10.01-06.05.11 ARTPREVIEW readability contact shadow material=/Game/EnvMaps/M_MapContactShadow.M_MapContactShadow loaded=1
2026.10.01-06.05.11 ARTPREVIEW readability fighter=f-0-hero hero=1 contactShadow=1 diameterUU=52.0 strength=0.25 leaderPip=1 look=P1 ringScale=1.00
2026.10.01-06.05.11 ARTPREVIEW heroesV2 fighter=f-0-sk0 mesh=/Game/PipelineCandidates/Harpy/H3LD/Meshes/SK_Harpy_H3LD mi=/Game/PipelineCandidates/Harpy/H3LD/Materials/MI_Harpy_H3LD_P1 yaw=270.0 scale=1.0000 name=Harpies hero=0 look=P1 base=/Game/PipelineCandidates/Harpy/H3LD/Meshes/SM_Harpy_H3LD_Base baseMi=/Game/PipelineCandidates/Harpy/H3LD/Materials/MI_Harpy_H3LD_Base_P1 skeleton=/Game/PipelineCandidates/Harpy/Rig/SK_Harpy_Skeleton.SK_Harpy_Skeleton clips=4/4 boundsTop=42.00 figureTop=42.00 budget=42.0
2026.10.01-06.05.11 ARTPREVIEW click capsule fighter=f-0-sk0 mesh=SK_Harpy_H3LD physicsAsset=0 radius=20.0 halfHeight=21.0 top=42.0 bodyCollision=0 source=meshBounds
2026.10.01-06.05.11 ARTPREVIEW team ring fighter=f-0-sk0 team=P1 look=P1 mode=absolute shape=circle shown=1 mesh=SM_Marker_TeamRing_P1 fill=#E8C06A keyline=#111317 fillLinear=(0.8070,0.5271,0.1441) zMin=0.60 zMax=1.20 scale=0.78 base=hidden blockout=0 art=1 rim=#FFFFFF
2026.10.01-06.05.11 ARTPREVIEW anim fighter=f-0-sk0 clip=Idle len=2.000 event=spawn loop=1 phase=0.6635 seq=-1 asset=AM_Harpy_Idle
2026.10.01-06.05.11 ARTPREVIEW readability fighter=f-0-sk0 hero=0 contactShadow=1 diameterUU=40.6 strength=0.25 leaderPip=0 look=P1 ringScale=0.78
2026.10.01-06.05.11 ARTPREVIEW heroesV2 fighter=f-0-sk1 mesh=/Game/PipelineCandidates/Harpy/H3LD/Meshes/SK_Harpy_H3LD mi=/Game/PipelineCandidates/Harpy/H3LD/Materials/MI_Harpy_H3LD_P1 yaw=90.0 scale=1.0000 name=Harpies hero=0 look=P1 base=/Game/PipelineCandidates/Harpy/H3LD/Meshes/SM_Harpy_H3LD_Base baseMi=/Game/PipelineCandidates/Harpy/H3LD/Materials/MI_Harpy_H3LD_Base_P1 skeleton=/Game/PipelineCandidates/Harpy/Rig/SK_Harpy_Skeleton.SK_Harpy_Skeleton clips=4/4 boundsTop=42.00 figureTop=42.00 budget=42.0
2026.10.01-06.05.11 ARTPREVIEW click capsule fighter=f-0-sk1 mesh=SK_Harpy_H3LD physicsAsset=0 radius=20.0 halfHeight=21.0 top=42.0 bodyCollision=0 source=meshBounds
2026.10.01-06.05.11 ARTPREVIEW team ring fighter=f-0-sk1 team=P1 look=P1 mode=absolute shape=circle shown=1 mesh=SM_Marker_TeamRing_P1 fill=#E8C06A keyline=#111317 fillLinear=(0.8070,0.5271,0.1441) zMin=0.60 zMax=1.20 scale=0.78 base=hidden blockout=0 art=1 rim=#FFFFFF
2026.10.01-06.05.11 ARTPREVIEW anim fighter=f-0-sk1 clip=Idle len=2.000 event=spawn loop=1 phase=0.9016 seq=-1 asset=AM_Harpy_Idle
2026.10.01-06.05.11 ARTPREVIEW readability fighter=f-0-sk1 hero=0 contactShadow=1 diameterUU=40.6 strength=0.25 leaderPip=0 look=P1 ringScale=0.78
2026.10.01-06.05.11 ARTPREVIEW heroesV2 fighter=f-0-sk2 mesh=/Game/PipelineCandidates/Harpy/H3LD/Meshes/SK_Harpy_H3LD mi=/Game/PipelineCandidates/Harpy/H3LD/Materials/MI_Harpy_H3LD_P1 yaw=270.0 scale=1.0000 name=Harpies hero=0 look=P1 base=/Game/PipelineCandidates/Harpy/H3LD/Meshes/SM_Harpy_H3LD_Base baseMi=/Game/PipelineCandidates/Harpy/H3LD/Materials/MI_Harpy_H3LD_Base_P1 skeleton=/Game/PipelineCandidates/Harpy/Rig/SK_Harpy_Skeleton.SK_Harpy_Skeleton clips=4/4 boundsTop=42.00 figureTop=42.00 budget=42.0
2026.10.01-06.05.11 ARTPREVIEW click capsule fighter=f-0-sk2 mesh=SK_Harpy_H3LD physicsAsset=0 radius=20.0 halfHeight=21.0 top=42.0 bodyCollision=0 source=meshBounds
2026.10.01-06.05.11 ARTPREVIEW team ring fighter=f-0-sk2 team=P1 look=P1 mode=absolute shape=circle shown=1 mesh=SM_Marker_TeamRing_P1 fill=#E8C06A keyline=#111317 fillLinear=(0.8070,0.5271,0.1441) zMin=0.60 zMax=1.20 scale=0.78 base=hidden blockout=0 art=1 rim=#FFFFFF
2026.10.01-06.05.11 ARTPREVIEW anim fighter=f-0-sk2 clip=Idle len=2.000 event=spawn loop=1 phase=0.1873 seq=-1 asset=AM_Harpy_Idle
2026.10.01-06.05.11 ARTPREVIEW readability fighter=f-0-sk2 hero=0 contactShadow=1 diameterUU=40.6 strength=0.25 leaderPip=0 look=P1 ringScale=0.78
2026.10.01-06.05.11 ARTPREVIEW heroesV2 fighter=f-1-hero mesh=/Game/PipelineCandidates/KingArthur/H2LD/Meshes/SK_KingArthur_H2LD mi=/Game/PipelineCandidates/KingArthur/H2LD/Materials/MI_KingArthur_H2LD_P2 yaw=270.0 scale=1.0000 name=King Arthur hero=1 look=P2 base=/Game/PipelineCandidates/KingArthur/H2LD/Meshes/SM_KingArthur_H2LD_Base baseMi=/Game/PipelineCandidates/KingArthur/H2LD/Materials/MI_KingArthur_H2LD_Base_P2 skeleton=/Game/PipelineCandidates/KingArthur/Rig/SK_KingArthur_Skeleton.SK_KingArthur_Skeleton clips=4/4 boundsTop=60.06 figureTop=55.00 budget=55.0
2026.10.01-06.05.11 ARTPREVIEW click capsule fighter=f-1-hero mesh=SK_KingArthur_H2LD physicsAsset=0 radius=12.8 halfHeight=30.0 top=60.1 bodyCollision=0 source=meshBounds
2026.10.01-06.05.11 ARTPREVIEW team ring fighter=f-1-hero team=P2 look=P2 mode=absolute shape=hexagon shown=1 mesh=SM_Marker_TeamRing_P2 fill=#5A7F9F keyline=#111317 fillLinear=(0.1022,0.2122,0.3467) zMin=0.60 zMax=1.20 scale=1.00 base=hidden blockout=0 art=1 rim=#FFFFFF
2026.10.01-06.05.11 ARTPREVIEW anim fighter=f-1-hero clip=Idle len=2.500 event=spawn loop=1 phase=0.3470 seq=-1 asset=AM_KingArthur_Idle
2026.10.01-06.05.11 ARTPREVIEW readability fighter=f-1-hero hero=1 contactShadow=1 diameterUU=52.0 strength=0.25 leaderPip=1 look=P2 ringScale=1.00
2026.10.01-06.05.11 ARTPREVIEW heroesV2 fighter=f-1-sk0 mesh=/Game/PipelineCandidates/Merlin/H2LD/Meshes/SK_Merlin_H2LD mi=/Game/PipelineCandidates/Merlin/H2LD/Materials/MI_Merlin_H2LD_P2 yaw=270.0 scale=1.0003 name=Merlin hero=0 look=P2 base=/Game/PipelineCandidates/Merlin/H2LD/Meshes/SM_Merlin_H2LD_Base baseMi=/Game/PipelineCandidates/Merlin/H2LD/Materials/MI_Merlin_H2LD_Base_P2 skeleton=/Game/PipelineCandidates/Merlin/Rig/SK_Merlin_Skeleton.SK_Merlin_Skeleton clips=4/4 boundsTop=49.44 figureTop=45.00 budget=45.0
2026.10.01-06.05.11 ARTPREVIEW click capsule fighter=f-1-sk0 mesh=SK_Merlin_H2LD physicsAsset=0 radius=10.5 halfHeight=24.7 top=49.4 bodyCollision=0 source=meshBounds
2026.10.01-06.05.11 ARTPREVIEW team ring fighter=f-1-sk0 team=P2 look=P2 mode=absolute shape=hexagon shown=1 mesh=SM_Marker_TeamRing_P2 fill=#5A7F9F keyline=#111317 fillLinear=(0.1022,0.2122,0.3467) zMin=0.60 zMax=1.20 scale=0.78 base=hidden blockout=0 art=1 rim=#FFFFFF
2026.10.01-06.05.11 ARTPREVIEW anim fighter=f-1-sk0 clip=Idle len=3.000 event=spawn loop=1 phase=0.8028 seq=-1 asset=AM_Merlin_Idle
2026.10.01-06.05.11 ARTPREVIEW readability fighter=f-1-sk0 hero=0 contactShadow=1 diameterUU=40.6 strength=0.25 leaderPip=0 look=P2 ringScale=0.78
2026.10.01-06.05.11 ARTPREVIEW heroesV2 summary fighters=6 mapped=6 v2=6
2026.10.01-06.05.11 FIGHTERS synced n=6 alive=6 own=4 enemy=2
2026.10.01-06.05.11 BENCH scene fixture=S08BenchSarpedon.json board=9x6 fighters=6 viewer=cmukie55u0000wiao06h107t9 hero=f-0-hero art=1 profile=sarpedon-original views=K1+K1x0.65+K2x1.6+K2x2.5 warmup=30 settle=8 measure=20 fps=0 profileGpu=1 csv=1
2026.10.01-06.05.41 BENCH warmup done elapsed=30.0
2026.10.01-06.05.41 BENCH view=K1 overview target=2340.2 fit=1872.2
2026.10.01-06.05.41 BENCH view=K1 camera settled=1 dist=2340.2 target=2340.2 zoom=1.00
2026.10.01-06.06.09 BENCH measure view=K1 window=20.0 frames=2897 fps=144.80 frameMs avg=6.91 p50=6.88 p95=8.33 p99=9.04 max=11.20 hitches50=0 gpuMs avg=2.37 p50=2.30 p95=2.58 gameMs avg=1.45 p95=1.79 renderMs avg=6.91 p95=8.32
2026.10.01-06.06.09 RENDER tag=BENCH rhi=D3D12 featureLevel=SM6 shaderPlatform=PCD3D_SM6 lumenPlatform=1 gi=lumen giMethod=1 refl=lumen reflMethod=1 shadows=csm vsmEnable=0 sg.res=100 sg.view=2 sg.aa=2 sg.shadow=2 sg.gi=2 sg.refl=2 sg.pp=2 sg.tex=2 sg.fx=2 sg.foliage=2 sg.shading=2 sg.landscape=2 preset=High screenPct=100.0 screenPctMode=0 aa=TSR aaMethod=4 exposure=fixed-histogram expMin=4.14106 expMax=4.14106 expBias=0.000 ev100=2.05 lightUnits=candelas sky=1 skyIntensity=3.000 keyShadow=csm-3600uu-2c-contact0.000 shadowCasters=1 profile=sarpedon-night profilesSha256=c90dddd95a8a7a0b12294b1a6f47218d6e7a860f74b8c51660d4fdb00c320a8b profilesSource=pak legacyRender=0 gameLayer=unlit-eyeadaptinv tMaxFPS=0.0 vsync=0 frameRateLimit=60.0 substrate=0 nanite=1 meshDF=1 viewport=1920x1080 reference=1
2026.10.01-06.06.09 BENCH profilegpu view=K1 requested (dump in Unmatched.log, LogRHI)
2026.10.01-06.06.12 SHOT ctx viewport=1920x1080 viewTarget=CameraActor_2147482298 cam=(0,1342,1917) rot=(-55,-90,0)
2026.10.01-06.06.12 RENDER tag=SHOT rhi=D3D12 featureLevel=SM6 shaderPlatform=PCD3D_SM6 lumenPlatform=1 gi=lumen giMethod=1 refl=lumen reflMethod=1 shadows=csm vsmEnable=0 sg.res=100 sg.view=2 sg.aa=2 sg.shadow=2 sg.gi=2 sg.refl=2 sg.pp=2 sg.tex=2 sg.fx=2 sg.foliage=2 sg.shading=2 sg.landscape=2 preset=High screenPct=100.0 screenPctMode=0 aa=TSR aaMethod=4 exposure=fixed-histogram expMin=4.14106 expMax=4.14106 expBias=0.000 ev100=2.05 lightUnits=candelas sky=1 skyIntensity=3.000 keyShadow=csm-3600uu-2c-contact0.000 shadowCasters=1 profile=sarpedon-night profilesSha256=c90dddd95a8a7a0b12294b1a6f47218d6e7a860f74b8c51660d4fdb00c320a8b profilesSource=pak legacyRender=0 gameLayer=unlit-eyeadaptinv tMaxFPS=0.0 vsync=0 frameRateLimit=60.0 substrate=0 nanite=1 meshDF=1 viewport=1920x1080 reference=1
2026.10.01-06.06.12 SHOT fighter f-0-hero pos=(2,2) world=(-218,-13,0) screen=(678,527) projected=1 alive=1
2026.10.01-06.06.12 SHOT fighter f-0-sk0 pos=(1,3) world=(-309,33,0) screen=(555,576) projected=1 alive=1
2026.10.01-06.06.12 SHOT fighter f-0-sk1 pos=(0,2) world=(-398,-3,0) screen=(442,537) projected=1 alive=1
2026.10.01-06.06.12 SHOT fighter f-0-sk2 pos=(0,3) world=(-394,92,0) screen=(435,640) projected=1 alive=1
2026.10.01-06.06.12 SHOT fighter f-1-hero pos=(5,4) world=(119,141,0) screen=(1120,695) projected=1 alive=1
2026.10.01-06.06.12 SHOT fighter f-1-sk0 pos=(6,3) world=(159,52,0) screen=(1169,596) projected=1 alive=1
2026.10.01-06.06.12 SHOT camera dist=2340.2 target=2340.2 overview=2340.2 errPct=0.000 focusErr=0.00 settled=1 zoom=1.00
2026.10.01-06.06.12 SHOT head fighter=f-0-hero socket=Head mesh=SK_Medusa_H2LD world=(-217.8,-12.3,47.2) screen=(672.8,491.1) top=(672.2,486.4) bottom=(673.4,495.7) headPx=9.4 projected=1
2026.10.01-06.06.12 SHOT head fighter=f-0-sk0 socket=Head mesh=SK_Harpy_H3LD world=(-309.0,27.9,34.0) screen=(550.2,544.5) top=(549.4,539.9) bottom=(551.1,549.0) headPx=9.3 projected=1
2026.10.01-06.06.12 SHOT head fighter=f-0-sk1 socket=Head mesh=SK_Harpy_H3LD world=(-398.5,2.4,34.3) screen=(434.9,516.6) top=(433.8,512.0) bottom=(436.0,521.2) headPx=9.4 projected=1
2026.10.01-06.06.12 SHOT head fighter=f-0-sk2 socket=Head mesh=SK_Harpy_H3LD world=(-393.6,86.8,34.1) screen=(430.3,609.3) top=(429.2,604.9) bottom=(431.5,613.8) headPx=9.3 projected=1
2026.10.01-06.06.12 SHOT head fighter=f-1-hero socket=Head mesh=SK_KingArthur_H2LD world=(118.4,140.2,50.0) screen=(1122.5,658.2) top=(1122.8,653.8) bottom=(1122.1,662.7) headPx=9.0 projected=1
2026.10.01-06.06.12 SHOT head fighter=f-1-sk0 socket=Head mesh=SK_Merlin_H2LD world=(158.7,49.0,36.6) screen=(1171.8,565.5) top=(1172.2,560.9) bottom=(1171.3,570.0) headPx=9.1 projected=1
2026.10.01-06.06.12 SHOT figure fighter=f-0-hero bbox=(632,454,716,557) ringR=28.50 art=1 blockout=0 team=P1 look=P1 ring=1
2026.10.01-06.06.12 SHOT figure fighter=f-0-sk0 bbox=(516,520,586,600) ringR=22.23 art=1 blockout=0 team=P1 look=P1 ring=1
2026.10.01-06.06.12 SHOT figure fighter=f-0-sk1 bbox=(402,482,474,561) ringR=22.23 art=1 blockout=0 team=P1 look=P1 ring=1
2026.10.01-06.06.12 SHOT figure fighter=f-0-sk2 bbox=(394,584,467,665) ringR=22.23 art=1 blockout=0 team=P1 look=P1 ring=1
2026.10.01-06.06.12 SHOT figure fighter=f-1-hero bbox=(1081,619,1165,728) ringR=28.50 art=1 blockout=0 team=P2 look=P2 ring=1
2026.10.01-06.06.12 SHOT figure fighter=f-1-sk0 bbox=(1139,534,1204,620) ringR=22.23 art=1 blockout=0 team=P2 look=P2 ring=1
2026.10.01-06.06.12 SHOT request file=bench-K1-1920x1080.png frame=8667
2026.10.01-06.06.12 SHOT requested: FScreenshotRequest(bShowUI) -> C:\tmp\envmaps-research\p5a\bench\runs-raw\sarpedon\r1/bench-K1-1920x1080.png
2026.10.01-06.06.12 SHOT captured file=bench-K1-1920x1080.png frame=8667 px=1920x1080 sha256=54fded365e82f21612a79e966837d1540caa4a05f14b8d6828c0051afca34b76 order=BGRA saved=1
2026.10.01-06.06.12 SHOT late begin file=bench-K1-1920x1080.png frame=8667 requestFrame=8667
2026.10.01-06.06.12 SHOT iconstate visible=0 lastFighter=none frame=8667
2026.10.01-06.06.12 SHOT panel id=hud.command bbox=(0,0,20,20) geom=painted visible=1 frame=8667
2026.10.01-06.06.12 SHOT panel id=hud.side bbox=(1884,0,1920,28) geom=painted visible=1 frame=8667
2026.10.01-06.06.12 SHOT panel id=hud.hand bbox=(950,1060,970,1080) geom=painted visible=1 frame=8667
2026.10.01-06.06.12 SHOT label fighter=f-0-hero mode=full bbox=(631,449,707,476) frame=8667
2026.10.01-06.06.12 SHOT label fighter=f-0-sk0 mode=full bbox=(503,514,587,537) frame=8667
2026.10.01-06.06.12 SHOT label fighter=f-0-sk1 mode=full bbox=(387,475,472,498) frame=8667
2026.10.01-06.06.12 SHOT label fighter=f-0-sk2 mode=full bbox=(379,580,465,602) frame=8667
2026.10.01-06.06.12 SHOT label fighter=f-1-hero mode=full bbox=(1085,625,1166,647) frame=8667
2026.10.01-06.06.12 SHOT label fighter=f-1-sk0 mode=full bbox=(1144,533,1205,557) frame=8667
2026.10.01-06.06.12 SHOT late end file=bench-K1-1920x1080.png frame=8667
2026.10.01-06.06.12 BENCH shot view=K1 saved=1 path=C:\tmp\envmaps-research\p5a\bench\runs-raw\sarpedon\r1/bench-K1-1920x1080.png
2026.10.01-06.06.12 BENCH view=K1x0.65 zoom-out wanted=0.65 target=2880.2 zoom=0.81 limit=far
2026.10.01-06.06.13 BENCH view=K1x0.65 camera settled=1 dist=2854.7 target=2880.2 zoom=0.82
2026.10.01-06.06.41 BENCH measure view=K1x0.65 window=20.0 frames=2994 fps=149.67 frameMs avg=6.68 p50=6.66 p95=7.96 p99=8.52 max=11.09 hitches50=0 gpuMs avg=2.31 p50=2.35 p95=2.52 gameMs avg=1.27 p95=1.55 renderMs avg=6.68 p95=7.95
2026.10.01-06.06.41 RENDER tag=BENCH rhi=D3D12 featureLevel=SM6 shaderPlatform=PCD3D_SM6 lumenPlatform=1 gi=lumen giMethod=1 refl=lumen reflMethod=1 shadows=csm vsmEnable=0 sg.res=100 sg.view=2 sg.aa=2 sg.shadow=2 sg.gi=2 sg.refl=2 sg.pp=2 sg.tex=2 sg.fx=2 sg.foliage=2 sg.shading=2 sg.landscape=2 preset=High screenPct=100.0 screenPctMode=0 aa=TSR aaMethod=4 exposure=fixed-histogram expMin=4.14106 expMax=4.14106 expBias=0.000 ev100=2.05 lightUnits=candelas sky=1 skyIntensity=3.000 keyShadow=csm-3600uu-2c-contact0.000 shadowCasters=1 profile=sarpedon-night profilesSha256=c90dddd95a8a7a0b12294b1a6f47218d6e7a860f74b8c51660d4fdb00c320a8b profilesSource=pak legacyRender=0 gameLayer=unlit-eyeadaptinv tMaxFPS=0.0 vsync=0 frameRateLimit=60.0 substrate=0 nanite=1 meshDF=1 viewport=1920x1080 reference=1
2026.10.01-06.06.41 BENCH profilegpu view=K1x0.65 requested (dump in Unmatched.log, LogRHI)
2026.10.01-06.06.44 SHOT ctx viewport=1920x1080 viewTarget=CameraActor_2147482298 cam=(0,1652,2359) rot=(-55,-90,0)
2026.10.01-06.06.44 RENDER tag=SHOT rhi=D3D12 featureLevel=SM6 shaderPlatform=PCD3D_SM6 lumenPlatform=1 gi=lumen giMethod=1 refl=lumen reflMethod=1 shadows=csm vsmEnable=0 sg.res=100 sg.view=2 sg.aa=2 sg.shadow=2 sg.gi=2 sg.refl=2 sg.pp=2 sg.tex=2 sg.fx=2 sg.foliage=2 sg.shading=2 sg.landscape=2 preset=High screenPct=100.0 screenPctMode=0 aa=TSR aaMethod=4 exposure=fixed-histogram expMin=4.14106 expMax=4.14106 expBias=0.000 ev100=2.05 lightUnits=candelas sky=1 skyIntensity=3.000 keyShadow=csm-3600uu-2c-contact0.000 shadowCasters=1 profile=sarpedon-night profilesSha256=c90dddd95a8a7a0b12294b1a6f47218d6e7a860f74b8c51660d4fdb00c320a8b profilesSource=pak legacyRender=0 gameLayer=unlit-eyeadaptinv tMaxFPS=0.0 vsync=0 frameRateLimit=60.0 substrate=0 nanite=1 meshDF=1 viewport=1920x1080 reference=1
2026.10.01-06.06.44 SHOT fighter f-0-hero pos=(2,2) world=(-218,-13,0) screen=(730,529) projected=1 alive=1
2026.10.01-06.06.44 SHOT fighter f-0-sk0 pos=(1,3) world=(-309,33,0) screen=(631,569) projected=1 alive=1
2026.10.01-06.06.44 SHOT fighter f-0-sk1 pos=(0,2) world=(-398,-3,0) screen=(539,538) projected=1 alive=1
2026.10.01-06.06.44 SHOT fighter f-0-sk2 pos=(0,3) world=(-394,92,0) screen=(535,621) projected=1 alive=1
2026.10.01-06.06.44 SHOT fighter f-1-hero pos=(5,4) world=(119,141,0) screen=(1089,665) projected=1 alive=1
2026.10.01-06.06.44 SHOT fighter f-1-sk0 pos=(6,3) world=(159,52,0) screen=(1130,585) projected=1 alive=1
2026.10.01-06.06.44 SHOT camera dist=2880.2 target=2880.2 overview=2340.2 errPct=0.000 focusErr=0.00 settled=1 zoom=0.81
2026.10.01-06.06.44 SHOT head fighter=f-0-hero socket=Head mesh=SK_Medusa_H2LD world=(-217.6,-11.4,47.1) screen=(727.4,501.2) top=(727.0,497.4) bottom=(727.8,504.9) headPx=7.5 projected=1
2026.10.01-06.06.44 SHOT head fighter=f-0-sk0 socket=Head mesh=SK_Harpy_H3LD world=(-308.5,28.1,34.0) screen=(628.8,543.8) top=(628.2,540.1) bottom=(629.4,547.5) headPx=7.5 projected=1
2026.10.01-06.06.44 SHOT head fighter=f-0-sk1 socket=Head mesh=SK_Harpy_H3LD world=(-398.3,2.8,34.0) screen=(534.6,521.6) top=(533.9,517.9) bottom=(535.4,525.3) headPx=7.6 projected=1
2026.10.01-06.06.44 SHOT head fighter=f-0-sk2 socket=Head mesh=SK_Harpy_H3LD world=(-394.1,87.1,34.3) screen=(531.8,596.1) top=(531.1,592.5) bottom=(532.6,599.7) headPx=7.4 projected=1
2026.10.01-06.06.44 SHOT head fighter=f-1-hero socket=Head mesh=SK_KingArthur_H2LD world=(119.4,139.8,50.1) screen=(1091.7,634.7) top=(1092.0,631.0) bottom=(1091.5,638.3) headPx=7.3 projected=1
2026.10.01-06.06.44 SHOT head fighter=f-1-sk0 socket=Head mesh=SK_Merlin_H2LD world=(159.2,48.6,36.4) screen=(1131.7,560.4) top=(1132.0,556.7) bottom=(1131.4,564.1) headPx=7.4 projected=1
2026.10.01-06.06.44 SHOT figure fighter=f-0-hero bbox=(695,470,762,554) ringR=28.50 art=1 blockout=0 team=P1 look=P1 ring=1
2026.10.01-06.06.44 SHOT figure fighter=f-0-sk0 bbox=(602,524,656,589) ringR=22.23 art=1 blockout=0 team=P1 look=P1 ring=1
2026.10.01-06.06.44 SHOT figure fighter=f-0-sk1 bbox=(508,493,564,557) ringR=22.23 art=1 blockout=0 team=P1 look=P1 ring=1
2026.10.01-06.06.44 SHOT figure fighter=f-0-sk2 bbox=(504,576,561,641) ringR=22.23 art=1 blockout=0 team=P1 look=P1 ring=1
2026.10.01-06.06.44 SHOT figure fighter=f-1-hero bbox=(1058,603,1124,692) ringR=28.50 art=1 blockout=0 team=P2 look=P2 ring=1
2026.10.01-06.06.44 SHOT figure fighter=f-1-sk0 bbox=(1105,536,1157,605) ringR=22.23 art=1 blockout=0 team=P2 look=P2 ring=1
2026.10.01-06.06.44 SHOT request file=bench-K1x0p65-1920x1080.png frame=13309
2026.10.01-06.06.44 SHOT requested: FScreenshotRequest(bShowUI) -> C:\tmp\envmaps-research\p5a\bench\runs-raw\sarpedon\r1/bench-K1x0p65-1920x1080.png
2026.10.01-06.06.44 SHOT captured file=bench-K1x0p65-1920x1080.png frame=13309 px=1920x1080 sha256=0fb032b33bc53d786b6f5b1755c1ea43e9585401b034323ce37c36758fc45a46 order=BGRA saved=1
2026.10.01-06.06.44 SHOT late begin file=bench-K1x0p65-1920x1080.png frame=13309 requestFrame=13309
2026.10.01-06.06.44 SHOT iconstate visible=0 lastFighter=none frame=13309
2026.10.01-06.06.44 SHOT panel id=hud.command bbox=(0,0,20,20) geom=painted visible=1 frame=13309
2026.10.01-06.06.44 SHOT panel id=hud.side bbox=(1884,0,1920,28) geom=painted visible=1 frame=13309
2026.10.01-06.06.44 SHOT panel id=hud.hand bbox=(950,1060,970,1080) geom=painted visible=1 frame=13309
2026.10.01-06.06.44 SHOT label fighter=f-0-hero mode=full bbox=(687,464,762,488) frame=13309
2026.10.01-06.06.44 SHOT label fighter=f-0-sk0 mode=full bbox=(583,517,666,537) frame=13309
2026.10.01-06.06.44 SHOT label fighter=f-0-sk1 mode=full bbox=(489,485,572,506) frame=13309
2026.10.01-06.06.44 SHOT label fighter=f-0-sk2 mode=full bbox=(484,570,569,590) frame=13309
2026.10.01-06.06.44 SHOT label fighter=f-1-hero mode=full bbox=(1053,606,1132,626) frame=13309
2026.10.01-06.06.44 SHOT label fighter=f-1-sk0 mode=full bbox=(1103,532,1163,554) frame=13309
2026.10.01-06.06.44 SHOT late end file=bench-K1x0p65-1920x1080.png frame=13309
2026.10.01-06.06.44 BENCH shot view=K1x0.65 saved=1 path=C:\tmp\envmaps-research\p5a\bench\runs-raw\sarpedon\r1/bench-K1x0p65-1920x1080.png
2026.10.01-06.06.44 ARTPREVIEW selection ring shown fighter=Medusa mesh=SM_Marker_SelectionRing
2026.10.01-06.06.44 ARTPREVIEW reachable rings cells=19 placed=1 radiusUU=36 segments=48 style=readability color=#FFC857 stroke=#14110C widthUU=3.50 strokeUU=1.50
2026.10.01-06.06.44 BENCH view=K2x1.6 focus hero=f-0-hero zoom=1.60 target=1462.6 clamp=0
2026.10.01-06.06.44 BENCH view=K2x1.6 camera settled=1 dist=1463.4 target=1462.6 zoom=1.60
2026.10.01-06.07.12 BENCH measure view=K2x1.6 window=20.0 frames=2904 fps=145.18 frameMs avg=6.89 p50=6.85 p95=8.13 p99=8.73 max=11.42 hitches50=0 gpuMs avg=2.35 p50=2.28 p95=2.58 gameMs avg=1.32 p95=1.67 renderMs avg=6.89 p95=8.11
2026.10.01-06.07.12 RENDER tag=BENCH rhi=D3D12 featureLevel=SM6 shaderPlatform=PCD3D_SM6 lumenPlatform=1 gi=lumen giMethod=1 refl=lumen reflMethod=1 shadows=csm vsmEnable=0 sg.res=100 sg.view=2 sg.aa=2 sg.shadow=2 sg.gi=2 sg.refl=2 sg.pp=2 sg.tex=2 sg.fx=2 sg.foliage=2 sg.shading=2 sg.landscape=2 preset=High screenPct=100.0 screenPctMode=0 aa=TSR aaMethod=4 exposure=fixed-histogram expMin=4.14106 expMax=4.14106 expBias=0.000 ev100=2.05 lightUnits=candelas sky=1 skyIntensity=3.000 keyShadow=csm-3600uu-2c-contact0.000 shadowCasters=1 profile=sarpedon-night profilesSha256=c90dddd95a8a7a0b12294b1a6f47218d6e7a860f74b8c51660d4fdb00c320a8b profilesSource=pak legacyRender=0 gameLayer=unlit-eyeadaptinv tMaxFPS=0.0 vsync=0 frameRateLimit=60.0 substrate=0 nanite=1 meshDF=1 viewport=1920x1080 reference=1
2026.10.01-06.07.12 BENCH profilegpu view=K2x1.6 requested (dump in Unmatched.log, LogRHI)
2026.10.01-06.07.15 SHOT ctx viewport=1920x1080 viewTarget=CameraActor_2147482298 cam=(-218,826,1226) rot=(-55,-90,0)
2026.10.01-06.07.15 RENDER tag=SHOT rhi=D3D12 featureLevel=SM6 shaderPlatform=PCD3D_SM6 lumenPlatform=1 gi=lumen giMethod=1 refl=lumen reflMethod=1 shadows=csm vsmEnable=0 sg.res=100 sg.view=2 sg.aa=2 sg.shadow=2 sg.gi=2 sg.refl=2 sg.pp=2 sg.tex=2 sg.fx=2 sg.foliage=2 sg.shading=2 sg.landscape=2 preset=High screenPct=100.0 screenPctMode=0 aa=TSR aaMethod=4 exposure=fixed-histogram expMin=4.14106 expMax=4.14106 expBias=0.000 ev100=2.05 lightUnits=candelas sky=1 skyIntensity=3.000 keyShadow=csm-3600uu-2c-contact0.000 shadowCasters=1 profile=sarpedon-night profilesSha256=c90dddd95a8a7a0b12294b1a6f47218d6e7a860f74b8c51660d4fdb00c320a8b profilesSource=pak legacyRender=0 gameLayer=unlit-eyeadaptinv tMaxFPS=0.0 vsync=0 frameRateLimit=60.0 substrate=0 nanite=1 meshDF=1 viewport=1920x1080 reference=1
2026.10.01-06.07.15 SHOT fighter f-0-hero pos=(2,2) world=(-218,-13,0) screen=(960,573) projected=1 alive=1
2026.10.01-06.07.15 SHOT fighter f-0-sk0 pos=(1,3) world=(-309,33,0) screen=(769,652) projected=1 alive=1
2026.10.01-06.07.15 SHOT fighter f-0-sk1 pos=(0,2) world=(-398,-3,0) screen=(588,590) projected=1 alive=1
2026.10.01-06.07.15 SHOT fighter f-0-sk2 pos=(0,3) world=(-394,92,0) screen=(583,757) projected=1 alive=1
2026.10.01-06.07.15 SHOT fighter f-1-hero pos=(5,4) world=(119,141,0) screen=(1693,849) projected=1 alive=1
2026.10.01-06.07.15 SHOT fighter f-1-sk0 pos=(6,3) world=(159,52,0) screen=(1751,685) projected=1 alive=1
2026.10.01-06.07.15 SHOT camera dist=1462.6 target=1462.6 overview=2340.2 errPct=0.000 focusErr=0.00 settled=1 zoom=1.60
2026.10.01-06.07.15 SHOT head fighter=f-0-hero socket=Head mesh=SK_Medusa_H2LD world=(-217.7,-12.3,47.2) screen=(959.8,517.5) top=(959.8,510.2) bottom=(959.8,524.8) headPx=14.6 projected=1
2026.10.01-06.07.15 SHOT head fighter=f-0-sk0 socket=Head mesh=SK_Harpy_H3LD world=(-308.3,28.1,34.1) screen=(767.6,603.5) top=(767.0,596.4) bottom=(768.3,610.6) headPx=14.2 projected=1
2026.10.01-06.07.15 SHOT head fighter=f-0-sk1 socket=Head mesh=SK_Harpy_H3LD world=(-398.8,2.6,33.9) screen=(579.3,559.1) top=(578.1,551.9) bottom=(580.6,566.2) headPx=14.6 projected=1
2026.10.01-06.07.15 SHOT head fighter=f-0-sk2 socket=Head mesh=SK_Harpy_H3LD world=(-394.4,86.6,34.0) screen=(575.8,709.2) top=(574.5,702.3) bottom=(577.1,716.1) headPx=14.0 projected=1
2026.10.01-06.07.15 SHOT head fighter=f-1-hero socket=Head mesh=SK_KingArthur_H2LD world=(118.9,141.0,50.1) screen=(1715.5,794.1) top=(1718.2,787.2) bottom=(1712.7,800.9) headPx=14.7 projected=1
2026.10.01-06.07.15 SHOT head fighter=f-1-sk0 socket=Head mesh=SK_Merlin_H2LD world=(158.7,49.0,36.6) screen=(1766.9,637.6) top=(1769.7,630.6) bottom=(1764.1,644.6) headPx=15.1 projected=1
2026.10.01-06.07.15 SHOT selection fighter=f-0-hero ownCell=(2,2) legal=20 destinations=19 ownCellExcluded=1 plateFighter=none
2026.10.01-06.07.15 SHOT reachable fighter=f-0-hero n=19 cells=(0,0)(1,0)(2,0)(3,0)(4,0)(0,1)(1,1)(2,1)(3,1)(4,1)(5,1)(3,2)(2,3)(0,4)(1,4)(2,4)(3,4)(4,4)(1,5)
2026.10.01-06.07.15 SHOT figure fighter=f-0-hero bbox=(899,459,1021,622) ringR=28.50 art=1 blockout=0 team=P1 look=P1 ring=1
2026.10.01-06.07.15 SHOT figure fighter=f-0-sk0 bbox=(715,564,817,691) ringR=22.23 art=1 blockout=0 team=P1 look=P1 ring=1
2026.10.01-06.07.15 SHOT figure fighter=f-0-sk1 bbox=(529,502,637,628) ringR=22.23 art=1 blockout=0 team=P1 look=P1 ring=1
2026.10.01-06.07.15 SHOT figure fighter=f-0-sk2 bbox=(521,669,633,799) ringR=22.23 art=1 blockout=0 team=P1 look=P1 ring=1
2026.10.01-06.07.15 SHOT figure fighter=f-1-hero bbox=(1624,727,1795,904) ringR=28.50 art=1 blockout=0 team=P2 look=P2 ring=1
2026.10.01-06.07.15 SHOT figure fighter=f-1-sk0 bbox=(1698,588,1830,725) ringR=22.23 art=1 blockout=0 team=P2 look=P2 ring=1
2026.10.01-06.07.15 SHOT request file=bench-K2x1p6-1920x1080.png frame=17848
2026.10.01-06.07.15 SHOT requested: FScreenshotRequest(bShowUI) -> C:\tmp\envmaps-research\p5a\bench\runs-raw\sarpedon\r1/bench-K2x1p6-1920x1080.png
2026.10.01-06.07.15 SHOT captured file=bench-K2x1p6-1920x1080.png frame=17848 px=1920x1080 sha256=790fc6b5ef24b947196406124ca5c73c9c1fd043f3f1d037cf901b046eb9a17e order=BGRA saved=1
2026.10.01-06.07.15 SHOT late begin file=bench-K2x1p6-1920x1080.png frame=17848 requestFrame=17848
2026.10.01-06.07.15 SHOT iconstate visible=0 lastFighter=none frame=17848
2026.10.01-06.07.15 SHOT panel id=hud.command bbox=(0,0,20,20) geom=painted visible=1 frame=17848
2026.10.01-06.07.15 SHOT panel id=hud.side bbox=(1884,0,1920,28) geom=painted visible=1 frame=17848
2026.10.01-06.07.15 SHOT panel id=hud.hand bbox=(950,1060,970,1080) geom=painted visible=1 frame=17848
2026.10.01-06.07.15 SHOT label fighter=f-0-hero mode=full bbox=(924,468,996,497) frame=17848
2026.10.01-06.07.15 SHOT label fighter=f-0-sk0 mode=full bbox=(722,573,804,598) frame=17848
2026.10.01-06.07.15 SHOT label fighter=f-0-sk1 mode=full bbox=(534,510,618,534) frame=17848
2026.10.01-06.07.15 SHOT label fighter=f-0-sk2 mode=full bbox=(526,681,613,704) frame=17848
2026.10.01-06.07.15 SHOT label fighter=f-1-hero mode=full bbox=(1682,755,1772,778) frame=17848
2026.10.01-06.07.15 SHOT label fighter=f-1-sk0 mode=full bbox=(1744,605,1813,631) frame=17848
2026.10.01-06.07.15 SHOT late end file=bench-K2x1p6-1920x1080.png frame=17848
2026.10.01-06.07.15 BENCH shot view=K2x1.6 saved=1 path=C:\tmp\envmaps-research\p5a\bench\runs-raw\sarpedon\r1/bench-K2x1p6-1920x1080.png
2026.10.01-06.07.15 ARTPREVIEW selection ring shown fighter=Medusa mesh=SM_Marker_SelectionRing
2026.10.01-06.07.15 ARTPREVIEW reachable rings cells=19 placed=1 radiusUU=36 segments=48 style=readability color=#FFC857 stroke=#14110C widthUU=3.50 strokeUU=1.50
2026.10.01-06.07.15 BENCH view=K2x2.5 focus hero=f-0-hero zoom=2.50 target=936.1 clamp=0
2026.10.01-06.07.16 BENCH view=K2x2.5 camera settled=1 dist=943.8 target=936.1 zoom=2.48
2026.10.01-06.07.44 BENCH measure view=K2x2.5 window=20.0 frames=3052 fps=152.57 frameMs avg=6.55 p50=6.53 p95=7.79 p99=8.37 max=10.45 hitches50=0 gpuMs avg=2.37 p50=2.41 p95=2.57 gameMs avg=1.32 p95=1.62 renderMs avg=6.55 p95=7.79
2026.10.01-06.07.44 RENDER tag=BENCH rhi=D3D12 featureLevel=SM6 shaderPlatform=PCD3D_SM6 lumenPlatform=1 gi=lumen giMethod=1 refl=lumen reflMethod=1 shadows=csm vsmEnable=0 sg.res=100 sg.view=2 sg.aa=2 sg.shadow=2 sg.gi=2 sg.refl=2 sg.pp=2 sg.tex=2 sg.fx=2 sg.foliage=2 sg.shading=2 sg.landscape=2 preset=High screenPct=100.0 screenPctMode=0 aa=TSR aaMethod=4 exposure=fixed-histogram expMin=4.14106 expMax=4.14106 expBias=0.000 ev100=2.05 lightUnits=candelas sky=1 skyIntensity=3.000 keyShadow=csm-3600uu-2c-contact0.000 shadowCasters=1 profile=sarpedon-night profilesSha256=c90dddd95a8a7a0b12294b1a6f47218d6e7a860f74b8c51660d4fdb00c320a8b profilesSource=pak legacyRender=0 gameLayer=unlit-eyeadaptinv tMaxFPS=0.0 vsync=0 frameRateLimit=60.0 substrate=0 nanite=1 meshDF=1 viewport=1920x1080 reference=1
2026.10.01-06.07.44 BENCH profilegpu view=K2x2.5 requested (dump in Unmatched.log, LogRHI)
2026.10.01-06.07.47 SHOT ctx viewport=1920x1080 viewTarget=CameraActor_2147482298 cam=(-218,524,795) rot=(-55,-90,0)
2026.10.01-06.07.47 RENDER tag=SHOT rhi=D3D12 featureLevel=SM6 shaderPlatform=PCD3D_SM6 lumenPlatform=1 gi=lumen giMethod=1 refl=lumen reflMethod=1 shadows=csm vsmEnable=0 sg.res=100 sg.view=2 sg.aa=2 sg.shadow=2 sg.gi=2 sg.refl=2 sg.pp=2 sg.tex=2 sg.fx=2 sg.foliage=2 sg.shading=2 sg.landscape=2 preset=High screenPct=100.0 screenPctMode=0 aa=TSR aaMethod=4 exposure=fixed-histogram expMin=4.14106 expMax=4.14106 expBias=0.000 ev100=2.05 lightUnits=candelas sky=1 skyIntensity=3.000 keyShadow=csm-3600uu-2c-contact0.000 shadowCasters=1 profile=sarpedon-night profilesSha256=c90dddd95a8a7a0b12294b1a6f47218d6e7a860f74b8c51660d4fdb00c320a8b profilesSource=pak legacyRender=0 gameLayer=unlit-eyeadaptinv tMaxFPS=0.0 vsync=0 frameRateLimit=60.0 substrate=0 nanite=1 meshDF=1 viewport=1920x1080 reference=1
2026.10.01-06.07.47 SHOT fighter f-0-hero pos=(2,2) world=(-218,-13,0) screen=(960,591) projected=1 alive=1
2026.10.01-06.07.47 SHOT fighter f-0-sk0 pos=(1,3) world=(-309,33,0) screen=(662,715) projected=1 alive=1
2026.10.01-06.07.47 SHOT fighter f-0-sk1 pos=(0,2) world=(-398,-3,0) screen=(383,617) projected=1 alive=1
2026.10.01-06.07.47 SHOT fighter f-0-sk2 pos=(0,3) world=(-394,92,0) screen=(362,885) projected=1 alive=1
2026.10.01-06.07.47 SHOT fighter f-1-hero pos=(5,4) world=(119,141,0) screen=(2137,1035) projected=1 alive=1
2026.10.01-06.07.47 SHOT fighter f-1-sk0 pos=(6,3) world=(159,52,0) screen=(2203,767) projected=1 alive=1
2026.10.01-06.07.47 SHOT camera dist=936.1 target=936.1 overview=2340.2 errPct=0.000 focusErr=0.00 settled=1 zoom=2.50
2026.10.01-06.07.47 SHOT head fighter=f-0-hero socket=Head mesh=SK_Medusa_H2LD world=(-217.6,-11.4,47.1) screen=(960.1,507.3) top=(960.1,495.6) bottom=(960.1,518.8) headPx=23.1 projected=1
2026.10.01-06.07.47 SHOT head fighter=f-0-sk0 socket=Head mesh=SK_Harpy_H3LD world=(-308.7,28.4,34.3) screen=(654.4,640.7) top=(652.7,629.6) bottom=(656.0,651.6) headPx=22.3 projected=1
2026.10.01-06.07.47 SHOT head fighter=f-0-sk1 socket=Head mesh=SK_Harpy_H3LD world=(-399.1,2.5,34.1) screen=(361.2,569.6) top=(358.0,558.3) bottom=(364.4,580.7) headPx=23.3 projected=1
2026.10.01-06.07.47 SHOT head fighter=f-0-sk2 socket=Head mesh=SK_Harpy_H3LD world=(-394.0,86.8,34.0) screen=(346.0,811.9) top=(342.5,801.3) bottom=(349.4,822.3) headPx=22.0 projected=1
2026.10.01-06.07.47 SHOT head fighter=f-1-hero socket=Head mesh=SK_KingArthur_H2LD world=(118.7,139.7,50.1) screen=(2193.0,951.1) top=(2200.4,940.9) bottom=(2185.8,961.2) headPx=25.1 projected=1
2026.10.01-06.07.47 SHOT head fighter=f-1-sk0 socket=Head mesh=SK_Merlin_H2LD world=(159.2,48.6,36.4) screen=(2243.5,694.4) top=(2250.6,683.5) bottom=(2236.5,705.2) headPx=25.9 projected=1
2026.10.01-06.07.47 SHOT selection fighter=f-0-hero ownCell=(2,2) legal=20 destinations=19 ownCellExcluded=1 plateFighter=none
2026.10.01-06.07.47 SHOT reachable fighter=f-0-hero n=19 cells=(0,0)(1,0)(2,0)(3,0)(4,0)(0,1)(1,1)(2,1)(3,1)(4,1)(5,1)(3,2)(2,3)(0,4)(1,4)(2,4)(3,4)(4,4)(1,5)
2026.10.01-06.07.47 SHOT figure fighter=f-0-hero bbox=(863,413,1057,667) ringR=28.50 art=1 blockout=0 team=P1 look=P1 ring=1
2026.10.01-06.07.47 SHOT figure fighter=f-0-sk0 bbox=(570,578,737,778) ringR=22.23 art=1 blockout=0 team=P1 look=P1 ring=1
2026.10.01-06.07.47 SHOT figure fighter=f-0-sk1 bbox=(278,481,461,677) ringR=22.23 art=1 blockout=0 team=P1 look=P1 ring=1
2026.10.01-06.07.47 SHOT figure fighter=f-0-sk2 bbox=(249,746,444,952) ringR=22.23 art=1 blockout=0 team=P1 look=P1 ring=1
2026.10.01-06.07.47 SHOT figure fighter=f-1-hero bbox=(2017,845,2340,1128) ringR=28.50 art=1 blockout=0 team=P2 look=P2 ring=1
2026.10.01-06.07.47 SHOT figure fighter=f-1-sk0 bbox=(2114,616,2357,832) ringR=22.23 art=1 blockout=0 team=P2 look=P2 ring=1
2026.10.01-06.07.47 SHOT request file=bench-K2x2p5-1920x1080.png frame=22582
2026.10.01-06.07.47 SHOT requested: FScreenshotRequest(bShowUI) -> C:\tmp\envmaps-research\p5a\bench\runs-raw\sarpedon\r1/bench-K2x2p5-1920x1080.png
2026.10.01-06.07.47 SHOT captured file=bench-K2x2p5-1920x1080.png frame=22582 px=1920x1080 sha256=db28b4876eeca290a93cc863fb7398e9c67cb4fcb86b1b6fb65c5455266acd0a order=BGRA saved=1
2026.10.01-06.07.47 SHOT late begin file=bench-K2x2p5-1920x1080.png frame=22582 requestFrame=22582
2026.10.01-06.07.47 SHOT iconstate visible=0 lastFighter=none frame=22582
2026.10.01-06.07.47 SHOT panel id=hud.command bbox=(0,0,20,20) geom=painted visible=1 frame=22582
2026.10.01-06.07.47 SHOT panel id=hud.side bbox=(1884,0,1920,28) geom=painted visible=1 frame=22582
2026.10.01-06.07.47 SHOT panel id=hud.hand bbox=(950,1060,970,1080) geom=painted visible=1 frame=22582
2026.10.01-06.07.47 SHOT label fighter=f-0-hero mode=full bbox=(923,441,997,474) frame=22582
2026.10.01-06.07.47 SHOT late end file=bench-K2x2p5-1920x1080.png frame=22582
2026.10.01-06.07.47 BENCH shot view=K2x2.5 saved=1 path=C:\tmp\envmaps-research\p5a\bench\runs-raw\sarpedon\r1/bench-K2x2p5-1920x1080.png
2026.10.01-06.07.47 BENCH done views=4 elapsed=155.9
2026.10.01-06.07.47 --- S08 trace close ---
