2026.10.01-03.02.32 --- S08 trace open 2026.10.01-03.02.32 ---
2026.10.01-03.02.32 HUD team chips ready=1 mode=absolute tagNames=rule
2026.10.01-03.02.32 HUD icon texture size=32 ready=1 path=/Game/ArtTests/ARTMarkers/Textures/T_UI_Action_AttackToken_32 texture=32x32 probe=0 plate=1
2026.10.01-03.02.32 HUD art widget tag impl=umg source=/Game/S08/UI/ArtHud/WBP_S08ArtTag class=/Game/S08/UI/ArtHud/WBP_S08ArtTag.WBP_S08ArtTag_C count=8 missing=- codeDefaultTree=0
2026.10.01-03.02.32 HUD art widget plate impl=umg source=/Game/S08/UI/ArtHud/WBP_S08ArtPlate class=/Game/S08/UI/ArtHud/WBP_S08ArtPlate.WBP_S08ArtPlate_C parts=1 missing=- codeDefaultTree=0
2026.10.01-03.02.32 HUD art widget icon impl=umg source=/Game/S08/UI/ArtHud/WBP_S08ArtIcon class=/Game/S08/UI/ArtHud/WBP_S08ArtIcon.WBP_S08ArtIcon_C parts=1 missing=- codeDefaultTree=0
2026.10.01-03.02.32 HUD art widget damage impl=umg source=/Game/S08/UI/ArtHud/WBP_S08ArtDamage class=/Game/S08/UI/ArtHud/WBP_S08ArtDamage.WBP_S08ArtDamage_C parts=1 missing=- codeDefaultTree=0
2026.10.01-03.02.32 RENDER preset applied=High flag=S08RenderPreset
2026.10.01-03.02.32 BENCH start (W4-A backend-less render bench)
2026.10.01-03.02.32 ARTPREVIEW diorama requested mesh=/Game/PipelineCandidates/TableBase/20260928-table-base-tripo-h31/Meshes/SM_TableBase.SM_TableBase mi=MI_TableBase_Candidate
2026.10.01-03.02.32 ARTPREVIEW envlayout enabled dir=Config/ArtBoards/EnvLayouts source=pak files=2 names=marmoreal.layout.json+sarpedon.layout.json
2026.10.01-03.02.32 ARTPREVIEW board profiles loaded=1 revision=9 boards=5 zoneStyles=11 lightProfiles=5 errors=0 path=Config/ArtBoards/S08ArtBoardProfiles.json
2026.10.01-03.02.32 ARTPREVIEW board profiles source=pak sha256=aae181a4e6122bbe6f49a0f11122caf379c91b78f20b97140f96277038744230
2026.10.01-03.02.32 ARTPREVIEW zone content instances=12/12 glyphMeshes=11/11
2026.10.01-03.02.32 ARTPREVIEW zone keyline content mi=MI_ART005_Zone_Keyline glyphKeyMeshes=11/11 color=#111317
2026.10.01-03.02.32 ARTPREVIEW game layer material=M_S08_GameLayerUnlit unlitEyeAdaptInv=1 legacyRender=0
2026.10.01-03.02.32 ARTPREVIEW Cobble assets ready
2026.10.01-03.02.32 ARTPREVIEW board assets ready cobbleMesh=1 tiles=1 zoneMaterials=2
2026.10.01-03.02.32 ARTPREVIEW medusa candidate variant=face-neck-v2 mesh=SK_Medusa_FaceNeck_v2Candidate requested=(default)
2026.10.01-03.02.32 ARTPREVIEW board profile=cobble-city match=boardId board=5x6 boardId=cmuhgs4b2001mwik4f2b2xtf8 surface=cobble-5x6-mesh light=cobble-probe artFixture=0
2026.10.01-03.02.32 ARTPREVIEW light profile=cobble-probe name=key role=key kind=directional at=(-350,-150,600) intensity=4.5 units=lux radius=0 color=(1.00,1.00,1.00) shadow=1
2026.10.01-03.02.32 ARTPREVIEW light profile=cobble-probe name=warm role=warm kind=point at=(260,-300,250) intensity=85 units=candelas radius=450 color=(1.00,1.00,1.00) shadow=0
2026.10.01-03.02.32 ARTPREVIEW sky profile=cobble-probe cubemap=/Game/S08/Render/TC_S08_AmbientDome loaded=1 spawned=1 intensity=11.2 color=(1.00,1.00,1.00) lowerBlack=0
2026.10.01-03.02.32 ARTPREVIEW exposure profile=cobble-probe method=histogram-fixed min=4.14106 max=4.14106 bias=0.000 ev100=2.05 volume=1
2026.10.01-03.02.32 ARTPREVIEW lights applied profile=cobble-probe directional=1 shadow=1 points=1 pointShadows=0 budgetOk=1
2026.10.01-03.02.32 ARTPREVIEW render profile=cobble-probe units=candelas sky=1 exposure=1 keyShadow=csm-3000uu-2c-contact0.000 shadowCasters=1 legacyRender=0
2026.10.01-03.02.32 ARTPREVIEW Cobble probe lights key=4.5 fill=0 warm=85
2026.10.01-03.02.32 ARTPREVIEW board zone keylines pieces=60 glyphKeys=30 glyphKeyCubePieces=0 mi=MI_ART005_Zone_Keyline growUU=1.5 edgeUU=42.0 maxOuterUU=45.0
2026.10.01-03.02.32 ARTPREVIEW board glyph meshes instances=30 keys=2/2 cubePieces=0 anchors=30
2026.10.01-03.02.32 ARTPREVIEW Cobble active 5x6 zones=30 blue=15 red=15 blueMarks=15 redMarks=45
2026.10.01-03.02.32 ARTPREVIEW board active profile=cobble-city 5x6 surface=cobble-5x6-mesh cells=30 zoneCells=30 multizone=0 triple=0 obstacles=0 zoneKeys=2 strokes=60 glyphs=45 surfaceParts=0 glyphMaterial=zone expectOk=1
2026.10.01-03.02.32 ARTPREVIEW board zone key=blue cells=15 stroke=solid glyph=diamond color=#3B78D8 ismUsage=1 strokePieces=15 glyphPieces=15 mi=MI_ART005_Zone_Blue glyphMesh=SM_ART005_ZoneGlyph_Diamond glyphInstances=15 fallback=0
2026.10.01-03.02.32 ARTPREVIEW board zone key=red cells=15 stroke=dash3 glyph=bars2 color=#EC6650 ismUsage=1 strokePieces=45 glyphPieces=30 mi=MI_ART005_Zone_Red glyphMesh=SM_ART005_ZoneGlyph_Bars2 glyphInstances=15 fallback=0
2026.10.01-03.02.32 ARTPREVIEW board multizone cells=0 zonesListed=0 zonesMarked=0
2026.10.01-03.02.32 ARTPREVIEW diorama tray=/Game/PipelineCandidates/TableBase/20260928-table-base-tripo-h31/Meshes/SM_TableBase.SM_TableBase mi=MI_TableBase_Candidate surface=cobble-5x6-mesh yaw=-90.0 scale=1.000x1.000x1.000 bounds=(-328.0,-378.0,-153.0)..(328.0,378.0,-3.0) size=656.0x756.0x150.0 topZ=-3.0 boardHalf=278.0x328.0 rimUU=50.0 collision=none
2026.10.01-03.02.32 CAMERA dist=1931 loc=(0,1107,1582) pitch=-55 yaw=-90
2026.10.01-03.02.32 CAMERA config overview=1930.8 nearest=300.0 farthest=2970.4 zoomRange=0.65-6.44 fit=1930.8 k1Mul=1.000 minDist=300.0 outRatio=0.650 step=1.250 animMs=200 returnMs=300 followFrom=1.20 source=defaults issues=0
2026.10.01-03.02.32 BOARD 5x6 cells | control points: (0,0)=(-200,-250,0) (4,5)=(200,250,0) | neighbor pair (dist 100 uu)
2026.10.01-03.02.32 ARTPREVIEW team mapping mode=absolute source=fighter-prefix viewerTeam=- p1=f-0-hero,f-0-sk0,f-0-sk1,f-0-sk2 p2=f-1-hero,f-1-sk0
2026.10.01-03.02.32 ARTPREVIEW heroesV2 fighter=f-0-hero mesh=/Game/PipelineCandidates/Medusa/H2LD/Meshes/SK_Medusa_H2LD mi=/Game/PipelineCandidates/Medusa/H2LD/Materials/MI_Medusa_H2LD_P1 yaw=90.0 scale=0.9998 name=Medusa hero=1 look=P1 base=/Game/PipelineCandidates/Medusa/H2LD/Meshes/SM_Medusa_H2LD_Base baseMi=/Game/PipelineCandidates/Medusa/H2LD/Materials/MI_Medusa_H2LD_Base_P1 skeleton=/Game/PipelineCandidates/Medusa/Rig/SK_Medusa_Skeleton.SK_Medusa_Skeleton clips=4/4 boundsTop=55.00 figureTop=55.00 budget=55.0
2026.10.01-03.02.32 ARTPREVIEW click capsule fighter=f-0-hero mesh=SK_Medusa_H2LD physicsAsset=0 radius=11.6 halfHeight=27.5 top=55.0 bodyCollision=0 source=meshBounds
2026.10.01-03.02.32 ARTPREVIEW fighter=Medusa hero=1 eligible=0 visual=1 mesh=SK_Medusa_H2LD
2026.10.01-03.02.32 ARTPREVIEW team ring fighter=f-0-hero team=P1 look=P1 mode=absolute shape=circle shown=1 mesh=SM_Marker_TeamRing_P1 fill=#E8C06A keyline=#111317 fillLinear=(0.8070,0.5271,0.1441) zMin=0.60 zMax=1.20 scale=1.00 base=hidden blockout=0 art=1 rim=#FFFFFF
2026.10.01-03.02.32 ARTPREVIEW anim fighter=f-0-hero clip=Idle len=2.333 event=spawn loop=1 phase=0.8071 seq=-1 asset=AM_Medusa_Idle
2026.10.01-03.02.32 ARTPREVIEW heroesV2 fighter=f-0-sk0 mesh=/Game/PipelineCandidates/Harpy/H3LD/Meshes/SK_Harpy_H3LD mi=/Game/PipelineCandidates/Harpy/H3LD/Materials/MI_Harpy_H3LD_P1 yaw=90.0 scale=1.0000 name=Harpies hero=0 look=P1 base=/Game/PipelineCandidates/Harpy/H3LD/Meshes/SM_Harpy_H3LD_Base baseMi=/Game/PipelineCandidates/Harpy/H3LD/Materials/MI_Harpy_H3LD_Base_P1 skeleton=/Game/PipelineCandidates/Harpy/Rig/SK_Harpy_Skeleton.SK_Harpy_Skeleton clips=4/4 boundsTop=42.00 figureTop=42.00 budget=42.0
2026.10.01-03.02.32 ARTPREVIEW click capsule fighter=f-0-sk0 mesh=SK_Harpy_H3LD physicsAsset=0 radius=20.0 halfHeight=21.0 top=42.0 bodyCollision=0 source=meshBounds
2026.10.01-03.02.32 ARTPREVIEW team ring fighter=f-0-sk0 team=P1 look=P1 mode=absolute shape=circle shown=1 mesh=SM_Marker_TeamRing_P1 fill=#E8C06A keyline=#111317 fillLinear=(0.8070,0.5271,0.1441) zMin=0.60 zMax=1.20 scale=0.78 base=hidden blockout=0 art=1 rim=#FFFFFF
2026.10.01-03.02.32 ARTPREVIEW anim fighter=f-0-sk0 clip=Idle len=2.000 event=spawn loop=1 phase=0.6635 seq=-1 asset=AM_Harpy_Idle
2026.10.01-03.02.32 ARTPREVIEW heroesV2 fighter=f-0-sk1 mesh=/Game/PipelineCandidates/Harpy/H3LD/Meshes/SK_Harpy_H3LD mi=/Game/PipelineCandidates/Harpy/H3LD/Materials/MI_Harpy_H3LD_P1 yaw=90.0 scale=1.0000 name=Harpies hero=0 look=P1 base=/Game/PipelineCandidates/Harpy/H3LD/Meshes/SM_Harpy_H3LD_Base baseMi=/Game/PipelineCandidates/Harpy/H3LD/Materials/MI_Harpy_H3LD_Base_P1 skeleton=/Game/PipelineCandidates/Harpy/Rig/SK_Harpy_Skeleton.SK_Harpy_Skeleton clips=4/4 boundsTop=42.00 figureTop=42.00 budget=42.0
2026.10.01-03.02.32 ARTPREVIEW click capsule fighter=f-0-sk1 mesh=SK_Harpy_H3LD physicsAsset=0 radius=20.0 halfHeight=21.0 top=42.0 bodyCollision=0 source=meshBounds
2026.10.01-03.02.32 ARTPREVIEW team ring fighter=f-0-sk1 team=P1 look=P1 mode=absolute shape=circle shown=1 mesh=SM_Marker_TeamRing_P1 fill=#E8C06A keyline=#111317 fillLinear=(0.8070,0.5271,0.1441) zMin=0.60 zMax=1.20 scale=0.78 base=hidden blockout=0 art=1 rim=#FFFFFF
2026.10.01-03.02.32 ARTPREVIEW anim fighter=f-0-sk1 clip=Idle len=2.000 event=spawn loop=1 phase=0.9016 seq=-1 asset=AM_Harpy_Idle
2026.10.01-03.02.32 ARTPREVIEW heroesV2 fighter=f-0-sk2 mesh=/Game/PipelineCandidates/Harpy/H3LD/Meshes/SK_Harpy_H3LD mi=/Game/PipelineCandidates/Harpy/H3LD/Materials/MI_Harpy_H3LD_P1 yaw=90.0 scale=1.0000 name=Harpies hero=0 look=P1 base=/Game/PipelineCandidates/Harpy/H3LD/Meshes/SM_Harpy_H3LD_Base baseMi=/Game/PipelineCandidates/Harpy/H3LD/Materials/MI_Harpy_H3LD_Base_P1 skeleton=/Game/PipelineCandidates/Harpy/Rig/SK_Harpy_Skeleton.SK_Harpy_Skeleton clips=4/4 boundsTop=42.00 figureTop=42.00 budget=42.0
2026.10.01-03.02.32 ARTPREVIEW click capsule fighter=f-0-sk2 mesh=SK_Harpy_H3LD physicsAsset=0 radius=20.0 halfHeight=21.0 top=42.0 bodyCollision=0 source=meshBounds
2026.10.01-03.02.32 ARTPREVIEW team ring fighter=f-0-sk2 team=P1 look=P1 mode=absolute shape=circle shown=1 mesh=SM_Marker_TeamRing_P1 fill=#E8C06A keyline=#111317 fillLinear=(0.8070,0.5271,0.1441) zMin=0.60 zMax=1.20 scale=0.78 base=hidden blockout=0 art=1 rim=#FFFFFF
2026.10.01-03.02.32 ARTPREVIEW anim fighter=f-0-sk2 clip=Idle len=2.000 event=spawn loop=1 phase=0.1873 seq=-1 asset=AM_Harpy_Idle
2026.10.01-03.02.32 ARTPREVIEW heroesV2 fighter=f-1-hero mesh=/Game/PipelineCandidates/KingArthur/H2LD/Meshes/SK_KingArthur_H2LD mi=/Game/PipelineCandidates/KingArthur/H2LD/Materials/MI_KingArthur_H2LD_P2 yaw=270.0 scale=1.0000 name=King Arthur hero=1 look=P2 base=/Game/PipelineCandidates/KingArthur/H2LD/Meshes/SM_KingArthur_H2LD_Base baseMi=/Game/PipelineCandidates/KingArthur/H2LD/Materials/MI_KingArthur_H2LD_Base_P2 skeleton=/Game/PipelineCandidates/KingArthur/Rig/SK_KingArthur_Skeleton.SK_KingArthur_Skeleton clips=4/4 boundsTop=60.06 figureTop=55.00 budget=55.0
2026.10.01-03.02.32 ARTPREVIEW click capsule fighter=f-1-hero mesh=SK_KingArthur_H2LD physicsAsset=0 radius=12.8 halfHeight=30.0 top=60.1 bodyCollision=0 source=meshBounds
2026.10.01-03.02.32 ARTPREVIEW team ring fighter=f-1-hero team=P2 look=P2 mode=absolute shape=hexagon shown=1 mesh=SM_Marker_TeamRing_P2 fill=#5A7F9F keyline=#111317 fillLinear=(0.1022,0.2122,0.3467) zMin=0.60 zMax=1.20 scale=1.00 base=hidden blockout=0 art=1 rim=#FFFFFF
2026.10.01-03.02.32 ARTPREVIEW anim fighter=f-1-hero clip=Idle len=2.500 event=spawn loop=1 phase=0.3470 seq=-1 asset=AM_KingArthur_Idle
2026.10.01-03.02.32 ARTPREVIEW heroesV2 fighter=f-1-sk0 mesh=/Game/PipelineCandidates/Merlin/H2LD/Meshes/SK_Merlin_H2LD mi=/Game/PipelineCandidates/Merlin/H2LD/Materials/MI_Merlin_H2LD_P2 yaw=270.0 scale=1.0003 name=Merlin hero=0 look=P2 base=/Game/PipelineCandidates/Merlin/H2LD/Meshes/SM_Merlin_H2LD_Base baseMi=/Game/PipelineCandidates/Merlin/H2LD/Materials/MI_Merlin_H2LD_Base_P2 skeleton=/Game/PipelineCandidates/Merlin/Rig/SK_Merlin_Skeleton.SK_Merlin_Skeleton clips=4/4 boundsTop=49.44 figureTop=45.00 budget=45.0
2026.10.01-03.02.32 ARTPREVIEW click capsule fighter=f-1-sk0 mesh=SK_Merlin_H2LD physicsAsset=0 radius=10.5 halfHeight=24.7 top=49.4 bodyCollision=0 source=meshBounds
2026.10.01-03.02.32 ARTPREVIEW team ring fighter=f-1-sk0 team=P2 look=P2 mode=absolute shape=hexagon shown=1 mesh=SM_Marker_TeamRing_P2 fill=#5A7F9F keyline=#111317 fillLinear=(0.1022,0.2122,0.3467) zMin=0.60 zMax=1.20 scale=0.78 base=hidden blockout=0 art=1 rim=#FFFFFF
2026.10.01-03.02.32 ARTPREVIEW anim fighter=f-1-sk0 clip=Idle len=3.000 event=spawn loop=1 phase=0.8028 seq=-1 asset=AM_Merlin_Idle
2026.10.01-03.02.32 ARTPREVIEW heroesV2 summary fighters=6 mapped=6 v2=6
2026.10.01-03.02.32 FIGHTERS synced n=6 alive=6 own=4 enemy=2
2026.10.01-03.02.32 BENCH scene fixture=S08BenchCobble.json board=5x6 fighters=6 viewer=cmukie55u0000wiao06h107t9 hero=f-0-hero art=1 profile=cobble-city views=K1+K1x0.65+K2x1.6+K2x2.5 warmup=30 settle=8 measure=20 fps=0 profileGpu=1 csv=1
2026.10.01-03.03.02 BENCH warmup done elapsed=30.0
2026.10.01-03.03.02 BENCH view=K1 overview target=1930.8 fit=1930.8
2026.10.01-03.03.02 BENCH view=K1 camera settled=1 dist=1930.8 target=1930.8 zoom=1.00
2026.10.01-03.03.30 BENCH measure view=K1 window=20.0 frames=4889 fps=244.43 frameMs avg=4.09 p50=4.05 p95=4.96 p99=5.91 max=8.41 hitches50=0 gpuMs avg=1.83 p50=1.82 p95=1.90 gameMs avg=1.12 p95=1.41 renderMs avg=4.09 p95=4.97
2026.10.01-03.03.30 RENDER tag=BENCH rhi=D3D12 featureLevel=SM6 shaderPlatform=PCD3D_SM6 lumenPlatform=1 gi=lumen giMethod=1 refl=lumen reflMethod=1 shadows=csm vsmEnable=0 sg.res=100 sg.view=2 sg.aa=2 sg.shadow=2 sg.gi=2 sg.refl=2 sg.pp=2 sg.tex=2 sg.fx=2 sg.foliage=2 sg.shading=2 sg.landscape=2 preset=High screenPct=100.0 screenPctMode=0 aa=TSR aaMethod=4 exposure=fixed-histogram expMin=4.14106 expMax=4.14106 expBias=0.000 ev100=2.05 lightUnits=candelas sky=1 skyIntensity=11.200 keyShadow=csm-3000uu-2c-contact0.000 shadowCasters=1 profile=cobble-probe profilesSha256=aae181a4e6122bbe6f49a0f11122caf379c91b78f20b97140f96277038744230 profilesSource=pak legacyRender=0 gameLayer=unlit-eyeadaptinv tMaxFPS=0.0 vsync=0 frameRateLimit=60.0 substrate=0 nanite=1 meshDF=1 viewport=1920x1080 reference=1
2026.10.01-03.03.30 BENCH profilegpu view=K1 requested (dump in Unmatched.log, LogRHI)
2026.10.01-03.03.33 SHOT ctx viewport=1920x1080 viewTarget=CameraActor_2147482348 cam=(0,1107,1582) rot=(-55,-90,0)
2026.10.01-03.03.33 RENDER tag=SHOT rhi=D3D12 featureLevel=SM6 shaderPlatform=PCD3D_SM6 lumenPlatform=1 gi=lumen giMethod=1 refl=lumen reflMethod=1 shadows=csm vsmEnable=0 sg.res=100 sg.view=2 sg.aa=2 sg.shadow=2 sg.gi=2 sg.refl=2 sg.pp=2 sg.tex=2 sg.fx=2 sg.foliage=2 sg.shading=2 sg.landscape=2 preset=High screenPct=100.0 screenPctMode=0 aa=TSR aaMethod=4 exposure=fixed-histogram expMin=4.14106 expMax=4.14106 expBias=0.000 ev100=2.05 lightUnits=candelas sky=1 skyIntensity=11.200 keyShadow=csm-3000uu-2c-contact0.000 shadowCasters=1 profile=cobble-probe profilesSha256=aae181a4e6122bbe6f49a0f11122caf379c91b78f20b97140f96277038744230 profilesSource=pak legacyRender=0 gameLayer=unlit-eyeadaptinv tMaxFPS=0.0 vsync=0 frameRateLimit=60.0 substrate=0 nanite=1 meshDF=1 viewport=1920x1080 reference=1
2026.10.01-03.03.33 SHOT fighter f-0-hero pos=(2,2) world=(0,-50,0) screen=(960,476) projected=1 alive=1
2026.10.01-03.03.33 SHOT fighter f-0-sk0 pos=(3,2) world=(100,-50,0) screen=(1115,476) projected=1 alive=1
2026.10.01-03.03.33 SHOT fighter f-0-sk1 pos=(2,1) world=(0,-150,0) screen=(960,355) projected=1 alive=1
2026.10.01-03.03.33 SHOT fighter f-0-sk2 pos=(1,2) world=(-100,-50,0) screen=(805,476) projected=1 alive=1
2026.10.01-03.03.33 SHOT fighter f-1-hero pos=(2,3) world=(0,50,0) screen=(960,606) projected=1 alive=1
2026.10.01-03.03.33 SHOT fighter f-1-sk0 pos=(3,3) world=(100,50,0) screen=(1120,606) projected=1 alive=1
2026.10.01-03.03.33 SHOT camera dist=1930.8 target=1930.8 overview=1930.8 errPct=0.000 focusErr=0.00 settled=1 zoom=1.00
2026.10.01-03.03.33 SHOT head fighter=f-0-hero socket=Head mesh=SK_Medusa_H2LD world=(-0.2,-49.6,47.2) screen=(959.8,432.7) top=(959.8,427.0) bottom=(959.8,438.4) headPx=11.5 projected=1
2026.10.01-03.03.33 SHOT head fighter=f-0-sk0 socket=Head mesh=SK_Harpy_H3LD world=(100.0,-44.6,34.0) screen=(1117.9,451.6) top=(1118.3,445.9) bottom=(1117.5,457.2) headPx=11.3 projected=1
2026.10.01-03.03.33 SHOT head fighter=f-0-sk1 socket=Head mesh=SK_Harpy_H3LD world=(-0.2,-145.0,34.3) screen=(959.8,327.8) top=(959.8,322.0) bottom=(959.8,333.6) headPx=11.6 projected=1
2026.10.01-03.03.33 SHOT head fighter=f-0-sk2 socket=Head mesh=SK_Harpy_H3LD world=(-100.7,-44.8,34.1) screen=(801.0,451.2) top=(800.6,445.5) bottom=(801.4,456.9) headPx=11.3 projected=1
2026.10.01-03.03.33 SHOT head fighter=f-1-hero socket=Head mesh=SK_KingArthur_H2LD world=(-0.6,49.5,50.0) screen=(959.0,559.4) top=(959.0,553.8) bottom=(959.0,565.0) headPx=11.2 projected=1
2026.10.01-03.03.33 SHOT head fighter=f-1-sk0 socket=Head mesh=SK_Merlin_H2LD world=(99.9,47.2,36.6) screen=(1122.3,568.7) top=(1122.7,563.1) bottom=(1121.9,574.2) headPx=11.1 projected=1
2026.10.01-03.03.33 SHOT figure fighter=f-0-hero bbox=(914,389,1006,512) ringR=28.50 art=1 blockout=0 team=P1 look=P1 ring=1
2026.10.01-03.03.33 SHOT figure fighter=f-0-sk0 bbox=(1080,409,1155,504) ringR=22.23 art=1 blockout=0 team=P1 look=P1 ring=1
2026.10.01-03.03.33 SHOT figure fighter=f-0-sk1 bbox=(926,288,994,381) ringR=22.23 art=1 blockout=0 team=P1 look=P1 ring=1
2026.10.01-03.03.33 SHOT figure fighter=f-0-sk2 bbox=(765,409,840,504) ringR=22.23 art=1 blockout=0 team=P1 look=P1 ring=1
2026.10.01-03.03.33 SHOT figure fighter=f-1-hero bbox=(913,513,1007,644) ringR=28.50 art=1 blockout=0 team=P2 look=P2 ring=1
2026.10.01-03.03.33 SHOT figure fighter=f-1-sk0 bbox=(1084,531,1161,635) ringR=22.23 art=1 blockout=0 team=P2 look=P2 ring=1
2026.10.01-03.03.33 SHOT request file=bench-K1-1920x1080.png frame=14916
2026.10.01-03.03.33 SHOT requested: FScreenshotRequest(bShowUI) -> C:\tmp\envmaps-research\p3\bench-runs\cobble\r3/bench-K1-1920x1080.png
2026.10.01-03.03.33 SHOT captured file=bench-K1-1920x1080.png frame=14916 px=1920x1080 sha256=4cdfbf45598c09fbecb257c37529228195b774b29df24cae8b528b17117ccb85 order=BGRA saved=1
2026.10.01-03.03.33 SHOT late begin file=bench-K1-1920x1080.png frame=14916 requestFrame=14916
2026.10.01-03.03.33 SHOT iconstate visible=0 lastFighter=none frame=14916
2026.10.01-03.03.33 SHOT panel id=hud.command bbox=(0,0,20,20) geom=painted visible=1 frame=14916
2026.10.01-03.03.33 SHOT panel id=hud.side bbox=(1884,0,1920,28) geom=painted visible=1 frame=14916
2026.10.01-03.03.33 SHOT panel id=hud.hand bbox=(950,1060,970,1080) geom=painted visible=1 frame=14916
2026.10.01-03.03.33 SHOT label fighter=f-0-hero mode=full bbox=(916,381,1004,414) frame=14916
2026.10.01-03.03.33 SHOT label fighter=f-0-sk0 mode=full bbox=(1072,399,1169,428) frame=14916
2026.10.01-03.03.33 SHOT label fighter=f-0-sk1 mode=full bbox=(914,276,1006,305) frame=14916
2026.10.01-03.03.33 SHOT label fighter=f-0-sk2 mode=full bbox=(751,399,848,428) frame=14916
2026.10.01-03.03.33 SHOT label fighter=f-1-hero mode=full bbox=(913,517,1007,545) frame=14916
2026.10.01-03.03.33 SHOT label fighter=f-1-sk0 mode=full bbox=(1088,529,1162,558) frame=14916
2026.10.01-03.03.33 SHOT late end file=bench-K1-1920x1080.png frame=14916
2026.10.01-03.03.33 BENCH shot view=K1 saved=1 path=C:\tmp\envmaps-research\p3\bench-runs\cobble\r3/bench-K1-1920x1080.png
2026.10.01-03.03.33 BENCH view=K1x0.65 zoom-out wanted=0.65 target=2970.4 zoom=0.65 limit=far
2026.10.01-03.03.33 BENCH view=K1x0.65 camera settled=1 dist=2940.7 target=2970.4 zoom=0.66
2026.10.01-03.04.01 BENCH measure view=K1x0.65 window=20.0 frames=5054 fps=252.70 frameMs avg=3.96 p50=3.91 p95=4.81 p99=5.77 max=7.79 hitches50=0 gpuMs avg=1.74 p50=1.73 p95=1.79 gameMs avg=1.11 p95=1.38 renderMs avg=3.96 p95=4.79
2026.10.01-03.04.01 RENDER tag=BENCH rhi=D3D12 featureLevel=SM6 shaderPlatform=PCD3D_SM6 lumenPlatform=1 gi=lumen giMethod=1 refl=lumen reflMethod=1 shadows=csm vsmEnable=0 sg.res=100 sg.view=2 sg.aa=2 sg.shadow=2 sg.gi=2 sg.refl=2 sg.pp=2 sg.tex=2 sg.fx=2 sg.foliage=2 sg.shading=2 sg.landscape=2 preset=High screenPct=100.0 screenPctMode=0 aa=TSR aaMethod=4 exposure=fixed-histogram expMin=4.14106 expMax=4.14106 expBias=0.000 ev100=2.05 lightUnits=candelas sky=1 skyIntensity=11.200 keyShadow=csm-3000uu-2c-contact0.000 shadowCasters=1 profile=cobble-probe profilesSha256=aae181a4e6122bbe6f49a0f11122caf379c91b78f20b97140f96277038744230 profilesSource=pak legacyRender=0 gameLayer=unlit-eyeadaptinv tMaxFPS=0.0 vsync=0 frameRateLimit=60.0 substrate=0 nanite=1 meshDF=1 viewport=1920x1080 reference=1
2026.10.01-03.04.01 BENCH profilegpu view=K1x0.65 requested (dump in Unmatched.log, LogRHI)
2026.10.01-03.04.04 SHOT ctx viewport=1920x1080 viewTarget=CameraActor_2147482348 cam=(0,1704,2433) rot=(-55,-90,0)
2026.10.01-03.04.04 RENDER tag=SHOT rhi=D3D12 featureLevel=SM6 shaderPlatform=PCD3D_SM6 lumenPlatform=1 gi=lumen giMethod=1 refl=lumen reflMethod=1 shadows=csm vsmEnable=0 sg.res=100 sg.view=2 sg.aa=2 sg.shadow=2 sg.gi=2 sg.refl=2 sg.pp=2 sg.tex=2 sg.fx=2 sg.foliage=2 sg.shading=2 sg.landscape=2 preset=High screenPct=100.0 screenPctMode=0 aa=TSR aaMethod=4 exposure=fixed-histogram expMin=4.14106 expMax=4.14106 expBias=0.000 ev100=2.05 lightUnits=candelas sky=1 skyIntensity=11.200 keyShadow=csm-3000uu-2c-contact0.000 shadowCasters=1 profile=cobble-probe profilesSha256=aae181a4e6122bbe6f49a0f11122caf379c91b78f20b97140f96277038744230 profilesSource=pak legacyRender=0 gameLayer=unlit-eyeadaptinv tMaxFPS=0.0 vsync=0 frameRateLimit=60.0 substrate=0 nanite=1 meshDF=1 viewport=1920x1080 reference=1
2026.10.01-03.04.04 SHOT fighter f-0-hero pos=(2,2) world=(0,-50,0) screen=(960,498) projected=1 alive=1
2026.10.01-03.04.04 SHOT fighter f-0-sk0 pos=(3,2) world=(100,-50,0) screen=(1062,498) projected=1 alive=1
2026.10.01-03.04.04 SHOT fighter f-0-sk1 pos=(2,1) world=(0,-150,0) screen=(960,418) projected=1 alive=1
2026.10.01-03.04.04 SHOT fighter f-0-sk2 pos=(1,2) world=(-100,-50,0) screen=(858,498) projected=1 alive=1
2026.10.01-03.04.04 SHOT fighter f-1-hero pos=(2,3) world=(0,50,0) screen=(960,582) projected=1 alive=1
2026.10.01-03.04.04 SHOT fighter f-1-sk0 pos=(3,3) world=(100,50,0) screen=(1064,582) projected=1 alive=1
2026.10.01-03.04.04 SHOT camera dist=2970.4 target=2970.4 overview=1930.8 errPct=0.000 focusErr=0.00 settled=1 zoom=0.65
2026.10.01-03.04.04 SHOT head fighter=f-0-hero socket=Head mesh=SK_Medusa_H2LD world=(0.4,-48.7,47.1) screen=(960.4,471.2) top=(960.4,467.5) bottom=(960.4,474.8) headPx=7.3 projected=1
2026.10.01-03.04.04 SHOT head fighter=f-0-sk0 socket=Head mesh=SK_Harpy_H3LD world=(99.4,-44.7,34.0) screen=(1061.9,482.5) top=(1062.1,478.8) bottom=(1061.7,486.1) headPx=7.3 projected=1
2026.10.01-03.04.04 SHOT head fighter=f-0-sk1 socket=Head mesh=SK_Harpy_H3LD world=(-0.1,-144.7,34.0) screen=(959.9,401.1) top=(959.9,397.4) bottom=(959.9,404.8) headPx=7.4 projected=1
2026.10.01-03.04.04 SHOT head fighter=f-0-sk2 socket=Head mesh=SK_Harpy_H3LD world=(-100.1,-44.9,34.2) screen=(857.3,482.2) top=(857.2,478.5) bottom=(857.5,485.8) headPx=7.3 projected=1
2026.10.01-03.04.04 SHOT head fighter=f-1-hero socket=Head mesh=SK_KingArthur_H2LD world=(0.5,49.3,50.1) screen=(960.5,552.2) top=(960.5,548.6) bottom=(960.5,555.8) headPx=7.2 projected=1
2026.10.01-03.04.04 SHOT head fighter=f-1-sk0 socket=Head mesh=SK_Merlin_H2LD world=(100.3,46.7,36.4) screen=(1064.8,558.1) top=(1065.0,554.6) bottom=(1064.6,561.7) headPx=7.1 projected=1
2026.10.01-03.04.04 SHOT figure fighter=f-0-hero bbox=(930,442,990,522) ringR=28.50 art=1 blockout=0 team=P1 look=P1 ring=1
2026.10.01-03.04.04 SHOT figure fighter=f-0-sk0 bbox=(1039,455,1086,517) ringR=22.23 art=1 blockout=0 team=P1 look=P1 ring=1
2026.10.01-03.04.04 SHOT figure fighter=f-0-sk1 bbox=(938,374,982,435) ringR=22.23 art=1 blockout=0 team=P1 look=P1 ring=1
2026.10.01-03.04.04 SHOT figure fighter=f-0-sk2 bbox=(834,455,881,517) ringR=22.23 art=1 blockout=0 team=P1 look=P1 ring=1
2026.10.01-03.04.04 SHOT figure fighter=f-1-hero bbox=(930,522,990,607) ringR=28.50 art=1 blockout=0 team=P2 look=P2 ring=1
2026.10.01-03.04.04 SHOT figure fighter=f-1-sk0 bbox=(1040,534,1089,602) ringR=22.23 art=1 blockout=0 team=P2 look=P2 ring=1
2026.10.01-03.04.04 SHOT request file=bench-K1x0p65-1920x1080.png frame=22721
2026.10.01-03.04.04 SHOT requested: FScreenshotRequest(bShowUI) -> C:\tmp\envmaps-research\p3\bench-runs\cobble\r3/bench-K1x0p65-1920x1080.png
2026.10.01-03.04.04 SHOT captured file=bench-K1x0p65-1920x1080.png frame=22721 px=1920x1080 sha256=643f747983a8435a4ebe004d434b1ca9d9d31b8533383606bd01cb3d20f105a5 order=BGRA saved=1
2026.10.01-03.04.04 SHOT late begin file=bench-K1x0p65-1920x1080.png frame=22721 requestFrame=22721
2026.10.01-03.04.04 SHOT iconstate visible=0 lastFighter=none frame=22721
2026.10.01-03.04.04 SHOT panel id=hud.command bbox=(0,0,20,20) geom=painted visible=1 frame=22721
2026.10.01-03.04.04 SHOT panel id=hud.side bbox=(1884,0,1920,28) geom=painted visible=1 frame=22721
2026.10.01-03.04.04 SHOT panel id=hud.hand bbox=(950,1060,970,1080) geom=painted visible=1 frame=22721
2026.10.01-03.04.04 SHOT label fighter=f-0-hero mode=full bbox=(918,432,1002,459) frame=22721
2026.10.01-03.04.04 SHOT label fighter=f-0-sk0 mode=full bbox=(1017,444,1110,467) frame=22721
2026.10.01-03.04.04 SHOT label fighter=f-0-sk1 mode=full bbox=(915,363,1005,386) frame=22721
2026.10.01-03.04.04 SHOT label fighter=f-0-sk2 mode=full bbox=(810,444,903,467) frame=22721
2026.10.01-03.04.04 SHOT label fighter=f-1-hero mode=full bbox=(915,522,1005,543) frame=22721
2026.10.01-03.04.04 SHOT label fighter=f-1-sk0 mode=full bbox=(1031,528,1101,552) frame=22721
2026.10.01-03.04.04 SHOT late end file=bench-K1x0p65-1920x1080.png frame=22721
2026.10.01-03.04.04 BENCH shot view=K1x0.65 saved=1 path=C:\tmp\envmaps-research\p3\bench-runs\cobble\r3/bench-K1x0p65-1920x1080.png
2026.10.01-03.04.04 ARTPREVIEW selection ring shown fighter=Medusa mesh=SM_Marker_SelectionRing
2026.10.01-03.04.04 ARTPREVIEW reachable corners cells=13 placed=1
2026.10.01-03.04.04 BENCH view=K2x1.6 focus hero=f-0-hero zoom=1.60 target=1206.7 clamp=0
2026.10.01-03.04.04 BENCH view=K2x1.6 camera settled=1 dist=1213.3 target=1206.7 zoom=1.59
2026.10.01-03.04.32 BENCH measure view=K2x1.6 window=20.0 frames=4740 fps=236.99 frameMs avg=4.22 p50=4.17 p95=5.15 p99=6.16 max=8.97 hitches50=0 gpuMs avg=1.93 p50=1.91 p95=2.16 gameMs avg=1.12 p95=1.42 renderMs avg=4.22 p95=5.15
2026.10.01-03.04.32 RENDER tag=BENCH rhi=D3D12 featureLevel=SM6 shaderPlatform=PCD3D_SM6 lumenPlatform=1 gi=lumen giMethod=1 refl=lumen reflMethod=1 shadows=csm vsmEnable=0 sg.res=100 sg.view=2 sg.aa=2 sg.shadow=2 sg.gi=2 sg.refl=2 sg.pp=2 sg.tex=2 sg.fx=2 sg.foliage=2 sg.shading=2 sg.landscape=2 preset=High screenPct=100.0 screenPctMode=0 aa=TSR aaMethod=4 exposure=fixed-histogram expMin=4.14106 expMax=4.14106 expBias=0.000 ev100=2.05 lightUnits=candelas sky=1 skyIntensity=11.200 keyShadow=csm-3000uu-2c-contact0.000 shadowCasters=1 profile=cobble-probe profilesSha256=aae181a4e6122bbe6f49a0f11122caf379c91b78f20b97140f96277038744230 profilesSource=pak legacyRender=0 gameLayer=unlit-eyeadaptinv tMaxFPS=0.0 vsync=0 frameRateLimit=60.0 substrate=0 nanite=1 meshDF=1 viewport=1920x1080 reference=1
2026.10.01-03.04.32 BENCH profilegpu view=K2x1.6 requested (dump in Unmatched.log, LogRHI)
2026.10.01-03.04.35 SHOT ctx viewport=1920x1080 viewTarget=CameraActor_2147482348 cam=(0,642,1017) rot=(-55,-90,0)
2026.10.01-03.04.35 RENDER tag=SHOT rhi=D3D12 featureLevel=SM6 shaderPlatform=PCD3D_SM6 lumenPlatform=1 gi=lumen giMethod=1 refl=lumen reflMethod=1 shadows=csm vsmEnable=0 sg.res=100 sg.view=2 sg.aa=2 sg.shadow=2 sg.gi=2 sg.refl=2 sg.pp=2 sg.tex=2 sg.fx=2 sg.foliage=2 sg.shading=2 sg.landscape=2 preset=High screenPct=100.0 screenPctMode=0 aa=TSR aaMethod=4 exposure=fixed-histogram expMin=4.14106 expMax=4.14106 expBias=0.000 ev100=2.05 lightUnits=candelas sky=1 skyIntensity=11.200 keyShadow=csm-3000uu-2c-contact0.000 shadowCasters=1 profile=cobble-probe profilesSha256=aae181a4e6122bbe6f49a0f11122caf379c91b78f20b97140f96277038744230 profilesSource=pak legacyRender=0 gameLayer=unlit-eyeadaptinv tMaxFPS=0.0 vsync=0 frameRateLimit=60.0 substrate=0 nanite=1 meshDF=1 viewport=1920x1080 reference=1
2026.10.01-03.04.35 SHOT fighter f-0-hero pos=(2,2) world=(0,-50,0) screen=(960,580) projected=1 alive=1
2026.10.01-03.04.35 SHOT fighter f-0-sk0 pos=(3,2) world=(100,-50,0) screen=(1208,580) projected=1 alive=1
2026.10.01-03.04.35 SHOT fighter f-0-sk1 pos=(2,1) world=(0,-150,0) screen=(960,384) projected=1 alive=1
2026.10.01-03.04.35 SHOT fighter f-0-sk2 pos=(1,2) world=(-100,-50,0) screen=(712,580) projected=1 alive=1
2026.10.01-03.04.35 SHOT fighter f-1-hero pos=(2,3) world=(0,50,0) screen=(960,794) projected=1 alive=1
2026.10.01-03.04.35 SHOT fighter f-1-sk0 pos=(3,3) world=(100,50,0) screen=(1220,794) projected=1 alive=1
2026.10.01-03.04.35 SHOT camera dist=1206.7 target=1206.7 overview=1930.8 errPct=0.000 focusErr=0.00 settled=1 zoom=1.60
2026.10.01-03.04.35 SHOT head fighter=f-0-hero socket=Head mesh=SK_Medusa_H2LD world=(-0.6,-49.3,47.1) screen=(958.4,513.6) top=(958.4,504.6) bottom=(958.4,522.4) headPx=17.8 projected=1
2026.10.01-03.04.35 SHOT head fighter=f-0-sk0 socket=Head mesh=SK_Harpy_H3LD world=(99.6,-45.1,34.3) screen=(1213.0,541.0) top=(1214.0,532.2) bottom=(1212.0,549.7) headPx=17.6 projected=1
2026.10.01-03.04.35 SHOT head fighter=f-0-sk1 socket=Head mesh=SK_Harpy_H3LD world=(-0.7,-144.7,34.0) screen=(958.2,343.6) top=(958.2,334.5) bottom=(958.2,352.7) headPx=18.2 projected=1
2026.10.01-03.04.35 SHOT head fighter=f-0-sk2 socket=Head mesh=SK_Harpy_H3LD world=(-100.2,-44.7,34.0) screen=(705.5,542.3) top=(704.4,533.5) bottom=(706.5,551.0) headPx=17.6 projected=1
2026.10.01-03.04.35 SHOT head fighter=f-1-hero socket=Head mesh=SK_KingArthur_H2LD world=(-0.5,49.9,50.0) screen=(958.6,726.1) top=(958.6,717.6) bottom=(958.6,734.5) headPx=16.9 projected=1
2026.10.01-03.04.35 SHOT head fighter=f-1-sk0 socket=Head mesh=SK_Merlin_H2LD world=(100.1,47.3,36.7) screen=(1226.3,738.9) top=(1227.5,730.6) bottom=(1225.2,747.2) headPx=16.8 projected=1
2026.10.01-03.04.35 SHOT selection fighter=f-0-hero ownCell=(2,2) legal=14 destinations=13 ownCellExcluded=1 plateFighter=none
2026.10.01-03.04.35 SHOT reachable fighter=f-0-hero n=13 cells=(1,0)(2,0)(3,0)(0,1)(1,1)(3,1)(4,1)(0,2)(4,2)(0,3)(1,3)(4,3)(1,4)
2026.10.01-03.04.35 SHOT figure fighter=f-0-hero bbox=(886,442,1034,639) ringR=28.50 art=1 blockout=0 team=P1 look=P1 ring=1
2026.10.01-03.04.35 SHOT figure fighter=f-0-sk0 bbox=(1151,474,1275,626) ringR=22.23 art=1 blockout=0 team=P1 look=P1 ring=1
2026.10.01-03.04.35 SHOT figure fighter=f-0-sk1 bbox=(905,280,1015,426) ringR=22.23 art=1 blockout=0 team=P1 look=P1 ring=1
2026.10.01-03.04.35 SHOT figure fighter=f-0-sk2 bbox=(645,474,769,626) ringR=22.23 art=1 blockout=0 team=P1 look=P1 ring=1
2026.10.01-03.04.35 SHOT figure fighter=f-1-hero bbox=(882,647,1038,860) ringR=28.50 art=1 blockout=0 team=P2 look=P2 ring=1
2026.10.01-03.04.35 SHOT figure fighter=f-1-sk0 bbox=(1160,677,1293,845) ringR=22.23 art=1 blockout=0 team=P2 look=P2 ring=1
2026.10.01-03.04.35 SHOT request file=bench-K2x1p6-1920x1080.png frame=30163
2026.10.01-03.04.35 SHOT requested: FScreenshotRequest(bShowUI) -> C:\tmp\envmaps-research\p3\bench-runs\cobble\r3/bench-K2x1p6-1920x1080.png
2026.10.01-03.04.36 SHOT captured file=bench-K2x1p6-1920x1080.png frame=30163 px=1920x1080 sha256=2beb417e27c9771b22067c2c38573020ce277322e5dbaa2023360d1d0f4f562b order=BGRA saved=1
2026.10.01-03.04.36 SHOT late begin file=bench-K2x1p6-1920x1080.png frame=30163 requestFrame=30163
2026.10.01-03.04.36 SHOT iconstate visible=0 lastFighter=none frame=30163
2026.10.01-03.04.36 SHOT panel id=hud.command bbox=(0,0,20,20) geom=painted visible=1 frame=30163
2026.10.01-03.04.36 SHOT panel id=hud.side bbox=(1884,0,1920,28) geom=painted visible=1 frame=30163
2026.10.01-03.04.36 SHOT panel id=hud.hand bbox=(950,1060,970,1080) geom=painted visible=1 frame=30163
2026.10.01-03.04.36 SHOT label fighter=f-0-hero mode=full bbox=(915,451,1005,487) frame=30163
2026.10.01-03.04.36 SHOT label fighter=f-0-sk0 mode=full bbox=(1168,482,1268,512) frame=30163
2026.10.01-03.04.36 SHOT label fighter=f-0-sk1 mode=full bbox=(914,282,1006,314) frame=30163
2026.10.01-03.04.36 SHOT label fighter=f-0-sk2 mode=full bbox=(652,482,752,512) frame=30163
2026.10.01-03.04.36 SHOT label fighter=f-1-hero mode=full bbox=(911,678,1009,707) frame=30163
2026.10.01-03.04.36 SHOT label fighter=f-1-sk0 mode=full bbox=(1192,700,1270,731) frame=30163
2026.10.01-03.04.36 SHOT late end file=bench-K2x1p6-1920x1080.png frame=30163
2026.10.01-03.04.36 BENCH shot view=K2x1.6 saved=1 path=C:\tmp\envmaps-research\p3\bench-runs\cobble\r3/bench-K2x1p6-1920x1080.png
2026.10.01-03.04.36 ARTPREVIEW selection ring shown fighter=Medusa mesh=SM_Marker_SelectionRing
2026.10.01-03.04.36 ARTPREVIEW reachable corners cells=13 placed=1
2026.10.01-03.04.36 BENCH view=K2x2.5 focus hero=f-0-hero zoom=2.50 target=772.3 clamp=0
2026.10.01-03.04.36 BENCH view=K2x2.5 camera settled=1 dist=777.7 target=772.3 zoom=2.48
2026.10.01-03.05.04 BENCH measure view=K2x2.5 window=20.0 frames=4716 fps=235.76 frameMs avg=4.24 p50=4.23 p95=5.14 p99=6.16 max=7.94 hitches50=0 gpuMs avg=2.08 p50=2.04 p95=2.24 gameMs avg=1.10 p95=1.39 renderMs avg=4.24 p95=5.12
2026.10.01-03.05.04 RENDER tag=BENCH rhi=D3D12 featureLevel=SM6 shaderPlatform=PCD3D_SM6 lumenPlatform=1 gi=lumen giMethod=1 refl=lumen reflMethod=1 shadows=csm vsmEnable=0 sg.res=100 sg.view=2 sg.aa=2 sg.shadow=2 sg.gi=2 sg.refl=2 sg.pp=2 sg.tex=2 sg.fx=2 sg.foliage=2 sg.shading=2 sg.landscape=2 preset=High screenPct=100.0 screenPctMode=0 aa=TSR aaMethod=4 exposure=fixed-histogram expMin=4.14106 expMax=4.14106 expBias=0.000 ev100=2.05 lightUnits=candelas sky=1 skyIntensity=11.200 keyShadow=csm-3000uu-2c-contact0.000 shadowCasters=1 profile=cobble-probe profilesSha256=aae181a4e6122bbe6f49a0f11122caf379c91b78f20b97140f96277038744230 profilesSource=pak legacyRender=0 gameLayer=unlit-eyeadaptinv tMaxFPS=0.0 vsync=0 frameRateLimit=60.0 substrate=0 nanite=1 meshDF=1 viewport=1920x1080 reference=1
2026.10.01-03.05.04 BENCH profilegpu view=K2x2.5 requested (dump in Unmatched.log, LogRHI)
2026.10.01-03.05.07 SHOT ctx viewport=1920x1080 viewTarget=CameraActor_2147482348 cam=(0,393,661) rot=(-55,-90,0)
2026.10.01-03.05.07 RENDER tag=SHOT rhi=D3D12 featureLevel=SM6 shaderPlatform=PCD3D_SM6 lumenPlatform=1 gi=lumen giMethod=1 refl=lumen reflMethod=1 shadows=csm vsmEnable=0 sg.res=100 sg.view=2 sg.aa=2 sg.shadow=2 sg.gi=2 sg.refl=2 sg.pp=2 sg.tex=2 sg.fx=2 sg.foliage=2 sg.shading=2 sg.landscape=2 preset=High screenPct=100.0 screenPctMode=0 aa=TSR aaMethod=4 exposure=fixed-histogram expMin=4.14106 expMax=4.14106 expBias=0.000 ev100=2.05 lightUnits=candelas sky=1 skyIntensity=11.200 keyShadow=csm-3000uu-2c-contact0.000 shadowCasters=1 profile=cobble-probe profilesSha256=aae181a4e6122bbe6f49a0f11122caf379c91b78f20b97140f96277038744230 profilesSource=pak legacyRender=0 gameLayer=unlit-eyeadaptinv tMaxFPS=0.0 vsync=0 frameRateLimit=60.0 substrate=0 nanite=1 meshDF=1 viewport=1920x1080 reference=1
2026.10.01-03.05.07 SHOT fighter f-0-hero pos=(2,2) world=(0,-50,0) screen=(960,601) projected=1 alive=1
2026.10.01-03.05.07 SHOT fighter f-0-sk0 pos=(3,2) world=(100,-50,0) screen=(1343,601) projected=1 alive=1
2026.10.01-03.05.07 SHOT fighter f-0-sk1 pos=(2,1) world=(0,-150,0) screen=(960,305) projected=1 alive=1
2026.10.01-03.05.07 SHOT fighter f-0-sk2 pos=(1,2) world=(-100,-50,0) screen=(577,601) projected=1 alive=1
2026.10.01-03.05.07 SHOT fighter f-1-hero pos=(2,3) world=(0,50,0) screen=(960,944) projected=1 alive=1
2026.10.01-03.05.07 SHOT fighter f-1-sk0 pos=(3,3) world=(100,50,0) screen=(1373,944) projected=1 alive=1
2026.10.01-03.05.07 SHOT camera dist=772.3 target=772.3 overview=1930.8 errPct=0.000 focusErr=0.00 settled=1 zoom=2.50
2026.10.01-03.05.07 SHOT head fighter=f-0-hero socket=Head mesh=SK_Medusa_H2LD world=(0.7,-48.9,47.0) screen=(962.7,499.7) top=(962.7,485.5) bottom=(962.7,513.8) headPx=28.2 projected=1
2026.10.01-03.05.07 SHOT head fighter=f-0-sk0 socket=Head mesh=SK_Harpy_H3LD world=(100.1,-44.6,34.0) screen=(1358.8,543.9) top=(1361.3,530.2) bottom=(1356.2,557.5) headPx=27.8 projected=1
2026.10.01-03.05.07 SHOT head fighter=f-0-sk1 socket=Head mesh=SK_Harpy_H3LD world=(-0.3,-145.1,34.3) screen=(958.9,238.0) top=(958.9,223.3) bottom=(958.9,252.4) headPx=29.1 projected=1
2026.10.01-03.05.07 SHOT head fighter=f-0-sk2 socket=Head mesh=SK_Harpy_H3LD world=(-100.7,-44.7,34.0) screen=(558.7,543.6) top=(556.1,529.8) bottom=(561.2,557.2) headPx=27.9 projected=1
2026.10.01-03.05.07 SHOT head fighter=f-1-hero socket=Head mesh=SK_KingArthur_H2LD world=(0.3,49.1,50.1) screen=(961.2,838.9) top=(961.2,825.9) bottom=(961.2,851.8) headPx=25.8 projected=1
2026.10.01-03.05.07 SHOT head fighter=f-1-sk0 socket=Head mesh=SK_Merlin_H2LD world=(100.2,46.6,36.4) screen=(1389.5,858.8) top=(1392.5,846.2) bottom=(1386.6,871.3) headPx=25.8 projected=1
2026.10.01-03.05.07 SHOT selection fighter=f-0-hero ownCell=(2,2) legal=14 destinations=13 ownCellExcluded=1 plateFighter=none
2026.10.01-03.05.07 SHOT reachable fighter=f-0-hero n=13 cells=(1,0)(2,0)(3,0)(0,1)(1,1)(3,1)(4,1)(0,2)(4,2)(0,3)(1,3)(4,3)(1,4)
2026.10.01-03.05.07 SHOT figure fighter=f-0-hero bbox=(842,386,1078,694) ringR=28.50 art=1 blockout=0 team=P1 look=P1 ring=1
2026.10.01-03.05.07 SHOT figure fighter=f-0-sk0 bbox=(1253,437,1457,673) ringR=22.23 art=1 blockout=0 team=P1 look=P1 ring=1
2026.10.01-03.05.07 SHOT figure fighter=f-0-sk1 bbox=(876,144,1044,367) ringR=22.23 art=1 blockout=0 team=P1 look=P1 ring=1
2026.10.01-03.05.07 SHOT figure fighter=f-0-sk2 bbox=(463,437,667,673) ringR=22.23 art=1 blockout=0 team=P1 look=P1 ring=1
2026.10.01-03.05.07 SHOT figure fighter=f-1-hero bbox=(831,714,1089,1052) ringR=28.50 art=1 blockout=0 team=P2 look=P2 ring=1
2026.10.01-03.05.07 SHOT figure fighter=f-1-sk0 bbox=(1275,760,1504,1028) ringR=22.23 art=1 blockout=0 team=P2 look=P2 ring=1
2026.10.01-03.05.07 SHOT request file=bench-K2x2p5-1920x1080.png frame=37552
2026.10.01-03.05.07 SHOT requested: FScreenshotRequest(bShowUI) -> C:\tmp\envmaps-research\p3\bench-runs\cobble\r3/bench-K2x2p5-1920x1080.png
2026.10.01-03.05.07 SHOT captured file=bench-K2x2p5-1920x1080.png frame=37552 px=1920x1080 sha256=2e69299f3f3556c5d486c9712301e83c21934d100e3d56ef93c5fa84428d0420 order=BGRA saved=1
2026.10.01-03.05.07 SHOT late begin file=bench-K2x2p5-1920x1080.png frame=37552 requestFrame=37552
2026.10.01-03.05.07 SHOT iconstate visible=0 lastFighter=none frame=37552
2026.10.01-03.05.07 SHOT panel id=hud.command bbox=(0,0,20,20) geom=painted visible=1 frame=37552
2026.10.01-03.05.07 SHOT panel id=hud.side bbox=(1884,0,1920,28) geom=painted visible=1 frame=37552
2026.10.01-03.05.07 SHOT panel id=hud.hand bbox=(950,1060,970,1080) geom=painted visible=1 frame=37552
2026.10.01-03.05.07 SHOT label fighter=f-0-hero mode=full bbox=(915,419,1005,460) frame=37552
2026.10.01-03.05.07 SHOT late end file=bench-K2x2p5-1920x1080.png frame=37552
2026.10.01-03.05.07 BENCH shot view=K2x2.5 saved=1 path=C:\tmp\envmaps-research\p3\bench-runs\cobble\r3/bench-K2x2p5-1920x1080.png
2026.10.01-03.05.07 BENCH done views=4 elapsed=155.4
2026.10.01-03.05.07 --- S08 trace close ---
