2026.09.26-05.30.06 SNAPSHOT applied seq=1 phase=ACTION_MANEUVER
2026.09.26-05.30.06 MODE seq=1 mode=0 combat=0 pending=0
2026.09.26-05.30.06 SNAPSHOT applied seq=1 phase=ACTION_MANEUVER
2026.09.26-05.30.06 MODE seq=1 mode=3 combat=0 pending=0
2026.09.26-05.30.06 SNAPSHOT applied seq=2 phase=COMBAT
2026.09.26-05.30.06 MODE seq=2 mode=0 combat=1 pending=0
2026.09.26-05.30.06 SNAPSHOT applied seq=2 phase=COMBAT
2026.09.26-05.30.06 MODE seq=2 mode=0 combat=1 pending=0
2026.09.26-05.30.07 SNAPSHOT applied seq=3 phase=COMBAT_RESOLVE
2026.09.26-05.30.07 MODE seq=3 mode=5 combat=1 pending=0
2026.09.26-05.30.07 SNAPSHOT applied seq=4 phase=COMBAT_RESOLVE
2026.09.26-05.30.07 MODE seq=4 mode=6 combat=1 pending=1
2026.09.26-05.30.07 S09AUTO pending-open shot (type=BOOST_CHOICE stage=0 mode=)
2026.09.26-05.30.11 S09AUTO pending picked (type=BOOST_CHOICE stage=0)
2026.09.26-05.30.11 SNAPSHOT applied seq=5 phase=ACTION_MANEUVER
2026.09.26-05.30.11 MODE seq=5 mode=0 combat=0 pending=0
2026.09.26-05.30.11 SNAPSHOT applied seq=5 phase=ACTION_MANEUVER
2026.09.26-05.30.11 MODE seq=5 mode=0 combat=0 pending=0
2026.09.26-05.30.11 PEND resolve done seq=5 (merge) phase=ACTION_MANEUVER
2026.09.26-05.30.11 SNAPSHOT applied seq=6 phase=ACTION_MANEUVER
2026.09.26-05.30.11 MODE seq=6 mode=1 combat=0 pending=0
2026.09.26-05.30.11 SNAPSHOT applied seq=6 phase=ACTION_MANEUVER
2026.09.26-05.30.11 MODE seq=6 mode=1 combat=0 pending=0
2026.09.26-05.30.12 SNAPSHOT applied seq=7 phase=ACTION_MANEUVER
2026.09.26-05.30.12 MODE seq=7 mode=0 combat=0 pending=0
2026.09.26-05.30.12 SNAPSHOT applied seq=7 phase=ACTION_MANEUVER
2026.09.26-05.30.12 MODE seq=7 mode=0 combat=0 pending=0
2026.09.26-05.30.13 SNAPSHOT applied seq=8 phase=ACTION_MANEUVER
2026.09.26-05.30.13 MODE seq=8 mode=0 combat=0 pending=1
2026.09.26-05.30.14 SNAPSHOT applied seq=9 phase=ACTION_MANEUVER
2026.09.26-05.30.14 MODE seq=9 mode=0 combat=0 pending=1
2026.09.26-05.30.14 SNAPSHOT applied seq=10 phase=ACTION_MANEUVER
2026.09.26-05.30.14 MODE seq=10 mode=0 combat=0 pending=1
2026.09.26-05.30.14 SNAPSHOT applied seq=11 phase=ACTION_MANEUVER
2026.09.26-05.30.14 MODE seq=11 mode=0 combat=0 pending=1
2026.09.26-05.30.14 SNAPSHOT applied seq=12 phase=ACTION_MANEUVER
2026.09.26-05.30.14 MODE seq=12 mode=0 combat=0 pending=1
2026.09.26-05.30.14 SNAPSHOT applied seq=13 phase=ACTION_MANEUVER
2026.09.26-05.30.14 MODE seq=13 mode=0 combat=0 pending=1
2026.09.26-05.30.14 SNAPSHOT applied seq=14 phase=ACTION_MANEUVER
2026.09.26-05.30.14 MODE seq=14 mode=0 combat=0 pending=0
2026.09.26-05.30.14 SNAPSHOT applied seq=15 phase=ACTION_MANEUVER
2026.09.26-05.30.14 MODE seq=15 mode=0 combat=0 pending=0
2026.09.26-05.30.15 SNAPSHOT applied seq=16 phase=ACTION_MANEUVER
2026.09.26-05.30.15 MODE seq=16 mode=0 combat=0 pending=0
2026.09.26-05.30.15 SNAPSHOT applied seq=17 phase=ACTION_MANEUVER
2026.09.26-05.30.15 MODE seq=17 mode=1 combat=0 pending=0
2026.09.26-05.30.15 SNAPSHOT applied seq=17 phase=ACTION_MANEUVER
2026.09.26-05.30.15 MODE seq=17 mode=1 combat=0 pending=0
2026.09.26-05.30.15 SNAPSHOT applied seq=18 phase=ACTION_MANEUVER
2026.09.26-05.30.15 MODE seq=18 mode=0 combat=0 pending=0
2026.09.26-05.30.15 SNAPSHOT applied seq=18 phase=ACTION_MANEUVER
2026.09.26-05.30.15 MODE seq=18 mode=0 combat=0 pending=0
2026.09.26-05.30.17 SNAPSHOT applied seq=19 phase=ACTION_MANEUVER
2026.09.26-05.30.17 MODE seq=19 mode=1 combat=0 pending=0
2026.09.26-05.30.17 SNAPSHOT applied seq=19 phase=ACTION_MANEUVER
2026.09.26-05.30.17 MODE seq=19 mode=1 combat=0 pending=0
2026.09.26-05.30.17 SNAPSHOT applied seq=20 phase=ACTION_MANEUVER
2026.09.26-05.30.17 MODE seq=20 mode=0 combat=0 pending=0
2026.09.26-05.30.17 SNAPSHOT applied seq=20 phase=ACTION_MANEUVER
2026.09.26-05.30.17 MODE seq=20 mode=0 combat=0 pending=0
2026.09.26-05.30.17 SNAPSHOT applied seq=21 phase=ACTION_MANEUVER
2026.09.26-05.30.17 MODE seq=21 mode=0 combat=0 pending=0
2026.09.26-05.30.17 SNAPSHOT applied seq=22 phase=ACTION_MANEUVER
2026.09.26-05.30.17 MODE seq=22 mode=0 combat=0 pending=0
2026.09.26-05.30.18 SNAPSHOT applied seq=23 phase=ACTION_MANEUVER
2026.09.26-05.30.18 MODE seq=23 mode=0 combat=0 pending=0
2026.09.26-05.30.18 SNAPSHOT applied seq=24 phase=ACTION_MANEUVER
2026.09.26-05.30.18 MODE seq=24 mode=6 combat=0 pending=1
2026.09.26-05.30.18 S09AUTO pending-open shot (type=TARGET_FIGHTER stage=0 mode=)
2026.09.26-05.30.18 S09AUTO pending picked (type=TARGET_FIGHTER stage=0)
2026.09.26-05.30.18 SNAPSHOT applied seq=25 phase=ACTION_MANEUVER
2026.09.26-05.30.18 MODE seq=25 mode=0 combat=0 pending=0
2026.09.26-05.30.18 SNAPSHOT applied seq=25 phase=ACTION_MANEUVER
2026.09.26-05.30.18 MODE seq=25 mode=0 combat=0 pending=0
2026.09.26-05.30.18 PEND resolve done seq=25 (merge) phase=ACTION_MANEUVER
2026.09.26-05.30.18 SNAPSHOT applied seq=26 phase=ACTION_MANEUVER
2026.09.26-05.30.18 MODE seq=26 mode=6 combat=0 pending=1
2026.09.26-05.30.18 SNAPSHOT applied seq=26 phase=ACTION_MANEUVER
2026.09.26-05.30.18 MODE seq=26 mode=6 combat=0 pending=1
2026.09.26-05.30.19 S09AUTO pending-open shot (type=MOVE stage=0 mode=)
2026.09.26-05.30.20 S09AUTO pending picked (type=MOVE stage=0)
2026.09.26-05.30.20 SNAPSHOT applied seq=27 phase=ACTION_MANEUVER
2026.09.26-05.30.20 MODE seq=27 mode=6 combat=0 pending=1
2026.09.26-05.30.20 SNAPSHOT applied seq=27 phase=ACTION_MANEUVER
2026.09.26-05.30.20 MODE seq=27 mode=6 combat=0 pending=1
2026.09.26-05.30.20 PEND resolve done seq=27 (merge) phase=ACTION_MANEUVER
2026.09.26-05.30.20 S09AUTO pending picked (type=MOVE stage=0)
2026.09.26-05.30.20 SNAPSHOT applied seq=28 phase=ACTION_MANEUVER
2026.09.26-05.30.20 MODE seq=28 mode=6 combat=0 pending=1
2026.09.26-05.30.20 SNAPSHOT applied seq=28 phase=ACTION_MANEUVER
2026.09.26-05.30.20 MODE seq=28 mode=6 combat=0 pending=1
2026.09.26-05.30.20 PEND resolve done seq=28 (merge) phase=ACTION_MANEUVER
2026.09.26-05.30.20 S09AUTO pending picked (type=MOVE stage=0)
2026.09.26-05.30.20 SNAPSHOT applied seq=29 phase=ACTION_MANEUVER
2026.09.26-05.30.20 MODE seq=29 mode=6 combat=0 pending=1
2026.09.26-05.30.20 SNAPSHOT applied seq=29 phase=ACTION_MANEUVER
2026.09.26-05.30.20 MODE seq=29 mode=6 combat=0 pending=1
2026.09.26-05.30.20 PEND resolve done seq=29 (merge) phase=ACTION_MANEUVER
2026.09.26-05.30.20 S09AUTO pending picked (type=MOVE stage=0)
2026.09.26-05.30.20 SNAPSHOT applied seq=30 phase=ACTION_MANEUVER
2026.09.26-05.30.20 MODE seq=30 mode=0 combat=0 pending=0
2026.09.26-05.30.20 SNAPSHOT applied seq=30 phase=ACTION_MANEUVER
2026.09.26-05.30.20 MODE seq=30 mode=0 combat=0 pending=0
2026.09.26-05.30.20 PEND resolve done seq=30 (merge) phase=ACTION_MANEUVER
2026.09.26-05.30.20 SNAPSHOT applied seq=31 phase=ACTION_MANEUVER
2026.09.26-05.30.20 MODE seq=31 mode=1 combat=0 pending=0
2026.09.26-05.30.20 SNAPSHOT applied seq=31 phase=ACTION_MANEUVER
2026.09.26-05.30.20 MODE seq=31 mode=1 combat=0 pending=0
2026.09.26-05.30.20 SNAPSHOT applied seq=32 phase=ACTION_MANEUVER
2026.09.26-05.30.20 MODE seq=32 mode=0 combat=0 pending=0
2026.09.26-05.30.20 SNAPSHOT applied seq=32 phase=ACTION_MANEUVER
2026.09.26-05.30.20 MODE seq=32 mode=0 combat=0 pending=0
2026.09.26-05.30.20 SNAPSHOT applied seq=33 phase=ACTION_MANEUVER
2026.09.26-05.30.20 MODE seq=33 mode=0 combat=0 pending=0
2026.09.26-05.30.20 SNAPSHOT applied seq=34 phase=ACTION_MANEUVER
2026.09.26-05.30.20 MODE seq=34 mode=0 combat=0 pending=0
2026.09.26-05.30.21 SNAPSHOT applied seq=35 phase=ACTION_MANEUVER
2026.09.26-05.30.21 MODE seq=35 mode=0 combat=0 pending=0
2026.09.26-05.30.21 SNAPSHOT applied seq=36 phase=TURN_END
2026.09.26-05.30.21 MODE seq=36 mode=0 combat=0 pending=0
2026.09.26-05.30.22 SNAPSHOT applied seq=37 phase=ACTION_MANEUVER
2026.09.26-05.30.22 MODE seq=37 mode=6 combat=0 pending=1
2026.09.26-05.30.22 S09AUTO pending picked (type=TARGET_FIGHTER stage=0)
2026.09.26-05.30.22 SNAPSHOT applied seq=38 phase=ACTION_MANEUVER
2026.09.26-05.30.22 MODE seq=38 mode=0 combat=0 pending=0
2026.09.26-05.30.22 SNAPSHOT applied seq=38 phase=ACTION_MANEUVER
2026.09.26-05.30.23 MODE seq=38 mode=0 combat=0 pending=0
2026.09.26-05.30.23 PEND resolve done seq=38 (merge) phase=ACTION_MANEUVER
2026.09.26-05.30.23 SNAPSHOT applied seq=39 phase=ACTION_MANEUVER
2026.09.26-05.30.23 MODE seq=39 mode=1 combat=0 pending=0
2026.09.26-05.30.23 SNAPSHOT applied seq=39 phase=ACTION_MANEUVER
2026.09.26-05.30.23 MODE seq=39 mode=1 combat=0 pending=0
2026.09.26-05.30.23 SNAPSHOT applied seq=40 phase=ACTION_MANEUVER
2026.09.26-05.30.23 MODE seq=40 mode=0 combat=0 pending=0
2026.09.26-05.30.23 SNAPSHOT applied seq=40 phase=ACTION_MANEUVER
2026.09.26-05.30.23 MODE seq=40 mode=0 combat=0 pending=0
2026.09.26-05.30.24 SNAPSHOT applied seq=41 phase=ACTION_MANEUVER
2026.09.26-05.30.24 MODE seq=41 mode=1 combat=0 pending=0
2026.09.26-05.30.24 SNAPSHOT applied seq=41 phase=ACTION_MANEUVER
2026.09.26-05.30.24 MODE seq=41 mode=1 combat=0 pending=0
2026.09.26-05.30.24 SNAPSHOT applied seq=42 phase=TURN_END
2026.09.26-05.30.24 MODE seq=42 mode=2 combat=0 pending=0
2026.09.26-05.30.24 SNAPSHOT applied seq=42 phase=TURN_END
2026.09.26-05.30.24 MODE seq=42 mode=2 combat=0 pending=0
2026.09.26-05.30.25 SNAPSHOT applied seq=43 phase=ACTION_MANEUVER
2026.09.26-05.30.25 MODE seq=43 mode=0 combat=0 pending=0
2026.09.26-05.30.25 SNAPSHOT applied seq=43 phase=ACTION_MANEUVER
2026.09.26-05.30.25 MODE seq=43 mode=0 combat=0 pending=0
2026.09.26-05.30.25 SNAPSHOT applied seq=44 phase=ACTION_MANEUVER
2026.09.26-05.30.25 MODE seq=44 mode=0 combat=0 pending=1
2026.09.26-05.30.26 SNAPSHOT applied seq=45 phase=ACTION_MANEUVER
2026.09.26-05.30.26 MODE seq=45 mode=0 combat=0 pending=1
2026.09.26-05.30.27 SNAPSHOT applied seq=46 phase=ACTION_MANEUVER
2026.09.26-05.30.27 MODE seq=46 mode=0 combat=0 pending=0
2026.09.26-05.30.27 SNAPSHOT applied seq=47 phase=ACTION_MANEUVER
2026.09.26-05.30.27 MODE seq=47 mode=0 combat=0 pending=0
2026.09.26-05.30.27 SNAPSHOT applied seq=48 phase=ACTION_MANEUVER
2026.09.26-05.30.27 MODE seq=48 mode=6 combat=0 pending=1
2026.09.26-05.30.27 S09AUTO pending picked (type=TARGET_FIGHTER stage=0)
2026.09.26-05.30.27 SNAPSHOT applied seq=49 phase=ACTION_MANEUVER
2026.09.26-05.30.27 MODE seq=49 mode=0 combat=0 pending=0
2026.09.26-05.30.27 SNAPSHOT applied seq=49 phase=ACTION_MANEUVER
2026.09.26-05.30.27 MODE seq=49 mode=0 combat=0 pending=0
2026.09.26-05.30.27 PEND resolve done seq=49 (merge) phase=ACTION_MANEUVER
2026.09.26-05.30.27 SNAPSHOT applied seq=50 phase=ACTION_MANEUVER
2026.09.26-05.30.27 MODE seq=50 mode=1 combat=0 pending=0
2026.09.26-05.30.27 SNAPSHOT applied seq=50 phase=ACTION_MANEUVER
2026.09.26-05.30.27 MODE seq=50 mode=1 combat=0 pending=0
2026.09.26-05.30.27 SNAPSHOT applied seq=51 phase=ACTION_MANEUVER
2026.09.26-05.30.27 MODE seq=51 mode=0 combat=0 pending=0
2026.09.26-05.30.27 SNAPSHOT applied seq=51 phase=ACTION_MANEUVER
2026.09.26-05.30.27 MODE seq=51 mode=0 combat=0 pending=0
2026.09.26-05.30.28 SNAPSHOT applied seq=52 phase=COMBAT
2026.09.26-05.30.28 MODE seq=52 mode=0 combat=1 pending=0
2026.09.26-05.30.28 SNAPSHOT applied seq=52 phase=COMBAT
2026.09.26-05.30.28 MODE seq=52 mode=0 combat=1 pending=0
2026.09.26-05.30.28 SNAPSHOT applied seq=53 phase=COMBAT_RESOLVE
2026.09.26-05.30.28 MODE seq=53 mode=5 combat=1 pending=0
2026.09.26-05.30.28 SNAPSHOT applied seq=54 phase=COMBAT_RESOLVE
2026.09.26-05.30.28 MODE seq=54 mode=6 combat=1 pending=1
2026.09.26-05.30.32 S09AUTO pending picked (type=BOOST_CHOICE stage=0)
2026.09.26-05.30.32 SNAPSHOT applied seq=55 phase=ACTION_MANEUVER
2026.09.26-05.30.32 MODE seq=55 mode=0 combat=0 pending=0
2026.09.26-05.30.32 SNAPSHOT applied seq=55 phase=ACTION_MANEUVER
2026.09.26-05.30.32 MODE seq=55 mode=0 combat=0 pending=0
2026.09.26-05.30.32 PEND resolve done seq=55 (merge) phase=ACTION_MANEUVER
2026.09.26-05.30.32 SNAPSHOT applied seq=56 phase=ACTION_MANEUVER
2026.09.26-05.30.32 MODE seq=56 mode=0 combat=0 pending=0
2026.09.26-05.30.33 SNAPSHOT applied seq=57 phase=ACTION_MANEUVER
2026.09.26-05.30.33 MODE seq=57 mode=0 combat=0 pending=0
2026.09.26-05.30.34 SNAPSHOT applied seq=58 phase=ACTION_MANEUVER
2026.09.26-05.30.34 MODE seq=58 mode=0 combat=0 pending=0
2026.09.26-05.30.34 SNAPSHOT applied seq=59 phase=TURN_END
2026.09.26-05.30.34 MODE seq=59 mode=0 combat=0 pending=0
2026.09.26-05.30.35 SNAPSHOT applied seq=60 phase=ACTION_MANEUVER
2026.09.26-05.30.35 MODE seq=60 mode=6 combat=0 pending=1
2026.09.26-05.30.35 S09AUTO pending picked (type=TARGET_FIGHTER stage=0)
2026.09.26-05.30.35 SNAPSHOT applied seq=61 phase=ACTION_MANEUVER
2026.09.26-05.30.35 MODE seq=61 mode=0 combat=0 pending=0
2026.09.26-05.30.35 SNAPSHOT applied seq=61 phase=ACTION_MANEUVER
2026.09.26-05.30.35 MODE seq=61 mode=0 combat=0 pending=0
2026.09.26-05.30.35 PEND resolve done seq=61 (merge) phase=ACTION_MANEUVER
2026.09.26-05.30.35 SNAPSHOT applied seq=62 phase=ACTION_MANEUVER
2026.09.26-05.30.35 MODE seq=62 mode=1 combat=0 pending=0
2026.09.26-05.30.35 SNAPSHOT applied seq=62 phase=ACTION_MANEUVER
2026.09.26-05.30.35 MODE seq=62 mode=1 combat=0 pending=0
2026.09.26-05.30.35 SNAPSHOT applied seq=63 phase=ACTION_MANEUVER
2026.09.26-05.30.35 MODE seq=63 mode=0 combat=0 pending=0
2026.09.26-05.30.35 SNAPSHOT applied seq=63 phase=ACTION_MANEUVER
2026.09.26-05.30.35 MODE seq=63 mode=0 combat=0 pending=0
2026.09.26-05.30.36 SNAPSHOT applied seq=64 phase=COMBAT
2026.09.26-05.30.36 MODE seq=64 mode=0 combat=1 pending=0
2026.09.26-05.30.36 SNAPSHOT applied seq=64 phase=COMBAT
2026.09.26-05.30.36 MODE seq=64 mode=0 combat=1 pending=0
2026.09.26-05.30.37 SNAPSHOT applied seq=65 phase=COMBAT_RESOLVE
2026.09.26-05.30.37 MODE seq=65 mode=5 combat=1 pending=0
2026.09.26-05.30.37 SNAPSHOT applied seq=66 phase=COMBAT_RESOLVE
2026.09.26-05.30.37 MODE seq=66 mode=6 combat=1 pending=1
2026.09.26-05.30.41 S09AUTO pending picked (type=BOOST_CHOICE stage=0)
2026.09.26-05.30.41 SNAPSHOT applied seq=67 phase=ACTION_MANEUVER
2026.09.26-05.30.41 MODE seq=67 mode=0 combat=0 pending=0
2026.09.26-05.30.41 SNAPSHOT applied seq=67 phase=ACTION_MANEUVER
2026.09.26-05.30.41 MODE seq=67 mode=0 combat=0 pending=0
2026.09.26-05.30.41 PEND resolve done seq=67 (merge) phase=ACTION_MANEUVER
2026.09.26-05.30.41 SNAPSHOT applied seq=68 phase=ACTION_MANEUVER
2026.09.26-05.30.41 MODE seq=68 mode=0 combat=0 pending=0
2026.09.26-05.30.41 SNAPSHOT applied seq=69 phase=ACTION_MANEUVER
2026.09.26-05.30.41 MODE seq=69 mode=0 combat=0 pending=0
2026.09.26-05.30.42 SNAPSHOT applied seq=70 phase=ACTION_MANEUVER
2026.09.26-05.30.42 MODE seq=70 mode=0 combat=0 pending=0
2026.09.26-05.30.42 SNAPSHOT applied seq=71 phase=TURN_END
2026.09.26-05.30.42 MODE seq=71 mode=0 combat=0 pending=0
2026.09.26-05.30.43 SNAPSHOT applied seq=72 phase=ACTION_MANEUVER
2026.09.26-05.30.43 MODE seq=72 mode=6 combat=0 pending=1
2026.09.26-05.30.43 S09AUTO pending picked (type=TARGET_FIGHTER stage=0)
2026.09.26-05.30.43 SNAPSHOT applied seq=73 phase=ACTION_MANEUVER
2026.09.26-05.30.43 MODE seq=73 mode=0 combat=0 pending=0
2026.09.26-05.30.43 SNAPSHOT applied seq=73 phase=ACTION_MANEUVER
2026.09.26-05.30.43 MODE seq=73 mode=0 combat=0 pending=0
2026.09.26-05.30.43 PEND resolve done seq=73 (merge) phase=ACTION_MANEUVER
2026.09.26-05.30.43 SNAPSHOT applied seq=74 phase=ACTION_MANEUVER
2026.09.26-05.30.43 MODE seq=74 mode=1 combat=0 pending=0
2026.09.26-05.30.43 SNAPSHOT applied seq=74 phase=ACTION_MANEUVER
2026.09.26-05.30.43 MODE seq=74 mode=1 combat=0 pending=0
2026.09.26-05.30.43 SNAPSHOT applied seq=75 phase=ACTION_MANEUVER
2026.09.26-05.30.43 MODE seq=75 mode=0 combat=0 pending=0
2026.09.26-05.30.43 SNAPSHOT applied seq=75 phase=ACTION_MANEUVER
2026.09.26-05.30.43 MODE seq=75 mode=0 combat=0 pending=0
2026.09.26-05.30.45 SNAPSHOT applied seq=76 phase=ACTION_MANEUVER
2026.09.26-05.30.45 MODE seq=76 mode=1 combat=0 pending=0
2026.09.26-05.30.45 SNAPSHOT applied seq=76 phase=ACTION_MANEUVER
2026.09.26-05.30.45 MODE seq=76 mode=1 combat=0 pending=0
2026.09.26-05.30.45 SNAPSHOT applied seq=77 phase=ACTION_MANEUVER
2026.09.26-05.30.45 MODE seq=77 mode=0 combat=0 pending=0
2026.09.26-05.30.45 SNAPSHOT applied seq=77 phase=ACTION_MANEUVER
2026.09.26-05.30.45 MODE seq=77 mode=0 combat=0 pending=0
2026.09.26-05.30.45 SNAPSHOT applied seq=78 phase=ACTION_MANEUVER
2026.09.26-05.30.45 MODE seq=78 mode=0 combat=0 pending=0
2026.09.26-05.30.45 SNAPSHOT applied seq=79 phase=ACTION_MANEUVER
2026.09.26-05.30.45 MODE seq=79 mode=0 combat=0 pending=0
2026.09.26-05.30.46 SNAPSHOT applied seq=80 phase=ACTION_MANEUVER
2026.09.26-05.30.46 MODE seq=80 mode=0 combat=0 pending=0
2026.09.26-05.30.46 SNAPSHOT applied seq=81 phase=TURN_END
2026.09.26-05.30.46 MODE seq=81 mode=0 combat=0 pending=0
2026.09.26-05.30.47 SNAPSHOT applied seq=82 phase=ACTION_MANEUVER
2026.09.26-05.30.47 MODE seq=82 mode=6 combat=0 pending=1
2026.09.26-05.30.47 S09AUTO pending picked (type=TARGET_FIGHTER stage=0)
2026.09.26-05.30.47 SNAPSHOT applied seq=83 phase=ACTION_MANEUVER
2026.09.26-05.30.47 MODE seq=83 mode=0 combat=0 pending=0
2026.09.26-05.30.47 SNAPSHOT applied seq=83 phase=ACTION_MANEUVER
2026.09.26-05.30.47 MODE seq=83 mode=0 combat=0 pending=0
2026.09.26-05.30.47 PEND resolve done seq=83 (merge) phase=ACTION_MANEUVER
2026.09.26-05.30.47 SNAPSHOT applied seq=84 phase=ACTION_MANEUVER
2026.09.26-05.30.47 MODE seq=84 mode=1 combat=0 pending=0
2026.09.26-05.30.47 SNAPSHOT applied seq=84 phase=ACTION_MANEUVER
2026.09.26-05.30.47 MODE seq=84 mode=1 combat=0 pending=0
2026.09.26-05.30.47 SNAPSHOT applied seq=85 phase=ACTION_MANEUVER
2026.09.26-05.30.47 MODE seq=85 mode=0 combat=0 pending=0
2026.09.26-05.30.47 SNAPSHOT applied seq=85 phase=ACTION_MANEUVER
2026.09.26-05.30.47 MODE seq=85 mode=0 combat=0 pending=0
2026.09.26-05.30.49 SNAPSHOT applied seq=86 phase=ACTION_MANEUVER
2026.09.26-05.30.49 MODE seq=86 mode=6 combat=0 pending=1
2026.09.26-05.30.49 SNAPSHOT applied seq=86 phase=ACTION_MANEUVER
2026.09.26-05.30.49 MODE seq=86 mode=6 combat=0 pending=1
2026.09.26-05.30.50 S09AUTO pending picked (type=TARGET_FIGHTER stage=0)
2026.09.26-05.30.50 SNAPSHOT applied seq=87 phase=ACTION_MANEUVER
2026.09.26-05.30.50 MODE seq=87 mode=0 combat=0 pending=0
2026.09.26-05.30.50 SNAPSHOT applied seq=87 phase=ACTION_MANEUVER
2026.09.26-05.30.50 MODE seq=87 mode=0 combat=0 pending=0
2026.09.26-05.30.50 PEND resolve done seq=87 (merge) phase=ACTION_MANEUVER
2026.09.26-05.30.50 SNAPSHOT applied seq=88 phase=ACTION_MANEUVER
2026.09.26-05.30.50 MODE seq=88 mode=0 combat=0 pending=0
2026.09.26-05.30.50 SNAPSHOT applied seq=89 phase=ACTION_MANEUVER
2026.09.26-05.30.50 MODE seq=89 mode=0 combat=0 pending=0
2026.09.26-05.30.51 SNAPSHOT applied seq=90 phase=ACTION_MANEUVER
2026.09.26-05.30.51 MODE seq=90 mode=0 combat=0 pending=0
2026.09.26-05.30.51 SNAPSHOT applied seq=91 phase=TURN_END
2026.09.26-05.30.51 MODE seq=91 mode=0 combat=0 pending=0
2026.09.26-05.30.52 SNAPSHOT applied seq=92 phase=ACTION_MANEUVER
2026.09.26-05.30.52 MODE seq=92 mode=6 combat=0 pending=1
2026.09.26-05.30.52 S09AUTO pending picked (type=TARGET_FIGHTER stage=0)
2026.09.26-05.30.52 SNAPSHOT applied seq=93 phase=ACTION_MANEUVER
2026.09.26-05.30.52 MODE seq=93 mode=0 combat=0 pending=0
2026.09.26-05.30.52 SNAPSHOT applied seq=93 phase=ACTION_MANEUVER
2026.09.26-05.30.52 MODE seq=93 mode=0 combat=0 pending=0
2026.09.26-05.30.52 PEND resolve done seq=93 (merge) phase=ACTION_MANEUVER
2026.09.26-05.30.53 SNAPSHOT applied seq=94 phase=ACTION_MANEUVER
2026.09.26-05.30.53 MODE seq=94 mode=1 combat=0 pending=0
2026.09.26-05.30.53 SNAPSHOT applied seq=94 phase=ACTION_MANEUVER
2026.09.26-05.30.53 MODE seq=94 mode=1 combat=0 pending=0
2026.09.26-05.30.53 SNAPSHOT applied seq=95 phase=ACTION_MANEUVER
2026.09.26-05.30.53 MODE seq=95 mode=0 combat=0 pending=0
2026.09.26-05.30.53 SNAPSHOT applied seq=95 phase=ACTION_MANEUVER
2026.09.26-05.30.53 MODE seq=95 mode=0 combat=0 pending=0
2026.09.26-05.30.54 SNAPSHOT applied seq=96 phase=COMBAT
2026.09.26-05.30.54 MODE seq=96 mode=0 combat=1 pending=0
2026.09.26-05.30.54 SNAPSHOT applied seq=96 phase=COMBAT
2026.09.26-05.30.54 MODE seq=96 mode=0 combat=1 pending=0
2026.09.26-05.30.54 SNAPSHOT applied seq=97 phase=COMBAT_RESOLVE
2026.09.26-05.30.54 MODE seq=97 mode=5 combat=1 pending=0
2026.09.26-05.30.54 SNAPSHOT applied seq=98 phase=ACTION_MANEUVER
2026.09.26-05.30.54 MODE seq=98 mode=0 combat=0 pending=0
2026.09.26-05.30.54 SNAPSHOT applied seq=99 phase=ACTION_MANEUVER
2026.09.26-05.30.54 MODE seq=99 mode=0 combat=0 pending=0
2026.09.26-05.30.54 SNAPSHOT applied seq=100 phase=ACTION_MANEUVER
2026.09.26-05.30.54 MODE seq=100 mode=0 combat=0 pending=0
2026.09.26-05.30.55 SNAPSHOT applied seq=101 phase=ACTION_MANEUVER
2026.09.26-05.30.55 MODE seq=101 mode=6 combat=0 pending=1
2026.09.26-05.30.55 S09AUTO pending picked (type=TARGET_FIGHTER stage=0)
2026.09.26-05.30.55 SNAPSHOT applied seq=102 phase=ACTION_MANEUVER
2026.09.26-05.30.55 MODE seq=102 mode=0 combat=0 pending=0
2026.09.26-05.30.55 SNAPSHOT applied seq=102 phase=ACTION_MANEUVER
2026.09.26-05.30.55 MODE seq=102 mode=0 combat=0 pending=0
2026.09.26-05.30.55 PEND resolve done seq=102 (merge) phase=ACTION_MANEUVER
2026.09.26-05.30.55 SNAPSHOT applied seq=103 phase=COMBAT
2026.09.26-05.30.55 MODE seq=103 mode=0 combat=1 pending=0
2026.09.26-05.30.55 SNAPSHOT applied seq=103 phase=COMBAT
2026.09.26-05.30.55 MODE seq=103 mode=0 combat=1 pending=0
2026.09.26-05.30.56 SNAPSHOT applied seq=104 phase=COMBAT_RESOLVE
2026.09.26-05.30.56 MODE seq=104 mode=5 combat=1 pending=0
2026.09.26-05.30.57 SNAPSHOT applied seq=105 phase=ACTION_MANEUVER
2026.09.26-05.30.57 MODE seq=105 mode=0 combat=0 pending=0
2026.09.26-05.30.57 SNAPSHOT applied seq=106 phase=COMBAT
2026.09.26-05.30.57 MODE seq=106 mode=0 combat=1 pending=0
2026.09.26-05.30.57 SNAPSHOT applied seq=106 phase=COMBAT
2026.09.26-05.30.57 MODE seq=106 mode=0 combat=1 pending=0
2026.09.26-05.30.57 SNAPSHOT applied seq=107 phase=COMBAT_RESOLVE
2026.09.26-05.30.57 MODE seq=107 mode=5 combat=1 pending=0
2026.09.26-05.30.57 SNAPSHOT applied seq=108 phase=ACTION_MANEUVER
2026.09.26-05.30.57 MODE seq=108 mode=0 combat=0 pending=0
2026.09.26-05.30.57 SNAPSHOT applied seq=109 phase=ACTION_MANEUVER
2026.09.26-05.30.57 MODE seq=109 mode=0 combat=0 pending=0
2026.09.26-05.30.57 SNAPSHOT applied seq=110 phase=ACTION_MANEUVER
2026.09.26-05.30.57 MODE seq=110 mode=0 combat=0 pending=0
2026.09.26-05.30.58 SNAPSHOT applied seq=111 phase=ACTION_MANEUVER
2026.09.26-05.30.58 MODE seq=111 mode=0 combat=0 pending=0
2026.09.26-05.30.58 SNAPSHOT applied seq=112 phase=ACTION_MANEUVER
2026.09.26-05.30.58 MODE seq=112 mode=6 combat=0 pending=1
2026.09.26-05.30.58 S09AUTO pending picked (type=TARGET_FIGHTER stage=0)
2026.09.26-05.30.58 SNAPSHOT applied seq=113 phase=ACTION_MANEUVER
2026.09.26-05.30.58 MODE seq=113 mode=0 combat=0 pending=0
2026.09.26-05.30.58 SNAPSHOT applied seq=113 phase=ACTION_MANEUVER
2026.09.26-05.30.58 MODE seq=113 mode=0 combat=0 pending=0
2026.09.26-05.30.58 PEND resolve done seq=113 (merge) phase=ACTION_MANEUVER
2026.09.26-05.30.58 SNAPSHOT applied seq=114 phase=COMBAT
2026.09.26-05.30.58 MODE seq=114 mode=0 combat=1 pending=0
2026.09.26-05.30.58 SNAPSHOT applied seq=114 phase=COMBAT
2026.09.26-05.30.58 MODE seq=114 mode=0 combat=1 pending=0
2026.09.26-05.30.59 SNAPSHOT applied seq=115 phase=COMBAT_RESOLVE
2026.09.26-05.30.59 MODE seq=115 mode=5 combat=1 pending=0
2026.09.26-05.30.59 SNAPSHOT applied seq=116 phase=ACTION_MANEUVER
2026.09.26-05.30.59 MODE seq=116 mode=0 combat=0 pending=0
2026.09.26-05.30.59 SNAPSHOT applied seq=117 phase=COMBAT
2026.09.26-05.30.59 MODE seq=117 mode=0 combat=1 pending=0
2026.09.26-05.30.59 SNAPSHOT applied seq=117 phase=COMBAT
2026.09.26-05.30.59 MODE seq=117 mode=0 combat=1 pending=0
2026.09.26-05.31.00 SNAPSHOT applied seq=118 phase=COMBAT_RESOLVE
2026.09.26-05.31.00 MODE seq=118 mode=5 combat=1 pending=0
2026.09.26-05.31.00 SNAPSHOT applied seq=119 phase=ACTION_MANEUVER
2026.09.26-05.31.00 MODE seq=119 mode=0 combat=0 pending=0
2026.09.26-05.31.00 SNAPSHOT applied seq=120 phase=ACTION_MANEUVER
2026.09.26-05.31.00 MODE seq=120 mode=0 combat=0 pending=1
2026.09.26-05.31.01 SNAPSHOT applied seq=121 phase=ACTION_MANEUVER
2026.09.26-05.31.01 MODE seq=121 mode=0 combat=0 pending=1
2026.09.26-05.31.01 SNAPSHOT applied seq=122 phase=ACTION_MANEUVER
2026.09.26-05.31.01 MODE seq=122 mode=0 combat=0 pending=0
2026.09.26-05.31.01 SNAPSHOT applied seq=123 phase=ACTION_MANEUVER
2026.09.26-05.31.01 MODE seq=123 mode=0 combat=0 pending=1
2026.09.26-05.31.02 SNAPSHOT applied seq=124 phase=ACTION_MANEUVER
2026.09.26-05.31.02 MODE seq=124 mode=0 combat=0 pending=1
2026.09.26-05.31.02 SNAPSHOT applied seq=125 phase=ACTION_MANEUVER
2026.09.26-05.31.02 MODE seq=125 mode=0 combat=0 pending=1
2026.09.26-05.31.02 SNAPSHOT applied seq=126 phase=ACTION_MANEUVER
2026.09.26-05.31.03 MODE seq=126 mode=0 combat=0 pending=1
2026.09.26-05.31.03 SNAPSHOT applied seq=127 phase=ACTION_MANEUVER
2026.09.26-05.31.03 MODE seq=127 mode=0 combat=0 pending=1
2026.09.26-05.31.03 SNAPSHOT applied seq=128 phase=ACTION_MANEUVER
2026.09.26-05.31.03 MODE seq=128 mode=0 combat=0 pending=1
2026.09.26-05.31.03 SNAPSHOT applied seq=129 phase=ACTION_MANEUVER
2026.09.26-05.31.03 MODE seq=129 mode=6 combat=0 pending=1
2026.09.26-05.31.03 S09AUTO pending head ability-medusa-target-p0 stayed open after 3 auto-answers (type=TARGET_FIGHTER) - holding (bounded)
