2026.10.01-01.40.18 --- S08 trace open 2026.10.01-01.40.18 ---
2026.10.01-01.40.18 HUD team chips ready=1 mode=absolute tagNames=rule
2026.10.01-01.40.18 HUD icon texture size=32 ready=1 path=/Game/ArtTests/ARTMarkers/Textures/T_UI_Action_AttackToken_32 texture=32x32 probe=0 plate=1
2026.10.01-01.40.18 HUD art widget tag impl=umg source=/Game/S08/UI/ArtHud/WBP_S08ArtTag class=/Game/S08/UI/ArtHud/WBP_S08ArtTag.WBP_S08ArtTag_C count=8 missing=- codeDefaultTree=0
2026.10.01-01.40.18 HUD art widget plate impl=umg source=/Game/S08/UI/ArtHud/WBP_S08ArtPlate class=/Game/S08/UI/ArtHud/WBP_S08ArtPlate.WBP_S08ArtPlate_C parts=1 missing=- codeDefaultTree=0
2026.10.01-01.40.18 HUD art widget icon impl=umg source=/Game/S08/UI/ArtHud/WBP_S08ArtIcon class=/Game/S08/UI/ArtHud/WBP_S08ArtIcon.WBP_S08ArtIcon_C parts=1 missing=- codeDefaultTree=0
2026.10.01-01.40.18 HUD art widget damage impl=umg source=/Game/S08/UI/ArtHud/WBP_S08ArtDamage class=/Game/S08/UI/ArtHud/WBP_S08ArtDamage.WBP_S08ArtDamage_C parts=1 missing=- codeDefaultTree=0
2026.10.01-01.40.18 RENDER preset applied=High flag=S08RenderPreset
2026.10.01-01.40.18 BENCH start (W4-A backend-less render bench)
2026.10.01-01.40.19 ARTPREVIEW diorama requested mesh=/Game/PipelineCandidates/TableBase/20260928-table-base-tripo-h31/Meshes/SM_TableBase.SM_TableBase mi=MI_TableBase_Candidate
2026.10.01-01.40.19 ARTPREVIEW envlayout enabled dir=Config/ArtBoards/EnvLayouts source=pak files=2 names=marmoreal.layout.json+sarpedon.layout.json
2026.10.01-01.40.19 ARTPREVIEW board profiles loaded=1 revision=9 boards=5 zoneStyles=11 lightProfiles=5 errors=0 path=Config/ArtBoards/S08ArtBoardProfiles.json
2026.10.01-01.40.19 ARTPREVIEW board profiles source=pak sha256=aae181a4e6122bbe6f49a0f11122caf379c91b78f20b97140f96277038744230
2026.10.01-01.40.19 ARTPREVIEW zone content instances=12/12 glyphMeshes=11/11
2026.10.01-01.40.19 ARTPREVIEW zone keyline content mi=MI_ART005_Zone_Keyline glyphKeyMeshes=11/11 color=#111317
2026.10.01-01.40.19 ARTPREVIEW game layer material=M_S08_GameLayerUnlit unlitEyeAdaptInv=1 legacyRender=0
2026.10.01-01.40.19 ARTPREVIEW Cobble assets ready
2026.10.01-01.40.19 ARTPREVIEW board assets ready cobbleMesh=1 tiles=1 zoneMaterials=2
2026.10.01-01.40.19 ARTPREVIEW medusa candidate variant=face-neck-v2 mesh=SK_Medusa_FaceNeck_v2Candidate requested=(default)
2026.10.01-01.40.19 ARTPREVIEW map-image assets map=Sarpedon mi=MI_Sarpedon_MapBoard material=M_MapBoard bc=T_Sarpedon_Map_BC_4K mask=T_Sarpedon_Map_GameMask_4K boundBc=1 boundMask=1 sdf=1 id=1
2026.10.01-01.40.19 ARTPREVIEW board profile=sarpedon-original match=boardId board=9x6 boardId=c7fa64a26c29a0835f2383e63 surface=map-image light=sarpedon-night artFixture=0 map=Sarpedon
2026.10.01-01.40.19 ARTPREVIEW light profile=sarpedon-night name=key role=key kind=directional at=(-350,-150,600) intensity=3.5 units=lux radius=0 color=(0.60,0.71,0.97) shadow=1
2026.10.01-01.40.19 ARTPREVIEW light profile=sarpedon-night name=moon-pool role=cool kind=point at=(0,0,750) intensity=260 units=candelas radius=1250 color=(0.82,0.88,1.00) shadow=0
2026.10.01-01.40.19 ARTPREVIEW sky profile=sarpedon-night cubemap=/Game/S08/Render/TC_S08_AmbientDome loaded=1 spawned=1 intensity=3 color=(0.58,0.70,1.00) lowerBlack=0
2026.10.01-01.40.19 ARTPREVIEW fog profile=sarpedon-night spawned=1 color=(0.2000,0.2550,0.4600) density=0.32 falloff=0.2 heightZ=-400 start=2900 end=6000 maxOpacity=1.00 volumetric=0
2026.10.01-01.40.19 ARTPREVIEW exposure profile=sarpedon-night method=histogram-fixed min=4.14106 max=4.14106 bias=0.000 ev100=2.05 volume=1
2026.10.01-01.40.19 ARTPREVIEW lights applied profile=sarpedon-night directional=1 shadow=1 points=1 pointShadows=0 budgetOk=1
2026.10.01-01.40.19 ARTPREVIEW render profile=sarpedon-night units=candelas sky=1 exposure=1 keyShadow=csm-3600uu-2c-contact0.000 shadowCasters=1 legacyRender=0
2026.10.01-01.40.19 ARTPREVIEW map grade profile=sarpedon-night source=profile nightEV=-0.35 nightSaturation=0.75 lift=1.50 nightTint=(0.9700,1.0000,1.0500)
2026.10.01-01.40.19 ARTPREVIEW board active profile=sarpedon-original 9x6 surface=map-image map=Sarpedon spaces=38 links=61 starts=4 zoneKeys=6 multizone=4 triple=2 obstacles=16 size=891.3x577.3 src=1337x866 uuPerPx=0.6666667 frameUU=24 surfaceParts=4 corners=4 zoneMarks=0 lattice=0 pick=445.7x288.7 mi=MI_Sarpedon_MapBoard wood=1 expectOk=1
2026.10.01-01.40.19 ARTPREVIEW board map zone key=blue spaces=6 (painted, no zone marks)
2026.10.01-01.40.19 ARTPREVIEW board map zone key=brown spaces=5 (painted, no zone marks)
2026.10.01-01.40.19 ARTPREVIEW board map zone key=green spaces=8 (painted, no zone marks)
2026.10.01-01.40.19 ARTPREVIEW board map zone key=purple spaces=11 (painted, no zone marks)
2026.10.01-01.40.19 ARTPREVIEW board map zone key=red spaces=6 (painted, no zone marks)
2026.10.01-01.40.19 ARTPREVIEW board map zone key=yellow spaces=8 (painted, no zone marks)
2026.10.01-01.40.19 ARTPREVIEW envlayout prop id=fort-nw mesh=SM_Env_FortRuin loc=(-575.0,-418.0,-3.0) yaw=82.0 scale=1.000 shadow=1 size=169.4x73.3x110.0 bounds=(-659.7,-454.7,-3.0)..(-490.3,-381.3,107.0) overMap=0 onTray=1
2026.10.01-01.40.19 ARTPREVIEW envlayout prop id=campfire-nw mesh=SM_Env_Campfire loc=(-548.0,-352.0,-3.0) yaw=90.0 scale=1.200 shadow=1 size=47.8x48.0x20.2 bounds=(-571.9,-376.0,-3.0)..(-524.1,-328.0,17.2) overMap=0 onTray=1
2026.10.01-01.40.19 ARTPREVIEW envlayout prop id=tree-nw mesh=SM_Env_Tree loc=(-700.0,-318.0,-3.0) yaw=110.0 scale=1.050 shadow=1 size=247.9x214.3x199.5 bounds=(-824.0,-425.2,-3.0)..(-576.0,-210.8,196.5) overMap=0 onTray=1
2026.10.01-01.40.19 ARTPREVIEW envlayout prop id=tree-w mesh=SM_Env_Tree loc=(-690.0,-30.0,-3.0) yaw=70.0 scale=1.000 shadow=1 size=236.1x204.1x190.0 bounds=(-808.1,-132.0,-3.0)..(-571.9,72.0,187.0) overMap=0 onTray=1
2026.10.01-01.40.19 ARTPREVIEW envlayout prop id=palisade-n1 mesh=SM_Env_Palisade loc=(-440.0,-392.0,-3.0) yaw=90.0 scale=1.100 shadow=1 size=79.8x16.1x77.0 bounds=(-479.9,-400.0,-3.0)..(-400.1,-384.0,74.0) overMap=0 onTray=1
2026.10.01-01.40.19 ARTPREVIEW envlayout prop id=palisade-n2 mesh=SM_Env_Palisade loc=(-361.0,-390.0,-3.0) yaw=94.0 scale=1.100 shadow=1 size=80.7x21.6x77.0 bounds=(-401.4,-400.8,-3.0)..(-320.6,-379.2,74.0) overMap=0 onTray=1
2026.10.01-01.40.19 ARTPREVIEW envlayout prop id=palisade-w1 mesh=SM_Env_Palisade loc=(-556.7,-72.7,-3.0) yaw=15.0 scale=1.100 shadow=1 size=36.2x81.3x77.0 bounds=(-574.8,-113.3,-3.0)..(-538.6,-32.1,74.0) overMap=0 onTray=1
2026.10.01-01.40.19 ARTPREVIEW envlayout prop id=palisade-w2 mesh=SM_Env_Palisade loc=(-536.0,-150.0,-3.0) yaw=15.0 scale=1.100 shadow=1 size=36.2x81.3x77.0 bounds=(-554.1,-190.6,-3.0)..(-517.9,-109.4,74.0) overMap=0 onTray=1
2026.10.01-01.40.19 ARTPREVIEW envlayout prop id=palisade-w3 mesh=SM_Env_Palisade loc=(-540.0,205.0,-3.0) yaw=20.0 scale=1.100 shadow=1 size=42.4x80.5x77.0 bounds=(-561.2,164.7,-3.0)..(-518.8,245.3,74.0) overMap=0 onTray=1
2026.10.01-01.40.19 ARTPREVIEW envlayout prop id=campfire-w mesh=SM_Env_Campfire loc=(-560.0,85.0,-3.0) yaw=90.0 scale=1.000 shadow=1 size=39.8x40.0x16.8 bounds=(-579.9,65.0,-3.0)..(-540.1,105.0,13.8) overMap=0 onTray=1
2026.10.01-01.40.19 ARTPREVIEW envlayout prop id=hull-e1 mesh=SM_Env_Hull loc=(600.0,-370.0,-3.0) yaw=152.0 scale=0.850 shadow=1 size=167.9x250.8x217.9 bounds=(516.0,-495.4,-3.0)..(684.0,-244.6,214.9) overMap=0 onTray=1
2026.10.01-01.40.19 ARTPREVIEW envlayout prop id=hull-e2 mesh=SM_Env_Hull loc=(692.9,-134.3,-3.0) yaw=165.0 scale=0.850 shadow=1 size=118.7x260.4x217.9 bounds=(633.5,-264.5,-3.0)..(752.3,-4.1,214.9) overMap=0 onTray=1
2026.10.01-01.40.19 ARTPREVIEW envlayout prop id=cannon-e1 mesh=SM_Env_Cannon loc=(517.6,-371.5,-3.0) yaw=152.0 scale=1.400 shadow=1 size=76.4x68.7x37.6 bounds=(479.4,-405.8,-3.0)..(555.8,-337.2,34.6) overMap=0 onTray=1
2026.10.01-01.40.19 ARTPREVIEW envlayout prop id=cannon-e2 mesh=SM_Env_Cannon loc=(571.6,-270.0,-3.0) yaw=152.0 scale=1.400 shadow=1 size=76.4x68.7x37.6 bounds=(533.4,-304.3,-3.0)..(609.8,-235.7,34.6) overMap=0 onTray=1
2026.10.01-01.40.19 ARTPREVIEW envlayout prop id=cannon-e3 mesh=SM_Env_Cannon loc=(628.5,-96.3,-3.0) yaw=165.0 scale=1.400 shadow=1 size=72.3x59.1x37.6 bounds=(592.3,-125.8,-3.0)..(664.7,-66.8,34.6) overMap=0 onTray=1
2026.10.01-01.40.19 ARTPREVIEW envlayout prop id=cannon-e4 mesh=SM_Env_Cannon loc=(560.0,190.0,-3.0) yaw=-170.0 scale=1.400 shadow=1 size=69.7x54.5x37.6 bounds=(525.1,162.7,-3.0)..(594.9,217.3,34.6) overMap=0 onTray=1
2026.10.01-01.40.19 ARTPREVIEW envlayout prop id=rope-ne mesh=SM_Env_Rope loc=(425.0,-385.0,-3.0) yaw=90.0 scale=1.800 shadow=1 size=39.6x38.4x18.8 bounds=(405.2,-404.2,-3.0)..(444.8,-365.8,15.8) overMap=0 onTray=1
2026.10.01-01.40.19 ARTPREVIEW envlayout prop id=rope-se mesh=SM_Env_Rope loc=(575.0,320.0,-3.0) yaw=90.0 scale=1.800 shadow=1 size=39.6x38.4x18.8 bounds=(555.2,300.8,-3.0)..(594.8,339.2,15.8) overMap=0 onTray=1
2026.10.01-01.40.19 ARTPREVIEW envlayout light id=campfire-nw kind=point at=(-548.0,-352.0,60.0) intensity=55 units=candelas radius=460 color=#FF8A3D shadow=0
2026.10.01-01.40.19 ARTPREVIEW envlayout light id=campfire-w kind=point at=(-560.0,85.0,60.0) intensity=45 units=candelas radius=420 color=#FF9A4A shadow=0
2026.10.01-01.40.19 ARTPREVIEW envlayout light id=ship-lantern-n kind=point at=(571.7,-355.0,150.0) intensity=70 units=candelas radius=480 color=#FFA552 shadow=0
2026.10.01-01.40.19 ARTPREVIEW envlayout light id=ship-lantern-s kind=point at=(661.9,-126.0,140.0) intensity=65 units=candelas radius=460 color=#FFA552 shadow=0
2026.10.01-01.40.19 ARTPREVIEW envlayout light id=ship-lantern-stern kind=point at=(690.0,-30.0,140.0) intensity=50 units=candelas radius=440 color=#FFA552 shadow=0
2026.10.01-01.40.19 ARTPREVIEW envlayout ground map=sarpedon mode=runtime strips=4 material=MI_EnvGround_Sarpedon z=-1.0 outer=(-780.0,-515.0)..(780.0,425.0) hole=(-467.7,-310.7)..(467.7,310.7) splatRect=(-820.0,-560.0)..(820.0,470.0) splatCovers=1 areaUU2=885246 status=ok
2026.10.01-01.40.19 ARTPREVIEW envlayout map=sarpedon props=18 lights=5 missingMeshes=0 layoutProps=18 layoutLights=5 skippedMissing=0 skippedInsideMap=0 intrusions=0 outsideTray=0 outsideKit=0 shadowCasters=18 profilePoints=1 combinedPoints=6 combinedBudgetOk=1 tray=layout trayApronMismatch=0 profile=sarpedon-original boardId=c7fa64a26c29a0835f2383e63 file=Config/ArtBoards/EnvLayouts/sarpedon.layout.json sha256=31edb81b83780d354912117d69ac935912913a718acf486168d9081b26b006ca source=pak status=ok
2026.10.01-01.40.19 ARTPREVIEW envlayout tray map=sarpedon source=layout outerHalf=780.0x470.0 offsetY=-45.0 frameHalf=469.7x312.7 mesh=T2 t2Top=780.0x470.0 mismatchUU=0.0
2026.10.01-01.40.19 ARTPREVIEW diorama tray-t2 loaded mesh=/Game/PipelineCandidates/TableBase/T2/SM_TableBase_T2 mi=MI_TableBase_T2
2026.10.01-01.40.19 ARTPREVIEW diorama tray=/Game/PipelineCandidates/TableBase/T2/SM_TableBase_T2.SM_TableBase_T2 mi=MI_TableBase_T2 surface=map-image yaw=0.0 scale=1.000x1.000x1.000 bounds=(-802.0,-530.4,-179.5)..(802.0,440.4,1.5) size=1604.0x970.8x181.0 topZ=-3.0 boardHalf=469.7x312.7 rimUU=112.3 collision=none kind=T2 topHalf=780.0x470.0 layoutHalf=780.0x470.0 offset=(0.0,-45.0) source=layout mismatchUU=0.0 match=1 anisotropy=1.000 lipTopZ=1.5 lipBandUU=20.0
2026.10.01-01.40.19 CAMERA extents source=map-image half=445.7x288.7 dist=2340.2 fit=1872.2 k1Mul=1.250
2026.10.01-01.40.19 CAMERA dist=2340 loc=(0,1342,1917) pitch=-55 yaw=-90
2026.10.01-01.40.19 CAMERA config overview=2340.2 nearest=300.0 farthest=2880.2 zoomRange=0.81-7.80 fit=1872.2 k1Mul=1.250 minDist=300.0 outRatio=0.650 step=1.250 animMs=200 returnMs=300 followFrom=1.20 source=defaults issues=0
2026.10.01-01.40.19 BOARD 9x6 cells | control points: (0,0)=(-393,-219,0) (8,5)=(400,250,0) | neighbor pair (dist 140 uu)
2026.10.01-01.40.19 BOARD topology spaces=38 links=61 starts=3:S03,4:S14,1:S20,2:S32 frame=1337x866px uuPerPx=0.6667 radius=42.0uu (default)
2026.10.01-01.40.19 ARTPREVIEW team mapping mode=absolute source=fighter-prefix viewerTeam=- p1=f-0-hero,f-0-sk0,f-0-sk1,f-0-sk2 p2=f-1-hero,f-1-sk0
2026.10.01-01.40.19 ARTPREVIEW heroesV2 fighter=f-0-hero mesh=/Game/PipelineCandidates/Medusa/H2LD/Meshes/SK_Medusa_H2LD mi=/Game/PipelineCandidates/Medusa/H2LD/Materials/MI_Medusa_H2LD_P1 yaw=90.0 scale=0.9998 name=Medusa hero=1 look=P1 base=/Game/PipelineCandidates/Medusa/H2LD/Meshes/SM_Medusa_H2LD_Base baseMi=/Game/PipelineCandidates/Medusa/H2LD/Materials/MI_Medusa_H2LD_Base_P1 skeleton=/Game/PipelineCandidates/Medusa/Rig/SK_Medusa_Skeleton.SK_Medusa_Skeleton clips=4/4 boundsTop=55.00 figureTop=55.00 budget=55.0
2026.10.01-01.40.19 ARTPREVIEW click capsule fighter=f-0-hero mesh=SK_Medusa_H2LD physicsAsset=0 radius=11.6 halfHeight=27.5 top=55.0 bodyCollision=0 source=meshBounds
2026.10.01-01.40.19 ARTPREVIEW fighter=Medusa hero=1 eligible=0 visual=1 mesh=SK_Medusa_H2LD
2026.10.01-01.40.19 ARTPREVIEW team ring fighter=f-0-hero team=P1 look=P1 mode=absolute shape=circle shown=1 mesh=SM_Marker_TeamRing_P1 fill=#E8C06A keyline=#111317 fillLinear=(0.8070,0.5271,0.1441) zMin=0.60 zMax=1.20 scale=1.00 base=hidden blockout=0 art=1 rim=#FFFFFF
2026.10.01-01.40.19 ARTPREVIEW anim fighter=f-0-hero clip=Idle len=2.333 event=spawn loop=1 phase=0.8071 seq=-1 asset=AM_Medusa_Idle
2026.10.01-01.40.19 ARTPREVIEW heroesV2 fighter=f-0-sk0 mesh=/Game/PipelineCandidates/Harpy/H3LD/Meshes/SK_Harpy_H3LD mi=/Game/PipelineCandidates/Harpy/H3LD/Materials/MI_Harpy_H3LD_P1 yaw=270.0 scale=1.0000 name=Harpies hero=0 look=P1 base=/Game/PipelineCandidates/Harpy/H3LD/Meshes/SM_Harpy_H3LD_Base baseMi=/Game/PipelineCandidates/Harpy/H3LD/Materials/MI_Harpy_H3LD_Base_P1 skeleton=/Game/PipelineCandidates/Harpy/Rig/SK_Harpy_Skeleton.SK_Harpy_Skeleton clips=4/4 boundsTop=42.00 figureTop=42.00 budget=42.0
2026.10.01-01.40.19 ARTPREVIEW click capsule fighter=f-0-sk0 mesh=SK_Harpy_H3LD physicsAsset=0 radius=20.0 halfHeight=21.0 top=42.0 bodyCollision=0 source=meshBounds
2026.10.01-01.40.19 ARTPREVIEW team ring fighter=f-0-sk0 team=P1 look=P1 mode=absolute shape=circle shown=1 mesh=SM_Marker_TeamRing_P1 fill=#E8C06A keyline=#111317 fillLinear=(0.8070,0.5271,0.1441) zMin=0.60 zMax=1.20 scale=0.78 base=hidden blockout=0 art=1 rim=#FFFFFF
2026.10.01-01.40.19 ARTPREVIEW anim fighter=f-0-sk0 clip=Idle len=2.000 event=spawn loop=1 phase=0.6635 seq=-1 asset=AM_Harpy_Idle
2026.10.01-01.40.19 ARTPREVIEW heroesV2 fighter=f-0-sk1 mesh=/Game/PipelineCandidates/Harpy/H3LD/Meshes/SK_Harpy_H3LD mi=/Game/PipelineCandidates/Harpy/H3LD/Materials/MI_Harpy_H3LD_P1 yaw=90.0 scale=1.0000 name=Harpies hero=0 look=P1 base=/Game/PipelineCandidates/Harpy/H3LD/Meshes/SM_Harpy_H3LD_Base baseMi=/Game/PipelineCandidates/Harpy/H3LD/Materials/MI_Harpy_H3LD_Base_P1 skeleton=/Game/PipelineCandidates/Harpy/Rig/SK_Harpy_Skeleton.SK_Harpy_Skeleton clips=4/4 boundsTop=42.00 figureTop=42.00 budget=42.0
2026.10.01-01.40.19 ARTPREVIEW click capsule fighter=f-0-sk1 mesh=SK_Harpy_H3LD physicsAsset=0 radius=20.0 halfHeight=21.0 top=42.0 bodyCollision=0 source=meshBounds
2026.10.01-01.40.19 ARTPREVIEW team ring fighter=f-0-sk1 team=P1 look=P1 mode=absolute shape=circle shown=1 mesh=SM_Marker_TeamRing_P1 fill=#E8C06A keyline=#111317 fillLinear=(0.8070,0.5271,0.1441) zMin=0.60 zMax=1.20 scale=0.78 base=hidden blockout=0 art=1 rim=#FFFFFF
2026.10.01-01.40.19 ARTPREVIEW anim fighter=f-0-sk1 clip=Idle len=2.000 event=spawn loop=1 phase=0.9016 seq=-1 asset=AM_Harpy_Idle
2026.10.01-01.40.19 ARTPREVIEW heroesV2 fighter=f-0-sk2 mesh=/Game/PipelineCandidates/Harpy/H3LD/Meshes/SK_Harpy_H3LD mi=/Game/PipelineCandidates/Harpy/H3LD/Materials/MI_Harpy_H3LD_P1 yaw=270.0 scale=1.0000 name=Harpies hero=0 look=P1 base=/Game/PipelineCandidates/Harpy/H3LD/Meshes/SM_Harpy_H3LD_Base baseMi=/Game/PipelineCandidates/Harpy/H3LD/Materials/MI_Harpy_H3LD_Base_P1 skeleton=/Game/PipelineCandidates/Harpy/Rig/SK_Harpy_Skeleton.SK_Harpy_Skeleton clips=4/4 boundsTop=42.00 figureTop=42.00 budget=42.0
2026.10.01-01.40.19 ARTPREVIEW click capsule fighter=f-0-sk2 mesh=SK_Harpy_H3LD physicsAsset=0 radius=20.0 halfHeight=21.0 top=42.0 bodyCollision=0 source=meshBounds
2026.10.01-01.40.19 ARTPREVIEW team ring fighter=f-0-sk2 team=P1 look=P1 mode=absolute shape=circle shown=1 mesh=SM_Marker_TeamRing_P1 fill=#E8C06A keyline=#111317 fillLinear=(0.8070,0.5271,0.1441) zMin=0.60 zMax=1.20 scale=0.78 base=hidden blockout=0 art=1 rim=#FFFFFF
2026.10.01-01.40.19 ARTPREVIEW anim fighter=f-0-sk2 clip=Idle len=2.000 event=spawn loop=1 phase=0.1873 seq=-1 asset=AM_Harpy_Idle
2026.10.01-01.40.19 ARTPREVIEW heroesV2 fighter=f-1-hero mesh=/Game/PipelineCandidates/KingArthur/H2LD/Meshes/SK_KingArthur_H2LD mi=/Game/PipelineCandidates/KingArthur/H2LD/Materials/MI_KingArthur_H2LD_P2 yaw=270.0 scale=1.0000 name=King Arthur hero=1 look=P2 base=/Game/PipelineCandidates/KingArthur/H2LD/Meshes/SM_KingArthur_H2LD_Base baseMi=/Game/PipelineCandidates/KingArthur/H2LD/Materials/MI_KingArthur_H2LD_Base_P2 skeleton=/Game/PipelineCandidates/KingArthur/Rig/SK_KingArthur_Skeleton.SK_KingArthur_Skeleton clips=4/4 boundsTop=60.06 figureTop=55.00 budget=55.0
2026.10.01-01.40.19 ARTPREVIEW click capsule fighter=f-1-hero mesh=SK_KingArthur_H2LD physicsAsset=0 radius=12.8 halfHeight=30.0 top=60.1 bodyCollision=0 source=meshBounds
2026.10.01-01.40.19 ARTPREVIEW team ring fighter=f-1-hero team=P2 look=P2 mode=absolute shape=hexagon shown=1 mesh=SM_Marker_TeamRing_P2 fill=#5A7F9F keyline=#111317 fillLinear=(0.1022,0.2122,0.3467) zMin=0.60 zMax=1.20 scale=1.00 base=hidden blockout=0 art=1 rim=#FFFFFF
2026.10.01-01.40.19 ARTPREVIEW anim fighter=f-1-hero clip=Idle len=2.500 event=spawn loop=1 phase=0.3470 seq=-1 asset=AM_KingArthur_Idle
2026.10.01-01.40.20 ARTPREVIEW heroesV2 fighter=f-1-sk0 mesh=/Game/PipelineCandidates/Merlin/H2LD/Meshes/SK_Merlin_H2LD mi=/Game/PipelineCandidates/Merlin/H2LD/Materials/MI_Merlin_H2LD_P2 yaw=270.0 scale=1.0003 name=Merlin hero=0 look=P2 base=/Game/PipelineCandidates/Merlin/H2LD/Meshes/SM_Merlin_H2LD_Base baseMi=/Game/PipelineCandidates/Merlin/H2LD/Materials/MI_Merlin_H2LD_Base_P2 skeleton=/Game/PipelineCandidates/Merlin/Rig/SK_Merlin_Skeleton.SK_Merlin_Skeleton clips=4/4 boundsTop=49.44 figureTop=45.00 budget=45.0
2026.10.01-01.40.20 ARTPREVIEW click capsule fighter=f-1-sk0 mesh=SK_Merlin_H2LD physicsAsset=0 radius=10.5 halfHeight=24.7 top=49.4 bodyCollision=0 source=meshBounds
2026.10.01-01.40.20 ARTPREVIEW team ring fighter=f-1-sk0 team=P2 look=P2 mode=absolute shape=hexagon shown=1 mesh=SM_Marker_TeamRing_P2 fill=#5A7F9F keyline=#111317 fillLinear=(0.1022,0.2122,0.3467) zMin=0.60 zMax=1.20 scale=0.78 base=hidden blockout=0 art=1 rim=#FFFFFF
2026.10.01-01.40.20 ARTPREVIEW anim fighter=f-1-sk0 clip=Idle len=3.000 event=spawn loop=1 phase=0.8028 seq=-1 asset=AM_Merlin_Idle
2026.10.01-01.40.20 ARTPREVIEW heroesV2 summary fighters=6 mapped=6 v2=6
2026.10.01-01.40.20 FIGHTERS synced n=6 alive=6 own=4 enemy=2
2026.10.01-01.40.20 BENCH scene fixture=S08BenchSarpedon.json board=9x6 fighters=6 viewer=cmukie55u0000wiao06h107t9 hero=f-0-hero art=1 profile=sarpedon-original views=K1+K1x0.65+K2x1.6 warmup=60 settle=6 measure=5 fps=60 profileGpu=0 csv=0
2026.10.01-01.41.19 BENCH warmup done elapsed=60.3
2026.10.01-01.41.19 BENCH view=K1 overview target=2340.2 fit=1872.2
2026.10.01-01.41.19 BENCH view=K1 camera settled=1 dist=2340.2 target=2340.2 zoom=1.00
2026.10.01-01.41.31 BENCH measure view=K1 window=5.1 frames=49 fps=9.63 frameMs avg=103.89 p50=109.34 p95=133.26 p99=165.90 max=165.90 hitches50=49 gpuMs avg=2.41 p50=2.32 p95=2.79 gameMs avg=2.10 p95=2.61 renderMs avg=103.89 p95=133.19
2026.10.01-01.41.31 RENDER tag=BENCH rhi=D3D12 featureLevel=SM6 shaderPlatform=PCD3D_SM6 lumenPlatform=1 gi=lumen giMethod=1 refl=lumen reflMethod=1 shadows=csm vsmEnable=0 sg.res=100 sg.view=2 sg.aa=2 sg.shadow=2 sg.gi=2 sg.refl=2 sg.pp=2 sg.tex=2 sg.fx=2 sg.foliage=2 sg.shading=2 sg.landscape=2 preset=High screenPct=100.0 screenPctMode=0 aa=TSR aaMethod=4 exposure=fixed-histogram expMin=4.14106 expMax=4.14106 expBias=0.000 ev100=2.05 lightUnits=candelas sky=1 skyIntensity=3.000 keyShadow=csm-3600uu-2c-contact0.000 shadowCasters=1 profile=sarpedon-night profilesSha256=aae181a4e6122bbe6f49a0f11122caf379c91b78f20b97140f96277038744230 profilesSource=pak legacyRender=0 gameLayer=unlit-eyeadaptinv tMaxFPS=60.0 vsync=0 frameRateLimit=60.0 substrate=0 nanite=1 meshDF=1 viewport=1920x1080 reference=1
2026.10.01-01.41.34 SHOT ctx viewport=1920x1080 viewTarget=CameraActor_0 cam=(0,1342,1917) rot=(-55,-90,-0)
2026.10.01-01.41.34 RENDER tag=SHOT rhi=D3D12 featureLevel=SM6 shaderPlatform=PCD3D_SM6 lumenPlatform=1 gi=lumen giMethod=1 refl=lumen reflMethod=1 shadows=csm vsmEnable=0 sg.res=100 sg.view=2 sg.aa=2 sg.shadow=2 sg.gi=2 sg.refl=2 sg.pp=2 sg.tex=2 sg.fx=2 sg.foliage=2 sg.shading=2 sg.landscape=2 preset=High screenPct=100.0 screenPctMode=0 aa=TSR aaMethod=4 exposure=fixed-histogram expMin=4.14106 expMax=4.14106 expBias=0.000 ev100=2.05 lightUnits=candelas sky=1 skyIntensity=3.000 keyShadow=csm-3600uu-2c-contact0.000 shadowCasters=1 profile=sarpedon-night profilesSha256=aae181a4e6122bbe6f49a0f11122caf379c91b78f20b97140f96277038744230 profilesSource=pak legacyRender=0 gameLayer=unlit-eyeadaptinv tMaxFPS=60.0 vsync=0 frameRateLimit=60.0 substrate=0 nanite=1 meshDF=1 viewport=1920x1080 reference=1
2026.10.01-01.41.34 SHOT fighter f-0-hero pos=(2,2) world=(-218,-13,0) screen=(678,527) projected=1 alive=1
2026.10.01-01.41.34 SHOT fighter f-0-sk0 pos=(1,3) world=(-309,33,0) screen=(555,576) projected=1 alive=1
2026.10.01-01.41.34 SHOT fighter f-0-sk1 pos=(0,2) world=(-398,-3,0) screen=(442,537) projected=1 alive=1
2026.10.01-01.41.34 SHOT fighter f-0-sk2 pos=(0,3) world=(-394,92,0) screen=(435,640) projected=1 alive=1
2026.10.01-01.41.34 SHOT fighter f-1-hero pos=(5,4) world=(119,141,0) screen=(1120,695) projected=1 alive=1
2026.10.01-01.41.34 SHOT fighter f-1-sk0 pos=(6,3) world=(159,52,0) screen=(1169,596) projected=1 alive=1
2026.10.01-01.41.34 SHOT camera dist=2340.2 target=2340.2 overview=2340.2 errPct=0.000 focusErr=0.00 settled=1 zoom=1.00
2026.10.01-01.41.34 SHOT head fighter=f-0-hero socket=Head mesh=SK_Medusa_H2LD world=(-218.3,-11.8,47.1) screen=(672.0,491.6) top=(671.4,487.0) bottom=(672.6,496.3) headPx=9.4 projected=1
2026.10.01-01.41.34 SHOT head fighter=f-0-sk0 socket=Head mesh=SK_Harpy_H3LD world=(-308.6,28.1,34.0) screen=(550.8,544.7) top=(549.9,540.2) bottom=(551.6,549.3) headPx=9.3 projected=1
2026.10.01-01.41.34 SHOT head fighter=f-0-sk1 socket=Head mesh=SK_Harpy_H3LD world=(-398.3,2.7,34.1) screen=(435.2,517.2) top=(434.1,512.6) bottom=(436.3,521.7) headPx=9.4 projected=1
2026.10.01-01.41.34 SHOT head fighter=f-0-sk2 socket=Head mesh=SK_Harpy_H3LD world=(-394.0,87.1,34.3) screen=(429.7,609.5) top=(428.6,605.0) bottom=(430.9,614.0) headPx=9.3 projected=1
2026.10.01-01.41.34 SHOT head fighter=f-1-hero socket=Head mesh=SK_KingArthur_H2LD world=(119.6,140.1,50.1) screen=(1124.1,658.1) top=(1124.4,653.7) bottom=(1123.7,662.6) headPx=9.0 projected=1
2026.10.01-01.41.34 SHOT head fighter=f-1-sk0 socket=Head mesh=SK_Merlin_H2LD world=(159.2,48.6,36.5) screen=(1172.4,565.3) top=(1172.9,560.7) bottom=(1171.9,569.8) headPx=9.1 projected=1
2026.10.01-01.41.34 SHOT figure fighter=f-0-hero bbox=(632,454,716,557) ringR=28.50 art=1 blockout=0 team=P1 look=P1 ring=1
2026.10.01-01.41.34 SHOT figure fighter=f-0-sk0 bbox=(516,520,586,600) ringR=22.23 art=1 blockout=0 team=P1 look=P1 ring=1
2026.10.01-01.41.34 SHOT figure fighter=f-0-sk1 bbox=(402,482,474,561) ringR=22.23 art=1 blockout=0 team=P1 look=P1 ring=1
2026.10.01-01.41.34 SHOT figure fighter=f-0-sk2 bbox=(394,584,467,665) ringR=22.23 art=1 blockout=0 team=P1 look=P1 ring=1
2026.10.01-01.41.34 SHOT figure fighter=f-1-hero bbox=(1081,619,1165,728) ringR=28.50 art=1 blockout=0 team=P2 look=P2 ring=1
2026.10.01-01.41.34 SHOT figure fighter=f-1-sk0 bbox=(1139,534,1204,620) ringR=22.23 art=1 blockout=0 team=P2 look=P2 ring=1
2026.10.01-01.41.34 SHOT request file=bench-K1-1920x1080.png frame=754
2026.10.01-01.41.34 SHOT requested: FScreenshotRequest(bShowUI) -> C:\tmp\envmaps-research\p2\light\runs\final-s/bench-K1-1920x1080.png
2026.10.01-01.41.35 SHOT captured file=bench-K1-1920x1080.png frame=754 px=1920x1080 sha256=a1a1cd1d594f2fd8e65250b320314fbf22ecd4014414bd96700c696bf6f96b96 order=BGRA saved=1
2026.10.01-01.41.35 SHOT late begin file=bench-K1-1920x1080.png frame=754 requestFrame=754
2026.10.01-01.41.35 SHOT iconstate visible=0 lastFighter=none frame=754
2026.10.01-01.41.35 SHOT panel id=hud.command bbox=(0,0,20,20) geom=painted visible=1 frame=754
2026.10.01-01.41.35 SHOT panel id=hud.side bbox=(1884,0,1920,28) geom=painted visible=1 frame=754
2026.10.01-01.41.35 SHOT panel id=hud.hand bbox=(950,1060,970,1080) geom=painted visible=1 frame=754
2026.10.01-01.41.35 SHOT label fighter=f-0-hero mode=full bbox=(631,449,707,476) frame=754
2026.10.01-01.41.35 SHOT label fighter=f-0-sk0 mode=full bbox=(503,514,587,537) frame=754
2026.10.01-01.41.35 SHOT label fighter=f-0-sk1 mode=full bbox=(387,475,472,498) frame=754
2026.10.01-01.41.35 SHOT label fighter=f-0-sk2 mode=full bbox=(379,580,465,602) frame=754
2026.10.01-01.41.35 SHOT label fighter=f-1-hero mode=full bbox=(1085,625,1166,647) frame=754
2026.10.01-01.41.35 SHOT label fighter=f-1-sk0 mode=full bbox=(1144,533,1205,557) frame=754
2026.10.01-01.41.35 SHOT late end file=bench-K1-1920x1080.png frame=754
2026.10.01-01.41.35 BENCH shot view=K1 saved=1 path=C:\tmp\envmaps-research\p2\light\runs\final-s/bench-K1-1920x1080.png
2026.10.01-01.41.35 BENCH view=K1x0.65 zoom-out wanted=0.65 target=2880.2 zoom=0.81 limit=far
2026.10.01-01.41.35 BENCH view=K1x0.65 camera settled=1 dist=2880.2 target=2880.2 zoom=0.81
2026.10.01-01.41.46 BENCH measure view=K1x0.65 window=5.0 frames=56 fps=11.20 frameMs avg=89.30 p50=87.77 p95=119.86 p99=128.82 max=128.82 hitches50=56 gpuMs avg=2.40 p50=2.30 p95=3.08 gameMs avg=2.01 p95=2.33 renderMs avg=89.30 p95=119.91
2026.10.01-01.41.46 RENDER tag=BENCH rhi=D3D12 featureLevel=SM6 shaderPlatform=PCD3D_SM6 lumenPlatform=1 gi=lumen giMethod=1 refl=lumen reflMethod=1 shadows=csm vsmEnable=0 sg.res=100 sg.view=2 sg.aa=2 sg.shadow=2 sg.gi=2 sg.refl=2 sg.pp=2 sg.tex=2 sg.fx=2 sg.foliage=2 sg.shading=2 sg.landscape=2 preset=High screenPct=100.0 screenPctMode=0 aa=TSR aaMethod=4 exposure=fixed-histogram expMin=4.14106 expMax=4.14106 expBias=0.000 ev100=2.05 lightUnits=candelas sky=1 skyIntensity=3.000 keyShadow=csm-3600uu-2c-contact0.000 shadowCasters=1 profile=sarpedon-night profilesSha256=aae181a4e6122bbe6f49a0f11122caf379c91b78f20b97140f96277038744230 profilesSource=pak legacyRender=0 gameLayer=unlit-eyeadaptinv tMaxFPS=60.0 vsync=0 frameRateLimit=60.0 substrate=0 nanite=1 meshDF=1 viewport=1920x1080 reference=1
2026.10.01-01.41.49 SHOT ctx viewport=1920x1080 viewTarget=CameraActor_0 cam=(0,1652,2359) rot=(-55,-90,-0)
2026.10.01-01.41.49 RENDER tag=SHOT rhi=D3D12 featureLevel=SM6 shaderPlatform=PCD3D_SM6 lumenPlatform=1 gi=lumen giMethod=1 refl=lumen reflMethod=1 shadows=csm vsmEnable=0 sg.res=100 sg.view=2 sg.aa=2 sg.shadow=2 sg.gi=2 sg.refl=2 sg.pp=2 sg.tex=2 sg.fx=2 sg.foliage=2 sg.shading=2 sg.landscape=2 preset=High screenPct=100.0 screenPctMode=0 aa=TSR aaMethod=4 exposure=fixed-histogram expMin=4.14106 expMax=4.14106 expBias=0.000 ev100=2.05 lightUnits=candelas sky=1 skyIntensity=3.000 keyShadow=csm-3600uu-2c-contact0.000 shadowCasters=1 profile=sarpedon-night profilesSha256=aae181a4e6122bbe6f49a0f11122caf379c91b78f20b97140f96277038744230 profilesSource=pak legacyRender=0 gameLayer=unlit-eyeadaptinv tMaxFPS=60.0 vsync=0 frameRateLimit=60.0 substrate=0 nanite=1 meshDF=1 viewport=1920x1080 reference=1
2026.10.01-01.41.49 SHOT fighter f-0-hero pos=(2,2) world=(-218,-13,0) screen=(730,529) projected=1 alive=1
2026.10.01-01.41.49 SHOT fighter f-0-sk0 pos=(1,3) world=(-309,33,0) screen=(631,569) projected=1 alive=1
2026.10.01-01.41.49 SHOT fighter f-0-sk1 pos=(0,2) world=(-398,-3,0) screen=(539,538) projected=1 alive=1
2026.10.01-01.41.49 SHOT fighter f-0-sk2 pos=(0,3) world=(-394,92,0) screen=(535,621) projected=1 alive=1
2026.10.01-01.41.49 SHOT fighter f-1-hero pos=(5,4) world=(119,141,0) screen=(1089,665) projected=1 alive=1
2026.10.01-01.41.49 SHOT fighter f-1-sk0 pos=(6,3) world=(159,52,0) screen=(1130,585) projected=1 alive=1
2026.10.01-01.41.49 SHOT camera dist=2880.2 target=2880.2 overview=2340.2 errPct=0.000 focusErr=0.00 settled=1 zoom=0.81
2026.10.01-01.41.49 SHOT head fighter=f-0-hero socket=Head mesh=SK_Medusa_H2LD world=(-217.0,-11.8,47.0) screen=(728.1,500.8) top=(727.7,497.1) bottom=(728.5,504.6) headPx=7.5 projected=1
2026.10.01-01.41.49 SHOT head fighter=f-0-sk0 socket=Head mesh=SK_Harpy_H3LD world=(-308.7,28.4,34.3) screen=(628.5,543.8) top=(628.0,540.2) bottom=(629.1,547.5) headPx=7.5 projected=1
2026.10.01-01.41.49 SHOT head fighter=f-0-sk1 socket=Head mesh=SK_Harpy_H3LD world=(-399.1,2.6,34.1) screen=(533.8,521.4) top=(533.1,517.7) bottom=(534.5,525.1) headPx=7.6 projected=1
2026.10.01-01.41.49 SHOT head fighter=f-0-sk2 socket=Head mesh=SK_Harpy_H3LD world=(-394.0,86.8,34.0) screen=(532.0,596.1) top=(531.2,592.4) bottom=(532.7,599.7) headPx=7.4 projected=1
2026.10.01-01.41.49 SHOT head fighter=f-1-hero socket=Head mesh=SK_KingArthur_H2LD world=(119.4,140.6,50.0) screen=(1091.8,635.4) top=(1092.1,631.8) bottom=(1091.6,639.1) headPx=7.3 projected=1
2026.10.01-01.41.49 SHOT head fighter=f-1-sk0 socket=Head mesh=SK_Merlin_H2LD world=(159.2,48.6,36.5) screen=(1131.8,560.4) top=(1132.0,556.7) bottom=(1131.5,564.1) headPx=7.4 projected=1
2026.10.01-01.41.49 SHOT figure fighter=f-0-hero bbox=(695,470,762,554) ringR=28.50 art=1 blockout=0 team=P1 look=P1 ring=1
2026.10.01-01.41.49 SHOT figure fighter=f-0-sk0 bbox=(602,524,656,589) ringR=22.23 art=1 blockout=0 team=P1 look=P1 ring=1
2026.10.01-01.41.49 SHOT figure fighter=f-0-sk1 bbox=(508,493,564,557) ringR=22.23 art=1 blockout=0 team=P1 look=P1 ring=1
2026.10.01-01.41.49 SHOT figure fighter=f-0-sk2 bbox=(504,576,561,641) ringR=22.23 art=1 blockout=0 team=P1 look=P1 ring=1
2026.10.01-01.41.49 SHOT figure fighter=f-1-hero bbox=(1058,603,1124,692) ringR=28.50 art=1 blockout=0 team=P2 look=P2 ring=1
2026.10.01-01.41.49 SHOT figure fighter=f-1-sk0 bbox=(1105,536,1157,605) ringR=22.23 art=1 blockout=0 team=P2 look=P2 ring=1
2026.10.01-01.41.49 SHOT request file=bench-K1x0p65-1920x1080.png frame=914
2026.10.01-01.41.49 SHOT requested: FScreenshotRequest(bShowUI) -> C:\tmp\envmaps-research\p2\light\runs\final-s/bench-K1x0p65-1920x1080.png
2026.10.01-01.41.50 SHOT captured file=bench-K1x0p65-1920x1080.png frame=914 px=1920x1080 sha256=0d7d278f00061101c7df6c382d1bc937488c097ab0755d451e0a0239a55df60e order=BGRA saved=1
2026.10.01-01.41.50 SHOT late begin file=bench-K1x0p65-1920x1080.png frame=914 requestFrame=914
2026.10.01-01.41.50 SHOT iconstate visible=0 lastFighter=none frame=914
2026.10.01-01.41.50 SHOT panel id=hud.command bbox=(0,0,20,20) geom=painted visible=1 frame=914
2026.10.01-01.41.50 SHOT panel id=hud.side bbox=(1884,0,1920,28) geom=painted visible=1 frame=914
2026.10.01-01.41.50 SHOT panel id=hud.hand bbox=(950,1060,970,1080) geom=painted visible=1 frame=914
2026.10.01-01.41.50 SHOT label fighter=f-0-hero mode=full bbox=(687,464,762,488) frame=914
2026.10.01-01.41.50 SHOT label fighter=f-0-sk0 mode=full bbox=(583,517,666,537) frame=914
2026.10.01-01.41.50 SHOT label fighter=f-0-sk1 mode=full bbox=(489,485,572,506) frame=914
2026.10.01-01.41.50 SHOT label fighter=f-0-sk2 mode=full bbox=(484,569,569,590) frame=914
2026.10.01-01.41.50 SHOT label fighter=f-1-hero mode=full bbox=(1053,606,1132,626) frame=914
2026.10.01-01.41.50 SHOT label fighter=f-1-sk0 mode=full bbox=(1103,532,1163,554) frame=914
2026.10.01-01.41.50 SHOT late end file=bench-K1x0p65-1920x1080.png frame=914
2026.10.01-01.41.50 BENCH shot view=K1x0.65 saved=1 path=C:\tmp\envmaps-research\p2\light\runs\final-s/bench-K1x0p65-1920x1080.png
2026.10.01-01.41.50 ARTPREVIEW selection ring shown fighter=Medusa mesh=SM_Marker_SelectionRing
2026.10.01-01.41.50 ARTPREVIEW reachable rings cells=19 placed=1 radiusUU=36 segments=12
2026.10.01-01.41.50 BENCH view=K2x1.6 focus hero=f-0-hero zoom=1.60 target=1462.6 clamp=0
2026.10.01-01.41.50 BENCH view=K2x1.6 camera settled=1 dist=1462.6 target=1462.6 zoom=1.60
2026.10.01-01.42.02 BENCH measure view=K2x1.6 window=5.0 frames=54 fps=10.75 frameMs avg=93.00 p50=93.42 p95=134.94 p99=136.36 max=136.36 hitches50=54 gpuMs avg=2.39 p50=2.34 p95=2.62 gameMs avg=2.05 p95=2.47 renderMs avg=93.00 p95=134.93
2026.10.01-01.42.02 RENDER tag=BENCH rhi=D3D12 featureLevel=SM6 shaderPlatform=PCD3D_SM6 lumenPlatform=1 gi=lumen giMethod=1 refl=lumen reflMethod=1 shadows=csm vsmEnable=0 sg.res=100 sg.view=2 sg.aa=2 sg.shadow=2 sg.gi=2 sg.refl=2 sg.pp=2 sg.tex=2 sg.fx=2 sg.foliage=2 sg.shading=2 sg.landscape=2 preset=High screenPct=100.0 screenPctMode=0 aa=TSR aaMethod=4 exposure=fixed-histogram expMin=4.14106 expMax=4.14106 expBias=0.000 ev100=2.05 lightUnits=candelas sky=1 skyIntensity=3.000 keyShadow=csm-3600uu-2c-contact0.000 shadowCasters=1 profile=sarpedon-night profilesSha256=aae181a4e6122bbe6f49a0f11122caf379c91b78f20b97140f96277038744230 profilesSource=pak legacyRender=0 gameLayer=unlit-eyeadaptinv tMaxFPS=60.0 vsync=0 frameRateLimit=60.0 substrate=0 nanite=1 meshDF=1 viewport=1920x1080 reference=1
2026.10.01-01.42.05 SHOT ctx viewport=1920x1080 viewTarget=CameraActor_0 cam=(-218,826,1226) rot=(-55,-90,-0)
2026.10.01-01.42.05 RENDER tag=SHOT rhi=D3D12 featureLevel=SM6 shaderPlatform=PCD3D_SM6 lumenPlatform=1 gi=lumen giMethod=1 refl=lumen reflMethod=1 shadows=csm vsmEnable=0 sg.res=100 sg.view=2 sg.aa=2 sg.shadow=2 sg.gi=2 sg.refl=2 sg.pp=2 sg.tex=2 sg.fx=2 sg.foliage=2 sg.shading=2 sg.landscape=2 preset=High screenPct=100.0 screenPctMode=0 aa=TSR aaMethod=4 exposure=fixed-histogram expMin=4.14106 expMax=4.14106 expBias=0.000 ev100=2.05 lightUnits=candelas sky=1 skyIntensity=3.000 keyShadow=csm-3600uu-2c-contact0.000 shadowCasters=1 profile=sarpedon-night profilesSha256=aae181a4e6122bbe6f49a0f11122caf379c91b78f20b97140f96277038744230 profilesSource=pak legacyRender=0 gameLayer=unlit-eyeadaptinv tMaxFPS=60.0 vsync=0 frameRateLimit=60.0 substrate=0 nanite=1 meshDF=1 viewport=1920x1080 reference=1
2026.10.01-01.42.05 SHOT fighter f-0-hero pos=(2,2) world=(-218,-13,0) screen=(960,573) projected=1 alive=1
2026.10.01-01.42.05 SHOT fighter f-0-sk0 pos=(1,3) world=(-309,33,0) screen=(769,652) projected=1 alive=1
2026.10.01-01.42.05 SHOT fighter f-0-sk1 pos=(0,2) world=(-398,-3,0) screen=(588,590) projected=1 alive=1
2026.10.01-01.42.05 SHOT fighter f-0-sk2 pos=(0,3) world=(-394,92,0) screen=(583,757) projected=1 alive=1
2026.10.01-01.42.05 SHOT fighter f-1-hero pos=(5,4) world=(119,141,0) screen=(1693,849) projected=1 alive=1
2026.10.01-01.42.05 SHOT fighter f-1-sk0 pos=(6,3) world=(159,52,0) screen=(1751,685) projected=1 alive=1
2026.10.01-01.42.05 SHOT camera dist=1462.6 target=1462.6 overview=2340.2 errPct=0.000 focusErr=0.00 settled=1 zoom=1.60
2026.10.01-01.42.05 SHOT head fighter=f-0-hero socket=Head mesh=SK_Medusa_H2LD world=(-218.1,-11.4,47.1) screen=(959.2,519.2) top=(959.2,511.8) bottom=(959.2,526.4) headPx=14.6 projected=1
2026.10.01-01.42.05 SHOT head fighter=f-0-sk0 socket=Head mesh=SK_Harpy_H3LD world=(-308.5,28.1,33.9) screen=(767.3,603.6) top=(766.6,596.5) bottom=(767.9,610.7) headPx=14.2 projected=1
2026.10.01-01.42.05 SHOT head fighter=f-0-sk1 socket=Head mesh=SK_Harpy_H3LD world=(-398.3,2.7,34.0) screen=(580.4,559.3) top=(579.1,552.1) bottom=(581.6,566.5) headPx=14.6 projected=1
2026.10.01-01.42.05 SHOT head fighter=f-0-sk2 socket=Head mesh=SK_Harpy_H3LD world=(-394.1,87.0,34.3) screen=(576.3,709.7) top=(574.9,702.8) bottom=(577.6,716.6) headPx=14.0 projected=1
2026.10.01-01.42.05 SHOT head fighter=f-1-hero socket=Head mesh=SK_KingArthur_H2LD world=(119.4,140.6,50.0) screen=(1716.5,793.4) top=(1719.3,786.6) bottom=(1713.8,800.2) headPx=14.7 projected=1
2026.10.01-01.42.05 SHOT head fighter=f-1-sk0 socket=Head mesh=SK_Merlin_H2LD world=(159.2,48.5,36.4) screen=(1767.7,637.1) top=(1770.5,630.0) bottom=(1764.9,644.1) headPx=15.1 projected=1
2026.10.01-01.42.05 SHOT selection fighter=f-0-hero ownCell=(2,2) legal=20 destinations=19 ownCellExcluded=1 plateFighter=none
2026.10.01-01.42.05 SHOT reachable fighter=f-0-hero n=19 cells=(0,0)(1,0)(2,0)(3,0)(4,0)(0,1)(1,1)(2,1)(3,1)(4,1)(5,1)(3,2)(2,3)(0,4)(1,4)(2,4)(3,4)(4,4)(1,5)
2026.10.01-01.42.05 SHOT figure fighter=f-0-hero bbox=(899,459,1021,622) ringR=28.50 art=1 blockout=0 team=P1 look=P1 ring=1
2026.10.01-01.42.05 SHOT figure fighter=f-0-sk0 bbox=(715,564,817,691) ringR=22.23 art=1 blockout=0 team=P1 look=P1 ring=1
2026.10.01-01.42.05 SHOT figure fighter=f-0-sk1 bbox=(529,502,637,628) ringR=22.23 art=1 blockout=0 team=P1 look=P1 ring=1
2026.10.01-01.42.05 SHOT figure fighter=f-0-sk2 bbox=(521,669,633,799) ringR=22.23 art=1 blockout=0 team=P1 look=P1 ring=1
2026.10.01-01.42.05 SHOT figure fighter=f-1-hero bbox=(1624,727,1795,904) ringR=28.50 art=1 blockout=0 team=P2 look=P2 ring=1
2026.10.01-01.42.05 SHOT figure fighter=f-1-sk0 bbox=(1698,588,1830,725) ringR=22.23 art=1 blockout=0 team=P2 look=P2 ring=1
2026.10.01-01.42.05 SHOT request file=bench-K2x1p6-1920x1080.png frame=1069
2026.10.01-01.42.05 SHOT requested: FScreenshotRequest(bShowUI) -> C:\tmp\envmaps-research\p2\light\runs\final-s/bench-K2x1p6-1920x1080.png
2026.10.01-01.42.05 SHOT captured file=bench-K2x1p6-1920x1080.png frame=1069 px=1920x1080 sha256=af9a956ea687fd583941398663516896f1f4dadef0fb64b80f1328114689c808 order=BGRA saved=1
2026.10.01-01.42.05 SHOT late begin file=bench-K2x1p6-1920x1080.png frame=1069 requestFrame=1069
2026.10.01-01.42.05 SHOT iconstate visible=0 lastFighter=none frame=1069
2026.10.01-01.42.05 SHOT panel id=hud.command bbox=(0,0,20,20) geom=painted visible=1 frame=1069
2026.10.01-01.42.05 SHOT panel id=hud.side bbox=(1884,0,1920,28) geom=painted visible=1 frame=1069
2026.10.01-01.42.05 SHOT panel id=hud.hand bbox=(950,1060,970,1080) geom=painted visible=1 frame=1069
2026.10.01-01.42.05 SHOT label fighter=f-0-hero mode=full bbox=(924,468,996,497) frame=1069
2026.10.01-01.42.05 SHOT label fighter=f-0-sk0 mode=full bbox=(722,573,804,598) frame=1069
2026.10.01-01.42.05 SHOT label fighter=f-0-sk1 mode=full bbox=(534,510,618,534) frame=1069
2026.10.01-01.42.05 SHOT label fighter=f-0-sk2 mode=full bbox=(526,681,613,704) frame=1069
2026.10.01-01.42.05 SHOT label fighter=f-1-hero mode=full bbox=(1682,755,1772,778) frame=1069
2026.10.01-01.42.05 SHOT label fighter=f-1-sk0 mode=full bbox=(1744,605,1813,631) frame=1069
2026.10.01-01.42.05 SHOT late end file=bench-K2x1p6-1920x1080.png frame=1069
2026.10.01-01.42.05 BENCH shot view=K2x1.6 saved=1 path=C:\tmp\envmaps-research\p2\light\runs\final-s/bench-K2x1p6-1920x1080.png
2026.10.01-01.42.05 BENCH done views=3 elapsed=104.9
2026.10.01-01.42.05 --- S08 trace close ---
