2026.09.29-05.23.45 --- S08 trace open 2026.09.29-05.23.45 ---
2026.09.29-05.23.45 HUD icon texture size=32 ready=1 path=/Game/ArtTests/ARTMarkers/Textures/T_UI_Action_Attack_32 texture=32x32 probe=0 plate=1
2026.09.29-05.23.46 RENDER preset applied=High flag=S08RenderPreset
2026.09.29-05.23.46 LOGIN ok user=art-preview-joiner
2026.09.29-05.23.49 HEROES loaded 84
2026.09.29-05.23.49 CODE resolved -> cmum8duew00tpwilk0ghvpsqi
2026.09.29-05.23.49 joinGame -> room=cmum8duew00tpwilk0ghvpsqi code=<redacted> status=LOBBY
2026.09.29-05.23.51 PERF config tMaxFPS=30.0 frameRateLimit=60.0 vsync=0 smoothFrameRate=0 fixedFrameRate=0 rhi=D3D12
2026.09.29-05.23.51 RENDER tag=PERF rhi=D3D12 featureLevel=SM6 shaderPlatform=PCD3D_SM6 lumenPlatform=1 gi=lumen giMethod=1 refl=lumen reflMethod=1 shadows=csm vsmEnable=0 sg.res=100 sg.view=2 sg.aa=2 sg.shadow=2 sg.gi=2 sg.refl=2 sg.pp=2 sg.tex=2 sg.fx=2 sg.foliage=2 sg.shading=2 sg.landscape=2 preset=High screenPct=100.0 screenPctMode=0 aa=TSR aaMethod=4 exposure=engine-default expMin=1.00000 expMax=1.00000 expBias=1.000 ev100=0.00 lightUnits=- sky=0 skyIntensity=0.000 keyShadow=- shadowCasters=0 profile=- profilesSha256=- profilesSource=- legacyRender=0 gameLayer=unlit-eyeadaptinv tMaxFPS=30.0 vsync=0 frameRateLimit=60.0 substrate=0 nanite=1 meshDF=1 viewport=1920x1080 reference=0 notReference=noArtProfile,exposure,lightUnits,profilesSource
2026.09.29-05.23.51 PERF window t=0.0-5.0 frames=150 fps=29.71 frameMs avg=33.66 p50=33.35 p95=34.13 p99=42.24 max=44.37 hitches50=0 gpuMs avg=1.19 p50=1.28 p95=1.35 gameMs avg=2.48 p95=3.18 renderMs avg=2870.58 p95=5.18
2026.09.29-05.23.52 game -> room=cmum8duew00tpwilk0ghvpsqi code=<redacted> status=LOBBY
2026.09.29-05.23.52 selectHero -> room=cmum8duew00tpwilk0ghvpsqi code=<redacted> status=LOBBY
2026.09.29-05.23.55 game -> room=cmum8duew00tpwilk0ghvpsqi code=<redacted> status=LOBBY
2026.09.29-05.23.55 toggleReady -> room=cmum8duew00tpwilk0ghvpsqi code=<redacted> status=LOBBY
2026.09.29-05.23.56 PERF window t=5.0-10.1 frames=149 fps=29.76 frameMs avg=33.60 p50=33.37 p95=34.22 p99=36.40 max=46.21 hitches50=0 gpuMs avg=1.30 p50=1.29 p95=1.41 gameMs avg=2.50 p95=3.33 renderMs avg=4.89 p95=5.35
2026.09.29-05.23.58 game -> room=cmum8duew00tpwilk0ghvpsqi code=<redacted> status=LOBBY
2026.09.29-05.24.01 PERF window t=10.1-15.1 frames=150 fps=29.85 frameMs avg=33.50 p50=33.39 p95=34.03 p99=34.36 max=34.73 hitches50=0 gpuMs avg=1.29 p50=1.29 p95=1.35 gameMs avg=2.49 p95=3.35 renderMs avg=4.98 p95=5.25
2026.09.29-05.24.01 game -> room=cmum8duew00tpwilk0ghvpsqi code=<redacted> status=IN_PROGRESS
2026.09.29-05.24.03 WS DROPPED (test-initiated transport loss)
2026.09.29-05.24.03 WS closed (test drop) - reconnect in 1s
2026.09.29-05.24.03 SNAPSHOT applied seq=1 phase=ACTION_MANEUVER
2026.09.29-05.24.03 HANDLE_APPLIED #1 seq=1 decision=2 fightersValid=1 boardValid=1
2026.09.29-05.24.03 MODE seq=1 mode=0 combat=0 pending=0
2026.09.29-05.24.03 HUD seq=1 phase=ACTION_MANEUVER turn=opp hand=5 oppHand=5(hidden) oppDeck=25 deck=25 discard=0
2026.09.29-05.24.03 ARTPREVIEW board profiles loaded=1 revision=2 boards=3 zoneStyles=11 lightProfiles=3 errors=0 path=Config/ArtBoards/S08ArtBoardProfiles.json
2026.09.29-05.24.03 ARTPREVIEW board profiles source=pak sha256=91ea86be522212fc770a33e3c9ac66f1cfde90c720c609bdc6bd29589965eaa5
2026.09.29-05.24.03 ARTPREVIEW game layer material=M_S08_GameLayerUnlit unlitEyeAdaptInv=1 legacyRender=0
2026.09.29-05.24.03 ARTPREVIEW Cobble assets ready
2026.09.29-05.24.03 ARTPREVIEW board assets ready cobbleMesh=1 tiles=1 zoneMaterials=2
2026.09.29-05.24.03 ARTPREVIEW medusa candidate variant=face-neck-v2 mesh=SK_Medusa_FaceNeck_v2Candidate requested=face-neck-v2
2026.09.29-05.24.03 ARTPREVIEW board profile=cobble-city match=boardId board=5x6 boardId=cmuhgs4b2001mwik4f2b2xtf8 surface=cobble-5x6-mesh light=cobble-probe artFixture=0
2026.09.29-05.24.03 ARTPREVIEW light profile=cobble-probe name=key role=key kind=directional at=(-350,-150,600) intensity=4.5 units=lux radius=0 color=(1.00,1.00,1.00) shadow=1
2026.09.29-05.24.03 ARTPREVIEW light profile=cobble-probe name=warm role=warm kind=point at=(260,-300,250) intensity=85 units=candelas radius=450 color=(1.00,1.00,1.00) shadow=0
2026.09.29-05.24.03 ARTPREVIEW sky profile=cobble-probe cubemap=/Game/S08/Render/TC_S08_AmbientDome loaded=1 spawned=1 intensity=11.2 color=(1.00,1.00,1.00) lowerBlack=0
2026.09.29-05.24.03 ARTPREVIEW exposure profile=cobble-probe method=histogram-fixed min=2.46229 max=2.46229 bias=0.000 ev100=1.30 volume=1
2026.09.29-05.24.03 ARTPREVIEW lights applied profile=cobble-probe directional=1 shadow=1 points=1 pointShadows=0 budgetOk=1
2026.09.29-05.24.03 ARTPREVIEW render profile=cobble-probe units=candelas sky=1 exposure=1 keyShadow=csm-3000uu-2c-contact0.000 shadowCasters=1 legacyRender=0
2026.09.29-05.24.03 ARTPREVIEW Cobble probe lights key=4.5 fill=0 warm=85
2026.09.29-05.24.03 ARTPREVIEW Cobble active 5x6 zones=30 blue=15 red=15 blueMarks=15 redMarks=45
2026.09.29-05.24.03 ARTPREVIEW board active profile=cobble-city 5x6 surface=cobble-5x6-mesh cells=30 zoneCells=30 multizone=0 triple=0 obstacles=0 zoneKeys=2 strokes=60 glyphs=45 surfaceParts=0 glyphMaterial=zone expectOk=1
2026.09.29-05.24.03 ARTPREVIEW board zone key=blue cells=15 stroke=solid glyph=diamond color=#3B78D8 ismUsage=1 strokePieces=15 glyphPieces=15 fallback=0
2026.09.29-05.24.03 ARTPREVIEW board zone key=red cells=15 stroke=dash3 glyph=bars2 color=#D8453B ismUsage=1 strokePieces=45 glyphPieces=30 fallback=0
2026.09.29-05.24.03 ARTPREVIEW board multizone cells=0 zonesListed=0 zonesMarked=0
2026.09.29-05.24.03 CAMERA dist=1931 loc=(0,1107,1582) pitch=-55 yaw=-90
2026.09.29-05.24.03 CAMERA config overview=1930.8 nearest=300.0 farthest=2970.4 zoomRange=0.65-6.44 minDist=300.0 outRatio=0.650 step=1.250 animMs=200 returnMs=300 followFrom=1.20 source=defaults issues=0
2026.09.29-05.24.03 BOARD 5x6 cells | control points: (0,0)=(-200,-250,0) (4,5)=(200,250,0) | neighbor pair (dist 100 uu)
2026.09.29-05.24.03 ARTPREVIEW click capsule fighter=f-0-hero mesh=SK_Medusa_FaceNeck_v2Candidate physicsAsset=0 radius=12.5 halfHeight=27.5 top=55.0 bodyCollision=0 source=meshBounds
2026.09.29-05.24.03 ARTPREVIEW fighter=Medusa hero=1 eligible=1 visual=1 mesh=SK_Medusa_FaceNeck_v2Candidate
2026.09.29-05.24.03 ARTPREVIEW click capsule fighter=f-0-sk0 mesh=SM_ART003_Harpy physicsAsset=0 radius=20.0 halfHeight=21.0 top=42.0 bodyCollision=0 source=meshBounds
2026.09.29-05.24.03 ARTPREVIEW click capsule fighter=f-0-sk1 mesh=SM_ART003_Harpy physicsAsset=0 radius=20.0 halfHeight=21.0 top=42.0 bodyCollision=0 source=meshBounds
2026.09.29-05.24.03 ARTPREVIEW click capsule fighter=f-0-sk2 mesh=SM_ART003_Harpy physicsAsset=0 radius=20.0 halfHeight=21.0 top=42.0 bodyCollision=0 source=meshBounds
2026.09.29-05.24.03 ARTPREVIEW click capsule fighter=f-1-hero mesh=SM_ART003_Arthur physicsAsset=0 radius=17.8 halfHeight=28.0 top=56.0 bodyCollision=0 source=meshBounds
2026.09.29-05.24.03 ARTPREVIEW click capsule fighter=f-1-sk0 mesh=SM_ART003_Merlin physicsAsset=0 radius=14.7 halfHeight=30.8 top=61.5 bodyCollision=0 source=meshBounds
2026.09.29-05.24.03 FIGHTERS synced n=6 alive=6 own=2 enemy=4
2026.09.29-05.24.03 STATE seq=1 -> apply
2026.09.29-05.24.03 WS closed 1000 (normal closure)
2026.09.29-05.24.03 HUD art layer plate=1 iconSize=32 iconTexture=1 iconProbe=0 plan=0
2026.09.29-05.24.03 HUD art impl=slate plateViews=slate:slate iconViews=slate:slate textTable=S08ArtHud entries=13 missingKeys=0
2026.09.29-05.24.04 WS reconnect attempt
2026.09.29-05.24.04 SUBSCRIBED gameStateUpdated since=1
2026.09.29-05.24.04 WS reconnected - refetching gameState
2026.09.29-05.24.04 SNAPSHOT applied seq=1 phase=ACTION_MANEUVER
2026.09.29-05.24.04 HANDLE_APPLIED #2 seq=1 decision=1 fightersValid=1 boardValid=1
2026.09.29-05.24.04 MODE seq=1 mode=0 combat=0 pending=0
2026.09.29-05.24.04 HUD seq=1 phase=ACTION_MANEUVER turn=opp hand=5 oppHand=5(hidden) oppDeck=25 deck=25 discard=0
2026.09.29-05.24.04 ARTPREVIEW fighter=Medusa hero=1 eligible=1 visual=1 mesh=SK_Medusa_FaceNeck_v2Candidate
2026.09.29-05.24.04 FIGHTERS synced n=6 alive=6 own=2 enemy=4
2026.09.29-05.24.04 STATE seq=1 -> merge
2026.09.29-05.24.04 SNAPSHOT applied seq=1 phase=ACTION_MANEUVER
2026.09.29-05.24.04 HANDLE_APPLIED #3 seq=1 decision=1 fightersValid=1 boardValid=1
2026.09.29-05.24.04 MODE seq=1 mode=0 combat=0 pending=0
2026.09.29-05.24.04 HUD seq=1 phase=ACTION_MANEUVER turn=opp hand=5 oppHand=5(hidden) oppDeck=25 deck=25 discard=0
2026.09.29-05.24.04 ARTPREVIEW fighter=Medusa hero=1 eligible=1 visual=1 mesh=SK_Medusa_FaceNeck_v2Candidate
2026.09.29-05.24.04 FIGHTERS synced n=6 alive=6 own=2 enemy=4
2026.09.29-05.24.04 WS seq=1 phase=ACTION_MANEUVER (merge)
2026.09.29-05.24.05 game -> room=cmum8duew00tpwilk0ghvpsqi code=<redacted> status=IN_PROGRESS
2026.09.29-05.24.07 PERF window t=15.1-20.1 frames=136 fps=21.43 frameMs avg=46.67 p50=33.39 p95=34.53 p99=81.37 max=1733.05 hitches50=3 gpuMs avg=1.81 p50=1.82 p95=1.97 gameMs avg=3.13 p95=5.69 renderMs avg=7.38 p95=16.48
2026.09.29-05.24.08 game -> room=cmum8duew00tpwilk0ghvpsqi code=<redacted> status=IN_PROGRESS
2026.09.29-05.24.11 game -> room=cmum8duew00tpwilk0ghvpsqi code=<redacted> status=IN_PROGRESS
2026.09.29-05.24.12 PERF window t=20.1-25.1 frames=150 fps=29.83 frameMs avg=33.53 p50=33.39 p95=34.22 p99=35.00 max=36.44 hitches50=0 gpuMs avg=1.88 p50=1.85 p95=2.05 gameMs avg=1.93 p95=2.84 renderMs avg=6.16 p95=6.72
2026.09.29-05.24.14 game -> room=cmum8duew00tpwilk0ghvpsqi code=<redacted> status=IN_PROGRESS
2026.09.29-05.24.17 SHOT ctx viewport=1920x1080 viewTarget=CameraActor_2147482368 cam=(0,1107,1582) rot=(-55,-90,0)
2026.09.29-05.24.17 RENDER tag=SHOT rhi=D3D12 featureLevel=SM6 shaderPlatform=PCD3D_SM6 lumenPlatform=1 gi=lumen giMethod=1 refl=lumen reflMethod=1 shadows=csm vsmEnable=0 sg.res=100 sg.view=2 sg.aa=2 sg.shadow=2 sg.gi=2 sg.refl=2 sg.pp=2 sg.tex=2 sg.fx=2 sg.foliage=2 sg.shading=2 sg.landscape=2 preset=High screenPct=100.0 screenPctMode=0 aa=TSR aaMethod=4 exposure=fixed-histogram expMin=2.46229 expMax=2.46229 expBias=0.000 ev100=1.30 lightUnits=candelas sky=1 skyIntensity=11.200 keyShadow=csm-3000uu-2c-contact0.000 shadowCasters=1 profile=cobble-probe profilesSha256=91ea86be522212fc770a33e3c9ac66f1cfde90c720c609bdc6bd29589965eaa5 profilesSource=pak legacyRender=0 gameLayer=unlit-eyeadaptinv tMaxFPS=30.0 vsync=0 frameRateLimit=60.0 substrate=0 nanite=1 meshDF=1 viewport=1920x1080 reference=1
2026.09.29-05.24.17 SHOT fighter f-0-hero pos=(2,2) world=(0,-50,0) screen=(960,476) projected=1 alive=1
2026.09.29-05.24.17 SHOT fighter f-0-sk0 pos=(3,2) world=(100,-50,0) screen=(1115,476) projected=1 alive=1
2026.09.29-05.24.17 SHOT fighter f-0-sk1 pos=(2,1) world=(0,-150,0) screen=(960,355) projected=1 alive=1
2026.09.29-05.24.17 SHOT fighter f-0-sk2 pos=(1,2) world=(-100,-50,0) screen=(805,476) projected=1 alive=1
2026.09.29-05.24.17 SHOT fighter f-1-hero pos=(2,3) world=(0,50,0) screen=(960,606) projected=1 alive=1
2026.09.29-05.24.17 SHOT fighter f-1-sk0 pos=(3,3) world=(100,50,0) screen=(1120,606) projected=1 alive=1
2026.09.29-05.24.17 SHOT camera dist=1930.8 target=1930.8 overview=1930.8 errPct=0.000 focusErr=0.00 settled=1 zoom=1.00
2026.09.29-05.24.17 SHOT head fighter=f-0-hero socket=Head mesh=SK_Medusa_FaceNeck_v2Candidate world=(0.0,-46.0,38.5) screen=(960.0,445.5) top=(960.0,439.8) bottom=(960.0,451.2) headPx=11.4 projected=1
2026.09.29-05.24.17 SHOT label fighter=f-0-hero mode=full bbox=(916,381,1004,414)
2026.09.29-05.24.17 SHOT label fighter=f-0-sk0 mode=full bbox=(1072,399,1169,428)
2026.09.29-05.24.17 SHOT label fighter=f-0-sk1 mode=full bbox=(914,276,1006,305)
2026.09.29-05.24.17 SHOT label fighter=f-0-sk2 mode=full bbox=(751,399,848,428)
2026.09.29-05.24.17 SHOT label fighter=f-1-hero mode=full bbox=(913,517,1007,545)
2026.09.29-05.24.17 SHOT label fighter=f-1-sk0 mode=full bbox=(1088,529,1162,558)
2026.09.29-05.24.17 SHOT requested: FScreenshotRequest(bShowUI) -> C:\Users\ren\AppData\Local\Temp\s08-phase2-20260929-102329-35316\phase2-board-joiner-1920x1080.png
2026.09.29-05.24.17 PERF window t=25.1-30.3 frames=147 fps=28.58 frameMs avg=34.99 p50=33.36 p95=34.17 p99=41.47 max=243.88 hitches50=1 gpuMs avg=1.90 p50=1.88 p95=2.07 gameMs avg=1.91 p95=2.67 renderMs avg=5.44 p95=6.68
2026.09.29-05.24.17 game -> room=cmum8duew00tpwilk0ghvpsqi code=<redacted> status=IN_PROGRESS
2026.09.29-05.24.20 game -> room=cmum8duew00tpwilk0ghvpsqi code=<redacted> status=IN_PROGRESS
2026.09.29-05.24.22 PERF window t=30.3-35.3 frames=149 fps=29.78 frameMs avg=33.58 p50=33.34 p95=33.82 p99=40.12 max=43.56 hitches50=0 gpuMs avg=1.87 p50=1.84 p95=2.03 gameMs avg=3.29 p95=3.03 renderMs avg=5.23 p95=6.54
2026.09.29-05.24.23 game -> room=cmum8duew00tpwilk0ghvpsqi code=<redacted> status=IN_PROGRESS
2026.09.29-05.24.26 game -> room=cmum8duew00tpwilk0ghvpsqi code=<redacted> status=IN_PROGRESS
2026.09.29-05.24.27 PERF window t=35.3-40.3 frames=149 fps=29.64 frameMs avg=33.74 p50=33.33 p95=34.52 p99=44.69 max=45.52 hitches50=0 gpuMs avg=1.91 p50=1.87 p95=2.09 gameMs avg=1.91 p95=2.87 renderMs avg=5.17 p95=7.41
2026.09.29-05.24.29 game -> room=cmum8duew00tpwilk0ghvpsqi code=<redacted> status=IN_PROGRESS
2026.09.29-05.24.32 PERF window t=40.3-45.3 frames=148 fps=29.51 frameMs avg=33.89 p50=33.33 p95=35.20 p99=43.65 max=67.04 hitches50=1 gpuMs avg=1.89 p50=1.86 p95=2.11 gameMs avg=2.08 p95=4.05 renderMs avg=5.07 p95=6.68
2026.09.29-05.24.32 game -> room=cmum8duew00tpwilk0ghvpsqi code=<redacted> status=IN_PROGRESS
2026.09.29-05.24.35 game -> room=cmum8duew00tpwilk0ghvpsqi code=<redacted> status=IN_PROGRESS
2026.09.29-05.24.37 PERF window t=45.3-50.3 frames=149 fps=29.73 frameMs avg=33.64 p50=33.33 p95=34.22 p99=41.62 max=43.27 hitches50=0 gpuMs avg=1.88 p50=1.86 p95=2.11 gameMs avg=1.85 p95=3.04 renderMs avg=4.95 p95=6.59
2026.09.29-05.24.38 game -> room=cmum8duew00tpwilk0ghvpsqi code=<redacted> status=IN_PROGRESS
2026.09.29-05.24.41 game -> room=cmum8duew00tpwilk0ghvpsqi code=<redacted> status=IN_PROGRESS
2026.09.29-05.24.42 PERF window t=50.3-55.3 frames=149 fps=29.76 frameMs avg=33.61 p50=33.33 p95=34.36 p99=40.48 max=47.09 hitches50=0 gpuMs avg=1.88 p50=1.85 p95=2.02 gameMs avg=1.70 p95=2.44 renderMs avg=4.89 p95=6.38
2026.09.29-05.24.44 game -> room=cmum8duew00tpwilk0ghvpsqi code=<redacted> status=IN_PROGRESS
2026.09.29-05.24.47 PERF window t=55.3-60.3 frames=149 fps=29.75 frameMs avg=33.61 p50=33.33 p95=34.16 p99=43.24 max=43.63 hitches50=0 gpuMs avg=1.91 p50=1.89 p95=2.13 gameMs avg=1.68 p95=2.58 renderMs avg=4.91 p95=6.57
2026.09.29-05.24.47 game -> room=cmum8duew00tpwilk0ghvpsqi code=<redacted> status=IN_PROGRESS
2026.09.29-05.24.50 game -> room=cmum8duew00tpwilk0ghvpsqi code=<redacted> status=IN_PROGRESS
2026.09.29-05.24.52 PERF window t=60.3-65.3 frames=149 fps=29.75 frameMs avg=33.62 p50=33.33 p95=34.60 p99=40.09 max=42.42 hitches50=0 gpuMs avg=1.85 p50=1.82 p95=2.05 gameMs avg=1.71 p95=2.80 renderMs avg=4.54 p95=6.35
2026.09.29-05.24.53 game -> room=cmum8duew00tpwilk0ghvpsqi code=<redacted> status=IN_PROGRESS
2026.09.29-05.24.57 game -> room=cmum8duew00tpwilk0ghvpsqi code=<redacted> status=IN_PROGRESS
2026.09.29-05.24.57 PERF summary scope=afterWarmup warmup=5 elapsed=70.0 frames=1914 fps=28.84 frameMs avg=34.68 p50=33.34 p95=34.31 p99=41.62 max=1733.05 hitches50=5 gpuMs avg=1.79 p50=1.83 p95=2.06 gameMs avg=2.15 p95=3.23 renderMs avg=5.24 p95=6.54
2026.09.29-05.24.57 PERF summary scope=started elapsed=70.0 frames=1608 fps=28.66 frameMs avg=34.89 p50=33.34 p95=34.41 p99=42.42 max=1733.05 hitches50=5 gpuMs avg=1.88 p50=1.85 p95=2.07 gameMs avg=2.08 p95=3.05 renderMs avg=5.30 p95=6.63
2026.09.29-05.24.57 PERF summary scope=artHud impl=slate elapsed=70.0 frames=0 fps=0.00 frameMs avg=0.00 p50=0.00 p95=0.00 p99=0.00 max=0.00 hitches50=0 gpuMs avg=0.00 p50=0.00 p95=0.00 gameMs avg=0.00 p95=0.00 renderMs avg=0.00 p95=0.00
2026.09.29-05.24.57 --- S08 trace close ---
