2026.09.29-05.23.35 --- S08 trace open 2026.09.29-05.23.35 ---
2026.09.29-05.23.35 HUD icon texture size=48 ready=1 path=/Game/ArtTests/ARTMarkers/Textures/T_UI_Action_Attack_48 texture=48x48 probe=1 plate=1
2026.09.29-05.23.35 RENDER preset applied=High flag=S08RenderPreset
2026.09.29-05.23.36 LOGIN ok user=art-preview-host
2026.09.29-05.23.38 HEROES loaded 84
2026.09.29-05.23.39 createGame -> room=cmum8duew00tpwilk0ghvpsqi code=<redacted> status=LOBBY
2026.09.29-05.23.40 PERF config tMaxFPS=30.0 frameRateLimit=60.0 vsync=0 smoothFrameRate=0 fixedFrameRate=0 rhi=D3D12
2026.09.29-05.23.40 RENDER tag=PERF rhi=D3D12 featureLevel=SM6 shaderPlatform=PCD3D_SM6 lumenPlatform=1 gi=lumen giMethod=1 refl=lumen reflMethod=1 shadows=csm vsmEnable=0 sg.res=100 sg.view=2 sg.aa=2 sg.shadow=2 sg.gi=2 sg.refl=2 sg.pp=2 sg.tex=2 sg.fx=2 sg.foliage=2 sg.shading=2 sg.landscape=2 preset=High screenPct=100.0 screenPctMode=0 aa=TSR aaMethod=4 exposure=engine-default expMin=1.00000 expMax=1.00000 expBias=1.000 ev100=0.00 lightUnits=- sky=0 skyIntensity=0.000 keyShadow=- shadowCasters=0 profile=- profilesSha256=- profilesSource=- legacyRender=0 gameLayer=unlit-eyeadaptinv tMaxFPS=30.0 vsync=0 frameRateLimit=60.0 substrate=0 nanite=1 meshDF=1 viewport=1920x1080 reference=0 notReference=noArtProfile,exposure,lightUnits,profilesSource
2026.09.29-05.23.40 PERF window t=0.0-5.1 frames=149 fps=29.50 frameMs avg=33.89 p50=33.42 p95=34.59 p99=39.68 max=67.62 hitches50=1 gpuMs avg=1.26 p50=1.29 p95=1.54 gameMs avg=2.53 p95=3.07 renderMs avg=2890.07 p95=5.79
2026.09.29-05.23.41 game -> room=cmum8duew00tpwilk0ghvpsqi code=<redacted> status=LOBBY
2026.09.29-05.23.41 selectHero -> room=cmum8duew00tpwilk0ghvpsqi code=<redacted> status=LOBBY
2026.09.29-05.23.44 game -> room=cmum8duew00tpwilk0ghvpsqi code=<redacted> status=LOBBY
2026.09.29-05.23.44 toggleReady -> room=cmum8duew00tpwilk0ghvpsqi code=<redacted> status=LOBBY
2026.09.29-05.23.45 PERF window t=5.1-10.1 frames=149 fps=29.67 frameMs avg=33.71 p50=33.37 p95=34.78 p99=41.70 max=42.95 hitches50=0 gpuMs avg=1.35 p50=1.30 p95=1.58 gameMs avg=2.39 p95=3.31 renderMs avg=4.49 p95=5.75
2026.09.29-05.23.47 game -> room=cmum8duew00tpwilk0ghvpsqi code=<redacted> status=LOBBY
2026.09.29-05.23.50 PERF window t=10.1-15.1 frames=150 fps=29.89 frameMs avg=33.45 p50=33.38 p95=33.83 p99=34.17 max=34.84 hitches50=0 gpuMs avg=1.27 p50=1.26 p95=1.32 gameMs avg=2.29 p95=3.31 renderMs avg=4.69 p95=5.29
2026.09.29-05.23.50 game -> room=cmum8duew00tpwilk0ghvpsqi code=<redacted> status=LOBBY
2026.09.29-05.23.53 game -> room=cmum8duew00tpwilk0ghvpsqi code=<redacted> status=LOBBY
2026.09.29-05.23.55 PERF window t=15.1-20.1 frames=149 fps=29.76 frameMs avg=33.61 p50=33.40 p95=34.12 p99=39.17 max=44.75 hitches50=0 gpuMs avg=1.29 p50=1.28 p95=1.42 gameMs avg=2.22 p95=3.20 renderMs avg=4.83 p95=5.13
2026.09.29-05.23.57 game -> room=cmum8duew00tpwilk0ghvpsqi code=<redacted> status=LOBBY
2026.09.29-05.23.59 game -> room=cmum8duew00tpwilk0ghvpsqi code=<redacted> status=LOBBY
2026.09.29-05.24.00 PERF window t=20.1-25.1 frames=150 fps=29.87 frameMs avg=33.48 p50=33.39 p95=33.84 p99=34.29 max=34.42 hitches50=0 gpuMs avg=1.28 p50=1.28 p95=1.33 gameMs avg=2.44 p95=3.19 renderMs avg=4.81 p95=5.21
2026.09.29-05.24.01 startGame -> room=cmum8duew00tpwilk0ghvpsqi code=<redacted> status=IN_PROGRESS
2026.09.29-05.24.03 SNAPSHOT applied seq=1 phase=ACTION_MANEUVER
2026.09.29-05.24.03 HANDLE_APPLIED #1 seq=1 decision=2 fightersValid=1 boardValid=1
2026.09.29-05.24.03 MODE seq=1 mode=0 combat=0 pending=0
2026.09.29-05.24.03 HUD seq=1 phase=ACTION_MANEUVER turn=you hand=5 oppHand=5(hidden) oppDeck=25 deck=25 discard=0
2026.09.29-05.24.03 ARTPREVIEW board profiles loaded=1 revision=2 boards=3 zoneStyles=11 lightProfiles=3 errors=0 path=Config/ArtBoards/S08ArtBoardProfiles.json
2026.09.29-05.24.03 ARTPREVIEW board profiles source=pak sha256=91ea86be522212fc770a33e3c9ac66f1cfde90c720c609bdc6bd29589965eaa5
2026.09.29-05.24.03 ARTPREVIEW game layer material=M_S08_GameLayerUnlit unlitEyeAdaptInv=1 legacyRender=0
2026.09.29-05.24.03 ARTPREVIEW Cobble assets ready
2026.09.29-05.24.03 ARTPREVIEW board assets ready cobbleMesh=1 tiles=1 zoneMaterials=2
2026.09.29-05.24.03 ARTPREVIEW medusa candidate variant=face-neck-v2 mesh=SK_Medusa_FaceNeck_v2Candidate requested=face-neck-v2
2026.09.29-05.24.03 ARTPREVIEW board profile=cobble-city match=boardId board=5x6 boardId=cmuhgs4b2001mwik4f2b2xtf8 surface=cobble-5x6-mesh light=cobble-probe artFixture=0
2026.09.29-05.24.03 ARTPREVIEW light profile=cobble-probe name=key role=key kind=directional at=(-350,-150,600) intensity=4.5 units=lux radius=0 color=(1.00,1.00,1.00) shadow=1
2026.09.29-05.24.03 ARTPREVIEW light profile=cobble-probe name=warm role=warm kind=point at=(260,-300,250) intensity=85 units=candelas radius=450 color=(1.00,1.00,1.00) shadow=0
2026.09.29-05.24.03 ARTPREVIEW sky profile=cobble-probe cubemap=/Game/S08/Render/TC_S08_AmbientDome loaded=1 spawned=1 intensity=11.2 color=(1.00,1.00,1.00) lowerBlack=0
2026.09.29-05.24.03 ARTPREVIEW exposure profile=cobble-probe method=histogram-fixed min=2.46229 max=2.46229 bias=0.000 ev100=1.30 volume=1
2026.09.29-05.24.03 ARTPREVIEW lights applied profile=cobble-probe directional=1 shadow=1 points=1 pointShadows=0 budgetOk=1
2026.09.29-05.24.03 ARTPREVIEW render profile=cobble-probe units=candelas sky=1 exposure=1 keyShadow=csm-3000uu-2c-contact0.000 shadowCasters=1 legacyRender=0
2026.09.29-05.24.03 ARTPREVIEW Cobble probe lights key=4.5 fill=0 warm=85
2026.09.29-05.24.03 ARTPREVIEW Cobble active 5x6 zones=30 blue=15 red=15 blueMarks=15 redMarks=45
2026.09.29-05.24.03 ARTPREVIEW board active profile=cobble-city 5x6 surface=cobble-5x6-mesh cells=30 zoneCells=30 multizone=0 triple=0 obstacles=0 zoneKeys=2 strokes=60 glyphs=45 surfaceParts=0 glyphMaterial=zone expectOk=1
2026.09.29-05.24.03 ARTPREVIEW board zone key=blue cells=15 stroke=solid glyph=diamond color=#3B78D8 ismUsage=1 strokePieces=15 glyphPieces=15 fallback=0
2026.09.29-05.24.03 ARTPREVIEW board zone key=red cells=15 stroke=dash3 glyph=bars2 color=#D8453B ismUsage=1 strokePieces=45 glyphPieces=30 fallback=0
2026.09.29-05.24.03 ARTPREVIEW board multizone cells=0 zonesListed=0 zonesMarked=0
2026.09.29-05.24.03 CAMERA dist=1931 loc=(0,1107,1582) pitch=-55 yaw=-90
2026.09.29-05.24.03 CAMERA config overview=1930.8 nearest=300.0 farthest=2970.4 zoomRange=0.65-6.44 minDist=300.0 outRatio=0.650 step=1.250 animMs=200 returnMs=300 followFrom=1.20 source=defaults issues=0
2026.09.29-05.24.03 BOARD 5x6 cells | control points: (0,0)=(-200,-250,0) (4,5)=(200,250,0) | neighbor pair (dist 100 uu)
2026.09.29-05.24.03 ARTPREVIEW click capsule fighter=f-0-hero mesh=SK_Medusa_FaceNeck_v2Candidate physicsAsset=0 radius=12.5 halfHeight=27.5 top=55.0 bodyCollision=0 source=meshBounds
2026.09.29-05.24.03 ARTPREVIEW fighter=Medusa hero=1 eligible=1 visual=1 mesh=SK_Medusa_FaceNeck_v2Candidate
2026.09.29-05.24.03 ARTPREVIEW click capsule fighter=f-0-sk0 mesh=SM_ART003_Harpy physicsAsset=0 radius=20.0 halfHeight=21.0 top=42.0 bodyCollision=0 source=meshBounds
2026.09.29-05.24.03 ARTPREVIEW click capsule fighter=f-0-sk1 mesh=SM_ART003_Harpy physicsAsset=0 radius=20.0 halfHeight=21.0 top=42.0 bodyCollision=0 source=meshBounds
2026.09.29-05.24.03 ARTPREVIEW click capsule fighter=f-0-sk2 mesh=SM_ART003_Harpy physicsAsset=0 radius=20.0 halfHeight=21.0 top=42.0 bodyCollision=0 source=meshBounds
2026.09.29-05.24.03 ARTPREVIEW click capsule fighter=f-1-hero mesh=SM_ART003_Arthur physicsAsset=0 radius=17.8 halfHeight=28.0 top=56.0 bodyCollision=0 source=meshBounds
2026.09.29-05.24.03 ARTPREVIEW click capsule fighter=f-1-sk0 mesh=SM_ART003_Merlin physicsAsset=0 radius=14.7 halfHeight=30.8 top=61.5 bodyCollision=0 source=meshBounds
2026.09.29-05.24.03 FIGHTERS synced n=6 alive=6 own=4 enemy=2
2026.09.29-05.24.03 STATE seq=1 -> apply
2026.09.29-05.24.03 HUD art layer plate=1 iconSize=48 iconTexture=1 iconProbe=1 plan=0
2026.09.29-05.24.03 HUD art impl=slate plateViews=slate:slate iconViews=slate:slate textTable=S08ArtHud entries=13 missingKeys=0
2026.09.29-05.24.03 SUBSCRIBED gameStateUpdated since=1
2026.09.29-05.24.03 ARTPREVIEW icon probe src=flag target=f-1-hero size=48
2026.09.29-05.24.03 ICON fighter=f-1-hero bbox=(936,465,984,513) size=48 src=flag labelAvoid=1 hudAvoid=0
2026.09.29-05.24.03 SNAPSHOT applied seq=1 phase=ACTION_MANEUVER
2026.09.29-05.24.03 HANDLE_APPLIED #2 seq=1 decision=1 fightersValid=1 boardValid=1
2026.09.29-05.24.03 MODE seq=1 mode=0 combat=0 pending=0
2026.09.29-05.24.03 HUD seq=1 phase=ACTION_MANEUVER turn=you hand=5 oppHand=5(hidden) oppDeck=25 deck=25 discard=0
2026.09.29-05.24.03 ARTPREVIEW fighter=Medusa hero=1 eligible=1 visual=1 mesh=SK_Medusa_FaceNeck_v2Candidate
2026.09.29-05.24.03 FIGHTERS synced n=6 alive=6 own=4 enemy=2
2026.09.29-05.24.03 WS seq=1 phase=ACTION_MANEUVER (merge)
2026.09.29-05.24.04 game -> room=cmum8duew00tpwilk0ghvpsqi code=<redacted> status=IN_PROGRESS
2026.09.29-05.24.05 ARTPREVIEW selection ring shown fighter=Medusa mesh=SM_Marker_SelectionRing
2026.09.29-05.24.05 ARTPREVIEW reachable corners cells=13 placed=1
2026.09.29-05.24.05 ARTPREVIEW selection ownHero=1 selected=1 fighter=Medusa reachable=14 fighterId=f-0-hero
2026.09.29-05.24.05 INPUT select src=flag fighter=f-0-hero flag=ArtPreviewSelectOwnHero
2026.09.29-05.24.05 ARTPREVIEW camera focus requested zoom=5.00 overview=1931 target=386
2026.09.29-05.24.05 INPUT zoom src=flag zoom=5.00 flag=ArtPreviewFocusZoom
2026.09.29-05.24.05 CAMERA focus src=flag from=1930.8 to=386.2 requested=386.2 zoom=5.00 clamp=0 limit=none animMs=200
2026.09.29-05.24.05 HUD plate content fighter=f-0-hero name=Medusa hp=16/16 team=own statuses=HERO  |  MELEE
2026.09.29-05.24.05 ICON fighter=f-1-hero bbox=(936,827,984,875) size=48 src=flag labelAvoid=0 hudAvoid=0
2026.09.29-05.24.05 PLATE fighter=f-0-hero bbox=(1103,475,1275,529) overlapReachable=0 placement=right ring=0 gap=6 selection=f-0-hero destinations=13 clean=1 softPx2=0 tested=236
2026.09.29-05.24.05 CAMERA settled elapsed=28.18 dist=386.2 target=386.2 errPct=0.000 focusErr=0.00 focus=(0,-50,28)
2026.09.29-05.24.05 ICON fighter=f-1-hero bbox=(936,933,984,981) size=48 src=flag labelAvoid=0 hudAvoid=1
2026.09.29-05.24.05 PLATE fighter=f-0-hero bbox=(1139,494,1311,548) overlapReachable=0 placement=right ring=0 gap=6 selection=f-0-hero destinations=13 clean=1 softPx2=0 tested=278
2026.09.29-05.24.07 SHOT ctx viewport=1920x1080 viewTarget=CameraActor_2147482368 cam=(0,171,344) rot=(-55,-90,0)
2026.09.29-05.24.07 RENDER tag=SHOT rhi=D3D12 featureLevel=SM6 shaderPlatform=PCD3D_SM6 lumenPlatform=1 gi=lumen giMethod=1 refl=lumen reflMethod=1 shadows=csm vsmEnable=0 sg.res=100 sg.view=2 sg.aa=2 sg.shadow=2 sg.gi=2 sg.refl=2 sg.pp=2 sg.tex=2 sg.fx=2 sg.foliage=2 sg.shading=2 sg.landscape=2 preset=High screenPct=100.0 screenPctMode=0 aa=TSR aaMethod=4 exposure=fixed-histogram expMin=2.46229 expMax=2.46229 expBias=0.000 ev100=1.30 lightUnits=candelas sky=1 skyIntensity=11.200 keyShadow=csm-3000uu-2c-contact0.000 shadowCasters=1 profile=cobble-probe profilesSha256=91ea86be522212fc770a33e3c9ac66f1cfde90c720c609bdc6bd29589965eaa5 profilesSource=pak legacyRender=0 gameLayer=unlit-eyeadaptinv tMaxFPS=30.0 vsync=0 frameRateLimit=60.0 substrate=0 nanite=1 meshDF=1 viewport=1920x1080 reference=1
2026.09.29-05.24.07 SHOT fighter f-0-hero pos=(2,2) world=(0,-50,0) screen=(960,660) projected=1 alive=1
2026.09.29-05.24.07 SHOT fighter f-0-sk0 pos=(3,2) world=(100,-50,0) screen=(1704,660) projected=1 alive=1
2026.09.29-05.24.07 SHOT fighter f-0-sk1 pos=(2,1) world=(0,-150,0) screen=(960,110) projected=1 alive=1
2026.09.29-05.24.07 SHOT fighter f-0-sk2 pos=(1,2) world=(-100,-50,0) screen=(216,660) projected=1 alive=1
2026.09.29-05.24.07 SHOT fighter f-1-hero pos=(2,3) world=(0,50,0) screen=(960,1388) projected=1 alive=1
2026.09.29-05.24.07 SHOT fighter f-1-sk0 pos=(3,3) world=(100,50,0) screen=(1826,1388) projected=1 alive=1
2026.09.29-05.24.07 SHOT camera dist=386.2 target=386.2 overview=1930.8 errPct=0.000 focusErr=0.00 settled=1 zoom=5.00
2026.09.29-05.24.07 SHOT head fighter=f-0-hero socket=Head mesh=SK_Medusa_FaceNeck_v2Candidate world=(0.0,-46.0,38.5) screen=(960.0,517.7) top=(960.0,489.1) bottom=(960.0,545.6) headPx=56.4 projected=1
2026.09.29-05.24.07 SHOT selection fighter=f-0-hero ownCell=(2,2) legal=14 destinations=13 ownCellExcluded=1 plateFighter=f-0-hero
2026.09.29-05.24.07 SHOT reachable fighter=f-0-hero n=13 cells=(1,0)(2,0)(3,0)(0,1)(1,1)(3,1)(4,1)(0,2)(4,2)(0,3)(1,3)(4,3)(1,4)
2026.09.29-05.24.07 SHOT plate fighter=f-0-hero bbox=(1139,494,1311,548) overlapReachable=0 placement=right gap=6 anchor=(787,282,1133,788) planned=(1139,494,1311,548) geom=painted stableFrames=54
2026.09.29-05.24.07 SHOT icon fighter=f-1-hero bbox=(936,933,984,981) size=48 src=flag planned=(936,933,984,981) geom=painted
2026.09.29-05.24.07 SHOT widget id=plate impl=slate state=own fighter=f-0-hero bbox=(1139,494,1311,548) geom=painted visible=1 twin=0 source=slate
2026.09.29-05.24.07 SHOT widget id=plate.marker impl=slate state=own fighter=f-0-hero bbox=(1139,494,1311,497) geom=painted visible=1 twin=0 source=slate
2026.09.29-05.24.07 SHOT widget id=plate.name impl=slate state=own fighter=f-0-hero bbox=(1145,499,1260,518) geom=painted visible=1 twin=0 source=slate
2026.09.29-05.24.07 SHOT widget id=plate.team impl=slate state=own fighter=f-0-hero bbox=(1260,502,1305,515) geom=painted visible=1 twin=0 source=slate
2026.09.29-05.24.07 SHOT widget id=plate.hpbar impl=slate state=own fighter=f-0-hero bbox=(1145,524,1241,531) geom=painted visible=1 twin=0 source=slate
2026.09.29-05.24.07 SHOT widget id=plate.hpfill impl=slate state=own fighter=f-0-hero bbox=(1145,524,1241,531) geom=painted visible=1 twin=0 source=slate
2026.09.29-05.24.07 SHOT widget id=plate.hp impl=slate state=own fighter=f-0-hero bbox=(1247,520,1300,535) geom=painted visible=1 twin=0 source=slate
2026.09.29-05.24.07 SHOT widget id=plate.status impl=slate state=own fighter=f-0-hero bbox=(1145,537,1305,550) geom=painted visible=1 twin=0 source=slate
2026.09.29-05.24.07 SHOT widget id=icon impl=slate state=flag fighter=f-1-hero bbox=(936,933,984,981) geom=painted visible=1 twin=0 source=slate
2026.09.29-05.24.07 SHOT label fighter=f-0-sk0 mode=compact bbox=(1724,432,1848,446)
2026.09.29-05.24.07 SHOT label fighter=f-0-sk1 mode=compact bbox=(908,-140,1012,-126)
2026.09.29-05.24.07 SHOT label fighter=f-0-sk2 mode=compact bbox=(72,432,196,446)
2026.09.29-05.24.07 SHOT label fighter=f-1-hero mode=compact bbox=(880,1137,1040,1147)
2026.09.29-05.24.07 SHOT label fighter=f-1-sk0 mode=compact bbox=(1875,1215,2003,1227)
2026.09.29-05.24.07 SHOT requested: FScreenshotRequest(bShowUI) -> C:\Users\ren\AppData\Local\Temp\s08-phase2-20260929-102329-35316\phase2-board-host-1920x1080.png
2026.09.29-05.24.07 PERF window t=25.1-30.4 frames=133 fps=19.34 frameMs avg=51.70 p50=33.39 p95=34.63 p99=544.21 max=1831.15 hitches50=4 gpuMs avg=1.89 p50=1.92 p95=2.24 gameMs avg=3.65 p95=10.39 renderMs avg=7.68 p95=14.59
2026.09.29-05.24.07 game -> room=cmum8duew00tpwilk0ghvpsqi code=<redacted> status=IN_PROGRESS
2026.09.29-05.24.10 game -> room=cmum8duew00tpwilk0ghvpsqi code=<redacted> status=IN_PROGRESS
2026.09.29-05.24.12 PERF window t=30.4-35.5 frames=150 fps=29.82 frameMs avg=33.53 p50=33.37 p95=34.04 p99=36.79 max=38.52 hitches50=0 gpuMs avg=2.10 p50=2.07 p95=2.29 gameMs avg=6.36 p95=4.13 renderMs avg=6.54 p95=7.12
2026.09.29-05.24.13 game -> room=cmum8duew00tpwilk0ghvpsqi code=<redacted> status=IN_PROGRESS
2026.09.29-05.24.16 game -> room=cmum8duew00tpwilk0ghvpsqi code=<redacted> status=IN_PROGRESS
2026.09.29-05.24.17 PERF window t=35.5-40.5 frames=149 fps=29.76 frameMs avg=33.60 p50=33.35 p95=34.27 p99=40.58 max=41.39 hitches50=0 gpuMs avg=2.08 p50=2.05 p95=2.29 gameMs avg=2.82 p95=3.78 renderMs avg=5.94 p95=6.91
2026.09.29-05.24.19 game -> room=cmum8duew00tpwilk0ghvpsqi code=<redacted> status=IN_PROGRESS
2026.09.29-05.24.22 PERF window t=40.5-45.5 frames=147 fps=29.35 frameMs avg=34.08 p50=33.35 p95=33.95 p99=42.68 max=118.51 hitches50=1 gpuMs avg=2.06 p50=2.01 p95=2.31 gameMs avg=2.78 p95=3.78 renderMs avg=5.49 p95=7.49
2026.09.29-05.24.22 game -> room=cmum8duew00tpwilk0ghvpsqi code=<redacted> status=IN_PROGRESS
2026.09.29-05.24.25 game -> room=cmum8duew00tpwilk0ghvpsqi code=<redacted> status=IN_PROGRESS
2026.09.29-05.24.27 PERF window t=45.5-50.5 frames=149 fps=29.63 frameMs avg=33.75 p50=33.33 p95=34.79 p99=46.41 max=48.72 hitches50=0 gpuMs avg=2.08 p50=2.03 p95=2.37 gameMs avg=2.34 p95=3.65 renderMs avg=5.27 p95=7.48
2026.09.29-05.24.28 game -> room=cmum8duew00tpwilk0ghvpsqi code=<redacted> status=IN_PROGRESS
2026.09.29-05.24.31 game -> room=cmum8duew00tpwilk0ghvpsqi code=<redacted> status=IN_PROGRESS
2026.09.29-05.24.32 PERF window t=50.5-55.5 frames=149 fps=29.64 frameMs avg=33.74 p50=33.33 p95=35.27 p99=45.26 max=47.93 hitches50=0 gpuMs avg=2.11 p50=2.05 p95=2.47 gameMs avg=2.49 p95=4.22 renderMs avg=5.21 p95=7.15
2026.09.29-05.24.34 game -> room=cmum8duew00tpwilk0ghvpsqi code=<redacted> status=IN_PROGRESS
2026.09.29-05.24.37 PERF window t=55.5-60.5 frames=148 fps=29.60 frameMs avg=33.78 p50=33.33 p95=34.88 p99=45.17 max=49.22 hitches50=0 gpuMs avg=2.06 p50=2.02 p95=2.24 gameMs avg=2.36 p95=3.51 renderMs avg=5.14 p95=7.23
2026.09.29-05.24.37 game -> room=cmum8duew00tpwilk0ghvpsqi code=<redacted> status=IN_PROGRESS
2026.09.29-05.24.40 game -> room=cmum8duew00tpwilk0ghvpsqi code=<redacted> status=IN_PROGRESS
2026.09.29-05.24.42 PERF window t=60.5-65.5 frames=149 fps=29.79 frameMs avg=33.57 p50=33.33 p95=33.97 p99=42.09 max=47.16 hitches50=0 gpuMs avg=2.10 p50=2.05 p95=2.38 gameMs avg=2.41 p95=4.11 renderMs avg=5.25 p95=6.93
2026.09.29-05.24.43 game -> room=cmum8duew00tpwilk0ghvpsqi code=<redacted> status=IN_PROGRESS
2026.09.29-05.24.47 game -> room=cmum8duew00tpwilk0ghvpsqi code=<redacted> status=IN_PROGRESS
2026.09.29-05.24.47 PERF summary scope=afterWarmup warmup=5 elapsed=70.0 frames=1907 fps=28.64 frameMs avg=34.92 p50=33.35 p95=34.25 p99=41.70 max=1831.15 hitches50=5 gpuMs avg=1.83 p50=1.99 p95=2.27 gameMs avg=2.84 p95=3.70 renderMs avg=5.41 p95=7.05
2026.09.29-05.24.47 PERF summary scope=started elapsed=70.0 frames=1296 fps=28.12 frameMs avg=35.56 p50=33.34 p95=34.45 p99=45.17 max=1831.15 hitches50=5 gpuMs avg=2.07 p50=2.04 p95=2.35 gameMs avg=3.07 p95=3.85 renderMs avg=5.74 p95=7.25
2026.09.29-05.24.47 PERF summary scope=artHud impl=slate elapsed=70.0 frames=1235 fps=29.31 frameMs avg=34.12 p50=33.34 p95=34.40 p99=42.68 max=544.21 hitches50=2 gpuMs avg=2.09 p50=2.04 p95=2.35 gameMs avg=3.03 p95=3.80 renderMs avg=5.56 p95=7.21
2026.09.29-05.24.47 --- S08 trace close ---
