2026.10.01-18.44.04 --- S08 trace open 2026.10.01-18.44.04 ---
2026.10.01-18.44.04 HUD team chips ready=1 mode=absolute tagNames=rule
2026.10.01-18.44.04 HUD icon texture size=32 ready=1 path=/Game/ArtTests/ARTMarkers/Textures/T_UI_Action_AttackToken_32 texture=32x32 probe=0 plate=1
2026.10.01-18.44.04 HUD art widget tag impl=umg source=/Game/S08/UI/ArtHud/WBP_S08ArtTag class=/Game/S08/UI/ArtHud/WBP_S08ArtTag.WBP_S08ArtTag_C count=8 missing=- codeDefaultTree=0
2026.10.01-18.44.04 HUD art widget plate impl=umg source=/Game/S08/UI/ArtHud/WBP_S08ArtPlate class=/Game/S08/UI/ArtHud/WBP_S08ArtPlate.WBP_S08ArtPlate_C parts=1 missing=- codeDefaultTree=0
2026.10.01-18.44.04 HUD art widget icon impl=umg source=/Game/S08/UI/ArtHud/WBP_S08ArtIcon class=/Game/S08/UI/ArtHud/WBP_S08ArtIcon.WBP_S08ArtIcon_C parts=1 missing=- codeDefaultTree=0
2026.10.01-18.44.04 HUD art widget damage impl=umg source=/Game/S08/UI/ArtHud/WBP_S08ArtDamage class=/Game/S08/UI/ArtHud/WBP_S08ArtDamage.WBP_S08ArtDamage_C parts=1 missing=- codeDefaultTree=0
2026.10.01-18.44.04 RENDER preset applied=High flag=S08RenderPreset
2026.10.01-18.44.04 BENCH start (W4-A backend-less render bench)
2026.10.01-18.44.04 ARTPREVIEW diorama requested mesh=/Game/PipelineCandidates/TableBase/20260928-table-base-tripo-h31/Meshes/SM_TableBase.SM_TableBase mi=MI_TableBase_Candidate
2026.10.01-18.44.04 ARTPREVIEW envlayout enabled dir=Config/ArtBoards/EnvLayouts source=pak files=2 names=marmoreal.layout.json+sarpedon.layout.json overlays=marmoreal.concept.layout.json+marmoreal.user.layout.json+sarpedon.concept.layout.json+sarpedon.user.layout.json
2026.10.01-18.44.04 ARTPREVIEW board profiles loaded=1 revision=15 boards=5 zoneStyles=11 lightProfiles=5 errors=0 path=Config/ArtBoards/S08ArtBoardProfiles.json
2026.10.01-18.44.04 ARTPREVIEW board profiles source=pak sha256=6dc72c345fec3e24e051ef2b2aa6d087dcf31c1adb568ab4c99dbc3b27855b20
2026.10.01-18.44.04 ARTPREVIEW zone content instances=12/12 glyphMeshes=11/11
2026.10.01-18.44.04 ARTPREVIEW zone keyline content mi=MI_ART005_Zone_Keyline glyphKeyMeshes=11/11 color=#111317
2026.10.01-18.44.04 ARTPREVIEW game layer material=M_S08_GameLayerUnlit unlitEyeAdaptInv=1 legacyRender=0
2026.10.01-18.44.04 ARTPREVIEW Cobble assets ready
2026.10.01-18.44.04 ARTPREVIEW board assets ready cobbleMesh=1 tiles=1 zoneMaterials=2
2026.10.01-18.44.04 ARTPREVIEW medusa candidate variant=face-neck-v2 mesh=SK_Medusa_FaceNeck_v2Candidate requested=(default)
2026.10.01-18.44.04 ARTPREVIEW map-image assets map=Sarpedon mi=MI_Sarpedon_MapBoard material=M_MapBoard bc=T_Sarpedon_Map_BC_4K mask=T_Sarpedon_Map_GameMask_4K boundBc=1 boundMask=1 sdf=1 id=1
2026.10.01-18.44.04 ARTPREVIEW board profile=sarpedon-original match=boardId board=9x6 boardId=c7fa64a26c29a0835f2383e63 surface=map-image light=sarpedon-night artFixture=0 map=Sarpedon
2026.10.01-18.44.04 ARTPREVIEW light profile=sarpedon-night name=key role=key kind=directional at=(-350,-150,600) intensity=3.5 units=lux radius=0 color=(0.60,0.71,0.97) shadow=1
2026.10.01-18.44.04 ARTPREVIEW light profile=sarpedon-night name=moon-pool role=cool kind=point at=(0,0,750) intensity=260 units=candelas radius=1250 color=(0.82,0.88,1.00) shadow=0
2026.10.01-18.44.04 ARTPREVIEW sky profile=sarpedon-night cubemap=/Game/S08/Render/TC_S08_AmbientDome loaded=1 spawned=1 intensity=3 color=(0.58,0.70,1.00) lowerBlack=0
2026.10.01-18.44.04 ARTPREVIEW fog profile=sarpedon-night spawned=1 color=(0.2000,0.2550,0.4600) density=0.32 falloff=0.2 heightZ=-400 start=2900 end=6000 maxOpacity=1.00 volumetric=0
2026.10.01-18.44.04 ARTPREVIEW exposure profile=sarpedon-night method=histogram-fixed min=4.14106 max=4.14106 bias=0.000 ev100=2.05 volume=1
2026.10.01-18.44.04 ARTPREVIEW lights applied profile=sarpedon-night directional=1 shadow=1 points=1 pointShadows=0 budgetOk=1
2026.10.01-18.44.04 ARTPREVIEW render profile=sarpedon-night units=candelas sky=1 exposure=1 keyShadow=csm-3600uu-2c-contact0.000 shadowCasters=1 legacyRender=0
2026.10.01-18.44.04 ARTPREVIEW map grade profile=sarpedon-night source=profile nightEV=-0.35 nightSaturation=0.75 lift=1.70 nightTint=(0.9700,1.0000,1.0500) maskSaturation=1.07 liftSaturation=1.10 maskInverseTint=(1.0500,0.9960,0.8910) graph=v2 maskTerms=1
2026.10.01-18.44.04 ARTPREVIEW map frame wood=frame-wood material=M_MapFrameWood valueScaleSrgb=0.70 valueScaleLinear=0.4563 saturation=0.75
2026.10.01-18.44.04 ARTPREVIEW map frame kit=frame-002 parts=20 corner=4 a=4 b=8 mid=4 segments=5x3 stretch=1.000000x1.000000 exactFit=1 woodSlots=20/20 ironSlots=8 wood=MID_M_MapFrameWood_0 iron=MI_MapFrame002_Iron ironProudUU=2.0 replaces=bars+corners
2026.10.01-18.44.04 ARTPREVIEW board active profile=sarpedon-original 9x6 surface=map-image map=Sarpedon spaces=38 links=61 starts=4 zoneKeys=6 multizone=4 triple=2 obstacles=16 size=891.3x577.3 src=1337x866 uuPerPx=0.6666667 frameUU=24 surfaceParts=0 corners=0 zoneMarks=0 lattice=0 pick=445.7x288.7 mi=MI_Sarpedon_MapBoard wood=1 expectOk=1
2026.10.01-18.44.04 ARTPREVIEW board map zone key=blue spaces=6 (painted, no zone marks)
2026.10.01-18.44.04 ARTPREVIEW board map zone key=brown spaces=5 (painted, no zone marks)
2026.10.01-18.44.04 ARTPREVIEW board map zone key=green spaces=8 (painted, no zone marks)
2026.10.01-18.44.04 ARTPREVIEW board map zone key=purple spaces=11 (painted, no zone marks)
2026.10.01-18.44.04 ARTPREVIEW board map zone key=red spaces=6 (painted, no zone marks)
2026.10.01-18.44.04 ARTPREVIEW board map zone key=yellow spaces=8 (painted, no zone marks)
2026.10.01-18.44.04 ARTPREVIEW envlayout variant=concept map=sarpedon status=ok file=sarpedon.concept.layout.json sha256=8a43f7bf1203e5e73d3b5b5b8212a02e66147ab79205cc415bbfcfd3e14fc804 propsRemoved=54 propsReplaced=0 propsAdded=10 fxRemoved=1 fxRemovedWithAnchor=5 fxReplaced=2 fxAdded=8 errors=0
2026.10.01-18.44.04 ARTPREVIEW envlayout prop id=lantern-bay mesh=SM_EnvCP_LanternHead loc=(-130.3,-396.0,176.4) yaw=90.0 scale=1.919 shadow=0 size=35.7x29.6x73.1 bounds=(-148.1,-410.8,176.4)..(-112.4,-381.2,249.5) overMap=0 onTray=1
2026.10.01-18.44.04 ARTPREVIEW envlayout prop id=lantern-left mesh=SM_EnvCP_LanternHead loc=(-566.5,-44.4,134.5) yaw=90.0 scale=1.877 shadow=0 size=34.9x29.0x71.5 bounds=(-583.9,-58.9,134.5)..(-549.0,-29.9,206.0) overMap=0 onTray=1
2026.10.01-18.44.04 ARTPREVIEW envlayout prop id=lantern-stern mesh=SM_EnvCP_LanternHead loc=(417.6,-425.7,125.7) yaw=90.0 scale=1.801 shadow=0 size=33.5x27.8x68.6 bounds=(400.8,-439.6,125.7)..(434.3,-411.8,194.3) overMap=0 onTray=1
2026.10.01-18.44.04 ARTPREVIEW envlayout prop id=lantern-rail mesh=SM_EnvCP_LanternHead loc=(736.3,-219.7,117.0) yaw=90.0 scale=2.254 shadow=0 size=41.9x34.8x85.9 bounds=(715.4,-237.1,117.0)..(757.3,-202.3,202.9) overMap=0 onTray=1
2026.10.01-18.44.04 ARTPREVIEW envlayout prop id=lantern-deck-n mesh=SM_EnvCP_LanternHead loc=(521.9,-155.8,63.3) yaw=90.0 scale=1.814 shadow=0 size=33.7x28.0x69.1 bounds=(505.0,-169.8,63.3)..(538.7,-141.8,132.4) overMap=0 onTray=1
2026.10.01-18.44.04 ARTPREVIEW envlayout prop id=lantern-deck-se mesh=SM_EnvCP_LanternHead loc=(622.2,230.2,80.0) yaw=90.0 scale=2.275 shadow=0 size=42.3x35.1x86.7 bounds=(601.1,212.6,80.0)..(643.4,247.7,166.7) overMap=0 onTray=1
2026.10.01-18.44.04 ARTPREVIEW envlayout prop id=cannon-1 mesh=SM_Env_Cannon loc=(587.6,-333.2,-35.6) yaw=158.0 scale=2.562 shadow=0 size=137.2x118.3x68.8 bounds=(519.0,-392.4,-35.6)..(656.2,-274.0,33.2) overMap=0 onTray=1
2026.10.01-18.44.04 ARTPREVIEW envlayout prop id=cannon-2 mesh=SM_Env_Cannon loc=(643.2,-214.1,-34.3) yaw=158.0 scale=2.502 shadow=0 size=134.0x115.5x67.2 bounds=(576.2,-271.9,-34.3)..(710.2,-156.3,32.9) overMap=0 onTray=1
2026.10.01-18.44.04 ARTPREVIEW envlayout prop id=cannon-3 mesh=SM_Env_Cannon loc=(721.5,-34.7,-38.1) yaw=158.0 scale=2.679 shadow=0 size=143.5x123.7x71.9 bounds=(649.7,-96.6,-38.1)..(793.3,27.2,33.8) overMap=0 onTray=1
2026.10.01-18.44.04 ARTPREVIEW envlayout prop id=banner-ship mesh=SM_EnvCP_BannerCloth loc=(831.2,-133.3,-164.7) yaw=133.2 scale=1.956 shadow=0 size=98.1x94.1x214.7 bounds=(782.2,-180.4,-164.7)..(880.2,-86.2,50.0) overMap=0 onTray=0
2026.10.01-18.44.04 ARTPREVIEW envlayout light id=campfire-nw kind=point at=(-548.0,-352.0,60.0) intensity=65 units=candelas radius=460 color=#FF8A3D shadow=0
2026.10.01-18.44.04 ARTPREVIEW envlayout light id=campfire-w kind=point at=(-560.0,85.0,60.0) intensity=55 units=candelas radius=420 color=#FF9A4A shadow=0
2026.10.01-18.44.04 ARTPREVIEW envlayout light id=ship-lantern-n kind=point at=(598.0,-225.0,150.0) intensity=95 units=candelas radius=420 color=#FFA552 shadow=0
2026.10.01-18.44.04 ARTPREVIEW envlayout light id=ship-lantern-s kind=point at=(592.0,0.0,145.0) intensity=90 units=candelas radius=400 color=#FFA552 shadow=0
2026.10.01-18.44.04 ARTPREVIEW envlayout light id=ship-lantern-stern kind=point at=(585.0,225.0,140.0) intensity=75 units=candelas radius=380 color=#FFA552 shadow=0
2026.10.01-18.44.04 ARTPREVIEW envlayout ground map=sarpedon mode=runtime strips=4 material=MI_EnvGround_Sarpedon z=-1.0 outer=(-780.0,-515.0)..(780.0,425.0) hole=(-467.7,-310.7)..(467.7,310.7) splatRect=(-820.0,-560.0)..(820.0,470.0) splatCovers=1 areaUU2=885246 falls=1/1 fallCards=1 status=ok fallMeshes=1 fallMeshParts=3 sea=ok
2026.10.01-18.44.05 ARTPREVIEW envlayout fx id=fireflies-forest-n system=NS_Env_Fireflies anchor=- at=(-707.6,-118.9,150.0) yaw=0.0 scale=1.000 seed=1725416364 warmup=3.50s ticks=105 mode=frozen particles=14 emitters=1 gpuEmitters=0 deterministic=1 nearBand=0 user=-
2026.10.01-18.44.05 ARTPREVIEW envlayout fx id=fireflies-forest-s system=NS_Env_Fireflies anchor=- at=(-695.2,125.2,150.0) yaw=0.0 scale=1.000 seed=97628021 warmup=3.50s ticks=105 mode=frozen particles=13 emitters=1 gpuEmitters=0 deterministic=1 nearBand=0 user=-
2026.10.01-18.44.05 ARTPREVIEW envlayout fx id=flame-lantern-bay system=NS_Env_LanternFlame anchor=lantern-bay at=(-129.7,-397.7,196.6) yaw=90.0 scale=1.919 seed=2080362060 warmup=1.50s ticks=45 mode=frozen particles=46 emitters=3 gpuEmitters=0 deterministic=1 nearBand=0 user=-
2026.10.01-18.44.05 ARTPREVIEW envlayout fx id=flame-lantern-left system=NS_Env_LanternFlame anchor=lantern-left at=(-565.9,-46.1,154.3) yaw=90.0 scale=1.877 seed=1350007212 warmup=1.50s ticks=45 mode=frozen particles=44 emitters=3 gpuEmitters=0 deterministic=1 nearBand=0 user=-
2026.10.01-18.44.05 ARTPREVIEW envlayout fx id=flame-lantern-stern system=NS_Env_LanternFlame anchor=lantern-stern at=(418.1,-427.3,144.7) yaw=90.0 scale=1.801 seed=2041647646 warmup=1.50s ticks=45 mode=frozen particles=48 emitters=3 gpuEmitters=0 deterministic=1 nearBand=0 user=-
2026.10.01-18.44.05 ARTPREVIEW envlayout fx id=flame-lantern-rail system=NS_Env_LanternFlame anchor=lantern-rail at=(737.0,-221.7,140.8) yaw=90.0 scale=2.254 seed=1934390597 warmup=1.50s ticks=45 mode=frozen particles=43 emitters=3 gpuEmitters=0 deterministic=1 nearBand=0 user=-
2026.10.01-18.44.05 ARTPREVIEW envlayout fx id=flame-lantern-deck-n system=NS_Env_LanternFlame anchor=lantern-deck-n at=(522.4,-157.4,82.4) yaw=90.0 scale=1.814 seed=744847447 warmup=1.50s ticks=45 mode=frozen particles=47 emitters=3 gpuEmitters=0 deterministic=1 nearBand=0 user=-
2026.10.01-18.44.05 ARTPREVIEW envlayout fx id=flame-lantern-deck-se system=NS_Env_LanternFlame anchor=lantern-deck-se at=(622.9,228.1,104.0) yaw=90.0 scale=2.275 seed=1704310633 warmup=1.50s ticks=45 mode=frozen particles=48 emitters=3 gpuEmitters=0 deterministic=1 nearBand=0 user=-
2026.10.01-18.44.05 ARTPREVIEW envlayout fx id=fire-fort system=NS_Env_ConceptFire anchor=- at=(-492.3,-427.3,-1.0) yaw=0.0 scale=1.400 seed=200042973 warmup=1.50s ticks=45 mode=frozen particles=74 emitters=3 gpuEmitters=0 deterministic=1 nearBand=0 user=-
2026.10.01-18.44.05 ARTPREVIEW envlayout fx id=fire-brazier system=NS_Env_ConceptFire anchor=- at=(-555.1,194.3,106.1) yaw=0.0 scale=0.850 seed=177000877 warmup=1.50s ticks=45 mode=frozen particles=73 emitters=3 gpuEmitters=0 deterministic=1 nearBand=0 user=-
2026.10.01-18.44.05 ARTPREVIEW envlayout fx map=sarpedon fx=10 layoutFx=10 missingSystems=0 skippedMissing=0 skippedDisabled=0 skippedAnchor=0 skippedInsideMap=0 skippedLightRenderer=0 nearBand=0 gpuEmitters=0 nonDeterministic=0 particles=450 userSet=0 userMissing=0 mode=frozen
2026.10.01-18.44.05 ARTPREVIEW envlayout map=sarpedon props=10 lights=5 missingMeshes=0 layoutProps=10 layoutLights=5 skippedMissing=0 skippedInsideMap=0 intrusions=0 outsideTray=1 outsideKit=0 shadowCasters=0 profilePoints=1 combinedPoints=6 combinedBudgetOk=1 tray=layout trayApronMismatch=0 profile=sarpedon-original boardId=c7fa64a26c29a0835f2383e63 file=Config/ArtBoards/EnvLayouts/sarpedon.layout.json sha256=89a3cfb965c134557d7a5e2733bd89562321ddf1c61d428dc8952d7fc4006c78 source=pak status=ok
2026.10.01-18.44.05 ARTPREVIEW concept-paste mode=on profile=sarpedon-original map=sarpedon reason=default default=on flag=- cmdVariant=- envVariant=concept:ok overlay=sarpedon.concept.layout.json overlaySha256=8a43f7bf1203e5e73d3b5b5b8212a02e66147ab79205cc415bbfcfd3e14fc804 spec=tools/art/concept_paste/sarpedon.paste.json manifest=tools/art/concept_paste/manifest.sarpedon.json hide=tray+ground+sea+waterfalls+backdrop+fog+baseProps+baseFx+layoutLights
2026.10.01-18.44.05 ARTPREVIEW concept-paste sheet profile=sarpedon-original mesh=SM_Sarpedon_ConceptSheet triangles=10564 bounds=(-1278.5,-1021.5,-300.0)..(1242.2,585.5,820.3) slots=1 plateA=T_Sarpedon_ConceptPlateA plateB=T_Sarpedon_ConceptPlateB mask=- cut=(467.67,310.67) minZ=-60.0 outside=clip
2026.10.01-18.44.05 ARTPREVIEW concept-paste sea profile=sarpedon-original plate=T_Sarpedon_ConceptSea z=-300 centre=(0,-45) radius=1900 skyTopZ=600 skySegments=48
2026.10.01-18.44.05 ARTPREVIEW concept-paste light id=fire-fort kind=point at=(-492.3,-427.3,54.0) intensity=65 units=candelas radius=460 color=#FF8A3D shadow=0 flicker=0.18@6.0Hz
2026.10.01-18.44.05 ARTPREVIEW concept-paste light id=fire-brazier kind=point at=(-555.1,194.3,141.1) intensity=45 units=candelas radius=420 color=#FF9A4A shadow=0 flicker=0.18@6.5Hz
2026.10.01-18.44.05 ARTPREVIEW concept-paste light id=lantern-left kind=point at=(-565.9,-46.1,154.3) intensity=30 units=candelas radius=300 color=#FFA552 shadow=0 flicker=0.08@4.0Hz
2026.10.01-18.44.05 ARTPREVIEW concept-paste light id=lantern-deck-n kind=point at=(522.4,-157.4,82.4) intensity=95 units=candelas radius=420 color=#FFA552 shadow=0 flicker=0.08@4.5Hz
2026.10.01-18.44.05 ARTPREVIEW concept-paste light id=lantern-deck-se kind=point at=(622.9,228.1,104.0) intensity=90 units=candelas radius=400 color=#FFA552 shadow=0 flicker=0.08@5.0Hz
2026.10.01-18.44.05 ARTPREVIEW concept-paste blob id=cannon-1 at=(587.6,-333.2,-3.0) diameterUU=70 strength=0.35 softness=0.60
2026.10.01-18.44.05 ARTPREVIEW concept-paste blob id=cannon-2 at=(643.2,-214.1,-3.0) diameterUU=70 strength=0.35 softness=0.60
2026.10.01-18.44.05 ARTPREVIEW concept-paste blob id=cannon-3 at=(721.5,-34.7,-3.0) diameterUU=70 strength=0.35 softness=0.60
2026.10.01-18.44.05 ARTPREVIEW concept-paste status=ok profile=sarpedon-original sheet=1 sea=49 lights=5 blobs=3 flows=2 seaFlow=1 flowFrozen=1 water=1 grade=aces-inverse gainLinear=0.9638 emissiveScale=1.0000(block) devignette=0.400 fit=(3.0302,2.8923,3.1758)^(1.0578,1.0701,1.0398) calib=0 camera=(-0.0,1557.0,2223.7) pitch=-55 yaw=-90 hfov=35 size=1920x1080 homography=identity rectA=(0.0,0.0,1920.0,1080.0) rectB=(-384.0,-216.0,2688.0,1512.0) cut=(467.67,310.67) lit=0 lumenGI=0 shadow=0
2026.10.01-18.44.05 ARTPREVIEW concept-paste hide profile=sarpedon-original props=0 fx=0 layoutLights=5 ground=4 sea=1 waterfalls=4 fog=1 backdrop=0 overlayProps=10 overlayFx=10
2026.10.01-18.44.05 ARTPREVIEW concept-paste budget profile=sarpedon-original profilePoints=1 conceptLights=5 layoutLightsVisible=0 combinedPoints=6 combinedBudgetOk=1
2026.10.01-18.44.05 ARTPREVIEW concept-paste anim profile=sarpedon-original mode=frozen flickers=0 sways=0 missingProps=0
2026.10.01-18.44.05 ARTPREVIEW envlayout tray map=sarpedon source=layout outerHalf=780.0x470.0 offsetY=-45.0 frameHalf=469.7x312.7 mesh=T2 t2Top=780.0x470.0 mismatchUU=0.0
2026.10.01-18.44.05 ARTPREVIEW diorama tray-t2 loaded mesh=/Game/PipelineCandidates/TableBase/T2b/SM_TableBase_T2b mi=MI_TableBase_T2b_Sarpedon kind=T2b
2026.10.01-18.44.05 ARTPREVIEW diorama tray=/Game/PipelineCandidates/TableBase/T2b/SM_TableBase_T2b.SM_TableBase_T2b mi=MI_TableBase_T2b_Sarpedon surface=map-image yaw=0.0 scale=1.000x1.000x1.000 bounds=(-815.7,-546.3,-215.7)..(815.7,456.3,1.7) size=1631.4x1002.6x217.5 topZ=-3.0 boardHalf=469.7x312.7 rimUU=112.3 collision=none kind=T2b topHalf=780.0x470.0 layoutHalf=780.0x470.0 offset=(0.0,-45.0) source=layout mismatchUU=0.0 match=1 anisotropy=1.000 lipTopZ=1.7 lipBandUU=20.0
2026.10.01-18.44.05 ARTPREVIEW concept-paste tray hidden profile=sarpedon-original mesh=SM_TableBase_T2b (the painted island replaces it)
2026.10.01-18.44.05 CAMERA extents source=map-image half=445.7x288.7 dist=2340.2 fit=1872.2 k1Mul=1.250
2026.10.01-18.44.05 CAMERA dist=2340 loc=(0,1342,1917) pitch=-55 yaw=-90
2026.10.01-18.44.05 CAMERA config overview=2340.2 nearest=300.0 farthest=2880.2 zoomRange=0.81-7.80 fit=1872.2 k1Mul=1.250 minDist=300.0 outRatio=0.650 step=1.250 animMs=200 returnMs=300 followFrom=1.20 source=defaults issues=0
2026.10.01-18.44.05 BOARD 9x6 cells | control points: (0,0)=(-393,-219,0) (8,5)=(400,250,0) | neighbor pair (dist 140 uu)
2026.10.01-18.44.05 BOARD topology spaces=38 links=61 starts=3:S03,4:S14,1:S20,2:S32 frame=1337x866px uuPerPx=0.6667 radius=42.0uu (default)
2026.10.01-18.44.05 ARTPREVIEW team mapping mode=absolute source=fighter-prefix viewerTeam=- p1=f-0-hero,f-0-sk0,f-0-sk1,f-0-sk2 p2=f-1-hero,f-1-sk0
2026.10.01-18.44.05 ARTPREVIEW heroesV2 fighter=f-0-hero mesh=/Game/PipelineCandidates/Medusa/H2LD/Meshes/SK_Medusa_H2LD mi=/Game/PipelineCandidates/Medusa/H2LD/Materials/MI_Medusa_H2LD_P1 yaw=90.0 scale=0.9998 name=Medusa hero=1 look=P1 base=/Game/PipelineCandidates/Medusa/H2LD/Meshes/SM_Medusa_H2LD_Base baseMi=/Game/PipelineCandidates/Medusa/H2LD/Materials/MI_Medusa_H2LD_Base_P1 skeleton=/Game/PipelineCandidates/Medusa/Rig/SK_Medusa_Skeleton.SK_Medusa_Skeleton clips=4/4 boundsTop=55.00 figureTop=55.00 budget=55.0
2026.10.01-18.44.05 ARTPREVIEW click capsule fighter=f-0-hero mesh=SK_Medusa_H2LD physicsAsset=0 radius=11.6 halfHeight=27.5 top=55.0 bodyCollision=0 source=meshBounds
2026.10.01-18.44.05 ARTPREVIEW fighter=Medusa hero=1 eligible=0 visual=1 mesh=SK_Medusa_H2LD
2026.10.01-18.44.05 ARTPREVIEW team ring fighter=f-0-hero team=P1 look=P1 mode=absolute shape=circle shown=1 mesh=SM_Marker_TeamRing_P1 fill=#E8C06A keyline=#111317 fillLinear=(0.8070,0.5271,0.1441) zMin=0.60 zMax=1.20 scale=1.00 base=hidden blockout=0 art=1 rim=#FFFFFF
2026.10.01-18.44.05 ARTPREVIEW anim fighter=f-0-hero clip=Idle len=2.333 event=spawn loop=1 phase=0.8071 seq=-1 asset=AM_Medusa_Idle
2026.10.01-18.44.05 ARTPREVIEW readability contact shadow material=/Game/EnvMaps/M_MapContactShadow.M_MapContactShadow loaded=1
2026.10.01-18.44.05 ARTPREVIEW readability fighter=f-0-hero hero=1 contactShadow=1 diameterUU=52.0 strength=0.25 leaderPip=1 look=P1 ringScale=1.00
2026.10.01-18.44.05 ARTPREVIEW heroesV2 fighter=f-0-sk0 mesh=/Game/PipelineCandidates/Harpy/H3LD/Meshes/SK_Harpy_H3LD mi=/Game/PipelineCandidates/Harpy/H3LD/Materials/MI_Harpy_H3LD_P1 yaw=270.0 scale=1.0000 name=Harpies hero=0 look=P1 base=/Game/PipelineCandidates/Harpy/H3LD/Meshes/SM_Harpy_H3LD_Base baseMi=/Game/PipelineCandidates/Harpy/H3LD/Materials/MI_Harpy_H3LD_Base_P1 skeleton=/Game/PipelineCandidates/Harpy/Rig/SK_Harpy_Skeleton.SK_Harpy_Skeleton clips=4/4 boundsTop=42.00 figureTop=42.00 budget=42.0
2026.10.01-18.44.05 ARTPREVIEW click capsule fighter=f-0-sk0 mesh=SK_Harpy_H3LD physicsAsset=0 radius=20.0 halfHeight=21.0 top=42.0 bodyCollision=0 source=meshBounds
2026.10.01-18.44.05 ARTPREVIEW team ring fighter=f-0-sk0 team=P1 look=P1 mode=absolute shape=circle shown=1 mesh=SM_Marker_TeamRing_P1 fill=#E8C06A keyline=#111317 fillLinear=(0.8070,0.5271,0.1441) zMin=0.60 zMax=1.20 scale=0.78 base=hidden blockout=0 art=1 rim=#FFFFFF
2026.10.01-18.44.05 ARTPREVIEW anim fighter=f-0-sk0 clip=Idle len=2.000 event=spawn loop=1 phase=0.6635 seq=-1 asset=AM_Harpy_Idle
2026.10.01-18.44.05 ARTPREVIEW readability fighter=f-0-sk0 hero=0 contactShadow=1 diameterUU=40.6 strength=0.25 leaderPip=0 look=P1 ringScale=0.78
2026.10.01-18.44.05 ARTPREVIEW heroesV2 fighter=f-0-sk1 mesh=/Game/PipelineCandidates/Harpy/H3LD/Meshes/SK_Harpy_H3LD mi=/Game/PipelineCandidates/Harpy/H3LD/Materials/MI_Harpy_H3LD_P1 yaw=90.0 scale=1.0000 name=Harpies hero=0 look=P1 base=/Game/PipelineCandidates/Harpy/H3LD/Meshes/SM_Harpy_H3LD_Base baseMi=/Game/PipelineCandidates/Harpy/H3LD/Materials/MI_Harpy_H3LD_Base_P1 skeleton=/Game/PipelineCandidates/Harpy/Rig/SK_Harpy_Skeleton.SK_Harpy_Skeleton clips=4/4 boundsTop=42.00 figureTop=42.00 budget=42.0
2026.10.01-18.44.05 ARTPREVIEW click capsule fighter=f-0-sk1 mesh=SK_Harpy_H3LD physicsAsset=0 radius=20.0 halfHeight=21.0 top=42.0 bodyCollision=0 source=meshBounds
2026.10.01-18.44.05 ARTPREVIEW team ring fighter=f-0-sk1 team=P1 look=P1 mode=absolute shape=circle shown=1 mesh=SM_Marker_TeamRing_P1 fill=#E8C06A keyline=#111317 fillLinear=(0.8070,0.5271,0.1441) zMin=0.60 zMax=1.20 scale=0.78 base=hidden blockout=0 art=1 rim=#FFFFFF
2026.10.01-18.44.05 ARTPREVIEW anim fighter=f-0-sk1 clip=Idle len=2.000 event=spawn loop=1 phase=0.9016 seq=-1 asset=AM_Harpy_Idle
2026.10.01-18.44.05 ARTPREVIEW readability fighter=f-0-sk1 hero=0 contactShadow=1 diameterUU=40.6 strength=0.25 leaderPip=0 look=P1 ringScale=0.78
2026.10.01-18.44.05 ARTPREVIEW heroesV2 fighter=f-0-sk2 mesh=/Game/PipelineCandidates/Harpy/H3LD/Meshes/SK_Harpy_H3LD mi=/Game/PipelineCandidates/Harpy/H3LD/Materials/MI_Harpy_H3LD_P1 yaw=270.0 scale=1.0000 name=Harpies hero=0 look=P1 base=/Game/PipelineCandidates/Harpy/H3LD/Meshes/SM_Harpy_H3LD_Base baseMi=/Game/PipelineCandidates/Harpy/H3LD/Materials/MI_Harpy_H3LD_Base_P1 skeleton=/Game/PipelineCandidates/Harpy/Rig/SK_Harpy_Skeleton.SK_Harpy_Skeleton clips=4/4 boundsTop=42.00 figureTop=42.00 budget=42.0
2026.10.01-18.44.05 ARTPREVIEW click capsule fighter=f-0-sk2 mesh=SK_Harpy_H3LD physicsAsset=0 radius=20.0 halfHeight=21.0 top=42.0 bodyCollision=0 source=meshBounds
2026.10.01-18.44.05 ARTPREVIEW team ring fighter=f-0-sk2 team=P1 look=P1 mode=absolute shape=circle shown=1 mesh=SM_Marker_TeamRing_P1 fill=#E8C06A keyline=#111317 fillLinear=(0.8070,0.5271,0.1441) zMin=0.60 zMax=1.20 scale=0.78 base=hidden blockout=0 art=1 rim=#FFFFFF
2026.10.01-18.44.05 ARTPREVIEW anim fighter=f-0-sk2 clip=Idle len=2.000 event=spawn loop=1 phase=0.1873 seq=-1 asset=AM_Harpy_Idle
2026.10.01-18.44.05 ARTPREVIEW readability fighter=f-0-sk2 hero=0 contactShadow=1 diameterUU=40.6 strength=0.25 leaderPip=0 look=P1 ringScale=0.78
2026.10.01-18.44.05 ARTPREVIEW heroesV2 fighter=f-1-hero mesh=/Game/PipelineCandidates/KingArthur/H2LD/Meshes/SK_KingArthur_H2LD mi=/Game/PipelineCandidates/KingArthur/H2LD/Materials/MI_KingArthur_H2LD_P2 yaw=270.0 scale=1.0000 name=King Arthur hero=1 look=P2 base=/Game/PipelineCandidates/KingArthur/H2LD/Meshes/SM_KingArthur_H2LD_Base baseMi=/Game/PipelineCandidates/KingArthur/H2LD/Materials/MI_KingArthur_H2LD_Base_P2 skeleton=/Game/PipelineCandidates/KingArthur/Rig/SK_KingArthur_Skeleton.SK_KingArthur_Skeleton clips=4/4 boundsTop=60.06 figureTop=55.00 budget=55.0
2026.10.01-18.44.05 ARTPREVIEW click capsule fighter=f-1-hero mesh=SK_KingArthur_H2LD physicsAsset=0 radius=12.8 halfHeight=30.0 top=60.1 bodyCollision=0 source=meshBounds
2026.10.01-18.44.05 ARTPREVIEW team ring fighter=f-1-hero team=P2 look=P2 mode=absolute shape=hexagon shown=1 mesh=SM_Marker_TeamRing_P2 fill=#5A7F9F keyline=#111317 fillLinear=(0.1022,0.2122,0.3467) zMin=0.60 zMax=1.20 scale=1.00 base=hidden blockout=0 art=1 rim=#FFFFFF
2026.10.01-18.44.05 ARTPREVIEW anim fighter=f-1-hero clip=Idle len=2.500 event=spawn loop=1 phase=0.3470 seq=-1 asset=AM_KingArthur_Idle
2026.10.01-18.44.05 ARTPREVIEW readability fighter=f-1-hero hero=1 contactShadow=1 diameterUU=52.0 strength=0.25 leaderPip=1 look=P2 ringScale=1.00
2026.10.01-18.44.05 ARTPREVIEW heroesV2 fighter=f-1-sk0 mesh=/Game/PipelineCandidates/Merlin/H2LD/Meshes/SK_Merlin_H2LD mi=/Game/PipelineCandidates/Merlin/H2LD/Materials/MI_Merlin_H2LD_P2 yaw=270.0 scale=1.0003 name=Merlin hero=0 look=P2 base=/Game/PipelineCandidates/Merlin/H2LD/Meshes/SM_Merlin_H2LD_Base baseMi=/Game/PipelineCandidates/Merlin/H2LD/Materials/MI_Merlin_H2LD_Base_P2 skeleton=/Game/PipelineCandidates/Merlin/Rig/SK_Merlin_Skeleton.SK_Merlin_Skeleton clips=4/4 boundsTop=49.44 figureTop=45.00 budget=45.0
2026.10.01-18.44.05 ARTPREVIEW click capsule fighter=f-1-sk0 mesh=SK_Merlin_H2LD physicsAsset=0 radius=10.5 halfHeight=24.7 top=49.4 bodyCollision=0 source=meshBounds
2026.10.01-18.44.05 ARTPREVIEW team ring fighter=f-1-sk0 team=P2 look=P2 mode=absolute shape=hexagon shown=1 mesh=SM_Marker_TeamRing_P2 fill=#5A7F9F keyline=#111317 fillLinear=(0.1022,0.2122,0.3467) zMin=0.60 zMax=1.20 scale=0.78 base=hidden blockout=0 art=1 rim=#FFFFFF
2026.10.01-18.44.05 ARTPREVIEW anim fighter=f-1-sk0 clip=Idle len=3.000 event=spawn loop=1 phase=0.8028 seq=-1 asset=AM_Merlin_Idle
2026.10.01-18.44.05 ARTPREVIEW readability fighter=f-1-sk0 hero=0 contactShadow=1 diameterUU=40.6 strength=0.25 leaderPip=0 look=P2 ringScale=0.78
2026.10.01-18.44.05 ARTPREVIEW heroesV2 summary fighters=6 mapped=6 v2=6
2026.10.01-18.44.05 FIGHTERS synced n=6 alive=6 own=4 enemy=2
2026.10.01-18.44.05 BENCH scene fixture=S08BenchSarpedon.json board=9x6 fighters=6 viewer=cmukie55u0000wiao06h107t9 hero=f-0-hero art=1 profile=sarpedon-original views=Fitx1.45+K1+K1x0.65+K2x1.6+K1x1.6+K2x2.5 warmup=60 settle=6 measure=5 fps=60 profileGpu=0 csv=0
2026.10.01-18.45.04 BENCH warmup done elapsed=60.1
2026.10.01-18.45.05 BENCH view=Fitx1.45 centred fit-mul=1.450 target=2714.6 fit=1872.2 clamp=0
2026.10.01-18.45.05 BENCH view=Fitx1.45 camera settled=1 dist=2707.3 target=2714.6 zoom=0.86
2026.10.01-18.45.16 BENCH measure view=Fitx1.45 window=5.0 frames=300 fps=60.00 frameMs avg=16.67 p50=16.67 p95=16.67 p99=16.67 max=16.67 hitches50=0 gpuMs avg=3.29 p50=3.43 p95=4.33 gameMs avg=1.03 p95=1.10 renderMs avg=2.52 p95=2.73
2026.10.01-18.45.16 RENDER tag=BENCH rhi=D3D12 featureLevel=SM6 shaderPlatform=PCD3D_SM6 lumenPlatform=1 gi=lumen giMethod=1 refl=lumen reflMethod=1 shadows=csm vsmEnable=0 sg.res=100 sg.view=2 sg.aa=2 sg.shadow=2 sg.gi=2 sg.refl=2 sg.pp=2 sg.tex=2 sg.fx=2 sg.foliage=2 sg.shading=2 sg.landscape=2 preset=High screenPct=100.0 screenPctMode=0 aa=TSR aaMethod=4 exposure=fixed-histogram expMin=4.14106 expMax=4.14106 expBias=0.000 ev100=2.05 lightUnits=candelas sky=1 skyIntensity=3.000 keyShadow=csm-3600uu-2c-contact0.000 shadowCasters=1 profile=sarpedon-night profilesSha256=6dc72c345fec3e24e051ef2b2aa6d087dcf31c1adb568ab4c99dbc3b27855b20 profilesSource=pak legacyRender=0 gameLayer=unlit-eyeadaptinv tMaxFPS=60.0 vsync=0 frameRateLimit=60.0 substrate=0 nanite=1 meshDF=1 viewport=1920x1080 reference=1
2026.10.01-18.45.19 SHOT ctx viewport=1920x1080 viewTarget=CameraActor_0 cam=(0,1557,2224) rot=(-55,-90,-0)
2026.10.01-18.45.19 RENDER tag=SHOT rhi=D3D12 featureLevel=SM6 shaderPlatform=PCD3D_SM6 lumenPlatform=1 gi=lumen giMethod=1 refl=lumen reflMethod=1 shadows=csm vsmEnable=0 sg.res=100 sg.view=2 sg.aa=2 sg.shadow=2 sg.gi=2 sg.refl=2 sg.pp=2 sg.tex=2 sg.fx=2 sg.foliage=2 sg.shading=2 sg.landscape=2 preset=High screenPct=100.0 screenPctMode=0 aa=TSR aaMethod=4 exposure=fixed-histogram expMin=4.14106 expMax=4.14106 expBias=0.000 ev100=2.05 lightUnits=candelas sky=1 skyIntensity=3.000 keyShadow=csm-3600uu-2c-contact0.000 shadowCasters=1 profile=sarpedon-night profilesSha256=6dc72c345fec3e24e051ef2b2aa6d087dcf31c1adb568ab4c99dbc3b27855b20 profilesSource=pak legacyRender=0 gameLayer=unlit-eyeadaptinv tMaxFPS=60.0 vsync=0 frameRateLimit=60.0 substrate=0 nanite=1 meshDF=1 viewport=1920x1080 reference=1
2026.10.01-18.45.19 SHOT fighter f-0-hero pos=(2,2) world=(-218,-13,0) screen=(717,528) projected=1 alive=1
2026.10.01-18.45.19 SHOT fighter f-0-sk0 pos=(1,3) world=(-309,33,0) screen=(611,571) projected=1 alive=1
2026.10.01-18.45.19 SHOT fighter f-0-sk1 pos=(0,2) world=(-398,-3,0) screen=(513,538) projected=1 alive=1
2026.10.01-18.45.19 SHOT fighter f-0-sk2 pos=(0,3) world=(-394,92,0) screen=(509,626) projected=1 alive=1
2026.10.01-18.45.19 SHOT fighter f-1-hero pos=(5,4) world=(119,141,0) screen=(1098,673) projected=1 alive=1
2026.10.01-18.45.19 SHOT fighter f-1-sk0 pos=(6,3) world=(159,52,0) screen=(1140,588) projected=1 alive=1
2026.10.01-18.45.19 SHOT camera dist=2714.6 target=2714.6 overview=2340.2 errPct=0.000 focusErr=0.00 settled=1 zoom=0.86
2026.10.01-18.45.19 SHOT head fighter=f-0-hero socket=Head mesh=SK_Medusa_H2LD world=(-218.2,-11.5,47.0) screen=(712.3,498.7) top=(711.9,494.7) bottom=(712.8,502.7) headPx=8.0 projected=1
2026.10.01-18.45.19 SHOT head fighter=f-0-sk0 socket=Head mesh=SK_Harpy_H3LD world=(-308.3,28.0,34.0) screen=(608.6,544.0) top=(607.9,540.0) bottom=(609.2,547.9) headPx=7.9 projected=1
2026.10.01-18.45.19 SHOT head fighter=f-0-sk1 socket=Head mesh=SK_Harpy_H3LD world=(-398.6,2.6,34.0) screen=(508.1,520.3) top=(507.3,516.4) bottom=(508.9,524.2) headPx=8.0 projected=1
2026.10.01-18.45.19 SHOT head fighter=f-0-sk2 socket=Head mesh=SK_Harpy_H3LD world=(-394.3,86.8,34.1) screen=(504.7,599.4) top=(503.8,595.6) bottom=(505.5,603.3) headPx=7.9 projected=1
2026.10.01-18.45.19 SHOT head fighter=f-1-hero socket=Head mesh=SK_KingArthur_H2LD world=(119.2,140.9,50.1) screen=(1099.9,641.8) top=(1100.2,638.0) bottom=(1099.7,645.7) headPx=7.7 projected=1
2026.10.01-18.45.19 SHOT head fighter=f-1-sk0 socket=Head mesh=SK_Merlin_H2LD world=(159.1,48.4,36.4) screen=(1142.3,561.6) top=(1142.6,557.7) bottom=(1142.0,565.5) headPx=7.8 projected=1
2026.10.01-18.45.19 SHOT figure fighter=f-0-hero bbox=(678,466,750,555) ringR=28.50 art=1 blockout=0 team=P1 look=P1 ring=1
2026.10.01-18.45.19 SHOT figure fighter=f-0-sk0 bbox=(579,523,638,592) ringR=22.23 art=1 blockout=0 team=P1 look=P1 ring=1
2026.10.01-18.45.19 SHOT figure fighter=f-0-sk1 bbox=(480,490,540,558) ringR=22.23 art=1 blockout=0 team=P1 look=P1 ring=1
2026.10.01-18.45.19 SHOT figure fighter=f-0-sk2 bbox=(475,578,536,648) ringR=22.23 art=1 blockout=0 team=P1 look=P1 ring=1
2026.10.01-18.45.19 SHOT figure fighter=f-1-hero bbox=(1064,607,1135,701) ringR=28.50 art=1 blockout=0 team=P2 look=P2 ring=1
2026.10.01-18.45.19 SHOT figure fighter=f-1-sk0 bbox=(1114,535,1170,609) ringR=22.23 art=1 blockout=0 team=P2 look=P2 ring=1
2026.10.01-18.45.19 SHOT request file=bench-Fitx1p45-1920x1080.png frame=4426
2026.10.01-18.45.19 SHOT requested: FScreenshotRequest(bShowUI) -> C:\tmp\envmaps-research\p7\tune\runs\f3-sarp/bench-Fitx1p45-1920x1080.png
2026.10.01-18.45.19 SHOT captured file=bench-Fitx1p45-1920x1080.png frame=4426 px=1920x1080 sha256=e7812f032787e871fb5506ba53245a3a84d691e1e3b76f33820758c9b3fe9374 order=BGRA saved=1
2026.10.01-18.45.19 SHOT late begin file=bench-Fitx1p45-1920x1080.png frame=4426 requestFrame=4426
2026.10.01-18.45.19 SHOT iconstate visible=0 lastFighter=none frame=4426
2026.10.01-18.45.19 SHOT panel id=hud.command bbox=(0,0,20,20) geom=painted visible=1 frame=4426
2026.10.01-18.45.19 SHOT panel id=hud.side bbox=(1884,0,1920,28) geom=painted visible=1 frame=4426
2026.10.01-18.45.19 SHOT panel id=hud.hand bbox=(950,1060,970,1080) geom=painted visible=1 frame=4426
2026.10.01-18.45.19 SHOT label fighter=f-0-hero mode=full bbox=(673,460,747,485) frame=4426
2026.10.01-18.45.19 SHOT label fighter=f-0-sk0 mode=full bbox=(562,516,645,537) frame=4426
2026.10.01-18.45.19 SHOT label fighter=f-0-sk1 mode=full bbox=(462,482,546,504) frame=4426
2026.10.01-18.45.19 SHOT label fighter=f-0-sk2 mode=full bbox=(457,572,542,593) frame=4426
2026.10.01-18.45.19 SHOT label fighter=f-1-hero mode=full bbox=(1062,611,1141,631) frame=4426
2026.10.01-18.45.19 SHOT label fighter=f-1-sk0 mode=full bbox=(1114,532,1174,555) frame=4426
2026.10.01-18.45.19 SHOT late end file=bench-Fitx1p45-1920x1080.png frame=4426
2026.10.01-18.45.19 BENCH shot view=Fitx1.45 saved=1 path=C:\tmp\envmaps-research\p7\tune\runs\f3-sarp/bench-Fitx1p45-1920x1080.png
2026.10.01-18.45.19 BENCH view=K1 overview target=2340.2 fit=1872.2
2026.10.01-18.45.20 BENCH view=K1 camera settled=1 dist=2353.0 target=2340.2 zoom=0.99
2026.10.01-18.45.31 BENCH measure view=K1 window=5.0 frames=300 fps=60.00 frameMs avg=16.67 p50=16.67 p95=16.67 p99=16.67 max=16.67 hitches50=0 gpuMs avg=4.33 p50=3.35 p95=8.00 gameMs avg=1.05 p95=1.17 renderMs avg=2.57 p95=2.85
2026.10.01-18.45.31 RENDER tag=BENCH rhi=D3D12 featureLevel=SM6 shaderPlatform=PCD3D_SM6 lumenPlatform=1 gi=lumen giMethod=1 refl=lumen reflMethod=1 shadows=csm vsmEnable=0 sg.res=100 sg.view=2 sg.aa=2 sg.shadow=2 sg.gi=2 sg.refl=2 sg.pp=2 sg.tex=2 sg.fx=2 sg.foliage=2 sg.shading=2 sg.landscape=2 preset=High screenPct=100.0 screenPctMode=0 aa=TSR aaMethod=4 exposure=fixed-histogram expMin=4.14106 expMax=4.14106 expBias=0.000 ev100=2.05 lightUnits=candelas sky=1 skyIntensity=3.000 keyShadow=csm-3600uu-2c-contact0.000 shadowCasters=1 profile=sarpedon-night profilesSha256=6dc72c345fec3e24e051ef2b2aa6d087dcf31c1adb568ab4c99dbc3b27855b20 profilesSource=pak legacyRender=0 gameLayer=unlit-eyeadaptinv tMaxFPS=60.0 vsync=0 frameRateLimit=60.0 substrate=0 nanite=1 meshDF=1 viewport=1920x1080 reference=1
2026.10.01-18.45.34 SHOT ctx viewport=1920x1080 viewTarget=CameraActor_0 cam=(0,1342,1917) rot=(-55,-90,-0)
2026.10.01-18.45.34 RENDER tag=SHOT rhi=D3D12 featureLevel=SM6 shaderPlatform=PCD3D_SM6 lumenPlatform=1 gi=lumen giMethod=1 refl=lumen reflMethod=1 shadows=csm vsmEnable=0 sg.res=100 sg.view=2 sg.aa=2 sg.shadow=2 sg.gi=2 sg.refl=2 sg.pp=2 sg.tex=2 sg.fx=2 sg.foliage=2 sg.shading=2 sg.landscape=2 preset=High screenPct=100.0 screenPctMode=0 aa=TSR aaMethod=4 exposure=fixed-histogram expMin=4.14106 expMax=4.14106 expBias=0.000 ev100=2.05 lightUnits=candelas sky=1 skyIntensity=3.000 keyShadow=csm-3600uu-2c-contact0.000 shadowCasters=1 profile=sarpedon-night profilesSha256=6dc72c345fec3e24e051ef2b2aa6d087dcf31c1adb568ab4c99dbc3b27855b20 profilesSource=pak legacyRender=0 gameLayer=unlit-eyeadaptinv tMaxFPS=60.0 vsync=0 frameRateLimit=60.0 substrate=0 nanite=1 meshDF=1 viewport=1920x1080 reference=1
2026.10.01-18.45.34 SHOT fighter f-0-hero pos=(2,2) world=(-218,-13,0) screen=(678,527) projected=1 alive=1
2026.10.01-18.45.34 SHOT fighter f-0-sk0 pos=(1,3) world=(-309,33,0) screen=(555,576) projected=1 alive=1
2026.10.01-18.45.34 SHOT fighter f-0-sk1 pos=(0,2) world=(-398,-3,0) screen=(442,537) projected=1 alive=1
2026.10.01-18.45.34 SHOT fighter f-0-sk2 pos=(0,3) world=(-394,92,0) screen=(435,640) projected=1 alive=1
2026.10.01-18.45.34 SHOT fighter f-1-hero pos=(5,4) world=(119,141,0) screen=(1120,695) projected=1 alive=1
2026.10.01-18.45.34 SHOT fighter f-1-sk0 pos=(6,3) world=(159,52,0) screen=(1169,596) projected=1 alive=1
2026.10.01-18.45.34 SHOT camera dist=2340.2 target=2340.2 overview=2340.2 errPct=0.000 focusErr=0.00 settled=1 zoom=1.00
2026.10.01-18.45.34 SHOT head fighter=f-0-hero socket=Head mesh=SK_Medusa_H2LD world=(-217.9,-12.2,47.2) screen=(672.6,491.1) top=(672.0,486.5) bottom=(673.2,495.8) headPx=9.4 projected=1
2026.10.01-18.45.34 SHOT head fighter=f-0-sk0 socket=Head mesh=SK_Harpy_H3LD world=(-309.0,27.9,34.0) screen=(550.3,544.5) top=(549.4,540.0) bottom=(551.2,549.1) headPx=9.3 projected=1
2026.10.01-18.45.34 SHOT head fighter=f-0-sk1 socket=Head mesh=SK_Harpy_H3LD world=(-398.4,2.5,34.2) screen=(435.0,516.8) top=(433.9,512.2) bottom=(436.2,521.4) headPx=9.4 projected=1
2026.10.01-18.45.34 SHOT head fighter=f-0-sk2 socket=Head mesh=SK_Harpy_H3LD world=(-393.6,86.8,34.1) screen=(430.2,609.4) top=(429.1,604.9) bottom=(431.4,613.8) headPx=9.3 projected=1
2026.10.01-18.45.34 SHOT head fighter=f-1-hero socket=Head mesh=SK_KingArthur_H2LD world=(118.8,140.9,50.1) screen=(1123.0,659.0) top=(1123.4,654.5) bottom=(1122.6,663.4) headPx=8.9 projected=1
2026.10.01-18.45.34 SHOT head fighter=f-1-sk0 socket=Head mesh=SK_Merlin_H2LD world=(158.9,48.4,36.4) screen=(1172.0,565.1) top=(1172.4,560.5) bottom=(1171.5,569.6) headPx=9.1 projected=1
2026.10.01-18.45.34 SHOT figure fighter=f-0-hero bbox=(632,454,716,557) ringR=28.50 art=1 blockout=0 team=P1 look=P1 ring=1
2026.10.01-18.45.34 SHOT figure fighter=f-0-sk0 bbox=(516,520,586,600) ringR=22.23 art=1 blockout=0 team=P1 look=P1 ring=1
2026.10.01-18.45.34 SHOT figure fighter=f-0-sk1 bbox=(402,482,474,561) ringR=22.23 art=1 blockout=0 team=P1 look=P1 ring=1
2026.10.01-18.45.34 SHOT figure fighter=f-0-sk2 bbox=(394,584,467,665) ringR=22.23 art=1 blockout=0 team=P1 look=P1 ring=1
2026.10.01-18.45.34 SHOT figure fighter=f-1-hero bbox=(1081,619,1165,728) ringR=28.50 art=1 blockout=0 team=P2 look=P2 ring=1
2026.10.01-18.45.34 SHOT figure fighter=f-1-sk0 bbox=(1139,534,1204,620) ringR=22.23 art=1 blockout=0 team=P2 look=P2 ring=1
2026.10.01-18.45.34 SHOT request file=bench-K1-1920x1080.png frame=5284
2026.10.01-18.45.34 SHOT requested: FScreenshotRequest(bShowUI) -> C:\tmp\envmaps-research\p7\tune\runs\f3-sarp/bench-K1-1920x1080.png
2026.10.01-18.45.34 SHOT captured file=bench-K1-1920x1080.png frame=5284 px=1920x1080 sha256=7d711a9b875d84d87dd8cd637f92049d5ab58d7274f1807360e72602b85d1150 order=BGRA saved=1
2026.10.01-18.45.34 SHOT late begin file=bench-K1-1920x1080.png frame=5284 requestFrame=5284
2026.10.01-18.45.34 SHOT iconstate visible=0 lastFighter=none frame=5284
2026.10.01-18.45.34 SHOT panel id=hud.command bbox=(0,0,20,20) geom=painted visible=1 frame=5284
2026.10.01-18.45.34 SHOT panel id=hud.side bbox=(1884,0,1920,28) geom=painted visible=1 frame=5284
2026.10.01-18.45.34 SHOT panel id=hud.hand bbox=(950,1060,970,1080) geom=painted visible=1 frame=5284
2026.10.01-18.45.34 SHOT label fighter=f-0-hero mode=full bbox=(631,449,707,476) frame=5284
2026.10.01-18.45.34 SHOT label fighter=f-0-sk0 mode=full bbox=(503,514,587,537) frame=5284
2026.10.01-18.45.34 SHOT label fighter=f-0-sk1 mode=full bbox=(387,475,472,498) frame=5284
2026.10.01-18.45.34 SHOT label fighter=f-0-sk2 mode=full bbox=(379,580,466,602) frame=5284
2026.10.01-18.45.34 SHOT label fighter=f-1-hero mode=full bbox=(1085,625,1166,647) frame=5284
2026.10.01-18.45.34 SHOT label fighter=f-1-sk0 mode=full bbox=(1144,533,1205,557) frame=5284
2026.10.01-18.45.34 SHOT late end file=bench-K1-1920x1080.png frame=5284
2026.10.01-18.45.34 BENCH shot view=K1 saved=1 path=C:\tmp\envmaps-research\p7\tune\runs\f3-sarp/bench-K1-1920x1080.png
2026.10.01-18.45.34 BENCH view=K1x0.65 zoom-out wanted=0.65 target=2880.2 zoom=0.81 limit=far
2026.10.01-18.45.34 BENCH view=K1x0.65 camera settled=1 dist=2869.6 target=2880.2 zoom=0.82
2026.10.01-18.45.45 BENCH measure view=K1x0.65 window=5.0 frames=300 fps=60.00 frameMs avg=16.67 p50=16.67 p95=16.67 p99=16.67 max=16.67 hitches50=0 gpuMs avg=5.79 p50=6.82 p95=7.69 gameMs avg=1.04 p95=1.14 renderMs avg=2.56 p95=2.77
2026.10.01-18.45.45 RENDER tag=BENCH rhi=D3D12 featureLevel=SM6 shaderPlatform=PCD3D_SM6 lumenPlatform=1 gi=lumen giMethod=1 refl=lumen reflMethod=1 shadows=csm vsmEnable=0 sg.res=100 sg.view=2 sg.aa=2 sg.shadow=2 sg.gi=2 sg.refl=2 sg.pp=2 sg.tex=2 sg.fx=2 sg.foliage=2 sg.shading=2 sg.landscape=2 preset=High screenPct=100.0 screenPctMode=0 aa=TSR aaMethod=4 exposure=fixed-histogram expMin=4.14106 expMax=4.14106 expBias=0.000 ev100=2.05 lightUnits=candelas sky=1 skyIntensity=3.000 keyShadow=csm-3600uu-2c-contact0.000 shadowCasters=1 profile=sarpedon-night profilesSha256=6dc72c345fec3e24e051ef2b2aa6d087dcf31c1adb568ab4c99dbc3b27855b20 profilesSource=pak legacyRender=0 gameLayer=unlit-eyeadaptinv tMaxFPS=60.0 vsync=0 frameRateLimit=60.0 substrate=0 nanite=1 meshDF=1 viewport=1920x1080 reference=1
2026.10.01-18.45.48 SHOT ctx viewport=1920x1080 viewTarget=CameraActor_0 cam=(0,1652,2359) rot=(-55,-90,-0)
2026.10.01-18.45.48 RENDER tag=SHOT rhi=D3D12 featureLevel=SM6 shaderPlatform=PCD3D_SM6 lumenPlatform=1 gi=lumen giMethod=1 refl=lumen reflMethod=1 shadows=csm vsmEnable=0 sg.res=100 sg.view=2 sg.aa=2 sg.shadow=2 sg.gi=2 sg.refl=2 sg.pp=2 sg.tex=2 sg.fx=2 sg.foliage=2 sg.shading=2 sg.landscape=2 preset=High screenPct=100.0 screenPctMode=0 aa=TSR aaMethod=4 exposure=fixed-histogram expMin=4.14106 expMax=4.14106 expBias=0.000 ev100=2.05 lightUnits=candelas sky=1 skyIntensity=3.000 keyShadow=csm-3600uu-2c-contact0.000 shadowCasters=1 profile=sarpedon-night profilesSha256=6dc72c345fec3e24e051ef2b2aa6d087dcf31c1adb568ab4c99dbc3b27855b20 profilesSource=pak legacyRender=0 gameLayer=unlit-eyeadaptinv tMaxFPS=60.0 vsync=0 frameRateLimit=60.0 substrate=0 nanite=1 meshDF=1 viewport=1920x1080 reference=1
2026.10.01-18.45.48 SHOT fighter f-0-hero pos=(2,2) world=(-218,-13,0) screen=(730,529) projected=1 alive=1
2026.10.01-18.45.48 SHOT fighter f-0-sk0 pos=(1,3) world=(-309,33,0) screen=(631,569) projected=1 alive=1
2026.10.01-18.45.48 SHOT fighter f-0-sk1 pos=(0,2) world=(-398,-3,0) screen=(539,538) projected=1 alive=1
2026.10.01-18.45.48 SHOT fighter f-0-sk2 pos=(0,3) world=(-394,92,0) screen=(535,621) projected=1 alive=1
2026.10.01-18.45.48 SHOT fighter f-1-hero pos=(5,4) world=(119,141,0) screen=(1089,665) projected=1 alive=1
2026.10.01-18.45.48 SHOT fighter f-1-sk0 pos=(6,3) world=(159,52,0) screen=(1130,585) projected=1 alive=1
2026.10.01-18.45.48 SHOT camera dist=2880.2 target=2880.2 overview=2340.2 errPct=0.000 focusErr=0.00 settled=1 zoom=0.81
2026.10.01-18.45.48 SHOT head fighter=f-0-hero socket=Head mesh=SK_Medusa_H2LD world=(-217.2,-12.1,47.1) screen=(727.9,500.5) top=(727.5,496.8) bottom=(728.3,504.3) headPx=7.5 projected=1
2026.10.01-18.45.48 SHOT head fighter=f-0-sk0 socket=Head mesh=SK_Harpy_H3LD world=(-309.0,28.2,34.2) screen=(628.3,543.7) top=(627.7,540.0) bottom=(628.9,547.4) headPx=7.5 projected=1
2026.10.01-18.45.48 SHOT head fighter=f-0-sk1 socket=Head mesh=SK_Harpy_H3LD world=(-398.9,2.3,34.2) screen=(534.0,521.1) top=(533.2,517.4) bottom=(534.7,524.8) headPx=7.6 projected=1
2026.10.01-18.45.48 SHOT head fighter=f-0-sk2 socket=Head mesh=SK_Harpy_H3LD world=(-393.7,86.7,33.9) screen=(532.3,596.0) top=(531.5,592.4) bottom=(533.0,599.7) headPx=7.4 projected=1
2026.10.01-18.45.48 SHOT head fighter=f-1-hero socket=Head mesh=SK_KingArthur_H2LD world=(118.4,140.0,50.1) screen=(1090.7,634.9) top=(1090.9,631.2) bottom=(1090.5,638.5) headPx=7.3 projected=1
2026.10.01-18.45.48 SHOT head fighter=f-1-sk0 socket=Head mesh=SK_Merlin_H2LD world=(158.6,48.7,36.5) screen=(1131.1,560.5) top=(1131.4,556.8) bottom=(1130.8,564.1) headPx=7.4 projected=1
2026.10.01-18.45.48 SHOT figure fighter=f-0-hero bbox=(695,470,762,554) ringR=28.50 art=1 blockout=0 team=P1 look=P1 ring=1
2026.10.01-18.45.48 SHOT figure fighter=f-0-sk0 bbox=(602,524,656,589) ringR=22.23 art=1 blockout=0 team=P1 look=P1 ring=1
2026.10.01-18.45.48 SHOT figure fighter=f-0-sk1 bbox=(508,493,564,557) ringR=22.23 art=1 blockout=0 team=P1 look=P1 ring=1
2026.10.01-18.45.48 SHOT figure fighter=f-0-sk2 bbox=(504,576,561,641) ringR=22.23 art=1 blockout=0 team=P1 look=P1 ring=1
2026.10.01-18.45.48 SHOT figure fighter=f-1-hero bbox=(1058,603,1124,692) ringR=28.50 art=1 blockout=0 team=P2 look=P2 ring=1
2026.10.01-18.45.48 SHOT figure fighter=f-1-sk0 bbox=(1105,536,1157,605) ringR=22.23 art=1 blockout=0 team=P2 look=P2 ring=1
2026.10.01-18.45.48 SHOT request file=bench-K1x0p65-1920x1080.png frame=6137
2026.10.01-18.45.48 SHOT requested: FScreenshotRequest(bShowUI) -> C:\tmp\envmaps-research\p7\tune\runs\f3-sarp/bench-K1x0p65-1920x1080.png
2026.10.01-18.45.48 SHOT captured file=bench-K1x0p65-1920x1080.png frame=6137 px=1920x1080 sha256=912aa6e3bac3eac5bff15ce08214cf54b4a9aa51de5ee411d28894e2af763f72 order=BGRA saved=1
2026.10.01-18.45.48 SHOT late begin file=bench-K1x0p65-1920x1080.png frame=6137 requestFrame=6137
2026.10.01-18.45.48 SHOT iconstate visible=0 lastFighter=none frame=6137
2026.10.01-18.45.48 SHOT panel id=hud.command bbox=(0,0,20,20) geom=painted visible=1 frame=6137
2026.10.01-18.45.48 SHOT panel id=hud.side bbox=(1884,0,1920,28) geom=painted visible=1 frame=6137
2026.10.01-18.45.48 SHOT panel id=hud.hand bbox=(950,1060,970,1080) geom=painted visible=1 frame=6137
2026.10.01-18.45.48 SHOT label fighter=f-0-hero mode=full bbox=(688,464,762,488) frame=6137
2026.10.01-18.45.48 SHOT label fighter=f-0-sk0 mode=full bbox=(583,517,666,537) frame=6137
2026.10.01-18.45.48 SHOT label fighter=f-0-sk1 mode=full bbox=(489,485,572,506) frame=6137
2026.10.01-18.45.48 SHOT label fighter=f-0-sk2 mode=full bbox=(484,570,569,590) frame=6137
2026.10.01-18.45.48 SHOT label fighter=f-1-hero mode=full bbox=(1053,606,1132,626) frame=6137
2026.10.01-18.45.48 SHOT label fighter=f-1-sk0 mode=full bbox=(1103,532,1163,554) frame=6137
2026.10.01-18.45.48 SHOT late end file=bench-K1x0p65-1920x1080.png frame=6137
2026.10.01-18.45.48 BENCH shot view=K1x0.65 saved=1 path=C:\tmp\envmaps-research\p7\tune\runs\f3-sarp/bench-K1x0p65-1920x1080.png
2026.10.01-18.45.48 ARTPREVIEW selection ring shown fighter=Medusa mesh=SM_Marker_SelectionRing
2026.10.01-18.45.48 ARTPREVIEW reachable rings cells=19 placed=1 radiusUU=36 segments=48 style=readability color=#FFC857 stroke=#14110C widthUU=3.50 strokeUU=1.50
2026.10.01-18.45.48 BENCH view=K2x1.6 focus hero=f-0-hero zoom=1.60 target=1462.6 clamp=0
2026.10.01-18.45.48 BENCH view=K2x1.6 camera settled=1 dist=1462.6 target=1462.6 zoom=1.60
2026.10.01-18.45.59 BENCH measure view=K2x1.6 window=5.0 frames=300 fps=60.00 frameMs avg=16.67 p50=16.67 p95=16.67 p99=16.67 max=16.67 hitches50=0 gpuMs avg=4.14 p50=4.21 p95=4.83 gameMs avg=1.05 p95=1.14 renderMs avg=2.78 p95=2.96
2026.10.01-18.45.59 RENDER tag=BENCH rhi=D3D12 featureLevel=SM6 shaderPlatform=PCD3D_SM6 lumenPlatform=1 gi=lumen giMethod=1 refl=lumen reflMethod=1 shadows=csm vsmEnable=0 sg.res=100 sg.view=2 sg.aa=2 sg.shadow=2 sg.gi=2 sg.refl=2 sg.pp=2 sg.tex=2 sg.fx=2 sg.foliage=2 sg.shading=2 sg.landscape=2 preset=High screenPct=100.0 screenPctMode=0 aa=TSR aaMethod=4 exposure=fixed-histogram expMin=4.14106 expMax=4.14106 expBias=0.000 ev100=2.05 lightUnits=candelas sky=1 skyIntensity=3.000 keyShadow=csm-3600uu-2c-contact0.000 shadowCasters=1 profile=sarpedon-night profilesSha256=6dc72c345fec3e24e051ef2b2aa6d087dcf31c1adb568ab4c99dbc3b27855b20 profilesSource=pak legacyRender=0 gameLayer=unlit-eyeadaptinv tMaxFPS=60.0 vsync=0 frameRateLimit=60.0 substrate=0 nanite=1 meshDF=1 viewport=1920x1080 reference=1
2026.10.01-18.46.02 SHOT ctx viewport=1920x1080 viewTarget=CameraActor_0 cam=(-218,826,1226) rot=(-55,-90,-0)
2026.10.01-18.46.02 RENDER tag=SHOT rhi=D3D12 featureLevel=SM6 shaderPlatform=PCD3D_SM6 lumenPlatform=1 gi=lumen giMethod=1 refl=lumen reflMethod=1 shadows=csm vsmEnable=0 sg.res=100 sg.view=2 sg.aa=2 sg.shadow=2 sg.gi=2 sg.refl=2 sg.pp=2 sg.tex=2 sg.fx=2 sg.foliage=2 sg.shading=2 sg.landscape=2 preset=High screenPct=100.0 screenPctMode=0 aa=TSR aaMethod=4 exposure=fixed-histogram expMin=4.14106 expMax=4.14106 expBias=0.000 ev100=2.05 lightUnits=candelas sky=1 skyIntensity=3.000 keyShadow=csm-3600uu-2c-contact0.000 shadowCasters=1 profile=sarpedon-night profilesSha256=6dc72c345fec3e24e051ef2b2aa6d087dcf31c1adb568ab4c99dbc3b27855b20 profilesSource=pak legacyRender=0 gameLayer=unlit-eyeadaptinv tMaxFPS=60.0 vsync=0 frameRateLimit=60.0 substrate=0 nanite=1 meshDF=1 viewport=1920x1080 reference=1
2026.10.01-18.46.02 SHOT fighter f-0-hero pos=(2,2) world=(-218,-13,0) screen=(960,573) projected=1 alive=1
2026.10.01-18.46.02 SHOT fighter f-0-sk0 pos=(1,3) world=(-309,33,0) screen=(769,652) projected=1 alive=1
2026.10.01-18.46.02 SHOT fighter f-0-sk1 pos=(0,2) world=(-398,-3,0) screen=(588,590) projected=1 alive=1
2026.10.01-18.46.02 SHOT fighter f-0-sk2 pos=(0,3) world=(-394,92,0) screen=(583,757) projected=1 alive=1
2026.10.01-18.46.02 SHOT fighter f-1-hero pos=(5,4) world=(119,141,0) screen=(1693,849) projected=1 alive=1
2026.10.01-18.46.02 SHOT fighter f-1-sk0 pos=(6,3) world=(159,52,0) screen=(1751,685) projected=1 alive=1
2026.10.01-18.46.02 SHOT camera dist=1462.6 target=1462.6 overview=2340.2 errPct=0.000 focusErr=0.00 settled=1 zoom=1.60
2026.10.01-18.46.02 SHOT head fighter=f-0-hero socket=Head mesh=SK_Medusa_H2LD world=(-217.0,-11.5,47.0) screen=(961.4,518.9) top=(961.4,511.6) bottom=(961.4,526.2) headPx=14.6 projected=1
2026.10.01-18.46.02 SHOT head fighter=f-0-sk0 socket=Head mesh=SK_Harpy_H3LD world=(-308.5,28.4,34.3) screen=(767.1,603.7) top=(766.5,596.6) bottom=(767.8,610.8) headPx=14.2 projected=1
2026.10.01-18.46.02 SHOT head fighter=f-0-sk1 socket=Head mesh=SK_Harpy_H3LD world=(-399.1,2.6,34.0) screen=(578.8,559.2) top=(577.6,552.0) bottom=(580.1,566.3) headPx=14.6 projected=1
2026.10.01-18.46.02 SHOT head fighter=f-0-sk2 socket=Head mesh=SK_Harpy_H3LD world=(-394.2,86.7,34.0) screen=(576.2,709.5) top=(574.9,702.5) bottom=(577.6,716.3) headPx=14.0 projected=1
2026.10.01-18.46.02 SHOT head fighter=f-1-hero socket=Head mesh=SK_KingArthur_H2LD world=(119.0,139.7,50.1) screen=(1715.4,791.5) top=(1718.2,784.7) bottom=(1712.7,798.3) headPx=14.7 projected=1
2026.10.01-18.46.02 SHOT head fighter=f-1-sk0 socket=Head mesh=SK_Merlin_H2LD world=(158.9,49.1,36.7) screen=(1767.3,637.8) top=(1770.1,630.7) bottom=(1764.5,644.8) headPx=15.1 projected=1
2026.10.01-18.46.02 SHOT selection fighter=f-0-hero ownCell=(2,2) legal=20 destinations=19 ownCellExcluded=1 plateFighter=none
2026.10.01-18.46.02 SHOT reachable fighter=f-0-hero n=19 cells=(0,0)(1,0)(2,0)(3,0)(4,0)(0,1)(1,1)(2,1)(3,1)(4,1)(5,1)(3,2)(2,3)(0,4)(1,4)(2,4)(3,4)(4,4)(1,5)
2026.10.01-18.46.02 SHOT figure fighter=f-0-hero bbox=(899,459,1021,622) ringR=28.50 art=1 blockout=0 team=P1 look=P1 ring=1
2026.10.01-18.46.02 SHOT figure fighter=f-0-sk0 bbox=(715,564,817,691) ringR=22.23 art=1 blockout=0 team=P1 look=P1 ring=1
2026.10.01-18.46.02 SHOT figure fighter=f-0-sk1 bbox=(529,502,637,628) ringR=22.23 art=1 blockout=0 team=P1 look=P1 ring=1
2026.10.01-18.46.02 SHOT figure fighter=f-0-sk2 bbox=(521,669,633,799) ringR=22.23 art=1 blockout=0 team=P1 look=P1 ring=1
2026.10.01-18.46.02 SHOT figure fighter=f-1-hero bbox=(1624,727,1795,904) ringR=28.50 art=1 blockout=0 team=P2 look=P2 ring=1
2026.10.01-18.46.02 SHOT figure fighter=f-1-sk0 bbox=(1698,588,1830,725) ringR=22.23 art=1 blockout=0 team=P2 look=P2 ring=1
2026.10.01-18.46.02 SHOT request file=bench-K2x1p6-1920x1080.png frame=6991
2026.10.01-18.46.02 SHOT requested: FScreenshotRequest(bShowUI) -> C:\tmp\envmaps-research\p7\tune\runs\f3-sarp/bench-K2x1p6-1920x1080.png
2026.10.01-18.46.03 SHOT captured file=bench-K2x1p6-1920x1080.png frame=6991 px=1920x1080 sha256=08320763b9f9181adedf608bbeed98fbe3a3e90cad84441f7befb53d50f4acb5 order=BGRA saved=1
2026.10.01-18.46.03 SHOT late begin file=bench-K2x1p6-1920x1080.png frame=6991 requestFrame=6991
2026.10.01-18.46.03 SHOT iconstate visible=0 lastFighter=none frame=6991
2026.10.01-18.46.03 SHOT panel id=hud.command bbox=(0,0,20,20) geom=painted visible=1 frame=6991
2026.10.01-18.46.03 SHOT panel id=hud.side bbox=(1884,0,1920,28) geom=painted visible=1 frame=6991
2026.10.01-18.46.03 SHOT panel id=hud.hand bbox=(950,1060,970,1080) geom=painted visible=1 frame=6991
2026.10.01-18.46.03 SHOT label fighter=f-0-hero mode=full bbox=(924,468,996,497) frame=6991
2026.10.01-18.46.03 SHOT label fighter=f-0-sk0 mode=full bbox=(722,573,804,598) frame=6991
2026.10.01-18.46.03 SHOT label fighter=f-0-sk1 mode=full bbox=(534,510,618,534) frame=6991
2026.10.01-18.46.03 SHOT label fighter=f-0-sk2 mode=full bbox=(526,681,613,704) frame=6991
2026.10.01-18.46.03 SHOT label fighter=f-1-hero mode=full bbox=(1682,755,1772,778) frame=6991
2026.10.01-18.46.03 SHOT label fighter=f-1-sk0 mode=full bbox=(1744,605,1813,631) frame=6991
2026.10.01-18.46.03 SHOT late end file=bench-K2x1p6-1920x1080.png frame=6991
2026.10.01-18.46.03 BENCH shot view=K2x1.6 saved=1 path=C:\tmp\envmaps-research\p7\tune\runs\f3-sarp/bench-K2x1p6-1920x1080.png
2026.10.01-18.46.03 BENCH view=K1x1.6 centred zoom=1.60 target=1462.6 fit=1872.2 clamp=0
2026.10.01-18.46.03 BENCH view=K1x1.6 camera settled=1 dist=1462.6 target=1462.6 zoom=1.60
2026.10.01-18.46.14 BENCH measure view=K1x1.6 window=5.0 frames=300 fps=60.00 frameMs avg=16.67 p50=16.67 p95=16.67 p99=16.67 max=16.76 hitches50=0 gpuMs avg=4.69 p50=4.73 p95=4.79 gameMs avg=1.05 p95=1.16 renderMs avg=2.73 p95=3.07
2026.10.01-18.46.14 RENDER tag=BENCH rhi=D3D12 featureLevel=SM6 shaderPlatform=PCD3D_SM6 lumenPlatform=1 gi=lumen giMethod=1 refl=lumen reflMethod=1 shadows=csm vsmEnable=0 sg.res=100 sg.view=2 sg.aa=2 sg.shadow=2 sg.gi=2 sg.refl=2 sg.pp=2 sg.tex=2 sg.fx=2 sg.foliage=2 sg.shading=2 sg.landscape=2 preset=High screenPct=100.0 screenPctMode=0 aa=TSR aaMethod=4 exposure=fixed-histogram expMin=4.14106 expMax=4.14106 expBias=0.000 ev100=2.05 lightUnits=candelas sky=1 skyIntensity=3.000 keyShadow=csm-3600uu-2c-contact0.000 shadowCasters=1 profile=sarpedon-night profilesSha256=6dc72c345fec3e24e051ef2b2aa6d087dcf31c1adb568ab4c99dbc3b27855b20 profilesSource=pak legacyRender=0 gameLayer=unlit-eyeadaptinv tMaxFPS=60.0 vsync=0 frameRateLimit=60.0 substrate=0 nanite=1 meshDF=1 viewport=1920x1080 reference=1
2026.10.01-18.46.17 SHOT ctx viewport=1920x1080 viewTarget=CameraActor_0 cam=(0,839,1198) rot=(-55,-90,-0)
2026.10.01-18.46.17 RENDER tag=SHOT rhi=D3D12 featureLevel=SM6 shaderPlatform=PCD3D_SM6 lumenPlatform=1 gi=lumen giMethod=1 refl=lumen reflMethod=1 shadows=csm vsmEnable=0 sg.res=100 sg.view=2 sg.aa=2 sg.shadow=2 sg.gi=2 sg.refl=2 sg.pp=2 sg.tex=2 sg.fx=2 sg.foliage=2 sg.shading=2 sg.landscape=2 preset=High screenPct=100.0 screenPctMode=0 aa=TSR aaMethod=4 exposure=fixed-histogram expMin=4.14106 expMax=4.14106 expBias=0.000 ev100=2.05 lightUnits=candelas sky=1 skyIntensity=3.000 keyShadow=csm-3600uu-2c-contact0.000 shadowCasters=1 profile=sarpedon-night profilesSha256=6dc72c345fec3e24e051ef2b2aa6d087dcf31c1adb568ab4c99dbc3b27855b20 profilesSource=pak legacyRender=0 gameLayer=unlit-eyeadaptinv tMaxFPS=60.0 vsync=0 frameRateLimit=60.0 substrate=0 nanite=1 meshDF=1 viewport=1920x1080 reference=1
2026.10.01-18.46.17 SHOT fighter f-0-hero pos=(2,2) world=(-218,-13,0) screen=(509,519) projected=1 alive=1
2026.10.01-18.46.17 SHOT fighter f-0-sk0 pos=(1,3) world=(-309,33,0) screen=(308,598) projected=1 alive=1
2026.10.01-18.46.17 SHOT fighter f-0-sk1 pos=(0,2) world=(-398,-3,0) screen=(132,535) projected=1 alive=1
2026.10.01-18.46.17 SHOT fighter f-0-sk2 pos=(0,3) world=(-394,92,0) screen=(108,703) projected=1 alive=1
2026.10.01-18.46.17 SHOT fighter f-1-hero pos=(5,4) world=(119,141,0) screen=(1222,794) projected=1 alive=1
2026.10.01-18.46.17 SHOT fighter f-1-sk0 pos=(6,3) world=(159,52,0) screen=(1298,630) projected=1 alive=1
2026.10.01-18.46.17 SHOT camera dist=1462.6 target=1462.6 overview=2340.2 errPct=0.000 focusErr=0.00 settled=1 zoom=1.60
2026.10.01-18.46.17 SHOT head fighter=f-0-hero socket=Head mesh=SK_Medusa_H2LD world=(-217.7,-11.4,47.1) screen=(496.6,462.7) top=(495.0,455.1) bottom=(498.2,470.3) headPx=15.5 projected=1
2026.10.01-18.46.17 SHOT head fighter=f-0-sk0 socket=Head mesh=SK_Harpy_H3LD world=(-308.3,28.0,34.0) screen=(298.4,547.5) top=(296.1,540.1) bottom=(300.6,554.8) headPx=15.4 projected=1
2026.10.01-18.46.17 SHOT head fighter=f-0-sk1 socket=Head mesh=SK_Harpy_H3LD world=(-398.5,2.6,33.9) screen=(113.4,503.2) top=(110.5,495.7) bottom=(116.3,510.6) headPx=16.0 projected=1
2026.10.01-18.46.17 SHOT head fighter=f-0-sk2 socket=Head mesh=SK_Harpy_H3LD world=(-394.3,86.8,34.2) screen=(93.0,653.2) top=(90.0,646.0) bottom=(96.1,660.3) headPx=15.6 projected=1
2026.10.01-18.46.17 SHOT head fighter=f-1-hero socket=Head mesh=SK_KingArthur_H2LD world=(119.5,140.1,50.1) screen=(1231.4,735.3) top=(1232.4,728.1) bottom=(1230.4,742.3) headPx=14.3 projected=1
2026.10.01-18.46.17 SHOT head fighter=f-1-sk0 socket=Head mesh=SK_Merlin_H2LD world=(159.1,49.1,36.7) screen=(1305.0,581.5) top=(1306.2,574.2) bottom=(1303.8,588.8) headPx=14.8 projected=1
2026.10.01-18.46.17 SHOT figure fighter=f-0-hero bbox=(428,402,572,567) ringR=28.50 art=1 blockout=0 team=P1 look=P1 ring=1
2026.10.01-18.46.17 SHOT figure fighter=f-0-sk0 bbox=(238,508,360,637) ringR=22.23 art=1 blockout=0 team=P1 look=P1 ring=1
2026.10.01-18.46.17 SHOT figure fighter=f-0-sk1 bbox=(56,446,185,574) ringR=22.23 art=1 blockout=0 team=P1 look=P1 ring=1
2026.10.01-18.46.17 SHOT figure fighter=f-0-sk2 bbox=(29,613,164,744) ringR=22.23 art=1 blockout=0 team=P1 look=P1 ring=1
2026.10.01-18.46.17 SHOT figure fighter=f-1-hero bbox=(1157,670,1301,849) ringR=28.50 art=1 blockout=0 team=P2 look=P2 ring=1
2026.10.01-18.46.17 SHOT figure fighter=f-1-sk0 bbox=(1248,531,1360,670) ringR=22.23 art=1 blockout=0 team=P2 look=P2 ring=1
2026.10.01-18.46.17 SHOT request file=bench-K1x1p6-1920x1080.png frame=7846
2026.10.01-18.46.17 SHOT requested: FScreenshotRequest(bShowUI) -> C:\tmp\envmaps-research\p7\tune\runs\f3-sarp/bench-K1x1p6-1920x1080.png
2026.10.01-18.46.17 SHOT captured file=bench-K1x1p6-1920x1080.png frame=7846 px=1920x1080 sha256=7181ab5d914a1b35d0ef1c1285afa0db7a4526a0d0ae9e678e73792ad015f35a order=BGRA saved=1
2026.10.01-18.46.17 SHOT late begin file=bench-K1x1p6-1920x1080.png frame=7846 requestFrame=7846
2026.10.01-18.46.17 SHOT iconstate visible=0 lastFighter=none frame=7846
2026.10.01-18.46.17 SHOT panel id=hud.command bbox=(0,0,20,20) geom=painted visible=1 frame=7846
2026.10.01-18.46.17 SHOT panel id=hud.side bbox=(1884,0,1920,28) geom=painted visible=1 frame=7846
2026.10.01-18.46.17 SHOT panel id=hud.hand bbox=(950,1060,970,1080) geom=painted visible=1 frame=7846
2026.10.01-18.46.17 SHOT label fighter=f-0-hero mode=full bbox=(450,409,529,439) frame=7846
2026.10.01-18.46.17 SHOT label fighter=f-0-sk0 mode=full bbox=(242,515,331,541) frame=7846
2026.10.01-18.46.17 SHOT label fighter=f-0-sk1 mode=full bbox=(59,452,149,478) frame=7846
2026.10.01-18.46.17 SHOT label fighter=f-0-sk2 mode=full bbox=(32,623,126,648) frame=7846
2026.10.01-18.46.17 SHOT label fighter=f-1-hero mode=full bbox=(1192,696,1277,720) frame=7846
2026.10.01-18.46.17 SHOT label fighter=f-1-sk0 mode=full bbox=(1277,547,1341,574) frame=7846
2026.10.01-18.46.17 SHOT late end file=bench-K1x1p6-1920x1080.png frame=7846
2026.10.01-18.46.17 BENCH shot view=K1x1.6 saved=1 path=C:\tmp\envmaps-research\p7\tune\runs\f3-sarp/bench-K1x1p6-1920x1080.png
2026.10.01-18.46.17 ARTPREVIEW selection ring shown fighter=Medusa mesh=SM_Marker_SelectionRing
2026.10.01-18.46.17 ARTPREVIEW reachable rings cells=19 placed=1 radiusUU=36 segments=48 style=readability color=#FFC857 stroke=#14110C widthUU=3.50 strokeUU=1.50
2026.10.01-18.46.17 BENCH view=K2x2.5 focus hero=f-0-hero zoom=2.50 target=936.1 clamp=0
2026.10.01-18.46.17 BENCH view=K2x2.5 camera settled=1 dist=936.1 target=936.1 zoom=2.50
2026.10.01-18.46.28 BENCH measure view=K2x2.5 window=5.0 frames=301 fps=60.00 frameMs avg=16.67 p50=16.67 p95=16.67 p99=16.67 max=16.67 hitches50=0 gpuMs avg=5.28 p50=4.76 p95=8.75 gameMs avg=1.07 p95=1.16 renderMs avg=2.78 p95=3.02
2026.10.01-18.46.28 RENDER tag=BENCH rhi=D3D12 featureLevel=SM6 shaderPlatform=PCD3D_SM6 lumenPlatform=1 gi=lumen giMethod=1 refl=lumen reflMethod=1 shadows=csm vsmEnable=0 sg.res=100 sg.view=2 sg.aa=2 sg.shadow=2 sg.gi=2 sg.refl=2 sg.pp=2 sg.tex=2 sg.fx=2 sg.foliage=2 sg.shading=2 sg.landscape=2 preset=High screenPct=100.0 screenPctMode=0 aa=TSR aaMethod=4 exposure=fixed-histogram expMin=4.14106 expMax=4.14106 expBias=0.000 ev100=2.05 lightUnits=candelas sky=1 skyIntensity=3.000 keyShadow=csm-3600uu-2c-contact0.000 shadowCasters=1 profile=sarpedon-night profilesSha256=6dc72c345fec3e24e051ef2b2aa6d087dcf31c1adb568ab4c99dbc3b27855b20 profilesSource=pak legacyRender=0 gameLayer=unlit-eyeadaptinv tMaxFPS=60.0 vsync=0 frameRateLimit=60.0 substrate=0 nanite=1 meshDF=1 viewport=1920x1080 reference=1
2026.10.01-18.46.31 SHOT ctx viewport=1920x1080 viewTarget=CameraActor_0 cam=(-218,524,795) rot=(-55,-90,-0)
2026.10.01-18.46.31 RENDER tag=SHOT rhi=D3D12 featureLevel=SM6 shaderPlatform=PCD3D_SM6 lumenPlatform=1 gi=lumen giMethod=1 refl=lumen reflMethod=1 shadows=csm vsmEnable=0 sg.res=100 sg.view=2 sg.aa=2 sg.shadow=2 sg.gi=2 sg.refl=2 sg.pp=2 sg.tex=2 sg.fx=2 sg.foliage=2 sg.shading=2 sg.landscape=2 preset=High screenPct=100.0 screenPctMode=0 aa=TSR aaMethod=4 exposure=fixed-histogram expMin=4.14106 expMax=4.14106 expBias=0.000 ev100=2.05 lightUnits=candelas sky=1 skyIntensity=3.000 keyShadow=csm-3600uu-2c-contact0.000 shadowCasters=1 profile=sarpedon-night profilesSha256=6dc72c345fec3e24e051ef2b2aa6d087dcf31c1adb568ab4c99dbc3b27855b20 profilesSource=pak legacyRender=0 gameLayer=unlit-eyeadaptinv tMaxFPS=60.0 vsync=0 frameRateLimit=60.0 substrate=0 nanite=1 meshDF=1 viewport=1920x1080 reference=1
2026.10.01-18.46.31 SHOT fighter f-0-hero pos=(2,2) world=(-218,-13,0) screen=(960,591) projected=1 alive=1
2026.10.01-18.46.31 SHOT fighter f-0-sk0 pos=(1,3) world=(-309,33,0) screen=(662,715) projected=1 alive=1
2026.10.01-18.46.31 SHOT fighter f-0-sk1 pos=(0,2) world=(-398,-3,0) screen=(383,617) projected=1 alive=1
2026.10.01-18.46.31 SHOT fighter f-0-sk2 pos=(0,3) world=(-394,92,0) screen=(362,885) projected=1 alive=1
2026.10.01-18.46.31 SHOT fighter f-1-hero pos=(5,4) world=(119,141,0) screen=(2137,1035) projected=1 alive=1
2026.10.01-18.46.31 SHOT fighter f-1-sk0 pos=(6,3) world=(159,52,0) screen=(2203,767) projected=1 alive=1
2026.10.01-18.46.31 SHOT camera dist=936.1 target=936.1 overview=2340.2 errPct=0.000 focusErr=0.00 settled=1 zoom=2.50
2026.10.01-18.46.31 SHOT head fighter=f-0-hero socket=Head mesh=SK_Medusa_H2LD world=(-218.4,-11.6,47.0) screen=(957.6,506.6) top=(957.6,495.0) bottom=(957.6,518.2) headPx=23.1 projected=1
2026.10.01-18.46.31 SHOT head fighter=f-0-sk0 socket=Head mesh=SK_Harpy_H3LD world=(-308.8,28.0,33.9) screen=(654.2,640.4) top=(652.6,629.3) bottom=(655.9,651.3) headPx=22.2 projected=1
2026.10.01-18.46.31 SHOT head fighter=f-0-sk1 socket=Head mesh=SK_Harpy_H3LD world=(-398.3,2.6,34.1) screen=(363.7,569.8) top=(360.5,558.5) bottom=(366.9,581.0) headPx=23.3 projected=1
2026.10.01-18.46.31 SHOT head fighter=f-0-sk2 socket=Head mesh=SK_Harpy_H3LD world=(-393.8,87.0,34.3) screen=(346.3,812.0) top=(342.8,801.5) bottom=(349.7,822.4) headPx=22.0 projected=1
2026.10.01-18.46.31 SHOT head fighter=f-1-hero socket=Head mesh=SK_KingArthur_H2LD world=(119.2,140.9,50.1) screen=(2195.9,955.0) top=(2203.2,944.7) bottom=(2188.6,965.1) headPx=25.1 projected=1
2026.10.01-18.46.31 SHOT head fighter=f-1-sk0 socket=Head mesh=SK_Merlin_H2LD world=(159.2,48.8,36.5) screen=(2243.8,694.8) top=(2250.9,683.8) bottom=(2236.8,705.6) headPx=25.9 projected=1
2026.10.01-18.46.31 SHOT selection fighter=f-0-hero ownCell=(2,2) legal=20 destinations=19 ownCellExcluded=1 plateFighter=none
2026.10.01-18.46.31 SHOT reachable fighter=f-0-hero n=19 cells=(0,0)(1,0)(2,0)(3,0)(4,0)(0,1)(1,1)(2,1)(3,1)(4,1)(5,1)(3,2)(2,3)(0,4)(1,4)(2,4)(3,4)(4,4)(1,5)
2026.10.01-18.46.31 SHOT figure fighter=f-0-hero bbox=(863,413,1057,667) ringR=28.50 art=1 blockout=0 team=P1 look=P1 ring=1
2026.10.01-18.46.31 SHOT figure fighter=f-0-sk0 bbox=(570,578,737,778) ringR=22.23 art=1 blockout=0 team=P1 look=P1 ring=1
2026.10.01-18.46.31 SHOT figure fighter=f-0-sk1 bbox=(278,481,461,677) ringR=22.23 art=1 blockout=0 team=P1 look=P1 ring=1
2026.10.01-18.46.31 SHOT figure fighter=f-0-sk2 bbox=(249,746,444,952) ringR=22.23 art=1 blockout=0 team=P1 look=P1 ring=1
2026.10.01-18.46.31 SHOT figure fighter=f-1-hero bbox=(2017,845,2340,1128) ringR=28.50 art=1 blockout=0 team=P2 look=P2 ring=1
2026.10.01-18.46.31 SHOT figure fighter=f-1-sk0 bbox=(2114,616,2357,832) ringR=22.23 art=1 blockout=0 team=P2 look=P2 ring=1
2026.10.01-18.46.31 SHOT request file=bench-K2x2p5-1920x1080.png frame=8703
2026.10.01-18.46.31 SHOT requested: FScreenshotRequest(bShowUI) -> C:\tmp\envmaps-research\p7\tune\runs\f3-sarp/bench-K2x2p5-1920x1080.png
2026.10.01-18.46.32 SHOT captured file=bench-K2x2p5-1920x1080.png frame=8703 px=1920x1080 sha256=43f56030a56b5669e71e87ba36f84dc1b5cf2d68790acd7b21ea9bcafad41dd9 order=BGRA saved=1
2026.10.01-18.46.32 SHOT late begin file=bench-K2x2p5-1920x1080.png frame=8703 requestFrame=8703
2026.10.01-18.46.32 SHOT iconstate visible=0 lastFighter=none frame=8703
2026.10.01-18.46.32 SHOT panel id=hud.command bbox=(0,0,20,20) geom=painted visible=1 frame=8703
2026.10.01-18.46.32 SHOT panel id=hud.side bbox=(1884,0,1920,28) geom=painted visible=1 frame=8703
2026.10.01-18.46.32 SHOT panel id=hud.hand bbox=(950,1060,970,1080) geom=painted visible=1 frame=8703
2026.10.01-18.46.32 SHOT label fighter=f-0-hero mode=full bbox=(923,441,997,474) frame=8703
2026.10.01-18.46.32 SHOT label fighter=f-0-sk0 mode=full bbox=(604,609,691,637) frame=8703
2026.10.01-18.46.32 SHOT label fighter=f-0-sk1 mode=full bbox=(312,508,400,537) frame=8703
2026.10.01-18.46.32 SHOT label fighter=f-0-sk2 mode=full bbox=(285,784,379,810) frame=8703
2026.10.01-18.46.32 SHOT label fighter=f-1-hero mode=full bbox=(2167,908,2272,933) frame=8703
2026.10.01-18.46.32 SHOT label fighter=f-1-sk0 mode=full bbox=(2223,661,2304,690) frame=8703
2026.10.01-18.46.32 SHOT late end file=bench-K2x2p5-1920x1080.png frame=8703
2026.10.01-18.46.32 BENCH shot view=K2x2.5 saved=1 path=C:\tmp\envmaps-research\p7\tune\runs\f3-sarp/bench-K2x2p5-1920x1080.png
2026.10.01-18.46.32 BENCH done views=6 elapsed=147.1
2026.10.01-18.46.32 --- S08 trace close ---
