00:00.532  blend            | Read blend: "C:\Users\ren\WebstormProjects\unmached\unmached\art\pipeline-candidates\ASSET-HARPY-001\20260929-h3-bake\work\h2-candidate.blend"
C:\Users\ren\WebstormProjects\unmached\unmached\tools\tripo-pipeline\blender\h2_bake_harpy\lookdev_review.py:90: DeprecationWarning: 'Material.use_nodes' is expected to be removed in Blender 6.0
  m.use_nodes = True
C:\Users\ren\WebstormProjects\unmached\unmached\tools\tripo-pipeline\blender\h2_bake_harpy\lookdev_review.py:115: DeprecationWarning: 'Material.use_nodes' is expected to be removed in Blender 6.0
  m.use_nodes = True
00:04.016  render           | Saved: 'C:\Users\ren\WebstormProjects\unmached\unmached\art\pipeline-candidates\ASSET-HARPY-001\20260929-h3-lookdev\work\ld-frames\concept_front.png'
00:04.235  render           | Saved: 'C:\Users\ren\WebstormProjects\unmached\unmached\art\pipeline-candidates\ASSET-HARPY-001\20260929-h3-lookdev\work\ld-frames\id_concept_front.png'
00:04.532  render           | Saved: 'C:\Users\ren\WebstormProjects\unmached\unmached\art\pipeline-candidates\ASSET-HARPY-001\20260929-h3-lookdev\work\ld-frames\concept_side.png'
00:04.703  render           | Saved: 'C:\Users\ren\WebstormProjects\unmached\unmached\art\pipeline-candidates\ASSET-HARPY-001\20260929-h3-lookdev\work\ld-frames\id_concept_side.png'
00:05.000  render           | Saved: 'C:\Users\ren\WebstormProjects\unmached\unmached\art\pipeline-candidates\ASSET-HARPY-001\20260929-h3-lookdev\work\ld-frames\concept_back.png'
00:05.172  render           | Saved: 'C:\Users\ren\WebstormProjects\unmached\unmached\art\pipeline-candidates\ASSET-HARPY-001\20260929-h3-lookdev\work\ld-frames\id_concept_back.png'
00:05.953  render           | Saved: 'C:\Users\ren\WebstormProjects\unmached\unmached\art\pipeline-candidates\ASSET-HARPY-001\20260929-h3-lookdev\work\ld-frames\h3orm_concept_front.png'
00:06.266  render           | Saved: 'C:\Users\ren\WebstormProjects\unmached\unmached\art\pipeline-candidates\ASSET-HARPY-001\20260929-h3-lookdev\work\ld-frames\close_talons_3q.png'
00:06.625  render           | Saved: 'C:\Users\ren\WebstormProjects\unmached\unmached\art\pipeline-candidates\ASSET-HARPY-001\20260929-h3-lookdev\work\ld-frames\k2_5x_az000.png'
00:07.016  render           | Saved: 'C:\Users\ren\WebstormProjects\unmached\unmached\art\pipeline-candidates\ASSET-HARPY-001\20260929-h3-lookdev\work\ld-frames\k2_5x_az040.png'
00:07.360  render           | Saved: 'C:\Users\ren\WebstormProjects\unmached\unmached\art\pipeline-candidates\ASSET-HARPY-001\20260929-h3-lookdev\work\ld-frames\k2_5x_az180.png'
C:\Users\ren\WebstormProjects\unmached\unmached\tools\tripo-pipeline\blender\h2_bake_harpy\lookdev_review.py:174: DeprecationWarning: 'World.use_nodes' is expected to be removed in Blender 6.0
  w.use_nodes = True
C:\Users\ren\WebstormProjects\unmached\unmached\tools\tripo-pipeline\blender\h2_bake_harpy\lookdev_review.py:204: DeprecationWarning: 'Material.use_nodes' is expected to be removed in Blender 6.0
  bm.use_nodes = True
00:08.188  render           | Saved: 'C:\Users\ren\WebstormProjects\unmached\unmached\art\pipeline-candidates\ASSET-HARPY-001\20260929-h3-lookdev\work\cobble-calibration\k1_board_lo.png'
00:08.797  render           | Saved: 'C:\Users\ren\WebstormProjects\unmached\unmached\art\pipeline-candidates\ASSET-HARPY-001\20260929-h3-lookdev\work\cobble-calibration\k1_board_hi.png'
00:09.344  render           | Saved: 'C:\Users\ren\WebstormProjects\unmached\unmached\art\pipeline-candidates\ASSET-HARPY-001\20260929-h3-lookdev\work\cobble-calibration\k1_board_i00.png'
00:09.953  render           | Saved: 'C:\Users\ren\WebstormProjects\unmached\unmached\art\pipeline-candidates\ASSET-HARPY-001\20260929-h3-lookdev\work\cobble-calibration\k1_board_final.png'
LD_COBBLE_CALIBRATION offset -1.0000 -> p50 131.00
00:10.578  render           | Saved: 'C:\Users\ren\WebstormProjects\unmached\unmached\art\pipeline-candidates\ASSET-HARPY-001\20260929-h3-lookdev\work\ld-frames\cobble_k2_5x_az000_none.png'
00:11.125  render           | Saved: 'C:\Users\ren\WebstormProjects\unmached\unmached\art\pipeline-candidates\ASSET-HARPY-001\20260929-h3-lookdev\work\ld-frames\cobble_k2_5x_az040_none.png'
00:11.625  render           | Saved: 'C:\Users\ren\WebstormProjects\unmached\unmached\art\pipeline-candidates\ASSET-HARPY-001\20260929-h3-lookdev\work\ld-frames\cobble_k2_5x_az180_none.png'
00:12.047  render           | Saved: 'C:\Users\ren\WebstormProjects\unmached\unmached\art\pipeline-candidates\ASSET-HARPY-001\20260929-h3-lookdev\work\ld-frames\cobble_close_talons_3q_none.png'
00:12.672  render           | Saved: 'C:\Users\ren\WebstormProjects\unmached\unmached\art\pipeline-candidates\ASSET-HARPY-001\20260929-h3-lookdev\work\ld-frames\cobble_k2_5x_az000_P1.png'
00:13.219  render           | Saved: 'C:\Users\ren\WebstormProjects\unmached\unmached\art\pipeline-candidates\ASSET-HARPY-001\20260929-h3-lookdev\work\ld-frames\cobble_k2_5x_az040_P1.png'
00:13.735  render           | Saved: 'C:\Users\ren\WebstormProjects\unmached\unmached\art\pipeline-candidates\ASSET-HARPY-001\20260929-h3-lookdev\work\ld-frames\cobble_k2_5x_az180_P1.png'
00:14.141  render           | Saved: 'C:\Users\ren\WebstormProjects\unmached\unmached\art\pipeline-candidates\ASSET-HARPY-001\20260929-h3-lookdev\work\ld-frames\cobble_close_talons_3q_P1.png'
00:14.750  render           | Saved: 'C:\Users\ren\WebstormProjects\unmached\unmached\art\pipeline-candidates\ASSET-HARPY-001\20260929-h3-lookdev\work\ld-frames\cobble_k2_5x_az000_P2.png'
00:15.297  render           | Saved: 'C:\Users\ren\WebstormProjects\unmached\unmached\art\pipeline-candidates\ASSET-HARPY-001\20260929-h3-lookdev\work\ld-frames\cobble_k2_5x_az040_P2.png'
00:15.688  render           | Saved: 'C:\Users\ren\WebstormProjects\unmached\unmached\art\pipeline-candidates\ASSET-HARPY-001\20260929-h3-lookdev\work\ld-frames\cobble_close_talons_3q_P2.png'
00:16.250  render           | Saved: 'C:\Users\ren\WebstormProjects\unmached\unmached\art\pipeline-candidates\ASSET-HARPY-001\20260929-h3-lookdev\work\ld-frames\h3orm_cobble_k2_5x_az000.png'
00:16.625  render           | Saved: 'C:\Users\ren\WebstormProjects\unmached\unmached\art\pipeline-candidates\ASSET-HARPY-001\20260929-h3-lookdev\work\ld-frames\h3orm_cobble_close_talons_3q.png'
00:17.000  render           | Saved: 'C:\Users\ren\WebstormProjects\unmached\unmached\art\pipeline-candidates\ASSET-HARPY-001\20260929-h3-lookdev\work\ld-frames\cobble_mask_body_k2_5x_az000.png'
H2_BAKE_STAGE_OK ld_review 26
Blender 5.2.2 LTS (hash d13f752e3b9c built 2026-09-15 01:37:04)

Blender quit
