2026.09.30-16.19.50 --- S08 trace open 2026.09.30-16.19.50 ---
2026.09.30-16.19.50 HUD team chips ready=1 mode=absolute tagNames=rule
2026.09.30-16.19.50 HUD icon texture size=32 ready=1 path=/Game/ArtTests/ARTMarkers/Textures/T_UI_Action_AttackToken_32 texture=32x32 probe=0 plate=1
2026.09.30-16.19.50 HUD art widget tag impl=umg source=/Game/S08/UI/ArtHud/WBP_S08ArtTag class=/Game/S08/UI/ArtHud/WBP_S08ArtTag.WBP_S08ArtTag_C count=8 missing=- codeDefaultTree=0
2026.09.30-16.19.50 HUD art widget plate impl=umg source=/Game/S08/UI/ArtHud/WBP_S08ArtPlate class=/Game/S08/UI/ArtHud/WBP_S08ArtPlate.WBP_S08ArtPlate_C parts=1 missing=- codeDefaultTree=0
2026.09.30-16.19.50 HUD art widget icon impl=umg source=/Game/S08/UI/ArtHud/WBP_S08ArtIcon class=/Game/S08/UI/ArtHud/WBP_S08ArtIcon.WBP_S08ArtIcon_C parts=1 missing=- codeDefaultTree=0
2026.09.30-16.19.50 HUD art widget damage impl=umg source=/Game/S08/UI/ArtHud/WBP_S08ArtDamage class=/Game/S08/UI/ArtHud/WBP_S08ArtDamage.WBP_S08ArtDamage_C parts=1 missing=- codeDefaultTree=0
2026.09.30-16.19.50 RENDER preset applied=High flag=S08RenderPreset
2026.09.30-16.19.50 LOGIN ok user=art-preview-joiner
2026.09.30-16.19.53 HEROES loaded 84
2026.09.30-16.19.53 CODE resolved -> cmuob9i2b00w3wircasq9u2h1
2026.09.30-16.19.53 joinGame -> room=cmuob9i2b00w3wircasq9u2h1 code=<redacted> status=LOBBY
2026.09.30-16.19.55 PERF config tMaxFPS=30.0 frameRateLimit=60.0 vsync=0 smoothFrameRate=0 fixedFrameRate=0 rhi=D3D12
2026.09.30-16.19.55 RENDER tag=PERF rhi=D3D12 featureLevel=SM6 shaderPlatform=PCD3D_SM6 lumenPlatform=1 gi=lumen giMethod=1 refl=lumen reflMethod=1 shadows=csm vsmEnable=0 sg.res=100 sg.view=2 sg.aa=2 sg.shadow=2 sg.gi=2 sg.refl=2 sg.pp=2 sg.tex=2 sg.fx=2 sg.foliage=2 sg.shading=2 sg.landscape=2 preset=High screenPct=100.0 screenPctMode=0 aa=TSR aaMethod=4 exposure=engine-default expMin=1.00000 expMax=1.00000 expBias=1.000 ev100=0.00 lightUnits=- sky=0 skyIntensity=0.000 keyShadow=- shadowCasters=0 profile=- profilesSha256=- profilesSource=- legacyRender=0 gameLayer=unlit-eyeadaptinv tMaxFPS=30.0 vsync=0 frameRateLimit=60.0 substrate=0 nanite=1 meshDF=1 viewport=1920x1080 reference=0 notReference=noArtProfile,exposure,lightUnits,profilesSource
2026.09.30-16.19.55 PERF window t=0.0-5.0 frames=151 fps=29.94 frameMs avg=33.40 p50=33.33 p95=33.33 p99=34.28 max=42.57 hitches50=0 gpuMs avg=1.30 p50=1.35 p95=1.43 gameMs avg=1.58 p95=2.18 renderMs avg=2849.19 p95=4.08
2026.09.30-16.19.56 game -> room=cmuob9i2b00w3wircasq9u2h1 code=<redacted> status=LOBBY
2026.09.30-16.19.56 selectHero -> room=cmuob9i2b00w3wircasq9u2h1 code=<redacted> status=LOBBY
2026.09.30-16.19.59 game -> room=cmuob9i2b00w3wircasq9u2h1 code=<redacted> status=LOBBY
2026.09.30-16.19.59 toggleReady -> room=cmuob9i2b00w3wircasq9u2h1 code=<redacted> status=LOBBY
2026.09.30-16.20.00 PERF window t=5.0-10.0 frames=150 fps=30.00 frameMs avg=33.33 p50=33.33 p95=33.33 p99=33.34 max=33.34 hitches50=0 gpuMs avg=1.38 p50=1.37 p95=1.44 gameMs avg=1.32 p95=1.55 renderMs avg=2.40 p95=2.88
2026.09.30-16.20.02 game -> room=cmuob9i2b00w3wircasq9u2h1 code=<redacted> status=LOBBY
2026.09.30-16.20.05 PERF window t=10.0-15.0 frames=150 fps=30.00 frameMs avg=33.33 p50=33.33 p95=33.33 p99=33.34 max=33.34 hitches50=0 gpuMs avg=1.32 p50=1.32 p95=1.40 gameMs avg=1.32 p95=1.52 renderMs avg=2.47 p95=3.09
2026.09.30-16.20.05 game -> room=cmuob9i2b00w3wircasq9u2h1 code=<redacted> status=IN_PROGRESS
2026.09.30-16.20.05 WS DROPPED (test-initiated transport loss)
2026.09.30-16.20.05 WS closed (test drop) - reconnect in 1s
2026.09.30-16.20.05 SNAPSHOT applied seq=1 phase=ACTION_MANEUVER
2026.09.30-16.20.05 HANDLE_APPLIED #1 seq=1 decision=2 fightersValid=1 boardValid=1
2026.09.30-16.20.05 MODE seq=1 mode=0 combat=0 pending=0
2026.09.30-16.20.05 HUD seq=1 phase=ACTION_MANEUVER turn=opp hand=5 oppHand=5(hidden) oppDeck=25 deck=25 discard=0
2026.09.30-16.20.05 ARTPREVIEW diorama requested mesh=/Game/PipelineCandidates/TableBase/20260928-table-base-tripo-h31/Meshes/SM_TableBase.SM_TableBase mi=MI_TableBase_Candidate
2026.09.30-16.20.05 ARTPREVIEW board profiles loaded=1 revision=5 boards=3 zoneStyles=11 lightProfiles=3 errors=0 path=Config/ArtBoards/S08ArtBoardProfiles.json
2026.09.30-16.20.05 ARTPREVIEW board profiles source=pak sha256=1ecc1e9281845655acf8b31f1dcf52a7510abfc8ba8505525ad72ee8f4ce3c4c
2026.09.30-16.20.05 ARTPREVIEW zone content instances=12/12 glyphMeshes=11/11
2026.09.30-16.20.05 ARTPREVIEW zone keyline content mi=MI_ART005_Zone_Keyline glyphKeyMeshes=11/11 color=#111317
2026.09.30-16.20.05 ARTPREVIEW game layer material=M_S08_GameLayerUnlit unlitEyeAdaptInv=1 legacyRender=0
2026.09.30-16.20.05 ARTPREVIEW Cobble assets ready
2026.09.30-16.20.05 ARTPREVIEW board assets ready cobbleMesh=1 tiles=1 zoneMaterials=2
2026.09.30-16.20.05 ARTPREVIEW medusa candidate variant=face-neck-v2 mesh=SK_Medusa_FaceNeck_v2Candidate requested=face-neck-v2
2026.09.30-16.20.05 ARTPREVIEW board profile=cobble-city match=boardId board=5x6 boardId=cmuhgs4b2001mwik4f2b2xtf8 surface=cobble-5x6-mesh light=cobble-probe artFixture=0
2026.09.30-16.20.05 ARTPREVIEW light profile=cobble-probe name=key role=key kind=directional at=(-350,-150,600) intensity=4.5 units=lux radius=0 color=(1.00,1.00,1.00) shadow=1
2026.09.30-16.20.05 ARTPREVIEW light profile=cobble-probe name=warm role=warm kind=point at=(260,-300,250) intensity=85 units=candelas radius=450 color=(1.00,1.00,1.00) shadow=0
2026.09.30-16.20.05 ARTPREVIEW sky profile=cobble-probe cubemap=/Game/S08/Render/TC_S08_AmbientDome loaded=1 spawned=1 intensity=11.2 color=(1.00,1.00,1.00) lowerBlack=0
2026.09.30-16.20.05 ARTPREVIEW exposure profile=cobble-probe method=histogram-fixed min=4.14106 max=4.14106 bias=0.000 ev100=2.05 volume=1
2026.09.30-16.20.05 ARTPREVIEW lights applied profile=cobble-probe directional=1 shadow=1 points=1 pointShadows=0 budgetOk=1
2026.09.30-16.20.05 ARTPREVIEW render profile=cobble-probe units=candelas sky=1 exposure=1 keyShadow=csm-3000uu-2c-contact0.000 shadowCasters=1 legacyRender=0
2026.09.30-16.20.05 ARTPREVIEW Cobble probe lights key=4.5 fill=0 warm=85
2026.09.30-16.20.05 ARTPREVIEW board zone keylines pieces=60 glyphKeys=30 glyphKeyCubePieces=0 mi=MI_ART005_Zone_Keyline growUU=1.5 edgeUU=42.0 maxOuterUU=45.0
2026.09.30-16.20.05 ARTPREVIEW board glyph meshes instances=30 keys=2/2 cubePieces=0 anchors=30
2026.09.30-16.20.05 ARTPREVIEW Cobble active 5x6 zones=30 blue=15 red=15 blueMarks=15 redMarks=45
2026.09.30-16.20.05 ARTPREVIEW board active profile=cobble-city 5x6 surface=cobble-5x6-mesh cells=30 zoneCells=30 multizone=0 triple=0 obstacles=0 zoneKeys=2 strokes=60 glyphs=45 surfaceParts=0 glyphMaterial=zone expectOk=1
2026.09.30-16.20.05 ARTPREVIEW board zone key=blue cells=15 stroke=solid glyph=diamond color=#3B78D8 ismUsage=1 strokePieces=15 glyphPieces=15 mi=MI_ART005_Zone_Blue glyphMesh=SM_ART005_ZoneGlyph_Diamond glyphInstances=15 fallback=0
2026.09.30-16.20.05 ARTPREVIEW board zone key=red cells=15 stroke=dash3 glyph=bars2 color=#EC6650 ismUsage=1 strokePieces=45 glyphPieces=30 mi=MI_ART005_Zone_Red glyphMesh=SM_ART005_ZoneGlyph_Bars2 glyphInstances=15 fallback=0
2026.09.30-16.20.05 ARTPREVIEW board multizone cells=0 zonesListed=0 zonesMarked=0
2026.09.30-16.20.05 ARTPREVIEW diorama tray=/Game/PipelineCandidates/TableBase/20260928-table-base-tripo-h31/Meshes/SM_TableBase.SM_TableBase mi=MI_TableBase_Candidate surface=cobble-5x6-mesh yaw=-90.0 scale=1.000x1.000x1.000 bounds=(-328.0,-378.0,-153.0)..(328.0,378.0,-3.0) size=656.0x756.0x150.0 topZ=-3.0 boardHalf=278.0x328.0 rimUU=50.0 collision=none
2026.09.30-16.20.05 CAMERA dist=1931 loc=(0,1107,1582) pitch=-55 yaw=-90
2026.09.30-16.20.05 CAMERA config overview=1930.8 nearest=300.0 farthest=2970.4 zoomRange=0.65-6.44 minDist=300.0 outRatio=0.650 step=1.250 animMs=200 returnMs=300 followFrom=1.20 source=defaults issues=0
2026.09.30-16.20.05 BOARD 5x6 cells | control points: (0,0)=(-200,-250,0) (4,5)=(200,250,0) | neighbor pair (dist 100 uu)
2026.09.30-16.20.05 ARTPREVIEW team mapping mode=absolute source=seatOrder viewerTeam=P2 p1=f-0-hero,f-0-sk0,f-0-sk1,f-0-sk2 p2=f-1-hero,f-1-sk0
2026.09.30-16.20.05 ARTPREVIEW heroesV2 fighter=f-0-hero mesh=/Game/PipelineCandidates/Medusa/H2LD/Meshes/SK_Medusa_H2LD mi=/Game/PipelineCandidates/Medusa/H2LD/Materials/MI_Medusa_H2LD_P1 yaw=90.0 scale=0.9998 name=Medusa hero=1 look=P1 base=/Game/PipelineCandidates/Medusa/H2LD/Meshes/SM_Medusa_H2LD_Base baseMi=/Game/PipelineCandidates/Medusa/H2LD/Materials/MI_Medusa_H2LD_Base_P1 skeleton=/Game/PipelineCandidates/Medusa/Rig/SK_Medusa_Skeleton.SK_Medusa_Skeleton clips=4/4 boundsTop=55.00 figureTop=55.00 budget=55.0
2026.09.30-16.20.05 ARTPREVIEW click capsule fighter=f-0-hero mesh=SK_Medusa_H2LD physicsAsset=0 radius=11.6 halfHeight=27.5 top=55.0 bodyCollision=0 source=meshBounds
2026.09.30-16.20.05 ARTPREVIEW fighter=Medusa hero=1 eligible=0 visual=1 mesh=SK_Medusa_H2LD
2026.09.30-16.20.05 ARTPREVIEW team ring fighter=f-0-hero team=P1 look=P1 mode=absolute shape=circle shown=1 mesh=SM_Marker_TeamRing_P1 fill=#E8C06A keyline=#111317 fillLinear=(0.8070,0.5271,0.1441) zMin=0.60 zMax=1.20 scale=1.00 base=hidden blockout=0 art=1 rim=#FFFFFF
2026.09.30-16.20.05 ARTPREVIEW anim fighter=f-0-hero clip=Idle len=2.333 event=spawn loop=1 phase=0.8071 seq=-1 asset=AM_Medusa_Idle
2026.09.30-16.20.05 ARTPREVIEW heroesV2 fighter=f-0-sk0 mesh=/Game/PipelineCandidates/Harpy/H3LD/Meshes/SK_Harpy_H3LD mi=/Game/PipelineCandidates/Harpy/H3LD/Materials/MI_Harpy_H3LD_P1 yaw=90.0 scale=1.0000 name=Harpies hero=0 look=P1 base=/Game/PipelineCandidates/Harpy/H3LD/Meshes/SM_Harpy_H3LD_Base baseMi=/Game/PipelineCandidates/Harpy/H3LD/Materials/MI_Harpy_H3LD_Base_P1 skeleton=/Game/PipelineCandidates/Harpy/Rig/SK_Harpy_Skeleton.SK_Harpy_Skeleton clips=4/4 boundsTop=42.00 figureTop=42.00 budget=42.0
2026.09.30-16.20.05 ARTPREVIEW click capsule fighter=f-0-sk0 mesh=SK_Harpy_H3LD physicsAsset=0 radius=20.0 halfHeight=21.0 top=42.0 bodyCollision=0 source=meshBounds
2026.09.30-16.20.05 ARTPREVIEW team ring fighter=f-0-sk0 team=P1 look=P1 mode=absolute shape=circle shown=1 mesh=SM_Marker_TeamRing_P1 fill=#E8C06A keyline=#111317 fillLinear=(0.8070,0.5271,0.1441) zMin=0.60 zMax=1.20 scale=0.78 base=hidden blockout=0 art=1 rim=#FFFFFF
2026.09.30-16.20.05 ARTPREVIEW anim fighter=f-0-sk0 clip=Idle len=2.000 event=spawn loop=1 phase=0.6635 seq=-1 asset=AM_Harpy_Idle
2026.09.30-16.20.05 ARTPREVIEW heroesV2 fighter=f-0-sk1 mesh=/Game/PipelineCandidates/Harpy/H3LD/Meshes/SK_Harpy_H3LD mi=/Game/PipelineCandidates/Harpy/H3LD/Materials/MI_Harpy_H3LD_P1 yaw=90.0 scale=1.0000 name=Harpies hero=0 look=P1 base=/Game/PipelineCandidates/Harpy/H3LD/Meshes/SM_Harpy_H3LD_Base baseMi=/Game/PipelineCandidates/Harpy/H3LD/Materials/MI_Harpy_H3LD_Base_P1 skeleton=/Game/PipelineCandidates/Harpy/Rig/SK_Harpy_Skeleton.SK_Harpy_Skeleton clips=4/4 boundsTop=42.00 figureTop=42.00 budget=42.0
2026.09.30-16.20.05 ARTPREVIEW click capsule fighter=f-0-sk1 mesh=SK_Harpy_H3LD physicsAsset=0 radius=20.0 halfHeight=21.0 top=42.0 bodyCollision=0 source=meshBounds
2026.09.30-16.20.05 ARTPREVIEW team ring fighter=f-0-sk1 team=P1 look=P1 mode=absolute shape=circle shown=1 mesh=SM_Marker_TeamRing_P1 fill=#E8C06A keyline=#111317 fillLinear=(0.8070,0.5271,0.1441) zMin=0.60 zMax=1.20 scale=0.78 base=hidden blockout=0 art=1 rim=#FFFFFF
2026.09.30-16.20.05 ARTPREVIEW anim fighter=f-0-sk1 clip=Idle len=2.000 event=spawn loop=1 phase=0.9016 seq=-1 asset=AM_Harpy_Idle
2026.09.30-16.20.05 ARTPREVIEW heroesV2 fighter=f-0-sk2 mesh=/Game/PipelineCandidates/Harpy/H3LD/Meshes/SK_Harpy_H3LD mi=/Game/PipelineCandidates/Harpy/H3LD/Materials/MI_Harpy_H3LD_P1 yaw=90.0 scale=1.0000 name=Harpies hero=0 look=P1 base=/Game/PipelineCandidates/Harpy/H3LD/Meshes/SM_Harpy_H3LD_Base baseMi=/Game/PipelineCandidates/Harpy/H3LD/Materials/MI_Harpy_H3LD_Base_P1 skeleton=/Game/PipelineCandidates/Harpy/Rig/SK_Harpy_Skeleton.SK_Harpy_Skeleton clips=4/4 boundsTop=42.00 figureTop=42.00 budget=42.0
2026.09.30-16.20.05 ARTPREVIEW click capsule fighter=f-0-sk2 mesh=SK_Harpy_H3LD physicsAsset=0 radius=20.0 halfHeight=21.0 top=42.0 bodyCollision=0 source=meshBounds
2026.09.30-16.20.05 ARTPREVIEW team ring fighter=f-0-sk2 team=P1 look=P1 mode=absolute shape=circle shown=1 mesh=SM_Marker_TeamRing_P1 fill=#E8C06A keyline=#111317 fillLinear=(0.8070,0.5271,0.1441) zMin=0.60 zMax=1.20 scale=0.78 base=hidden blockout=0 art=1 rim=#FFFFFF
2026.09.30-16.20.05 ARTPREVIEW anim fighter=f-0-sk2 clip=Idle len=2.000 event=spawn loop=1 phase=0.1873 seq=-1 asset=AM_Harpy_Idle
2026.09.30-16.20.05 ARTPREVIEW heroesV2 fighter=f-1-hero mesh=/Game/PipelineCandidates/KingArthur/H2LD/Meshes/SK_KingArthur_H2LD mi=/Game/PipelineCandidates/KingArthur/H2LD/Materials/MI_KingArthur_H2LD_P2 yaw=270.0 scale=1.0000 name=King Arthur hero=1 look=P2 base=/Game/PipelineCandidates/KingArthur/H2LD/Meshes/SM_KingArthur_H2LD_Base baseMi=/Game/PipelineCandidates/KingArthur/H2LD/Materials/MI_KingArthur_H2LD_Base_P2 skeleton=/Game/PipelineCandidates/KingArthur/Rig/SK_KingArthur_Skeleton.SK_KingArthur_Skeleton clips=4/4 boundsTop=60.06 figureTop=55.00 budget=55.0
2026.09.30-16.20.05 ARTPREVIEW click capsule fighter=f-1-hero mesh=SK_KingArthur_H2LD physicsAsset=0 radius=12.8 halfHeight=30.0 top=60.1 bodyCollision=0 source=meshBounds
2026.09.30-16.20.05 ARTPREVIEW team ring fighter=f-1-hero team=P2 look=P2 mode=absolute shape=hexagon shown=1 mesh=SM_Marker_TeamRing_P2 fill=#5A7F9F keyline=#111317 fillLinear=(0.1022,0.2122,0.3467) zMin=0.60 zMax=1.20 scale=1.00 base=hidden blockout=0 art=1 rim=#FFFFFF
2026.09.30-16.20.05 ARTPREVIEW anim fighter=f-1-hero clip=Idle len=2.500 event=spawn loop=1 phase=0.3470 seq=-1 asset=AM_KingArthur_Idle
2026.09.30-16.20.05 ARTPREVIEW heroesV2 fighter=f-1-sk0 mesh=/Game/PipelineCandidates/Merlin/H2LD/Meshes/SK_Merlin_H2LD mi=/Game/PipelineCandidates/Merlin/H2LD/Materials/MI_Merlin_H2LD_P2 yaw=270.0 scale=1.0003 name=Merlin hero=0 look=P2 base=/Game/PipelineCandidates/Merlin/H2LD/Meshes/SM_Merlin_H2LD_Base baseMi=/Game/PipelineCandidates/Merlin/H2LD/Materials/MI_Merlin_H2LD_Base_P2 skeleton=/Game/PipelineCandidates/Merlin/Rig/SK_Merlin_Skeleton.SK_Merlin_Skeleton clips=4/4 boundsTop=49.44 figureTop=45.00 budget=45.0
2026.09.30-16.20.05 ARTPREVIEW click capsule fighter=f-1-sk0 mesh=SK_Merlin_H2LD physicsAsset=0 radius=10.5 halfHeight=24.7 top=49.4 bodyCollision=0 source=meshBounds
2026.09.30-16.20.05 ARTPREVIEW team ring fighter=f-1-sk0 team=P2 look=P2 mode=absolute shape=hexagon shown=1 mesh=SM_Marker_TeamRing_P2 fill=#5A7F9F keyline=#111317 fillLinear=(0.1022,0.2122,0.3467) zMin=0.60 zMax=1.20 scale=0.78 base=hidden blockout=0 art=1 rim=#FFFFFF
2026.09.30-16.20.05 ARTPREVIEW anim fighter=f-1-sk0 clip=Idle len=3.000 event=spawn loop=1 phase=0.8028 seq=-1 asset=AM_Merlin_Idle
2026.09.30-16.20.05 ARTPREVIEW heroesV2 summary fighters=6 mapped=6 v2=6
2026.09.30-16.20.05 FIGHTERS synced n=6 alive=6 own=2 enemy=4
2026.09.30-16.20.05 STATE seq=1 -> apply
2026.09.30-16.20.05 WS closed 1000 (normal closure)
2026.09.30-16.20.05 HUD art layer plate=1 iconSize=32 iconTexture=1 iconProbe=0 plan=0
2026.09.30-16.20.05 HUD art impl=umg plateViews=umg:/Game/S08/UI/ArtHud/WBP_S08ArtPlate iconViews=umg:/Game/S08/UI/ArtHud/WBP_S08ArtIcon textTable=S08ArtHud entries=13 missingKeys=0
2026.09.30-16.20.05 TAG fighter=f-0-sk0 bbox=(502,127,586,149) mode=compact look=P1 placement=above ring=0 hardPx2=0 softPx2=0 order=1 bound=1
2026.09.30-16.20.05 TAG fighter=f-1-sk0 bbox=(1334,58,1418,80) mode=compact look=P2 placement=above ring=0 hardPx2=0 softPx2=0 order=0 bound=1
2026.09.30-16.20.05 ARTPREVIEW screen labels=1 (world TextRender labels and damage text hidden)
2026.09.30-16.20.05 TAG fighter=f-0-hero bbox=(909,389,1011,411) mode=compact look=P1 placement=inset ring=0 hardPx2=0 softPx2=0 order=1 bound=1
2026.09.30-16.20.05 TAG fighter=f-0-sk0 bbox=(1075,385,1159,407) mode=compact look=P1 placement=above ring=0 hardPx2=0 softPx2=0 order=3 bound=1
2026.09.30-16.20.05 TAG fighter=f-0-sk1 bbox=(918,264,1002,286) mode=compact look=P1 placement=above ring=0 hardPx2=0 softPx2=0 order=0 bound=1
2026.09.30-16.20.05 TAG fighter=f-0-sk2 bbox=(761,385,845,407) mode=compact look=P1 placement=above ring=0 hardPx2=0 softPx2=0 order=2 bound=1
2026.09.30-16.20.05 TAG fighter=f-1-hero bbox=(909,646,1011,668) mode=compact look=P2 placement=below ring=0 hardPx2=0 softPx2=0 order=4 bound=1
2026.09.30-16.20.05 TAG fighter=f-1-sk0 bbox=(1080,507,1164,529) mode=compact look=P2 placement=above ring=0 hardPx2=0 softPx2=0 order=5 bound=1
2026.09.30-16.20.06 WS reconnect attempt
2026.09.30-16.20.06 SUBSCRIBED gameStateUpdated since=1
2026.09.30-16.20.06 WS reconnected - refetching gameState
2026.09.30-16.20.06 SNAPSHOT applied seq=1 phase=ACTION_MANEUVER
2026.09.30-16.20.06 HANDLE_APPLIED #2 seq=1 decision=1 fightersValid=1 boardValid=1
2026.09.30-16.20.06 MODE seq=1 mode=0 combat=0 pending=0
2026.09.30-16.20.06 HUD seq=1 phase=ACTION_MANEUVER turn=opp hand=5 oppHand=5(hidden) oppDeck=25 deck=25 discard=0
2026.09.30-16.20.06 ARTPREVIEW fighter=Medusa hero=1 eligible=0 visual=1 mesh=SK_Medusa_H2LD
2026.09.30-16.20.06 FIGHTERS synced n=6 alive=6 own=2 enemy=4
2026.09.30-16.20.06 STATE seq=1 -> merge
2026.09.30-16.20.06 SNAPSHOT applied seq=1 phase=ACTION_MANEUVER
2026.09.30-16.20.06 HANDLE_APPLIED #3 seq=1 decision=1 fightersValid=1 boardValid=1
2026.09.30-16.20.06 MODE seq=1 mode=0 combat=0 pending=0
2026.09.30-16.20.06 HUD seq=1 phase=ACTION_MANEUVER turn=opp hand=5 oppHand=5(hidden) oppDeck=25 deck=25 discard=0
2026.09.30-16.20.06 ARTPREVIEW fighter=Medusa hero=1 eligible=0 visual=1 mesh=SK_Medusa_H2LD
2026.09.30-16.20.06 FIGHTERS synced n=6 alive=6 own=2 enemy=4
2026.09.30-16.20.06 WS seq=1 phase=ACTION_MANEUVER (merge)
2026.09.30-16.20.06 TAG fighter=f-0-hero bbox=(909,389,1011,411) mode=compact look=P1 placement=inset ring=0 hardPx2=0 softPx2=0 order=1 bound=1
2026.09.30-16.20.06 TAG fighter=f-0-sk0 bbox=(1075,385,1159,407) mode=compact look=P1 placement=above ring=0 hardPx2=0 softPx2=0 order=3 bound=1
2026.09.30-16.20.06 TAG fighter=f-0-sk1 bbox=(918,264,1002,286) mode=compact look=P1 placement=above ring=0 hardPx2=0 softPx2=0 order=0 bound=1
2026.09.30-16.20.06 TAG fighter=f-0-sk2 bbox=(761,385,845,407) mode=compact look=P1 placement=above ring=0 hardPx2=0 softPx2=0 order=2 bound=1
2026.09.30-16.20.06 TAG fighter=f-1-hero bbox=(909,646,1011,668) mode=compact look=P2 placement=below ring=0 hardPx2=0 softPx2=0 order=4 bound=1
2026.09.30-16.20.06 TAG fighter=f-1-sk0 bbox=(1080,507,1164,529) mode=compact look=P2 placement=above ring=0 hardPx2=0 softPx2=0 order=5 bound=1
2026.09.30-16.20.08 game -> room=cmuob9i2b00w3wircasq9u2h1 code=<redacted> status=IN_PROGRESS
2026.09.30-16.20.10 PERF window t=15.0-20.0 frames=149 fps=29.77 frameMs avg=33.60 p50=33.33 p95=33.33 p99=33.34 max=72.41 hitches50=1 gpuMs avg=1.92 p50=1.90 p95=2.17 gameMs avg=2.04 p95=1.87 renderMs avg=3.22 p95=3.29
2026.09.30-16.20.11 game -> room=cmuob9i2b00w3wircasq9u2h1 code=<redacted> status=IN_PROGRESS
2026.09.30-16.20.14 game -> room=cmuob9i2b00w3wircasq9u2h1 code=<redacted> status=IN_PROGRESS
2026.09.30-16.20.15 PERF window t=20.0-25.0 frames=150 fps=30.00 frameMs avg=33.33 p50=33.33 p95=33.33 p99=33.34 max=33.41 hitches50=0 gpuMs avg=1.93 p50=1.90 p95=2.15 gameMs avg=1.42 p95=1.64 renderMs avg=2.88 p95=3.37
2026.09.30-16.20.17 game -> room=cmuob9i2b00w3wircasq9u2h1 code=<redacted> status=IN_PROGRESS
2026.09.30-16.20.20 game -> room=cmuob9i2b00w3wircasq9u2h1 code=<redacted> status=IN_PROGRESS
2026.09.30-16.20.20 PERF window t=25.0-30.1 frames=151 fps=30.00 frameMs avg=33.33 p50=33.33 p95=33.33 p99=33.33 max=33.33 hitches50=0 gpuMs avg=1.96 p50=1.94 p95=2.15 gameMs avg=1.42 p95=1.62 renderMs avg=3.01 p95=3.63
2026.09.30-16.20.23 game -> room=cmuob9i2b00w3wircasq9u2h1 code=<redacted> status=IN_PROGRESS
2026.09.30-16.20.25 PERF window t=30.1-35.1 frames=150 fps=30.00 frameMs avg=33.33 p50=33.33 p95=33.33 p99=33.35 max=33.39 hitches50=0 gpuMs avg=1.85 p50=1.83 p95=2.04 gameMs avg=1.53 p95=1.96 renderMs avg=3.34 p95=4.41
2026.09.30-16.20.26 SHOT ctx viewport=1920x1080 viewTarget=CameraActor_2147482348 cam=(0,1107,1582) rot=(-55,-90,0)
2026.09.30-16.20.26 RENDER tag=SHOT rhi=D3D12 featureLevel=SM6 shaderPlatform=PCD3D_SM6 lumenPlatform=1 gi=lumen giMethod=1 refl=lumen reflMethod=1 shadows=csm vsmEnable=0 sg.res=100 sg.view=2 sg.aa=2 sg.shadow=2 sg.gi=2 sg.refl=2 sg.pp=2 sg.tex=2 sg.fx=2 sg.foliage=2 sg.shading=2 sg.landscape=2 preset=High screenPct=100.0 screenPctMode=0 aa=TSR aaMethod=4 exposure=fixed-histogram expMin=4.14106 expMax=4.14106 expBias=0.000 ev100=2.05 lightUnits=candelas sky=1 skyIntensity=11.200 keyShadow=csm-3000uu-2c-contact0.000 shadowCasters=1 profile=cobble-probe profilesSha256=1ecc1e9281845655acf8b31f1dcf52a7510abfc8ba8505525ad72ee8f4ce3c4c profilesSource=pak legacyRender=0 gameLayer=unlit-eyeadaptinv tMaxFPS=30.0 vsync=0 frameRateLimit=60.0 substrate=0 nanite=1 meshDF=1 viewport=1920x1080 reference=1
2026.09.30-16.20.26 SHOT fighter f-0-hero pos=(2,2) world=(0,-50,0) screen=(960,476) projected=1 alive=1
2026.09.30-16.20.26 SHOT fighter f-0-sk0 pos=(3,2) world=(100,-50,0) screen=(1115,476) projected=1 alive=1
2026.09.30-16.20.26 SHOT fighter f-0-sk1 pos=(2,1) world=(0,-150,0) screen=(960,355) projected=1 alive=1
2026.09.30-16.20.26 SHOT fighter f-0-sk2 pos=(1,2) world=(-100,-50,0) screen=(805,476) projected=1 alive=1
2026.09.30-16.20.26 SHOT fighter f-1-hero pos=(2,3) world=(0,50,0) screen=(960,606) projected=1 alive=1
2026.09.30-16.20.26 SHOT fighter f-1-sk0 pos=(3,3) world=(100,50,0) screen=(1120,606) projected=1 alive=1
2026.09.30-16.20.26 SHOT camera dist=1930.8 target=1930.8 overview=1930.8 errPct=0.000 focusErr=0.00 settled=1 zoom=1.00
2026.09.30-16.20.26 SHOT head fighter=f-0-hero socket=Head mesh=SK_Medusa_H2LD world=(-0.7,-49.1,47.0) screen=(958.9,433.5) top=(958.9,427.8) bottom=(958.9,439.2) headPx=11.5 projected=1
2026.09.30-16.20.26 SHOT head fighter=f-0-sk0 socket=Head mesh=SK_Harpy_H3LD world=(99.9,-44.7,34.0) screen=(1117.8,451.5) top=(1118.2,445.8) bottom=(1117.4,457.2) headPx=11.3 projected=1
2026.09.30-16.20.26 SHOT head fighter=f-0-sk1 socket=Head mesh=SK_Harpy_H3LD world=(-0.0,-144.8,34.2) screen=(960.0,328.1) top=(960.0,322.3) bottom=(960.0,333.9) headPx=11.6 projected=1
2026.09.30-16.20.26 SHOT head fighter=f-0-sk2 socket=Head mesh=SK_Harpy_H3LD world=(-100.6,-44.9,34.2) screen=(801.1,451.0) top=(800.7,445.3) bottom=(801.5,456.6) headPx=11.3 projected=1
2026.09.30-16.20.26 SHOT head fighter=f-1-hero socket=Head mesh=SK_KingArthur_H2LD world=(-0.6,49.3,50.1) screen=(959.0,559.1) top=(959.0,553.5) bottom=(959.0,564.7) headPx=11.2 projected=1
2026.09.30-16.20.26 SHOT head fighter=f-1-sk0 socket=Head mesh=SK_Merlin_H2LD world=(100.4,47.0,36.6) screen=(1123.1,568.5) top=(1123.5,563.0) bottom=(1122.7,574.0) headPx=11.1 projected=1
2026.09.30-16.20.26 SHOT figure fighter=f-0-hero bbox=(914,389,1006,512) ringR=28.50 art=1 blockout=0 team=P1 look=P1 ring=1
2026.09.30-16.20.26 SHOT figure fighter=f-0-sk0 bbox=(1080,409,1155,504) ringR=22.23 art=1 blockout=0 team=P1 look=P1 ring=1
2026.09.30-16.20.26 SHOT figure fighter=f-0-sk1 bbox=(926,288,994,381) ringR=22.23 art=1 blockout=0 team=P1 look=P1 ring=1
2026.09.30-16.20.26 SHOT figure fighter=f-0-sk2 bbox=(765,409,840,504) ringR=22.23 art=1 blockout=0 team=P1 look=P1 ring=1
2026.09.30-16.20.26 SHOT figure fighter=f-1-hero bbox=(913,513,1007,644) ringR=28.50 art=1 blockout=0 team=P2 look=P2 ring=1
2026.09.30-16.20.26 SHOT figure fighter=f-1-sk0 bbox=(1084,531,1161,635) ringR=22.23 art=1 blockout=0 team=P2 look=P2 ring=1
2026.09.30-16.20.26 SHOT request file=phase2-board-joiner-1920x1080.png frame=1079
2026.09.30-16.20.26 SHOT requested: FScreenshotRequest(bShowUI) -> C:\Users\ren\AppData\Local\Temp\s08-phase2-20260930-211942-14116\phase2-board-joiner-1920x1080.png
2026.09.30-16.20.26 SHOT captured file=phase2-board-joiner-1920x1080.png frame=1079 px=1920x1080 sha256=b6bda72324df9a68083782f031dd3cacf8a88f92dd6a73317a38470200fb6f74 order=BGRA saved=1
2026.09.30-16.20.26 SHOT late begin file=phase2-board-joiner-1920x1080.png frame=1079 requestFrame=1079
2026.09.30-16.20.26 SHOT iconstate visible=0 lastFighter=none frame=1079
2026.09.30-16.20.26 SHOT widget id=board.tag impl=umg state=compact fighter=f-0-hero bbox=(909,389,1011,411) geom=painted visible=1 twin=0 source=/Game/S08/UI/ArtHud/WBP_S08ArtTag mode=compact look=P1 shape=circle placement=inset ring=0 order=1 bound=1 softPx2=0 planned=(909,389,1011,411) frame=1079
2026.09.30-16.20.26 SHOT widget id=board.tag.hp impl=umg state=compact fighter=f-0-hero bbox=(965,391,1007,409) geom=painted visible=1 twin=0 source=/Game/S08/UI/ArtHud/WBP_S08ArtTag mode=compact look=P1 shape=circle placement=inset ring=0 order=1 bound=1 softPx2=0 planned=(909,389,1011,411) frame=1079 font=11
2026.09.30-16.20.26 SHOT widget id=board.tag.bar impl=umg state=compact fighter=f-0-hero bbox=(928,398,962,403) geom=painted visible=1 twin=0 source=/Game/S08/UI/ArtHud/WBP_S08ArtTag mode=compact look=P1 shape=circle placement=inset ring=0 order=1 bound=1 softPx2=0 planned=(909,389,1011,411) frame=1079
2026.09.30-16.20.26 SHOT widget id=board.tag.chip impl=umg state=compact fighter=f-0-hero bbox=(913,394,925,406) geom=painted visible=1 twin=0 source=/Game/S08/UI/ArtHud/WBP_S08ArtTag mode=compact look=P1 shape=circle placement=inset ring=0 order=1 bound=1 softPx2=0 planned=(909,389,1011,411) frame=1079
2026.09.30-16.20.26 SHOT widget id=board.tag impl=umg state=compact fighter=f-0-sk0 bbox=(1075,385,1159,407) geom=painted visible=1 twin=0 source=/Game/S08/UI/ArtHud/WBP_S08ArtTag mode=compact look=P1 shape=circle placement=above ring=0 order=3 bound=1 softPx2=0 planned=(1075,385,1159,407) frame=1079
2026.09.30-16.20.26 SHOT widget id=board.tag.hp impl=umg state=compact fighter=f-0-sk0 bbox=(1131,387,1155,405) geom=painted visible=1 twin=0 source=/Game/S08/UI/ArtHud/WBP_S08ArtTag mode=compact look=P1 shape=circle placement=above ring=0 order=3 bound=1 softPx2=0 planned=(1075,385,1159,407) frame=1079 font=11
2026.09.30-16.20.26 SHOT widget id=board.tag.bar impl=umg state=compact fighter=f-0-sk0 bbox=(1094,394,1128,399) geom=painted visible=1 twin=0 source=/Game/S08/UI/ArtHud/WBP_S08ArtTag mode=compact look=P1 shape=circle placement=above ring=0 order=3 bound=1 softPx2=0 planned=(1075,385,1159,407) frame=1079
2026.09.30-16.20.26 SHOT widget id=board.tag.chip impl=umg state=compact fighter=f-0-sk0 bbox=(1079,390,1091,402) geom=painted visible=1 twin=0 source=/Game/S08/UI/ArtHud/WBP_S08ArtTag mode=compact look=P1 shape=circle placement=above ring=0 order=3 bound=1 softPx2=0 planned=(1075,385,1159,407) frame=1079
2026.09.30-16.20.26 SHOT widget id=board.tag impl=umg state=compact fighter=f-0-sk1 bbox=(918,264,1002,286) geom=painted visible=1 twin=0 source=/Game/S08/UI/ArtHud/WBP_S08ArtTag mode=compact look=P1 shape=circle placement=above ring=0 order=0 bound=1 softPx2=0 planned=(918,264,1002,286) frame=1079
2026.09.30-16.20.26 SHOT widget id=board.tag.hp impl=umg state=compact fighter=f-0-sk1 bbox=(974,266,998,284) geom=painted visible=1 twin=0 source=/Game/S08/UI/ArtHud/WBP_S08ArtTag mode=compact look=P1 shape=circle placement=above ring=0 order=0 bound=1 softPx2=0 planned=(918,264,1002,286) frame=1079 font=11
2026.09.30-16.20.26 SHOT widget id=board.tag.bar impl=umg state=compact fighter=f-0-sk1 bbox=(937,273,971,278) geom=painted visible=1 twin=0 source=/Game/S08/UI/ArtHud/WBP_S08ArtTag mode=compact look=P1 shape=circle placement=above ring=0 order=0 bound=1 softPx2=0 planned=(918,264,1002,286) frame=1079
2026.09.30-16.20.26 SHOT widget id=board.tag.chip impl=umg state=compact fighter=f-0-sk1 bbox=(922,269,934,281) geom=painted visible=1 twin=0 source=/Game/S08/UI/ArtHud/WBP_S08ArtTag mode=compact look=P1 shape=circle placement=above ring=0 order=0 bound=1 softPx2=0 planned=(918,264,1002,286) frame=1079
2026.09.30-16.20.26 SHOT widget id=board.tag impl=umg state=compact fighter=f-0-sk2 bbox=(761,385,845,407) geom=painted visible=1 twin=0 source=/Game/S08/UI/ArtHud/WBP_S08ArtTag mode=compact look=P1 shape=circle placement=above ring=0 order=2 bound=1 softPx2=0 planned=(761,385,845,407) frame=1079
2026.09.30-16.20.26 SHOT widget id=board.tag.hp impl=umg state=compact fighter=f-0-sk2 bbox=(817,387,841,405) geom=painted visible=1 twin=0 source=/Game/S08/UI/ArtHud/WBP_S08ArtTag mode=compact look=P1 shape=circle placement=above ring=0 order=2 bound=1 softPx2=0 planned=(761,385,845,407) frame=1079 font=11
2026.09.30-16.20.26 SHOT widget id=board.tag.bar impl=umg state=compact fighter=f-0-sk2 bbox=(780,394,814,399) geom=painted visible=1 twin=0 source=/Game/S08/UI/ArtHud/WBP_S08ArtTag mode=compact look=P1 shape=circle placement=above ring=0 order=2 bound=1 softPx2=0 planned=(761,385,845,407) frame=1079
2026.09.30-16.20.26 SHOT widget id=board.tag.chip impl=umg state=compact fighter=f-0-sk2 bbox=(765,390,777,402) geom=painted visible=1 twin=0 source=/Game/S08/UI/ArtHud/WBP_S08ArtTag mode=compact look=P1 shape=circle placement=above ring=0 order=2 bound=1 softPx2=0 planned=(761,385,845,407) frame=1079
2026.09.30-16.20.26 SHOT widget id=board.tag impl=umg state=compact fighter=f-1-hero bbox=(909,646,1011,668) geom=painted visible=1 twin=0 source=/Game/S08/UI/ArtHud/WBP_S08ArtTag mode=compact look=P2 shape=hex placement=below ring=0 order=4 bound=1 softPx2=0 planned=(909,646,1011,668) frame=1079
2026.09.30-16.20.26 SHOT widget id=board.tag.hp impl=umg state=compact fighter=f-1-hero bbox=(965,648,1007,666) geom=painted visible=1 twin=0 source=/Game/S08/UI/ArtHud/WBP_S08ArtTag mode=compact look=P2 shape=hex placement=below ring=0 order=4 bound=1 softPx2=0 planned=(909,646,1011,668) frame=1079 font=11
2026.09.30-16.20.26 SHOT widget id=board.tag.bar impl=umg state=compact fighter=f-1-hero bbox=(928,655,962,660) geom=painted visible=1 twin=0 source=/Game/S08/UI/ArtHud/WBP_S08ArtTag mode=compact look=P2 shape=hex placement=below ring=0 order=4 bound=1 softPx2=0 planned=(909,646,1011,668) frame=1079
2026.09.30-16.20.26 SHOT widget id=board.tag.chip impl=umg state=compact fighter=f-1-hero bbox=(913,651,925,663) geom=painted visible=1 twin=0 source=/Game/S08/UI/ArtHud/WBP_S08ArtTag mode=compact look=P2 shape=hex placement=below ring=0 order=4 bound=1 softPx2=0 planned=(909,646,1011,668) frame=1079
2026.09.30-16.20.26 SHOT widget id=board.tag impl=umg state=compact fighter=f-1-sk0 bbox=(1080,507,1164,529) geom=painted visible=1 twin=0 source=/Game/S08/UI/ArtHud/WBP_S08ArtTag mode=compact look=P2 shape=hex placement=above ring=0 order=5 bound=1 softPx2=0 planned=(1080,507,1164,529) frame=1079
2026.09.30-16.20.26 SHOT widget id=board.tag.hp impl=umg state=compact fighter=f-1-sk0 bbox=(1136,509,1160,527) geom=painted visible=1 twin=0 source=/Game/S08/UI/ArtHud/WBP_S08ArtTag mode=compact look=P2 shape=hex placement=above ring=0 order=5 bound=1 softPx2=0 planned=(1080,507,1164,529) frame=1079 font=11
2026.09.30-16.20.26 SHOT widget id=board.tag.bar impl=umg state=compact fighter=f-1-sk0 bbox=(1099,516,1133,521) geom=painted visible=1 twin=0 source=/Game/S08/UI/ArtHud/WBP_S08ArtTag mode=compact look=P2 shape=hex placement=above ring=0 order=5 bound=1 softPx2=0 planned=(1080,507,1164,529) frame=1079
2026.09.30-16.20.26 SHOT widget id=board.tag.chip impl=umg state=compact fighter=f-1-sk0 bbox=(1084,512,1096,524) geom=painted visible=1 twin=0 source=/Game/S08/UI/ArtHud/WBP_S08ArtTag mode=compact look=P2 shape=hex placement=above ring=0 order=5 bound=1 softPx2=0 planned=(1080,507,1164,529) frame=1079
2026.09.30-16.20.26 SHOT panel id=hud.command bbox=(0,0,393,69) geom=painted visible=1 frame=1079
2026.09.30-16.20.26 SHOT panel id=hud.side bbox=(1431,0,1920,121) geom=painted visible=1 frame=1079
2026.09.30-16.20.26 SHOT panel id=hud.hand bbox=(448,985,1472,1080) geom=painted visible=1 frame=1079
2026.09.30-16.20.26 SHOT late end file=phase2-board-joiner-1920x1080.png frame=1079
2026.09.30-16.20.26 game -> room=cmuob9i2b00w3wircasq9u2h1 code=<redacted> status=IN_PROGRESS
2026.09.30-16.20.29 game -> room=cmuob9i2b00w3wircasq9u2h1 code=<redacted> status=IN_PROGRESS
2026.09.30-16.20.30 PERF window t=35.1-40.1 frames=147 fps=29.21 frameMs avg=34.24 p50=33.33 p95=33.33 p99=33.35 max=166.29 hitches50=1 gpuMs avg=1.85 p50=1.83 p95=2.03 gameMs avg=2.37 p95=1.82 renderMs avg=2.91 p95=3.56
2026.09.30-16.20.32 game -> room=cmuob9i2b00w3wircasq9u2h1 code=<redacted> status=IN_PROGRESS
2026.09.30-16.20.35 game -> room=cmuob9i2b00w3wircasq9u2h1 code=<redacted> status=IN_PROGRESS
2026.09.30-16.20.35 PERF window t=40.1-45.1 frames=149 fps=29.80 frameMs avg=33.56 p50=33.33 p95=33.33 p99=33.34 max=67.00 hitches50=1 gpuMs avg=1.85 p50=1.82 p95=2.05 gameMs avg=1.36 p95=1.61 renderMs avg=2.95 p95=3.90
2026.09.30-16.20.38 game -> room=cmuob9i2b00w3wircasq9u2h1 code=<redacted> status=IN_PROGRESS
2026.09.30-16.20.40 PERF summary scope=afterWarmup warmup=5 elapsed=50.0 frames=1345 fps=29.86 frameMs avg=33.49 p50=33.33 p95=33.33 p99=33.34 max=166.29 hitches50=3 gpuMs avg=1.81 p50=1.85 p95=2.26 gameMs avg=1.56 p95=1.71 renderMs avg=2.93 p95=3.79
2026.09.30-16.20.40 PERF summary scope=started elapsed=50.0 frames=1043 fps=29.82 frameMs avg=33.53 p50=33.33 p95=33.33 p99=33.34 max=166.29 hitches50=3 gpuMs avg=1.94 p50=1.89 p95=2.33 gameMs avg=1.63 p95=1.74 renderMs avg=3.08 p95=3.96
2026.09.30-16.20.40 PERF summary scope=artHud impl=umg elapsed=50.0 frames=0 fps=0.00 frameMs avg=0.00 p50=0.00 p95=0.00 p99=0.00 max=0.00 hitches50=0 gpuMs avg=0.00 p50=0.00 p95=0.00 gameMs avg=0.00 p95=0.00 renderMs avg=0.00 p95=0.00
2026.09.30-16.20.40 --- S08 trace close ---
