2026.09.28-10.15.39 --- S08 trace open 2026.09.28-10.15.39 ---
2026.09.28-10.15.39 LOGIN ok user=art-preview-joiner
2026.09.28-10.15.42 HEROES loaded 84
2026.09.28-10.15.42 CODE resolved -> cmul3dh9000fxwi2ouv5uq0qg
2026.09.28-10.15.42 joinGame -> room=cmul3dh9000fxwi2ouv5uq0qg code=<redacted> status=LOBBY
2026.09.28-10.15.44 PERF config tMaxFPS=30.0 frameRateLimit=60.0 vsync=0 smoothFrameRate=0 fixedFrameRate=0 rhi=D3D11
2026.09.28-10.15.44 PERF window t=0.0-5.0 frames=151 fps=30.00 frameMs avg=33.33 p50=33.33 p95=33.33 p99=33.38 max=33.39 hitches50=0 gpuMs avg=35.45 p50=33.34 p95=34.16 gameMs avg=1.56 p95=1.78 renderMs avg=2.12 p95=2.38
2026.09.28-10.15.45 game -> room=cmul3dh9000fxwi2ouv5uq0qg code=<redacted> status=LOBBY
2026.09.28-10.15.45 selectHero -> room=cmul3dh9000fxwi2ouv5uq0qg code=<redacted> status=LOBBY
2026.09.28-10.15.48 game -> room=cmul3dh9000fxwi2ouv5uq0qg code=<redacted> status=LOBBY
2026.09.28-10.15.48 toggleReady -> room=cmul3dh9000fxwi2ouv5uq0qg code=<redacted> status=LOBBY
2026.09.28-10.15.49 PERF window t=5.0-10.0 frames=150 fps=30.00 frameMs avg=33.33 p50=33.33 p95=33.33 p99=33.37 max=33.39 hitches50=0 gpuMs avg=32.69 p50=33.29 p95=34.22 gameMs avg=1.51 p95=1.90 renderMs avg=1.86 p95=2.36
2026.09.28-10.15.51 game -> room=cmul3dh9000fxwi2ouv5uq0qg code=<redacted> status=LOBBY
2026.09.28-10.15.54 PERF window t=10.0-15.0 frames=150 fps=30.00 frameMs avg=33.33 p50=33.33 p95=33.33 p99=33.35 max=33.36 hitches50=0 gpuMs avg=33.33 p50=33.29 p95=34.31 gameMs avg=1.43 p95=1.66 renderMs avg=1.79 p95=2.28
2026.09.28-10.15.54 game -> room=cmul3dh9000fxwi2ouv5uq0qg code=<redacted> status=IN_PROGRESS
2026.09.28-10.15.54 WS DROPPED (test-initiated transport loss)
2026.09.28-10.15.54 WS closed (test drop) - reconnect in 1s
2026.09.28-10.15.54 SNAPSHOT applied seq=1 phase=ACTION_MANEUVER
2026.09.28-10.15.54 HANDLE_APPLIED #1 seq=1 decision=2 fightersValid=1 boardValid=1
2026.09.28-10.15.54 MODE seq=1 mode=0 combat=0 pending=0
2026.09.28-10.15.54 HUD seq=1 phase=ACTION_MANEUVER turn=opp hand=5 oppHand=5(hidden) oppDeck=25 deck=25 discard=0
2026.09.28-10.15.54 ARTPREVIEW Cobble assets ready
2026.09.28-10.15.54 ARTPREVIEW medusa candidate variant=head-tilt-v3 mesh=SK_Medusa_HeadTilt_v3Candidate requested=head-tilt-v3
2026.09.28-10.15.54 ARTPREVIEW Cobble probe lights key=4.5 fill=700 warm=85
2026.09.28-10.15.54 ARTPREVIEW Cobble active 5x6 zones=30 blue=15 red=15 blueMarks=15 redMarks=45
2026.09.28-10.15.54 CAMERA dist=1931 loc=(0,1107,1582) pitch=-55 yaw=-90
2026.09.28-10.15.54 BOARD 5x6 cells | control points: (0,0)=(-200,-250,0) (4,5)=(200,250,0) | neighbor pair (dist 100 uu)
2026.09.28-10.15.54 ARTPREVIEW fighter=Medusa hero=1 eligible=1 visual=1 mesh=SK_Medusa_HeadTilt_v3Candidate
2026.09.28-10.15.54 FIGHTERS synced n=6 alive=6 own=2 enemy=4
2026.09.28-10.15.54 STATE seq=1 -> apply
2026.09.28-10.15.54 WS closed 1000 (normal closure)
2026.09.28-10.15.55 WS reconnect attempt
2026.09.28-10.15.55 SUBSCRIBED gameStateUpdated since=1
2026.09.28-10.15.55 WS reconnected - refetching gameState
2026.09.28-10.15.55 SNAPSHOT applied seq=1 phase=ACTION_MANEUVER
2026.09.28-10.15.55 HANDLE_APPLIED #2 seq=1 decision=1 fightersValid=1 boardValid=1
2026.09.28-10.15.55 MODE seq=1 mode=0 combat=0 pending=0
2026.09.28-10.15.55 HUD seq=1 phase=ACTION_MANEUVER turn=opp hand=5 oppHand=5(hidden) oppDeck=25 deck=25 discard=0
2026.09.28-10.15.55 ARTPREVIEW fighter=Medusa hero=1 eligible=1 visual=1 mesh=SK_Medusa_HeadTilt_v3Candidate
2026.09.28-10.15.55 FIGHTERS synced n=6 alive=6 own=2 enemy=4
2026.09.28-10.15.55 STATE seq=1 -> merge
2026.09.28-10.15.55 SNAPSHOT applied seq=1 phase=ACTION_MANEUVER
2026.09.28-10.15.55 HANDLE_APPLIED #3 seq=1 decision=1 fightersValid=1 boardValid=1
2026.09.28-10.15.55 MODE seq=1 mode=0 combat=0 pending=0
2026.09.28-10.15.55 HUD seq=1 phase=ACTION_MANEUVER turn=opp hand=5 oppHand=5(hidden) oppDeck=25 deck=25 discard=0
2026.09.28-10.15.55 ARTPREVIEW fighter=Medusa hero=1 eligible=1 visual=1 mesh=SK_Medusa_HeadTilt_v3Candidate
2026.09.28-10.15.55 FIGHTERS synced n=6 alive=6 own=2 enemy=4
2026.09.28-10.15.55 WS seq=1 phase=ACTION_MANEUVER (merge)
2026.09.28-10.15.57 game -> room=cmul3dh9000fxwi2ouv5uq0qg code=<redacted> status=IN_PROGRESS
2026.09.28-10.15.59 PERF window t=15.0-20.1 frames=150 fps=29.89 frameMs avg=33.46 p50=33.33 p95=33.33 p99=33.33 max=52.54 hitches50=1 gpuMs avg=32.13 p50=33.13 p95=36.29 gameMs avg=1.73 p95=1.77 renderMs avg=2.73 p95=3.29
2026.09.28-10.16.00 game -> room=cmul3dh9000fxwi2ouv5uq0qg code=<redacted> status=IN_PROGRESS
2026.09.28-10.16.03 game -> room=cmul3dh9000fxwi2ouv5uq0qg code=<redacted> status=IN_PROGRESS
2026.09.28-10.16.04 PERF window t=20.1-25.1 frames=151 fps=30.00 frameMs avg=33.33 p50=33.33 p95=33.33 p99=33.34 max=33.34 hitches50=0 gpuMs avg=31.42 p50=33.08 p95=35.91 gameMs avg=1.25 p95=1.47 renderMs avg=2.52 p95=2.98
2026.09.28-10.16.06 game -> room=cmul3dh9000fxwi2ouv5uq0qg code=<redacted> status=IN_PROGRESS
2026.09.28-10.16.09 game -> room=cmul3dh9000fxwi2ouv5uq0qg code=<redacted> status=IN_PROGRESS
2026.09.28-10.16.09 PERF window t=25.1-30.1 frames=151 fps=30.00 frameMs avg=33.33 p50=33.33 p95=33.33 p99=33.33 max=33.33 hitches50=0 gpuMs avg=31.66 p50=33.22 p95=35.75 gameMs avg=1.27 p95=1.46 renderMs avg=2.56 p95=3.02
2026.09.28-10.16.12 game -> room=cmul3dh9000fxwi2ouv5uq0qg code=<redacted> status=IN_PROGRESS
2026.09.28-10.16.14 PERF window t=30.1-35.2 frames=151 fps=30.00 frameMs avg=33.33 p50=33.33 p95=33.33 p99=33.34 max=33.34 hitches50=0 gpuMs avg=27.22 p50=33.28 p95=35.61 gameMs avg=1.26 p95=1.42 renderMs avg=2.41 p95=2.94
2026.09.28-10.16.15 SHOT ctx viewport=1920x1080 viewTarget=CameraActor_2147482372 cam=(0,1107,1582) rot=(-55,-90,0)
2026.09.28-10.16.15 SHOT fighter f-0-hero pos=(2,2) world=(0,-50,0) screen=(960,476) projected=1 alive=1
2026.09.28-10.16.15 SHOT fighter f-0-sk0 pos=(3,2) world=(100,-50,0) screen=(1115,476) projected=1 alive=1
2026.09.28-10.16.15 SHOT fighter f-0-sk1 pos=(2,1) world=(0,-150,0) screen=(960,355) projected=1 alive=1
2026.09.28-10.16.15 SHOT fighter f-0-sk2 pos=(1,2) world=(-100,-50,0) screen=(805,476) projected=1 alive=1
2026.09.28-10.16.15 SHOT fighter f-1-hero pos=(2,3) world=(0,50,0) screen=(960,606) projected=1 alive=1
2026.09.28-10.16.15 SHOT fighter f-1-sk0 pos=(3,3) world=(100,50,0) screen=(1120,606) projected=1 alive=1
2026.09.28-10.16.15 SHOT camera dist=1930.8 target=1930.8 overview=1930.8 errPct=0.000 focusErr=0.00 settled=1 zoom=1.00
2026.09.28-10.16.15 SHOT head fighter=f-0-hero socket=Head mesh=SK_Medusa_HeadTilt_v3Candidate world=(0.0,-46.0,38.5) screen=(960.0,445.5) top=(960.0,439.8) bottom=(960.0,451.2) headPx=11.4 projected=1
2026.09.28-10.16.15 SHOT requested: FScreenshotRequest(bShowUI) -> C:\Users\ren\AppData\Local\Temp\s08-phase2-20260928-151532-49420\phase2-board-joiner-1920x1080.png
2026.09.28-10.16.15 game -> room=cmul3dh9000fxwi2ouv5uq0qg code=<redacted> status=IN_PROGRESS
2026.09.28-10.16.18 game -> room=cmul3dh9000fxwi2ouv5uq0qg code=<redacted> status=IN_PROGRESS
2026.09.28-10.16.19 PERF window t=35.2-40.2 frames=147 fps=29.29 frameMs avg=34.14 p50=33.33 p95=33.33 p99=58.33 max=126.89 hitches50=2 gpuMs avg=31.53 p50=33.31 p95=34.45 gameMs avg=2.14 p95=1.45 renderMs avg=2.25 p95=2.76
2026.09.28-10.16.21 game -> room=cmul3dh9000fxwi2ouv5uq0qg code=<redacted> status=IN_PROGRESS
2026.09.28-10.16.24 game -> room=cmul3dh9000fxwi2ouv5uq0qg code=<redacted> status=IN_PROGRESS
2026.09.28-10.16.24 PERF window t=40.2-45.2 frames=150 fps=30.00 frameMs avg=33.33 p50=33.33 p95=33.33 p99=33.35 max=33.36 hitches50=0 gpuMs avg=32.76 p50=33.32 p95=34.52 gameMs avg=1.00 p95=1.23 renderMs avg=2.17 p95=2.82
2026.09.28-10.16.27 game -> room=cmul3dh9000fxwi2ouv5uq0qg code=<redacted> status=IN_PROGRESS
2026.09.28-10.16.29 PERF summary scope=afterWarmup warmup=5 elapsed=50.0 frames=1347 fps=29.91 frameMs avg=33.44 p50=33.33 p95=33.33 p99=33.35 max=126.89 hitches50=3 gpuMs avg=31.65 p50=33.28 p95=35.56 gameMs avg=1.40 p95=1.64 renderMs avg=2.28 p95=2.90
2026.09.28-10.16.29 PERF summary scope=started elapsed=50.0 frames=1045 fps=29.88 frameMs avg=33.47 p50=33.33 p95=33.33 p99=33.34 max=126.89 hitches50=3 gpuMs avg=31.29 p50=33.28 p95=35.65 gameMs avg=1.38 p95=1.42 renderMs avg=2.41 p95=2.95
2026.09.28-10.16.29 --- S08 trace close ---
