2026.09.28-01.05.33 --- S08 trace open 2026.09.28-01.05.33 ---
2026.09.28-01.05.34 LOGIN ok user=art-preview-host
2026.09.28-01.05.36 HEROES loaded 84
2026.09.28-01.05.36 createGame -> room=cmukjq5rs000dwing1oh4lpxt code=<redacted> status=LOBBY
2026.09.28-01.05.39 game -> room=cmukjq5rs000dwing1oh4lpxt code=<redacted> status=LOBBY
2026.09.28-01.05.39 selectHero -> room=cmukjq5rs000dwing1oh4lpxt code=<redacted> status=LOBBY
2026.09.28-01.05.42 game -> room=cmukjq5rs000dwing1oh4lpxt code=<redacted> status=LOBBY
2026.09.28-01.05.42 toggleReady -> room=cmukjq5rs000dwing1oh4lpxt code=<redacted> status=LOBBY
2026.09.28-01.05.45 game -> room=cmukjq5rs000dwing1oh4lpxt code=<redacted> status=LOBBY
2026.09.28-01.05.48 game -> room=cmukjq5rs000dwing1oh4lpxt code=<redacted> status=LOBBY
2026.09.28-01.05.51 game -> room=cmukjq5rs000dwing1oh4lpxt code=<redacted> status=LOBBY
2026.09.28-01.05.52 startGame -> room=cmukjq5rs000dwing1oh4lpxt code=<redacted> status=IN_PROGRESS
2026.09.28-01.05.52 SNAPSHOT applied seq=1 phase=ACTION_MANEUVER
2026.09.28-01.05.52 HANDLE_APPLIED #1 seq=1 decision=2 fightersValid=1 boardValid=1
2026.09.28-01.05.52 MODE seq=1 mode=0 combat=0 pending=0
2026.09.28-01.05.52 HUD seq=1 phase=ACTION_MANEUVER turn=you hand=5 oppHand=5(hidden) oppDeck=25 deck=25 discard=0
2026.09.28-01.05.52 ARTPREVIEW Cobble assets ready
2026.09.28-01.05.52 ARTPREVIEW Cobble probe lights key=4.5 fill=700 warm=85
2026.09.28-01.05.52 ARTPREVIEW Cobble active 5x6 zones=30 blue=15 red=15 blueMarks=15 redMarks=45
2026.09.28-01.05.52 CAMERA dist=1931 loc=(0,1107,1582) pitch=-55 yaw=-90
2026.09.28-01.05.52 BOARD 5x6 cells | control points: (0,0)=(-200,-250,0) (4,5)=(200,250,0) | neighbor pair (dist 100 uu)
2026.09.28-01.05.52 ARTPREVIEW fighter=Medusa hero=1 eligible=1 visual=1 mesh=SK_Medusa_FaceNeck_v2Candidate
2026.09.28-01.05.52 FIGHTERS synced n=6 alive=6 own=4 enemy=2
2026.09.28-01.05.52 STATE seq=1 -> apply
2026.09.28-01.05.52 SUBSCRIBED gameStateUpdated since=1
2026.09.28-01.05.52 SNAPSHOT applied seq=1 phase=ACTION_MANEUVER
2026.09.28-01.05.52 HANDLE_APPLIED #2 seq=1 decision=1 fightersValid=1 boardValid=1
2026.09.28-01.05.52 MODE seq=1 mode=0 combat=0 pending=0
2026.09.28-01.05.52 HUD seq=1 phase=ACTION_MANEUVER turn=you hand=5 oppHand=5(hidden) oppDeck=25 deck=25 discard=0
2026.09.28-01.05.52 ARTPREVIEW fighter=Medusa hero=1 eligible=1 visual=1 mesh=SK_Medusa_FaceNeck_v2Candidate
2026.09.28-01.05.52 FIGHTERS synced n=6 alive=6 own=4 enemy=2
2026.09.28-01.05.52 WS seq=1 phase=ACTION_MANEUVER (merge)
2026.09.28-01.05.54 game -> room=cmukjq5rs000dwing1oh4lpxt code=<redacted> status=IN_PROGRESS
2026.09.28-01.05.57 game -> room=cmukjq5rs000dwing1oh4lpxt code=<redacted> status=IN_PROGRESS
2026.09.28-01.06.00 game -> room=cmukjq5rs000dwing1oh4lpxt code=<redacted> status=IN_PROGRESS
2026.09.28-01.06.03 SHOT ctx viewport=1920x1080 viewTarget=CameraActor_2147482372 cam=(0,1107,1582) rot=(-55,-90,0)
2026.09.28-01.06.03 SHOT fighter f-0-hero pos=(2,2) world=(0,-50,0) screen=(960,476) projected=1 alive=1
2026.09.28-01.06.03 SHOT fighter f-0-sk0 pos=(3,2) world=(100,-50,0) screen=(1115,476) projected=1 alive=1
2026.09.28-01.06.03 SHOT fighter f-0-sk1 pos=(2,1) world=(0,-150,0) screen=(960,355) projected=1 alive=1
2026.09.28-01.06.03 SHOT fighter f-0-sk2 pos=(1,2) world=(-100,-50,0) screen=(805,476) projected=1 alive=1
2026.09.28-01.06.03 SHOT fighter f-1-hero pos=(2,3) world=(0,50,0) screen=(960,606) projected=1 alive=1
2026.09.28-01.06.03 SHOT fighter f-1-sk0 pos=(3,3) world=(100,50,0) screen=(1120,606) projected=1 alive=1
2026.09.28-01.06.03 SHOT requested: FScreenshotRequest(bShowUI) -> C:\Users\ren\AppData\Local\Temp\s08-phase2-20260928-060532-48640\phase2-board-host-1920x1080.png
2026.09.28-01.06.04 game -> room=cmukjq5rs000dwing1oh4lpxt code=<redacted> status=IN_PROGRESS
2026.09.28-01.06.06 game -> room=cmukjq5rs000dwing1oh4lpxt code=<redacted> status=IN_PROGRESS
2026.09.28-01.06.09 game -> room=cmukjq5rs000dwing1oh4lpxt code=<redacted> status=IN_PROGRESS
2026.09.28-01.06.12 game -> room=cmukjq5rs000dwing1oh4lpxt code=<redacted> status=IN_PROGRESS
2026.09.28-01.06.15 --- S08 trace close ---
