2026.09.29-09.19.39 --- S08 trace open 2026.09.29-09.19.39 ---
2026.09.29-09.19.39 HUD icon texture size=32 ready=1 path=/Game/ArtTests/ARTMarkers/Textures/T_UI_Action_Attack_32 texture=32x32 probe=0 plate=1
2026.09.29-09.19.39 HUD art widget plate impl=umg source=/Game/S08/UI/ArtHud/WBP_S08ArtPlate class=/Game/S08/UI/ArtHud/WBP_S08ArtPlate.WBP_S08ArtPlate_C parts=1 missing=- codeDefaultTree=0
2026.09.29-09.19.39 HUD art widget icon impl=umg source=/Game/S08/UI/ArtHud/WBP_S08ArtIcon class=/Game/S08/UI/ArtHud/WBP_S08ArtIcon.WBP_S08ArtIcon_C parts=1 missing=- codeDefaultTree=0
2026.09.29-09.19.39 RENDER preset applied=High flag=S08RenderPreset
2026.09.29-09.19.39 LOGIN ok user=art-preview-joiner
2026.09.29-09.19.42 HEROES loaded 84
2026.09.29-09.19.42 CODE resolved -> cmumgtass0019wiykvd280tep
2026.09.29-09.19.42 joinGame -> room=cmumgtass0019wiykvd280tep code=<redacted> status=LOBBY
2026.09.29-09.19.44 PERF config tMaxFPS=30.0 frameRateLimit=60.0 vsync=0 smoothFrameRate=0 fixedFrameRate=0 rhi=D3D12
2026.09.29-09.19.44 RENDER tag=PERF rhi=D3D12 featureLevel=SM6 shaderPlatform=PCD3D_SM6 lumenPlatform=1 gi=lumen giMethod=1 refl=lumen reflMethod=1 shadows=csm vsmEnable=0 sg.res=100 sg.view=2 sg.aa=2 sg.shadow=2 sg.gi=2 sg.refl=2 sg.pp=2 sg.tex=2 sg.fx=2 sg.foliage=2 sg.shading=2 sg.landscape=2 preset=High screenPct=100.0 screenPctMode=0 aa=TSR aaMethod=4 exposure=engine-default expMin=1.00000 expMax=1.00000 expBias=1.000 ev100=0.00 lightUnits=- sky=0 skyIntensity=0.000 keyShadow=- shadowCasters=0 profile=- profilesSha256=- profilesSource=- legacyRender=0 gameLayer=unlit-eyeadaptinv tMaxFPS=30.0 vsync=0 frameRateLimit=60.0 substrate=0 nanite=1 meshDF=1 viewport=1920x1080 reference=0 notReference=noArtProfile,exposure,lightUnits,profilesSource
2026.09.29-09.19.44 PERF window t=0.0-5.0 frames=151 fps=29.99 frameMs avg=33.35 p50=33.33 p95=33.33 p99=33.46 max=35.61 hitches50=0 gpuMs avg=1.18 p50=1.25 p95=1.32 gameMs avg=1.76 p95=2.25 renderMs avg=2849.09 p95=4.70
2026.09.29-09.19.45 game -> room=cmumgtass0019wiykvd280tep code=<redacted> status=LOBBY
2026.09.29-09.19.45 selectHero -> room=cmumgtass0019wiykvd280tep code=<redacted> status=LOBBY
2026.09.29-09.19.48 game -> room=cmumgtass0019wiykvd280tep code=<redacted> status=LOBBY
2026.09.29-09.19.48 toggleReady -> room=cmumgtass0019wiykvd280tep code=<redacted> status=LOBBY
2026.09.29-09.19.49 PERF window t=5.0-10.0 frames=150 fps=30.00 frameMs avg=33.34 p50=33.33 p95=33.34 p99=33.37 max=33.46 hitches50=0 gpuMs avg=1.26 p50=1.25 p95=1.30 gameMs avg=1.48 p95=1.70 renderMs avg=2.36 p95=2.80
2026.09.29-09.19.51 game -> room=cmumgtass0019wiykvd280tep code=<redacted> status=LOBBY
2026.09.29-09.19.54 PERF window t=10.0-15.0 frames=150 fps=30.00 frameMs avg=33.33 p50=33.33 p95=33.34 p99=33.35 max=33.40 hitches50=0 gpuMs avg=1.27 p50=1.27 p95=1.31 gameMs avg=1.50 p95=1.87 renderMs avg=2.69 p95=3.40
2026.09.29-09.19.54 game -> room=cmumgtass0019wiykvd280tep code=<redacted> status=IN_PROGRESS
2026.09.29-09.19.54 WS DROPPED (test-initiated transport loss)
2026.09.29-09.19.54 WS closed (test drop) - reconnect in 1s
2026.09.29-09.19.54 SNAPSHOT applied seq=1 phase=ACTION_MANEUVER
2026.09.29-09.19.54 HANDLE_APPLIED #1 seq=1 decision=2 fightersValid=1 boardValid=1
2026.09.29-09.19.54 MODE seq=1 mode=0 combat=0 pending=0
2026.09.29-09.19.54 HUD seq=1 phase=ACTION_MANEUVER turn=opp hand=5 oppHand=5(hidden) oppDeck=25 deck=25 discard=0
2026.09.29-09.19.54 ARTPREVIEW board profiles loaded=1 revision=3 boards=3 zoneStyles=11 lightProfiles=3 errors=0 path=Config/ArtBoards/S08ArtBoardProfiles.json
2026.09.29-09.19.54 ARTPREVIEW board profiles source=pak sha256=750f4936b713cdca3f847e2768d51e8c3f64e7bbcf0f8b03d1b81612f145f330
2026.09.29-09.19.54 ARTPREVIEW zone content instances=12/12 glyphMeshes=11/11
2026.09.29-09.19.54 ARTPREVIEW game layer material=M_S08_GameLayerUnlit unlitEyeAdaptInv=1 legacyRender=0
2026.09.29-09.19.54 ARTPREVIEW Cobble assets ready
2026.09.29-09.19.54 ARTPREVIEW board assets ready cobbleMesh=1 tiles=1 zoneMaterials=2
2026.09.29-09.19.54 ARTPREVIEW medusa candidate variant=face-neck-v2 mesh=SK_Medusa_FaceNeck_v2Candidate requested=face-neck-v2
2026.09.29-09.19.54 ARTPREVIEW board profile=t-rex-paddock-art-fixture match=boardId board=7x5 boardId=c70e9f624617750c2a2b856fd surface=tiles light=paddock-probe artFixture=1
2026.09.29-09.19.54 ARTPREVIEW light profile=paddock-probe name=key role=key kind=directional at=(-350,-150,600) intensity=3.5 units=lux radius=0 color=(0.62,0.69,0.88) shadow=1
2026.09.29-09.19.54 ARTPREVIEW light profile=paddock-probe name=warm-practical role=warm kind=point at=(105,-225,250) intensity=130 units=candelas radius=430 color=(1.00,0.59,0.30) shadow=0
2026.09.29-09.19.54 ARTPREVIEW light profile=paddock-probe name=cyan-rim role=cool kind=point at=(-315,-225,250) intensity=85 units=candelas radius=420 color=(0.55,0.80,1.00) shadow=0
2026.09.29-09.19.54 ARTPREVIEW light profile=paddock-probe name=indigo-pool role=cool kind=point at=(245,200,240) intensity=70 units=candelas radius=360 color=(0.45,0.50,0.95) shadow=0
2026.09.29-09.19.54 ARTPREVIEW sky profile=paddock-probe cubemap=/Game/S08/Render/TC_S08_AmbientDome loaded=1 spawned=1 intensity=14.1 color=(0.84,0.88,0.96) lowerBlack=0
2026.09.29-09.19.54 ARTPREVIEW exposure profile=paddock-probe method=histogram-fixed min=2.46229 max=2.46229 bias=0.000 ev100=1.30 volume=1
2026.09.29-09.19.54 ARTPREVIEW lights applied profile=paddock-probe directional=1 shadow=1 points=3 pointShadows=0 budgetOk=1
2026.09.29-09.19.54 ARTPREVIEW render profile=paddock-probe units=candelas sky=1 exposure=1 keyShadow=csm-3000uu-2c-contact0.000 shadowCasters=1 legacyRender=0
2026.09.29-09.19.54 ARTPREVIEW board glyph meshes instances=39 keys=6/6 cubePieces=0 anchors=39
2026.09.29-09.19.54 ARTPREVIEW board active profile=t-rex-paddock-art-fixture 7x5 surface=tiles cells=35 zoneCells=26 multizone=13 triple=0 obstacles=9 zoneKeys=6 strokes=111 glyphs=80 surfaceParts=30 glyphMaterial=zone expectOk=1
2026.09.29-09.19.54 ARTPREVIEW board zone key=blue cells=6 stroke=solid glyph=diamond color=#3B78D8 ismUsage=1 strokePieces=6 glyphPieces=6 mi=MI_ART005_Zone_Blue glyphMesh=SM_ART005_ZoneGlyph_Diamond glyphInstances=6 fallback=0
2026.09.29-09.19.54 ARTPREVIEW board zone key=blue-green cells=7 stroke=double glyph=bars3 color=#34C3B6 ismUsage=1 strokePieces=14 glyphPieces=21 mi=MI_ART005_Zone_BlueGreen glyphMesh=SM_ART005_ZoneGlyph_Bars3 glyphInstances=7 fallback=0
2026.09.29-09.19.54 ARTPREVIEW board zone key=gray cells=7 stroke=dots5 glyph=square color=#D2D7DC ismUsage=1 strokePieces=35 glyphPieces=7 mi=MI_ART005_Zone_Gray glyphMesh=SM_ART005_ZoneGlyph_Square glyphInstances=7 fallback=0
2026.09.29-09.19.54 ARTPREVIEW board zone key=green cells=8 stroke=dash2 glyph=cross color=#46B45A ismUsage=1 strokePieces=16 glyphPieces=16 mi=MI_ART005_Zone_Green glyphMesh=SM_ART005_ZoneGlyph_Cross glyphInstances=8 fallback=0
2026.09.29-09.19.54 ARTPREVIEW board zone key=purple cells=4 stroke=dashdot glyph=ring color=#A070DC ismUsage=1 strokePieces=12 glyphPieces=16 mi=MI_ART005_Zone_Purple glyphMesh=SM_ART005_ZoneGlyph_Ring glyphInstances=4 fallback=0
2026.09.29-09.19.54 ARTPREVIEW board zone key=yellow cells=7 stroke=dash4 glyph=chevron color=#F4D24A ismUsage=1 strokePieces=28 glyphPieces=14 mi=MI_ART005_Zone_Yellow glyphMesh=SM_ART005_ZoneGlyph_Chevron glyphInstances=7 fallback=0
2026.09.29-09.19.54 ARTPREVIEW board multizone cells=13 zonesListed=26 zonesMarked=26
2026.09.29-09.19.54 ARTPREVIEW board multizone cell=(0,0) blue+green strokeSides=0+1 glyphSlots=0+1 marked=2/2
2026.09.29-09.19.54 ARTPREVIEW board multizone cell=(3,0) green+yellow strokeSides=0+1 glyphSlots=0+1 marked=2/2
2026.09.29-09.19.54 ARTPREVIEW board multizone cell=(2,1) green+yellow strokeSides=0+1 glyphSlots=0+1 marked=2/2
2026.09.29-09.19.54 ARTPREVIEW board multizone cell=(3,1) green+yellow strokeSides=0+1 glyphSlots=0+1 marked=2/2
2026.09.29-09.19.54 ARTPREVIEW board multizone cell=(5,1) gray+blue-green strokeSides=0+1 glyphSlots=0+1 marked=2/2
2026.09.29-09.19.54 ARTPREVIEW board multizone cell=(1,2) blue+yellow strokeSides=0+1 glyphSlots=0+1 marked=2/2
2026.09.29-09.19.54 ARTPREVIEW board multizone cell=(2,2) green+yellow strokeSides=0+1 glyphSlots=0+1 marked=2/2
2026.09.29-09.19.54 ARTPREVIEW board multizone cell=(4,2) gray+green strokeSides=0+1 glyphSlots=0+1 marked=2/2
2026.09.29-09.19.54 ARTPREVIEW board multizone cell=(5,2) gray+blue-green strokeSides=0+1 glyphSlots=0+1 marked=2/2
2026.09.29-09.19.54 ARTPREVIEW board multizone cell=(0,4) blue+purple strokeSides=0+1 glyphSlots=0+1 marked=2/2
2026.09.29-09.19.54 ARTPREVIEW board multizone cell=(2,4) purple+yellow strokeSides=0+1 glyphSlots=0+1 marked=2/2
2026.09.29-09.19.54 ARTPREVIEW board multizone cell=(3,4) gray+purple strokeSides=0+1 glyphSlots=0+1 marked=2/2
2026.09.29-09.19.54 ARTPREVIEW board multizone cell=(5,4) gray+blue-green strokeSides=0+1 glyphSlots=0+1 marked=2/2
2026.09.29-09.19.54 CAMERA dist=1672 loc=(0,959,1370) pitch=-55 yaw=-90
2026.09.29-09.19.54 CAMERA config overview=1672.1 nearest=300.0 farthest=2572.5 zoomRange=0.65-5.57 minDist=300.0 outRatio=0.650 step=1.250 animMs=200 returnMs=300 followFrom=1.20 source=defaults issues=0
2026.09.29-09.19.54 BOARD 7x5 cells | control points: (0,0)=(-300,-200,0) (6,4)=(300,200,0) | neighbor pair (dist 100 uu)
2026.09.29-09.19.54 ARTPREVIEW medusa materials fighter=f-0-hero team=enemy mesh=SK_Medusa_FaceNeck_v2Candidate slots=2 mi=/Game/ArtPreview/Medusa/Materials/MI_Medusa_Red.MI_Medusa_Red slot1=/Game/ArtPreview/Medusa/Materials/MI_Medusa_Red.MI_Medusa_Red base=/Game/ArtPreview/Medusa/Materials/MI_Medusa_Red.MI_Medusa_Red parent=/Game/ArtPreview/Medusa/Materials/M_Medusa_Atlas.M_Medusa_Atlas params=1 miSha256=fbdee2fac5f5097a6af1ba715af94e4ac1a61e4100b23b5f2cc9ae575ae68653
2026.09.29-09.19.54 ARTPREVIEW click capsule fighter=f-0-hero mesh=SK_Medusa_FaceNeck_v2Candidate physicsAsset=0 radius=12.5 halfHeight=27.5 top=55.0 bodyCollision=0 source=meshBounds
2026.09.29-09.19.54 ARTPREVIEW fighter=Medusa hero=1 eligible=1 visual=1 mesh=SK_Medusa_FaceNeck_v2Candidate
2026.09.29-09.19.54 ARTPREVIEW click capsule fighter=f-0-sk0 mesh=SM_ART003_Harpy physicsAsset=0 radius=20.0 halfHeight=21.0 top=42.0 bodyCollision=0 source=meshBounds
2026.09.29-09.19.54 ARTPREVIEW click capsule fighter=f-0-sk1 mesh=SM_ART003_Harpy physicsAsset=0 radius=20.0 halfHeight=21.0 top=42.0 bodyCollision=0 source=meshBounds
2026.09.29-09.19.54 ARTPREVIEW click capsule fighter=f-0-sk2 mesh=SM_ART003_Harpy physicsAsset=0 radius=20.0 halfHeight=21.0 top=42.0 bodyCollision=0 source=meshBounds
2026.09.29-09.19.54 ARTPREVIEW click capsule fighter=f-1-hero mesh=SM_ART003_Arthur physicsAsset=0 radius=17.8 halfHeight=28.0 top=56.0 bodyCollision=0 source=meshBounds
2026.09.29-09.19.54 ARTPREVIEW click capsule fighter=f-1-sk0 mesh=SM_ART003_Merlin physicsAsset=0 radius=14.7 halfHeight=30.8 top=61.5 bodyCollision=0 source=meshBounds
2026.09.29-09.19.54 FIGHTERS synced n=6 alive=6 own=2 enemy=4
2026.09.29-09.19.54 STATE seq=1 -> apply
2026.09.29-09.19.54 WS closed 1000 (normal closure)
2026.09.29-09.19.54 HUD art layer plate=1 iconSize=32 iconTexture=1 iconProbe=0 plan=0
2026.09.29-09.19.54 HUD art impl=umg plateViews=umg:/Game/S08/UI/ArtHud/WBP_S08ArtPlate iconViews=umg:/Game/S08/UI/ArtHud/WBP_S08ArtIcon textTable=S08ArtHud entries=13 missingKeys=0
2026.09.29-09.19.55 WS reconnect attempt
2026.09.29-09.19.55 SUBSCRIBED gameStateUpdated since=1
2026.09.29-09.19.55 WS reconnected - refetching gameState
2026.09.29-09.19.55 SNAPSHOT applied seq=1 phase=ACTION_MANEUVER
2026.09.29-09.19.55 HANDLE_APPLIED #2 seq=1 decision=1 fightersValid=1 boardValid=1
2026.09.29-09.19.55 MODE seq=1 mode=0 combat=0 pending=0
2026.09.29-09.19.55 HUD seq=1 phase=ACTION_MANEUVER turn=opp hand=5 oppHand=5(hidden) oppDeck=25 deck=25 discard=0
2026.09.29-09.19.55 ARTPREVIEW fighter=Medusa hero=1 eligible=1 visual=1 mesh=SK_Medusa_FaceNeck_v2Candidate
2026.09.29-09.19.55 FIGHTERS synced n=6 alive=6 own=2 enemy=4
2026.09.29-09.19.55 STATE seq=1 -> merge
2026.09.29-09.19.55 SNAPSHOT applied seq=1 phase=ACTION_MANEUVER
2026.09.29-09.19.55 HANDLE_APPLIED #3 seq=1 decision=1 fightersValid=1 boardValid=1
2026.09.29-09.19.55 MODE seq=1 mode=0 combat=0 pending=0
2026.09.29-09.19.55 HUD seq=1 phase=ACTION_MANEUVER turn=opp hand=5 oppHand=5(hidden) oppDeck=25 deck=25 discard=0
2026.09.29-09.19.55 ARTPREVIEW fighter=Medusa hero=1 eligible=1 visual=1 mesh=SK_Medusa_FaceNeck_v2Candidate
2026.09.29-09.19.55 FIGHTERS synced n=6 alive=6 own=2 enemy=4
2026.09.29-09.19.55 WS seq=1 phase=ACTION_MANEUVER (merge)
2026.09.29-09.19.57 game -> room=cmumgtass0019wiykvd280tep code=<redacted> status=IN_PROGRESS
2026.09.29-09.19.59 PERF window t=15.0-20.1 frames=150 fps=29.85 frameMs avg=33.50 p50=33.33 p95=33.35 p99=40.55 max=50.79 hitches50=1 gpuMs avg=1.91 p50=1.90 p95=2.04 gameMs avg=1.73 p95=1.85 renderMs avg=4.16 p95=4.56
2026.09.29-09.20.00 game -> room=cmumgtass0019wiykvd280tep code=<redacted> status=IN_PROGRESS
2026.09.29-09.20.03 game -> room=cmumgtass0019wiykvd280tep code=<redacted> status=IN_PROGRESS
2026.09.29-09.20.04 PERF window t=20.1-25.1 frames=150 fps=30.00 frameMs avg=33.33 p50=33.33 p95=33.34 p99=33.35 max=33.35 hitches50=0 gpuMs avg=1.91 p50=1.89 p95=2.05 gameMs avg=1.23 p95=1.57 renderMs avg=3.08 p95=4.14
2026.09.29-09.20.06 game -> room=cmumgtass0019wiykvd280tep code=<redacted> status=IN_PROGRESS
2026.09.29-09.20.09 game -> room=cmumgtass0019wiykvd280tep code=<redacted> status=IN_PROGRESS
2026.09.29-09.20.09 PERF window t=25.1-30.1 frames=151 fps=30.00 frameMs avg=33.33 p50=33.33 p95=33.33 p99=33.35 max=33.35 hitches50=0 gpuMs avg=1.92 p50=1.90 p95=2.06 gameMs avg=1.18 p95=1.45 renderMs avg=2.93 p95=3.46
2026.09.29-09.20.12 game -> room=cmumgtass0019wiykvd280tep code=<redacted> status=IN_PROGRESS
2026.09.29-09.20.14 PERF window t=30.1-35.1 frames=151 fps=30.00 frameMs avg=33.33 p50=33.33 p95=33.33 p99=33.35 max=33.36 hitches50=0 gpuMs avg=1.87 p50=1.86 p95=2.04 gameMs avg=1.27 p95=1.50 renderMs avg=2.92 p95=3.47
2026.09.29-09.20.15 SHOT ctx viewport=1920x1080 viewTarget=CameraActor_2147482334 cam=(0,959,1370) rot=(-55,-90,0)
2026.09.29-09.20.15 RENDER tag=SHOT rhi=D3D12 featureLevel=SM6 shaderPlatform=PCD3D_SM6 lumenPlatform=1 gi=lumen giMethod=1 refl=lumen reflMethod=1 shadows=csm vsmEnable=0 sg.res=100 sg.view=2 sg.aa=2 sg.shadow=2 sg.gi=2 sg.refl=2 sg.pp=2 sg.tex=2 sg.fx=2 sg.foliage=2 sg.shading=2 sg.landscape=2 preset=High screenPct=100.0 screenPctMode=0 aa=TSR aaMethod=4 exposure=fixed-histogram expMin=2.46229 expMax=2.46229 expBias=0.000 ev100=1.30 lightUnits=candelas sky=1 skyIntensity=14.100 keyShadow=csm-3000uu-2c-contact0.000 shadowCasters=1 profile=paddock-probe profilesSha256=750f4936b713cdca3f847e2768d51e8c3f64e7bbcf0f8b03d1b81612f145f330 profilesSource=pak legacyRender=0 gameLayer=unlit-eyeadaptinv tMaxFPS=30.0 vsync=0 frameRateLimit=60.0 substrate=0 nanite=1 meshDF=1 viewport=1920x1080 reference=1
2026.09.29-09.20.15 SHOT fighter f-0-hero pos=(2,2) world=(-100,0,0) screen=(778,540) projected=1 alive=1
2026.09.29-09.20.15 SHOT fighter f-0-sk0 pos=(2,3) world=(-100,100,0) screen=(771,694) projected=1 alive=1
2026.09.29-09.20.15 SHOT fighter f-0-sk1 pos=(2,1) world=(-100,-100,0) screen=(784,396) projected=1 alive=1
2026.09.29-09.20.15 SHOT fighter f-0-sk2 pos=(1,2) world=(-200,0,0) screen=(596,540) projected=1 alive=1
2026.09.29-09.20.15 SHOT fighter f-1-hero pos=(4,2) world=(100,0,0) screen=(1142,540) projected=1 alive=1
2026.09.29-09.20.15 SHOT fighter f-1-sk0 pos=(5,2) world=(200,0,0) screen=(1324,540) projected=1 alive=1
2026.09.29-09.20.15 SHOT camera dist=1672.1 target=1672.1 overview=1672.1 errPct=0.000 focusErr=0.00 settled=1 zoom=1.00
2026.09.29-09.20.15 SHOT head fighter=f-0-hero socket=Head mesh=SK_Medusa_FaceNeck_v2Candidate world=(-100.0,-4.0,38.5) screen=(774.7,493.0) top=(774.1,486.5) bottom=(775.2,499.5) headPx=13.1 projected=1
2026.09.29-09.20.15 SHOT label fighter=f-0-hero mode=full bbox=(717,430,823,469)
2026.09.29-09.20.15 SHOT label fighter=f-0-sk0 mode=full bbox=(705,610,824,641)
2026.09.29-09.20.15 SHOT label fighter=f-0-sk1 mode=full bbox=(723,305,833,338)
2026.09.29-09.20.15 SHOT label fighter=f-0-sk2 mode=full bbox=(524,452,642,484)
2026.09.29-09.20.15 SHOT label fighter=f-1-hero mode=full bbox=(1095,436,1205,469)
2026.09.29-09.20.15 SHOT label fighter=f-1-sk0 mode=full bbox=(1293,450,1381,484)
2026.09.29-09.20.15 SHOT requested: FScreenshotRequest(bShowUI) -> C:\Users\ren\AppData\Local\Temp\s08-phase2-20260929-141931-37864\phase2-board-joiner-1920x1080.png
2026.09.29-09.20.15 game -> room=cmumgtass0019wiykvd280tep code=<redacted> status=IN_PROGRESS
2026.09.29-09.20.18 game -> room=cmumgtass0019wiykvd280tep code=<redacted> status=IN_PROGRESS
2026.09.29-09.20.19 PERF window t=35.1-40.1 frames=146 fps=29.16 frameMs avg=34.30 p50=33.33 p95=33.33 p99=33.34 max=174.04 hitches50=1 gpuMs avg=1.88 p50=1.86 p95=2.05 gameMs avg=2.32 p95=1.54 renderMs avg=3.05 p95=3.59
2026.09.29-09.20.21 game -> room=cmumgtass0019wiykvd280tep code=<redacted> status=IN_PROGRESS
2026.09.29-09.20.24 game -> room=cmumgtass0019wiykvd280tep code=<redacted> status=IN_PROGRESS
2026.09.29-09.20.24 PERF window t=40.1-45.1 frames=150 fps=29.99 frameMs avg=33.35 p50=33.33 p95=33.33 p99=33.34 max=35.30 hitches50=0 gpuMs avg=1.86 p50=1.83 p95=2.05 gameMs avg=1.17 p95=1.27 renderMs avg=3.05 p95=3.54
2026.09.29-09.20.27 game -> room=cmumgtass0019wiykvd280tep code=<redacted> status=IN_PROGRESS
2026.09.29-09.20.29 PERF summary scope=afterWarmup warmup=5 elapsed=50.0 frames=1346 fps=29.89 frameMs avg=33.46 p50=33.33 p95=33.33 p99=33.35 max=174.04 hitches50=2 gpuMs avg=1.75 p50=1.85 p95=2.03 gameMs avg=1.42 p95=1.67 renderMs avg=3.02 p95=3.62
2026.09.29-09.20.29 PERF summary scope=started elapsed=50.0 frames=1044 fps=29.86 frameMs avg=33.49 p50=33.33 p95=33.33 p99=33.35 max=174.04 hitches50=2 gpuMs avg=1.89 p50=1.87 p95=2.05 gameMs avg=1.40 p95=1.50 renderMs avg=3.17 p95=3.76
2026.09.29-09.20.29 PERF summary scope=artHud impl=umg elapsed=50.0 frames=0 fps=0.00 frameMs avg=0.00 p50=0.00 p95=0.00 p99=0.00 max=0.00 hitches50=0 gpuMs avg=0.00 p50=0.00 p95=0.00 gameMs avg=0.00 p95=0.00 renderMs avg=0.00 p95=0.00
2026.09.29-09.20.29 --- S08 trace close ---
