2026.09.26-05.46.32 SNAPSHOT applied seq=4 phase=ACTION_MANEUVER
2026.09.26-05.46.32 MODE seq=4 mode=0 combat=0 pending=0
2026.09.26-05.46.33 SNAPSHOT applied seq=5 phase=ACTION_MANEUVER
2026.09.26-05.46.33 MODE seq=5 mode=0 combat=0 pending=0
2026.09.26-05.46.33 SNAPSHOT applied seq=6 phase=ACTION_MANEUVER
2026.09.26-05.46.33 MODE seq=6 mode=6 combat=0 pending=1
2026.09.26-05.46.33 SNAPSHOT applied seq=6 phase=ACTION_MANEUVER
2026.09.26-05.46.33 MODE seq=6 mode=6 combat=0 pending=1
2026.09.26-05.46.34 S09AUTO pending-open shot (type=DECK_TOP_PICK stage=0 mode=PICK)
2026.09.26-05.46.34 S09AUTO pending picked (type=DECK_TOP_PICK stage=0)
2026.09.26-05.46.34 SNAPSHOT applied seq=7 phase=ACTION_MANEUVER
2026.09.26-05.46.34 MODE seq=7 mode=6 combat=0 pending=1
2026.09.26-05.46.34 SNAPSHOT applied seq=7 phase=ACTION_MANEUVER
2026.09.26-05.46.34 MODE seq=7 mode=6 combat=0 pending=1
2026.09.26-05.46.34 PEND resolve done seq=7 (merge) phase=ACTION_MANEUVER
2026.09.26-05.46.34 S09AUTO pending-open shot (type=DECK_TOP_PICK stage=0 mode=ORDER)
2026.09.26-05.46.34 S09AUTO pending picked (type=DECK_TOP_PICK stage=0)
2026.09.26-05.46.34 SNAPSHOT applied seq=8 phase=ACTION_MANEUVER
2026.09.26-05.46.34 MODE seq=8 mode=0 combat=0 pending=0
2026.09.26-05.46.34 SNAPSHOT applied seq=8 phase=ACTION_MANEUVER
2026.09.26-05.46.34 MODE seq=8 mode=0 combat=0 pending=0
2026.09.26-05.46.34 PEND resolve done seq=8 (merge) phase=ACTION_MANEUVER
2026.09.26-05.46.34 SNAPSHOT applied seq=9 phase=ACTION_MANEUVER
2026.09.26-05.46.34 MODE seq=9 mode=6 combat=0 pending=1
2026.09.26-05.46.34 SNAPSHOT applied seq=9 phase=ACTION_MANEUVER
2026.09.26-05.46.34 MODE seq=9 mode=6 combat=0 pending=1
2026.09.26-05.46.36 S09AUTO pending-open shot (type=CHOOSE_SPACE stage=1 mode=)
2026.09.26-05.46.36 S09AUTO pending picked (type=CHOOSE_SPACE stage=1)
2026.09.26-05.46.36 SNAPSHOT applied seq=10 phase=ACTION_MANEUVER
2026.09.26-05.46.36 MODE seq=10 mode=6 combat=0 pending=1
2026.09.26-05.46.36 SNAPSHOT applied seq=10 phase=ACTION_MANEUVER
2026.09.26-05.46.36 MODE seq=10 mode=6 combat=0 pending=1
2026.09.26-05.46.36 PEND resolve done seq=10 (merge) phase=ACTION_MANEUVER
2026.09.26-05.46.36 S09AUTO pending-open shot (type=CHOOSE_SPACE stage=2 mode=)
2026.09.26-05.46.36 S09AUTO pending picked (type=CHOOSE_SPACE stage=2)
2026.09.26-05.46.36 SNAPSHOT applied seq=11 phase=ACTION_MANEUVER
2026.09.26-05.46.36 MODE seq=11 mode=0 combat=0 pending=0
2026.09.26-05.46.36 SNAPSHOT applied seq=11 phase=ACTION_MANEUVER
2026.09.26-05.46.36 MODE seq=11 mode=0 combat=0 pending=0
2026.09.26-05.46.36 PEND resolve done seq=11 (merge) phase=ACTION_MANEUVER
2026.09.26-05.46.36 SNAPSHOT applied seq=12 phase=ACTION_MANEUVER
2026.09.26-05.46.36 MODE seq=12 mode=0 combat=0 pending=0
2026.09.26-05.46.36 SNAPSHOT applied seq=13 phase=ACTION_MANEUVER
2026.09.26-05.46.36 MODE seq=13 mode=0 combat=0 pending=0
2026.09.26-05.46.38 SNAPSHOT applied seq=14 phase=ACTION_MANEUVER
2026.09.26-05.46.38 MODE seq=14 mode=0 combat=0 pending=0
2026.09.26-05.46.38 SNAPSHOT applied seq=15 phase=ACTION_MANEUVER
2026.09.26-05.46.38 MODE seq=15 mode=0 combat=0 pending=0
2026.09.26-05.46.38 SNAPSHOT applied seq=16 phase=ACTION_MANEUVER
2026.09.26-05.46.38 MODE seq=16 mode=6 combat=0 pending=1
2026.09.26-05.46.38 SNAPSHOT applied seq=16 phase=ACTION_MANEUVER
2026.09.26-05.46.38 MODE seq=16 mode=6 combat=0 pending=1
2026.09.26-05.46.39 S09AUTO pending-open shot (type=MOVE stage=0 mode=)
2026.09.26-05.46.40 S09AUTO pending picked (type=MOVE stage=0)
2026.09.26-05.46.40 SNAPSHOT applied seq=17 phase=ACTION_MANEUVER
2026.09.26-05.46.40 MODE seq=17 mode=6 combat=0 pending=1
2026.09.26-05.46.40 SNAPSHOT applied seq=17 phase=ACTION_MANEUVER
2026.09.26-05.46.40 MODE seq=17 mode=6 combat=0 pending=1
2026.09.26-05.46.40 PEND resolve done seq=17 (merge) phase=ACTION_MANEUVER
2026.09.26-05.46.40 S09AUTO pending picked (type=MOVE stage=0)
2026.09.26-05.46.40 SNAPSHOT applied seq=18 phase=ACTION_MANEUVER
2026.09.26-05.46.40 MODE seq=18 mode=6 combat=0 pending=1
2026.09.26-05.46.40 SNAPSHOT applied seq=18 phase=ACTION_MANEUVER
2026.09.26-05.46.40 MODE seq=18 mode=6 combat=0 pending=1
2026.09.26-05.46.40 PEND resolve done seq=18 (merge) phase=ACTION_MANEUVER
2026.09.26-05.46.40 S09AUTO pending picked (type=MOVE stage=0)
2026.09.26-05.46.40 SNAPSHOT applied seq=19 phase=ACTION_MANEUVER
2026.09.26-05.46.40 MODE seq=19 mode=6 combat=0 pending=1
2026.09.26-05.46.40 SNAPSHOT applied seq=19 phase=ACTION_MANEUVER
2026.09.26-05.46.40 MODE seq=19 mode=6 combat=0 pending=1
2026.09.26-05.46.40 PEND resolve done seq=19 (merge) phase=ACTION_MANEUVER
2026.09.26-05.46.40 S09AUTO pending picked (type=MOVE stage=0)
2026.09.26-05.46.40 SNAPSHOT applied seq=20 phase=ACTION_MANEUVER
2026.09.26-05.46.40 MODE seq=20 mode=6 combat=0 pending=1
2026.09.26-05.46.40 SNAPSHOT applied seq=20 phase=ACTION_MANEUVER
2026.09.26-05.46.40 MODE seq=20 mode=6 combat=0 pending=1
2026.09.26-05.46.40 PEND resolve done seq=20 (merge) phase=ACTION_MANEUVER
2026.09.26-05.46.40 S09AUTO pending picked (type=MOVE stage=0)
2026.09.26-05.46.40 SNAPSHOT applied seq=21 phase=ACTION_MANEUVER
2026.09.26-05.46.40 MODE seq=21 mode=6 combat=0 pending=1
2026.09.26-05.46.40 SNAPSHOT applied seq=21 phase=ACTION_MANEUVER
2026.09.26-05.46.40 MODE seq=21 mode=6 combat=0 pending=1
2026.09.26-05.46.40 PEND resolve done seq=21 (merge) phase=ACTION_MANEUVER
2026.09.26-05.46.40 S09AUTO pending picked (type=MOVE stage=0)
2026.09.26-05.46.40 SNAPSHOT applied seq=22 phase=ACTION_MANEUVER
2026.09.26-05.46.40 MODE seq=22 mode=0 combat=0 pending=0
2026.09.26-05.46.40 SNAPSHOT applied seq=22 phase=ACTION_MANEUVER
2026.09.26-05.46.40 MODE seq=22 mode=0 combat=0 pending=0
2026.09.26-05.46.40 PEND resolve done seq=22 (merge) phase=ACTION_MANEUVER
2026.09.26-05.46.40 SNAPSHOT applied seq=23 phase=ACTION_MANEUVER
2026.09.26-05.46.40 MODE seq=23 mode=1 combat=0 pending=0
2026.09.26-05.46.40 SNAPSHOT applied seq=23 phase=ACTION_MANEUVER
2026.09.26-05.46.40 MODE seq=23 mode=1 combat=0 pending=0
2026.09.26-05.46.41 SNAPSHOT applied seq=24 phase=ACTION_MANEUVER
2026.09.26-05.46.41 MODE seq=24 mode=0 combat=0 pending=0
2026.09.26-05.46.41 SNAPSHOT applied seq=24 phase=ACTION_MANEUVER
2026.09.26-05.46.41 MODE seq=24 mode=0 combat=0 pending=0
2026.09.26-05.46.41 SNAPSHOT applied seq=25 phase=ACTION_MANEUVER
2026.09.26-05.46.41 MODE seq=25 mode=0 combat=0 pending=0
2026.09.26-05.46.41 SNAPSHOT applied seq=26 phase=ACTION_MANEUVER
2026.09.26-05.46.41 MODE seq=26 mode=0 combat=0 pending=0
2026.09.26-05.46.43 SNAPSHOT applied seq=27 phase=ACTION_MANEUVER
2026.09.26-05.46.43 MODE seq=27 mode=0 combat=0 pending=0
2026.09.26-05.46.43 SNAPSHOT applied seq=28 phase=TURN_END
2026.09.26-05.46.43 MODE seq=28 mode=0 combat=0 pending=0
2026.09.26-05.46.44 SNAPSHOT applied seq=29 phase=ACTION_MANEUVER
2026.09.26-05.46.44 MODE seq=29 mode=0 combat=0 pending=0
2026.09.26-05.46.44 SNAPSHOT applied seq=30 phase=ACTION_MANEUVER
2026.09.26-05.46.44 MODE seq=30 mode=1 combat=0 pending=0
2026.09.26-05.46.44 SNAPSHOT applied seq=30 phase=ACTION_MANEUVER
2026.09.26-05.46.44 MODE seq=30 mode=1 combat=0 pending=0
2026.09.26-05.46.44 SNAPSHOT applied seq=31 phase=ACTION_MANEUVER
2026.09.26-05.46.44 MODE seq=31 mode=0 combat=0 pending=0
2026.09.26-05.46.44 SNAPSHOT applied seq=31 phase=ACTION_MANEUVER
2026.09.26-05.46.44 MODE seq=31 mode=0 combat=0 pending=0
2026.09.26-05.46.45 SNAPSHOT applied seq=32 phase=ACTION_MANEUVER
2026.09.26-05.46.45 MODE seq=32 mode=1 combat=0 pending=0
2026.09.26-05.46.45 SNAPSHOT applied seq=32 phase=ACTION_MANEUVER
2026.09.26-05.46.45 MODE seq=32 mode=1 combat=0 pending=0
2026.09.26-05.46.45 SNAPSHOT applied seq=33 phase=ACTION_MANEUVER
2026.09.26-05.46.45 MODE seq=33 mode=0 combat=0 pending=1
2026.09.26-05.46.45 SNAPSHOT applied seq=33 phase=ACTION_MANEUVER
2026.09.26-05.46.45 MODE seq=33 mode=0 combat=0 pending=1
2026.09.26-05.46.45 SNAPSHOT applied seq=34 phase=ACTION_MANEUVER
2026.09.26-05.46.45 MODE seq=34 mode=0 combat=0 pending=0
2026.09.26-05.46.45 SNAPSHOT applied seq=35 phase=ACTION_MANEUVER
2026.09.26-05.46.45 MODE seq=35 mode=0 combat=0 pending=0
2026.09.26-05.46.45 SNAPSHOT applied seq=36 phase=ACTION_MANEUVER
2026.09.26-05.46.45 MODE seq=36 mode=0 combat=0 pending=0
2026.09.26-05.46.47 SNAPSHOT applied seq=37 phase=ACTION_MANEUVER
2026.09.26-05.46.47 MODE seq=37 mode=0 combat=0 pending=0
2026.09.26-05.46.47 SNAPSHOT applied seq=38 phase=TURN_END
2026.09.26-05.46.47 MODE seq=38 mode=0 combat=0 pending=0
2026.09.26-05.46.48 SNAPSHOT applied seq=39 phase=ACTION_MANEUVER
2026.09.26-05.46.48 MODE seq=39 mode=0 combat=0 pending=0
2026.09.26-05.46.48 SNAPSHOT applied seq=40 phase=ACTION_MANEUVER
2026.09.26-05.46.48 MODE seq=40 mode=1 combat=0 pending=0
2026.09.26-05.46.48 SNAPSHOT applied seq=40 phase=ACTION_MANEUVER
2026.09.26-05.46.48 MODE seq=40 mode=1 combat=0 pending=0
2026.09.26-05.46.48 SNAPSHOT applied seq=41 phase=ACTION_MANEUVER
2026.09.26-05.46.48 MODE seq=41 mode=0 combat=0 pending=0
2026.09.26-05.46.48 SNAPSHOT applied seq=41 phase=ACTION_MANEUVER
2026.09.26-05.46.48 MODE seq=41 mode=0 combat=0 pending=0
2026.09.26-05.46.49 SNAPSHOT applied seq=42 phase=ACTION_MANEUVER
2026.09.26-05.46.49 MODE seq=42 mode=1 combat=0 pending=0
2026.09.26-05.46.49 SNAPSHOT applied seq=42 phase=ACTION_MANEUVER
2026.09.26-05.46.49 MODE seq=42 mode=1 combat=0 pending=0
2026.09.26-05.46.49 SNAPSHOT applied seq=43 phase=TURN_END
2026.09.26-05.46.49 MODE seq=43 mode=2 combat=0 pending=0
2026.09.26-05.46.49 SNAPSHOT applied seq=43 phase=TURN_END
2026.09.26-05.46.49 MODE seq=43 mode=2 combat=0 pending=0
2026.09.26-05.46.51 SNAPSHOT applied seq=44 phase=ACTION_MANEUVER
2026.09.26-05.46.51 MODE seq=44 mode=0 combat=0 pending=1
2026.09.26-05.46.51 SNAPSHOT applied seq=44 phase=ACTION_MANEUVER
2026.09.26-05.46.51 MODE seq=44 mode=0 combat=0 pending=1
2026.09.26-05.46.51 SNAPSHOT applied seq=45 phase=ACTION_MANEUVER
2026.09.26-05.46.51 MODE seq=45 mode=0 combat=0 pending=0
2026.09.26-05.46.51 SNAPSHOT applied seq=46 phase=ACTION_MANEUVER
2026.09.26-05.46.51 MODE seq=46 mode=0 combat=0 pending=0
2026.09.26-05.46.51 SNAPSHOT applied seq=47 phase=ACTION_MANEUVER
2026.09.26-05.46.51 MODE seq=47 mode=0 combat=0 pending=0
2026.09.26-05.46.52 SNAPSHOT applied seq=48 phase=COMBAT
2026.09.26-05.46.52 MODE seq=48 mode=4 combat=1 pending=0
2026.09.26-05.46.52 SNAPSHOT applied seq=49 phase=COMBAT_RESOLVE
2026.09.26-05.46.52 MODE seq=49 mode=5 combat=1 pending=0
2026.09.26-05.46.52 SNAPSHOT applied seq=49 phase=COMBAT_RESOLVE
2026.09.26-05.46.52 MODE seq=49 mode=5 combat=1 pending=0
2026.09.26-05.46.52 SNAPSHOT applied seq=50 phase=COMBAT_RESOLVE
2026.09.26-05.46.52 MODE seq=50 mode=5 combat=1 pending=1
2026.09.26-05.46.52 SNAPSHOT applied seq=50 phase=COMBAT_RESOLVE
2026.09.26-05.46.52 MODE seq=50 mode=5 combat=1 pending=1
2026.09.26-05.46.56 SNAPSHOT applied seq=51 phase=ACTION_MANEUVER
2026.09.26-05.46.56 MODE seq=51 mode=0 combat=0 pending=0
2026.09.26-05.46.56 SNAPSHOT applied seq=52 phase=ACTION_MANEUVER
2026.09.26-05.46.57 MODE seq=52 mode=1 combat=0 pending=0
2026.09.26-05.46.57 SNAPSHOT applied seq=52 phase=ACTION_MANEUVER
2026.09.26-05.46.57 MODE seq=52 mode=1 combat=0 pending=0
2026.09.26-05.46.57 SNAPSHOT applied seq=53 phase=ACTION_MANEUVER
2026.09.26-05.46.57 MODE seq=53 mode=0 combat=0 pending=0
2026.09.26-05.46.57 SNAPSHOT applied seq=53 phase=ACTION_MANEUVER
2026.09.26-05.46.57 MODE seq=53 mode=0 combat=0 pending=0
2026.09.26-05.46.58 SNAPSHOT applied seq=54 phase=ACTION_MANEUVER
2026.09.26-05.46.58 MODE seq=54 mode=1 combat=0 pending=0
2026.09.26-05.46.58 SNAPSHOT applied seq=54 phase=ACTION_MANEUVER
2026.09.26-05.46.58 MODE seq=54 mode=1 combat=0 pending=0
2026.09.26-05.46.58 SNAPSHOT applied seq=55 phase=TURN_END
2026.09.26-05.46.58 MODE seq=55 mode=2 combat=0 pending=0
2026.09.26-05.46.58 SNAPSHOT applied seq=55 phase=TURN_END
2026.09.26-05.46.58 MODE seq=55 mode=2 combat=0 pending=0
2026.09.26-05.46.59 SNAPSHOT applied seq=56 phase=ACTION_MANEUVER
2026.09.26-05.46.59 MODE seq=56 mode=0 combat=0 pending=1
2026.09.26-05.46.59 SNAPSHOT applied seq=56 phase=ACTION_MANEUVER
2026.09.26-05.46.59 MODE seq=56 mode=0 combat=0 pending=1
2026.09.26-05.46.59 SNAPSHOT applied seq=57 phase=ACTION_MANEUVER
2026.09.26-05.46.59 MODE seq=57 mode=0 combat=0 pending=0
2026.09.26-05.46.59 SNAPSHOT applied seq=58 phase=ACTION_MANEUVER
2026.09.26-05.46.59 MODE seq=58 mode=0 combat=0 pending=0
2026.09.26-05.46.59 SNAPSHOT applied seq=59 phase=ACTION_MANEUVER
2026.09.26-05.46.59 MODE seq=59 mode=0 combat=0 pending=0
2026.09.26-05.47.00 SNAPSHOT applied seq=60 phase=COMBAT
2026.09.26-05.47.00 MODE seq=60 mode=4 combat=1 pending=0
2026.09.26-05.47.00 SNAPSHOT applied seq=61 phase=COMBAT_RESOLVE
2026.09.26-05.47.00 MODE seq=61 mode=5 combat=1 pending=0
2026.09.26-05.47.01 SNAPSHOT applied seq=61 phase=COMBAT_RESOLVE
2026.09.26-05.47.01 MODE seq=61 mode=5 combat=1 pending=0
2026.09.26-05.47.01 SNAPSHOT applied seq=62 phase=COMBAT_RESOLVE
2026.09.26-05.47.01 MODE seq=62 mode=5 combat=1 pending=1
2026.09.26-05.47.01 SNAPSHOT applied seq=62 phase=COMBAT_RESOLVE
2026.09.26-05.47.01 MODE seq=62 mode=5 combat=1 pending=1
2026.09.26-05.47.05 SNAPSHOT applied seq=63 phase=ACTION_MANEUVER
2026.09.26-05.47.05 MODE seq=63 mode=0 combat=0 pending=0
2026.09.26-05.47.05 SNAPSHOT applied seq=64 phase=ACTION_MANEUVER
2026.09.26-05.47.05 MODE seq=64 mode=1 combat=0 pending=0
2026.09.26-05.47.05 SNAPSHOT applied seq=64 phase=ACTION_MANEUVER
2026.09.26-05.47.05 MODE seq=64 mode=1 combat=0 pending=0
2026.09.26-05.47.05 SNAPSHOT applied seq=65 phase=ACTION_MANEUVER
2026.09.26-05.47.05 MODE seq=65 mode=0 combat=0 pending=0
2026.09.26-05.47.05 SNAPSHOT applied seq=65 phase=ACTION_MANEUVER
2026.09.26-05.47.05 MODE seq=65 mode=0 combat=0 pending=0
2026.09.26-05.47.06 SNAPSHOT applied seq=66 phase=ACTION_MANEUVER
2026.09.26-05.47.06 MODE seq=66 mode=1 combat=0 pending=0
2026.09.26-05.47.06 SNAPSHOT applied seq=66 phase=ACTION_MANEUVER
2026.09.26-05.47.06 MODE seq=66 mode=1 combat=0 pending=0
2026.09.26-05.47.06 SNAPSHOT applied seq=67 phase=TURN_END
2026.09.26-05.47.06 MODE seq=67 mode=2 combat=0 pending=0
2026.09.26-05.47.06 SNAPSHOT applied seq=67 phase=TURN_END
2026.09.26-05.47.06 MODE seq=67 mode=2 combat=0 pending=0
2026.09.26-05.47.07 SNAPSHOT applied seq=68 phase=ACTION_MANEUVER
2026.09.26-05.47.07 MODE seq=68 mode=0 combat=0 pending=1
2026.09.26-05.47.07 SNAPSHOT applied seq=68 phase=ACTION_MANEUVER
2026.09.26-05.47.07 MODE seq=68 mode=0 combat=0 pending=1
2026.09.26-05.47.08 SNAPSHOT applied seq=69 phase=ACTION_MANEUVER
2026.09.26-05.47.08 MODE seq=69 mode=0 combat=0 pending=0
2026.09.26-05.47.08 SNAPSHOT applied seq=70 phase=ACTION_MANEUVER
2026.09.26-05.47.08 MODE seq=70 mode=0 combat=0 pending=0
2026.09.26-05.47.08 SNAPSHOT applied seq=71 phase=ACTION_MANEUVER
2026.09.26-05.47.08 MODE seq=71 mode=0 combat=0 pending=0
2026.09.26-05.47.09 SNAPSHOT applied seq=72 phase=COMBAT
2026.09.26-05.47.09 MODE seq=72 mode=4 combat=1 pending=0
2026.09.26-05.47.09 SNAPSHOT applied seq=73 phase=COMBAT_RESOLVE
2026.09.26-05.47.09 MODE seq=73 mode=5 combat=1 pending=0
2026.09.26-05.47.09 SNAPSHOT applied seq=73 phase=COMBAT_RESOLVE
2026.09.26-05.47.09 MODE seq=73 mode=5 combat=1 pending=0
2026.09.26-05.47.09 SNAPSHOT applied seq=74 phase=COMBAT_RESOLVE
2026.09.26-05.47.09 MODE seq=74 mode=5 combat=1 pending=1
2026.09.26-05.47.09 SNAPSHOT applied seq=74 phase=COMBAT_RESOLVE
2026.09.26-05.47.09 MODE seq=74 mode=5 combat=1 pending=1
2026.09.26-05.47.13 SNAPSHOT applied seq=75 phase=ACTION_MANEUVER
2026.09.26-05.47.13 MODE seq=75 mode=0 combat=0 pending=0
2026.09.26-05.47.13 SNAPSHOT applied seq=76 phase=ACTION_MANEUVER
2026.09.26-05.47.13 MODE seq=76 mode=1 combat=0 pending=0
2026.09.26-05.47.13 SNAPSHOT applied seq=76 phase=ACTION_MANEUVER
2026.09.26-05.47.13 MODE seq=76 mode=1 combat=0 pending=0
2026.09.26-05.47.13 SNAPSHOT applied seq=77 phase=ACTION_MANEUVER
2026.09.26-05.47.13 MODE seq=77 mode=0 combat=0 pending=0
2026.09.26-05.47.13 SNAPSHOT applied seq=77 phase=ACTION_MANEUVER
2026.09.26-05.47.13 MODE seq=77 mode=0 combat=0 pending=0
2026.09.26-05.47.14 SNAPSHOT applied seq=78 phase=ACTION_MANEUVER
2026.09.26-05.47.14 MODE seq=78 mode=1 combat=0 pending=0
2026.09.26-05.47.14 SNAPSHOT applied seq=78 phase=ACTION_MANEUVER
2026.09.26-05.47.14 MODE seq=78 mode=1 combat=0 pending=0
2026.09.26-05.47.14 SNAPSHOT applied seq=79 phase=TURN_END
2026.09.26-05.47.14 MODE seq=79 mode=2 combat=0 pending=0
2026.09.26-05.47.14 SNAPSHOT applied seq=79 phase=TURN_END
2026.09.26-05.47.14 MODE seq=79 mode=2 combat=0 pending=0
2026.09.26-05.47.16 SNAPSHOT applied seq=80 phase=ACTION_MANEUVER
2026.09.26-05.47.16 MODE seq=80 mode=0 combat=0 pending=1
2026.09.26-05.47.16 SNAPSHOT applied seq=80 phase=ACTION_MANEUVER
2026.09.26-05.47.16 MODE seq=80 mode=0 combat=0 pending=1
2026.09.26-05.47.16 SNAPSHOT applied seq=81 phase=ACTION_MANEUVER
2026.09.26-05.47.16 MODE seq=81 mode=0 combat=0 pending=0
2026.09.26-05.47.16 SNAPSHOT applied seq=82 phase=ACTION_MANEUVER
2026.09.26-05.47.16 MODE seq=82 mode=0 combat=0 pending=0
2026.09.26-05.47.16 SNAPSHOT applied seq=83 phase=ACTION_MANEUVER
2026.09.26-05.47.16 MODE seq=83 mode=0 combat=0 pending=0
2026.09.26-05.47.17 SNAPSHOT applied seq=84 phase=ACTION_MANEUVER
2026.09.26-05.47.17 MODE seq=84 mode=0 combat=0 pending=0
2026.09.26-05.47.17 SNAPSHOT applied seq=85 phase=ACTION_MANEUVER
2026.09.26-05.47.17 MODE seq=85 mode=0 combat=0 pending=0
2026.09.26-05.47.17 SNAPSHOT applied seq=86 phase=ACTION_MANEUVER
2026.09.26-05.47.17 MODE seq=86 mode=0 combat=0 pending=0
2026.09.26-05.47.17 SNAPSHOT applied seq=86 phase=ACTION_MANEUVER
2026.09.26-05.47.17 MODE seq=86 mode=0 combat=0 pending=0
2026.09.26-05.47.18 SNAPSHOT applied seq=87 phase=ACTION_MANEUVER
2026.09.26-05.47.18 MODE seq=87 mode=1 combat=0 pending=0
2026.09.26-05.47.18 SNAPSHOT applied seq=87 phase=ACTION_MANEUVER
2026.09.26-05.47.18 MODE seq=87 mode=1 combat=0 pending=0
2026.09.26-05.47.18 SNAPSHOT applied seq=88 phase=TURN_END
2026.09.26-05.47.18 MODE seq=88 mode=2 combat=0 pending=0
2026.09.26-05.47.18 SNAPSHOT applied seq=88 phase=TURN_END
2026.09.26-05.47.18 MODE seq=88 mode=2 combat=0 pending=0
2026.09.26-05.47.20 SNAPSHOT applied seq=89 phase=ACTION_MANEUVER
2026.09.26-05.47.20 MODE seq=89 mode=0 combat=0 pending=1
2026.09.26-05.47.20 SNAPSHOT applied seq=89 phase=ACTION_MANEUVER
2026.09.26-05.47.20 MODE seq=89 mode=0 combat=0 pending=1
2026.09.26-05.47.20 SNAPSHOT applied seq=90 phase=ACTION_MANEUVER
2026.09.26-05.47.20 MODE seq=90 mode=0 combat=0 pending=0
2026.09.26-05.47.20 SNAPSHOT applied seq=91 phase=COMBAT
2026.09.26-05.47.20 MODE seq=91 mode=4 combat=1 pending=0
2026.09.26-05.47.21 SNAPSHOT applied seq=92 phase=COMBAT_RESOLVE
2026.09.26-05.47.21 MODE seq=92 mode=5 combat=1 pending=0
2026.09.26-05.47.21 SNAPSHOT applied seq=92 phase=COMBAT_RESOLVE
2026.09.26-05.47.21 MODE seq=92 mode=5 combat=1 pending=0
2026.09.26-05.47.21 SNAPSHOT applied seq=93 phase=ACTION_MANEUVER
2026.09.26-05.47.21 MODE seq=93 mode=0 combat=0 pending=0
2026.09.26-05.47.21 SNAPSHOT applied seq=93 phase=ACTION_MANEUVER
2026.09.26-05.47.21 MODE seq=93 mode=0 combat=0 pending=0
2026.09.26-05.47.21 SNAPSHOT applied seq=94 phase=ACTION_MANEUVER
2026.09.26-05.47.21 MODE seq=94 mode=0 combat=0 pending=0
2026.09.26-05.47.21 SNAPSHOT applied seq=95 phase=ACTION_MANEUVER
2026.09.26-05.47.21 MODE seq=95 mode=0 combat=0 pending=0
2026.09.26-05.47.21 SNAPSHOT applied seq=96 phase=ACTION_MANEUVER
2026.09.26-05.47.21 MODE seq=96 mode=1 combat=0 pending=0
2026.09.26-05.47.21 SNAPSHOT applied seq=96 phase=ACTION_MANEUVER
2026.09.26-05.47.21 MODE seq=96 mode=1 combat=0 pending=0
2026.09.26-05.47.21 SNAPSHOT applied seq=97 phase=ACTION_MANEUVER
2026.09.26-05.47.21 MODE seq=97 mode=0 combat=0 pending=0
2026.09.26-05.47.21 SNAPSHOT applied seq=97 phase=ACTION_MANEUVER
2026.09.26-05.47.21 MODE seq=97 mode=0 combat=0 pending=0
2026.09.26-05.47.22 SNAPSHOT applied seq=98 phase=ACTION_MANEUVER
2026.09.26-05.47.22 MODE seq=98 mode=1 combat=0 pending=0
2026.09.26-05.47.22 SNAPSHOT applied seq=98 phase=ACTION_MANEUVER
2026.09.26-05.47.22 MODE seq=98 mode=1 combat=0 pending=0
2026.09.26-05.47.23 SNAPSHOT applied seq=99 phase=TURN_END
2026.09.26-05.47.23 MODE seq=99 mode=2 combat=0 pending=0
2026.09.26-05.47.23 SNAPSHOT applied seq=99 phase=TURN_END
2026.09.26-05.47.23 MODE seq=99 mode=2 combat=0 pending=0
2026.09.26-05.47.24 SNAPSHOT applied seq=100 phase=ACTION_MANEUVER
2026.09.26-05.47.24 MODE seq=100 mode=0 combat=0 pending=1
2026.09.26-05.47.24 SNAPSHOT applied seq=100 phase=ACTION_MANEUVER
2026.09.26-05.47.24 MODE seq=100 mode=0 combat=0 pending=1
2026.09.26-05.47.24 SNAPSHOT applied seq=101 phase=ACTION_MANEUVER
2026.09.26-05.47.24 MODE seq=101 mode=0 combat=0 pending=0
2026.09.26-05.47.24 SNAPSHOT applied seq=102 phase=COMBAT
2026.09.26-05.47.24 MODE seq=102 mode=4 combat=1 pending=0
2026.09.26-05.47.25 SNAPSHOT applied seq=103 phase=COMBAT_RESOLVE
2026.09.26-05.47.25 MODE seq=103 mode=5 combat=1 pending=0
2026.09.26-05.47.25 SNAPSHOT applied seq=103 phase=COMBAT_RESOLVE
2026.09.26-05.47.25 MODE seq=103 mode=5 combat=1 pending=0
2026.09.26-05.47.25 SNAPSHOT applied seq=104 phase=ACTION_MANEUVER
2026.09.26-05.47.25 MODE seq=104 mode=0 combat=0 pending=0
2026.09.26-05.47.25 SNAPSHOT applied seq=104 phase=ACTION_MANEUVER
2026.09.26-05.47.25 MODE seq=104 mode=0 combat=0 pending=0
2026.09.26-05.47.25 SNAPSHOT applied seq=105 phase=ACTION_MANEUVER
2026.09.26-05.47.25 MODE seq=105 mode=0 combat=0 pending=1
2026.09.26-05.47.26 SNAPSHOT applied seq=106 phase=ACTION_MANEUVER
2026.09.26-05.47.26 MODE seq=106 mode=0 combat=0 pending=0
