2026.09.26-05.46.12 --- S08 trace open 2026.09.26-05.46.12 ---
2026.09.26-05.46.12 S09AUTO config flow=1 boost=0 shotDir=C:\Users\ren\AppData\Local\Temp\s09-pending-20260926-104611-208548\host
2026.09.26-05.46.12 LOGIN ok user=s09-gd034-host
2026.09.26-05.46.15 HEROES loaded 84
2026.09.26-05.46.15 createGame -> room=cmuhyvdcn00nnwiscdzbgu0ap code=<redacted> status=LOBBY
2026.09.26-05.46.18 game -> room=cmuhyvdcn00nnwiscdzbgu0ap code=<redacted> status=LOBBY
2026.09.26-05.46.18 selectHero -> room=cmuhyvdcn00nnwiscdzbgu0ap code=<redacted> status=LOBBY
2026.09.26-05.46.21 game -> room=cmuhyvdcn00nnwiscdzbgu0ap code=<redacted> status=LOBBY
2026.09.26-05.46.21 toggleReady -> room=cmuhyvdcn00nnwiscdzbgu0ap code=<redacted> status=LOBBY
2026.09.26-05.46.24 game -> room=cmuhyvdcn00nnwiscdzbgu0ap code=<redacted> status=LOBBY
2026.09.26-05.46.27 game -> room=cmuhyvdcn00nnwiscdzbgu0ap code=<redacted> status=LOBBY
2026.09.26-05.46.30 game -> room=cmuhyvdcn00nnwiscdzbgu0ap code=<redacted> status=LOBBY
2026.09.26-05.46.30 startGame -> room=cmuhyvdcn00nnwiscdzbgu0ap code=<redacted> status=IN_PROGRESS
2026.09.26-05.46.30 S09AUTO drive mode=0 plan=[attack+scheme] phase= turn=
2026.09.26-05.46.30 SNAPSHOT applied seq=1 phase=ACTION_MANEUVER
2026.09.26-05.46.30 HANDLE_APPLIED #1 seq=1 decision=2 fightersValid=1 boardValid=1
2026.09.26-05.46.30 MODE seq=1 mode=0 combat=0 pending=0
2026.09.26-05.46.30 HUD seq=1 phase=ACTION_MANEUVER turn=you hand=5 oppHand=5(hidden) oppDeck=25 deck=25 discard=0
2026.09.26-05.46.30 CAMERA dist=1931 loc=(0,1107,1582) pitch=-55 yaw=-90
2026.09.26-05.46.30 BOARD 5x6 cells | control points: (0,0)=(-200,-250,0) (4,5)=(200,250,0) | neighbor pair (dist 100 uu)
2026.09.26-05.46.30 FIGHTERS synced n=6 alive=6 own=4 enemy=2
2026.09.26-05.46.30 STATE seq=1 -> apply
2026.09.26-05.46.30 S09AUTO own turn #0 (turnCount=1)
2026.09.26-05.46.30 S09AUTO attack deferred - no may-boost card in hand (turn#0 elapsed=18s)
2026.09.26-05.46.30 S09AUTO scheme
2026.09.26-05.46.30 SNAPSHOT applied seq=1 phase=ACTION_MANEUVER
2026.09.26-05.46.30 HANDLE_APPLIED #2 seq=1 decision=1 fightersValid=1 boardValid=1
2026.09.26-05.46.30 MODE seq=1 mode=0 combat=0 pending=0
2026.09.26-05.46.30 HUD seq=1 phase=ACTION_MANEUVER turn=you hand=5 oppHand=5(hidden) oppDeck=25 deck=25 discard=0
2026.09.26-05.46.30 FIGHTERS synced n=6 alive=6 own=4 enemy=2
2026.09.26-05.46.30 STATE seq=1 -> merge
2026.09.26-05.46.30 SUBSCRIBED gameStateUpdated since=1
2026.09.26-05.46.31 SNAPSHOT applied seq=2 phase=ACTION_MANEUVER
2026.09.26-05.46.31 HANDLE_APPLIED #3 seq=2 decision=2 fightersValid=1 boardValid=1
2026.09.26-05.46.31 closed mode=
2026.09.26-05.46.31 MODE seq=2 mode=6 combat=0 pending=1
2026.09.26-05.46.31 HUD seq=2 phase=ACTION_MANEUVER turn=you hand=4 oppHand=5(hidden) oppDeck=25 deck=25 discard=1
2026.09.26-05.46.31 FIGHTERS synced n=6 alive=6 own=4 enemy=2
2026.09.26-05.46.31 SCHEME done seq=2 (apply) phase=ACTION_MANEUVER
2026.09.26-05.46.31 SNAPSHOT applied seq=2 phase=ACTION_MANEUVER
2026.09.26-05.46.31 HANDLE_APPLIED #4 seq=2 decision=1 fightersValid=1 boardValid=1
2026.09.26-05.46.31 MODE seq=2 mode=6 combat=0 pending=1
2026.09.26-05.46.31 HUD seq=2 phase=ACTION_MANEUVER turn=you hand=4 oppHand=5(hidden) oppDeck=25 deck=25 discard=1
2026.09.26-05.46.31 FIGHTERS synced n=6 alive=6 own=4 enemy=2
2026.09.26-05.46.31 WS seq=2 phase=ACTION_MANEUVER (merge)
2026.09.26-05.46.32 S09AUTO drive mode=6 plan=[attack+scheme] phase=ACTION_MANEUVER turn=cmuhntivg0000wib0anhqyswc
2026.09.26-05.46.32 S09AUTO pending-open shot (type=TARGET_FIGHTER stage=0 mode=)
2026.09.26-05.46.32 SHOT ctx viewport=1280x720 viewTarget=CameraActor_2147482375 cam=(0,1107,1582) rot=(-55,-90,0)
2026.09.26-05.46.32 SHOT fighter f-0-hero pos=(2,2) world=(0,-50,0) screen=(640,318) projected=1 alive=1
2026.09.26-05.46.32 SHOT fighter f-0-sk0 pos=(3,2) world=(100,-50,0) screen=(744,318) projected=1 alive=1
2026.09.26-05.46.32 SHOT fighter f-0-sk1 pos=(2,1) world=(0,-150,0) screen=(640,236) projected=1 alive=1
2026.09.26-05.46.32 SHOT fighter f-0-sk2 pos=(1,2) world=(-100,-50,0) screen=(536,318) projected=1 alive=1
2026.09.26-05.46.32 SHOT fighter f-1-hero pos=(2,3) world=(0,50,0) screen=(640,404) projected=1 alive=1
2026.09.26-05.46.32 SHOT fighter f-1-sk0 pos=(3,3) world=(100,50,0) screen=(747,404) projected=1 alive=1
2026.09.26-05.46.32 SHOT requested: FScreenshotRequest(bShowUI) -> C:\Users\ren\AppData\Local\Temp\s09-pending-20260926-104611-208548\host/s09-pending-TARGET_FIGHTER.png
2026.09.26-05.46.32 S09AUTO pending picked (type=TARGET_FIGHTER stage=0)
2026.09.26-05.46.32 PEND-RESOLVE sent type=TARGET_FIGHTER stage=0 id=cmuhgvgkg00sowi9giqzfy1hf-fullText-0-p0
2026.09.26-05.46.32 SNAPSHOT applied seq=3 phase=ACTION_MANEUVER
2026.09.26-05.46.32 HANDLE_APPLIED #5 seq=3 decision=2 fightersValid=1 boardValid=1
2026.09.26-05.46.32 closed mode=
2026.09.26-05.46.32 MODE seq=3 mode=0 combat=0 pending=0
2026.09.26-05.46.32 HUD seq=3 phase=ACTION_MANEUVER turn=you hand=4 oppHand=5(hidden) oppDeck=25~ deck=25~ discard=1
2026.09.26-05.46.32 FIGHTERS synced n=6 alive=6 own=4 enemy=2
2026.09.26-05.46.32 CUE damage f-0-hero -2 seq=3
2026.09.26-05.46.32 WS seq=3 phase=ACTION_MANEUVER (apply)
2026.09.26-05.46.32 SNAPSHOT applied seq=3 phase=ACTION_MANEUVER
2026.09.26-05.46.32 HANDLE_APPLIED #6 seq=3 decision=1 fightersValid=1 boardValid=1
2026.09.26-05.46.32 MODE seq=3 mode=0 combat=0 pending=0
2026.09.26-05.46.32 HUD seq=3 phase=ACTION_MANEUVER turn=you hand=4 oppHand=5(hidden) oppDeck=25 deck=25 discard=1
2026.09.26-05.46.32 FIGHTERS synced n=6 alive=6 own=4 enemy=2
2026.09.26-05.46.32 PEND resolve done seq=3 (merge) phase=ACTION_MANEUVER
2026.09.26-05.46.32 S09AUTO drive mode=0 plan=[attack+scheme] phase=ACTION_MANEUVER turn=cmuhntivg0000wib0anhqyswc
2026.09.26-05.46.32 S09AUTO attack deferred - no may-boost card in hand (turn#0 elapsed=19s)
2026.09.26-05.46.32 SNAPSHOT applied seq=4 phase=ACTION_MANEUVER
2026.09.26-05.46.32 HANDLE_APPLIED #7 seq=4 decision=2 fightersValid=1 boardValid=1
2026.09.26-05.46.32 MANEUVER-DRAFT mode=maneuver:1:3
2026.09.26-05.46.32 DRAFT-OPEN draw committed (resume instead of begin)
2026.09.26-05.46.32 MODE seq=4 mode=1 combat=0 pending=0
2026.09.26-05.46.32 HUD seq=4 phase=ACTION_MANEUVER turn=you hand=5 oppHand=5(hidden) oppDeck=25~ deck=25~ discard=1
2026.09.26-05.46.32 FIGHTERS synced n=6 alive=6 own=4 enemy=2
2026.09.26-05.46.32 WS seq=4 phase=ACTION_MANEUVER (apply)
2026.09.26-05.46.32 SNAPSHOT applied seq=4 phase=ACTION_MANEUVER
2026.09.26-05.46.32 HANDLE_APPLIED #8 seq=4 decision=1 fightersValid=1 boardValid=1
2026.09.26-05.46.32 MODE seq=4 mode=1 combat=0 pending=0
2026.09.26-05.46.32 HUD seq=4 phase=ACTION_MANEUVER turn=you hand=5 oppHand=5(hidden) oppDeck=25 deck=24 discard=1
2026.09.26-05.46.32 FIGHTERS synced n=6 alive=6 own=4 enemy=2
2026.09.26-05.46.32 MANEUVER begin seq=4 (merge) pending=maneuver:1:3
2026.09.26-05.46.32 S09AUTO drive mode=1 plan=[attack+scheme] phase=ACTION_MANEUVER turn=cmuhntivg0000wib0anhqyswc
2026.09.26-05.46.33 S09AUTO draft-open shot (maneuver marker live)
2026.09.26-05.46.33 SHOT ctx viewport=1280x720 viewTarget=CameraActor_2147482375 cam=(0,1107,1582) rot=(-55,-90,0)
2026.09.26-05.46.33 SHOT fighter f-0-hero pos=(2,2) world=(0,-50,0) screen=(640,318) projected=1 alive=1
2026.09.26-05.46.33 SHOT fighter f-0-sk0 pos=(3,2) world=(100,-50,0) screen=(744,318) projected=1 alive=1
2026.09.26-05.46.33 SHOT fighter f-0-sk1 pos=(2,1) world=(0,-150,0) screen=(640,236) projected=1 alive=1
2026.09.26-05.46.33 SHOT fighter f-0-sk2 pos=(1,2) world=(-100,-50,0) screen=(536,318) projected=1 alive=1
2026.09.26-05.46.33 SHOT fighter f-1-hero pos=(2,3) world=(0,50,0) screen=(640,404) projected=1 alive=1
2026.09.26-05.46.33 SHOT fighter f-1-sk0 pos=(3,3) world=(100,50,0) screen=(747,404) projected=1 alive=1
2026.09.26-05.46.33 SHOT requested: FScreenshotRequest(bShowUI) -> C:\Users\ren\AppData\Local\Temp\s09-pending-20260926-104611-208548\host/s09-maneuver-draft-open.png
2026.09.26-05.46.33 S09AUTO approach: no improving legal step
2026.09.26-05.46.33 MANEUVER-CONFIRM moves=0 boost=none
2026.09.26-05.46.33 SNAPSHOT applied seq=5 phase=ACTION_MANEUVER
2026.09.26-05.46.34 HANDLE_APPLIED #9 seq=5 decision=2 fightersValid=1 boardValid=1
2026.09.26-05.46.34 closed mode=
2026.09.26-05.46.34 MODE seq=5 mode=0 combat=0 pending=0
2026.09.26-05.46.34 HUD seq=5 phase=ACTION_MANEUVER turn=opp hand=5 oppHand=5(hidden) oppDeck=25~ deck=24~ discard=1
2026.09.26-05.46.34 FIGHTERS synced n=6 alive=6 own=4 enemy=2
2026.09.26-05.46.34 WS seq=5 phase=ACTION_MANEUVER (apply)
2026.09.26-05.46.34 SNAPSHOT applied seq=6 phase=ACTION_MANEUVER
2026.09.26-05.46.34 HANDLE_APPLIED #10 seq=6 decision=2 fightersValid=1 boardValid=1
2026.09.26-05.46.34 MODE seq=6 mode=0 combat=0 pending=1
2026.09.26-05.46.34 HUD seq=6 phase=ACTION_MANEUVER turn=opp hand=5 oppHand=4(hidden) oppDeck=25~ deck=24~ discard=1
2026.09.26-05.46.34 FIGHTERS synced n=6 alive=6 own=4 enemy=2
2026.09.26-05.46.34 WS seq=6 phase=ACTION_MANEUVER (apply)
2026.09.26-05.46.34 SEQ 5 < local 6: ignored
2026.09.26-05.46.34 MANEUVER done seq=5 (merge) fighters=6 boost=no
2026.09.26-05.46.34 SNAPSHOT applied seq=7 phase=ACTION_MANEUVER
2026.09.26-05.46.34 HANDLE_APPLIED #11 seq=7 decision=2 fightersValid=1 boardValid=1
2026.09.26-05.46.34 MODE seq=7 mode=0 combat=0 pending=1
2026.09.26-05.46.34 HUD seq=7 phase=ACTION_MANEUVER turn=opp hand=5 oppHand=6(hidden) oppDeck=25~ deck=24~ discard=1
2026.09.26-05.46.34 FIGHTERS synced n=6 alive=6 own=4 enemy=2
2026.09.26-05.46.34 WS seq=7 phase=ACTION_MANEUVER (apply)
2026.09.26-05.46.34 SNAPSHOT applied seq=8 phase=ACTION_MANEUVER
2026.09.26-05.46.34 HANDLE_APPLIED #12 seq=8 decision=2 fightersValid=1 boardValid=1
2026.09.26-05.46.34 MODE seq=8 mode=0 combat=0 pending=0
2026.09.26-05.46.34 HUD seq=8 phase=ACTION_MANEUVER turn=opp hand=5 oppHand=6(hidden) oppDeck=25~ deck=24~ discard=1
2026.09.26-05.46.34 FIGHTERS synced n=6 alive=6 own=4 enemy=2
2026.09.26-05.46.34 WS seq=8 phase=ACTION_MANEUVER (apply)
2026.09.26-05.46.34 SNAPSHOT applied seq=9 phase=ACTION_MANEUVER
2026.09.26-05.46.34 HANDLE_APPLIED #13 seq=9 decision=2 fightersValid=1 boardValid=1
2026.09.26-05.46.34 MODE seq=9 mode=0 combat=0 pending=1
2026.09.26-05.46.34 HUD seq=9 phase=ACTION_MANEUVER turn=opp hand=5 oppHand=5(hidden) oppDeck=25~ deck=24~ discard=1
2026.09.26-05.46.34 FIGHTERS synced n=6 alive=6 own=4 enemy=2
2026.09.26-05.46.34 WS seq=9 phase=ACTION_MANEUVER (apply)
2026.09.26-05.46.34 S09AUTO drive mode=0 plan=[attack+scheme] phase=ACTION_MANEUVER turn=cmuhntiwu0001wib0z281rpa8
2026.09.26-05.46.35 SHOT ctx viewport=1280x720 viewTarget=CameraActor_2147482375 cam=(0,1107,1582) rot=(-55,-90,0)
2026.09.26-05.46.35 SHOT fighter f-0-hero pos=(2,2) world=(0,-50,0) screen=(640,318) projected=1 alive=1
2026.09.26-05.46.35 SHOT fighter f-0-sk0 pos=(3,2) world=(100,-50,0) screen=(744,318) projected=1 alive=1
2026.09.26-05.46.35 SHOT fighter f-0-sk1 pos=(2,1) world=(0,-150,0) screen=(640,236) projected=1 alive=1
2026.09.26-05.46.35 SHOT fighter f-0-sk2 pos=(1,2) world=(-100,-50,0) screen=(536,318) projected=1 alive=1
2026.09.26-05.46.35 SHOT fighter f-1-hero pos=(2,3) world=(0,50,0) screen=(640,404) projected=1 alive=1
2026.09.26-05.46.35 SHOT fighter f-1-sk0 pos=(3,3) world=(100,50,0) screen=(747,404) projected=1 alive=1
2026.09.26-05.46.35 SHOT requested: FScreenshotRequest(bShowUI) -> C:\Users\ren\AppData\Local\Temp\s09-pending-20260926-104611-208548\host/s09-hud-after-first-maneuver.png
2026.09.26-05.46.36 SNAPSHOT applied seq=10 phase=ACTION_MANEUVER
2026.09.26-05.46.36 HANDLE_APPLIED #14 seq=10 decision=2 fightersValid=1 boardValid=1
2026.09.26-05.46.36 MODE seq=10 mode=0 combat=0 pending=1
2026.09.26-05.46.36 HUD seq=10 phase=ACTION_MANEUVER turn=opp hand=5 oppHand=5(hidden) oppDeck=25~ deck=24~ discard=1
2026.09.26-05.46.36 FIGHTERS synced n=6 alive=6 own=4 enemy=2
2026.09.26-05.46.36 WS seq=10 phase=ACTION_MANEUVER (apply)
2026.09.26-05.46.36 SNAPSHOT applied seq=11 phase=ACTION_MANEUVER
2026.09.26-05.46.36 HANDLE_APPLIED #15 seq=11 decision=2 fightersValid=1 boardValid=1
2026.09.26-05.46.36 MODE seq=11 mode=0 combat=0 pending=0
2026.09.26-05.46.36 HUD seq=11 phase=ACTION_MANEUVER turn=you hand=5 oppHand=5(hidden) oppDeck=25~ deck=24~ discard=1
2026.09.26-05.46.36 FIGHTERS synced n=6 alive=6 own=4 enemy=2
2026.09.26-05.46.36 WS seq=11 phase=ACTION_MANEUVER (apply)
2026.09.26-05.46.36 S09AUTO own turn #1 (turnCount=3)
2026.09.26-05.46.36 S09AUTO attack deferred - no may-boost card in hand (turn#1 elapsed=23s)
2026.09.26-05.46.36 SNAPSHOT applied seq=12 phase=ACTION_MANEUVER
2026.09.26-05.46.36 HANDLE_APPLIED #16 seq=12 decision=2 fightersValid=1 boardValid=1
2026.09.26-05.46.36 MANEUVER-DRAFT mode=maneuver:3:11
2026.09.26-05.46.36 DRAFT-OPEN draw committed (resume instead of begin)
2026.09.26-05.46.36 MODE seq=12 mode=1 combat=0 pending=0
2026.09.26-05.46.36 HUD seq=12 phase=ACTION_MANEUVER turn=you hand=6 oppHand=5(hidden) oppDeck=25~ deck=24~ discard=1
2026.09.26-05.46.36 FIGHTERS synced n=6 alive=6 own=4 enemy=2
2026.09.26-05.46.36 WS seq=12 phase=ACTION_MANEUVER (apply)
2026.09.26-05.46.36 SNAPSHOT applied seq=12 phase=ACTION_MANEUVER
2026.09.26-05.46.36 HANDLE_APPLIED #17 seq=12 decision=1 fightersValid=1 boardValid=1
2026.09.26-05.46.36 MODE seq=12 mode=1 combat=0 pending=0
2026.09.26-05.46.36 HUD seq=12 phase=ACTION_MANEUVER turn=you hand=6 oppHand=5(hidden) oppDeck=23 deck=23 discard=1
2026.09.26-05.46.36 FIGHTERS synced n=6 alive=6 own=4 enemy=2
2026.09.26-05.46.36 MANEUVER begin seq=12 (merge) pending=maneuver:3:11
2026.09.26-05.46.36 S09AUTO drive mode=1 plan=[attack+scheme] phase=ACTION_MANEUVER turn=cmuhntivg0000wib0anhqyswc
2026.09.26-05.46.36 S09AUTO zero-move confirm (draw only, no movement)
2026.09.26-05.46.36 MANEUVER-CONFIRM moves=0 boost=none
2026.09.26-05.46.36 SNAPSHOT applied seq=13 phase=ACTION_MANEUVER
2026.09.26-05.46.36 HANDLE_APPLIED #18 seq=13 decision=2 fightersValid=1 boardValid=1
2026.09.26-05.46.36 closed mode=
2026.09.26-05.46.36 MODE seq=13 mode=0 combat=0 pending=0
2026.09.26-05.46.36 HUD seq=13 phase=ACTION_MANEUVER turn=you hand=6 oppHand=5(hidden) oppDeck=23 deck=23 discard=1
2026.09.26-05.46.36 FIGHTERS synced n=6 alive=6 own=4 enemy=2
2026.09.26-05.46.36 MANEUVER done seq=13 (apply) fighters=6 boost=no
2026.09.26-05.46.36 SNAPSHOT applied seq=13 phase=ACTION_MANEUVER
2026.09.26-05.46.36 HANDLE_APPLIED #19 seq=13 decision=1 fightersValid=1 boardValid=1
2026.09.26-05.46.36 MODE seq=13 mode=0 combat=0 pending=0
2026.09.26-05.46.36 HUD seq=13 phase=ACTION_MANEUVER turn=you hand=6 oppHand=5(hidden) oppDeck=23 deck=23 discard=1
2026.09.26-05.46.36 FIGHTERS synced n=6 alive=6 own=4 enemy=2
2026.09.26-05.46.36 WS seq=13 phase=ACTION_MANEUVER (merge)
2026.09.26-05.46.37 S09AUTO drive mode=0 plan=[attack+scheme] phase=ACTION_MANEUVER turn=cmuhntivg0000wib0anhqyswc
2026.09.26-05.46.38 S09AUTO attack deferred - no may-boost card in hand (turn#1 elapsed=24s)
2026.09.26-05.46.38 SNAPSHOT applied seq=14 phase=ACTION_MANEUVER
2026.09.26-05.46.38 HANDLE_APPLIED #20 seq=14 decision=2 fightersValid=1 boardValid=1
2026.09.26-05.46.38 MANEUVER-DRAFT mode=maneuver:3:13
2026.09.26-05.46.38 DRAFT-OPEN draw committed (resume instead of begin)
2026.09.26-05.46.38 MODE seq=14 mode=1 combat=0 pending=0
2026.09.26-05.46.38 HUD seq=14 phase=ACTION_MANEUVER turn=you hand=7 oppHand=5(hidden) oppDeck=23~ deck=23~ discard=1
2026.09.26-05.46.38 FIGHTERS synced n=6 alive=6 own=4 enemy=2
2026.09.26-05.46.38 WS seq=14 phase=ACTION_MANEUVER (apply)
2026.09.26-05.46.38 SNAPSHOT applied seq=14 phase=ACTION_MANEUVER
2026.09.26-05.46.38 HANDLE_APPLIED #21 seq=14 decision=1 fightersValid=1 boardValid=1
2026.09.26-05.46.38 MODE seq=14 mode=1 combat=0 pending=0
2026.09.26-05.46.38 HUD seq=14 phase=ACTION_MANEUVER turn=you hand=7 oppHand=5(hidden) oppDeck=23 deck=22 discard=1
2026.09.26-05.46.38 FIGHTERS synced n=6 alive=6 own=4 enemy=2
2026.09.26-05.46.38 MANEUVER begin seq=14 (merge) pending=maneuver:3:13
2026.09.26-05.46.38 S09AUTO drive mode=1 plan=[attack+scheme] phase=ACTION_MANEUVER turn=cmuhntivg0000wib0anhqyswc
2026.09.26-05.46.38 S09AUTO approach: no improving legal step
2026.09.26-05.46.38 MANEUVER-CONFIRM moves=0 boost=none
2026.09.26-05.46.38 SNAPSHOT applied seq=15 phase=ACTION_MANEUVER
2026.09.26-05.46.38 HANDLE_APPLIED #22 seq=15 decision=2 fightersValid=1 boardValid=1
2026.09.26-05.46.38 closed mode=
2026.09.26-05.46.38 MODE seq=15 mode=0 combat=0 pending=0
2026.09.26-05.46.38 HUD seq=15 phase=ACTION_MANEUVER turn=opp hand=7 oppHand=5(hidden) oppDeck=23~ deck=22~ discard=1
2026.09.26-05.46.38 FIGHTERS synced n=6 alive=6 own=4 enemy=2
2026.09.26-05.46.38 WS seq=15 phase=ACTION_MANEUVER (apply)
2026.09.26-05.46.38 SNAPSHOT applied seq=15 phase=ACTION_MANEUVER
2026.09.26-05.46.38 HANDLE_APPLIED #23 seq=15 decision=1 fightersValid=1 boardValid=1
2026.09.26-05.46.38 MODE seq=15 mode=0 combat=0 pending=0
2026.09.26-05.46.38 HUD seq=15 phase=ACTION_MANEUVER turn=opp hand=7 oppHand=5(hidden) oppDeck=23 deck=22 discard=1
2026.09.26-05.46.38 FIGHTERS synced n=6 alive=6 own=4 enemy=2
2026.09.26-05.46.38 MANEUVER done seq=15 (merge) fighters=6 boost=no
2026.09.26-05.46.38 SNAPSHOT applied seq=16 phase=ACTION_MANEUVER
2026.09.26-05.46.38 HANDLE_APPLIED #24 seq=16 decision=2 fightersValid=1 boardValid=1
2026.09.26-05.46.38 MODE seq=16 mode=0 combat=0 pending=1
2026.09.26-05.46.38 HUD seq=16 phase=ACTION_MANEUVER turn=opp hand=7 oppHand=4(hidden) oppDeck=23~ deck=22~ discard=1
2026.09.26-05.46.38 FIGHTERS synced n=6 alive=6 own=4 enemy=2
2026.09.26-05.46.38 WS seq=16 phase=ACTION_MANEUVER (apply)
2026.09.26-05.46.39 S09AUTO drive mode=0 plan=[attack+scheme] phase=ACTION_MANEUVER turn=cmuhntiwu0001wib0z281rpa8
2026.09.26-05.46.40 SNAPSHOT applied seq=17 phase=ACTION_MANEUVER
2026.09.26-05.46.40 HANDLE_APPLIED #25 seq=17 decision=2 fightersValid=1 boardValid=1
2026.09.26-05.46.40 MODE seq=17 mode=0 combat=0 pending=1
2026.09.26-05.46.40 HUD seq=17 phase=ACTION_MANEUVER turn=opp hand=7 oppHand=4(hidden) oppDeck=23~ deck=22~ discard=1
2026.09.26-05.46.40 FIGHTERS synced n=6 alive=6 own=4 enemy=2
2026.09.26-05.46.40 WS seq=17 phase=ACTION_MANEUVER (apply)
2026.09.26-05.46.40 SNAPSHOT applied seq=18 phase=ACTION_MANEUVER
2026.09.26-05.46.40 HANDLE_APPLIED #26 seq=18 decision=2 fightersValid=1 boardValid=1
2026.09.26-05.46.40 MODE seq=18 mode=0 combat=0 pending=1
2026.09.26-05.46.40 HUD seq=18 phase=ACTION_MANEUVER turn=opp hand=7 oppHand=4(hidden) oppDeck=23~ deck=22~ discard=1
2026.09.26-05.46.40 FIGHTERS synced n=6 alive=6 own=4 enemy=2
2026.09.26-05.46.40 WS seq=18 phase=ACTION_MANEUVER (apply)
2026.09.26-05.46.40 SNAPSHOT applied seq=19 phase=ACTION_MANEUVER
2026.09.26-05.46.40 HANDLE_APPLIED #27 seq=19 decision=2 fightersValid=1 boardValid=1
2026.09.26-05.46.40 MODE seq=19 mode=0 combat=0 pending=1
2026.09.26-05.46.40 HUD seq=19 phase=ACTION_MANEUVER turn=opp hand=7 oppHand=4(hidden) oppDeck=23~ deck=22~ discard=1
2026.09.26-05.46.40 FIGHTERS synced n=6 alive=6 own=4 enemy=2
2026.09.26-05.46.40 WS seq=19 phase=ACTION_MANEUVER (apply)
2026.09.26-05.46.40 SNAPSHOT applied seq=20 phase=ACTION_MANEUVER
2026.09.26-05.46.40 HANDLE_APPLIED #28 seq=20 decision=2 fightersValid=1 boardValid=1
2026.09.26-05.46.40 MODE seq=20 mode=0 combat=0 pending=1
2026.09.26-05.46.40 HUD seq=20 phase=ACTION_MANEUVER turn=opp hand=7 oppHand=4(hidden) oppDeck=23~ deck=22~ discard=1
2026.09.26-05.46.40 FIGHTERS synced n=6 alive=6 own=4 enemy=2
2026.09.26-05.46.40 WS seq=20 phase=ACTION_MANEUVER (apply)
2026.09.26-05.46.40 SNAPSHOT applied seq=21 phase=ACTION_MANEUVER
2026.09.26-05.46.40 HANDLE_APPLIED #29 seq=21 decision=2 fightersValid=1 boardValid=1
2026.09.26-05.46.40 MODE seq=21 mode=0 combat=0 pending=1
2026.09.26-05.46.40 HUD seq=21 phase=ACTION_MANEUVER turn=opp hand=7 oppHand=4(hidden) oppDeck=23~ deck=22~ discard=1
2026.09.26-05.46.40 FIGHTERS synced n=6 alive=6 own=4 enemy=2
2026.09.26-05.46.40 WS seq=21 phase=ACTION_MANEUVER (apply)
2026.09.26-05.46.40 SNAPSHOT applied seq=22 phase=ACTION_MANEUVER
2026.09.26-05.46.40 HANDLE_APPLIED #30 seq=22 decision=2 fightersValid=1 boardValid=1
2026.09.26-05.46.40 MODE seq=22 mode=0 combat=0 pending=0
2026.09.26-05.46.40 HUD seq=22 phase=ACTION_MANEUVER turn=opp hand=7 oppHand=4(hidden) oppDeck=23~ deck=22~ discard=1
2026.09.26-05.46.40 FIGHTERS synced n=6 alive=6 own=4 enemy=2
2026.09.26-05.46.40 WS seq=22 phase=ACTION_MANEUVER (apply)
2026.09.26-05.46.40 SNAPSHOT applied seq=23 phase=ACTION_MANEUVER
2026.09.26-05.46.40 HANDLE_APPLIED #31 seq=23 decision=2 fightersValid=1 boardValid=1
2026.09.26-05.46.40 MODE seq=23 mode=0 combat=0 pending=0
2026.09.26-05.46.40 HUD seq=23 phase=ACTION_MANEUVER turn=opp hand=7 oppHand=5(hidden) oppDeck=23~ deck=22~ discard=1
2026.09.26-05.46.40 FIGHTERS synced n=6 alive=6 own=4 enemy=2
2026.09.26-05.46.40 WS seq=23 phase=ACTION_MANEUVER (apply)
2026.09.26-05.46.41 SNAPSHOT applied seq=24 phase=ACTION_MANEUVER
2026.09.26-05.46.41 HANDLE_APPLIED #32 seq=24 decision=2 fightersValid=1 boardValid=1
2026.09.26-05.46.41 MODE seq=24 mode=0 combat=0 pending=0
2026.09.26-05.46.41 HUD seq=24 phase=ACTION_MANEUVER turn=you hand=7 oppHand=5(hidden) oppDeck=23~ deck=22~ discard=1
2026.09.26-05.46.41 FIGHTERS synced n=6 alive=6 own=4 enemy=2
2026.09.26-05.46.41 CUE move f-1-hero (2,3)->(1,3) seq=24
2026.09.26-05.46.41 WS seq=24 phase=ACTION_MANEUVER (apply)
2026.09.26-05.46.41 S09AUTO own turn #2 (turnCount=5)
2026.09.26-05.46.41 S09AUTO attack deferred - no may-boost card in hand (turn#2 elapsed=28s)
2026.09.26-05.46.41 SNAPSHOT applied seq=25 phase=ACTION_MANEUVER
2026.09.26-05.46.41 HANDLE_APPLIED #33 seq=25 decision=2 fightersValid=1 boardValid=1
2026.09.26-05.46.41 MANEUVER-DRAFT mode=maneuver:5:24
2026.09.26-05.46.41 DRAFT-OPEN draw committed (resume instead of begin)
2026.09.26-05.46.41 MODE seq=25 mode=1 combat=0 pending=0
2026.09.26-05.46.41 HUD seq=25 phase=ACTION_MANEUVER turn=you hand=8 oppHand=5(hidden) oppDeck=23~ deck=22~ discard=1
2026.09.26-05.46.41 FIGHTERS synced n=6 alive=6 own=4 enemy=2
2026.09.26-05.46.41 WS seq=25 phase=ACTION_MANEUVER (apply)
2026.09.26-05.46.41 SNAPSHOT applied seq=25 phase=ACTION_MANEUVER
2026.09.26-05.46.41 HANDLE_APPLIED #34 seq=25 decision=1 fightersValid=1 boardValid=1
2026.09.26-05.46.41 MODE seq=25 mode=1 combat=0 pending=0
2026.09.26-05.46.41 HUD seq=25 phase=ACTION_MANEUVER turn=you hand=8 oppHand=5(hidden) oppDeck=22 deck=21 discard=1
2026.09.26-05.46.41 FIGHTERS synced n=6 alive=6 own=4 enemy=2
2026.09.26-05.46.41 MANEUVER begin seq=25 (merge) pending=maneuver:5:24
2026.09.26-05.46.41 S09AUTO drive mode=1 plan=[attack+scheme] phase=ACTION_MANEUVER turn=cmuhntivg0000wib0anhqyswc
2026.09.26-05.46.41 S09AUTO multi-fighter moves=2
2026.09.26-05.46.41 MANEUVER-CONFIRM moves=2 boost=none
2026.09.26-05.46.41 SNAPSHOT applied seq=26 phase=ACTION_MANEUVER
2026.09.26-05.46.41 HANDLE_APPLIED #35 seq=26 decision=2 fightersValid=1 boardValid=1
2026.09.26-05.46.41 closed mode=
2026.09.26-05.46.41 MODE seq=26 mode=0 combat=0 pending=0
2026.09.26-05.46.41 HUD seq=26 phase=ACTION_MANEUVER turn=you hand=8 oppHand=5(hidden) oppDeck=22~ deck=21~ discard=1
2026.09.26-05.46.41 FIGHTERS synced n=6 alive=6 own=4 enemy=2
2026.09.26-05.46.41 CUE move f-0-hero (2,2)->(2,3) seq=26
2026.09.26-05.46.41 CUE move f-0-sk0 (3,2)->(4,2) seq=26
2026.09.26-05.46.41 WS seq=26 phase=ACTION_MANEUVER (apply)
2026.09.26-05.46.41 SNAPSHOT applied seq=26 phase=ACTION_MANEUVER
2026.09.26-05.46.41 HANDLE_APPLIED #36 seq=26 decision=1 fightersValid=1 boardValid=1
2026.09.26-05.46.41 MODE seq=26 mode=0 combat=0 pending=0
2026.09.26-05.46.41 HUD seq=26 phase=ACTION_MANEUVER turn=you hand=8 oppHand=5(hidden) oppDeck=22 deck=21 discard=1
2026.09.26-05.46.41 FIGHTERS synced n=6 alive=6 own=4 enemy=2
2026.09.26-05.46.41 MANEUVER done seq=26 (merge) fighters=6 boost=no
2026.09.26-05.46.43 S09AUTO drive mode=0 plan=[attack+scheme] phase=ACTION_MANEUVER turn=cmuhntivg0000wib0anhqyswc
2026.09.26-05.46.43 S09AUTO attack deferred - no may-boost card in hand (turn#2 elapsed=30s)
2026.09.26-05.46.43 SNAPSHOT applied seq=27 phase=ACTION_MANEUVER
2026.09.26-05.46.43 HANDLE_APPLIED #37 seq=27 decision=2 fightersValid=1 boardValid=1
2026.09.26-05.46.43 MANEUVER-DRAFT mode=maneuver:5:26
2026.09.26-05.46.43 DRAFT-OPEN draw committed (resume instead of begin)
2026.09.26-05.46.43 MODE seq=27 mode=1 combat=0 pending=0
2026.09.26-05.46.43 HUD seq=27 phase=ACTION_MANEUVER turn=you hand=9 oppHand=5(hidden) oppDeck=22~ deck=21~ discard=1
2026.09.26-05.46.43 FIGHTERS synced n=6 alive=6 own=4 enemy=2
2026.09.26-05.46.43 WS seq=27 phase=ACTION_MANEUVER (apply)
2026.09.26-05.46.43 SNAPSHOT applied seq=27 phase=ACTION_MANEUVER
2026.09.26-05.46.43 HANDLE_APPLIED #38 seq=27 decision=1 fightersValid=1 boardValid=1
2026.09.26-05.46.43 MODE seq=27 mode=1 combat=0 pending=0
2026.09.26-05.46.43 HUD seq=27 phase=ACTION_MANEUVER turn=you hand=9 oppHand=5(hidden) oppDeck=22 deck=20 discard=1
2026.09.26-05.46.43 FIGHTERS synced n=6 alive=6 own=4 enemy=2
2026.09.26-05.46.43 MANEUVER begin seq=27 (merge) pending=maneuver:5:26
2026.09.26-05.46.43 S09AUTO drive mode=1 plan=[attack+scheme] phase=ACTION_MANEUVER turn=cmuhntivg0000wib0anhqyswc
2026.09.26-05.46.43 MANEUVER-CONFIRM moves=1 boost=none
2026.09.26-05.46.43 SNAPSHOT applied seq=28 phase=TURN_END
2026.09.26-05.46.43 HANDLE_APPLIED #39 seq=28 decision=2 fightersValid=1 boardValid=1
2026.09.26-05.46.43 DISCARD-DRAFT count=2 pending=discard:5:28
2026.09.26-05.46.43 MODE seq=28 mode=2 combat=0 pending=0
2026.09.26-05.46.43 HUD seq=28 phase=TURN_END turn=you hand=9 oppHand=5(hidden) oppDeck=22~ deck=20~ discard=1 pendingDiscard=2
2026.09.26-05.46.43 FIGHTERS synced n=6 alive=6 own=4 enemy=2
2026.09.26-05.46.43 CUE move f-0-hero (2,3)->(2,4) seq=28
2026.09.26-05.46.43 WS seq=28 phase=TURN_END (apply)
2026.09.26-05.46.43 SNAPSHOT applied seq=28 phase=TURN_END
2026.09.26-05.46.43 HANDLE_APPLIED #40 seq=28 decision=1 fightersValid=1 boardValid=1
2026.09.26-05.46.43 MODE seq=28 mode=2 combat=0 pending=0
2026.09.26-05.46.43 HUD seq=28 phase=TURN_END turn=you hand=9 oppHand=5(hidden) oppDeck=22 deck=20 discard=1 pendingDiscard=2
2026.09.26-05.46.43 FIGHTERS synced n=6 alive=6 own=4 enemy=2
2026.09.26-05.46.43 MANEUVER done seq=28 (merge) fighters=6 boost=no
2026.09.26-05.46.44 SHOT ctx viewport=1280x720 viewTarget=CameraActor_2147482375 cam=(0,1107,1582) rot=(-55,-90,0)
2026.09.26-05.46.44 SHOT fighter f-0-hero pos=(2,4) world=(0,150,0) screen=(640,495) projected=1 alive=1
2026.09.26-05.46.44 SHOT fighter f-0-sk0 pos=(4,2) world=(200,-50,0) screen=(847,318) projected=1 alive=1
2026.09.26-05.46.44 SHOT fighter f-0-sk1 pos=(2,1) world=(0,-150,0) screen=(640,236) projected=1 alive=1
2026.09.26-05.46.44 SHOT fighter f-0-sk2 pos=(1,2) world=(-100,-50,0) screen=(536,318) projected=1 alive=1
2026.09.26-05.46.44 SHOT fighter f-1-hero pos=(1,3) world=(-100,50,0) screen=(533,404) projected=1 alive=1
2026.09.26-05.46.44 SHOT fighter f-1-sk0 pos=(3,3) world=(100,50,0) screen=(747,404) projected=1 alive=1
2026.09.26-05.46.44 SHOT requested: FScreenshotRequest(bShowUI) -> C:\Users\ren\AppData\Local\Temp\s09-pending-20260926-104611-208548\host/s09-discard-open.png
2026.09.26-05.46.44 S09AUTO drive mode=2 plan=[attack+scheme] phase=TURN_END turn=cmuhntivg0000wib0anhqyswc
2026.09.26-05.46.44 S09AUTO discard picks=2
2026.09.26-05.46.44 DISCARD-CONFIRM pending=discard:5:28 count=2 ids=cmuhgvgko00t6wi9gliac8gv6::0,cmuhgvgkl00sywi9gqodqt0dw::1
2026.09.26-05.46.44 SNAPSHOT applied seq=29 phase=ACTION_MANEUVER
2026.09.26-05.46.44 HANDLE_APPLIED #41 seq=29 decision=2 fightersValid=1 boardValid=1
2026.09.26-05.46.44 closed mode=
2026.09.26-05.46.44 MODE seq=29 mode=0 combat=0 pending=0
2026.09.26-05.46.44 HUD seq=29 phase=ACTION_MANEUVER turn=opp hand=7 oppHand=5(hidden) oppDeck=22~ deck=20~ discard=3
2026.09.26-05.46.44 FIGHTERS synced n=6 alive=6 own=4 enemy=2
2026.09.26-05.46.44 WS seq=29 phase=ACTION_MANEUVER (apply)
2026.09.26-05.46.44 SNAPSHOT applied seq=29 phase=ACTION_MANEUVER
2026.09.26-05.46.44 HANDLE_APPLIED #42 seq=29 decision=1 fightersValid=1 boardValid=1
2026.09.26-05.46.44 MODE seq=29 mode=0 combat=0 pending=0
2026.09.26-05.46.44 HUD seq=29 phase=ACTION_MANEUVER turn=opp hand=7 oppHand=5(hidden) oppDeck=22 deck=20 discard=3
2026.09.26-05.46.44 FIGHTERS synced n=6 alive=6 own=4 enemy=2
2026.09.26-05.46.44 DISCARD done seq=29 phase=ACTION_MANEUVER count=2
2026.09.26-05.46.44 SNAPSHOT applied seq=30 phase=ACTION_MANEUVER
2026.09.26-05.46.44 HANDLE_APPLIED #43 seq=30 decision=2 fightersValid=1 boardValid=1
2026.09.26-05.46.44 MODE seq=30 mode=0 combat=0 pending=0
2026.09.26-05.46.44 HUD seq=30 phase=ACTION_MANEUVER turn=opp hand=7 oppHand=6(hidden) oppDeck=22~ deck=20~ discard=3
2026.09.26-05.46.44 FIGHTERS synced n=6 alive=6 own=4 enemy=2
2026.09.26-05.46.44 WS seq=30 phase=ACTION_MANEUVER (apply)
2026.09.26-05.46.44 SNAPSHOT applied seq=31 phase=ACTION_MANEUVER
2026.09.26-05.46.44 HANDLE_APPLIED #44 seq=31 decision=2 fightersValid=1 boardValid=1
2026.09.26-05.46.44 MODE seq=31 mode=0 combat=0 pending=0
2026.09.26-05.46.44 HUD seq=31 phase=ACTION_MANEUVER turn=opp hand=7 oppHand=6(hidden) oppDeck=22~ deck=20~ discard=3
2026.09.26-05.46.44 FIGHTERS synced n=6 alive=6 own=4 enemy=2
2026.09.26-05.46.44 CUE move f-1-hero (1,3)->(2,3) seq=31
2026.09.26-05.46.44 CUE move f-1-sk0 (3,3)->(4,3) seq=31
2026.09.26-05.46.44 WS seq=31 phase=ACTION_MANEUVER (apply)
2026.09.26-05.46.45 S09AUTO drive mode=0 plan=[attack+scheme] phase=ACTION_MANEUVER turn=cmuhntiwu0001wib0z281rpa8
2026.09.26-05.46.45 SNAPSHOT applied seq=32 phase=ACTION_MANEUVER
2026.09.26-05.46.45 HANDLE_APPLIED #45 seq=32 decision=2 fightersValid=1 boardValid=1
2026.09.26-05.46.45 MODE seq=32 mode=0 combat=0 pending=0
2026.09.26-05.46.45 HUD seq=32 phase=ACTION_MANEUVER turn=opp hand=7 oppHand=7(hidden) oppDeck=22~ deck=20~ discard=3
2026.09.26-05.46.45 FIGHTERS synced n=6 alive=6 own=4 enemy=2
2026.09.26-05.46.45 WS seq=32 phase=ACTION_MANEUVER (apply)
2026.09.26-05.46.45 SNAPSHOT applied seq=33 phase=ACTION_MANEUVER
2026.09.26-05.46.45 HANDLE_APPLIED #46 seq=33 decision=2 fightersValid=1 boardValid=1
2026.09.26-05.46.45 closed mode=
2026.09.26-05.46.45 MODE seq=33 mode=6 combat=0 pending=1
2026.09.26-05.46.45 HUD seq=33 phase=ACTION_MANEUVER turn=you hand=7 oppHand=7(hidden) oppDeck=22~ deck=20~ discard=3
2026.09.26-05.46.45 FIGHTERS synced n=6 alive=6 own=4 enemy=2
2026.09.26-05.46.45 CUE move f-1-hero (2,3)->(3,3) seq=33
2026.09.26-05.46.45 WS seq=33 phase=ACTION_MANEUVER (apply)
2026.09.26-05.46.45 S09AUTO drive mode=6 plan=[attack+scheme] phase=ACTION_MANEUVER turn=cmuhntivg0000wib0anhqyswc
2026.09.26-05.46.45 S09AUTO own turn #3 (turnCount=7)
2026.09.26-05.46.45 S09AUTO pending picked (type=TARGET_FIGHTER stage=0)
2026.09.26-05.46.45 PEND-RESOLVE sent type=TARGET_FIGHTER stage=0 id=ability-medusa-target-p0
2026.09.26-05.46.45 SNAPSHOT applied seq=34 phase=ACTION_MANEUVER
2026.09.26-05.46.45 HANDLE_APPLIED #47 seq=34 decision=2 fightersValid=1 boardValid=1
2026.09.26-05.46.45 closed mode=
2026.09.26-05.46.45 MODE seq=34 mode=0 combat=0 pending=0
2026.09.26-05.46.45 HUD seq=34 phase=ACTION_MANEUVER turn=you hand=7 oppHand=7(hidden) oppDeck=22~ deck=20~ discard=3
2026.09.26-05.46.45 FIGHTERS synced n=6 alive=6 own=4 enemy=2
2026.09.26-05.46.45 CUE damage f-1-hero -1 seq=34
2026.09.26-05.46.45 WS seq=34 phase=ACTION_MANEUVER (apply)
2026.09.26-05.46.45 SNAPSHOT applied seq=34 phase=ACTION_MANEUVER
2026.09.26-05.46.45 HANDLE_APPLIED #48 seq=34 decision=1 fightersValid=1 boardValid=1
2026.09.26-05.46.45 MODE seq=34 mode=0 combat=0 pending=0
2026.09.26-05.46.45 HUD seq=34 phase=ACTION_MANEUVER turn=you hand=7 oppHand=7(hidden) oppDeck=20 deck=20 discard=3
2026.09.26-05.46.45 FIGHTERS synced n=6 alive=6 own=4 enemy=2
2026.09.26-05.46.45 PEND resolve done seq=34 (merge) phase=ACTION_MANEUVER
2026.09.26-05.46.45 S09AUTO drive mode=0 plan=[attack+scheme] phase=ACTION_MANEUVER turn=cmuhntivg0000wib0anhqyswc
2026.09.26-05.46.45 S09AUTO attack deferred - no may-boost card in hand (turn#3 elapsed=32s)
2026.09.26-05.46.45 SNAPSHOT applied seq=35 phase=ACTION_MANEUVER
2026.09.26-05.46.45 HANDLE_APPLIED #49 seq=35 decision=2 fightersValid=1 boardValid=1
2026.09.26-05.46.45 MANEUVER-DRAFT mode=maneuver:7:34
2026.09.26-05.46.45 DRAFT-OPEN draw committed (resume instead of begin)
2026.09.26-05.46.45 MODE seq=35 mode=1 combat=0 pending=0
2026.09.26-05.46.45 HUD seq=35 phase=ACTION_MANEUVER turn=you hand=8 oppHand=7(hidden) oppDeck=20~ deck=20~ discard=3
2026.09.26-05.46.45 FIGHTERS synced n=6 alive=6 own=4 enemy=2
2026.09.26-05.46.45 WS seq=35 phase=ACTION_MANEUVER (apply)
2026.09.26-05.46.45 SNAPSHOT applied seq=35 phase=ACTION_MANEUVER
2026.09.26-05.46.45 HANDLE_APPLIED #50 seq=35 decision=1 fightersValid=1 boardValid=1
2026.09.26-05.46.45 MODE seq=35 mode=1 combat=0 pending=0
2026.09.26-05.46.45 HUD seq=35 phase=ACTION_MANEUVER turn=you hand=8 oppHand=7(hidden) oppDeck=20 deck=19 discard=3
2026.09.26-05.46.45 FIGHTERS synced n=6 alive=6 own=4 enemy=2
2026.09.26-05.46.45 MANEUVER begin seq=35 (merge) pending=maneuver:7:34
2026.09.26-05.46.45 S09AUTO drive mode=1 plan=[attack+scheme] phase=ACTION_MANEUVER turn=cmuhntivg0000wib0anhqyswc
2026.09.26-05.46.45 MANEUVER-CONFIRM moves=1 boost=none
2026.09.26-05.46.45 SNAPSHOT applied seq=36 phase=ACTION_MANEUVER
2026.09.26-05.46.45 HANDLE_APPLIED #51 seq=36 decision=2 fightersValid=1 boardValid=1
2026.09.26-05.46.45 closed mode=
2026.09.26-05.46.45 MODE seq=36 mode=0 combat=0 pending=0
2026.09.26-05.46.45 HUD seq=36 phase=ACTION_MANEUVER turn=you hand=8 oppHand=7(hidden) oppDeck=20~ deck=19~ discard=3
2026.09.26-05.46.45 FIGHTERS synced n=6 alive=6 own=4 enemy=2
2026.09.26-05.46.45 CUE move f-0-hero (2,4)->(3,4) seq=36
2026.09.26-05.46.45 WS seq=36 phase=ACTION_MANEUVER (apply)
2026.09.26-05.46.46 SNAPSHOT applied seq=36 phase=ACTION_MANEUVER
2026.09.26-05.46.46 HANDLE_APPLIED #52 seq=36 decision=1 fightersValid=1 boardValid=1
2026.09.26-05.46.46 MODE seq=36 mode=0 combat=0 pending=0
2026.09.26-05.46.46 HUD seq=36 phase=ACTION_MANEUVER turn=you hand=8 oppHand=7(hidden) oppDeck=20 deck=19 discard=3
2026.09.26-05.46.46 FIGHTERS synced n=6 alive=6 own=4 enemy=2
2026.09.26-05.46.46 MANEUVER done seq=36 (merge) fighters=6 boost=no
2026.09.26-05.46.47 S09AUTO drive mode=0 plan=[attack+scheme] phase=ACTION_MANEUVER turn=cmuhntivg0000wib0anhqyswc
2026.09.26-05.46.47 S09AUTO attack deferred - no may-boost card in hand (turn#3 elapsed=34s)
2026.09.26-05.46.47 SNAPSHOT applied seq=37 phase=ACTION_MANEUVER
2026.09.26-05.46.47 HANDLE_APPLIED #53 seq=37 decision=2 fightersValid=1 boardValid=1
2026.09.26-05.46.47 MANEUVER-DRAFT mode=maneuver:7:36
2026.09.26-05.46.47 DRAFT-OPEN draw committed (resume instead of begin)
2026.09.26-05.46.47 MODE seq=37 mode=1 combat=0 pending=0
2026.09.26-05.46.47 HUD seq=37 phase=ACTION_MANEUVER turn=you hand=9 oppHand=7(hidden) oppDeck=20~ deck=19~ discard=3
2026.09.26-05.46.47 FIGHTERS synced n=6 alive=6 own=4 enemy=2
2026.09.26-05.46.47 WS seq=37 phase=ACTION_MANEUVER (apply)
2026.09.26-05.46.47 SNAPSHOT applied seq=37 phase=ACTION_MANEUVER
2026.09.26-05.46.47 HANDLE_APPLIED #54 seq=37 decision=1 fightersValid=1 boardValid=1
2026.09.26-05.46.47 MODE seq=37 mode=1 combat=0 pending=0
2026.09.26-05.46.47 HUD seq=37 phase=ACTION_MANEUVER turn=you hand=9 oppHand=7(hidden) oppDeck=20 deck=18 discard=3
2026.09.26-05.46.47 FIGHTERS synced n=6 alive=6 own=4 enemy=2
2026.09.26-05.46.47 MANEUVER begin seq=37 (merge) pending=maneuver:7:36
2026.09.26-05.46.47 S09AUTO drive mode=1 plan=[attack+scheme] phase=ACTION_MANEUVER turn=cmuhntivg0000wib0anhqyswc
2026.09.26-05.46.47 MANEUVER-CONFIRM moves=1 boost=none
2026.09.26-05.46.47 SNAPSHOT applied seq=38 phase=TURN_END
2026.09.26-05.46.47 HANDLE_APPLIED #55 seq=38 decision=2 fightersValid=1 boardValid=1
2026.09.26-05.46.47 DISCARD-DRAFT count=2 pending=discard:7:38
2026.09.26-05.46.47 MODE seq=38 mode=2 combat=0 pending=0
2026.09.26-05.46.47 HUD seq=38 phase=TURN_END turn=you hand=9 oppHand=7(hidden) oppDeck=20~ deck=18~ discard=3 pendingDiscard=2
2026.09.26-05.46.47 FIGHTERS synced n=6 alive=6 own=4 enemy=2
2026.09.26-05.46.47 CUE move f-0-hero (3,4)->(4,4) seq=38
2026.09.26-05.46.47 WS seq=38 phase=TURN_END (apply)
2026.09.26-05.46.47 SNAPSHOT applied seq=38 phase=TURN_END
2026.09.26-05.46.47 HANDLE_APPLIED #56 seq=38 decision=1 fightersValid=1 boardValid=1
2026.09.26-05.46.47 MODE seq=38 mode=2 combat=0 pending=0
2026.09.26-05.46.47 HUD seq=38 phase=TURN_END turn=you hand=9 oppHand=7(hidden) oppDeck=20 deck=18 discard=3 pendingDiscard=2
2026.09.26-05.46.47 FIGHTERS synced n=6 alive=6 own=4 enemy=2
2026.09.26-05.46.47 MANEUVER done seq=38 (merge) fighters=6 boost=no
2026.09.26-05.46.48 S09AUTO drive mode=2 plan=[attack+scheme] phase=TURN_END turn=cmuhntivg0000wib0anhqyswc
2026.09.26-05.46.48 S09AUTO discard picks=2
2026.09.26-05.46.48 DISCARD-CONFIRM pending=discard:7:38 count=2 ids=cmuhgvgki00sswi9gdr1ptm2z::2,cmuhgvgkn00t4wi9g8rrkx4it::1
2026.09.26-05.46.48 SNAPSHOT applied seq=39 phase=ACTION_MANEUVER
2026.09.26-05.46.48 HANDLE_APPLIED #57 seq=39 decision=2 fightersValid=1 boardValid=1
2026.09.26-05.46.48 closed mode=
2026.09.26-05.46.48 MODE seq=39 mode=0 combat=0 pending=0
2026.09.26-05.46.48 HUD seq=39 phase=ACTION_MANEUVER turn=opp hand=7 oppHand=7(hidden) oppDeck=20~ deck=18~ discard=5
2026.09.26-05.46.48 FIGHTERS synced n=6 alive=6 own=4 enemy=2
2026.09.26-05.46.48 WS seq=39 phase=ACTION_MANEUVER (apply)
2026.09.26-05.46.48 SNAPSHOT applied seq=39 phase=ACTION_MANEUVER
2026.09.26-05.46.48 HANDLE_APPLIED #58 seq=39 decision=1 fightersValid=1 boardValid=1
2026.09.26-05.46.48 MODE seq=39 mode=0 combat=0 pending=0
2026.09.26-05.46.48 HUD seq=39 phase=ACTION_MANEUVER turn=opp hand=7 oppHand=7(hidden) oppDeck=20 deck=18 discard=5
2026.09.26-05.46.48 FIGHTERS synced n=6 alive=6 own=4 enemy=2
2026.09.26-05.46.48 DISCARD done seq=39 phase=ACTION_MANEUVER count=2
2026.09.26-05.46.48 SNAPSHOT applied seq=40 phase=ACTION_MANEUVER
2026.09.26-05.46.48 HANDLE_APPLIED #59 seq=40 decision=2 fightersValid=1 boardValid=1
2026.09.26-05.46.48 MODE seq=40 mode=0 combat=0 pending=0
2026.09.26-05.46.48 HUD seq=40 phase=ACTION_MANEUVER turn=opp hand=7 oppHand=8(hidden) oppDeck=20~ deck=18~ discard=5
2026.09.26-05.46.48 FIGHTERS synced n=6 alive=6 own=4 enemy=2
2026.09.26-05.46.48 WS seq=40 phase=ACTION_MANEUVER (apply)
2026.09.26-05.46.48 SNAPSHOT applied seq=41 phase=ACTION_MANEUVER
2026.09.26-05.46.48 HANDLE_APPLIED #60 seq=41 decision=2 fightersValid=1 boardValid=1
2026.09.26-05.46.48 MODE seq=41 mode=0 combat=0 pending=0
2026.09.26-05.46.48 HUD seq=41 phase=ACTION_MANEUVER turn=opp hand=7 oppHand=8(hidden) oppDeck=20~ deck=18~ discard=5
2026.09.26-05.46.48 FIGHTERS synced n=6 alive=6 own=4 enemy=2
2026.09.26-05.46.48 CUE move f-1-hero (3,3)->(2,3) seq=41
2026.09.26-05.46.48 WS seq=41 phase=ACTION_MANEUVER (apply)
2026.09.26-05.46.49 S09AUTO drive mode=0 plan=[attack+scheme] phase=ACTION_MANEUVER turn=cmuhntiwu0001wib0z281rpa8
2026.09.26-05.46.49 SNAPSHOT applied seq=42 phase=ACTION_MANEUVER
2026.09.26-05.46.49 HANDLE_APPLIED #61 seq=42 decision=2 fightersValid=1 boardValid=1
2026.09.26-05.46.49 MODE seq=42 mode=0 combat=0 pending=0
2026.09.26-05.46.49 HUD seq=42 phase=ACTION_MANEUVER turn=opp hand=7 oppHand=9(hidden) oppDeck=20~ deck=18~ discard=5
2026.09.26-05.46.49 FIGHTERS synced n=6 alive=6 own=4 enemy=2
2026.09.26-05.46.49 WS seq=42 phase=ACTION_MANEUVER (apply)
2026.09.26-05.46.49 SNAPSHOT applied seq=43 phase=TURN_END
2026.09.26-05.46.49 HANDLE_APPLIED #62 seq=43 decision=2 fightersValid=1 boardValid=1
2026.09.26-05.46.49 MODE seq=43 mode=0 combat=0 pending=0
2026.09.26-05.46.49 HUD seq=43 phase=TURN_END turn=opp hand=7 oppHand=9(hidden) oppDeck=20~ deck=18~ discard=5 pendingDiscard=2
2026.09.26-05.46.49 FIGHTERS synced n=6 alive=6 own=4 enemy=2
2026.09.26-05.46.49 CUE move f-1-hero (2,3)->(3,3) seq=43
2026.09.26-05.46.49 WS seq=43 phase=TURN_END (apply)
2026.09.26-05.46.51 SNAPSHOT applied seq=44 phase=ACTION_MANEUVER
2026.09.26-05.46.51 HANDLE_APPLIED #63 seq=44 decision=2 fightersValid=1 boardValid=1
2026.09.26-05.46.51 closed mode=
2026.09.26-05.46.51 MODE seq=44 mode=6 combat=0 pending=1
2026.09.26-05.46.51 HUD seq=44 phase=ACTION_MANEUVER turn=you hand=7 oppHand=7(hidden) oppDeck=20~ deck=18~ discard=5
2026.09.26-05.46.51 FIGHTERS synced n=6 alive=6 own=4 enemy=2
2026.09.26-05.46.51 WS seq=44 phase=ACTION_MANEUVER (apply)
2026.09.26-05.46.51 S09AUTO drive mode=6 plan=[attack+scheme] phase=ACTION_MANEUVER turn=cmuhntivg0000wib0anhqyswc
2026.09.26-05.46.51 S09AUTO own turn #4 (turnCount=9)
2026.09.26-05.46.51 S09AUTO pending picked (type=TARGET_FIGHTER stage=0)
2026.09.26-05.46.51 PEND-RESOLVE sent type=TARGET_FIGHTER stage=0 id=ability-medusa-target-p0
2026.09.26-05.46.51 SNAPSHOT applied seq=45 phase=ACTION_MANEUVER
2026.09.26-05.46.51 HANDLE_APPLIED #64 seq=45 decision=2 fightersValid=1 boardValid=1
2026.09.26-05.46.51 closed mode=
2026.09.26-05.46.51 MODE seq=45 mode=0 combat=0 pending=0
2026.09.26-05.46.51 HUD seq=45 phase=ACTION_MANEUVER turn=you hand=7 oppHand=7(hidden) oppDeck=20~ deck=18~ discard=5
2026.09.26-05.46.51 FIGHTERS synced n=6 alive=6 own=4 enemy=2
2026.09.26-05.46.51 CUE damage f-1-hero -1 seq=45
2026.09.26-05.46.51 WS seq=45 phase=ACTION_MANEUVER (apply)
2026.09.26-05.46.51 SNAPSHOT applied seq=45 phase=ACTION_MANEUVER
2026.09.26-05.46.51 HANDLE_APPLIED #65 seq=45 decision=1 fightersValid=1 boardValid=1
2026.09.26-05.46.51 MODE seq=45 mode=0 combat=0 pending=0
2026.09.26-05.46.51 HUD seq=45 phase=ACTION_MANEUVER turn=you hand=7 oppHand=7(hidden) oppDeck=18 deck=18 discard=5
2026.09.26-05.46.51 FIGHTERS synced n=6 alive=6 own=4 enemy=2
2026.09.26-05.46.51 PEND resolve done seq=45 (merge) phase=ACTION_MANEUVER
2026.09.26-05.46.51 S09AUTO drive mode=0 plan=[attack+scheme] phase=ACTION_MANEUVER turn=cmuhntivg0000wib0anhqyswc
2026.09.26-05.46.51 S09AUTO attack deferred - no may-boost card in hand (turn#4 elapsed=38s)
2026.09.26-05.46.51 SNAPSHOT applied seq=46 phase=ACTION_MANEUVER
2026.09.26-05.46.51 HANDLE_APPLIED #66 seq=46 decision=2 fightersValid=1 boardValid=1
2026.09.26-05.46.51 MANEUVER-DRAFT mode=maneuver:9:45
2026.09.26-05.46.51 DRAFT-OPEN draw committed (resume instead of begin)
2026.09.26-05.46.51 MODE seq=46 mode=1 combat=0 pending=0
2026.09.26-05.46.51 HUD seq=46 phase=ACTION_MANEUVER turn=you hand=8 oppHand=7(hidden) oppDeck=18~ deck=18~ discard=5
2026.09.26-05.46.51 FIGHTERS synced n=6 alive=6 own=4 enemy=2
2026.09.26-05.46.51 WS seq=46 phase=ACTION_MANEUVER (apply)
2026.09.26-05.46.51 SNAPSHOT applied seq=46 phase=ACTION_MANEUVER
2026.09.26-05.46.51 HANDLE_APPLIED #67 seq=46 decision=1 fightersValid=1 boardValid=1
2026.09.26-05.46.51 MODE seq=46 mode=1 combat=0 pending=0
2026.09.26-05.46.51 HUD seq=46 phase=ACTION_MANEUVER turn=you hand=8 oppHand=7(hidden) oppDeck=18 deck=17 discard=5
2026.09.26-05.46.51 FIGHTERS synced n=6 alive=6 own=4 enemy=2
2026.09.26-05.46.51 MANEUVER begin seq=46 (merge) pending=maneuver:9:45
2026.09.26-05.46.51 S09AUTO drive mode=1 plan=[attack+scheme] phase=ACTION_MANEUVER turn=cmuhntivg0000wib0anhqyswc
2026.09.26-05.46.51 MANEUVER-CONFIRM moves=1 boost=none
2026.09.26-05.46.51 SNAPSHOT applied seq=47 phase=ACTION_MANEUVER
2026.09.26-05.46.51 HANDLE_APPLIED #68 seq=47 decision=2 fightersValid=1 boardValid=1
2026.09.26-05.46.51 closed mode=
2026.09.26-05.46.51 MODE seq=47 mode=0 combat=0 pending=0
2026.09.26-05.46.51 HUD seq=47 phase=ACTION_MANEUVER turn=you hand=8 oppHand=7(hidden) oppDeck=18~ deck=17~ discard=5
2026.09.26-05.46.51 FIGHTERS synced n=6 alive=6 own=4 enemy=2
2026.09.26-05.46.51 CUE move f-0-hero (4,4)->(3,4) seq=47
2026.09.26-05.46.51 WS seq=47 phase=ACTION_MANEUVER (apply)
2026.09.26-05.46.51 SNAPSHOT applied seq=47 phase=ACTION_MANEUVER
2026.09.26-05.46.51 HANDLE_APPLIED #69 seq=47 decision=1 fightersValid=1 boardValid=1
2026.09.26-05.46.51 MODE seq=47 mode=0 combat=0 pending=0
2026.09.26-05.46.51 HUD seq=47 phase=ACTION_MANEUVER turn=you hand=8 oppHand=7(hidden) oppDeck=18 deck=17 discard=5
2026.09.26-05.46.51 FIGHTERS synced n=6 alive=6 own=4 enemy=2
2026.09.26-05.46.51 MANEUVER done seq=47 (merge) fighters=6 boost=no
2026.09.26-05.46.52 S09AUTO drive mode=0 plan=[attack+scheme] phase=ACTION_MANEUVER turn=cmuhntivg0000wib0anhqyswc
2026.09.26-05.46.52 S09AUTO attack (attacker=f-0-hero target-set card-set)
2026.09.26-05.46.52 ATTACK sent
2026.09.26-05.46.52 SNAPSHOT applied seq=48 phase=COMBAT
2026.09.26-05.46.52 HANDLE_APPLIED #70 seq=48 decision=2 fightersValid=1 boardValid=1
2026.09.26-05.46.52 closed mode=
2026.09.26-05.46.52 MODE seq=48 mode=0 combat=1 pending=0
2026.09.26-05.46.52 HUD seq=48 phase=COMBAT turn=you hand=7 oppHand=7(hidden) oppDeck=18~ deck=17~ discard=6
2026.09.26-05.46.52 FIGHTERS synced n=6 alive=6 own=4 enemy=2
2026.09.26-05.46.52 WS seq=48 phase=COMBAT (apply)
2026.09.26-05.46.52 SNAPSHOT applied seq=48 phase=COMBAT
2026.09.26-05.46.52 HANDLE_APPLIED #71 seq=48 decision=1 fightersValid=1 boardValid=1
2026.09.26-05.46.52 MODE seq=48 mode=0 combat=1 pending=0
2026.09.26-05.46.52 HUD seq=48 phase=COMBAT turn=you hand=7 oppHand=7(hidden) oppDeck=18 deck=17 discard=6
2026.09.26-05.46.52 FIGHTERS synced n=6 alive=6 own=4 enemy=2
2026.09.26-05.46.52 ATTACK done seq=48 (merge) phase=COMBAT
2026.09.26-05.46.52 ENDTURN sent
2026.09.26-05.46.52 ENDTURN failed: Invalid phase. Current: COMBAT, Required: ACTION_MANEUVER or ACTION_ATTACK
2026.09.26-05.46.52 ENDTURN sent
2026.09.26-05.46.52 ENDTURN failed: Invalid phase. Current: COMBAT, Required: ACTION_MANEUVER or ACTION_ATTACK
2026.09.26-05.46.52 ENDTURN sent
2026.09.26-05.46.52 ENDTURN failed: Invalid phase. Current: COMBAT, Required: ACTION_MANEUVER or ACTION_ATTACK
2026.09.26-05.46.52 ENDTURN sent
2026.09.26-05.46.52 ENDTURN failed: Invalid phase. Current: COMBAT, Required: ACTION_MANEUVER or ACTION_ATTACK
2026.09.26-05.46.52 ENDTURN sent
2026.09.26-05.46.52 ENDTURN failed: Invalid phase. Current: COMBAT, Required: ACTION_MANEUVER or ACTION_ATTACK
2026.09.26-05.46.52 SNAPSHOT applied seq=49 phase=COMBAT_RESOLVE
2026.09.26-05.46.52 HANDLE_APPLIED #72 seq=49 decision=2 fightersValid=1 boardValid=1
2026.09.26-05.46.52 closed mode=
2026.09.26-05.46.52 MODE seq=49 mode=5 combat=1 pending=0
2026.09.26-05.46.52 HUD seq=49 phase=COMBAT_RESOLVE turn=you hand=7 oppHand=6(hidden) oppDeck=18~ deck=17~ discard=6
2026.09.26-05.46.52 FIGHTERS synced n=6 alive=6 own=4 enemy=2
2026.09.26-05.46.52 WS seq=49 phase=COMBAT_RESOLVE (apply)
2026.09.26-05.46.52 S09AUTO drive mode=5 plan=[attack+scheme] phase=COMBAT_RESOLVE turn=cmuhntivg0000wib0anhqyswc
2026.09.26-05.46.52 SNAPSHOT applied seq=50 phase=COMBAT_RESOLVE
2026.09.26-05.46.52 HANDLE_APPLIED #73 seq=50 decision=2 fightersValid=1 boardValid=1
2026.09.26-05.46.52 closed mode=
2026.09.26-05.46.52 MODE seq=50 mode=6 combat=1 pending=1
2026.09.26-05.46.52 HUD seq=50 phase=COMBAT_RESOLVE turn=you hand=7 oppHand=6(hidden) oppDeck=18~ deck=17~ discard=6
2026.09.26-05.46.52 FIGHTERS synced n=6 alive=6 own=4 enemy=2
2026.09.26-05.46.52 WS seq=50 phase=COMBAT_RESOLVE (apply)
2026.09.26-05.46.52 S09AUTO drive mode=6 plan=[attack+scheme] phase=COMBAT_RESOLVE turn=cmuhntivg0000wib0anhqyswc
2026.09.26-05.46.52 S09AUTO pending-open shot (type=BOOST_CHOICE stage=0 mode=)
2026.09.26-05.46.52 SHOT ctx viewport=1280x720 viewTarget=CameraActor_2147482375 cam=(0,1107,1582) rot=(-55,-90,0)
2026.09.26-05.46.52 SHOT fighter f-0-hero pos=(3,4) world=(100,150,0) screen=(750,495) projected=1 alive=1
2026.09.26-05.46.52 SHOT fighter f-0-sk0 pos=(4,2) world=(200,-50,0) screen=(847,318) projected=1 alive=1
2026.09.26-05.46.52 SHOT fighter f-0-sk1 pos=(2,1) world=(0,-150,0) screen=(640,236) projected=1 alive=1
2026.09.26-05.46.52 SHOT fighter f-0-sk2 pos=(1,2) world=(-100,-50,0) screen=(536,318) projected=1 alive=1
2026.09.26-05.46.52 SHOT fighter f-1-hero pos=(3,3) world=(100,50,0) screen=(747,404) projected=1 alive=1
2026.09.26-05.46.52 SHOT fighter f-1-sk0 pos=(4,3) world=(200,50,0) screen=(853,404) projected=1 alive=1
2026.09.26-05.46.52 SHOT requested: FScreenshotRequest(bShowUI) -> C:\Users\ren\AppData\Local\Temp\s09-pending-20260926-104611-208548\host/s09-pending-BOOST_CHOICE.png
2026.09.26-05.46.52 S09AUTO boost choice - holding 4s for the other seat's reveal capture
2026.09.26-05.46.56 S09AUTO pending picked (type=BOOST_CHOICE stage=0)
2026.09.26-05.46.56 PEND-RESOLVE sent type=BOOST_CHOICE stage=0 id=cmuhgvgkf00smwi9gaeymh3ur-during-0-boost-49
2026.09.26-05.46.56 SNAPSHOT applied seq=51 phase=ACTION_MANEUVER
2026.09.26-05.46.56 HANDLE_APPLIED #74 seq=51 decision=2 fightersValid=1 boardValid=1
2026.09.26-05.46.56 COMBAT-RESULT seq=51 damage=1 role=attacked
2026.09.26-05.46.56 S09AUTO combat-result shot
2026.09.26-05.46.56 SHOT ctx viewport=1280x720 viewTarget=CameraActor_2147482375 cam=(0,1107,1582) rot=(-55,-90,0)
2026.09.26-05.46.56 SHOT fighter f-0-hero pos=(3,4) world=(100,150,0) screen=(750,495) projected=1 alive=1
2026.09.26-05.46.56 SHOT fighter f-0-sk0 pos=(4,2) world=(200,-50,0) screen=(847,318) projected=1 alive=1
2026.09.26-05.46.56 SHOT fighter f-0-sk1 pos=(2,1) world=(0,-150,0) screen=(640,236) projected=1 alive=1
2026.09.26-05.46.56 SHOT fighter f-0-sk2 pos=(1,2) world=(-100,-50,0) screen=(536,318) projected=1 alive=1
2026.09.26-05.46.56 SHOT fighter f-1-hero pos=(3,3) world=(100,50,0) screen=(747,404) projected=1 alive=1
2026.09.26-05.46.56 SHOT fighter f-1-sk0 pos=(4,3) world=(200,50,0) screen=(853,404) projected=1 alive=1
2026.09.26-05.46.56 SHOT requested: FScreenshotRequest(bShowUI) -> C:\Users\ren\AppData\Local\Temp\s09-pending-20260926-104611-208548\host/s09-combat-result.png
2026.09.26-05.46.56 closed mode=
2026.09.26-05.46.56 MODE seq=51 mode=0 combat=0 pending=0
2026.09.26-05.46.56 HUD seq=51 phase=ACTION_MANEUVER turn=opp hand=6 oppHand=6(hidden) oppDeck=18~ deck=17~ discard=7
2026.09.26-05.46.56 FIGHTERS synced n=6 alive=6 own=4 enemy=2
2026.09.26-05.46.56 CUE damage f-1-hero -1 seq=51
2026.09.26-05.46.56 WS seq=51 phase=ACTION_MANEUVER (apply)
2026.09.26-05.46.56 SNAPSHOT applied seq=51 phase=ACTION_MANEUVER
2026.09.26-05.46.56 HANDLE_APPLIED #75 seq=51 decision=1 fightersValid=1 boardValid=1
2026.09.26-05.46.56 MODE seq=51 mode=0 combat=0 pending=0
2026.09.26-05.46.56 HUD seq=51 phase=ACTION_MANEUVER turn=opp hand=6 oppHand=6(hidden) oppDeck=18 deck=17 discard=7
2026.09.26-05.46.56 FIGHTERS synced n=6 alive=6 own=4 enemy=2
2026.09.26-05.46.56 PEND resolve done seq=51 (merge) phase=ACTION_MANEUVER
2026.09.26-05.46.56 S09AUTO drive mode=0 plan=[attack+scheme] phase=ACTION_MANEUVER turn=cmuhntiwu0001wib0z281rpa8
2026.09.26-05.46.56 SNAPSHOT applied seq=52 phase=ACTION_MANEUVER
2026.09.26-05.46.57 HANDLE_APPLIED #76 seq=52 decision=2 fightersValid=1 boardValid=1
2026.09.26-05.46.57 MODE seq=52 mode=0 combat=0 pending=0
2026.09.26-05.46.57 HUD seq=52 phase=ACTION_MANEUVER turn=opp hand=6 oppHand=7(hidden) oppDeck=18~ deck=17~ discard=7
2026.09.26-05.46.57 FIGHTERS synced n=6 alive=6 own=4 enemy=2
2026.09.26-05.46.57 WS seq=52 phase=ACTION_MANEUVER (apply)
2026.09.26-05.46.57 SNAPSHOT applied seq=53 phase=ACTION_MANEUVER
2026.09.26-05.46.57 HANDLE_APPLIED #77 seq=53 decision=2 fightersValid=1 boardValid=1
2026.09.26-05.46.57 MODE seq=53 mode=0 combat=0 pending=0
2026.09.26-05.46.57 HUD seq=53 phase=ACTION_MANEUVER turn=opp hand=6 oppHand=7(hidden) oppDeck=18~ deck=17~ discard=7
2026.09.26-05.46.57 FIGHTERS synced n=6 alive=6 own=4 enemy=2
2026.09.26-05.46.57 CUE move f-1-hero (3,3)->(2,3) seq=53
2026.09.26-05.46.57 WS seq=53 phase=ACTION_MANEUVER (apply)
2026.09.26-05.46.58 SNAPSHOT applied seq=54 phase=ACTION_MANEUVER
2026.09.26-05.46.58 HANDLE_APPLIED #78 seq=54 decision=2 fightersValid=1 boardValid=1
2026.09.26-05.46.58 MODE seq=54 mode=0 combat=0 pending=0
2026.09.26-05.46.58 HUD seq=54 phase=ACTION_MANEUVER turn=opp hand=6 oppHand=8(hidden) oppDeck=18~ deck=17~ discard=7
2026.09.26-05.46.58 FIGHTERS synced n=6 alive=6 own=4 enemy=2
2026.09.26-05.46.58 WS seq=54 phase=ACTION_MANEUVER (apply)
2026.09.26-05.46.58 SNAPSHOT applied seq=55 phase=TURN_END
2026.09.26-05.46.58 HANDLE_APPLIED #79 seq=55 decision=2 fightersValid=1 boardValid=1
2026.09.26-05.46.58 MODE seq=55 mode=0 combat=0 pending=0
2026.09.26-05.46.58 HUD seq=55 phase=TURN_END turn=opp hand=6 oppHand=8(hidden) oppDeck=18~ deck=17~ discard=7 pendingDiscard=1
2026.09.26-05.46.58 FIGHTERS synced n=6 alive=6 own=4 enemy=2
2026.09.26-05.46.58 CUE move f-1-hero (2,3)->(3,3) seq=55
2026.09.26-05.46.58 WS seq=55 phase=TURN_END (apply)
2026.09.26-05.46.59 SNAPSHOT applied seq=56 phase=ACTION_MANEUVER
2026.09.26-05.46.59 HANDLE_APPLIED #80 seq=56 decision=2 fightersValid=1 boardValid=1
2026.09.26-05.46.59 closed mode=
2026.09.26-05.46.59 MODE seq=56 mode=6 combat=0 pending=1
2026.09.26-05.46.59 HUD seq=56 phase=ACTION_MANEUVER turn=you hand=6 oppHand=7(hidden) oppDeck=18~ deck=17~ discard=7
2026.09.26-05.46.59 FIGHTERS synced n=6 alive=6 own=4 enemy=2
2026.09.26-05.46.59 WS seq=56 phase=ACTION_MANEUVER (apply)
2026.09.26-05.46.59 S09AUTO drive mode=6 plan=[attack+scheme] phase=ACTION_MANEUVER turn=cmuhntivg0000wib0anhqyswc
2026.09.26-05.46.59 S09AUTO own turn #5 (turnCount=11)
2026.09.26-05.46.59 S09AUTO pending picked (type=TARGET_FIGHTER stage=0)
2026.09.26-05.46.59 PEND-RESOLVE sent type=TARGET_FIGHTER stage=0 id=ability-medusa-target-p0
2026.09.26-05.46.59 SNAPSHOT applied seq=57 phase=ACTION_MANEUVER
2026.09.26-05.46.59 HANDLE_APPLIED #81 seq=57 decision=2 fightersValid=1 boardValid=1
2026.09.26-05.46.59 closed mode=
2026.09.26-05.46.59 MODE seq=57 mode=0 combat=0 pending=0
2026.09.26-05.46.59 HUD seq=57 phase=ACTION_MANEUVER turn=you hand=6 oppHand=7(hidden) oppDeck=18~ deck=17~ discard=7
2026.09.26-05.46.59 FIGHTERS synced n=6 alive=6 own=4 enemy=2
2026.09.26-05.46.59 CUE damage f-1-hero -1 seq=57
2026.09.26-05.46.59 WS seq=57 phase=ACTION_MANEUVER (apply)
2026.09.26-05.46.59 SNAPSHOT applied seq=57 phase=ACTION_MANEUVER
2026.09.26-05.46.59 HANDLE_APPLIED #82 seq=57 decision=1 fightersValid=1 boardValid=1
2026.09.26-05.46.59 MODE seq=57 mode=0 combat=0 pending=0
2026.09.26-05.46.59 HUD seq=57 phase=ACTION_MANEUVER turn=you hand=6 oppHand=7(hidden) oppDeck=16 deck=17 discard=7
2026.09.26-05.46.59 FIGHTERS synced n=6 alive=6 own=4 enemy=2
2026.09.26-05.46.59 PEND resolve done seq=57 (merge) phase=ACTION_MANEUVER
2026.09.26-05.46.59 S09AUTO drive mode=0 plan=[attack+scheme] phase=ACTION_MANEUVER turn=cmuhntivg0000wib0anhqyswc
2026.09.26-05.46.59 S09AUTO attack deferred - no may-boost card in hand (turn#5 elapsed=46s)
2026.09.26-05.46.59 SNAPSHOT applied seq=58 phase=ACTION_MANEUVER
2026.09.26-05.46.59 HANDLE_APPLIED #83 seq=58 decision=2 fightersValid=1 boardValid=1
2026.09.26-05.46.59 MANEUVER-DRAFT mode=maneuver:11:57
2026.09.26-05.46.59 DRAFT-OPEN draw committed (resume instead of begin)
2026.09.26-05.46.59 MODE seq=58 mode=1 combat=0 pending=0
2026.09.26-05.46.59 HUD seq=58 phase=ACTION_MANEUVER turn=you hand=7 oppHand=7(hidden) oppDeck=16~ deck=17~ discard=7
2026.09.26-05.46.59 FIGHTERS synced n=6 alive=6 own=4 enemy=2
2026.09.26-05.46.59 WS seq=58 phase=ACTION_MANEUVER (apply)
2026.09.26-05.46.59 SNAPSHOT applied seq=58 phase=ACTION_MANEUVER
2026.09.26-05.46.59 HANDLE_APPLIED #84 seq=58 decision=1 fightersValid=1 boardValid=1
2026.09.26-05.46.59 MODE seq=58 mode=1 combat=0 pending=0
2026.09.26-05.46.59 HUD seq=58 phase=ACTION_MANEUVER turn=you hand=7 oppHand=7(hidden) oppDeck=16 deck=16 discard=7
2026.09.26-05.46.59 FIGHTERS synced n=6 alive=6 own=4 enemy=2
2026.09.26-05.46.59 MANEUVER begin seq=58 (merge) pending=maneuver:11:57
2026.09.26-05.46.59 S09AUTO drive mode=1 plan=[attack+scheme] phase=ACTION_MANEUVER turn=cmuhntivg0000wib0anhqyswc
2026.09.26-05.46.59 MANEUVER-CONFIRM moves=1 boost=none
2026.09.26-05.46.59 SNAPSHOT applied seq=59 phase=ACTION_MANEUVER
2026.09.26-05.46.59 HANDLE_APPLIED #85 seq=59 decision=2 fightersValid=1 boardValid=1
2026.09.26-05.46.59 closed mode=
2026.09.26-05.46.59 MODE seq=59 mode=0 combat=0 pending=0
2026.09.26-05.46.59 HUD seq=59 phase=ACTION_MANEUVER turn=you hand=7 oppHand=7(hidden) oppDeck=16~ deck=16~ discard=7
2026.09.26-05.46.59 FIGHTERS synced n=6 alive=6 own=4 enemy=2
2026.09.26-05.46.59 CUE move f-0-hero (3,4)->(4,4) seq=59
2026.09.26-05.46.59 WS seq=59 phase=ACTION_MANEUVER (apply)
2026.09.26-05.46.59 SNAPSHOT applied seq=59 phase=ACTION_MANEUVER
2026.09.26-05.46.59 HANDLE_APPLIED #86 seq=59 decision=1 fightersValid=1 boardValid=1
2026.09.26-05.46.59 MODE seq=59 mode=0 combat=0 pending=0
2026.09.26-05.46.59 HUD seq=59 phase=ACTION_MANEUVER turn=you hand=7 oppHand=7(hidden) oppDeck=16 deck=16 discard=7
2026.09.26-05.46.59 FIGHTERS synced n=6 alive=6 own=4 enemy=2
2026.09.26-05.46.59 MANEUVER done seq=59 (merge) fighters=6 boost=no
2026.09.26-05.47.00 S09AUTO drive mode=0 plan=[attack+scheme] phase=ACTION_MANEUVER turn=cmuhntivg0000wib0anhqyswc
2026.09.26-05.47.00 S09AUTO attack (attacker=f-0-hero target-set card-set)
2026.09.26-05.47.00 ATTACK sent
2026.09.26-05.47.00 SNAPSHOT applied seq=60 phase=COMBAT
2026.09.26-05.47.00 HANDLE_APPLIED #87 seq=60 decision=2 fightersValid=1 boardValid=1
2026.09.26-05.47.00 closed mode=
2026.09.26-05.47.00 MODE seq=60 mode=0 combat=1 pending=0
2026.09.26-05.47.00 HUD seq=60 phase=COMBAT turn=you hand=6 oppHand=7(hidden) oppDeck=16~ deck=16~ discard=8
2026.09.26-05.47.00 FIGHTERS synced n=6 alive=6 own=4 enemy=2
2026.09.26-05.47.00 WS seq=60 phase=COMBAT (apply)
2026.09.26-05.47.00 SNAPSHOT applied seq=60 phase=COMBAT
2026.09.26-05.47.00 HANDLE_APPLIED #88 seq=60 decision=1 fightersValid=1 boardValid=1
2026.09.26-05.47.00 MODE seq=60 mode=0 combat=1 pending=0
2026.09.26-05.47.00 HUD seq=60 phase=COMBAT turn=you hand=6 oppHand=7(hidden) oppDeck=16 deck=16 discard=8
2026.09.26-05.47.00 FIGHTERS synced n=6 alive=6 own=4 enemy=2
2026.09.26-05.47.00 ATTACK done seq=60 (merge) phase=COMBAT
2026.09.26-05.47.00 ENDTURN sent
2026.09.26-05.47.00 ENDTURN failed: Invalid phase. Current: COMBAT, Required: ACTION_MANEUVER or ACTION_ATTACK
2026.09.26-05.47.00 ENDTURN sent
2026.09.26-05.47.00 ENDTURN failed: Invalid phase. Current: COMBAT_RESOLVE, Required: ACTION_MANEUVER or ACTION_ATTACK
2026.09.26-05.47.00 SNAPSHOT applied seq=61 phase=COMBAT_RESOLVE
2026.09.26-05.47.00 HANDLE_APPLIED #89 seq=61 decision=2 fightersValid=1 boardValid=1
2026.09.26-05.47.00 closed mode=
2026.09.26-05.47.00 MODE seq=61 mode=5 combat=1 pending=0
2026.09.26-05.47.00 HUD seq=61 phase=COMBAT_RESOLVE turn=you hand=6 oppHand=6(hidden) oppDeck=16~ deck=16~ discard=8
2026.09.26-05.47.00 FIGHTERS synced n=6 alive=6 own=4 enemy=2
2026.09.26-05.47.01 WS seq=61 phase=COMBAT_RESOLVE (apply)
2026.09.26-05.47.01 S09AUTO drive mode=5 plan=[attack+scheme] phase=COMBAT_RESOLVE turn=cmuhntivg0000wib0anhqyswc
2026.09.26-05.47.01 SNAPSHOT applied seq=62 phase=COMBAT_RESOLVE
2026.09.26-05.47.01 HANDLE_APPLIED #90 seq=62 decision=2 fightersValid=1 boardValid=1
2026.09.26-05.47.01 closed mode=
2026.09.26-05.47.01 MODE seq=62 mode=6 combat=1 pending=1
2026.09.26-05.47.01 HUD seq=62 phase=COMBAT_RESOLVE turn=you hand=6 oppHand=6(hidden) oppDeck=16~ deck=16~ discard=8
2026.09.26-05.47.01 FIGHTERS synced n=6 alive=6 own=4 enemy=2
2026.09.26-05.47.01 WS seq=62 phase=COMBAT_RESOLVE (apply)
2026.09.26-05.47.01 S09AUTO drive mode=6 plan=[attack+scheme] phase=COMBAT_RESOLVE turn=cmuhntivg0000wib0anhqyswc
2026.09.26-05.47.01 S09AUTO boost choice - holding 4s for the other seat's reveal capture
2026.09.26-05.47.05 S09AUTO pending picked (type=BOOST_CHOICE stage=0)
2026.09.26-05.47.05 PEND-RESOLVE sent type=BOOST_CHOICE stage=0 id=cmuhgvgkf00smwi9gaeymh3ur-during-0-boost-61
2026.09.26-05.47.05 SNAPSHOT applied seq=63 phase=ACTION_MANEUVER
2026.09.26-05.47.05 HANDLE_APPLIED #91 seq=63 decision=2 fightersValid=1 boardValid=1
2026.09.26-05.47.05 COMBAT-RESULT seq=63 damage=5 role=attacked
2026.09.26-05.47.05 closed mode=
2026.09.26-05.47.05 MODE seq=63 mode=0 combat=0 pending=0
2026.09.26-05.47.05 HUD seq=63 phase=ACTION_MANEUVER turn=opp hand=5 oppHand=6(hidden) oppDeck=16~ deck=16~ discard=9
2026.09.26-05.47.05 FIGHTERS synced n=6 alive=6 own=4 enemy=2
2026.09.26-05.47.05 CUE damage f-1-sk0 -5 seq=63
2026.09.26-05.47.05 WS seq=63 phase=ACTION_MANEUVER (apply)
2026.09.26-05.47.05 SNAPSHOT applied seq=63 phase=ACTION_MANEUVER
2026.09.26-05.47.05 HANDLE_APPLIED #92 seq=63 decision=1 fightersValid=1 boardValid=1
2026.09.26-05.47.05 MODE seq=63 mode=0 combat=0 pending=0
2026.09.26-05.47.05 HUD seq=63 phase=ACTION_MANEUVER turn=opp hand=5 oppHand=6(hidden) oppDeck=16 deck=16 discard=9
2026.09.26-05.47.05 FIGHTERS synced n=6 alive=6 own=4 enemy=2
2026.09.26-05.47.05 PEND resolve done seq=63 (merge) phase=ACTION_MANEUVER
2026.09.26-05.47.05 S09AUTO drive mode=0 plan=[attack+scheme] phase=ACTION_MANEUVER turn=cmuhntiwu0001wib0z281rpa8
2026.09.26-05.47.05 SNAPSHOT applied seq=64 phase=ACTION_MANEUVER
2026.09.26-05.47.05 HANDLE_APPLIED #93 seq=64 decision=2 fightersValid=1 boardValid=1
2026.09.26-05.47.05 MODE seq=64 mode=0 combat=0 pending=0
2026.09.26-05.47.05 HUD seq=64 phase=ACTION_MANEUVER turn=opp hand=5 oppHand=7(hidden) oppDeck=16~ deck=16~ discard=9
2026.09.26-05.47.05 FIGHTERS synced n=6 alive=6 own=4 enemy=2
2026.09.26-05.47.05 WS seq=64 phase=ACTION_MANEUVER (apply)
2026.09.26-05.47.05 SNAPSHOT applied seq=65 phase=ACTION_MANEUVER
2026.09.26-05.47.05 HANDLE_APPLIED #94 seq=65 decision=2 fightersValid=1 boardValid=1
2026.09.26-05.47.05 MODE seq=65 mode=0 combat=0 pending=0
2026.09.26-05.47.05 HUD seq=65 phase=ACTION_MANEUVER turn=opp hand=5 oppHand=7(hidden) oppDeck=16~ deck=16~ discard=9
2026.09.26-05.47.05 FIGHTERS synced n=6 alive=6 own=4 enemy=2
2026.09.26-05.47.05 CUE move f-1-hero (3,3)->(2,3) seq=65
2026.09.26-05.47.05 WS seq=65 phase=ACTION_MANEUVER (apply)
2026.09.26-05.47.06 SNAPSHOT applied seq=66 phase=ACTION_MANEUVER
2026.09.26-05.47.06 HANDLE_APPLIED #95 seq=66 decision=2 fightersValid=1 boardValid=1
2026.09.26-05.47.06 MODE seq=66 mode=0 combat=0 pending=0
2026.09.26-05.47.06 HUD seq=66 phase=ACTION_MANEUVER turn=opp hand=5 oppHand=8(hidden) oppDeck=16~ deck=16~ discard=9
2026.09.26-05.47.06 FIGHTERS synced n=6 alive=6 own=4 enemy=2
2026.09.26-05.47.06 WS seq=66 phase=ACTION_MANEUVER (apply)
2026.09.26-05.47.06 SNAPSHOT applied seq=67 phase=TURN_END
2026.09.26-05.47.06 HANDLE_APPLIED #96 seq=67 decision=2 fightersValid=1 boardValid=1
2026.09.26-05.47.06 MODE seq=67 mode=0 combat=0 pending=0
2026.09.26-05.47.06 HUD seq=67 phase=TURN_END turn=opp hand=5 oppHand=8(hidden) oppDeck=16~ deck=16~ discard=9 pendingDiscard=1
2026.09.26-05.47.06 FIGHTERS synced n=6 alive=6 own=4 enemy=2
2026.09.26-05.47.06 CUE move f-1-hero (2,3)->(3,3) seq=67
2026.09.26-05.47.06 WS seq=67 phase=TURN_END (apply)
2026.09.26-05.47.07 SNAPSHOT applied seq=68 phase=ACTION_MANEUVER
2026.09.26-05.47.07 HANDLE_APPLIED #97 seq=68 decision=2 fightersValid=1 boardValid=1
2026.09.26-05.47.07 closed mode=
2026.09.26-05.47.07 MODE seq=68 mode=6 combat=0 pending=1
2026.09.26-05.47.07 HUD seq=68 phase=ACTION_MANEUVER turn=you hand=5 oppHand=7(hidden) oppDeck=16~ deck=16~ discard=9
2026.09.26-05.47.07 FIGHTERS synced n=6 alive=6 own=4 enemy=2
2026.09.26-05.47.07 WS seq=68 phase=ACTION_MANEUVER (apply)
2026.09.26-05.47.07 S09AUTO drive mode=6 plan=[attack+scheme] phase=ACTION_MANEUVER turn=cmuhntivg0000wib0anhqyswc
2026.09.26-05.47.07 S09AUTO own turn #6 (turnCount=13)
2026.09.26-05.47.07 S09AUTO pending picked (type=TARGET_FIGHTER stage=0)
2026.09.26-05.47.07 PEND-RESOLVE sent type=TARGET_FIGHTER stage=0 id=ability-medusa-target-p0
2026.09.26-05.47.08 SNAPSHOT applied seq=69 phase=ACTION_MANEUVER
2026.09.26-05.47.08 HANDLE_APPLIED #98 seq=69 decision=2 fightersValid=1 boardValid=1
2026.09.26-05.47.08 closed mode=
2026.09.26-05.47.08 MODE seq=69 mode=0 combat=0 pending=0
2026.09.26-05.47.08 HUD seq=69 phase=ACTION_MANEUVER turn=you hand=5 oppHand=7(hidden) oppDeck=16~ deck=16~ discard=9
2026.09.26-05.47.08 FIGHTERS synced n=6 alive=6 own=4 enemy=2
2026.09.26-05.47.08 CUE damage f-1-hero -1 seq=69
2026.09.26-05.47.08 WS seq=69 phase=ACTION_MANEUVER (apply)
2026.09.26-05.47.08 SNAPSHOT applied seq=69 phase=ACTION_MANEUVER
2026.09.26-05.47.08 HANDLE_APPLIED #99 seq=69 decision=1 fightersValid=1 boardValid=1
2026.09.26-05.47.08 MODE seq=69 mode=0 combat=0 pending=0
2026.09.26-05.47.08 HUD seq=69 phase=ACTION_MANEUVER turn=you hand=5 oppHand=7(hidden) oppDeck=14 deck=16 discard=9
2026.09.26-05.47.08 FIGHTERS synced n=6 alive=6 own=4 enemy=2
2026.09.26-05.47.08 PEND resolve done seq=69 (merge) phase=ACTION_MANEUVER
2026.09.26-05.47.08 S09AUTO drive mode=0 plan=[attack+scheme] phase=ACTION_MANEUVER turn=cmuhntivg0000wib0anhqyswc
2026.09.26-05.47.08 S09AUTO attack deferred - no may-boost card in hand (turn#6 elapsed=54s)
2026.09.26-05.47.08 SNAPSHOT applied seq=70 phase=ACTION_MANEUVER
2026.09.26-05.47.08 HANDLE_APPLIED #100 seq=70 decision=2 fightersValid=1 boardValid=1
2026.09.26-05.47.08 MANEUVER-DRAFT mode=maneuver:13:69
2026.09.26-05.47.08 DRAFT-OPEN draw committed (resume instead of begin)
2026.09.26-05.47.08 MODE seq=70 mode=1 combat=0 pending=0
2026.09.26-05.47.08 HUD seq=70 phase=ACTION_MANEUVER turn=you hand=6 oppHand=7(hidden) oppDeck=14~ deck=16~ discard=9
2026.09.26-05.47.08 FIGHTERS synced n=6 alive=6 own=4 enemy=2
2026.09.26-05.47.08 WS seq=70 phase=ACTION_MANEUVER (apply)
2026.09.26-05.47.08 SNAPSHOT applied seq=70 phase=ACTION_MANEUVER
2026.09.26-05.47.08 HANDLE_APPLIED #101 seq=70 decision=1 fightersValid=1 boardValid=1
2026.09.26-05.47.08 MODE seq=70 mode=1 combat=0 pending=0
2026.09.26-05.47.08 HUD seq=70 phase=ACTION_MANEUVER turn=you hand=6 oppHand=7(hidden) oppDeck=14 deck=15 discard=9
2026.09.26-05.47.08 FIGHTERS synced n=6 alive=6 own=4 enemy=2
2026.09.26-05.47.08 MANEUVER begin seq=70 (merge) pending=maneuver:13:69
2026.09.26-05.47.08 S09AUTO drive mode=1 plan=[attack+scheme] phase=ACTION_MANEUVER turn=cmuhntivg0000wib0anhqyswc
2026.09.26-05.47.08 MANEUVER-CONFIRM moves=1 boost=none
2026.09.26-05.47.08 SNAPSHOT applied seq=71 phase=ACTION_MANEUVER
2026.09.26-05.47.08 HANDLE_APPLIED #102 seq=71 decision=2 fightersValid=1 boardValid=1
2026.09.26-05.47.08 closed mode=
2026.09.26-05.47.08 MODE seq=71 mode=0 combat=0 pending=0
2026.09.26-05.47.08 HUD seq=71 phase=ACTION_MANEUVER turn=you hand=6 oppHand=7(hidden) oppDeck=14~ deck=15~ discard=9
2026.09.26-05.47.08 FIGHTERS synced n=6 alive=6 own=4 enemy=2
2026.09.26-05.47.08 CUE move f-0-hero (4,4)->(3,4) seq=71
2026.09.26-05.47.08 WS seq=71 phase=ACTION_MANEUVER (apply)
2026.09.26-05.47.08 SNAPSHOT applied seq=71 phase=ACTION_MANEUVER
2026.09.26-05.47.08 HANDLE_APPLIED #103 seq=71 decision=1 fightersValid=1 boardValid=1
2026.09.26-05.47.08 MODE seq=71 mode=0 combat=0 pending=0
2026.09.26-05.47.08 HUD seq=71 phase=ACTION_MANEUVER turn=you hand=6 oppHand=7(hidden) oppDeck=14 deck=15 discard=9
2026.09.26-05.47.08 FIGHTERS synced n=6 alive=6 own=4 enemy=2
2026.09.26-05.47.08 MANEUVER done seq=71 (merge) fighters=6 boost=no
2026.09.26-05.47.09 S09AUTO drive mode=0 plan=[attack+scheme] phase=ACTION_MANEUVER turn=cmuhntivg0000wib0anhqyswc
2026.09.26-05.47.09 S09AUTO attack (attacker=f-0-hero target-set card-set)
2026.09.26-05.47.09 ATTACK sent
2026.09.26-05.47.09 SNAPSHOT applied seq=72 phase=COMBAT
2026.09.26-05.47.09 HANDLE_APPLIED #104 seq=72 decision=2 fightersValid=1 boardValid=1
2026.09.26-05.47.09 closed mode=
2026.09.26-05.47.09 MODE seq=72 mode=0 combat=1 pending=0
2026.09.26-05.47.09 HUD seq=72 phase=COMBAT turn=you hand=5 oppHand=7(hidden) oppDeck=14~ deck=15~ discard=10
2026.09.26-05.47.09 FIGHTERS synced n=6 alive=6 own=4 enemy=2
2026.09.26-05.47.09 WS seq=72 phase=COMBAT (apply)
2026.09.26-05.47.09 SNAPSHOT applied seq=72 phase=COMBAT
2026.09.26-05.47.09 HANDLE_APPLIED #105 seq=72 decision=1 fightersValid=1 boardValid=1
2026.09.26-05.47.09 MODE seq=72 mode=0 combat=1 pending=0
2026.09.26-05.47.09 HUD seq=72 phase=COMBAT turn=you hand=5 oppHand=7(hidden) oppDeck=14 deck=15 discard=10
2026.09.26-05.47.09 FIGHTERS synced n=6 alive=6 own=4 enemy=2
2026.09.26-05.47.09 ATTACK done seq=72 (merge) phase=COMBAT
2026.09.26-05.47.09 ENDTURN sent
2026.09.26-05.47.09 ENDTURN failed: Invalid phase. Current: COMBAT, Required: ACTION_MANEUVER or ACTION_ATTACK
2026.09.26-05.47.09 ENDTURN sent
2026.09.26-05.47.09 ENDTURN failed: Invalid phase. Current: COMBAT_RESOLVE, Required: ACTION_MANEUVER or ACTION_ATTACK
2026.09.26-05.47.09 SNAPSHOT applied seq=73 phase=COMBAT_RESOLVE
2026.09.26-05.47.09 HANDLE_APPLIED #106 seq=73 decision=2 fightersValid=1 boardValid=1
2026.09.26-05.47.09 closed mode=
2026.09.26-05.47.09 MODE seq=73 mode=5 combat=1 pending=0
2026.09.26-05.47.09 HUD seq=73 phase=COMBAT_RESOLVE turn=you hand=5 oppHand=6(hidden) oppDeck=14~ deck=15~ discard=10
2026.09.26-05.47.09 FIGHTERS synced n=6 alive=6 own=4 enemy=2
2026.09.26-05.47.09 WS seq=73 phase=COMBAT_RESOLVE (apply)
2026.09.26-05.47.09 S09AUTO drive mode=5 plan=[attack+scheme] phase=COMBAT_RESOLVE turn=cmuhntivg0000wib0anhqyswc
2026.09.26-05.47.09 SNAPSHOT applied seq=74 phase=COMBAT_RESOLVE
2026.09.26-05.47.09 HANDLE_APPLIED #107 seq=74 decision=2 fightersValid=1 boardValid=1
2026.09.26-05.47.09 closed mode=
2026.09.26-05.47.09 MODE seq=74 mode=6 combat=1 pending=1
2026.09.26-05.47.09 HUD seq=74 phase=COMBAT_RESOLVE turn=you hand=5 oppHand=6(hidden) oppDeck=14~ deck=15~ discard=10
2026.09.26-05.47.09 FIGHTERS synced n=6 alive=6 own=4 enemy=2
2026.09.26-05.47.09 WS seq=74 phase=COMBAT_RESOLVE (apply)
2026.09.26-05.47.09 S09AUTO drive mode=6 plan=[attack+scheme] phase=COMBAT_RESOLVE turn=cmuhntivg0000wib0anhqyswc
2026.09.26-05.47.09 S09AUTO boost choice - holding 4s for the other seat's reveal capture
2026.09.26-05.47.13 S09AUTO pending picked (type=BOOST_CHOICE stage=0)
2026.09.26-05.47.13 PEND-RESOLVE sent type=BOOST_CHOICE stage=0 id=cmuhgvgkf00smwi9gaeymh3ur-during-0-boost-73
2026.09.26-05.47.13 SNAPSHOT applied seq=75 phase=ACTION_MANEUVER
2026.09.26-05.47.13 HANDLE_APPLIED #108 seq=75 decision=2 fightersValid=1 boardValid=1
2026.09.26-05.47.13 COMBAT-RESULT seq=75 damage=3 role=attacked
2026.09.26-05.47.13 closed mode=
2026.09.26-05.47.13 MODE seq=75 mode=0 combat=0 pending=0
2026.09.26-05.47.13 HUD seq=75 phase=ACTION_MANEUVER turn=opp hand=4 oppHand=6(hidden) oppDeck=14~ deck=15~ discard=11
2026.09.26-05.47.13 FIGHTERS synced n=6 alive=6 own=4 enemy=2
2026.09.26-05.47.13 CUE damage f-1-hero -3 seq=75
2026.09.26-05.47.13 WS seq=75 phase=ACTION_MANEUVER (apply)
2026.09.26-05.47.13 SNAPSHOT applied seq=75 phase=ACTION_MANEUVER
2026.09.26-05.47.13 HANDLE_APPLIED #109 seq=75 decision=1 fightersValid=1 boardValid=1
2026.09.26-05.47.13 MODE seq=75 mode=0 combat=0 pending=0
2026.09.26-05.47.13 HUD seq=75 phase=ACTION_MANEUVER turn=opp hand=4 oppHand=6(hidden) oppDeck=14 deck=15 discard=11
2026.09.26-05.47.13 FIGHTERS synced n=6 alive=6 own=4 enemy=2
2026.09.26-05.47.13 PEND resolve done seq=75 (merge) phase=ACTION_MANEUVER
2026.09.26-05.47.13 S09AUTO drive mode=0 plan=[attack+scheme] phase=ACTION_MANEUVER turn=cmuhntiwu0001wib0z281rpa8
2026.09.26-05.47.13 SNAPSHOT applied seq=76 phase=ACTION_MANEUVER
2026.09.26-05.47.13 HANDLE_APPLIED #110 seq=76 decision=2 fightersValid=1 boardValid=1
2026.09.26-05.47.13 MODE seq=76 mode=0 combat=0 pending=0
2026.09.26-05.47.13 HUD seq=76 phase=ACTION_MANEUVER turn=opp hand=4 oppHand=7(hidden) oppDeck=14~ deck=15~ discard=11
2026.09.26-05.47.13 FIGHTERS synced n=6 alive=6 own=4 enemy=2
2026.09.26-05.47.13 WS seq=76 phase=ACTION_MANEUVER (apply)
2026.09.26-05.47.13 SNAPSHOT applied seq=77 phase=ACTION_MANEUVER
2026.09.26-05.47.13 HANDLE_APPLIED #111 seq=77 decision=2 fightersValid=1 boardValid=1
2026.09.26-05.47.13 MODE seq=77 mode=0 combat=0 pending=0
2026.09.26-05.47.13 HUD seq=77 phase=ACTION_MANEUVER turn=opp hand=4 oppHand=7(hidden) oppDeck=14~ deck=15~ discard=11
2026.09.26-05.47.13 FIGHTERS synced n=6 alive=6 own=4 enemy=2
2026.09.26-05.47.13 CUE move f-1-hero (3,3)->(2,3) seq=77
2026.09.26-05.47.13 WS seq=77 phase=ACTION_MANEUVER (apply)
2026.09.26-05.47.14 SNAPSHOT applied seq=78 phase=ACTION_MANEUVER
2026.09.26-05.47.14 HANDLE_APPLIED #112 seq=78 decision=2 fightersValid=1 boardValid=1
2026.09.26-05.47.14 MODE seq=78 mode=0 combat=0 pending=0
2026.09.26-05.47.14 HUD seq=78 phase=ACTION_MANEUVER turn=opp hand=4 oppHand=8(hidden) oppDeck=14~ deck=15~ discard=11
2026.09.26-05.47.14 FIGHTERS synced n=6 alive=6 own=4 enemy=2
2026.09.26-05.47.14 WS seq=78 phase=ACTION_MANEUVER (apply)
2026.09.26-05.47.14 SNAPSHOT applied seq=79 phase=TURN_END
2026.09.26-05.47.14 HANDLE_APPLIED #113 seq=79 decision=2 fightersValid=1 boardValid=1
2026.09.26-05.47.14 MODE seq=79 mode=0 combat=0 pending=0
2026.09.26-05.47.14 HUD seq=79 phase=TURN_END turn=opp hand=4 oppHand=8(hidden) oppDeck=14~ deck=15~ discard=11 pendingDiscard=1
2026.09.26-05.47.14 FIGHTERS synced n=6 alive=6 own=4 enemy=2
2026.09.26-05.47.14 CUE move f-1-hero (2,3)->(3,3) seq=79
2026.09.26-05.47.14 WS seq=79 phase=TURN_END (apply)
2026.09.26-05.47.16 SNAPSHOT applied seq=80 phase=ACTION_MANEUVER
2026.09.26-05.47.16 HANDLE_APPLIED #114 seq=80 decision=2 fightersValid=1 boardValid=1
2026.09.26-05.47.16 closed mode=
2026.09.26-05.47.16 MODE seq=80 mode=6 combat=0 pending=1
2026.09.26-05.47.16 HUD seq=80 phase=ACTION_MANEUVER turn=you hand=4 oppHand=7(hidden) oppDeck=14~ deck=15~ discard=11
2026.09.26-05.47.16 FIGHTERS synced n=6 alive=6 own=4 enemy=2
2026.09.26-05.47.16 WS seq=80 phase=ACTION_MANEUVER (apply)
2026.09.26-05.47.16 S09AUTO drive mode=6 plan=[attack+scheme] phase=ACTION_MANEUVER turn=cmuhntivg0000wib0anhqyswc
2026.09.26-05.47.16 S09AUTO own turn #7 (turnCount=15)
2026.09.26-05.47.16 S09AUTO pending picked (type=TARGET_FIGHTER stage=0)
2026.09.26-05.47.16 PEND-RESOLVE sent type=TARGET_FIGHTER stage=0 id=ability-medusa-target-p0
2026.09.26-05.47.16 SNAPSHOT applied seq=81 phase=ACTION_MANEUVER
2026.09.26-05.47.16 HANDLE_APPLIED #115 seq=81 decision=2 fightersValid=1 boardValid=1
2026.09.26-05.47.16 closed mode=
2026.09.26-05.47.16 MODE seq=81 mode=0 combat=0 pending=0
2026.09.26-05.47.16 HUD seq=81 phase=ACTION_MANEUVER turn=you hand=4 oppHand=7(hidden) oppDeck=14~ deck=15~ discard=11
2026.09.26-05.47.16 FIGHTERS synced n=6 alive=6 own=4 enemy=2
2026.09.26-05.47.16 CUE damage f-1-hero -1 seq=81
2026.09.26-05.47.16 WS seq=81 phase=ACTION_MANEUVER (apply)
2026.09.26-05.47.16 SNAPSHOT applied seq=81 phase=ACTION_MANEUVER
2026.09.26-05.47.16 HANDLE_APPLIED #116 seq=81 decision=1 fightersValid=1 boardValid=1
2026.09.26-05.47.16 MODE seq=81 mode=0 combat=0 pending=0
2026.09.26-05.47.16 HUD seq=81 phase=ACTION_MANEUVER turn=you hand=4 oppHand=7(hidden) oppDeck=12 deck=15 discard=11
2026.09.26-05.47.16 FIGHTERS synced n=6 alive=6 own=4 enemy=2
2026.09.26-05.47.16 PEND resolve done seq=81 (merge) phase=ACTION_MANEUVER
2026.09.26-05.47.16 S09AUTO drive mode=0 plan=[attack+scheme] phase=ACTION_MANEUVER turn=cmuhntivg0000wib0anhqyswc
2026.09.26-05.47.16 S09AUTO attack deferred - no may-boost card in hand (turn#7 elapsed=63s)
2026.09.26-05.47.16 SNAPSHOT applied seq=82 phase=ACTION_MANEUVER
2026.09.26-05.47.16 HANDLE_APPLIED #117 seq=82 decision=2 fightersValid=1 boardValid=1
2026.09.26-05.47.16 MANEUVER-DRAFT mode=maneuver:15:81
2026.09.26-05.47.16 DRAFT-OPEN draw committed (resume instead of begin)
2026.09.26-05.47.16 MODE seq=82 mode=1 combat=0 pending=0
2026.09.26-05.47.16 HUD seq=82 phase=ACTION_MANEUVER turn=you hand=5 oppHand=7(hidden) oppDeck=12~ deck=15~ discard=11
2026.09.26-05.47.16 FIGHTERS synced n=6 alive=6 own=4 enemy=2
2026.09.26-05.47.16 WS seq=82 phase=ACTION_MANEUVER (apply)
2026.09.26-05.47.16 SNAPSHOT applied seq=82 phase=ACTION_MANEUVER
2026.09.26-05.47.16 HANDLE_APPLIED #118 seq=82 decision=1 fightersValid=1 boardValid=1
2026.09.26-05.47.16 MODE seq=82 mode=1 combat=0 pending=0
2026.09.26-05.47.16 HUD seq=82 phase=ACTION_MANEUVER turn=you hand=5 oppHand=7(hidden) oppDeck=12 deck=14 discard=11
2026.09.26-05.47.16 FIGHTERS synced n=6 alive=6 own=4 enemy=2
2026.09.26-05.47.16 MANEUVER begin seq=82 (merge) pending=maneuver:15:81
2026.09.26-05.47.16 S09AUTO drive mode=1 plan=[attack+scheme] phase=ACTION_MANEUVER turn=cmuhntivg0000wib0anhqyswc
2026.09.26-05.47.16 MANEUVER-CONFIRM moves=1 boost=none
2026.09.26-05.47.16 SNAPSHOT applied seq=83 phase=ACTION_MANEUVER
2026.09.26-05.47.16 HANDLE_APPLIED #119 seq=83 decision=2 fightersValid=1 boardValid=1
2026.09.26-05.47.16 closed mode=
2026.09.26-05.47.16 MODE seq=83 mode=0 combat=0 pending=0
2026.09.26-05.47.16 HUD seq=83 phase=ACTION_MANEUVER turn=you hand=5 oppHand=7(hidden) oppDeck=12~ deck=14~ discard=11
2026.09.26-05.47.16 FIGHTERS synced n=6 alive=6 own=4 enemy=2
2026.09.26-05.47.16 CUE move f-0-hero (3,4)->(4,4) seq=83
2026.09.26-05.47.16 WS seq=83 phase=ACTION_MANEUVER (apply)
2026.09.26-05.47.16 SNAPSHOT applied seq=83 phase=ACTION_MANEUVER
2026.09.26-05.47.16 HANDLE_APPLIED #120 seq=83 decision=1 fightersValid=1 boardValid=1
2026.09.26-05.47.16 MODE seq=83 mode=0 combat=0 pending=0
2026.09.26-05.47.16 HUD seq=83 phase=ACTION_MANEUVER turn=you hand=5 oppHand=7(hidden) oppDeck=12 deck=14 discard=11
2026.09.26-05.47.16 FIGHTERS synced n=6 alive=6 own=4 enemy=2
2026.09.26-05.47.16 MANEUVER done seq=83 (merge) fighters=6 boost=no
2026.09.26-05.47.17 S09AUTO drive mode=0 plan=[attack+scheme] phase=ACTION_MANEUVER turn=cmuhntivg0000wib0anhqyswc
2026.09.26-05.47.17 S09AUTO attack deferred - no may-boost card in hand (turn#7 elapsed=64s)
2026.09.26-05.47.17 SNAPSHOT applied seq=84 phase=ACTION_MANEUVER
2026.09.26-05.47.17 HANDLE_APPLIED #121 seq=84 decision=2 fightersValid=1 boardValid=1
2026.09.26-05.47.17 MANEUVER-DRAFT mode=maneuver:15:83
2026.09.26-05.47.17 DRAFT-OPEN draw committed (resume instead of begin)
2026.09.26-05.47.17 MODE seq=84 mode=1 combat=0 pending=0
2026.09.26-05.47.17 HUD seq=84 phase=ACTION_MANEUVER turn=you hand=6 oppHand=7(hidden) oppDeck=12~ deck=14~ discard=11
2026.09.26-05.47.17 FIGHTERS synced n=6 alive=6 own=4 enemy=2
2026.09.26-05.47.17 WS seq=84 phase=ACTION_MANEUVER (apply)
2026.09.26-05.47.17 SNAPSHOT applied seq=84 phase=ACTION_MANEUVER
2026.09.26-05.47.17 HANDLE_APPLIED #122 seq=84 decision=1 fightersValid=1 boardValid=1
2026.09.26-05.47.17 MODE seq=84 mode=1 combat=0 pending=0
2026.09.26-05.47.17 HUD seq=84 phase=ACTION_MANEUVER turn=you hand=6 oppHand=7(hidden) oppDeck=12 deck=13 discard=11
2026.09.26-05.47.17 FIGHTERS synced n=6 alive=6 own=4 enemy=2
2026.09.26-05.47.17 MANEUVER begin seq=84 (merge) pending=maneuver:15:83
2026.09.26-05.47.17 S09AUTO drive mode=1 plan=[attack+scheme] phase=ACTION_MANEUVER turn=cmuhntivg0000wib0anhqyswc
2026.09.26-05.47.17 MANEUVER-CONFIRM moves=1 boost=none
2026.09.26-05.47.17 SNAPSHOT applied seq=85 phase=ACTION_MANEUVER
2026.09.26-05.47.17 HANDLE_APPLIED #123 seq=85 decision=2 fightersValid=1 boardValid=1
2026.09.26-05.47.17 closed mode=
2026.09.26-05.47.17 MODE seq=85 mode=0 combat=0 pending=0
2026.09.26-05.47.17 HUD seq=85 phase=ACTION_MANEUVER turn=opp hand=6 oppHand=7(hidden) oppDeck=12~ deck=13~ discard=11
2026.09.26-05.47.17 FIGHTERS synced n=6 alive=6 own=4 enemy=2
2026.09.26-05.47.17 CUE move f-0-hero (4,4)->(3,4) seq=85
2026.09.26-05.47.17 WS seq=85 phase=ACTION_MANEUVER (apply)
2026.09.26-05.47.17 SNAPSHOT applied seq=85 phase=ACTION_MANEUVER
2026.09.26-05.47.17 HANDLE_APPLIED #124 seq=85 decision=1 fightersValid=1 boardValid=1
2026.09.26-05.47.17 MODE seq=85 mode=0 combat=0 pending=0
2026.09.26-05.47.17 HUD seq=85 phase=ACTION_MANEUVER turn=opp hand=6 oppHand=7(hidden) oppDeck=12 deck=13 discard=11
2026.09.26-05.47.17 FIGHTERS synced n=6 alive=6 own=4 enemy=2
2026.09.26-05.47.17 MANEUVER done seq=85 (merge) fighters=6 boost=no
2026.09.26-05.47.17 SNAPSHOT applied seq=86 phase=ACTION_MANEUVER
2026.09.26-05.47.17 HANDLE_APPLIED #125 seq=86 decision=2 fightersValid=1 boardValid=1
2026.09.26-05.47.17 MODE seq=86 mode=0 combat=0 pending=0
2026.09.26-05.47.17 HUD seq=86 phase=ACTION_MANEUVER turn=opp hand=6 oppHand=7(hidden) oppDeck=12~ deck=13~ discard=11
2026.09.26-05.47.17 FIGHTERS synced n=6 alive=6 own=4 enemy=2
2026.09.26-05.47.17 WS seq=86 phase=ACTION_MANEUVER (apply)
2026.09.26-05.47.18 S09AUTO drive mode=0 plan=[attack+scheme] phase=ACTION_MANEUVER turn=cmuhntiwu0001wib0z281rpa8
2026.09.26-05.47.18 SNAPSHOT applied seq=87 phase=ACTION_MANEUVER
2026.09.26-05.47.18 HANDLE_APPLIED #126 seq=87 decision=2 fightersValid=1 boardValid=1
2026.09.26-05.47.18 MODE seq=87 mode=0 combat=0 pending=0
2026.09.26-05.47.18 HUD seq=87 phase=ACTION_MANEUVER turn=opp hand=6 oppHand=8(hidden) oppDeck=12~ deck=13~ discard=11
2026.09.26-05.47.18 FIGHTERS synced n=6 alive=6 own=4 enemy=2
2026.09.26-05.47.18 WS seq=87 phase=ACTION_MANEUVER (apply)
2026.09.26-05.47.18 SNAPSHOT applied seq=88 phase=TURN_END
2026.09.26-05.47.18 HANDLE_APPLIED #127 seq=88 decision=2 fightersValid=1 boardValid=1
2026.09.26-05.47.18 MODE seq=88 mode=0 combat=0 pending=0
2026.09.26-05.47.18 HUD seq=88 phase=TURN_END turn=opp hand=6 oppHand=8(hidden) oppDeck=12~ deck=13~ discard=11 pendingDiscard=1
2026.09.26-05.47.18 FIGHTERS synced n=6 alive=6 own=4 enemy=2
2026.09.26-05.47.18 CUE move f-1-hero (3,3)->(2,3) seq=88
2026.09.26-05.47.18 WS seq=88 phase=TURN_END (apply)
2026.09.26-05.47.20 SNAPSHOT applied seq=89 phase=ACTION_MANEUVER
2026.09.26-05.47.20 HANDLE_APPLIED #128 seq=89 decision=2 fightersValid=1 boardValid=1
2026.09.26-05.47.20 closed mode=
2026.09.26-05.47.20 MODE seq=89 mode=6 combat=0 pending=1
2026.09.26-05.47.20 HUD seq=89 phase=ACTION_MANEUVER turn=you hand=6 oppHand=7(hidden) oppDeck=12~ deck=13~ discard=11
2026.09.26-05.47.20 FIGHTERS synced n=6 alive=6 own=4 enemy=2
2026.09.26-05.47.20 WS seq=89 phase=ACTION_MANEUVER (apply)
2026.09.26-05.47.20 S09AUTO drive mode=6 plan=[attack+scheme] phase=ACTION_MANEUVER turn=cmuhntivg0000wib0anhqyswc
2026.09.26-05.47.20 S09AUTO own turn #8 (turnCount=17)
2026.09.26-05.47.20 S09AUTO pending picked (type=TARGET_FIGHTER stage=0)
2026.09.26-05.47.20 PEND-RESOLVE sent type=TARGET_FIGHTER stage=0 id=ability-medusa-target-p0
2026.09.26-05.47.20 SNAPSHOT applied seq=90 phase=ACTION_MANEUVER
2026.09.26-05.47.20 HANDLE_APPLIED #129 seq=90 decision=2 fightersValid=1 boardValid=1
2026.09.26-05.47.20 closed mode=
2026.09.26-05.47.20 MODE seq=90 mode=0 combat=0 pending=0
2026.09.26-05.47.20 HUD seq=90 phase=ACTION_MANEUVER turn=you hand=6 oppHand=7(hidden) oppDeck=12~ deck=13~ discard=11
2026.09.26-05.47.20 FIGHTERS synced n=6 alive=6 own=4 enemy=2
2026.09.26-05.47.20 CUE damage f-1-hero -1 seq=90
2026.09.26-05.47.20 WS seq=90 phase=ACTION_MANEUVER (apply)
2026.09.26-05.47.20 SNAPSHOT applied seq=90 phase=ACTION_MANEUVER
2026.09.26-05.47.20 HANDLE_APPLIED #130 seq=90 decision=1 fightersValid=1 boardValid=1
2026.09.26-05.47.20 MODE seq=90 mode=0 combat=0 pending=0
2026.09.26-05.47.20 HUD seq=90 phase=ACTION_MANEUVER turn=you hand=6 oppHand=7(hidden) oppDeck=10 deck=13 discard=11
2026.09.26-05.47.20 FIGHTERS synced n=6 alive=6 own=4 enemy=2
2026.09.26-05.47.20 PEND resolve done seq=90 (merge) phase=ACTION_MANEUVER
2026.09.26-05.47.20 S09AUTO drive mode=0 plan=[attack+scheme] phase=ACTION_MANEUVER turn=cmuhntivg0000wib0anhqyswc
2026.09.26-05.47.20 S09AUTO attack (attacker=f-0-sk0 target-set card-set)
2026.09.26-05.47.20 ATTACK sent
2026.09.26-05.47.20 SNAPSHOT applied seq=91 phase=COMBAT
2026.09.26-05.47.20 HANDLE_APPLIED #131 seq=91 decision=2 fightersValid=1 boardValid=1
2026.09.26-05.47.20 closed mode=
2026.09.26-05.47.20 MODE seq=91 mode=0 combat=1 pending=0
2026.09.26-05.47.20 HUD seq=91 phase=COMBAT turn=you hand=5 oppHand=7(hidden) oppDeck=10~ deck=13~ discard=12
2026.09.26-05.47.20 FIGHTERS synced n=6 alive=6 own=4 enemy=2
2026.09.26-05.47.20 WS seq=91 phase=COMBAT (apply)
2026.09.26-05.47.20 SNAPSHOT applied seq=91 phase=COMBAT
2026.09.26-05.47.20 HANDLE_APPLIED #132 seq=91 decision=1 fightersValid=1 boardValid=1
2026.09.26-05.47.20 MODE seq=91 mode=0 combat=1 pending=0
2026.09.26-05.47.20 HUD seq=91 phase=COMBAT turn=you hand=5 oppHand=7(hidden) oppDeck=10 deck=13 discard=12
2026.09.26-05.47.20 FIGHTERS synced n=6 alive=6 own=4 enemy=2
2026.09.26-05.47.20 ATTACK done seq=91 (merge) phase=COMBAT
2026.09.26-05.47.21 SNAPSHOT applied seq=92 phase=COMBAT_RESOLVE
2026.09.26-05.47.21 HANDLE_APPLIED #133 seq=92 decision=2 fightersValid=1 boardValid=1
2026.09.26-05.47.21 closed mode=
2026.09.26-05.47.21 MODE seq=92 mode=5 combat=1 pending=0
2026.09.26-05.47.21 HUD seq=92 phase=COMBAT_RESOLVE turn=you hand=5 oppHand=6(hidden) oppDeck=10~ deck=13~ discard=12
2026.09.26-05.47.21 FIGHTERS synced n=6 alive=6 own=4 enemy=2
2026.09.26-05.47.21 WS seq=92 phase=COMBAT_RESOLVE (apply)
2026.09.26-05.47.21 S09AUTO drive mode=5 plan=[attack+scheme] phase=COMBAT_RESOLVE turn=cmuhntivg0000wib0anhqyswc
2026.09.26-05.47.21 SNAPSHOT applied seq=93 phase=ACTION_MANEUVER
2026.09.26-05.47.21 HANDLE_APPLIED #134 seq=93 decision=2 fightersValid=1 boardValid=1
2026.09.26-05.47.21 COMBAT-RESULT seq=93 damage=2 role=attacked
2026.09.26-05.47.21 closed mode=
2026.09.26-05.47.21 MODE seq=93 mode=0 combat=0 pending=0
2026.09.26-05.47.21 HUD seq=93 phase=ACTION_MANEUVER turn=you hand=5 oppHand=6(hidden) oppDeck=10~ deck=13~ discard=12
2026.09.26-05.47.21 FIGHTERS synced n=6 alive=5 own=4 enemy=1
2026.09.26-05.47.21 CUE damage f-1-sk0 -2 seq=93
2026.09.26-05.47.21 WS seq=93 phase=ACTION_MANEUVER (apply)
2026.09.26-05.47.21 S09AUTO drive mode=0 plan=[attack+scheme] phase=ACTION_MANEUVER turn=cmuhntivg0000wib0anhqyswc
2026.09.26-05.47.21 SNAPSHOT applied seq=94 phase=ACTION_MANEUVER
2026.09.26-05.47.21 HANDLE_APPLIED #135 seq=94 decision=2 fightersValid=1 boardValid=1
2026.09.26-05.47.21 MANEUVER-DRAFT mode=maneuver:17:93
2026.09.26-05.47.21 DRAFT-OPEN draw committed (resume instead of begin)
2026.09.26-05.47.21 MODE seq=94 mode=1 combat=0 pending=0
2026.09.26-05.47.21 HUD seq=94 phase=ACTION_MANEUVER turn=you hand=6 oppHand=6(hidden) oppDeck=10~ deck=13~ discard=12
2026.09.26-05.47.21 FIGHTERS synced n=6 alive=5 own=4 enemy=1
2026.09.26-05.47.21 WS seq=94 phase=ACTION_MANEUVER (apply)
2026.09.26-05.47.21 SNAPSHOT applied seq=94 phase=ACTION_MANEUVER
2026.09.26-05.47.21 HANDLE_APPLIED #136 seq=94 decision=1 fightersValid=1 boardValid=1
2026.09.26-05.47.21 MODE seq=94 mode=1 combat=0 pending=0
2026.09.26-05.47.21 HUD seq=94 phase=ACTION_MANEUVER turn=you hand=6 oppHand=6(hidden) oppDeck=10 deck=12 discard=12
2026.09.26-05.47.21 FIGHTERS synced n=6 alive=5 own=4 enemy=1
2026.09.26-05.47.21 MANEUVER begin seq=94 (merge) pending=maneuver:17:93
2026.09.26-05.47.21 S09AUTO drive mode=1 plan=[attack+scheme] phase=ACTION_MANEUVER turn=cmuhntivg0000wib0anhqyswc
2026.09.26-05.47.21 MANEUVER-CONFIRM moves=1 boost=none
2026.09.26-05.47.21 SNAPSHOT applied seq=95 phase=ACTION_MANEUVER
2026.09.26-05.47.21 HANDLE_APPLIED #137 seq=95 decision=2 fightersValid=1 boardValid=1
2026.09.26-05.47.21 closed mode=
2026.09.26-05.47.21 MODE seq=95 mode=0 combat=0 pending=0
2026.09.26-05.47.21 HUD seq=95 phase=ACTION_MANEUVER turn=opp hand=6 oppHand=6(hidden) oppDeck=10~ deck=12~ discard=12
2026.09.26-05.47.21 FIGHTERS synced n=6 alive=5 own=4 enemy=1
2026.09.26-05.47.21 CUE move f-0-hero (3,4)->(2,4) seq=95
2026.09.26-05.47.21 WS seq=95 phase=ACTION_MANEUVER (apply)
2026.09.26-05.47.21 SNAPSHOT applied seq=95 phase=ACTION_MANEUVER
2026.09.26-05.47.21 HANDLE_APPLIED #138 seq=95 decision=1 fightersValid=1 boardValid=1
2026.09.26-05.47.21 MODE seq=95 mode=0 combat=0 pending=0
2026.09.26-05.47.21 HUD seq=95 phase=ACTION_MANEUVER turn=opp hand=6 oppHand=6(hidden) oppDeck=10 deck=12 discard=12
2026.09.26-05.47.21 FIGHTERS synced n=6 alive=5 own=4 enemy=1
2026.09.26-05.47.21 MANEUVER done seq=95 (merge) fighters=6 boost=no
2026.09.26-05.47.21 SNAPSHOT applied seq=96 phase=ACTION_MANEUVER
2026.09.26-05.47.21 HANDLE_APPLIED #139 seq=96 decision=2 fightersValid=1 boardValid=1
2026.09.26-05.47.21 MODE seq=96 mode=0 combat=0 pending=0
2026.09.26-05.47.21 HUD seq=96 phase=ACTION_MANEUVER turn=opp hand=6 oppHand=7(hidden) oppDeck=10~ deck=12~ discard=12
2026.09.26-05.47.21 FIGHTERS synced n=6 alive=5 own=4 enemy=1
2026.09.26-05.47.21 WS seq=96 phase=ACTION_MANEUVER (apply)
2026.09.26-05.47.21 SNAPSHOT applied seq=97 phase=ACTION_MANEUVER
2026.09.26-05.47.21 HANDLE_APPLIED #140 seq=97 decision=2 fightersValid=1 boardValid=1
2026.09.26-05.47.21 MODE seq=97 mode=0 combat=0 pending=0
2026.09.26-05.47.21 HUD seq=97 phase=ACTION_MANEUVER turn=opp hand=6 oppHand=7(hidden) oppDeck=10~ deck=12~ discard=12
2026.09.26-05.47.21 FIGHTERS synced n=6 alive=5 own=4 enemy=1
2026.09.26-05.47.21 CUE move f-1-hero (2,3)->(3,3) seq=97
2026.09.26-05.47.21 WS seq=97 phase=ACTION_MANEUVER (apply)
2026.09.26-05.47.22 S09AUTO drive mode=0 plan=[attack+scheme] phase=ACTION_MANEUVER turn=cmuhntiwu0001wib0z281rpa8
2026.09.26-05.47.22 SNAPSHOT applied seq=98 phase=ACTION_MANEUVER
2026.09.26-05.47.22 HANDLE_APPLIED #141 seq=98 decision=2 fightersValid=1 boardValid=1
2026.09.26-05.47.22 MODE seq=98 mode=0 combat=0 pending=0
2026.09.26-05.47.22 HUD seq=98 phase=ACTION_MANEUVER turn=opp hand=6 oppHand=8(hidden) oppDeck=10~ deck=12~ discard=12
2026.09.26-05.47.22 FIGHTERS synced n=6 alive=5 own=4 enemy=1
2026.09.26-05.47.22 WS seq=98 phase=ACTION_MANEUVER (apply)
2026.09.26-05.47.23 SNAPSHOT applied seq=99 phase=TURN_END
2026.09.26-05.47.23 HANDLE_APPLIED #142 seq=99 decision=2 fightersValid=1 boardValid=1
2026.09.26-05.47.23 MODE seq=99 mode=0 combat=0 pending=0
2026.09.26-05.47.23 HUD seq=99 phase=TURN_END turn=opp hand=6 oppHand=8(hidden) oppDeck=10~ deck=12~ discard=12 pendingDiscard=1
2026.09.26-05.47.23 FIGHTERS synced n=6 alive=5 own=4 enemy=1
2026.09.26-05.47.23 CUE move f-1-hero (3,3)->(4,3) seq=99
2026.09.26-05.47.23 WS seq=99 phase=TURN_END (apply)
2026.09.26-05.47.24 SNAPSHOT applied seq=100 phase=ACTION_MANEUVER
2026.09.26-05.47.24 HANDLE_APPLIED #143 seq=100 decision=2 fightersValid=1 boardValid=1
2026.09.26-05.47.24 closed mode=
2026.09.26-05.47.24 MODE seq=100 mode=6 combat=0 pending=1
2026.09.26-05.47.24 HUD seq=100 phase=ACTION_MANEUVER turn=you hand=6 oppHand=7(hidden) oppDeck=10~ deck=12~ discard=12
2026.09.26-05.47.24 FIGHTERS synced n=6 alive=5 own=4 enemy=1
2026.09.26-05.47.24 WS seq=100 phase=ACTION_MANEUVER (apply)
2026.09.26-05.47.24 S09AUTO drive mode=6 plan=[attack+scheme] phase=ACTION_MANEUVER turn=cmuhntivg0000wib0anhqyswc
2026.09.26-05.47.24 S09AUTO own turn #9 (turnCount=19)
2026.09.26-05.47.24 S09AUTO pending picked (type=TARGET_FIGHTER stage=0)
2026.09.26-05.47.24 PEND-RESOLVE sent type=TARGET_FIGHTER stage=0 id=ability-medusa-target-p0
2026.09.26-05.47.24 SNAPSHOT applied seq=101 phase=ACTION_MANEUVER
2026.09.26-05.47.24 HANDLE_APPLIED #144 seq=101 decision=2 fightersValid=1 boardValid=1
2026.09.26-05.47.24 closed mode=
2026.09.26-05.47.24 MODE seq=101 mode=0 combat=0 pending=0
2026.09.26-05.47.24 HUD seq=101 phase=ACTION_MANEUVER turn=you hand=6 oppHand=7(hidden) oppDeck=10~ deck=12~ discard=12
2026.09.26-05.47.24 FIGHTERS synced n=6 alive=5 own=4 enemy=1
2026.09.26-05.47.24 CUE damage f-1-hero -1 seq=101
2026.09.26-05.47.24 WS seq=101 phase=ACTION_MANEUVER (apply)
2026.09.26-05.47.24 SNAPSHOT applied seq=101 phase=ACTION_MANEUVER
2026.09.26-05.47.24 HANDLE_APPLIED #145 seq=101 decision=1 fightersValid=1 boardValid=1
2026.09.26-05.47.24 MODE seq=101 mode=0 combat=0 pending=0
2026.09.26-05.47.24 HUD seq=101 phase=ACTION_MANEUVER turn=you hand=6 oppHand=7(hidden) oppDeck=8 deck=12 discard=12
2026.09.26-05.47.24 FIGHTERS synced n=6 alive=5 own=4 enemy=1
2026.09.26-05.47.24 PEND resolve done seq=101 (merge) phase=ACTION_MANEUVER
2026.09.26-05.47.24 S09AUTO drive mode=0 plan=[attack+scheme] phase=ACTION_MANEUVER turn=cmuhntivg0000wib0anhqyswc
2026.09.26-05.47.24 S09AUTO attack (attacker=f-0-sk0 target-set card-set)
2026.09.26-05.47.24 ATTACK sent
2026.09.26-05.47.24 SNAPSHOT applied seq=102 phase=COMBAT
2026.09.26-05.47.24 HANDLE_APPLIED #146 seq=102 decision=2 fightersValid=1 boardValid=1
2026.09.26-05.47.24 closed mode=
2026.09.26-05.47.24 MODE seq=102 mode=0 combat=1 pending=0
2026.09.26-05.47.24 HUD seq=102 phase=COMBAT turn=you hand=5 oppHand=7(hidden) oppDeck=8~ deck=12~ discard=13
2026.09.26-05.47.24 FIGHTERS synced n=6 alive=5 own=4 enemy=1
2026.09.26-05.47.24 WS seq=102 phase=COMBAT (apply)
2026.09.26-05.47.24 SNAPSHOT applied seq=102 phase=COMBAT
2026.09.26-05.47.24 HANDLE_APPLIED #147 seq=102 decision=1 fightersValid=1 boardValid=1
2026.09.26-05.47.24 MODE seq=102 mode=0 combat=1 pending=0
2026.09.26-05.47.24 HUD seq=102 phase=COMBAT turn=you hand=5 oppHand=7(hidden) oppDeck=8 deck=12 discard=13
2026.09.26-05.47.24 FIGHTERS synced n=6 alive=5 own=4 enemy=1
2026.09.26-05.47.24 ATTACK done seq=102 (merge) phase=COMBAT
2026.09.26-05.47.25 SNAPSHOT applied seq=103 phase=COMBAT_RESOLVE
2026.09.26-05.47.25 HANDLE_APPLIED #148 seq=103 decision=2 fightersValid=1 boardValid=1
2026.09.26-05.47.25 closed mode=
2026.09.26-05.47.25 MODE seq=103 mode=5 combat=1 pending=0
2026.09.26-05.47.25 HUD seq=103 phase=COMBAT_RESOLVE turn=you hand=5 oppHand=6(hidden) oppDeck=8~ deck=12~ discard=13
2026.09.26-05.47.25 FIGHTERS synced n=6 alive=5 own=4 enemy=1
2026.09.26-05.47.25 WS seq=103 phase=COMBAT_RESOLVE (apply)
2026.09.26-05.47.25 S09AUTO drive mode=5 plan=[attack+scheme] phase=COMBAT_RESOLVE turn=cmuhntivg0000wib0anhqyswc
2026.09.26-05.47.25 SNAPSHOT applied seq=104 phase=ACTION_MANEUVER
2026.09.26-05.47.25 HANDLE_APPLIED #149 seq=104 decision=2 fightersValid=1 boardValid=1
2026.09.26-05.47.25 COMBAT-RESULT seq=104 damage=0 role=attacked
2026.09.26-05.47.25 closed mode=
2026.09.26-05.47.25 MODE seq=104 mode=0 combat=0 pending=0
2026.09.26-05.47.25 HUD seq=104 phase=ACTION_MANEUVER turn=you hand=5 oppHand=6(hidden) oppDeck=8~ deck=12~ discard=13
2026.09.26-05.47.25 FIGHTERS synced n=6 alive=5 own=4 enemy=1
2026.09.26-05.47.25 WS seq=104 phase=ACTION_MANEUVER (apply)
2026.09.26-05.47.25 S09AUTO drive mode=0 plan=[attack+scheme] phase=ACTION_MANEUVER turn=cmuhntivg0000wib0anhqyswc
2026.09.26-05.47.25 S09AUTO scheme
2026.09.26-05.47.25 SNAPSHOT applied seq=105 phase=ACTION_MANEUVER
2026.09.26-05.47.25 HANDLE_APPLIED #150 seq=105 decision=2 fightersValid=1 boardValid=1
2026.09.26-05.47.25 closed mode=
2026.09.26-05.47.25 MODE seq=105 mode=6 combat=0 pending=1
2026.09.26-05.47.25 HUD seq=105 phase=ACTION_MANEUVER turn=you hand=4 oppHand=6(hidden) oppDeck=8~ deck=12~ discard=14
2026.09.26-05.47.25 FIGHTERS synced n=6 alive=5 own=4 enemy=1
2026.09.26-05.47.25 WS seq=105 phase=ACTION_MANEUVER (apply)
2026.09.26-05.47.25 SNAPSHOT applied seq=105 phase=ACTION_MANEUVER
2026.09.26-05.47.25 HANDLE_APPLIED #151 seq=105 decision=1 fightersValid=1 boardValid=1
2026.09.26-05.47.25 MODE seq=105 mode=6 combat=0 pending=1
2026.09.26-05.47.25 HUD seq=105 phase=ACTION_MANEUVER turn=you hand=4 oppHand=6(hidden) oppDeck=8 deck=12 discard=14
2026.09.26-05.47.25 FIGHTERS synced n=6 alive=5 own=4 enemy=1
2026.09.26-05.47.25 SCHEME done seq=105 (merge) phase=ACTION_MANEUVER
2026.09.26-05.47.26 S09AUTO drive mode=6 plan=[attack+scheme] phase=ACTION_MANEUVER turn=cmuhntivg0000wib0anhqyswc
2026.09.26-05.47.26 S09AUTO pending picked (type=TARGET_FIGHTER stage=0)
2026.09.26-05.47.26 PEND-RESOLVE sent type=TARGET_FIGHTER stage=0 id=cmuhgvgkg00sowi9giqzfy1hf-fullText-0-p0
2026.09.26-05.47.26 SNAPSHOT applied seq=106 phase=ACTION_MANEUVER
2026.09.26-05.47.26 HANDLE_APPLIED #152 seq=106 decision=2 fightersValid=1 boardValid=1
2026.09.26-05.47.26 closed mode=
2026.09.26-05.47.26 MODE seq=106 mode=0 combat=0 pending=0
2026.09.26-05.47.26 HUD seq=106 phase=ACTION_MANEUVER turn=opp hand=4 oppHand=6(hidden) oppDeck=8~ deck=12~ discard=14
2026.09.26-05.47.26 FIGHTERS synced n=6 alive=5 own=4 enemy=1
2026.09.26-05.47.26 CUE damage f-0-hero -2 seq=106
2026.09.26-05.47.26 WS seq=106 phase=ACTION_MANEUVER (apply)
2026.09.26-05.47.26 SNAPSHOT applied seq=106 phase=ACTION_MANEUVER
2026.09.26-05.47.26 HANDLE_APPLIED #153 seq=106 decision=1 fightersValid=1 boardValid=1
2026.09.26-05.47.26 MODE seq=106 mode=0 combat=0 pending=0
2026.09.26-05.47.26 HUD seq=106 phase=ACTION_MANEUVER turn=opp hand=4 oppHand=6(hidden) oppDeck=8 deck=12 discard=14
2026.09.26-05.47.26 FIGHTERS synced n=6 alive=5 own=4 enemy=1
2026.09.26-05.47.26 PEND resolve done seq=106 (merge) phase=ACTION_MANEUVER
2026.09.26-05.47.26 S09AUTO drive mode=0 plan=[attack+scheme] phase=ACTION_MANEUVER turn=cmuhntiwu0001wib0z281rpa8
