2026.09.28-10.18.55 --- S08 trace open 2026.09.28-10.18.55 ---
2026.09.28-10.18.55 LOGIN ok user=art-preview-host
2026.09.28-10.18.58 HEROES loaded 84
2026.09.28-10.18.58 createGame -> room=cmul3hs4b00ilwi2o7g7rhltw code=<redacted> status=LOBBY
2026.09.28-10.19.00 PERF config tMaxFPS=30.0 frameRateLimit=60.0 vsync=0 smoothFrameRate=0 fixedFrameRate=0 rhi=D3D11
2026.09.28-10.19.00 PERF window t=0.0-5.0 frames=151 fps=30.00 frameMs avg=33.33 p50=33.33 p95=33.33 p99=33.34 max=33.39 hitches50=0 gpuMs avg=36.11 p50=33.31 p95=34.21 gameMs avg=1.46 p95=1.47 renderMs avg=2.03 p95=2.24
2026.09.28-10.19.01 game -> room=cmul3hs4b00ilwi2o7g7rhltw code=<redacted> status=LOBBY
2026.09.28-10.19.01 selectHero -> room=cmul3hs4b00ilwi2o7g7rhltw code=<redacted> status=LOBBY
2026.09.28-10.19.04 game -> room=cmul3hs4b00ilwi2o7g7rhltw code=<redacted> status=LOBBY
2026.09.28-10.19.04 toggleReady -> room=cmul3hs4b00ilwi2o7g7rhltw code=<redacted> status=LOBBY
2026.09.28-10.19.05 PERF window t=5.0-10.0 frames=150 fps=30.00 frameMs avg=33.33 p50=33.33 p95=33.33 p99=33.34 max=33.34 hitches50=0 gpuMs avg=32.62 p50=33.30 p95=34.28 gameMs avg=1.13 p95=1.39 renderMs avg=1.59 p95=2.19
2026.09.28-10.19.07 game -> room=cmul3hs4b00ilwi2o7g7rhltw code=<redacted> status=LOBBY
2026.09.28-10.19.10 PERF window t=10.0-15.0 frames=150 fps=30.00 frameMs avg=33.33 p50=33.33 p95=33.33 p99=33.34 max=33.35 hitches50=0 gpuMs avg=33.00 p50=33.31 p95=34.65 gameMs avg=1.11 p95=1.33 renderMs avg=1.53 p95=2.10
2026.09.28-10.19.10 game -> room=cmul3hs4b00ilwi2o7g7rhltw code=<redacted> status=LOBBY
2026.09.28-10.19.13 game -> room=cmul3hs4b00ilwi2o7g7rhltw code=<redacted> status=LOBBY
2026.09.28-10.19.13 startGame -> room=cmul3hs4b00ilwi2o7g7rhltw code=<redacted> status=IN_PROGRESS
2026.09.28-10.19.13 SNAPSHOT applied seq=1 phase=ACTION_MANEUVER
2026.09.28-10.19.13 HANDLE_APPLIED #1 seq=1 decision=2 fightersValid=1 boardValid=1
2026.09.28-10.19.13 MODE seq=1 mode=0 combat=0 pending=0
2026.09.28-10.19.13 HUD seq=1 phase=ACTION_MANEUVER turn=you hand=5 oppHand=5(hidden) oppDeck=25 deck=25 discard=0
2026.09.28-10.19.13 ARTPREVIEW Cobble assets ready
2026.09.28-10.19.13 ARTPREVIEW medusa candidate variant=face-neck-v2 mesh=SK_Medusa_FaceNeck_v2Candidate requested=face-neck-v2
2026.09.28-10.19.13 ARTPREVIEW Cobble probe lights key=4.5 fill=700 warm=85
2026.09.28-10.19.13 ARTPREVIEW Cobble active 5x6 zones=30 blue=15 red=15 blueMarks=15 redMarks=45
2026.09.28-10.19.13 CAMERA dist=1931 loc=(0,1107,1582) pitch=-55 yaw=-90
2026.09.28-10.19.13 BOARD 5x6 cells | control points: (0,0)=(-200,-250,0) (4,5)=(200,250,0) | neighbor pair (dist 100 uu)
2026.09.28-10.19.13 ARTPREVIEW fighter=Medusa hero=1 eligible=1 visual=1 mesh=SK_Medusa_FaceNeck_v2Candidate
2026.09.28-10.19.13 FIGHTERS synced n=6 alive=6 own=4 enemy=2
2026.09.28-10.19.13 STATE seq=1 -> apply
2026.09.28-10.19.13 SUBSCRIBED gameStateUpdated since=1
2026.09.28-10.19.13 SNAPSHOT applied seq=1 phase=ACTION_MANEUVER
2026.09.28-10.19.13 HANDLE_APPLIED #2 seq=1 decision=1 fightersValid=1 boardValid=1
2026.09.28-10.19.13 MODE seq=1 mode=0 combat=0 pending=0
2026.09.28-10.19.13 HUD seq=1 phase=ACTION_MANEUVER turn=you hand=5 oppHand=5(hidden) oppDeck=25 deck=25 discard=0
2026.09.28-10.19.13 ARTPREVIEW fighter=Medusa hero=1 eligible=1 visual=1 mesh=SK_Medusa_FaceNeck_v2Candidate
2026.09.28-10.19.13 FIGHTERS synced n=6 alive=6 own=4 enemy=2
2026.09.28-10.19.13 WS seq=1 phase=ACTION_MANEUVER (merge)
2026.09.28-10.19.15 PERF window t=15.0-20.0 frames=150 fps=29.98 frameMs avg=33.35 p50=33.33 p95=33.34 p99=33.38 max=36.05 hitches50=0 gpuMs avg=32.45 p50=33.30 p95=34.79 gameMs avg=1.65 p95=1.75 renderMs avg=2.37 p95=3.23
2026.09.28-10.19.16 game -> room=cmul3hs4b00ilwi2o7g7rhltw code=<redacted> status=IN_PROGRESS
2026.09.28-10.19.19 game -> room=cmul3hs4b00ilwi2o7g7rhltw code=<redacted> status=IN_PROGRESS
2026.09.28-10.19.20 PERF window t=20.0-25.0 frames=150 fps=30.00 frameMs avg=33.33 p50=33.33 p95=33.33 p99=33.41 max=33.43 hitches50=0 gpuMs avg=31.83 p50=33.36 p95=34.50 gameMs avg=1.38 p95=1.69 renderMs avg=3.03 p95=3.89
2026.09.28-10.19.22 game -> room=cmul3hs4b00ilwi2o7g7rhltw code=<redacted> status=IN_PROGRESS
2026.09.28-10.19.25 PERF window t=25.0-30.0 frames=150 fps=30.00 frameMs avg=33.33 p50=33.33 p95=33.33 p99=33.35 max=33.39 hitches50=0 gpuMs avg=32.76 p50=33.34 p95=34.64 gameMs avg=1.29 p95=1.45 renderMs avg=2.58 p95=3.43
2026.09.28-10.19.25 game -> room=cmul3hs4b00ilwi2o7g7rhltw code=<redacted> status=IN_PROGRESS
2026.09.28-10.19.28 game -> room=cmul3hs4b00ilwi2o7g7rhltw code=<redacted> status=IN_PROGRESS
2026.09.28-10.19.29 ARTPREVIEW selection ring shown fighter=Medusa mesh=SM_Marker_SelectionRing
2026.09.28-10.19.29 ARTPREVIEW reachable corners cells=13 placed=1
2026.09.28-10.19.29 ARTPREVIEW selection ownHero=1 selected=1 fighter=Medusa reachable=14 fighterId=f-0-hero
2026.09.28-10.19.29 ARTPREVIEW camera focus requested zoom=1.60 overview=1931 target=1207
2026.09.28-10.19.29 CAMERA settled elapsed=34.44 dist=1216.2 target=1206.7 errPct=0.780 focusErr=0.75 focus=(0,-49,28)
2026.09.28-10.19.30 PERF window t=30.0-35.1 frames=151 fps=30.00 frameMs avg=33.33 p50=33.33 p95=33.33 p99=33.33 max=33.33 hitches50=0 gpuMs avg=32.95 p50=33.32 p95=34.50 gameMs avg=1.28 p95=1.48 renderMs avg=2.57 p95=3.59
2026.09.28-10.19.31 SHOT ctx viewport=1920x1080 viewTarget=CameraActor_2147482372 cam=(0,642,1017) rot=(-55,-90,0)
2026.09.28-10.19.31 SHOT fighter f-0-hero pos=(2,2) world=(0,-50,0) screen=(960,580) projected=1 alive=1
2026.09.28-10.19.31 SHOT fighter f-0-sk0 pos=(3,2) world=(100,-50,0) screen=(1208,580) projected=1 alive=1
2026.09.28-10.19.31 SHOT fighter f-0-sk1 pos=(2,1) world=(0,-150,0) screen=(960,384) projected=1 alive=1
2026.09.28-10.19.31 SHOT fighter f-0-sk2 pos=(1,2) world=(-100,-50,0) screen=(712,580) projected=1 alive=1
2026.09.28-10.19.31 SHOT fighter f-1-hero pos=(2,3) world=(0,50,0) screen=(960,794) projected=1 alive=1
2026.09.28-10.19.31 SHOT fighter f-1-sk0 pos=(3,3) world=(100,50,0) screen=(1220,794) projected=1 alive=1
2026.09.28-10.19.31 SHOT camera dist=1206.7 target=1206.7 overview=1930.8 errPct=0.000 focusErr=0.00 settled=1 zoom=1.60
2026.09.28-10.19.31 SHOT head fighter=f-0-hero socket=Head mesh=SK_Medusa_FaceNeck_v2Candidate world=(0.0,-46.0,38.5) screen=(960.0,533.0) top=(960.0,524.2) bottom=(960.0,541.8) headPx=17.6 projected=1
2026.09.28-10.19.31 SHOT requested: FScreenshotRequest(bShowUI) -> C:\Users\ren\AppData\Local\Temp\s08-phase2-20260928-151853-47204\phase2-board-host-1920x1080.png
2026.09.28-10.19.31 game -> room=cmul3hs4b00ilwi2o7g7rhltw code=<redacted> status=IN_PROGRESS
2026.09.28-10.19.34 game -> room=cmul3hs4b00ilwi2o7g7rhltw code=<redacted> status=IN_PROGRESS
2026.09.28-10.19.35 PERF window t=35.1-40.1 frames=145 fps=28.94 frameMs avg=34.55 p50=33.33 p95=33.33 p99=33.35 max=209.85 hitches50=1 gpuMs avg=33.46 p50=33.30 p95=36.12 gameMs avg=2.63 p95=1.69 renderMs avg=2.84 p95=3.60
2026.09.28-10.19.37 game -> room=cmul3hs4b00ilwi2o7g7rhltw code=<redacted> status=IN_PROGRESS
2026.09.28-10.19.40 game -> room=cmul3hs4b00ilwi2o7g7rhltw code=<redacted> status=IN_PROGRESS
2026.09.28-10.19.40 PERF window t=40.1-45.1 frames=149 fps=29.73 frameMs avg=33.63 p50=33.33 p95=33.34 p99=33.61 max=77.38 hitches50=1 gpuMs avg=32.21 p50=33.22 p95=36.92 gameMs avg=1.30 p95=1.45 renderMs avg=2.85 p95=4.01
2026.09.28-10.19.43 game -> room=cmul3hs4b00ilwi2o7g7rhltw code=<redacted> status=IN_PROGRESS
2026.09.28-10.19.45 PERF summary scope=afterWarmup warmup=5 elapsed=50.0 frames=1345 fps=29.85 frameMs avg=33.50 p50=33.33 p95=33.33 p99=33.35 max=209.85 hitches50=2 gpuMs avg=32.71 p50=33.31 p95=34.69 gameMs avg=1.42 p95=1.58 renderMs avg=2.43 p95=3.56
2026.09.28-10.19.45 PERF summary scope=started elapsed=50.0 frames=950 fps=29.79 frameMs avg=33.57 p50=33.33 p95=33.33 p99=33.36 max=209.85 hitches50=2 gpuMs avg=32.70 p50=33.32 p95=34.74 gameMs avg=1.53 p95=1.59 renderMs avg=2.75 p95=3.69
2026.09.28-10.19.45 --- S08 trace close ---
