2026.09.28-10.19.00 --- S08 trace open 2026.09.28-10.19.00 ---
2026.09.28-10.19.00 LOGIN ok user=art-preview-joiner
2026.09.28-10.19.03 HEROES loaded 84
2026.09.28-10.19.03 CODE resolved -> cmul3hs4b00ilwi2o7g7rhltw
2026.09.28-10.19.03 joinGame -> room=cmul3hs4b00ilwi2o7g7rhltw code=<redacted> status=LOBBY
2026.09.28-10.19.05 PERF config tMaxFPS=30.0 frameRateLimit=60.0 vsync=0 smoothFrameRate=0 fixedFrameRate=0 rhi=D3D11
2026.09.28-10.19.05 PERF window t=0.0-5.0 frames=151 fps=30.00 frameMs avg=33.33 p50=33.33 p95=33.33 p99=33.35 max=33.36 hitches50=0 gpuMs avg=35.68 p50=33.33 p95=34.24 gameMs avg=1.46 p95=1.76 renderMs avg=1.99 p95=2.19
2026.09.28-10.19.06 game -> room=cmul3hs4b00ilwi2o7g7rhltw code=<redacted> status=LOBBY
2026.09.28-10.19.06 selectHero -> room=cmul3hs4b00ilwi2o7g7rhltw code=<redacted> status=LOBBY
2026.09.28-10.19.09 game -> room=cmul3hs4b00ilwi2o7g7rhltw code=<redacted> status=LOBBY
2026.09.28-10.19.09 toggleReady -> room=cmul3hs4b00ilwi2o7g7rhltw code=<redacted> status=LOBBY
2026.09.28-10.19.10 PERF window t=5.0-10.0 frames=150 fps=30.00 frameMs avg=33.33 p50=33.33 p95=33.33 p99=33.34 max=33.34 hitches50=0 gpuMs avg=33.31 p50=33.35 p95=33.93 gameMs avg=1.35 p95=1.59 renderMs avg=1.64 p95=2.10
2026.09.28-10.19.12 game -> room=cmul3hs4b00ilwi2o7g7rhltw code=<redacted> status=LOBBY
2026.09.28-10.19.15 PERF window t=10.0-15.0 frames=150 fps=30.00 frameMs avg=33.33 p50=33.33 p95=33.34 p99=33.34 max=33.34 hitches50=0 gpuMs avg=32.37 p50=33.33 p95=34.21 gameMs avg=1.45 p95=1.89 renderMs avg=1.98 p95=2.94
2026.09.28-10.19.15 game -> room=cmul3hs4b00ilwi2o7g7rhltw code=<redacted> status=IN_PROGRESS
2026.09.28-10.19.15 WS DROPPED (test-initiated transport loss)
2026.09.28-10.19.15 WS closed (test drop) - reconnect in 1s
2026.09.28-10.19.15 SNAPSHOT applied seq=1 phase=ACTION_MANEUVER
2026.09.28-10.19.15 HANDLE_APPLIED #1 seq=1 decision=2 fightersValid=1 boardValid=1
2026.09.28-10.19.15 MODE seq=1 mode=0 combat=0 pending=0
2026.09.28-10.19.15 HUD seq=1 phase=ACTION_MANEUVER turn=opp hand=5 oppHand=5(hidden) oppDeck=25 deck=25 discard=0
2026.09.28-10.19.15 ARTPREVIEW Cobble assets ready
2026.09.28-10.19.15 ARTPREVIEW medusa candidate variant=face-neck-v2 mesh=SK_Medusa_FaceNeck_v2Candidate requested=face-neck-v2
2026.09.28-10.19.15 ARTPREVIEW Cobble probe lights key=4.5 fill=700 warm=85
2026.09.28-10.19.15 ARTPREVIEW Cobble active 5x6 zones=30 blue=15 red=15 blueMarks=15 redMarks=45
2026.09.28-10.19.15 CAMERA dist=1931 loc=(0,1107,1582) pitch=-55 yaw=-90
2026.09.28-10.19.15 BOARD 5x6 cells | control points: (0,0)=(-200,-250,0) (4,5)=(200,250,0) | neighbor pair (dist 100 uu)
2026.09.28-10.19.15 ARTPREVIEW fighter=Medusa hero=1 eligible=1 visual=1 mesh=SK_Medusa_FaceNeck_v2Candidate
2026.09.28-10.19.15 FIGHTERS synced n=6 alive=6 own=2 enemy=4
2026.09.28-10.19.15 STATE seq=1 -> apply
2026.09.28-10.19.15 WS closed 1000 (normal closure)
2026.09.28-10.19.16 WS reconnect attempt
2026.09.28-10.19.16 SUBSCRIBED gameStateUpdated since=1
2026.09.28-10.19.16 WS reconnected - refetching gameState
2026.09.28-10.19.16 SNAPSHOT applied seq=1 phase=ACTION_MANEUVER
2026.09.28-10.19.16 HANDLE_APPLIED #2 seq=1 decision=1 fightersValid=1 boardValid=1
2026.09.28-10.19.16 MODE seq=1 mode=0 combat=0 pending=0
2026.09.28-10.19.16 HUD seq=1 phase=ACTION_MANEUVER turn=opp hand=5 oppHand=5(hidden) oppDeck=25 deck=25 discard=0
2026.09.28-10.19.16 ARTPREVIEW fighter=Medusa hero=1 eligible=1 visual=1 mesh=SK_Medusa_FaceNeck_v2Candidate
2026.09.28-10.19.16 FIGHTERS synced n=6 alive=6 own=2 enemy=4
2026.09.28-10.19.16 STATE seq=1 -> merge
2026.09.28-10.19.16 SNAPSHOT applied seq=1 phase=ACTION_MANEUVER
2026.09.28-10.19.16 HANDLE_APPLIED #3 seq=1 decision=1 fightersValid=1 boardValid=1
2026.09.28-10.19.16 MODE seq=1 mode=0 combat=0 pending=0
2026.09.28-10.19.16 HUD seq=1 phase=ACTION_MANEUVER turn=opp hand=5 oppHand=5(hidden) oppDeck=25 deck=25 discard=0
2026.09.28-10.19.16 ARTPREVIEW fighter=Medusa hero=1 eligible=1 visual=1 mesh=SK_Medusa_FaceNeck_v2Candidate
2026.09.28-10.19.16 FIGHTERS synced n=6 alive=6 own=2 enemy=4
2026.09.28-10.19.16 WS seq=1 phase=ACTION_MANEUVER (merge)
2026.09.28-10.19.18 game -> room=cmul3hs4b00ilwi2o7g7rhltw code=<redacted> status=IN_PROGRESS
2026.09.28-10.19.20 PERF window t=15.0-20.0 frames=150 fps=29.94 frameMs avg=33.40 p50=33.33 p95=33.33 p99=33.35 max=42.98 hitches50=0 gpuMs avg=31.62 p50=33.31 p95=36.19 gameMs avg=1.80 p95=1.91 renderMs avg=3.30 p95=4.12
2026.09.28-10.19.21 game -> room=cmul3hs4b00ilwi2o7g7rhltw code=<redacted> status=IN_PROGRESS
2026.09.28-10.19.24 game -> room=cmul3hs4b00ilwi2o7g7rhltw code=<redacted> status=IN_PROGRESS
2026.09.28-10.19.25 PERF window t=20.0-25.1 frames=151 fps=30.00 frameMs avg=33.33 p50=33.33 p95=33.33 p99=33.35 max=33.35 hitches50=0 gpuMs avg=31.96 p50=33.31 p95=35.87 gameMs avg=1.27 p95=1.49 renderMs avg=2.66 p95=3.59
2026.09.28-10.19.27 game -> room=cmul3hs4b00ilwi2o7g7rhltw code=<redacted> status=IN_PROGRESS
2026.09.28-10.19.30 game -> room=cmul3hs4b00ilwi2o7g7rhltw code=<redacted> status=IN_PROGRESS
2026.09.28-10.19.30 PERF window t=25.1-30.1 frames=151 fps=30.00 frameMs avg=33.33 p50=33.33 p95=33.33 p99=33.34 max=33.34 hitches50=0 gpuMs avg=29.99 p50=33.28 p95=35.98 gameMs avg=1.23 p95=1.52 renderMs avg=2.53 p95=3.27
2026.09.28-10.19.33 game -> room=cmul3hs4b00ilwi2o7g7rhltw code=<redacted> status=IN_PROGRESS
2026.09.28-10.19.35 PERF window t=30.1-35.1 frames=151 fps=30.00 frameMs avg=33.33 p50=33.33 p95=33.33 p99=33.35 max=33.35 hitches50=0 gpuMs avg=31.06 p50=33.29 p95=36.46 gameMs avg=1.32 p95=1.54 renderMs avg=2.80 p95=3.60
2026.09.28-10.19.36 SHOT ctx viewport=1920x1080 viewTarget=CameraActor_2147482372 cam=(0,1107,1582) rot=(-55,-90,0)
2026.09.28-10.19.36 SHOT fighter f-0-hero pos=(2,2) world=(0,-50,0) screen=(960,476) projected=1 alive=1
2026.09.28-10.19.36 SHOT fighter f-0-sk0 pos=(3,2) world=(100,-50,0) screen=(1115,476) projected=1 alive=1
2026.09.28-10.19.36 SHOT fighter f-0-sk1 pos=(2,1) world=(0,-150,0) screen=(960,355) projected=1 alive=1
2026.09.28-10.19.36 SHOT fighter f-0-sk2 pos=(1,2) world=(-100,-50,0) screen=(805,476) projected=1 alive=1
2026.09.28-10.19.36 SHOT fighter f-1-hero pos=(2,3) world=(0,50,0) screen=(960,606) projected=1 alive=1
2026.09.28-10.19.36 SHOT fighter f-1-sk0 pos=(3,3) world=(100,50,0) screen=(1120,606) projected=1 alive=1
2026.09.28-10.19.36 SHOT camera dist=1930.8 target=1930.8 overview=1930.8 errPct=0.000 focusErr=0.00 settled=1 zoom=1.00
2026.09.28-10.19.36 SHOT head fighter=f-0-hero socket=Head mesh=SK_Medusa_FaceNeck_v2Candidate world=(0.0,-46.0,38.5) screen=(960.0,445.5) top=(960.0,439.8) bottom=(960.0,451.2) headPx=11.4 projected=1
2026.09.28-10.19.36 SHOT requested: FScreenshotRequest(bShowUI) -> C:\Users\ren\AppData\Local\Temp\s08-phase2-20260928-151853-47204\phase2-board-joiner-1920x1080.png
2026.09.28-10.19.36 game -> room=cmul3hs4b00ilwi2o7g7rhltw code=<redacted> status=IN_PROGRESS
2026.09.28-10.19.39 game -> room=cmul3hs4b00ilwi2o7g7rhltw code=<redacted> status=IN_PROGRESS
2026.09.28-10.19.40 PERF window t=35.1-40.2 frames=146 fps=28.90 frameMs avg=34.60 p50=33.33 p95=33.33 p99=74.55 max=176.84 hitches50=2 gpuMs avg=33.37 p50=33.26 p95=34.90 gameMs avg=2.34 p95=1.64 renderMs avg=2.61 p95=3.25
2026.09.28-10.19.42 game -> room=cmul3hs4b00ilwi2o7g7rhltw code=<redacted> status=IN_PROGRESS
2026.09.28-10.19.45 game -> room=cmul3hs4b00ilwi2o7g7rhltw code=<redacted> status=IN_PROGRESS
2026.09.28-10.19.45 PERF window t=40.2-45.2 frames=151 fps=30.00 frameMs avg=33.33 p50=33.33 p95=33.34 p99=33.34 max=33.35 hitches50=0 gpuMs avg=30.84 p50=33.17 p95=34.45 gameMs avg=1.30 p95=1.45 renderMs avg=2.37 p95=3.11
2026.09.28-10.19.48 game -> room=cmul3hs4b00ilwi2o7g7rhltw code=<redacted> status=IN_PROGRESS
2026.09.28-10.19.50 PERF summary scope=afterWarmup warmup=5 elapsed=50.0 frames=1346 fps=29.87 frameMs avg=33.48 p50=33.33 p95=33.33 p99=33.34 max=176.84 hitches50=2 gpuMs avg=31.80 p50=33.31 p95=35.48 gameMs avg=1.46 p95=1.64 renderMs avg=2.48 p95=3.50
2026.09.28-10.19.50 PERF summary scope=started elapsed=50.0 frames=1044 fps=29.83 frameMs avg=33.52 p50=33.33 p95=33.33 p99=33.35 max=176.84 hitches50=2 gpuMs avg=31.50 p50=33.29 p95=35.83 gameMs avg=1.48 p95=1.55 renderMs avg=2.67 p95=3.59
2026.09.28-10.19.50 --- S08 trace close ---
