2026.09.29-05.27.15 --- S08 trace open 2026.09.29-05.27.15 ---
2026.09.29-05.27.15 HUD icon texture size=48 ready=1 path=/Game/ArtTests/ARTMarkers/Textures/T_UI_Action_Attack_48 texture=48x48 probe=1 plate=1
2026.09.29-05.27.15 RENDER preset applied=High flag=S08RenderPreset
2026.09.29-05.27.16 LOGIN ok user=art-preview-host
2026.09.29-05.27.18 HEROES loaded 84
2026.09.29-05.27.19 createGame -> room=cmum8ik6c00vhwilkdib4z8zr code=<redacted> status=LOBBY
2026.09.29-05.27.20 PERF config tMaxFPS=30.0 frameRateLimit=60.0 vsync=0 smoothFrameRate=0 fixedFrameRate=0 rhi=D3D12
2026.09.29-05.27.20 RENDER tag=PERF rhi=D3D12 featureLevel=SM6 shaderPlatform=PCD3D_SM6 lumenPlatform=1 gi=lumen giMethod=1 refl=lumen reflMethod=1 shadows=csm vsmEnable=0 sg.res=100 sg.view=2 sg.aa=2 sg.shadow=2 sg.gi=2 sg.refl=2 sg.pp=2 sg.tex=2 sg.fx=2 sg.foliage=2 sg.shading=2 sg.landscape=2 preset=High screenPct=100.0 screenPctMode=0 aa=TSR aaMethod=4 exposure=engine-default expMin=1.00000 expMax=1.00000 expBias=1.000 ev100=0.00 lightUnits=- sky=0 skyIntensity=0.000 keyShadow=- shadowCasters=0 profile=- profilesSha256=- profilesSource=- legacyRender=0 gameLayer=unlit-eyeadaptinv tMaxFPS=30.0 vsync=0 frameRateLimit=60.0 substrate=0 nanite=1 meshDF=1 viewport=1920x1080 reference=0 notReference=noArtProfile,exposure,lightUnits,profilesSource
2026.09.29-05.27.20 PERF window t=0.0-5.0 frames=147 fps=29.11 frameMs avg=34.35 p50=33.34 p95=36.21 p99=46.48 max=107.36 hitches50=1 gpuMs avg=1.34 p50=1.30 p95=1.52 gameMs avg=2.56 p95=3.42 renderMs avg=2927.68 p95=5.48
2026.09.29-05.27.21 game -> room=cmum8ik6c00vhwilkdib4z8zr code=<redacted> status=LOBBY
2026.09.29-05.27.21 selectHero -> room=cmum8ik6c00vhwilkdib4z8zr code=<redacted> status=LOBBY
2026.09.29-05.27.24 game -> room=cmum8ik6c00vhwilkdib4z8zr code=<redacted> status=LOBBY
2026.09.29-05.27.24 toggleReady -> room=cmum8ik6c00vhwilkdib4z8zr code=<redacted> status=LOBBY
2026.09.29-05.27.25 PERF window t=5.0-10.1 frames=150 fps=29.85 frameMs avg=33.51 p50=33.33 p95=33.89 p99=35.58 max=44.79 hitches50=0 gpuMs avg=1.32 p50=1.30 p95=1.43 gameMs avg=2.21 p95=3.47 renderMs avg=4.17 p95=5.08
2026.09.29-05.27.28 game -> room=cmum8ik6c00vhwilkdib4z8zr code=<redacted> status=LOBBY
2026.09.29-05.27.30 PERF window t=10.1-15.1 frames=150 fps=29.84 frameMs avg=33.51 p50=33.33 p95=34.20 p99=37.30 max=42.91 hitches50=0 gpuMs avg=1.33 p50=1.32 p95=1.45 gameMs avg=2.24 p95=3.71 renderMs avg=3.90 p95=4.87
2026.09.29-05.27.31 game -> room=cmum8ik6c00vhwilkdib4z8zr code=<redacted> status=LOBBY
2026.09.29-05.27.33 game -> room=cmum8ik6c00vhwilkdib4z8zr code=<redacted> status=LOBBY
2026.09.29-05.27.35 PERF window t=15.1-20.1 frames=149 fps=29.78 frameMs avg=33.58 p50=33.33 p95=34.51 p99=37.08 max=44.29 hitches50=0 gpuMs avg=1.33 p50=1.32 p95=1.47 gameMs avg=2.40 p95=3.96 renderMs avg=3.85 p95=5.07
2026.09.29-05.27.37 game -> room=cmum8ik6c00vhwilkdib4z8zr code=<redacted> status=LOBBY
2026.09.29-05.27.38 startGame -> room=cmum8ik6c00vhwilkdib4z8zr code=<redacted> status=IN_PROGRESS
2026.09.29-05.27.38 SNAPSHOT applied seq=1 phase=ACTION_MANEUVER
2026.09.29-05.27.38 HANDLE_APPLIED #1 seq=1 decision=2 fightersValid=1 boardValid=1
2026.09.29-05.27.38 MODE seq=1 mode=0 combat=0 pending=0
2026.09.29-05.27.38 HUD seq=1 phase=ACTION_MANEUVER turn=you hand=5 oppHand=5(hidden) oppDeck=25 deck=25 discard=0
2026.09.29-05.27.38 ARTPREVIEW board profiles loaded=1 revision=2 boards=3 zoneStyles=11 lightProfiles=3 errors=0 path=Config/ArtBoards/S08ArtBoardProfiles.json
2026.09.29-05.27.38 ARTPREVIEW board profiles source=pak sha256=91ea86be522212fc770a33e3c9ac66f1cfde90c720c609bdc6bd29589965eaa5
2026.09.29-05.27.38 ARTPREVIEW game layer material=M_S08_GameLayerUnlit unlitEyeAdaptInv=1 legacyRender=0
2026.09.29-05.27.38 ARTPREVIEW Cobble assets ready
2026.09.29-05.27.38 ARTPREVIEW board assets ready cobbleMesh=1 tiles=1 zoneMaterials=2
2026.09.29-05.27.38 ARTPREVIEW medusa candidate variant=face-neck-v2 mesh=SK_Medusa_FaceNeck_v2Candidate requested=face-neck-v2
2026.09.29-05.27.38 ARTPREVIEW board profile=cobble-city match=boardId board=5x6 boardId=cmuhgs4b2001mwik4f2b2xtf8 surface=cobble-5x6-mesh light=cobble-probe artFixture=0
2026.09.29-05.27.38 ARTPREVIEW light profile=cobble-probe name=key role=key kind=directional at=(-350,-150,600) intensity=4.5 units=lux radius=0 color=(1.00,1.00,1.00) shadow=1
2026.09.29-05.27.38 ARTPREVIEW light profile=cobble-probe name=warm role=warm kind=point at=(260,-300,250) intensity=85 units=candelas radius=450 color=(1.00,1.00,1.00) shadow=0
2026.09.29-05.27.38 ARTPREVIEW sky profile=cobble-probe cubemap=/Game/S08/Render/TC_S08_AmbientDome loaded=1 spawned=1 intensity=11.2 color=(1.00,1.00,1.00) lowerBlack=0
2026.09.29-05.27.38 ARTPREVIEW exposure profile=cobble-probe method=histogram-fixed min=2.46229 max=2.46229 bias=0.000 ev100=1.30 volume=1
2026.09.29-05.27.38 ARTPREVIEW lights applied profile=cobble-probe directional=1 shadow=1 points=1 pointShadows=0 budgetOk=1
2026.09.29-05.27.38 ARTPREVIEW render profile=cobble-probe units=candelas sky=1 exposure=1 keyShadow=csm-3000uu-2c-contact0.000 shadowCasters=1 legacyRender=0
2026.09.29-05.27.38 ARTPREVIEW Cobble probe lights key=4.5 fill=0 warm=85
2026.09.29-05.27.38 ARTPREVIEW Cobble active 5x6 zones=30 blue=15 red=15 blueMarks=15 redMarks=45
2026.09.29-05.27.38 ARTPREVIEW board active profile=cobble-city 5x6 surface=cobble-5x6-mesh cells=30 zoneCells=30 multizone=0 triple=0 obstacles=0 zoneKeys=2 strokes=60 glyphs=45 surfaceParts=0 glyphMaterial=zone expectOk=1
2026.09.29-05.27.38 ARTPREVIEW board zone key=blue cells=15 stroke=solid glyph=diamond color=#3B78D8 ismUsage=1 strokePieces=15 glyphPieces=15 fallback=0
2026.09.29-05.27.38 ARTPREVIEW board zone key=red cells=15 stroke=dash3 glyph=bars2 color=#D8453B ismUsage=1 strokePieces=45 glyphPieces=30 fallback=0
2026.09.29-05.27.38 ARTPREVIEW board multizone cells=0 zonesListed=0 zonesMarked=0
2026.09.29-05.27.38 CAMERA dist=1931 loc=(0,1107,1582) pitch=-55 yaw=-90
2026.09.29-05.27.38 CAMERA config overview=1930.8 nearest=300.0 farthest=2970.4 zoomRange=0.65-6.44 minDist=300.0 outRatio=0.650 step=1.250 animMs=200 returnMs=300 followFrom=1.20 source=defaults issues=0
2026.09.29-05.27.38 BOARD 5x6 cells | control points: (0,0)=(-200,-250,0) (4,5)=(200,250,0) | neighbor pair (dist 100 uu)
2026.09.29-05.27.38 ARTPREVIEW click capsule fighter=f-0-hero mesh=SK_Medusa_FaceNeck_v2Candidate physicsAsset=0 radius=12.5 halfHeight=27.5 top=55.0 bodyCollision=0 source=meshBounds
2026.09.29-05.27.38 ARTPREVIEW fighter=Medusa hero=1 eligible=1 visual=1 mesh=SK_Medusa_FaceNeck_v2Candidate
2026.09.29-05.27.38 ARTPREVIEW click capsule fighter=f-0-sk0 mesh=SM_ART003_Harpy physicsAsset=0 radius=20.0 halfHeight=21.0 top=42.0 bodyCollision=0 source=meshBounds
2026.09.29-05.27.38 ARTPREVIEW click capsule fighter=f-0-sk1 mesh=SM_ART003_Harpy physicsAsset=0 radius=20.0 halfHeight=21.0 top=42.0 bodyCollision=0 source=meshBounds
2026.09.29-05.27.38 ARTPREVIEW click capsule fighter=f-0-sk2 mesh=SM_ART003_Harpy physicsAsset=0 radius=20.0 halfHeight=21.0 top=42.0 bodyCollision=0 source=meshBounds
2026.09.29-05.27.38 ARTPREVIEW click capsule fighter=f-1-hero mesh=SM_ART003_Arthur physicsAsset=0 radius=17.8 halfHeight=28.0 top=56.0 bodyCollision=0 source=meshBounds
2026.09.29-05.27.38 ARTPREVIEW click capsule fighter=f-1-sk0 mesh=SM_ART003_Merlin physicsAsset=0 radius=14.7 halfHeight=30.8 top=61.5 bodyCollision=0 source=meshBounds
2026.09.29-05.27.38 FIGHTERS synced n=6 alive=6 own=4 enemy=2
2026.09.29-05.27.38 STATE seq=1 -> apply
2026.09.29-05.27.38 HUD art layer plate=1 iconSize=48 iconTexture=1 iconProbe=1 plan=0
2026.09.29-05.27.38 HUD art impl=slate plateViews=slate:slate iconViews=slate:slate textTable=S08ArtHud entries=13 missingKeys=0
2026.09.29-05.27.38 SUBSCRIBED gameStateUpdated since=1
2026.09.29-05.27.38 ARTPREVIEW icon probe src=flag target=f-1-hero size=48
2026.09.29-05.27.38 ICON fighter=f-1-hero bbox=(936,465,984,513) size=48 src=flag labelAvoid=1 hudAvoid=0
2026.09.29-05.27.38 SNAPSHOT applied seq=1 phase=ACTION_MANEUVER
2026.09.29-05.27.38 HANDLE_APPLIED #2 seq=1 decision=1 fightersValid=1 boardValid=1
2026.09.29-05.27.38 MODE seq=1 mode=0 combat=0 pending=0
2026.09.29-05.27.38 HUD seq=1 phase=ACTION_MANEUVER turn=you hand=5 oppHand=5(hidden) oppDeck=25 deck=25 discard=0
2026.09.29-05.27.38 ARTPREVIEW fighter=Medusa hero=1 eligible=1 visual=1 mesh=SK_Medusa_FaceNeck_v2Candidate
2026.09.29-05.27.38 FIGHTERS synced n=6 alive=6 own=4 enemy=2
2026.09.29-05.27.38 WS seq=1 phase=ACTION_MANEUVER (merge)
2026.09.29-05.27.40 game -> room=cmum8ik6c00vhwilkdib4z8zr code=<redacted> status=IN_PROGRESS
2026.09.29-05.27.41 PERF window t=20.1-25.1 frames=149 fps=29.61 frameMs avg=33.77 p50=33.33 p95=34.81 p99=48.76 max=54.77 hitches50=1 gpuMs avg=1.64 p50=1.79 p95=2.12 gameMs avg=2.70 p95=5.59 renderMs avg=4.86 p95=6.02
2026.09.29-05.27.43 game -> room=cmum8ik6c00vhwilkdib4z8zr code=<redacted> status=IN_PROGRESS
2026.09.29-05.27.43 ARTPREVIEW selection ring shown fighter=Medusa mesh=SM_Marker_SelectionRing
2026.09.29-05.27.43 ARTPREVIEW reachable corners cells=13 placed=1
2026.09.29-05.27.43 ARTPREVIEW selection ownHero=1 selected=1 fighter=Medusa reachable=14 fighterId=f-0-hero
2026.09.29-05.27.43 INPUT select src=flag fighter=f-0-hero flag=ArtPreviewSelectOwnHero
2026.09.29-05.27.43 ARTPREVIEW camera focus requested zoom=5.00 overview=1931 target=386
2026.09.29-05.27.43 INPUT zoom src=flag zoom=5.00 flag=ArtPreviewFocusZoom
2026.09.29-05.27.43 CAMERA focus src=flag from=1930.8 to=386.2 requested=386.2 zoom=5.00 clamp=0 limit=none animMs=200
2026.09.29-05.27.43 HUD plate content fighter=f-0-hero name=Medusa hp=16/16 team=own statuses=HERO  |  MELEE
2026.09.29-05.27.44 ICON fighter=f-1-hero bbox=(936,817,984,865) size=48 src=flag labelAvoid=0 hudAvoid=0
2026.09.29-05.27.44 PLATE fighter=f-0-hero bbox=(1100,485,1272,539) overlapReachable=0 placement=right ring=0 gap=6 selection=f-0-hero destinations=13 clean=1 softPx2=0 tested=232
2026.09.29-05.27.44 CAMERA settled elapsed=28.17 dist=386.2 target=386.2 errPct=0.000 focusErr=0.00 focus=(0,-50,28)
2026.09.29-05.27.44 ICON fighter=f-1-hero bbox=(936,933,984,981) size=48 src=flag labelAvoid=0 hudAvoid=1
2026.09.29-05.27.44 PLATE fighter=f-0-hero bbox=(1139,494,1311,548) overlapReachable=0 placement=right ring=0 gap=6 selection=f-0-hero destinations=13 clean=1 softPx2=0 tested=278
2026.09.29-05.27.45 SHOT ctx viewport=1920x1080 viewTarget=CameraActor_2147482368 cam=(0,171,344) rot=(-55,-90,0)
2026.09.29-05.27.45 RENDER tag=SHOT rhi=D3D12 featureLevel=SM6 shaderPlatform=PCD3D_SM6 lumenPlatform=1 gi=lumen giMethod=1 refl=lumen reflMethod=1 shadows=csm vsmEnable=0 sg.res=100 sg.view=2 sg.aa=2 sg.shadow=2 sg.gi=2 sg.refl=2 sg.pp=2 sg.tex=2 sg.fx=2 sg.foliage=2 sg.shading=2 sg.landscape=2 preset=High screenPct=100.0 screenPctMode=0 aa=TSR aaMethod=4 exposure=fixed-histogram expMin=2.46229 expMax=2.46229 expBias=0.000 ev100=1.30 lightUnits=candelas sky=1 skyIntensity=11.200 keyShadow=csm-3000uu-2c-contact0.000 shadowCasters=1 profile=cobble-probe profilesSha256=91ea86be522212fc770a33e3c9ac66f1cfde90c720c609bdc6bd29589965eaa5 profilesSource=pak legacyRender=0 gameLayer=unlit-eyeadaptinv tMaxFPS=30.0 vsync=0 frameRateLimit=60.0 substrate=0 nanite=1 meshDF=1 viewport=1920x1080 reference=1
2026.09.29-05.27.45 SHOT fighter f-0-hero pos=(2,2) world=(0,-50,0) screen=(960,660) projected=1 alive=1
2026.09.29-05.27.45 SHOT fighter f-0-sk0 pos=(3,2) world=(100,-50,0) screen=(1704,660) projected=1 alive=1
2026.09.29-05.27.45 SHOT fighter f-0-sk1 pos=(2,1) world=(0,-150,0) screen=(960,110) projected=1 alive=1
2026.09.29-05.27.45 SHOT fighter f-0-sk2 pos=(1,2) world=(-100,-50,0) screen=(216,660) projected=1 alive=1
2026.09.29-05.27.45 SHOT fighter f-1-hero pos=(2,3) world=(0,50,0) screen=(960,1388) projected=1 alive=1
2026.09.29-05.27.45 SHOT fighter f-1-sk0 pos=(3,3) world=(100,50,0) screen=(1826,1388) projected=1 alive=1
2026.09.29-05.27.45 SHOT camera dist=386.2 target=386.2 overview=1930.8 errPct=0.000 focusErr=0.00 settled=1 zoom=5.00
2026.09.29-05.27.45 SHOT head fighter=f-0-hero socket=Head mesh=SK_Medusa_FaceNeck_v2Candidate world=(0.0,-46.0,38.5) screen=(960.0,517.7) top=(960.0,489.1) bottom=(960.0,545.6) headPx=56.4 projected=1
2026.09.29-05.27.45 SHOT selection fighter=f-0-hero ownCell=(2,2) legal=14 destinations=13 ownCellExcluded=1 plateFighter=f-0-hero
2026.09.29-05.27.45 SHOT reachable fighter=f-0-hero n=13 cells=(1,0)(2,0)(3,0)(0,1)(1,1)(3,1)(4,1)(0,2)(4,2)(0,3)(1,3)(4,3)(1,4)
2026.09.29-05.27.45 SHOT plate fighter=f-0-hero bbox=(1139,494,1311,548) overlapReachable=0 placement=right gap=6 anchor=(787,282,1133,788) planned=(1139,494,1311,548) geom=painted stableFrames=54
2026.09.29-05.27.45 SHOT icon fighter=f-1-hero bbox=(936,933,984,981) size=48 src=flag planned=(936,933,984,981) geom=painted
2026.09.29-05.27.45 SHOT widget id=plate impl=slate state=own fighter=f-0-hero bbox=(1139,494,1311,548) geom=painted visible=1 twin=0 source=slate
2026.09.29-05.27.45 SHOT widget id=plate.marker impl=slate state=own fighter=f-0-hero bbox=(1139,494,1311,497) geom=painted visible=1 twin=0 source=slate
2026.09.29-05.27.45 SHOT widget id=plate.name impl=slate state=own fighter=f-0-hero bbox=(1145,499,1260,518) geom=painted visible=1 twin=0 source=slate
2026.09.29-05.27.45 SHOT widget id=plate.team impl=slate state=own fighter=f-0-hero bbox=(1260,502,1305,515) geom=painted visible=1 twin=0 source=slate
2026.09.29-05.27.45 SHOT widget id=plate.hpbar impl=slate state=own fighter=f-0-hero bbox=(1145,524,1241,531) geom=painted visible=1 twin=0 source=slate
2026.09.29-05.27.45 SHOT widget id=plate.hpfill impl=slate state=own fighter=f-0-hero bbox=(1145,524,1241,531) geom=painted visible=1 twin=0 source=slate
2026.09.29-05.27.45 SHOT widget id=plate.hp impl=slate state=own fighter=f-0-hero bbox=(1247,520,1300,535) geom=painted visible=1 twin=0 source=slate
2026.09.29-05.27.45 SHOT widget id=plate.status impl=slate state=own fighter=f-0-hero bbox=(1145,537,1305,550) geom=painted visible=1 twin=0 source=slate
2026.09.29-05.27.45 SHOT widget id=icon impl=slate state=flag fighter=f-1-hero bbox=(936,933,984,981) geom=painted visible=1 twin=0 source=slate
2026.09.29-05.27.45 SHOT label fighter=f-0-sk0 mode=compact bbox=(1724,432,1848,446)
2026.09.29-05.27.45 SHOT label fighter=f-0-sk1 mode=compact bbox=(908,-140,1012,-126)
2026.09.29-05.27.45 SHOT label fighter=f-0-sk2 mode=compact bbox=(72,432,196,446)
2026.09.29-05.27.45 SHOT label fighter=f-1-hero mode=compact bbox=(880,1137,1040,1147)
2026.09.29-05.27.45 SHOT label fighter=f-1-sk0 mode=compact bbox=(1875,1215,2003,1227)
2026.09.29-05.27.45 SHOT requested: FScreenshotRequest(bShowUI) -> C:\Users\ren\AppData\Local\Temp\s08-phase2-20260929-102712-52496\phase2-board-host-1920x1080.png
2026.09.29-05.27.46 PERF window t=25.1-30.4 frames=146 fps=27.59 frameMs avg=36.24 p50=33.33 p95=34.34 p99=45.76 max=421.21 hitches50=1 gpuMs avg=2.01 p50=1.98 p95=2.39 gameMs avg=2.16 p95=3.65 renderMs avg=5.10 p95=7.19
2026.09.29-05.27.46 game -> room=cmum8ik6c00vhwilkdib4z8zr code=<redacted> status=IN_PROGRESS
2026.09.29-05.27.49 game -> room=cmum8ik6c00vhwilkdib4z8zr code=<redacted> status=IN_PROGRESS
2026.09.29-05.27.51 PERF window t=30.4-35.4 frames=149 fps=29.73 frameMs avg=33.64 p50=33.33 p95=34.00 p99=39.47 max=44.39 hitches50=0 gpuMs avg=2.09 p50=2.05 p95=2.36 gameMs avg=5.38 p95=5.14 renderMs avg=4.98 p95=6.62
2026.09.29-05.27.52 game -> room=cmum8ik6c00vhwilkdib4z8zr code=<redacted> status=IN_PROGRESS
2026.09.29-05.27.55 game -> room=cmum8ik6c00vhwilkdib4z8zr code=<redacted> status=IN_PROGRESS
2026.09.29-05.27.56 PERF window t=35.4-40.4 frames=148 fps=29.45 frameMs avg=33.95 p50=33.34 p95=37.50 p99=49.16 max=49.86 hitches50=0 gpuMs avg=2.07 p50=2.03 p95=2.40 gameMs avg=2.91 p95=4.92 renderMs avg=4.96 p95=6.44
2026.09.29-05.27.58 game -> room=cmum8ik6c00vhwilkdib4z8zr code=<redacted> status=IN_PROGRESS
2026.09.29-05.28.01 PERF window t=40.4-45.5 frames=144 fps=28.74 frameMs avg=34.79 p50=33.34 p95=35.75 p99=40.30 max=194.43 hitches50=1 gpuMs avg=2.10 p50=2.06 p95=2.31 gameMs avg=2.73 p95=3.66 renderMs avg=4.89 p95=6.46
2026.09.29-05.28.01 game -> room=cmum8ik6c00vhwilkdib4z8zr code=<redacted> status=IN_PROGRESS
2026.09.29-05.28.04 game -> room=cmum8ik6c00vhwilkdib4z8zr code=<redacted> status=IN_PROGRESS
2026.09.29-05.28.06 PERF window t=45.5-50.5 frames=148 fps=29.59 frameMs avg=33.79 p50=33.34 p95=34.69 p99=43.18 max=48.49 hitches50=0 gpuMs avg=2.06 p50=2.02 p95=2.30 gameMs avg=2.77 p95=4.02 renderMs avg=5.11 p95=6.53
2026.09.29-05.28.07 game -> room=cmum8ik6c00vhwilkdib4z8zr code=<redacted> status=IN_PROGRESS
2026.09.29-05.28.10 game -> room=cmum8ik6c00vhwilkdib4z8zr code=<redacted> status=IN_PROGRESS
2026.09.29-05.28.11 PERF window t=50.5-55.5 frames=149 fps=29.64 frameMs avg=33.73 p50=33.33 p95=35.34 p99=45.75 max=47.63 hitches50=0 gpuMs avg=2.10 p50=2.05 p95=2.42 gameMs avg=2.61 p95=5.13 renderMs avg=5.06 p95=6.65
2026.09.29-05.28.13 game -> room=cmum8ik6c00vhwilkdib4z8zr code=<redacted> status=IN_PROGRESS
2026.09.29-05.28.16 PERF window t=55.5-60.5 frames=149 fps=29.74 frameMs avg=33.63 p50=33.33 p95=34.50 p99=40.44 max=43.85 hitches50=0 gpuMs avg=2.11 p50=2.08 p95=2.40 gameMs avg=2.37 p95=3.45 renderMs avg=5.06 p95=6.50
2026.09.29-05.28.16 game -> room=cmum8ik6c00vhwilkdib4z8zr code=<redacted> status=IN_PROGRESS
2026.09.29-05.28.19 game -> room=cmum8ik6c00vhwilkdib4z8zr code=<redacted> status=IN_PROGRESS
2026.09.29-05.28.21 PERF window t=60.5-65.5 frames=150 fps=29.83 frameMs avg=33.52 p50=33.33 p95=34.11 p99=38.62 max=39.20 hitches50=0 gpuMs avg=2.11 p50=2.06 p95=2.48 gameMs avg=2.66 p95=4.71 renderMs avg=5.04 p95=6.60
2026.09.29-05.28.22 game -> room=cmum8ik6c00vhwilkdib4z8zr code=<redacted> status=IN_PROGRESS
2026.09.29-05.28.25 game -> room=cmum8ik6c00vhwilkdib4z8zr code=<redacted> status=IN_PROGRESS
2026.09.29-05.28.25 PERF summary scope=afterWarmup warmup=5 elapsed=70.0 frames=1916 fps=29.45 frameMs avg=33.96 p50=33.33 p95=34.72 p99=43.18 max=421.21 hitches50=3 gpuMs avg=1.87 p50=1.99 p95=2.30 gameMs avg=2.77 p95=4.33 renderMs avg=4.79 p95=6.46
2026.09.29-05.28.25 PERF summary scope=started elapsed=70.0 frames=1402 fps=29.32 frameMs avg=34.11 p50=33.33 p95=34.90 p99=44.04 max=421.21 hitches50=3 gpuMs avg=2.07 p50=2.04 p95=2.38 gameMs avg=2.94 p95=4.59 renderMs avg=5.07 p95=6.59
2026.09.29-05.28.25 PERF summary scope=artHud impl=slate elapsed=70.0 frames=1231 fps=29.29 frameMs avg=34.15 p50=33.33 p95=34.90 p99=43.85 max=421.21 hitches50=2 gpuMs avg=2.10 p50=2.05 p95=2.40 gameMs avg=3.02 p95=4.70 renderMs avg=5.06 p95=6.61
2026.09.29-05.28.25 --- S08 trace close ---
