2026.09.29-05.27.22 --- S08 trace open 2026.09.29-05.27.22 ---
2026.09.29-05.27.22 HUD icon texture size=32 ready=1 path=/Game/ArtTests/ARTMarkers/Textures/T_UI_Action_Attack_32 texture=32x32 probe=0 plate=1
2026.09.29-05.27.22 RENDER preset applied=High flag=S08RenderPreset
2026.09.29-05.27.22 LOGIN ok user=art-preview-joiner
2026.09.29-05.27.25 HEROES loaded 84
2026.09.29-05.27.25 CODE resolved -> cmum8ik6c00vhwilkdib4z8zr
2026.09.29-05.27.25 joinGame -> room=cmum8ik6c00vhwilkdib4z8zr code=<redacted> status=LOBBY
2026.09.29-05.27.27 PERF config tMaxFPS=30.0 frameRateLimit=60.0 vsync=0 smoothFrameRate=0 fixedFrameRate=0 rhi=D3D12
2026.09.29-05.27.27 RENDER tag=PERF rhi=D3D12 featureLevel=SM6 shaderPlatform=PCD3D_SM6 lumenPlatform=1 gi=lumen giMethod=1 refl=lumen reflMethod=1 shadows=csm vsmEnable=0 sg.res=100 sg.view=2 sg.aa=2 sg.shadow=2 sg.gi=2 sg.refl=2 sg.pp=2 sg.tex=2 sg.fx=2 sg.foliage=2 sg.shading=2 sg.landscape=2 preset=High screenPct=100.0 screenPctMode=0 aa=TSR aaMethod=4 exposure=engine-default expMin=1.00000 expMax=1.00000 expBias=1.000 ev100=0.00 lightUnits=- sky=0 skyIntensity=0.000 keyShadow=- shadowCasters=0 profile=- profilesSha256=- profilesSource=- legacyRender=0 gameLayer=unlit-eyeadaptinv tMaxFPS=30.0 vsync=0 frameRateLimit=60.0 substrate=0 nanite=1 meshDF=1 viewport=1920x1080 reference=0 notReference=noArtProfile,exposure,lightUnits,profilesSource
2026.09.29-05.27.27 PERF window t=0.0-5.0 frames=150 fps=29.72 frameMs avg=33.65 p50=33.34 p95=33.99 p99=40.51 max=60.57 hitches50=1 gpuMs avg=1.22 p50=1.28 p95=1.44 gameMs avg=2.34 p95=3.43 renderMs avg=2870.06 p95=5.70
2026.09.29-05.27.28 game -> room=cmum8ik6c00vhwilkdib4z8zr code=<redacted> status=LOBBY
2026.09.29-05.27.28 selectHero -> room=cmum8ik6c00vhwilkdib4z8zr code=<redacted> status=LOBBY
2026.09.29-05.27.31 game -> room=cmum8ik6c00vhwilkdib4z8zr code=<redacted> status=LOBBY
2026.09.29-05.27.31 toggleReady -> room=cmum8ik6c00vhwilkdib4z8zr code=<redacted> status=LOBBY
2026.09.29-05.27.32 PERF window t=5.0-10.1 frames=150 fps=29.85 frameMs avg=33.50 p50=33.33 p95=33.84 p99=35.08 max=42.05 hitches50=0 gpuMs avg=1.30 p50=1.30 p95=1.39 gameMs avg=2.13 p95=3.04 renderMs avg=3.96 p95=5.15
2026.09.29-05.27.34 game -> room=cmum8ik6c00vhwilkdib4z8zr code=<redacted> status=LOBBY
2026.09.29-05.27.37 PERF window t=10.1-15.1 frames=150 fps=29.86 frameMs avg=33.49 p50=33.33 p95=33.84 p99=36.15 max=41.73 hitches50=0 gpuMs avg=1.33 p50=1.31 p95=1.50 gameMs avg=2.28 p95=3.17 renderMs avg=4.10 p95=5.32
2026.09.29-05.27.37 game -> room=cmum8ik6c00vhwilkdib4z8zr code=<redacted> status=IN_PROGRESS
2026.09.29-05.27.38 WS DROPPED (test-initiated transport loss)
2026.09.29-05.27.38 WS closed (test drop) - reconnect in 1s
2026.09.29-05.27.38 SNAPSHOT applied seq=1 phase=ACTION_MANEUVER
2026.09.29-05.27.38 HANDLE_APPLIED #1 seq=1 decision=2 fightersValid=1 boardValid=1
2026.09.29-05.27.38 MODE seq=1 mode=0 combat=0 pending=0
2026.09.29-05.27.38 HUD seq=1 phase=ACTION_MANEUVER turn=opp hand=5 oppHand=5(hidden) oppDeck=25 deck=25 discard=0
2026.09.29-05.27.38 ARTPREVIEW board profiles loaded=1 revision=2 boards=3 zoneStyles=11 lightProfiles=3 errors=0 path=Config/ArtBoards/S08ArtBoardProfiles.json
2026.09.29-05.27.38 ARTPREVIEW board profiles source=pak sha256=91ea86be522212fc770a33e3c9ac66f1cfde90c720c609bdc6bd29589965eaa5
2026.09.29-05.27.38 ARTPREVIEW game layer material=M_S08_GameLayerUnlit unlitEyeAdaptInv=1 legacyRender=0
2026.09.29-05.27.38 ARTPREVIEW Cobble assets ready
2026.09.29-05.27.38 ARTPREVIEW board assets ready cobbleMesh=1 tiles=1 zoneMaterials=2
2026.09.29-05.27.38 ARTPREVIEW medusa candidate variant=face-neck-v2 mesh=SK_Medusa_FaceNeck_v2Candidate requested=face-neck-v2
2026.09.29-05.27.38 ARTPREVIEW board profile=cobble-city match=boardId board=5x6 boardId=cmuhgs4b2001mwik4f2b2xtf8 surface=cobble-5x6-mesh light=cobble-probe artFixture=0
2026.09.29-05.27.38 ARTPREVIEW light profile=cobble-probe name=key role=key kind=directional at=(-350,-150,600) intensity=4.5 units=lux radius=0 color=(1.00,1.00,1.00) shadow=1
2026.09.29-05.27.38 ARTPREVIEW light profile=cobble-probe name=warm role=warm kind=point at=(260,-300,250) intensity=85 units=candelas radius=450 color=(1.00,1.00,1.00) shadow=0
2026.09.29-05.27.38 ARTPREVIEW sky profile=cobble-probe cubemap=/Game/S08/Render/TC_S08_AmbientDome loaded=1 spawned=1 intensity=11.2 color=(1.00,1.00,1.00) lowerBlack=0
2026.09.29-05.27.38 ARTPREVIEW exposure profile=cobble-probe method=histogram-fixed min=2.46229 max=2.46229 bias=0.000 ev100=1.30 volume=1
2026.09.29-05.27.38 ARTPREVIEW lights applied profile=cobble-probe directional=1 shadow=1 points=1 pointShadows=0 budgetOk=1
2026.09.29-05.27.38 ARTPREVIEW render profile=cobble-probe units=candelas sky=1 exposure=1 keyShadow=csm-3000uu-2c-contact0.000 shadowCasters=1 legacyRender=0
2026.09.29-05.27.38 ARTPREVIEW Cobble probe lights key=4.5 fill=0 warm=85
2026.09.29-05.27.38 ARTPREVIEW Cobble active 5x6 zones=30 blue=15 red=15 blueMarks=15 redMarks=45
2026.09.29-05.27.38 ARTPREVIEW board active profile=cobble-city 5x6 surface=cobble-5x6-mesh cells=30 zoneCells=30 multizone=0 triple=0 obstacles=0 zoneKeys=2 strokes=60 glyphs=45 surfaceParts=0 glyphMaterial=zone expectOk=1
2026.09.29-05.27.38 ARTPREVIEW board zone key=blue cells=15 stroke=solid glyph=diamond color=#3B78D8 ismUsage=1 strokePieces=15 glyphPieces=15 fallback=0
2026.09.29-05.27.38 ARTPREVIEW board zone key=red cells=15 stroke=dash3 glyph=bars2 color=#D8453B ismUsage=1 strokePieces=45 glyphPieces=30 fallback=0
2026.09.29-05.27.38 ARTPREVIEW board multizone cells=0 zonesListed=0 zonesMarked=0
2026.09.29-05.27.38 CAMERA dist=1931 loc=(0,1107,1582) pitch=-55 yaw=-90
2026.09.29-05.27.38 CAMERA config overview=1930.8 nearest=300.0 farthest=2970.4 zoomRange=0.65-6.44 minDist=300.0 outRatio=0.650 step=1.250 animMs=200 returnMs=300 followFrom=1.20 source=defaults issues=0
2026.09.29-05.27.38 BOARD 5x6 cells | control points: (0,0)=(-200,-250,0) (4,5)=(200,250,0) | neighbor pair (dist 100 uu)
2026.09.29-05.27.38 ARTPREVIEW click capsule fighter=f-0-hero mesh=SK_Medusa_FaceNeck_v2Candidate physicsAsset=0 radius=12.5 halfHeight=27.5 top=55.0 bodyCollision=0 source=meshBounds
2026.09.29-05.27.38 ARTPREVIEW fighter=Medusa hero=1 eligible=1 visual=1 mesh=SK_Medusa_FaceNeck_v2Candidate
2026.09.29-05.27.38 ARTPREVIEW click capsule fighter=f-0-sk0 mesh=SM_ART003_Harpy physicsAsset=0 radius=20.0 halfHeight=21.0 top=42.0 bodyCollision=0 source=meshBounds
2026.09.29-05.27.38 ARTPREVIEW click capsule fighter=f-0-sk1 mesh=SM_ART003_Harpy physicsAsset=0 radius=20.0 halfHeight=21.0 top=42.0 bodyCollision=0 source=meshBounds
2026.09.29-05.27.38 ARTPREVIEW click capsule fighter=f-0-sk2 mesh=SM_ART003_Harpy physicsAsset=0 radius=20.0 halfHeight=21.0 top=42.0 bodyCollision=0 source=meshBounds
2026.09.29-05.27.38 ARTPREVIEW click capsule fighter=f-1-hero mesh=SM_ART003_Arthur physicsAsset=0 radius=17.8 halfHeight=28.0 top=56.0 bodyCollision=0 source=meshBounds
2026.09.29-05.27.38 ARTPREVIEW click capsule fighter=f-1-sk0 mesh=SM_ART003_Merlin physicsAsset=0 radius=14.7 halfHeight=30.8 top=61.5 bodyCollision=0 source=meshBounds
2026.09.29-05.27.38 FIGHTERS synced n=6 alive=6 own=2 enemy=4
2026.09.29-05.27.38 STATE seq=1 -> apply
2026.09.29-05.27.38 WS closed 1000 (normal closure)
2026.09.29-05.27.38 HUD art layer plate=1 iconSize=32 iconTexture=1 iconProbe=0 plan=0
2026.09.29-05.27.38 HUD art impl=slate plateViews=slate:slate iconViews=slate:slate textTable=S08ArtHud entries=13 missingKeys=0
2026.09.29-05.27.39 WS reconnect attempt
2026.09.29-05.27.39 SUBSCRIBED gameStateUpdated since=1
2026.09.29-05.27.39 WS reconnected - refetching gameState
2026.09.29-05.27.39 SNAPSHOT applied seq=1 phase=ACTION_MANEUVER
2026.09.29-05.27.39 HANDLE_APPLIED #2 seq=1 decision=1 fightersValid=1 boardValid=1
2026.09.29-05.27.39 MODE seq=1 mode=0 combat=0 pending=0
2026.09.29-05.27.39 HUD seq=1 phase=ACTION_MANEUVER turn=opp hand=5 oppHand=5(hidden) oppDeck=25 deck=25 discard=0
2026.09.29-05.27.39 ARTPREVIEW fighter=Medusa hero=1 eligible=1 visual=1 mesh=SK_Medusa_FaceNeck_v2Candidate
2026.09.29-05.27.39 FIGHTERS synced n=6 alive=6 own=2 enemy=4
2026.09.29-05.27.39 STATE seq=1 -> merge
2026.09.29-05.27.39 SNAPSHOT applied seq=1 phase=ACTION_MANEUVER
2026.09.29-05.27.39 HANDLE_APPLIED #3 seq=1 decision=1 fightersValid=1 boardValid=1
2026.09.29-05.27.39 MODE seq=1 mode=0 combat=0 pending=0
2026.09.29-05.27.39 HUD seq=1 phase=ACTION_MANEUVER turn=opp hand=5 oppHand=5(hidden) oppDeck=25 deck=25 discard=0
2026.09.29-05.27.39 ARTPREVIEW fighter=Medusa hero=1 eligible=1 visual=1 mesh=SK_Medusa_FaceNeck_v2Candidate
2026.09.29-05.27.39 FIGHTERS synced n=6 alive=6 own=2 enemy=4
2026.09.29-05.27.39 WS seq=1 phase=ACTION_MANEUVER (merge)
2026.09.29-05.27.40 game -> room=cmum8ik6c00vhwilkdib4z8zr code=<redacted> status=IN_PROGRESS
2026.09.29-05.27.42 PERF window t=15.1-20.1 frames=141 fps=28.07 frameMs avg=35.62 p50=33.34 p95=39.71 p99=66.72 max=218.69 hitches50=3 gpuMs avg=1.85 p50=1.86 p95=2.13 gameMs avg=2.85 p95=4.62 renderMs avg=6.11 p95=7.11
2026.09.29-05.27.43 game -> room=cmum8ik6c00vhwilkdib4z8zr code=<redacted> status=IN_PROGRESS
2026.09.29-05.27.46 game -> room=cmum8ik6c00vhwilkdib4z8zr code=<redacted> status=IN_PROGRESS
2026.09.29-05.27.47 PERF window t=20.1-25.1 frames=150 fps=29.88 frameMs avg=33.46 p50=33.33 p95=34.45 p99=36.49 max=36.65 hitches50=0 gpuMs avg=1.91 p50=1.86 p95=2.11 gameMs avg=1.73 p95=2.48 renderMs avg=4.99 p95=6.49
2026.09.29-05.27.49 game -> room=cmum8ik6c00vhwilkdib4z8zr code=<redacted> status=IN_PROGRESS
2026.09.29-05.27.52 SHOT ctx viewport=1920x1080 viewTarget=CameraActor_2147482368 cam=(0,1107,1582) rot=(-55,-90,0)
2026.09.29-05.27.52 RENDER tag=SHOT rhi=D3D12 featureLevel=SM6 shaderPlatform=PCD3D_SM6 lumenPlatform=1 gi=lumen giMethod=1 refl=lumen reflMethod=1 shadows=csm vsmEnable=0 sg.res=100 sg.view=2 sg.aa=2 sg.shadow=2 sg.gi=2 sg.refl=2 sg.pp=2 sg.tex=2 sg.fx=2 sg.foliage=2 sg.shading=2 sg.landscape=2 preset=High screenPct=100.0 screenPctMode=0 aa=TSR aaMethod=4 exposure=fixed-histogram expMin=2.46229 expMax=2.46229 expBias=0.000 ev100=1.30 lightUnits=candelas sky=1 skyIntensity=11.200 keyShadow=csm-3000uu-2c-contact0.000 shadowCasters=1 profile=cobble-probe profilesSha256=91ea86be522212fc770a33e3c9ac66f1cfde90c720c609bdc6bd29589965eaa5 profilesSource=pak legacyRender=0 gameLayer=unlit-eyeadaptinv tMaxFPS=30.0 vsync=0 frameRateLimit=60.0 substrate=0 nanite=1 meshDF=1 viewport=1920x1080 reference=1
2026.09.29-05.27.52 SHOT fighter f-0-hero pos=(2,2) world=(0,-50,0) screen=(960,476) projected=1 alive=1
2026.09.29-05.27.52 SHOT fighter f-0-sk0 pos=(3,2) world=(100,-50,0) screen=(1115,476) projected=1 alive=1
2026.09.29-05.27.52 SHOT fighter f-0-sk1 pos=(2,1) world=(0,-150,0) screen=(960,355) projected=1 alive=1
2026.09.29-05.27.52 SHOT fighter f-0-sk2 pos=(1,2) world=(-100,-50,0) screen=(805,476) projected=1 alive=1
2026.09.29-05.27.52 SHOT fighter f-1-hero pos=(2,3) world=(0,50,0) screen=(960,606) projected=1 alive=1
2026.09.29-05.27.52 SHOT fighter f-1-sk0 pos=(3,3) world=(100,50,0) screen=(1120,606) projected=1 alive=1
2026.09.29-05.27.52 SHOT camera dist=1930.8 target=1930.8 overview=1930.8 errPct=0.000 focusErr=0.00 settled=1 zoom=1.00
2026.09.29-05.27.52 SHOT head fighter=f-0-hero socket=Head mesh=SK_Medusa_FaceNeck_v2Candidate world=(0.0,-46.0,38.5) screen=(960.0,445.5) top=(960.0,439.8) bottom=(960.0,451.2) headPx=11.4 projected=1
2026.09.29-05.27.52 SHOT label fighter=f-0-hero mode=full bbox=(916,381,1004,414)
2026.09.29-05.27.52 SHOT label fighter=f-0-sk0 mode=full bbox=(1072,399,1169,428)
2026.09.29-05.27.52 SHOT label fighter=f-0-sk1 mode=full bbox=(914,276,1006,305)
2026.09.29-05.27.52 SHOT label fighter=f-0-sk2 mode=full bbox=(751,399,848,428)
2026.09.29-05.27.52 SHOT label fighter=f-1-hero mode=full bbox=(913,517,1007,545)
2026.09.29-05.27.52 SHOT label fighter=f-1-sk0 mode=full bbox=(1088,529,1162,558)
2026.09.29-05.27.52 SHOT requested: FScreenshotRequest(bShowUI) -> C:\Users\ren\AppData\Local\Temp\s08-phase2-20260929-102712-52496\phase2-board-joiner-1920x1080.png
2026.09.29-05.27.52 PERF window t=25.1-30.3 frames=146 fps=28.47 frameMs avg=35.13 p50=33.33 p95=35.25 p99=48.64 max=233.04 hitches50=1 gpuMs avg=1.90 p50=1.87 p95=2.13 gameMs avg=1.86 p95=2.89 renderMs avg=5.08 p95=6.50
2026.09.29-05.27.52 game -> room=cmum8ik6c00vhwilkdib4z8zr code=<redacted> status=IN_PROGRESS
2026.09.29-05.27.55 game -> room=cmum8ik6c00vhwilkdib4z8zr code=<redacted> status=IN_PROGRESS
2026.09.29-05.27.57 PERF window t=30.3-35.3 frames=149 fps=29.63 frameMs avg=33.75 p50=33.33 p95=35.56 p99=42.61 max=45.41 hitches50=0 gpuMs avg=1.88 p50=1.85 p95=2.14 gameMs avg=3.30 p95=3.26 renderMs avg=4.83 p95=6.82
2026.09.29-05.27.58 game -> room=cmum8ik6c00vhwilkdib4z8zr code=<redacted> status=IN_PROGRESS
2026.09.29-05.28.01 game -> room=cmum8ik6c00vhwilkdib4z8zr code=<redacted> status=IN_PROGRESS
2026.09.29-05.28.02 PERF window t=35.3-40.3 frames=149 fps=29.78 frameMs avg=33.58 p50=33.33 p95=34.54 p99=38.32 max=40.06 hitches50=0 gpuMs avg=1.94 p50=1.92 p95=2.16 gameMs avg=1.98 p95=2.95 renderMs avg=5.16 p95=6.50
2026.09.29-05.28.04 game -> room=cmum8ik6c00vhwilkdib4z8zr code=<redacted> status=IN_PROGRESS
2026.09.29-05.28.07 PERF window t=40.3-45.3 frames=147 fps=29.38 frameMs avg=34.03 p50=33.33 p95=37.77 p99=45.76 max=66.89 hitches50=1 gpuMs avg=1.87 p50=1.84 p95=2.10 gameMs avg=1.85 p95=2.58 renderMs avg=4.83 p95=6.41
2026.09.29-05.28.07 game -> room=cmum8ik6c00vhwilkdib4z8zr code=<redacted> status=IN_PROGRESS
2026.09.29-05.28.10 game -> room=cmum8ik6c00vhwilkdib4z8zr code=<redacted> status=IN_PROGRESS
2026.09.29-05.28.12 PERF window t=45.3-50.3 frames=149 fps=29.78 frameMs avg=33.58 p50=33.34 p95=34.60 p99=39.58 max=39.97 hitches50=0 gpuMs avg=1.90 p50=1.87 p95=2.04 gameMs avg=1.87 p95=3.38 renderMs avg=5.23 p95=6.90
2026.09.29-05.28.13 game -> room=cmum8ik6c00vhwilkdib4z8zr code=<redacted> status=IN_PROGRESS
2026.09.29-05.28.16 game -> room=cmum8ik6c00vhwilkdib4z8zr code=<redacted> status=IN_PROGRESS
2026.09.29-05.28.17 PERF window t=50.3-55.3 frames=148 fps=29.56 frameMs avg=33.83 p50=33.33 p95=36.45 p99=46.11 max=52.54 hitches50=1 gpuMs avg=1.90 p50=1.87 p95=2.17 gameMs avg=1.66 p95=2.63 renderMs avg=4.93 p95=7.36
2026.09.29-05.28.19 game -> room=cmum8ik6c00vhwilkdib4z8zr code=<redacted> status=IN_PROGRESS
2026.09.29-05.28.22 PERF window t=55.3-60.3 frames=149 fps=29.77 frameMs avg=33.59 p50=33.34 p95=34.00 p99=40.91 max=42.54 hitches50=0 gpuMs avg=1.92 p50=1.88 p95=2.12 gameMs avg=1.83 p95=3.23 renderMs avg=5.36 p95=6.71
2026.09.29-05.28.22 game -> room=cmum8ik6c00vhwilkdib4z8zr code=<redacted> status=IN_PROGRESS
2026.09.29-05.28.25 game -> room=cmum8ik6c00vhwilkdib4z8zr code=<redacted> status=IN_PROGRESS
2026.09.29-05.28.27 PERF window t=60.3-65.3 frames=149 fps=29.70 frameMs avg=33.67 p50=33.33 p95=34.40 p99=44.19 max=44.91 hitches50=0 gpuMs avg=1.89 p50=1.86 p95=2.13 gameMs avg=2.03 p95=3.49 renderMs avg=5.21 p95=6.58
2026.09.29-05.28.28 game -> room=cmum8ik6c00vhwilkdib4z8zr code=<redacted> status=IN_PROGRESS
2026.09.29-05.28.31 game -> room=cmum8ik6c00vhwilkdib4z8zr code=<redacted> status=IN_PROGRESS
2026.09.29-05.28.32 PERF summary scope=afterWarmup warmup=5 elapsed=70.0 frames=1919 fps=29.50 frameMs avg=33.90 p50=33.33 p95=34.54 p99=42.61 max=233.04 hitches50=6 gpuMs avg=1.80 p50=1.84 p95=2.09 gameMs avg=2.11 p95=3.11 renderMs avg=4.98 p95=6.59
2026.09.29-05.28.32 PERF summary scope=started elapsed=70.0 frames=1603 fps=29.43 frameMs avg=33.98 p50=33.33 p95=34.79 p99=42.83 max=233.04 hitches50=6 gpuMs avg=1.90 p50=1.86 p95=2.11 gameMs avg=2.08 p95=3.07 renderMs avg=5.16 p95=6.66
2026.09.29-05.28.32 PERF summary scope=artHud impl=slate elapsed=70.0 frames=0 fps=0.00 frameMs avg=0.00 p50=0.00 p95=0.00 p99=0.00 max=0.00 hitches50=0 gpuMs avg=0.00 p50=0.00 p95=0.00 gameMs avg=0.00 p95=0.00 renderMs avg=0.00 p95=0.00
2026.09.29-05.28.32 --- S08 trace close ---
