2026.09.28-01.40.02 --- S08 trace open 2026.09.28-01.40.02 ---
2026.09.28-01.40.02 LOGIN ok user=art-preview-host
2026.09.28-01.40.05 HEROES loaded 84
2026.09.28-01.40.05 createGame -> room=cmukkyhnr0031wi9ouebg6dr6 code=<redacted> status=LOBBY
2026.09.28-01.40.08 game -> room=cmukkyhnr0031wi9ouebg6dr6 code=<redacted> status=LOBBY
2026.09.28-01.40.08 selectHero -> room=cmukkyhnr0031wi9ouebg6dr6 code=<redacted> status=LOBBY
2026.09.28-01.40.11 game -> room=cmukkyhnr0031wi9ouebg6dr6 code=<redacted> status=LOBBY
2026.09.28-01.40.11 toggleReady -> room=cmukkyhnr0031wi9ouebg6dr6 code=<redacted> status=LOBBY
2026.09.28-01.40.14 game -> room=cmukkyhnr0031wi9ouebg6dr6 code=<redacted> status=LOBBY
2026.09.28-01.40.17 game -> room=cmukkyhnr0031wi9ouebg6dr6 code=<redacted> status=LOBBY
2026.09.28-01.40.20 game -> room=cmukkyhnr0031wi9ouebg6dr6 code=<redacted> status=LOBBY
2026.09.28-01.40.20 startGame -> room=cmukkyhnr0031wi9ouebg6dr6 code=<redacted> status=IN_PROGRESS
2026.09.28-01.40.20 SNAPSHOT applied seq=1 phase=ACTION_MANEUVER
2026.09.28-01.40.20 HANDLE_APPLIED #1 seq=1 decision=2 fightersValid=1 boardValid=1
2026.09.28-01.40.20 MODE seq=1 mode=0 combat=0 pending=0
2026.09.28-01.40.20 HUD seq=1 phase=ACTION_MANEUVER turn=you hand=5 oppHand=5(hidden) oppDeck=25 deck=25 discard=0
2026.09.28-01.40.20 ARTPREVIEW Cobble assets ready
2026.09.28-01.40.20 ARTPREVIEW Cobble probe lights key=4.5 fill=700 warm=85
2026.09.28-01.40.20 ARTPREVIEW Cobble active 5x6 zones=30 blue=15 red=15 blueMarks=15 redMarks=45
2026.09.28-01.40.20 CAMERA dist=1931 loc=(0,1107,1582) pitch=-55 yaw=-90
2026.09.28-01.40.20 BOARD 5x6 cells | control points: (0,0)=(-200,-250,0) (4,5)=(200,250,0) | neighbor pair (dist 100 uu)
2026.09.28-01.40.20 ARTPREVIEW fighter=Medusa hero=1 eligible=1 visual=1 mesh=SK_Medusa_FaceNeck_v2Candidate
2026.09.28-01.40.20 FIGHTERS synced n=6 alive=6 own=4 enemy=2
2026.09.28-01.40.20 STATE seq=1 -> apply
2026.09.28-01.40.20 SUBSCRIBED gameStateUpdated since=1
2026.09.28-01.40.20 SNAPSHOT applied seq=1 phase=ACTION_MANEUVER
2026.09.28-01.40.20 HANDLE_APPLIED #2 seq=1 decision=1 fightersValid=1 boardValid=1
2026.09.28-01.40.20 MODE seq=1 mode=0 combat=0 pending=0
2026.09.28-01.40.20 HUD seq=1 phase=ACTION_MANEUVER turn=you hand=5 oppHand=5(hidden) oppDeck=25 deck=25 discard=0
2026.09.28-01.40.20 ARTPREVIEW fighter=Medusa hero=1 eligible=1 visual=1 mesh=SK_Medusa_FaceNeck_v2Candidate
2026.09.28-01.40.20 FIGHTERS synced n=6 alive=6 own=4 enemy=2
2026.09.28-01.40.20 WS seq=1 phase=ACTION_MANEUVER (merge)
2026.09.28-01.40.23 game -> room=cmukkyhnr0031wi9ouebg6dr6 code=<redacted> status=IN_PROGRESS
2026.09.28-01.40.26 game -> room=cmukkyhnr0031wi9ouebg6dr6 code=<redacted> status=IN_PROGRESS
2026.09.28-01.40.29 game -> room=cmukkyhnr0031wi9ouebg6dr6 code=<redacted> status=IN_PROGRESS
2026.09.28-01.40.30 ARTPREVIEW selection ring shown fighter=Medusa mesh=SM_Marker_SelectionRing
2026.09.28-01.40.30 ARTPREVIEW reachable corners cells=13 placed=1
2026.09.28-01.40.30 ARTPREVIEW selection ownHero=1 selected=1 fighter=Medusa reachable=14 fighterId=f-0-hero
2026.09.28-01.40.30 ARTPREVIEW camera focus requested zoom=1.60 overview=1931 target=1207
2026.09.28-01.40.32 SHOT ctx viewport=1920x1080 viewTarget=CameraActor_2147482372 cam=(0,642,1017) rot=(-55,-90,0)
2026.09.28-01.40.32 SHOT fighter f-0-hero pos=(2,2) world=(0,-50,0) screen=(960,580) projected=1 alive=1
2026.09.28-01.40.32 SHOT fighter f-0-sk0 pos=(3,2) world=(100,-50,0) screen=(1208,580) projected=1 alive=1
2026.09.28-01.40.32 SHOT fighter f-0-sk1 pos=(2,1) world=(0,-150,0) screen=(960,384) projected=1 alive=1
2026.09.28-01.40.32 SHOT fighter f-0-sk2 pos=(1,2) world=(-100,-50,0) screen=(712,580) projected=1 alive=1
2026.09.28-01.40.32 SHOT fighter f-1-hero pos=(2,3) world=(0,50,0) screen=(960,794) projected=1 alive=1
2026.09.28-01.40.32 SHOT fighter f-1-sk0 pos=(3,3) world=(100,50,0) screen=(1220,794) projected=1 alive=1
2026.09.28-01.40.32 SHOT requested: FScreenshotRequest(bShowUI) -> C:\Users\ren\AppData\Local\Temp\s08-phase2-20260928-064001-30972\phase2-board-host-1920x1080.png
2026.09.28-01.40.32 game -> room=cmukkyhnr0031wi9ouebg6dr6 code=<redacted> status=IN_PROGRESS
2026.09.28-01.40.35 game -> room=cmukkyhnr0031wi9ouebg6dr6 code=<redacted> status=IN_PROGRESS
2026.09.28-01.40.38 game -> room=cmukkyhnr0031wi9ouebg6dr6 code=<redacted> status=IN_PROGRESS
2026.09.28-01.40.40 --- S08 trace close ---
