2026.10.01-03.22.33 --- S08 trace open 2026.10.01-03.22.33 ---
2026.10.01-03.22.33 HUD team chips ready=1 mode=absolute tagNames=rule
2026.10.01-03.22.33 HUD icon texture size=32 ready=1 path=/Game/ArtTests/ARTMarkers/Textures/T_UI_Action_AttackToken_32 texture=32x32 probe=0 plate=1
2026.10.01-03.22.33 HUD art widget tag impl=umg source=/Game/S08/UI/ArtHud/WBP_S08ArtTag class=/Game/S08/UI/ArtHud/WBP_S08ArtTag.WBP_S08ArtTag_C count=8 missing=- codeDefaultTree=0
2026.10.01-03.22.33 HUD art widget plate impl=umg source=/Game/S08/UI/ArtHud/WBP_S08ArtPlate class=/Game/S08/UI/ArtHud/WBP_S08ArtPlate.WBP_S08ArtPlate_C parts=1 missing=- codeDefaultTree=0
2026.10.01-03.22.33 HUD art widget icon impl=umg source=/Game/S08/UI/ArtHud/WBP_S08ArtIcon class=/Game/S08/UI/ArtHud/WBP_S08ArtIcon.WBP_S08ArtIcon_C parts=1 missing=- codeDefaultTree=0
2026.10.01-03.22.33 HUD art widget damage impl=umg source=/Game/S08/UI/ArtHud/WBP_S08ArtDamage class=/Game/S08/UI/ArtHud/WBP_S08ArtDamage.WBP_S08ArtDamage_C parts=1 missing=- codeDefaultTree=0
2026.10.01-03.22.33 RENDER preset applied=High flag=S08RenderPreset
2026.10.01-03.22.33 LOGIN ok user=art-preview-joiner
2026.10.01-03.22.36 HEROES loaded 84
2026.10.01-03.22.36 CODE resolved -> cmuoyxs4t001xwi9gnbp86ngl
2026.10.01-03.22.36 joinGame -> room=cmuoyxs4t001xwi9gnbp86ngl code=<redacted> status=LOBBY
2026.10.01-03.22.38 PERF config tMaxFPS=30.0 frameRateLimit=60.0 vsync=0 smoothFrameRate=0 fixedFrameRate=0 rhi=D3D12
2026.10.01-03.22.38 RENDER tag=PERF rhi=D3D12 featureLevel=SM6 shaderPlatform=PCD3D_SM6 lumenPlatform=1 gi=lumen giMethod=1 refl=lumen reflMethod=1 shadows=csm vsmEnable=0 sg.res=100 sg.view=2 sg.aa=2 sg.shadow=2 sg.gi=2 sg.refl=2 sg.pp=2 sg.tex=2 sg.fx=2 sg.foliage=2 sg.shading=2 sg.landscape=2 preset=High screenPct=100.0 screenPctMode=0 aa=TSR aaMethod=4 exposure=engine-default expMin=1.00000 expMax=1.00000 expBias=1.000 ev100=0.00 lightUnits=- sky=0 skyIntensity=0.000 keyShadow=- shadowCasters=0 profile=- profilesSha256=- profilesSource=- legacyRender=0 gameLayer=unlit-eyeadaptinv tMaxFPS=30.0 vsync=0 frameRateLimit=60.0 substrate=0 nanite=1 meshDF=1 viewport=1920x1080 reference=0 notReference=noArtProfile,exposure,lightUnits,profilesSource
2026.10.01-03.22.38 PERF window t=0.0-5.0 frames=151 fps=29.93 frameMs avg=33.41 p50=33.33 p95=33.33 p99=34.11 max=44.02 hitches50=0 gpuMs avg=1.38 p50=1.36 p95=2.99 gameMs avg=1.28 p95=1.88 renderMs avg=2848.51 p95=3.93
2026.10.01-03.22.39 game -> room=cmuoyxs4t001xwi9gnbp86ngl code=<redacted> status=LOBBY
2026.10.01-03.22.39 selectHero -> room=cmuoyxs4t001xwi9gnbp86ngl code=<redacted> status=LOBBY
2026.10.01-03.22.42 game -> room=cmuoyxs4t001xwi9gnbp86ngl code=<redacted> status=LOBBY
2026.10.01-03.22.42 toggleReady -> room=cmuoyxs4t001xwi9gnbp86ngl code=<redacted> status=LOBBY
2026.10.01-03.22.43 PERF window t=5.0-10.0 frames=150 fps=30.00 frameMs avg=33.33 p50=33.33 p95=33.33 p99=33.33 max=33.33 hitches50=0 gpuMs avg=1.54 p50=1.48 p95=1.60 gameMs avg=1.06 p95=1.38 renderMs avg=2.11 p95=2.48
2026.10.01-03.22.45 game -> room=cmuoyxs4t001xwi9gnbp86ngl code=<redacted> status=LOBBY
2026.10.01-03.22.48 PERF window t=10.0-15.0 frames=150 fps=30.00 frameMs avg=33.33 p50=33.33 p95=33.33 p99=33.33 max=33.33 hitches50=0 gpuMs avg=1.44 p50=1.44 p95=1.54 gameMs avg=1.06 p95=1.23 renderMs avg=2.11 p95=2.35
2026.10.01-03.22.48 game -> room=cmuoyxs4t001xwi9gnbp86ngl code=<redacted> status=IN_PROGRESS
2026.10.01-03.22.48 WS DROPPED (test-initiated transport loss)
2026.10.01-03.22.48 WS closed (test drop) - reconnect in 1s
2026.10.01-03.22.48 SNAPSHOT applied seq=1 phase=ACTION_MANEUVER
2026.10.01-03.22.48 HANDLE_APPLIED #1 seq=1 decision=2 fightersValid=1 boardValid=1
2026.10.01-03.22.48 MODE seq=1 mode=0 combat=0 pending=0
2026.10.01-03.22.48 HUD seq=1 phase=ACTION_MANEUVER turn=opp hand=5 oppHand=5(hidden) oppDeck=25 deck=25 discard=0
2026.10.01-03.22.48 ARTPREVIEW diorama requested mesh=/Game/PipelineCandidates/TableBase/20260928-table-base-tripo-h31/Meshes/SM_TableBase.SM_TableBase mi=MI_TableBase_Candidate
2026.10.01-03.22.48 ARTPREVIEW envlayout enabled dir=Config/ArtBoards/EnvLayouts source=pak files=2 names=marmoreal.layout.json+sarpedon.layout.json
2026.10.01-03.22.48 ARTPREVIEW board profiles loaded=1 revision=9 boards=5 zoneStyles=11 lightProfiles=5 errors=0 path=Config/ArtBoards/S08ArtBoardProfiles.json
2026.10.01-03.22.48 ARTPREVIEW board profiles source=pak sha256=aae181a4e6122bbe6f49a0f11122caf379c91b78f20b97140f96277038744230
2026.10.01-03.22.48 ARTPREVIEW zone content instances=12/12 glyphMeshes=11/11
2026.10.01-03.22.48 ARTPREVIEW zone keyline content mi=MI_ART005_Zone_Keyline glyphKeyMeshes=11/11 color=#111317
2026.10.01-03.22.48 ARTPREVIEW game layer material=M_S08_GameLayerUnlit unlitEyeAdaptInv=1 legacyRender=0
2026.10.01-03.22.48 ARTPREVIEW Cobble assets ready
2026.10.01-03.22.48 ARTPREVIEW board assets ready cobbleMesh=1 tiles=1 zoneMaterials=2
2026.10.01-03.22.48 ARTPREVIEW medusa candidate variant=face-neck-v2 mesh=SK_Medusa_FaceNeck_v2Candidate requested=(default)
2026.10.01-03.22.48 ARTPREVIEW map-image assets map=Marmoreal mi=MI_Marmoreal_MapBoard material=M_MapBoard bc=T_Marmoreal_Map_BC_4K mask=T_Marmoreal_Map_GameMask_4K boundBc=1 boundMask=1 sdf=-1 id=-1
2026.10.01-03.22.48 ARTPREVIEW board profile=marmoreal-original match=boardId board=7x6 boardId=c121b47f8d6eb28daccb76d05 surface=map-image light=marmoreal-night artFixture=0 map=Marmoreal
2026.10.01-03.22.48 ARTPREVIEW light profile=marmoreal-night name=key role=key kind=directional at=(-350,-150,600) intensity=3.5 units=lux radius=0 color=(0.62,0.72,0.95) shadow=1
2026.10.01-03.22.48 ARTPREVIEW light profile=marmoreal-night name=moon-pool role=cool kind=point at=(0,0,750) intensity=260 units=candelas radius=1250 color=(0.82,0.88,1.00) shadow=0
2026.10.01-03.22.48 ARTPREVIEW sky profile=marmoreal-night cubemap=/Game/S08/Render/TC_S08_AmbientDome loaded=1 spawned=1 intensity=3 color=(0.60,0.70,1.00) lowerBlack=0
2026.10.01-03.22.48 ARTPREVIEW fog profile=marmoreal-night spawned=1 color=(0.2000,0.2550,0.4600) density=0.32 falloff=0.2 heightZ=-400 start=2900 end=6000 maxOpacity=1.00 volumetric=0
2026.10.01-03.22.48 ARTPREVIEW exposure profile=marmoreal-night method=histogram-fixed min=4.14106 max=4.14106 bias=0.000 ev100=2.05 volume=1
2026.10.01-03.22.48 ARTPREVIEW lights applied profile=marmoreal-night directional=1 shadow=1 points=1 pointShadows=0 budgetOk=1
2026.10.01-03.22.48 ARTPREVIEW render profile=marmoreal-night units=candelas sky=1 exposure=1 keyShadow=csm-3600uu-2c-contact0.000 shadowCasters=1 legacyRender=0
2026.10.01-03.22.48 ARTPREVIEW map grade profile=marmoreal-night source=profile nightEV=-0.35 nightSaturation=0.75 lift=1.50 nightTint=(0.9700,1.0000,1.0500)
2026.10.01-03.22.48 ARTPREVIEW board active profile=marmoreal-original 7x6 surface=map-image map=Marmoreal spaces=31 links=42 starts=4 zoneKeys=8 multizone=21 triple=7 obstacles=11 size=891.3x577.3 src=1337x866 uuPerPx=0.6666667 frameUU=24 surfaceParts=4 corners=4 zoneMarks=0 lattice=0 pick=445.7x288.7 mi=MI_Marmoreal_MapBoard wood=1 expectOk=1
2026.10.01-03.22.48 ARTPREVIEW board map zone key=blue spaces=14 (painted, no zone marks)
2026.10.01-03.22.48 ARTPREVIEW board map zone key=brown spaces=7 (painted, no zone marks)
2026.10.01-03.22.48 ARTPREVIEW board map zone key=gray spaces=6 (painted, no zone marks)
2026.10.01-03.22.48 ARTPREVIEW board map zone key=green spaces=14 (painted, no zone marks)
2026.10.01-03.22.48 ARTPREVIEW board map zone key=purple spaces=5 (painted, no zone marks)
2026.10.01-03.22.48 ARTPREVIEW board map zone key=red spaces=4 (painted, no zone marks)
2026.10.01-03.22.48 ARTPREVIEW board map zone key=violet spaces=4 (painted, no zone marks)
2026.10.01-03.22.48 ARTPREVIEW board map zone key=yellow spaces=5 (painted, no zone marks)
2026.10.01-03.22.48 ARTPREVIEW envlayout prop id=portal mesh=SM_Env_Portal loc=(0.0,-420.0,-3.0) yaw=90.0 scale=1.450 shadow=1 size=186.0x71.9x217.5 bounds=(-93.0,-456.0,-3.0)..(93.0,-384.0,214.5) overMap=0 onTray=1
2026.10.01-03.22.48 ARTPREVIEW envlayout prop id=arcade-w1 mesh=SM_Env_ArcadeBay loc=(-169.2,-425.0,-3.0) yaw=90.0 scale=1.450 shadow=1 size=152.3x44.6x188.5 bounds=(-245.4,-447.3,-3.0)..(-93.0,-402.7,185.5) overMap=0 onTray=1
2026.10.01-03.22.48 ARTPREVIEW envlayout prop id=arcade-w2 mesh=SM_Env_ArcadeBay loc=(-321.5,-425.0,-3.0) yaw=90.0 scale=1.450 shadow=1 size=152.3x44.6x188.5 bounds=(-397.7,-447.3,-3.0)..(-245.3,-402.7,185.5) overMap=0 onTray=1
2026.10.01-03.22.48 ARTPREVIEW envlayout prop id=arcade-e1 mesh=SM_Env_ArcadeBay loc=(169.2,-425.0,-3.0) yaw=90.0 scale=1.450 shadow=1 size=152.3x44.6x188.5 bounds=(93.0,-447.3,-3.0)..(245.4,-402.7,185.5) overMap=0 onTray=1
2026.10.01-03.22.48 ARTPREVIEW envlayout prop id=arcade-e2 mesh=SM_Env_ArcadeBay loc=(321.5,-425.0,-3.0) yaw=90.0 scale=1.450 shadow=1 size=152.3x44.6x188.5 bounds=(245.3,-447.3,-3.0)..(397.7,-402.7,185.5) overMap=0 onTray=1
2026.10.01-03.22.48 ARTPREVIEW envlayout prop id=urn-w mesh=SM_Env_Urn loc=(-118.0,-372.0,-3.0) yaw=90.0 scale=1.000 shadow=1 size=34.3x23.6x35.0 bounds=(-135.2,-383.8,-3.0)..(-100.8,-360.2,32.0) overMap=0 onTray=1
2026.10.01-03.22.48 ARTPREVIEW envlayout prop id=cypress-nw mesh=SM_Env_Cypress loc=(-427.7,-440.0,-3.0) yaw=90.0 scale=1.300 shadow=1 size=45.6x41.1x143.0 bounds=(-450.5,-460.6,-3.0)..(-404.9,-419.4,140.0) overMap=0 onTray=1
2026.10.01-03.22.48 ARTPREVIEW envlayout prop id=lamp-nw mesh=SM_Env_LanternPlinth loc=(-520.0,-365.0,-3.0) yaw=90.0 scale=1.200 shadow=1 size=30.1x30.1x84.0 bounds=(-535.0,-380.0,-3.0)..(-505.0,-350.0,81.0) overMap=0 onTray=1
2026.10.01-03.22.48 ARTPREVIEW envlayout prop id=cherry-w mesh=SM_Env_Cherry loc=(-660.0,-170.0,-3.0) yaw=0.0 scale=1.400 shadow=1 size=198.7x257.0x252.0 bounds=(-759.3,-298.5,-3.0)..(-560.7,-41.5,249.0) overMap=0 onTray=1
2026.10.01-03.22.48 ARTPREVIEW envlayout prop id=lamp-w mesh=SM_Env_LanternPlinth loc=(-520.0,130.0,-3.0) yaw=90.0 scale=1.200 shadow=1 size=30.1x30.1x84.0 bounds=(-535.0,115.0,-3.0)..(-505.0,145.0,81.0) overMap=0 onTray=1
2026.10.01-03.22.48 ARTPREVIEW envlayout prop id=plinth-sw mesh=SM_Env_PlinthBall loc=(-525.0,368.0,-3.0) yaw=90.0 scale=1.000 shadow=1 size=25.7x25.7x60.0 bounds=(-537.9,355.1,-3.0)..(-512.1,380.9,57.0) overMap=0 onTray=1
2026.10.01-03.22.48 ARTPREVIEW envlayout prop id=urn-e mesh=SM_Env_Urn loc=(118.0,-372.0,-3.0) yaw=90.0 scale=1.000 shadow=1 size=34.3x23.6x35.0 bounds=(100.8,-383.8,-3.0)..(135.2,-360.2,32.0) overMap=0 onTray=1
2026.10.01-03.22.48 ARTPREVIEW envlayout prop id=cypress-ne mesh=SM_Env_Cypress loc=(427.7,-440.0,-3.0) yaw=90.0 scale=1.300 shadow=1 size=45.6x41.1x143.0 bounds=(404.9,-460.6,-3.0)..(450.5,-419.4,140.0) overMap=0 onTray=1
2026.10.01-03.22.48 ARTPREVIEW envlayout prop id=lamp-ne mesh=SM_Env_LanternPlinth loc=(520.0,-365.0,-3.0) yaw=90.0 scale=1.200 shadow=1 size=30.1x30.1x84.0 bounds=(505.0,-380.0,-3.0)..(535.0,-350.0,81.0) overMap=0 onTray=1
2026.10.01-03.22.48 ARTPREVIEW envlayout prop id=cherry-e mesh=SM_Env_Cherry loc=(660.0,-170.0,-3.0) yaw=180.0 scale=1.400 shadow=1 size=198.7x257.0x252.0 bounds=(560.7,-298.5,-3.0)..(759.3,-41.5,249.0) overMap=0 onTray=1
2026.10.01-03.22.48 ARTPREVIEW envlayout prop id=lamp-e mesh=SM_Env_LanternPlinth loc=(520.0,130.0,-3.0) yaw=90.0 scale=1.200 shadow=1 size=30.1x30.1x84.0 bounds=(505.0,115.0,-3.0)..(535.0,145.0,81.0) overMap=0 onTray=1
2026.10.01-03.22.48 ARTPREVIEW envlayout prop id=plinth-se mesh=SM_Env_PlinthBall loc=(525.0,368.0,-3.0) yaw=90.0 scale=1.000 shadow=1 size=25.7x25.7x60.0 bounds=(512.1,355.1,-3.0)..(537.9,380.9,57.0) overMap=0 onTray=1
2026.10.01-03.22.48 ARTPREVIEW envlayout light id=lamp-nw kind=point at=(-520.0,-365.0,105.0) intensity=60 units=candelas radius=480 color=#FFA552 shadow=0
2026.10.01-03.22.48 ARTPREVIEW envlayout light id=lamp-ne kind=point at=(520.0,-365.0,105.0) intensity=60 units=candelas radius=480 color=#FFA552 shadow=0
2026.10.01-03.22.48 ARTPREVIEW envlayout light id=lamp-w kind=point at=(-520.0,130.0,105.0) intensity=55 units=candelas radius=460 color=#FFA552 shadow=0
2026.10.01-03.22.48 ARTPREVIEW envlayout light id=lamp-e kind=point at=(520.0,130.0,105.0) intensity=55 units=candelas radius=460 color=#FFA552 shadow=0
2026.10.01-03.22.48 ARTPREVIEW envlayout light id=portal-glow kind=point at=(0.0,-380.0,120.0) intensity=55 units=candelas radius=380 color=#FFB066 shadow=0
2026.10.01-03.22.48 ARTPREVIEW envlayout ground map=marmoreal mode=runtime strips=4 material=MI_EnvGround_Marmoreal z=-1.0 outer=(-780.0,-515.0)..(780.0,425.0) hole=(-467.7,-310.7)..(467.7,310.7) splatRect=(-820.0,-560.0)..(820.0,470.0) splatCovers=1 areaUU2=885246 status=ok
2026.10.01-03.22.48 ARTPREVIEW envlayout map=marmoreal props=17 lights=5 missingMeshes=0 layoutProps=17 layoutLights=5 skippedMissing=0 skippedInsideMap=0 intrusions=0 outsideTray=0 outsideKit=0 shadowCasters=17 profilePoints=1 combinedPoints=6 combinedBudgetOk=1 tray=layout trayApronMismatch=0 profile=marmoreal-original boardId=c121b47f8d6eb28daccb76d05 file=Config/ArtBoards/EnvLayouts/marmoreal.layout.json sha256=3794cddb4d27f63d690320395502bdc5dee3e42576a12daa51231f5c2ce3e51f source=pak status=ok
2026.10.01-03.22.48 ARTPREVIEW envlayout tray map=marmoreal source=layout outerHalf=780.0x470.0 offsetY=-45.0 frameHalf=469.7x312.7 mesh=T2 t2Top=780.0x470.0 mismatchUU=0.0
2026.10.01-03.22.48 ARTPREVIEW diorama tray-t2 loaded mesh=/Game/PipelineCandidates/TableBase/T2/SM_TableBase_T2 mi=MI_TableBase_T2
2026.10.01-03.22.48 ARTPREVIEW diorama tray=/Game/PipelineCandidates/TableBase/T2/SM_TableBase_T2.SM_TableBase_T2 mi=MI_TableBase_T2 surface=map-image yaw=0.0 scale=1.000x1.000x1.000 bounds=(-802.0,-530.4,-179.5)..(802.0,440.4,1.5) size=1604.0x970.8x181.0 topZ=-3.0 boardHalf=469.7x312.7 rimUU=112.3 collision=none kind=T2 topHalf=780.0x470.0 layoutHalf=780.0x470.0 offset=(0.0,-45.0) source=layout mismatchUU=0.0 match=1 anisotropy=1.000 lipTopZ=1.5 lipBandUU=20.0
2026.10.01-03.22.48 CAMERA extents source=map-image half=445.7x288.7 dist=2340.2 fit=1872.2 k1Mul=1.250
2026.10.01-03.22.48 CAMERA dist=2340 loc=(0,1342,1917) pitch=-55 yaw=-90
2026.10.01-03.22.48 CAMERA config overview=2340.2 nearest=300.0 farthest=2880.2 zoomRange=0.81-7.80 fit=1872.2 k1Mul=1.250 minDist=300.0 outRatio=0.650 step=1.250 animMs=200 returnMs=300 followFrom=1.20 source=defaults issues=0
2026.10.01-03.22.48 BOARD 7x6 cells | control points: (0,0)=(-319,-228,0) (6,5)=(300,250,0) | neighbor pair (dist 89 uu)
2026.10.01-03.22.48 BOARD topology spaces=31 links=42 starts=3:M03,4:M11,1:M13,2:M31 frame=1337x866px uuPerPx=0.6667 radius=42.0uu (default)
2026.10.01-03.22.48 ARTPREVIEW team mapping mode=absolute source=seatOrder viewerTeam=P2 p1=f-0-hero,f-0-sk0,f-0-sk1,f-0-sk2 p2=f-1-hero,f-1-sk0
2026.10.01-03.22.48 ARTPREVIEW heroesV2 fighter=f-0-hero mesh=/Game/PipelineCandidates/Medusa/H2LD/Meshes/SK_Medusa_H2LD mi=/Game/PipelineCandidates/Medusa/H2LD/Materials/MI_Medusa_H2LD_P1 yaw=90.0 scale=0.9998 name=Medusa hero=1 look=P1 base=/Game/PipelineCandidates/Medusa/H2LD/Meshes/SM_Medusa_H2LD_Base baseMi=/Game/PipelineCandidates/Medusa/H2LD/Materials/MI_Medusa_H2LD_Base_P1 skeleton=/Game/PipelineCandidates/Medusa/Rig/SK_Medusa_Skeleton.SK_Medusa_Skeleton clips=4/4 boundsTop=55.00 figureTop=55.00 budget=55.0
2026.10.01-03.22.48 ARTPREVIEW click capsule fighter=f-0-hero mesh=SK_Medusa_H2LD physicsAsset=0 radius=11.6 halfHeight=27.5 top=55.0 bodyCollision=0 source=meshBounds
2026.10.01-03.22.48 ARTPREVIEW fighter=Medusa hero=1 eligible=0 visual=1 mesh=SK_Medusa_H2LD
2026.10.01-03.22.48 ARTPREVIEW team ring fighter=f-0-hero team=P1 look=P1 mode=absolute shape=circle shown=1 mesh=SM_Marker_TeamRing_P1 fill=#E8C06A keyline=#111317 fillLinear=(0.8070,0.5271,0.1441) zMin=0.60 zMax=1.20 scale=1.00 base=hidden blockout=0 art=1 rim=#FFFFFF
2026.10.01-03.22.48 ARTPREVIEW anim fighter=f-0-hero clip=Idle len=2.333 event=spawn loop=1 phase=0.8071 seq=-1 asset=AM_Medusa_Idle
2026.10.01-03.22.48 ARTPREVIEW heroesV2 fighter=f-0-sk0 mesh=/Game/PipelineCandidates/Harpy/H3LD/Meshes/SK_Harpy_H3LD mi=/Game/PipelineCandidates/Harpy/H3LD/Materials/MI_Harpy_H3LD_P1 yaw=90.0 scale=1.0000 name=Harpies hero=0 look=P1 base=/Game/PipelineCandidates/Harpy/H3LD/Meshes/SM_Harpy_H3LD_Base baseMi=/Game/PipelineCandidates/Harpy/H3LD/Materials/MI_Harpy_H3LD_Base_P1 skeleton=/Game/PipelineCandidates/Harpy/Rig/SK_Harpy_Skeleton.SK_Harpy_Skeleton clips=4/4 boundsTop=42.00 figureTop=42.00 budget=42.0
2026.10.01-03.22.48 ARTPREVIEW click capsule fighter=f-0-sk0 mesh=SK_Harpy_H3LD physicsAsset=0 radius=20.0 halfHeight=21.0 top=42.0 bodyCollision=0 source=meshBounds
2026.10.01-03.22.48 ARTPREVIEW team ring fighter=f-0-sk0 team=P1 look=P1 mode=absolute shape=circle shown=1 mesh=SM_Marker_TeamRing_P1 fill=#E8C06A keyline=#111317 fillLinear=(0.8070,0.5271,0.1441) zMin=0.60 zMax=1.20 scale=0.78 base=hidden blockout=0 art=1 rim=#FFFFFF
2026.10.01-03.22.48 ARTPREVIEW anim fighter=f-0-sk0 clip=Idle len=2.000 event=spawn loop=1 phase=0.6635 seq=-1 asset=AM_Harpy_Idle
2026.10.01-03.22.48 ARTPREVIEW heroesV2 fighter=f-0-sk1 mesh=/Game/PipelineCandidates/Harpy/H3LD/Meshes/SK_Harpy_H3LD mi=/Game/PipelineCandidates/Harpy/H3LD/Materials/MI_Harpy_H3LD_P1 yaw=270.0 scale=1.0000 name=Harpies hero=0 look=P1 base=/Game/PipelineCandidates/Harpy/H3LD/Meshes/SM_Harpy_H3LD_Base baseMi=/Game/PipelineCandidates/Harpy/H3LD/Materials/MI_Harpy_H3LD_Base_P1 skeleton=/Game/PipelineCandidates/Harpy/Rig/SK_Harpy_Skeleton.SK_Harpy_Skeleton clips=4/4 boundsTop=42.00 figureTop=42.00 budget=42.0
2026.10.01-03.22.48 ARTPREVIEW click capsule fighter=f-0-sk1 mesh=SK_Harpy_H3LD physicsAsset=0 radius=20.0 halfHeight=21.0 top=42.0 bodyCollision=0 source=meshBounds
2026.10.01-03.22.48 ARTPREVIEW team ring fighter=f-0-sk1 team=P1 look=P1 mode=absolute shape=circle shown=1 mesh=SM_Marker_TeamRing_P1 fill=#E8C06A keyline=#111317 fillLinear=(0.8070,0.5271,0.1441) zMin=0.60 zMax=1.20 scale=0.78 base=hidden blockout=0 art=1 rim=#FFFFFF
2026.10.01-03.22.48 ARTPREVIEW anim fighter=f-0-sk1 clip=Idle len=2.000 event=spawn loop=1 phase=0.9016 seq=-1 asset=AM_Harpy_Idle
2026.10.01-03.22.48 ARTPREVIEW heroesV2 fighter=f-0-sk2 mesh=/Game/PipelineCandidates/Harpy/H3LD/Meshes/SK_Harpy_H3LD mi=/Game/PipelineCandidates/Harpy/H3LD/Materials/MI_Harpy_H3LD_P1 yaw=90.0 scale=1.0000 name=Harpies hero=0 look=P1 base=/Game/PipelineCandidates/Harpy/H3LD/Meshes/SM_Harpy_H3LD_Base baseMi=/Game/PipelineCandidates/Harpy/H3LD/Materials/MI_Harpy_H3LD_Base_P1 skeleton=/Game/PipelineCandidates/Harpy/Rig/SK_Harpy_Skeleton.SK_Harpy_Skeleton clips=4/4 boundsTop=42.00 figureTop=42.00 budget=42.0
2026.10.01-03.22.48 ARTPREVIEW click capsule fighter=f-0-sk2 mesh=SK_Harpy_H3LD physicsAsset=0 radius=20.0 halfHeight=21.0 top=42.0 bodyCollision=0 source=meshBounds
2026.10.01-03.22.48 ARTPREVIEW team ring fighter=f-0-sk2 team=P1 look=P1 mode=absolute shape=circle shown=1 mesh=SM_Marker_TeamRing_P1 fill=#E8C06A keyline=#111317 fillLinear=(0.8070,0.5271,0.1441) zMin=0.60 zMax=1.20 scale=0.78 base=hidden blockout=0 art=1 rim=#FFFFFF
2026.10.01-03.22.48 ARTPREVIEW anim fighter=f-0-sk2 clip=Idle len=2.000 event=spawn loop=1 phase=0.1873 seq=-1 asset=AM_Harpy_Idle
2026.10.01-03.22.48 ARTPREVIEW heroesV2 fighter=f-1-hero mesh=/Game/PipelineCandidates/KingArthur/H2LD/Meshes/SK_KingArthur_H2LD mi=/Game/PipelineCandidates/KingArthur/H2LD/Materials/MI_KingArthur_H2LD_P2 yaw=270.0 scale=1.0000 name=King Arthur hero=1 look=P2 base=/Game/PipelineCandidates/KingArthur/H2LD/Meshes/SM_KingArthur_H2LD_Base baseMi=/Game/PipelineCandidates/KingArthur/H2LD/Materials/MI_KingArthur_H2LD_Base_P2 skeleton=/Game/PipelineCandidates/KingArthur/Rig/SK_KingArthur_Skeleton.SK_KingArthur_Skeleton clips=4/4 boundsTop=60.06 figureTop=55.00 budget=55.0
2026.10.01-03.22.48 ARTPREVIEW click capsule fighter=f-1-hero mesh=SK_KingArthur_H2LD physicsAsset=0 radius=12.8 halfHeight=30.0 top=60.1 bodyCollision=0 source=meshBounds
2026.10.01-03.22.48 ARTPREVIEW team ring fighter=f-1-hero team=P2 look=P2 mode=absolute shape=hexagon shown=1 mesh=SM_Marker_TeamRing_P2 fill=#5A7F9F keyline=#111317 fillLinear=(0.1022,0.2122,0.3467) zMin=0.60 zMax=1.20 scale=1.00 base=hidden blockout=0 art=1 rim=#FFFFFF
2026.10.01-03.22.48 ARTPREVIEW anim fighter=f-1-hero clip=Idle len=2.500 event=spawn loop=1 phase=0.3470 seq=-1 asset=AM_KingArthur_Idle
2026.10.01-03.22.48 ARTPREVIEW heroesV2 fighter=f-1-sk0 mesh=/Game/PipelineCandidates/Merlin/H2LD/Meshes/SK_Merlin_H2LD mi=/Game/PipelineCandidates/Merlin/H2LD/Materials/MI_Merlin_H2LD_P2 yaw=270.0 scale=1.0003 name=Merlin hero=0 look=P2 base=/Game/PipelineCandidates/Merlin/H2LD/Meshes/SM_Merlin_H2LD_Base baseMi=/Game/PipelineCandidates/Merlin/H2LD/Materials/MI_Merlin_H2LD_Base_P2 skeleton=/Game/PipelineCandidates/Merlin/Rig/SK_Merlin_Skeleton.SK_Merlin_Skeleton clips=4/4 boundsTop=49.44 figureTop=45.00 budget=45.0
2026.10.01-03.22.48 ARTPREVIEW click capsule fighter=f-1-sk0 mesh=SK_Merlin_H2LD physicsAsset=0 radius=10.5 halfHeight=24.7 top=49.4 bodyCollision=0 source=meshBounds
2026.10.01-03.22.48 ARTPREVIEW team ring fighter=f-1-sk0 team=P2 look=P2 mode=absolute shape=hexagon shown=1 mesh=SM_Marker_TeamRing_P2 fill=#5A7F9F keyline=#111317 fillLinear=(0.1022,0.2122,0.3467) zMin=0.60 zMax=1.20 scale=0.78 base=hidden blockout=0 art=1 rim=#FFFFFF
2026.10.01-03.22.48 ARTPREVIEW anim fighter=f-1-sk0 clip=Idle len=3.000 event=spawn loop=1 phase=0.8028 seq=-1 asset=AM_Merlin_Idle
2026.10.01-03.22.48 ARTPREVIEW heroesV2 summary fighters=6 mapped=6 v2=6
2026.10.01-03.22.48 FIGHTERS synced n=6 alive=6 own=2 enemy=4
2026.10.01-03.22.48 STATE seq=1 -> apply
2026.10.01-03.22.48 WS closed 1000 (normal closure)
2026.10.01-03.22.48 HUD art layer plate=1 iconSize=32 iconTexture=1 iconProbe=0 plan=0
2026.10.01-03.22.48 HUD art impl=umg plateViews=umg:/Game/S08/UI/ArtHud/WBP_S08ArtPlate iconViews=umg:/Game/S08/UI/ArtHud/WBP_S08ArtIcon textTable=S08ArtHud entries=13 missingKeys=0
2026.10.01-03.22.48 TAG fighter=f-1-hero bbox=(1646,261,1748,283) mode=compact look=P2 placement=above ring=0 hardPx2=0 softPx2=0 order=0 bound=1
2026.10.01-03.22.48 TAG fighter=f-1-sk0 bbox=(1184,362,1268,384) mode=compact look=P2 placement=above ring=0 hardPx2=0 softPx2=0 order=1 bound=1
2026.10.01-03.22.48 ARTPREVIEW screen labels=1 (world TextRender labels and damage text hidden)
2026.10.01-03.22.48 TAG fighter=f-0-hero bbox=(562,432,664,454) mode=compact look=P1 placement=right ring=0 hardPx2=0 softPx2=0 order=2 bound=1
2026.10.01-03.22.48 TAG fighter=f-0-sk0 bbox=(408,348,492,370) mode=compact look=P1 placement=left ring=0 hardPx2=0 softPx2=0 order=1 bound=1
2026.10.01-03.22.48 TAG fighter=f-0-sk1 bbox=(560,553,644,575) mode=compact look=P1 placement=right ring=0 hardPx2=0 softPx2=0 order=3 bound=1
2026.10.01-03.22.48 TAG fighter=f-0-sk2 bbox=(522,231,606,253) mode=compact look=P1 placement=above ring=0 hardPx2=0 softPx2=0 order=0 bound=1
2026.10.01-03.22.48 TAG fighter=f-1-hero bbox=(1086,680,1188,702) mode=compact look=P2 placement=left ring=0 hardPx2=0 softPx2=0 order=5 bound=1
2026.10.01-03.22.48 TAG fighter=f-1-sk0 bbox=(1258,553,1342,575) mode=compact look=P2 placement=above ring=0 hardPx2=0 softPx2=0 order=4 bound=1
2026.10.01-03.22.49 WS reconnect attempt
2026.10.01-03.22.49 SUBSCRIBED gameStateUpdated since=1
2026.10.01-03.22.49 WS reconnected - refetching gameState
2026.10.01-03.22.49 SNAPSHOT applied seq=1 phase=ACTION_MANEUVER
2026.10.01-03.22.49 HANDLE_APPLIED #2 seq=1 decision=1 fightersValid=1 boardValid=1
2026.10.01-03.22.49 MODE seq=1 mode=0 combat=0 pending=0
2026.10.01-03.22.49 HUD seq=1 phase=ACTION_MANEUVER turn=opp hand=5 oppHand=5(hidden) oppDeck=25 deck=25 discard=0
2026.10.01-03.22.49 ARTPREVIEW fighter=Medusa hero=1 eligible=0 visual=1 mesh=SK_Medusa_H2LD
2026.10.01-03.22.49 FIGHTERS synced n=6 alive=6 own=2 enemy=4
2026.10.01-03.22.49 STATE seq=1 -> merge
2026.10.01-03.22.49 SNAPSHOT applied seq=1 phase=ACTION_MANEUVER
2026.10.01-03.22.49 HANDLE_APPLIED #3 seq=1 decision=1 fightersValid=1 boardValid=1
2026.10.01-03.22.49 MODE seq=1 mode=0 combat=0 pending=0
2026.10.01-03.22.49 HUD seq=1 phase=ACTION_MANEUVER turn=opp hand=5 oppHand=5(hidden) oppDeck=25 deck=25 discard=0
2026.10.01-03.22.49 ARTPREVIEW fighter=Medusa hero=1 eligible=0 visual=1 mesh=SK_Medusa_H2LD
2026.10.01-03.22.49 FIGHTERS synced n=6 alive=6 own=2 enemy=4
2026.10.01-03.22.49 WS seq=1 phase=ACTION_MANEUVER (merge)
2026.10.01-03.22.49 TAG fighter=f-0-hero bbox=(562,432,664,454) mode=compact look=P1 placement=right ring=0 hardPx2=0 softPx2=0 order=2 bound=1
2026.10.01-03.22.49 TAG fighter=f-0-sk0 bbox=(408,348,492,370) mode=compact look=P1 placement=left ring=0 hardPx2=0 softPx2=0 order=1 bound=1
2026.10.01-03.22.49 TAG fighter=f-0-sk1 bbox=(560,553,644,575) mode=compact look=P1 placement=right ring=0 hardPx2=0 softPx2=0 order=3 bound=1
2026.10.01-03.22.49 TAG fighter=f-0-sk2 bbox=(522,231,606,253) mode=compact look=P1 placement=above ring=0 hardPx2=0 softPx2=0 order=0 bound=1
2026.10.01-03.22.49 TAG fighter=f-1-hero bbox=(1086,680,1188,702) mode=compact look=P2 placement=left ring=0 hardPx2=0 softPx2=0 order=5 bound=1
2026.10.01-03.22.49 TAG fighter=f-1-sk0 bbox=(1258,553,1342,575) mode=compact look=P2 placement=above ring=0 hardPx2=0 softPx2=0 order=4 bound=1
2026.10.01-03.22.51 game -> room=cmuoyxs4t001xwi9gnbp86ngl code=<redacted> status=IN_PROGRESS
2026.10.01-03.22.53 PERF window t=15.0-20.0 frames=148 fps=29.60 frameMs avg=33.78 p50=33.33 p95=33.33 p99=47.24 max=86.25 hitches50=1 gpuMs avg=2.37 p50=2.28 p95=2.70 gameMs avg=2.09 p95=1.88 renderMs avg=4.12 p95=4.30
2026.10.01-03.22.54 game -> room=cmuoyxs4t001xwi9gnbp86ngl code=<redacted> status=IN_PROGRESS
2026.10.01-03.22.57 game -> room=cmuoyxs4t001xwi9gnbp86ngl code=<redacted> status=IN_PROGRESS
2026.10.01-03.22.58 PERF window t=20.0-25.1 frames=151 fps=30.00 frameMs avg=33.33 p50=33.33 p95=33.33 p99=33.33 max=33.34 hitches50=0 gpuMs avg=2.34 p50=2.27 p95=2.52 gameMs avg=1.21 p95=1.44 renderMs avg=2.96 p95=3.56
2026.10.01-03.23.00 game -> room=cmuoyxs4t001xwi9gnbp86ngl code=<redacted> status=IN_PROGRESS
2026.10.01-03.23.03 game -> room=cmuoyxs4t001xwi9gnbp86ngl code=<redacted> status=IN_PROGRESS
2026.10.01-03.23.03 PERF window t=25.1-30.1 frames=151 fps=30.00 frameMs avg=33.33 p50=33.33 p95=33.33 p99=33.33 max=33.33 hitches50=0 gpuMs avg=2.33 p50=2.28 p95=2.52 gameMs avg=1.20 p95=1.45 renderMs avg=2.92 p95=3.57
2026.10.01-03.23.06 game -> room=cmuoyxs4t001xwi9gnbp86ngl code=<redacted> status=IN_PROGRESS
2026.10.01-03.23.08 PERF window t=30.1-35.1 frames=151 fps=30.00 frameMs avg=33.33 p50=33.33 p95=33.33 p99=33.35 max=33.36 hitches50=0 gpuMs avg=2.43 p50=2.30 p95=3.18 gameMs avg=1.26 p95=1.44 renderMs avg=2.90 p95=3.45
2026.10.01-03.23.09 SHOT ctx viewport=1920x1080 viewTarget=CameraActor_2147482310 cam=(0,1342,1917) rot=(-55,-90,0)
2026.10.01-03.23.09 RENDER tag=SHOT rhi=D3D12 featureLevel=SM6 shaderPlatform=PCD3D_SM6 lumenPlatform=1 gi=lumen giMethod=1 refl=lumen reflMethod=1 shadows=csm vsmEnable=0 sg.res=100 sg.view=2 sg.aa=2 sg.shadow=2 sg.gi=2 sg.refl=2 sg.pp=2 sg.tex=2 sg.fx=2 sg.foliage=2 sg.shading=2 sg.landscape=2 preset=High screenPct=100.0 screenPctMode=0 aa=TSR aaMethod=4 exposure=fixed-histogram expMin=4.14106 expMax=4.14106 expBias=0.000 ev100=2.05 lightUnits=candelas sky=1 skyIntensity=3.000 keyShadow=csm-3600uu-2c-contact0.000 shadowCasters=1 profile=marmoreal-night profilesSha256=aae181a4e6122bbe6f49a0f11122caf379c91b78f20b97140f96277038744230 profilesSource=pak legacyRender=0 gameLayer=unlit-eyeadaptinv tMaxFPS=30.0 vsync=0 frameRateLimit=60.0 substrate=0 nanite=1 meshDF=1 viewport=1920x1080 reference=1
2026.10.01-03.23.09 SHOT fighter f-0-hero pos=(0,2) world=(-341,-34,0) screen=(521,504) projected=1 alive=1
2026.10.01-03.23.09 SHOT fighter f-0-sk0 pos=(0,1) world=(-341,-132,0) screen=(531,403) projected=1 alive=1
2026.10.01-03.23.09 SHOT fighter f-0-sk1 pos=(0,3) world=(-328,63,0) screen=(527,608) projected=1 alive=1
2026.10.01-03.23.09 SHOT fighter f-0-sk2 pos=(0,0) world=(-319,-228,0) screen=(567,310) projected=1 alive=1
2026.10.01-03.23.09 SHOT fighter f-1-hero pos=(5,5) world=(198,194,0) screen=(1230,757) projected=1 alive=1
2026.10.01-03.23.09 SHOT fighter f-1-sk0 pos=(5,3) world=(253,91,0) screen=(1297,639) projected=1 alive=1
2026.10.01-03.23.09 SHOT camera dist=2340.2 target=2340.2 overview=2340.2 errPct=0.000 focusErr=0.00 settled=1 zoom=1.00
2026.10.01-03.23.09 SHOT head fighter=f-0-hero socket=Head mesh=SK_Medusa_H2LD world=(-341.3,-33.2,47.0) screen=(512.2,468.9) top=(511.2,464.3) bottom=(513.1,473.6) headPx=9.5 projected=1
2026.10.01-03.23.09 SHOT head fighter=f-0-sk0 socket=Head mesh=SK_Harpy_H3LD world=(-340.7,-127.0,34.0) screen=(525.0,382.4) top=(524.1,377.6) bottom=(525.9,387.1) headPx=9.6 projected=1
2026.10.01-03.23.09 SHOT head fighter=f-0-sk1 socket=Head mesh=SK_Harpy_H3LD world=(-327.9,58.0,34.2) screen=(521.9,577.3) top=(520.9,572.7) bottom=(522.8,581.8) headPx=9.2 projected=1
2026.10.01-03.23.09 SHOT head fighter=f-0-sk2 socket=Head mesh=SK_Harpy_H3LD world=(-319.4,-223.2,34.2) screen=(561.5,287.4) top=(560.7,282.5) bottom=(562.3,292.1) headPx=9.7 projected=1
2026.10.01-03.23.09 SHOT head fighter=f-1-hero socket=Head mesh=SK_KingArthur_H2LD world=(197.2,193.5,50.1) screen=(1234.4,720.6) top=(1235.0,716.2) bottom=(1233.8,724.9) headPx=8.9 projected=1
2026.10.01-03.23.09 SHOT head fighter=f-1-sk0 socket=Head mesh=SK_Merlin_H2LD world=(253.4,87.7,36.5) screen=(1301.3,608.5) top=(1302.1,604.0) bottom=(1300.6,613.0) headPx=9.1 projected=1
2026.10.01-03.23.09 SHOT figure fighter=f-0-hero bbox=(471,432,560,534) ringR=28.50 art=1 blockout=0 team=P1 look=P1 ring=1
2026.10.01-03.23.09 SHOT figure fighter=f-0-sk0 bbox=(494,348,561,426) ringR=22.23 art=1 blockout=0 team=P1 look=P1 ring=1
2026.10.01-03.23.09 SHOT figure fighter=f-0-sk1 bbox=(488,553,558,633) ringR=22.23 art=1 blockout=0 team=P1 look=P1 ring=1
2026.10.01-03.23.09 SHOT figure fighter=f-0-sk2 bbox=(532,255,597,331) ringR=22.23 art=1 blockout=0 team=P1 look=P1 ring=1
2026.10.01-03.23.09 SHOT figure fighter=f-1-hero bbox=(1190,680,1279,791) ringR=28.50 art=1 blockout=0 team=P2 look=P2 ring=1
2026.10.01-03.23.09 SHOT figure fighter=f-1-sk0 bbox=(1265,577,1335,664) ringR=22.23 art=1 blockout=0 team=P2 look=P2 ring=1
2026.10.01-03.23.09 SHOT request file=phase2-board-joiner-1920x1080.png frame=1078
2026.10.01-03.23.09 SHOT requested: FScreenshotRequest(bShowUI) -> C:\Users\ren\AppData\Local\Temp\s08-phase2-20261001-082226-56640\phase2-board-joiner-1920x1080.png
2026.10.01-03.23.09 SHOT captured file=phase2-board-joiner-1920x1080.png frame=1078 px=1920x1080 sha256=c1f9d60e25fa9e26e7c031ba5cafcd1ee6f532cb373d4fda337e1e086aa3690c order=BGRA saved=1
2026.10.01-03.23.09 SHOT late begin file=phase2-board-joiner-1920x1080.png frame=1078 requestFrame=1078
2026.10.01-03.23.09 SHOT iconstate visible=0 lastFighter=none frame=1078
2026.10.01-03.23.09 SHOT widget id=board.tag impl=umg state=compact fighter=f-0-hero bbox=(562,432,664,454) geom=painted visible=1 twin=0 source=/Game/S08/UI/ArtHud/WBP_S08ArtTag mode=compact look=P1 shape=circle placement=right ring=0 order=2 bound=1 softPx2=0 planned=(562,432,664,454) frame=1078
2026.10.01-03.23.09 SHOT widget id=board.tag.hp impl=umg state=compact fighter=f-0-hero bbox=(618,434,660,452) geom=painted visible=1 twin=0 source=/Game/S08/UI/ArtHud/WBP_S08ArtTag mode=compact look=P1 shape=circle placement=right ring=0 order=2 bound=1 softPx2=0 planned=(562,432,664,454) frame=1078 font=11
2026.10.01-03.23.09 SHOT widget id=board.tag.bar impl=umg state=compact fighter=f-0-hero bbox=(581,441,615,446) geom=painted visible=1 twin=0 source=/Game/S08/UI/ArtHud/WBP_S08ArtTag mode=compact look=P1 shape=circle placement=right ring=0 order=2 bound=1 softPx2=0 planned=(562,432,664,454) frame=1078
2026.10.01-03.23.09 SHOT widget id=board.tag.chip impl=umg state=compact fighter=f-0-hero bbox=(566,437,578,449) geom=painted visible=1 twin=0 source=/Game/S08/UI/ArtHud/WBP_S08ArtTag mode=compact look=P1 shape=circle placement=right ring=0 order=2 bound=1 softPx2=0 planned=(562,432,664,454) frame=1078
2026.10.01-03.23.09 SHOT widget id=board.tag impl=umg state=compact fighter=f-0-sk0 bbox=(408,348,492,370) geom=painted visible=1 twin=0 source=/Game/S08/UI/ArtHud/WBP_S08ArtTag mode=compact look=P1 shape=circle placement=left ring=0 order=1 bound=1 softPx2=0 planned=(408,348,492,370) frame=1078
2026.10.01-03.23.09 SHOT widget id=board.tag.hp impl=umg state=compact fighter=f-0-sk0 bbox=(464,350,488,368) geom=painted visible=1 twin=0 source=/Game/S08/UI/ArtHud/WBP_S08ArtTag mode=compact look=P1 shape=circle placement=left ring=0 order=1 bound=1 softPx2=0 planned=(408,348,492,370) frame=1078 font=11
2026.10.01-03.23.09 SHOT widget id=board.tag.bar impl=umg state=compact fighter=f-0-sk0 bbox=(427,357,461,362) geom=painted visible=1 twin=0 source=/Game/S08/UI/ArtHud/WBP_S08ArtTag mode=compact look=P1 shape=circle placement=left ring=0 order=1 bound=1 softPx2=0 planned=(408,348,492,370) frame=1078
2026.10.01-03.23.09 SHOT widget id=board.tag.chip impl=umg state=compact fighter=f-0-sk0 bbox=(412,353,424,365) geom=painted visible=1 twin=0 source=/Game/S08/UI/ArtHud/WBP_S08ArtTag mode=compact look=P1 shape=circle placement=left ring=0 order=1 bound=1 softPx2=0 planned=(408,348,492,370) frame=1078
2026.10.01-03.23.09 SHOT widget id=board.tag impl=umg state=compact fighter=f-0-sk1 bbox=(560,553,644,575) geom=painted visible=1 twin=0 source=/Game/S08/UI/ArtHud/WBP_S08ArtTag mode=compact look=P1 shape=circle placement=right ring=0 order=3 bound=1 softPx2=0 planned=(560,553,644,575) frame=1078
2026.10.01-03.23.09 SHOT widget id=board.tag.hp impl=umg state=compact fighter=f-0-sk1 bbox=(616,555,640,573) geom=painted visible=1 twin=0 source=/Game/S08/UI/ArtHud/WBP_S08ArtTag mode=compact look=P1 shape=circle placement=right ring=0 order=3 bound=1 softPx2=0 planned=(560,553,644,575) frame=1078 font=11
2026.10.01-03.23.09 SHOT widget id=board.tag.bar impl=umg state=compact fighter=f-0-sk1 bbox=(579,562,613,567) geom=painted visible=1 twin=0 source=/Game/S08/UI/ArtHud/WBP_S08ArtTag mode=compact look=P1 shape=circle placement=right ring=0 order=3 bound=1 softPx2=0 planned=(560,553,644,575) frame=1078
2026.10.01-03.23.09 SHOT widget id=board.tag.chip impl=umg state=compact fighter=f-0-sk1 bbox=(564,558,576,570) geom=painted visible=1 twin=0 source=/Game/S08/UI/ArtHud/WBP_S08ArtTag mode=compact look=P1 shape=circle placement=right ring=0 order=3 bound=1 softPx2=0 planned=(560,553,644,575) frame=1078
2026.10.01-03.23.09 SHOT widget id=board.tag impl=umg state=compact fighter=f-0-sk2 bbox=(522,231,606,253) geom=painted visible=1 twin=0 source=/Game/S08/UI/ArtHud/WBP_S08ArtTag mode=compact look=P1 shape=circle placement=above ring=0 order=0 bound=1 softPx2=0 planned=(522,231,606,253) frame=1078
2026.10.01-03.23.09 SHOT widget id=board.tag.hp impl=umg state=compact fighter=f-0-sk2 bbox=(578,233,602,251) geom=painted visible=1 twin=0 source=/Game/S08/UI/ArtHud/WBP_S08ArtTag mode=compact look=P1 shape=circle placement=above ring=0 order=0 bound=1 softPx2=0 planned=(522,231,606,253) frame=1078 font=11
2026.10.01-03.23.09 SHOT widget id=board.tag.bar impl=umg state=compact fighter=f-0-sk2 bbox=(541,240,575,245) geom=painted visible=1 twin=0 source=/Game/S08/UI/ArtHud/WBP_S08ArtTag mode=compact look=P1 shape=circle placement=above ring=0 order=0 bound=1 softPx2=0 planned=(522,231,606,253) frame=1078
2026.10.01-03.23.09 SHOT widget id=board.tag.chip impl=umg state=compact fighter=f-0-sk2 bbox=(526,236,538,248) geom=painted visible=1 twin=0 source=/Game/S08/UI/ArtHud/WBP_S08ArtTag mode=compact look=P1 shape=circle placement=above ring=0 order=0 bound=1 softPx2=0 planned=(522,231,606,253) frame=1078
2026.10.01-03.23.09 SHOT widget id=board.tag impl=umg state=compact fighter=f-1-hero bbox=(1086,680,1188,702) geom=painted visible=1 twin=0 source=/Game/S08/UI/ArtHud/WBP_S08ArtTag mode=compact look=P2 shape=hex placement=left ring=0 order=5 bound=1 softPx2=0 planned=(1086,680,1188,702) frame=1078
2026.10.01-03.23.09 SHOT widget id=board.tag.hp impl=umg state=compact fighter=f-1-hero bbox=(1142,682,1184,700) geom=painted visible=1 twin=0 source=/Game/S08/UI/ArtHud/WBP_S08ArtTag mode=compact look=P2 shape=hex placement=left ring=0 order=5 bound=1 softPx2=0 planned=(1086,680,1188,702) frame=1078 font=11
2026.10.01-03.23.09 SHOT widget id=board.tag.bar impl=umg state=compact fighter=f-1-hero bbox=(1105,689,1139,694) geom=painted visible=1 twin=0 source=/Game/S08/UI/ArtHud/WBP_S08ArtTag mode=compact look=P2 shape=hex placement=left ring=0 order=5 bound=1 softPx2=0 planned=(1086,680,1188,702) frame=1078
2026.10.01-03.23.09 SHOT widget id=board.tag.chip impl=umg state=compact fighter=f-1-hero bbox=(1090,685,1102,697) geom=painted visible=1 twin=0 source=/Game/S08/UI/ArtHud/WBP_S08ArtTag mode=compact look=P2 shape=hex placement=left ring=0 order=5 bound=1 softPx2=0 planned=(1086,680,1188,702) frame=1078
2026.10.01-03.23.09 SHOT widget id=board.tag impl=umg state=compact fighter=f-1-sk0 bbox=(1258,553,1342,575) geom=painted visible=1 twin=0 source=/Game/S08/UI/ArtHud/WBP_S08ArtTag mode=compact look=P2 shape=hex placement=above ring=0 order=4 bound=1 softPx2=0 planned=(1258,553,1342,575) frame=1078
2026.10.01-03.23.09 SHOT widget id=board.tag.hp impl=umg state=compact fighter=f-1-sk0 bbox=(1314,555,1338,573) geom=painted visible=1 twin=0 source=/Game/S08/UI/ArtHud/WBP_S08ArtTag mode=compact look=P2 shape=hex placement=above ring=0 order=4 bound=1 softPx2=0 planned=(1258,553,1342,575) frame=1078 font=11
2026.10.01-03.23.09 SHOT widget id=board.tag.bar impl=umg state=compact fighter=f-1-sk0 bbox=(1277,562,1311,567) geom=painted visible=1 twin=0 source=/Game/S08/UI/ArtHud/WBP_S08ArtTag mode=compact look=P2 shape=hex placement=above ring=0 order=4 bound=1 softPx2=0 planned=(1258,553,1342,575) frame=1078
2026.10.01-03.23.09 SHOT widget id=board.tag.chip impl=umg state=compact fighter=f-1-sk0 bbox=(1262,558,1274,570) geom=painted visible=1 twin=0 source=/Game/S08/UI/ArtHud/WBP_S08ArtTag mode=compact look=P2 shape=hex placement=above ring=0 order=4 bound=1 softPx2=0 planned=(1258,553,1342,575) frame=1078
2026.10.01-03.23.09 SHOT panel id=hud.command bbox=(0,0,393,69) geom=painted visible=1 frame=1078
2026.10.01-03.23.09 SHOT panel id=hud.side bbox=(1431,0,1920,121) geom=painted visible=1 frame=1078
2026.10.01-03.23.09 SHOT panel id=hud.hand bbox=(359,985,1562,1080) geom=painted visible=1 frame=1078
2026.10.01-03.23.09 SHOT late end file=phase2-board-joiner-1920x1080.png frame=1078
2026.10.01-03.23.09 game -> room=cmuoyxs4t001xwi9gnbp86ngl code=<redacted> status=IN_PROGRESS
2026.10.01-03.23.12 game -> room=cmuoyxs4t001xwi9gnbp86ngl code=<redacted> status=IN_PROGRESS
2026.10.01-03.23.13 PERF window t=35.1-40.1 frames=144 fps=28.77 frameMs avg=34.76 p50=33.33 p95=33.33 p99=33.36 max=238.36 hitches50=1 gpuMs avg=2.46 p50=2.42 p95=2.74 gameMs avg=2.66 p95=1.37 renderMs avg=2.78 p95=3.38
2026.10.01-03.23.15 game -> room=cmuoyxs4t001xwi9gnbp86ngl code=<redacted> status=IN_PROGRESS
2026.10.01-03.23.18 game -> room=cmuoyxs4t001xwi9gnbp86ngl code=<redacted> status=IN_PROGRESS
2026.10.01-03.23.18 PERF window t=40.1-45.2 frames=151 fps=30.00 frameMs avg=33.33 p50=33.33 p95=33.33 p99=33.33 max=33.34 hitches50=0 gpuMs avg=2.61 p50=2.62 p95=2.93 gameMs avg=1.14 p95=1.32 renderMs avg=2.81 p95=3.33
2026.10.01-03.23.21 game -> room=cmuoyxs4t001xwi9gnbp86ngl code=<redacted> status=IN_PROGRESS
2026.10.01-03.23.23 PERF summary scope=afterWarmup warmup=5 elapsed=50.0 frames=1343 fps=29.82 frameMs avg=33.54 p50=33.33 p95=33.33 p99=33.34 max=238.36 hitches50=2 gpuMs avg=2.36 p50=2.30 p95=3.29 gameMs avg=1.42 p95=1.42 renderMs avg=2.83 p95=3.53
2026.10.01-03.23.23 PERF summary scope=started elapsed=50.0 frames=1041 fps=29.77 frameMs avg=33.59 p50=33.33 p95=33.33 p99=33.34 max=238.36 hitches50=2 gpuMs avg=2.61 p50=2.44 p95=3.34 gameMs avg=1.52 p95=1.44 renderMs avg=3.04 p95=3.61
2026.10.01-03.23.23 PERF summary scope=artHud impl=umg elapsed=50.0 frames=0 fps=0.00 frameMs avg=0.00 p50=0.00 p95=0.00 p99=0.00 max=0.00 hitches50=0 gpuMs avg=0.00 p50=0.00 p95=0.00 gameMs avg=0.00 p95=0.00 renderMs avg=0.00 p95=0.00
2026.10.01-03.23.23 --- S08 trace close ---
