2026.10.01-03.22.28 --- S08 trace open 2026.10.01-03.22.28 ---
2026.10.01-03.22.28 HUD team chips ready=1 mode=absolute tagNames=rule
2026.10.01-03.22.28 HUD icon texture size=32 ready=1 path=/Game/ArtTests/ARTMarkers/Textures/T_UI_Action_AttackToken_32 texture=32x32 probe=0 plate=1
2026.10.01-03.22.28 HUD art widget tag impl=umg source=/Game/S08/UI/ArtHud/WBP_S08ArtTag class=/Game/S08/UI/ArtHud/WBP_S08ArtTag.WBP_S08ArtTag_C count=8 missing=- codeDefaultTree=0
2026.10.01-03.22.28 HUD art widget plate impl=umg source=/Game/S08/UI/ArtHud/WBP_S08ArtPlate class=/Game/S08/UI/ArtHud/WBP_S08ArtPlate.WBP_S08ArtPlate_C parts=1 missing=- codeDefaultTree=0
2026.10.01-03.22.28 HUD art widget icon impl=umg source=/Game/S08/UI/ArtHud/WBP_S08ArtIcon class=/Game/S08/UI/ArtHud/WBP_S08ArtIcon.WBP_S08ArtIcon_C parts=1 missing=- codeDefaultTree=0
2026.10.01-03.22.28 HUD art widget damage impl=umg source=/Game/S08/UI/ArtHud/WBP_S08ArtDamage class=/Game/S08/UI/ArtHud/WBP_S08ArtDamage.WBP_S08ArtDamage_C parts=1 missing=- codeDefaultTree=0
2026.10.01-03.22.28 RENDER preset applied=High flag=S08RenderPreset
2026.10.01-03.22.28 LOGIN ok user=art-preview-host
2026.10.01-03.22.31 HEROES loaded 84
2026.10.01-03.22.31 createGame -> room=cmuoyxs4t001xwi9gnbp86ngl code=<redacted> status=LOBBY
2026.10.01-03.22.33 PERF config tMaxFPS=30.0 frameRateLimit=60.0 vsync=0 smoothFrameRate=0 fixedFrameRate=0 rhi=D3D12
2026.10.01-03.22.33 RENDER tag=PERF rhi=D3D12 featureLevel=SM6 shaderPlatform=PCD3D_SM6 lumenPlatform=1 gi=lumen giMethod=1 refl=lumen reflMethod=1 shadows=csm vsmEnable=0 sg.res=100 sg.view=2 sg.aa=2 sg.shadow=2 sg.gi=2 sg.refl=2 sg.pp=2 sg.tex=2 sg.fx=2 sg.foliage=2 sg.shading=2 sg.landscape=2 preset=High screenPct=100.0 screenPctMode=0 aa=TSR aaMethod=4 exposure=engine-default expMin=1.00000 expMax=1.00000 expBias=1.000 ev100=0.00 lightUnits=- sky=0 skyIntensity=0.000 keyShadow=- shadowCasters=0 profile=- profilesSha256=- profilesSource=- legacyRender=0 gameLayer=unlit-eyeadaptinv tMaxFPS=30.0 vsync=0 frameRateLimit=60.0 substrate=0 nanite=1 meshDF=1 viewport=1920x1080 reference=0 notReference=noArtProfile,exposure,lightUnits,profilesSource
2026.10.01-03.22.33 PERF window t=0.0-5.0 frames=151 fps=30.00 frameMs avg=33.33 p50=33.33 p95=33.33 p99=33.33 max=33.33 hitches50=0 gpuMs avg=1.50 p50=1.33 p95=3.61 gameMs avg=1.17 p95=1.75 renderMs avg=2846.64 p95=4.19
2026.10.01-03.22.34 game -> room=cmuoyxs4t001xwi9gnbp86ngl code=<redacted> status=LOBBY
2026.10.01-03.22.34 selectHero -> room=cmuoyxs4t001xwi9gnbp86ngl code=<redacted> status=LOBBY
2026.10.01-03.22.37 game -> room=cmuoyxs4t001xwi9gnbp86ngl code=<redacted> status=LOBBY
2026.10.01-03.22.37 toggleReady -> room=cmuoyxs4t001xwi9gnbp86ngl code=<redacted> status=LOBBY
2026.10.01-03.22.38 PERF window t=5.0-10.0 frames=150 fps=30.00 frameMs avg=33.33 p50=33.33 p95=33.33 p99=33.35 max=33.36 hitches50=0 gpuMs avg=1.47 p50=1.36 p95=1.56 gameMs avg=1.11 p95=1.75 renderMs avg=2.29 p95=3.91
2026.10.01-03.22.40 game -> room=cmuoyxs4t001xwi9gnbp86ngl code=<redacted> status=LOBBY
2026.10.01-03.22.43 PERF window t=10.0-15.0 frames=150 fps=30.00 frameMs avg=33.33 p50=33.33 p95=33.33 p99=33.33 max=33.35 hitches50=0 gpuMs avg=1.54 p50=1.48 p95=1.74 gameMs avg=1.00 p95=1.18 renderMs avg=2.11 p95=2.49
2026.10.01-03.22.43 game -> room=cmuoyxs4t001xwi9gnbp86ngl code=<redacted> status=LOBBY
2026.10.01-03.22.46 game -> room=cmuoyxs4t001xwi9gnbp86ngl code=<redacted> status=LOBBY
2026.10.01-03.22.46 startGame -> room=cmuoyxs4t001xwi9gnbp86ngl code=<redacted> status=IN_PROGRESS
2026.10.01-03.22.46 SNAPSHOT applied seq=1 phase=ACTION_MANEUVER
2026.10.01-03.22.46 HANDLE_APPLIED #1 seq=1 decision=2 fightersValid=1 boardValid=1
2026.10.01-03.22.46 MODE seq=1 mode=0 combat=0 pending=0
2026.10.01-03.22.46 HUD seq=1 phase=ACTION_MANEUVER turn=you hand=5 oppHand=5(hidden) oppDeck=25 deck=25 discard=0
2026.10.01-03.22.46 ARTPREVIEW diorama requested mesh=/Game/PipelineCandidates/TableBase/20260928-table-base-tripo-h31/Meshes/SM_TableBase.SM_TableBase mi=MI_TableBase_Candidate
2026.10.01-03.22.46 ARTPREVIEW envlayout enabled dir=Config/ArtBoards/EnvLayouts source=pak files=2 names=marmoreal.layout.json+sarpedon.layout.json
2026.10.01-03.22.46 ARTPREVIEW board profiles loaded=1 revision=9 boards=5 zoneStyles=11 lightProfiles=5 errors=0 path=Config/ArtBoards/S08ArtBoardProfiles.json
2026.10.01-03.22.46 ARTPREVIEW board profiles source=pak sha256=aae181a4e6122bbe6f49a0f11122caf379c91b78f20b97140f96277038744230
2026.10.01-03.22.46 ARTPREVIEW zone content instances=12/12 glyphMeshes=11/11
2026.10.01-03.22.46 ARTPREVIEW zone keyline content mi=MI_ART005_Zone_Keyline glyphKeyMeshes=11/11 color=#111317
2026.10.01-03.22.46 ARTPREVIEW game layer material=M_S08_GameLayerUnlit unlitEyeAdaptInv=1 legacyRender=0
2026.10.01-03.22.46 ARTPREVIEW Cobble assets ready
2026.10.01-03.22.46 ARTPREVIEW board assets ready cobbleMesh=1 tiles=1 zoneMaterials=2
2026.10.01-03.22.46 ARTPREVIEW medusa candidate variant=face-neck-v2 mesh=SK_Medusa_FaceNeck_v2Candidate requested=(default)
2026.10.01-03.22.46 ARTPREVIEW map-image assets map=Marmoreal mi=MI_Marmoreal_MapBoard material=M_MapBoard bc=T_Marmoreal_Map_BC_4K mask=T_Marmoreal_Map_GameMask_4K boundBc=1 boundMask=1 sdf=-1 id=-1
2026.10.01-03.22.46 ARTPREVIEW board profile=marmoreal-original match=boardId board=7x6 boardId=c121b47f8d6eb28daccb76d05 surface=map-image light=marmoreal-night artFixture=0 map=Marmoreal
2026.10.01-03.22.46 ARTPREVIEW light profile=marmoreal-night name=key role=key kind=directional at=(-350,-150,600) intensity=3.5 units=lux radius=0 color=(0.62,0.72,0.95) shadow=1
2026.10.01-03.22.46 ARTPREVIEW light profile=marmoreal-night name=moon-pool role=cool kind=point at=(0,0,750) intensity=260 units=candelas radius=1250 color=(0.82,0.88,1.00) shadow=0
2026.10.01-03.22.46 ARTPREVIEW sky profile=marmoreal-night cubemap=/Game/S08/Render/TC_S08_AmbientDome loaded=1 spawned=1 intensity=3 color=(0.60,0.70,1.00) lowerBlack=0
2026.10.01-03.22.46 ARTPREVIEW fog profile=marmoreal-night spawned=1 color=(0.2000,0.2550,0.4600) density=0.32 falloff=0.2 heightZ=-400 start=2900 end=6000 maxOpacity=1.00 volumetric=0
2026.10.01-03.22.46 ARTPREVIEW exposure profile=marmoreal-night method=histogram-fixed min=4.14106 max=4.14106 bias=0.000 ev100=2.05 volume=1
2026.10.01-03.22.46 ARTPREVIEW lights applied profile=marmoreal-night directional=1 shadow=1 points=1 pointShadows=0 budgetOk=1
2026.10.01-03.22.46 ARTPREVIEW render profile=marmoreal-night units=candelas sky=1 exposure=1 keyShadow=csm-3600uu-2c-contact0.000 shadowCasters=1 legacyRender=0
2026.10.01-03.22.46 ARTPREVIEW map grade profile=marmoreal-night source=profile nightEV=-0.35 nightSaturation=0.75 lift=1.50 nightTint=(0.9700,1.0000,1.0500)
2026.10.01-03.22.46 ARTPREVIEW board active profile=marmoreal-original 7x6 surface=map-image map=Marmoreal spaces=31 links=42 starts=4 zoneKeys=8 multizone=21 triple=7 obstacles=11 size=891.3x577.3 src=1337x866 uuPerPx=0.6666667 frameUU=24 surfaceParts=4 corners=4 zoneMarks=0 lattice=0 pick=445.7x288.7 mi=MI_Marmoreal_MapBoard wood=1 expectOk=1
2026.10.01-03.22.46 ARTPREVIEW board map zone key=blue spaces=14 (painted, no zone marks)
2026.10.01-03.22.46 ARTPREVIEW board map zone key=brown spaces=7 (painted, no zone marks)
2026.10.01-03.22.46 ARTPREVIEW board map zone key=gray spaces=6 (painted, no zone marks)
2026.10.01-03.22.46 ARTPREVIEW board map zone key=green spaces=14 (painted, no zone marks)
2026.10.01-03.22.46 ARTPREVIEW board map zone key=purple spaces=5 (painted, no zone marks)
2026.10.01-03.22.46 ARTPREVIEW board map zone key=red spaces=4 (painted, no zone marks)
2026.10.01-03.22.46 ARTPREVIEW board map zone key=violet spaces=4 (painted, no zone marks)
2026.10.01-03.22.46 ARTPREVIEW board map zone key=yellow spaces=5 (painted, no zone marks)
2026.10.01-03.22.46 ARTPREVIEW envlayout prop id=portal mesh=SM_Env_Portal loc=(0.0,-420.0,-3.0) yaw=90.0 scale=1.450 shadow=1 size=186.0x71.9x217.5 bounds=(-93.0,-456.0,-3.0)..(93.0,-384.0,214.5) overMap=0 onTray=1
2026.10.01-03.22.46 ARTPREVIEW envlayout prop id=arcade-w1 mesh=SM_Env_ArcadeBay loc=(-169.2,-425.0,-3.0) yaw=90.0 scale=1.450 shadow=1 size=152.3x44.6x188.5 bounds=(-245.4,-447.3,-3.0)..(-93.0,-402.7,185.5) overMap=0 onTray=1
2026.10.01-03.22.46 ARTPREVIEW envlayout prop id=arcade-w2 mesh=SM_Env_ArcadeBay loc=(-321.5,-425.0,-3.0) yaw=90.0 scale=1.450 shadow=1 size=152.3x44.6x188.5 bounds=(-397.7,-447.3,-3.0)..(-245.3,-402.7,185.5) overMap=0 onTray=1
2026.10.01-03.22.46 ARTPREVIEW envlayout prop id=arcade-e1 mesh=SM_Env_ArcadeBay loc=(169.2,-425.0,-3.0) yaw=90.0 scale=1.450 shadow=1 size=152.3x44.6x188.5 bounds=(93.0,-447.3,-3.0)..(245.4,-402.7,185.5) overMap=0 onTray=1
2026.10.01-03.22.46 ARTPREVIEW envlayout prop id=arcade-e2 mesh=SM_Env_ArcadeBay loc=(321.5,-425.0,-3.0) yaw=90.0 scale=1.450 shadow=1 size=152.3x44.6x188.5 bounds=(245.3,-447.3,-3.0)..(397.7,-402.7,185.5) overMap=0 onTray=1
2026.10.01-03.22.46 ARTPREVIEW envlayout prop id=urn-w mesh=SM_Env_Urn loc=(-118.0,-372.0,-3.0) yaw=90.0 scale=1.000 shadow=1 size=34.3x23.6x35.0 bounds=(-135.2,-383.8,-3.0)..(-100.8,-360.2,32.0) overMap=0 onTray=1
2026.10.01-03.22.46 ARTPREVIEW envlayout prop id=cypress-nw mesh=SM_Env_Cypress loc=(-427.7,-440.0,-3.0) yaw=90.0 scale=1.300 shadow=1 size=45.6x41.1x143.0 bounds=(-450.5,-460.6,-3.0)..(-404.9,-419.4,140.0) overMap=0 onTray=1
2026.10.01-03.22.46 ARTPREVIEW envlayout prop id=lamp-nw mesh=SM_Env_LanternPlinth loc=(-520.0,-365.0,-3.0) yaw=90.0 scale=1.200 shadow=1 size=30.1x30.1x84.0 bounds=(-535.0,-380.0,-3.0)..(-505.0,-350.0,81.0) overMap=0 onTray=1
2026.10.01-03.22.46 ARTPREVIEW envlayout prop id=cherry-w mesh=SM_Env_Cherry loc=(-660.0,-170.0,-3.0) yaw=0.0 scale=1.400 shadow=1 size=198.7x257.0x252.0 bounds=(-759.3,-298.5,-3.0)..(-560.7,-41.5,249.0) overMap=0 onTray=1
2026.10.01-03.22.46 ARTPREVIEW envlayout prop id=lamp-w mesh=SM_Env_LanternPlinth loc=(-520.0,130.0,-3.0) yaw=90.0 scale=1.200 shadow=1 size=30.1x30.1x84.0 bounds=(-535.0,115.0,-3.0)..(-505.0,145.0,81.0) overMap=0 onTray=1
2026.10.01-03.22.46 ARTPREVIEW envlayout prop id=plinth-sw mesh=SM_Env_PlinthBall loc=(-525.0,368.0,-3.0) yaw=90.0 scale=1.000 shadow=1 size=25.7x25.7x60.0 bounds=(-537.9,355.1,-3.0)..(-512.1,380.9,57.0) overMap=0 onTray=1
2026.10.01-03.22.46 ARTPREVIEW envlayout prop id=urn-e mesh=SM_Env_Urn loc=(118.0,-372.0,-3.0) yaw=90.0 scale=1.000 shadow=1 size=34.3x23.6x35.0 bounds=(100.8,-383.8,-3.0)..(135.2,-360.2,32.0) overMap=0 onTray=1
2026.10.01-03.22.46 ARTPREVIEW envlayout prop id=cypress-ne mesh=SM_Env_Cypress loc=(427.7,-440.0,-3.0) yaw=90.0 scale=1.300 shadow=1 size=45.6x41.1x143.0 bounds=(404.9,-460.6,-3.0)..(450.5,-419.4,140.0) overMap=0 onTray=1
2026.10.01-03.22.46 ARTPREVIEW envlayout prop id=lamp-ne mesh=SM_Env_LanternPlinth loc=(520.0,-365.0,-3.0) yaw=90.0 scale=1.200 shadow=1 size=30.1x30.1x84.0 bounds=(505.0,-380.0,-3.0)..(535.0,-350.0,81.0) overMap=0 onTray=1
2026.10.01-03.22.46 ARTPREVIEW envlayout prop id=cherry-e mesh=SM_Env_Cherry loc=(660.0,-170.0,-3.0) yaw=180.0 scale=1.400 shadow=1 size=198.7x257.0x252.0 bounds=(560.7,-298.5,-3.0)..(759.3,-41.5,249.0) overMap=0 onTray=1
2026.10.01-03.22.46 ARTPREVIEW envlayout prop id=lamp-e mesh=SM_Env_LanternPlinth loc=(520.0,130.0,-3.0) yaw=90.0 scale=1.200 shadow=1 size=30.1x30.1x84.0 bounds=(505.0,115.0,-3.0)..(535.0,145.0,81.0) overMap=0 onTray=1
2026.10.01-03.22.46 ARTPREVIEW envlayout prop id=plinth-se mesh=SM_Env_PlinthBall loc=(525.0,368.0,-3.0) yaw=90.0 scale=1.000 shadow=1 size=25.7x25.7x60.0 bounds=(512.1,355.1,-3.0)..(537.9,380.9,57.0) overMap=0 onTray=1
2026.10.01-03.22.46 ARTPREVIEW envlayout light id=lamp-nw kind=point at=(-520.0,-365.0,105.0) intensity=60 units=candelas radius=480 color=#FFA552 shadow=0
2026.10.01-03.22.46 ARTPREVIEW envlayout light id=lamp-ne kind=point at=(520.0,-365.0,105.0) intensity=60 units=candelas radius=480 color=#FFA552 shadow=0
2026.10.01-03.22.46 ARTPREVIEW envlayout light id=lamp-w kind=point at=(-520.0,130.0,105.0) intensity=55 units=candelas radius=460 color=#FFA552 shadow=0
2026.10.01-03.22.46 ARTPREVIEW envlayout light id=lamp-e kind=point at=(520.0,130.0,105.0) intensity=55 units=candelas radius=460 color=#FFA552 shadow=0
2026.10.01-03.22.46 ARTPREVIEW envlayout light id=portal-glow kind=point at=(0.0,-380.0,120.0) intensity=55 units=candelas radius=380 color=#FFB066 shadow=0
2026.10.01-03.22.46 ARTPREVIEW envlayout ground map=marmoreal mode=runtime strips=4 material=MI_EnvGround_Marmoreal z=-1.0 outer=(-780.0,-515.0)..(780.0,425.0) hole=(-467.7,-310.7)..(467.7,310.7) splatRect=(-820.0,-560.0)..(820.0,470.0) splatCovers=1 areaUU2=885246 status=ok
2026.10.01-03.22.46 ARTPREVIEW envlayout map=marmoreal props=17 lights=5 missingMeshes=0 layoutProps=17 layoutLights=5 skippedMissing=0 skippedInsideMap=0 intrusions=0 outsideTray=0 outsideKit=0 shadowCasters=17 profilePoints=1 combinedPoints=6 combinedBudgetOk=1 tray=layout trayApronMismatch=0 profile=marmoreal-original boardId=c121b47f8d6eb28daccb76d05 file=Config/ArtBoards/EnvLayouts/marmoreal.layout.json sha256=3794cddb4d27f63d690320395502bdc5dee3e42576a12daa51231f5c2ce3e51f source=pak status=ok
2026.10.01-03.22.46 ARTPREVIEW envlayout tray map=marmoreal source=layout outerHalf=780.0x470.0 offsetY=-45.0 frameHalf=469.7x312.7 mesh=T2 t2Top=780.0x470.0 mismatchUU=0.0
2026.10.01-03.22.46 ARTPREVIEW diorama tray-t2 loaded mesh=/Game/PipelineCandidates/TableBase/T2/SM_TableBase_T2 mi=MI_TableBase_T2
2026.10.01-03.22.46 ARTPREVIEW diorama tray=/Game/PipelineCandidates/TableBase/T2/SM_TableBase_T2.SM_TableBase_T2 mi=MI_TableBase_T2 surface=map-image yaw=0.0 scale=1.000x1.000x1.000 bounds=(-802.0,-530.4,-179.5)..(802.0,440.4,1.5) size=1604.0x970.8x181.0 topZ=-3.0 boardHalf=469.7x312.7 rimUU=112.3 collision=none kind=T2 topHalf=780.0x470.0 layoutHalf=780.0x470.0 offset=(0.0,-45.0) source=layout mismatchUU=0.0 match=1 anisotropy=1.000 lipTopZ=1.5 lipBandUU=20.0
2026.10.01-03.22.46 CAMERA extents source=map-image half=445.7x288.7 dist=2340.2 fit=1872.2 k1Mul=1.250
2026.10.01-03.22.46 CAMERA dist=2340 loc=(0,1342,1917) pitch=-55 yaw=-90
2026.10.01-03.22.46 CAMERA config overview=2340.2 nearest=300.0 farthest=2880.2 zoomRange=0.81-7.80 fit=1872.2 k1Mul=1.250 minDist=300.0 outRatio=0.650 step=1.250 animMs=200 returnMs=300 followFrom=1.20 source=defaults issues=0
2026.10.01-03.22.46 BOARD 7x6 cells | control points: (0,0)=(-319,-228,0) (6,5)=(300,250,0) | neighbor pair (dist 89 uu)
2026.10.01-03.22.46 BOARD topology spaces=31 links=42 starts=3:M03,4:M11,1:M13,2:M31 frame=1337x866px uuPerPx=0.6667 radius=42.0uu (default)
2026.10.01-03.22.46 ARTPREVIEW team mapping mode=absolute source=seatOrder viewerTeam=P1 p1=f-0-hero,f-0-sk0,f-0-sk1,f-0-sk2 p2=f-1-hero,f-1-sk0
2026.10.01-03.22.46 ARTPREVIEW heroesV2 fighter=f-0-hero mesh=/Game/PipelineCandidates/Medusa/H2LD/Meshes/SK_Medusa_H2LD mi=/Game/PipelineCandidates/Medusa/H2LD/Materials/MI_Medusa_H2LD_P1 yaw=90.0 scale=0.9998 name=Medusa hero=1 look=P1 base=/Game/PipelineCandidates/Medusa/H2LD/Meshes/SM_Medusa_H2LD_Base baseMi=/Game/PipelineCandidates/Medusa/H2LD/Materials/MI_Medusa_H2LD_Base_P1 skeleton=/Game/PipelineCandidates/Medusa/Rig/SK_Medusa_Skeleton.SK_Medusa_Skeleton clips=4/4 boundsTop=55.00 figureTop=55.00 budget=55.0
2026.10.01-03.22.46 ARTPREVIEW click capsule fighter=f-0-hero mesh=SK_Medusa_H2LD physicsAsset=0 radius=11.6 halfHeight=27.5 top=55.0 bodyCollision=0 source=meshBounds
2026.10.01-03.22.46 ARTPREVIEW fighter=Medusa hero=1 eligible=0 visual=1 mesh=SK_Medusa_H2LD
2026.10.01-03.22.46 ARTPREVIEW team ring fighter=f-0-hero team=P1 look=P1 mode=absolute shape=circle shown=1 mesh=SM_Marker_TeamRing_P1 fill=#E8C06A keyline=#111317 fillLinear=(0.8070,0.5271,0.1441) zMin=0.60 zMax=1.20 scale=1.00 base=hidden blockout=0 art=1 rim=#FFFFFF
2026.10.01-03.22.46 ARTPREVIEW anim fighter=f-0-hero clip=Idle len=2.333 event=spawn loop=1 phase=0.8071 seq=-1 asset=AM_Medusa_Idle
2026.10.01-03.22.46 ARTPREVIEW heroesV2 fighter=f-0-sk0 mesh=/Game/PipelineCandidates/Harpy/H3LD/Meshes/SK_Harpy_H3LD mi=/Game/PipelineCandidates/Harpy/H3LD/Materials/MI_Harpy_H3LD_P1 yaw=90.0 scale=1.0000 name=Harpies hero=0 look=P1 base=/Game/PipelineCandidates/Harpy/H3LD/Meshes/SM_Harpy_H3LD_Base baseMi=/Game/PipelineCandidates/Harpy/H3LD/Materials/MI_Harpy_H3LD_Base_P1 skeleton=/Game/PipelineCandidates/Harpy/Rig/SK_Harpy_Skeleton.SK_Harpy_Skeleton clips=4/4 boundsTop=42.00 figureTop=42.00 budget=42.0
2026.10.01-03.22.46 ARTPREVIEW click capsule fighter=f-0-sk0 mesh=SK_Harpy_H3LD physicsAsset=0 radius=20.0 halfHeight=21.0 top=42.0 bodyCollision=0 source=meshBounds
2026.10.01-03.22.46 ARTPREVIEW team ring fighter=f-0-sk0 team=P1 look=P1 mode=absolute shape=circle shown=1 mesh=SM_Marker_TeamRing_P1 fill=#E8C06A keyline=#111317 fillLinear=(0.8070,0.5271,0.1441) zMin=0.60 zMax=1.20 scale=0.78 base=hidden blockout=0 art=1 rim=#FFFFFF
2026.10.01-03.22.46 ARTPREVIEW anim fighter=f-0-sk0 clip=Idle len=2.000 event=spawn loop=1 phase=0.6635 seq=-1 asset=AM_Harpy_Idle
2026.10.01-03.22.46 ARTPREVIEW heroesV2 fighter=f-0-sk1 mesh=/Game/PipelineCandidates/Harpy/H3LD/Meshes/SK_Harpy_H3LD mi=/Game/PipelineCandidates/Harpy/H3LD/Materials/MI_Harpy_H3LD_P1 yaw=270.0 scale=1.0000 name=Harpies hero=0 look=P1 base=/Game/PipelineCandidates/Harpy/H3LD/Meshes/SM_Harpy_H3LD_Base baseMi=/Game/PipelineCandidates/Harpy/H3LD/Materials/MI_Harpy_H3LD_Base_P1 skeleton=/Game/PipelineCandidates/Harpy/Rig/SK_Harpy_Skeleton.SK_Harpy_Skeleton clips=4/4 boundsTop=42.00 figureTop=42.00 budget=42.0
2026.10.01-03.22.46 ARTPREVIEW click capsule fighter=f-0-sk1 mesh=SK_Harpy_H3LD physicsAsset=0 radius=20.0 halfHeight=21.0 top=42.0 bodyCollision=0 source=meshBounds
2026.10.01-03.22.46 ARTPREVIEW team ring fighter=f-0-sk1 team=P1 look=P1 mode=absolute shape=circle shown=1 mesh=SM_Marker_TeamRing_P1 fill=#E8C06A keyline=#111317 fillLinear=(0.8070,0.5271,0.1441) zMin=0.60 zMax=1.20 scale=0.78 base=hidden blockout=0 art=1 rim=#FFFFFF
2026.10.01-03.22.46 ARTPREVIEW anim fighter=f-0-sk1 clip=Idle len=2.000 event=spawn loop=1 phase=0.9016 seq=-1 asset=AM_Harpy_Idle
2026.10.01-03.22.46 ARTPREVIEW heroesV2 fighter=f-0-sk2 mesh=/Game/PipelineCandidates/Harpy/H3LD/Meshes/SK_Harpy_H3LD mi=/Game/PipelineCandidates/Harpy/H3LD/Materials/MI_Harpy_H3LD_P1 yaw=90.0 scale=1.0000 name=Harpies hero=0 look=P1 base=/Game/PipelineCandidates/Harpy/H3LD/Meshes/SM_Harpy_H3LD_Base baseMi=/Game/PipelineCandidates/Harpy/H3LD/Materials/MI_Harpy_H3LD_Base_P1 skeleton=/Game/PipelineCandidates/Harpy/Rig/SK_Harpy_Skeleton.SK_Harpy_Skeleton clips=4/4 boundsTop=42.00 figureTop=42.00 budget=42.0
2026.10.01-03.22.46 ARTPREVIEW click capsule fighter=f-0-sk2 mesh=SK_Harpy_H3LD physicsAsset=0 radius=20.0 halfHeight=21.0 top=42.0 bodyCollision=0 source=meshBounds
2026.10.01-03.22.46 ARTPREVIEW team ring fighter=f-0-sk2 team=P1 look=P1 mode=absolute shape=circle shown=1 mesh=SM_Marker_TeamRing_P1 fill=#E8C06A keyline=#111317 fillLinear=(0.8070,0.5271,0.1441) zMin=0.60 zMax=1.20 scale=0.78 base=hidden blockout=0 art=1 rim=#FFFFFF
2026.10.01-03.22.46 ARTPREVIEW anim fighter=f-0-sk2 clip=Idle len=2.000 event=spawn loop=1 phase=0.1873 seq=-1 asset=AM_Harpy_Idle
2026.10.01-03.22.46 ARTPREVIEW heroesV2 fighter=f-1-hero mesh=/Game/PipelineCandidates/KingArthur/H2LD/Meshes/SK_KingArthur_H2LD mi=/Game/PipelineCandidates/KingArthur/H2LD/Materials/MI_KingArthur_H2LD_P2 yaw=270.0 scale=1.0000 name=King Arthur hero=1 look=P2 base=/Game/PipelineCandidates/KingArthur/H2LD/Meshes/SM_KingArthur_H2LD_Base baseMi=/Game/PipelineCandidates/KingArthur/H2LD/Materials/MI_KingArthur_H2LD_Base_P2 skeleton=/Game/PipelineCandidates/KingArthur/Rig/SK_KingArthur_Skeleton.SK_KingArthur_Skeleton clips=4/4 boundsTop=60.06 figureTop=55.00 budget=55.0
2026.10.01-03.22.46 ARTPREVIEW click capsule fighter=f-1-hero mesh=SK_KingArthur_H2LD physicsAsset=0 radius=12.8 halfHeight=30.0 top=60.1 bodyCollision=0 source=meshBounds
2026.10.01-03.22.46 ARTPREVIEW team ring fighter=f-1-hero team=P2 look=P2 mode=absolute shape=hexagon shown=1 mesh=SM_Marker_TeamRing_P2 fill=#5A7F9F keyline=#111317 fillLinear=(0.1022,0.2122,0.3467) zMin=0.60 zMax=1.20 scale=1.00 base=hidden blockout=0 art=1 rim=#FFFFFF
2026.10.01-03.22.46 ARTPREVIEW anim fighter=f-1-hero clip=Idle len=2.500 event=spawn loop=1 phase=0.3470 seq=-1 asset=AM_KingArthur_Idle
2026.10.01-03.22.46 ARTPREVIEW heroesV2 fighter=f-1-sk0 mesh=/Game/PipelineCandidates/Merlin/H2LD/Meshes/SK_Merlin_H2LD mi=/Game/PipelineCandidates/Merlin/H2LD/Materials/MI_Merlin_H2LD_P2 yaw=270.0 scale=1.0003 name=Merlin hero=0 look=P2 base=/Game/PipelineCandidates/Merlin/H2LD/Meshes/SM_Merlin_H2LD_Base baseMi=/Game/PipelineCandidates/Merlin/H2LD/Materials/MI_Merlin_H2LD_Base_P2 skeleton=/Game/PipelineCandidates/Merlin/Rig/SK_Merlin_Skeleton.SK_Merlin_Skeleton clips=4/4 boundsTop=49.44 figureTop=45.00 budget=45.0
2026.10.01-03.22.46 ARTPREVIEW click capsule fighter=f-1-sk0 mesh=SK_Merlin_H2LD physicsAsset=0 radius=10.5 halfHeight=24.7 top=49.4 bodyCollision=0 source=meshBounds
2026.10.01-03.22.46 ARTPREVIEW team ring fighter=f-1-sk0 team=P2 look=P2 mode=absolute shape=hexagon shown=1 mesh=SM_Marker_TeamRing_P2 fill=#5A7F9F keyline=#111317 fillLinear=(0.1022,0.2122,0.3467) zMin=0.60 zMax=1.20 scale=0.78 base=hidden blockout=0 art=1 rim=#FFFFFF
2026.10.01-03.22.46 ARTPREVIEW anim fighter=f-1-sk0 clip=Idle len=3.000 event=spawn loop=1 phase=0.8028 seq=-1 asset=AM_Merlin_Idle
2026.10.01-03.22.46 ARTPREVIEW heroesV2 summary fighters=6 mapped=6 v2=6
2026.10.01-03.22.46 FIGHTERS synced n=6 alive=6 own=4 enemy=2
2026.10.01-03.22.46 STATE seq=1 -> apply
2026.10.01-03.22.46 HUD art layer plate=1 iconSize=32 iconTexture=1 iconProbe=0 plan=0
2026.10.01-03.22.46 HUD art impl=umg plateViews=umg:/Game/S08/UI/ArtHud/WBP_S08ArtPlate iconViews=umg:/Game/S08/UI/ArtHud/WBP_S08ArtIcon textTable=S08ArtHud entries=13 missingKeys=0
2026.10.01-03.22.46 TAG fighter=f-1-hero bbox=(1646,261,1748,283) mode=compact look=P2 placement=above ring=0 hardPx2=0 softPx2=0 order=0 bound=1
2026.10.01-03.22.46 TAG fighter=f-1-sk0 bbox=(1184,362,1268,384) mode=compact look=P2 placement=above ring=0 hardPx2=0 softPx2=0 order=1 bound=1
2026.10.01-03.22.46 ARTPREVIEW screen labels=1 (world TextRender labels and damage text hidden)
2026.10.01-03.22.46 SUBSCRIBED gameStateUpdated since=1
2026.10.01-03.22.46 TAG fighter=f-0-hero bbox=(562,432,664,454) mode=compact look=P1 placement=right ring=0 hardPx2=0 softPx2=0 order=2 bound=1
2026.10.01-03.22.46 TAG fighter=f-0-sk0 bbox=(408,348,492,370) mode=compact look=P1 placement=left ring=0 hardPx2=0 softPx2=0 order=1 bound=1
2026.10.01-03.22.46 TAG fighter=f-0-sk1 bbox=(560,553,644,575) mode=compact look=P1 placement=right ring=0 hardPx2=0 softPx2=0 order=3 bound=1
2026.10.01-03.22.46 TAG fighter=f-0-sk2 bbox=(522,231,606,253) mode=compact look=P1 placement=above ring=0 hardPx2=0 softPx2=0 order=0 bound=1
2026.10.01-03.22.46 TAG fighter=f-1-hero bbox=(1086,680,1188,702) mode=compact look=P2 placement=left ring=0 hardPx2=0 softPx2=0 order=5 bound=1
2026.10.01-03.22.46 TAG fighter=f-1-sk0 bbox=(1258,553,1342,575) mode=compact look=P2 placement=above ring=0 hardPx2=0 softPx2=0 order=4 bound=1
2026.10.01-03.22.46 SNAPSHOT applied seq=1 phase=ACTION_MANEUVER
2026.10.01-03.22.46 HANDLE_APPLIED #2 seq=1 decision=1 fightersValid=1 boardValid=1
2026.10.01-03.22.46 MODE seq=1 mode=0 combat=0 pending=0
2026.10.01-03.22.46 HUD seq=1 phase=ACTION_MANEUVER turn=you hand=5 oppHand=5(hidden) oppDeck=25 deck=25 discard=0
2026.10.01-03.22.46 ARTPREVIEW fighter=Medusa hero=1 eligible=0 visual=1 mesh=SK_Medusa_H2LD
2026.10.01-03.22.46 FIGHTERS synced n=6 alive=6 own=4 enemy=2
2026.10.01-03.22.46 WS seq=1 phase=ACTION_MANEUVER (merge)
2026.10.01-03.22.46 TAG fighter=f-0-hero bbox=(562,432,664,454) mode=compact look=P1 placement=right ring=0 hardPx2=0 softPx2=0 order=2 bound=1
2026.10.01-03.22.46 TAG fighter=f-0-sk0 bbox=(408,348,492,370) mode=compact look=P1 placement=left ring=0 hardPx2=0 softPx2=0 order=1 bound=1
2026.10.01-03.22.46 TAG fighter=f-0-sk1 bbox=(560,553,644,575) mode=compact look=P1 placement=right ring=0 hardPx2=0 softPx2=0 order=3 bound=1
2026.10.01-03.22.46 TAG fighter=f-0-sk2 bbox=(522,231,606,253) mode=compact look=P1 placement=above ring=0 hardPx2=0 softPx2=0 order=0 bound=1
2026.10.01-03.22.46 TAG fighter=f-1-hero bbox=(1086,680,1188,702) mode=compact look=P2 placement=left ring=0 hardPx2=0 softPx2=0 order=5 bound=1
2026.10.01-03.22.46 TAG fighter=f-1-sk0 bbox=(1258,553,1342,575) mode=compact look=P2 placement=above ring=0 hardPx2=0 softPx2=0 order=4 bound=1
2026.10.01-03.22.48 PERF window t=15.0-20.1 frames=149 fps=29.62 frameMs avg=33.76 p50=33.33 p95=33.33 p99=37.97 max=92.17 hitches50=1 gpuMs avg=1.98 p50=1.50 p95=3.14 gameMs avg=1.83 p95=1.43 renderMs avg=3.34 p95=3.37
2026.10.01-03.22.49 game -> room=cmuoyxs4t001xwi9gnbp86ngl code=<redacted> status=IN_PROGRESS
2026.10.01-03.22.52 game -> room=cmuoyxs4t001xwi9gnbp86ngl code=<redacted> status=IN_PROGRESS
2026.10.01-03.22.53 PERF window t=20.1-25.1 frames=151 fps=30.00 frameMs avg=33.33 p50=33.33 p95=33.33 p99=33.34 max=33.36 hitches50=0 gpuMs avg=2.37 p50=2.28 p95=2.71 gameMs avg=1.28 p95=1.71 renderMs avg=3.12 p95=4.08
2026.10.01-03.22.55 game -> room=cmuoyxs4t001xwi9gnbp86ngl code=<redacted> status=IN_PROGRESS
2026.10.01-03.22.58 game -> room=cmuoyxs4t001xwi9gnbp86ngl code=<redacted> status=IN_PROGRESS
2026.10.01-03.22.58 PERF window t=25.1-30.1 frames=151 fps=30.00 frameMs avg=33.33 p50=33.33 p95=33.33 p99=33.33 max=33.34 hitches50=0 gpuMs avg=2.34 p50=2.28 p95=2.55 gameMs avg=1.20 p95=1.39 renderMs avg=3.00 p95=3.45
2026.10.01-03.23.01 game -> room=cmuoyxs4t001xwi9gnbp86ngl code=<redacted> status=IN_PROGRESS
2026.10.01-03.23.02 ARTPREVIEW selection ring shown fighter=Medusa mesh=SM_Marker_SelectionRing
2026.10.01-03.23.02 ARTPREVIEW reachable rings cells=8 placed=1 radiusUU=36 segments=12
2026.10.01-03.23.02 ARTPREVIEW selection ownHero=1 selected=1 fighter=Medusa reachable=9 fighterId=f-0-hero
2026.10.01-03.23.02 INPUT select src=flag fighter=f-0-hero flag=ArtPreviewSelectOwnHero
2026.10.01-03.23.02 HUD plate content fighter=f-0-hero name=Medusa hp=16/16 team=own statuses=HERO  |  RANGED teamSlot=P1 look=P1 shape=circle chip=#DAC576
2026.10.01-03.23.02 PLATE fighter=f-0-hero bbox=(293,444,465,498) overlapReachable=0 placement=left ring=0 gap=6 selection=f-0-hero destinations=8 clean=1 softPx2=0 tested=114 bound=1
2026.10.01-03.23.02 TAG fighter=f-0-sk0 bbox=(408,348,492,370) mode=compact look=P1 placement=left ring=0 hardPx2=0 softPx2=0 order=1 bound=1
2026.10.01-03.23.02 TAG fighter=f-0-sk1 bbox=(560,553,644,575) mode=compact look=P1 placement=right ring=0 hardPx2=0 softPx2=0 order=2 bound=1
2026.10.01-03.23.02 TAG fighter=f-0-sk2 bbox=(522,231,606,253) mode=compact look=P1 placement=above ring=0 hardPx2=0 softPx2=0 order=0 bound=1
2026.10.01-03.23.02 TAG fighter=f-1-hero bbox=(1086,680,1188,702) mode=compact look=P2 placement=left ring=0 hardPx2=0 softPx2=0 order=4 bound=1
2026.10.01-03.23.02 TAG fighter=f-1-sk0 bbox=(1258,553,1342,575) mode=compact look=P2 placement=above ring=0 hardPx2=0 softPx2=0 order=3 bound=1
2026.10.01-03.23.03 PERF window t=30.1-35.2 frames=151 fps=30.00 frameMs avg=33.33 p50=33.33 p95=33.33 p99=33.34 max=33.35 hitches50=0 gpuMs avg=2.33 p50=2.28 p95=2.54 gameMs avg=1.25 p95=1.46 renderMs avg=2.90 p95=3.45
2026.10.01-03.23.04 SHOT ctx viewport=1920x1080 viewTarget=CameraActor_2147482310 cam=(0,1342,1917) rot=(-55,-90,0)
2026.10.01-03.23.04 RENDER tag=SHOT rhi=D3D12 featureLevel=SM6 shaderPlatform=PCD3D_SM6 lumenPlatform=1 gi=lumen giMethod=1 refl=lumen reflMethod=1 shadows=csm vsmEnable=0 sg.res=100 sg.view=2 sg.aa=2 sg.shadow=2 sg.gi=2 sg.refl=2 sg.pp=2 sg.tex=2 sg.fx=2 sg.foliage=2 sg.shading=2 sg.landscape=2 preset=High screenPct=100.0 screenPctMode=0 aa=TSR aaMethod=4 exposure=fixed-histogram expMin=4.14106 expMax=4.14106 expBias=0.000 ev100=2.05 lightUnits=candelas sky=1 skyIntensity=3.000 keyShadow=csm-3600uu-2c-contact0.000 shadowCasters=1 profile=marmoreal-night profilesSha256=aae181a4e6122bbe6f49a0f11122caf379c91b78f20b97140f96277038744230 profilesSource=pak legacyRender=0 gameLayer=unlit-eyeadaptinv tMaxFPS=30.0 vsync=0 frameRateLimit=60.0 substrate=0 nanite=1 meshDF=1 viewport=1920x1080 reference=1
2026.10.01-03.23.04 SHOT fighter f-0-hero pos=(0,2) world=(-341,-34,0) screen=(521,504) projected=1 alive=1
2026.10.01-03.23.04 SHOT fighter f-0-sk0 pos=(0,1) world=(-341,-132,0) screen=(531,403) projected=1 alive=1
2026.10.01-03.23.04 SHOT fighter f-0-sk1 pos=(0,3) world=(-328,63,0) screen=(527,608) projected=1 alive=1
2026.10.01-03.23.04 SHOT fighter f-0-sk2 pos=(0,0) world=(-319,-228,0) screen=(567,310) projected=1 alive=1
2026.10.01-03.23.04 SHOT fighter f-1-hero pos=(5,5) world=(198,194,0) screen=(1230,757) projected=1 alive=1
2026.10.01-03.23.04 SHOT fighter f-1-sk0 pos=(5,3) world=(253,91,0) screen=(1297,639) projected=1 alive=1
2026.10.01-03.23.04 SHOT camera dist=2340.2 target=2340.2 overview=2340.2 errPct=0.000 focusErr=0.00 settled=1 zoom=1.00
2026.10.01-03.23.04 SHOT head fighter=f-0-hero socket=Head mesh=SK_Medusa_H2LD world=(-340.4,-32.8,47.1) screen=(513.3,469.3) top=(512.4,464.6) bottom=(514.2,473.9) headPx=9.5 projected=1
2026.10.01-03.23.04 SHOT head fighter=f-0-sk0 socket=Head mesh=SK_Harpy_H3LD world=(-341.2,-127.3,34.3) screen=(524.4,381.8) top=(523.5,377.0) bottom=(525.3,386.5) headPx=9.6 projected=1
2026.10.01-03.23.04 SHOT head fighter=f-0-sk1 socket=Head mesh=SK_Harpy_H3LD world=(-327.2,57.9,34.0) screen=(522.8,577.3) top=(521.9,572.8) bottom=(523.8,581.8) headPx=9.2 projected=1
2026.10.01-03.23.04 SHOT head fighter=f-0-sk2 socket=Head mesh=SK_Harpy_H3LD world=(-318.8,-223.0,34.0) screen=(562.2,287.8) top=(561.4,283.0) bottom=(563.0,292.6) headPx=9.7 projected=1
2026.10.01-03.23.04 SHOT head fighter=f-1-hero socket=Head mesh=SK_KingArthur_H2LD world=(197.8,193.1,50.1) screen=(1235.2,720.1) top=(1235.8,715.7) bottom=(1234.6,724.5) headPx=8.9 projected=1
2026.10.01-03.23.04 SHOT head fighter=f-1-sk0 socket=Head mesh=SK_Merlin_H2LD world=(253.4,87.7,36.5) screen=(1301.3,608.5) top=(1302.1,604.0) bottom=(1300.6,613.0) headPx=9.1 projected=1
2026.10.01-03.23.04 SHOT selection fighter=f-0-hero ownCell=(0,2) legal=9 destinations=8 ownCellExcluded=1 plateFighter=f-0-hero
2026.10.01-03.23.04 SHOT reachable fighter=f-0-hero n=8 cells=(1,0)(1,1)(2,1)(1,2)(1,3)(2,4)(1,5)(2,5)
2026.10.01-03.23.04 SHOT plate fighter=f-0-hero bbox=(293,444,465,498) overlapReachable=0 placement=left gap=6 anchor=(471,432,560,534) planned=(293,444,465,498) geom=painted stableFrames=60
2026.10.01-03.23.04 SHOT figure fighter=f-0-hero bbox=(471,432,560,534) ringR=28.50 art=1 blockout=0 team=P1 look=P1 ring=1
2026.10.01-03.23.04 SHOT figure fighter=f-0-sk0 bbox=(494,348,561,426) ringR=22.23 art=1 blockout=0 team=P1 look=P1 ring=1
2026.10.01-03.23.04 SHOT figure fighter=f-0-sk1 bbox=(488,553,558,633) ringR=22.23 art=1 blockout=0 team=P1 look=P1 ring=1
2026.10.01-03.23.04 SHOT figure fighter=f-0-sk2 bbox=(532,255,597,331) ringR=22.23 art=1 blockout=0 team=P1 look=P1 ring=1
2026.10.01-03.23.04 SHOT figure fighter=f-1-hero bbox=(1190,680,1279,791) ringR=28.50 art=1 blockout=0 team=P2 look=P2 ring=1
2026.10.01-03.23.04 SHOT figure fighter=f-1-sk0 bbox=(1265,577,1335,664) ringR=22.23 art=1 blockout=0 team=P2 look=P2 ring=1
2026.10.01-03.23.04 SHOT request file=phase2-board-host-1920x1080.png frame=1079
2026.10.01-03.23.04 SHOT requested: FScreenshotRequest(bShowUI) -> C:\Users\ren\AppData\Local\Temp\s08-phase2-20261001-082226-56640\phase2-board-host-1920x1080.png
2026.10.01-03.23.04 SHOT captured file=phase2-board-host-1920x1080.png frame=1079 px=1920x1080 sha256=ae47965a24a2cfa41785d553daa5a1a779667bafb1d31bb74365055a262cc5dd order=BGRA saved=1
2026.10.01-03.23.04 SHOT late begin file=phase2-board-host-1920x1080.png frame=1079 requestFrame=1079
2026.10.01-03.23.04 SHOT iconstate visible=0 lastFighter=none frame=1079
2026.10.01-03.23.04 SHOT widget id=plate impl=umg state=own fighter=f-0-hero bbox=(293,444,465,498) geom=painted visible=1 twin=0 source=/Game/S08/UI/ArtHud/WBP_S08ArtPlate frame=1079
2026.10.01-03.23.04 SHOT widget id=plate.marker impl=umg state=own fighter=f-0-hero bbox=(293,444,465,447) geom=painted visible=1 twin=0 source=/Game/S08/UI/ArtHud/WBP_S08ArtPlate frame=1079
2026.10.01-03.23.04 SHOT widget id=plate.name impl=umg state=own fighter=f-0-hero bbox=(299,449,399,468) geom=painted visible=1 twin=0 source=/Game/S08/UI/ArtHud/WBP_S08ArtPlate frame=1079
2026.10.01-03.23.04 SHOT widget id=plate.team impl=umg state=own fighter=f-0-hero bbox=(399,452,459,465) geom=painted visible=1 twin=0 source=/Game/S08/UI/ArtHud/WBP_S08ArtPlate frame=1079
2026.10.01-03.23.04 SHOT widget id=plate.hpbar impl=umg state=own fighter=f-0-hero bbox=(299,474,395,481) geom=painted visible=1 twin=0 source=/Game/S08/UI/ArtHud/WBP_S08ArtPlate frame=1079
2026.10.01-03.23.04 SHOT widget id=plate.hpfill impl=umg state=own fighter=f-0-hero bbox=(299,474,395,481) geom=painted visible=1 twin=0 source=/Game/S08/UI/ArtHud/WBP_S08ArtPlate frame=1079
2026.10.01-03.23.04 SHOT widget id=plate.hp impl=umg state=own fighter=f-0-hero bbox=(401,470,454,485) geom=painted visible=1 twin=0 source=/Game/S08/UI/ArtHud/WBP_S08ArtPlate frame=1079
2026.10.01-03.23.04 SHOT widget id=plate.status impl=umg state=own fighter=f-0-hero bbox=(299,487,459,500) geom=painted visible=1 twin=0 source=/Game/S08/UI/ArtHud/WBP_S08ArtPlate frame=1079
2026.10.01-03.23.04 SHOT widget id=plate.teamshape impl=umg state=own fighter=f-0-hero bbox=(403,453,415,465) geom=painted visible=1 twin=0 source=/Game/S08/UI/ArtHud/WBP_S08ArtPlate frame=1079
2026.10.01-03.23.04 SHOT widget id=board.tag impl=umg state=hidden fighter=f-0-hero bbox=(0,0,0,0) geom=unpainted visible=0 twin=0 source=/Game/S08/UI/ArtHud/WBP_S08ArtTag mode=hidden look=P1 shape=circle placement=right ring=0 order=2 bound=1 softPx2=0 planned=(562,432,664,454) frame=1079
2026.10.01-03.23.04 SHOT widget id=board.tag.hp impl=umg state=hidden fighter=f-0-hero bbox=(0,0,0,0) geom=unpainted visible=0 twin=0 source=/Game/S08/UI/ArtHud/WBP_S08ArtTag mode=hidden look=P1 shape=circle placement=right ring=0 order=2 bound=1 softPx2=0 planned=(562,432,664,454) frame=1079 font=11
2026.10.01-03.23.04 SHOT widget id=board.tag.bar impl=umg state=hidden fighter=f-0-hero bbox=(0,0,0,0) geom=unpainted visible=0 twin=0 source=/Game/S08/UI/ArtHud/WBP_S08ArtTag mode=hidden look=P1 shape=circle placement=right ring=0 order=2 bound=1 softPx2=0 planned=(562,432,664,454) frame=1079
2026.10.01-03.23.04 SHOT widget id=board.tag.chip impl=umg state=hidden fighter=f-0-hero bbox=(0,0,0,0) geom=unpainted visible=0 twin=0 source=/Game/S08/UI/ArtHud/WBP_S08ArtTag mode=hidden look=P1 shape=circle placement=right ring=0 order=2 bound=1 softPx2=0 planned=(562,432,664,454) frame=1079
2026.10.01-03.23.04 SHOT widget id=board.tag impl=umg state=compact fighter=f-0-sk0 bbox=(408,348,492,370) geom=painted visible=1 twin=0 source=/Game/S08/UI/ArtHud/WBP_S08ArtTag mode=compact look=P1 shape=circle placement=left ring=0 order=1 bound=1 softPx2=0 planned=(408,348,492,370) frame=1079
2026.10.01-03.23.04 SHOT widget id=board.tag.hp impl=umg state=compact fighter=f-0-sk0 bbox=(464,350,488,368) geom=painted visible=1 twin=0 source=/Game/S08/UI/ArtHud/WBP_S08ArtTag mode=compact look=P1 shape=circle placement=left ring=0 order=1 bound=1 softPx2=0 planned=(408,348,492,370) frame=1079 font=11
2026.10.01-03.23.04 SHOT widget id=board.tag.bar impl=umg state=compact fighter=f-0-sk0 bbox=(427,357,461,362) geom=painted visible=1 twin=0 source=/Game/S08/UI/ArtHud/WBP_S08ArtTag mode=compact look=P1 shape=circle placement=left ring=0 order=1 bound=1 softPx2=0 planned=(408,348,492,370) frame=1079
2026.10.01-03.23.04 SHOT widget id=board.tag.chip impl=umg state=compact fighter=f-0-sk0 bbox=(412,353,424,365) geom=painted visible=1 twin=0 source=/Game/S08/UI/ArtHud/WBP_S08ArtTag mode=compact look=P1 shape=circle placement=left ring=0 order=1 bound=1 softPx2=0 planned=(408,348,492,370) frame=1079
2026.10.01-03.23.04 SHOT widget id=board.tag impl=umg state=compact fighter=f-0-sk1 bbox=(560,553,644,575) geom=painted visible=1 twin=0 source=/Game/S08/UI/ArtHud/WBP_S08ArtTag mode=compact look=P1 shape=circle placement=right ring=0 order=2 bound=1 softPx2=0 planned=(560,553,644,575) frame=1079
2026.10.01-03.23.04 SHOT widget id=board.tag.hp impl=umg state=compact fighter=f-0-sk1 bbox=(616,555,640,573) geom=painted visible=1 twin=0 source=/Game/S08/UI/ArtHud/WBP_S08ArtTag mode=compact look=P1 shape=circle placement=right ring=0 order=2 bound=1 softPx2=0 planned=(560,553,644,575) frame=1079 font=11
2026.10.01-03.23.04 SHOT widget id=board.tag.bar impl=umg state=compact fighter=f-0-sk1 bbox=(579,562,613,567) geom=painted visible=1 twin=0 source=/Game/S08/UI/ArtHud/WBP_S08ArtTag mode=compact look=P1 shape=circle placement=right ring=0 order=2 bound=1 softPx2=0 planned=(560,553,644,575) frame=1079
2026.10.01-03.23.04 SHOT widget id=board.tag.chip impl=umg state=compact fighter=f-0-sk1 bbox=(564,558,576,570) geom=painted visible=1 twin=0 source=/Game/S08/UI/ArtHud/WBP_S08ArtTag mode=compact look=P1 shape=circle placement=right ring=0 order=2 bound=1 softPx2=0 planned=(560,553,644,575) frame=1079
2026.10.01-03.23.04 SHOT widget id=board.tag impl=umg state=compact fighter=f-0-sk2 bbox=(522,231,606,253) geom=painted visible=1 twin=0 source=/Game/S08/UI/ArtHud/WBP_S08ArtTag mode=compact look=P1 shape=circle placement=above ring=0 order=0 bound=1 softPx2=0 planned=(522,231,606,253) frame=1079
2026.10.01-03.23.04 SHOT widget id=board.tag.hp impl=umg state=compact fighter=f-0-sk2 bbox=(578,233,602,251) geom=painted visible=1 twin=0 source=/Game/S08/UI/ArtHud/WBP_S08ArtTag mode=compact look=P1 shape=circle placement=above ring=0 order=0 bound=1 softPx2=0 planned=(522,231,606,253) frame=1079 font=11
2026.10.01-03.23.04 SHOT widget id=board.tag.bar impl=umg state=compact fighter=f-0-sk2 bbox=(541,240,575,245) geom=painted visible=1 twin=0 source=/Game/S08/UI/ArtHud/WBP_S08ArtTag mode=compact look=P1 shape=circle placement=above ring=0 order=0 bound=1 softPx2=0 planned=(522,231,606,253) frame=1079
2026.10.01-03.23.04 SHOT widget id=board.tag.chip impl=umg state=compact fighter=f-0-sk2 bbox=(526,236,538,248) geom=painted visible=1 twin=0 source=/Game/S08/UI/ArtHud/WBP_S08ArtTag mode=compact look=P1 shape=circle placement=above ring=0 order=0 bound=1 softPx2=0 planned=(522,231,606,253) frame=1079
2026.10.01-03.23.04 SHOT widget id=board.tag impl=umg state=compact fighter=f-1-hero bbox=(1086,680,1188,702) geom=painted visible=1 twin=0 source=/Game/S08/UI/ArtHud/WBP_S08ArtTag mode=compact look=P2 shape=hex placement=left ring=0 order=4 bound=1 softPx2=0 planned=(1086,680,1188,702) frame=1079
2026.10.01-03.23.04 SHOT widget id=board.tag.hp impl=umg state=compact fighter=f-1-hero bbox=(1142,682,1184,700) geom=painted visible=1 twin=0 source=/Game/S08/UI/ArtHud/WBP_S08ArtTag mode=compact look=P2 shape=hex placement=left ring=0 order=4 bound=1 softPx2=0 planned=(1086,680,1188,702) frame=1079 font=11
2026.10.01-03.23.04 SHOT widget id=board.tag.bar impl=umg state=compact fighter=f-1-hero bbox=(1105,689,1139,694) geom=painted visible=1 twin=0 source=/Game/S08/UI/ArtHud/WBP_S08ArtTag mode=compact look=P2 shape=hex placement=left ring=0 order=4 bound=1 softPx2=0 planned=(1086,680,1188,702) frame=1079
2026.10.01-03.23.04 SHOT widget id=board.tag.chip impl=umg state=compact fighter=f-1-hero bbox=(1090,685,1102,697) geom=painted visible=1 twin=0 source=/Game/S08/UI/ArtHud/WBP_S08ArtTag mode=compact look=P2 shape=hex placement=left ring=0 order=4 bound=1 softPx2=0 planned=(1086,680,1188,702) frame=1079
2026.10.01-03.23.04 SHOT widget id=board.tag impl=umg state=compact fighter=f-1-sk0 bbox=(1258,553,1342,575) geom=painted visible=1 twin=0 source=/Game/S08/UI/ArtHud/WBP_S08ArtTag mode=compact look=P2 shape=hex placement=above ring=0 order=3 bound=1 softPx2=0 planned=(1258,553,1342,575) frame=1079
2026.10.01-03.23.04 SHOT widget id=board.tag.hp impl=umg state=compact fighter=f-1-sk0 bbox=(1314,555,1338,573) geom=painted visible=1 twin=0 source=/Game/S08/UI/ArtHud/WBP_S08ArtTag mode=compact look=P2 shape=hex placement=above ring=0 order=3 bound=1 softPx2=0 planned=(1258,553,1342,575) frame=1079 font=11
2026.10.01-03.23.04 SHOT widget id=board.tag.bar impl=umg state=compact fighter=f-1-sk0 bbox=(1277,562,1311,567) geom=painted visible=1 twin=0 source=/Game/S08/UI/ArtHud/WBP_S08ArtTag mode=compact look=P2 shape=hex placement=above ring=0 order=3 bound=1 softPx2=0 planned=(1258,553,1342,575) frame=1079
2026.10.01-03.23.04 SHOT widget id=board.tag.chip impl=umg state=compact fighter=f-1-sk0 bbox=(1262,558,1274,570) geom=painted visible=1 twin=0 source=/Game/S08/UI/ArtHud/WBP_S08ArtTag mode=compact look=P2 shape=hex placement=above ring=0 order=3 bound=1 softPx2=0 planned=(1258,553,1342,575) frame=1079
2026.10.01-03.23.04 SHOT panel id=hud.command bbox=(0,0,601,138) geom=painted visible=1 frame=1079
2026.10.01-03.23.04 SHOT panel id=hud.side bbox=(1432,0,1920,121) geom=painted visible=1 frame=1079
2026.10.01-03.23.04 SHOT panel id=hud.hand bbox=(439,985,1482,1080) geom=painted visible=1 frame=1079
2026.10.01-03.23.04 SHOT late end file=phase2-board-host-1920x1080.png frame=1079
2026.10.01-03.23.04 game -> room=cmuoyxs4t001xwi9gnbp86ngl code=<redacted> status=IN_PROGRESS
2026.10.01-03.23.07 game -> room=cmuoyxs4t001xwi9gnbp86ngl code=<redacted> status=IN_PROGRESS
2026.10.01-03.23.08 PERF window t=35.2-40.2 frames=144 fps=28.72 frameMs avg=34.82 p50=33.33 p95=33.33 p99=33.38 max=246.79 hitches50=1 gpuMs avg=2.50 p50=2.51 p95=2.78 gameMs avg=2.87 p95=1.54 renderMs avg=2.79 p95=3.38
2026.10.01-03.23.10 game -> room=cmuoyxs4t001xwi9gnbp86ngl code=<redacted> status=IN_PROGRESS
2026.10.01-03.23.13 game -> room=cmuoyxs4t001xwi9gnbp86ngl code=<redacted> status=IN_PROGRESS
2026.10.01-03.23.13 PERF window t=40.2-45.2 frames=151 fps=30.00 frameMs avg=33.33 p50=33.33 p95=33.33 p99=33.33 max=33.34 hitches50=0 gpuMs avg=2.49 p50=2.46 p95=2.73 gameMs avg=1.31 p95=1.52 renderMs avg=2.79 p95=3.28
2026.10.01-03.23.16 game -> room=cmuoyxs4t001xwi9gnbp86ngl code=<redacted> status=IN_PROGRESS
2026.10.01-03.23.18 PERF summary scope=afterWarmup warmup=5 elapsed=50.0 frames=1343 fps=29.82 frameMs avg=33.54 p50=33.33 p95=33.33 p99=33.34 max=246.79 hitches50=2 gpuMs avg=2.18 p50=2.29 p95=2.83 gameMs avg=1.45 p95=1.51 renderMs avg=2.80 p95=3.53
2026.10.01-03.23.18 PERF summary scope=started elapsed=50.0 frames=949 fps=29.74 frameMs avg=33.63 p50=33.33 p95=33.33 p99=33.34 max=246.79 hitches50=2 gpuMs avg=2.47 p50=2.45 p95=2.87 gameMs avg=1.62 p95=1.52 renderMs avg=3.06 p95=3.58
2026.10.01-03.23.18 PERF summary scope=artHud impl=umg elapsed=50.0 frames=473 fps=29.60 frameMs avg=33.78 p50=33.33 p95=33.33 p99=33.34 max=246.79 hitches50=1 gpuMs avg=2.53 p50=2.55 p95=2.82 gameMs avg=1.79 p95=1.53 renderMs avg=2.81 p95=3.34
2026.10.01-03.23.18 --- S08 trace close ---
