2026.09.27-10.19.00 --- S08 trace open 2026.09.27-10.19.00 ---
2026.09.27-10.19.00 S09AUTO config flow=1 boost=0 shotDir=C:\Users\ren\AppData\Local\Temp\s09-duel-20260927-151859-33024\host
2026.09.27-10.19.01 LOGIN ok user=s09-gd034-host
2026.09.27-10.19.04 HEROES loaded 84
2026.09.27-10.19.04 createGame -> room=cmujo21ty00ptwil8uyjic13b code=<redacted> status=LOBBY
2026.09.27-10.19.07 game -> room=cmujo21ty00ptwil8uyjic13b code=<redacted> status=LOBBY
2026.09.27-10.19.07 selectHero -> room=cmujo21ty00ptwil8uyjic13b code=<redacted> status=LOBBY
2026.09.27-10.19.10 game -> room=cmujo21ty00ptwil8uyjic13b code=<redacted> status=LOBBY
2026.09.27-10.19.10 toggleReady -> room=cmujo21ty00ptwil8uyjic13b code=<redacted> status=LOBBY
2026.09.27-10.19.13 game -> room=cmujo21ty00ptwil8uyjic13b code=<redacted> status=LOBBY
2026.09.27-10.19.16 game -> room=cmujo21ty00ptwil8uyjic13b code=<redacted> status=LOBBY
2026.09.27-10.19.19 game -> room=cmujo21ty00ptwil8uyjic13b code=<redacted> status=LOBBY
2026.09.27-10.19.19 startGame -> room=cmujo21ty00ptwil8uyjic13b code=<redacted> status=IN_PROGRESS
2026.09.27-10.19.19 S09AUTO drive mode=0 plan=[attack+scheme] phase= turn=
2026.09.27-10.19.19 SNAPSHOT applied seq=1 phase=ACTION_MANEUVER
2026.09.27-10.19.19 HANDLE_APPLIED #1 seq=1 decision=2 fightersValid=1 boardValid=1
2026.09.27-10.19.19 MODE seq=1 mode=0 combat=0 pending=0
2026.09.27-10.19.19 HUD seq=1 phase=ACTION_MANEUVER turn=you hand=5 oppHand=5(hidden) oppDeck=25 deck=25 discard=0
2026.09.27-10.19.19 CAMERA dist=1931 loc=(0,1107,1582) pitch=-55 yaw=-90
2026.09.27-10.19.19 BOARD 5x6 cells | control points: (0,0)=(-200,-250,0) (4,5)=(200,250,0) | neighbor pair (dist 100 uu)
2026.09.27-10.19.19 FIGHTERS synced n=6 alive=6 own=4 enemy=2
2026.09.27-10.19.19 STATE seq=1 -> apply
2026.09.27-10.19.19 SNAPSHOT applied seq=1 phase=ACTION_MANEUVER
2026.09.27-10.19.19 HANDLE_APPLIED #2 seq=1 decision=1 fightersValid=1 boardValid=1
2026.09.27-10.19.19 MODE seq=1 mode=0 combat=0 pending=0
2026.09.27-10.19.19 HUD seq=1 phase=ACTION_MANEUVER turn=you hand=5 oppHand=5(hidden) oppDeck=25 deck=25 discard=0
2026.09.27-10.19.19 FIGHTERS synced n=6 alive=6 own=4 enemy=2
2026.09.27-10.19.19 STATE seq=1 -> merge
2026.09.27-10.19.19 S09AUTO own turn #0 (turnCount=1)
2026.09.27-10.19.19 S09AUTO attack deferred - command gate closed (live stream is reconnecting - commands wait until the state stream is back); retrying when the stream is ready
2026.09.27-10.19.19 SUBSCRIBED gameStateUpdated since=1
2026.09.27-10.19.19 S09AUTO attack (attacker=f-0-hero target-set card-set)
2026.09.27-10.19.19 ATTACK sent
2026.09.27-10.19.19 SEQ 2 barrier body: cues suppressed
2026.09.27-10.19.19 SNAPSHOT applied seq=2 phase=COMBAT
2026.09.27-10.19.19 HANDLE_APPLIED #3 seq=2 decision=2 fightersValid=1 boardValid=1
2026.09.27-10.19.19 closed mode=
2026.09.27-10.19.19 MODE seq=2 mode=0 combat=1 pending=0
2026.09.27-10.19.19 HUD seq=2 phase=COMBAT turn=you hand=4 oppHand=5(hidden) oppDeck=25~ deck=25~ discard=1
2026.09.27-10.19.19 FIGHTERS synced n=6 alive=6 own=4 enemy=2
2026.09.27-10.19.19 WS seq=2 phase=COMBAT (apply)
2026.09.27-10.19.19 ATTACK failed: outcome unknown - outcome unknown: input locked, refetching authoritative state (no resend)
2026.09.27-10.19.19 RECOVERY refetch 1/5
2026.09.27-10.19.19 RECOVERY complete: authoritative state at seq 2
2026.09.27-10.19.19 SNAPSHOT applied seq=2 phase=COMBAT
2026.09.27-10.19.19 HANDLE_APPLIED #4 seq=2 decision=1 fightersValid=1 boardValid=1
2026.09.27-10.19.19 MODE seq=2 mode=0 combat=1 pending=0
2026.09.27-10.19.19 HUD seq=2 phase=COMBAT turn=you hand=4 oppHand=5(hidden) oppDeck=25 deck=25 discard=1
2026.09.27-10.19.19 FIGHTERS synced n=6 alive=6 own=4 enemy=2
2026.09.27-10.19.19 STATE seq=2 -> merge
2026.09.27-10.19.21 SNAPSHOT applied seq=3 phase=COMBAT_RESOLVE
2026.09.27-10.19.21 HANDLE_APPLIED #5 seq=3 decision=2 fightersValid=1 boardValid=1
2026.09.27-10.19.21 closed mode=
2026.09.27-10.19.21 MODE seq=3 mode=5 combat=1 pending=0
2026.09.27-10.19.21 HUD seq=3 phase=COMBAT_RESOLVE turn=you hand=4 oppHand=4(hidden) oppDeck=25~ deck=25~ discard=1
2026.09.27-10.19.21 FIGHTERS synced n=6 alive=6 own=4 enemy=2
2026.09.27-10.19.21 WS seq=3 phase=COMBAT_RESOLVE (apply)
2026.09.27-10.19.21 S09AUTO drive mode=5 plan=[attack+scheme] phase=COMBAT_RESOLVE turn=cmuhntivg0000wib0anhqyswc
2026.09.27-10.19.21 SNAPSHOT applied seq=4 phase=COMBAT_RESOLVE
2026.09.27-10.19.21 HANDLE_APPLIED #6 seq=4 decision=2 fightersValid=1 boardValid=1
2026.09.27-10.19.21 closed mode=
2026.09.27-10.19.21 MODE seq=4 mode=6 combat=1 pending=1
2026.09.27-10.19.21 HUD seq=4 phase=COMBAT_RESOLVE turn=you hand=4 oppHand=4(hidden) oppDeck=25~ deck=25~ discard=1
2026.09.27-10.19.21 PENDING panel revealed: attack A3+B0 vs D3
2026.09.27-10.19.21 FIGHTERS synced n=6 alive=6 own=4 enemy=2
2026.09.27-10.19.21 WS seq=4 phase=COMBAT_RESOLVE (apply)
2026.09.27-10.19.21 S09AUTO drive mode=6 plan=[attack+scheme] phase=COMBAT_RESOLVE turn=cmuhntivg0000wib0anhqyswc
2026.09.27-10.19.21 S09AUTO pending-open shot (type=BOOST_CHOICE stage=0 mode=)
2026.09.27-10.19.21 SHOT ctx viewport=1280x720 viewTarget=CameraActor_2147482375 cam=(0,1107,1582) rot=(-55,-90,0)
2026.09.27-10.19.21 SHOT fighter f-0-hero pos=(2,2) world=(0,-50,0) screen=(640,318) projected=1 alive=1
2026.09.27-10.19.21 SHOT fighter f-0-sk0 pos=(3,2) world=(100,-50,0) screen=(744,318) projected=1 alive=1
2026.09.27-10.19.21 SHOT fighter f-0-sk1 pos=(2,1) world=(0,-150,0) screen=(640,236) projected=1 alive=1
2026.09.27-10.19.21 SHOT fighter f-0-sk2 pos=(1,2) world=(-100,-50,0) screen=(536,318) projected=1 alive=1
2026.09.27-10.19.21 SHOT fighter f-1-hero pos=(2,3) world=(0,50,0) screen=(640,404) projected=1 alive=1
2026.09.27-10.19.21 SHOT fighter f-1-sk0 pos=(3,3) world=(100,50,0) screen=(747,404) projected=1 alive=1
2026.09.27-10.19.21 SHOT requested: FScreenshotRequest(bShowUI) -> C:\Users\ren\AppData\Local\Temp\s09-duel-20260927-151859-33024\host/s09-pending-BOOST_CHOICE.png
2026.09.27-10.19.21 S09AUTO boost choice - holding 4s for the other seat's reveal capture
2026.09.27-10.19.25 S09AUTO pending picked (type=BOOST_CHOICE stage=0)
2026.09.27-10.19.25 PEND-RESOLVE sent type=BOOST_CHOICE stage=0 id=cmuhgvgkf00smwi9gaeymh3ur-during-0-boost-3
2026.09.27-10.19.25 SNAPSHOT applied seq=5 phase=COMBAT_RESOLVE
2026.09.27-10.19.25 HANDLE_APPLIED #7 seq=5 decision=2 fightersValid=1 boardValid=1
2026.09.27-10.19.25 closed mode=
2026.09.27-10.19.25 MODE seq=5 mode=5 combat=1 pending=1
2026.09.27-10.19.25 HUD seq=5 phase=COMBAT_RESOLVE turn=you hand=3 oppHand=4(hidden) oppDeck=25 deck=25 discard=2
2026.09.27-10.19.25 RESOLVE panel revealed: A3+B1 vs D3
2026.09.27-10.19.25 RESOLVE panel blocked by pending (type=MOVE id=cmuhgvgi500owwi9gnmn59wun-after-0-p0)
2026.09.27-10.19.25 FIGHTERS synced n=6 alive=6 own=4 enemy=2
2026.09.27-10.19.25 CUE damage f-1-hero -1 seq=5
2026.09.27-10.19.25 PEND resolve done seq=5 (apply) phase=COMBAT_RESOLVE
2026.09.27-10.19.25 SNAPSHOT applied seq=5 phase=COMBAT_RESOLVE
2026.09.27-10.19.25 HANDLE_APPLIED #8 seq=5 decision=1 fightersValid=1 boardValid=1
2026.09.27-10.19.25 MODE seq=5 mode=5 combat=1 pending=1
2026.09.27-10.19.25 HUD seq=5 phase=COMBAT_RESOLVE turn=you hand=3 oppHand=4(hidden) oppDeck=25 deck=25 discard=2
2026.09.27-10.19.25 FIGHTERS synced n=6 alive=6 own=4 enemy=2
2026.09.27-10.19.25 WS seq=5 phase=COMBAT_RESOLVE (merge)
2026.09.27-10.19.25 S09AUTO drive mode=5 plan=[attack+scheme] phase=COMBAT_RESOLVE turn=cmuhntivg0000wib0anhqyswc
2026.09.27-10.19.25 S09AUTO resolve-revealed shot
2026.09.27-10.19.25 SHOT ctx viewport=1280x720 viewTarget=CameraActor_2147482375 cam=(0,1107,1582) rot=(-55,-90,0)
2026.09.27-10.19.25 SHOT fighter f-0-hero pos=(2,2) world=(0,-50,0) screen=(640,318) projected=1 alive=1
2026.09.27-10.19.25 SHOT fighter f-0-sk0 pos=(3,2) world=(100,-50,0) screen=(744,318) projected=1 alive=1
2026.09.27-10.19.25 SHOT fighter f-0-sk1 pos=(2,1) world=(0,-150,0) screen=(640,236) projected=1 alive=1
2026.09.27-10.19.25 SHOT fighter f-0-sk2 pos=(1,2) world=(-100,-50,0) screen=(536,318) projected=1 alive=1
2026.09.27-10.19.25 SHOT fighter f-1-hero pos=(2,3) world=(0,50,0) screen=(640,404) projected=1 alive=1
2026.09.27-10.19.25 SHOT fighter f-1-sk0 pos=(3,3) world=(100,50,0) screen=(747,404) projected=1 alive=1
2026.09.27-10.19.25 SHOT requested: FScreenshotRequest(bShowUI) -> C:\Users\ren\AppData\Local\Temp\s09-duel-20260927-151859-33024\host/s09-combat-resolve-revealed.png
2026.09.27-10.19.25 S09AUTO resolve-blocked shot (type=MOVE)
2026.09.27-10.19.25 SHOT ctx viewport=1280x720 viewTarget=CameraActor_2147482375 cam=(0,1107,1582) rot=(-55,-90,0)
2026.09.27-10.19.25 SHOT fighter f-0-hero pos=(2,2) world=(0,-50,0) screen=(640,318) projected=1 alive=1
2026.09.27-10.19.25 SHOT fighter f-0-sk0 pos=(3,2) world=(100,-50,0) screen=(744,318) projected=1 alive=1
2026.09.27-10.19.25 SHOT fighter f-0-sk1 pos=(2,1) world=(0,-150,0) screen=(640,236) projected=1 alive=1
2026.09.27-10.19.25 SHOT fighter f-0-sk2 pos=(1,2) world=(-100,-50,0) screen=(536,318) projected=1 alive=1
2026.09.27-10.19.25 SHOT fighter f-1-hero pos=(2,3) world=(0,50,0) screen=(640,404) projected=1 alive=1
2026.09.27-10.19.25 SHOT fighter f-1-sk0 pos=(3,3) world=(100,50,0) screen=(747,404) projected=1 alive=1
2026.09.27-10.19.25 SHOT requested: FScreenshotRequest(bShowUI) -> C:\Users\ren\AppData\Local\Temp\s09-duel-20260927-151859-33024\host/s09-resolve-blocked-MOVE.png
2026.09.27-10.19.25 SNAPSHOT applied seq=6 phase=ACTION_MANEUVER
2026.09.27-10.19.25 HANDLE_APPLIED #9 seq=6 decision=2 fightersValid=1 boardValid=1
2026.09.27-10.19.25 COMBAT-RESULT seq=6 damage=0 role=attacked
2026.09.27-10.19.25 S09AUTO combat-result shot
2026.09.27-10.19.25 SHOT ctx viewport=1280x720 viewTarget=CameraActor_2147482375 cam=(0,1107,1582) rot=(-55,-90,0)
2026.09.27-10.19.25 SHOT fighter f-0-hero pos=(2,2) world=(0,-50,0) screen=(640,318) projected=1 alive=1
2026.09.27-10.19.25 SHOT fighter f-0-sk0 pos=(3,2) world=(100,-50,0) screen=(744,318) projected=1 alive=1
2026.09.27-10.19.25 SHOT fighter f-0-sk1 pos=(2,1) world=(0,-150,0) screen=(640,236) projected=1 alive=1
2026.09.27-10.19.25 SHOT fighter f-0-sk2 pos=(1,2) world=(-100,-50,0) screen=(536,318) projected=1 alive=1
2026.09.27-10.19.25 SHOT fighter f-1-hero pos=(2,3) world=(0,50,0) screen=(640,404) projected=1 alive=1
2026.09.27-10.19.25 SHOT fighter f-1-sk0 pos=(3,3) world=(100,50,0) screen=(747,404) projected=1 alive=1
2026.09.27-10.19.25 SHOT requested: FScreenshotRequest(bShowUI) -> C:\Users\ren\AppData\Local\Temp\s09-duel-20260927-151859-33024\host/s09-combat-result.png
2026.09.27-10.19.25 RESOLVE panel revealed: A3+B1 vs D3
2026.09.27-10.19.25 closed mode=
2026.09.27-10.19.25 MODE seq=6 mode=0 combat=0 pending=0
2026.09.27-10.19.25 HUD seq=6 phase=ACTION_MANEUVER turn=you hand=3 oppHand=4(hidden) oppDeck=25~ deck=25~ discard=2
2026.09.27-10.19.25 FIGHTERS synced n=6 alive=6 own=4 enemy=2
2026.09.27-10.19.25 WS seq=6 phase=ACTION_MANEUVER (apply)
2026.09.27-10.19.25 S09AUTO drive mode=0 plan=[attack+scheme] phase=ACTION_MANEUVER turn=cmuhntivg0000wib0anhqyswc
2026.09.27-10.19.25 S09AUTO attack (attacker=f-0-hero target-set card-set)
2026.09.27-10.19.25 ATTACK sent
2026.09.27-10.19.25 SNAPSHOT applied seq=7 phase=COMBAT
2026.09.27-10.19.25 HANDLE_APPLIED #10 seq=7 decision=2 fightersValid=1 boardValid=1
2026.09.27-10.19.25 closed mode=
2026.09.27-10.19.25 MODE seq=7 mode=0 combat=1 pending=0
2026.09.27-10.19.25 HUD seq=7 phase=COMBAT turn=you hand=2 oppHand=4(hidden) oppDeck=25 deck=25 discard=3
2026.09.27-10.19.25 FIGHTERS synced n=6 alive=6 own=4 enemy=2
2026.09.27-10.19.25 ATTACK done seq=7 (apply) phase=COMBAT
2026.09.27-10.19.25 SNAPSHOT applied seq=7 phase=COMBAT
2026.09.27-10.19.25 HANDLE_APPLIED #11 seq=7 decision=1 fightersValid=1 boardValid=1
2026.09.27-10.19.25 MODE seq=7 mode=0 combat=1 pending=0
2026.09.27-10.19.25 HUD seq=7 phase=COMBAT turn=you hand=2 oppHand=4(hidden) oppDeck=25 deck=25 discard=3
2026.09.27-10.19.25 FIGHTERS synced n=6 alive=6 own=4 enemy=2
2026.09.27-10.19.25 WS seq=7 phase=COMBAT (merge)
2026.09.27-10.19.25 SNAPSHOT applied seq=8 phase=COMBAT_RESOLVE
2026.09.27-10.19.25 HANDLE_APPLIED #12 seq=8 decision=2 fightersValid=1 boardValid=1
2026.09.27-10.19.25 closed mode=
2026.09.27-10.19.25 MODE seq=8 mode=6 combat=1 pending=1
2026.09.27-10.19.25 HUD seq=8 phase=COMBAT_RESOLVE turn=you hand=2 oppHand=4(hidden) oppDeck=25~ deck=25~ discard=3
2026.09.27-10.19.25 FIGHTERS synced n=6 alive=6 own=4 enemy=2
2026.09.27-10.19.25 WS seq=8 phase=COMBAT_RESOLVE (apply)
2026.09.27-10.19.25 S09AUTO drive mode=6 plan=[attack+scheme] phase=COMBAT_RESOLVE turn=cmuhntivg0000wib0anhqyswc
2026.09.27-10.19.25 S09AUTO boost choice - holding 4s for the other seat's reveal capture
2026.09.27-10.19.29 S09AUTO pending picked (type=BOOST_CHOICE stage=0)
2026.09.27-10.19.29 PEND-RESOLVE sent type=BOOST_CHOICE stage=0 id=cmuhgvgkf00smwi9gaeymh3ur-during-0-boost-7
2026.09.27-10.19.30 SNAPSHOT applied seq=9 phase=ACTION_MANEUVER
2026.09.27-10.19.30 HANDLE_APPLIED #13 seq=9 decision=2 fightersValid=1 boardValid=1
2026.09.27-10.19.30 COMBAT-RESULT seq=9 damage=5 role=attacked
2026.09.27-10.19.30 closed mode=
2026.09.27-10.19.30 MODE seq=9 mode=0 combat=0 pending=0
2026.09.27-10.19.30 HUD seq=9 phase=ACTION_MANEUVER turn=opp hand=1 oppHand=4(hidden) oppDeck=25 deck=25 discard=4
2026.09.27-10.19.30 FIGHTERS synced n=6 alive=6 own=4 enemy=2
2026.09.27-10.19.30 CUE damage f-1-hero -5 seq=9
2026.09.27-10.19.30 PEND resolve done seq=9 (apply) phase=ACTION_MANEUVER
2026.09.27-10.19.30 SNAPSHOT applied seq=9 phase=ACTION_MANEUVER
2026.09.27-10.19.30 HANDLE_APPLIED #14 seq=9 decision=1 fightersValid=1 boardValid=1
2026.09.27-10.19.30 MODE seq=9 mode=0 combat=0 pending=0
2026.09.27-10.19.30 HUD seq=9 phase=ACTION_MANEUVER turn=opp hand=1 oppHand=4(hidden) oppDeck=25 deck=25 discard=4
2026.09.27-10.19.30 FIGHTERS synced n=6 alive=6 own=4 enemy=2
2026.09.27-10.19.30 WS seq=9 phase=ACTION_MANEUVER (merge)
2026.09.27-10.19.30 S09AUTO drive mode=0 plan=[attack+scheme] phase=ACTION_MANEUVER turn=cmuhntiwu0001wib0z281rpa8
2026.09.27-10.19.30 SNAPSHOT applied seq=10 phase=ACTION_MANEUVER
2026.09.27-10.19.30 HANDLE_APPLIED #15 seq=10 decision=2 fightersValid=1 boardValid=1
2026.09.27-10.19.30 MODE seq=10 mode=0 combat=0 pending=1
2026.09.27-10.19.30 HUD seq=10 phase=ACTION_MANEUVER turn=opp hand=1 oppHand=3(hidden) oppDeck=25~ deck=25~ discard=4
2026.09.27-10.19.30 FIGHTERS synced n=6 alive=6 own=4 enemy=2
2026.09.27-10.19.30 WS seq=10 phase=ACTION_MANEUVER (apply)
2026.09.27-10.19.31 SNAPSHOT applied seq=11 phase=ACTION_MANEUVER
2026.09.27-10.19.31 HANDLE_APPLIED #16 seq=11 decision=2 fightersValid=1 boardValid=1
2026.09.27-10.19.31 MODE seq=11 mode=0 combat=0 pending=1
2026.09.27-10.19.31 HUD seq=11 phase=ACTION_MANEUVER turn=opp hand=1 oppHand=3(hidden) oppDeck=25~ deck=25~ discard=4
2026.09.27-10.19.31 FIGHTERS synced n=6 alive=6 own=4 enemy=2
2026.09.27-10.19.31 WS seq=11 phase=ACTION_MANEUVER (apply)
2026.09.27-10.19.31 SNAPSHOT applied seq=12 phase=ACTION_MANEUVER
2026.09.27-10.19.31 HANDLE_APPLIED #17 seq=12 decision=2 fightersValid=1 boardValid=1
2026.09.27-10.19.31 MODE seq=12 mode=0 combat=0 pending=0
2026.09.27-10.19.31 HUD seq=12 phase=ACTION_MANEUVER turn=opp hand=1 oppHand=3(hidden) oppDeck=25~ deck=25~ discard=4
2026.09.27-10.19.31 FIGHTERS synced n=6 alive=6 own=4 enemy=2
2026.09.27-10.19.31 WS seq=12 phase=ACTION_MANEUVER (apply)
2026.09.27-10.19.31 SNAPSHOT applied seq=13 phase=ACTION_MANEUVER
2026.09.27-10.19.31 HANDLE_APPLIED #18 seq=13 decision=2 fightersValid=1 boardValid=1
2026.09.27-10.19.31 MODE seq=13 mode=0 combat=0 pending=1
2026.09.27-10.19.31 HUD seq=13 phase=ACTION_MANEUVER turn=opp hand=1 oppHand=2(hidden) oppDeck=25~ deck=25~ discard=4
2026.09.27-10.19.31 FIGHTERS synced n=6 alive=6 own=4 enemy=2
2026.09.27-10.19.31 WS seq=13 phase=ACTION_MANEUVER (apply)
2026.09.27-10.19.32 SNAPSHOT applied seq=14 phase=ACTION_MANEUVER
2026.09.27-10.19.32 HANDLE_APPLIED #19 seq=14 decision=2 fightersValid=1 boardValid=1
2026.09.27-10.19.32 MODE seq=14 mode=0 combat=0 pending=1
2026.09.27-10.19.32 HUD seq=14 phase=ACTION_MANEUVER turn=opp hand=1 oppHand=2(hidden) oppDeck=25~ deck=25~ discard=4
2026.09.27-10.19.32 FIGHTERS synced n=6 alive=6 own=4 enemy=2
2026.09.27-10.19.32 WS seq=14 phase=ACTION_MANEUVER (apply)
2026.09.27-10.19.32 SNAPSHOT applied seq=15 phase=ACTION_MANEUVER
2026.09.27-10.19.32 HANDLE_APPLIED #20 seq=15 decision=2 fightersValid=1 boardValid=1
2026.09.27-10.19.32 MODE seq=15 mode=0 combat=0 pending=1
2026.09.27-10.19.32 HUD seq=15 phase=ACTION_MANEUVER turn=opp hand=1 oppHand=2(hidden) oppDeck=25~ deck=25~ discard=4
2026.09.27-10.19.32 FIGHTERS synced n=6 alive=6 own=4 enemy=2
2026.09.27-10.19.32 WS seq=15 phase=ACTION_MANEUVER (apply)
2026.09.27-10.19.33 SNAPSHOT applied seq=16 phase=ACTION_MANEUVER
2026.09.27-10.19.33 HANDLE_APPLIED #21 seq=16 decision=2 fightersValid=1 boardValid=1
2026.09.27-10.19.33 MODE seq=16 mode=0 combat=0 pending=1
2026.09.27-10.19.33 HUD seq=16 phase=ACTION_MANEUVER turn=opp hand=1 oppHand=2(hidden) oppDeck=25~ deck=25~ discard=4
2026.09.27-10.19.33 FIGHTERS synced n=6 alive=6 own=4 enemy=2
2026.09.27-10.19.33 WS seq=16 phase=ACTION_MANEUVER (apply)
2026.09.27-10.19.33 SNAPSHOT applied seq=17 phase=ACTION_MANEUVER
2026.09.27-10.19.33 HANDLE_APPLIED #22 seq=17 decision=2 fightersValid=1 boardValid=1
2026.09.27-10.19.33 MODE seq=17 mode=0 combat=0 pending=1
2026.09.27-10.19.33 HUD seq=17 phase=ACTION_MANEUVER turn=opp hand=1 oppHand=2(hidden) oppDeck=25~ deck=25~ discard=4
2026.09.27-10.19.33 FIGHTERS synced n=6 alive=6 own=4 enemy=2
2026.09.27-10.19.33 WS seq=17 phase=ACTION_MANEUVER (apply)
2026.09.27-10.19.33 SNAPSHOT applied seq=18 phase=ACTION_MANEUVER
2026.09.27-10.19.33 HANDLE_APPLIED #23 seq=18 decision=2 fightersValid=1 boardValid=1
2026.09.27-10.19.33 MODE seq=18 mode=0 combat=0 pending=1
2026.09.27-10.19.33 HUD seq=18 phase=ACTION_MANEUVER turn=opp hand=1 oppHand=2(hidden) oppDeck=25~ deck=25~ discard=4
2026.09.27-10.19.33 FIGHTERS synced n=6 alive=6 own=4 enemy=2
2026.09.27-10.19.33 WS seq=18 phase=ACTION_MANEUVER (apply)
2026.09.27-10.19.33 SNAPSHOT applied seq=19 phase=ACTION_MANEUVER
2026.09.27-10.19.33 HANDLE_APPLIED #24 seq=19 decision=2 fightersValid=1 boardValid=1
2026.09.27-10.19.33 MODE seq=19 mode=0 combat=0 pending=0
2026.09.27-10.19.33 HUD seq=19 phase=ACTION_MANEUVER turn=you hand=1 oppHand=2(hidden) oppDeck=25~ deck=25~ discard=4
2026.09.27-10.19.33 FIGHTERS synced n=6 alive=6 own=4 enemy=2
2026.09.27-10.19.33 WS seq=19 phase=ACTION_MANEUVER (apply)
2026.09.27-10.19.33 S09AUTO own turn #1 (turnCount=3)
2026.09.27-10.19.33 S09AUTO attack (attacker=f-0-hero target-set card-set)
2026.09.27-10.19.33 ATTACK sent
2026.09.27-10.19.33 SNAPSHOT applied seq=20 phase=COMBAT
2026.09.27-10.19.33 HANDLE_APPLIED #25 seq=20 decision=2 fightersValid=1 boardValid=1
2026.09.27-10.19.33 closed mode=
2026.09.27-10.19.33 MODE seq=20 mode=0 combat=1 pending=0
2026.09.27-10.19.33 HUD seq=20 phase=COMBAT turn=you hand=0 oppHand=2(hidden) oppDeck=25 deck=25 discard=5
2026.09.27-10.19.33 FIGHTERS synced n=6 alive=6 own=4 enemy=2
2026.09.27-10.19.33 ATTACK done seq=20 (apply) phase=COMBAT
2026.09.27-10.19.33 SNAPSHOT applied seq=20 phase=COMBAT
2026.09.27-10.19.33 HANDLE_APPLIED #26 seq=20 decision=1 fightersValid=1 boardValid=1
2026.09.27-10.19.33 MODE seq=20 mode=0 combat=1 pending=0
2026.09.27-10.19.33 HUD seq=20 phase=COMBAT turn=you hand=0 oppHand=2(hidden) oppDeck=25 deck=25 discard=5
2026.09.27-10.19.33 FIGHTERS synced n=6 alive=6 own=4 enemy=2
2026.09.27-10.19.33 WS seq=20 phase=COMBAT (merge)
2026.09.27-10.19.33 SNAPSHOT applied seq=21 phase=ACTION_MANEUVER
2026.09.27-10.19.33 HANDLE_APPLIED #27 seq=21 decision=2 fightersValid=1 boardValid=1
2026.09.27-10.19.33 COMBAT-RESULT seq=21 damage=1 role=attacked
2026.09.27-10.19.33 MODE seq=21 mode=0 combat=0 pending=0
2026.09.27-10.19.33 HUD seq=21 phase=ACTION_MANEUVER turn=you hand=2 oppHand=2(hidden) oppDeck=25~ deck=25~ discard=5
2026.09.27-10.19.33 FIGHTERS synced n=6 alive=6 own=4 enemy=2
2026.09.27-10.19.33 CUE damage f-1-hero -1 seq=21
2026.09.27-10.19.33 WS seq=21 phase=ACTION_MANEUVER (apply)
2026.09.27-10.19.33 S09AUTO attack (attacker=f-0-hero target-set card-set)
2026.09.27-10.19.33 ATTACK sent
2026.09.27-10.19.33 SNAPSHOT applied seq=22 phase=COMBAT
2026.09.27-10.19.33 HANDLE_APPLIED #28 seq=22 decision=2 fightersValid=1 boardValid=1
2026.09.27-10.19.33 closed mode=
2026.09.27-10.19.33 MODE seq=22 mode=0 combat=1 pending=0
2026.09.27-10.19.33 HUD seq=22 phase=COMBAT turn=you hand=1 oppHand=2(hidden) oppDeck=25 deck=23 discard=6
2026.09.27-10.19.33 FIGHTERS synced n=6 alive=6 own=4 enemy=2
2026.09.27-10.19.33 ATTACK done seq=22 (apply) phase=COMBAT
2026.09.27-10.19.33 SNAPSHOT applied seq=22 phase=COMBAT
2026.09.27-10.19.33 HANDLE_APPLIED #29 seq=22 decision=1 fightersValid=1 boardValid=1
2026.09.27-10.19.33 MODE seq=22 mode=0 combat=1 pending=0
2026.09.27-10.19.33 HUD seq=22 phase=COMBAT turn=you hand=1 oppHand=2(hidden) oppDeck=25 deck=23 discard=6
2026.09.27-10.19.33 FIGHTERS synced n=6 alive=6 own=4 enemy=2
2026.09.27-10.19.33 WS seq=22 phase=COMBAT (merge)
2026.09.27-10.19.33 SNAPSHOT applied seq=23 phase=ACTION_MANEUVER
2026.09.27-10.19.33 HANDLE_APPLIED #30 seq=23 decision=2 fightersValid=1 boardValid=1
2026.09.27-10.19.33 COMBAT-RESULT seq=23 damage=2 role=attacked
2026.09.27-10.19.33 MODE seq=23 mode=0 combat=0 pending=0
2026.09.27-10.19.33 HUD seq=23 phase=ACTION_MANEUVER turn=opp hand=1 oppHand=2(hidden) oppDeck=25~ deck=23~ discard=6
2026.09.27-10.19.33 FIGHTERS synced n=6 alive=6 own=4 enemy=2
2026.09.27-10.19.33 CUE damage f-1-hero -2 seq=23
2026.09.27-10.19.33 WS seq=23 phase=ACTION_MANEUVER (apply)
2026.09.27-10.19.33 SNAPSHOT applied seq=24 phase=ACTION_MANEUVER
2026.09.27-10.19.33 HANDLE_APPLIED #31 seq=24 decision=2 fightersValid=1 boardValid=1
2026.09.27-10.19.33 MODE seq=24 mode=0 combat=0 pending=0
2026.09.27-10.19.33 HUD seq=24 phase=ACTION_MANEUVER turn=opp hand=1 oppHand=3(hidden) oppDeck=25~ deck=23~ discard=6
2026.09.27-10.19.33 FIGHTERS synced n=6 alive=6 own=4 enemy=2
2026.09.27-10.19.33 WS seq=24 phase=ACTION_MANEUVER (apply)
2026.09.27-10.19.35 SNAPSHOT applied seq=25 phase=ACTION_MANEUVER
2026.09.27-10.19.35 HANDLE_APPLIED #32 seq=25 decision=2 fightersValid=1 boardValid=1
2026.09.27-10.19.35 MODE seq=25 mode=0 combat=0 pending=0
2026.09.27-10.19.35 HUD seq=25 phase=ACTION_MANEUVER turn=opp hand=1 oppHand=3(hidden) oppDeck=25~ deck=23~ discard=6
2026.09.27-10.19.35 FIGHTERS synced n=6 alive=6 own=4 enemy=2
2026.09.27-10.19.35 WS seq=25 phase=ACTION_MANEUVER (apply)
2026.09.27-10.19.36 SNAPSHOT applied seq=26 phase=ACTION_MANEUVER
2026.09.27-10.19.36 HANDLE_APPLIED #33 seq=26 decision=2 fightersValid=1 boardValid=1
2026.09.27-10.19.36 MODE seq=26 mode=0 combat=0 pending=1
2026.09.27-10.19.36 HUD seq=26 phase=ACTION_MANEUVER turn=opp hand=1 oppHand=2(hidden) oppDeck=25~ deck=23~ discard=6
2026.09.27-10.19.36 FIGHTERS synced n=6 alive=6 own=4 enemy=2
2026.09.27-10.19.36 WS seq=26 phase=ACTION_MANEUVER (apply)
2026.09.27-10.19.37 SNAPSHOT applied seq=27 phase=ACTION_MANEUVER
2026.09.27-10.19.37 HANDLE_APPLIED #34 seq=27 decision=2 fightersValid=1 boardValid=1
2026.09.27-10.19.37 MODE seq=27 mode=0 combat=0 pending=1
2026.09.27-10.19.37 HUD seq=27 phase=ACTION_MANEUVER turn=opp hand=1 oppHand=4(hidden) oppDeck=25~ deck=23~ discard=6
2026.09.27-10.19.37 FIGHTERS synced n=6 alive=6 own=4 enemy=2
2026.09.27-10.19.37 WS seq=27 phase=ACTION_MANEUVER (apply)
2026.09.27-10.19.37 SNAPSHOT applied seq=28 phase=ACTION_MANEUVER
2026.09.27-10.19.37 HANDLE_APPLIED #35 seq=28 decision=2 fightersValid=1 boardValid=1
2026.09.27-10.19.37 MODE seq=28 mode=0 combat=0 pending=0
2026.09.27-10.19.37 HUD seq=28 phase=ACTION_MANEUVER turn=you hand=1 oppHand=4(hidden) oppDeck=25~ deck=23~ discard=6
2026.09.27-10.19.37 FIGHTERS synced n=6 alive=6 own=4 enemy=2
2026.09.27-10.19.37 WS seq=28 phase=ACTION_MANEUVER (apply)
2026.09.27-10.19.37 S09AUTO own turn #2 (turnCount=5)
2026.09.27-10.19.37 S09AUTO scheme
2026.09.27-10.19.37 SNAPSHOT applied seq=29 phase=ACTION_MANEUVER
2026.09.27-10.19.37 HANDLE_APPLIED #36 seq=29 decision=2 fightersValid=1 boardValid=1
2026.09.27-10.19.37 closed mode=
2026.09.27-10.19.37 MODE seq=29 mode=6 combat=0 pending=1
2026.09.27-10.19.37 HUD seq=29 phase=ACTION_MANEUVER turn=you hand=0 oppHand=4(hidden) oppDeck=22 deck=23 discard=7
2026.09.27-10.19.37 FIGHTERS synced n=6 alive=6 own=4 enemy=2
2026.09.27-10.19.37 SCHEME done seq=29 (apply) phase=ACTION_MANEUVER
2026.09.27-10.19.37 SNAPSHOT applied seq=29 phase=ACTION_MANEUVER
2026.09.27-10.19.37 HANDLE_APPLIED #37 seq=29 decision=1 fightersValid=1 boardValid=1
2026.09.27-10.19.37 MODE seq=29 mode=6 combat=0 pending=1
2026.09.27-10.19.37 HUD seq=29 phase=ACTION_MANEUVER turn=you hand=0 oppHand=4(hidden) oppDeck=22 deck=23 discard=7
2026.09.27-10.19.37 FIGHTERS synced n=6 alive=6 own=4 enemy=2
2026.09.27-10.19.37 WS seq=29 phase=ACTION_MANEUVER (merge)
2026.09.27-10.19.39 S09AUTO drive mode=6 plan=[attack+scheme] phase=ACTION_MANEUVER turn=cmuhntivg0000wib0anhqyswc
2026.09.27-10.19.39 S09AUTO pending-open shot (type=TARGET_FIGHTER stage=0 mode=)
2026.09.27-10.19.39 SHOT ctx viewport=1280x720 viewTarget=CameraActor_2147482375 cam=(0,1107,1582) rot=(-55,-90,0)
2026.09.27-10.19.39 SHOT fighter f-0-hero pos=(2,2) world=(0,-50,0) screen=(640,318) projected=1 alive=1
2026.09.27-10.19.39 SHOT fighter f-0-sk0 pos=(3,2) world=(100,-50,0) screen=(744,318) projected=1 alive=1
2026.09.27-10.19.39 SHOT fighter f-0-sk1 pos=(2,1) world=(0,-150,0) screen=(640,236) projected=1 alive=1
2026.09.27-10.19.39 SHOT fighter f-0-sk2 pos=(1,2) world=(-100,-50,0) screen=(536,318) projected=1 alive=1
2026.09.27-10.19.39 SHOT fighter f-1-hero pos=(2,3) world=(0,50,0) screen=(640,404) projected=1 alive=1
2026.09.27-10.19.39 SHOT fighter f-1-sk0 pos=(3,3) world=(100,50,0) screen=(747,404) projected=1 alive=1
2026.09.27-10.19.39 SHOT requested: FScreenshotRequest(bShowUI) -> C:\Users\ren\AppData\Local\Temp\s09-duel-20260927-151859-33024\host/s09-pending-TARGET_FIGHTER.png
2026.09.27-10.19.39 S09AUTO pending picked (type=TARGET_FIGHTER stage=0)
2026.09.27-10.19.39 PEND-RESOLVE sent type=TARGET_FIGHTER stage=0 id=cmuhgvgkg00sowi9giqzfy1hf-fullText-0-p0
2026.09.27-10.19.39 SNAPSHOT applied seq=30 phase=ACTION_MANEUVER
2026.09.27-10.19.39 HANDLE_APPLIED #38 seq=30 decision=2 fightersValid=1 boardValid=1
2026.09.27-10.19.39 closed mode=
2026.09.27-10.19.39 MODE seq=30 mode=0 combat=0 pending=0
2026.09.27-10.19.39 HUD seq=30 phase=ACTION_MANEUVER turn=you hand=0 oppHand=4(hidden) oppDeck=22~ deck=23~ discard=7
2026.09.27-10.19.39 FIGHTERS synced n=6 alive=6 own=4 enemy=2
2026.09.27-10.19.39 CUE damage f-0-hero -2 seq=30
2026.09.27-10.19.39 WS seq=30 phase=ACTION_MANEUVER (apply)
2026.09.27-10.19.39 SNAPSHOT applied seq=30 phase=ACTION_MANEUVER
2026.09.27-10.19.39 HANDLE_APPLIED #39 seq=30 decision=1 fightersValid=1 boardValid=1
2026.09.27-10.19.39 MODE seq=30 mode=0 combat=0 pending=0
2026.09.27-10.19.39 HUD seq=30 phase=ACTION_MANEUVER turn=you hand=0 oppHand=4(hidden) oppDeck=22 deck=23 discard=7
2026.09.27-10.19.39 FIGHTERS synced n=6 alive=6 own=4 enemy=2
2026.09.27-10.19.39 PEND resolve done seq=30 (merge) phase=ACTION_MANEUVER
2026.09.27-10.19.39 S09AUTO drive mode=0 plan=[attack+scheme] phase=ACTION_MANEUVER turn=cmuhntivg0000wib0anhqyswc
2026.09.27-10.19.39 SNAPSHOT applied seq=31 phase=ACTION_MANEUVER
2026.09.27-10.19.39 HANDLE_APPLIED #40 seq=31 decision=2 fightersValid=1 boardValid=1
2026.09.27-10.19.39 MANEUVER-DRAFT mode=maneuver:5:30
2026.09.27-10.19.39 DRAFT-OPEN draw committed (resume instead of begin)
2026.09.27-10.19.39 MODE seq=31 mode=1 combat=0 pending=0
2026.09.27-10.19.39 HUD seq=31 phase=ACTION_MANEUVER turn=you hand=1 oppHand=4(hidden) oppDeck=22 deck=22 discard=7
2026.09.27-10.19.39 FIGHTERS synced n=6 alive=6 own=4 enemy=2
2026.09.27-10.19.39 MANEUVER begin seq=31 (apply) pending=maneuver:5:30
2026.09.27-10.19.39 SNAPSHOT applied seq=31 phase=ACTION_MANEUVER
2026.09.27-10.19.39 HANDLE_APPLIED #41 seq=31 decision=1 fightersValid=1 boardValid=1
2026.09.27-10.19.39 MODE seq=31 mode=1 combat=0 pending=0
2026.09.27-10.19.39 HUD seq=31 phase=ACTION_MANEUVER turn=you hand=1 oppHand=4(hidden) oppDeck=22 deck=22 discard=7
2026.09.27-10.19.39 FIGHTERS synced n=6 alive=6 own=4 enemy=2
2026.09.27-10.19.39 WS seq=31 phase=ACTION_MANEUVER (merge)
2026.09.27-10.19.39 S09AUTO drive mode=1 plan=[attack+scheme] phase=ACTION_MANEUVER turn=cmuhntivg0000wib0anhqyswc
2026.09.27-10.19.40 S09AUTO draft-open shot (maneuver marker live)
2026.09.27-10.19.40 SHOT ctx viewport=1280x720 viewTarget=CameraActor_2147482375 cam=(0,1107,1582) rot=(-55,-90,0)
2026.09.27-10.19.40 SHOT fighter f-0-hero pos=(2,2) world=(0,-50,0) screen=(640,318) projected=1 alive=1
2026.09.27-10.19.40 SHOT fighter f-0-sk0 pos=(3,2) world=(100,-50,0) screen=(744,318) projected=1 alive=1
2026.09.27-10.19.40 SHOT fighter f-0-sk1 pos=(2,1) world=(0,-150,0) screen=(640,236) projected=1 alive=1
2026.09.27-10.19.40 SHOT fighter f-0-sk2 pos=(1,2) world=(-100,-50,0) screen=(536,318) projected=1 alive=1
2026.09.27-10.19.40 SHOT fighter f-1-hero pos=(2,3) world=(0,50,0) screen=(640,404) projected=1 alive=1
2026.09.27-10.19.40 SHOT fighter f-1-sk0 pos=(3,3) world=(100,50,0) screen=(747,404) projected=1 alive=1
2026.09.27-10.19.40 SHOT requested: FScreenshotRequest(bShowUI) -> C:\Users\ren\AppData\Local\Temp\s09-duel-20260927-151859-33024\host/s09-maneuver-draft-open.png
2026.09.27-10.19.40 S09AUTO approach: no improving legal step
2026.09.27-10.19.40 MANEUVER-CONFIRM moves=0 boost=none
2026.09.27-10.19.40 SNAPSHOT applied seq=32 phase=ACTION_MANEUVER
2026.09.27-10.19.40 HANDLE_APPLIED #42 seq=32 decision=2 fightersValid=1 boardValid=1
2026.09.27-10.19.40 closed mode=
2026.09.27-10.19.40 MODE seq=32 mode=0 combat=0 pending=0
2026.09.27-10.19.40 HUD seq=32 phase=ACTION_MANEUVER turn=opp hand=1 oppHand=4(hidden) oppDeck=22 deck=22 discard=7
2026.09.27-10.19.40 FIGHTERS synced n=6 alive=6 own=4 enemy=2
2026.09.27-10.19.40 MANEUVER done seq=32 (apply) fighters=6 boost=no
2026.09.27-10.19.40 SNAPSHOT applied seq=32 phase=ACTION_MANEUVER
2026.09.27-10.19.40 HANDLE_APPLIED #43 seq=32 decision=1 fightersValid=1 boardValid=1
2026.09.27-10.19.40 MODE seq=32 mode=0 combat=0 pending=0
2026.09.27-10.19.40 HUD seq=32 phase=ACTION_MANEUVER turn=opp hand=1 oppHand=4(hidden) oppDeck=22 deck=22 discard=7
2026.09.27-10.19.40 FIGHTERS synced n=6 alive=6 own=4 enemy=2
2026.09.27-10.19.40 WS seq=32 phase=ACTION_MANEUVER (merge)
2026.09.27-10.19.40 SNAPSHOT applied seq=33 phase=ACTION_MANEUVER
2026.09.27-10.19.40 HANDLE_APPLIED #44 seq=33 decision=2 fightersValid=1 boardValid=1
2026.09.27-10.19.40 MODE seq=33 mode=0 combat=0 pending=0
2026.09.27-10.19.40 HUD seq=33 phase=ACTION_MANEUVER turn=opp hand=1 oppHand=4(hidden) oppDeck=22~ deck=22~ discard=7
2026.09.27-10.19.40 FIGHTERS synced n=6 alive=6 own=4 enemy=2
2026.09.27-10.19.40 WS seq=33 phase=ACTION_MANEUVER (apply)
2026.09.27-10.19.41 SHOT ctx viewport=1280x720 viewTarget=CameraActor_2147482375 cam=(0,1107,1582) rot=(-55,-90,0)
2026.09.27-10.19.41 SHOT fighter f-0-hero pos=(2,2) world=(0,-50,0) screen=(640,318) projected=1 alive=1
2026.09.27-10.19.41 SHOT fighter f-0-sk0 pos=(3,2) world=(100,-50,0) screen=(744,318) projected=1 alive=1
2026.09.27-10.19.41 SHOT fighter f-0-sk1 pos=(2,1) world=(0,-150,0) screen=(640,236) projected=1 alive=1
2026.09.27-10.19.41 SHOT fighter f-0-sk2 pos=(1,2) world=(-100,-50,0) screen=(536,318) projected=1 alive=1
2026.09.27-10.19.41 SHOT fighter f-1-hero pos=(2,3) world=(0,50,0) screen=(640,404) projected=1 alive=1
2026.09.27-10.19.41 SHOT fighter f-1-sk0 pos=(3,3) world=(100,50,0) screen=(747,404) projected=1 alive=1
2026.09.27-10.19.41 SHOT requested: FScreenshotRequest(bShowUI) -> C:\Users\ren\AppData\Local\Temp\s09-duel-20260927-151859-33024\host/s09-hud-after-first-maneuver.png
2026.09.27-10.19.41 S09AUTO drive mode=0 plan=[attack+scheme] phase=ACTION_MANEUVER turn=cmuhntiwu0001wib0z281rpa8
2026.09.27-10.19.41 SNAPSHOT applied seq=34 phase=ACTION_MANEUVER
2026.09.27-10.19.41 HANDLE_APPLIED #45 seq=34 decision=2 fightersValid=1 boardValid=1
2026.09.27-10.19.41 MODE seq=34 mode=0 combat=0 pending=0
2026.09.27-10.19.41 HUD seq=34 phase=ACTION_MANEUVER turn=opp hand=1 oppHand=5(hidden) oppDeck=22~ deck=22~ discard=7
2026.09.27-10.19.41 FIGHTERS synced n=6 alive=6 own=4 enemy=2
2026.09.27-10.19.41 WS seq=34 phase=ACTION_MANEUVER (apply)
2026.09.27-10.19.42 SNAPSHOT applied seq=35 phase=ACTION_MANEUVER
2026.09.27-10.19.42 HANDLE_APPLIED #46 seq=35 decision=2 fightersValid=1 boardValid=1
2026.09.27-10.19.42 MODE seq=35 mode=0 combat=0 pending=0
2026.09.27-10.19.42 HUD seq=35 phase=ACTION_MANEUVER turn=you hand=1 oppHand=5(hidden) oppDeck=22~ deck=22~ discard=7
2026.09.27-10.19.42 FIGHTERS synced n=6 alive=6 own=4 enemy=2
2026.09.27-10.19.42 CUE move f-1-hero (2,3)->(1,3) seq=35
2026.09.27-10.19.42 WS seq=35 phase=ACTION_MANEUVER (apply)
2026.09.27-10.19.42 S09AUTO own turn #3 (turnCount=7)
2026.09.27-10.19.42 SNAPSHOT applied seq=36 phase=ACTION_MANEUVER
2026.09.27-10.19.42 HANDLE_APPLIED #47 seq=36 decision=2 fightersValid=1 boardValid=1
2026.09.27-10.19.42 MANEUVER-DRAFT mode=maneuver:7:35
2026.09.27-10.19.42 DRAFT-OPEN draw committed (resume instead of begin)
2026.09.27-10.19.42 MODE seq=36 mode=1 combat=0 pending=0
2026.09.27-10.19.42 HUD seq=36 phase=ACTION_MANEUVER turn=you hand=2 oppHand=5(hidden) oppDeck=20 deck=21 discard=7
2026.09.27-10.19.42 FIGHTERS synced n=6 alive=6 own=4 enemy=2
2026.09.27-10.19.42 MANEUVER begin seq=36 (apply) pending=maneuver:7:35
2026.09.27-10.19.42 SNAPSHOT applied seq=36 phase=ACTION_MANEUVER
2026.09.27-10.19.42 HANDLE_APPLIED #48 seq=36 decision=1 fightersValid=1 boardValid=1
2026.09.27-10.19.42 MODE seq=36 mode=1 combat=0 pending=0
2026.09.27-10.19.42 HUD seq=36 phase=ACTION_MANEUVER turn=you hand=2 oppHand=5(hidden) oppDeck=20 deck=21 discard=7
2026.09.27-10.19.42 FIGHTERS synced n=6 alive=6 own=4 enemy=2
2026.09.27-10.19.42 WS seq=36 phase=ACTION_MANEUVER (merge)
2026.09.27-10.19.42 S09AUTO drive mode=1 plan=[attack+scheme] phase=ACTION_MANEUVER turn=cmuhntivg0000wib0anhqyswc
2026.09.27-10.19.42 MANEUVER-CONFIRM moves=1 boost=none
2026.09.27-10.19.42 SNAPSHOT applied seq=37 phase=ACTION_MANEUVER
2026.09.27-10.19.42 HANDLE_APPLIED #49 seq=37 decision=2 fightersValid=1 boardValid=1
2026.09.27-10.19.42 closed mode=
2026.09.27-10.19.42 MODE seq=37 mode=0 combat=0 pending=0
2026.09.27-10.19.42 HUD seq=37 phase=ACTION_MANEUVER turn=you hand=2 oppHand=5(hidden) oppDeck=20 deck=21 discard=7
2026.09.27-10.19.42 FIGHTERS synced n=6 alive=6 own=4 enemy=2
2026.09.27-10.19.42 CUE move f-0-hero (2,2)->(2,3) seq=37
2026.09.27-10.19.42 MANEUVER done seq=37 (apply) fighters=6 boost=no
2026.09.27-10.19.42 SNAPSHOT applied seq=37 phase=ACTION_MANEUVER
2026.09.27-10.19.42 HANDLE_APPLIED #50 seq=37 decision=1 fightersValid=1 boardValid=1
2026.09.27-10.19.42 MODE seq=37 mode=0 combat=0 pending=0
2026.09.27-10.19.42 HUD seq=37 phase=ACTION_MANEUVER turn=you hand=2 oppHand=5(hidden) oppDeck=20 deck=21 discard=7
2026.09.27-10.19.42 FIGHTERS synced n=6 alive=6 own=4 enemy=2
2026.09.27-10.19.42 WS seq=37 phase=ACTION_MANEUVER (merge)
2026.09.27-10.19.43 S09AUTO drive mode=0 plan=[attack+scheme] phase=ACTION_MANEUVER turn=cmuhntivg0000wib0anhqyswc
2026.09.27-10.19.43 S09AUTO attack (attacker=f-0-hero target-set card-set)
2026.09.27-10.19.43 ATTACK sent
2026.09.27-10.19.43 SNAPSHOT applied seq=38 phase=COMBAT
2026.09.27-10.19.43 HANDLE_APPLIED #51 seq=38 decision=2 fightersValid=1 boardValid=1
2026.09.27-10.19.43 closed mode=
2026.09.27-10.19.43 MODE seq=38 mode=0 combat=1 pending=0
2026.09.27-10.19.43 HUD seq=38 phase=COMBAT turn=you hand=1 oppHand=5(hidden) oppDeck=20 deck=21 discard=8
2026.09.27-10.19.43 FIGHTERS synced n=6 alive=6 own=4 enemy=2
2026.09.27-10.19.43 ATTACK done seq=38 (apply) phase=COMBAT
2026.09.27-10.19.43 SNAPSHOT applied seq=38 phase=COMBAT
2026.09.27-10.19.43 HANDLE_APPLIED #52 seq=38 decision=1 fightersValid=1 boardValid=1
2026.09.27-10.19.43 MODE seq=38 mode=0 combat=1 pending=0
2026.09.27-10.19.43 HUD seq=38 phase=COMBAT turn=you hand=1 oppHand=5(hidden) oppDeck=20 deck=21 discard=8
2026.09.27-10.19.43 FIGHTERS synced n=6 alive=6 own=4 enemy=2
2026.09.27-10.19.43 WS seq=38 phase=COMBAT (merge)
2026.09.27-10.19.43 SNAPSHOT applied seq=39 phase=COMBAT_RESOLVE
2026.09.27-10.19.43 HANDLE_APPLIED #53 seq=39 decision=2 fightersValid=1 boardValid=1
2026.09.27-10.19.43 closed mode=
2026.09.27-10.19.43 MODE seq=39 mode=6 combat=1 pending=1
2026.09.27-10.19.43 HUD seq=39 phase=COMBAT_RESOLVE turn=you hand=1 oppHand=5(hidden) oppDeck=20~ deck=21~ discard=8
2026.09.27-10.19.43 FIGHTERS synced n=6 alive=6 own=4 enemy=2
2026.09.27-10.19.43 CUE damage f-1-hero -3 seq=39
2026.09.27-10.19.43 WS seq=39 phase=COMBAT_RESOLVE (apply)
2026.09.27-10.19.43 S09AUTO drive mode=6 plan=[attack+scheme] phase=COMBAT_RESOLVE turn=cmuhntivg0000wib0anhqyswc
2026.09.27-10.19.43 S09AUTO pending-open shot (type=MOVE stage=0 mode=)
2026.09.27-10.19.43 SHOT ctx viewport=1280x720 viewTarget=CameraActor_2147482375 cam=(0,1107,1582) rot=(-55,-90,0)
2026.09.27-10.19.43 SHOT fighter f-0-hero pos=(2,3) world=(0,50,0) screen=(640,404) projected=1 alive=1
2026.09.27-10.19.43 SHOT fighter f-0-sk0 pos=(3,2) world=(100,-50,0) screen=(744,318) projected=1 alive=1
2026.09.27-10.19.43 SHOT fighter f-0-sk1 pos=(2,1) world=(0,-150,0) screen=(640,236) projected=1 alive=1
2026.09.27-10.19.43 SHOT fighter f-0-sk2 pos=(1,2) world=(-100,-50,0) screen=(536,318) projected=1 alive=1
2026.09.27-10.19.43 SHOT fighter f-1-hero pos=(1,3) world=(-100,50,0) screen=(533,404) projected=1 alive=1
2026.09.27-10.19.43 SHOT fighter f-1-sk0 pos=(3,3) world=(100,50,0) screen=(747,404) projected=1 alive=1
2026.09.27-10.19.43 SHOT requested: FScreenshotRequest(bShowUI) -> C:\Users\ren\AppData\Local\Temp\s09-duel-20260927-151859-33024\host/s09-pending-MOVE.png
2026.09.27-10.19.43 S09AUTO pending picked (type=MOVE stage=0)
2026.09.27-10.19.43 PEND-RESOLVE sent type=MOVE stage=0 id=cmuhgvgko00t6wi9gliac8gv6-after-0-p0
2026.09.27-10.19.43 SNAPSHOT applied seq=40 phase=ACTION_MANEUVER
2026.09.27-10.19.43 HANDLE_APPLIED #54 seq=40 decision=2 fightersValid=1 boardValid=1
2026.09.27-10.19.43 COMBAT-RESULT seq=40 damage=0 role=attacked
2026.09.27-10.19.43 closed mode=
2026.09.27-10.19.43 MODE seq=40 mode=0 combat=0 pending=0
2026.09.27-10.19.43 HUD seq=40 phase=ACTION_MANEUVER turn=opp hand=1 oppHand=5(hidden) oppDeck=20 deck=21 discard=8
2026.09.27-10.19.43 FIGHTERS synced n=6 alive=6 own=4 enemy=2
2026.09.27-10.19.43 PEND resolve done seq=40 (apply) phase=ACTION_MANEUVER
2026.09.27-10.19.43 SNAPSHOT applied seq=40 phase=ACTION_MANEUVER
2026.09.27-10.19.43 HANDLE_APPLIED #55 seq=40 decision=1 fightersValid=1 boardValid=1
2026.09.27-10.19.43 MODE seq=40 mode=0 combat=0 pending=0
2026.09.27-10.19.43 HUD seq=40 phase=ACTION_MANEUVER turn=opp hand=1 oppHand=5(hidden) oppDeck=20 deck=21 discard=8
2026.09.27-10.19.43 FIGHTERS synced n=6 alive=6 own=4 enemy=2
2026.09.27-10.19.43 WS seq=40 phase=ACTION_MANEUVER (merge)
2026.09.27-10.19.43 S09AUTO drive mode=0 plan=[attack+scheme] phase=ACTION_MANEUVER turn=cmuhntiwu0001wib0z281rpa8
2026.09.27-10.19.43 SNAPSHOT applied seq=41 phase=ACTION_MANEUVER
2026.09.27-10.19.43 HANDLE_APPLIED #56 seq=41 decision=2 fightersValid=1 boardValid=1
2026.09.27-10.19.43 MODE seq=41 mode=0 combat=0 pending=0
2026.09.27-10.19.43 HUD seq=41 phase=ACTION_MANEUVER turn=opp hand=1 oppHand=6(hidden) oppDeck=20~ deck=21~ discard=8
2026.09.27-10.19.43 FIGHTERS synced n=6 alive=6 own=4 enemy=2
2026.09.27-10.19.43 WS seq=41 phase=ACTION_MANEUVER (apply)
2026.09.27-10.19.43 SNAPSHOT applied seq=42 phase=ACTION_MANEUVER
2026.09.27-10.19.43 HANDLE_APPLIED #57 seq=42 decision=2 fightersValid=1 boardValid=1
2026.09.27-10.19.43 MODE seq=42 mode=0 combat=0 pending=0
2026.09.27-10.19.43 HUD seq=42 phase=ACTION_MANEUVER turn=opp hand=1 oppHand=6(hidden) oppDeck=20~ deck=21~ discard=8
2026.09.27-10.19.43 FIGHTERS synced n=6 alive=6 own=4 enemy=2
2026.09.27-10.19.43 CUE move f-1-hero (1,3)->(0,3) seq=42
2026.09.27-10.19.43 WS seq=42 phase=ACTION_MANEUVER (apply)
2026.09.27-10.19.45 SNAPSHOT applied seq=43 phase=ACTION_MANEUVER
2026.09.27-10.19.45 HANDLE_APPLIED #58 seq=43 decision=2 fightersValid=1 boardValid=1
2026.09.27-10.19.45 MODE seq=43 mode=0 combat=0 pending=0
2026.09.27-10.19.45 HUD seq=43 phase=ACTION_MANEUVER turn=opp hand=1 oppHand=7(hidden) oppDeck=20~ deck=21~ discard=8
2026.09.27-10.19.45 FIGHTERS synced n=6 alive=6 own=4 enemy=2
2026.09.27-10.19.45 WS seq=43 phase=ACTION_MANEUVER (apply)
2026.09.27-10.19.45 SNAPSHOT applied seq=44 phase=ACTION_MANEUVER
2026.09.27-10.19.45 HANDLE_APPLIED #59 seq=44 decision=2 fightersValid=1 boardValid=1
2026.09.27-10.19.45 closed mode=
2026.09.27-10.19.45 MODE seq=44 mode=6 combat=0 pending=1
2026.09.27-10.19.45 HUD seq=44 phase=ACTION_MANEUVER turn=you hand=1 oppHand=7(hidden) oppDeck=20~ deck=21~ discard=8
2026.09.27-10.19.45 FIGHTERS synced n=6 alive=6 own=4 enemy=2
2026.09.27-10.19.45 CUE move f-1-hero (0,3)->(1,3) seq=44
2026.09.27-10.19.45 WS seq=44 phase=ACTION_MANEUVER (apply)
2026.09.27-10.19.45 S09AUTO drive mode=6 plan=[attack+scheme] phase=ACTION_MANEUVER turn=cmuhntivg0000wib0anhqyswc
2026.09.27-10.19.45 S09AUTO own turn #4 (turnCount=9)
2026.09.27-10.19.45 S09AUTO pending picked (type=TARGET_FIGHTER stage=0)
2026.09.27-10.19.45 PEND-RESOLVE sent type=TARGET_FIGHTER stage=0 id=ability-medusa-target-p0
2026.09.27-10.19.45 SNAPSHOT applied seq=45 phase=ACTION_MANEUVER
2026.09.27-10.19.45 HANDLE_APPLIED #60 seq=45 decision=2 fightersValid=1 boardValid=1
2026.09.27-10.19.45 closed mode=
2026.09.27-10.19.45 MODE seq=45 mode=0 combat=0 pending=0
2026.09.27-10.19.45 HUD seq=45 phase=ACTION_MANEUVER turn=you hand=1 oppHand=7(hidden) oppDeck=18 deck=21 discard=8
2026.09.27-10.19.45 FIGHTERS synced n=6 alive=6 own=4 enemy=2
2026.09.27-10.19.45 CUE damage f-1-hero -1 seq=45
2026.09.27-10.19.45 PEND resolve done seq=45 (apply) phase=ACTION_MANEUVER
2026.09.27-10.19.45 SNAPSHOT applied seq=45 phase=ACTION_MANEUVER
2026.09.27-10.19.45 HANDLE_APPLIED #61 seq=45 decision=1 fightersValid=1 boardValid=1
2026.09.27-10.19.45 MODE seq=45 mode=0 combat=0 pending=0
2026.09.27-10.19.45 HUD seq=45 phase=ACTION_MANEUVER turn=you hand=1 oppHand=7(hidden) oppDeck=18 deck=21 discard=8
2026.09.27-10.19.45 FIGHTERS synced n=6 alive=6 own=4 enemy=2
2026.09.27-10.19.45 WS seq=45 phase=ACTION_MANEUVER (merge)
2026.09.27-10.19.45 S09AUTO drive mode=0 plan=[attack+scheme] phase=ACTION_MANEUVER turn=cmuhntivg0000wib0anhqyswc
2026.09.27-10.19.45 SNAPSHOT applied seq=46 phase=ACTION_MANEUVER
2026.09.27-10.19.45 HANDLE_APPLIED #62 seq=46 decision=2 fightersValid=1 boardValid=1
2026.09.27-10.19.45 MANEUVER-DRAFT mode=maneuver:9:45
2026.09.27-10.19.45 DRAFT-OPEN draw committed (resume instead of begin)
2026.09.27-10.19.45 MODE seq=46 mode=1 combat=0 pending=0
2026.09.27-10.19.45 HUD seq=46 phase=ACTION_MANEUVER turn=you hand=2 oppHand=7(hidden) oppDeck=18 deck=20 discard=8
2026.09.27-10.19.45 FIGHTERS synced n=6 alive=6 own=4 enemy=2
2026.09.27-10.19.45 MANEUVER begin seq=46 (apply) pending=maneuver:9:45
2026.09.27-10.19.45 SNAPSHOT applied seq=46 phase=ACTION_MANEUVER
2026.09.27-10.19.45 HANDLE_APPLIED #63 seq=46 decision=1 fightersValid=1 boardValid=1
2026.09.27-10.19.45 MODE seq=46 mode=1 combat=0 pending=0
2026.09.27-10.19.45 HUD seq=46 phase=ACTION_MANEUVER turn=you hand=2 oppHand=7(hidden) oppDeck=18 deck=20 discard=8
2026.09.27-10.19.45 FIGHTERS synced n=6 alive=6 own=4 enemy=2
2026.09.27-10.19.45 WS seq=46 phase=ACTION_MANEUVER (merge)
2026.09.27-10.19.45 S09AUTO drive mode=1 plan=[attack+scheme] phase=ACTION_MANEUVER turn=cmuhntivg0000wib0anhqyswc
2026.09.27-10.19.45 MANEUVER-CONFIRM moves=1 boost=none
2026.09.27-10.19.45 SNAPSHOT applied seq=47 phase=ACTION_MANEUVER
2026.09.27-10.19.45 HANDLE_APPLIED #64 seq=47 decision=2 fightersValid=1 boardValid=1
2026.09.27-10.19.45 closed mode=
2026.09.27-10.19.45 MODE seq=47 mode=0 combat=0 pending=0
2026.09.27-10.19.45 HUD seq=47 phase=ACTION_MANEUVER turn=you hand=2 oppHand=7(hidden) oppDeck=18 deck=20 discard=8
2026.09.27-10.19.45 FIGHTERS synced n=6 alive=6 own=4 enemy=2
2026.09.27-10.19.45 CUE move f-0-hero (2,3)->(2,4) seq=47
2026.09.27-10.19.45 MANEUVER done seq=47 (apply) fighters=6 boost=no
2026.09.27-10.19.45 SNAPSHOT applied seq=47 phase=ACTION_MANEUVER
2026.09.27-10.19.45 HANDLE_APPLIED #65 seq=47 decision=1 fightersValid=1 boardValid=1
2026.09.27-10.19.45 MODE seq=47 mode=0 combat=0 pending=0
2026.09.27-10.19.45 HUD seq=47 phase=ACTION_MANEUVER turn=you hand=2 oppHand=7(hidden) oppDeck=18 deck=20 discard=8
2026.09.27-10.19.45 FIGHTERS synced n=6 alive=6 own=4 enemy=2
2026.09.27-10.19.45 WS seq=47 phase=ACTION_MANEUVER (merge)
2026.09.27-10.19.46 S09AUTO drive mode=0 plan=[attack+scheme] phase=ACTION_MANEUVER turn=cmuhntivg0000wib0anhqyswc
2026.09.27-10.19.46 S09AUTO scheme
2026.09.27-10.19.46 SNAPSHOT applied seq=48 phase=ACTION_MANEUVER
2026.09.27-10.19.46 HANDLE_APPLIED #66 seq=48 decision=2 fightersValid=1 boardValid=1
2026.09.27-10.19.46 closed mode=
2026.09.27-10.19.46 MODE seq=48 mode=6 combat=0 pending=1
2026.09.27-10.19.46 HUD seq=48 phase=ACTION_MANEUVER turn=you hand=1 oppHand=7(hidden) oppDeck=18~ deck=20~ discard=9
2026.09.27-10.19.46 FIGHTERS synced n=6 alive=6 own=4 enemy=2
2026.09.27-10.19.46 WS seq=48 phase=ACTION_MANEUVER (apply)
2026.09.27-10.19.46 SNAPSHOT applied seq=48 phase=ACTION_MANEUVER
2026.09.27-10.19.46 HANDLE_APPLIED #67 seq=48 decision=1 fightersValid=1 boardValid=1
2026.09.27-10.19.46 MODE seq=48 mode=6 combat=0 pending=1
2026.09.27-10.19.46 HUD seq=48 phase=ACTION_MANEUVER turn=you hand=1 oppHand=7(hidden) oppDeck=18 deck=20 discard=9
2026.09.27-10.19.46 FIGHTERS synced n=6 alive=6 own=4 enemy=2
2026.09.27-10.19.46 SCHEME done seq=48 (merge) phase=ACTION_MANEUVER
2026.09.27-10.19.48 S09AUTO drive mode=6 plan=[attack+scheme] phase=ACTION_MANEUVER turn=cmuhntivg0000wib0anhqyswc
2026.09.27-10.19.48 S09AUTO pending picked (type=TARGET_FIGHTER stage=0)
2026.09.27-10.19.48 PEND-RESOLVE sent type=TARGET_FIGHTER stage=0 id=cmuhgvgkg00sowi9giqzfy1hf-fullText-0-p0
2026.09.27-10.19.48 SNAPSHOT applied seq=49 phase=ACTION_MANEUVER
2026.09.27-10.19.48 HANDLE_APPLIED #68 seq=49 decision=2 fightersValid=1 boardValid=1
2026.09.27-10.19.48 closed mode=
2026.09.27-10.19.48 MODE seq=49 mode=0 combat=0 pending=0
2026.09.27-10.19.48 HUD seq=49 phase=ACTION_MANEUVER turn=opp hand=1 oppHand=7(hidden) oppDeck=18 deck=20 discard=9
2026.09.27-10.19.48 FIGHTERS synced n=6 alive=6 own=4 enemy=2
2026.09.27-10.19.48 CUE damage f-0-hero -2 seq=49
2026.09.27-10.19.48 PEND resolve done seq=49 (apply) phase=ACTION_MANEUVER
2026.09.27-10.19.48 SNAPSHOT applied seq=49 phase=ACTION_MANEUVER
2026.09.27-10.19.48 HANDLE_APPLIED #69 seq=49 decision=1 fightersValid=1 boardValid=1
2026.09.27-10.19.48 MODE seq=49 mode=0 combat=0 pending=0
2026.09.27-10.19.48 HUD seq=49 phase=ACTION_MANEUVER turn=opp hand=1 oppHand=7(hidden) oppDeck=18 deck=20 discard=9
2026.09.27-10.19.48 FIGHTERS synced n=6 alive=6 own=4 enemy=2
2026.09.27-10.19.48 WS seq=49 phase=ACTION_MANEUVER (merge)
2026.09.27-10.19.48 S09AUTO drive mode=0 plan=[attack+scheme] phase=ACTION_MANEUVER turn=cmuhntiwu0001wib0z281rpa8
2026.09.27-10.19.48 SNAPSHOT applied seq=50 phase=ACTION_MANEUVER
2026.09.27-10.19.48 HANDLE_APPLIED #70 seq=50 decision=2 fightersValid=1 boardValid=1
2026.09.27-10.19.48 MODE seq=50 mode=0 combat=0 pending=0
2026.09.27-10.19.48 HUD seq=50 phase=ACTION_MANEUVER turn=opp hand=1 oppHand=8(hidden) oppDeck=18~ deck=20~ discard=9
2026.09.27-10.19.48 FIGHTERS synced n=6 alive=6 own=4 enemy=2
2026.09.27-10.19.48 WS seq=50 phase=ACTION_MANEUVER (apply)
2026.09.27-10.19.48 SNAPSHOT applied seq=51 phase=ACTION_MANEUVER
2026.09.27-10.19.48 HANDLE_APPLIED #71 seq=51 decision=2 fightersValid=1 boardValid=1
2026.09.27-10.19.48 MODE seq=51 mode=0 combat=0 pending=0
2026.09.27-10.19.48 HUD seq=51 phase=ACTION_MANEUVER turn=opp hand=1 oppHand=8(hidden) oppDeck=18~ deck=20~ discard=9
2026.09.27-10.19.48 FIGHTERS synced n=6 alive=6 own=4 enemy=2
2026.09.27-10.19.48 CUE move f-1-hero (1,3)->(2,3) seq=51
2026.09.27-10.19.48 WS seq=51 phase=ACTION_MANEUVER (apply)
2026.09.27-10.19.49 SNAPSHOT applied seq=52 phase=ACTION_MANEUVER
2026.09.27-10.19.49 HANDLE_APPLIED #72 seq=52 decision=2 fightersValid=1 boardValid=1
2026.09.27-10.19.49 MODE seq=52 mode=0 combat=0 pending=0
2026.09.27-10.19.49 HUD seq=52 phase=ACTION_MANEUVER turn=opp hand=1 oppHand=9(hidden) oppDeck=18~ deck=20~ discard=9
2026.09.27-10.19.49 FIGHTERS synced n=6 alive=6 own=4 enemy=2
2026.09.27-10.19.49 WS seq=52 phase=ACTION_MANEUVER (apply)
2026.09.27-10.19.49 SNAPSHOT applied seq=53 phase=TURN_END
2026.09.27-10.19.49 HANDLE_APPLIED #73 seq=53 decision=2 fightersValid=1 boardValid=1
2026.09.27-10.19.49 MODE seq=53 mode=0 combat=0 pending=0
2026.09.27-10.19.49 HUD seq=53 phase=TURN_END turn=opp hand=1 oppHand=9(hidden) oppDeck=18~ deck=20~ discard=9 pendingDiscard=2
2026.09.27-10.19.49 FIGHTERS synced n=6 alive=6 own=4 enemy=2
2026.09.27-10.19.49 CUE move f-1-hero (2,3)->(1,3) seq=53
2026.09.27-10.19.49 WS seq=53 phase=TURN_END (apply)
2026.09.27-10.19.50 SNAPSHOT applied seq=54 phase=ACTION_MANEUVER
2026.09.27-10.19.50 HANDLE_APPLIED #74 seq=54 decision=2 fightersValid=1 boardValid=1
2026.09.27-10.19.50 closed mode=
2026.09.27-10.19.50 MODE seq=54 mode=6 combat=0 pending=1
2026.09.27-10.19.50 HUD seq=54 phase=ACTION_MANEUVER turn=you hand=1 oppHand=7(hidden) oppDeck=18~ deck=20~ discard=9
2026.09.27-10.19.50 FIGHTERS synced n=6 alive=6 own=4 enemy=2
2026.09.27-10.19.50 WS seq=54 phase=ACTION_MANEUVER (apply)
2026.09.27-10.19.50 S09AUTO drive mode=6 plan=[attack+scheme] phase=ACTION_MANEUVER turn=cmuhntivg0000wib0anhqyswc
2026.09.27-10.19.50 S09AUTO own turn #5 (turnCount=11)
2026.09.27-10.19.50 S09AUTO pending picked (type=TARGET_FIGHTER stage=0)
2026.09.27-10.19.50 PEND-RESOLVE sent type=TARGET_FIGHTER stage=0 id=ability-medusa-target-p0
2026.09.27-10.19.51 SNAPSHOT applied seq=55 phase=ACTION_MANEUVER
2026.09.27-10.19.51 HANDLE_APPLIED #75 seq=55 decision=2 fightersValid=1 boardValid=1
2026.09.27-10.19.51 closed mode=
2026.09.27-10.19.51 MODE seq=55 mode=0 combat=0 pending=0
2026.09.27-10.19.51 HUD seq=55 phase=ACTION_MANEUVER turn=you hand=1 oppHand=7(hidden) oppDeck=16 deck=20 discard=9
2026.09.27-10.19.51 FIGHTERS synced n=6 alive=6 own=4 enemy=2
2026.09.27-10.19.51 CUE damage f-1-hero -1 seq=55
2026.09.27-10.19.51 PEND resolve done seq=55 (apply) phase=ACTION_MANEUVER
2026.09.27-10.19.51 SNAPSHOT applied seq=55 phase=ACTION_MANEUVER
2026.09.27-10.19.51 HANDLE_APPLIED #76 seq=55 decision=1 fightersValid=1 boardValid=1
2026.09.27-10.19.51 MODE seq=55 mode=0 combat=0 pending=0
2026.09.27-10.19.51 HUD seq=55 phase=ACTION_MANEUVER turn=you hand=1 oppHand=7(hidden) oppDeck=16 deck=20 discard=9
2026.09.27-10.19.51 FIGHTERS synced n=6 alive=6 own=4 enemy=2
2026.09.27-10.19.51 WS seq=55 phase=ACTION_MANEUVER (merge)
2026.09.27-10.19.51 S09AUTO drive mode=0 plan=[attack+scheme] phase=ACTION_MANEUVER turn=cmuhntivg0000wib0anhqyswc
2026.09.27-10.19.51 SNAPSHOT applied seq=56 phase=ACTION_MANEUVER
2026.09.27-10.19.51 HANDLE_APPLIED #77 seq=56 decision=2 fightersValid=1 boardValid=1
2026.09.27-10.19.51 MANEUVER-DRAFT mode=maneuver:11:55
2026.09.27-10.19.51 DRAFT-OPEN draw committed (resume instead of begin)
2026.09.27-10.19.51 MODE seq=56 mode=1 combat=0 pending=0
2026.09.27-10.19.51 HUD seq=56 phase=ACTION_MANEUVER turn=you hand=2 oppHand=7(hidden) oppDeck=16 deck=19 discard=9
2026.09.27-10.19.51 FIGHTERS synced n=6 alive=6 own=4 enemy=2
2026.09.27-10.19.51 MANEUVER begin seq=56 (apply) pending=maneuver:11:55
2026.09.27-10.19.51 SNAPSHOT applied seq=56 phase=ACTION_MANEUVER
2026.09.27-10.19.51 HANDLE_APPLIED #78 seq=56 decision=1 fightersValid=1 boardValid=1
2026.09.27-10.19.51 MODE seq=56 mode=1 combat=0 pending=0
2026.09.27-10.19.51 HUD seq=56 phase=ACTION_MANEUVER turn=you hand=2 oppHand=7(hidden) oppDeck=16 deck=19 discard=9
2026.09.27-10.19.51 FIGHTERS synced n=6 alive=6 own=4 enemy=2
2026.09.27-10.19.51 WS seq=56 phase=ACTION_MANEUVER (merge)
2026.09.27-10.19.51 S09AUTO drive mode=1 plan=[attack+scheme] phase=ACTION_MANEUVER turn=cmuhntivg0000wib0anhqyswc
2026.09.27-10.19.51 MANEUVER-CONFIRM moves=1 boost=none
2026.09.27-10.19.51 SNAPSHOT applied seq=57 phase=ACTION_MANEUVER
2026.09.27-10.19.51 HANDLE_APPLIED #79 seq=57 decision=2 fightersValid=1 boardValid=1
2026.09.27-10.19.51 closed mode=
2026.09.27-10.19.51 MODE seq=57 mode=0 combat=0 pending=0
2026.09.27-10.19.51 HUD seq=57 phase=ACTION_MANEUVER turn=you hand=2 oppHand=7(hidden) oppDeck=16 deck=19 discard=9
2026.09.27-10.19.51 FIGHTERS synced n=6 alive=6 own=4 enemy=2
2026.09.27-10.19.51 CUE move f-0-hero (2,4)->(1,4) seq=57
2026.09.27-10.19.51 MANEUVER done seq=57 (apply) fighters=6 boost=no
2026.09.27-10.19.51 SNAPSHOT applied seq=57 phase=ACTION_MANEUVER
2026.09.27-10.19.51 HANDLE_APPLIED #80 seq=57 decision=1 fightersValid=1 boardValid=1
2026.09.27-10.19.51 MODE seq=57 mode=0 combat=0 pending=0
2026.09.27-10.19.51 HUD seq=57 phase=ACTION_MANEUVER turn=you hand=2 oppHand=7(hidden) oppDeck=16 deck=19 discard=9
2026.09.27-10.19.51 FIGHTERS synced n=6 alive=6 own=4 enemy=2
2026.09.27-10.19.51 WS seq=57 phase=ACTION_MANEUVER (merge)
2026.09.27-10.19.52 S09AUTO drive mode=0 plan=[attack+scheme] phase=ACTION_MANEUVER turn=cmuhntivg0000wib0anhqyswc
2026.09.27-10.19.52 S09AUTO attack (attacker=f-0-hero target-set card-set)
2026.09.27-10.19.52 ATTACK sent
2026.09.27-10.19.52 SNAPSHOT applied seq=58 phase=COMBAT
2026.09.27-10.19.52 HANDLE_APPLIED #81 seq=58 decision=2 fightersValid=1 boardValid=1
2026.09.27-10.19.52 closed mode=
2026.09.27-10.19.52 MODE seq=58 mode=0 combat=1 pending=0
2026.09.27-10.19.52 HUD seq=58 phase=COMBAT turn=you hand=1 oppHand=7(hidden) oppDeck=16 deck=19 discard=10
2026.09.27-10.19.52 FIGHTERS synced n=6 alive=6 own=4 enemy=2
2026.09.27-10.19.52 ATTACK done seq=58 (apply) phase=COMBAT
2026.09.27-10.19.52 SNAPSHOT applied seq=58 phase=COMBAT
2026.09.27-10.19.52 HANDLE_APPLIED #82 seq=58 decision=1 fightersValid=1 boardValid=1
2026.09.27-10.19.52 MODE seq=58 mode=0 combat=1 pending=0
2026.09.27-10.19.52 HUD seq=58 phase=COMBAT turn=you hand=1 oppHand=7(hidden) oppDeck=16 deck=19 discard=10
2026.09.27-10.19.52 FIGHTERS synced n=6 alive=6 own=4 enemy=2
2026.09.27-10.19.52 WS seq=58 phase=COMBAT (merge)
2026.09.27-10.19.52 SNAPSHOT applied seq=59 phase=COMBAT_RESOLVE
2026.09.27-10.19.52 HANDLE_APPLIED #83 seq=59 decision=2 fightersValid=1 boardValid=1
2026.09.27-10.19.52 closed mode=
2026.09.27-10.19.52 MODE seq=59 mode=5 combat=1 pending=0
2026.09.27-10.19.52 HUD seq=59 phase=COMBAT_RESOLVE turn=you hand=1 oppHand=6(hidden) oppDeck=16~ deck=19~ discard=10
2026.09.27-10.19.52 FIGHTERS synced n=6 alive=6 own=4 enemy=2
2026.09.27-10.19.52 WS seq=59 phase=COMBAT_RESOLVE (apply)
2026.09.27-10.19.52 S09AUTO drive mode=5 plan=[attack+scheme] phase=COMBAT_RESOLVE turn=cmuhntivg0000wib0anhqyswc
2026.09.27-10.19.52 SNAPSHOT applied seq=60 phase=COMBAT_RESOLVE
2026.09.27-10.19.52 HANDLE_APPLIED #84 seq=60 decision=2 fightersValid=1 boardValid=1
2026.09.27-10.19.52 MODE seq=60 mode=5 combat=1 pending=1
2026.09.27-10.19.52 HUD seq=60 phase=COMBAT_RESOLVE turn=you hand=1 oppHand=6(hidden) oppDeck=16~ deck=19~ discard=10
2026.09.27-10.19.52 RESOLVE panel revealed: A2+B0 vs D3
2026.09.27-10.19.52 FIGHTERS synced n=6 alive=6 own=4 enemy=2
2026.09.27-10.19.52 WS seq=60 phase=COMBAT_RESOLVE (apply)
2026.09.27-10.19.52 SNAPSHOT applied seq=61 phase=ACTION_MANEUVER
2026.09.27-10.19.52 HANDLE_APPLIED #85 seq=61 decision=2 fightersValid=1 boardValid=1
2026.09.27-10.19.52 COMBAT-RESULT seq=61 damage=0 role=attacked
2026.09.27-10.19.52 RESOLVE panel revealed: A2+B0 vs D3
2026.09.27-10.19.52 closed mode=
2026.09.27-10.19.52 MODE seq=61 mode=0 combat=0 pending=0
2026.09.27-10.19.52 HUD seq=61 phase=ACTION_MANEUVER turn=opp hand=1 oppHand=6(hidden) oppDeck=16~ deck=19~ discard=10
2026.09.27-10.19.52 FIGHTERS synced n=6 alive=6 own=4 enemy=2
2026.09.27-10.19.52 WS seq=61 phase=ACTION_MANEUVER (apply)
2026.09.27-10.19.52 S09AUTO drive mode=0 plan=[attack+scheme] phase=ACTION_MANEUVER turn=cmuhntiwu0001wib0z281rpa8
2026.09.27-10.19.52 SNAPSHOT applied seq=62 phase=ACTION_MANEUVER
2026.09.27-10.19.52 HANDLE_APPLIED #86 seq=62 decision=2 fightersValid=1 boardValid=1
2026.09.27-10.19.52 MODE seq=62 mode=0 combat=0 pending=0
2026.09.27-10.19.52 HUD seq=62 phase=ACTION_MANEUVER turn=opp hand=1 oppHand=7(hidden) oppDeck=16~ deck=19~ discard=10
2026.09.27-10.19.52 FIGHTERS synced n=6 alive=6 own=4 enemy=2
2026.09.27-10.19.52 WS seq=62 phase=ACTION_MANEUVER (apply)
2026.09.27-10.19.52 SNAPSHOT applied seq=63 phase=ACTION_MANEUVER
2026.09.27-10.19.52 HANDLE_APPLIED #87 seq=63 decision=2 fightersValid=1 boardValid=1
2026.09.27-10.19.52 MODE seq=63 mode=0 combat=0 pending=0
2026.09.27-10.19.52 HUD seq=63 phase=ACTION_MANEUVER turn=opp hand=1 oppHand=7(hidden) oppDeck=16~ deck=19~ discard=10
2026.09.27-10.19.52 FIGHTERS synced n=6 alive=6 own=4 enemy=2
2026.09.27-10.19.52 CUE move f-1-hero (1,3)->(2,3) seq=63
2026.09.27-10.19.52 WS seq=63 phase=ACTION_MANEUVER (apply)
2026.09.27-10.19.54 SNAPSHOT applied seq=64 phase=ACTION_MANEUVER
2026.09.27-10.19.54 HANDLE_APPLIED #88 seq=64 decision=2 fightersValid=1 boardValid=1
2026.09.27-10.19.54 MODE seq=64 mode=0 combat=0 pending=0
2026.09.27-10.19.54 HUD seq=64 phase=ACTION_MANEUVER turn=opp hand=1 oppHand=8(hidden) oppDeck=16~ deck=19~ discard=10
2026.09.27-10.19.54 FIGHTERS synced n=6 alive=6 own=4 enemy=2
2026.09.27-10.19.54 WS seq=64 phase=ACTION_MANEUVER (apply)
2026.09.27-10.19.54 SNAPSHOT applied seq=65 phase=TURN_END
2026.09.27-10.19.54 HANDLE_APPLIED #89 seq=65 decision=2 fightersValid=1 boardValid=1
2026.09.27-10.19.54 MODE seq=65 mode=0 combat=0 pending=0
2026.09.27-10.19.54 HUD seq=65 phase=TURN_END turn=opp hand=1 oppHand=8(hidden) oppDeck=16~ deck=19~ discard=10 pendingDiscard=1
2026.09.27-10.19.54 FIGHTERS synced n=6 alive=6 own=4 enemy=2
2026.09.27-10.19.54 CUE move f-1-hero (2,3)->(1,3) seq=65
2026.09.27-10.19.54 WS seq=65 phase=TURN_END (apply)
2026.09.27-10.19.55 SNAPSHOT applied seq=66 phase=ACTION_MANEUVER
2026.09.27-10.19.55 HANDLE_APPLIED #90 seq=66 decision=2 fightersValid=1 boardValid=1
2026.09.27-10.19.55 closed mode=
2026.09.27-10.19.55 MODE seq=66 mode=6 combat=0 pending=1
2026.09.27-10.19.55 HUD seq=66 phase=ACTION_MANEUVER turn=you hand=1 oppHand=7(hidden) oppDeck=16~ deck=19~ discard=10
2026.09.27-10.19.55 FIGHTERS synced n=6 alive=6 own=4 enemy=2
2026.09.27-10.19.55 WS seq=66 phase=ACTION_MANEUVER (apply)
2026.09.27-10.19.55 S09AUTO drive mode=6 plan=[attack+scheme] phase=ACTION_MANEUVER turn=cmuhntivg0000wib0anhqyswc
2026.09.27-10.19.55 S09AUTO own turn #6 (turnCount=13)
2026.09.27-10.19.55 S09AUTO pending picked (type=TARGET_FIGHTER stage=0)
2026.09.27-10.19.55 PEND-RESOLVE sent type=TARGET_FIGHTER stage=0 id=ability-medusa-target-p0
2026.09.27-10.19.55 SNAPSHOT applied seq=67 phase=ACTION_MANEUVER
2026.09.27-10.19.55 HANDLE_APPLIED #91 seq=67 decision=2 fightersValid=1 boardValid=1
2026.09.27-10.19.55 closed mode=
2026.09.27-10.19.55 MODE seq=67 mode=0 combat=0 pending=0
2026.09.27-10.19.55 HUD seq=67 phase=ACTION_MANEUVER turn=you hand=1 oppHand=7(hidden) oppDeck=14 deck=19 discard=10
2026.09.27-10.19.55 FIGHTERS synced n=6 alive=6 own=4 enemy=2
2026.09.27-10.19.55 CUE damage f-1-hero -1 seq=67
2026.09.27-10.19.55 PEND resolve done seq=67 (apply) phase=ACTION_MANEUVER
2026.09.27-10.19.55 SNAPSHOT applied seq=67 phase=ACTION_MANEUVER
2026.09.27-10.19.55 HANDLE_APPLIED #92 seq=67 decision=1 fightersValid=1 boardValid=1
2026.09.27-10.19.55 MODE seq=67 mode=0 combat=0 pending=0
2026.09.27-10.19.55 HUD seq=67 phase=ACTION_MANEUVER turn=you hand=1 oppHand=7(hidden) oppDeck=14 deck=19 discard=10
2026.09.27-10.19.55 FIGHTERS synced n=6 alive=6 own=4 enemy=2
2026.09.27-10.19.55 WS seq=67 phase=ACTION_MANEUVER (merge)
2026.09.27-10.19.55 S09AUTO drive mode=0 plan=[attack+scheme] phase=ACTION_MANEUVER turn=cmuhntivg0000wib0anhqyswc
2026.09.27-10.19.55 SNAPSHOT applied seq=68 phase=ACTION_MANEUVER
2026.09.27-10.19.55 HANDLE_APPLIED #93 seq=68 decision=2 fightersValid=1 boardValid=1
2026.09.27-10.19.55 MANEUVER-DRAFT mode=maneuver:13:67
2026.09.27-10.19.55 DRAFT-OPEN draw committed (resume instead of begin)
2026.09.27-10.19.55 MODE seq=68 mode=1 combat=0 pending=0
2026.09.27-10.19.55 HUD seq=68 phase=ACTION_MANEUVER turn=you hand=2 oppHand=7(hidden) oppDeck=14 deck=18 discard=10
2026.09.27-10.19.55 FIGHTERS synced n=6 alive=6 own=4 enemy=2
2026.09.27-10.19.55 MANEUVER begin seq=68 (apply) pending=maneuver:13:67
2026.09.27-10.19.55 SNAPSHOT applied seq=68 phase=ACTION_MANEUVER
2026.09.27-10.19.55 HANDLE_APPLIED #94 seq=68 decision=1 fightersValid=1 boardValid=1
2026.09.27-10.19.55 MODE seq=68 mode=1 combat=0 pending=0
2026.09.27-10.19.55 HUD seq=68 phase=ACTION_MANEUVER turn=you hand=2 oppHand=7(hidden) oppDeck=14 deck=18 discard=10
2026.09.27-10.19.55 FIGHTERS synced n=6 alive=6 own=4 enemy=2
2026.09.27-10.19.55 WS seq=68 phase=ACTION_MANEUVER (merge)
2026.09.27-10.19.55 S09AUTO drive mode=1 plan=[attack+scheme] phase=ACTION_MANEUVER turn=cmuhntivg0000wib0anhqyswc
2026.09.27-10.19.55 MANEUVER-CONFIRM moves=1 boost=none
2026.09.27-10.19.55 SNAPSHOT applied seq=69 phase=ACTION_MANEUVER
2026.09.27-10.19.55 HANDLE_APPLIED #95 seq=69 decision=2 fightersValid=1 boardValid=1
2026.09.27-10.19.55 closed mode=
2026.09.27-10.19.55 MODE seq=69 mode=0 combat=0 pending=0
2026.09.27-10.19.55 HUD seq=69 phase=ACTION_MANEUVER turn=you hand=2 oppHand=7(hidden) oppDeck=14 deck=18 discard=10
2026.09.27-10.19.55 FIGHTERS synced n=6 alive=6 own=4 enemy=2
2026.09.27-10.19.55 CUE move f-0-hero (1,4)->(2,4) seq=69
2026.09.27-10.19.55 MANEUVER done seq=69 (apply) fighters=6 boost=no
2026.09.27-10.19.55 SNAPSHOT applied seq=69 phase=ACTION_MANEUVER
2026.09.27-10.19.55 HANDLE_APPLIED #96 seq=69 decision=1 fightersValid=1 boardValid=1
2026.09.27-10.19.55 MODE seq=69 mode=0 combat=0 pending=0
2026.09.27-10.19.55 HUD seq=69 phase=ACTION_MANEUVER turn=you hand=2 oppHand=7(hidden) oppDeck=14 deck=18 discard=10
2026.09.27-10.19.55 FIGHTERS synced n=6 alive=6 own=4 enemy=2
2026.09.27-10.19.55 WS seq=69 phase=ACTION_MANEUVER (merge)
2026.09.27-10.19.57 S09AUTO drive mode=0 plan=[attack+scheme] phase=ACTION_MANEUVER turn=cmuhntivg0000wib0anhqyswc
2026.09.27-10.19.57 SNAPSHOT applied seq=70 phase=ACTION_MANEUVER
2026.09.27-10.19.57 HANDLE_APPLIED #97 seq=70 decision=2 fightersValid=1 boardValid=1
2026.09.27-10.19.57 MANEUVER-DRAFT mode=maneuver:13:69
2026.09.27-10.19.57 DRAFT-OPEN draw committed (resume instead of begin)
2026.09.27-10.19.57 MODE seq=70 mode=1 combat=0 pending=0
2026.09.27-10.19.57 HUD seq=70 phase=ACTION_MANEUVER turn=you hand=3 oppHand=7(hidden) oppDeck=14 deck=17 discard=10
2026.09.27-10.19.57 FIGHTERS synced n=6 alive=6 own=4 enemy=2
2026.09.27-10.19.57 MANEUVER begin seq=70 (apply) pending=maneuver:13:69
2026.09.27-10.19.57 SNAPSHOT applied seq=70 phase=ACTION_MANEUVER
2026.09.27-10.19.57 HANDLE_APPLIED #98 seq=70 decision=1 fightersValid=1 boardValid=1
2026.09.27-10.19.57 MODE seq=70 mode=1 combat=0 pending=0
2026.09.27-10.19.57 HUD seq=70 phase=ACTION_MANEUVER turn=you hand=3 oppHand=7(hidden) oppDeck=14 deck=17 discard=10
2026.09.27-10.19.57 FIGHTERS synced n=6 alive=6 own=4 enemy=2
2026.09.27-10.19.57 WS seq=70 phase=ACTION_MANEUVER (merge)
2026.09.27-10.19.57 S09AUTO drive mode=1 plan=[attack+scheme] phase=ACTION_MANEUVER turn=cmuhntivg0000wib0anhqyswc
2026.09.27-10.19.57 MANEUVER-CONFIRM moves=1 boost=none
2026.09.27-10.19.57 SNAPSHOT applied seq=71 phase=ACTION_MANEUVER
2026.09.27-10.19.57 HANDLE_APPLIED #99 seq=71 decision=2 fightersValid=1 boardValid=1
2026.09.27-10.19.57 closed mode=
2026.09.27-10.19.57 MODE seq=71 mode=0 combat=0 pending=0
2026.09.27-10.19.57 HUD seq=71 phase=ACTION_MANEUVER turn=opp hand=3 oppHand=7(hidden) oppDeck=14 deck=17 discard=10
2026.09.27-10.19.57 FIGHTERS synced n=6 alive=6 own=4 enemy=2
2026.09.27-10.19.57 CUE move f-0-hero (2,4)->(1,4) seq=71
2026.09.27-10.19.57 MANEUVER done seq=71 (apply) fighters=6 boost=no
2026.09.27-10.19.57 SNAPSHOT applied seq=71 phase=ACTION_MANEUVER
2026.09.27-10.19.57 HANDLE_APPLIED #100 seq=71 decision=1 fightersValid=1 boardValid=1
2026.09.27-10.19.57 MODE seq=71 mode=0 combat=0 pending=0
2026.09.27-10.19.57 HUD seq=71 phase=ACTION_MANEUVER turn=opp hand=3 oppHand=7(hidden) oppDeck=14 deck=17 discard=10
2026.09.27-10.19.57 FIGHTERS synced n=6 alive=6 own=4 enemy=2
2026.09.27-10.19.57 WS seq=71 phase=ACTION_MANEUVER (merge)
2026.09.27-10.19.57 SNAPSHOT applied seq=72 phase=ACTION_MANEUVER
2026.09.27-10.19.57 HANDLE_APPLIED #101 seq=72 decision=2 fightersValid=1 boardValid=1
2026.09.27-10.19.57 MODE seq=72 mode=0 combat=0 pending=0
2026.09.27-10.19.57 HUD seq=72 phase=ACTION_MANEUVER turn=opp hand=3 oppHand=8(hidden) oppDeck=14~ deck=17~ discard=10
2026.09.27-10.19.57 FIGHTERS synced n=6 alive=6 own=4 enemy=2
2026.09.27-10.19.57 WS seq=72 phase=ACTION_MANEUVER (apply)
2026.09.27-10.19.57 SNAPSHOT applied seq=73 phase=ACTION_MANEUVER
2026.09.27-10.19.57 HANDLE_APPLIED #102 seq=73 decision=2 fightersValid=1 boardValid=1
2026.09.27-10.19.57 MODE seq=73 mode=0 combat=0 pending=0
2026.09.27-10.19.57 HUD seq=73 phase=ACTION_MANEUVER turn=opp hand=3 oppHand=8(hidden) oppDeck=14~ deck=17~ discard=10
2026.09.27-10.19.57 FIGHTERS synced n=6 alive=6 own=4 enemy=2
2026.09.27-10.19.57 CUE move f-1-hero (1,3)->(2,3) seq=73
2026.09.27-10.19.57 WS seq=73 phase=ACTION_MANEUVER (apply)
2026.09.27-10.19.58 S09AUTO drive mode=0 plan=[attack+scheme] phase=ACTION_MANEUVER turn=cmuhntiwu0001wib0z281rpa8
2026.09.27-10.19.58 SNAPSHOT applied seq=74 phase=ACTION_MANEUVER
2026.09.27-10.19.58 HANDLE_APPLIED #103 seq=74 decision=2 fightersValid=1 boardValid=1
2026.09.27-10.19.58 MODE seq=74 mode=0 combat=0 pending=0
2026.09.27-10.19.58 HUD seq=74 phase=ACTION_MANEUVER turn=opp hand=3 oppHand=9(hidden) oppDeck=14~ deck=17~ discard=10
2026.09.27-10.19.58 FIGHTERS synced n=6 alive=6 own=4 enemy=2
2026.09.27-10.19.58 WS seq=74 phase=ACTION_MANEUVER (apply)
2026.09.27-10.19.58 SNAPSHOT applied seq=75 phase=TURN_END
2026.09.27-10.19.58 HANDLE_APPLIED #104 seq=75 decision=2 fightersValid=1 boardValid=1
2026.09.27-10.19.58 MODE seq=75 mode=0 combat=0 pending=0
2026.09.27-10.19.58 HUD seq=75 phase=TURN_END turn=opp hand=3 oppHand=9(hidden) oppDeck=14~ deck=17~ discard=10 pendingDiscard=2
2026.09.27-10.19.58 FIGHTERS synced n=6 alive=6 own=4 enemy=2
2026.09.27-10.19.58 CUE move f-1-hero (2,3)->(1,3) seq=75
2026.09.27-10.19.58 WS seq=75 phase=TURN_END (apply)
2026.09.27-10.19.59 SNAPSHOT applied seq=76 phase=ACTION_MANEUVER
2026.09.27-10.19.59 HANDLE_APPLIED #105 seq=76 decision=2 fightersValid=1 boardValid=1
2026.09.27-10.19.59 closed mode=
2026.09.27-10.19.59 MODE seq=76 mode=6 combat=0 pending=1
2026.09.27-10.19.59 HUD seq=76 phase=ACTION_MANEUVER turn=you hand=3 oppHand=7(hidden) oppDeck=14~ deck=17~ discard=10
2026.09.27-10.19.59 FIGHTERS synced n=6 alive=6 own=4 enemy=2
2026.09.27-10.20.00 WS seq=76 phase=ACTION_MANEUVER (apply)
2026.09.27-10.20.00 S09AUTO drive mode=6 plan=[attack+scheme] phase=ACTION_MANEUVER turn=cmuhntivg0000wib0anhqyswc
2026.09.27-10.20.00 S09AUTO own turn #7 (turnCount=15)
2026.09.27-10.20.00 S09AUTO pending picked (type=TARGET_FIGHTER stage=0)
2026.09.27-10.20.00 PEND-RESOLVE sent type=TARGET_FIGHTER stage=0 id=ability-medusa-target-p0
2026.09.27-10.20.00 SNAPSHOT applied seq=77 phase=ACTION_MANEUVER
2026.09.27-10.20.00 HANDLE_APPLIED #106 seq=77 decision=2 fightersValid=1 boardValid=1
2026.09.27-10.20.00 closed mode=
2026.09.27-10.20.00 MODE seq=77 mode=0 combat=0 pending=0
2026.09.27-10.20.00 HUD seq=77 phase=ACTION_MANEUVER turn=you hand=3 oppHand=7(hidden) oppDeck=12 deck=17 discard=10
2026.09.27-10.20.00 FIGHTERS synced n=6 alive=6 own=4 enemy=2
2026.09.27-10.20.00 CUE damage f-1-hero -1 seq=77
2026.09.27-10.20.00 PEND resolve done seq=77 (apply) phase=ACTION_MANEUVER
2026.09.27-10.20.00 SNAPSHOT applied seq=77 phase=ACTION_MANEUVER
2026.09.27-10.20.00 HANDLE_APPLIED #107 seq=77 decision=1 fightersValid=1 boardValid=1
2026.09.27-10.20.00 MODE seq=77 mode=0 combat=0 pending=0
2026.09.27-10.20.00 HUD seq=77 phase=ACTION_MANEUVER turn=you hand=3 oppHand=7(hidden) oppDeck=12 deck=17 discard=10
2026.09.27-10.20.00 FIGHTERS synced n=6 alive=6 own=4 enemy=2
2026.09.27-10.20.00 WS seq=77 phase=ACTION_MANEUVER (merge)
2026.09.27-10.20.00 S09AUTO drive mode=0 plan=[attack+scheme] phase=ACTION_MANEUVER turn=cmuhntivg0000wib0anhqyswc
2026.09.27-10.20.00 S09AUTO attack (attacker=f-0-hero target-set card-set)
2026.09.27-10.20.00 ATTACK sent
2026.09.27-10.20.00 SNAPSHOT applied seq=78 phase=COMBAT
2026.09.27-10.20.00 HANDLE_APPLIED #108 seq=78 decision=2 fightersValid=1 boardValid=1
2026.09.27-10.20.00 closed mode=
2026.09.27-10.20.00 MODE seq=78 mode=0 combat=1 pending=0
2026.09.27-10.20.00 HUD seq=78 phase=COMBAT turn=you hand=2 oppHand=7(hidden) oppDeck=12 deck=17 discard=11
2026.09.27-10.20.00 FIGHTERS synced n=6 alive=6 own=4 enemy=2
2026.09.27-10.20.00 ATTACK done seq=78 (apply) phase=COMBAT
2026.09.27-10.20.00 SNAPSHOT applied seq=78 phase=COMBAT
2026.09.27-10.20.00 HANDLE_APPLIED #109 seq=78 decision=1 fightersValid=1 boardValid=1
2026.09.27-10.20.00 MODE seq=78 mode=0 combat=1 pending=0
2026.09.27-10.20.00 HUD seq=78 phase=COMBAT turn=you hand=2 oppHand=7(hidden) oppDeck=12 deck=17 discard=11
2026.09.27-10.20.00 FIGHTERS synced n=6 alive=6 own=4 enemy=2
2026.09.27-10.20.00 WS seq=78 phase=COMBAT (merge)
2026.09.27-10.20.01 SNAPSHOT applied seq=79 phase=COMBAT_RESOLVE
2026.09.27-10.20.01 HANDLE_APPLIED #110 seq=79 decision=2 fightersValid=1 boardValid=1
2026.09.27-10.20.01 closed mode=
2026.09.27-10.20.01 MODE seq=79 mode=5 combat=1 pending=0
2026.09.27-10.20.01 HUD seq=79 phase=COMBAT_RESOLVE turn=you hand=2 oppHand=6(hidden) oppDeck=12~ deck=17~ discard=11
2026.09.27-10.20.01 FIGHTERS synced n=6 alive=6 own=4 enemy=2
2026.09.27-10.20.01 WS seq=79 phase=COMBAT_RESOLVE (apply)
2026.09.27-10.20.01 S09AUTO drive mode=5 plan=[attack+scheme] phase=COMBAT_RESOLVE turn=cmuhntivg0000wib0anhqyswc
2026.09.27-10.20.01 SNAPSHOT applied seq=80 phase=ACTION_MANEUVER
2026.09.27-10.20.01 HANDLE_APPLIED #111 seq=80 decision=2 fightersValid=1 boardValid=1
2026.09.27-10.20.01 COMBAT-RESULT seq=80 damage=0 role=attacked
2026.09.27-10.20.01 closed mode=
2026.09.27-10.20.01 MODE seq=80 mode=0 combat=0 pending=0
2026.09.27-10.20.01 HUD seq=80 phase=ACTION_MANEUVER turn=you hand=2 oppHand=6(hidden) oppDeck=12~ deck=17~ discard=11
2026.09.27-10.20.01 FIGHTERS synced n=6 alive=6 own=4 enemy=2
2026.09.27-10.20.01 WS seq=80 phase=ACTION_MANEUVER (apply)
2026.09.27-10.20.01 S09AUTO drive mode=0 plan=[attack+scheme] phase=ACTION_MANEUVER turn=cmuhntivg0000wib0anhqyswc
2026.09.27-10.20.01 SNAPSHOT applied seq=81 phase=ACTION_MANEUVER
2026.09.27-10.20.01 HANDLE_APPLIED #112 seq=81 decision=2 fightersValid=1 boardValid=1
2026.09.27-10.20.01 MANEUVER-DRAFT mode=maneuver:15:80
2026.09.27-10.20.01 DRAFT-OPEN draw committed (resume instead of begin)
2026.09.27-10.20.01 MODE seq=81 mode=1 combat=0 pending=0
2026.09.27-10.20.01 HUD seq=81 phase=ACTION_MANEUVER turn=you hand=3 oppHand=6(hidden) oppDeck=12~ deck=17~ discard=11
2026.09.27-10.20.01 FIGHTERS synced n=6 alive=6 own=4 enemy=2
2026.09.27-10.20.01 WS seq=81 phase=ACTION_MANEUVER (apply)
2026.09.27-10.20.01 SNAPSHOT applied seq=81 phase=ACTION_MANEUVER
2026.09.27-10.20.01 HANDLE_APPLIED #113 seq=81 decision=1 fightersValid=1 boardValid=1
2026.09.27-10.20.01 MODE seq=81 mode=1 combat=0 pending=0
2026.09.27-10.20.01 HUD seq=81 phase=ACTION_MANEUVER turn=you hand=3 oppHand=6(hidden) oppDeck=12 deck=16 discard=11
2026.09.27-10.20.01 FIGHTERS synced n=6 alive=6 own=4 enemy=2
2026.09.27-10.20.01 MANEUVER begin seq=81 (merge) pending=maneuver:15:80
2026.09.27-10.20.01 S09AUTO drive mode=1 plan=[attack+scheme] phase=ACTION_MANEUVER turn=cmuhntivg0000wib0anhqyswc
2026.09.27-10.20.01 MANEUVER-CONFIRM moves=1 boost=none
2026.09.27-10.20.01 SNAPSHOT applied seq=82 phase=ACTION_MANEUVER
2026.09.27-10.20.01 HANDLE_APPLIED #114 seq=82 decision=2 fightersValid=1 boardValid=1
2026.09.27-10.20.01 closed mode=
2026.09.27-10.20.01 MODE seq=82 mode=0 combat=0 pending=0
2026.09.27-10.20.01 HUD seq=82 phase=ACTION_MANEUVER turn=opp hand=3 oppHand=6(hidden) oppDeck=12 deck=16 discard=11
2026.09.27-10.20.01 FIGHTERS synced n=6 alive=6 own=4 enemy=2
2026.09.27-10.20.01 CUE move f-0-hero (1,4)->(2,4) seq=82
2026.09.27-10.20.01 MANEUVER done seq=82 (apply) fighters=6 boost=no
2026.09.27-10.20.01 SNAPSHOT applied seq=82 phase=ACTION_MANEUVER
2026.09.27-10.20.01 HANDLE_APPLIED #115 seq=82 decision=1 fightersValid=1 boardValid=1
2026.09.27-10.20.01 MODE seq=82 mode=0 combat=0 pending=0
2026.09.27-10.20.01 HUD seq=82 phase=ACTION_MANEUVER turn=opp hand=3 oppHand=6(hidden) oppDeck=12 deck=16 discard=11
2026.09.27-10.20.01 FIGHTERS synced n=6 alive=6 own=4 enemy=2
2026.09.27-10.20.01 WS seq=82 phase=ACTION_MANEUVER (merge)
2026.09.27-10.20.01 SNAPSHOT applied seq=83 phase=ACTION_MANEUVER
2026.09.27-10.20.01 HANDLE_APPLIED #116 seq=83 decision=2 fightersValid=1 boardValid=1
2026.09.27-10.20.01 MODE seq=83 mode=0 combat=0 pending=0
2026.09.27-10.20.01 HUD seq=83 phase=ACTION_MANEUVER turn=opp hand=3 oppHand=7(hidden) oppDeck=12~ deck=16~ discard=11
2026.09.27-10.20.01 FIGHTERS synced n=6 alive=6 own=4 enemy=2
2026.09.27-10.20.01 WS seq=83 phase=ACTION_MANEUVER (apply)
2026.09.27-10.20.01 SNAPSHOT applied seq=84 phase=ACTION_MANEUVER
2026.09.27-10.20.01 HANDLE_APPLIED #117 seq=84 decision=2 fightersValid=1 boardValid=1
2026.09.27-10.20.01 MODE seq=84 mode=0 combat=0 pending=0
2026.09.27-10.20.01 HUD seq=84 phase=ACTION_MANEUVER turn=opp hand=3 oppHand=7(hidden) oppDeck=12~ deck=16~ discard=11
2026.09.27-10.20.01 FIGHTERS synced n=6 alive=6 own=4 enemy=2
2026.09.27-10.20.01 CUE move f-1-hero (1,3)->(2,3) seq=84
2026.09.27-10.20.01 WS seq=84 phase=ACTION_MANEUVER (apply)
2026.09.27-10.20.02 S09AUTO drive mode=0 plan=[attack+scheme] phase=ACTION_MANEUVER turn=cmuhntiwu0001wib0z281rpa8
2026.09.27-10.20.03 SNAPSHOT applied seq=85 phase=ACTION_MANEUVER
2026.09.27-10.20.03 HANDLE_APPLIED #118 seq=85 decision=2 fightersValid=1 boardValid=1
2026.09.27-10.20.03 MODE seq=85 mode=0 combat=0 pending=0
2026.09.27-10.20.03 HUD seq=85 phase=ACTION_MANEUVER turn=opp hand=3 oppHand=8(hidden) oppDeck=12~ deck=16~ discard=11
2026.09.27-10.20.03 FIGHTERS synced n=6 alive=6 own=4 enemy=2
2026.09.27-10.20.03 WS seq=85 phase=ACTION_MANEUVER (apply)
2026.09.27-10.20.03 SNAPSHOT applied seq=86 phase=TURN_END
2026.09.27-10.20.03 HANDLE_APPLIED #119 seq=86 decision=2 fightersValid=1 boardValid=1
2026.09.27-10.20.03 MODE seq=86 mode=0 combat=0 pending=0
2026.09.27-10.20.03 HUD seq=86 phase=TURN_END turn=opp hand=3 oppHand=8(hidden) oppDeck=12~ deck=16~ discard=11 pendingDiscard=1
2026.09.27-10.20.03 FIGHTERS synced n=6 alive=6 own=4 enemy=2
2026.09.27-10.20.03 CUE move f-1-hero (2,3)->(1,3) seq=86
2026.09.27-10.20.03 WS seq=86 phase=TURN_END (apply)
2026.09.27-10.20.04 SNAPSHOT applied seq=87 phase=ACTION_MANEUVER
2026.09.27-10.20.04 HANDLE_APPLIED #120 seq=87 decision=2 fightersValid=1 boardValid=1
2026.09.27-10.20.04 closed mode=
2026.09.27-10.20.04 MODE seq=87 mode=6 combat=0 pending=1
2026.09.27-10.20.04 HUD seq=87 phase=ACTION_MANEUVER turn=you hand=3 oppHand=7(hidden) oppDeck=12~ deck=16~ discard=11
2026.09.27-10.20.04 FIGHTERS synced n=6 alive=6 own=4 enemy=2
2026.09.27-10.20.04 WS seq=87 phase=ACTION_MANEUVER (apply)
2026.09.27-10.20.04 S09AUTO drive mode=6 plan=[attack+scheme] phase=ACTION_MANEUVER turn=cmuhntivg0000wib0anhqyswc
2026.09.27-10.20.04 S09AUTO own turn #8 (turnCount=17)
2026.09.27-10.20.04 S09AUTO pending picked (type=TARGET_FIGHTER stage=0)
2026.09.27-10.20.04 PEND-RESOLVE sent type=TARGET_FIGHTER stage=0 id=ability-medusa-target-p0
2026.09.27-10.20.04 SNAPSHOT applied seq=88 phase=ACTION_MANEUVER
2026.09.27-10.20.04 HANDLE_APPLIED #121 seq=88 decision=2 fightersValid=1 boardValid=1
2026.09.27-10.20.04 closed mode=
2026.09.27-10.20.04 MODE seq=88 mode=0 combat=0 pending=0
2026.09.27-10.20.04 HUD seq=88 phase=ACTION_MANEUVER turn=you hand=3 oppHand=7(hidden) oppDeck=10 deck=16 discard=11
2026.09.27-10.20.04 FIGHTERS synced n=6 alive=6 own=4 enemy=2
2026.09.27-10.20.04 CUE damage f-1-hero -1 seq=88
2026.09.27-10.20.04 PEND resolve done seq=88 (apply) phase=ACTION_MANEUVER
2026.09.27-10.20.04 SNAPSHOT applied seq=88 phase=ACTION_MANEUVER
2026.09.27-10.20.04 HANDLE_APPLIED #122 seq=88 decision=1 fightersValid=1 boardValid=1
2026.09.27-10.20.04 MODE seq=88 mode=0 combat=0 pending=0
2026.09.27-10.20.04 HUD seq=88 phase=ACTION_MANEUVER turn=you hand=3 oppHand=7(hidden) oppDeck=10 deck=16 discard=11
2026.09.27-10.20.04 FIGHTERS synced n=6 alive=6 own=4 enemy=2
2026.09.27-10.20.04 WS seq=88 phase=ACTION_MANEUVER (merge)
2026.09.27-10.20.04 S09AUTO drive mode=0 plan=[attack+scheme] phase=ACTION_MANEUVER turn=cmuhntivg0000wib0anhqyswc
2026.09.27-10.20.04 SNAPSHOT applied seq=89 phase=ACTION_MANEUVER
2026.09.27-10.20.04 HANDLE_APPLIED #123 seq=89 decision=2 fightersValid=1 boardValid=1
2026.09.27-10.20.04 MANEUVER-DRAFT mode=maneuver:17:88
2026.09.27-10.20.04 DRAFT-OPEN draw committed (resume instead of begin)
2026.09.27-10.20.04 MODE seq=89 mode=1 combat=0 pending=0
2026.09.27-10.20.04 HUD seq=89 phase=ACTION_MANEUVER turn=you hand=4 oppHand=7(hidden) oppDeck=10 deck=15 discard=11
2026.09.27-10.20.04 FIGHTERS synced n=6 alive=6 own=4 enemy=2
2026.09.27-10.20.04 MANEUVER begin seq=89 (apply) pending=maneuver:17:88
2026.09.27-10.20.04 SNAPSHOT applied seq=89 phase=ACTION_MANEUVER
2026.09.27-10.20.04 HANDLE_APPLIED #124 seq=89 decision=1 fightersValid=1 boardValid=1
2026.09.27-10.20.04 MODE seq=89 mode=1 combat=0 pending=0
2026.09.27-10.20.04 HUD seq=89 phase=ACTION_MANEUVER turn=you hand=4 oppHand=7(hidden) oppDeck=10 deck=15 discard=11
2026.09.27-10.20.04 FIGHTERS synced n=6 alive=6 own=4 enemy=2
2026.09.27-10.20.04 WS seq=89 phase=ACTION_MANEUVER (merge)
2026.09.27-10.20.04 S09AUTO drive mode=1 plan=[attack+scheme] phase=ACTION_MANEUVER turn=cmuhntivg0000wib0anhqyswc
2026.09.27-10.20.04 MANEUVER-CONFIRM moves=1 boost=none
2026.09.27-10.20.04 SNAPSHOT applied seq=90 phase=ACTION_MANEUVER
2026.09.27-10.20.04 HANDLE_APPLIED #125 seq=90 decision=2 fightersValid=1 boardValid=1
2026.09.27-10.20.04 closed mode=
2026.09.27-10.20.04 MODE seq=90 mode=0 combat=0 pending=0
2026.09.27-10.20.04 HUD seq=90 phase=ACTION_MANEUVER turn=you hand=4 oppHand=7(hidden) oppDeck=10 deck=15 discard=11
2026.09.27-10.20.04 FIGHTERS synced n=6 alive=6 own=4 enemy=2
2026.09.27-10.20.04 CUE move f-0-hero (2,4)->(1,4) seq=90
2026.09.27-10.20.04 MANEUVER done seq=90 (apply) fighters=6 boost=no
2026.09.27-10.20.04 SNAPSHOT applied seq=90 phase=ACTION_MANEUVER
2026.09.27-10.20.04 HANDLE_APPLIED #126 seq=90 decision=1 fightersValid=1 boardValid=1
2026.09.27-10.20.04 MODE seq=90 mode=0 combat=0 pending=0
2026.09.27-10.20.04 HUD seq=90 phase=ACTION_MANEUVER turn=you hand=4 oppHand=7(hidden) oppDeck=10 deck=15 discard=11
2026.09.27-10.20.04 FIGHTERS synced n=6 alive=6 own=4 enemy=2
2026.09.27-10.20.04 WS seq=90 phase=ACTION_MANEUVER (merge)
2026.09.27-10.20.05 S09AUTO drive mode=0 plan=[attack+scheme] phase=ACTION_MANEUVER turn=cmuhntivg0000wib0anhqyswc
2026.09.27-10.20.05 SNAPSHOT applied seq=91 phase=ACTION_MANEUVER
2026.09.27-10.20.05 HANDLE_APPLIED #127 seq=91 decision=2 fightersValid=1 boardValid=1
2026.09.27-10.20.05 MANEUVER-DRAFT mode=maneuver:17:90
2026.09.27-10.20.05 DRAFT-OPEN draw committed (resume instead of begin)
2026.09.27-10.20.05 MODE seq=91 mode=1 combat=0 pending=0
2026.09.27-10.20.05 HUD seq=91 phase=ACTION_MANEUVER turn=you hand=5 oppHand=7(hidden) oppDeck=10 deck=14 discard=11
2026.09.27-10.20.05 FIGHTERS synced n=6 alive=6 own=4 enemy=2
2026.09.27-10.20.06 MANEUVER begin seq=91 (apply) pending=maneuver:17:90
2026.09.27-10.20.06 SNAPSHOT applied seq=91 phase=ACTION_MANEUVER
2026.09.27-10.20.06 HANDLE_APPLIED #128 seq=91 decision=1 fightersValid=1 boardValid=1
2026.09.27-10.20.06 MODE seq=91 mode=1 combat=0 pending=0
2026.09.27-10.20.06 HUD seq=91 phase=ACTION_MANEUVER turn=you hand=5 oppHand=7(hidden) oppDeck=10 deck=14 discard=11
2026.09.27-10.20.06 FIGHTERS synced n=6 alive=6 own=4 enemy=2
2026.09.27-10.20.06 WS seq=91 phase=ACTION_MANEUVER (merge)
2026.09.27-10.20.06 S09AUTO drive mode=1 plan=[attack+scheme] phase=ACTION_MANEUVER turn=cmuhntivg0000wib0anhqyswc
2026.09.27-10.20.06 MANEUVER-CONFIRM moves=1 boost=none
2026.09.27-10.20.06 SNAPSHOT applied seq=92 phase=ACTION_MANEUVER
2026.09.27-10.20.06 HANDLE_APPLIED #129 seq=92 decision=2 fightersValid=1 boardValid=1
2026.09.27-10.20.06 closed mode=
2026.09.27-10.20.06 MODE seq=92 mode=0 combat=0 pending=0
2026.09.27-10.20.06 HUD seq=92 phase=ACTION_MANEUVER turn=opp hand=5 oppHand=7(hidden) oppDeck=10 deck=14 discard=11
2026.09.27-10.20.06 FIGHTERS synced n=6 alive=6 own=4 enemy=2
2026.09.27-10.20.06 CUE move f-0-hero (1,4)->(2,4) seq=92
2026.09.27-10.20.06 MANEUVER done seq=92 (apply) fighters=6 boost=no
2026.09.27-10.20.06 SNAPSHOT applied seq=92 phase=ACTION_MANEUVER
2026.09.27-10.20.06 HANDLE_APPLIED #130 seq=92 decision=1 fightersValid=1 boardValid=1
2026.09.27-10.20.06 MODE seq=92 mode=0 combat=0 pending=0
2026.09.27-10.20.06 HUD seq=92 phase=ACTION_MANEUVER turn=opp hand=5 oppHand=7(hidden) oppDeck=10 deck=14 discard=11
2026.09.27-10.20.06 FIGHTERS synced n=6 alive=6 own=4 enemy=2
2026.09.27-10.20.06 WS seq=92 phase=ACTION_MANEUVER (merge)
2026.09.27-10.20.06 SNAPSHOT applied seq=93 phase=ACTION_MANEUVER
2026.09.27-10.20.06 HANDLE_APPLIED #131 seq=93 decision=2 fightersValid=1 boardValid=1
2026.09.27-10.20.06 MODE seq=93 mode=0 combat=0 pending=0
2026.09.27-10.20.06 HUD seq=93 phase=ACTION_MANEUVER turn=opp hand=5 oppHand=8(hidden) oppDeck=10~ deck=14~ discard=11
2026.09.27-10.20.06 FIGHTERS synced n=6 alive=6 own=4 enemy=2
2026.09.27-10.20.06 WS seq=93 phase=ACTION_MANEUVER (apply)
2026.09.27-10.20.06 SNAPSHOT applied seq=94 phase=ACTION_MANEUVER
2026.09.27-10.20.06 HANDLE_APPLIED #132 seq=94 decision=2 fightersValid=1 boardValid=1
2026.09.27-10.20.06 MODE seq=94 mode=0 combat=0 pending=0
2026.09.27-10.20.06 HUD seq=94 phase=ACTION_MANEUVER turn=opp hand=5 oppHand=8(hidden) oppDeck=10~ deck=14~ discard=11
2026.09.27-10.20.06 FIGHTERS synced n=6 alive=6 own=4 enemy=2
2026.09.27-10.20.06 CUE move f-1-hero (1,3)->(2,3) seq=94
2026.09.27-10.20.06 WS seq=94 phase=ACTION_MANEUVER (apply)
2026.09.27-10.20.07 S09AUTO drive mode=0 plan=[attack+scheme] phase=ACTION_MANEUVER turn=cmuhntiwu0001wib0z281rpa8
2026.09.27-10.20.07 SNAPSHOT applied seq=95 phase=ACTION_MANEUVER
2026.09.27-10.20.07 HANDLE_APPLIED #133 seq=95 decision=2 fightersValid=1 boardValid=1
2026.09.27-10.20.07 MODE seq=95 mode=0 combat=0 pending=0
2026.09.27-10.20.07 HUD seq=95 phase=ACTION_MANEUVER turn=opp hand=5 oppHand=9(hidden) oppDeck=10~ deck=14~ discard=11
2026.09.27-10.20.07 FIGHTERS synced n=6 alive=6 own=4 enemy=2
2026.09.27-10.20.07 WS seq=95 phase=ACTION_MANEUVER (apply)
2026.09.27-10.20.07 SNAPSHOT applied seq=96 phase=TURN_END
2026.09.27-10.20.07 HANDLE_APPLIED #134 seq=96 decision=2 fightersValid=1 boardValid=1
2026.09.27-10.20.07 MODE seq=96 mode=0 combat=0 pending=0
2026.09.27-10.20.07 HUD seq=96 phase=TURN_END turn=opp hand=5 oppHand=9(hidden) oppDeck=10~ deck=14~ discard=11 pendingDiscard=2
2026.09.27-10.20.07 FIGHTERS synced n=6 alive=6 own=4 enemy=2
2026.09.27-10.20.07 CUE move f-1-hero (2,3)->(1,3) seq=96
2026.09.27-10.20.07 WS seq=96 phase=TURN_END (apply)
2026.09.27-10.20.08 SNAPSHOT applied seq=97 phase=ACTION_MANEUVER
2026.09.27-10.20.08 HANDLE_APPLIED #135 seq=97 decision=2 fightersValid=1 boardValid=1
2026.09.27-10.20.08 closed mode=
2026.09.27-10.20.08 MODE seq=97 mode=6 combat=0 pending=1
2026.09.27-10.20.08 HUD seq=97 phase=ACTION_MANEUVER turn=you hand=5 oppHand=7(hidden) oppDeck=10~ deck=14~ discard=11
2026.09.27-10.20.08 FIGHTERS synced n=6 alive=6 own=4 enemy=2
2026.09.27-10.20.08 WS seq=97 phase=ACTION_MANEUVER (apply)
2026.09.27-10.20.08 S09AUTO drive mode=6 plan=[attack+scheme] phase=ACTION_MANEUVER turn=cmuhntivg0000wib0anhqyswc
2026.09.27-10.20.08 S09AUTO own turn #9 (turnCount=19)
2026.09.27-10.20.08 S09AUTO pending picked (type=TARGET_FIGHTER stage=0)
2026.09.27-10.20.08 PEND-RESOLVE sent type=TARGET_FIGHTER stage=0 id=ability-medusa-target-p0
2026.09.27-10.20.08 SNAPSHOT applied seq=98 phase=GAME_OVER
2026.09.27-10.20.08 HANDLE_APPLIED #136 seq=98 decision=2 fightersValid=1 boardValid=1
2026.09.27-10.20.08 closed mode=
2026.09.27-10.20.08 MODE seq=98 mode=0 combat=0 pending=1
2026.09.27-10.20.08 RESULT seq=98 outcome=VICTORY winner=Medusa
2026.09.27-10.20.08 HUD seq=98 phase=GAME_OVER turn=you hand=5 oppHand=7(hidden) oppDeck=8 deck=14 discard=11
2026.09.27-10.20.08 FIGHTERS synced n=6 alive=5 own=4 enemy=1
2026.09.27-10.20.08 CUE damage f-1-hero -1 seq=98
2026.09.27-10.20.08 PEND resolve done seq=98 (apply) phase=GAME_OVER
2026.09.27-10.20.08 SNAPSHOT applied seq=98 phase=GAME_OVER
2026.09.27-10.20.08 HANDLE_APPLIED #137 seq=98 decision=1 fightersValid=1 boardValid=1
2026.09.27-10.20.08 MODE seq=98 mode=0 combat=0 pending=1
2026.09.27-10.20.08 HUD seq=98 phase=GAME_OVER turn=you hand=5 oppHand=7(hidden) oppDeck=8 deck=14 discard=11
2026.09.27-10.20.08 FIGHTERS synced n=6 alive=5 own=4 enemy=1
2026.09.27-10.20.08 WS seq=98 phase=GAME_OVER (merge)
2026.09.27-10.20.10 S09AUTO result-screen shot
2026.09.27-10.20.10 SHOT ctx viewport=1280x720 viewTarget=CameraActor_2147482375 cam=(0,1107,1582) rot=(-55,-90,0)
2026.09.27-10.20.10 SHOT fighter f-0-hero pos=(2,4) world=(0,150,0) screen=(640,495) projected=1 alive=1
2026.09.27-10.20.10 SHOT fighter f-0-sk0 pos=(3,2) world=(100,-50,0) screen=(744,318) projected=1 alive=1
2026.09.27-10.20.10 SHOT fighter f-0-sk1 pos=(2,1) world=(0,-150,0) screen=(640,236) projected=1 alive=1
2026.09.27-10.20.10 SHOT fighter f-0-sk2 pos=(1,2) world=(-100,-50,0) screen=(536,318) projected=1 alive=1
2026.09.27-10.20.10 SHOT fighter f-1-hero pos=(1,3) world=(-100,50,0) screen=(533,404) projected=1 alive=0
2026.09.27-10.20.10 SHOT fighter f-1-sk0 pos=(3,3) world=(100,50,0) screen=(747,404) projected=1 alive=1
2026.09.27-10.20.10 SHOT requested: FScreenshotRequest(bShowUI) -> C:\Users\ren\AppData\Local\Temp\s09-duel-20260927-151859-33024\host/s09-result-screen.png
2026.09.27-10.20.11 RESULT lobby-return sent (leaveGame)
2026.09.27-10.20.11 LEFT room=cmujo21ty00ptwil8uyjic13b
2026.09.27-10.20.11 GAMEPLAY HUD cleared (left Started)
2026.09.27-10.20.11 STREAM torn down (left match)
2026.09.27-10.20.15 S09AUTO lobby-return shot
2026.09.27-10.20.15 SHOT ctx viewport=1280x720 viewTarget=CameraActor_2147482375 cam=(0,1107,1582) rot=(-55,-90,0)
2026.09.27-10.20.15 SHOT requested: FScreenshotRequest(bShowUI) -> C:\Users\ren\AppData\Local\Temp\s09-duel-20260927-151859-33024\host/s09-lobby-return.png
2026.09.27-10.20.15 S09AUTO duel flow complete (GAME_OVER -> result shown -> lobby return) - exiting
2026.09.27-10.20.15 --- S08 trace close ---
