2026.09.28-02.31.50 --- S08 trace open 2026.09.28-02.31.50 ---
2026.09.28-02.31.50 S09AUTO config flow=1 boost=0 shotDir=C:\Users\ren\AppData\Local\Temp\s09-combat-20260928-073145-33352\joiner
2026.09.28-02.31.51 LOGIN ok user=art-preview-joiner
2026.09.28-02.31.53 HEROES loaded 84
2026.09.28-02.31.53 CODE resolved -> cmukmt13p00pxwircdbc1cz8t
2026.09.28-02.31.54 joinGame -> room=cmukmt13p00pxwircdbc1cz8t code=<redacted> status=LOBBY
2026.09.28-02.31.56 game -> room=cmukmt13p00pxwircdbc1cz8t code=<redacted> status=LOBBY
2026.09.28-02.31.56 selectHero -> room=cmukmt13p00pxwircdbc1cz8t code=<redacted> status=LOBBY
2026.09.28-02.31.59 game -> room=cmukmt13p00pxwircdbc1cz8t code=<redacted> status=LOBBY
2026.09.28-02.31.59 toggleReady -> room=cmukmt13p00pxwircdbc1cz8t code=<redacted> status=LOBBY
2026.09.28-02.32.02 game -> room=cmukmt13p00pxwircdbc1cz8t code=<redacted> status=LOBBY
2026.09.28-02.32.05 game -> room=cmukmt13p00pxwircdbc1cz8t code=<redacted> status=IN_PROGRESS
2026.09.28-02.32.06 S09AUTO drive mode=0 plan=[defend+resolve] phase= turn=
2026.09.28-02.32.06 SNAPSHOT applied seq=2 phase=COMBAT
2026.09.28-02.32.06 HANDLE_APPLIED #1 seq=2 decision=2 fightersValid=1 boardValid=1
2026.09.28-02.32.06 closed mode=
2026.09.28-02.32.06 MODE seq=2 mode=4 combat=1 pending=0
2026.09.28-02.32.06 HUD seq=2 phase=COMBAT turn=opp hand=5 oppHand=4(hidden) oppDeck=25 deck=25 discard=0
2026.09.28-02.32.06 ARTPREVIEW Cobble assets ready
2026.09.28-02.32.06 ARTPREVIEW Cobble probe lights key=4.5 fill=700 warm=85
2026.09.28-02.32.06 ARTPREVIEW Cobble active 5x6 zones=30 blue=15 red=15 blueMarks=15 redMarks=45
2026.09.28-02.32.06 CAMERA dist=1931 loc=(0,1107,1582) pitch=-55 yaw=-90
2026.09.28-02.32.06 BOARD 5x6 cells | control points: (0,0)=(-200,-250,0) (4,5)=(200,250,0) | neighbor pair (dist 100 uu)
2026.09.28-02.32.06 ARTPREVIEW fighter=Medusa hero=1 eligible=1 visual=1 mesh=SK_Medusa_FaceNeck_v2Candidate
2026.09.28-02.32.06 ARTPREVIEW combat marker fighter=Medusa attacker=1 target=0 icon=0 targetMesh=SM_Marker_TargetRing
2026.09.28-02.32.06 ARTPREVIEW combat marker fighter=King Arthur attacker=0 target=1 icon=1 targetMesh=SM_Marker_TargetRing
2026.09.28-02.32.06 FIGHTERS synced n=6 alive=6 own=2 enemy=4
2026.09.28-02.32.06 STATE seq=2 -> apply
2026.09.28-02.32.06 S09AUTO drive mode=4 plan=[defend+resolve] phase=COMBAT turn=cmukie55u0000wiao06h107t9
2026.09.28-02.32.06 S09AUTO defense-window shot
2026.09.28-02.32.06 SHOT ctx viewport=1920x1080 viewTarget=CameraActor_2147482372 cam=(0,0,0) rot=(0,0,0)
2026.09.28-02.32.06 SHOT fighter f-0-hero pos=(2,2) world=(0,-50,0) screen=(0,0) projected=0 alive=1
2026.09.28-02.32.06 SHOT fighter f-0-sk0 pos=(3,2) world=(100,-50,0) screen=(600,540) projected=1 alive=1
2026.09.28-02.32.06 SHOT fighter f-0-sk1 pos=(2,1) world=(0,-150,0) screen=(0,0) projected=0 alive=1
2026.09.28-02.32.06 SHOT fighter f-0-sk2 pos=(1,2) world=(-100,-50,0) screen=(0,0) projected=0 alive=1
2026.09.28-02.32.06 SHOT fighter f-1-hero pos=(2,3) world=(0,50,0) screen=(0,0) projected=0 alive=1
2026.09.28-02.32.06 SHOT fighter f-1-sk0 pos=(3,3) world=(100,50,0) screen=(1320,540) projected=1 alive=1
2026.09.28-02.32.06 SHOT requested: FScreenshotRequest(bShowUI) -> C:\Users\ren\AppData\Local\Temp\s09-combat-20260928-073145-33352\joiner/s09-combat-defense-open.png
2026.09.28-02.32.06 SUBSCRIBED gameStateUpdated since=2
2026.09.28-02.32.06 S09AUTO defense card picked
2026.09.28-02.32.06 DEFENSE blocked: live stream is reconnecting - commands wait until the state stream is back
2026.09.28-02.32.06 S09AUTO defense card picked
2026.09.28-02.32.06 SNAPSHOT applied seq=2 phase=COMBAT
2026.09.28-02.32.06 HANDLE_APPLIED #2 seq=2 decision=1 fightersValid=1 boardValid=1
2026.09.28-02.32.06 MODE seq=2 mode=4 combat=1 pending=0
2026.09.28-02.32.06 HUD seq=2 phase=COMBAT turn=opp hand=5 oppHand=4(hidden) oppDeck=25 deck=25 discard=0
2026.09.28-02.32.06 ARTPREVIEW fighter=Medusa hero=1 eligible=1 visual=1 mesh=SK_Medusa_FaceNeck_v2Candidate
2026.09.28-02.32.06 FIGHTERS synced n=6 alive=6 own=2 enemy=4
2026.09.28-02.32.06 WS seq=2 phase=COMBAT (merge)
2026.09.28-02.32.06 S09AUTO defense card picked
2026.09.28-02.32.06 DEFENSE sent
2026.09.28-02.32.06 SNAPSHOT applied seq=3 phase=COMBAT_RESOLVE
2026.09.28-02.32.06 HANDLE_APPLIED #3 seq=3 decision=2 fightersValid=1 boardValid=1
2026.09.28-02.32.06 closed mode=
2026.09.28-02.32.06 MODE seq=3 mode=5 combat=1 pending=0
2026.09.28-02.32.06 HUD seq=3 phase=COMBAT_RESOLVE turn=opp hand=4 oppHand=4(hidden) oppDeck=25 deck=25 discard=1
2026.09.28-02.32.06 ARTPREVIEW fighter=Medusa hero=1 eligible=1 visual=1 mesh=SK_Medusa_FaceNeck_v2Candidate
2026.09.28-02.32.06 FIGHTERS synced n=6 alive=6 own=2 enemy=4
2026.09.28-02.32.06 DEFENSE done seq=3 (apply) phase=COMBAT_RESOLVE
2026.09.28-02.32.06 SNAPSHOT applied seq=3 phase=COMBAT_RESOLVE
2026.09.28-02.32.06 HANDLE_APPLIED #4 seq=3 decision=1 fightersValid=1 boardValid=1
2026.09.28-02.32.06 MODE seq=3 mode=5 combat=1 pending=0
2026.09.28-02.32.06 HUD seq=3 phase=COMBAT_RESOLVE turn=opp hand=4 oppHand=4(hidden) oppDeck=25 deck=25 discard=1
2026.09.28-02.32.06 ARTPREVIEW fighter=Medusa hero=1 eligible=1 visual=1 mesh=SK_Medusa_FaceNeck_v2Candidate
2026.09.28-02.32.06 FIGHTERS synced n=6 alive=6 own=2 enemy=4
2026.09.28-02.32.06 WS seq=3 phase=COMBAT_RESOLVE (merge)
2026.09.28-02.32.06 S09AUTO drive mode=5 plan=[defend+resolve] phase=COMBAT_RESOLVE turn=cmukie55u0000wiao06h107t9
2026.09.28-02.32.06 S09AUTO resolve-window shot
2026.09.28-02.32.06 SHOT ctx viewport=1920x1080 viewTarget=CameraActor_2147482372 cam=(0,1107,1582) rot=(-55,-90,0)
2026.09.28-02.32.06 SHOT fighter f-0-hero pos=(2,2) world=(0,-50,0) screen=(960,476) projected=1 alive=1
2026.09.28-02.32.06 SHOT fighter f-0-sk0 pos=(3,2) world=(100,-50,0) screen=(1115,476) projected=1 alive=1
2026.09.28-02.32.06 SHOT fighter f-0-sk1 pos=(2,1) world=(0,-150,0) screen=(960,355) projected=1 alive=1
2026.09.28-02.32.06 SHOT fighter f-0-sk2 pos=(1,2) world=(-100,-50,0) screen=(805,476) projected=1 alive=1
2026.09.28-02.32.06 SHOT fighter f-1-hero pos=(2,3) world=(0,50,0) screen=(960,606) projected=1 alive=1
2026.09.28-02.32.06 SHOT fighter f-1-sk0 pos=(3,3) world=(100,50,0) screen=(1120,606) projected=1 alive=1
2026.09.28-02.32.06 SHOT requested: FScreenshotRequest(bShowUI) -> C:\Users\ren\AppData\Local\Temp\s09-combat-20260928-073145-33352\joiner/s09-combat-resolve-window.png
2026.09.28-02.32.06 S09AUTO resolve
2026.09.28-02.32.06 RESOLVE sent
2026.09.28-02.32.06 SNAPSHOT applied seq=4 phase=COMBAT_RESOLVE
2026.09.28-02.32.06 HANDLE_APPLIED #5 seq=4 decision=2 fightersValid=1 boardValid=1
2026.09.28-02.32.06 MODE seq=4 mode=5 combat=1 pending=1
2026.09.28-02.32.06 HUD seq=4 phase=COMBAT_RESOLVE turn=opp hand=4 oppHand=4(hidden) oppDeck=25 deck=25 discard=1
2026.09.28-02.32.06 RESOLVE panel revealed: A3+B0 vs D1
2026.09.28-02.32.06 RESOLVE panel blocked by pending (type=BOOST_CHOICE id=cmuhgvgkf00smwi9gaeymh3ur-during-0-boost-3)
2026.09.28-02.32.06 ARTPREVIEW fighter=Medusa hero=1 eligible=1 visual=1 mesh=SK_Medusa_FaceNeck_v2Candidate
2026.09.28-02.32.06 FIGHTERS synced n=6 alive=6 own=2 enemy=4
2026.09.28-02.32.06 RESOLVE done seq=4 (apply) phase=COMBAT_RESOLVE
2026.09.28-02.32.06 SNAPSHOT applied seq=4 phase=COMBAT_RESOLVE
2026.09.28-02.32.06 HANDLE_APPLIED #6 seq=4 decision=1 fightersValid=1 boardValid=1
2026.09.28-02.32.06 MODE seq=4 mode=5 combat=1 pending=1
2026.09.28-02.32.06 HUD seq=4 phase=COMBAT_RESOLVE turn=opp hand=4 oppHand=4(hidden) oppDeck=25 deck=25 discard=1
2026.09.28-02.32.06 ARTPREVIEW fighter=Medusa hero=1 eligible=1 visual=1 mesh=SK_Medusa_FaceNeck_v2Candidate
2026.09.28-02.32.06 FIGHTERS synced n=6 alive=6 own=2 enemy=4
2026.09.28-02.32.06 WS seq=4 phase=COMBAT_RESOLVE (merge)
2026.09.28-02.32.06 S09AUTO resolve-revealed shot
2026.09.28-02.32.06 SHOT ctx viewport=1920x1080 viewTarget=CameraActor_2147482372 cam=(0,1107,1582) rot=(-55,-90,0)
2026.09.28-02.32.06 SHOT fighter f-0-hero pos=(2,2) world=(0,-50,0) screen=(960,476) projected=1 alive=1
2026.09.28-02.32.06 SHOT fighter f-0-sk0 pos=(3,2) world=(100,-50,0) screen=(1115,476) projected=1 alive=1
2026.09.28-02.32.06 SHOT fighter f-0-sk1 pos=(2,1) world=(0,-150,0) screen=(960,355) projected=1 alive=1
2026.09.28-02.32.06 SHOT fighter f-0-sk2 pos=(1,2) world=(-100,-50,0) screen=(805,476) projected=1 alive=1
2026.09.28-02.32.06 SHOT fighter f-1-hero pos=(2,3) world=(0,50,0) screen=(960,606) projected=1 alive=1
2026.09.28-02.32.06 SHOT fighter f-1-sk0 pos=(3,3) world=(100,50,0) screen=(1120,606) projected=1 alive=1
2026.09.28-02.32.06 SHOT requested: FScreenshotRequest(bShowUI) -> C:\Users\ren\AppData\Local\Temp\s09-combat-20260928-073145-33352\joiner/s09-combat-resolve-revealed.png
2026.09.28-02.32.06 S09AUTO resolve-blocked shot (type=BOOST_CHOICE)
2026.09.28-02.32.06 SHOT ctx viewport=1920x1080 viewTarget=CameraActor_2147482372 cam=(0,1107,1582) rot=(-55,-90,0)
2026.09.28-02.32.06 SHOT fighter f-0-hero pos=(2,2) world=(0,-50,0) screen=(960,476) projected=1 alive=1
2026.09.28-02.32.06 SHOT fighter f-0-sk0 pos=(3,2) world=(100,-50,0) screen=(1115,476) projected=1 alive=1
2026.09.28-02.32.06 SHOT fighter f-0-sk1 pos=(2,1) world=(0,-150,0) screen=(960,355) projected=1 alive=1
2026.09.28-02.32.06 SHOT fighter f-0-sk2 pos=(1,2) world=(-100,-50,0) screen=(805,476) projected=1 alive=1
2026.09.28-02.32.06 SHOT fighter f-1-hero pos=(2,3) world=(0,50,0) screen=(960,606) projected=1 alive=1
2026.09.28-02.32.06 SHOT fighter f-1-sk0 pos=(3,3) world=(100,50,0) screen=(1120,606) projected=1 alive=1
2026.09.28-02.32.06 SHOT requested: FScreenshotRequest(bShowUI) -> C:\Users\ren\AppData\Local\Temp\s09-combat-20260928-073145-33352\joiner/s09-resolve-blocked-BOOST_CHOICE.png
2026.09.28-02.32.08 game -> room=cmukmt13p00pxwircdbc1cz8t code=<redacted> status=IN_PROGRESS
2026.09.28-02.32.10 SNAPSHOT applied seq=5 phase=ACTION_MANEUVER
2026.09.28-02.32.10 HANDLE_APPLIED #7 seq=5 decision=2 fightersValid=1 boardValid=1
2026.09.28-02.32.10 COMBAT-RESULT seq=5 damage=6 role=defended
2026.09.28-02.32.10 S09AUTO combat-result shot
2026.09.28-02.32.10 SHOT ctx viewport=1920x1080 viewTarget=CameraActor_2147482372 cam=(0,1107,1582) rot=(-55,-90,0)
2026.09.28-02.32.10 SHOT fighter f-0-hero pos=(2,2) world=(0,-50,0) screen=(960,476) projected=1 alive=1
2026.09.28-02.32.10 SHOT fighter f-0-sk0 pos=(3,2) world=(100,-50,0) screen=(1115,476) projected=1 alive=1
2026.09.28-02.32.10 SHOT fighter f-0-sk1 pos=(2,1) world=(0,-150,0) screen=(960,355) projected=1 alive=1
2026.09.28-02.32.10 SHOT fighter f-0-sk2 pos=(1,2) world=(-100,-50,0) screen=(805,476) projected=1 alive=1
2026.09.28-02.32.10 SHOT fighter f-1-hero pos=(2,3) world=(0,50,0) screen=(960,606) projected=1 alive=1
2026.09.28-02.32.10 SHOT fighter f-1-sk0 pos=(3,3) world=(100,50,0) screen=(1120,606) projected=1 alive=1
2026.09.28-02.32.10 SHOT requested: FScreenshotRequest(bShowUI) -> C:\Users\ren\AppData\Local\Temp\s09-combat-20260928-073145-33352\joiner/s09-combat-result.png
2026.09.28-02.32.10 ARTPREVIEW combat marker fighter=Medusa attacker=0 target=0 icon=0 targetMesh=SM_Marker_TargetRing
2026.09.28-02.32.10 ARTPREVIEW combat marker fighter=King Arthur attacker=0 target=0 icon=0 targetMesh=SM_Marker_TargetRing
2026.09.28-02.32.10 RESOLVE panel revealed: A3+B0 vs D1
2026.09.28-02.32.10 closed mode=
2026.09.28-02.32.10 MODE seq=5 mode=0 combat=0 pending=0
2026.09.28-02.32.10 HUD seq=5 phase=ACTION_MANEUVER turn=opp hand=5 oppHand=3(hidden) oppDeck=25~ deck=25~ discard=1
2026.09.28-02.32.10 ARTPREVIEW fighter=Medusa hero=1 eligible=1 visual=1 mesh=SK_Medusa_FaceNeck_v2Candidate
2026.09.28-02.32.10 FIGHTERS synced n=6 alive=6 own=2 enemy=4
2026.09.28-02.32.10 ARTPREVIEW damage-number fighter=f-1-hero amount=6 seq=5 cell=(2,3)
2026.09.28-02.32.10 CUE damage f-1-hero -6 seq=5
2026.09.28-02.32.10 WS seq=5 phase=ACTION_MANEUVER (apply)
2026.09.28-02.32.10 S09AUTO drive mode=0 plan=[defend+resolve] phase=ACTION_MANEUVER turn=cmukie55u0000wiao06h107t9
2026.09.28-02.32.10 S09AUTO damage-number shot
2026.09.28-02.32.10 SHOT ctx viewport=1920x1080 viewTarget=CameraActor_2147482372 cam=(0,1107,1582) rot=(-55,-90,0)
2026.09.28-02.32.10 SHOT fighter f-0-hero pos=(2,2) world=(0,-50,0) screen=(960,476) projected=1 alive=1
2026.09.28-02.32.10 SHOT fighter f-0-sk0 pos=(3,2) world=(100,-50,0) screen=(1115,476) projected=1 alive=1
2026.09.28-02.32.10 SHOT fighter f-0-sk1 pos=(2,1) world=(0,-150,0) screen=(960,355) projected=1 alive=1
2026.09.28-02.32.10 SHOT fighter f-0-sk2 pos=(1,2) world=(-100,-50,0) screen=(805,476) projected=1 alive=1
2026.09.28-02.32.10 SHOT fighter f-1-hero pos=(2,3) world=(0,50,0) screen=(960,606) projected=1 alive=1
2026.09.28-02.32.10 SHOT fighter f-1-sk0 pos=(3,3) world=(100,50,0) screen=(1120,606) projected=1 alive=1
2026.09.28-02.32.10 SHOT requested: FScreenshotRequest(bShowUI) -> C:\Users\ren\AppData\Local\Temp\s09-combat-20260928-073145-33352\joiner/s09-damage-number.png
2026.09.28-02.32.11 SNAPSHOT applied seq=6 phase=ACTION_MANEUVER
2026.09.28-02.32.11 HANDLE_APPLIED #8 seq=6 decision=2 fightersValid=1 boardValid=1
2026.09.28-02.32.11 MODE seq=6 mode=0 combat=0 pending=0
2026.09.28-02.32.11 HUD seq=6 phase=ACTION_MANEUVER turn=opp hand=5 oppHand=4(hidden) oppDeck=25~ deck=25~ discard=1
2026.09.28-02.32.11 ARTPREVIEW fighter=Medusa hero=1 eligible=1 visual=1 mesh=SK_Medusa_FaceNeck_v2Candidate
2026.09.28-02.32.11 FIGHTERS synced n=6 alive=6 own=2 enemy=4
2026.09.28-02.32.11 WS seq=6 phase=ACTION_MANEUVER (apply)
2026.09.28-02.32.12 game -> room=cmukmt13p00pxwircdbc1cz8t code=<redacted> status=IN_PROGRESS
2026.09.28-02.32.12 SNAPSHOT applied seq=7 phase=ACTION_MANEUVER
2026.09.28-02.32.12 HANDLE_APPLIED #9 seq=7 decision=2 fightersValid=1 boardValid=1
2026.09.28-02.32.12 MODE seq=7 mode=0 combat=0 pending=0
2026.09.28-02.32.12 HUD seq=7 phase=ACTION_MANEUVER turn=you hand=5 oppHand=4(hidden) oppDeck=25~ deck=25~ discard=1
2026.09.28-02.32.12 ARTPREVIEW fighter=Medusa hero=1 eligible=1 visual=1 mesh=SK_Medusa_FaceNeck_v2Candidate
2026.09.28-02.32.12 FIGHTERS synced n=6 alive=6 own=2 enemy=4
2026.09.28-02.32.12 WS seq=7 phase=ACTION_MANEUVER (apply)
2026.09.28-02.32.12 S09AUTO own turn #0 (turnCount=2)
2026.09.28-02.32.12 SNAPSHOT applied seq=8 phase=ACTION_MANEUVER
2026.09.28-02.32.12 HANDLE_APPLIED #10 seq=8 decision=2 fightersValid=1 boardValid=1
2026.09.28-02.32.12 MANEUVER-DRAFT mode=maneuver:2:7
2026.09.28-02.32.12 DRAFT-OPEN draw committed (resume instead of begin)
2026.09.28-02.32.12 MODE seq=8 mode=1 combat=0 pending=0
2026.09.28-02.32.12 HUD seq=8 phase=ACTION_MANEUVER turn=you hand=6 oppHand=4(hidden) oppDeck=24 deck=23 discard=1
2026.09.28-02.32.12 ARTPREVIEW fighter=Medusa hero=1 eligible=1 visual=1 mesh=SK_Medusa_FaceNeck_v2Candidate
2026.09.28-02.32.12 FIGHTERS synced n=6 alive=6 own=2 enemy=4
2026.09.28-02.32.12 MANEUVER begin seq=8 (apply) pending=maneuver:2:7
2026.09.28-02.32.12 SNAPSHOT applied seq=8 phase=ACTION_MANEUVER
2026.09.28-02.32.12 HANDLE_APPLIED #11 seq=8 decision=1 fightersValid=1 boardValid=1
2026.09.28-02.32.12 MODE seq=8 mode=1 combat=0 pending=0
2026.09.28-02.32.12 HUD seq=8 phase=ACTION_MANEUVER turn=you hand=6 oppHand=4(hidden) oppDeck=24 deck=23 discard=1
2026.09.28-02.32.12 ARTPREVIEW fighter=Medusa hero=1 eligible=1 visual=1 mesh=SK_Medusa_FaceNeck_v2Candidate
2026.09.28-02.32.12 FIGHTERS synced n=6 alive=6 own=2 enemy=4
2026.09.28-02.32.12 WS seq=8 phase=ACTION_MANEUVER (merge)
2026.09.28-02.32.12 S09AUTO drive mode=1 plan=[defend+resolve] phase=ACTION_MANEUVER turn=cmukie57j0001wiaofr67k2vd
2026.09.28-02.32.13 S09AUTO draft-open shot (maneuver marker live)
2026.09.28-02.32.13 SHOT ctx viewport=1920x1080 viewTarget=CameraActor_2147482372 cam=(0,1107,1582) rot=(-55,-90,0)
2026.09.28-02.32.13 SHOT fighter f-0-hero pos=(2,2) world=(0,-50,0) screen=(960,476) projected=1 alive=1
2026.09.28-02.32.13 SHOT fighter f-0-sk0 pos=(3,2) world=(100,-50,0) screen=(1115,476) projected=1 alive=1
2026.09.28-02.32.13 SHOT fighter f-0-sk1 pos=(2,1) world=(0,-150,0) screen=(960,355) projected=1 alive=1
2026.09.28-02.32.13 SHOT fighter f-0-sk2 pos=(1,2) world=(-100,-50,0) screen=(805,476) projected=1 alive=1
2026.09.28-02.32.13 SHOT fighter f-1-hero pos=(2,3) world=(0,50,0) screen=(960,606) projected=1 alive=1
2026.09.28-02.32.13 SHOT fighter f-1-sk0 pos=(3,3) world=(100,50,0) screen=(1120,606) projected=1 alive=1
2026.09.28-02.32.13 SHOT requested: FScreenshotRequest(bShowUI) -> C:\Users\ren\AppData\Local\Temp\s09-combat-20260928-073145-33352\joiner/s09-maneuver-draft-open.png
2026.09.28-02.32.13 MANEUVER-CONFIRM moves=1 boost=none
2026.09.28-02.32.13 SNAPSHOT applied seq=9 phase=ACTION_MANEUVER
2026.09.28-02.32.13 HANDLE_APPLIED #12 seq=9 decision=2 fightersValid=1 boardValid=1
2026.09.28-02.32.13 closed mode=
2026.09.28-02.32.13 MODE seq=9 mode=0 combat=0 pending=0
2026.09.28-02.32.13 HUD seq=9 phase=ACTION_MANEUVER turn=you hand=6 oppHand=4(hidden) oppDeck=24 deck=23 discard=1
2026.09.28-02.32.13 ARTPREVIEW fighter=Medusa hero=1 eligible=1 visual=1 mesh=SK_Medusa_FaceNeck_v2Candidate
2026.09.28-02.32.13 FIGHTERS synced n=6 alive=6 own=2 enemy=4
2026.09.28-02.32.13 CUE move f-1-hero (2,3)->(1,3) seq=9
2026.09.28-02.32.13 MANEUVER done seq=9 (apply) fighters=6 boost=no
2026.09.28-02.32.13 SNAPSHOT applied seq=9 phase=ACTION_MANEUVER
2026.09.28-02.32.13 HANDLE_APPLIED #13 seq=9 decision=1 fightersValid=1 boardValid=1
2026.09.28-02.32.13 MODE seq=9 mode=0 combat=0 pending=0
2026.09.28-02.32.13 HUD seq=9 phase=ACTION_MANEUVER turn=you hand=6 oppHand=4(hidden) oppDeck=24 deck=23 discard=1
2026.09.28-02.32.13 ARTPREVIEW fighter=Medusa hero=1 eligible=1 visual=1 mesh=SK_Medusa_FaceNeck_v2Candidate
2026.09.28-02.32.13 FIGHTERS synced n=6 alive=6 own=2 enemy=4
2026.09.28-02.32.13 WS seq=9 phase=ACTION_MANEUVER (merge)
2026.09.28-02.32.14 SHOT ctx viewport=1920x1080 viewTarget=CameraActor_2147482372 cam=(0,1107,1582) rot=(-55,-90,0)
2026.09.28-02.32.14 SHOT fighter f-0-hero pos=(2,2) world=(0,-50,0) screen=(960,476) projected=1 alive=1
2026.09.28-02.32.14 SHOT fighter f-0-sk0 pos=(3,2) world=(100,-50,0) screen=(1115,476) projected=1 alive=1
2026.09.28-02.32.14 SHOT fighter f-0-sk1 pos=(2,1) world=(0,-150,0) screen=(960,355) projected=1 alive=1
2026.09.28-02.32.14 SHOT fighter f-0-sk2 pos=(1,2) world=(-100,-50,0) screen=(805,476) projected=1 alive=1
2026.09.28-02.32.14 SHOT fighter f-1-hero pos=(1,3) world=(-100,50,0) screen=(800,606) projected=1 alive=1
2026.09.28-02.32.14 SHOT fighter f-1-sk0 pos=(3,3) world=(100,50,0) screen=(1120,606) projected=1 alive=1
2026.09.28-02.32.14 SHOT requested: FScreenshotRequest(bShowUI) -> C:\Users\ren\AppData\Local\Temp\s09-combat-20260928-073145-33352\joiner/s09-hud-after-first-maneuver.png
2026.09.28-02.32.14 S09AUTO drive mode=0 plan=[defend+resolve] phase=ACTION_MANEUVER turn=cmukie57j0001wiaofr67k2vd
2026.09.28-02.32.14 SNAPSHOT applied seq=10 phase=ACTION_MANEUVER
2026.09.28-02.32.14 HANDLE_APPLIED #14 seq=10 decision=2 fightersValid=1 boardValid=1
2026.09.28-02.32.14 MANEUVER-DRAFT mode=maneuver:2:9
2026.09.28-02.32.14 DRAFT-OPEN draw committed (resume instead of begin)
2026.09.28-02.32.14 MODE seq=10 mode=1 combat=0 pending=0
2026.09.28-02.32.14 HUD seq=10 phase=ACTION_MANEUVER turn=you hand=7 oppHand=4(hidden) oppDeck=24 deck=22 discard=1
2026.09.28-02.32.14 ARTPREVIEW fighter=Medusa hero=1 eligible=1 visual=1 mesh=SK_Medusa_FaceNeck_v2Candidate
2026.09.28-02.32.14 FIGHTERS synced n=6 alive=6 own=2 enemy=4
2026.09.28-02.32.14 MANEUVER begin seq=10 (apply) pending=maneuver:2:9
2026.09.28-02.32.14 SNAPSHOT applied seq=10 phase=ACTION_MANEUVER
2026.09.28-02.32.14 HANDLE_APPLIED #15 seq=10 decision=1 fightersValid=1 boardValid=1
2026.09.28-02.32.14 MODE seq=10 mode=1 combat=0 pending=0
2026.09.28-02.32.14 HUD seq=10 phase=ACTION_MANEUVER turn=you hand=7 oppHand=4(hidden) oppDeck=24 deck=22 discard=1
2026.09.28-02.32.14 ARTPREVIEW fighter=Medusa hero=1 eligible=1 visual=1 mesh=SK_Medusa_FaceNeck_v2Candidate
2026.09.28-02.32.14 FIGHTERS synced n=6 alive=6 own=2 enemy=4
2026.09.28-02.32.14 WS seq=10 phase=ACTION_MANEUVER (merge)
2026.09.28-02.32.14 S09AUTO drive mode=1 plan=[defend+resolve] phase=ACTION_MANEUVER turn=cmukie57j0001wiaofr67k2vd
2026.09.28-02.32.14 MANEUVER-CONFIRM moves=1 boost=none
2026.09.28-02.32.14 SNAPSHOT applied seq=11 phase=ACTION_MANEUVER
2026.09.28-02.32.14 HANDLE_APPLIED #16 seq=11 decision=2 fightersValid=1 boardValid=1
2026.09.28-02.32.14 closed mode=
2026.09.28-02.32.14 MODE seq=11 mode=0 combat=0 pending=0
2026.09.28-02.32.14 HUD seq=11 phase=ACTION_MANEUVER turn=opp hand=7 oppHand=4(hidden) oppDeck=24 deck=22 discard=1
2026.09.28-02.32.14 ARTPREVIEW fighter=Medusa hero=1 eligible=1 visual=1 mesh=SK_Medusa_FaceNeck_v2Candidate
2026.09.28-02.32.14 FIGHTERS synced n=6 alive=6 own=2 enemy=4
2026.09.28-02.32.14 CUE move f-1-hero (1,3)->(2,3) seq=11
2026.09.28-02.32.14 MANEUVER done seq=11 (apply) fighters=6 boost=no
2026.09.28-02.32.14 SNAPSHOT applied seq=11 phase=ACTION_MANEUVER
2026.09.28-02.32.14 HANDLE_APPLIED #17 seq=11 decision=1 fightersValid=1 boardValid=1
2026.09.28-02.32.14 MODE seq=11 mode=0 combat=0 pending=0
2026.09.28-02.32.14 HUD seq=11 phase=ACTION_MANEUVER turn=opp hand=7 oppHand=4(hidden) oppDeck=24 deck=22 discard=1
2026.09.28-02.32.14 ARTPREVIEW fighter=Medusa hero=1 eligible=1 visual=1 mesh=SK_Medusa_FaceNeck_v2Candidate
2026.09.28-02.32.14 FIGHTERS synced n=6 alive=6 own=2 enemy=4
2026.09.28-02.32.14 WS seq=11 phase=ACTION_MANEUVER (merge)
2026.09.28-02.32.15 game -> room=cmukmt13p00pxwircdbc1cz8t code=<redacted> status=IN_PROGRESS
2026.09.28-02.32.15 SNAPSHOT applied seq=12 phase=ACTION_MANEUVER
2026.09.28-02.32.15 HANDLE_APPLIED #18 seq=12 decision=2 fightersValid=1 boardValid=1
2026.09.28-02.32.15 MODE seq=12 mode=0 combat=0 pending=0
2026.09.28-02.32.15 HUD seq=12 phase=ACTION_MANEUVER turn=opp hand=7 oppHand=5(hidden) oppDeck=24~ deck=22~ discard=1
2026.09.28-02.32.15 ARTPREVIEW fighter=Medusa hero=1 eligible=1 visual=1 mesh=SK_Medusa_FaceNeck_v2Candidate
2026.09.28-02.32.15 FIGHTERS synced n=6 alive=6 own=2 enemy=4
2026.09.28-02.32.15 WS seq=12 phase=ACTION_MANEUVER (apply)
2026.09.28-02.32.15 SNAPSHOT applied seq=13 phase=ACTION_MANEUVER
2026.09.28-02.32.15 HANDLE_APPLIED #19 seq=13 decision=2 fightersValid=1 boardValid=1
2026.09.28-02.32.15 MODE seq=13 mode=0 combat=0 pending=0
2026.09.28-02.32.15 HUD seq=13 phase=ACTION_MANEUVER turn=opp hand=7 oppHand=5(hidden) oppDeck=24~ deck=22~ discard=1
2026.09.28-02.32.15 ARTPREVIEW fighter=Medusa hero=1 eligible=1 visual=1 mesh=SK_Medusa_FaceNeck_v2Candidate
2026.09.28-02.32.15 FIGHTERS synced n=6 alive=6 own=2 enemy=4
2026.09.28-02.32.15 WS seq=13 phase=ACTION_MANEUVER (apply)
2026.09.28-02.32.16 S09AUTO drive mode=0 plan=[defend+resolve] phase=ACTION_MANEUVER turn=cmukie55u0000wiao06h107t9
2026.09.28-02.32.16 SNAPSHOT applied seq=14 phase=COMBAT
2026.09.28-02.32.16 HANDLE_APPLIED #20 seq=14 decision=2 fightersValid=1 boardValid=1
2026.09.28-02.32.16 closed mode=
2026.09.28-02.32.16 MODE seq=14 mode=4 combat=1 pending=0
2026.09.28-02.32.16 HUD seq=14 phase=COMBAT turn=opp hand=7 oppHand=4(hidden) oppDeck=24~ deck=22~ discard=1
2026.09.28-02.32.16 ARTPREVIEW combat marker fighter=Medusa attacker=1 target=0 icon=0 targetMesh=SM_Marker_TargetRing
2026.09.28-02.32.16 ARTPREVIEW combat marker fighter=King Arthur attacker=0 target=1 icon=1 targetMesh=SM_Marker_TargetRing
2026.09.28-02.32.16 ARTPREVIEW fighter=Medusa hero=1 eligible=1 visual=1 mesh=SK_Medusa_FaceNeck_v2Candidate
2026.09.28-02.32.16 FIGHTERS synced n=6 alive=6 own=2 enemy=4
2026.09.28-02.32.16 WS seq=14 phase=COMBAT (apply)
2026.09.28-02.32.16 S09AUTO drive mode=4 plan=[defend+resolve] phase=COMBAT turn=cmukie55u0000wiao06h107t9
2026.09.28-02.32.16 S09AUTO defense card picked
2026.09.28-02.32.16 DEFENSE sent
2026.09.28-02.32.16 SNAPSHOT applied seq=15 phase=COMBAT_RESOLVE
2026.09.28-02.32.16 HANDLE_APPLIED #21 seq=15 decision=2 fightersValid=1 boardValid=1
2026.09.28-02.32.16 closed mode=
2026.09.28-02.32.16 MODE seq=15 mode=5 combat=1 pending=0
2026.09.28-02.32.16 HUD seq=15 phase=COMBAT_RESOLVE turn=opp hand=6 oppHand=4(hidden) oppDeck=23 deck=22 discard=2
2026.09.28-02.32.16 ARTPREVIEW fighter=Medusa hero=1 eligible=1 visual=1 mesh=SK_Medusa_FaceNeck_v2Candidate
2026.09.28-02.32.16 FIGHTERS synced n=6 alive=6 own=2 enemy=4
2026.09.28-02.32.16 DEFENSE done seq=15 (apply) phase=COMBAT_RESOLVE
2026.09.28-02.32.16 SNAPSHOT applied seq=15 phase=COMBAT_RESOLVE
2026.09.28-02.32.16 HANDLE_APPLIED #22 seq=15 decision=1 fightersValid=1 boardValid=1
2026.09.28-02.32.16 MODE seq=15 mode=5 combat=1 pending=0
2026.09.28-02.32.16 HUD seq=15 phase=COMBAT_RESOLVE turn=opp hand=6 oppHand=4(hidden) oppDeck=23 deck=22 discard=2
2026.09.28-02.32.16 ARTPREVIEW fighter=Medusa hero=1 eligible=1 visual=1 mesh=SK_Medusa_FaceNeck_v2Candidate
2026.09.28-02.32.16 FIGHTERS synced n=6 alive=6 own=2 enemy=4
2026.09.28-02.32.16 WS seq=15 phase=COMBAT_RESOLVE (merge)
2026.09.28-02.32.16 S09AUTO drive mode=5 plan=[defend+resolve] phase=COMBAT_RESOLVE turn=cmukie55u0000wiao06h107t9
2026.09.28-02.32.16 S09AUTO resolve
2026.09.28-02.32.16 RESOLVE sent
2026.09.28-02.32.16 SNAPSHOT applied seq=16 phase=COMBAT_RESOLVE
2026.09.28-02.32.16 HANDLE_APPLIED #23 seq=16 decision=2 fightersValid=1 boardValid=1
2026.09.28-02.32.16 MODE seq=16 mode=5 combat=1 pending=1
2026.09.28-02.32.16 HUD seq=16 phase=COMBAT_RESOLVE turn=opp hand=6 oppHand=4(hidden) oppDeck=23 deck=22 discard=2
2026.09.28-02.32.16 RESOLVE panel revealed: A3+B0 vs D1
2026.09.28-02.32.16 RESOLVE panel blocked by pending (type=BOOST_CHOICE id=cmuhgvgkf00smwi9gaeymh3ur-during-0-boost-15)
2026.09.28-02.32.16 ARTPREVIEW fighter=Medusa hero=1 eligible=1 visual=1 mesh=SK_Medusa_FaceNeck_v2Candidate
2026.09.28-02.32.16 FIGHTERS synced n=6 alive=6 own=2 enemy=4
2026.09.28-02.32.16 RESOLVE done seq=16 (apply) phase=COMBAT_RESOLVE
2026.09.28-02.32.16 SNAPSHOT applied seq=16 phase=COMBAT_RESOLVE
2026.09.28-02.32.16 HANDLE_APPLIED #24 seq=16 decision=1 fightersValid=1 boardValid=1
2026.09.28-02.32.16 MODE seq=16 mode=5 combat=1 pending=1
2026.09.28-02.32.16 HUD seq=16 phase=COMBAT_RESOLVE turn=opp hand=6 oppHand=4(hidden) oppDeck=23 deck=22 discard=2
2026.09.28-02.32.16 ARTPREVIEW fighter=Medusa hero=1 eligible=1 visual=1 mesh=SK_Medusa_FaceNeck_v2Candidate
2026.09.28-02.32.16 FIGHTERS synced n=6 alive=6 own=2 enemy=4
2026.09.28-02.32.16 WS seq=16 phase=COMBAT_RESOLVE (merge)
2026.09.28-02.32.16 S09AUTO resolve-blocked shot (type=BOOST_CHOICE)
2026.09.28-02.32.16 SHOT ctx viewport=1920x1080 viewTarget=CameraActor_2147482372 cam=(0,1107,1582) rot=(-55,-90,0)
2026.09.28-02.32.16 SHOT fighter f-0-hero pos=(2,2) world=(0,-50,0) screen=(960,476) projected=1 alive=1
2026.09.28-02.32.16 SHOT fighter f-0-sk0 pos=(3,2) world=(100,-50,0) screen=(1115,476) projected=1 alive=1
2026.09.28-02.32.16 SHOT fighter f-0-sk1 pos=(2,1) world=(0,-150,0) screen=(960,355) projected=1 alive=1
2026.09.28-02.32.16 SHOT fighter f-0-sk2 pos=(1,2) world=(-100,-50,0) screen=(805,476) projected=1 alive=1
2026.09.28-02.32.16 SHOT fighter f-1-hero pos=(2,3) world=(0,50,0) screen=(960,606) projected=1 alive=1
2026.09.28-02.32.16 SHOT fighter f-1-sk0 pos=(3,3) world=(100,50,0) screen=(1120,606) projected=1 alive=1
2026.09.28-02.32.16 SHOT requested: FScreenshotRequest(bShowUI) -> C:\Users\ren\AppData\Local\Temp\s09-combat-20260928-073145-33352\joiner/s09-resolve-blocked-BOOST_CHOICE.png
2026.09.28-02.32.18 game -> room=cmukmt13p00pxwircdbc1cz8t code=<redacted> status=IN_PROGRESS
2026.09.28-02.32.20 SNAPSHOT applied seq=17 phase=ACTION_MANEUVER
2026.09.28-02.32.20 HANDLE_APPLIED #25 seq=17 decision=2 fightersValid=1 boardValid=1
2026.09.28-02.32.20 COMBAT-RESULT seq=17 damage=6 role=defended
2026.09.28-02.32.20 ARTPREVIEW combat marker fighter=Medusa attacker=0 target=0 icon=0 targetMesh=SM_Marker_TargetRing
2026.09.28-02.32.20 ARTPREVIEW combat marker fighter=King Arthur attacker=0 target=0 icon=0 targetMesh=SM_Marker_TargetRing
2026.09.28-02.32.20 RESOLVE panel revealed: A3+B0 vs D1
2026.09.28-02.32.20 closed mode=
2026.09.28-02.32.20 MODE seq=17 mode=0 combat=0 pending=0
2026.09.28-02.32.20 HUD seq=17 phase=ACTION_MANEUVER turn=you hand=7 oppHand=3(hidden) oppDeck=23~ deck=22~ discard=2
2026.09.28-02.32.20 ARTPREVIEW fighter=Medusa hero=1 eligible=1 visual=1 mesh=SK_Medusa_FaceNeck_v2Candidate
2026.09.28-02.32.20 FIGHTERS synced n=6 alive=6 own=2 enemy=4
2026.09.28-02.32.20 ARTPREVIEW damage-number fighter=f-1-hero amount=6 seq=17 cell=(2,3)
2026.09.28-02.32.20 CUE damage f-1-hero -6 seq=17
2026.09.28-02.32.20 WS seq=17 phase=ACTION_MANEUVER (apply)
2026.09.28-02.32.20 S09AUTO drive mode=0 plan=[defend+resolve] phase=ACTION_MANEUVER turn=cmukie57j0001wiaofr67k2vd
2026.09.28-02.32.20 S09AUTO own turn #1 (turnCount=4)
2026.09.28-02.32.20 SNAPSHOT applied seq=18 phase=ACTION_MANEUVER
2026.09.28-02.32.20 HANDLE_APPLIED #26 seq=18 decision=2 fightersValid=1 boardValid=1
2026.09.28-02.32.20 MANEUVER-DRAFT mode=maneuver:4:17
2026.09.28-02.32.20 DRAFT-OPEN draw committed (resume instead of begin)
2026.09.28-02.32.20 MODE seq=18 mode=1 combat=0 pending=0
2026.09.28-02.32.20 HUD seq=18 phase=ACTION_MANEUVER turn=you hand=8 oppHand=3(hidden) oppDeck=23 deck=20 discard=2
2026.09.28-02.32.20 ARTPREVIEW fighter=Medusa hero=1 eligible=1 visual=1 mesh=SK_Medusa_FaceNeck_v2Candidate
2026.09.28-02.32.20 FIGHTERS synced n=6 alive=6 own=2 enemy=4
2026.09.28-02.32.20 MANEUVER begin seq=18 (apply) pending=maneuver:4:17
2026.09.28-02.32.20 SNAPSHOT applied seq=18 phase=ACTION_MANEUVER
2026.09.28-02.32.20 HANDLE_APPLIED #27 seq=18 decision=1 fightersValid=1 boardValid=1
2026.09.28-02.32.20 MODE seq=18 mode=1 combat=0 pending=0
2026.09.28-02.32.20 HUD seq=18 phase=ACTION_MANEUVER turn=you hand=8 oppHand=3(hidden) oppDeck=23 deck=20 discard=2
2026.09.28-02.32.20 ARTPREVIEW fighter=Medusa hero=1 eligible=1 visual=1 mesh=SK_Medusa_FaceNeck_v2Candidate
2026.09.28-02.32.20 FIGHTERS synced n=6 alive=6 own=2 enemy=4
2026.09.28-02.32.20 WS seq=18 phase=ACTION_MANEUVER (merge)
2026.09.28-02.32.20 S09AUTO drive mode=1 plan=[defend+resolve] phase=ACTION_MANEUVER turn=cmukie57j0001wiaofr67k2vd
2026.09.28-02.32.20 S09AUTO zero-move confirm (draw only, no movement)
2026.09.28-02.32.20 MANEUVER-CONFIRM moves=0 boost=none
2026.09.28-02.32.20 SNAPSHOT applied seq=19 phase=ACTION_MANEUVER
2026.09.28-02.32.20 HANDLE_APPLIED #28 seq=19 decision=2 fightersValid=1 boardValid=1
2026.09.28-02.32.20 closed mode=
2026.09.28-02.32.20 MODE seq=19 mode=0 combat=0 pending=0
2026.09.28-02.32.20 HUD seq=19 phase=ACTION_MANEUVER turn=you hand=8 oppHand=3(hidden) oppDeck=23~ deck=20~ discard=2
2026.09.28-02.32.20 ARTPREVIEW fighter=Medusa hero=1 eligible=1 visual=1 mesh=SK_Medusa_FaceNeck_v2Candidate
2026.09.28-02.32.20 FIGHTERS synced n=6 alive=6 own=2 enemy=4
2026.09.28-02.32.20 WS seq=19 phase=ACTION_MANEUVER (apply)
2026.09.28-02.32.20 SNAPSHOT applied seq=19 phase=ACTION_MANEUVER
2026.09.28-02.32.20 HANDLE_APPLIED #29 seq=19 decision=1 fightersValid=1 boardValid=1
2026.09.28-02.32.20 MODE seq=19 mode=0 combat=0 pending=0
2026.09.28-02.32.20 HUD seq=19 phase=ACTION_MANEUVER turn=you hand=8 oppHand=3(hidden) oppDeck=23 deck=20 discard=2
2026.09.28-02.32.20 ARTPREVIEW fighter=Medusa hero=1 eligible=1 visual=1 mesh=SK_Medusa_FaceNeck_v2Candidate
2026.09.28-02.32.20 FIGHTERS synced n=6 alive=6 own=2 enemy=4
2026.09.28-02.32.20 MANEUVER done seq=19 (merge) fighters=6 boost=no
2026.09.28-02.32.21 game -> room=cmukmt13p00pxwircdbc1cz8t code=<redacted> status=IN_PROGRESS
2026.09.28-02.32.22 S09AUTO drive mode=0 plan=[defend+resolve] phase=ACTION_MANEUVER turn=cmukie57j0001wiaofr67k2vd
2026.09.28-02.32.22 SNAPSHOT applied seq=20 phase=ACTION_MANEUVER
2026.09.28-02.32.22 HANDLE_APPLIED #30 seq=20 decision=2 fightersValid=1 boardValid=1
2026.09.28-02.32.22 MANEUVER-DRAFT mode=maneuver:4:19
2026.09.28-02.32.22 DRAFT-OPEN draw committed (resume instead of begin)
2026.09.28-02.32.22 MODE seq=20 mode=1 combat=0 pending=0
2026.09.28-02.32.22 HUD seq=20 phase=ACTION_MANEUVER turn=you hand=9 oppHand=3(hidden) oppDeck=23 deck=19 discard=2
2026.09.28-02.32.22 ARTPREVIEW fighter=Medusa hero=1 eligible=1 visual=1 mesh=SK_Medusa_FaceNeck_v2Candidate
2026.09.28-02.32.22 FIGHTERS synced n=6 alive=6 own=2 enemy=4
2026.09.28-02.32.22 MANEUVER begin seq=20 (apply) pending=maneuver:4:19
2026.09.28-02.32.22 SNAPSHOT applied seq=20 phase=ACTION_MANEUVER
2026.09.28-02.32.22 HANDLE_APPLIED #31 seq=20 decision=1 fightersValid=1 boardValid=1
2026.09.28-02.32.22 MODE seq=20 mode=1 combat=0 pending=0
2026.09.28-02.32.22 HUD seq=20 phase=ACTION_MANEUVER turn=you hand=9 oppHand=3(hidden) oppDeck=23 deck=19 discard=2
2026.09.28-02.32.22 ARTPREVIEW fighter=Medusa hero=1 eligible=1 visual=1 mesh=SK_Medusa_FaceNeck_v2Candidate
2026.09.28-02.32.22 FIGHTERS synced n=6 alive=6 own=2 enemy=4
2026.09.28-02.32.22 WS seq=20 phase=ACTION_MANEUVER (merge)
2026.09.28-02.32.22 S09AUTO drive mode=1 plan=[defend+resolve] phase=ACTION_MANEUVER turn=cmukie57j0001wiaofr67k2vd
2026.09.28-02.32.22 MANEUVER-CONFIRM moves=1 boost=none
2026.09.28-02.32.22 SNAPSHOT applied seq=21 phase=TURN_END
2026.09.28-02.32.22 HANDLE_APPLIED #32 seq=21 decision=2 fightersValid=1 boardValid=1
2026.09.28-02.32.22 DISCARD-DRAFT count=2 pending=discard:4:21
2026.09.28-02.32.22 MODE seq=21 mode=2 combat=0 pending=0
2026.09.28-02.32.22 HUD seq=21 phase=TURN_END turn=you hand=9 oppHand=3(hidden) oppDeck=23 deck=19 discard=2 pendingDiscard=2
2026.09.28-02.32.22 ARTPREVIEW fighter=Medusa hero=1 eligible=1 visual=1 mesh=SK_Medusa_FaceNeck_v2Candidate
2026.09.28-02.32.22 FIGHTERS synced n=6 alive=6 own=2 enemy=4
2026.09.28-02.32.22 CUE move f-1-hero (2,3)->(1,3) seq=21
2026.09.28-02.32.22 MANEUVER done seq=21 (apply) fighters=6 boost=no
2026.09.28-02.32.22 SNAPSHOT applied seq=21 phase=TURN_END
2026.09.28-02.32.22 HANDLE_APPLIED #33 seq=21 decision=1 fightersValid=1 boardValid=1
2026.09.28-02.32.22 MODE seq=21 mode=2 combat=0 pending=0
2026.09.28-02.32.22 HUD seq=21 phase=TURN_END turn=you hand=9 oppHand=3(hidden) oppDeck=23 deck=19 discard=2 pendingDiscard=2
2026.09.28-02.32.22 ARTPREVIEW fighter=Medusa hero=1 eligible=1 visual=1 mesh=SK_Medusa_FaceNeck_v2Candidate
2026.09.28-02.32.22 FIGHTERS synced n=6 alive=6 own=2 enemy=4
2026.09.28-02.32.22 WS seq=21 phase=TURN_END (merge)
2026.09.28-02.32.23 SHOT ctx viewport=1920x1080 viewTarget=CameraActor_2147482372 cam=(0,1107,1582) rot=(-55,-90,0)
2026.09.28-02.32.23 SHOT fighter f-0-hero pos=(2,2) world=(0,-50,0) screen=(960,476) projected=1 alive=1
2026.09.28-02.32.23 SHOT fighter f-0-sk0 pos=(3,2) world=(100,-50,0) screen=(1115,476) projected=1 alive=1
2026.09.28-02.32.23 SHOT fighter f-0-sk1 pos=(2,1) world=(0,-150,0) screen=(960,355) projected=1 alive=1
2026.09.28-02.32.23 SHOT fighter f-0-sk2 pos=(1,2) world=(-100,-50,0) screen=(805,476) projected=1 alive=1
2026.09.28-02.32.23 SHOT fighter f-1-hero pos=(1,3) world=(-100,50,0) screen=(800,606) projected=1 alive=1
2026.09.28-02.32.23 SHOT fighter f-1-sk0 pos=(3,3) world=(100,50,0) screen=(1120,606) projected=1 alive=1
2026.09.28-02.32.23 SHOT requested: FScreenshotRequest(bShowUI) -> C:\Users\ren\AppData\Local\Temp\s09-combat-20260928-073145-33352\joiner/s09-discard-open.png
2026.09.28-02.32.23 S09AUTO drive mode=2 plan=[defend+resolve] phase=TURN_END turn=cmukie57j0001wiaofr67k2vd
2026.09.28-02.32.23 S09AUTO discard picks=2
2026.09.28-02.32.23 DISCARD-CONFIRM pending=discard:4:21 count=2 ids=cmuhgvghx00ogwi9g6yhna6m8::0,cmuhgvgi900p6wi9g6bvevxsm::0
2026.09.28-02.32.23 SNAPSHOT applied seq=22 phase=ACTION_MANEUVER
2026.09.28-02.32.23 HANDLE_APPLIED #34 seq=22 decision=2 fightersValid=1 boardValid=1
2026.09.28-02.32.23 closed mode=
2026.09.28-02.32.23 MODE seq=22 mode=0 combat=0 pending=0
2026.09.28-02.32.23 HUD seq=22 phase=ACTION_MANEUVER turn=opp hand=7 oppHand=3(hidden) oppDeck=23~ deck=19~ discard=4
2026.09.28-02.32.23 ARTPREVIEW fighter=Medusa hero=1 eligible=1 visual=1 mesh=SK_Medusa_FaceNeck_v2Candidate
2026.09.28-02.32.23 FIGHTERS synced n=6 alive=6 own=2 enemy=4
2026.09.28-02.32.23 WS seq=22 phase=ACTION_MANEUVER (apply)
2026.09.28-02.32.23 SNAPSHOT applied seq=22 phase=ACTION_MANEUVER
2026.09.28-02.32.23 HANDLE_APPLIED #35 seq=22 decision=1 fightersValid=1 boardValid=1
2026.09.28-02.32.23 MODE seq=22 mode=0 combat=0 pending=0
2026.09.28-02.32.23 HUD seq=22 phase=ACTION_MANEUVER turn=opp hand=7 oppHand=3(hidden) oppDeck=23 deck=19 discard=4
2026.09.28-02.32.23 ARTPREVIEW fighter=Medusa hero=1 eligible=1 visual=1 mesh=SK_Medusa_FaceNeck_v2Candidate
2026.09.28-02.32.23 FIGHTERS synced n=6 alive=6 own=2 enemy=4
2026.09.28-02.32.23 DISCARD done seq=22 phase=ACTION_MANEUVER count=2
2026.09.28-02.32.23 SNAPSHOT applied seq=23 phase=ACTION_MANEUVER
2026.09.28-02.32.23 HANDLE_APPLIED #36 seq=23 decision=2 fightersValid=1 boardValid=1
2026.09.28-02.32.23 MODE seq=23 mode=0 combat=0 pending=0
2026.09.28-02.32.23 HUD seq=23 phase=ACTION_MANEUVER turn=opp hand=7 oppHand=4(hidden) oppDeck=23~ deck=19~ discard=4
2026.09.28-02.32.23 ARTPREVIEW fighter=Medusa hero=1 eligible=1 visual=1 mesh=SK_Medusa_FaceNeck_v2Candidate
2026.09.28-02.32.23 FIGHTERS synced n=6 alive=6 own=2 enemy=4
2026.09.28-02.32.23 WS seq=23 phase=ACTION_MANEUVER (apply)
2026.09.28-02.32.23 SNAPSHOT applied seq=24 phase=ACTION_MANEUVER
2026.09.28-02.32.23 HANDLE_APPLIED #37 seq=24 decision=2 fightersValid=1 boardValid=1
2026.09.28-02.32.23 MODE seq=24 mode=0 combat=0 pending=0
2026.09.28-02.32.23 HUD seq=24 phase=ACTION_MANEUVER turn=opp hand=7 oppHand=4(hidden) oppDeck=23~ deck=19~ discard=4
2026.09.28-02.32.23 ARTPREVIEW fighter=Medusa hero=1 eligible=1 visual=1 mesh=SK_Medusa_FaceNeck_v2Candidate
2026.09.28-02.32.23 FIGHTERS synced n=6 alive=6 own=2 enemy=4
2026.09.28-02.32.23 CUE move f-0-hero (2,2)->(2,3) seq=24
2026.09.28-02.32.23 CUE move f-0-sk0 (3,2)->(4,2) seq=24
2026.09.28-02.32.23 WS seq=24 phase=ACTION_MANEUVER (apply)
2026.09.28-02.32.24 game -> room=cmukmt13p00pxwircdbc1cz8t code=<redacted> status=IN_PROGRESS
2026.09.28-02.32.24 S09AUTO drive mode=0 plan=[defend+resolve] phase=ACTION_MANEUVER turn=cmukie55u0000wiao06h107t9
2026.09.28-02.32.24 SNAPSHOT applied seq=25 phase=ACTION_MANEUVER
2026.09.28-02.32.24 HANDLE_APPLIED #38 seq=25 decision=2 fightersValid=1 boardValid=1
2026.09.28-02.32.24 MODE seq=25 mode=0 combat=0 pending=0
2026.09.28-02.32.24 HUD seq=25 phase=ACTION_MANEUVER turn=opp hand=7 oppHand=5(hidden) oppDeck=23~ deck=19~ discard=4
2026.09.28-02.32.24 ARTPREVIEW fighter=Medusa hero=1 eligible=1 visual=1 mesh=SK_Medusa_FaceNeck_v2Candidate
2026.09.28-02.32.24 FIGHTERS synced n=6 alive=6 own=2 enemy=4
2026.09.28-02.32.24 WS seq=25 phase=ACTION_MANEUVER (apply)
2026.09.28-02.32.25 SNAPSHOT applied seq=26 phase=ACTION_MANEUVER
2026.09.28-02.32.25 HANDLE_APPLIED #39 seq=26 decision=2 fightersValid=1 boardValid=1
2026.09.28-02.32.25 MODE seq=26 mode=0 combat=0 pending=0
2026.09.28-02.32.25 HUD seq=26 phase=ACTION_MANEUVER turn=you hand=7 oppHand=5(hidden) oppDeck=23~ deck=19~ discard=4
2026.09.28-02.32.25 ARTPREVIEW fighter=Medusa hero=1 eligible=1 visual=1 mesh=SK_Medusa_FaceNeck_v2Candidate
2026.09.28-02.32.25 FIGHTERS synced n=6 alive=6 own=2 enemy=4
2026.09.28-02.32.25 CUE move f-0-hero (2,3)->(2,4) seq=26
2026.09.28-02.32.25 WS seq=26 phase=ACTION_MANEUVER (apply)
2026.09.28-02.32.25 S09AUTO own turn #2 (turnCount=6)
2026.09.28-02.32.25 SNAPSHOT applied seq=27 phase=ACTION_MANEUVER
2026.09.28-02.32.25 HANDLE_APPLIED #40 seq=27 decision=2 fightersValid=1 boardValid=1
2026.09.28-02.32.25 MANEUVER-DRAFT mode=maneuver:6:26
2026.09.28-02.32.25 DRAFT-OPEN draw committed (resume instead of begin)
2026.09.28-02.32.25 MODE seq=27 mode=1 combat=0 pending=0
2026.09.28-02.32.25 HUD seq=27 phase=ACTION_MANEUVER turn=you hand=8 oppHand=5(hidden) oppDeck=21 deck=18 discard=4
2026.09.28-02.32.25 ARTPREVIEW fighter=Medusa hero=1 eligible=1 visual=1 mesh=SK_Medusa_FaceNeck_v2Candidate
2026.09.28-02.32.25 FIGHTERS synced n=6 alive=6 own=2 enemy=4
2026.09.28-02.32.25 MANEUVER begin seq=27 (apply) pending=maneuver:6:26
2026.09.28-02.32.25 SNAPSHOT applied seq=27 phase=ACTION_MANEUVER
2026.09.28-02.32.25 HANDLE_APPLIED #41 seq=27 decision=1 fightersValid=1 boardValid=1
2026.09.28-02.32.25 MODE seq=27 mode=1 combat=0 pending=0
2026.09.28-02.32.25 HUD seq=27 phase=ACTION_MANEUVER turn=you hand=8 oppHand=5(hidden) oppDeck=21 deck=18 discard=4
2026.09.28-02.32.25 ARTPREVIEW fighter=Medusa hero=1 eligible=1 visual=1 mesh=SK_Medusa_FaceNeck_v2Candidate
2026.09.28-02.32.25 FIGHTERS synced n=6 alive=6 own=2 enemy=4
2026.09.28-02.32.25 WS seq=27 phase=ACTION_MANEUVER (merge)
2026.09.28-02.32.25 S09AUTO drive mode=1 plan=[defend+resolve] phase=ACTION_MANEUVER turn=cmukie57j0001wiaofr67k2vd
2026.09.28-02.32.25 S09AUTO multi-fighter moves=2
2026.09.28-02.32.25 MANEUVER-CONFIRM moves=2 boost=none
2026.09.28-02.32.25 SNAPSHOT applied seq=28 phase=ACTION_MANEUVER
2026.09.28-02.32.25 HANDLE_APPLIED #42 seq=28 decision=2 fightersValid=1 boardValid=1
2026.09.28-02.32.25 closed mode=
2026.09.28-02.32.25 MODE seq=28 mode=0 combat=0 pending=0
2026.09.28-02.32.25 HUD seq=28 phase=ACTION_MANEUVER turn=you hand=8 oppHand=5(hidden) oppDeck=21~ deck=18~ discard=4
2026.09.28-02.32.25 ARTPREVIEW fighter=Medusa hero=1 eligible=1 visual=1 mesh=SK_Medusa_FaceNeck_v2Candidate
2026.09.28-02.32.25 FIGHTERS synced n=6 alive=6 own=2 enemy=4
2026.09.28-02.32.25 CUE move f-1-hero (1,3)->(2,3) seq=28
2026.09.28-02.32.25 CUE move f-1-sk0 (3,3)->(4,3) seq=28
2026.09.28-02.32.25 WS seq=28 phase=ACTION_MANEUVER (apply)
2026.09.28-02.32.25 SNAPSHOT applied seq=28 phase=ACTION_MANEUVER
2026.09.28-02.32.25 HANDLE_APPLIED #43 seq=28 decision=1 fightersValid=1 boardValid=1
2026.09.28-02.32.25 MODE seq=28 mode=0 combat=0 pending=0
2026.09.28-02.32.25 HUD seq=28 phase=ACTION_MANEUVER turn=you hand=8 oppHand=5(hidden) oppDeck=21 deck=18 discard=4
2026.09.28-02.32.25 ARTPREVIEW fighter=Medusa hero=1 eligible=1 visual=1 mesh=SK_Medusa_FaceNeck_v2Candidate
2026.09.28-02.32.25 FIGHTERS synced n=6 alive=6 own=2 enemy=4
2026.09.28-02.32.25 MANEUVER done seq=28 (merge) fighters=6 boost=no
2026.09.28-02.32.26 S09AUTO drive mode=0 plan=[defend+resolve] phase=ACTION_MANEUVER turn=cmukie57j0001wiaofr67k2vd
2026.09.28-02.32.26 SNAPSHOT applied seq=29 phase=ACTION_MANEUVER
2026.09.28-02.32.26 HANDLE_APPLIED #44 seq=29 decision=2 fightersValid=1 boardValid=1
2026.09.28-02.32.26 MANEUVER-DRAFT mode=maneuver:6:28
2026.09.28-02.32.26 DRAFT-OPEN draw committed (resume instead of begin)
2026.09.28-02.32.26 MODE seq=29 mode=1 combat=0 pending=0
2026.09.28-02.32.26 HUD seq=29 phase=ACTION_MANEUVER turn=you hand=9 oppHand=5(hidden) oppDeck=21 deck=17 discard=4
2026.09.28-02.32.26 ARTPREVIEW fighter=Medusa hero=1 eligible=1 visual=1 mesh=SK_Medusa_FaceNeck_v2Candidate
2026.09.28-02.32.26 FIGHTERS synced n=6 alive=6 own=2 enemy=4
2026.09.28-02.32.26 MANEUVER begin seq=29 (apply) pending=maneuver:6:28
2026.09.28-02.32.26 SNAPSHOT applied seq=29 phase=ACTION_MANEUVER
2026.09.28-02.32.26 HANDLE_APPLIED #45 seq=29 decision=1 fightersValid=1 boardValid=1
2026.09.28-02.32.26 MODE seq=29 mode=1 combat=0 pending=0
2026.09.28-02.32.26 HUD seq=29 phase=ACTION_MANEUVER turn=you hand=9 oppHand=5(hidden) oppDeck=21 deck=17 discard=4
2026.09.28-02.32.26 ARTPREVIEW fighter=Medusa hero=1 eligible=1 visual=1 mesh=SK_Medusa_FaceNeck_v2Candidate
2026.09.28-02.32.26 FIGHTERS synced n=6 alive=6 own=2 enemy=4
2026.09.28-02.32.26 WS seq=29 phase=ACTION_MANEUVER (merge)
2026.09.28-02.32.26 S09AUTO drive mode=1 plan=[defend+resolve] phase=ACTION_MANEUVER turn=cmukie57j0001wiaofr67k2vd
2026.09.28-02.32.26 MANEUVER-CONFIRM moves=1 boost=none
2026.09.28-02.32.26 SNAPSHOT applied seq=30 phase=TURN_END
2026.09.28-02.32.26 HANDLE_APPLIED #46 seq=30 decision=2 fightersValid=1 boardValid=1
2026.09.28-02.32.26 DISCARD-DRAFT count=2 pending=discard:6:30
2026.09.28-02.32.26 MODE seq=30 mode=2 combat=0 pending=0
2026.09.28-02.32.26 HUD seq=30 phase=TURN_END turn=you hand=9 oppHand=5(hidden) oppDeck=21 deck=17 discard=4 pendingDiscard=2
2026.09.28-02.32.26 ARTPREVIEW fighter=Medusa hero=1 eligible=1 visual=1 mesh=SK_Medusa_FaceNeck_v2Candidate
2026.09.28-02.32.26 FIGHTERS synced n=6 alive=6 own=2 enemy=4
2026.09.28-02.32.26 CUE move f-1-hero (2,3)->(3,3) seq=30
2026.09.28-02.32.26 MANEUVER done seq=30 (apply) fighters=6 boost=no
2026.09.28-02.32.26 SNAPSHOT applied seq=30 phase=TURN_END
2026.09.28-02.32.26 HANDLE_APPLIED #47 seq=30 decision=1 fightersValid=1 boardValid=1
2026.09.28-02.32.26 MODE seq=30 mode=2 combat=0 pending=0
2026.09.28-02.32.26 HUD seq=30 phase=TURN_END turn=you hand=9 oppHand=5(hidden) oppDeck=21 deck=17 discard=4 pendingDiscard=2
2026.09.28-02.32.26 ARTPREVIEW fighter=Medusa hero=1 eligible=1 visual=1 mesh=SK_Medusa_FaceNeck_v2Candidate
2026.09.28-02.32.26 FIGHTERS synced n=6 alive=6 own=2 enemy=4
2026.09.28-02.32.26 WS seq=30 phase=TURN_END (merge)
2026.09.28-02.32.27 game -> room=cmukmt13p00pxwircdbc1cz8t code=<redacted> status=IN_PROGRESS
2026.09.28-02.32.27 S09AUTO drive mode=2 plan=[defend+resolve] phase=TURN_END turn=cmukie57j0001wiaofr67k2vd
2026.09.28-02.32.27 S09AUTO discard picks=2
2026.09.28-02.32.27 DISCARD-CONFIRM pending=discard:6:30 count=2 ids=cmuhgvgi200oqwi9ginqxairz::0,cmuhgvgi700p2wi9ggby5v41n::0
2026.09.28-02.32.27 SNAPSHOT applied seq=31 phase=ACTION_MANEUVER
2026.09.28-02.32.27 HANDLE_APPLIED #48 seq=31 decision=2 fightersValid=1 boardValid=1
2026.09.28-02.32.27 closed mode=
2026.09.28-02.32.27 MODE seq=31 mode=0 combat=0 pending=1
2026.09.28-02.32.27 HUD seq=31 phase=ACTION_MANEUVER turn=opp hand=7 oppHand=5(hidden) oppDeck=21~ deck=17~ discard=6
2026.09.28-02.32.27 ARTPREVIEW fighter=Medusa hero=1 eligible=1 visual=1 mesh=SK_Medusa_FaceNeck_v2Candidate
2026.09.28-02.32.27 FIGHTERS synced n=6 alive=6 own=2 enemy=4
2026.09.28-02.32.27 WS seq=31 phase=ACTION_MANEUVER (apply)
2026.09.28-02.32.27 SNAPSHOT applied seq=31 phase=ACTION_MANEUVER
2026.09.28-02.32.27 HANDLE_APPLIED #49 seq=31 decision=1 fightersValid=1 boardValid=1
2026.09.28-02.32.27 MODE seq=31 mode=0 combat=0 pending=1
2026.09.28-02.32.27 HUD seq=31 phase=ACTION_MANEUVER turn=opp hand=7 oppHand=5(hidden) oppDeck=21 deck=17 discard=6
2026.09.28-02.32.27 ARTPREVIEW fighter=Medusa hero=1 eligible=1 visual=1 mesh=SK_Medusa_FaceNeck_v2Candidate
2026.09.28-02.32.27 FIGHTERS synced n=6 alive=6 own=2 enemy=4
2026.09.28-02.32.27 DISCARD done seq=31 phase=ACTION_MANEUVER count=2
2026.09.28-02.32.27 SNAPSHOT applied seq=32 phase=ACTION_MANEUVER
2026.09.28-02.32.27 HANDLE_APPLIED #50 seq=32 decision=2 fightersValid=1 boardValid=1
2026.09.28-02.32.27 MODE seq=32 mode=0 combat=0 pending=0
2026.09.28-02.32.27 HUD seq=32 phase=ACTION_MANEUVER turn=opp hand=7 oppHand=5(hidden) oppDeck=21~ deck=17~ discard=6
2026.09.28-02.32.27 ARTPREVIEW fighter=Medusa hero=1 eligible=1 visual=1 mesh=SK_Medusa_FaceNeck_v2Candidate
2026.09.28-02.32.27 FIGHTERS synced n=6 alive=6 own=2 enemy=4
2026.09.28-02.32.27 ARTPREVIEW damage-number fighter=f-1-hero amount=1 seq=32 cell=(3,3)
2026.09.28-02.32.27 CUE damage f-1-hero -1 seq=32
2026.09.28-02.32.27 WS seq=32 phase=ACTION_MANEUVER (apply)
2026.09.28-02.32.28 SNAPSHOT applied seq=33 phase=ACTION_MANEUVER
2026.09.28-02.32.28 HANDLE_APPLIED #51 seq=33 decision=2 fightersValid=1 boardValid=1
2026.09.28-02.32.28 MODE seq=33 mode=0 combat=0 pending=0
2026.09.28-02.32.28 HUD seq=33 phase=ACTION_MANEUVER turn=opp hand=7 oppHand=6(hidden) oppDeck=21~ deck=17~ discard=6
2026.09.28-02.32.28 ARTPREVIEW fighter=Medusa hero=1 eligible=1 visual=1 mesh=SK_Medusa_FaceNeck_v2Candidate
2026.09.28-02.32.28 FIGHTERS synced n=6 alive=6 own=2 enemy=4
2026.09.28-02.32.28 WS seq=33 phase=ACTION_MANEUVER (apply)
2026.09.28-02.32.28 SNAPSHOT applied seq=34 phase=ACTION_MANEUVER
2026.09.28-02.32.28 HANDLE_APPLIED #52 seq=34 decision=2 fightersValid=1 boardValid=1
2026.09.28-02.32.28 MODE seq=34 mode=0 combat=0 pending=0
2026.09.28-02.32.28 HUD seq=34 phase=ACTION_MANEUVER turn=opp hand=7 oppHand=6(hidden) oppDeck=21~ deck=17~ discard=6
2026.09.28-02.32.28 ARTPREVIEW fighter=Medusa hero=1 eligible=1 visual=1 mesh=SK_Medusa_FaceNeck_v2Candidate
2026.09.28-02.32.28 FIGHTERS synced n=6 alive=6 own=2 enemy=4
2026.09.28-02.32.28 CUE move f-0-hero (2,4)->(3,4) seq=34
2026.09.28-02.32.28 WS seq=34 phase=ACTION_MANEUVER (apply)
2026.09.28-02.32.28 S09AUTO drive mode=0 plan=[defend+resolve] phase=ACTION_MANEUVER turn=cmukie55u0000wiao06h107t9
2026.09.28-02.32.29 SNAPSHOT applied seq=35 phase=ACTION_MANEUVER
2026.09.28-02.32.29 HANDLE_APPLIED #53 seq=35 decision=2 fightersValid=1 boardValid=1
2026.09.28-02.32.29 MODE seq=35 mode=0 combat=0 pending=0
2026.09.28-02.32.29 HUD seq=35 phase=ACTION_MANEUVER turn=opp hand=7 oppHand=7(hidden) oppDeck=21~ deck=17~ discard=6
2026.09.28-02.32.29 ARTPREVIEW fighter=Medusa hero=1 eligible=1 visual=1 mesh=SK_Medusa_FaceNeck_v2Candidate
2026.09.28-02.32.29 FIGHTERS synced n=6 alive=6 own=2 enemy=4
2026.09.28-02.32.29 WS seq=35 phase=ACTION_MANEUVER (apply)
2026.09.28-02.32.29 SNAPSHOT applied seq=36 phase=ACTION_MANEUVER
2026.09.28-02.32.29 HANDLE_APPLIED #54 seq=36 decision=2 fightersValid=1 boardValid=1
2026.09.28-02.32.29 MODE seq=36 mode=0 combat=0 pending=0
2026.09.28-02.32.29 HUD seq=36 phase=ACTION_MANEUVER turn=you hand=7 oppHand=7(hidden) oppDeck=21~ deck=17~ discard=6
2026.09.28-02.32.29 ARTPREVIEW fighter=Medusa hero=1 eligible=1 visual=1 mesh=SK_Medusa_FaceNeck_v2Candidate
2026.09.28-02.32.29 FIGHTERS synced n=6 alive=6 own=2 enemy=4
2026.09.28-02.32.29 CUE move f-0-hero (3,4)->(4,4) seq=36
2026.09.28-02.32.29 WS seq=36 phase=ACTION_MANEUVER (apply)
2026.09.28-02.32.29 S09AUTO own turn #3 (turnCount=8)
2026.09.28-02.32.29 SNAPSHOT applied seq=37 phase=ACTION_MANEUVER
2026.09.28-02.32.29 HANDLE_APPLIED #55 seq=37 decision=2 fightersValid=1 boardValid=1
2026.09.28-02.32.29 MANEUVER-DRAFT mode=maneuver:8:36
2026.09.28-02.32.29 DRAFT-OPEN draw committed (resume instead of begin)
2026.09.28-02.32.29 MODE seq=37 mode=1 combat=0 pending=0
2026.09.28-02.32.29 HUD seq=37 phase=ACTION_MANEUVER turn=you hand=8 oppHand=7(hidden) oppDeck=19 deck=16 discard=6
2026.09.28-02.32.29 ARTPREVIEW fighter=Medusa hero=1 eligible=1 visual=1 mesh=SK_Medusa_FaceNeck_v2Candidate
2026.09.28-02.32.29 FIGHTERS synced n=6 alive=6 own=2 enemy=4
2026.09.28-02.32.29 MANEUVER begin seq=37 (apply) pending=maneuver:8:36
2026.09.28-02.32.29 SNAPSHOT applied seq=37 phase=ACTION_MANEUVER
2026.09.28-02.32.29 HANDLE_APPLIED #56 seq=37 decision=1 fightersValid=1 boardValid=1
2026.09.28-02.32.29 MODE seq=37 mode=1 combat=0 pending=0
2026.09.28-02.32.29 HUD seq=37 phase=ACTION_MANEUVER turn=you hand=8 oppHand=7(hidden) oppDeck=19 deck=16 discard=6
2026.09.28-02.32.29 ARTPREVIEW fighter=Medusa hero=1 eligible=1 visual=1 mesh=SK_Medusa_FaceNeck_v2Candidate
2026.09.28-02.32.29 FIGHTERS synced n=6 alive=6 own=2 enemy=4
2026.09.28-02.32.29 WS seq=37 phase=ACTION_MANEUVER (merge)
2026.09.28-02.32.29 S09AUTO drive mode=1 plan=[defend+resolve] phase=ACTION_MANEUVER turn=cmukie57j0001wiaofr67k2vd
2026.09.28-02.32.29 MANEUVER-CONFIRM moves=1 boost=none
2026.09.28-02.32.29 SNAPSHOT applied seq=38 phase=ACTION_MANEUVER
2026.09.28-02.32.29 HANDLE_APPLIED #57 seq=38 decision=2 fightersValid=1 boardValid=1
2026.09.28-02.32.29 closed mode=
2026.09.28-02.32.29 MODE seq=38 mode=0 combat=0 pending=0
2026.09.28-02.32.29 HUD seq=38 phase=ACTION_MANEUVER turn=you hand=8 oppHand=7(hidden) oppDeck=19~ deck=16~ discard=6
2026.09.28-02.32.29 ARTPREVIEW fighter=Medusa hero=1 eligible=1 visual=1 mesh=SK_Medusa_FaceNeck_v2Candidate
2026.09.28-02.32.29 FIGHTERS synced n=6 alive=6 own=2 enemy=4
2026.09.28-02.32.29 CUE move f-1-hero (3,3)->(2,3) seq=38
2026.09.28-02.32.29 WS seq=38 phase=ACTION_MANEUVER (apply)
2026.09.28-02.32.29 SNAPSHOT applied seq=38 phase=ACTION_MANEUVER
2026.09.28-02.32.29 HANDLE_APPLIED #58 seq=38 decision=1 fightersValid=1 boardValid=1
2026.09.28-02.32.29 MODE seq=38 mode=0 combat=0 pending=0
2026.09.28-02.32.29 HUD seq=38 phase=ACTION_MANEUVER turn=you hand=8 oppHand=7(hidden) oppDeck=19 deck=16 discard=6
2026.09.28-02.32.29 ARTPREVIEW fighter=Medusa hero=1 eligible=1 visual=1 mesh=SK_Medusa_FaceNeck_v2Candidate
2026.09.28-02.32.29 FIGHTERS synced n=6 alive=6 own=2 enemy=4
2026.09.28-02.32.29 MANEUVER done seq=38 (merge) fighters=6 boost=no
2026.09.28-02.32.30 game -> room=cmukmt13p00pxwircdbc1cz8t code=<redacted> status=IN_PROGRESS
2026.09.28-02.32.30 S09AUTO drive mode=0 plan=[defend+resolve] phase=ACTION_MANEUVER turn=cmukie57j0001wiaofr67k2vd
2026.09.28-02.32.31 SNAPSHOT applied seq=39 phase=ACTION_MANEUVER
2026.09.28-02.32.31 HANDLE_APPLIED #59 seq=39 decision=2 fightersValid=1 boardValid=1
2026.09.28-02.32.31 MANEUVER-DRAFT mode=maneuver:8:38
2026.09.28-02.32.31 DRAFT-OPEN draw committed (resume instead of begin)
2026.09.28-02.32.31 MODE seq=39 mode=1 combat=0 pending=0
2026.09.28-02.32.31 HUD seq=39 phase=ACTION_MANEUVER turn=you hand=9 oppHand=7(hidden) oppDeck=19 deck=15 discard=6
2026.09.28-02.32.31 ARTPREVIEW fighter=Medusa hero=1 eligible=1 visual=1 mesh=SK_Medusa_FaceNeck_v2Candidate
2026.09.28-02.32.31 FIGHTERS synced n=6 alive=6 own=2 enemy=4
2026.09.28-02.32.31 MANEUVER begin seq=39 (apply) pending=maneuver:8:38
2026.09.28-02.32.31 SNAPSHOT applied seq=39 phase=ACTION_MANEUVER
2026.09.28-02.32.31 HANDLE_APPLIED #60 seq=39 decision=1 fightersValid=1 boardValid=1
2026.09.28-02.32.31 MODE seq=39 mode=1 combat=0 pending=0
2026.09.28-02.32.31 HUD seq=39 phase=ACTION_MANEUVER turn=you hand=9 oppHand=7(hidden) oppDeck=19 deck=15 discard=6
2026.09.28-02.32.31 ARTPREVIEW fighter=Medusa hero=1 eligible=1 visual=1 mesh=SK_Medusa_FaceNeck_v2Candidate
2026.09.28-02.32.31 FIGHTERS synced n=6 alive=6 own=2 enemy=4
2026.09.28-02.32.31 WS seq=39 phase=ACTION_MANEUVER (merge)
2026.09.28-02.32.31 S09AUTO drive mode=1 plan=[defend+resolve] phase=ACTION_MANEUVER turn=cmukie57j0001wiaofr67k2vd
2026.09.28-02.32.31 MANEUVER-CONFIRM moves=1 boost=none
2026.09.28-02.32.31 SNAPSHOT applied seq=40 phase=TURN_END
2026.09.28-02.32.31 HANDLE_APPLIED #61 seq=40 decision=2 fightersValid=1 boardValid=1
2026.09.28-02.32.31 DISCARD-DRAFT count=2 pending=discard:8:40
2026.09.28-02.32.31 MODE seq=40 mode=2 combat=0 pending=0
2026.09.28-02.32.31 HUD seq=40 phase=TURN_END turn=you hand=9 oppHand=7(hidden) oppDeck=19 deck=15 discard=6 pendingDiscard=2
2026.09.28-02.32.31 ARTPREVIEW fighter=Medusa hero=1 eligible=1 visual=1 mesh=SK_Medusa_FaceNeck_v2Candidate
2026.09.28-02.32.31 FIGHTERS synced n=6 alive=6 own=2 enemy=4
2026.09.28-02.32.31 CUE move f-1-hero (2,3)->(3,3) seq=40
2026.09.28-02.32.31 MANEUVER done seq=40 (apply) fighters=6 boost=no
2026.09.28-02.32.31 SNAPSHOT applied seq=40 phase=TURN_END
2026.09.28-02.32.31 HANDLE_APPLIED #62 seq=40 decision=1 fightersValid=1 boardValid=1
2026.09.28-02.32.31 MODE seq=40 mode=2 combat=0 pending=0
2026.09.28-02.32.31 HUD seq=40 phase=TURN_END turn=you hand=9 oppHand=7(hidden) oppDeck=19 deck=15 discard=6 pendingDiscard=2
2026.09.28-02.32.31 ARTPREVIEW fighter=Medusa hero=1 eligible=1 visual=1 mesh=SK_Medusa_FaceNeck_v2Candidate
2026.09.28-02.32.31 FIGHTERS synced n=6 alive=6 own=2 enemy=4
2026.09.28-02.32.31 WS seq=40 phase=TURN_END (merge)
2026.09.28-02.32.32 S09AUTO drive mode=2 plan=[defend+resolve] phase=TURN_END turn=cmukie57j0001wiaofr67k2vd
2026.09.28-02.32.32 S09AUTO discard picks=2
2026.09.28-02.32.32 DISCARD-CONFIRM pending=discard:8:40 count=2 ids=cmuhgvghy00oiwi9gajndiaba::0,cmuhgvgi400ouwi9gf4p16bon::0
2026.09.28-02.32.32 SNAPSHOT applied seq=41 phase=ACTION_MANEUVER
2026.09.28-02.32.32 HANDLE_APPLIED #63 seq=41 decision=2 fightersValid=1 boardValid=1
2026.09.28-02.32.32 closed mode=
2026.09.28-02.32.32 MODE seq=41 mode=0 combat=0 pending=1
2026.09.28-02.32.32 HUD seq=41 phase=ACTION_MANEUVER turn=opp hand=7 oppHand=7(hidden) oppDeck=19 deck=15 discard=8
2026.09.28-02.32.32 ARTPREVIEW fighter=Medusa hero=1 eligible=1 visual=1 mesh=SK_Medusa_FaceNeck_v2Candidate
2026.09.28-02.32.32 FIGHTERS synced n=6 alive=6 own=2 enemy=4
2026.09.28-02.32.32 DISCARD done seq=41 phase=ACTION_MANEUVER count=2
2026.09.28-02.32.32 SNAPSHOT applied seq=41 phase=ACTION_MANEUVER
2026.09.28-02.32.32 HANDLE_APPLIED #64 seq=41 decision=1 fightersValid=1 boardValid=1
2026.09.28-02.32.32 MODE seq=41 mode=0 combat=0 pending=1
2026.09.28-02.32.32 HUD seq=41 phase=ACTION_MANEUVER turn=opp hand=7 oppHand=7(hidden) oppDeck=19 deck=15 discard=8
2026.09.28-02.32.32 ARTPREVIEW fighter=Medusa hero=1 eligible=1 visual=1 mesh=SK_Medusa_FaceNeck_v2Candidate
2026.09.28-02.32.32 FIGHTERS synced n=6 alive=6 own=2 enemy=4
2026.09.28-02.32.32 WS seq=41 phase=ACTION_MANEUVER (merge)
2026.09.28-02.32.32 SNAPSHOT applied seq=42 phase=ACTION_MANEUVER
2026.09.28-02.32.32 HANDLE_APPLIED #65 seq=42 decision=2 fightersValid=1 boardValid=1
2026.09.28-02.32.32 MODE seq=42 mode=0 combat=0 pending=0
2026.09.28-02.32.32 HUD seq=42 phase=ACTION_MANEUVER turn=opp hand=7 oppHand=7(hidden) oppDeck=19~ deck=15~ discard=8
2026.09.28-02.32.32 ARTPREVIEW fighter=Medusa hero=1 eligible=1 visual=1 mesh=SK_Medusa_FaceNeck_v2Candidate
2026.09.28-02.32.32 FIGHTERS synced n=6 alive=6 own=2 enemy=4
2026.09.28-02.32.32 ARTPREVIEW damage-number fighter=f-1-hero amount=1 seq=42 cell=(3,3)
2026.09.28-02.32.32 CUE damage f-1-hero -1 seq=42
2026.09.28-02.32.32 WS seq=42 phase=ACTION_MANEUVER (apply)
2026.09.28-02.32.32 SNAPSHOT applied seq=43 phase=ACTION_MANEUVER
2026.09.28-02.32.32 HANDLE_APPLIED #66 seq=43 decision=2 fightersValid=1 boardValid=1
2026.09.28-02.32.32 MODE seq=43 mode=0 combat=0 pending=0
2026.09.28-02.32.32 HUD seq=43 phase=ACTION_MANEUVER turn=opp hand=7 oppHand=8(hidden) oppDeck=19~ deck=15~ discard=8
2026.09.28-02.32.32 ARTPREVIEW fighter=Medusa hero=1 eligible=1 visual=1 mesh=SK_Medusa_FaceNeck_v2Candidate
2026.09.28-02.32.32 FIGHTERS synced n=6 alive=6 own=2 enemy=4
2026.09.28-02.32.32 WS seq=43 phase=ACTION_MANEUVER (apply)
2026.09.28-02.32.32 SNAPSHOT applied seq=44 phase=ACTION_MANEUVER
2026.09.28-02.32.32 HANDLE_APPLIED #67 seq=44 decision=2 fightersValid=1 boardValid=1
2026.09.28-02.32.32 MODE seq=44 mode=0 combat=0 pending=0
2026.09.28-02.32.32 HUD seq=44 phase=ACTION_MANEUVER turn=opp hand=7 oppHand=8(hidden) oppDeck=19~ deck=15~ discard=8
2026.09.28-02.32.32 ARTPREVIEW fighter=Medusa hero=1 eligible=1 visual=1 mesh=SK_Medusa_FaceNeck_v2Candidate
2026.09.28-02.32.32 FIGHTERS synced n=6 alive=6 own=2 enemy=4
2026.09.28-02.32.32 CUE move f-0-hero (4,4)->(3,4) seq=44
2026.09.28-02.32.32 WS seq=44 phase=ACTION_MANEUVER (apply)
2026.09.28-02.32.33 game -> room=cmukmt13p00pxwircdbc1cz8t code=<redacted> status=IN_PROGRESS
2026.09.28-02.32.33 S09AUTO drive mode=0 plan=[defend+resolve] phase=ACTION_MANEUVER turn=cmukie55u0000wiao06h107t9
2026.09.28-02.32.33 SNAPSHOT applied seq=45 phase=COMBAT
2026.09.28-02.32.33 HANDLE_APPLIED #68 seq=45 decision=2 fightersValid=1 boardValid=1
2026.09.28-02.32.33 closed mode=
2026.09.28-02.32.33 MODE seq=45 mode=4 combat=1 pending=0
2026.09.28-02.32.33 HUD seq=45 phase=COMBAT turn=opp hand=7 oppHand=7(hidden) oppDeck=19~ deck=15~ discard=8
2026.09.28-02.32.33 ARTPREVIEW combat marker fighter=Medusa attacker=1 target=0 icon=0 targetMesh=SM_Marker_TargetRing
2026.09.28-02.32.33 ARTPREVIEW combat marker fighter=King Arthur attacker=0 target=1 icon=1 targetMesh=SM_Marker_TargetRing
2026.09.28-02.32.33 ARTPREVIEW fighter=Medusa hero=1 eligible=1 visual=1 mesh=SK_Medusa_FaceNeck_v2Candidate
2026.09.28-02.32.33 FIGHTERS synced n=6 alive=6 own=2 enemy=4
2026.09.28-02.32.33 WS seq=45 phase=COMBAT (apply)
2026.09.28-02.32.33 S09AUTO drive mode=4 plan=[defend+resolve] phase=COMBAT turn=cmukie55u0000wiao06h107t9
2026.09.28-02.32.33 S09AUTO defense card picked
2026.09.28-02.32.33 DEFENSE sent
2026.09.28-02.32.33 SNAPSHOT applied seq=46 phase=COMBAT_RESOLVE
2026.09.28-02.32.33 HANDLE_APPLIED #69 seq=46 decision=2 fightersValid=1 boardValid=1
2026.09.28-02.32.33 closed mode=
2026.09.28-02.32.33 MODE seq=46 mode=5 combat=1 pending=0
2026.09.28-02.32.33 HUD seq=46 phase=COMBAT_RESOLVE turn=opp hand=6 oppHand=7(hidden) oppDeck=18 deck=15 discard=9
2026.09.28-02.32.33 ARTPREVIEW fighter=Medusa hero=1 eligible=1 visual=1 mesh=SK_Medusa_FaceNeck_v2Candidate
2026.09.28-02.32.33 FIGHTERS synced n=6 alive=6 own=2 enemy=4
2026.09.28-02.32.33 DEFENSE done seq=46 (apply) phase=COMBAT_RESOLVE
2026.09.28-02.32.33 SNAPSHOT applied seq=46 phase=COMBAT_RESOLVE
2026.09.28-02.32.33 HANDLE_APPLIED #70 seq=46 decision=1 fightersValid=1 boardValid=1
2026.09.28-02.32.33 MODE seq=46 mode=5 combat=1 pending=0
2026.09.28-02.32.33 HUD seq=46 phase=COMBAT_RESOLVE turn=opp hand=6 oppHand=7(hidden) oppDeck=18 deck=15 discard=9
2026.09.28-02.32.33 ARTPREVIEW fighter=Medusa hero=1 eligible=1 visual=1 mesh=SK_Medusa_FaceNeck_v2Candidate
2026.09.28-02.32.33 FIGHTERS synced n=6 alive=6 own=2 enemy=4
2026.09.28-02.32.33 WS seq=46 phase=COMBAT_RESOLVE (merge)
2026.09.28-02.32.33 S09AUTO drive mode=5 plan=[defend+resolve] phase=COMBAT_RESOLVE turn=cmukie55u0000wiao06h107t9
2026.09.28-02.32.33 S09AUTO resolve
2026.09.28-02.32.33 RESOLVE sent
2026.09.28-02.32.34 SNAPSHOT applied seq=47 phase=COMBAT_RESOLVE
2026.09.28-02.32.34 HANDLE_APPLIED #71 seq=47 decision=2 fightersValid=1 boardValid=1
2026.09.28-02.32.34 MODE seq=47 mode=5 combat=1 pending=1
2026.09.28-02.32.34 HUD seq=47 phase=COMBAT_RESOLVE turn=opp hand=6 oppHand=7(hidden) oppDeck=18 deck=15 discard=9
2026.09.28-02.32.34 RESOLVE panel revealed: A3+B0 vs D4
2026.09.28-02.32.34 RESOLVE panel blocked by pending (type=BOOST_CHOICE id=cmuhgvgkf00smwi9gaeymh3ur-during-0-boost-46)
2026.09.28-02.32.34 ARTPREVIEW fighter=Medusa hero=1 eligible=1 visual=1 mesh=SK_Medusa_FaceNeck_v2Candidate
2026.09.28-02.32.34 FIGHTERS synced n=6 alive=6 own=2 enemy=4
2026.09.28-02.32.34 RESOLVE done seq=47 (apply) phase=COMBAT_RESOLVE
2026.09.28-02.32.34 SNAPSHOT applied seq=47 phase=COMBAT_RESOLVE
2026.09.28-02.32.34 HANDLE_APPLIED #72 seq=47 decision=1 fightersValid=1 boardValid=1
2026.09.28-02.32.34 MODE seq=47 mode=5 combat=1 pending=1
2026.09.28-02.32.34 HUD seq=47 phase=COMBAT_RESOLVE turn=opp hand=6 oppHand=7(hidden) oppDeck=18 deck=15 discard=9
2026.09.28-02.32.34 ARTPREVIEW fighter=Medusa hero=1 eligible=1 visual=1 mesh=SK_Medusa_FaceNeck_v2Candidate
2026.09.28-02.32.34 FIGHTERS synced n=6 alive=6 own=2 enemy=4
2026.09.28-02.32.34 WS seq=47 phase=COMBAT_RESOLVE (merge)
2026.09.28-02.32.34 S09AUTO resolve-blocked shot (type=BOOST_CHOICE)
2026.09.28-02.32.34 SHOT ctx viewport=1920x1080 viewTarget=CameraActor_2147482372 cam=(0,1107,1582) rot=(-55,-90,0)
2026.09.28-02.32.34 SHOT fighter f-0-hero pos=(3,4) world=(100,150,0) screen=(1125,743) projected=1 alive=1
2026.09.28-02.32.34 SHOT fighter f-0-sk0 pos=(4,2) world=(200,-50,0) screen=(1271,476) projected=1 alive=1
2026.09.28-02.32.34 SHOT fighter f-0-sk1 pos=(2,1) world=(0,-150,0) screen=(960,355) projected=1 alive=1
2026.09.28-02.32.34 SHOT fighter f-0-sk2 pos=(1,2) world=(-100,-50,0) screen=(805,476) projected=1 alive=1
2026.09.28-02.32.34 SHOT fighter f-1-hero pos=(3,3) world=(100,50,0) screen=(1120,606) projected=1 alive=1
2026.09.28-02.32.34 SHOT fighter f-1-sk0 pos=(4,3) world=(200,50,0) screen=(1280,606) projected=1 alive=1
2026.09.28-02.32.34 SHOT requested: FScreenshotRequest(bShowUI) -> C:\Users\ren\AppData\Local\Temp\s09-combat-20260928-073145-33352\joiner/s09-resolve-blocked-BOOST_CHOICE.png
2026.09.28-02.32.36 game -> room=cmukmt13p00pxwircdbc1cz8t code=<redacted> status=IN_PROGRESS
2026.09.28-02.32.38 SNAPSHOT applied seq=48 phase=ACTION_MANEUVER
2026.09.28-02.32.38 HANDLE_APPLIED #73 seq=48 decision=2 fightersValid=1 boardValid=1
2026.09.28-02.32.38 COMBAT-RESULT seq=48 damage=1 role=defended
2026.09.28-02.32.38 ARTPREVIEW combat marker fighter=Medusa attacker=0 target=0 icon=0 targetMesh=SM_Marker_TargetRing
2026.09.28-02.32.38 ARTPREVIEW combat marker fighter=King Arthur attacker=0 target=0 icon=0 targetMesh=SM_Marker_TargetRing
2026.09.28-02.32.38 RESOLVE panel revealed: A3+B0 vs D4
2026.09.28-02.32.38 closed mode=
2026.09.28-02.32.38 MODE seq=48 mode=0 combat=0 pending=0
2026.09.28-02.32.38 HUD seq=48 phase=ACTION_MANEUVER turn=you hand=6 oppHand=6(hidden) oppDeck=18~ deck=15~ discard=9
2026.09.28-02.32.38 ARTPREVIEW fighter=Medusa hero=1 eligible=1 visual=1 mesh=SK_Medusa_FaceNeck_v2Candidate
2026.09.28-02.32.38 FIGHTERS synced n=6 alive=6 own=2 enemy=4
2026.09.28-02.32.38 ARTPREVIEW damage-number fighter=f-1-hero amount=1 seq=48 cell=(3,3)
2026.09.28-02.32.38 CUE damage f-1-hero -1 seq=48
2026.09.28-02.32.38 WS seq=48 phase=ACTION_MANEUVER (apply)
2026.09.28-02.32.38 S09AUTO drive mode=0 plan=[defend+resolve] phase=ACTION_MANEUVER turn=cmukie57j0001wiaofr67k2vd
2026.09.28-02.32.38 S09AUTO own turn #4 (turnCount=10)
2026.09.28-02.32.38 SNAPSHOT applied seq=49 phase=ACTION_MANEUVER
2026.09.28-02.32.38 HANDLE_APPLIED #74 seq=49 decision=2 fightersValid=1 boardValid=1
2026.09.28-02.32.38 MANEUVER-DRAFT mode=maneuver:10:48
2026.09.28-02.32.38 DRAFT-OPEN draw committed (resume instead of begin)
2026.09.28-02.32.38 MODE seq=49 mode=1 combat=0 pending=0
2026.09.28-02.32.38 HUD seq=49 phase=ACTION_MANEUVER turn=you hand=7 oppHand=6(hidden) oppDeck=18 deck=14 discard=9
2026.09.28-02.32.38 ARTPREVIEW fighter=Medusa hero=1 eligible=1 visual=1 mesh=SK_Medusa_FaceNeck_v2Candidate
2026.09.28-02.32.38 FIGHTERS synced n=6 alive=6 own=2 enemy=4
2026.09.28-02.32.38 MANEUVER begin seq=49 (apply) pending=maneuver:10:48
2026.09.28-02.32.38 SNAPSHOT applied seq=49 phase=ACTION_MANEUVER
2026.09.28-02.32.38 HANDLE_APPLIED #75 seq=49 decision=1 fightersValid=1 boardValid=1
2026.09.28-02.32.38 MODE seq=49 mode=1 combat=0 pending=0
2026.09.28-02.32.38 HUD seq=49 phase=ACTION_MANEUVER turn=you hand=7 oppHand=6(hidden) oppDeck=18 deck=14 discard=9
2026.09.28-02.32.38 ARTPREVIEW fighter=Medusa hero=1 eligible=1 visual=1 mesh=SK_Medusa_FaceNeck_v2Candidate
2026.09.28-02.32.38 FIGHTERS synced n=6 alive=6 own=2 enemy=4
2026.09.28-02.32.38 WS seq=49 phase=ACTION_MANEUVER (merge)
2026.09.28-02.32.38 S09AUTO drive mode=1 plan=[defend+resolve] phase=ACTION_MANEUVER turn=cmukie57j0001wiaofr67k2vd
2026.09.28-02.32.38 MANEUVER-CONFIRM moves=1 boost=none
2026.09.28-02.32.38 SNAPSHOT applied seq=50 phase=ACTION_MANEUVER
2026.09.28-02.32.38 HANDLE_APPLIED #76 seq=50 decision=2 fightersValid=1 boardValid=1
2026.09.28-02.32.38 closed mode=
2026.09.28-02.32.38 MODE seq=50 mode=0 combat=0 pending=0
2026.09.28-02.32.38 HUD seq=50 phase=ACTION_MANEUVER turn=you hand=7 oppHand=6(hidden) oppDeck=18 deck=14 discard=9
2026.09.28-02.32.38 ARTPREVIEW fighter=Medusa hero=1 eligible=1 visual=1 mesh=SK_Medusa_FaceNeck_v2Candidate
2026.09.28-02.32.38 FIGHTERS synced n=6 alive=6 own=2 enemy=4
2026.09.28-02.32.38 CUE move f-1-hero (3,3)->(2,3) seq=50
2026.09.28-02.32.38 MANEUVER done seq=50 (apply) fighters=6 boost=no
2026.09.28-02.32.38 SNAPSHOT applied seq=50 phase=ACTION_MANEUVER
2026.09.28-02.32.38 HANDLE_APPLIED #77 seq=50 decision=1 fightersValid=1 boardValid=1
2026.09.28-02.32.38 MODE seq=50 mode=0 combat=0 pending=0
2026.09.28-02.32.38 HUD seq=50 phase=ACTION_MANEUVER turn=you hand=7 oppHand=6(hidden) oppDeck=18 deck=14 discard=9
2026.09.28-02.32.38 ARTPREVIEW fighter=Medusa hero=1 eligible=1 visual=1 mesh=SK_Medusa_FaceNeck_v2Candidate
2026.09.28-02.32.38 FIGHTERS synced n=6 alive=6 own=2 enemy=4
2026.09.28-02.32.38 WS seq=50 phase=ACTION_MANEUVER (merge)
2026.09.28-02.32.39 game -> room=cmukmt13p00pxwircdbc1cz8t code=<redacted> status=IN_PROGRESS
2026.09.28-02.32.39 S09AUTO drive mode=0 plan=[defend+resolve] phase=ACTION_MANEUVER turn=cmukie57j0001wiaofr67k2vd
2026.09.28-02.32.39 SNAPSHOT applied seq=51 phase=ACTION_MANEUVER
2026.09.28-02.32.39 HANDLE_APPLIED #78 seq=51 decision=2 fightersValid=1 boardValid=1
2026.09.28-02.32.39 MANEUVER-DRAFT mode=maneuver:10:50
2026.09.28-02.32.39 DRAFT-OPEN draw committed (resume instead of begin)
2026.09.28-02.32.39 MODE seq=51 mode=1 combat=0 pending=0
2026.09.28-02.32.39 HUD seq=51 phase=ACTION_MANEUVER turn=you hand=8 oppHand=6(hidden) oppDeck=18 deck=13 discard=9
2026.09.28-02.32.39 ARTPREVIEW fighter=Medusa hero=1 eligible=1 visual=1 mesh=SK_Medusa_FaceNeck_v2Candidate
2026.09.28-02.32.39 FIGHTERS synced n=6 alive=6 own=2 enemy=4
2026.09.28-02.32.39 MANEUVER begin seq=51 (apply) pending=maneuver:10:50
2026.09.28-02.32.39 SNAPSHOT applied seq=51 phase=ACTION_MANEUVER
2026.09.28-02.32.39 HANDLE_APPLIED #79 seq=51 decision=1 fightersValid=1 boardValid=1
2026.09.28-02.32.39 MODE seq=51 mode=1 combat=0 pending=0
2026.09.28-02.32.39 HUD seq=51 phase=ACTION_MANEUVER turn=you hand=8 oppHand=6(hidden) oppDeck=18 deck=13 discard=9
2026.09.28-02.32.39 ARTPREVIEW fighter=Medusa hero=1 eligible=1 visual=1 mesh=SK_Medusa_FaceNeck_v2Candidate
2026.09.28-02.32.39 FIGHTERS synced n=6 alive=6 own=2 enemy=4
2026.09.28-02.32.39 WS seq=51 phase=ACTION_MANEUVER (merge)
2026.09.28-02.32.39 S09AUTO drive mode=1 plan=[defend+resolve] phase=ACTION_MANEUVER turn=cmukie57j0001wiaofr67k2vd
2026.09.28-02.32.39 MANEUVER-CONFIRM moves=1 boost=none
2026.09.28-02.32.39 SNAPSHOT applied seq=52 phase=TURN_END
2026.09.28-02.32.39 HANDLE_APPLIED #80 seq=52 decision=2 fightersValid=1 boardValid=1
2026.09.28-02.32.39 DISCARD-DRAFT count=1 pending=discard:10:52
2026.09.28-02.32.39 MODE seq=52 mode=2 combat=0 pending=0
2026.09.28-02.32.39 HUD seq=52 phase=TURN_END turn=you hand=8 oppHand=6(hidden) oppDeck=18 deck=13 discard=9 pendingDiscard=1
2026.09.28-02.32.39 ARTPREVIEW fighter=Medusa hero=1 eligible=1 visual=1 mesh=SK_Medusa_FaceNeck_v2Candidate
2026.09.28-02.32.39 FIGHTERS synced n=6 alive=6 own=2 enemy=4
2026.09.28-02.32.39 CUE move f-1-hero (2,3)->(3,3) seq=52
2026.09.28-02.32.39 MANEUVER done seq=52 (apply) fighters=6 boost=no
2026.09.28-02.32.39 SNAPSHOT applied seq=52 phase=TURN_END
2026.09.28-02.32.39 HANDLE_APPLIED #81 seq=52 decision=1 fightersValid=1 boardValid=1
2026.09.28-02.32.39 MODE seq=52 mode=2 combat=0 pending=0
2026.09.28-02.32.39 HUD seq=52 phase=TURN_END turn=you hand=8 oppHand=6(hidden) oppDeck=18 deck=13 discard=9 pendingDiscard=1
2026.09.28-02.32.39 ARTPREVIEW fighter=Medusa hero=1 eligible=1 visual=1 mesh=SK_Medusa_FaceNeck_v2Candidate
2026.09.28-02.32.39 FIGHTERS synced n=6 alive=6 own=2 enemy=4
2026.09.28-02.32.39 WS seq=52 phase=TURN_END (merge)
2026.09.28-02.32.40 S09AUTO drive mode=2 plan=[defend+resolve] phase=TURN_END turn=cmukie57j0001wiaofr67k2vd
2026.09.28-02.32.40 S09AUTO discard picks=1
2026.09.28-02.32.40 DISCARD-CONFIRM pending=discard:10:52 count=1 ids=cmuhgvgi000omwi9gbn3wr8kb::0
2026.09.28-02.32.40 SNAPSHOT applied seq=53 phase=ACTION_MANEUVER
2026.09.28-02.32.40 HANDLE_APPLIED #82 seq=53 decision=2 fightersValid=1 boardValid=1
2026.09.28-02.32.40 closed mode=
2026.09.28-02.32.40 MODE seq=53 mode=0 combat=0 pending=1
2026.09.28-02.32.40 HUD seq=53 phase=ACTION_MANEUVER turn=opp hand=7 oppHand=6(hidden) oppDeck=18 deck=13 discard=10
2026.09.28-02.32.40 ARTPREVIEW fighter=Medusa hero=1 eligible=1 visual=1 mesh=SK_Medusa_FaceNeck_v2Candidate
2026.09.28-02.32.40 FIGHTERS synced n=6 alive=6 own=2 enemy=4
2026.09.28-02.32.40 DISCARD done seq=53 phase=ACTION_MANEUVER count=1
2026.09.28-02.32.40 SNAPSHOT applied seq=53 phase=ACTION_MANEUVER
2026.09.28-02.32.40 HANDLE_APPLIED #83 seq=53 decision=1 fightersValid=1 boardValid=1
2026.09.28-02.32.40 MODE seq=53 mode=0 combat=0 pending=1
2026.09.28-02.32.40 HUD seq=53 phase=ACTION_MANEUVER turn=opp hand=7 oppHand=6(hidden) oppDeck=18 deck=13 discard=10
2026.09.28-02.32.40 ARTPREVIEW fighter=Medusa hero=1 eligible=1 visual=1 mesh=SK_Medusa_FaceNeck_v2Candidate
2026.09.28-02.32.40 FIGHTERS synced n=6 alive=6 own=2 enemy=4
2026.09.28-02.32.40 WS seq=53 phase=ACTION_MANEUVER (merge)
2026.09.28-02.32.40 SNAPSHOT applied seq=54 phase=ACTION_MANEUVER
2026.09.28-02.32.40 HANDLE_APPLIED #84 seq=54 decision=2 fightersValid=1 boardValid=1
2026.09.28-02.32.40 MODE seq=54 mode=0 combat=0 pending=0
2026.09.28-02.32.40 HUD seq=54 phase=ACTION_MANEUVER turn=opp hand=7 oppHand=6(hidden) oppDeck=18~ deck=13~ discard=10
2026.09.28-02.32.40 ARTPREVIEW fighter=Medusa hero=1 eligible=1 visual=1 mesh=SK_Medusa_FaceNeck_v2Candidate
2026.09.28-02.32.40 FIGHTERS synced n=6 alive=6 own=2 enemy=4
2026.09.28-02.32.40 ARTPREVIEW damage-number fighter=f-1-hero amount=1 seq=54 cell=(3,3)
2026.09.28-02.32.40 CUE damage f-1-hero -1 seq=54
2026.09.28-02.32.40 WS seq=54 phase=ACTION_MANEUVER (apply)
2026.09.28-02.32.41 SNAPSHOT applied seq=55 phase=ACTION_MANEUVER
2026.09.28-02.32.41 HANDLE_APPLIED #85 seq=55 decision=2 fightersValid=1 boardValid=1
2026.09.28-02.32.41 MODE seq=55 mode=0 combat=0 pending=0
2026.09.28-02.32.41 HUD seq=55 phase=ACTION_MANEUVER turn=opp hand=7 oppHand=7(hidden) oppDeck=18~ deck=13~ discard=10
2026.09.28-02.32.41 ARTPREVIEW fighter=Medusa hero=1 eligible=1 visual=1 mesh=SK_Medusa_FaceNeck_v2Candidate
2026.09.28-02.32.41 FIGHTERS synced n=6 alive=6 own=2 enemy=4
2026.09.28-02.32.41 WS seq=55 phase=ACTION_MANEUVER (apply)
2026.09.28-02.32.41 SNAPSHOT applied seq=56 phase=ACTION_MANEUVER
2026.09.28-02.32.41 HANDLE_APPLIED #86 seq=56 decision=2 fightersValid=1 boardValid=1
2026.09.28-02.32.41 MODE seq=56 mode=0 combat=0 pending=0
2026.09.28-02.32.41 HUD seq=56 phase=ACTION_MANEUVER turn=opp hand=7 oppHand=7(hidden) oppDeck=18~ deck=13~ discard=10
2026.09.28-02.32.41 ARTPREVIEW fighter=Medusa hero=1 eligible=1 visual=1 mesh=SK_Medusa_FaceNeck_v2Candidate
2026.09.28-02.32.41 FIGHTERS synced n=6 alive=6 own=2 enemy=4
2026.09.28-02.32.41 CUE move f-0-hero (3,4)->(4,4) seq=56
2026.09.28-02.32.41 WS seq=56 phase=ACTION_MANEUVER (apply)
2026.09.28-02.32.42 S09AUTO drive mode=0 plan=[defend+resolve] phase=ACTION_MANEUVER turn=cmukie55u0000wiao06h107t9
2026.09.28-02.32.42 game -> room=cmukmt13p00pxwircdbc1cz8t code=<redacted> status=IN_PROGRESS
2026.09.28-02.32.42 SNAPSHOT applied seq=57 phase=ACTION_MANEUVER
2026.09.28-02.32.42 HANDLE_APPLIED #87 seq=57 decision=2 fightersValid=1 boardValid=1
2026.09.28-02.32.42 MODE seq=57 mode=0 combat=0 pending=0
2026.09.28-02.32.42 HUD seq=57 phase=ACTION_MANEUVER turn=opp hand=7 oppHand=8(hidden) oppDeck=18~ deck=13~ discard=10
2026.09.28-02.32.42 ARTPREVIEW fighter=Medusa hero=1 eligible=1 visual=1 mesh=SK_Medusa_FaceNeck_v2Candidate
2026.09.28-02.32.42 FIGHTERS synced n=6 alive=6 own=2 enemy=4
2026.09.28-02.32.42 WS seq=57 phase=ACTION_MANEUVER (apply)
2026.09.28-02.32.42 SNAPSHOT applied seq=58 phase=TURN_END
2026.09.28-02.32.42 HANDLE_APPLIED #88 seq=58 decision=2 fightersValid=1 boardValid=1
2026.09.28-02.32.42 MODE seq=58 mode=0 combat=0 pending=0
2026.09.28-02.32.42 HUD seq=58 phase=TURN_END turn=opp hand=7 oppHand=8(hidden) oppDeck=18~ deck=13~ discard=10 pendingDiscard=1
2026.09.28-02.32.42 ARTPREVIEW fighter=Medusa hero=1 eligible=1 visual=1 mesh=SK_Medusa_FaceNeck_v2Candidate
2026.09.28-02.32.42 FIGHTERS synced n=6 alive=6 own=2 enemy=4
2026.09.28-02.32.42 CUE move f-0-hero (4,4)->(3,4) seq=58
2026.09.28-02.32.42 WS seq=58 phase=TURN_END (apply)
2026.09.28-02.32.43 SNAPSHOT applied seq=59 phase=ACTION_MANEUVER
2026.09.28-02.32.43 HANDLE_APPLIED #89 seq=59 decision=2 fightersValid=1 boardValid=1
2026.09.28-02.32.43 MODE seq=59 mode=0 combat=0 pending=0
2026.09.28-02.32.43 HUD seq=59 phase=ACTION_MANEUVER turn=you hand=7 oppHand=7(hidden) oppDeck=18~ deck=13~ discard=10
2026.09.28-02.32.43 ARTPREVIEW fighter=Medusa hero=1 eligible=1 visual=1 mesh=SK_Medusa_FaceNeck_v2Candidate
2026.09.28-02.32.43 FIGHTERS synced n=6 alive=6 own=2 enemy=4
2026.09.28-02.32.43 WS seq=59 phase=ACTION_MANEUVER (apply)
2026.09.28-02.32.43 S09AUTO own turn #5 (turnCount=12)
2026.09.28-02.32.43 SNAPSHOT applied seq=60 phase=ACTION_MANEUVER
2026.09.28-02.32.43 HANDLE_APPLIED #90 seq=60 decision=2 fightersValid=1 boardValid=1
2026.09.28-02.32.43 MANEUVER-DRAFT mode=maneuver:12:59
2026.09.28-02.32.43 DRAFT-OPEN draw committed (resume instead of begin)
2026.09.28-02.32.43 MODE seq=60 mode=1 combat=0 pending=0
2026.09.28-02.32.43 HUD seq=60 phase=ACTION_MANEUVER turn=you hand=8 oppHand=7(hidden) oppDeck=18~ deck=13~ discard=10
2026.09.28-02.32.43 ARTPREVIEW fighter=Medusa hero=1 eligible=1 visual=1 mesh=SK_Medusa_FaceNeck_v2Candidate
2026.09.28-02.32.43 FIGHTERS synced n=6 alive=6 own=2 enemy=4
2026.09.28-02.32.43 WS seq=60 phase=ACTION_MANEUVER (apply)
2026.09.28-02.32.43 SNAPSHOT applied seq=60 phase=ACTION_MANEUVER
2026.09.28-02.32.43 HANDLE_APPLIED #91 seq=60 decision=1 fightersValid=1 boardValid=1
2026.09.28-02.32.43 MODE seq=60 mode=1 combat=0 pending=0
2026.09.28-02.32.43 HUD seq=60 phase=ACTION_MANEUVER turn=you hand=8 oppHand=7(hidden) oppDeck=16 deck=12 discard=10
2026.09.28-02.32.43 ARTPREVIEW fighter=Medusa hero=1 eligible=1 visual=1 mesh=SK_Medusa_FaceNeck_v2Candidate
2026.09.28-02.32.43 FIGHTERS synced n=6 alive=6 own=2 enemy=4
2026.09.28-02.32.43 MANEUVER begin seq=60 (merge) pending=maneuver:12:59
2026.09.28-02.32.43 S09AUTO drive mode=1 plan=[defend+resolve] phase=ACTION_MANEUVER turn=cmukie57j0001wiaofr67k2vd
2026.09.28-02.32.43 MANEUVER-CONFIRM moves=1 boost=none
2026.09.28-02.32.43 SNAPSHOT applied seq=61 phase=ACTION_MANEUVER
2026.09.28-02.32.43 HANDLE_APPLIED #92 seq=61 decision=2 fightersValid=1 boardValid=1
2026.09.28-02.32.43 closed mode=
2026.09.28-02.32.43 MODE seq=61 mode=0 combat=0 pending=0
2026.09.28-02.32.43 HUD seq=61 phase=ACTION_MANEUVER turn=you hand=8 oppHand=7(hidden) oppDeck=16 deck=12 discard=10
2026.09.28-02.32.43 ARTPREVIEW fighter=Medusa hero=1 eligible=1 visual=1 mesh=SK_Medusa_FaceNeck_v2Candidate
2026.09.28-02.32.43 FIGHTERS synced n=6 alive=6 own=2 enemy=4
2026.09.28-02.32.43 CUE move f-1-hero (3,3)->(2,3) seq=61
2026.09.28-02.32.43 MANEUVER done seq=61 (apply) fighters=6 boost=no
2026.09.28-02.32.43 SNAPSHOT applied seq=61 phase=ACTION_MANEUVER
2026.09.28-02.32.43 HANDLE_APPLIED #93 seq=61 decision=1 fightersValid=1 boardValid=1
2026.09.28-02.32.43 MODE seq=61 mode=0 combat=0 pending=0
2026.09.28-02.32.43 HUD seq=61 phase=ACTION_MANEUVER turn=you hand=8 oppHand=7(hidden) oppDeck=16 deck=12 discard=10
2026.09.28-02.32.43 ARTPREVIEW fighter=Medusa hero=1 eligible=1 visual=1 mesh=SK_Medusa_FaceNeck_v2Candidate
2026.09.28-02.32.43 FIGHTERS synced n=6 alive=6 own=2 enemy=4
2026.09.28-02.32.43 WS seq=61 phase=ACTION_MANEUVER (merge)
2026.09.28-02.32.45 S09AUTO drive mode=0 plan=[defend+resolve] phase=ACTION_MANEUVER turn=cmukie57j0001wiaofr67k2vd
2026.09.28-02.32.45 game -> room=cmukmt13p00pxwircdbc1cz8t code=<redacted> status=IN_PROGRESS
2026.09.28-02.32.45 SNAPSHOT applied seq=62 phase=ACTION_MANEUVER
2026.09.28-02.32.45 HANDLE_APPLIED #94 seq=62 decision=2 fightersValid=1 boardValid=1
2026.09.28-02.32.45 MANEUVER-DRAFT mode=maneuver:12:61
2026.09.28-02.32.45 DRAFT-OPEN draw committed (resume instead of begin)
2026.09.28-02.32.45 MODE seq=62 mode=1 combat=0 pending=0
2026.09.28-02.32.45 HUD seq=62 phase=ACTION_MANEUVER turn=you hand=9 oppHand=7(hidden) oppDeck=16~ deck=12~ discard=10
2026.09.28-02.32.45 ARTPREVIEW fighter=Medusa hero=1 eligible=1 visual=1 mesh=SK_Medusa_FaceNeck_v2Candidate
2026.09.28-02.32.45 FIGHTERS synced n=6 alive=6 own=2 enemy=4
2026.09.28-02.32.45 WS seq=62 phase=ACTION_MANEUVER (apply)
2026.09.28-02.32.45 SNAPSHOT applied seq=62 phase=ACTION_MANEUVER
2026.09.28-02.32.45 HANDLE_APPLIED #95 seq=62 decision=1 fightersValid=1 boardValid=1
2026.09.28-02.32.45 MODE seq=62 mode=1 combat=0 pending=0
2026.09.28-02.32.45 HUD seq=62 phase=ACTION_MANEUVER turn=you hand=9 oppHand=7(hidden) oppDeck=16 deck=11 discard=10
2026.09.28-02.32.45 ARTPREVIEW fighter=Medusa hero=1 eligible=1 visual=1 mesh=SK_Medusa_FaceNeck_v2Candidate
2026.09.28-02.32.45 FIGHTERS synced n=6 alive=6 own=2 enemy=4
2026.09.28-02.32.45 MANEUVER begin seq=62 (merge) pending=maneuver:12:61
2026.09.28-02.32.45 S09AUTO drive mode=1 plan=[defend+resolve] phase=ACTION_MANEUVER turn=cmukie57j0001wiaofr67k2vd
2026.09.28-02.32.45 MANEUVER-CONFIRM moves=1 boost=none
2026.09.28-02.32.45 SNAPSHOT applied seq=63 phase=TURN_END
2026.09.28-02.32.45 HANDLE_APPLIED #96 seq=63 decision=2 fightersValid=1 boardValid=1
2026.09.28-02.32.45 DISCARD-DRAFT count=2 pending=discard:12:63
2026.09.28-02.32.45 MODE seq=63 mode=2 combat=0 pending=0
2026.09.28-02.32.45 HUD seq=63 phase=TURN_END turn=you hand=9 oppHand=7(hidden) oppDeck=16 deck=11 discard=10 pendingDiscard=2
2026.09.28-02.32.45 ARTPREVIEW fighter=Medusa hero=1 eligible=1 visual=1 mesh=SK_Medusa_FaceNeck_v2Candidate
2026.09.28-02.32.45 FIGHTERS synced n=6 alive=6 own=2 enemy=4
2026.09.28-02.32.45 CUE move f-1-hero (2,3)->(3,3) seq=63
2026.09.28-02.32.45 MANEUVER done seq=63 (apply) fighters=6 boost=no
2026.09.28-02.32.45 SNAPSHOT applied seq=63 phase=TURN_END
2026.09.28-02.32.45 HANDLE_APPLIED #97 seq=63 decision=1 fightersValid=1 boardValid=1
2026.09.28-02.32.45 MODE seq=63 mode=2 combat=0 pending=0
2026.09.28-02.32.45 HUD seq=63 phase=TURN_END turn=you hand=9 oppHand=7(hidden) oppDeck=16 deck=11 discard=10 pendingDiscard=2
2026.09.28-02.32.45 ARTPREVIEW fighter=Medusa hero=1 eligible=1 visual=1 mesh=SK_Medusa_FaceNeck_v2Candidate
2026.09.28-02.32.45 FIGHTERS synced n=6 alive=6 own=2 enemy=4
2026.09.28-02.32.45 WS seq=63 phase=TURN_END (merge)
2026.09.28-02.32.46 S09AUTO drive mode=2 plan=[defend+resolve] phase=TURN_END turn=cmukie57j0001wiaofr67k2vd
2026.09.28-02.32.46 S09AUTO discard picks=2
2026.09.28-02.32.46 DISCARD-CONFIRM pending=discard:12:63 count=2 ids=cmuhgvgi100oowi9gxm86n50b::1,cmuhgvgi100oowi9gxm86n50b::0
2026.09.28-02.32.46 SNAPSHOT applied seq=64 phase=ACTION_MANEUVER
2026.09.28-02.32.46 HANDLE_APPLIED #98 seq=64 decision=2 fightersValid=1 boardValid=1
2026.09.28-02.32.46 closed mode=
2026.09.28-02.32.46 MODE seq=64 mode=0 combat=0 pending=1
2026.09.28-02.32.46 HUD seq=64 phase=ACTION_MANEUVER turn=opp hand=7 oppHand=7(hidden) oppDeck=16 deck=11 discard=12
2026.09.28-02.32.46 ARTPREVIEW fighter=Medusa hero=1 eligible=1 visual=1 mesh=SK_Medusa_FaceNeck_v2Candidate
2026.09.28-02.32.46 FIGHTERS synced n=6 alive=6 own=2 enemy=4
2026.09.28-02.32.46 DISCARD done seq=64 phase=ACTION_MANEUVER count=2
2026.09.28-02.32.46 SNAPSHOT applied seq=64 phase=ACTION_MANEUVER
2026.09.28-02.32.46 HANDLE_APPLIED #99 seq=64 decision=1 fightersValid=1 boardValid=1
2026.09.28-02.32.46 MODE seq=64 mode=0 combat=0 pending=1
2026.09.28-02.32.46 HUD seq=64 phase=ACTION_MANEUVER turn=opp hand=7 oppHand=7(hidden) oppDeck=16 deck=11 discard=12
2026.09.28-02.32.46 ARTPREVIEW fighter=Medusa hero=1 eligible=1 visual=1 mesh=SK_Medusa_FaceNeck_v2Candidate
2026.09.28-02.32.46 FIGHTERS synced n=6 alive=6 own=2 enemy=4
2026.09.28-02.32.46 WS seq=64 phase=ACTION_MANEUVER (merge)
2026.09.28-02.32.46 SNAPSHOT applied seq=65 phase=ACTION_MANEUVER
2026.09.28-02.32.46 HANDLE_APPLIED #100 seq=65 decision=2 fightersValid=1 boardValid=1
2026.09.28-02.32.46 MODE seq=65 mode=0 combat=0 pending=0
2026.09.28-02.32.46 HUD seq=65 phase=ACTION_MANEUVER turn=opp hand=7 oppHand=7(hidden) oppDeck=16~ deck=11~ discard=12
2026.09.28-02.32.46 ARTPREVIEW fighter=Medusa hero=1 eligible=1 visual=1 mesh=SK_Medusa_FaceNeck_v2Candidate
2026.09.28-02.32.46 FIGHTERS synced n=6 alive=6 own=2 enemy=4
2026.09.28-02.32.46 ARTPREVIEW damage-number fighter=f-1-hero amount=1 seq=65 cell=(3,3)
2026.09.28-02.32.46 CUE damage f-1-hero -1 seq=65
2026.09.28-02.32.46 WS seq=65 phase=ACTION_MANEUVER (apply)
2026.09.28-02.32.46 SNAPSHOT applied seq=66 phase=ACTION_MANEUVER
2026.09.28-02.32.46 HANDLE_APPLIED #101 seq=66 decision=2 fightersValid=1 boardValid=1
2026.09.28-02.32.46 MODE seq=66 mode=0 combat=0 pending=0
2026.09.28-02.32.46 HUD seq=66 phase=ACTION_MANEUVER turn=opp hand=7 oppHand=8(hidden) oppDeck=16~ deck=11~ discard=12
2026.09.28-02.32.46 ARTPREVIEW fighter=Medusa hero=1 eligible=1 visual=1 mesh=SK_Medusa_FaceNeck_v2Candidate
2026.09.28-02.32.46 FIGHTERS synced n=6 alive=6 own=2 enemy=4
2026.09.28-02.32.46 WS seq=66 phase=ACTION_MANEUVER (apply)
2026.09.28-02.32.46 SNAPSHOT applied seq=67 phase=ACTION_MANEUVER
2026.09.28-02.32.46 HANDLE_APPLIED #102 seq=67 decision=2 fightersValid=1 boardValid=1
2026.09.28-02.32.46 MODE seq=67 mode=0 combat=0 pending=0
2026.09.28-02.32.46 HUD seq=67 phase=ACTION_MANEUVER turn=opp hand=7 oppHand=8(hidden) oppDeck=16~ deck=11~ discard=12
2026.09.28-02.32.46 ARTPREVIEW fighter=Medusa hero=1 eligible=1 visual=1 mesh=SK_Medusa_FaceNeck_v2Candidate
2026.09.28-02.32.46 FIGHTERS synced n=6 alive=6 own=2 enemy=4
2026.09.28-02.32.46 CUE move f-0-hero (3,4)->(4,4) seq=67
2026.09.28-02.32.46 WS seq=67 phase=ACTION_MANEUVER (apply)
2026.09.28-02.32.47 S09AUTO drive mode=0 plan=[defend+resolve] phase=ACTION_MANEUVER turn=cmukie55u0000wiao06h107t9
2026.09.28-02.32.47 SNAPSHOT applied seq=68 phase=ACTION_MANEUVER
2026.09.28-02.32.47 HANDLE_APPLIED #103 seq=68 decision=2 fightersValid=1 boardValid=1
2026.09.28-02.32.47 MODE seq=68 mode=0 combat=0 pending=0
2026.09.28-02.32.47 HUD seq=68 phase=ACTION_MANEUVER turn=opp hand=7 oppHand=9(hidden) oppDeck=16~ deck=11~ discard=12
2026.09.28-02.32.47 ARTPREVIEW fighter=Medusa hero=1 eligible=1 visual=1 mesh=SK_Medusa_FaceNeck_v2Candidate
2026.09.28-02.32.47 FIGHTERS synced n=6 alive=6 own=2 enemy=4
2026.09.28-02.32.47 WS seq=68 phase=ACTION_MANEUVER (apply)
2026.09.28-02.32.48 SNAPSHOT applied seq=69 phase=TURN_END
2026.09.28-02.32.48 HANDLE_APPLIED #104 seq=69 decision=2 fightersValid=1 boardValid=1
2026.09.28-02.32.48 MODE seq=69 mode=0 combat=0 pending=0
2026.09.28-02.32.48 HUD seq=69 phase=TURN_END turn=opp hand=7 oppHand=9(hidden) oppDeck=16~ deck=11~ discard=12 pendingDiscard=2
2026.09.28-02.32.48 ARTPREVIEW fighter=Medusa hero=1 eligible=1 visual=1 mesh=SK_Medusa_FaceNeck_v2Candidate
2026.09.28-02.32.48 FIGHTERS synced n=6 alive=6 own=2 enemy=4
2026.09.28-02.32.48 CUE move f-0-hero (4,4)->(3,4) seq=69
2026.09.28-02.32.48 WS seq=69 phase=TURN_END (apply)
2026.09.28-02.32.48 game -> room=cmukmt13p00pxwircdbc1cz8t code=<redacted> status=IN_PROGRESS
2026.09.28-02.32.49 SNAPSHOT applied seq=70 phase=ACTION_MANEUVER
2026.09.28-02.32.49 HANDLE_APPLIED #105 seq=70 decision=2 fightersValid=1 boardValid=1
2026.09.28-02.32.49 MODE seq=70 mode=0 combat=0 pending=0
2026.09.28-02.32.49 HUD seq=70 phase=ACTION_MANEUVER turn=you hand=7 oppHand=7(hidden) oppDeck=16~ deck=11~ discard=12
2026.09.28-02.32.49 ARTPREVIEW fighter=Medusa hero=1 eligible=1 visual=1 mesh=SK_Medusa_FaceNeck_v2Candidate
2026.09.28-02.32.49 FIGHTERS synced n=6 alive=6 own=2 enemy=4
2026.09.28-02.32.49 WS seq=70 phase=ACTION_MANEUVER (apply)
2026.09.28-02.32.49 S09AUTO own turn #6 (turnCount=14)
2026.09.28-02.32.49 SNAPSHOT applied seq=71 phase=ACTION_MANEUVER
2026.09.28-02.32.49 HANDLE_APPLIED #106 seq=71 decision=2 fightersValid=1 boardValid=1
2026.09.28-02.32.49 MANEUVER-DRAFT mode=maneuver:14:70
2026.09.28-02.32.49 DRAFT-OPEN draw committed (resume instead of begin)
2026.09.28-02.32.49 MODE seq=71 mode=1 combat=0 pending=0
2026.09.28-02.32.49 HUD seq=71 phase=ACTION_MANEUVER turn=you hand=8 oppHand=7(hidden) oppDeck=16~ deck=11~ discard=12
2026.09.28-02.32.49 ARTPREVIEW fighter=Medusa hero=1 eligible=1 visual=1 mesh=SK_Medusa_FaceNeck_v2Candidate
2026.09.28-02.32.49 FIGHTERS synced n=6 alive=6 own=2 enemy=4
2026.09.28-02.32.49 WS seq=71 phase=ACTION_MANEUVER (apply)
2026.09.28-02.32.49 SNAPSHOT applied seq=71 phase=ACTION_MANEUVER
2026.09.28-02.32.49 HANDLE_APPLIED #107 seq=71 decision=1 fightersValid=1 boardValid=1
2026.09.28-02.32.49 MODE seq=71 mode=1 combat=0 pending=0
2026.09.28-02.32.49 HUD seq=71 phase=ACTION_MANEUVER turn=you hand=8 oppHand=7(hidden) oppDeck=14 deck=10 discard=12
2026.09.28-02.32.49 ARTPREVIEW fighter=Medusa hero=1 eligible=1 visual=1 mesh=SK_Medusa_FaceNeck_v2Candidate
2026.09.28-02.32.49 FIGHTERS synced n=6 alive=6 own=2 enemy=4
2026.09.28-02.32.49 MANEUVER begin seq=71 (merge) pending=maneuver:14:70
2026.09.28-02.32.49 S09AUTO drive mode=1 plan=[defend+resolve] phase=ACTION_MANEUVER turn=cmukie57j0001wiaofr67k2vd
2026.09.28-02.32.49 MANEUVER-CONFIRM moves=1 boost=none
2026.09.28-02.32.49 SNAPSHOT applied seq=72 phase=ACTION_MANEUVER
2026.09.28-02.32.49 HANDLE_APPLIED #108 seq=72 decision=2 fightersValid=1 boardValid=1
2026.09.28-02.32.49 closed mode=
2026.09.28-02.32.49 MODE seq=72 mode=0 combat=0 pending=0
2026.09.28-02.32.49 HUD seq=72 phase=ACTION_MANEUVER turn=you hand=8 oppHand=7(hidden) oppDeck=14 deck=10 discard=12
2026.09.28-02.32.49 ARTPREVIEW fighter=Medusa hero=1 eligible=1 visual=1 mesh=SK_Medusa_FaceNeck_v2Candidate
2026.09.28-02.32.49 FIGHTERS synced n=6 alive=6 own=2 enemy=4
2026.09.28-02.32.49 CUE move f-1-hero (3,3)->(2,3) seq=72
2026.09.28-02.32.49 MANEUVER done seq=72 (apply) fighters=6 boost=no
2026.09.28-02.32.49 SNAPSHOT applied seq=72 phase=ACTION_MANEUVER
2026.09.28-02.32.49 HANDLE_APPLIED #109 seq=72 decision=1 fightersValid=1 boardValid=1
2026.09.28-02.32.49 MODE seq=72 mode=0 combat=0 pending=0
2026.09.28-02.32.49 HUD seq=72 phase=ACTION_MANEUVER turn=you hand=8 oppHand=7(hidden) oppDeck=14 deck=10 discard=12
2026.09.28-02.32.49 ARTPREVIEW fighter=Medusa hero=1 eligible=1 visual=1 mesh=SK_Medusa_FaceNeck_v2Candidate
2026.09.28-02.32.49 FIGHTERS synced n=6 alive=6 own=2 enemy=4
2026.09.28-02.32.49 WS seq=72 phase=ACTION_MANEUVER (merge)
2026.09.28-02.32.50 S09AUTO drive mode=0 plan=[defend+resolve] phase=ACTION_MANEUVER turn=cmukie57j0001wiaofr67k2vd
2026.09.28-02.32.50 SNAPSHOT applied seq=73 phase=ACTION_MANEUVER
2026.09.28-02.32.50 HANDLE_APPLIED #110 seq=73 decision=2 fightersValid=1 boardValid=1
2026.09.28-02.32.50 MANEUVER-DRAFT mode=maneuver:14:72
2026.09.28-02.32.50 DRAFT-OPEN draw committed (resume instead of begin)
2026.09.28-02.32.50 MODE seq=73 mode=1 combat=0 pending=0
2026.09.28-02.32.50 HUD seq=73 phase=ACTION_MANEUVER turn=you hand=9 oppHand=7(hidden) oppDeck=14 deck=9 discard=12
2026.09.28-02.32.50 ARTPREVIEW fighter=Medusa hero=1 eligible=1 visual=1 mesh=SK_Medusa_FaceNeck_v2Candidate
2026.09.28-02.32.50 FIGHTERS synced n=6 alive=6 own=2 enemy=4
2026.09.28-02.32.50 MANEUVER begin seq=73 (apply) pending=maneuver:14:72
2026.09.28-02.32.50 SNAPSHOT applied seq=73 phase=ACTION_MANEUVER
2026.09.28-02.32.50 HANDLE_APPLIED #111 seq=73 decision=1 fightersValid=1 boardValid=1
2026.09.28-02.32.50 MODE seq=73 mode=1 combat=0 pending=0
2026.09.28-02.32.50 HUD seq=73 phase=ACTION_MANEUVER turn=you hand=9 oppHand=7(hidden) oppDeck=14 deck=9 discard=12
2026.09.28-02.32.50 ARTPREVIEW fighter=Medusa hero=1 eligible=1 visual=1 mesh=SK_Medusa_FaceNeck_v2Candidate
2026.09.28-02.32.50 FIGHTERS synced n=6 alive=6 own=2 enemy=4
2026.09.28-02.32.50 WS seq=73 phase=ACTION_MANEUVER (merge)
2026.09.28-02.32.50 S09AUTO drive mode=1 plan=[defend+resolve] phase=ACTION_MANEUVER turn=cmukie57j0001wiaofr67k2vd
2026.09.28-02.32.50 MANEUVER-CONFIRM moves=1 boost=none
2026.09.28-02.32.50 SNAPSHOT applied seq=74 phase=TURN_END
2026.09.28-02.32.50 HANDLE_APPLIED #112 seq=74 decision=2 fightersValid=1 boardValid=1
2026.09.28-02.32.50 DISCARD-DRAFT count=2 pending=discard:14:74
2026.09.28-02.32.50 MODE seq=74 mode=2 combat=0 pending=0
2026.09.28-02.32.50 HUD seq=74 phase=TURN_END turn=you hand=9 oppHand=7(hidden) oppDeck=14 deck=9 discard=12 pendingDiscard=2
2026.09.28-02.32.50 ARTPREVIEW fighter=Medusa hero=1 eligible=1 visual=1 mesh=SK_Medusa_FaceNeck_v2Candidate
2026.09.28-02.32.50 FIGHTERS synced n=6 alive=6 own=2 enemy=4
2026.09.28-02.32.50 CUE move f-1-hero (2,3)->(3,3) seq=74
2026.09.28-02.32.50 MANEUVER done seq=74 (apply) fighters=6 boost=no
2026.09.28-02.32.50 SNAPSHOT applied seq=74 phase=TURN_END
2026.09.28-02.32.50 HANDLE_APPLIED #113 seq=74 decision=1 fightersValid=1 boardValid=1
2026.09.28-02.32.50 MODE seq=74 mode=2 combat=0 pending=0
2026.09.28-02.32.50 HUD seq=74 phase=TURN_END turn=you hand=9 oppHand=7(hidden) oppDeck=14 deck=9 discard=12 pendingDiscard=2
2026.09.28-02.32.50 ARTPREVIEW fighter=Medusa hero=1 eligible=1 visual=1 mesh=SK_Medusa_FaceNeck_v2Candidate
2026.09.28-02.32.50 FIGHTERS synced n=6 alive=6 own=2 enemy=4
2026.09.28-02.32.50 WS seq=74 phase=TURN_END (merge)
2026.09.28-02.32.51 game -> room=cmukmt13p00pxwircdbc1cz8t code=<redacted> status=IN_PROGRESS
2026.09.28-02.32.51 S09AUTO drive mode=2 plan=[defend+resolve] phase=TURN_END turn=cmukie57j0001wiaofr67k2vd
2026.09.28-02.32.51 S09AUTO discard picks=2
2026.09.28-02.32.51 DISCARD-CONFIRM pending=discard:14:74 count=2 ids=cmuhgvgi000omwi9gbn3wr8kb::1,cmuhgvghw00oewi9gm7pt0c36::0
2026.09.28-02.32.52 SNAPSHOT applied seq=75 phase=ACTION_MANEUVER
2026.09.28-02.32.52 HANDLE_APPLIED #114 seq=75 decision=2 fightersValid=1 boardValid=1
2026.09.28-02.32.52 closed mode=
2026.09.28-02.32.52 MODE seq=75 mode=0 combat=0 pending=1
2026.09.28-02.32.52 HUD seq=75 phase=ACTION_MANEUVER turn=opp hand=7 oppHand=7(hidden) oppDeck=14 deck=9 discard=14
2026.09.28-02.32.52 ARTPREVIEW fighter=Medusa hero=1 eligible=1 visual=1 mesh=SK_Medusa_FaceNeck_v2Candidate
2026.09.28-02.32.52 FIGHTERS synced n=6 alive=6 own=2 enemy=4
2026.09.28-02.32.52 DISCARD done seq=75 phase=ACTION_MANEUVER count=2
2026.09.28-02.32.52 SNAPSHOT applied seq=75 phase=ACTION_MANEUVER
2026.09.28-02.32.52 HANDLE_APPLIED #115 seq=75 decision=1 fightersValid=1 boardValid=1
2026.09.28-02.32.52 MODE seq=75 mode=0 combat=0 pending=1
2026.09.28-02.32.52 HUD seq=75 phase=ACTION_MANEUVER turn=opp hand=7 oppHand=7(hidden) oppDeck=14 deck=9 discard=14
2026.09.28-02.32.52 ARTPREVIEW fighter=Medusa hero=1 eligible=1 visual=1 mesh=SK_Medusa_FaceNeck_v2Candidate
2026.09.28-02.32.52 FIGHTERS synced n=6 alive=6 own=2 enemy=4
2026.09.28-02.32.52 WS seq=75 phase=ACTION_MANEUVER (merge)
2026.09.28-02.32.52 SNAPSHOT applied seq=76 phase=GAME_OVER
2026.09.28-02.32.52 HANDLE_APPLIED #116 seq=76 decision=2 fightersValid=1 boardValid=1
2026.09.28-02.32.52 MODE seq=76 mode=0 combat=0 pending=1
2026.09.28-02.32.52 RESULT seq=76 outcome=DEFEAT winner=Medusa
2026.09.28-02.32.52 HUD seq=76 phase=GAME_OVER turn=opp hand=7 oppHand=7(hidden) oppDeck=14~ deck=9~ discard=14
2026.09.28-02.32.52 ARTPREVIEW fighter=Medusa hero=1 eligible=1 visual=1 mesh=SK_Medusa_FaceNeck_v2Candidate
2026.09.28-02.32.52 FIGHTERS synced n=6 alive=5 own=1 enemy=4
2026.09.28-02.32.52 ARTPREVIEW damage-number fighter=f-1-hero amount=1 seq=76 cell=(3,3)
2026.09.28-02.32.52 CUE damage f-1-hero -1 seq=76
2026.09.28-02.32.52 WS seq=76 phase=GAME_OVER (apply)
2026.09.28-02.32.54 game -> room=cmukmt13p00pxwircdbc1cz8t code=<redacted> status=FINISHED
2026.09.28-02.32.54 S09AUTO result-screen shot
2026.09.28-02.32.54 SHOT ctx viewport=1920x1080 viewTarget=CameraActor_2147482372 cam=(0,1107,1582) rot=(-55,-90,0)
2026.09.28-02.32.54 SHOT fighter f-0-hero pos=(3,4) world=(100,150,0) screen=(1125,743) projected=1 alive=1
2026.09.28-02.32.54 SHOT fighter f-0-sk0 pos=(4,2) world=(200,-50,0) screen=(1271,476) projected=1 alive=1
2026.09.28-02.32.54 SHOT fighter f-0-sk1 pos=(2,1) world=(0,-150,0) screen=(960,355) projected=1 alive=1
2026.09.28-02.32.54 SHOT fighter f-0-sk2 pos=(1,2) world=(-100,-50,0) screen=(805,476) projected=1 alive=1
2026.09.28-02.32.54 SHOT fighter f-1-hero pos=(3,3) world=(100,50,0) screen=(1120,606) projected=1 alive=0
2026.09.28-02.32.54 SHOT fighter f-1-sk0 pos=(4,3) world=(200,50,0) screen=(1280,606) projected=1 alive=1
2026.09.28-02.32.54 SHOT requested: FScreenshotRequest(bShowUI) -> C:\Users\ren\AppData\Local\Temp\s09-combat-20260928-073145-33352\joiner/s09-result-screen.png
2026.09.28-02.32.54 RESULT lobby-return sent (leaveGame)
2026.09.28-02.32.54 LEFT room=cmukmt13p00pxwircdbc1cz8t
2026.09.28-02.32.54 GAMEPLAY HUD cleared (left Started)
2026.09.28-02.32.54 STREAM torn down (left match)
2026.09.28-02.32.58 S09AUTO lobby-return shot
2026.09.28-02.32.58 SHOT ctx viewport=1920x1080 viewTarget=CameraActor_2147482372 cam=(0,1107,1582) rot=(-55,-90,0)
2026.09.28-02.32.58 SHOT requested: FScreenshotRequest(bShowUI) -> C:\Users\ren\AppData\Local\Temp\s09-combat-20260928-073145-33352\joiner/s09-lobby-return.png
2026.09.28-02.32.58 S09AUTO duel flow complete (GAME_OVER -> result shown -> lobby return) - exiting
2026.09.28-02.32.58 --- S08 trace close ---
