2026.09.29-02.19.39 --- S08 trace open 2026.09.29-02.19.39 ---
2026.09.29-02.19.39 HUD icon texture size=32 ready=1 path=/Game/ArtTests/ARTMarkers/Textures/T_UI_Action_Attack_32 texture=32x32 probe=0 plate=1
2026.09.29-02.19.39 RENDER preset applied=High flag=S08RenderPreset
2026.09.29-02.19.40 LOGIN ok user=art-preview-host
2026.09.29-02.19.43 HEROES loaded 84
2026.09.29-02.19.43 createGame -> room=cmum1tb150035wim8nu1zx3fj code=<redacted> status=LOBBY
2026.09.29-02.19.45 PERF config tMaxFPS=30.0 frameRateLimit=60.0 vsync=0 smoothFrameRate=0 fixedFrameRate=0 rhi=D3D12
2026.09.29-02.19.45 RENDER tag=PERF rhi=D3D12 featureLevel=SM6 shaderPlatform=PCD3D_SM6 lumenPlatform=1 gi=lumen giMethod=1 refl=lumen reflMethod=1 shadows=csm vsmEnable=0 sg.res=100 sg.view=2 sg.aa=2 sg.shadow=2 sg.gi=2 sg.refl=2 sg.pp=2 sg.tex=2 sg.fx=2 sg.foliage=2 sg.shading=2 sg.landscape=2 preset=High screenPct=100.0 screenPctMode=0 aa=TSR aaMethod=4 exposure=engine-default expMin=1.00000 expMax=1.00000 expBias=1.000 ev100=0.00 lightUnits=- sky=0 skyIntensity=0.000 keyShadow=- shadowCasters=0 profile=- profilesSha256=- profilesSource=- legacyRender=0 gameLayer=unlit-eyeadaptinv tMaxFPS=30.0 vsync=0 frameRateLimit=60.0 substrate=0 nanite=1 meshDF=1 viewport=1920x1080 reference=0 notReference=noArtProfile,exposure,lightUnits,profilesSource
2026.09.29-02.19.45 PERF window t=0.0-5.1 frames=151 fps=29.82 frameMs avg=33.54 p50=33.33 p95=33.33 p99=33.45 max=63.93 hitches50=1 gpuMs avg=1.23 p50=1.26 p95=1.32 gameMs avg=1.67 p95=1.80 renderMs avg=5.67 p95=3.66
2026.09.29-02.19.46 game -> room=cmum1tb150035wim8nu1zx3fj code=<redacted> status=LOBBY
2026.09.29-02.19.46 selectHero -> room=cmum1tb150035wim8nu1zx3fj code=<redacted> status=LOBBY
2026.09.29-02.19.49 game -> room=cmum1tb150035wim8nu1zx3fj code=<redacted> status=LOBBY
2026.09.29-02.19.49 toggleReady -> room=cmum1tb150035wim8nu1zx3fj code=<redacted> status=LOBBY
2026.09.29-02.19.50 PERF window t=5.1-10.1 frames=150 fps=29.89 frameMs avg=33.46 p50=33.37 p95=33.63 p99=34.76 max=38.76 hitches50=0 gpuMs avg=1.28 p50=1.28 p95=1.36 gameMs avg=2.42 p95=3.19 renderMs avg=5.20 p95=5.87
2026.09.29-02.19.52 game -> room=cmum1tb150035wim8nu1zx3fj code=<redacted> status=LOBBY
2026.09.29-02.19.55 PERF window t=10.1-15.1 frames=150 fps=29.94 frameMs avg=33.40 p50=33.35 p95=33.60 p99=34.15 max=34.21 hitches50=0 gpuMs avg=1.32 p50=1.31 p95=1.41 gameMs avg=2.29 p95=3.28 renderMs avg=5.19 p95=5.60
2026.09.29-02.19.55 game -> room=cmum1tb150035wim8nu1zx3fj code=<redacted> status=LOBBY
2026.09.29-02.19.58 game -> room=cmum1tb150035wim8nu1zx3fj code=<redacted> status=LOBBY
2026.09.29-02.20.00 PERF window t=15.1-20.1 frames=150 fps=29.93 frameMs avg=33.41 p50=33.35 p95=33.65 p99=34.22 max=34.46 hitches50=0 gpuMs avg=1.31 p50=1.31 p95=1.38 gameMs avg=2.36 p95=3.26 renderMs avg=5.23 p95=5.62
2026.09.29-02.20.01 game -> room=cmum1tb150035wim8nu1zx3fj code=<redacted> status=LOBBY
2026.09.29-02.20.01 startGame -> room=cmum1tb150035wim8nu1zx3fj code=<redacted> status=IN_PROGRESS
2026.09.29-02.20.01 SNAPSHOT applied seq=1 phase=ACTION_MANEUVER
2026.09.29-02.20.01 HANDLE_APPLIED #1 seq=1 decision=2 fightersValid=1 boardValid=1
2026.09.29-02.20.01 MODE seq=1 mode=0 combat=0 pending=0
2026.09.29-02.20.01 HUD seq=1 phase=ACTION_MANEUVER turn=you hand=5 oppHand=5(hidden) oppDeck=25 deck=25 discard=0
2026.09.29-02.20.01 ARTPREVIEW board profiles loaded=1 revision=2 boards=3 zoneStyles=11 lightProfiles=3 errors=0 path=Config/ArtBoards/S08ArtBoardProfiles.json
2026.09.29-02.20.01 ARTPREVIEW board profiles source=pak sha256=91ea86be522212fc770a33e3c9ac66f1cfde90c720c609bdc6bd29589965eaa5
2026.09.29-02.20.01 ARTPREVIEW game layer material=M_S08_GameLayerUnlit unlitEyeAdaptInv=1 legacyRender=0
2026.09.29-02.20.01 ARTPREVIEW Cobble assets ready
2026.09.29-02.20.01 ARTPREVIEW board assets ready cobbleMesh=1 tiles=1 zoneMaterials=2
2026.09.29-02.20.01 ARTPREVIEW medusa candidate variant=face-neck-v2 mesh=SK_Medusa_FaceNeck_v2Candidate requested=face-neck-v2
2026.09.29-02.20.01 ARTPREVIEW board profile=cobble-city match=boardId board=5x6 boardId=cmuhgs4b2001mwik4f2b2xtf8 surface=cobble-5x6-mesh light=cobble-probe artFixture=0
2026.09.29-02.20.01 ARTPREVIEW light profile=cobble-probe name=key role=key kind=directional at=(-350,-150,600) intensity=4.5 units=lux radius=0 color=(1.00,1.00,1.00) shadow=1
2026.09.29-02.20.01 ARTPREVIEW light profile=cobble-probe name=warm role=warm kind=point at=(260,-300,250) intensity=85 units=candelas radius=450 color=(1.00,1.00,1.00) shadow=0
2026.09.29-02.20.01 ARTPREVIEW sky profile=cobble-probe cubemap=/Game/S08/Render/TC_S08_AmbientDome loaded=1 spawned=1 intensity=11.2 color=(1.00,1.00,1.00) lowerBlack=0
2026.09.29-02.20.01 ARTPREVIEW exposure profile=cobble-probe method=histogram-fixed min=2.46229 max=2.46229 bias=0.000 ev100=1.30 volume=1
2026.09.29-02.20.01 ARTPREVIEW lights applied profile=cobble-probe directional=1 shadow=1 points=1 pointShadows=0 budgetOk=1
2026.09.29-02.20.01 ARTPREVIEW render profile=cobble-probe units=candelas sky=1 exposure=1 keyShadow=csm-3000uu-2c-contact0.000 shadowCasters=1 legacyRender=0
2026.09.29-02.20.01 ARTPREVIEW Cobble probe lights key=4.5 fill=0 warm=85
2026.09.29-02.20.01 ARTPREVIEW Cobble active 5x6 zones=30 blue=15 red=15 blueMarks=15 redMarks=45
2026.09.29-02.20.01 ARTPREVIEW board active profile=cobble-city 5x6 surface=cobble-5x6-mesh cells=30 zoneCells=30 multizone=0 triple=0 obstacles=0 zoneKeys=2 strokes=60 glyphs=45 surfaceParts=0 glyphMaterial=zone expectOk=1
2026.09.29-02.20.01 ARTPREVIEW board zone key=blue cells=15 stroke=solid glyph=diamond color=#3B78D8 ismUsage=1 strokePieces=15 glyphPieces=15 fallback=0
2026.09.29-02.20.01 ARTPREVIEW board zone key=red cells=15 stroke=dash3 glyph=bars2 color=#D8453B ismUsage=1 strokePieces=45 glyphPieces=30 fallback=0
2026.09.29-02.20.01 ARTPREVIEW board multizone cells=0 zonesListed=0 zonesMarked=0
2026.09.29-02.20.01 CAMERA dist=1931 loc=(0,1107,1582) pitch=-55 yaw=-90
2026.09.29-02.20.01 CAMERA config overview=1930.8 nearest=300.0 farthest=2970.4 zoomRange=0.65-6.44 minDist=300.0 outRatio=0.650 step=1.250 animMs=200 returnMs=300 followFrom=1.20 source=defaults issues=0
2026.09.29-02.20.01 BOARD 5x6 cells | control points: (0,0)=(-200,-250,0) (4,5)=(200,250,0) | neighbor pair (dist 100 uu)
2026.09.29-02.20.01 ARTPREVIEW click capsule fighter=f-0-hero mesh=SK_Medusa_FaceNeck_v2Candidate physicsAsset=0 radius=12.5 halfHeight=27.5 top=55.0 bodyCollision=0 source=meshBounds
2026.09.29-02.20.01 ARTPREVIEW fighter=Medusa hero=1 eligible=1 visual=1 mesh=SK_Medusa_FaceNeck_v2Candidate
2026.09.29-02.20.01 ARTPREVIEW click capsule fighter=f-0-sk0 mesh=SM_ART003_Harpy physicsAsset=0 radius=20.0 halfHeight=21.0 top=42.0 bodyCollision=0 source=meshBounds
2026.09.29-02.20.01 ARTPREVIEW click capsule fighter=f-0-sk1 mesh=SM_ART003_Harpy physicsAsset=0 radius=20.0 halfHeight=21.0 top=42.0 bodyCollision=0 source=meshBounds
2026.09.29-02.20.01 ARTPREVIEW click capsule fighter=f-0-sk2 mesh=SM_ART003_Harpy physicsAsset=0 radius=20.0 halfHeight=21.0 top=42.0 bodyCollision=0 source=meshBounds
2026.09.29-02.20.01 ARTPREVIEW click capsule fighter=f-1-hero mesh=SM_ART003_Arthur physicsAsset=0 radius=17.8 halfHeight=28.0 top=56.0 bodyCollision=0 source=meshBounds
2026.09.29-02.20.01 ARTPREVIEW click capsule fighter=f-1-sk0 mesh=SM_ART003_Merlin physicsAsset=0 radius=14.7 halfHeight=30.8 top=61.5 bodyCollision=0 source=meshBounds
2026.09.29-02.20.01 FIGHTERS synced n=6 alive=6 own=4 enemy=2
2026.09.29-02.20.01 STATE seq=1 -> apply
2026.09.29-02.20.01 HUD art layer plate=1 iconSize=32 iconTexture=1 iconProbe=0 plan=0
2026.09.29-02.20.01 SUBSCRIBED gameStateUpdated since=1
2026.09.29-02.20.01 SNAPSHOT applied seq=1 phase=ACTION_MANEUVER
2026.09.29-02.20.01 HANDLE_APPLIED #2 seq=1 decision=1 fightersValid=1 boardValid=1
2026.09.29-02.20.01 MODE seq=1 mode=0 combat=0 pending=0
2026.09.29-02.20.01 HUD seq=1 phase=ACTION_MANEUVER turn=you hand=5 oppHand=5(hidden) oppDeck=25 deck=25 discard=0
2026.09.29-02.20.01 ARTPREVIEW fighter=Medusa hero=1 eligible=1 visual=1 mesh=SK_Medusa_FaceNeck_v2Candidate
2026.09.29-02.20.01 FIGHTERS synced n=6 alive=6 own=4 enemy=2
2026.09.29-02.20.01 WS seq=1 phase=ACTION_MANEUVER (merge)
2026.09.29-02.20.04 game -> room=cmum1tb150035wim8nu1zx3fj code=<redacted> status=IN_PROGRESS
2026.09.29-02.20.05 PERF window t=20.1-25.1 frames=145 fps=28.86 frameMs avg=34.64 p50=33.34 p95=33.53 p99=94.71 max=146.65 hitches50=2 gpuMs avg=1.74 p50=1.85 p95=2.00 gameMs avg=3.12 p95=3.15 renderMs avg=7.64 p95=7.36
2026.09.29-02.20.07 game -> room=cmum1tb150035wim8nu1zx3fj code=<redacted> status=IN_PROGRESS
2026.09.29-02.20.10 PERF window t=25.1-30.1 frames=150 fps=29.98 frameMs avg=33.35 p50=33.33 p95=33.46 p99=33.64 max=33.71 hitches50=0 gpuMs avg=1.82 p50=1.80 p95=1.94 gameMs avg=1.73 p95=2.54 renderMs avg=5.09 p95=6.76
2026.09.29-02.20.10 game -> room=cmum1tb150035wim8nu1zx3fj code=<redacted> status=IN_PROGRESS
2026.09.29-02.20.13 game -> room=cmum1tb150035wim8nu1zx3fj code=<redacted> status=IN_PROGRESS
2026.09.29-02.20.15 PERF window t=30.1-35.2 frames=151 fps=30.00 frameMs avg=33.33 p50=33.33 p95=33.33 p99=33.34 max=33.38 hitches50=0 gpuMs avg=1.79 p50=1.78 p95=1.95 gameMs avg=1.26 p95=1.45 renderMs avg=3.16 p95=3.97
2026.09.29-02.20.16 game -> room=cmum1tb150035wim8nu1zx3fj code=<redacted> status=IN_PROGRESS
2026.09.29-02.20.17 ARTPREVIEW selection ring shown fighter=Medusa mesh=SM_Marker_SelectionRing
2026.09.29-02.20.17 ARTPREVIEW reachable corners cells=13 placed=1
2026.09.29-02.20.17 ARTPREVIEW selection ownHero=1 selected=1 fighter=Medusa reachable=14 fighterId=f-0-hero
2026.09.29-02.20.17 INPUT select src=flag fighter=f-0-hero flag=ArtPreviewSelectOwnHero
2026.09.29-02.20.17 ARTPREVIEW camera focus requested zoom=5.00 overview=1931 target=386
2026.09.29-02.20.17 INPUT zoom src=flag zoom=5.00 flag=ArtPreviewFocusZoom
2026.09.29-02.20.17 CAMERA focus src=flag from=1930.8 to=386.2 requested=386.2 zoom=5.00 clamp=0 limit=none animMs=200
2026.09.29-02.20.17 HUD plate content fighter=f-0-hero name=Medusa hp=16/16 team=own statuses=HERO  |  MELEE
2026.09.29-02.20.18 PLATE fighter=f-0-hero bbox=(1096,472,1268,526) overlapReachable=0 placement=right ring=0 gap=6 selection=f-0-hero destinations=13 clean=1 softPx2=0 tested=228
2026.09.29-02.20.18 CAMERA settled elapsed=38.20 dist=386.2 target=386.2 errPct=0.000 focusErr=0.00 focus=(0,-50,28)
2026.09.29-02.20.18 PLATE fighter=f-0-hero bbox=(1139,494,1311,548) overlapReachable=0 placement=right ring=0 gap=6 selection=f-0-hero destinations=13 clean=1 softPx2=0 tested=278
2026.09.29-02.20.19 game -> room=cmum1tb150035wim8nu1zx3fj code=<redacted> status=IN_PROGRESS
2026.09.29-02.20.19 SHOT ctx viewport=1920x1080 viewTarget=CameraActor_2147482368 cam=(0,171,344) rot=(-55,-90,0)
2026.09.29-02.20.19 RENDER tag=SHOT rhi=D3D12 featureLevel=SM6 shaderPlatform=PCD3D_SM6 lumenPlatform=1 gi=lumen giMethod=1 refl=lumen reflMethod=1 shadows=csm vsmEnable=0 sg.res=100 sg.view=2 sg.aa=2 sg.shadow=2 sg.gi=2 sg.refl=2 sg.pp=2 sg.tex=2 sg.fx=2 sg.foliage=2 sg.shading=2 sg.landscape=2 preset=High screenPct=100.0 screenPctMode=0 aa=TSR aaMethod=4 exposure=fixed-histogram expMin=2.46229 expMax=2.46229 expBias=0.000 ev100=1.30 lightUnits=candelas sky=1 skyIntensity=11.200 keyShadow=csm-3000uu-2c-contact0.000 shadowCasters=1 profile=cobble-probe profilesSha256=91ea86be522212fc770a33e3c9ac66f1cfde90c720c609bdc6bd29589965eaa5 profilesSource=pak legacyRender=0 gameLayer=unlit-eyeadaptinv tMaxFPS=30.0 vsync=0 frameRateLimit=60.0 substrate=0 nanite=1 meshDF=1 viewport=1920x1080 reference=1
2026.09.29-02.20.19 SHOT fighter f-0-hero pos=(2,2) world=(0,-50,0) screen=(960,660) projected=1 alive=1
2026.09.29-02.20.19 SHOT fighter f-0-sk0 pos=(3,2) world=(100,-50,0) screen=(1704,660) projected=1 alive=1
2026.09.29-02.20.19 SHOT fighter f-0-sk1 pos=(2,1) world=(0,-150,0) screen=(960,110) projected=1 alive=1
2026.09.29-02.20.19 SHOT fighter f-0-sk2 pos=(1,2) world=(-100,-50,0) screen=(216,660) projected=1 alive=1
2026.09.29-02.20.19 SHOT fighter f-1-hero pos=(2,3) world=(0,50,0) screen=(960,1388) projected=1 alive=1
2026.09.29-02.20.19 SHOT fighter f-1-sk0 pos=(3,3) world=(100,50,0) screen=(1826,1388) projected=1 alive=1
2026.09.29-02.20.19 SHOT camera dist=386.2 target=386.2 overview=1930.8 errPct=0.000 focusErr=0.00 settled=1 zoom=5.00
2026.09.29-02.20.19 SHOT head fighter=f-0-hero socket=Head mesh=SK_Medusa_FaceNeck_v2Candidate world=(0.0,-46.0,38.5) screen=(960.0,517.7) top=(960.0,489.1) bottom=(960.0,545.6) headPx=56.4 projected=1
2026.09.29-02.20.19 SHOT selection fighter=f-0-hero ownCell=(2,2) legal=14 destinations=13 ownCellExcluded=1 plateFighter=f-0-hero
2026.09.29-02.20.19 SHOT reachable fighter=f-0-hero n=13 cells=(1,0)(2,0)(3,0)(0,1)(1,1)(3,1)(4,1)(0,2)(4,2)(0,3)(1,3)(4,3)(1,4)
2026.09.29-02.20.19 SHOT plate fighter=f-0-hero bbox=(1139,494,1311,548) overlapReachable=0 placement=right gap=6 anchor=(787,282,1133,788) planned=(1139,494,1311,548) geom=painted stableFrames=54
2026.09.29-02.20.19 SHOT label fighter=f-0-sk0 mode=compact bbox=(1724,432,1848,446)
2026.09.29-02.20.19 SHOT label fighter=f-0-sk1 mode=compact bbox=(908,-140,1012,-126)
2026.09.29-02.20.19 SHOT label fighter=f-0-sk2 mode=compact bbox=(72,432,196,446)
2026.09.29-02.20.19 SHOT label fighter=f-1-hero mode=compact bbox=(880,1137,1040,1147)
2026.09.29-02.20.19 SHOT label fighter=f-1-sk0 mode=compact bbox=(1875,1215,2003,1227)
2026.09.29-02.20.19 SHOT requested: FScreenshotRequest(bShowUI) -> C:\Users\ren\AppData\Local\Temp\s08-phase2-20260929-071937-40344\phase2-board-host-1920x1080.png
2026.09.29-02.20.20 PERF window t=35.2-40.3 frames=147 fps=28.74 frameMs avg=34.79 p50=33.33 p95=33.33 p99=33.34 max=248.10 hitches50=1 gpuMs avg=1.87 p50=1.81 p95=2.16 gameMs avg=1.44 p95=1.82 renderMs avg=3.20 p95=3.78
2026.09.29-02.20.22 game -> room=cmum1tb150035wim8nu1zx3fj code=<redacted> status=IN_PROGRESS
2026.09.29-02.20.25 game -> room=cmum1tb150035wim8nu1zx3fj code=<redacted> status=IN_PROGRESS
2026.09.29-02.20.25 PERF window t=40.3-45.3 frames=150 fps=29.89 frameMs avg=33.46 p50=33.33 p95=33.33 p99=33.34 max=51.90 hitches50=1 gpuMs avg=1.99 p50=1.96 p95=2.20 gameMs avg=3.01 p95=1.64 renderMs avg=3.35 p95=4.15
2026.09.29-02.20.28 game -> room=cmum1tb150035wim8nu1zx3fj code=<redacted> status=IN_PROGRESS
2026.09.29-02.20.30 PERF window t=45.3-50.3 frames=151 fps=30.00 frameMs avg=33.33 p50=33.33 p95=33.33 p99=33.33 max=33.34 hitches50=0 gpuMs avg=1.99 p50=1.96 p95=2.19 gameMs avg=1.35 p95=1.59 renderMs avg=3.42 p95=4.32
2026.09.29-02.20.31 game -> room=cmum1tb150035wim8nu1zx3fj code=<redacted> status=IN_PROGRESS
2026.09.29-02.20.34 game -> room=cmum1tb150035wim8nu1zx3fj code=<redacted> status=IN_PROGRESS
2026.09.29-02.20.35 PERF window t=50.3-55.4 frames=151 fps=30.00 frameMs avg=33.33 p50=33.33 p95=33.33 p99=33.34 max=33.37 hitches50=0 gpuMs avg=1.99 p50=1.95 p95=2.19 gameMs avg=1.42 p95=1.78 renderMs avg=3.58 p95=4.28
2026.09.29-02.20.37 game -> room=cmum1tb150035wim8nu1zx3fj code=<redacted> status=IN_PROGRESS
2026.09.29-02.20.39 PERF summary scope=afterWarmup warmup=5 elapsed=60.0 frames=1637 fps=29.75 frameMs avg=33.62 p50=33.33 p95=33.48 p99=34.09 max=248.10 hitches50=4 gpuMs avg=1.73 p50=1.83 p95=2.14 gameMs avg=1.98 p95=2.73 renderMs avg=4.41 p95=6.49
2026.09.29-02.20.39 PERF summary scope=started elapsed=60.0 frames=1148 fps=29.67 frameMs avg=33.70 p50=33.33 p95=33.36 p99=33.57 max=248.10 hitches50=4 gpuMs avg=1.92 p50=1.93 p95=2.17 gameMs avg=1.82 p95=2.34 renderMs avg=4.07 p95=6.58
2026.09.29-02.20.39 --- S08 trace close ---
