2026.09.29-02.19.45 --- S08 trace open 2026.09.29-02.19.45 ---
2026.09.29-02.19.45 HUD icon texture size=32 ready=1 path=/Game/ArtTests/ARTMarkers/Textures/T_UI_Action_Attack_32 texture=32x32 probe=0 plate=1
2026.09.29-02.19.45 RENDER preset applied=High flag=S08RenderPreset
2026.09.29-02.19.48 LOGIN ok user=art-preview-joiner
2026.09.29-02.19.51 HEROES loaded 84
2026.09.29-02.19.51 CODE resolved -> cmum1tb150035wim8nu1zx3fj
2026.09.29-02.19.51 joinGame -> room=cmum1tb150035wim8nu1zx3fj code=<redacted> status=LOBBY
2026.09.29-02.19.53 PERF config tMaxFPS=30.0 frameRateLimit=60.0 vsync=0 smoothFrameRate=0 fixedFrameRate=0 rhi=D3D12
2026.09.29-02.19.53 RENDER tag=PERF rhi=D3D12 featureLevel=SM6 shaderPlatform=PCD3D_SM6 lumenPlatform=1 gi=lumen giMethod=1 refl=lumen reflMethod=1 shadows=csm vsmEnable=0 sg.res=100 sg.view=2 sg.aa=2 sg.shadow=2 sg.gi=2 sg.refl=2 sg.pp=2 sg.tex=2 sg.fx=2 sg.foliage=2 sg.shading=2 sg.landscape=2 preset=High screenPct=100.0 screenPctMode=0 aa=TSR aaMethod=4 exposure=engine-default expMin=1.00000 expMax=1.00000 expBias=1.000 ev100=0.00 lightUnits=- sky=0 skyIntensity=0.000 keyShadow=- shadowCasters=0 profile=- profilesSha256=- profilesSource=- legacyRender=0 gameLayer=unlit-eyeadaptinv tMaxFPS=30.0 vsync=0 frameRateLimit=60.0 substrate=0 nanite=1 meshDF=1 viewport=1920x1080 reference=0 notReference=noArtProfile,exposure,lightUnits,profilesSource
2026.09.29-02.19.53 PERF window t=0.0-5.1 frames=146 fps=28.88 frameMs avg=34.62 p50=33.37 p95=33.76 p99=98.69 max=144.50 hitches50=2 gpuMs avg=1.26 p50=1.29 p95=1.39 gameMs avg=2.85 p95=3.74 renderMs avg=25.64 p95=5.82
2026.09.29-02.19.54 game -> room=cmum1tb150035wim8nu1zx3fj code=<redacted> status=LOBBY
2026.09.29-02.19.54 selectHero -> room=cmum1tb150035wim8nu1zx3fj code=<redacted> status=LOBBY
2026.09.29-02.19.57 game -> room=cmum1tb150035wim8nu1zx3fj code=<redacted> status=LOBBY
2026.09.29-02.19.57 toggleReady -> room=cmum1tb150035wim8nu1zx3fj code=<redacted> status=LOBBY
2026.09.29-02.19.58 PERF window t=5.1-10.1 frames=150 fps=29.92 frameMs avg=33.42 p50=33.37 p95=33.73 p99=33.96 max=34.39 hitches50=0 gpuMs avg=1.30 p50=1.29 p95=1.36 gameMs avg=2.36 p95=3.39 renderMs avg=5.10 p95=5.40
2026.09.29-02.20.00 game -> room=cmum1tb150035wim8nu1zx3fj code=<redacted> status=LOBBY
2026.09.29-02.20.03 PERF window t=10.1-15.1 frames=150 fps=29.96 frameMs avg=33.38 p50=33.35 p95=33.55 p99=33.67 max=33.95 hitches50=0 gpuMs avg=1.30 p50=1.30 p95=1.35 gameMs avg=2.46 p95=3.36 renderMs avg=5.14 p95=5.57
2026.09.29-02.20.03 game -> room=cmum1tb150035wim8nu1zx3fj code=<redacted> status=IN_PROGRESS
2026.09.29-02.20.03 WS DROPPED (test-initiated transport loss)
2026.09.29-02.20.03 WS closed (test drop) - reconnect in 1s
2026.09.29-02.20.03 SNAPSHOT applied seq=1 phase=ACTION_MANEUVER
2026.09.29-02.20.03 HANDLE_APPLIED #1 seq=1 decision=2 fightersValid=1 boardValid=1
2026.09.29-02.20.03 MODE seq=1 mode=0 combat=0 pending=0
2026.09.29-02.20.03 HUD seq=1 phase=ACTION_MANEUVER turn=opp hand=5 oppHand=5(hidden) oppDeck=25 deck=25 discard=0
2026.09.29-02.20.03 ARTPREVIEW board profiles loaded=1 revision=2 boards=3 zoneStyles=11 lightProfiles=3 errors=0 path=Config/ArtBoards/S08ArtBoardProfiles.json
2026.09.29-02.20.03 ARTPREVIEW board profiles source=pak sha256=91ea86be522212fc770a33e3c9ac66f1cfde90c720c609bdc6bd29589965eaa5
2026.09.29-02.20.03 ARTPREVIEW game layer material=M_S08_GameLayerUnlit unlitEyeAdaptInv=1 legacyRender=0
2026.09.29-02.20.03 ARTPREVIEW Cobble assets ready
2026.09.29-02.20.03 ARTPREVIEW board assets ready cobbleMesh=1 tiles=1 zoneMaterials=2
2026.09.29-02.20.03 ARTPREVIEW medusa candidate variant=face-neck-v2 mesh=SK_Medusa_FaceNeck_v2Candidate requested=face-neck-v2
2026.09.29-02.20.03 ARTPREVIEW board profile=cobble-city match=boardId board=5x6 boardId=cmuhgs4b2001mwik4f2b2xtf8 surface=cobble-5x6-mesh light=cobble-probe artFixture=0
2026.09.29-02.20.03 ARTPREVIEW light profile=cobble-probe name=key role=key kind=directional at=(-350,-150,600) intensity=4.5 units=lux radius=0 color=(1.00,1.00,1.00) shadow=1
2026.09.29-02.20.03 ARTPREVIEW light profile=cobble-probe name=warm role=warm kind=point at=(260,-300,250) intensity=85 units=candelas radius=450 color=(1.00,1.00,1.00) shadow=0
2026.09.29-02.20.03 ARTPREVIEW sky profile=cobble-probe cubemap=/Game/S08/Render/TC_S08_AmbientDome loaded=1 spawned=1 intensity=11.2 color=(1.00,1.00,1.00) lowerBlack=0
2026.09.29-02.20.03 ARTPREVIEW exposure profile=cobble-probe method=histogram-fixed min=2.46229 max=2.46229 bias=0.000 ev100=1.30 volume=1
2026.09.29-02.20.03 ARTPREVIEW lights applied profile=cobble-probe directional=1 shadow=1 points=1 pointShadows=0 budgetOk=1
2026.09.29-02.20.03 ARTPREVIEW render profile=cobble-probe units=candelas sky=1 exposure=1 keyShadow=csm-3000uu-2c-contact0.000 shadowCasters=1 legacyRender=0
2026.09.29-02.20.03 ARTPREVIEW Cobble probe lights key=4.5 fill=0 warm=85
2026.09.29-02.20.03 ARTPREVIEW Cobble active 5x6 zones=30 blue=15 red=15 blueMarks=15 redMarks=45
2026.09.29-02.20.03 ARTPREVIEW board active profile=cobble-city 5x6 surface=cobble-5x6-mesh cells=30 zoneCells=30 multizone=0 triple=0 obstacles=0 zoneKeys=2 strokes=60 glyphs=45 surfaceParts=0 glyphMaterial=zone expectOk=1
2026.09.29-02.20.03 ARTPREVIEW board zone key=blue cells=15 stroke=solid glyph=diamond color=#3B78D8 ismUsage=1 strokePieces=15 glyphPieces=15 fallback=0
2026.09.29-02.20.03 ARTPREVIEW board zone key=red cells=15 stroke=dash3 glyph=bars2 color=#D8453B ismUsage=1 strokePieces=45 glyphPieces=30 fallback=0
2026.09.29-02.20.03 ARTPREVIEW board multizone cells=0 zonesListed=0 zonesMarked=0
2026.09.29-02.20.03 CAMERA dist=1931 loc=(0,1107,1582) pitch=-55 yaw=-90
2026.09.29-02.20.03 CAMERA config overview=1930.8 nearest=300.0 farthest=2970.4 zoomRange=0.65-6.44 minDist=300.0 outRatio=0.650 step=1.250 animMs=200 returnMs=300 followFrom=1.20 source=defaults issues=0
2026.09.29-02.20.03 BOARD 5x6 cells | control points: (0,0)=(-200,-250,0) (4,5)=(200,250,0) | neighbor pair (dist 100 uu)
2026.09.29-02.20.03 ARTPREVIEW click capsule fighter=f-0-hero mesh=SK_Medusa_FaceNeck_v2Candidate physicsAsset=0 radius=12.5 halfHeight=27.5 top=55.0 bodyCollision=0 source=meshBounds
2026.09.29-02.20.03 ARTPREVIEW fighter=Medusa hero=1 eligible=1 visual=1 mesh=SK_Medusa_FaceNeck_v2Candidate
2026.09.29-02.20.03 ARTPREVIEW click capsule fighter=f-0-sk0 mesh=SM_ART003_Harpy physicsAsset=0 radius=20.0 halfHeight=21.0 top=42.0 bodyCollision=0 source=meshBounds
2026.09.29-02.20.03 ARTPREVIEW click capsule fighter=f-0-sk1 mesh=SM_ART003_Harpy physicsAsset=0 radius=20.0 halfHeight=21.0 top=42.0 bodyCollision=0 source=meshBounds
2026.09.29-02.20.03 ARTPREVIEW click capsule fighter=f-0-sk2 mesh=SM_ART003_Harpy physicsAsset=0 radius=20.0 halfHeight=21.0 top=42.0 bodyCollision=0 source=meshBounds
2026.09.29-02.20.03 ARTPREVIEW click capsule fighter=f-1-hero mesh=SM_ART003_Arthur physicsAsset=0 radius=17.8 halfHeight=28.0 top=56.0 bodyCollision=0 source=meshBounds
2026.09.29-02.20.03 ARTPREVIEW click capsule fighter=f-1-sk0 mesh=SM_ART003_Merlin physicsAsset=0 radius=14.7 halfHeight=30.8 top=61.5 bodyCollision=0 source=meshBounds
2026.09.29-02.20.03 FIGHTERS synced n=6 alive=6 own=2 enemy=4
2026.09.29-02.20.03 STATE seq=1 -> apply
2026.09.29-02.20.03 WS closed 1000 (normal closure)
2026.09.29-02.20.03 HUD art layer plate=1 iconSize=32 iconTexture=1 iconProbe=0 plan=0
2026.09.29-02.20.04 WS reconnect attempt
2026.09.29-02.20.04 SUBSCRIBED gameStateUpdated since=1
2026.09.29-02.20.04 WS reconnected - refetching gameState
2026.09.29-02.20.04 SNAPSHOT applied seq=1 phase=ACTION_MANEUVER
2026.09.29-02.20.04 HANDLE_APPLIED #2 seq=1 decision=1 fightersValid=1 boardValid=1
2026.09.29-02.20.04 MODE seq=1 mode=0 combat=0 pending=0
2026.09.29-02.20.04 HUD seq=1 phase=ACTION_MANEUVER turn=opp hand=5 oppHand=5(hidden) oppDeck=25 deck=25 discard=0
2026.09.29-02.20.04 ARTPREVIEW fighter=Medusa hero=1 eligible=1 visual=1 mesh=SK_Medusa_FaceNeck_v2Candidate
2026.09.29-02.20.04 FIGHTERS synced n=6 alive=6 own=2 enemy=4
2026.09.29-02.20.04 STATE seq=1 -> merge
2026.09.29-02.20.04 SNAPSHOT applied seq=1 phase=ACTION_MANEUVER
2026.09.29-02.20.04 HANDLE_APPLIED #3 seq=1 decision=1 fightersValid=1 boardValid=1
2026.09.29-02.20.04 MODE seq=1 mode=0 combat=0 pending=0
2026.09.29-02.20.04 HUD seq=1 phase=ACTION_MANEUVER turn=opp hand=5 oppHand=5(hidden) oppDeck=25 deck=25 discard=0
2026.09.29-02.20.04 ARTPREVIEW fighter=Medusa hero=1 eligible=1 visual=1 mesh=SK_Medusa_FaceNeck_v2Candidate
2026.09.29-02.20.04 FIGHTERS synced n=6 alive=6 own=2 enemy=4
2026.09.29-02.20.04 WS seq=1 phase=ACTION_MANEUVER (merge)
2026.09.29-02.20.06 game -> room=cmum1tb150035wim8nu1zx3fj code=<redacted> status=IN_PROGRESS
2026.09.29-02.20.08 PERF window t=15.1-20.1 frames=143 fps=28.41 frameMs avg=35.20 p50=33.35 p95=33.87 p99=91.22 max=130.67 hitches50=4 gpuMs avg=1.87 p50=1.86 p95=2.01 gameMs avg=2.88 p95=2.99 renderMs avg=8.88 p95=21.20
2026.09.29-02.20.09 game -> room=cmum1tb150035wim8nu1zx3fj code=<redacted> status=IN_PROGRESS
2026.09.29-02.20.12 game -> room=cmum1tb150035wim8nu1zx3fj code=<redacted> status=IN_PROGRESS
2026.09.29-02.20.13 PERF window t=20.1-25.1 frames=150 fps=30.00 frameMs avg=33.33 p50=33.33 p95=33.33 p99=33.35 max=33.41 hitches50=0 gpuMs avg=1.80 p50=1.78 p95=1.98 gameMs avg=1.25 p95=1.48 renderMs avg=3.20 p95=3.89
2026.09.29-02.20.15 game -> room=cmum1tb150035wim8nu1zx3fj code=<redacted> status=IN_PROGRESS
2026.09.29-02.20.18 game -> room=cmum1tb150035wim8nu1zx3fj code=<redacted> status=IN_PROGRESS
2026.09.29-02.20.18 PERF window t=25.1-30.1 frames=151 fps=30.00 frameMs avg=33.33 p50=33.33 p95=33.33 p99=33.34 max=33.34 hitches50=0 gpuMs avg=1.81 p50=1.79 p95=1.99 gameMs avg=1.23 p95=1.40 renderMs avg=3.21 p95=3.82
2026.09.29-02.20.21 game -> room=cmum1tb150035wim8nu1zx3fj code=<redacted> status=IN_PROGRESS
2026.09.29-02.20.23 PERF window t=30.1-35.1 frames=150 fps=30.00 frameMs avg=33.33 p50=33.33 p95=33.34 p99=33.35 max=33.40 hitches50=0 gpuMs avg=1.80 p50=1.79 p95=1.97 gameMs avg=1.24 p95=1.37 renderMs avg=3.13 p95=3.65
2026.09.29-02.20.24 game -> room=cmum1tb150035wim8nu1zx3fj code=<redacted> status=IN_PROGRESS
2026.09.29-02.20.27 game -> room=cmum1tb150035wim8nu1zx3fj code=<redacted> status=IN_PROGRESS
2026.09.29-02.20.28 SHOT ctx viewport=1920x1080 viewTarget=CameraActor_2147482368 cam=(0,1107,1582) rot=(-55,-90,0)
2026.09.29-02.20.28 RENDER tag=SHOT rhi=D3D12 featureLevel=SM6 shaderPlatform=PCD3D_SM6 lumenPlatform=1 gi=lumen giMethod=1 refl=lumen reflMethod=1 shadows=csm vsmEnable=0 sg.res=100 sg.view=2 sg.aa=2 sg.shadow=2 sg.gi=2 sg.refl=2 sg.pp=2 sg.tex=2 sg.fx=2 sg.foliage=2 sg.shading=2 sg.landscape=2 preset=High screenPct=100.0 screenPctMode=0 aa=TSR aaMethod=4 exposure=fixed-histogram expMin=2.46229 expMax=2.46229 expBias=0.000 ev100=1.30 lightUnits=candelas sky=1 skyIntensity=11.200 keyShadow=csm-3000uu-2c-contact0.000 shadowCasters=1 profile=cobble-probe profilesSha256=91ea86be522212fc770a33e3c9ac66f1cfde90c720c609bdc6bd29589965eaa5 profilesSource=pak legacyRender=0 gameLayer=unlit-eyeadaptinv tMaxFPS=30.0 vsync=0 frameRateLimit=60.0 substrate=0 nanite=1 meshDF=1 viewport=1920x1080 reference=1
2026.09.29-02.20.28 SHOT fighter f-0-hero pos=(2,2) world=(0,-50,0) screen=(960,476) projected=1 alive=1
2026.09.29-02.20.28 SHOT fighter f-0-sk0 pos=(3,2) world=(100,-50,0) screen=(1115,476) projected=1 alive=1
2026.09.29-02.20.28 SHOT fighter f-0-sk1 pos=(2,1) world=(0,-150,0) screen=(960,355) projected=1 alive=1
2026.09.29-02.20.28 SHOT fighter f-0-sk2 pos=(1,2) world=(-100,-50,0) screen=(805,476) projected=1 alive=1
2026.09.29-02.20.28 SHOT fighter f-1-hero pos=(2,3) world=(0,50,0) screen=(960,606) projected=1 alive=1
2026.09.29-02.20.28 SHOT fighter f-1-sk0 pos=(3,3) world=(100,50,0) screen=(1120,606) projected=1 alive=1
2026.09.29-02.20.28 SHOT camera dist=1930.8 target=1930.8 overview=1930.8 errPct=0.000 focusErr=0.00 settled=1 zoom=1.00
2026.09.29-02.20.28 SHOT head fighter=f-0-hero socket=Head mesh=SK_Medusa_FaceNeck_v2Candidate world=(0.0,-46.0,38.5) screen=(960.0,445.5) top=(960.0,439.8) bottom=(960.0,451.2) headPx=11.4 projected=1
2026.09.29-02.20.28 SHOT label fighter=f-0-hero mode=full bbox=(916,381,1004,414)
2026.09.29-02.20.28 SHOT label fighter=f-0-sk0 mode=full bbox=(1072,399,1169,428)
2026.09.29-02.20.28 SHOT label fighter=f-0-sk1 mode=full bbox=(914,276,1006,305)
2026.09.29-02.20.28 SHOT label fighter=f-0-sk2 mode=full bbox=(751,399,848,428)
2026.09.29-02.20.28 SHOT label fighter=f-1-hero mode=full bbox=(913,517,1007,545)
2026.09.29-02.20.28 SHOT label fighter=f-1-sk0 mode=full bbox=(1088,529,1162,558)
2026.09.29-02.20.28 SHOT requested: FScreenshotRequest(bShowUI) -> C:\Users\ren\AppData\Local\Temp\s08-phase2-20260929-071937-40344\phase2-board-joiner-1920x1080.png
2026.09.29-02.20.28 PERF window t=35.1-40.2 frames=148 fps=29.50 frameMs avg=33.90 p50=33.33 p95=33.33 p99=33.35 max=117.65 hitches50=1 gpuMs avg=1.81 p50=1.79 p95=1.97 gameMs avg=1.91 p95=1.61 renderMs avg=3.31 p95=4.16
2026.09.29-02.20.30 game -> room=cmum1tb150035wim8nu1zx3fj code=<redacted> status=IN_PROGRESS
2026.09.29-02.20.33 game -> room=cmum1tb150035wim8nu1zx3fj code=<redacted> status=IN_PROGRESS
2026.09.29-02.20.33 PERF window t=40.2-45.2 frames=148 fps=29.51 frameMs avg=33.89 p50=33.33 p95=33.33 p99=33.41 max=115.15 hitches50=1 gpuMs avg=1.81 p50=1.79 p95=1.97 gameMs avg=1.55 p95=1.35 renderMs avg=3.26 p95=4.03
2026.09.29-02.20.36 game -> room=cmum1tb150035wim8nu1zx3fj code=<redacted> status=IN_PROGRESS
2026.09.29-02.20.38 PERF window t=45.2-50.2 frames=151 fps=30.00 frameMs avg=33.33 p50=33.33 p95=33.33 p99=33.34 max=33.34 hitches50=0 gpuMs avg=1.81 p50=1.79 p95=1.99 gameMs avg=1.09 p95=1.30 renderMs avg=3.33 p95=4.02
2026.09.29-02.20.39 game -> room=cmum1tb150035wim8nu1zx3fj code=<redacted> status=IN_PROGRESS
2026.09.29-02.20.42 game -> room=cmum1tb150035wim8nu1zx3fj code=<redacted> status=IN_PROGRESS
2026.09.29-02.20.43 PERF window t=50.2-55.2 frames=151 fps=30.00 frameMs avg=33.33 p50=33.33 p95=33.33 p99=33.35 max=33.36 hitches50=0 gpuMs avg=1.80 p50=1.78 p95=1.98 gameMs avg=1.04 p95=1.25 renderMs avg=3.25 p95=4.07
2026.09.29-02.20.45 game -> room=cmum1tb150035wim8nu1zx3fj code=<redacted> status=IN_PROGRESS
2026.09.29-02.20.48 PERF summary scope=afterWarmup warmup=5 elapsed=60.0 frames=1637 fps=29.75 frameMs avg=33.61 p50=33.33 p95=33.46 p99=33.75 max=130.67 hitches50=6 gpuMs avg=1.72 p50=1.78 p95=1.97 gameMs avg=1.64 p95=2.64 renderMs avg=4.08 p95=6.33
2026.09.29-02.20.48 PERF summary scope=started elapsed=60.0 frames=1335 fps=29.71 frameMs avg=33.66 p50=33.33 p95=33.36 p99=33.62 max=130.67 hitches50=6 gpuMs avg=1.81 p50=1.79 p95=1.98 gameMs avg=1.46 p95=2.04 renderMs avg=3.85 p95=6.38
2026.09.29-02.20.48 --- S08 trace close ---
