2026.09.29-05.21.09 --- S08 trace open 2026.09.29-05.21.09 ---
2026.09.29-05.21.09 HUD icon texture size=48 ready=1 path=/Game/ArtTests/ARTMarkers/Textures/T_UI_Action_Attack_48 texture=48x48 probe=1 plate=1
2026.09.29-05.21.09 HUD alternate config periodS=3.0 startAt=34.0 first=slate
2026.09.29-05.21.09 HUD art widget plate impl=umg source=/Game/S08/UI/ArtHud/WBP_S08ArtPlate class=/Game/S08/UI/ArtHud/WBP_S08ArtPlate.WBP_S08ArtPlate_C parts=1 missing=- codeDefaultTree=0
2026.09.29-05.21.09 HUD art widget icon impl=umg source=/Game/S08/UI/ArtHud/WBP_S08ArtIcon class=/Game/S08/UI/ArtHud/WBP_S08ArtIcon.WBP_S08ArtIcon_C parts=1 missing=- codeDefaultTree=0
2026.09.29-05.21.09 RENDER preset applied=High flag=S08RenderPreset
2026.09.29-05.21.09 LOGIN ok user=art-preview-host
2026.09.29-05.21.12 HEROES loaded 84
2026.09.29-05.21.12 createGame -> room=cmum8apgl00stwilkjsbz8q8h code=<redacted> status=LOBBY
2026.09.29-05.21.14 PERF config tMaxFPS=30.0 frameRateLimit=60.0 vsync=0 smoothFrameRate=0 fixedFrameRate=0 rhi=D3D12
2026.09.29-05.21.14 RENDER tag=PERF rhi=D3D12 featureLevel=SM6 shaderPlatform=PCD3D_SM6 lumenPlatform=1 gi=lumen giMethod=1 refl=lumen reflMethod=1 shadows=csm vsmEnable=0 sg.res=100 sg.view=2 sg.aa=2 sg.shadow=2 sg.gi=2 sg.refl=2 sg.pp=2 sg.tex=2 sg.fx=2 sg.foliage=2 sg.shading=2 sg.landscape=2 preset=High screenPct=100.0 screenPctMode=0 aa=TSR aaMethod=4 exposure=engine-default expMin=1.00000 expMax=1.00000 expBias=1.000 ev100=0.00 lightUnits=- sky=0 skyIntensity=0.000 keyShadow=- shadowCasters=0 profile=- profilesSha256=- profilesSource=- legacyRender=0 gameLayer=unlit-eyeadaptinv tMaxFPS=30.0 vsync=0 frameRateLimit=60.0 substrate=0 nanite=1 meshDF=1 viewport=1920x1080 reference=0 notReference=noArtProfile,exposure,lightUnits,profilesSource
2026.09.29-05.21.14 PERF window t=0.0-5.1 frames=150 fps=29.69 frameMs avg=33.68 p50=33.40 p95=34.04 p99=44.65 max=50.16 hitches50=1 gpuMs avg=3.65 p50=3.81 p95=4.10 gameMs avg=2.45 p95=3.03 renderMs avg=2870.49 p95=5.08
2026.09.29-05.21.15 game -> room=cmum8apgl00stwilkjsbz8q8h code=<redacted> status=LOBBY
2026.09.29-05.21.15 selectHero -> room=cmum8apgl00stwilkjsbz8q8h code=<redacted> status=LOBBY
2026.09.29-05.21.18 game -> room=cmum8apgl00stwilkjsbz8q8h code=<redacted> status=LOBBY
2026.09.29-05.21.18 toggleReady -> room=cmum8apgl00stwilkjsbz8q8h code=<redacted> status=LOBBY
2026.09.29-05.21.19 PERF window t=5.1-10.1 frames=150 fps=29.83 frameMs avg=33.53 p50=33.40 p95=34.09 p99=34.78 max=37.21 hitches50=0 gpuMs avg=2.62 p50=3.26 p95=4.04 gameMs avg=2.30 p95=3.04 renderMs avg=4.68 p95=5.04
2026.09.29-05.21.21 game -> room=cmum8apgl00stwilkjsbz8q8h code=<redacted> status=LOBBY
2026.09.29-05.21.24 PERF window t=10.1-15.1 frames=150 fps=29.94 frameMs avg=33.40 p50=33.34 p95=33.88 p99=34.37 max=35.13 hitches50=0 gpuMs avg=1.98 p50=1.36 p95=3.83 gameMs avg=2.19 p95=2.72 renderMs avg=4.82 p95=5.18
2026.09.29-05.21.24 game -> room=cmum8apgl00stwilkjsbz8q8h code=<redacted> status=LOBBY
2026.09.29-05.21.27 game -> room=cmum8apgl00stwilkjsbz8q8h code=<redacted> status=LOBBY
2026.09.29-05.21.29 PERF window t=15.1-20.1 frames=150 fps=29.75 frameMs avg=33.61 p50=33.34 p95=33.96 p99=41.95 max=47.95 hitches50=0 gpuMs avg=1.32 p50=1.28 p95=1.37 gameMs avg=1.96 p95=2.76 renderMs avg=4.16 p95=4.90
2026.09.29-05.21.30 game -> room=cmum8apgl00stwilkjsbz8q8h code=<redacted> status=LOBBY
2026.09.29-05.21.33 game -> room=cmum8apgl00stwilkjsbz8q8h code=<redacted> status=LOBBY
2026.09.29-05.21.34 PERF window t=20.1-25.1 frames=149 fps=29.76 frameMs avg=33.60 p50=33.36 p95=34.24 p99=36.94 max=48.99 hitches50=0 gpuMs avg=1.31 p50=1.31 p95=1.38 gameMs avg=2.22 p95=2.88 renderMs avg=4.05 p95=4.97
2026.09.29-05.21.36 game -> room=cmum8apgl00stwilkjsbz8q8h code=<redacted> status=LOBBY
2026.09.29-05.21.36 startGame -> room=cmum8apgl00stwilkjsbz8q8h code=<redacted> status=IN_PROGRESS
2026.09.29-05.21.40 SNAPSHOT applied seq=1 phase=ACTION_MANEUVER
2026.09.29-05.21.40 HANDLE_APPLIED #1 seq=1 decision=2 fightersValid=1 boardValid=1
2026.09.29-05.21.40 MODE seq=1 mode=0 combat=0 pending=0
2026.09.29-05.21.40 HUD seq=1 phase=ACTION_MANEUVER turn=you hand=5 oppHand=5(hidden) oppDeck=25 deck=25 discard=0
2026.09.29-05.21.40 ARTPREVIEW board profiles loaded=1 revision=2 boards=3 zoneStyles=11 lightProfiles=3 errors=0 path=Config/ArtBoards/S08ArtBoardProfiles.json
2026.09.29-05.21.40 ARTPREVIEW board profiles source=pak sha256=91ea86be522212fc770a33e3c9ac66f1cfde90c720c609bdc6bd29589965eaa5
2026.09.29-05.21.40 ARTPREVIEW game layer material=M_S08_GameLayerUnlit unlitEyeAdaptInv=1 legacyRender=0
2026.09.29-05.21.40 ARTPREVIEW Cobble assets ready
2026.09.29-05.21.40 ARTPREVIEW board assets ready cobbleMesh=1 tiles=1 zoneMaterials=2
2026.09.29-05.21.40 ARTPREVIEW medusa candidate variant=face-neck-v2 mesh=SK_Medusa_FaceNeck_v2Candidate requested=face-neck-v2
2026.09.29-05.21.40 ARTPREVIEW board profile=cobble-city match=boardId board=5x6 boardId=cmuhgs4b2001mwik4f2b2xtf8 surface=cobble-5x6-mesh light=cobble-probe artFixture=0
2026.09.29-05.21.40 ARTPREVIEW light profile=cobble-probe name=key role=key kind=directional at=(-350,-150,600) intensity=4.5 units=lux radius=0 color=(1.00,1.00,1.00) shadow=1
2026.09.29-05.21.40 ARTPREVIEW light profile=cobble-probe name=warm role=warm kind=point at=(260,-300,250) intensity=85 units=candelas radius=450 color=(1.00,1.00,1.00) shadow=0
2026.09.29-05.21.40 ARTPREVIEW sky profile=cobble-probe cubemap=/Game/S08/Render/TC_S08_AmbientDome loaded=1 spawned=1 intensity=11.2 color=(1.00,1.00,1.00) lowerBlack=0
2026.09.29-05.21.40 ARTPREVIEW exposure profile=cobble-probe method=histogram-fixed min=2.46229 max=2.46229 bias=0.000 ev100=1.30 volume=1
2026.09.29-05.21.40 ARTPREVIEW lights applied profile=cobble-probe directional=1 shadow=1 points=1 pointShadows=0 budgetOk=1
2026.09.29-05.21.40 ARTPREVIEW render profile=cobble-probe units=candelas sky=1 exposure=1 keyShadow=csm-3000uu-2c-contact0.000 shadowCasters=1 legacyRender=0
2026.09.29-05.21.40 ARTPREVIEW Cobble probe lights key=4.5 fill=0 warm=85
2026.09.29-05.21.40 ARTPREVIEW Cobble active 5x6 zones=30 blue=15 red=15 blueMarks=15 redMarks=45
2026.09.29-05.21.40 ARTPREVIEW board active profile=cobble-city 5x6 surface=cobble-5x6-mesh cells=30 zoneCells=30 multizone=0 triple=0 obstacles=0 zoneKeys=2 strokes=60 glyphs=45 surfaceParts=0 glyphMaterial=zone expectOk=1
2026.09.29-05.21.40 ARTPREVIEW board zone key=blue cells=15 stroke=solid glyph=diamond color=#3B78D8 ismUsage=1 strokePieces=15 glyphPieces=15 fallback=0
2026.09.29-05.21.40 ARTPREVIEW board zone key=red cells=15 stroke=dash3 glyph=bars2 color=#D8453B ismUsage=1 strokePieces=45 glyphPieces=30 fallback=0
2026.09.29-05.21.40 ARTPREVIEW board multizone cells=0 zonesListed=0 zonesMarked=0
2026.09.29-05.21.40 CAMERA dist=1931 loc=(0,1107,1582) pitch=-55 yaw=-90
2026.09.29-05.21.40 CAMERA config overview=1930.8 nearest=300.0 farthest=2970.4 zoomRange=0.65-6.44 minDist=300.0 outRatio=0.650 step=1.250 animMs=200 returnMs=300 followFrom=1.20 source=defaults issues=0
2026.09.29-05.21.40 BOARD 5x6 cells | control points: (0,0)=(-200,-250,0) (4,5)=(200,250,0) | neighbor pair (dist 100 uu)
2026.09.29-05.21.40 ARTPREVIEW click capsule fighter=f-0-hero mesh=SK_Medusa_FaceNeck_v2Candidate physicsAsset=0 radius=12.5 halfHeight=27.5 top=55.0 bodyCollision=0 source=meshBounds
2026.09.29-05.21.40 ARTPREVIEW fighter=Medusa hero=1 eligible=1 visual=1 mesh=SK_Medusa_FaceNeck_v2Candidate
2026.09.29-05.21.40 ARTPREVIEW click capsule fighter=f-0-sk0 mesh=SM_ART003_Harpy physicsAsset=0 radius=20.0 halfHeight=21.0 top=42.0 bodyCollision=0 source=meshBounds
2026.09.29-05.21.40 ARTPREVIEW click capsule fighter=f-0-sk1 mesh=SM_ART003_Harpy physicsAsset=0 radius=20.0 halfHeight=21.0 top=42.0 bodyCollision=0 source=meshBounds
2026.09.29-05.21.40 ARTPREVIEW click capsule fighter=f-0-sk2 mesh=SM_ART003_Harpy physicsAsset=0 radius=20.0 halfHeight=21.0 top=42.0 bodyCollision=0 source=meshBounds
2026.09.29-05.21.40 ARTPREVIEW click capsule fighter=f-1-hero mesh=SM_ART003_Arthur physicsAsset=0 radius=17.8 halfHeight=28.0 top=56.0 bodyCollision=0 source=meshBounds
2026.09.29-05.21.40 ARTPREVIEW click capsule fighter=f-1-sk0 mesh=SM_ART003_Merlin physicsAsset=0 radius=14.7 halfHeight=30.8 top=61.5 bodyCollision=0 source=meshBounds
2026.09.29-05.21.40 FIGHTERS synced n=6 alive=6 own=4 enemy=2
2026.09.29-05.21.40 STATE seq=1 -> apply
2026.09.29-05.21.40 HUD art layer plate=1 iconSize=48 iconTexture=1 iconProbe=1 plan=0
2026.09.29-05.21.40 HUD art impl=alternate plateViews=umg:/Game/S08/UI/ArtHud/WBP_S08ArtPlate,slate:slate iconViews=umg:/Game/S08/UI/ArtHud/WBP_S08ArtIcon,slate:slate textTable=S08ArtHud entries=13 missingKeys=0
2026.09.29-05.21.40 SUBSCRIBED gameStateUpdated since=1
2026.09.29-05.21.40 ARTPREVIEW icon probe src=flag target=f-1-hero size=48
2026.09.29-05.21.40 ICON fighter=f-1-hero bbox=(936,465,984,513) size=48 src=flag labelAvoid=1 hudAvoid=0
2026.09.29-05.21.40 SNAPSHOT applied seq=1 phase=ACTION_MANEUVER
2026.09.29-05.21.40 HANDLE_APPLIED #2 seq=1 decision=1 fightersValid=1 boardValid=1
2026.09.29-05.21.40 MODE seq=1 mode=0 combat=0 pending=0
2026.09.29-05.21.40 HUD seq=1 phase=ACTION_MANEUVER turn=you hand=5 oppHand=5(hidden) oppDeck=25 deck=25 discard=0
2026.09.29-05.21.40 ARTPREVIEW fighter=Medusa hero=1 eligible=1 visual=1 mesh=SK_Medusa_FaceNeck_v2Candidate
2026.09.29-05.21.40 FIGHTERS synced n=6 alive=6 own=4 enemy=2
2026.09.29-05.21.40 WS seq=1 phase=ACTION_MANEUVER (merge)
2026.09.29-05.21.41 ARTPREVIEW selection ring shown fighter=Medusa mesh=SM_Marker_SelectionRing
2026.09.29-05.21.41 ARTPREVIEW reachable corners cells=13 placed=1
2026.09.29-05.21.41 ARTPREVIEW selection ownHero=1 selected=1 fighter=Medusa reachable=14 fighterId=f-0-hero
2026.09.29-05.21.41 INPUT select src=flag fighter=f-0-hero flag=ArtPreviewSelectOwnHero
2026.09.29-05.21.41 ARTPREVIEW camera focus requested zoom=5.00 overview=1931 target=386
2026.09.29-05.21.41 INPUT zoom src=flag zoom=5.00 flag=ArtPreviewFocusZoom
2026.09.29-05.21.41 CAMERA focus src=flag from=1930.8 to=386.2 requested=386.2 zoom=5.00 clamp=0 limit=none animMs=200
2026.09.29-05.21.41 HUD plate content fighter=f-0-hero name=Medusa hp=16/16 team=own statuses=HERO  |  MELEE
2026.09.29-05.21.41 ICON fighter=f-1-hero bbox=(936,894,984,942) size=48 src=flag labelAvoid=0 hudAvoid=0
2026.09.29-05.21.41 PLATE fighter=f-0-hero bbox=(1121,484,1293,538) overlapReachable=0 placement=right ring=0 gap=6 selection=f-0-hero destinations=13 clean=1 softPx2=0 tested=256
2026.09.29-05.21.41 CAMERA settled elapsed=28.21 dist=386.2 target=386.2 errPct=0.000 focusErr=0.00 focus=(0,-50,28)
2026.09.29-05.21.41 ICON fighter=f-1-hero bbox=(936,933,984,981) size=48 src=flag labelAvoid=0 hudAvoid=1
2026.09.29-05.21.41 PLATE fighter=f-0-hero bbox=(1139,494,1311,548) overlapReachable=0 placement=right ring=0 gap=6 selection=f-0-hero destinations=13 clean=1 softPx2=0 tested=278
2026.09.29-05.21.43 SHOT ctx viewport=1920x1080 viewTarget=CameraActor_2147482364 cam=(0,171,344) rot=(-55,-90,0)
2026.09.29-05.21.43 RENDER tag=SHOT rhi=D3D12 featureLevel=SM6 shaderPlatform=PCD3D_SM6 lumenPlatform=1 gi=lumen giMethod=1 refl=lumen reflMethod=1 shadows=csm vsmEnable=0 sg.res=100 sg.view=2 sg.aa=2 sg.shadow=2 sg.gi=2 sg.refl=2 sg.pp=2 sg.tex=2 sg.fx=2 sg.foliage=2 sg.shading=2 sg.landscape=2 preset=High screenPct=100.0 screenPctMode=0 aa=TSR aaMethod=4 exposure=fixed-histogram expMin=2.46229 expMax=2.46229 expBias=0.000 ev100=1.30 lightUnits=candelas sky=1 skyIntensity=11.200 keyShadow=csm-3000uu-2c-contact0.000 shadowCasters=1 profile=cobble-probe profilesSha256=91ea86be522212fc770a33e3c9ac66f1cfde90c720c609bdc6bd29589965eaa5 profilesSource=pak legacyRender=0 gameLayer=unlit-eyeadaptinv tMaxFPS=30.0 vsync=0 frameRateLimit=60.0 substrate=0 nanite=1 meshDF=1 viewport=1920x1080 reference=1
2026.09.29-05.21.43 SHOT fighter f-0-hero pos=(2,2) world=(0,-50,0) screen=(960,660) projected=1 alive=1
2026.09.29-05.21.43 SHOT fighter f-0-sk0 pos=(3,2) world=(100,-50,0) screen=(1704,660) projected=1 alive=1
2026.09.29-05.21.43 SHOT fighter f-0-sk1 pos=(2,1) world=(0,-150,0) screen=(960,110) projected=1 alive=1
2026.09.29-05.21.43 SHOT fighter f-0-sk2 pos=(1,2) world=(-100,-50,0) screen=(216,660) projected=1 alive=1
2026.09.29-05.21.43 SHOT fighter f-1-hero pos=(2,3) world=(0,50,0) screen=(960,1388) projected=1 alive=1
2026.09.29-05.21.43 SHOT fighter f-1-sk0 pos=(3,3) world=(100,50,0) screen=(1826,1388) projected=1 alive=1
2026.09.29-05.21.43 SHOT camera dist=386.2 target=386.2 overview=1930.8 errPct=0.000 focusErr=0.00 settled=1 zoom=5.00
2026.09.29-05.21.43 SHOT head fighter=f-0-hero socket=Head mesh=SK_Medusa_FaceNeck_v2Candidate world=(0.0,-46.0,38.5) screen=(960.0,517.7) top=(960.0,489.1) bottom=(960.0,545.6) headPx=56.4 projected=1
2026.09.29-05.21.43 SHOT selection fighter=f-0-hero ownCell=(2,2) legal=14 destinations=13 ownCellExcluded=1 plateFighter=f-0-hero
2026.09.29-05.21.43 SHOT reachable fighter=f-0-hero n=13 cells=(1,0)(2,0)(3,0)(0,1)(1,1)(3,1)(4,1)(0,2)(4,2)(0,3)(1,3)(4,3)(1,4)
2026.09.29-05.21.43 SHOT plate fighter=f-0-hero bbox=(1139,494,1311,548) overlapReachable=0 placement=right gap=6 anchor=(787,282,1133,788) planned=(1139,494,1311,548) geom=painted stableFrames=53
2026.09.29-05.21.43 SHOT icon fighter=f-1-hero bbox=(936,933,984,981) size=48 src=flag planned=(936,933,984,981) geom=painted
2026.09.29-05.21.43 SHOT widget id=plate impl=umg state=own fighter=f-0-hero bbox=(1139,494,1311,548) geom=painted visible=1 twin=0 source=/Game/S08/UI/ArtHud/WBP_S08ArtPlate
2026.09.29-05.21.43 SHOT widget id=plate.marker impl=umg state=own fighter=f-0-hero bbox=(1139,494,1311,497) geom=painted visible=1 twin=0 source=/Game/S08/UI/ArtHud/WBP_S08ArtPlate
2026.09.29-05.21.43 SHOT widget id=plate.name impl=umg state=own fighter=f-0-hero bbox=(1145,499,1260,518) geom=painted visible=1 twin=0 source=/Game/S08/UI/ArtHud/WBP_S08ArtPlate
2026.09.29-05.21.43 SHOT widget id=plate.team impl=umg state=own fighter=f-0-hero bbox=(1260,502,1305,515) geom=painted visible=1 twin=0 source=/Game/S08/UI/ArtHud/WBP_S08ArtPlate
2026.09.29-05.21.43 SHOT widget id=plate.hpbar impl=umg state=own fighter=f-0-hero bbox=(1145,524,1241,531) geom=painted visible=1 twin=0 source=/Game/S08/UI/ArtHud/WBP_S08ArtPlate
2026.09.29-05.21.43 SHOT widget id=plate.hpfill impl=umg state=own fighter=f-0-hero bbox=(1145,524,1241,531) geom=painted visible=1 twin=0 source=/Game/S08/UI/ArtHud/WBP_S08ArtPlate
2026.09.29-05.21.43 SHOT widget id=plate.hp impl=umg state=own fighter=f-0-hero bbox=(1247,520,1300,535) geom=painted visible=1 twin=0 source=/Game/S08/UI/ArtHud/WBP_S08ArtPlate
2026.09.29-05.21.43 SHOT widget id=plate.status impl=umg state=own fighter=f-0-hero bbox=(1145,537,1305,550) geom=painted visible=1 twin=0 source=/Game/S08/UI/ArtHud/WBP_S08ArtPlate
2026.09.29-05.21.43 SHOT widget id=icon impl=umg state=flag fighter=f-1-hero bbox=(936,933,984,981) geom=painted visible=1 twin=0 source=/Game/S08/UI/ArtHud/WBP_S08ArtIcon
2026.09.29-05.21.43 SHOT label fighter=f-0-sk0 mode=compact bbox=(1724,432,1848,446)
2026.09.29-05.21.43 SHOT label fighter=f-0-sk1 mode=compact bbox=(908,-140,1012,-126)
2026.09.29-05.21.43 SHOT label fighter=f-0-sk2 mode=compact bbox=(72,432,196,446)
2026.09.29-05.21.43 SHOT label fighter=f-1-hero mode=compact bbox=(880,1137,1040,1147)
2026.09.29-05.21.43 SHOT label fighter=f-1-sk0 mode=compact bbox=(1875,1215,2003,1227)
2026.09.29-05.21.43 SHOT requested: FScreenshotRequest(bShowUI) -> C:\Users\ren\AppData\Local\Temp\s08-phase2-20260929-102101-34980\phase2-board-host-1920x1080.png
2026.09.29-05.21.43 PERF window t=25.1-30.4 frames=133 fps=14.70 frameMs avg=68.05 p50=33.39 p95=34.69 p99=529.61 max=4042.79 hitches50=4 gpuMs avg=1.89 p50=1.34 p95=2.67 gameMs avg=3.31 p95=6.90 renderMs avg=7.10 p95=7.50
2026.09.29-05.21.43 game -> room=cmum8apgl00stwilkjsbz8q8h code=<redacted> status=IN_PROGRESS
2026.09.29-05.21.46 game -> room=cmum8apgl00stwilkjsbz8q8h code=<redacted> status=IN_PROGRESS
2026.09.29-05.21.47 HUD alternate swap=1 active=slate elapsed=34.01
2026.09.29-05.21.48 PERF window t=30.4-35.4 frames=150 fps=29.83 frameMs avg=33.53 p50=33.35 p95=33.86 p99=34.89 max=45.44 hitches50=0 gpuMs avg=2.04 p50=2.02 p95=2.22 gameMs avg=6.13 p95=3.63 renderMs avg=6.33 p95=6.97
2026.09.29-05.21.49 game -> room=cmum8apgl00stwilkjsbz8q8h code=<redacted> status=IN_PROGRESS
2026.09.29-05.21.50 HUD alternate period=1 impl=slate frames=84 gameAvg=2.599 gameP50=2.609 gameP95=3.542 gpuP95=2.255
2026.09.29-05.21.50 HUD alternate swap=2 active=umg elapsed=37.03
2026.09.29-05.21.52 game -> room=cmum8apgl00stwilkjsbz8q8h code=<redacted> status=IN_PROGRESS
2026.09.29-05.21.53 HUD alternate period=2 impl=umg frames=84 gameAvg=2.815 gameP50=2.739 gameP95=3.708 gpuP95=2.315
2026.09.29-05.21.53 HUD alternate swap=3 active=slate elapsed=40.05
2026.09.29-05.21.53 PERF window t=35.4-40.5 frames=149 fps=29.75 frameMs avg=33.61 p50=33.35 p95=34.28 p99=41.36 max=43.49 hitches50=0 gpuMs avg=2.07 p50=2.03 p95=2.33 gameMs avg=2.64 p95=3.62 renderMs avg=5.26 p95=6.69
2026.09.29-05.21.56 game -> room=cmum8apgl00stwilkjsbz8q8h code=<redacted> status=IN_PROGRESS
2026.09.29-05.21.57 HUD alternate period=3 impl=slate frames=73 gameAvg=4.255 gameP50=2.678 gameP95=3.980 gpuP95=2.191
2026.09.29-05.21.57 HUD alternate swap=4 active=umg elapsed=43.07
2026.09.29-05.21.59 PERF window t=40.5-45.5 frames=138 fps=23.15 frameMs avg=43.21 p50=33.34 p95=34.97 p99=44.80 max=1354.02 hitches50=1 gpuMs avg=2.03 p50=1.99 p95=2.21 gameMs avg=3.30 p95=3.81 renderMs avg=5.34 p95=6.69
2026.09.29-05.21.59 game -> room=cmum8apgl00stwilkjsbz8q8h code=<redacted> status=IN_PROGRESS
2026.09.29-05.22.00 HUD alternate period=4 impl=umg frames=84 gameAvg=2.379 gameP50=2.413 gameP95=3.413 gpuP95=2.222
2026.09.29-05.22.00 HUD alternate swap=5 active=slate elapsed=46.10
2026.09.29-05.22.02 game -> room=cmum8apgl00stwilkjsbz8q8h code=<redacted> status=IN_PROGRESS
2026.09.29-05.22.03 HUD alternate period=5 impl=slate frames=84 gameAvg=2.729 gameP50=2.640 gameP95=3.544 gpuP95=2.197
2026.09.29-05.22.03 HUD alternate swap=6 active=umg elapsed=49.12
2026.09.29-05.22.04 PERF window t=45.5-50.5 frames=150 fps=29.83 frameMs avg=33.52 p50=33.34 p95=33.95 p99=38.98 max=39.27 hitches50=0 gpuMs avg=2.05 p50=2.03 p95=2.21 gameMs avg=2.67 p95=3.46 renderMs avg=6.10 p95=6.87
2026.09.29-05.22.05 game -> room=cmum8apgl00stwilkjsbz8q8h code=<redacted> status=IN_PROGRESS
2026.09.29-05.22.06 HUD alternate period=6 impl=umg frames=84 gameAvg=2.667 gameP50=2.576 gameP95=3.218 gpuP95=2.215
2026.09.29-05.22.06 HUD alternate swap=7 active=slate elapsed=52.13
2026.09.29-05.22.08 game -> room=cmum8apgl00stwilkjsbz8q8h code=<redacted> status=IN_PROGRESS
2026.09.29-05.22.09 HUD alternate period=7 impl=slate frames=84 gameAvg=2.859 gameP50=2.722 gameP95=3.418 gpuP95=2.696
2026.09.29-05.22.09 HUD alternate swap=8 active=umg elapsed=55.15
2026.09.29-05.22.09 PERF window t=50.5-55.5 frames=150 fps=29.84 frameMs avg=33.52 p50=33.39 p95=34.11 p99=34.88 max=35.02 hitches50=0 gpuMs avg=2.18 p50=2.06 p95=2.69 gameMs avg=2.83 p95=3.46 renderMs avg=6.50 p95=6.99
2026.09.29-05.22.11 game -> room=cmum8apgl00stwilkjsbz8q8h code=<redacted> status=IN_PROGRESS
2026.09.29-05.22.12 HUD alternate period=8 impl=umg frames=84 gameAvg=2.934 gameP50=2.763 gameP95=3.645 gpuP95=2.194
2026.09.29-05.22.12 HUD alternate swap=9 active=slate elapsed=58.17
2026.09.29-05.22.14 PERF window t=55.5-60.5 frames=149 fps=29.74 frameMs avg=33.62 p50=33.35 p95=34.26 p99=38.85 max=47.61 hitches50=0 gpuMs avg=2.01 p50=1.98 p95=2.20 gameMs avg=2.64 p95=3.61 renderMs avg=5.74 p95=6.91
2026.09.29-05.22.14 game -> room=cmum8apgl00stwilkjsbz8q8h code=<redacted> status=IN_PROGRESS
2026.09.29-05.22.15 HUD alternate period=9 impl=slate frames=83 gameAvg=2.102 gameP50=1.760 gameP95=3.109 gpuP95=2.224
2026.09.29-05.22.15 HUD alternate swap=10 active=umg elapsed=61.18
2026.09.29-05.22.17 game -> room=cmum8apgl00stwilkjsbz8q8h code=<redacted> status=IN_PROGRESS
2026.09.29-05.22.18 HUD alternate period=10 impl=umg frames=84 gameAvg=2.811 gameP50=2.735 gameP95=3.509 gpuP95=2.187
2026.09.29-05.22.18 HUD alternate swap=11 active=slate elapsed=64.19
2026.09.29-05.22.19 PERF window t=60.5-65.6 frames=150 fps=29.81 frameMs avg=33.55 p50=33.37 p95=33.87 p99=35.19 max=49.89 hitches50=0 gpuMs avg=2.02 p50=2.00 p95=2.22 gameMs avg=2.64 p95=3.51 renderMs avg=6.16 p95=7.01
2026.09.29-05.22.20 game -> room=cmum8apgl00stwilkjsbz8q8h code=<redacted> status=IN_PROGRESS
2026.09.29-05.22.21 HUD alternate period=11 impl=slate frames=84 gameAvg=2.697 gameP50=2.585 gameP95=3.207 gpuP95=2.228
2026.09.29-05.22.21 HUD alternate swap=12 active=umg elapsed=67.20
2026.09.29-05.22.23 game -> room=cmum8apgl00stwilkjsbz8q8h code=<redacted> status=IN_PROGRESS
2026.09.29-05.22.24 HUD alternate period=12 impl=umg frames=84 gameAvg=2.824 gameP50=2.716 gameP95=3.454 gpuP95=2.187
2026.09.29-05.22.24 HUD alternate swap=13 active=slate elapsed=70.21
2026.09.29-05.22.24 PERF window t=65.6-70.6 frames=150 fps=29.86 frameMs avg=33.49 p50=33.39 p95=34.06 p99=34.30 max=34.55 hitches50=0 gpuMs avg=2.01 p50=1.98 p95=2.21 gameMs avg=2.79 p95=3.45 renderMs avg=6.38 p95=7.00
2026.09.29-05.22.26 game -> room=cmum8apgl00stwilkjsbz8q8h code=<redacted> status=IN_PROGRESS
2026.09.29-05.22.27 HUD alternate period=13 impl=slate frames=84 gameAvg=2.806 gameP50=2.682 gameP95=3.382 gpuP95=2.214
2026.09.29-05.22.27 HUD alternate swap=14 active=umg elapsed=73.23
2026.09.29-05.22.29 PERF window t=70.6-75.6 frames=150 fps=29.88 frameMs avg=33.46 p50=33.38 p95=33.91 p99=34.31 max=34.45 hitches50=0 gpuMs avg=2.01 p50=1.98 p95=2.21 gameMs avg=2.75 p95=3.40 renderMs avg=6.36 p95=6.86
2026.09.29-05.22.29 game -> room=cmum8apgl00stwilkjsbz8q8h code=<redacted> status=IN_PROGRESS
2026.09.29-05.22.30 HUD alternate period=14 impl=umg frames=84 gameAvg=2.840 gameP50=2.667 gameP95=3.791 gpuP95=2.201
2026.09.29-05.22.30 HUD alternate swap=15 active=slate elapsed=76.24
2026.09.29-05.22.32 game -> room=cmum8apgl00stwilkjsbz8q8h code=<redacted> status=IN_PROGRESS
2026.09.29-05.22.33 HUD alternate period=15 impl=slate frames=84 gameAvg=2.740 gameP50=2.649 gameP95=3.320 gpuP95=2.208
2026.09.29-05.22.33 HUD alternate swap=16 active=umg elapsed=79.25
2026.09.29-05.22.34 PERF window t=75.6-80.6 frames=150 fps=29.88 frameMs avg=33.47 p50=33.38 p95=33.95 p99=34.59 max=35.32 hitches50=0 gpuMs avg=2.03 p50=1.99 p95=2.22 gameMs avg=2.82 p95=3.66 renderMs avg=6.41 p95=7.01
2026.09.29-05.22.35 game -> room=cmum8apgl00stwilkjsbz8q8h code=<redacted> status=IN_PROGRESS
2026.09.29-05.22.36 HUD alternate period=16 impl=umg frames=84 gameAvg=2.909 gameP50=2.766 gameP95=3.507 gpuP95=2.226
2026.09.29-05.22.36 HUD alternate swap=17 active=slate elapsed=82.26
2026.09.29-05.22.38 game -> room=cmum8apgl00stwilkjsbz8q8h code=<redacted> status=IN_PROGRESS
2026.09.29-05.22.39 HUD alternate period=17 impl=slate frames=84 gameAvg=2.830 gameP50=2.714 gameP95=3.361 gpuP95=2.192
2026.09.29-05.22.39 HUD alternate swap=18 active=umg elapsed=85.28
2026.09.29-05.22.39 PERF window t=80.6-85.6 frames=150 fps=29.88 frameMs avg=33.47 p50=33.38 p95=34.07 p99=34.51 max=34.53 hitches50=0 gpuMs avg=2.01 p50=1.98 p95=2.22 gameMs avg=2.89 p95=3.50 renderMs avg=6.43 p95=6.93
2026.09.29-05.22.41 game -> room=cmum8apgl00stwilkjsbz8q8h code=<redacted> status=IN_PROGRESS
2026.09.29-05.22.42 HUD alternate period=18 impl=umg frames=84 gameAvg=2.626 gameP50=2.509 gameP95=3.119 gpuP95=2.221
2026.09.29-05.22.42 HUD alternate swap=19 active=slate elapsed=88.29
2026.09.29-05.22.44 PERF window t=85.6-90.7 frames=150 fps=29.88 frameMs avg=33.47 p50=33.36 p95=34.12 p99=34.61 max=35.09 hitches50=0 gpuMs avg=2.03 p50=2.00 p95=2.23 gameMs avg=2.74 p95=3.35 renderMs avg=5.95 p95=6.78
2026.09.29-05.22.44 game -> room=cmum8apgl00stwilkjsbz8q8h code=<redacted> status=IN_PROGRESS
2026.09.29-05.22.45 HUD alternate period=19 impl=slate frames=84 gameAvg=2.767 gameP50=2.559 gameP95=3.563 gpuP95=2.288
2026.09.29-05.22.45 HUD alternate swap=20 active=umg elapsed=91.30
2026.09.29-05.22.47 game -> room=cmum8apgl00stwilkjsbz8q8h code=<redacted> status=IN_PROGRESS
2026.09.29-05.22.48 HUD alternate period=20 impl=umg frames=84 gameAvg=1.936 gameP50=1.784 gameP95=2.998 gpuP95=2.415
2026.09.29-05.22.48 HUD alternate swap=21 active=slate elapsed=94.33
2026.09.29-05.22.49 PERF window t=90.7-95.7 frames=149 fps=29.78 frameMs avg=33.57 p50=33.34 p95=34.09 p99=38.91 max=45.29 hitches50=0 gpuMs avg=2.04 p50=2.01 p95=2.26 gameMs avg=2.30 p95=3.30 renderMs avg=5.38 p95=6.63
2026.09.29-05.22.51 game -> room=cmum8apgl00stwilkjsbz8q8h code=<redacted> status=IN_PROGRESS
2026.09.29-05.22.51 HUD alternate period=21 impl=slate frames=84 gameAvg=2.809 gameP50=2.673 gameP95=3.513 gpuP95=2.262
2026.09.29-05.22.51 HUD alternate swap=22 active=umg elapsed=97.34
2026.09.29-05.22.54 PERF summary scope=afterWarmup warmup=5 elapsed=100.0 frames=2798 fps=28.05 frameMs avg=35.65 p50=33.36 p95=34.09 p99=36.92 max=4042.79 hitches50=5 gpuMs avg=1.99 p50=1.99 p95=2.66 gameMs avg=2.84 p95=3.46 renderMs avg=5.74 p95=6.87
2026.09.29-05.22.54 PERF summary scope=started elapsed=100.0 frames=2128 fps=27.54 frameMs avg=36.31 p50=33.36 p95=34.09 p99=36.92 max=4042.79 hitches50=5 gpuMs avg=2.06 p50=2.00 p95=2.29 gameMs avg=3.05 p95=3.54 renderMs avg=6.15 p95=6.95
2026.09.29-05.22.54 PERF summary scope=artHud impl=alternate elapsed=100.0 frames=2123 fps=29.08 frameMs avg=34.39 p50=33.36 p95=34.09 p99=36.02 max=1354.02 hitches50=2 gpuMs avg=2.05 p50=2.00 p95=2.27 gameMs avg=3.01 p95=3.52 renderMs avg=6.05 p95=6.94
2026.09.29-05.22.54 PERF summary scope=artHudUmg impl=umg swaps=22 periodS=3.0 elapsed=100.0 frames=913 fps=29.82 frameMs avg=33.53 p50=33.36 p95=34.07 p99=35.88 max=45.29 hitches50=0 gpuMs avg=2.03 p50=2.00 p95=2.22 gameMs avg=2.68 p95=3.50 renderMs avg=5.99 p95=6.91 gameP50=2.621 gameP99=6.688
2026.09.29-05.22.54 PERF summary scope=artHudSlate impl=slate swaps=22 periodS=3.0 elapsed=100.0 frames=912 fps=28.58 frameMs avg=34.99 p50=33.36 p95=34.10 p99=36.64 max=1354.02 hitches50=1 gpuMs avg=2.05 p50=2.00 p95=2.37 gameMs avg=2.82 p95=3.49 renderMs avg=6.02 p95=6.94 gameP50=2.640 gameP99=6.594
2026.09.29-05.22.54 --- S08 trace close ---
