2026.09.29-05.21.24 --- S08 trace open 2026.09.29-05.21.24 ---
2026.09.29-05.21.24 HUD icon texture size=32 ready=1 path=/Game/ArtTests/ARTMarkers/Textures/T_UI_Action_Attack_32 texture=32x32 probe=0 plate=1
2026.09.29-05.21.24 HUD alternate config periodS=3.0 startAt=34.0 first=slate
2026.09.29-05.21.24 HUD art widget plate impl=umg source=/Game/S08/UI/ArtHud/WBP_S08ArtPlate class=/Game/S08/UI/ArtHud/WBP_S08ArtPlate.WBP_S08ArtPlate_C parts=1 missing=- codeDefaultTree=0
2026.09.29-05.21.24 HUD art widget icon impl=umg source=/Game/S08/UI/ArtHud/WBP_S08ArtIcon class=/Game/S08/UI/ArtHud/WBP_S08ArtIcon.WBP_S08ArtIcon_C parts=1 missing=- codeDefaultTree=0
2026.09.29-05.21.24 RENDER preset applied=High flag=S08RenderPreset
2026.09.29-05.21.24 LOGIN ok user=art-preview-joiner
2026.09.29-05.21.27 HEROES loaded 84
2026.09.29-05.21.27 CODE resolved -> cmum8apgl00stwilkjsbz8q8h
2026.09.29-05.21.27 joinGame -> room=cmum8apgl00stwilkjsbz8q8h code=<redacted> status=LOBBY
2026.09.29-05.21.29 PERF config tMaxFPS=30.0 frameRateLimit=60.0 vsync=0 smoothFrameRate=0 fixedFrameRate=0 rhi=D3D12
2026.09.29-05.21.29 RENDER tag=PERF rhi=D3D12 featureLevel=SM6 shaderPlatform=PCD3D_SM6 lumenPlatform=1 gi=lumen giMethod=1 refl=lumen reflMethod=1 shadows=csm vsmEnable=0 sg.res=100 sg.view=2 sg.aa=2 sg.shadow=2 sg.gi=2 sg.refl=2 sg.pp=2 sg.tex=2 sg.fx=2 sg.foliage=2 sg.shading=2 sg.landscape=2 preset=High screenPct=100.0 screenPctMode=0 aa=TSR aaMethod=4 exposure=engine-default expMin=1.00000 expMax=1.00000 expBias=1.000 ev100=0.00 lightUnits=- sky=0 skyIntensity=0.000 keyShadow=- shadowCasters=0 profile=- profilesSha256=- profilesSource=- legacyRender=0 gameLayer=unlit-eyeadaptinv tMaxFPS=30.0 vsync=0 frameRateLimit=60.0 substrate=0 nanite=1 meshDF=1 viewport=1920x1080 reference=0 notReference=noArtProfile,exposure,lightUnits,profilesSource
2026.09.29-05.21.29 PERF window t=0.0-5.1 frames=150 fps=29.68 frameMs avg=33.69 p50=33.34 p95=33.96 p99=45.54 max=57.94 hitches50=1 gpuMs avg=1.32 p50=1.28 p95=1.36 gameMs avg=2.43 p95=2.83 renderMs avg=2870.13 p95=5.25
2026.09.29-05.21.30 game -> room=cmum8apgl00stwilkjsbz8q8h code=<redacted> status=LOBBY
2026.09.29-05.21.30 selectHero -> room=cmum8apgl00stwilkjsbz8q8h code=<redacted> status=LOBBY
2026.09.29-05.21.33 game -> room=cmum8apgl00stwilkjsbz8q8h code=<redacted> status=LOBBY
2026.09.29-05.21.33 toggleReady -> room=cmum8apgl00stwilkjsbz8q8h code=<redacted> status=LOBBY
2026.09.29-05.21.34 PERF window t=5.1-10.1 frames=150 fps=29.85 frameMs avg=33.50 p50=33.34 p95=33.99 p99=36.01 max=41.54 hitches50=0 gpuMs avg=1.30 p50=1.31 p95=1.37 gameMs avg=2.15 p95=3.17 renderMs avg=4.06 p95=4.89
2026.09.29-05.21.36 game -> room=cmum8apgl00stwilkjsbz8q8h code=<redacted> status=LOBBY
2026.09.29-05.21.39 PERF window t=10.1-15.1 frames=149 fps=29.80 frameMs avg=33.56 p50=33.39 p95=34.15 p99=35.03 max=40.68 hitches50=0 gpuMs avg=1.58 p50=1.27 p95=3.52 gameMs avg=2.28 p95=2.90 renderMs avg=4.70 p95=5.16
2026.09.29-05.21.39 game -> room=cmum8apgl00stwilkjsbz8q8h code=<redacted> status=IN_PROGRESS
2026.09.29-05.21.40 WS DROPPED (test-initiated transport loss)
2026.09.29-05.21.40 WS closed (test drop) - reconnect in 1s
2026.09.29-05.21.40 SNAPSHOT applied seq=1 phase=ACTION_MANEUVER
2026.09.29-05.21.40 HANDLE_APPLIED #1 seq=1 decision=2 fightersValid=1 boardValid=1
2026.09.29-05.21.40 MODE seq=1 mode=0 combat=0 pending=0
2026.09.29-05.21.40 HUD seq=1 phase=ACTION_MANEUVER turn=opp hand=5 oppHand=5(hidden) oppDeck=25 deck=25 discard=0
2026.09.29-05.21.40 ARTPREVIEW board profiles loaded=1 revision=2 boards=3 zoneStyles=11 lightProfiles=3 errors=0 path=Config/ArtBoards/S08ArtBoardProfiles.json
2026.09.29-05.21.40 ARTPREVIEW board profiles source=pak sha256=91ea86be522212fc770a33e3c9ac66f1cfde90c720c609bdc6bd29589965eaa5
2026.09.29-05.21.40 ARTPREVIEW game layer material=M_S08_GameLayerUnlit unlitEyeAdaptInv=1 legacyRender=0
2026.09.29-05.21.40 ARTPREVIEW Cobble assets ready
2026.09.29-05.21.40 ARTPREVIEW board assets ready cobbleMesh=1 tiles=1 zoneMaterials=2
2026.09.29-05.21.40 ARTPREVIEW medusa candidate variant=face-neck-v2 mesh=SK_Medusa_FaceNeck_v2Candidate requested=face-neck-v2
2026.09.29-05.21.40 ARTPREVIEW board profile=cobble-city match=boardId board=5x6 boardId=cmuhgs4b2001mwik4f2b2xtf8 surface=cobble-5x6-mesh light=cobble-probe artFixture=0
2026.09.29-05.21.40 ARTPREVIEW light profile=cobble-probe name=key role=key kind=directional at=(-350,-150,600) intensity=4.5 units=lux radius=0 color=(1.00,1.00,1.00) shadow=1
2026.09.29-05.21.40 ARTPREVIEW light profile=cobble-probe name=warm role=warm kind=point at=(260,-300,250) intensity=85 units=candelas radius=450 color=(1.00,1.00,1.00) shadow=0
2026.09.29-05.21.40 ARTPREVIEW sky profile=cobble-probe cubemap=/Game/S08/Render/TC_S08_AmbientDome loaded=1 spawned=1 intensity=11.2 color=(1.00,1.00,1.00) lowerBlack=0
2026.09.29-05.21.40 ARTPREVIEW exposure profile=cobble-probe method=histogram-fixed min=2.46229 max=2.46229 bias=0.000 ev100=1.30 volume=1
2026.09.29-05.21.40 ARTPREVIEW lights applied profile=cobble-probe directional=1 shadow=1 points=1 pointShadows=0 budgetOk=1
2026.09.29-05.21.40 ARTPREVIEW render profile=cobble-probe units=candelas sky=1 exposure=1 keyShadow=csm-3000uu-2c-contact0.000 shadowCasters=1 legacyRender=0
2026.09.29-05.21.40 ARTPREVIEW Cobble probe lights key=4.5 fill=0 warm=85
2026.09.29-05.21.40 ARTPREVIEW Cobble active 5x6 zones=30 blue=15 red=15 blueMarks=15 redMarks=45
2026.09.29-05.21.40 ARTPREVIEW board active profile=cobble-city 5x6 surface=cobble-5x6-mesh cells=30 zoneCells=30 multizone=0 triple=0 obstacles=0 zoneKeys=2 strokes=60 glyphs=45 surfaceParts=0 glyphMaterial=zone expectOk=1
2026.09.29-05.21.40 ARTPREVIEW board zone key=blue cells=15 stroke=solid glyph=diamond color=#3B78D8 ismUsage=1 strokePieces=15 glyphPieces=15 fallback=0
2026.09.29-05.21.40 ARTPREVIEW board zone key=red cells=15 stroke=dash3 glyph=bars2 color=#D8453B ismUsage=1 strokePieces=45 glyphPieces=30 fallback=0
2026.09.29-05.21.40 ARTPREVIEW board multizone cells=0 zonesListed=0 zonesMarked=0
2026.09.29-05.21.40 CAMERA dist=1931 loc=(0,1107,1582) pitch=-55 yaw=-90
2026.09.29-05.21.40 CAMERA config overview=1930.8 nearest=300.0 farthest=2970.4 zoomRange=0.65-6.44 minDist=300.0 outRatio=0.650 step=1.250 animMs=200 returnMs=300 followFrom=1.20 source=defaults issues=0
2026.09.29-05.21.40 BOARD 5x6 cells | control points: (0,0)=(-200,-250,0) (4,5)=(200,250,0) | neighbor pair (dist 100 uu)
2026.09.29-05.21.40 ARTPREVIEW click capsule fighter=f-0-hero mesh=SK_Medusa_FaceNeck_v2Candidate physicsAsset=0 radius=12.5 halfHeight=27.5 top=55.0 bodyCollision=0 source=meshBounds
2026.09.29-05.21.40 ARTPREVIEW fighter=Medusa hero=1 eligible=1 visual=1 mesh=SK_Medusa_FaceNeck_v2Candidate
2026.09.29-05.21.40 ARTPREVIEW click capsule fighter=f-0-sk0 mesh=SM_ART003_Harpy physicsAsset=0 radius=20.0 halfHeight=21.0 top=42.0 bodyCollision=0 source=meshBounds
2026.09.29-05.21.40 ARTPREVIEW click capsule fighter=f-0-sk1 mesh=SM_ART003_Harpy physicsAsset=0 radius=20.0 halfHeight=21.0 top=42.0 bodyCollision=0 source=meshBounds
2026.09.29-05.21.40 ARTPREVIEW click capsule fighter=f-0-sk2 mesh=SM_ART003_Harpy physicsAsset=0 radius=20.0 halfHeight=21.0 top=42.0 bodyCollision=0 source=meshBounds
2026.09.29-05.21.40 ARTPREVIEW click capsule fighter=f-1-hero mesh=SM_ART003_Arthur physicsAsset=0 radius=17.8 halfHeight=28.0 top=56.0 bodyCollision=0 source=meshBounds
2026.09.29-05.21.40 ARTPREVIEW click capsule fighter=f-1-sk0 mesh=SM_ART003_Merlin physicsAsset=0 radius=14.7 halfHeight=30.8 top=61.5 bodyCollision=0 source=meshBounds
2026.09.29-05.21.40 FIGHTERS synced n=6 alive=6 own=2 enemy=4
2026.09.29-05.21.40 STATE seq=1 -> apply
2026.09.29-05.21.40 WS closed 1000 (normal closure)
2026.09.29-05.21.40 HUD art layer plate=1 iconSize=32 iconTexture=1 iconProbe=0 plan=0
2026.09.29-05.21.40 HUD art impl=alternate plateViews=umg:/Game/S08/UI/ArtHud/WBP_S08ArtPlate,slate:slate iconViews=umg:/Game/S08/UI/ArtHud/WBP_S08ArtIcon,slate:slate textTable=S08ArtHud entries=13 missingKeys=0
2026.09.29-05.21.41 WS reconnect attempt
2026.09.29-05.21.41 SUBSCRIBED gameStateUpdated since=1
2026.09.29-05.21.41 WS reconnected - refetching gameState
2026.09.29-05.21.42 SNAPSHOT applied seq=1 phase=ACTION_MANEUVER
2026.09.29-05.21.42 HANDLE_APPLIED #2 seq=1 decision=1 fightersValid=1 boardValid=1
2026.09.29-05.21.42 MODE seq=1 mode=0 combat=0 pending=0
2026.09.29-05.21.42 HUD seq=1 phase=ACTION_MANEUVER turn=opp hand=5 oppHand=5(hidden) oppDeck=25 deck=25 discard=0
2026.09.29-05.21.42 ARTPREVIEW fighter=Medusa hero=1 eligible=1 visual=1 mesh=SK_Medusa_FaceNeck_v2Candidate
2026.09.29-05.21.42 FIGHTERS synced n=6 alive=6 own=2 enemy=4
2026.09.29-05.21.42 STATE seq=1 -> merge
2026.09.29-05.21.42 SNAPSHOT applied seq=1 phase=ACTION_MANEUVER
2026.09.29-05.21.42 HANDLE_APPLIED #3 seq=1 decision=1 fightersValid=1 boardValid=1
2026.09.29-05.21.42 MODE seq=1 mode=0 combat=0 pending=0
2026.09.29-05.21.42 HUD seq=1 phase=ACTION_MANEUVER turn=opp hand=5 oppHand=5(hidden) oppDeck=25 deck=25 discard=0
2026.09.29-05.21.42 ARTPREVIEW fighter=Medusa hero=1 eligible=1 visual=1 mesh=SK_Medusa_FaceNeck_v2Candidate
2026.09.29-05.21.42 FIGHTERS synced n=6 alive=6 own=2 enemy=4
2026.09.29-05.21.42 WS seq=1 phase=ACTION_MANEUVER (merge)
2026.09.29-05.21.43 game -> room=cmum8apgl00stwilkjsbz8q8h code=<redacted> status=IN_PROGRESS
2026.09.29-05.21.45 PERF window t=15.1-20.1 frames=135 fps=22.75 frameMs avg=43.95 p50=33.38 p95=34.47 p99=114.78 max=1324.45 hitches50=3 gpuMs avg=2.05 p50=1.82 p95=3.33 gameMs avg=2.99 p95=4.69 renderMs avg=7.59 p95=12.01
2026.09.29-05.21.46 game -> room=cmum8apgl00stwilkjsbz8q8h code=<redacted> status=IN_PROGRESS
2026.09.29-05.21.49 game -> room=cmum8apgl00stwilkjsbz8q8h code=<redacted> status=IN_PROGRESS
2026.09.29-05.21.50 PERF window t=20.1-25.1 frames=150 fps=29.82 frameMs avg=33.54 p50=33.35 p95=33.93 p99=35.87 max=45.99 hitches50=0 gpuMs avg=1.84 p50=1.82 p95=1.99 gameMs avg=1.82 p95=2.65 renderMs avg=5.21 p95=6.45
2026.09.29-05.21.52 game -> room=cmum8apgl00stwilkjsbz8q8h code=<redacted> status=IN_PROGRESS
2026.09.29-05.21.55 SHOT ctx viewport=1920x1080 viewTarget=CameraActor_2147482364 cam=(0,1107,1582) rot=(-55,-90,0)
2026.09.29-05.21.55 RENDER tag=SHOT rhi=D3D12 featureLevel=SM6 shaderPlatform=PCD3D_SM6 lumenPlatform=1 gi=lumen giMethod=1 refl=lumen reflMethod=1 shadows=csm vsmEnable=0 sg.res=100 sg.view=2 sg.aa=2 sg.shadow=2 sg.gi=2 sg.refl=2 sg.pp=2 sg.tex=2 sg.fx=2 sg.foliage=2 sg.shading=2 sg.landscape=2 preset=High screenPct=100.0 screenPctMode=0 aa=TSR aaMethod=4 exposure=fixed-histogram expMin=2.46229 expMax=2.46229 expBias=0.000 ev100=1.30 lightUnits=candelas sky=1 skyIntensity=11.200 keyShadow=csm-3000uu-2c-contact0.000 shadowCasters=1 profile=cobble-probe profilesSha256=91ea86be522212fc770a33e3c9ac66f1cfde90c720c609bdc6bd29589965eaa5 profilesSource=pak legacyRender=0 gameLayer=unlit-eyeadaptinv tMaxFPS=30.0 vsync=0 frameRateLimit=60.0 substrate=0 nanite=1 meshDF=1 viewport=1920x1080 reference=1
2026.09.29-05.21.55 SHOT fighter f-0-hero pos=(2,2) world=(0,-50,0) screen=(960,476) projected=1 alive=1
2026.09.29-05.21.55 SHOT fighter f-0-sk0 pos=(3,2) world=(100,-50,0) screen=(1115,476) projected=1 alive=1
2026.09.29-05.21.55 SHOT fighter f-0-sk1 pos=(2,1) world=(0,-150,0) screen=(960,355) projected=1 alive=1
2026.09.29-05.21.55 SHOT fighter f-0-sk2 pos=(1,2) world=(-100,-50,0) screen=(805,476) projected=1 alive=1
2026.09.29-05.21.55 SHOT fighter f-1-hero pos=(2,3) world=(0,50,0) screen=(960,606) projected=1 alive=1
2026.09.29-05.21.55 SHOT fighter f-1-sk0 pos=(3,3) world=(100,50,0) screen=(1120,606) projected=1 alive=1
2026.09.29-05.21.55 SHOT camera dist=1930.8 target=1930.8 overview=1930.8 errPct=0.000 focusErr=0.00 settled=1 zoom=1.00
2026.09.29-05.21.55 SHOT head fighter=f-0-hero socket=Head mesh=SK_Medusa_FaceNeck_v2Candidate world=(0.0,-46.0,38.5) screen=(960.0,445.5) top=(960.0,439.8) bottom=(960.0,451.2) headPx=11.4 projected=1
2026.09.29-05.21.55 SHOT label fighter=f-0-hero mode=full bbox=(916,381,1004,414)
2026.09.29-05.21.55 SHOT label fighter=f-0-sk0 mode=full bbox=(1072,399,1169,428)
2026.09.29-05.21.55 SHOT label fighter=f-0-sk1 mode=full bbox=(914,276,1006,305)
2026.09.29-05.21.55 SHOT label fighter=f-0-sk2 mode=full bbox=(751,399,848,428)
2026.09.29-05.21.55 SHOT label fighter=f-1-hero mode=full bbox=(913,517,1007,545)
2026.09.29-05.21.55 SHOT label fighter=f-1-sk0 mode=full bbox=(1088,529,1162,558)
2026.09.29-05.21.55 SHOT requested: FScreenshotRequest(bShowUI) -> C:\Users\ren\AppData\Local\Temp\s08-phase2-20260929-102101-34980\phase2-board-joiner-1920x1080.png
2026.09.29-05.21.55 PERF window t=25.1-30.2 frames=147 fps=28.66 frameMs avg=34.90 p50=33.35 p95=33.98 p99=39.75 max=235.35 hitches50=1 gpuMs avg=1.84 p50=1.82 p95=2.00 gameMs avg=1.91 p95=2.46 renderMs avg=5.60 p95=6.11
2026.09.29-05.21.55 game -> room=cmum8apgl00stwilkjsbz8q8h code=<redacted> status=IN_PROGRESS
2026.09.29-05.21.58 game -> room=cmum8apgl00stwilkjsbz8q8h code=<redacted> status=IN_PROGRESS
2026.09.29-05.22.00 PERF window t=30.2-35.3 frames=150 fps=29.83 frameMs avg=33.52 p50=33.37 p95=34.17 p99=35.61 max=38.99 hitches50=0 gpuMs avg=1.84 p50=1.82 p95=1.96 gameMs avg=3.02 p95=2.54 renderMs avg=5.09 p95=6.00
2026.09.29-05.22.01 game -> room=cmum8apgl00stwilkjsbz8q8h code=<redacted> status=IN_PROGRESS
2026.09.29-05.22.04 game -> room=cmum8apgl00stwilkjsbz8q8h code=<redacted> status=IN_PROGRESS
2026.09.29-05.22.05 PERF window t=35.3-40.3 frames=150 fps=29.85 frameMs avg=33.50 p50=33.38 p95=33.96 p99=35.99 max=36.27 hitches50=0 gpuMs avg=1.86 p50=1.84 p95=2.01 gameMs avg=1.72 p95=2.41 renderMs avg=5.68 p95=6.31
2026.09.29-05.22.10 game -> room=cmum8apgl00stwilkjsbz8q8h code=<redacted> status=IN_PROGRESS
2026.09.29-05.22.13 PERF window t=40.3-45.3 frames=139 fps=18.41 frameMs avg=54.33 p50=33.39 p95=34.00 p99=35.39 max=2929.59 hitches50=1 gpuMs avg=1.86 p50=1.83 p95=2.20 gameMs avg=2.14 p95=2.67 renderMs avg=6.00 p95=6.21
2026.09.29-05.22.13 game -> room=cmum8apgl00stwilkjsbz8q8h code=<redacted> status=IN_PROGRESS
2026.09.29-05.22.16 game -> room=cmum8apgl00stwilkjsbz8q8h code=<redacted> status=IN_PROGRESS
2026.09.29-05.22.18 PERF window t=45.3-50.3 frames=149 fps=29.80 frameMs avg=33.56 p50=33.34 p95=33.84 p99=40.58 max=42.92 hitches50=0 gpuMs avg=1.86 p50=1.84 p95=2.01 gameMs avg=1.71 p95=2.46 renderMs avg=5.19 p95=6.31
2026.09.29-05.22.19 game -> room=cmum8apgl00stwilkjsbz8q8h code=<redacted> status=IN_PROGRESS
2026.09.29-05.22.22 game -> room=cmum8apgl00stwilkjsbz8q8h code=<redacted> status=IN_PROGRESS
2026.09.29-05.22.23 PERF window t=50.3-55.3 frames=150 fps=29.88 frameMs avg=33.47 p50=33.38 p95=33.96 p99=34.21 max=34.65 hitches50=0 gpuMs avg=1.88 p50=1.87 p95=1.99 gameMs avg=1.98 p95=2.56 renderMs avg=6.16 p95=6.46
2026.09.29-05.22.25 game -> room=cmum8apgl00stwilkjsbz8q8h code=<redacted> status=IN_PROGRESS
2026.09.29-05.22.28 PERF window t=55.3-60.4 frames=150 fps=29.85 frameMs avg=33.51 p50=33.38 p95=34.07 p99=34.43 max=34.55 hitches50=0 gpuMs avg=1.86 p50=1.84 p95=1.99 gameMs avg=1.98 p95=2.66 renderMs avg=6.02 p95=6.33
2026.09.29-05.22.28 game -> room=cmum8apgl00stwilkjsbz8q8h code=<redacted> status=IN_PROGRESS
2026.09.29-05.22.31 game -> room=cmum8apgl00stwilkjsbz8q8h code=<redacted> status=IN_PROGRESS
2026.09.29-05.22.33 PERF window t=60.4-65.4 frames=150 fps=29.90 frameMs avg=33.45 p50=33.35 p95=33.89 p99=34.47 max=34.62 hitches50=0 gpuMs avg=1.87 p50=1.85 p95=2.01 gameMs avg=2.04 p95=2.61 renderMs avg=6.08 p95=6.39
2026.09.29-05.22.34 game -> room=cmum8apgl00stwilkjsbz8q8h code=<redacted> status=IN_PROGRESS
2026.09.29-05.22.37 game -> room=cmum8apgl00stwilkjsbz8q8h code=<redacted> status=IN_PROGRESS
2026.09.29-05.22.38 PERF window t=65.4-70.4 frames=150 fps=29.88 frameMs avg=33.46 p50=33.36 p95=34.01 p99=34.37 max=34.39 hitches50=0 gpuMs avg=1.87 p50=1.85 p95=2.01 gameMs avg=2.09 p95=2.59 renderMs avg=6.11 p95=6.36
2026.09.29-05.22.40 game -> room=cmum8apgl00stwilkjsbz8q8h code=<redacted> status=IN_PROGRESS
2026.09.29-05.22.43 PERF window t=70.4-75.4 frames=150 fps=29.86 frameMs avg=33.48 p50=33.34 p95=34.11 p99=35.25 max=35.95 hitches50=0 gpuMs avg=1.88 p50=1.86 p95=2.02 gameMs avg=1.94 p95=2.46 renderMs avg=5.83 p95=6.34
2026.09.29-05.22.43 game -> room=cmum8apgl00stwilkjsbz8q8h code=<redacted> status=IN_PROGRESS
2026.09.29-05.22.46 game -> room=cmum8apgl00stwilkjsbz8q8h code=<redacted> status=IN_PROGRESS
2026.09.29-05.22.48 PERF window t=75.4-80.4 frames=149 fps=29.76 frameMs avg=33.60 p50=33.34 p95=34.22 p99=38.92 max=45.30 hitches50=0 gpuMs avg=1.89 p50=1.88 p95=2.03 gameMs avg=1.65 p95=2.37 renderMs avg=5.00 p95=6.16
2026.09.29-05.22.49 game -> room=cmum8apgl00stwilkjsbz8q8h code=<redacted> status=IN_PROGRESS
2026.09.29-05.22.52 game -> room=cmum8apgl00stwilkjsbz8q8h code=<redacted> status=IN_PROGRESS
2026.09.29-05.22.53 PERF window t=80.4-85.5 frames=150 fps=29.81 frameMs avg=33.55 p50=33.39 p95=34.18 p99=35.28 max=36.78 hitches50=0 gpuMs avg=1.84 p50=1.81 p95=2.00 gameMs avg=1.79 p95=2.44 renderMs avg=5.62 p95=6.26
2026.09.29-05.22.55 game -> room=cmum8apgl00stwilkjsbz8q8h code=<redacted> status=IN_PROGRESS
2026.09.29-05.22.58 PERF window t=85.5-90.5 frames=149 fps=29.79 frameMs avg=33.57 p50=33.35 p95=34.38 p99=38.57 max=41.52 hitches50=0 gpuMs avg=1.87 p50=1.87 p95=2.02 gameMs avg=1.80 p95=2.46 renderMs avg=5.39 p95=6.22
2026.09.29-05.22.58 game -> room=cmum8apgl00stwilkjsbz8q8h code=<redacted> status=IN_PROGRESS
2026.09.29-05.23.01 game -> room=cmum8apgl00stwilkjsbz8q8h code=<redacted> status=IN_PROGRESS
2026.09.29-05.23.03 PERF window t=90.5-95.5 frames=150 fps=29.85 frameMs avg=33.50 p50=33.37 p95=34.15 p99=34.48 max=38.18 hitches50=0 gpuMs avg=2.46 p50=2.21 p95=6.16 gameMs avg=1.92 p95=2.60 renderMs avg=5.93 p95=6.29
2026.09.29-05.23.04 game -> room=cmum8apgl00stwilkjsbz8q8h code=<redacted> status=IN_PROGRESS
2026.09.29-05.23.07 game -> room=cmum8apgl00stwilkjsbz8q8h code=<redacted> status=IN_PROGRESS
2026.09.29-05.23.07 PERF summary scope=afterWarmup warmup=5 elapsed=100.0 frames=2804 fps=28.47 frameMs avg=35.13 p50=33.36 p95=34.07 p99=35.71 max=2929.59 hitches50=5 gpuMs avg=1.88 p50=1.84 p95=2.29 gameMs avg=2.04 p95=2.66 renderMs avg=5.63 p95=6.32
2026.09.29-05.23.07 PERF summary scope=started elapsed=100.0 frames=2500 fps=28.31 frameMs avg=35.32 p50=33.36 p95=34.07 p99=35.71 max=2929.59 hitches50=5 gpuMs avg=1.94 p50=1.85 p95=2.28 gameMs avg=2.03 p95=2.61 renderMs avg=5.78 p95=6.34
2026.09.29-05.23.07 PERF summary scope=artHud impl=alternate elapsed=100.0 frames=0 fps=0.00 frameMs avg=0.00 p50=0.00 p95=0.00 p99=0.00 max=0.00 hitches50=0 gpuMs avg=0.00 p50=0.00 p95=0.00 gameMs avg=0.00 p95=0.00 renderMs avg=0.00 p95=0.00
2026.09.29-05.23.07 PERF summary scope=artHudUmg impl=umg swaps=0 periodS=3.0 elapsed=100.0 frames=0 fps=0.00 frameMs avg=0.00 p50=0.00 p95=0.00 p99=0.00 max=0.00 hitches50=0 gpuMs avg=0.00 p50=0.00 p95=0.00 gameMs avg=0.00 p95=0.00 renderMs avg=0.00 p95=0.00 gameP50=0.000 gameP99=0.000
2026.09.29-05.23.07 PERF summary scope=artHudSlate impl=slate swaps=0 periodS=3.0 elapsed=100.0 frames=0 fps=0.00 frameMs avg=0.00 p50=0.00 p95=0.00 p99=0.00 max=0.00 hitches50=0 gpuMs avg=0.00 p50=0.00 p95=0.00 gameMs avg=0.00 p95=0.00 renderMs avg=0.00 p95=0.00 gameP50=0.000 gameP99=0.000
2026.09.29-05.23.07 --- S08 trace close ---
