2026.09.27-04.17.46 S09AUTO config flow=1 boost=0 shotDir=C:\Users\ren\AppData\Local\Temp\s09-duel-20260927-091740-12936\joiner
2026.09.27-04.18.01 S09AUTO drive mode=0 plan=[defend+resolve+scheme] phase= turn=
2026.09.27-04.18.01 SNAPSHOT applied seq=7 phase=ACTION_MANEUVER
2026.09.27-04.18.01 MODE seq=7 mode=0 combat=0 pending=1
2026.09.27-04.18.03 SNAPSHOT applied seq=8 phase=ACTION_MANEUVER
2026.09.27-04.18.03 MODE seq=8 mode=0 combat=0 pending=1
2026.09.27-04.18.03 SNAPSHOT applied seq=9 phase=ACTION_MANEUVER
2026.09.27-04.18.03 MODE seq=9 mode=0 combat=0 pending=1
2026.09.27-04.18.03 SNAPSHOT applied seq=10 phase=ACTION_MANEUVER
2026.09.27-04.18.03 MODE seq=10 mode=0 combat=0 pending=1
2026.09.27-04.18.03 SNAPSHOT applied seq=11 phase=ACTION_MANEUVER
2026.09.27-04.18.03 MODE seq=11 mode=0 combat=0 pending=0
2026.09.27-04.18.03 S09AUTO own turn #0 (turnCount=2)
2026.09.27-04.18.03 S09AUTO scheme
2026.09.27-04.18.03 SNAPSHOT applied seq=12 phase=ACTION_MANEUVER
2026.09.27-04.18.03 MODE seq=12 mode=0 combat=0 pending=0
2026.09.27-04.18.03 SNAPSHOT applied seq=12 phase=ACTION_MANEUVER
2026.09.27-04.18.03 MODE seq=12 mode=0 combat=0 pending=0
2026.09.27-04.18.04 SNAPSHOT applied seq=13 phase=ACTION_MANEUVER
2026.09.27-04.18.04 MODE seq=13 mode=1 combat=0 pending=0
2026.09.27-04.18.04 SNAPSHOT applied seq=13 phase=ACTION_MANEUVER
2026.09.27-04.18.04 MODE seq=13 mode=1 combat=0 pending=0
2026.09.27-04.18.04 S09AUTO drive mode=1 plan=[defend+resolve+scheme] phase=ACTION_MANEUVER turn=cmuhntiwu0001wib0z281rpa8
2026.09.27-04.18.05 S09AUTO draft-open shot (maneuver marker live)
2026.09.27-04.18.05 SNAPSHOT applied seq=14 phase=ACTION_MANEUVER
2026.09.27-04.18.05 MODE seq=14 mode=0 combat=0 pending=0
2026.09.27-04.18.05 SNAPSHOT applied seq=14 phase=ACTION_MANEUVER
2026.09.27-04.18.05 MODE seq=14 mode=0 combat=0 pending=0
2026.09.27-04.18.05 SNAPSHOT applied seq=15 phase=ACTION_MANEUVER
2026.09.27-04.18.05 MODE seq=15 mode=0 combat=0 pending=0
2026.09.27-04.18.06 S09AUTO drive mode=0 plan=[defend+resolve+scheme] phase=ACTION_MANEUVER turn=cmuhntivg0000wib0anhqyswc
2026.09.27-04.18.06 SNAPSHOT applied seq=16 phase=ACTION_MANEUVER
2026.09.27-04.18.06 MODE seq=16 mode=0 combat=0 pending=0
2026.09.27-04.18.08 SNAPSHOT applied seq=17 phase=ACTION_MANEUVER
2026.09.27-04.18.08 MODE seq=17 mode=0 combat=0 pending=1
2026.09.27-04.18.09 SNAPSHOT applied seq=18 phase=ACTION_MANEUVER
2026.09.27-04.18.09 MODE seq=18 mode=0 combat=0 pending=0
2026.09.27-04.18.09 S09AUTO own turn #1 (turnCount=4)
2026.09.27-04.18.09 SNAPSHOT applied seq=19 phase=ACTION_MANEUVER
2026.09.27-04.18.09 MODE seq=19 mode=1 combat=0 pending=0
2026.09.27-04.18.09 SNAPSHOT applied seq=19 phase=ACTION_MANEUVER
2026.09.27-04.18.09 MODE seq=19 mode=1 combat=0 pending=0
2026.09.27-04.18.09 S09AUTO drive mode=1 plan=[defend+resolve+scheme] phase=ACTION_MANEUVER turn=cmuhntiwu0001wib0z281rpa8
2026.09.27-04.18.09 S09AUTO zero-move confirm (draw only, no movement)
2026.09.27-04.18.09 SNAPSHOT applied seq=20 phase=ACTION_MANEUVER
2026.09.27-04.18.09 MODE seq=20 mode=0 combat=0 pending=0
2026.09.27-04.18.09 SNAPSHOT applied seq=20 phase=ACTION_MANEUVER
2026.09.27-04.18.09 MODE seq=20 mode=0 combat=0 pending=0
2026.09.27-04.18.10 S09AUTO drive mode=0 plan=[defend+resolve+scheme] phase=ACTION_MANEUVER turn=cmuhntiwu0001wib0z281rpa8
2026.09.27-04.18.10 S09AUTO scheme
2026.09.27-04.18.10 SNAPSHOT applied seq=21 phase=ACTION_MANEUVER
2026.09.27-04.18.10 MODE seq=21 mode=6 combat=0 pending=1
2026.09.27-04.18.10 SNAPSHOT applied seq=21 phase=ACTION_MANEUVER
2026.09.27-04.18.10 MODE seq=21 mode=6 combat=0 pending=1
2026.09.27-04.18.11 S09AUTO drive mode=6 plan=[defend+resolve+scheme] phase=ACTION_MANEUVER turn=cmuhntiwu0001wib0z281rpa8
2026.09.27-04.18.11 S09AUTO pending-open shot (type=CHOOSE_SPACE stage=1 mode=)
2026.09.27-04.18.11 S09AUTO pending picked (type=CHOOSE_SPACE stage=1)
2026.09.27-04.18.11 PEND-RESOLVE sent type=CHOOSE_SPACE stage=1 id=cmuhgvgi700p2wi9ggby5v41n-fullText-0-p0
2026.09.27-04.18.11 SNAPSHOT applied seq=22 phase=ACTION_MANEUVER
2026.09.27-04.18.11 MODE seq=22 mode=6 combat=0 pending=1
2026.09.27-04.18.11 PEND resolve done seq=22 (apply) phase=ACTION_MANEUVER
2026.09.27-04.18.11 SNAPSHOT applied seq=22 phase=ACTION_MANEUVER
2026.09.27-04.18.11 MODE seq=22 mode=6 combat=0 pending=1
2026.09.27-04.18.11 S09AUTO pending-open shot (type=CHOOSE_SPACE stage=2 mode=)
2026.09.27-04.18.11 S09AUTO pending picked (type=CHOOSE_SPACE stage=2)
2026.09.27-04.18.11 PEND-RESOLVE sent type=CHOOSE_SPACE stage=2 id=cmuhgvgi700p2wi9ggby5v41n-fullText-0-p0
2026.09.27-04.18.11 SNAPSHOT applied seq=23 phase=ACTION_MANEUVER
2026.09.27-04.18.11 MODE seq=23 mode=0 combat=0 pending=0
2026.09.27-04.18.11 PEND resolve done seq=23 (apply) phase=ACTION_MANEUVER
2026.09.27-04.18.11 SNAPSHOT applied seq=23 phase=ACTION_MANEUVER
2026.09.27-04.18.11 MODE seq=23 mode=0 combat=0 pending=0
2026.09.27-04.18.11 S09AUTO drive mode=0 plan=[defend+resolve+scheme] phase=ACTION_MANEUVER turn=cmuhntivg0000wib0anhqyswc
2026.09.27-04.18.11 SNAPSHOT applied seq=24 phase=ACTION_MANEUVER
2026.09.27-04.18.11 MODE seq=24 mode=0 combat=0 pending=0
2026.09.27-04.18.12 SNAPSHOT applied seq=25 phase=ACTION_MANEUVER
2026.09.27-04.18.12 MODE seq=25 mode=0 combat=0 pending=0
2026.09.27-04.18.13 SNAPSHOT applied seq=26 phase=ACTION_MANEUVER
2026.09.27-04.18.13 MODE seq=26 mode=0 combat=0 pending=0
2026.09.27-04.18.13 SNAPSHOT applied seq=27 phase=ACTION_MANEUVER
2026.09.27-04.18.13 MODE seq=27 mode=0 combat=0 pending=0
2026.09.27-04.18.13 S09AUTO own turn #2 (turnCount=6)
2026.09.27-04.18.13 SNAPSHOT applied seq=28 phase=ACTION_MANEUVER
2026.09.27-04.18.13 MODE seq=28 mode=1 combat=0 pending=0
2026.09.27-04.18.13 SNAPSHOT applied seq=28 phase=ACTION_MANEUVER
2026.09.27-04.18.13 MODE seq=28 mode=1 combat=0 pending=0
2026.09.27-04.18.13 S09AUTO drive mode=1 plan=[defend+resolve+scheme] phase=ACTION_MANEUVER turn=cmuhntiwu0001wib0z281rpa8
2026.09.27-04.18.13 S09AUTO multi-fighter moves=2
2026.09.27-04.18.13 SNAPSHOT applied seq=29 phase=ACTION_MANEUVER
2026.09.27-04.18.13 MODE seq=29 mode=0 combat=0 pending=0
2026.09.27-04.18.13 SNAPSHOT applied seq=29 phase=ACTION_MANEUVER
2026.09.27-04.18.13 MODE seq=29 mode=0 combat=0 pending=0
2026.09.27-04.18.14 S09AUTO drive mode=0 plan=[defend+resolve+scheme] phase=ACTION_MANEUVER turn=cmuhntiwu0001wib0z281rpa8
2026.09.27-04.18.14 SNAPSHOT applied seq=30 phase=ACTION_MANEUVER
2026.09.27-04.18.14 MODE seq=30 mode=1 combat=0 pending=0
2026.09.27-04.18.14 SNAPSHOT applied seq=30 phase=ACTION_MANEUVER
2026.09.27-04.18.14 MODE seq=30 mode=1 combat=0 pending=0
2026.09.27-04.18.14 S09AUTO drive mode=1 plan=[defend+resolve+scheme] phase=ACTION_MANEUVER turn=cmuhntiwu0001wib0z281rpa8
2026.09.27-04.18.14 SNAPSHOT applied seq=31 phase=TURN_END
2026.09.27-04.18.14 MODE seq=31 mode=2 combat=0 pending=0
2026.09.27-04.18.14 SNAPSHOT applied seq=31 phase=TURN_END
2026.09.27-04.18.14 MODE seq=31 mode=2 combat=0 pending=0
2026.09.27-04.18.15 S09AUTO drive mode=2 plan=[defend+resolve+scheme] phase=TURN_END turn=cmuhntiwu0001wib0z281rpa8
2026.09.27-04.18.15 S09AUTO discard picks=1
2026.09.27-04.18.15 SNAPSHOT applied seq=32 phase=ACTION_MANEUVER
2026.09.27-04.18.15 MODE seq=32 mode=0 combat=0 pending=1
2026.09.27-04.18.15 SNAPSHOT applied seq=32 phase=ACTION_MANEUVER
2026.09.27-04.18.15 MODE seq=32 mode=0 combat=0 pending=1
2026.09.27-04.18.15 SNAPSHOT applied seq=33 phase=ACTION_MANEUVER
2026.09.27-04.18.15 MODE seq=33 mode=0 combat=0 pending=0
2026.09.27-04.18.16 SNAPSHOT applied seq=34 phase=ACTION_MANEUVER
2026.09.27-04.18.16 MODE seq=34 mode=0 combat=0 pending=0
2026.09.27-04.18.16 SNAPSHOT applied seq=35 phase=ACTION_MANEUVER
2026.09.27-04.18.16 MODE seq=35 mode=0 combat=0 pending=0
2026.09.27-04.18.17 S09AUTO drive mode=0 plan=[defend+resolve+scheme] phase=ACTION_MANEUVER turn=cmuhntivg0000wib0anhqyswc
2026.09.27-04.18.17 SNAPSHOT applied seq=36 phase=ACTION_MANEUVER
2026.09.27-04.18.17 MODE seq=36 mode=0 combat=0 pending=0
2026.09.27-04.18.17 SNAPSHOT applied seq=37 phase=ACTION_MANEUVER
2026.09.27-04.18.17 MODE seq=37 mode=0 combat=0 pending=0
2026.09.27-04.18.17 S09AUTO own turn #3 (turnCount=8)
2026.09.27-04.18.17 SNAPSHOT applied seq=38 phase=ACTION_MANEUVER
2026.09.27-04.18.17 MODE seq=38 mode=1 combat=0 pending=0
2026.09.27-04.18.17 SNAPSHOT applied seq=38 phase=ACTION_MANEUVER
2026.09.27-04.18.17 MODE seq=38 mode=1 combat=0 pending=0
2026.09.27-04.18.17 S09AUTO drive mode=1 plan=[defend+resolve+scheme] phase=ACTION_MANEUVER turn=cmuhntiwu0001wib0z281rpa8
2026.09.27-04.18.17 SNAPSHOT applied seq=39 phase=ACTION_MANEUVER
2026.09.27-04.18.17 MODE seq=39 mode=0 combat=0 pending=0
2026.09.27-04.18.17 SNAPSHOT applied seq=39 phase=ACTION_MANEUVER
2026.09.27-04.18.17 MODE seq=39 mode=0 combat=0 pending=0
2026.09.27-04.18.18 S09AUTO drive mode=0 plan=[defend+resolve+scheme] phase=ACTION_MANEUVER turn=cmuhntiwu0001wib0z281rpa8
2026.09.27-04.18.18 SNAPSHOT applied seq=40 phase=ACTION_MANEUVER
2026.09.27-04.18.18 MODE seq=40 mode=1 combat=0 pending=0
2026.09.27-04.18.18 SNAPSHOT applied seq=40 phase=ACTION_MANEUVER
2026.09.27-04.18.18 MODE seq=40 mode=1 combat=0 pending=0
2026.09.27-04.18.18 S09AUTO drive mode=1 plan=[defend+resolve+scheme] phase=ACTION_MANEUVER turn=cmuhntiwu0001wib0z281rpa8
2026.09.27-04.18.18 SNAPSHOT applied seq=41 phase=TURN_END
2026.09.27-04.18.18 MODE seq=41 mode=2 combat=0 pending=0
2026.09.27-04.18.18 SNAPSHOT applied seq=41 phase=TURN_END
2026.09.27-04.18.18 MODE seq=41 mode=2 combat=0 pending=0
2026.09.27-04.18.19 S09AUTO drive mode=2 plan=[defend+resolve+scheme] phase=TURN_END turn=cmuhntiwu0001wib0z281rpa8
2026.09.27-04.18.19 S09AUTO discard picks=2
2026.09.27-04.18.19 SNAPSHOT applied seq=42 phase=ACTION_MANEUVER
2026.09.27-04.18.19 MODE seq=42 mode=0 combat=0 pending=1
2026.09.27-04.18.19 SNAPSHOT applied seq=42 phase=ACTION_MANEUVER
2026.09.27-04.18.19 MODE seq=42 mode=0 combat=0 pending=1
2026.09.27-04.18.20 SNAPSHOT applied seq=43 phase=ACTION_MANEUVER
2026.09.27-04.18.20 MODE seq=43 mode=0 combat=0 pending=0
2026.09.27-04.18.20 SNAPSHOT applied seq=44 phase=COMBAT
2026.09.27-04.18.20 MODE seq=44 mode=4 combat=1 pending=0
2026.09.27-04.18.21 S09AUTO drive mode=4 plan=[defend+resolve+scheme] phase=COMBAT turn=cmuhntivg0000wib0anhqyswc
2026.09.27-04.18.21 S09AUTO defense-window shot
2026.09.27-04.18.21 S09AUTO defense card picked
2026.09.27-04.18.21 DEFENSE sent
2026.09.27-04.18.21 SNAPSHOT applied seq=45 phase=COMBAT_RESOLVE
2026.09.27-04.18.21 MODE seq=45 mode=5 combat=1 pending=0
2026.09.27-04.18.21 SNAPSHOT applied seq=45 phase=COMBAT_RESOLVE
2026.09.27-04.18.21 MODE seq=45 mode=5 combat=1 pending=0
2026.09.27-04.18.21 S09AUTO drive mode=5 plan=[defend+resolve+scheme] phase=COMBAT_RESOLVE turn=cmuhntivg0000wib0anhqyswc
2026.09.27-04.18.21 S09AUTO resolve-window shot
2026.09.27-04.18.21 S09AUTO resolve
2026.09.27-04.18.21 RESOLVE sent
2026.09.27-04.18.21 SNAPSHOT applied seq=46 phase=COMBAT_RESOLVE
2026.09.27-04.18.21 MODE seq=46 mode=5 combat=1 pending=1
2026.09.27-04.18.21 RESOLVE panel revealed: A3+B0 vs D1
2026.09.27-04.18.21 RESOLVE panel blocked by pending (type=BOOST_CHOICE id=cmuhgvgkf00smwi9gaeymh3ur-during-0-boost-45)
2026.09.27-04.18.21 SNAPSHOT applied seq=46 phase=COMBAT_RESOLVE
2026.09.27-04.18.21 MODE seq=46 mode=5 combat=1 pending=1
2026.09.27-04.18.21 S09AUTO resolve-revealed shot
2026.09.27-04.18.21 S09AUTO resolve-blocked shot (type=BOOST_CHOICE)
2026.09.27-04.18.25 SNAPSHOT applied seq=47 phase=ACTION_MANEUVER
2026.09.27-04.18.25 COMBAT-RESULT seq=47 damage=3 role=defended
2026.09.27-04.18.25 S09AUTO combat-result shot
2026.09.27-04.18.25 SHOT requested: FScreenshotRequest(bShowUI) -> C:\Users\ren\AppData\Local\Temp\s09-duel-20260927-091740-12936\joiner/s09-combat-result.png
2026.09.27-04.18.25 RESOLVE panel revealed: A3+B0 vs D1
2026.09.27-04.18.25 MODE seq=47 mode=0 combat=0 pending=0
2026.09.27-04.18.25 S09AUTO drive mode=0 plan=[defend+resolve+scheme] phase=ACTION_MANEUVER turn=cmuhntivg0000wib0anhqyswc
2026.09.27-04.18.25 SNAPSHOT applied seq=48 phase=ACTION_MANEUVER
2026.09.27-04.18.25 MODE seq=48 mode=0 combat=0 pending=0
2026.09.27-04.18.25 SNAPSHOT applied seq=49 phase=ACTION_MANEUVER
2026.09.27-04.18.25 MODE seq=49 mode=0 combat=0 pending=0
2026.09.27-04.18.25 S09AUTO own turn #4 (turnCount=10)
2026.09.27-04.18.25 SNAPSHOT applied seq=50 phase=ACTION_MANEUVER
2026.09.27-04.18.25 MODE seq=50 mode=1 combat=0 pending=0
2026.09.27-04.18.25 SNAPSHOT applied seq=50 phase=ACTION_MANEUVER
2026.09.27-04.18.25 MODE seq=50 mode=1 combat=0 pending=0
2026.09.27-04.18.25 S09AUTO drive mode=1 plan=[defend+resolve+scheme] phase=ACTION_MANEUVER turn=cmuhntiwu0001wib0z281rpa8
2026.09.27-04.18.25 SNAPSHOT applied seq=51 phase=ACTION_MANEUVER
2026.09.27-04.18.25 MODE seq=51 mode=0 combat=0 pending=0
2026.09.27-04.18.25 SNAPSHOT applied seq=51 phase=ACTION_MANEUVER
2026.09.27-04.18.25 MODE seq=51 mode=0 combat=0 pending=0
2026.09.27-04.18.27 S09AUTO drive mode=0 plan=[defend+resolve+scheme] phase=ACTION_MANEUVER turn=cmuhntiwu0001wib0z281rpa8
2026.09.27-04.18.27 S09AUTO scheme
2026.09.27-04.18.27 SNAPSHOT applied seq=52 phase=ACTION_MANEUVER
2026.09.27-04.18.27 MODE seq=52 mode=6 combat=0 pending=1
2026.09.27-04.18.27 SNAPSHOT applied seq=52 phase=ACTION_MANEUVER
2026.09.27-04.18.27 MODE seq=52 mode=6 combat=0 pending=1
2026.09.27-04.18.28 S09AUTO drive mode=6 plan=[defend+resolve+scheme] phase=ACTION_MANEUVER turn=cmuhntiwu0001wib0z281rpa8
2026.09.27-04.18.28 S09AUTO pending-open shot (type=DECK_TOP_PICK stage=0 mode=PICK)
2026.09.27-04.18.28 S09AUTO pending picked (type=DECK_TOP_PICK stage=0)
2026.09.27-04.18.28 PEND-RESOLVE sent type=DECK_TOP_PICK stage=0 id=cmuhgvghx00ogwi9g6yhna6m8-fullText-0-p0
2026.09.27-04.18.28 SNAPSHOT applied seq=53 phase=ACTION_MANEUVER
2026.09.27-04.18.28 MODE seq=53 mode=6 combat=0 pending=1
2026.09.27-04.18.28 PEND resolve done seq=53 (apply) phase=ACTION_MANEUVER
2026.09.27-04.18.28 SNAPSHOT applied seq=53 phase=ACTION_MANEUVER
2026.09.27-04.18.28 MODE seq=53 mode=6 combat=0 pending=1
2026.09.27-04.18.28 S09AUTO pending-open shot (type=DECK_TOP_PICK stage=0 mode=ORDER)
2026.09.27-04.18.28 S09AUTO pending picked (type=DECK_TOP_PICK stage=0)
2026.09.27-04.18.28 PEND-RESOLVE sent type=DECK_TOP_PICK stage=0 id=cmuhgvghx00ogwi9g6yhna6m8-fullText-0-p0-order
2026.09.27-04.18.28 SNAPSHOT applied seq=54 phase=TURN_END
2026.09.27-04.18.28 MODE seq=54 mode=2 combat=0 pending=0
2026.09.27-04.18.28 PEND resolve done seq=54 (apply) phase=TURN_END
2026.09.27-04.18.28 SNAPSHOT applied seq=54 phase=TURN_END
2026.09.27-04.18.28 MODE seq=54 mode=2 combat=0 pending=0
2026.09.27-04.18.28 S09AUTO drive mode=2 plan=[defend+resolve+scheme] phase=TURN_END turn=cmuhntiwu0001wib0z281rpa8
2026.09.27-04.18.28 S09AUTO discard picks=1
2026.09.27-04.18.28 SNAPSHOT applied seq=55 phase=ACTION_MANEUVER
2026.09.27-04.18.28 MODE seq=55 mode=0 combat=0 pending=1
2026.09.27-04.18.28 SNAPSHOT applied seq=55 phase=ACTION_MANEUVER
2026.09.27-04.18.28 MODE seq=55 mode=0 combat=0 pending=1
2026.09.27-04.18.28 SNAPSHOT applied seq=56 phase=ACTION_MANEUVER
2026.09.27-04.18.28 MODE seq=56 mode=0 combat=0 pending=0
2026.09.27-04.18.28 SNAPSHOT applied seq=57 phase=ACTION_MANEUVER
2026.09.27-04.18.28 MODE seq=57 mode=0 combat=0 pending=0
2026.09.27-04.18.28 SNAPSHOT applied seq=58 phase=ACTION_MANEUVER
2026.09.27-04.18.28 MODE seq=58 mode=0 combat=0 pending=0
2026.09.27-04.18.29 S09AUTO drive mode=0 plan=[defend+resolve+scheme] phase=ACTION_MANEUVER turn=cmuhntivg0000wib0anhqyswc
2026.09.27-04.18.29 SNAPSHOT applied seq=59 phase=COMBAT
2026.09.27-04.18.29 MODE seq=59 mode=4 combat=1 pending=0
2026.09.27-04.18.29 S09AUTO drive mode=4 plan=[defend+resolve+scheme] phase=COMBAT turn=cmuhntivg0000wib0anhqyswc
2026.09.27-04.18.29 S09AUTO defense card picked
2026.09.27-04.18.29 DEFENSE sent
2026.09.27-04.18.29 SNAPSHOT applied seq=60 phase=COMBAT_RESOLVE
2026.09.27-04.18.29 MODE seq=60 mode=5 combat=1 pending=0
2026.09.27-04.18.29 SNAPSHOT applied seq=60 phase=COMBAT_RESOLVE
2026.09.27-04.18.29 MODE seq=60 mode=5 combat=1 pending=0
2026.09.27-04.18.29 S09AUTO drive mode=5 plan=[defend+resolve+scheme] phase=COMBAT_RESOLVE turn=cmuhntivg0000wib0anhqyswc
2026.09.27-04.18.29 S09AUTO resolve
2026.09.27-04.18.29 RESOLVE sent
2026.09.27-04.18.30 SNAPSHOT applied seq=61 phase=COMBAT_RESOLVE
2026.09.27-04.18.30 MODE seq=61 mode=5 combat=1 pending=1
2026.09.27-04.18.30 RESOLVE panel revealed: A3+B0 vs D1
2026.09.27-04.18.30 RESOLVE panel blocked by pending (type=BOOST_CHOICE id=cmuhgvgkf00smwi9gaeymh3ur-during-0-boost-60)
2026.09.27-04.18.30 SNAPSHOT applied seq=61 phase=COMBAT_RESOLVE
2026.09.27-04.18.30 MODE seq=61 mode=5 combat=1 pending=1
2026.09.27-04.18.30 S09AUTO resolve-blocked shot (type=BOOST_CHOICE)
2026.09.27-04.18.34 SNAPSHOT applied seq=62 phase=ACTION_MANEUVER
2026.09.27-04.18.34 COMBAT-RESULT seq=62 damage=3 role=defended
2026.09.27-04.18.34 RESOLVE panel revealed: A3+B0 vs D1
2026.09.27-04.18.34 MODE seq=62 mode=0 combat=0 pending=0
2026.09.27-04.18.34 S09AUTO drive mode=0 plan=[defend+resolve+scheme] phase=ACTION_MANEUVER turn=cmuhntiwu0001wib0z281rpa8
2026.09.27-04.18.34 S09AUTO own turn #5 (turnCount=12)
2026.09.27-04.18.34 SNAPSHOT applied seq=63 phase=ACTION_MANEUVER
2026.09.27-04.18.34 MODE seq=63 mode=1 combat=0 pending=0
2026.09.27-04.18.34 SNAPSHOT applied seq=63 phase=ACTION_MANEUVER
2026.09.27-04.18.34 MODE seq=63 mode=1 combat=0 pending=0
2026.09.27-04.18.34 S09AUTO drive mode=1 plan=[defend+resolve+scheme] phase=ACTION_MANEUVER turn=cmuhntiwu0001wib0z281rpa8
2026.09.27-04.18.34 SNAPSHOT applied seq=64 phase=ACTION_MANEUVER
2026.09.27-04.18.34 MODE seq=64 mode=0 combat=0 pending=0
2026.09.27-04.18.34 SNAPSHOT applied seq=64 phase=ACTION_MANEUVER
2026.09.27-04.18.34 MODE seq=64 mode=0 combat=0 pending=0
2026.09.27-04.18.35 S09AUTO drive mode=0 plan=[defend+resolve+scheme] phase=ACTION_MANEUVER turn=cmuhntiwu0001wib0z281rpa8
2026.09.27-04.18.35 SNAPSHOT applied seq=65 phase=ACTION_MANEUVER
2026.09.27-04.18.35 MODE seq=65 mode=1 combat=0 pending=0
2026.09.27-04.18.35 SNAPSHOT applied seq=65 phase=ACTION_MANEUVER
2026.09.27-04.18.35 MODE seq=65 mode=1 combat=0 pending=0
2026.09.27-04.18.35 S09AUTO drive mode=1 plan=[defend+resolve+scheme] phase=ACTION_MANEUVER turn=cmuhntiwu0001wib0z281rpa8
2026.09.27-04.18.35 SNAPSHOT applied seq=66 phase=TURN_END
2026.09.27-04.18.35 MODE seq=66 mode=2 combat=0 pending=0
2026.09.27-04.18.35 SNAPSHOT applied seq=66 phase=TURN_END
2026.09.27-04.18.35 MODE seq=66 mode=2 combat=0 pending=0
2026.09.27-04.18.36 S09AUTO drive mode=2 plan=[defend+resolve+scheme] phase=TURN_END turn=cmuhntiwu0001wib0z281rpa8
2026.09.27-04.18.36 S09AUTO discard picks=1
2026.09.27-04.18.36 SNAPSHOT applied seq=67 phase=ACTION_MANEUVER
2026.09.27-04.18.36 MODE seq=67 mode=0 combat=0 pending=1
2026.09.27-04.18.36 SNAPSHOT applied seq=67 phase=ACTION_MANEUVER
2026.09.27-04.18.36 MODE seq=67 mode=0 combat=0 pending=1
2026.09.27-04.18.36 SNAPSHOT applied seq=68 phase=ACTION_MANEUVER
2026.09.27-04.18.36 MODE seq=68 mode=0 combat=0 pending=0
2026.09.27-04.18.36 SNAPSHOT applied seq=69 phase=ACTION_MANEUVER
2026.09.27-04.18.36 MODE seq=69 mode=0 combat=0 pending=0
2026.09.27-04.18.36 SNAPSHOT applied seq=70 phase=ACTION_MANEUVER
2026.09.27-04.18.36 MODE seq=70 mode=0 combat=0 pending=0
2026.09.27-04.18.37 S09AUTO drive mode=0 plan=[defend+resolve+scheme] phase=ACTION_MANEUVER turn=cmuhntivg0000wib0anhqyswc
2026.09.27-04.18.38 SNAPSHOT applied seq=71 phase=ACTION_MANEUVER
2026.09.27-04.18.38 MODE seq=71 mode=0 combat=0 pending=1
2026.09.27-04.18.39 SNAPSHOT applied seq=72 phase=ACTION_MANEUVER
2026.09.27-04.18.39 MODE seq=72 mode=0 combat=0 pending=0
2026.09.27-04.18.39 S09AUTO own turn #6 (turnCount=14)
2026.09.27-04.18.39 SNAPSHOT applied seq=73 phase=ACTION_MANEUVER
2026.09.27-04.18.39 MODE seq=73 mode=1 combat=0 pending=0
2026.09.27-04.18.39 SNAPSHOT applied seq=73 phase=ACTION_MANEUVER
2026.09.27-04.18.39 MODE seq=73 mode=1 combat=0 pending=0
2026.09.27-04.18.39 S09AUTO drive mode=1 plan=[defend+resolve+scheme] phase=ACTION_MANEUVER turn=cmuhntiwu0001wib0z281rpa8
2026.09.27-04.18.39 SNAPSHOT applied seq=74 phase=ACTION_MANEUVER
2026.09.27-04.18.39 MODE seq=74 mode=0 combat=0 pending=0
2026.09.27-04.18.39 SNAPSHOT applied seq=74 phase=ACTION_MANEUVER
2026.09.27-04.18.39 MODE seq=74 mode=0 combat=0 pending=0
2026.09.27-04.18.40 S09AUTO drive mode=0 plan=[defend+resolve+scheme] phase=ACTION_MANEUVER turn=cmuhntiwu0001wib0z281rpa8
2026.09.27-04.18.40 S09AUTO scheme
2026.09.27-04.18.40 SNAPSHOT applied seq=75 phase=ACTION_MANEUVER
2026.09.27-04.18.40 MODE seq=75 mode=6 combat=0 pending=1
2026.09.27-04.18.40 SNAPSHOT applied seq=75 phase=ACTION_MANEUVER
2026.09.27-04.18.40 MODE seq=75 mode=6 combat=0 pending=1
2026.09.27-04.18.41 S09AUTO drive mode=6 plan=[defend+resolve+scheme] phase=ACTION_MANEUVER turn=cmuhntiwu0001wib0z281rpa8
2026.09.27-04.18.41 S09AUTO pending-open shot (type=MOVE stage=0 mode=)
2026.09.27-04.18.41 S09AUTO pending picked (type=MOVE stage=0)
2026.09.27-04.18.41 PEND-RESOLVE sent type=MOVE stage=0 id=cmuhgvgi100oowi9gxm86n50b-fullText-0-p0
2026.09.27-04.18.41 SNAPSHOT applied seq=76 phase=ACTION_MANEUVER
2026.09.27-04.18.41 MODE seq=76 mode=6 combat=0 pending=1
2026.09.27-04.18.41 PEND resolve done seq=76 (apply) phase=ACTION_MANEUVER
2026.09.27-04.18.41 SNAPSHOT applied seq=76 phase=ACTION_MANEUVER
2026.09.27-04.18.41 MODE seq=76 mode=6 combat=0 pending=1
2026.09.27-04.18.41 S09AUTO pending picked (type=MOVE stage=0)
2026.09.27-04.18.41 PEND-RESOLVE sent type=MOVE stage=0 id=cmuhgvgi100oowi9gxm86n50b-fullText-0-p1
2026.09.27-04.18.41 SNAPSHOT applied seq=77 phase=ACTION_MANEUVER
2026.09.27-04.18.41 MODE seq=77 mode=6 combat=0 pending=1
2026.09.27-04.18.41 PEND resolve done seq=77 (apply) phase=ACTION_MANEUVER
2026.09.27-04.18.41 SNAPSHOT applied seq=77 phase=ACTION_MANEUVER
2026.09.27-04.18.41 MODE seq=77 mode=6 combat=0 pending=1
2026.09.27-04.18.41 S09AUTO pending picked (type=MOVE stage=0)
2026.09.27-04.18.41 PEND-RESOLVE sent type=MOVE stage=0 id=cmuhgvgi100oowi9gxm86n50b-fullText-0-p2
2026.09.27-04.18.42 SNAPSHOT applied seq=78 phase=ACTION_MANEUVER
2026.09.27-04.18.42 MODE seq=78 mode=6 combat=0 pending=1
2026.09.27-04.18.42 PEND resolve done seq=78 (apply) phase=ACTION_MANEUVER
2026.09.27-04.18.42 SNAPSHOT applied seq=78 phase=ACTION_MANEUVER
2026.09.27-04.18.42 MODE seq=78 mode=6 combat=0 pending=1
2026.09.27-04.18.42 S09AUTO pending picked (type=MOVE stage=0)
2026.09.27-04.18.42 PEND-RESOLVE sent type=MOVE stage=0 id=cmuhgvgi100oowi9gxm86n50b-fullText-0-p3
2026.09.27-04.18.42 SNAPSHOT applied seq=79 phase=ACTION_MANEUVER
2026.09.27-04.18.42 MODE seq=79 mode=6 combat=0 pending=1
2026.09.27-04.18.42 SNAPSHOT applied seq=79 phase=ACTION_MANEUVER
2026.09.27-04.18.42 MODE seq=79 mode=6 combat=0 pending=1
2026.09.27-04.18.42 PEND resolve done seq=79 (merge) phase=ACTION_MANEUVER
2026.09.27-04.18.42 S09AUTO pending picked (type=MOVE stage=0)
2026.09.27-04.18.42 PEND-RESOLVE sent type=MOVE stage=0 id=cmuhgvgi100oowi9gxm86n50b-fullText-0-p4
2026.09.27-04.18.42 SNAPSHOT applied seq=80 phase=ACTION_MANEUVER
2026.09.27-04.18.42 MODE seq=80 mode=6 combat=0 pending=1
2026.09.27-04.18.42 PEND resolve done seq=80 (apply) phase=ACTION_MANEUVER
2026.09.27-04.18.42 SNAPSHOT applied seq=80 phase=ACTION_MANEUVER
2026.09.27-04.18.42 MODE seq=80 mode=6 combat=0 pending=1
2026.09.27-04.18.42 S09AUTO pending picked (type=MOVE stage=0)
2026.09.27-04.18.42 PEND-RESOLVE sent type=MOVE stage=0 id=cmuhgvgi100oowi9gxm86n50b-fullText-0-p5
2026.09.27-04.18.42 SNAPSHOT applied seq=81 phase=ACTION_MANEUVER
2026.09.27-04.18.42 MODE seq=81 mode=0 combat=0 pending=1
2026.09.27-04.18.42 PEND resolve done seq=81 (apply) phase=ACTION_MANEUVER
2026.09.27-04.18.42 SNAPSHOT applied seq=81 phase=ACTION_MANEUVER
2026.09.27-04.18.42 MODE seq=81 mode=0 combat=0 pending=1
2026.09.27-04.18.42 S09AUTO drive mode=0 plan=[defend+resolve+scheme] phase=ACTION_MANEUVER turn=cmuhntivg0000wib0anhqyswc
2026.09.27-04.18.42 SNAPSHOT applied seq=82 phase=ACTION_MANEUVER
2026.09.27-04.18.42 MODE seq=82 mode=0 combat=0 pending=0
2026.09.27-04.18.42 SNAPSHOT applied seq=83 phase=ACTION_MANEUVER
2026.09.27-04.18.42 MODE seq=83 mode=0 combat=0 pending=0
2026.09.27-04.18.42 SNAPSHOT applied seq=84 phase=ACTION_MANEUVER
2026.09.27-04.18.42 MODE seq=84 mode=0 combat=0 pending=0
2026.09.27-04.18.43 SNAPSHOT applied seq=85 phase=ACTION_MANEUVER
2026.09.27-04.18.43 MODE seq=85 mode=0 combat=0 pending=0
2026.09.27-04.18.43 SNAPSHOT applied seq=86 phase=ACTION_MANEUVER
2026.09.27-04.18.43 MODE seq=86 mode=0 combat=0 pending=0
2026.09.27-04.18.43 S09AUTO own turn #7 (turnCount=16)
2026.09.27-04.18.43 SNAPSHOT applied seq=87 phase=ACTION_MANEUVER
2026.09.27-04.18.43 MODE seq=87 mode=1 combat=0 pending=0
2026.09.27-04.18.43 SNAPSHOT applied seq=87 phase=ACTION_MANEUVER
2026.09.27-04.18.43 MODE seq=87 mode=1 combat=0 pending=0
2026.09.27-04.18.43 S09AUTO drive mode=1 plan=[defend+resolve+scheme] phase=ACTION_MANEUVER turn=cmuhntiwu0001wib0z281rpa8
2026.09.27-04.18.43 SNAPSHOT applied seq=88 phase=ACTION_MANEUVER
2026.09.27-04.18.43 MODE seq=88 mode=0 combat=0 pending=0
2026.09.27-04.18.43 SNAPSHOT applied seq=88 phase=ACTION_MANEUVER
2026.09.27-04.18.43 MODE seq=88 mode=0 combat=0 pending=0
2026.09.27-04.18.45 S09AUTO drive mode=0 plan=[defend+resolve+scheme] phase=ACTION_MANEUVER turn=cmuhntiwu0001wib0z281rpa8
2026.09.27-04.18.45 SNAPSHOT applied seq=89 phase=ACTION_MANEUVER
2026.09.27-04.18.45 MODE seq=89 mode=1 combat=0 pending=0
2026.09.27-04.18.45 SNAPSHOT applied seq=89 phase=ACTION_MANEUVER
2026.09.27-04.18.45 MODE seq=89 mode=1 combat=0 pending=0
2026.09.27-04.18.45 S09AUTO drive mode=1 plan=[defend+resolve+scheme] phase=ACTION_MANEUVER turn=cmuhntiwu0001wib0z281rpa8
2026.09.27-04.18.45 SNAPSHOT applied seq=90 phase=TURN_END
2026.09.27-04.18.45 MODE seq=90 mode=2 combat=0 pending=0
2026.09.27-04.18.45 SNAPSHOT applied seq=90 phase=TURN_END
2026.09.27-04.18.45 MODE seq=90 mode=2 combat=0 pending=0
2026.09.27-04.18.46 S09AUTO drive mode=2 plan=[defend+resolve+scheme] phase=TURN_END turn=cmuhntiwu0001wib0z281rpa8
2026.09.27-04.18.46 S09AUTO discard picks=2
2026.09.27-04.18.46 SNAPSHOT applied seq=91 phase=ACTION_MANEUVER
2026.09.27-04.18.46 MODE seq=91 mode=0 combat=0 pending=1
2026.09.27-04.18.46 SNAPSHOT applied seq=91 phase=ACTION_MANEUVER
2026.09.27-04.18.46 MODE seq=91 mode=0 combat=0 pending=1
2026.09.27-04.18.46 SNAPSHOT applied seq=92 phase=ACTION_MANEUVER
2026.09.27-04.18.46 MODE seq=92 mode=0 combat=0 pending=0
2026.09.27-04.18.46 SNAPSHOT applied seq=93 phase=COMBAT
2026.09.27-04.18.46 MODE seq=93 mode=4 combat=1 pending=0
2026.09.27-04.18.47 S09AUTO drive mode=4 plan=[defend+resolve+scheme] phase=COMBAT turn=cmuhntivg0000wib0anhqyswc
2026.09.27-04.18.47 S09AUTO defense card picked
2026.09.27-04.18.47 DEFENSE sent
2026.09.27-04.18.47 SNAPSHOT applied seq=94 phase=COMBAT_RESOLVE
2026.09.27-04.18.47 MODE seq=94 mode=5 combat=1 pending=0
2026.09.27-04.18.47 SNAPSHOT applied seq=94 phase=COMBAT_RESOLVE
2026.09.27-04.18.47 MODE seq=94 mode=5 combat=1 pending=0
2026.09.27-04.18.47 S09AUTO drive mode=5 plan=[defend+resolve+scheme] phase=COMBAT_RESOLVE turn=cmuhntivg0000wib0anhqyswc
2026.09.27-04.18.47 S09AUTO resolve
2026.09.27-04.18.47 RESOLVE sent
2026.09.27-04.18.47 SNAPSHOT applied seq=95 phase=ACTION_MANEUVER
2026.09.27-04.18.47 COMBAT-RESULT seq=95 damage=0 role=defended
2026.09.27-04.18.47 MODE seq=95 mode=0 combat=0 pending=0
2026.09.27-04.18.47 SNAPSHOT applied seq=95 phase=ACTION_MANEUVER
2026.09.27-04.18.47 MODE seq=95 mode=0 combat=0 pending=0
2026.09.27-04.18.47 S09AUTO drive mode=0 plan=[defend+resolve+scheme] phase=ACTION_MANEUVER turn=cmuhntivg0000wib0anhqyswc
2026.09.27-04.18.47 SNAPSHOT applied seq=96 phase=COMBAT
2026.09.27-04.18.47 MODE seq=96 mode=4 combat=1 pending=0
2026.09.27-04.18.47 S09AUTO drive mode=4 plan=[defend+resolve+scheme] phase=COMBAT turn=cmuhntivg0000wib0anhqyswc
2026.09.27-04.18.47 S09AUTO defense card picked
2026.09.27-04.18.47 DEFENSE sent
2026.09.27-04.18.47 SNAPSHOT applied seq=97 phase=COMBAT_RESOLVE
2026.09.27-04.18.47 MODE seq=97 mode=5 combat=1 pending=0
2026.09.27-04.18.47 SNAPSHOT applied seq=97 phase=COMBAT_RESOLVE
2026.09.27-04.18.47 MODE seq=97 mode=5 combat=1 pending=0
2026.09.27-04.18.47 S09AUTO drive mode=5 plan=[defend+resolve+scheme] phase=COMBAT_RESOLVE turn=cmuhntivg0000wib0anhqyswc
2026.09.27-04.18.47 S09AUTO resolve
2026.09.27-04.18.47 RESOLVE sent
2026.09.27-04.18.47 SNAPSHOT applied seq=98 phase=ACTION_MANEUVER
2026.09.27-04.18.47 COMBAT-RESULT seq=98 damage=0 role=defended
2026.09.27-04.18.47 MODE seq=98 mode=0 combat=0 pending=0
2026.09.27-04.18.47 SNAPSHOT applied seq=98 phase=ACTION_MANEUVER
2026.09.27-04.18.47 MODE seq=98 mode=0 combat=0 pending=0
2026.09.27-04.18.47 S09AUTO drive mode=0 plan=[defend+resolve+scheme] phase=ACTION_MANEUVER turn=cmuhntiwu0001wib0z281rpa8
2026.09.27-04.18.47 S09AUTO own turn #8 (turnCount=18)
2026.09.27-04.18.47 SNAPSHOT applied seq=99 phase=ACTION_MANEUVER
2026.09.27-04.18.47 MODE seq=99 mode=1 combat=0 pending=0
2026.09.27-04.18.47 SNAPSHOT applied seq=99 phase=ACTION_MANEUVER
2026.09.27-04.18.47 MODE seq=99 mode=1 combat=0 pending=0
2026.09.27-04.18.47 S09AUTO drive mode=1 plan=[defend+resolve+scheme] phase=ACTION_MANEUVER turn=cmuhntiwu0001wib0z281rpa8
2026.09.27-04.18.47 SNAPSHOT applied seq=100 phase=ACTION_MANEUVER
2026.09.27-04.18.47 MODE seq=100 mode=0 combat=0 pending=0
2026.09.27-04.18.47 SNAPSHOT applied seq=100 phase=ACTION_MANEUVER
2026.09.27-04.18.47 MODE seq=100 mode=0 combat=0 pending=0
2026.09.27-04.18.49 S09AUTO drive mode=0 plan=[defend+resolve+scheme] phase=ACTION_MANEUVER turn=cmuhntiwu0001wib0z281rpa8
2026.09.27-04.18.49 SNAPSHOT applied seq=101 phase=ACTION_MANEUVER
2026.09.27-04.18.49 MODE seq=101 mode=1 combat=0 pending=0
2026.09.27-04.18.49 SNAPSHOT applied seq=101 phase=ACTION_MANEUVER
2026.09.27-04.18.49 MODE seq=101 mode=1 combat=0 pending=0
2026.09.27-04.18.49 S09AUTO drive mode=1 plan=[defend+resolve+scheme] phase=ACTION_MANEUVER turn=cmuhntiwu0001wib0z281rpa8
2026.09.27-04.18.49 SNAPSHOT applied seq=102 phase=ACTION_MANEUVER
2026.09.27-04.18.49 MODE seq=102 mode=0 combat=0 pending=1
2026.09.27-04.18.49 SNAPSHOT applied seq=102 phase=ACTION_MANEUVER
2026.09.27-04.18.49 MODE seq=102 mode=0 combat=0 pending=1
2026.09.27-04.18.49 SNAPSHOT applied seq=103 phase=ACTION_MANEUVER
2026.09.27-04.18.49 MODE seq=103 mode=0 combat=0 pending=0
2026.09.27-04.18.49 SNAPSHOT applied seq=104 phase=COMBAT
2026.09.27-04.18.49 MODE seq=104 mode=4 combat=1 pending=0
2026.09.27-04.18.50 S09AUTO drive mode=4 plan=[defend+resolve+scheme] phase=COMBAT turn=cmuhntivg0000wib0anhqyswc
2026.09.27-04.18.50 S09AUTO defense card picked
2026.09.27-04.18.50 DEFENSE sent
2026.09.27-04.18.50 SNAPSHOT applied seq=105 phase=COMBAT_RESOLVE
2026.09.27-04.18.50 MODE seq=105 mode=5 combat=1 pending=0
2026.09.27-04.18.50 SNAPSHOT applied seq=105 phase=COMBAT_RESOLVE
2026.09.27-04.18.50 MODE seq=105 mode=5 combat=1 pending=0
2026.09.27-04.18.50 S09AUTO drive mode=5 plan=[defend+resolve+scheme] phase=COMBAT_RESOLVE turn=cmuhntivg0000wib0anhqyswc
2026.09.27-04.18.50 S09AUTO resolve
2026.09.27-04.18.50 RESOLVE sent
2026.09.27-04.18.50 SNAPSHOT applied seq=106 phase=ACTION_MANEUVER
2026.09.27-04.18.50 COMBAT-RESULT seq=106 damage=0 role=defended
2026.09.27-04.18.50 MODE seq=106 mode=0 combat=0 pending=0
2026.09.27-04.18.50 SNAPSHOT applied seq=106 phase=ACTION_MANEUVER
2026.09.27-04.18.50 MODE seq=106 mode=0 combat=0 pending=0
2026.09.27-04.18.50 S09AUTO drive mode=0 plan=[defend+resolve+scheme] phase=ACTION_MANEUVER turn=cmuhntivg0000wib0anhqyswc
2026.09.27-04.18.50 SNAPSHOT applied seq=107 phase=COMBAT
2026.09.27-04.18.50 MODE seq=107 mode=4 combat=1 pending=0
2026.09.27-04.18.50 S09AUTO drive mode=4 plan=[defend+resolve+scheme] phase=COMBAT turn=cmuhntivg0000wib0anhqyswc
2026.09.27-04.18.50 S09AUTO defense card picked
2026.09.27-04.18.50 DEFENSE sent
2026.09.27-04.18.50 SNAPSHOT applied seq=108 phase=COMBAT_RESOLVE
2026.09.27-04.18.50 MODE seq=108 mode=5 combat=1 pending=0
2026.09.27-04.18.50 SNAPSHOT applied seq=108 phase=COMBAT_RESOLVE
2026.09.27-04.18.50 MODE seq=108 mode=5 combat=1 pending=0
2026.09.27-04.18.50 S09AUTO drive mode=5 plan=[defend+resolve+scheme] phase=COMBAT_RESOLVE turn=cmuhntivg0000wib0anhqyswc
2026.09.27-04.18.50 S09AUTO resolve
2026.09.27-04.18.50 RESOLVE sent
2026.09.27-04.18.50 SNAPSHOT applied seq=109 phase=ACTION_MANEUVER
2026.09.27-04.18.50 COMBAT-RESULT seq=109 damage=0 role=defended
2026.09.27-04.18.50 MODE seq=109 mode=0 combat=0 pending=0
2026.09.27-04.18.50 SNAPSHOT applied seq=109 phase=ACTION_MANEUVER
2026.09.27-04.18.50 MODE seq=109 mode=0 combat=0 pending=0
2026.09.27-04.18.50 S09AUTO drive mode=0 plan=[defend+resolve+scheme] phase=ACTION_MANEUVER turn=cmuhntiwu0001wib0z281rpa8
2026.09.27-04.18.50 S09AUTO own turn #9 (turnCount=20)
2026.09.27-04.18.50 SNAPSHOT applied seq=110 phase=ACTION_MANEUVER
2026.09.27-04.18.50 MODE seq=110 mode=1 combat=0 pending=0
2026.09.27-04.18.50 SNAPSHOT applied seq=110 phase=ACTION_MANEUVER
2026.09.27-04.18.50 MODE seq=110 mode=1 combat=0 pending=0
2026.09.27-04.18.50 S09AUTO drive mode=1 plan=[defend+resolve+scheme] phase=ACTION_MANEUVER turn=cmuhntiwu0001wib0z281rpa8
2026.09.27-04.18.50 SNAPSHOT applied seq=111 phase=ACTION_MANEUVER
2026.09.27-04.18.50 MODE seq=111 mode=0 combat=0 pending=0
2026.09.27-04.18.50 SNAPSHOT applied seq=111 phase=ACTION_MANEUVER
2026.09.27-04.18.50 MODE seq=111 mode=0 combat=0 pending=0
2026.09.27-04.18.51 S09AUTO drive mode=0 plan=[defend+resolve+scheme] phase=ACTION_MANEUVER turn=cmuhntiwu0001wib0z281rpa8
2026.09.27-04.18.51 SNAPSHOT applied seq=112 phase=ACTION_MANEUVER
2026.09.27-04.18.51 MODE seq=112 mode=1 combat=0 pending=0
2026.09.27-04.18.51 SNAPSHOT applied seq=112 phase=ACTION_MANEUVER
2026.09.27-04.18.51 MODE seq=112 mode=1 combat=0 pending=0
2026.09.27-04.18.51 S09AUTO drive mode=1 plan=[defend+resolve+scheme] phase=ACTION_MANEUVER turn=cmuhntiwu0001wib0z281rpa8
2026.09.27-04.18.52 SNAPSHOT applied seq=113 phase=ACTION_MANEUVER
2026.09.27-04.18.52 MODE seq=113 mode=0 combat=0 pending=1
2026.09.27-04.18.52 SNAPSHOT applied seq=113 phase=ACTION_MANEUVER
2026.09.27-04.18.52 MODE seq=113 mode=0 combat=0 pending=1
2026.09.27-04.18.52 SNAPSHOT applied seq=114 phase=ACTION_MANEUVER
2026.09.27-04.18.52 MODE seq=114 mode=0 combat=0 pending=0
2026.09.27-04.18.52 SNAPSHOT applied seq=115 phase=COMBAT
2026.09.27-04.18.52 MODE seq=115 mode=4 combat=1 pending=0
2026.09.27-04.18.53 S09AUTO drive mode=4 plan=[defend+resolve+scheme] phase=COMBAT turn=cmuhntivg0000wib0anhqyswc
2026.09.27-04.18.53 S09AUTO defense card picked
2026.09.27-04.18.53 DEFENSE sent
2026.09.27-04.18.53 SNAPSHOT applied seq=116 phase=COMBAT_RESOLVE
2026.09.27-04.18.53 MODE seq=116 mode=5 combat=1 pending=0
2026.09.27-04.18.53 SNAPSHOT applied seq=116 phase=COMBAT_RESOLVE
2026.09.27-04.18.53 MODE seq=116 mode=5 combat=1 pending=0
2026.09.27-04.18.53 S09AUTO drive mode=5 plan=[defend+resolve+scheme] phase=COMBAT_RESOLVE turn=cmuhntivg0000wib0anhqyswc
2026.09.27-04.18.53 S09AUTO resolve
2026.09.27-04.18.53 RESOLVE sent
2026.09.27-04.18.53 SNAPSHOT applied seq=117 phase=ACTION_MANEUVER
2026.09.27-04.18.53 COMBAT-RESULT seq=117 damage=0 role=defended
2026.09.27-04.18.53 MODE seq=117 mode=0 combat=0 pending=0
2026.09.27-04.18.53 SNAPSHOT applied seq=117 phase=ACTION_MANEUVER
2026.09.27-04.18.53 MODE seq=117 mode=0 combat=0 pending=0
2026.09.27-04.18.53 S09AUTO drive mode=0 plan=[defend+resolve+scheme] phase=ACTION_MANEUVER turn=cmuhntivg0000wib0anhqyswc
2026.09.27-04.18.53 SNAPSHOT applied seq=118 phase=ACTION_MANEUVER
2026.09.27-04.18.53 MODE seq=118 mode=0 combat=0 pending=0
2026.09.27-04.18.53 SNAPSHOT applied seq=119 phase=ACTION_MANEUVER
2026.09.27-04.18.53 MODE seq=119 mode=0 combat=0 pending=0
2026.09.27-04.18.53 S09AUTO own turn #10 (turnCount=22)
2026.09.27-04.18.53 SNAPSHOT applied seq=120 phase=ACTION_MANEUVER
2026.09.27-04.18.53 MODE seq=120 mode=1 combat=0 pending=0
2026.09.27-04.18.53 SNAPSHOT applied seq=120 phase=ACTION_MANEUVER
2026.09.27-04.18.53 MODE seq=120 mode=1 combat=0 pending=0
2026.09.27-04.18.53 S09AUTO drive mode=1 plan=[defend+resolve+scheme] phase=ACTION_MANEUVER turn=cmuhntiwu0001wib0z281rpa8
2026.09.27-04.18.53 SNAPSHOT applied seq=121 phase=ACTION_MANEUVER
2026.09.27-04.18.53 MODE seq=121 mode=0 combat=0 pending=0
2026.09.27-04.18.53 SNAPSHOT applied seq=121 phase=ACTION_MANEUVER
2026.09.27-04.18.53 MODE seq=121 mode=0 combat=0 pending=0
2026.09.27-04.18.54 S09AUTO drive mode=0 plan=[defend+resolve+scheme] phase=ACTION_MANEUVER turn=cmuhntiwu0001wib0z281rpa8
2026.09.27-04.18.54 SNAPSHOT applied seq=122 phase=ACTION_MANEUVER
2026.09.27-04.18.54 MODE seq=122 mode=1 combat=0 pending=0
2026.09.27-04.18.54 SNAPSHOT applied seq=122 phase=ACTION_MANEUVER
2026.09.27-04.18.54 MODE seq=122 mode=1 combat=0 pending=0
2026.09.27-04.18.54 S09AUTO drive mode=1 plan=[defend+resolve+scheme] phase=ACTION_MANEUVER turn=cmuhntiwu0001wib0z281rpa8
2026.09.27-04.18.54 SNAPSHOT applied seq=123 phase=TURN_END
2026.09.27-04.18.54 MODE seq=123 mode=2 combat=0 pending=0
2026.09.27-04.18.54 SNAPSHOT applied seq=123 phase=TURN_END
2026.09.27-04.18.54 MODE seq=123 mode=2 combat=0 pending=0
2026.09.27-04.18.55 S09AUTO drive mode=2 plan=[defend+resolve+scheme] phase=TURN_END turn=cmuhntiwu0001wib0z281rpa8
2026.09.27-04.18.55 S09AUTO discard picks=1
2026.09.27-04.18.55 SNAPSHOT applied seq=124 phase=ACTION_MANEUVER
2026.09.27-04.18.55 MODE seq=124 mode=0 combat=0 pending=1
2026.09.27-04.18.55 SNAPSHOT applied seq=124 phase=ACTION_MANEUVER
2026.09.27-04.18.55 MODE seq=124 mode=0 combat=0 pending=1
2026.09.27-04.18.56 SNAPSHOT applied seq=125 phase=ACTION_MANEUVER
2026.09.27-04.18.56 MODE seq=125 mode=0 combat=0 pending=0
2026.09.27-04.18.56 SNAPSHOT applied seq=126 phase=COMBAT
2026.09.27-04.18.56 MODE seq=126 mode=4 combat=1 pending=0
2026.09.27-04.18.57 S09AUTO drive mode=4 plan=[defend+resolve+scheme] phase=COMBAT turn=cmuhntivg0000wib0anhqyswc
2026.09.27-04.18.57 S09AUTO defense card picked
2026.09.27-04.18.57 DEFENSE sent
2026.09.27-04.18.57 SNAPSHOT applied seq=127 phase=COMBAT_RESOLVE
2026.09.27-04.18.57 MODE seq=127 mode=5 combat=1 pending=0
2026.09.27-04.18.57 SNAPSHOT applied seq=127 phase=COMBAT_RESOLVE
2026.09.27-04.18.57 MODE seq=127 mode=5 combat=1 pending=0
2026.09.27-04.18.57 S09AUTO drive mode=5 plan=[defend+resolve+scheme] phase=COMBAT_RESOLVE turn=cmuhntivg0000wib0anhqyswc
2026.09.27-04.18.57 S09AUTO resolve
2026.09.27-04.18.57 RESOLVE sent
2026.09.27-04.18.57 SNAPSHOT applied seq=128 phase=COMBAT_RESOLVE
2026.09.27-04.18.57 MODE seq=128 mode=5 combat=1 pending=1
2026.09.27-04.18.57 RESOLVE panel revealed: A3+B0 vs D4
2026.09.27-04.18.57 RESOLVE panel blocked by pending (type=BOOST_CHOICE id=cmuhgvgkf00smwi9gaeymh3ur-during-0-boost-127)
2026.09.27-04.18.57 SNAPSHOT applied seq=128 phase=COMBAT_RESOLVE
2026.09.27-04.18.57 MODE seq=128 mode=5 combat=1 pending=1
2026.09.27-04.18.57 S09AUTO resolve-blocked shot (type=BOOST_CHOICE)
2026.09.27-04.19.01 SNAPSHOT applied seq=129 phase=ACTION_MANEUVER
2026.09.27-04.19.01 COMBAT-RESULT seq=129 damage=1 role=defended
2026.09.27-04.19.01 RESOLVE panel revealed: A3+B0 vs D4
2026.09.27-04.19.01 MODE seq=129 mode=0 combat=0 pending=0
2026.09.27-04.19.01 S09AUTO drive mode=0 plan=[defend+resolve+scheme] phase=ACTION_MANEUVER turn=cmuhntivg0000wib0anhqyswc
2026.09.27-04.19.01 SNAPSHOT applied seq=130 phase=ACTION_MANEUVER
2026.09.27-04.19.01 MODE seq=130 mode=0 combat=0 pending=0
2026.09.27-04.19.01 SNAPSHOT applied seq=131 phase=ACTION_MANEUVER
2026.09.27-04.19.01 MODE seq=131 mode=0 combat=0 pending=0
2026.09.27-04.19.01 S09AUTO own turn #11 (turnCount=24)
2026.09.27-04.19.01 SNAPSHOT applied seq=132 phase=ACTION_MANEUVER
2026.09.27-04.19.01 MODE seq=132 mode=1 combat=0 pending=0
2026.09.27-04.19.01 SNAPSHOT applied seq=132 phase=ACTION_MANEUVER
2026.09.27-04.19.01 MODE seq=132 mode=1 combat=0 pending=0
2026.09.27-04.19.01 S09AUTO drive mode=1 plan=[defend+resolve+scheme] phase=ACTION_MANEUVER turn=cmuhntiwu0001wib0z281rpa8
2026.09.27-04.19.01 SNAPSHOT applied seq=133 phase=ACTION_MANEUVER
2026.09.27-04.19.01 MODE seq=133 mode=0 combat=0 pending=0
2026.09.27-04.19.01 SNAPSHOT applied seq=133 phase=ACTION_MANEUVER
2026.09.27-04.19.01 MODE seq=133 mode=0 combat=0 pending=0
2026.09.27-04.19.02 S09AUTO drive mode=0 plan=[defend+resolve+scheme] phase=ACTION_MANEUVER turn=cmuhntiwu0001wib0z281rpa8
2026.09.27-04.19.02 S09AUTO scheme
2026.09.27-04.19.02 SNAPSHOT applied seq=134 phase=ACTION_MANEUVER
2026.09.27-04.19.02 MODE seq=134 mode=6 combat=0 pending=1
2026.09.27-04.19.02 SNAPSHOT applied seq=134 phase=ACTION_MANEUVER
2026.09.27-04.19.02 MODE seq=134 mode=6 combat=0 pending=1
2026.09.27-04.19.03 S09AUTO drive mode=6 plan=[defend+resolve+scheme] phase=ACTION_MANEUVER turn=cmuhntiwu0001wib0z281rpa8
2026.09.27-04.19.03 S09AUTO pending picked (type=MOVE stage=0)
2026.09.27-04.19.03 PEND-RESOLVE sent type=MOVE stage=0 id=cmuhgvgi100oowi9gxm86n50b-fullText-0-p0
2026.09.27-04.19.03 SNAPSHOT applied seq=135 phase=ACTION_MANEUVER
2026.09.27-04.19.03 MODE seq=135 mode=6 combat=0 pending=1
2026.09.27-04.19.03 PEND resolve done seq=135 (apply) phase=ACTION_MANEUVER
2026.09.27-04.19.03 SNAPSHOT applied seq=135 phase=ACTION_MANEUVER
2026.09.27-04.19.03 MODE seq=135 mode=6 combat=0 pending=1
2026.09.27-04.19.03 S09AUTO pending picked (type=MOVE stage=0)
2026.09.27-04.19.03 PEND-RESOLVE sent type=MOVE stage=0 id=cmuhgvgi100oowi9gxm86n50b-fullText-0-p1
2026.09.27-04.19.04 SNAPSHOT applied seq=136 phase=ACTION_MANEUVER
2026.09.27-04.19.04 MODE seq=136 mode=6 combat=0 pending=1
2026.09.27-04.19.04 PEND resolve done seq=136 (apply) phase=ACTION_MANEUVER
2026.09.27-04.19.04 SNAPSHOT applied seq=136 phase=ACTION_MANEUVER
2026.09.27-04.19.04 MODE seq=136 mode=6 combat=0 pending=1
2026.09.27-04.19.04 S09AUTO pending picked (type=MOVE stage=0)
2026.09.27-04.19.04 PEND-RESOLVE sent type=MOVE stage=0 id=cmuhgvgi100oowi9gxm86n50b-fullText-0-p2
2026.09.27-04.19.04 SNAPSHOT applied seq=137 phase=ACTION_MANEUVER
2026.09.27-04.19.04 MODE seq=137 mode=6 combat=0 pending=1
2026.09.27-04.19.04 PEND resolve done seq=137 (apply) phase=ACTION_MANEUVER
2026.09.27-04.19.04 SNAPSHOT applied seq=137 phase=ACTION_MANEUVER
2026.09.27-04.19.04 MODE seq=137 mode=6 combat=0 pending=1
2026.09.27-04.19.04 S09AUTO pending picked (type=MOVE stage=0)
2026.09.27-04.19.04 PEND-RESOLVE sent type=MOVE stage=0 id=cmuhgvgi100oowi9gxm86n50b-fullText-0-p3
2026.09.27-04.19.04 SNAPSHOT applied seq=138 phase=ACTION_MANEUVER
2026.09.27-04.19.04 MODE seq=138 mode=6 combat=0 pending=1
2026.09.27-04.19.04 PEND resolve done seq=138 (apply) phase=ACTION_MANEUVER
2026.09.27-04.19.04 SNAPSHOT applied seq=138 phase=ACTION_MANEUVER
2026.09.27-04.19.04 MODE seq=138 mode=6 combat=0 pending=1
2026.09.27-04.19.04 S09AUTO pending picked (type=MOVE stage=0)
2026.09.27-04.19.04 PEND-RESOLVE sent type=MOVE stage=0 id=cmuhgvgi100oowi9gxm86n50b-fullText-0-p4
2026.09.27-04.19.04 SNAPSHOT applied seq=139 phase=ACTION_MANEUVER
2026.09.27-04.19.04 MODE seq=139 mode=6 combat=0 pending=1
2026.09.27-04.19.04 PEND resolve done seq=139 (apply) phase=ACTION_MANEUVER
2026.09.27-04.19.04 SNAPSHOT applied seq=139 phase=ACTION_MANEUVER
2026.09.27-04.19.04 MODE seq=139 mode=6 combat=0 pending=1
2026.09.27-04.19.04 S09AUTO pending picked (type=MOVE stage=0)
2026.09.27-04.19.04 PEND-RESOLVE sent type=MOVE stage=0 id=cmuhgvgi100oowi9gxm86n50b-fullText-0-p5
2026.09.27-04.19.04 SNAPSHOT applied seq=140 phase=ACTION_MANEUVER
2026.09.27-04.19.04 MODE seq=140 mode=0 combat=0 pending=1
2026.09.27-04.19.04 PEND resolve done seq=140 (apply) phase=ACTION_MANEUVER
2026.09.27-04.19.04 SNAPSHOT applied seq=140 phase=ACTION_MANEUVER
2026.09.27-04.19.04 MODE seq=140 mode=0 combat=0 pending=1
2026.09.27-04.19.04 S09AUTO drive mode=0 plan=[defend+resolve+scheme] phase=ACTION_MANEUVER turn=cmuhntivg0000wib0anhqyswc
2026.09.27-04.19.04 SNAPSHOT applied seq=141 phase=ACTION_MANEUVER
2026.09.27-04.19.04 MODE seq=141 mode=0 combat=0 pending=0
2026.09.27-04.19.04 SNAPSHOT applied seq=142 phase=ACTION_MANEUVER
2026.09.27-04.19.04 MODE seq=142 mode=0 combat=0 pending=0
2026.09.27-04.19.04 SNAPSHOT applied seq=143 phase=ACTION_MANEUVER
2026.09.27-04.19.04 MODE seq=143 mode=0 combat=0 pending=0
2026.09.27-04.19.05 SNAPSHOT applied seq=144 phase=ACTION_MANEUVER
2026.09.27-04.19.05 MODE seq=144 mode=0 combat=0 pending=0
2026.09.27-04.19.05 SNAPSHOT applied seq=145 phase=ACTION_MANEUVER
2026.09.27-04.19.05 MODE seq=145 mode=0 combat=0 pending=0
2026.09.27-04.19.05 S09AUTO own turn #12 (turnCount=26)
2026.09.27-04.19.05 SNAPSHOT applied seq=146 phase=ACTION_MANEUVER
2026.09.27-04.19.05 MODE seq=146 mode=1 combat=0 pending=0
2026.09.27-04.19.05 SNAPSHOT applied seq=146 phase=ACTION_MANEUVER
2026.09.27-04.19.05 MODE seq=146 mode=1 combat=0 pending=0
2026.09.27-04.19.05 S09AUTO drive mode=1 plan=[defend+resolve+scheme] phase=ACTION_MANEUVER turn=cmuhntiwu0001wib0z281rpa8
2026.09.27-04.19.05 SNAPSHOT applied seq=147 phase=ACTION_MANEUVER
2026.09.27-04.19.05 MODE seq=147 mode=0 combat=0 pending=0
2026.09.27-04.19.05 SNAPSHOT applied seq=147 phase=ACTION_MANEUVER
2026.09.27-04.19.05 MODE seq=147 mode=0 combat=0 pending=0
2026.09.27-04.19.07 S09AUTO drive mode=0 plan=[defend+resolve+scheme] phase=ACTION_MANEUVER turn=cmuhntiwu0001wib0z281rpa8
2026.09.27-04.19.07 SNAPSHOT applied seq=148 phase=ACTION_MANEUVER
2026.09.27-04.19.07 MODE seq=148 mode=1 combat=0 pending=0
2026.09.27-04.19.07 SNAPSHOT applied seq=148 phase=ACTION_MANEUVER
2026.09.27-04.19.07 MODE seq=148 mode=1 combat=0 pending=0
2026.09.27-04.19.07 S09AUTO drive mode=1 plan=[defend+resolve+scheme] phase=ACTION_MANEUVER turn=cmuhntiwu0001wib0z281rpa8
2026.09.27-04.19.07 SNAPSHOT applied seq=149 phase=TURN_END
2026.09.27-04.19.07 MODE seq=149 mode=2 combat=0 pending=0
2026.09.27-04.19.07 SNAPSHOT applied seq=149 phase=TURN_END
2026.09.27-04.19.07 MODE seq=149 mode=2 combat=0 pending=0
2026.09.27-04.19.08 S09AUTO drive mode=2 plan=[defend+resolve+scheme] phase=TURN_END turn=cmuhntiwu0001wib0z281rpa8
2026.09.27-04.19.08 S09AUTO discard picks=1
2026.09.27-04.19.08 SNAPSHOT applied seq=150 phase=ACTION_MANEUVER
2026.09.27-04.19.08 MODE seq=150 mode=0 combat=0 pending=1
2026.09.27-04.19.08 SNAPSHOT applied seq=150 phase=ACTION_MANEUVER
2026.09.27-04.19.08 MODE seq=150 mode=0 combat=0 pending=1
2026.09.27-04.19.08 SNAPSHOT applied seq=151 phase=ACTION_MANEUVER
2026.09.27-04.19.08 MODE seq=151 mode=0 combat=0 pending=0
2026.09.27-04.19.08 SNAPSHOT applied seq=152 phase=COMBAT
2026.09.27-04.19.08 MODE seq=152 mode=4 combat=1 pending=0
2026.09.27-04.19.09 S09AUTO drive mode=4 plan=[defend+resolve+scheme] phase=COMBAT turn=cmuhntivg0000wib0anhqyswc
2026.09.27-04.19.09 S09AUTO defense card picked
2026.09.27-04.19.09 DEFENSE sent
2026.09.27-04.19.09 SNAPSHOT applied seq=153 phase=COMBAT_RESOLVE
2026.09.27-04.19.09 MODE seq=153 mode=5 combat=1 pending=0
2026.09.27-04.19.09 SNAPSHOT applied seq=153 phase=COMBAT_RESOLVE
2026.09.27-04.19.09 MODE seq=153 mode=5 combat=1 pending=0
2026.09.27-04.19.09 S09AUTO drive mode=5 plan=[defend+resolve+scheme] phase=COMBAT_RESOLVE turn=cmuhntivg0000wib0anhqyswc
2026.09.27-04.19.09 S09AUTO resolve
2026.09.27-04.19.09 RESOLVE sent
2026.09.27-04.19.09 SNAPSHOT applied seq=154 phase=ACTION_MANEUVER
2026.09.27-04.19.09 COMBAT-RESULT seq=154 damage=0 role=defended
2026.09.27-04.19.09 MODE seq=154 mode=0 combat=0 pending=0
2026.09.27-04.19.09 SNAPSHOT applied seq=154 phase=ACTION_MANEUVER
2026.09.27-04.19.09 MODE seq=154 mode=0 combat=0 pending=0
2026.09.27-04.19.09 S09AUTO drive mode=0 plan=[defend+resolve+scheme] phase=ACTION_MANEUVER turn=cmuhntivg0000wib0anhqyswc
2026.09.27-04.19.09 SNAPSHOT applied seq=155 phase=ACTION_MANEUVER
2026.09.27-04.19.09 MODE seq=155 mode=0 combat=0 pending=0
2026.09.27-04.19.09 SNAPSHOT applied seq=156 phase=ACTION_MANEUVER
2026.09.27-04.19.09 MODE seq=156 mode=0 combat=0 pending=0
2026.09.27-04.19.09 S09AUTO own turn #13 (turnCount=28)
2026.09.27-04.19.09 SNAPSHOT applied seq=157 phase=ACTION_MANEUVER
2026.09.27-04.19.09 MODE seq=157 mode=1 combat=0 pending=0
2026.09.27-04.19.09 SNAPSHOT applied seq=157 phase=ACTION_MANEUVER
2026.09.27-04.19.09 MODE seq=157 mode=1 combat=0 pending=0
2026.09.27-04.19.09 S09AUTO drive mode=1 plan=[defend+resolve+scheme] phase=ACTION_MANEUVER turn=cmuhntiwu0001wib0z281rpa8
2026.09.27-04.19.09 SNAPSHOT applied seq=158 phase=ACTION_MANEUVER
2026.09.27-04.19.09 MODE seq=158 mode=0 combat=0 pending=0
2026.09.27-04.19.09 SNAPSHOT applied seq=158 phase=ACTION_MANEUVER
2026.09.27-04.19.09 MODE seq=158 mode=0 combat=0 pending=0
2026.09.27-04.19.11 S09AUTO drive mode=0 plan=[defend+resolve+scheme] phase=ACTION_MANEUVER turn=cmuhntiwu0001wib0z281rpa8
2026.09.27-04.19.11 SNAPSHOT applied seq=159 phase=ACTION_MANEUVER
2026.09.27-04.19.11 MODE seq=159 mode=1 combat=0 pending=0
2026.09.27-04.19.11 SNAPSHOT applied seq=159 phase=ACTION_MANEUVER
2026.09.27-04.19.11 MODE seq=159 mode=1 combat=0 pending=0
2026.09.27-04.19.11 S09AUTO drive mode=1 plan=[defend+resolve+scheme] phase=ACTION_MANEUVER turn=cmuhntiwu0001wib0z281rpa8
2026.09.27-04.19.11 SNAPSHOT applied seq=160 phase=ACTION_MANEUVER
2026.09.27-04.19.11 MODE seq=160 mode=0 combat=0 pending=1
2026.09.27-04.19.11 SNAPSHOT applied seq=160 phase=ACTION_MANEUVER
2026.09.27-04.19.11 MODE seq=160 mode=0 combat=0 pending=1
2026.09.27-04.19.11 SNAPSHOT applied seq=161 phase=ACTION_MANEUVER
2026.09.27-04.19.11 MODE seq=161 mode=0 combat=0 pending=0
2026.09.27-04.19.11 SNAPSHOT applied seq=162 phase=COMBAT
2026.09.27-04.19.11 MODE seq=162 mode=4 combat=1 pending=0
2026.09.27-04.19.12 S09AUTO drive mode=4 plan=[defend+resolve+scheme] phase=COMBAT turn=cmuhntivg0000wib0anhqyswc
2026.09.27-04.19.12 S09AUTO defense card picked
2026.09.27-04.19.12 DEFENSE sent
2026.09.27-04.19.12 SNAPSHOT applied seq=163 phase=COMBAT_RESOLVE
2026.09.27-04.19.12 MODE seq=163 mode=5 combat=1 pending=0
2026.09.27-04.19.12 SNAPSHOT applied seq=163 phase=COMBAT_RESOLVE
2026.09.27-04.19.12 MODE seq=163 mode=5 combat=1 pending=0
2026.09.27-04.19.12 S09AUTO drive mode=5 plan=[defend+resolve+scheme] phase=COMBAT_RESOLVE turn=cmuhntivg0000wib0anhqyswc
2026.09.27-04.19.12 S09AUTO resolve
2026.09.27-04.19.12 RESOLVE sent
2026.09.27-04.19.12 SNAPSHOT applied seq=164 phase=ACTION_MANEUVER
2026.09.27-04.19.12 COMBAT-RESULT seq=164 damage=0 role=defended
2026.09.27-04.19.12 MODE seq=164 mode=0 combat=0 pending=0
2026.09.27-04.19.12 SNAPSHOT applied seq=164 phase=ACTION_MANEUVER
2026.09.27-04.19.12 MODE seq=164 mode=0 combat=0 pending=0
2026.09.27-04.19.12 S09AUTO drive mode=0 plan=[defend+resolve+scheme] phase=ACTION_MANEUVER turn=cmuhntivg0000wib0anhqyswc
2026.09.27-04.19.12 SNAPSHOT applied seq=165 phase=ACTION_MANEUVER
2026.09.27-04.19.12 MODE seq=165 mode=0 combat=0 pending=0
2026.09.27-04.19.12 SNAPSHOT applied seq=166 phase=ACTION_MANEUVER
2026.09.27-04.19.12 MODE seq=166 mode=0 combat=0 pending=0
2026.09.27-04.19.12 S09AUTO own turn #14 (turnCount=30)
2026.09.27-04.19.12 SNAPSHOT applied seq=167 phase=GAME_OVER
2026.09.27-04.19.12 MODE seq=167 mode=0 combat=0 pending=0
2026.09.27-04.19.12 RESULT seq=167 outcome=DEFEAT winner=Medusa
2026.09.27-04.19.12 SNAPSHOT applied seq=167 phase=GAME_OVER
2026.09.27-04.19.12 MODE seq=167 mode=0 combat=0 pending=0
2026.09.27-04.19.14 S09AUTO result-screen shot
2026.09.27-04.19.14 RESULT lobby-return sent (leaveGame)
2026.09.27-04.19.14 LEFT room=cmujb5ech0073wi2g5er1gpul
2026.09.27-04.19.14 RESULT lobby arrival - gameplay HUD cleared
2026.09.27-04.19.18 S09AUTO lobby-return shot
2026.09.27-04.19.18 S09AUTO duel flow complete (GAME_OVER -> result shown -> lobby return) - exiting
