2026.09.30-16.22.39 --- S08 trace open 2026.09.30-16.22.39 ---
2026.09.30-16.22.39 HUD team chips ready=1 mode=absolute tagNames=rule
2026.09.30-16.22.39 HUD icon texture size=32 ready=1 path=/Game/ArtTests/ARTMarkers/Textures/T_UI_Action_AttackToken_32 texture=32x32 probe=0 plate=1
2026.09.30-16.22.39 HUD art widget tag impl=umg source=/Game/S08/UI/ArtHud/WBP_S08ArtTag class=/Game/S08/UI/ArtHud/WBP_S08ArtTag.WBP_S08ArtTag_C count=8 missing=- codeDefaultTree=0
2026.09.30-16.22.39 HUD art widget plate impl=umg source=/Game/S08/UI/ArtHud/WBP_S08ArtPlate class=/Game/S08/UI/ArtHud/WBP_S08ArtPlate.WBP_S08ArtPlate_C parts=1 missing=- codeDefaultTree=0
2026.09.30-16.22.39 HUD art widget icon impl=umg source=/Game/S08/UI/ArtHud/WBP_S08ArtIcon class=/Game/S08/UI/ArtHud/WBP_S08ArtIcon.WBP_S08ArtIcon_C parts=1 missing=- codeDefaultTree=0
2026.09.30-16.22.39 HUD art widget damage impl=umg source=/Game/S08/UI/ArtHud/WBP_S08ArtDamage class=/Game/S08/UI/ArtHud/WBP_S08ArtDamage.WBP_S08ArtDamage_C parts=1 missing=- codeDefaultTree=0
2026.09.30-16.22.39 RENDER preset applied=High flag=S08RenderPreset
2026.09.30-16.22.39 LOGIN ok user=art-preview-host
2026.09.30-16.22.42 HEROES loaded 84
2026.09.30-16.22.42 createGame -> room=cmuobd93j0145wirc6jvnotay code=<redacted> status=LOBBY
2026.09.30-16.22.44 PERF config tMaxFPS=30.0 frameRateLimit=60.0 vsync=0 smoothFrameRate=0 fixedFrameRate=0 rhi=D3D12
2026.09.30-16.22.44 RENDER tag=PERF rhi=D3D12 featureLevel=SM6 shaderPlatform=PCD3D_SM6 lumenPlatform=1 gi=lumen giMethod=1 refl=lumen reflMethod=1 shadows=csm vsmEnable=0 sg.res=100 sg.view=2 sg.aa=2 sg.shadow=2 sg.gi=2 sg.refl=2 sg.pp=2 sg.tex=2 sg.fx=2 sg.foliage=2 sg.shading=2 sg.landscape=2 preset=High screenPct=100.0 screenPctMode=0 aa=TSR aaMethod=4 exposure=engine-default expMin=1.00000 expMax=1.00000 expBias=1.000 ev100=0.00 lightUnits=- sky=0 skyIntensity=0.000 keyShadow=- shadowCasters=0 profile=- profilesSha256=- profilesSource=- legacyRender=0 gameLayer=unlit-eyeadaptinv tMaxFPS=30.0 vsync=0 frameRateLimit=60.0 substrate=0 nanite=1 meshDF=1 viewport=1920x1080 reference=0 notReference=noArtProfile,exposure,lightUnits,profilesSource
2026.09.30-16.22.44 PERF window t=0.0-5.0 frames=151 fps=29.95 frameMs avg=33.39 p50=33.33 p95=33.34 p99=34.56 max=39.35 hitches50=0 gpuMs avg=1.37 p50=1.35 p95=3.30 gameMs avg=1.62 p95=2.14 renderMs avg=2849.17 p95=4.45
2026.09.30-16.22.45 game -> room=cmuobd93j0145wirc6jvnotay code=<redacted> status=LOBBY
2026.09.30-16.22.45 selectHero -> room=cmuobd93j0145wirc6jvnotay code=<redacted> status=LOBBY
2026.09.30-16.22.48 game -> room=cmuobd93j0145wirc6jvnotay code=<redacted> status=LOBBY
2026.09.30-16.22.48 toggleReady -> room=cmuobd93j0145wirc6jvnotay code=<redacted> status=LOBBY
2026.09.30-16.22.49 PERF window t=5.0-10.0 frames=150 fps=30.00 frameMs avg=33.33 p50=33.33 p95=33.33 p99=33.36 max=33.43 hitches50=0 gpuMs avg=1.33 p50=1.35 p95=1.42 gameMs avg=1.60 p95=2.08 renderMs avg=2.85 p95=4.74
2026.09.30-16.22.51 game -> room=cmuobd93j0145wirc6jvnotay code=<redacted> status=LOBBY
2026.09.30-16.22.54 PERF window t=10.0-15.0 frames=150 fps=30.00 frameMs avg=33.33 p50=33.33 p95=33.33 p99=33.35 max=33.44 hitches50=0 gpuMs avg=1.38 p50=1.38 p95=1.47 gameMs avg=1.47 p95=1.81 renderMs avg=2.49 p95=3.48
2026.09.30-16.22.54 game -> room=cmuobd93j0145wirc6jvnotay code=<redacted> status=LOBBY
2026.09.30-16.22.57 game -> room=cmuobd93j0145wirc6jvnotay code=<redacted> status=LOBBY
2026.09.30-16.22.57 startGame -> room=cmuobd93j0145wirc6jvnotay code=<redacted> status=IN_PROGRESS
2026.09.30-16.22.57 SNAPSHOT applied seq=1 phase=ACTION_MANEUVER
2026.09.30-16.22.57 HANDLE_APPLIED #1 seq=1 decision=2 fightersValid=1 boardValid=1
2026.09.30-16.22.57 MODE seq=1 mode=0 combat=0 pending=0
2026.09.30-16.22.57 HUD seq=1 phase=ACTION_MANEUVER turn=you hand=5 oppHand=5(hidden) oppDeck=25 deck=25 discard=0
2026.09.30-16.22.57 ARTPREVIEW diorama requested mesh=/Game/PipelineCandidates/TableBase/20260928-table-base-tripo-h31/Meshes/SM_TableBase.SM_TableBase mi=MI_TableBase_Candidate
2026.09.30-16.22.57 ARTPREVIEW board profiles loaded=1 revision=5 boards=3 zoneStyles=11 lightProfiles=3 errors=0 path=Config/ArtBoards/S08ArtBoardProfiles.json
2026.09.30-16.22.57 ARTPREVIEW board profiles source=pak sha256=1ecc1e9281845655acf8b31f1dcf52a7510abfc8ba8505525ad72ee8f4ce3c4c
2026.09.30-16.22.57 ARTPREVIEW zone content instances=12/12 glyphMeshes=11/11
2026.09.30-16.22.57 ARTPREVIEW zone keyline content mi=MI_ART005_Zone_Keyline glyphKeyMeshes=11/11 color=#111317
2026.09.30-16.22.57 ARTPREVIEW game layer material=M_S08_GameLayerUnlit unlitEyeAdaptInv=1 legacyRender=0
2026.09.30-16.22.57 ARTPREVIEW Cobble assets ready
2026.09.30-16.22.57 ARTPREVIEW board assets ready cobbleMesh=1 tiles=1 zoneMaterials=2
2026.09.30-16.22.57 ARTPREVIEW medusa candidate variant=face-neck-v2 mesh=SK_Medusa_FaceNeck_v2Candidate requested=face-neck-v2
2026.09.30-16.22.57 ARTPREVIEW board profile=sherwood-forest-art-fixture match=boardId board=8x5 boardId=c37a3b6643a96c45fa71f10de surface=tiles light=forest-probe artFixture=1
2026.09.30-16.22.57 ARTPREVIEW light profile=forest-probe name=key role=key kind=directional at=(-350,-150,600) intensity=4 units=lux radius=0 color=(0.73,0.82,0.74) shadow=1
2026.09.30-16.22.57 ARTPREVIEW light profile=forest-probe name=warm-pool-a role=warm kind=point at=(-240,-150,250) intensity=150 units=candelas radius=430 color=(1.00,0.62,0.32) shadow=0
2026.09.30-16.22.57 ARTPREVIEW light profile=forest-probe name=warm-pool-b role=warm kind=point at=(240,25,230) intensity=110 units=candelas radius=330 color=(1.00,0.67,0.35) shadow=0
2026.09.30-16.22.57 ARTPREVIEW light profile=forest-probe name=canopy-shade role=cool kind=point at=(-160,175,260) intensity=80 units=candelas radius=380 color=(0.55,0.80,0.60) shadow=0
2026.09.30-16.22.57 ARTPREVIEW sky profile=forest-probe cubemap=/Game/S08/Render/TC_S08_AmbientDome loaded=1 spawned=1 intensity=11.8 color=(0.88,0.94,0.88) lowerBlack=0
2026.09.30-16.22.57 ARTPREVIEW exposure profile=forest-probe method=histogram-fixed min=4.14106 max=4.14106 bias=0.000 ev100=2.05 volume=1
2026.09.30-16.22.57 ARTPREVIEW lights applied profile=forest-probe directional=1 shadow=1 points=3 pointShadows=0 budgetOk=1
2026.09.30-16.22.57 ARTPREVIEW render profile=forest-probe units=candelas sky=1 exposure=1 keyShadow=csm-3000uu-2c-contact0.000 shadowCasters=1 legacyRender=0
2026.09.30-16.22.57 ARTPREVIEW board zone keylines pieces=142 glyphKeys=47 glyphKeyCubePieces=0 mi=MI_ART005_Zone_Keyline growUU=1.5 edgeUU=42.0 maxOuterUU=45.0
2026.09.30-16.22.57 ARTPREVIEW board glyph meshes instances=47 keys=7/7 cubePieces=0 anchors=47
2026.09.30-16.22.57 ARTPREVIEW board active profile=sherwood-forest-art-fixture 8x5 surface=tiles cells=40 zoneCells=30 multizone=14 triple=3 obstacles=10 zoneKeys=7 strokes=142 glyphs=82 surfaceParts=34 glyphMaterial=zone expectOk=1
2026.09.30-16.22.57 ARTPREVIEW board zone key=brown cells=6 stroke=solid glyph=x color=#B9784A ismUsage=1 strokePieces=6 glyphPieces=12 mi=MI_ART005_Zone_Brown glyphMesh=SM_ART005_ZoneGlyph_X glyphInstances=6 fallback=0
2026.09.30-16.22.57 ARTPREVIEW board zone key=gray cells=6 stroke=dots5 glyph=square color=#6B727A ismUsage=1 strokePieces=30 glyphPieces=6 mi=MI_ART005_Zone_Gray glyphMesh=SM_ART005_ZoneGlyph_Square glyphInstances=6 fallback=0
2026.09.30-16.22.57 ARTPREVIEW board zone key=green cells=6 stroke=dash2 glyph=cross color=#46B45A ismUsage=1 strokePieces=12 glyphPieces=12 mi=MI_ART005_Zone_Green glyphMesh=SM_ART005_ZoneGlyph_Cross glyphInstances=6 fallback=0
2026.09.30-16.22.57 ARTPREVIEW board zone key=light-gray cells=5 stroke=double glyph=hbars2 color=#F1E8D2 ismUsage=1 strokePieces=10 glyphPieces=10 mi=MI_ART005_Zone_LightGray glyphMesh=SM_ART005_ZoneGlyph_HBars2 glyphInstances=5 fallback=0
2026.09.30-16.22.57 ARTPREVIEW board zone key=light-green cells=6 stroke=dashdot glyph=bar1 color=#A6DC66 ismUsage=1 strokePieces=18 glyphPieces=6 mi=MI_ART005_Zone_LightGreen glyphMesh=SM_ART005_ZoneGlyph_Bar1 glyphInstances=6 fallback=0
2026.09.30-16.22.57 ARTPREVIEW board zone key=orange cells=6 stroke=dash3 glyph=tee color=#F2933A ismUsage=1 strokePieces=18 glyphPieces=12 mi=MI_ART005_Zone_Orange glyphMesh=SM_ART005_ZoneGlyph_Tee glyphInstances=6 fallback=0
2026.09.30-16.22.57 ARTPREVIEW board zone key=yellow cells=12 stroke=dash4 glyph=chevron color=#F4D24A ismUsage=1 strokePieces=48 glyphPieces=24 mi=MI_ART005_Zone_Yellow glyphMesh=SM_ART005_ZoneGlyph_Chevron glyphInstances=12 fallback=0
2026.09.30-16.22.57 ARTPREVIEW board multizone cells=14 zonesListed=31 zonesMarked=31
2026.09.30-16.22.57 ARTPREVIEW board multizone cell=(1,0) light-green+orange strokeSides=0+1 glyphSlots=0+1 marked=2/2
2026.09.30-16.22.57 ARTPREVIEW board multizone cell=(3,0) gray+orange strokeSides=0+1 glyphSlots=0+1 marked=2/2
2026.09.30-16.22.57 ARTPREVIEW board multizone cell=(4,0) green+orange strokeSides=0+1 glyphSlots=0+1 marked=2/2
2026.09.30-16.22.57 ARTPREVIEW board multizone cell=(5,0) green+orange strokeSides=0+1 glyphSlots=0+1 marked=2/2
2026.09.30-16.22.57 ARTPREVIEW board multizone cell=(6,0) light-gray+green+orange strokeSides=0+1+2 glyphSlots=0+1+2 marked=3/3
2026.09.30-16.22.57 ARTPREVIEW board multizone cell=(1,1) brown+light-green strokeSides=0+1 glyphSlots=0+1 marked=2/2
2026.09.30-16.22.57 ARTPREVIEW board multizone cell=(7,1) light-gray+green strokeSides=0+1 glyphSlots=0+1 marked=2/2
2026.09.30-16.22.57 ARTPREVIEW board multizone cell=(3,2) brown+yellow strokeSides=0+1 glyphSlots=0+1 marked=2/2
2026.09.30-16.22.57 ARTPREVIEW board multizone cell=(4,2) gray+brown+yellow strokeSides=0+1+2 glyphSlots=0+1+2 marked=3/3
2026.09.30-16.22.57 ARTPREVIEW board multizone cell=(7,2) light-gray+green strokeSides=0+1 glyphSlots=0+1 marked=2/2
2026.09.30-16.22.57 ARTPREVIEW board multizone cell=(5,3) gray+brown+yellow strokeSides=0+1+2 glyphSlots=0+1+2 marked=3/3
2026.09.30-16.22.57 ARTPREVIEW board multizone cell=(7,3) light-gray+yellow strokeSides=0+1 glyphSlots=0+1 marked=2/2
2026.09.30-16.22.57 ARTPREVIEW board multizone cell=(2,4) light-green+yellow strokeSides=0+1 glyphSlots=0+1 marked=2/2
2026.09.30-16.22.57 ARTPREVIEW board multizone cell=(7,4) light-gray+yellow strokeSides=0+1 glyphSlots=0+1 marked=2/2
2026.09.30-16.22.57 ARTPREVIEW diorama tray=/Game/PipelineCandidates/TableBase/20260928-table-base-tripo-h31/Meshes/SM_TableBase.SM_TableBase mi=MI_TableBase_Candidate surface=tiles yaw=0.0 scale=1.254x0.988x1.000 bounds=(-474.0,-324.0,-153.0)..(474.0,324.0,-3.0) size=948.0x648.0x150.0 topZ=-3.0 boardHalf=424.0x274.0 rimUU=50.0 collision=none
2026.09.30-16.22.57 CAMERA dist=1672 loc=(0,959,1370) pitch=-55 yaw=-90
2026.09.30-16.22.57 CAMERA config overview=1672.1 nearest=300.0 farthest=2572.5 zoomRange=0.65-5.57 minDist=300.0 outRatio=0.650 step=1.250 animMs=200 returnMs=300 followFrom=1.20 source=defaults issues=0
2026.09.30-16.22.57 BOARD 8x5 cells | control points: (0,0)=(-350,-200,0) (7,4)=(350,200,0) | neighbor pair (dist 100 uu)
2026.09.30-16.22.57 ARTPREVIEW team mapping mode=absolute source=seatOrder viewerTeam=P1 p1=f-0-hero,f-0-sk0,f-0-sk1,f-0-sk2 p2=f-1-hero,f-1-sk0
2026.09.30-16.22.57 ARTPREVIEW heroesV2 fighter=f-0-hero mesh=/Game/PipelineCandidates/Medusa/H2LD/Meshes/SK_Medusa_H2LD mi=/Game/PipelineCandidates/Medusa/H2LD/Materials/MI_Medusa_H2LD_P1 yaw=270.0 scale=0.9998 name=Medusa hero=1 look=P1 base=/Game/PipelineCandidates/Medusa/H2LD/Meshes/SM_Medusa_H2LD_Base baseMi=/Game/PipelineCandidates/Medusa/H2LD/Materials/MI_Medusa_H2LD_Base_P1 skeleton=/Game/PipelineCandidates/Medusa/Rig/SK_Medusa_Skeleton.SK_Medusa_Skeleton clips=4/4 boundsTop=55.00 figureTop=55.00 budget=55.0
2026.09.30-16.22.57 ARTPREVIEW click capsule fighter=f-0-hero mesh=SK_Medusa_H2LD physicsAsset=0 radius=11.6 halfHeight=27.5 top=55.0 bodyCollision=0 source=meshBounds
2026.09.30-16.22.57 ARTPREVIEW fighter=Medusa hero=1 eligible=0 visual=1 mesh=SK_Medusa_H2LD
2026.09.30-16.22.57 ARTPREVIEW team ring fighter=f-0-hero team=P1 look=P1 mode=absolute shape=circle shown=1 mesh=SM_Marker_TeamRing_P1 fill=#E8C06A keyline=#111317 fillLinear=(0.8070,0.5271,0.1441) zMin=0.60 zMax=1.20 scale=1.00 base=hidden blockout=0 art=1 rim=#FFFFFF
2026.09.30-16.22.57 ARTPREVIEW anim fighter=f-0-hero clip=Idle len=2.333 event=spawn loop=1 phase=0.8071 seq=-1 asset=AM_Medusa_Idle
2026.09.30-16.22.57 ARTPREVIEW heroesV2 fighter=f-0-sk0 mesh=/Game/PipelineCandidates/Harpy/H3LD/Meshes/SK_Harpy_H3LD mi=/Game/PipelineCandidates/Harpy/H3LD/Materials/MI_Harpy_H3LD_P1 yaw=270.0 scale=1.0000 name=Harpies hero=0 look=P1 base=/Game/PipelineCandidates/Harpy/H3LD/Meshes/SM_Harpy_H3LD_Base baseMi=/Game/PipelineCandidates/Harpy/H3LD/Materials/MI_Harpy_H3LD_Base_P1 skeleton=/Game/PipelineCandidates/Harpy/Rig/SK_Harpy_Skeleton.SK_Harpy_Skeleton clips=4/4 boundsTop=42.00 figureTop=42.00 budget=42.0
2026.09.30-16.22.57 ARTPREVIEW click capsule fighter=f-0-sk0 mesh=SK_Harpy_H3LD physicsAsset=0 radius=20.0 halfHeight=21.0 top=42.0 bodyCollision=0 source=meshBounds
2026.09.30-16.22.57 ARTPREVIEW team ring fighter=f-0-sk0 team=P1 look=P1 mode=absolute shape=circle shown=1 mesh=SM_Marker_TeamRing_P1 fill=#E8C06A keyline=#111317 fillLinear=(0.8070,0.5271,0.1441) zMin=0.60 zMax=1.20 scale=0.78 base=hidden blockout=0 art=1 rim=#FFFFFF
2026.09.30-16.22.57 ARTPREVIEW anim fighter=f-0-sk0 clip=Idle len=2.000 event=spawn loop=1 phase=0.6635 seq=-1 asset=AM_Harpy_Idle
2026.09.30-16.22.57 ARTPREVIEW heroesV2 fighter=f-0-sk1 mesh=/Game/PipelineCandidates/Harpy/H3LD/Meshes/SK_Harpy_H3LD mi=/Game/PipelineCandidates/Harpy/H3LD/Materials/MI_Harpy_H3LD_P1 yaw=270.0 scale=1.0000 name=Harpies hero=0 look=P1 base=/Game/PipelineCandidates/Harpy/H3LD/Meshes/SM_Harpy_H3LD_Base baseMi=/Game/PipelineCandidates/Harpy/H3LD/Materials/MI_Harpy_H3LD_Base_P1 skeleton=/Game/PipelineCandidates/Harpy/Rig/SK_Harpy_Skeleton.SK_Harpy_Skeleton clips=4/4 boundsTop=42.00 figureTop=42.00 budget=42.0
2026.09.30-16.22.57 ARTPREVIEW click capsule fighter=f-0-sk1 mesh=SK_Harpy_H3LD physicsAsset=0 radius=20.0 halfHeight=21.0 top=42.0 bodyCollision=0 source=meshBounds
2026.09.30-16.22.57 ARTPREVIEW team ring fighter=f-0-sk1 team=P1 look=P1 mode=absolute shape=circle shown=1 mesh=SM_Marker_TeamRing_P1 fill=#E8C06A keyline=#111317 fillLinear=(0.8070,0.5271,0.1441) zMin=0.60 zMax=1.20 scale=0.78 base=hidden blockout=0 art=1 rim=#FFFFFF
2026.09.30-16.22.57 ARTPREVIEW anim fighter=f-0-sk1 clip=Idle len=2.000 event=spawn loop=1 phase=0.9016 seq=-1 asset=AM_Harpy_Idle
2026.09.30-16.22.57 ARTPREVIEW heroesV2 fighter=f-0-sk2 mesh=/Game/PipelineCandidates/Harpy/H3LD/Meshes/SK_Harpy_H3LD mi=/Game/PipelineCandidates/Harpy/H3LD/Materials/MI_Harpy_H3LD_P1 yaw=270.0 scale=1.0000 name=Harpies hero=0 look=P1 base=/Game/PipelineCandidates/Harpy/H3LD/Meshes/SM_Harpy_H3LD_Base baseMi=/Game/PipelineCandidates/Harpy/H3LD/Materials/MI_Harpy_H3LD_Base_P1 skeleton=/Game/PipelineCandidates/Harpy/Rig/SK_Harpy_Skeleton.SK_Harpy_Skeleton clips=4/4 boundsTop=42.00 figureTop=42.00 budget=42.0
2026.09.30-16.22.57 ARTPREVIEW click capsule fighter=f-0-sk2 mesh=SK_Harpy_H3LD physicsAsset=0 radius=20.0 halfHeight=21.0 top=42.0 bodyCollision=0 source=meshBounds
2026.09.30-16.22.57 ARTPREVIEW team ring fighter=f-0-sk2 team=P1 look=P1 mode=absolute shape=circle shown=1 mesh=SM_Marker_TeamRing_P1 fill=#E8C06A keyline=#111317 fillLinear=(0.8070,0.5271,0.1441) zMin=0.60 zMax=1.20 scale=0.78 base=hidden blockout=0 art=1 rim=#FFFFFF
2026.09.30-16.22.57 ARTPREVIEW anim fighter=f-0-sk2 clip=Idle len=2.000 event=spawn loop=1 phase=0.1873 seq=-1 asset=AM_Harpy_Idle
2026.09.30-16.22.57 ARTPREVIEW heroesV2 fighter=f-1-hero mesh=/Game/PipelineCandidates/KingArthur/H2LD/Meshes/SK_KingArthur_H2LD mi=/Game/PipelineCandidates/KingArthur/H2LD/Materials/MI_KingArthur_H2LD_P2 yaw=270.0 scale=1.0000 name=King Arthur hero=1 look=P2 base=/Game/PipelineCandidates/KingArthur/H2LD/Meshes/SM_KingArthur_H2LD_Base baseMi=/Game/PipelineCandidates/KingArthur/H2LD/Materials/MI_KingArthur_H2LD_Base_P2 skeleton=/Game/PipelineCandidates/KingArthur/Rig/SK_KingArthur_Skeleton.SK_KingArthur_Skeleton clips=4/4 boundsTop=60.06 figureTop=55.00 budget=55.0
2026.09.30-16.22.57 ARTPREVIEW click capsule fighter=f-1-hero mesh=SK_KingArthur_H2LD physicsAsset=0 radius=12.8 halfHeight=30.0 top=60.1 bodyCollision=0 source=meshBounds
2026.09.30-16.22.57 ARTPREVIEW team ring fighter=f-1-hero team=P2 look=P2 mode=absolute shape=hexagon shown=1 mesh=SM_Marker_TeamRing_P2 fill=#5A7F9F keyline=#111317 fillLinear=(0.1022,0.2122,0.3467) zMin=0.60 zMax=1.20 scale=1.00 base=hidden blockout=0 art=1 rim=#FFFFFF
2026.09.30-16.22.57 ARTPREVIEW anim fighter=f-1-hero clip=Idle len=2.500 event=spawn loop=1 phase=0.3470 seq=-1 asset=AM_KingArthur_Idle
2026.09.30-16.22.57 ARTPREVIEW heroesV2 fighter=f-1-sk0 mesh=/Game/PipelineCandidates/Merlin/H2LD/Meshes/SK_Merlin_H2LD mi=/Game/PipelineCandidates/Merlin/H2LD/Materials/MI_Merlin_H2LD_P2 yaw=270.0 scale=1.0003 name=Merlin hero=0 look=P2 base=/Game/PipelineCandidates/Merlin/H2LD/Meshes/SM_Merlin_H2LD_Base baseMi=/Game/PipelineCandidates/Merlin/H2LD/Materials/MI_Merlin_H2LD_Base_P2 skeleton=/Game/PipelineCandidates/Merlin/Rig/SK_Merlin_Skeleton.SK_Merlin_Skeleton clips=4/4 boundsTop=49.44 figureTop=45.00 budget=45.0
2026.09.30-16.22.57 ARTPREVIEW click capsule fighter=f-1-sk0 mesh=SK_Merlin_H2LD physicsAsset=0 radius=10.5 halfHeight=24.7 top=49.4 bodyCollision=0 source=meshBounds
2026.09.30-16.22.57 ARTPREVIEW team ring fighter=f-1-sk0 team=P2 look=P2 mode=absolute shape=hexagon shown=1 mesh=SM_Marker_TeamRing_P2 fill=#5A7F9F keyline=#111317 fillLinear=(0.1022,0.2122,0.3467) zMin=0.60 zMax=1.20 scale=0.78 base=hidden blockout=0 art=1 rim=#FFFFFF
2026.09.30-16.22.57 ARTPREVIEW anim fighter=f-1-sk0 clip=Idle len=3.000 event=spawn loop=1 phase=0.8028 seq=-1 asset=AM_Merlin_Idle
2026.09.30-16.22.57 ARTPREVIEW heroesV2 summary fighters=6 mapped=6 v2=6
2026.09.30-16.22.57 FIGHTERS synced n=6 alive=6 own=4 enemy=2
2026.09.30-16.22.57 STATE seq=1 -> apply
2026.09.30-16.22.57 HUD art layer plate=1 iconSize=32 iconTexture=1 iconProbe=0 plan=0
2026.09.30-16.22.57 HUD art impl=umg plateViews=umg:/Game/S08/UI/ArtHud/WBP_S08ArtPlate iconViews=umg:/Game/S08/UI/ArtHud/WBP_S08ArtIcon textTable=S08ArtHud entries=13 missingKeys=0
2026.09.30-16.22.57 TAG fighter=f-0-sk2 bbox=(918,542,1002,564) mode=compact look=P1 placement=below ring=0 hardPx2=0 softPx2=0 order=0 bound=0
2026.09.30-16.22.57 TAG fighter=f-1-hero bbox=(909,566,1011,588) mode=compact look=P2 placement=below ring=4 hardPx2=0 softPx2=0 order=1 bound=0
2026.09.30-16.22.57 TAG fighter=f-1-sk0 bbox=(1651,261,1735,283) mode=compact look=P2 placement=right ring=0 hardPx2=0 softPx2=0 order=2 bound=1
2026.09.30-16.22.57 ARTPREVIEW screen labels=1 (world TextRender labels and damage text hidden)
2026.09.30-16.22.57 SUBSCRIBED gameStateUpdated since=1
2026.09.30-16.22.57 TAG fighter=f-0-hero bbox=(631,414,733,436) mode=compact look=P1 placement=above ring=0 hardPx2=0 softPx2=0 order=1 bound=1
2026.09.30-16.22.57 TAG fighter=f-0-sk0 bbox=(825,438,909,460) mode=compact look=P1 placement=above ring=0 hardPx2=0 softPx2=0 order=3 bound=1
2026.09.30-16.22.57 TAG fighter=f-0-sk1 bbox=(457,438,541,460) mode=compact look=P1 placement=above ring=0 hardPx2=0 softPx2=0 order=2 bound=1
2026.09.30-16.22.57 TAG fighter=f-0-sk2 bbox=(1011,438,1095,460) mode=compact look=P1 placement=above ring=0 hardPx2=0 softPx2=0 order=4 bound=1
2026.09.30-16.22.57 TAG fighter=f-1-hero bbox=(1188,409,1290,431) mode=compact look=P2 placement=above ring=0 hardPx2=0 softPx2=0 order=0 bound=1
2026.09.30-16.22.57 TAG fighter=f-1-sk0 bbox=(1298,608,1382,630) mode=compact look=P2 placement=right ring=0 hardPx2=0 softPx2=0 order=5 bound=1
2026.09.30-16.22.57 SNAPSHOT applied seq=1 phase=ACTION_MANEUVER
2026.09.30-16.22.57 HANDLE_APPLIED #2 seq=1 decision=1 fightersValid=1 boardValid=1
2026.09.30-16.22.57 MODE seq=1 mode=0 combat=0 pending=0
2026.09.30-16.22.57 HUD seq=1 phase=ACTION_MANEUVER turn=you hand=5 oppHand=5(hidden) oppDeck=25 deck=25 discard=0
2026.09.30-16.22.57 ARTPREVIEW fighter=Medusa hero=1 eligible=0 visual=1 mesh=SK_Medusa_H2LD
2026.09.30-16.22.57 FIGHTERS synced n=6 alive=6 own=4 enemy=2
2026.09.30-16.22.57 WS seq=1 phase=ACTION_MANEUVER (merge)
2026.09.30-16.22.57 TAG fighter=f-0-hero bbox=(631,414,733,436) mode=compact look=P1 placement=above ring=0 hardPx2=0 softPx2=0 order=1 bound=1
2026.09.30-16.22.57 TAG fighter=f-0-sk0 bbox=(825,438,909,460) mode=compact look=P1 placement=above ring=0 hardPx2=0 softPx2=0 order=3 bound=1
2026.09.30-16.22.57 TAG fighter=f-0-sk1 bbox=(457,438,541,460) mode=compact look=P1 placement=above ring=0 hardPx2=0 softPx2=0 order=2 bound=1
2026.09.30-16.22.57 TAG fighter=f-0-sk2 bbox=(1011,438,1095,460) mode=compact look=P1 placement=above ring=0 hardPx2=0 softPx2=0 order=4 bound=1
2026.09.30-16.22.57 TAG fighter=f-1-hero bbox=(1188,409,1290,431) mode=compact look=P2 placement=above ring=0 hardPx2=0 softPx2=0 order=0 bound=1
2026.09.30-16.22.57 TAG fighter=f-1-sk0 bbox=(1298,608,1382,630) mode=compact look=P2 placement=right ring=0 hardPx2=0 softPx2=0 order=5 bound=1
2026.09.30-16.22.59 PERF window t=15.0-20.1 frames=149 fps=29.70 frameMs avg=33.67 p50=33.33 p95=33.33 p99=34.83 max=81.87 hitches50=1 gpuMs avg=1.66 p50=1.39 p95=2.31 gameMs avg=2.20 p95=1.92 renderMs avg=3.64 p95=4.08
2026.09.30-16.23.00 game -> room=cmuobd93j0145wirc6jvnotay code=<redacted> status=IN_PROGRESS
2026.09.30-16.23.03 game -> room=cmuobd93j0145wirc6jvnotay code=<redacted> status=IN_PROGRESS
2026.09.30-16.23.04 PERF window t=20.1-25.1 frames=151 fps=30.00 frameMs avg=33.33 p50=33.33 p95=33.33 p99=33.34 max=33.37 hitches50=0 gpuMs avg=2.03 p50=1.98 p95=2.23 gameMs avg=1.54 p95=1.89 renderMs avg=3.19 p95=3.84
2026.09.30-16.23.06 game -> room=cmuobd93j0145wirc6jvnotay code=<redacted> status=IN_PROGRESS
2026.09.30-16.23.09 game -> room=cmuobd93j0145wirc6jvnotay code=<redacted> status=IN_PROGRESS
2026.09.30-16.23.09 PERF window t=25.1-30.1 frames=151 fps=30.00 frameMs avg=33.33 p50=33.33 p95=33.33 p99=33.33 max=33.34 hitches50=0 gpuMs avg=2.01 p50=1.97 p95=2.24 gameMs avg=1.53 p95=1.80 renderMs avg=3.24 p95=3.87
2026.09.30-16.23.12 game -> room=cmuobd93j0145wirc6jvnotay code=<redacted> status=IN_PROGRESS
2026.09.30-16.23.13 ARTPREVIEW selection ring shown fighter=Medusa mesh=SM_Marker_SelectionRing
2026.09.30-16.23.13 ARTPREVIEW reachable corners cells=9 placed=1
2026.09.30-16.23.13 ARTPREVIEW selection ownHero=1 selected=1 fighter=Medusa reachable=10 fighterId=f-0-hero
2026.09.30-16.23.13 INPUT select src=flag fighter=f-0-hero flag=ArtPreviewSelectOwnHero
2026.09.30-16.23.13 HUD plate content fighter=f-0-hero name=Medusa hp=16/16 team=own statuses=HERO  |  MELEE teamSlot=P1 look=P1 shape=circle chip=#DAC576
2026.09.30-16.23.13 PLATE fighter=f-0-hero bbox=(589,589,761,643) overlapReachable=0 placement=below ring=0 gap=6 selection=f-0-hero destinations=9 clean=1 softPx2=0 tested=130 bound=1
2026.09.30-16.23.13 TAG fighter=f-0-sk0 bbox=(825,438,909,460) mode=compact look=P1 placement=above ring=0 hardPx2=0 softPx2=0 order=2 bound=1
2026.09.30-16.23.13 TAG fighter=f-0-sk1 bbox=(457,438,541,460) mode=compact look=P1 placement=above ring=0 hardPx2=0 softPx2=0 order=1 bound=1
2026.09.30-16.23.13 TAG fighter=f-0-sk2 bbox=(1011,438,1095,460) mode=compact look=P1 placement=above ring=0 hardPx2=0 softPx2=0 order=3 bound=1
2026.09.30-16.23.13 TAG fighter=f-1-hero bbox=(1188,409,1290,431) mode=compact look=P2 placement=above ring=0 hardPx2=0 softPx2=0 order=0 bound=1
2026.09.30-16.23.13 TAG fighter=f-1-sk0 bbox=(1298,608,1382,630) mode=compact look=P2 placement=right ring=0 hardPx2=0 softPx2=0 order=4 bound=1
2026.09.30-16.23.14 PERF window t=30.1-35.2 frames=151 fps=30.00 frameMs avg=33.33 p50=33.33 p95=33.33 p99=33.34 max=33.34 hitches50=0 gpuMs avg=2.01 p50=1.98 p95=2.24 gameMs avg=1.59 p95=1.97 renderMs avg=3.18 p95=4.23
2026.09.30-16.23.15 SHOT ctx viewport=1920x1080 viewTarget=CameraActor_2147482312 cam=(0,959,1370) rot=(-55,-90,0)
2026.09.30-16.23.15 RENDER tag=SHOT rhi=D3D12 featureLevel=SM6 shaderPlatform=PCD3D_SM6 lumenPlatform=1 gi=lumen giMethod=1 refl=lumen reflMethod=1 shadows=csm vsmEnable=0 sg.res=100 sg.view=2 sg.aa=2 sg.shadow=2 sg.gi=2 sg.refl=2 sg.pp=2 sg.tex=2 sg.fx=2 sg.foliage=2 sg.shading=2 sg.landscape=2 preset=High screenPct=100.0 screenPctMode=0 aa=TSR aaMethod=4 exposure=fixed-histogram expMin=4.14106 expMax=4.14106 expBias=0.000 ev100=2.05 lightUnits=candelas sky=1 skyIntensity=11.800 keyShadow=csm-3000uu-2c-contact0.000 shadowCasters=1 profile=forest-probe profilesSha256=1ecc1e9281845655acf8b31f1dcf52a7510abfc8ba8505525ad72ee8f4ce3c4c profilesSource=pak legacyRender=0 gameLayer=unlit-eyeadaptinv tMaxFPS=30.0 vsync=0 frameRateLimit=60.0 substrate=0 nanite=1 meshDF=1 viewport=1920x1080 reference=1
2026.09.30-16.23.15 SHOT fighter f-0-hero pos=(2,2) world=(-150,0,0) screen=(687,540) projected=1 alive=1
2026.09.30-16.23.15 SHOT fighter f-0-sk0 pos=(3,2) world=(-50,0,0) screen=(869,540) projected=1 alive=1
2026.09.30-16.23.15 SHOT fighter f-0-sk1 pos=(1,2) world=(-250,0,0) screen=(505,540) projected=1 alive=1
2026.09.30-16.23.15 SHOT fighter f-0-sk2 pos=(4,2) world=(50,0,0) screen=(1051,540) projected=1 alive=1
2026.09.30-16.23.15 SHOT fighter f-1-hero pos=(5,2) world=(150,0,0) screen=(1233,540) projected=1 alive=1
2026.09.30-16.23.15 SHOT fighter f-1-sk0 pos=(5,3) world=(150,100,0) screen=(1243,694) projected=1 alive=1
2026.09.30-16.23.15 SHOT camera dist=1672.1 target=1672.1 overview=1672.1 errPct=0.000 focusErr=0.00 settled=1 zoom=1.00
2026.09.30-16.23.15 SHOT head fighter=f-0-hero socket=Head mesh=SK_Medusa_H2LD world=(-150.2,-1.3,47.1) screen=(680.2,487.7) top=(679.4,481.1) bottom=(681.0,494.3) headPx=13.2 projected=1
2026.09.30-16.23.15 SHOT head fighter=f-0-sk0 socket=Head mesh=SK_Harpy_H3LD world=(-49.5,-5.0,34.3) screen=(868.5,496.1) top=(868.3,489.6) bottom=(868.8,502.6) headPx=13.0 projected=1
2026.09.30-16.23.15 SHOT head fighter=f-0-sk1 socket=Head mesh=SK_Harpy_H3LD world=(-249.3,-5.3,34.0) screen=(499.2,496.0) top=(497.9,489.5) bottom=(500.6,502.4) headPx=13.3 projected=1
2026.09.30-16.23.15 SHOT head fighter=f-0-sk2 socket=Head mesh=SK_Harpy_H3LD world=(50.1,-5.3,34.0) screen=(1052.6,495.9) top=(1052.8,489.4) bottom=(1052.3,502.4) headPx=13.0 projected=1
2026.09.30-16.23.15 SHOT head fighter=f-1-hero socket=Head mesh=SK_KingArthur_H2LD world=(150.0,-1.0,50.1) screen=(1239.9,484.8) top=(1240.8,478.2) bottom=(1239.1,491.4) headPx=13.3 projected=1
2026.09.30-16.23.15 SHOT head fighter=f-1-sk0 socket=Head mesh=SK_Merlin_H2LD world=(150.4,97.0,36.5) screen=(1248.6,652.3) top=(1249.5,646.0) bottom=(1247.7,658.5) headPx=12.6 projected=1
2026.09.30-16.23.15 SHOT selection fighter=f-0-hero ownCell=(2,2) legal=10 destinations=9 ownCellExcluded=1 plateFighter=f-0-hero
2026.09.30-16.23.15 SHOT reachable fighter=f-0-hero n=9 cells=(1,0)(3,0)(1,1)(3,1)(4,1)(0,2)(0,3)(3,3)(3,4)
2026.09.30-16.23.15 SHOT plate fighter=f-0-hero bbox=(589,589,761,643) overlapReachable=0 placement=below gap=6 anchor=(623,438,741,583) planned=(589,589,761,643) geom=painted stableFrames=60
2026.09.30-16.23.15 SHOT figure fighter=f-0-hero bbox=(623,438,741,583) ringR=28.50 art=1 blockout=0 team=P1 look=P1 ring=1
2026.09.30-16.23.15 SHOT figure fighter=f-0-sk0 bbox=(825,462,910,573) ringR=22.23 art=1 blockout=0 team=P1 look=P1 ring=1
2026.09.30-16.23.15 SHOT figure fighter=f-0-sk1 bbox=(450,462,548,573) ringR=22.23 art=1 blockout=0 team=P1 look=P1 ring=1
2026.09.30-16.23.15 SHOT figure fighter=f-0-sk2 bbox=(1010,462,1095,573) ringR=22.23 art=1 blockout=0 team=P1 look=P1 ring=1
2026.09.30-16.23.15 SHOT figure fighter=f-1-hero bbox=(1179,433,1298,583) ringR=28.50 art=1 blockout=0 team=P2 look=P2 ring=1
2026.09.30-16.23.15 SHOT figure fighter=f-1-sk0 bbox=(1199,608,1296,730) ringR=22.23 art=1 blockout=0 team=P2 look=P2 ring=1
2026.09.30-16.23.15 SHOT request file=phase2-board-host-1920x1080.png frame=1079
2026.09.30-16.23.15 SHOT requested: FScreenshotRequest(bShowUI) -> C:\Users\ren\AppData\Local\Temp\s08-phase2-20260930-212237-7608\phase2-board-host-1920x1080.png
2026.09.30-16.23.15 SHOT captured file=phase2-board-host-1920x1080.png frame=1079 px=1920x1080 sha256=f8c5b08aee5e79d9e882062c6970acaa36841adf32ff9484870b1c9206e2d3c7 order=BGRA saved=1
2026.09.30-16.23.15 SHOT late begin file=phase2-board-host-1920x1080.png frame=1079 requestFrame=1079
2026.09.30-16.23.15 SHOT iconstate visible=0 lastFighter=none frame=1079
2026.09.30-16.23.15 SHOT widget id=plate impl=umg state=own fighter=f-0-hero bbox=(589,589,761,643) geom=painted visible=1 twin=0 source=/Game/S08/UI/ArtHud/WBP_S08ArtPlate frame=1079
2026.09.30-16.23.15 SHOT widget id=plate.marker impl=umg state=own fighter=f-0-hero bbox=(589,589,761,592) geom=painted visible=1 twin=0 source=/Game/S08/UI/ArtHud/WBP_S08ArtPlate frame=1079
2026.09.30-16.23.15 SHOT widget id=plate.name impl=umg state=own fighter=f-0-hero bbox=(595,594,695,613) geom=painted visible=1 twin=0 source=/Game/S08/UI/ArtHud/WBP_S08ArtPlate frame=1079
2026.09.30-16.23.15 SHOT widget id=plate.team impl=umg state=own fighter=f-0-hero bbox=(695,597,755,610) geom=painted visible=1 twin=0 source=/Game/S08/UI/ArtHud/WBP_S08ArtPlate frame=1079
2026.09.30-16.23.15 SHOT widget id=plate.hpbar impl=umg state=own fighter=f-0-hero bbox=(595,619,691,626) geom=painted visible=1 twin=0 source=/Game/S08/UI/ArtHud/WBP_S08ArtPlate frame=1079
2026.09.30-16.23.15 SHOT widget id=plate.hpfill impl=umg state=own fighter=f-0-hero bbox=(595,619,691,626) geom=painted visible=1 twin=0 source=/Game/S08/UI/ArtHud/WBP_S08ArtPlate frame=1079
2026.09.30-16.23.15 SHOT widget id=plate.hp impl=umg state=own fighter=f-0-hero bbox=(697,615,750,630) geom=painted visible=1 twin=0 source=/Game/S08/UI/ArtHud/WBP_S08ArtPlate frame=1079
2026.09.30-16.23.15 SHOT widget id=plate.status impl=umg state=own fighter=f-0-hero bbox=(595,632,755,645) geom=painted visible=1 twin=0 source=/Game/S08/UI/ArtHud/WBP_S08ArtPlate frame=1079
2026.09.30-16.23.15 SHOT widget id=plate.teamshape impl=umg state=own fighter=f-0-hero bbox=(699,598,711,610) geom=painted visible=1 twin=0 source=/Game/S08/UI/ArtHud/WBP_S08ArtPlate frame=1079
2026.09.30-16.23.15 SHOT widget id=board.tag impl=umg state=hidden fighter=f-0-hero bbox=(0,0,0,0) geom=unpainted visible=0 twin=0 source=/Game/S08/UI/ArtHud/WBP_S08ArtTag mode=hidden look=P1 shape=circle placement=above ring=0 order=1 bound=1 softPx2=0 planned=(631,414,733,436) frame=1079
2026.09.30-16.23.15 SHOT widget id=board.tag.hp impl=umg state=hidden fighter=f-0-hero bbox=(0,0,0,0) geom=unpainted visible=0 twin=0 source=/Game/S08/UI/ArtHud/WBP_S08ArtTag mode=hidden look=P1 shape=circle placement=above ring=0 order=1 bound=1 softPx2=0 planned=(631,414,733,436) frame=1079 font=11
2026.09.30-16.23.15 SHOT widget id=board.tag.bar impl=umg state=hidden fighter=f-0-hero bbox=(0,0,0,0) geom=unpainted visible=0 twin=0 source=/Game/S08/UI/ArtHud/WBP_S08ArtTag mode=hidden look=P1 shape=circle placement=above ring=0 order=1 bound=1 softPx2=0 planned=(631,414,733,436) frame=1079
2026.09.30-16.23.15 SHOT widget id=board.tag.chip impl=umg state=hidden fighter=f-0-hero bbox=(0,0,0,0) geom=unpainted visible=0 twin=0 source=/Game/S08/UI/ArtHud/WBP_S08ArtTag mode=hidden look=P1 shape=circle placement=above ring=0 order=1 bound=1 softPx2=0 planned=(631,414,733,436) frame=1079
2026.09.30-16.23.15 SHOT widget id=board.tag impl=umg state=compact fighter=f-0-sk0 bbox=(825,438,909,460) geom=painted visible=1 twin=0 source=/Game/S08/UI/ArtHud/WBP_S08ArtTag mode=compact look=P1 shape=circle placement=above ring=0 order=2 bound=1 softPx2=0 planned=(825,438,909,460) frame=1079
2026.09.30-16.23.15 SHOT widget id=board.tag.hp impl=umg state=compact fighter=f-0-sk0 bbox=(881,440,905,458) geom=painted visible=1 twin=0 source=/Game/S08/UI/ArtHud/WBP_S08ArtTag mode=compact look=P1 shape=circle placement=above ring=0 order=2 bound=1 softPx2=0 planned=(825,438,909,460) frame=1079 font=11
2026.09.30-16.23.15 SHOT widget id=board.tag.bar impl=umg state=compact fighter=f-0-sk0 bbox=(844,447,878,452) geom=painted visible=1 twin=0 source=/Game/S08/UI/ArtHud/WBP_S08ArtTag mode=compact look=P1 shape=circle placement=above ring=0 order=2 bound=1 softPx2=0 planned=(825,438,909,460) frame=1079
2026.09.30-16.23.15 SHOT widget id=board.tag.chip impl=umg state=compact fighter=f-0-sk0 bbox=(829,443,841,455) geom=painted visible=1 twin=0 source=/Game/S08/UI/ArtHud/WBP_S08ArtTag mode=compact look=P1 shape=circle placement=above ring=0 order=2 bound=1 softPx2=0 planned=(825,438,909,460) frame=1079
2026.09.30-16.23.15 SHOT widget id=board.tag impl=umg state=compact fighter=f-0-sk1 bbox=(457,438,541,460) geom=painted visible=1 twin=0 source=/Game/S08/UI/ArtHud/WBP_S08ArtTag mode=compact look=P1 shape=circle placement=above ring=0 order=1 bound=1 softPx2=0 planned=(457,438,541,460) frame=1079
2026.09.30-16.23.15 SHOT widget id=board.tag.hp impl=umg state=compact fighter=f-0-sk1 bbox=(513,440,537,458) geom=painted visible=1 twin=0 source=/Game/S08/UI/ArtHud/WBP_S08ArtTag mode=compact look=P1 shape=circle placement=above ring=0 order=1 bound=1 softPx2=0 planned=(457,438,541,460) frame=1079 font=11
2026.09.30-16.23.15 SHOT widget id=board.tag.bar impl=umg state=compact fighter=f-0-sk1 bbox=(476,447,510,452) geom=painted visible=1 twin=0 source=/Game/S08/UI/ArtHud/WBP_S08ArtTag mode=compact look=P1 shape=circle placement=above ring=0 order=1 bound=1 softPx2=0 planned=(457,438,541,460) frame=1079
2026.09.30-16.23.15 SHOT widget id=board.tag.chip impl=umg state=compact fighter=f-0-sk1 bbox=(461,443,473,455) geom=painted visible=1 twin=0 source=/Game/S08/UI/ArtHud/WBP_S08ArtTag mode=compact look=P1 shape=circle placement=above ring=0 order=1 bound=1 softPx2=0 planned=(457,438,541,460) frame=1079
2026.09.30-16.23.15 SHOT widget id=board.tag impl=umg state=compact fighter=f-0-sk2 bbox=(1011,438,1095,460) geom=painted visible=1 twin=0 source=/Game/S08/UI/ArtHud/WBP_S08ArtTag mode=compact look=P1 shape=circle placement=above ring=0 order=3 bound=1 softPx2=0 planned=(1011,438,1095,460) frame=1079
2026.09.30-16.23.15 SHOT widget id=board.tag.hp impl=umg state=compact fighter=f-0-sk2 bbox=(1067,440,1091,458) geom=painted visible=1 twin=0 source=/Game/S08/UI/ArtHud/WBP_S08ArtTag mode=compact look=P1 shape=circle placement=above ring=0 order=3 bound=1 softPx2=0 planned=(1011,438,1095,460) frame=1079 font=11
2026.09.30-16.23.15 SHOT widget id=board.tag.bar impl=umg state=compact fighter=f-0-sk2 bbox=(1030,447,1064,452) geom=painted visible=1 twin=0 source=/Game/S08/UI/ArtHud/WBP_S08ArtTag mode=compact look=P1 shape=circle placement=above ring=0 order=3 bound=1 softPx2=0 planned=(1011,438,1095,460) frame=1079
2026.09.30-16.23.15 SHOT widget id=board.tag.chip impl=umg state=compact fighter=f-0-sk2 bbox=(1015,443,1027,455) geom=painted visible=1 twin=0 source=/Game/S08/UI/ArtHud/WBP_S08ArtTag mode=compact look=P1 shape=circle placement=above ring=0 order=3 bound=1 softPx2=0 planned=(1011,438,1095,460) frame=1079
2026.09.30-16.23.15 SHOT widget id=board.tag impl=umg state=compact fighter=f-1-hero bbox=(1188,409,1290,431) geom=painted visible=1 twin=0 source=/Game/S08/UI/ArtHud/WBP_S08ArtTag mode=compact look=P2 shape=hex placement=above ring=0 order=0 bound=1 softPx2=0 planned=(1188,409,1290,431) frame=1079
2026.09.30-16.23.15 SHOT widget id=board.tag.hp impl=umg state=compact fighter=f-1-hero bbox=(1244,411,1286,429) geom=painted visible=1 twin=0 source=/Game/S08/UI/ArtHud/WBP_S08ArtTag mode=compact look=P2 shape=hex placement=above ring=0 order=0 bound=1 softPx2=0 planned=(1188,409,1290,431) frame=1079 font=11
2026.09.30-16.23.15 SHOT widget id=board.tag.bar impl=umg state=compact fighter=f-1-hero bbox=(1207,418,1241,423) geom=painted visible=1 twin=0 source=/Game/S08/UI/ArtHud/WBP_S08ArtTag mode=compact look=P2 shape=hex placement=above ring=0 order=0 bound=1 softPx2=0 planned=(1188,409,1290,431) frame=1079
2026.09.30-16.23.15 SHOT widget id=board.tag.chip impl=umg state=compact fighter=f-1-hero bbox=(1192,414,1204,426) geom=painted visible=1 twin=0 source=/Game/S08/UI/ArtHud/WBP_S08ArtTag mode=compact look=P2 shape=hex placement=above ring=0 order=0 bound=1 softPx2=0 planned=(1188,409,1290,431) frame=1079
2026.09.30-16.23.15 SHOT widget id=board.tag impl=umg state=compact fighter=f-1-sk0 bbox=(1298,608,1382,630) geom=painted visible=1 twin=0 source=/Game/S08/UI/ArtHud/WBP_S08ArtTag mode=compact look=P2 shape=hex placement=right ring=0 order=4 bound=1 softPx2=0 planned=(1298,608,1382,630) frame=1079
2026.09.30-16.23.15 SHOT widget id=board.tag.hp impl=umg state=compact fighter=f-1-sk0 bbox=(1354,610,1378,628) geom=painted visible=1 twin=0 source=/Game/S08/UI/ArtHud/WBP_S08ArtTag mode=compact look=P2 shape=hex placement=right ring=0 order=4 bound=1 softPx2=0 planned=(1298,608,1382,630) frame=1079 font=11
2026.09.30-16.23.15 SHOT widget id=board.tag.bar impl=umg state=compact fighter=f-1-sk0 bbox=(1317,617,1351,622) geom=painted visible=1 twin=0 source=/Game/S08/UI/ArtHud/WBP_S08ArtTag mode=compact look=P2 shape=hex placement=right ring=0 order=4 bound=1 softPx2=0 planned=(1298,608,1382,630) frame=1079
2026.09.30-16.23.15 SHOT widget id=board.tag.chip impl=umg state=compact fighter=f-1-sk0 bbox=(1302,613,1314,625) geom=painted visible=1 twin=0 source=/Game/S08/UI/ArtHud/WBP_S08ArtTag mode=compact look=P2 shape=hex placement=right ring=0 order=4 bound=1 softPx2=0 planned=(1298,608,1382,630) frame=1079
2026.09.30-16.23.15 SHOT panel id=hud.command bbox=(0,0,601,138) geom=painted visible=1 frame=1079
2026.09.30-16.23.15 SHOT panel id=hud.side bbox=(1432,0,1920,121) geom=painted visible=1 frame=1079
2026.09.30-16.23.15 SHOT panel id=hud.hand bbox=(507,985,1413,1080) geom=painted visible=1 frame=1079
2026.09.30-16.23.15 SHOT late end file=phase2-board-host-1920x1080.png frame=1079
2026.09.30-16.23.15 game -> room=cmuobd93j0145wirc6jvnotay code=<redacted> status=IN_PROGRESS
2026.09.30-16.23.18 game -> room=cmuobd93j0145wirc6jvnotay code=<redacted> status=IN_PROGRESS
2026.09.30-16.23.19 PERF window t=35.2-40.2 frames=144 fps=28.79 frameMs avg=34.73 p50=33.33 p95=33.33 p99=33.34 max=234.61 hitches50=1 gpuMs avg=1.98 p50=1.97 p95=2.12 gameMs avg=3.10 p95=1.97 renderMs avg=3.32 p95=4.07
2026.09.30-16.23.21 game -> room=cmuobd93j0145wirc6jvnotay code=<redacted> status=IN_PROGRESS
2026.09.30-16.23.24 game -> room=cmuobd93j0145wirc6jvnotay code=<redacted> status=IN_PROGRESS
2026.09.30-16.23.24 PERF window t=40.2-45.2 frames=149 fps=29.72 frameMs avg=33.64 p50=33.33 p95=33.33 p99=33.35 max=79.71 hitches50=1 gpuMs avg=2.03 p50=1.99 p95=2.30 gameMs avg=1.70 p95=2.39 renderMs avg=3.73 p95=5.07
2026.09.30-16.23.27 game -> room=cmuobd93j0145wirc6jvnotay code=<redacted> status=IN_PROGRESS
2026.09.30-16.23.29 PERF summary scope=afterWarmup warmup=5 elapsed=50.0 frames=1342 fps=29.80 frameMs avg=33.56 p50=33.33 p95=33.33 p99=33.35 max=234.61 hitches50=3 gpuMs avg=1.82 p50=1.96 p95=2.22 gameMs avg=1.78 p95=1.96 renderMs avg=3.20 p95=4.22
2026.09.30-16.23.29 PERF summary scope=started elapsed=50.0 frames=948 fps=29.72 frameMs avg=33.65 p50=33.33 p95=33.33 p99=33.34 max=234.61 hitches50=3 gpuMs avg=2.01 p50=1.97 p95=2.24 gameMs avg=1.89 p95=1.97 renderMs avg=3.44 p95=4.28
2026.09.30-16.23.29 PERF summary scope=artHud impl=umg elapsed=50.0 frames=472 fps=29.53 frameMs avg=33.86 p50=33.33 p95=33.33 p99=33.34 max=234.61 hitches50=2 gpuMs avg=1.99 p50=1.97 p95=2.16 gameMs avg=2.03 p95=2.02 renderMs avg=3.40 p95=4.48
2026.09.30-16.23.29 --- S08 trace close ---
