2026.09.30-16.22.44 --- S08 trace open 2026.09.30-16.22.44 ---
2026.09.30-16.22.44 HUD team chips ready=1 mode=absolute tagNames=rule
2026.09.30-16.22.44 HUD icon texture size=32 ready=1 path=/Game/ArtTests/ARTMarkers/Textures/T_UI_Action_AttackToken_32 texture=32x32 probe=0 plate=1
2026.09.30-16.22.44 HUD art widget tag impl=umg source=/Game/S08/UI/ArtHud/WBP_S08ArtTag class=/Game/S08/UI/ArtHud/WBP_S08ArtTag.WBP_S08ArtTag_C count=8 missing=- codeDefaultTree=0
2026.09.30-16.22.44 HUD art widget plate impl=umg source=/Game/S08/UI/ArtHud/WBP_S08ArtPlate class=/Game/S08/UI/ArtHud/WBP_S08ArtPlate.WBP_S08ArtPlate_C parts=1 missing=- codeDefaultTree=0
2026.09.30-16.22.44 HUD art widget icon impl=umg source=/Game/S08/UI/ArtHud/WBP_S08ArtIcon class=/Game/S08/UI/ArtHud/WBP_S08ArtIcon.WBP_S08ArtIcon_C parts=1 missing=- codeDefaultTree=0
2026.09.30-16.22.44 HUD art widget damage impl=umg source=/Game/S08/UI/ArtHud/WBP_S08ArtDamage class=/Game/S08/UI/ArtHud/WBP_S08ArtDamage.WBP_S08ArtDamage_C parts=1 missing=- codeDefaultTree=0
2026.09.30-16.22.44 RENDER preset applied=High flag=S08RenderPreset
2026.09.30-16.22.44 LOGIN ok user=art-preview-joiner
2026.09.30-16.22.47 HEROES loaded 84
2026.09.30-16.22.47 CODE resolved -> cmuobd93j0145wirc6jvnotay
2026.09.30-16.22.47 joinGame -> room=cmuobd93j0145wirc6jvnotay code=<redacted> status=LOBBY
2026.09.30-16.22.49 PERF config tMaxFPS=30.0 frameRateLimit=60.0 vsync=0 smoothFrameRate=0 fixedFrameRate=0 rhi=D3D12
2026.09.30-16.22.49 RENDER tag=PERF rhi=D3D12 featureLevel=SM6 shaderPlatform=PCD3D_SM6 lumenPlatform=1 gi=lumen giMethod=1 refl=lumen reflMethod=1 shadows=csm vsmEnable=0 sg.res=100 sg.view=2 sg.aa=2 sg.shadow=2 sg.gi=2 sg.refl=2 sg.pp=2 sg.tex=2 sg.fx=2 sg.foliage=2 sg.shading=2 sg.landscape=2 preset=High screenPct=100.0 screenPctMode=0 aa=TSR aaMethod=4 exposure=engine-default expMin=1.00000 expMax=1.00000 expBias=1.000 ev100=0.00 lightUnits=- sky=0 skyIntensity=0.000 keyShadow=- shadowCasters=0 profile=- profilesSha256=- profilesSource=- legacyRender=0 gameLayer=unlit-eyeadaptinv tMaxFPS=30.0 vsync=0 frameRateLimit=60.0 substrate=0 nanite=1 meshDF=1 viewport=1920x1080 reference=0 notReference=noArtProfile,exposure,lightUnits,profilesSource
2026.09.30-16.22.49 PERF window t=0.0-5.0 frames=151 fps=29.99 frameMs avg=33.35 p50=33.33 p95=33.33 p99=33.42 max=34.95 hitches50=0 gpuMs avg=1.22 p50=1.33 p95=1.42 gameMs avg=1.57 p95=1.92 renderMs avg=2848.90 p95=3.82
2026.09.30-16.22.50 game -> room=cmuobd93j0145wirc6jvnotay code=<redacted> status=LOBBY
2026.09.30-16.22.50 selectHero -> room=cmuobd93j0145wirc6jvnotay code=<redacted> status=LOBBY
2026.09.30-16.22.53 game -> room=cmuobd93j0145wirc6jvnotay code=<redacted> status=LOBBY
2026.09.30-16.22.53 toggleReady -> room=cmuobd93j0145wirc6jvnotay code=<redacted> status=LOBBY
2026.09.30-16.22.54 PERF window t=5.0-10.0 frames=150 fps=30.00 frameMs avg=33.33 p50=33.33 p95=33.33 p99=33.34 max=33.35 hitches50=0 gpuMs avg=1.36 p50=1.35 p95=1.47 gameMs avg=1.34 p95=1.59 renderMs avg=2.33 p95=3.12
2026.09.30-16.22.56 game -> room=cmuobd93j0145wirc6jvnotay code=<redacted> status=LOBBY
2026.09.30-16.22.59 PERF window t=10.0-15.0 frames=150 fps=30.00 frameMs avg=33.33 p50=33.33 p95=33.33 p99=33.33 max=33.33 hitches50=0 gpuMs avg=1.30 p50=1.30 p95=1.40 gameMs avg=1.31 p95=1.50 renderMs avg=2.39 p95=2.83
2026.09.30-16.22.59 game -> room=cmuobd93j0145wirc6jvnotay code=<redacted> status=IN_PROGRESS
2026.09.30-16.22.59 WS DROPPED (test-initiated transport loss)
2026.09.30-16.22.59 WS closed (test drop) - reconnect in 1s
2026.09.30-16.22.59 SNAPSHOT applied seq=1 phase=ACTION_MANEUVER
2026.09.30-16.22.59 HANDLE_APPLIED #1 seq=1 decision=2 fightersValid=1 boardValid=1
2026.09.30-16.22.59 MODE seq=1 mode=0 combat=0 pending=0
2026.09.30-16.22.59 HUD seq=1 phase=ACTION_MANEUVER turn=opp hand=5 oppHand=5(hidden) oppDeck=25 deck=25 discard=0
2026.09.30-16.22.59 ARTPREVIEW diorama requested mesh=/Game/PipelineCandidates/TableBase/20260928-table-base-tripo-h31/Meshes/SM_TableBase.SM_TableBase mi=MI_TableBase_Candidate
2026.09.30-16.22.59 ARTPREVIEW board profiles loaded=1 revision=5 boards=3 zoneStyles=11 lightProfiles=3 errors=0 path=Config/ArtBoards/S08ArtBoardProfiles.json
2026.09.30-16.22.59 ARTPREVIEW board profiles source=pak sha256=1ecc1e9281845655acf8b31f1dcf52a7510abfc8ba8505525ad72ee8f4ce3c4c
2026.09.30-16.22.59 ARTPREVIEW zone content instances=12/12 glyphMeshes=11/11
2026.09.30-16.22.59 ARTPREVIEW zone keyline content mi=MI_ART005_Zone_Keyline glyphKeyMeshes=11/11 color=#111317
2026.09.30-16.22.59 ARTPREVIEW game layer material=M_S08_GameLayerUnlit unlitEyeAdaptInv=1 legacyRender=0
2026.09.30-16.22.59 ARTPREVIEW Cobble assets ready
2026.09.30-16.22.59 ARTPREVIEW board assets ready cobbleMesh=1 tiles=1 zoneMaterials=2
2026.09.30-16.22.59 ARTPREVIEW medusa candidate variant=face-neck-v2 mesh=SK_Medusa_FaceNeck_v2Candidate requested=face-neck-v2
2026.09.30-16.22.59 ARTPREVIEW board profile=sherwood-forest-art-fixture match=boardId board=8x5 boardId=c37a3b6643a96c45fa71f10de surface=tiles light=forest-probe artFixture=1
2026.09.30-16.22.59 ARTPREVIEW light profile=forest-probe name=key role=key kind=directional at=(-350,-150,600) intensity=4 units=lux radius=0 color=(0.73,0.82,0.74) shadow=1
2026.09.30-16.22.59 ARTPREVIEW light profile=forest-probe name=warm-pool-a role=warm kind=point at=(-240,-150,250) intensity=150 units=candelas radius=430 color=(1.00,0.62,0.32) shadow=0
2026.09.30-16.22.59 ARTPREVIEW light profile=forest-probe name=warm-pool-b role=warm kind=point at=(240,25,230) intensity=110 units=candelas radius=330 color=(1.00,0.67,0.35) shadow=0
2026.09.30-16.22.59 ARTPREVIEW light profile=forest-probe name=canopy-shade role=cool kind=point at=(-160,175,260) intensity=80 units=candelas radius=380 color=(0.55,0.80,0.60) shadow=0
2026.09.30-16.22.59 ARTPREVIEW sky profile=forest-probe cubemap=/Game/S08/Render/TC_S08_AmbientDome loaded=1 spawned=1 intensity=11.8 color=(0.88,0.94,0.88) lowerBlack=0
2026.09.30-16.22.59 ARTPREVIEW exposure profile=forest-probe method=histogram-fixed min=4.14106 max=4.14106 bias=0.000 ev100=2.05 volume=1
2026.09.30-16.22.59 ARTPREVIEW lights applied profile=forest-probe directional=1 shadow=1 points=3 pointShadows=0 budgetOk=1
2026.09.30-16.22.59 ARTPREVIEW render profile=forest-probe units=candelas sky=1 exposure=1 keyShadow=csm-3000uu-2c-contact0.000 shadowCasters=1 legacyRender=0
2026.09.30-16.22.59 ARTPREVIEW board zone keylines pieces=142 glyphKeys=47 glyphKeyCubePieces=0 mi=MI_ART005_Zone_Keyline growUU=1.5 edgeUU=42.0 maxOuterUU=45.0
2026.09.30-16.22.59 ARTPREVIEW board glyph meshes instances=47 keys=7/7 cubePieces=0 anchors=47
2026.09.30-16.22.59 ARTPREVIEW board active profile=sherwood-forest-art-fixture 8x5 surface=tiles cells=40 zoneCells=30 multizone=14 triple=3 obstacles=10 zoneKeys=7 strokes=142 glyphs=82 surfaceParts=34 glyphMaterial=zone expectOk=1
2026.09.30-16.22.59 ARTPREVIEW board zone key=brown cells=6 stroke=solid glyph=x color=#B9784A ismUsage=1 strokePieces=6 glyphPieces=12 mi=MI_ART005_Zone_Brown glyphMesh=SM_ART005_ZoneGlyph_X glyphInstances=6 fallback=0
2026.09.30-16.22.59 ARTPREVIEW board zone key=gray cells=6 stroke=dots5 glyph=square color=#6B727A ismUsage=1 strokePieces=30 glyphPieces=6 mi=MI_ART005_Zone_Gray glyphMesh=SM_ART005_ZoneGlyph_Square glyphInstances=6 fallback=0
2026.09.30-16.22.59 ARTPREVIEW board zone key=green cells=6 stroke=dash2 glyph=cross color=#46B45A ismUsage=1 strokePieces=12 glyphPieces=12 mi=MI_ART005_Zone_Green glyphMesh=SM_ART005_ZoneGlyph_Cross glyphInstances=6 fallback=0
2026.09.30-16.22.59 ARTPREVIEW board zone key=light-gray cells=5 stroke=double glyph=hbars2 color=#F1E8D2 ismUsage=1 strokePieces=10 glyphPieces=10 mi=MI_ART005_Zone_LightGray glyphMesh=SM_ART005_ZoneGlyph_HBars2 glyphInstances=5 fallback=0
2026.09.30-16.22.59 ARTPREVIEW board zone key=light-green cells=6 stroke=dashdot glyph=bar1 color=#A6DC66 ismUsage=1 strokePieces=18 glyphPieces=6 mi=MI_ART005_Zone_LightGreen glyphMesh=SM_ART005_ZoneGlyph_Bar1 glyphInstances=6 fallback=0
2026.09.30-16.22.59 ARTPREVIEW board zone key=orange cells=6 stroke=dash3 glyph=tee color=#F2933A ismUsage=1 strokePieces=18 glyphPieces=12 mi=MI_ART005_Zone_Orange glyphMesh=SM_ART005_ZoneGlyph_Tee glyphInstances=6 fallback=0
2026.09.30-16.22.59 ARTPREVIEW board zone key=yellow cells=12 stroke=dash4 glyph=chevron color=#F4D24A ismUsage=1 strokePieces=48 glyphPieces=24 mi=MI_ART005_Zone_Yellow glyphMesh=SM_ART005_ZoneGlyph_Chevron glyphInstances=12 fallback=0
2026.09.30-16.22.59 ARTPREVIEW board multizone cells=14 zonesListed=31 zonesMarked=31
2026.09.30-16.22.59 ARTPREVIEW board multizone cell=(1,0) light-green+orange strokeSides=0+1 glyphSlots=0+1 marked=2/2
2026.09.30-16.22.59 ARTPREVIEW board multizone cell=(3,0) gray+orange strokeSides=0+1 glyphSlots=0+1 marked=2/2
2026.09.30-16.22.59 ARTPREVIEW board multizone cell=(4,0) green+orange strokeSides=0+1 glyphSlots=0+1 marked=2/2
2026.09.30-16.22.59 ARTPREVIEW board multizone cell=(5,0) green+orange strokeSides=0+1 glyphSlots=0+1 marked=2/2
2026.09.30-16.22.59 ARTPREVIEW board multizone cell=(6,0) light-gray+green+orange strokeSides=0+1+2 glyphSlots=0+1+2 marked=3/3
2026.09.30-16.22.59 ARTPREVIEW board multizone cell=(1,1) brown+light-green strokeSides=0+1 glyphSlots=0+1 marked=2/2
2026.09.30-16.22.59 ARTPREVIEW board multizone cell=(7,1) light-gray+green strokeSides=0+1 glyphSlots=0+1 marked=2/2
2026.09.30-16.22.59 ARTPREVIEW board multizone cell=(3,2) brown+yellow strokeSides=0+1 glyphSlots=0+1 marked=2/2
2026.09.30-16.22.59 ARTPREVIEW board multizone cell=(4,2) gray+brown+yellow strokeSides=0+1+2 glyphSlots=0+1+2 marked=3/3
2026.09.30-16.22.59 ARTPREVIEW board multizone cell=(7,2) light-gray+green strokeSides=0+1 glyphSlots=0+1 marked=2/2
2026.09.30-16.22.59 ARTPREVIEW board multizone cell=(5,3) gray+brown+yellow strokeSides=0+1+2 glyphSlots=0+1+2 marked=3/3
2026.09.30-16.22.59 ARTPREVIEW board multizone cell=(7,3) light-gray+yellow strokeSides=0+1 glyphSlots=0+1 marked=2/2
2026.09.30-16.22.59 ARTPREVIEW board multizone cell=(2,4) light-green+yellow strokeSides=0+1 glyphSlots=0+1 marked=2/2
2026.09.30-16.22.59 ARTPREVIEW board multizone cell=(7,4) light-gray+yellow strokeSides=0+1 glyphSlots=0+1 marked=2/2
2026.09.30-16.22.59 ARTPREVIEW diorama tray=/Game/PipelineCandidates/TableBase/20260928-table-base-tripo-h31/Meshes/SM_TableBase.SM_TableBase mi=MI_TableBase_Candidate surface=tiles yaw=0.0 scale=1.254x0.988x1.000 bounds=(-474.0,-324.0,-153.0)..(474.0,324.0,-3.0) size=948.0x648.0x150.0 topZ=-3.0 boardHalf=424.0x274.0 rimUU=50.0 collision=none
2026.09.30-16.22.59 CAMERA dist=1672 loc=(0,959,1370) pitch=-55 yaw=-90
2026.09.30-16.22.59 CAMERA config overview=1672.1 nearest=300.0 farthest=2572.5 zoomRange=0.65-5.57 minDist=300.0 outRatio=0.650 step=1.250 animMs=200 returnMs=300 followFrom=1.20 source=defaults issues=0
2026.09.30-16.22.59 BOARD 8x5 cells | control points: (0,0)=(-350,-200,0) (7,4)=(350,200,0) | neighbor pair (dist 100 uu)
2026.09.30-16.22.59 ARTPREVIEW team mapping mode=absolute source=seatOrder viewerTeam=P2 p1=f-0-hero,f-0-sk0,f-0-sk1,f-0-sk2 p2=f-1-hero,f-1-sk0
2026.09.30-16.22.59 ARTPREVIEW heroesV2 fighter=f-0-hero mesh=/Game/PipelineCandidates/Medusa/H2LD/Meshes/SK_Medusa_H2LD mi=/Game/PipelineCandidates/Medusa/H2LD/Materials/MI_Medusa_H2LD_P1 yaw=270.0 scale=0.9998 name=Medusa hero=1 look=P1 base=/Game/PipelineCandidates/Medusa/H2LD/Meshes/SM_Medusa_H2LD_Base baseMi=/Game/PipelineCandidates/Medusa/H2LD/Materials/MI_Medusa_H2LD_Base_P1 skeleton=/Game/PipelineCandidates/Medusa/Rig/SK_Medusa_Skeleton.SK_Medusa_Skeleton clips=4/4 boundsTop=55.00 figureTop=55.00 budget=55.0
2026.09.30-16.22.59 ARTPREVIEW click capsule fighter=f-0-hero mesh=SK_Medusa_H2LD physicsAsset=0 radius=11.6 halfHeight=27.5 top=55.0 bodyCollision=0 source=meshBounds
2026.09.30-16.22.59 ARTPREVIEW fighter=Medusa hero=1 eligible=0 visual=1 mesh=SK_Medusa_H2LD
2026.09.30-16.22.59 ARTPREVIEW team ring fighter=f-0-hero team=P1 look=P1 mode=absolute shape=circle shown=1 mesh=SM_Marker_TeamRing_P1 fill=#E8C06A keyline=#111317 fillLinear=(0.8070,0.5271,0.1441) zMin=0.60 zMax=1.20 scale=1.00 base=hidden blockout=0 art=1 rim=#FFFFFF
2026.09.30-16.22.59 ARTPREVIEW anim fighter=f-0-hero clip=Idle len=2.333 event=spawn loop=1 phase=0.8071 seq=-1 asset=AM_Medusa_Idle
2026.09.30-16.22.59 ARTPREVIEW heroesV2 fighter=f-0-sk0 mesh=/Game/PipelineCandidates/Harpy/H3LD/Meshes/SK_Harpy_H3LD mi=/Game/PipelineCandidates/Harpy/H3LD/Materials/MI_Harpy_H3LD_P1 yaw=270.0 scale=1.0000 name=Harpies hero=0 look=P1 base=/Game/PipelineCandidates/Harpy/H3LD/Meshes/SM_Harpy_H3LD_Base baseMi=/Game/PipelineCandidates/Harpy/H3LD/Materials/MI_Harpy_H3LD_Base_P1 skeleton=/Game/PipelineCandidates/Harpy/Rig/SK_Harpy_Skeleton.SK_Harpy_Skeleton clips=4/4 boundsTop=42.00 figureTop=42.00 budget=42.0
2026.09.30-16.22.59 ARTPREVIEW click capsule fighter=f-0-sk0 mesh=SK_Harpy_H3LD physicsAsset=0 radius=20.0 halfHeight=21.0 top=42.0 bodyCollision=0 source=meshBounds
2026.09.30-16.22.59 ARTPREVIEW team ring fighter=f-0-sk0 team=P1 look=P1 mode=absolute shape=circle shown=1 mesh=SM_Marker_TeamRing_P1 fill=#E8C06A keyline=#111317 fillLinear=(0.8070,0.5271,0.1441) zMin=0.60 zMax=1.20 scale=0.78 base=hidden blockout=0 art=1 rim=#FFFFFF
2026.09.30-16.22.59 ARTPREVIEW anim fighter=f-0-sk0 clip=Idle len=2.000 event=spawn loop=1 phase=0.6635 seq=-1 asset=AM_Harpy_Idle
2026.09.30-16.22.59 ARTPREVIEW heroesV2 fighter=f-0-sk1 mesh=/Game/PipelineCandidates/Harpy/H3LD/Meshes/SK_Harpy_H3LD mi=/Game/PipelineCandidates/Harpy/H3LD/Materials/MI_Harpy_H3LD_P1 yaw=270.0 scale=1.0000 name=Harpies hero=0 look=P1 base=/Game/PipelineCandidates/Harpy/H3LD/Meshes/SM_Harpy_H3LD_Base baseMi=/Game/PipelineCandidates/Harpy/H3LD/Materials/MI_Harpy_H3LD_Base_P1 skeleton=/Game/PipelineCandidates/Harpy/Rig/SK_Harpy_Skeleton.SK_Harpy_Skeleton clips=4/4 boundsTop=42.00 figureTop=42.00 budget=42.0
2026.09.30-16.22.59 ARTPREVIEW click capsule fighter=f-0-sk1 mesh=SK_Harpy_H3LD physicsAsset=0 radius=20.0 halfHeight=21.0 top=42.0 bodyCollision=0 source=meshBounds
2026.09.30-16.22.59 ARTPREVIEW team ring fighter=f-0-sk1 team=P1 look=P1 mode=absolute shape=circle shown=1 mesh=SM_Marker_TeamRing_P1 fill=#E8C06A keyline=#111317 fillLinear=(0.8070,0.5271,0.1441) zMin=0.60 zMax=1.20 scale=0.78 base=hidden blockout=0 art=1 rim=#FFFFFF
2026.09.30-16.22.59 ARTPREVIEW anim fighter=f-0-sk1 clip=Idle len=2.000 event=spawn loop=1 phase=0.9016 seq=-1 asset=AM_Harpy_Idle
2026.09.30-16.22.59 ARTPREVIEW heroesV2 fighter=f-0-sk2 mesh=/Game/PipelineCandidates/Harpy/H3LD/Meshes/SK_Harpy_H3LD mi=/Game/PipelineCandidates/Harpy/H3LD/Materials/MI_Harpy_H3LD_P1 yaw=270.0 scale=1.0000 name=Harpies hero=0 look=P1 base=/Game/PipelineCandidates/Harpy/H3LD/Meshes/SM_Harpy_H3LD_Base baseMi=/Game/PipelineCandidates/Harpy/H3LD/Materials/MI_Harpy_H3LD_Base_P1 skeleton=/Game/PipelineCandidates/Harpy/Rig/SK_Harpy_Skeleton.SK_Harpy_Skeleton clips=4/4 boundsTop=42.00 figureTop=42.00 budget=42.0
2026.09.30-16.22.59 ARTPREVIEW click capsule fighter=f-0-sk2 mesh=SK_Harpy_H3LD physicsAsset=0 radius=20.0 halfHeight=21.0 top=42.0 bodyCollision=0 source=meshBounds
2026.09.30-16.22.59 ARTPREVIEW team ring fighter=f-0-sk2 team=P1 look=P1 mode=absolute shape=circle shown=1 mesh=SM_Marker_TeamRing_P1 fill=#E8C06A keyline=#111317 fillLinear=(0.8070,0.5271,0.1441) zMin=0.60 zMax=1.20 scale=0.78 base=hidden blockout=0 art=1 rim=#FFFFFF
2026.09.30-16.22.59 ARTPREVIEW anim fighter=f-0-sk2 clip=Idle len=2.000 event=spawn loop=1 phase=0.1873 seq=-1 asset=AM_Harpy_Idle
2026.09.30-16.22.59 ARTPREVIEW heroesV2 fighter=f-1-hero mesh=/Game/PipelineCandidates/KingArthur/H2LD/Meshes/SK_KingArthur_H2LD mi=/Game/PipelineCandidates/KingArthur/H2LD/Materials/MI_KingArthur_H2LD_P2 yaw=270.0 scale=1.0000 name=King Arthur hero=1 look=P2 base=/Game/PipelineCandidates/KingArthur/H2LD/Meshes/SM_KingArthur_H2LD_Base baseMi=/Game/PipelineCandidates/KingArthur/H2LD/Materials/MI_KingArthur_H2LD_Base_P2 skeleton=/Game/PipelineCandidates/KingArthur/Rig/SK_KingArthur_Skeleton.SK_KingArthur_Skeleton clips=4/4 boundsTop=60.06 figureTop=55.00 budget=55.0
2026.09.30-16.22.59 ARTPREVIEW click capsule fighter=f-1-hero mesh=SK_KingArthur_H2LD physicsAsset=0 radius=12.8 halfHeight=30.0 top=60.1 bodyCollision=0 source=meshBounds
2026.09.30-16.22.59 ARTPREVIEW team ring fighter=f-1-hero team=P2 look=P2 mode=absolute shape=hexagon shown=1 mesh=SM_Marker_TeamRing_P2 fill=#5A7F9F keyline=#111317 fillLinear=(0.1022,0.2122,0.3467) zMin=0.60 zMax=1.20 scale=1.00 base=hidden blockout=0 art=1 rim=#FFFFFF
2026.09.30-16.22.59 ARTPREVIEW anim fighter=f-1-hero clip=Idle len=2.500 event=spawn loop=1 phase=0.3470 seq=-1 asset=AM_KingArthur_Idle
2026.09.30-16.22.59 ARTPREVIEW heroesV2 fighter=f-1-sk0 mesh=/Game/PipelineCandidates/Merlin/H2LD/Meshes/SK_Merlin_H2LD mi=/Game/PipelineCandidates/Merlin/H2LD/Materials/MI_Merlin_H2LD_P2 yaw=270.0 scale=1.0003 name=Merlin hero=0 look=P2 base=/Game/PipelineCandidates/Merlin/H2LD/Meshes/SM_Merlin_H2LD_Base baseMi=/Game/PipelineCandidates/Merlin/H2LD/Materials/MI_Merlin_H2LD_Base_P2 skeleton=/Game/PipelineCandidates/Merlin/Rig/SK_Merlin_Skeleton.SK_Merlin_Skeleton clips=4/4 boundsTop=49.44 figureTop=45.00 budget=45.0
2026.09.30-16.22.59 ARTPREVIEW click capsule fighter=f-1-sk0 mesh=SK_Merlin_H2LD physicsAsset=0 radius=10.5 halfHeight=24.7 top=49.4 bodyCollision=0 source=meshBounds
2026.09.30-16.22.59 ARTPREVIEW team ring fighter=f-1-sk0 team=P2 look=P2 mode=absolute shape=hexagon shown=1 mesh=SM_Marker_TeamRing_P2 fill=#5A7F9F keyline=#111317 fillLinear=(0.1022,0.2122,0.3467) zMin=0.60 zMax=1.20 scale=0.78 base=hidden blockout=0 art=1 rim=#FFFFFF
2026.09.30-16.22.59 ARTPREVIEW anim fighter=f-1-sk0 clip=Idle len=3.000 event=spawn loop=1 phase=0.8028 seq=-1 asset=AM_Merlin_Idle
2026.09.30-16.22.59 ARTPREVIEW heroesV2 summary fighters=6 mapped=6 v2=6
2026.09.30-16.22.59 FIGHTERS synced n=6 alive=6 own=2 enemy=4
2026.09.30-16.22.59 STATE seq=1 -> apply
2026.09.30-16.22.59 WS closed 1000 (normal closure)
2026.09.30-16.22.59 HUD art layer plate=1 iconSize=32 iconTexture=1 iconProbe=0 plan=0
2026.09.30-16.22.59 HUD art impl=umg plateViews=umg:/Game/S08/UI/ArtHud/WBP_S08ArtPlate iconViews=umg:/Game/S08/UI/ArtHud/WBP_S08ArtIcon textTable=S08ArtHud entries=13 missingKeys=0
2026.09.30-16.22.59 TAG fighter=f-0-sk2 bbox=(918,542,1002,564) mode=compact look=P1 placement=below ring=0 hardPx2=0 softPx2=0 order=0 bound=0
2026.09.30-16.22.59 TAG fighter=f-1-hero bbox=(909,566,1011,588) mode=compact look=P2 placement=below ring=4 hardPx2=0 softPx2=0 order=1 bound=0
2026.09.30-16.22.59 TAG fighter=f-1-sk0 bbox=(1651,261,1735,283) mode=compact look=P2 placement=right ring=0 hardPx2=0 softPx2=0 order=2 bound=1
2026.09.30-16.22.59 ARTPREVIEW screen labels=1 (world TextRender labels and damage text hidden)
2026.09.30-16.22.59 TAG fighter=f-0-hero bbox=(631,414,733,436) mode=compact look=P1 placement=above ring=0 hardPx2=0 softPx2=0 order=1 bound=1
2026.09.30-16.23.00 TAG fighter=f-0-sk0 bbox=(825,438,909,460) mode=compact look=P1 placement=above ring=0 hardPx2=0 softPx2=0 order=3 bound=1
2026.09.30-16.23.00 TAG fighter=f-0-sk1 bbox=(457,438,541,460) mode=compact look=P1 placement=above ring=0 hardPx2=0 softPx2=0 order=2 bound=1
2026.09.30-16.23.00 TAG fighter=f-0-sk2 bbox=(1011,438,1095,460) mode=compact look=P1 placement=above ring=0 hardPx2=0 softPx2=0 order=4 bound=1
2026.09.30-16.23.00 TAG fighter=f-1-hero bbox=(1188,409,1290,431) mode=compact look=P2 placement=above ring=0 hardPx2=0 softPx2=0 order=0 bound=1
2026.09.30-16.23.00 TAG fighter=f-1-sk0 bbox=(1298,608,1382,630) mode=compact look=P2 placement=right ring=0 hardPx2=0 softPx2=0 order=5 bound=1
2026.09.30-16.23.00 WS reconnect attempt
2026.09.30-16.23.00 SUBSCRIBED gameStateUpdated since=1
2026.09.30-16.23.00 WS reconnected - refetching gameState
2026.09.30-16.23.01 SNAPSHOT applied seq=1 phase=ACTION_MANEUVER
2026.09.30-16.23.01 HANDLE_APPLIED #2 seq=1 decision=1 fightersValid=1 boardValid=1
2026.09.30-16.23.01 MODE seq=1 mode=0 combat=0 pending=0
2026.09.30-16.23.01 HUD seq=1 phase=ACTION_MANEUVER turn=opp hand=5 oppHand=5(hidden) oppDeck=25 deck=25 discard=0
2026.09.30-16.23.01 ARTPREVIEW fighter=Medusa hero=1 eligible=0 visual=1 mesh=SK_Medusa_H2LD
2026.09.30-16.23.01 FIGHTERS synced n=6 alive=6 own=2 enemy=4
2026.09.30-16.23.01 STATE seq=1 -> merge
2026.09.30-16.23.01 SNAPSHOT applied seq=1 phase=ACTION_MANEUVER
2026.09.30-16.23.01 HANDLE_APPLIED #3 seq=1 decision=1 fightersValid=1 boardValid=1
2026.09.30-16.23.01 MODE seq=1 mode=0 combat=0 pending=0
2026.09.30-16.23.01 HUD seq=1 phase=ACTION_MANEUVER turn=opp hand=5 oppHand=5(hidden) oppDeck=25 deck=25 discard=0
2026.09.30-16.23.01 ARTPREVIEW fighter=Medusa hero=1 eligible=0 visual=1 mesh=SK_Medusa_H2LD
2026.09.30-16.23.01 FIGHTERS synced n=6 alive=6 own=2 enemy=4
2026.09.30-16.23.01 WS seq=1 phase=ACTION_MANEUVER (merge)
2026.09.30-16.23.01 TAG fighter=f-0-hero bbox=(631,414,733,436) mode=compact look=P1 placement=above ring=0 hardPx2=0 softPx2=0 order=1 bound=1
2026.09.30-16.23.01 TAG fighter=f-0-sk0 bbox=(825,438,909,460) mode=compact look=P1 placement=above ring=0 hardPx2=0 softPx2=0 order=3 bound=1
2026.09.30-16.23.01 TAG fighter=f-0-sk1 bbox=(457,438,541,460) mode=compact look=P1 placement=above ring=0 hardPx2=0 softPx2=0 order=2 bound=1
2026.09.30-16.23.01 TAG fighter=f-0-sk2 bbox=(1011,438,1095,460) mode=compact look=P1 placement=above ring=0 hardPx2=0 softPx2=0 order=4 bound=1
2026.09.30-16.23.01 TAG fighter=f-1-hero bbox=(1188,409,1290,431) mode=compact look=P2 placement=above ring=0 hardPx2=0 softPx2=0 order=0 bound=1
2026.09.30-16.23.01 TAG fighter=f-1-sk0 bbox=(1298,608,1382,630) mode=compact look=P2 placement=right ring=0 hardPx2=0 softPx2=0 order=5 bound=1
2026.09.30-16.23.02 game -> room=cmuobd93j0145wirc6jvnotay code=<redacted> status=IN_PROGRESS
2026.09.30-16.23.04 PERF window t=15.0-20.0 frames=149 fps=29.74 frameMs avg=33.62 p50=33.33 p95=33.33 p99=34.88 max=74.86 hitches50=1 gpuMs avg=2.04 p50=1.99 p95=2.27 gameMs avg=2.12 p95=2.03 renderMs avg=4.21 p95=4.81
2026.09.30-16.23.05 game -> room=cmuobd93j0145wirc6jvnotay code=<redacted> status=IN_PROGRESS
2026.09.30-16.23.08 game -> room=cmuobd93j0145wirc6jvnotay code=<redacted> status=IN_PROGRESS
2026.09.30-16.23.09 PERF window t=20.0-25.1 frames=151 fps=30.00 frameMs avg=33.33 p50=33.33 p95=33.33 p99=33.33 max=33.33 hitches50=0 gpuMs avg=1.99 p50=1.96 p95=2.21 gameMs avg=1.44 p95=1.67 renderMs avg=3.37 p95=3.97
2026.09.30-16.23.11 game -> room=cmuobd93j0145wirc6jvnotay code=<redacted> status=IN_PROGRESS
2026.09.30-16.23.14 game -> room=cmuobd93j0145wirc6jvnotay code=<redacted> status=IN_PROGRESS
2026.09.30-16.23.14 PERF window t=25.1-30.1 frames=151 fps=30.00 frameMs avg=33.33 p50=33.33 p95=33.33 p99=33.33 max=33.33 hitches50=0 gpuMs avg=1.99 p50=1.98 p95=2.21 gameMs avg=1.46 p95=1.84 renderMs avg=3.28 p95=4.49
2026.09.30-16.23.17 game -> room=cmuobd93j0145wirc6jvnotay code=<redacted> status=IN_PROGRESS
2026.09.30-16.23.19 PERF window t=30.1-35.1 frames=151 fps=30.00 frameMs avg=33.33 p50=33.33 p95=33.33 p99=33.33 max=33.33 hitches50=0 gpuMs avg=2.02 p50=1.98 p95=2.22 gameMs avg=1.50 p95=1.73 renderMs avg=3.39 p95=4.10
2026.09.30-16.23.20 SHOT ctx viewport=1920x1080 viewTarget=CameraActor_2147482312 cam=(0,959,1370) rot=(-55,-90,0)
2026.09.30-16.23.20 RENDER tag=SHOT rhi=D3D12 featureLevel=SM6 shaderPlatform=PCD3D_SM6 lumenPlatform=1 gi=lumen giMethod=1 refl=lumen reflMethod=1 shadows=csm vsmEnable=0 sg.res=100 sg.view=2 sg.aa=2 sg.shadow=2 sg.gi=2 sg.refl=2 sg.pp=2 sg.tex=2 sg.fx=2 sg.foliage=2 sg.shading=2 sg.landscape=2 preset=High screenPct=100.0 screenPctMode=0 aa=TSR aaMethod=4 exposure=fixed-histogram expMin=4.14106 expMax=4.14106 expBias=0.000 ev100=2.05 lightUnits=candelas sky=1 skyIntensity=11.800 keyShadow=csm-3000uu-2c-contact0.000 shadowCasters=1 profile=forest-probe profilesSha256=1ecc1e9281845655acf8b31f1dcf52a7510abfc8ba8505525ad72ee8f4ce3c4c profilesSource=pak legacyRender=0 gameLayer=unlit-eyeadaptinv tMaxFPS=30.0 vsync=0 frameRateLimit=60.0 substrate=0 nanite=1 meshDF=1 viewport=1920x1080 reference=1
2026.09.30-16.23.20 SHOT fighter f-0-hero pos=(2,2) world=(-150,0,0) screen=(687,540) projected=1 alive=1
2026.09.30-16.23.20 SHOT fighter f-0-sk0 pos=(3,2) world=(-50,0,0) screen=(869,540) projected=1 alive=1
2026.09.30-16.23.20 SHOT fighter f-0-sk1 pos=(1,2) world=(-250,0,0) screen=(505,540) projected=1 alive=1
2026.09.30-16.23.20 SHOT fighter f-0-sk2 pos=(4,2) world=(50,0,0) screen=(1051,540) projected=1 alive=1
2026.09.30-16.23.20 SHOT fighter f-1-hero pos=(5,2) world=(150,0,0) screen=(1233,540) projected=1 alive=1
2026.09.30-16.23.20 SHOT fighter f-1-sk0 pos=(5,3) world=(150,100,0) screen=(1243,694) projected=1 alive=1
2026.09.30-16.23.20 SHOT camera dist=1672.1 target=1672.1 overview=1672.1 errPct=0.000 focusErr=0.00 settled=1 zoom=1.00
2026.09.30-16.23.20 SHOT head fighter=f-0-hero socket=Head mesh=SK_Medusa_H2LD world=(-149.3,-0.9,47.0) screen=(681.8,488.3) top=(681.0,481.8) bottom=(682.7,494.9) headPx=13.2 projected=1
2026.09.30-16.23.20 SHOT head fighter=f-0-sk0 socket=Head mesh=SK_Harpy_H3LD world=(-50.0,-5.4,34.0) screen=(867.6,495.9) top=(867.4,489.4) bottom=(867.9,502.3) headPx=13.0 projected=1
2026.09.30-16.23.20 SHOT head fighter=f-0-sk1 socket=Head mesh=SK_Harpy_H3LD world=(-249.9,-5.2,34.2) screen=(498.0,495.9) top=(496.6,489.4) bottom=(499.3,502.4) headPx=13.3 projected=1
2026.09.30-16.23.20 SHOT head fighter=f-0-sk2 socket=Head mesh=SK_Harpy_H3LD world=(50.7,-5.1,34.2) screen=(1053.7,496.0) top=(1053.9,489.5) bottom=(1053.4,502.5) headPx=13.0 projected=1
2026.09.30-16.23.20 SHOT head fighter=f-1-hero socket=Head mesh=SK_KingArthur_H2LD world=(149.4,-0.7,50.1) screen=(1238.8,485.4) top=(1239.7,478.8) bottom=(1238.0,492.0) headPx=13.3 projected=1
2026.09.30-16.23.20 SHOT head fighter=f-1-sk0 socket=Head mesh=SK_Merlin_H2LD world=(150.4,97.0,36.6) screen=(1248.6,652.3) top=(1249.5,646.0) bottom=(1247.7,658.5) headPx=12.6 projected=1
2026.09.30-16.23.20 SHOT figure fighter=f-0-hero bbox=(623,438,741,583) ringR=28.50 art=1 blockout=0 team=P1 look=P1 ring=1
2026.09.30-16.23.20 SHOT figure fighter=f-0-sk0 bbox=(825,462,910,573) ringR=22.23 art=1 blockout=0 team=P1 look=P1 ring=1
2026.09.30-16.23.20 SHOT figure fighter=f-0-sk1 bbox=(450,462,548,573) ringR=22.23 art=1 blockout=0 team=P1 look=P1 ring=1
2026.09.30-16.23.20 SHOT figure fighter=f-0-sk2 bbox=(1010,462,1095,573) ringR=22.23 art=1 blockout=0 team=P1 look=P1 ring=1
2026.09.30-16.23.20 SHOT figure fighter=f-1-hero bbox=(1179,433,1298,583) ringR=28.50 art=1 blockout=0 team=P2 look=P2 ring=1
2026.09.30-16.23.20 SHOT figure fighter=f-1-sk0 bbox=(1199,608,1296,730) ringR=22.23 art=1 blockout=0 team=P2 look=P2 ring=1
2026.09.30-16.23.20 SHOT request file=phase2-board-joiner-1920x1080.png frame=1079
2026.09.30-16.23.20 SHOT requested: FScreenshotRequest(bShowUI) -> C:\Users\ren\AppData\Local\Temp\s08-phase2-20260930-212237-7608\phase2-board-joiner-1920x1080.png
2026.09.30-16.23.21 SHOT captured file=phase2-board-joiner-1920x1080.png frame=1079 px=1920x1080 sha256=9296cd28349a315b6d0097da1e14b230e3bcb8c476e2429ae02688ac95b1a1fc order=BGRA saved=1
2026.09.30-16.23.21 SHOT late begin file=phase2-board-joiner-1920x1080.png frame=1079 requestFrame=1079
2026.09.30-16.23.21 SHOT iconstate visible=0 lastFighter=none frame=1079
2026.09.30-16.23.21 SHOT widget id=board.tag impl=umg state=compact fighter=f-0-hero bbox=(631,414,733,436) geom=painted visible=1 twin=0 source=/Game/S08/UI/ArtHud/WBP_S08ArtTag mode=compact look=P1 shape=circle placement=above ring=0 order=1 bound=1 softPx2=0 planned=(631,414,733,436) frame=1079
2026.09.30-16.23.21 SHOT widget id=board.tag.hp impl=umg state=compact fighter=f-0-hero bbox=(687,416,729,434) geom=painted visible=1 twin=0 source=/Game/S08/UI/ArtHud/WBP_S08ArtTag mode=compact look=P1 shape=circle placement=above ring=0 order=1 bound=1 softPx2=0 planned=(631,414,733,436) frame=1079 font=11
2026.09.30-16.23.21 SHOT widget id=board.tag.bar impl=umg state=compact fighter=f-0-hero bbox=(650,423,684,428) geom=painted visible=1 twin=0 source=/Game/S08/UI/ArtHud/WBP_S08ArtTag mode=compact look=P1 shape=circle placement=above ring=0 order=1 bound=1 softPx2=0 planned=(631,414,733,436) frame=1079
2026.09.30-16.23.21 SHOT widget id=board.tag.chip impl=umg state=compact fighter=f-0-hero bbox=(635,419,647,431) geom=painted visible=1 twin=0 source=/Game/S08/UI/ArtHud/WBP_S08ArtTag mode=compact look=P1 shape=circle placement=above ring=0 order=1 bound=1 softPx2=0 planned=(631,414,733,436) frame=1079
2026.09.30-16.23.21 SHOT widget id=board.tag impl=umg state=compact fighter=f-0-sk0 bbox=(825,438,909,460) geom=painted visible=1 twin=0 source=/Game/S08/UI/ArtHud/WBP_S08ArtTag mode=compact look=P1 shape=circle placement=above ring=0 order=3 bound=1 softPx2=0 planned=(825,438,909,460) frame=1079
2026.09.30-16.23.21 SHOT widget id=board.tag.hp impl=umg state=compact fighter=f-0-sk0 bbox=(881,440,905,458) geom=painted visible=1 twin=0 source=/Game/S08/UI/ArtHud/WBP_S08ArtTag mode=compact look=P1 shape=circle placement=above ring=0 order=3 bound=1 softPx2=0 planned=(825,438,909,460) frame=1079 font=11
2026.09.30-16.23.21 SHOT widget id=board.tag.bar impl=umg state=compact fighter=f-0-sk0 bbox=(844,447,878,452) geom=painted visible=1 twin=0 source=/Game/S08/UI/ArtHud/WBP_S08ArtTag mode=compact look=P1 shape=circle placement=above ring=0 order=3 bound=1 softPx2=0 planned=(825,438,909,460) frame=1079
2026.09.30-16.23.21 SHOT widget id=board.tag.chip impl=umg state=compact fighter=f-0-sk0 bbox=(829,443,841,455) geom=painted visible=1 twin=0 source=/Game/S08/UI/ArtHud/WBP_S08ArtTag mode=compact look=P1 shape=circle placement=above ring=0 order=3 bound=1 softPx2=0 planned=(825,438,909,460) frame=1079
2026.09.30-16.23.21 SHOT widget id=board.tag impl=umg state=compact fighter=f-0-sk1 bbox=(457,438,541,460) geom=painted visible=1 twin=0 source=/Game/S08/UI/ArtHud/WBP_S08ArtTag mode=compact look=P1 shape=circle placement=above ring=0 order=2 bound=1 softPx2=0 planned=(457,438,541,460) frame=1079
2026.09.30-16.23.21 SHOT widget id=board.tag.hp impl=umg state=compact fighter=f-0-sk1 bbox=(513,440,537,458) geom=painted visible=1 twin=0 source=/Game/S08/UI/ArtHud/WBP_S08ArtTag mode=compact look=P1 shape=circle placement=above ring=0 order=2 bound=1 softPx2=0 planned=(457,438,541,460) frame=1079 font=11
2026.09.30-16.23.21 SHOT widget id=board.tag.bar impl=umg state=compact fighter=f-0-sk1 bbox=(476,447,510,452) geom=painted visible=1 twin=0 source=/Game/S08/UI/ArtHud/WBP_S08ArtTag mode=compact look=P1 shape=circle placement=above ring=0 order=2 bound=1 softPx2=0 planned=(457,438,541,460) frame=1079
2026.09.30-16.23.21 SHOT widget id=board.tag.chip impl=umg state=compact fighter=f-0-sk1 bbox=(461,443,473,455) geom=painted visible=1 twin=0 source=/Game/S08/UI/ArtHud/WBP_S08ArtTag mode=compact look=P1 shape=circle placement=above ring=0 order=2 bound=1 softPx2=0 planned=(457,438,541,460) frame=1079
2026.09.30-16.23.21 SHOT widget id=board.tag impl=umg state=compact fighter=f-0-sk2 bbox=(1011,438,1095,460) geom=painted visible=1 twin=0 source=/Game/S08/UI/ArtHud/WBP_S08ArtTag mode=compact look=P1 shape=circle placement=above ring=0 order=4 bound=1 softPx2=0 planned=(1011,438,1095,460) frame=1079
2026.09.30-16.23.21 SHOT widget id=board.tag.hp impl=umg state=compact fighter=f-0-sk2 bbox=(1067,440,1091,458) geom=painted visible=1 twin=0 source=/Game/S08/UI/ArtHud/WBP_S08ArtTag mode=compact look=P1 shape=circle placement=above ring=0 order=4 bound=1 softPx2=0 planned=(1011,438,1095,460) frame=1079 font=11
2026.09.30-16.23.21 SHOT widget id=board.tag.bar impl=umg state=compact fighter=f-0-sk2 bbox=(1030,447,1064,452) geom=painted visible=1 twin=0 source=/Game/S08/UI/ArtHud/WBP_S08ArtTag mode=compact look=P1 shape=circle placement=above ring=0 order=4 bound=1 softPx2=0 planned=(1011,438,1095,460) frame=1079
2026.09.30-16.23.21 SHOT widget id=board.tag.chip impl=umg state=compact fighter=f-0-sk2 bbox=(1015,443,1027,455) geom=painted visible=1 twin=0 source=/Game/S08/UI/ArtHud/WBP_S08ArtTag mode=compact look=P1 shape=circle placement=above ring=0 order=4 bound=1 softPx2=0 planned=(1011,438,1095,460) frame=1079
2026.09.30-16.23.21 SHOT widget id=board.tag impl=umg state=compact fighter=f-1-hero bbox=(1188,409,1290,431) geom=painted visible=1 twin=0 source=/Game/S08/UI/ArtHud/WBP_S08ArtTag mode=compact look=P2 shape=hex placement=above ring=0 order=0 bound=1 softPx2=0 planned=(1188,409,1290,431) frame=1079
2026.09.30-16.23.21 SHOT widget id=board.tag.hp impl=umg state=compact fighter=f-1-hero bbox=(1244,411,1286,429) geom=painted visible=1 twin=0 source=/Game/S08/UI/ArtHud/WBP_S08ArtTag mode=compact look=P2 shape=hex placement=above ring=0 order=0 bound=1 softPx2=0 planned=(1188,409,1290,431) frame=1079 font=11
2026.09.30-16.23.21 SHOT widget id=board.tag.bar impl=umg state=compact fighter=f-1-hero bbox=(1207,418,1241,423) geom=painted visible=1 twin=0 source=/Game/S08/UI/ArtHud/WBP_S08ArtTag mode=compact look=P2 shape=hex placement=above ring=0 order=0 bound=1 softPx2=0 planned=(1188,409,1290,431) frame=1079
2026.09.30-16.23.21 SHOT widget id=board.tag.chip impl=umg state=compact fighter=f-1-hero bbox=(1192,414,1204,426) geom=painted visible=1 twin=0 source=/Game/S08/UI/ArtHud/WBP_S08ArtTag mode=compact look=P2 shape=hex placement=above ring=0 order=0 bound=1 softPx2=0 planned=(1188,409,1290,431) frame=1079
2026.09.30-16.23.21 SHOT widget id=board.tag impl=umg state=compact fighter=f-1-sk0 bbox=(1298,608,1382,630) geom=painted visible=1 twin=0 source=/Game/S08/UI/ArtHud/WBP_S08ArtTag mode=compact look=P2 shape=hex placement=right ring=0 order=5 bound=1 softPx2=0 planned=(1298,608,1382,630) frame=1079
2026.09.30-16.23.21 SHOT widget id=board.tag.hp impl=umg state=compact fighter=f-1-sk0 bbox=(1354,610,1378,628) geom=painted visible=1 twin=0 source=/Game/S08/UI/ArtHud/WBP_S08ArtTag mode=compact look=P2 shape=hex placement=right ring=0 order=5 bound=1 softPx2=0 planned=(1298,608,1382,630) frame=1079 font=11
2026.09.30-16.23.21 SHOT widget id=board.tag.bar impl=umg state=compact fighter=f-1-sk0 bbox=(1317,617,1351,622) geom=painted visible=1 twin=0 source=/Game/S08/UI/ArtHud/WBP_S08ArtTag mode=compact look=P2 shape=hex placement=right ring=0 order=5 bound=1 softPx2=0 planned=(1298,608,1382,630) frame=1079
2026.09.30-16.23.21 SHOT widget id=board.tag.chip impl=umg state=compact fighter=f-1-sk0 bbox=(1302,613,1314,625) geom=painted visible=1 twin=0 source=/Game/S08/UI/ArtHud/WBP_S08ArtTag mode=compact look=P2 shape=hex placement=right ring=0 order=5 bound=1 softPx2=0 planned=(1298,608,1382,630) frame=1079
2026.09.30-16.23.21 SHOT panel id=hud.command bbox=(0,0,393,69) geom=painted visible=1 frame=1079
2026.09.30-16.23.21 SHOT panel id=hud.side bbox=(1431,0,1920,121) geom=painted visible=1 frame=1079
2026.09.30-16.23.21 SHOT panel id=hud.hand bbox=(373,985,1547,1080) geom=painted visible=1 frame=1079
2026.09.30-16.23.21 SHOT late end file=phase2-board-joiner-1920x1080.png frame=1079
2026.09.30-16.23.21 game -> room=cmuobd93j0145wirc6jvnotay code=<redacted> status=IN_PROGRESS
2026.09.30-16.23.23 game -> room=cmuobd93j0145wirc6jvnotay code=<redacted> status=IN_PROGRESS
2026.09.30-16.23.24 PERF window t=35.1-40.1 frames=144 fps=28.78 frameMs avg=34.75 p50=33.33 p95=33.34 p99=33.37 max=236.59 hitches50=1 gpuMs avg=2.00 p50=1.98 p95=2.20 gameMs avg=3.01 p95=2.07 renderMs avg=3.64 p95=4.86
2026.09.30-16.23.26 game -> room=cmuobd93j0145wirc6jvnotay code=<redacted> status=IN_PROGRESS
2026.09.30-16.23.29 game -> room=cmuobd93j0145wirc6jvnotay code=<redacted> status=IN_PROGRESS
2026.09.30-16.23.29 PERF window t=40.1-45.1 frames=149 fps=29.79 frameMs avg=33.57 p50=33.33 p95=33.34 p99=33.36 max=68.46 hitches50=1 gpuMs avg=2.01 p50=1.97 p95=2.21 gameMs avg=1.45 p95=1.60 renderMs avg=3.14 p95=3.78
2026.09.30-16.23.32 game -> room=cmuobd93j0145wirc6jvnotay code=<redacted> status=IN_PROGRESS
2026.09.30-16.23.34 PERF summary scope=afterWarmup warmup=5 elapsed=50.0 frames=1343 fps=29.81 frameMs avg=33.54 p50=33.33 p95=33.33 p99=33.34 max=236.59 hitches50=3 gpuMs avg=1.92 p50=1.97 p95=2.49 gameMs avg=1.65 p95=1.77 renderMs avg=3.19 p95=4.10
2026.09.30-16.23.34 PERF summary scope=started elapsed=50.0 frames=1041 fps=29.76 frameMs avg=33.60 p50=33.33 p95=33.33 p99=33.34 max=236.59 hitches50=3 gpuMs avg=2.09 p50=1.98 p95=2.60 gameMs avg=1.74 p95=1.81 renderMs avg=3.43 p95=4.22
2026.09.30-16.23.34 PERF summary scope=artHud impl=umg elapsed=50.0 frames=0 fps=0.00 frameMs avg=0.00 p50=0.00 p95=0.00 p99=0.00 max=0.00 hitches50=0 gpuMs avg=0.00 p50=0.00 p95=0.00 gameMs avg=0.00 p95=0.00 renderMs avg=0.00 p95=0.00
2026.09.30-16.23.34 --- S08 trace close ---
