2026.09.29-05.16.51 --- S08 trace open 2026.09.29-05.16.51 ---
2026.09.29-05.16.51 HUD icon texture size=48 ready=1 path=/Game/ArtTests/ARTMarkers/Textures/T_UI_Action_Attack_48 texture=48x48 probe=1 plate=1
2026.09.29-05.16.51 HUD alternate config periodS=3.0 startAt=34.0 first=umg
2026.09.29-05.16.51 HUD art widget plate impl=umg source=/Game/S08/UI/ArtHud/WBP_S08ArtPlate class=/Game/S08/UI/ArtHud/WBP_S08ArtPlate.WBP_S08ArtPlate_C parts=1 missing=- codeDefaultTree=0
2026.09.29-05.16.51 HUD art widget icon impl=umg source=/Game/S08/UI/ArtHud/WBP_S08ArtIcon class=/Game/S08/UI/ArtHud/WBP_S08ArtIcon.WBP_S08ArtIcon_C parts=1 missing=- codeDefaultTree=0
2026.09.29-05.16.51 RENDER preset applied=High flag=S08RenderPreset
2026.09.29-05.16.51 LOGIN ok user=art-preview-host
2026.09.29-05.16.54 HEROES loaded 84
2026.09.29-05.16.55 createGame -> room=cmum856ys00r1wilk74erquge code=<redacted> status=LOBBY
2026.09.29-05.16.56 PERF config tMaxFPS=30.0 frameRateLimit=60.0 vsync=0 smoothFrameRate=0 fixedFrameRate=0 rhi=D3D12
2026.09.29-05.16.56 RENDER tag=PERF rhi=D3D12 featureLevel=SM6 shaderPlatform=PCD3D_SM6 lumenPlatform=1 gi=lumen giMethod=1 refl=lumen reflMethod=1 shadows=csm vsmEnable=0 sg.res=100 sg.view=2 sg.aa=2 sg.shadow=2 sg.gi=2 sg.refl=2 sg.pp=2 sg.tex=2 sg.fx=2 sg.foliage=2 sg.shading=2 sg.landscape=2 preset=High screenPct=100.0 screenPctMode=0 aa=TSR aaMethod=4 exposure=engine-default expMin=1.00000 expMax=1.00000 expBias=1.000 ev100=0.00 lightUnits=- sky=0 skyIntensity=0.000 keyShadow=- shadowCasters=0 profile=- profilesSha256=- profilesSource=- legacyRender=0 gameLayer=unlit-eyeadaptinv tMaxFPS=30.0 vsync=0 frameRateLimit=60.0 substrate=0 nanite=1 meshDF=1 viewport=1920x1080 reference=0 notReference=noArtProfile,exposure,lightUnits,profilesSource
2026.09.29-05.16.56 PERF window t=0.0-5.1 frames=150 fps=29.69 frameMs avg=33.68 p50=33.39 p95=34.47 p99=41.14 max=47.01 hitches50=0 gpuMs avg=1.72 p50=1.33 p95=3.90 gameMs avg=2.51 p95=2.99 renderMs avg=2871.50 p95=6.10
2026.09.29-05.16.57 game -> room=cmum856ys00r1wilk74erquge code=<redacted> status=LOBBY
2026.09.29-05.16.57 selectHero -> room=cmum856ys00r1wilk74erquge code=<redacted> status=LOBBY
2026.09.29-05.17.00 game -> room=cmum856ys00r1wilk74erquge code=<redacted> status=LOBBY
2026.09.29-05.17.00 toggleReady -> room=cmum856ys00r1wilk74erquge code=<redacted> status=LOBBY
2026.09.29-05.17.01 PERF window t=5.1-10.1 frames=150 fps=29.80 frameMs avg=33.55 p50=33.34 p95=33.91 p99=35.56 max=49.80 hitches50=0 gpuMs avg=1.32 p50=1.29 p95=1.56 gameMs avg=2.25 p95=3.01 renderMs avg=4.75 p95=5.57
2026.09.29-05.17.03 game -> room=cmum856ys00r1wilk74erquge code=<redacted> status=LOBBY
2026.09.29-05.17.06 PERF window t=10.1-15.1 frames=150 fps=29.82 frameMs avg=33.54 p50=33.37 p95=34.08 p99=36.31 max=40.43 hitches50=0 gpuMs avg=1.36 p50=1.30 p95=1.63 gameMs avg=2.29 p95=3.08 renderMs avg=4.75 p95=5.15
2026.09.29-05.17.06 game -> room=cmum856ys00r1wilk74erquge code=<redacted> status=LOBBY
2026.09.29-05.17.09 game -> room=cmum856ys00r1wilk74erquge code=<redacted> status=LOBBY
2026.09.29-05.17.11 PERF window t=15.1-20.1 frames=148 fps=29.55 frameMs avg=33.85 p50=33.34 p95=34.41 p99=46.64 max=47.98 hitches50=0 gpuMs avg=1.30 p50=1.28 p95=1.44 gameMs avg=2.26 p95=3.17 renderMs avg=4.38 p95=5.26
2026.09.29-05.17.12 game -> room=cmum856ys00r1wilk74erquge code=<redacted> status=LOBBY
2026.09.29-05.17.15 game -> room=cmum856ys00r1wilk74erquge code=<redacted> status=LOBBY
2026.09.29-05.17.16 PERF window t=20.1-25.1 frames=150 fps=29.87 frameMs avg=33.47 p50=33.35 p95=33.88 p99=34.32 max=35.88 hitches50=0 gpuMs avg=1.29 p50=1.29 p95=1.37 gameMs avg=2.32 p95=3.23 renderMs avg=4.77 p95=5.24
2026.09.29-05.17.17 startGame -> room=cmum856ys00r1wilk74erquge code=<redacted> status=IN_PROGRESS
2026.09.29-05.17.17 SNAPSHOT applied seq=1 phase=ACTION_MANEUVER
2026.09.29-05.17.17 HANDLE_APPLIED #1 seq=1 decision=2 fightersValid=1 boardValid=1
2026.09.29-05.17.17 MODE seq=1 mode=0 combat=0 pending=0
2026.09.29-05.17.17 HUD seq=1 phase=ACTION_MANEUVER turn=you hand=5 oppHand=5(hidden) oppDeck=25 deck=25 discard=0
2026.09.29-05.17.17 ARTPREVIEW board profiles loaded=1 revision=2 boards=3 zoneStyles=11 lightProfiles=3 errors=0 path=Config/ArtBoards/S08ArtBoardProfiles.json
2026.09.29-05.17.17 ARTPREVIEW board profiles source=pak sha256=91ea86be522212fc770a33e3c9ac66f1cfde90c720c609bdc6bd29589965eaa5
2026.09.29-05.17.17 ARTPREVIEW game layer material=M_S08_GameLayerUnlit unlitEyeAdaptInv=1 legacyRender=0
2026.09.29-05.17.17 ARTPREVIEW Cobble assets ready
2026.09.29-05.17.17 ARTPREVIEW board assets ready cobbleMesh=1 tiles=1 zoneMaterials=2
2026.09.29-05.17.17 ARTPREVIEW medusa candidate variant=face-neck-v2 mesh=SK_Medusa_FaceNeck_v2Candidate requested=face-neck-v2
2026.09.29-05.17.17 ARTPREVIEW board profile=cobble-city match=boardId board=5x6 boardId=cmuhgs4b2001mwik4f2b2xtf8 surface=cobble-5x6-mesh light=cobble-probe artFixture=0
2026.09.29-05.17.17 ARTPREVIEW light profile=cobble-probe name=key role=key kind=directional at=(-350,-150,600) intensity=4.5 units=lux radius=0 color=(1.00,1.00,1.00) shadow=1
2026.09.29-05.17.17 ARTPREVIEW light profile=cobble-probe name=warm role=warm kind=point at=(260,-300,250) intensity=85 units=candelas radius=450 color=(1.00,1.00,1.00) shadow=0
2026.09.29-05.17.17 ARTPREVIEW sky profile=cobble-probe cubemap=/Game/S08/Render/TC_S08_AmbientDome loaded=1 spawned=1 intensity=11.2 color=(1.00,1.00,1.00) lowerBlack=0
2026.09.29-05.17.17 ARTPREVIEW exposure profile=cobble-probe method=histogram-fixed min=2.46229 max=2.46229 bias=0.000 ev100=1.30 volume=1
2026.09.29-05.17.17 ARTPREVIEW lights applied profile=cobble-probe directional=1 shadow=1 points=1 pointShadows=0 budgetOk=1
2026.09.29-05.17.17 ARTPREVIEW render profile=cobble-probe units=candelas sky=1 exposure=1 keyShadow=csm-3000uu-2c-contact0.000 shadowCasters=1 legacyRender=0
2026.09.29-05.17.17 ARTPREVIEW Cobble probe lights key=4.5 fill=0 warm=85
2026.09.29-05.17.17 ARTPREVIEW Cobble active 5x6 zones=30 blue=15 red=15 blueMarks=15 redMarks=45
2026.09.29-05.17.17 ARTPREVIEW board active profile=cobble-city 5x6 surface=cobble-5x6-mesh cells=30 zoneCells=30 multizone=0 triple=0 obstacles=0 zoneKeys=2 strokes=60 glyphs=45 surfaceParts=0 glyphMaterial=zone expectOk=1
2026.09.29-05.17.17 ARTPREVIEW board zone key=blue cells=15 stroke=solid glyph=diamond color=#3B78D8 ismUsage=1 strokePieces=15 glyphPieces=15 fallback=0
2026.09.29-05.17.17 ARTPREVIEW board zone key=red cells=15 stroke=dash3 glyph=bars2 color=#D8453B ismUsage=1 strokePieces=45 glyphPieces=30 fallback=0
2026.09.29-05.17.17 ARTPREVIEW board multizone cells=0 zonesListed=0 zonesMarked=0
2026.09.29-05.17.17 CAMERA dist=1931 loc=(0,1107,1582) pitch=-55 yaw=-90
2026.09.29-05.17.17 CAMERA config overview=1930.8 nearest=300.0 farthest=2970.4 zoomRange=0.65-6.44 minDist=300.0 outRatio=0.650 step=1.250 animMs=200 returnMs=300 followFrom=1.20 source=defaults issues=0
2026.09.29-05.17.17 BOARD 5x6 cells | control points: (0,0)=(-200,-250,0) (4,5)=(200,250,0) | neighbor pair (dist 100 uu)
2026.09.29-05.17.17 ARTPREVIEW click capsule fighter=f-0-hero mesh=SK_Medusa_FaceNeck_v2Candidate physicsAsset=0 radius=12.5 halfHeight=27.5 top=55.0 bodyCollision=0 source=meshBounds
2026.09.29-05.17.17 ARTPREVIEW fighter=Medusa hero=1 eligible=1 visual=1 mesh=SK_Medusa_FaceNeck_v2Candidate
2026.09.29-05.17.17 ARTPREVIEW click capsule fighter=f-0-sk0 mesh=SM_ART003_Harpy physicsAsset=0 radius=20.0 halfHeight=21.0 top=42.0 bodyCollision=0 source=meshBounds
2026.09.29-05.17.17 ARTPREVIEW click capsule fighter=f-0-sk1 mesh=SM_ART003_Harpy physicsAsset=0 radius=20.0 halfHeight=21.0 top=42.0 bodyCollision=0 source=meshBounds
2026.09.29-05.17.17 ARTPREVIEW click capsule fighter=f-0-sk2 mesh=SM_ART003_Harpy physicsAsset=0 radius=20.0 halfHeight=21.0 top=42.0 bodyCollision=0 source=meshBounds
2026.09.29-05.17.17 ARTPREVIEW click capsule fighter=f-1-hero mesh=SM_ART003_Arthur physicsAsset=0 radius=17.8 halfHeight=28.0 top=56.0 bodyCollision=0 source=meshBounds
2026.09.29-05.17.17 ARTPREVIEW click capsule fighter=f-1-sk0 mesh=SM_ART003_Merlin physicsAsset=0 radius=14.7 halfHeight=30.8 top=61.5 bodyCollision=0 source=meshBounds
2026.09.29-05.17.17 FIGHTERS synced n=6 alive=6 own=4 enemy=2
2026.09.29-05.17.17 STATE seq=1 -> apply
2026.09.29-05.17.17 HUD art layer plate=1 iconSize=48 iconTexture=1 iconProbe=1 plan=0
2026.09.29-05.17.17 HUD art impl=alternate plateViews=umg:/Game/S08/UI/ArtHud/WBP_S08ArtPlate,slate:slate iconViews=umg:/Game/S08/UI/ArtHud/WBP_S08ArtIcon,slate:slate textTable=S08ArtHud entries=13 missingKeys=0
2026.09.29-05.17.17 SUBSCRIBED gameStateUpdated since=1
2026.09.29-05.17.17 ARTPREVIEW icon probe src=flag target=f-1-hero size=48
2026.09.29-05.17.17 ICON fighter=f-1-hero bbox=(936,465,984,513) size=48 src=flag labelAvoid=1 hudAvoid=0
2026.09.29-05.17.17 SNAPSHOT applied seq=1 phase=ACTION_MANEUVER
2026.09.29-05.17.17 HANDLE_APPLIED #2 seq=1 decision=1 fightersValid=1 boardValid=1
2026.09.29-05.17.17 MODE seq=1 mode=0 combat=0 pending=0
2026.09.29-05.17.17 HUD seq=1 phase=ACTION_MANEUVER turn=you hand=5 oppHand=5(hidden) oppDeck=25 deck=25 discard=0
2026.09.29-05.17.17 ARTPREVIEW fighter=Medusa hero=1 eligible=1 visual=1 mesh=SK_Medusa_FaceNeck_v2Candidate
2026.09.29-05.17.17 FIGHTERS synced n=6 alive=6 own=4 enemy=2
2026.09.29-05.17.17 WS seq=1 phase=ACTION_MANEUVER (merge)
2026.09.29-05.17.18 game -> room=cmum856ys00r1wilk74erquge code=<redacted> status=IN_PROGRESS
2026.09.29-05.17.19 ARTPREVIEW selection ring shown fighter=Medusa mesh=SM_Marker_SelectionRing
2026.09.29-05.17.19 ARTPREVIEW reachable corners cells=13 placed=1
2026.09.29-05.17.19 ARTPREVIEW selection ownHero=1 selected=1 fighter=Medusa reachable=14 fighterId=f-0-hero
2026.09.29-05.17.19 INPUT select src=flag fighter=f-0-hero flag=ArtPreviewSelectOwnHero
2026.09.29-05.17.19 ARTPREVIEW camera focus requested zoom=5.00 overview=1931 target=386
2026.09.29-05.17.19 INPUT zoom src=flag zoom=5.00 flag=ArtPreviewFocusZoom
2026.09.29-05.17.19 CAMERA focus src=flag from=1930.8 to=386.2 requested=386.2 zoom=5.00 clamp=0 limit=none animMs=200
2026.09.29-05.17.19 HUD plate content fighter=f-0-hero name=Medusa hp=16/16 team=own statuses=HERO  |  MELEE
2026.09.29-05.17.19 ICON fighter=f-1-hero bbox=(936,805,984,853) size=48 src=flag labelAvoid=0 hudAvoid=0
2026.09.29-05.17.19 PLATE fighter=f-0-hero bbox=(1096,472,1268,526) overlapReachable=0 placement=right ring=0 gap=6 selection=f-0-hero destinations=13 clean=1 softPx2=0 tested=228
2026.09.29-05.17.19 CAMERA settled elapsed=28.20 dist=386.2 target=386.2 errPct=0.000 focusErr=0.00 focus=(0,-50,28)
2026.09.29-05.17.19 ICON fighter=f-1-hero bbox=(936,933,984,981) size=48 src=flag labelAvoid=0 hudAvoid=1
2026.09.29-05.17.19 PLATE fighter=f-0-hero bbox=(1139,494,1311,548) overlapReachable=0 placement=right ring=0 gap=6 selection=f-0-hero destinations=13 clean=1 softPx2=0 tested=278
2026.09.29-05.17.21 SHOT ctx viewport=1920x1080 viewTarget=CameraActor_2147482364 cam=(0,171,344) rot=(-55,-90,0)
2026.09.29-05.17.21 RENDER tag=SHOT rhi=D3D12 featureLevel=SM6 shaderPlatform=PCD3D_SM6 lumenPlatform=1 gi=lumen giMethod=1 refl=lumen reflMethod=1 shadows=csm vsmEnable=0 sg.res=100 sg.view=2 sg.aa=2 sg.shadow=2 sg.gi=2 sg.refl=2 sg.pp=2 sg.tex=2 sg.fx=2 sg.foliage=2 sg.shading=2 sg.landscape=2 preset=High screenPct=100.0 screenPctMode=0 aa=TSR aaMethod=4 exposure=fixed-histogram expMin=2.46229 expMax=2.46229 expBias=0.000 ev100=1.30 lightUnits=candelas sky=1 skyIntensity=11.200 keyShadow=csm-3000uu-2c-contact0.000 shadowCasters=1 profile=cobble-probe profilesSha256=91ea86be522212fc770a33e3c9ac66f1cfde90c720c609bdc6bd29589965eaa5 profilesSource=pak legacyRender=0 gameLayer=unlit-eyeadaptinv tMaxFPS=30.0 vsync=0 frameRateLimit=60.0 substrate=0 nanite=1 meshDF=1 viewport=1920x1080 reference=1
2026.09.29-05.17.21 SHOT fighter f-0-hero pos=(2,2) world=(0,-50,0) screen=(960,660) projected=1 alive=1
2026.09.29-05.17.21 SHOT fighter f-0-sk0 pos=(3,2) world=(100,-50,0) screen=(1704,660) projected=1 alive=1
2026.09.29-05.17.21 SHOT fighter f-0-sk1 pos=(2,1) world=(0,-150,0) screen=(960,110) projected=1 alive=1
2026.09.29-05.17.21 SHOT fighter f-0-sk2 pos=(1,2) world=(-100,-50,0) screen=(216,660) projected=1 alive=1
2026.09.29-05.17.21 SHOT fighter f-1-hero pos=(2,3) world=(0,50,0) screen=(960,1388) projected=1 alive=1
2026.09.29-05.17.21 SHOT fighter f-1-sk0 pos=(3,3) world=(100,50,0) screen=(1826,1388) projected=1 alive=1
2026.09.29-05.17.21 SHOT camera dist=386.2 target=386.2 overview=1930.8 errPct=0.000 focusErr=0.00 settled=1 zoom=5.00
2026.09.29-05.17.21 SHOT head fighter=f-0-hero socket=Head mesh=SK_Medusa_FaceNeck_v2Candidate world=(0.0,-46.0,38.5) screen=(960.0,517.7) top=(960.0,489.1) bottom=(960.0,545.6) headPx=56.4 projected=1
2026.09.29-05.17.21 SHOT selection fighter=f-0-hero ownCell=(2,2) legal=14 destinations=13 ownCellExcluded=1 plateFighter=f-0-hero
2026.09.29-05.17.21 SHOT reachable fighter=f-0-hero n=13 cells=(1,0)(2,0)(3,0)(0,1)(1,1)(3,1)(4,1)(0,2)(4,2)(0,3)(1,3)(4,3)(1,4)
2026.09.29-05.17.21 SHOT plate fighter=f-0-hero bbox=(1139,494,1311,548) overlapReachable=0 placement=right gap=6 anchor=(787,282,1133,788) planned=(1139,494,1311,548) geom=painted stableFrames=53
2026.09.29-05.17.21 SHOT icon fighter=f-1-hero bbox=(936,933,984,981) size=48 src=flag planned=(936,933,984,981) geom=painted
2026.09.29-05.17.21 SHOT widget id=plate impl=umg state=own fighter=f-0-hero bbox=(1139,494,1311,548) geom=painted visible=1 twin=0 source=/Game/S08/UI/ArtHud/WBP_S08ArtPlate
2026.09.29-05.17.21 SHOT widget id=plate.marker impl=umg state=own fighter=f-0-hero bbox=(1139,494,1311,497) geom=painted visible=1 twin=0 source=/Game/S08/UI/ArtHud/WBP_S08ArtPlate
2026.09.29-05.17.21 SHOT widget id=plate.name impl=umg state=own fighter=f-0-hero bbox=(1145,499,1260,518) geom=painted visible=1 twin=0 source=/Game/S08/UI/ArtHud/WBP_S08ArtPlate
2026.09.29-05.17.21 SHOT widget id=plate.team impl=umg state=own fighter=f-0-hero bbox=(1260,502,1305,515) geom=painted visible=1 twin=0 source=/Game/S08/UI/ArtHud/WBP_S08ArtPlate
2026.09.29-05.17.21 SHOT widget id=plate.hpbar impl=umg state=own fighter=f-0-hero bbox=(1145,524,1241,531) geom=painted visible=1 twin=0 source=/Game/S08/UI/ArtHud/WBP_S08ArtPlate
2026.09.29-05.17.21 SHOT widget id=plate.hpfill impl=umg state=own fighter=f-0-hero bbox=(1145,524,1241,531) geom=painted visible=1 twin=0 source=/Game/S08/UI/ArtHud/WBP_S08ArtPlate
2026.09.29-05.17.21 SHOT widget id=plate.hp impl=umg state=own fighter=f-0-hero bbox=(1247,520,1300,535) geom=painted visible=1 twin=0 source=/Game/S08/UI/ArtHud/WBP_S08ArtPlate
2026.09.29-05.17.21 SHOT widget id=plate.status impl=umg state=own fighter=f-0-hero bbox=(1145,537,1305,550) geom=painted visible=1 twin=0 source=/Game/S08/UI/ArtHud/WBP_S08ArtPlate
2026.09.29-05.17.21 SHOT widget id=icon impl=umg state=flag fighter=f-1-hero bbox=(936,933,984,981) geom=painted visible=1 twin=0 source=/Game/S08/UI/ArtHud/WBP_S08ArtIcon
2026.09.29-05.17.21 SHOT label fighter=f-0-sk0 mode=compact bbox=(1724,432,1848,446)
2026.09.29-05.17.21 SHOT label fighter=f-0-sk1 mode=compact bbox=(908,-140,1012,-126)
2026.09.29-05.17.21 SHOT label fighter=f-0-sk2 mode=compact bbox=(72,432,196,446)
2026.09.29-05.17.21 SHOT label fighter=f-1-hero mode=compact bbox=(880,1137,1040,1147)
2026.09.29-05.17.21 SHOT label fighter=f-1-sk0 mode=compact bbox=(1875,1215,2003,1227)
2026.09.29-05.17.21 SHOT requested: FScreenshotRequest(bShowUI) -> C:\Users\ren\AppData\Local\Temp\s08-phase2-20260929-101641-59128\phase2-board-host-1920x1080.png
2026.09.29-05.17.21 PERF window t=25.1-30.4 frames=142 fps=27.08 frameMs avg=36.92 p50=33.34 p95=34.09 p99=106.90 max=386.14 hitches50=3 gpuMs avg=1.83 p50=1.98 p95=2.30 gameMs avg=3.39 p95=5.87 renderMs avg=6.75 p95=7.07
2026.09.29-05.17.21 game -> room=cmum856ys00r1wilk74erquge code=<redacted> status=IN_PROGRESS
2026.09.29-05.17.24 game -> room=cmum856ys00r1wilk74erquge code=<redacted> status=IN_PROGRESS
2026.09.29-05.17.25 HUD alternate swap=1 active=umg elapsed=34.03
2026.09.29-05.17.26 PERF window t=30.4-35.4 frames=149 fps=29.76 frameMs avg=33.61 p50=33.38 p95=33.98 p99=37.82 max=45.93 hitches50=0 gpuMs avg=2.05 p50=2.03 p95=2.23 gameMs avg=5.21 p95=3.75 renderMs avg=6.48 p95=7.10
2026.09.29-05.17.27 game -> room=cmum856ys00r1wilk74erquge code=<redacted> status=IN_PROGRESS
2026.09.29-05.17.28 HUD alternate period=1 impl=umg frames=84 gameAvg=2.884 gameP50=2.806 gameP95=3.553 gpuP95=2.269
2026.09.29-05.17.28 HUD alternate swap=2 active=slate elapsed=37.04
2026.09.29-05.17.31 game -> room=cmum856ys00r1wilk74erquge code=<redacted> status=IN_PROGRESS
2026.09.29-05.17.31 HUD alternate period=2 impl=slate frames=84 gameAvg=2.680 gameP50=2.432 gameP95=3.827 gpuP95=2.380
2026.09.29-05.17.31 HUD alternate swap=3 active=umg elapsed=40.07
2026.09.29-05.17.31 PERF window t=35.4-40.4 frames=149 fps=29.74 frameMs avg=33.62 p50=33.35 p95=34.24 p99=38.65 max=43.31 hitches50=0 gpuMs avg=2.09 p50=2.04 p95=2.38 gameMs avg=2.78 p95=3.89 renderMs avg=6.12 p95=7.04
2026.09.29-05.17.33 game -> room=cmum856ys00r1wilk74erquge code=<redacted> status=IN_PROGRESS
2026.09.29-05.17.34 HUD alternate period=3 impl=umg frames=76 gameAvg=4.295 gameP50=2.934 gameP95=7.200 gpuP95=2.261
2026.09.29-05.17.34 HUD alternate swap=4 active=slate elapsed=43.07
2026.09.29-05.17.36 PERF window t=40.4-45.4 frames=142 fps=28.37 frameMs avg=35.25 p50=33.37 p95=34.03 p99=44.15 max=274.82 hitches50=1 gpuMs avg=2.05 p50=2.01 p95=2.25 gameMs avg=3.83 p95=7.20 renderMs avg=6.71 p95=7.57
2026.09.29-05.17.37 game -> room=cmum856ys00r1wilk74erquge code=<redacted> status=IN_PROGRESS
2026.09.29-05.17.37 HUD alternate period=4 impl=slate frames=84 gameAvg=3.059 gameP50=2.769 gameP95=4.199 gpuP95=2.233
2026.09.29-05.17.37 HUD alternate swap=5 active=umg elapsed=46.08
2026.09.29-05.17.40 game -> room=cmum856ys00r1wilk74erquge code=<redacted> status=IN_PROGRESS
2026.09.29-05.17.40 HUD alternate period=5 impl=umg frames=84 gameAvg=2.960 gameP50=2.837 gameP95=3.603 gpuP95=2.213
2026.09.29-05.17.40 HUD alternate swap=6 active=slate elapsed=49.09
2026.09.29-05.17.41 PERF window t=45.4-50.4 frames=150 fps=29.88 frameMs avg=33.47 p50=33.39 p95=33.93 p99=34.33 max=34.59 hitches50=0 gpuMs avg=2.03 p50=1.99 p95=2.24 gameMs avg=2.89 p95=3.60 renderMs avg=6.65 p95=7.39
2026.09.29-05.17.43 game -> room=cmum856ys00r1wilk74erquge code=<redacted> status=IN_PROGRESS
2026.09.29-05.17.43 HUD alternate period=6 impl=slate frames=84 gameAvg=2.921 gameP50=2.739 gameP95=4.300 gpuP95=2.240
2026.09.29-05.17.43 HUD alternate swap=7 active=umg elapsed=52.11
2026.09.29-05.17.46 game -> room=cmum856ys00r1wilk74erquge code=<redacted> status=IN_PROGRESS
2026.09.29-05.17.46 HUD alternate period=7 impl=umg frames=84 gameAvg=2.655 gameP50=2.515 gameP95=3.846 gpuP95=2.360
2026.09.29-05.17.46 HUD alternate swap=8 active=slate elapsed=55.13
2026.09.29-05.17.46 PERF window t=50.4-55.4 frames=149 fps=29.79 frameMs avg=33.57 p50=33.34 p95=33.98 p99=38.14 max=45.91 hitches50=0 gpuMs avg=2.09 p50=2.05 p95=2.33 gameMs avg=2.81 p95=4.30 renderMs avg=6.49 p95=7.82
2026.09.29-05.17.49 game -> room=cmum856ys00r1wilk74erquge code=<redacted> status=IN_PROGRESS
2026.09.29-05.17.49 HUD alternate period=8 impl=slate frames=84 gameAvg=3.030 gameP50=2.931 gameP95=3.734 gpuP95=2.225
2026.09.29-05.17.49 HUD alternate swap=9 active=umg elapsed=58.15
2026.09.29-05.17.51 PERF window t=55.4-60.5 frames=150 fps=29.81 frameMs avg=33.55 p50=33.39 p95=34.16 p99=35.69 max=37.76 hitches50=0 gpuMs avg=2.06 p50=2.03 p95=2.22 gameMs avg=3.08 p95=3.89 renderMs avg=6.96 p95=7.79
2026.09.29-05.17.52 game -> room=cmum856ys00r1wilk74erquge code=<redacted> status=IN_PROGRESS
2026.09.29-05.17.52 HUD alternate period=9 impl=umg frames=84 gameAvg=3.170 gameP50=2.937 gameP95=4.138 gpuP95=2.222
2026.09.29-05.17.52 HUD alternate swap=10 active=slate elapsed=61.17
2026.09.29-05.17.55 game -> room=cmum856ys00r1wilk74erquge code=<redacted> status=IN_PROGRESS
2026.09.29-05.17.55 HUD alternate period=10 impl=slate frames=84 gameAvg=2.768 gameP50=2.618 gameP95=3.446 gpuP95=2.291
2026.09.29-05.17.55 HUD alternate swap=11 active=umg elapsed=64.20
2026.09.29-05.17.56 PERF window t=60.5-65.5 frames=149 fps=29.75 frameMs avg=33.61 p50=33.35 p95=34.37 p99=40.47 max=41.47 hitches50=0 gpuMs avg=2.08 p50=2.03 p95=2.38 gameMs avg=2.72 p95=3.83 renderMs avg=6.02 p95=7.42
2026.09.29-05.17.58 game -> room=cmum856ys00r1wilk74erquge code=<redacted> status=IN_PROGRESS
2026.09.29-05.17.58 HUD alternate period=11 impl=umg frames=84 gameAvg=2.346 gameP50=2.337 gameP95=3.367 gpuP95=2.594
2026.09.29-05.17.58 HUD alternate swap=12 active=slate elapsed=67.23
2026.09.29-05.18.01 game -> room=cmum856ys00r1wilk74erquge code=<redacted> status=IN_PROGRESS
2026.09.29-05.18.01 HUD alternate period=12 impl=slate frames=84 gameAvg=2.798 gameP50=2.577 gameP95=3.469 gpuP95=2.227
2026.09.29-05.18.01 HUD alternate swap=13 active=umg elapsed=70.26
2026.09.29-05.18.01 PERF window t=65.5-70.5 frames=149 fps=29.71 frameMs avg=33.66 p50=33.34 p95=34.12 p99=43.29 max=46.83 hitches50=0 gpuMs avg=2.09 p50=2.05 p95=2.28 gameMs avg=2.71 p95=3.47 renderMs avg=6.19 p95=7.07
2026.09.29-05.18.04 game -> room=cmum856ys00r1wilk74erquge code=<redacted> status=IN_PROGRESS
2026.09.29-05.18.04 HUD alternate period=13 impl=umg frames=84 gameAvg=2.738 gameP50=2.545 gameP95=3.399 gpuP95=2.258
2026.09.29-05.18.04 HUD alternate swap=14 active=slate elapsed=73.26
2026.09.29-05.18.06 PERF window t=70.5-75.5 frames=150 fps=29.91 frameMs avg=33.44 p50=33.34 p95=33.83 p99=34.37 max=35.45 hitches50=0 gpuMs avg=2.08 p50=2.05 p95=2.26 gameMs avg=2.75 p95=3.52 renderMs avg=6.68 p95=7.33
2026.09.29-05.18.07 game -> room=cmum856ys00r1wilk74erquge code=<redacted> status=IN_PROGRESS
2026.09.29-05.18.07 HUD alternate period=14 impl=slate frames=84 gameAvg=2.782 gameP50=2.704 gameP95=3.435 gpuP95=2.256
2026.09.29-05.18.07 HUD alternate swap=15 active=umg elapsed=76.28
2026.09.29-05.18.10 game -> room=cmum856ys00r1wilk74erquge code=<redacted> status=IN_PROGRESS
2026.09.29-05.18.10 HUD alternate period=15 impl=umg frames=83 gameAvg=2.687 gameP50=2.530 gameP95=3.637 gpuP95=2.403
2026.09.29-05.18.10 HUD alternate swap=16 active=slate elapsed=79.28
2026.09.29-05.18.11 PERF window t=75.5-80.5 frames=149 fps=29.66 frameMs avg=33.72 p50=33.34 p95=34.24 p99=45.81 max=47.32 hitches50=0 gpuMs avg=2.08 p50=2.04 p95=2.30 gameMs avg=2.81 p95=4.11 renderMs avg=6.28 p95=7.37
2026.09.29-05.18.13 game -> room=cmum856ys00r1wilk74erquge code=<redacted> status=IN_PROGRESS
2026.09.29-05.18.13 HUD alternate period=16 impl=slate frames=84 gameAvg=2.897 gameP50=2.831 gameP95=3.721 gpuP95=2.181
2026.09.29-05.18.13 HUD alternate swap=17 active=umg elapsed=82.30
2026.09.29-05.18.16 game -> room=cmum856ys00r1wilk74erquge code=<redacted> status=IN_PROGRESS
2026.09.29-05.18.16 HUD alternate period=17 impl=umg frames=84 gameAvg=2.820 gameP50=2.630 gameP95=3.560 gpuP95=2.260
2026.09.29-05.18.16 HUD alternate swap=18 active=slate elapsed=85.31
2026.09.29-05.18.16 PERF window t=80.5-85.5 frames=150 fps=29.90 frameMs avg=33.44 p50=33.35 p95=33.94 p99=34.30 max=34.44 hitches50=0 gpuMs avg=2.07 p50=2.04 p95=2.24 gameMs avg=2.87 p95=3.60 renderMs avg=6.71 p95=7.34
2026.09.29-05.18.19 game -> room=cmum856ys00r1wilk74erquge code=<redacted> status=IN_PROGRESS
2026.09.29-05.18.19 HUD alternate period=18 impl=slate frames=84 gameAvg=2.991 gameP50=2.864 gameP95=3.693 gpuP95=2.227
2026.09.29-05.18.19 HUD alternate swap=19 active=umg elapsed=88.32
2026.09.29-05.18.21 PERF window t=85.5-90.6 frames=150 fps=29.90 frameMs avg=33.44 p50=33.35 p95=33.86 p99=34.32 max=34.54 hitches50=0 gpuMs avg=2.07 p50=2.04 p95=2.26 gameMs avg=3.04 p95=3.86 renderMs avg=6.85 p95=7.55
2026.09.29-05.18.22 game -> room=cmum856ys00r1wilk74erquge code=<redacted> status=IN_PROGRESS
2026.09.29-05.18.22 HUD alternate period=19 impl=umg frames=84 gameAvg=3.141 gameP50=2.979 gameP95=4.031 gpuP95=2.323
2026.09.29-05.18.22 HUD alternate swap=20 active=slate elapsed=91.35
2026.09.29-05.18.25 game -> room=cmum856ys00r1wilk74erquge code=<redacted> status=IN_PROGRESS
2026.09.29-05.18.25 HUD alternate period=20 impl=slate frames=84 gameAvg=3.087 gameP50=2.802 gameP95=4.319 gpuP95=2.227
2026.09.29-05.18.25 HUD alternate swap=21 active=umg elapsed=94.36
2026.09.29-05.18.26 PERF window t=90.6-95.6 frames=149 fps=29.78 frameMs avg=33.58 p50=33.39 p95=33.97 p99=37.95 max=42.16 hitches50=0 gpuMs avg=2.06 p50=2.02 p95=2.26 gameMs avg=3.06 p95=4.32 renderMs avg=6.73 p95=7.73
2026.09.29-05.18.28 game -> room=cmum856ys00r1wilk74erquge code=<redacted> status=IN_PROGRESS
2026.09.29-05.18.28 HUD alternate period=21 impl=umg frames=84 gameAvg=2.866 gameP50=2.728 gameP95=3.543 gpuP95=2.254
2026.09.29-05.18.28 HUD alternate swap=22 active=slate elapsed=97.38
2026.09.29-05.18.31 PERF summary scope=afterWarmup warmup=5 elapsed=100.0 frames=2810 fps=29.57 frameMs avg=33.82 p50=33.35 p95=34.05 p99=37.82 max=386.14 hitches50=4 gpuMs avg=1.90 p50=2.00 p95=2.26 gameMs avg=2.94 p95=3.79 renderMs avg=6.15 p95=7.39
2026.09.29-05.18.31 PERF summary scope=started elapsed=100.0 frames=2173 fps=29.51 frameMs avg=33.89 p50=33.35 p95=34.05 p99=37.95 max=386.14 hitches50=4 gpuMs avg=2.07 p50=2.03 p95=2.28 gameMs avg=3.13 p95=3.90 renderMs avg=6.58 p95=7.47
2026.09.29-05.18.31 PERF summary scope=artHud impl=alternate elapsed=100.0 frames=2128 fps=29.56 frameMs avg=33.83 p50=33.36 p95=34.03 p99=37.51 max=386.14 hitches50=2 gpuMs avg=2.07 p50=2.03 p95=2.28 gameMs avg=3.11 p95=3.89 renderMs avg=6.54 p95=7.47
2026.09.29-05.18.31 PERF summary scope=artHudUmg impl=umg swaps=22 periodS=3.0 elapsed=100.0 frames=915 fps=29.55 frameMs avg=33.84 p50=33.35 p95=34.08 p99=38.49 max=274.82 hitches50=1 gpuMs avg=2.08 p50=2.04 p95=2.30 gameMs avg=2.95 p95=4.00 renderMs avg=6.47 p95=7.53 gameP50=2.708 gameP99=7.233
2026.09.29-05.18.31 PERF summary scope=artHudSlate impl=slate swaps=22 periodS=3.0 elapsed=100.0 frames=913 fps=29.84 frameMs avg=33.51 p50=33.36 p95=34.01 p99=35.77 max=43.31 hitches50=0 gpuMs avg=2.06 p50=2.03 p95=2.26 gameMs avg=2.90 p95=3.74 renderMs avg=6.64 p95=7.44 gameP50=2.750 gameP99=6.741
2026.09.29-05.18.31 --- S08 trace close ---
