2026.09.29-05.17.02 --- S08 trace open 2026.09.29-05.17.02 ---
2026.09.29-05.17.02 HUD icon texture size=32 ready=1 path=/Game/ArtTests/ARTMarkers/Textures/T_UI_Action_Attack_32 texture=32x32 probe=0 plate=1
2026.09.29-05.17.02 HUD alternate config periodS=3.0 startAt=34.0 first=umg
2026.09.29-05.17.02 HUD art widget plate impl=umg source=/Game/S08/UI/ArtHud/WBP_S08ArtPlate class=/Game/S08/UI/ArtHud/WBP_S08ArtPlate.WBP_S08ArtPlate_C parts=1 missing=- codeDefaultTree=0
2026.09.29-05.17.02 HUD art widget icon impl=umg source=/Game/S08/UI/ArtHud/WBP_S08ArtIcon class=/Game/S08/UI/ArtHud/WBP_S08ArtIcon.WBP_S08ArtIcon_C parts=1 missing=- codeDefaultTree=0
2026.09.29-05.17.02 RENDER preset applied=High flag=S08RenderPreset
2026.09.29-05.17.02 LOGIN ok user=art-preview-joiner
2026.09.29-05.17.05 HEROES loaded 84
2026.09.29-05.17.05 CODE resolved -> cmum856ys00r1wilk74erquge
2026.09.29-05.17.06 joinGame -> room=cmum856ys00r1wilk74erquge code=<redacted> status=LOBBY
2026.09.29-05.17.07 PERF config tMaxFPS=30.0 frameRateLimit=60.0 vsync=0 smoothFrameRate=0 fixedFrameRate=0 rhi=D3D12
2026.09.29-05.17.07 RENDER tag=PERF rhi=D3D12 featureLevel=SM6 shaderPlatform=PCD3D_SM6 lumenPlatform=1 gi=lumen giMethod=1 refl=lumen reflMethod=1 shadows=csm vsmEnable=0 sg.res=100 sg.view=2 sg.aa=2 sg.shadow=2 sg.gi=2 sg.refl=2 sg.pp=2 sg.tex=2 sg.fx=2 sg.foliage=2 sg.shading=2 sg.landscape=2 preset=High screenPct=100.0 screenPctMode=0 aa=TSR aaMethod=4 exposure=engine-default expMin=1.00000 expMax=1.00000 expBias=1.000 ev100=0.00 lightUnits=- sky=0 skyIntensity=0.000 keyShadow=- shadowCasters=0 profile=- profilesSha256=- profilesSource=- legacyRender=0 gameLayer=unlit-eyeadaptinv tMaxFPS=30.0 vsync=0 frameRateLimit=60.0 substrate=0 nanite=1 meshDF=1 viewport=1920x1080 reference=0 notReference=noArtProfile,exposure,lightUnits,profilesSource
2026.09.29-05.17.07 PERF window t=0.0-5.1 frames=150 fps=29.70 frameMs avg=33.67 p50=33.39 p95=34.18 p99=37.90 max=51.77 hitches50=1 gpuMs avg=1.26 p50=1.28 p95=1.37 gameMs avg=2.42 p95=3.53 renderMs avg=2870.80 p95=5.89
2026.09.29-05.17.08 game -> room=cmum856ys00r1wilk74erquge code=<redacted> status=LOBBY
2026.09.29-05.17.08 selectHero -> room=cmum856ys00r1wilk74erquge code=<redacted> status=LOBBY
2026.09.29-05.17.11 game -> room=cmum856ys00r1wilk74erquge code=<redacted> status=LOBBY
2026.09.29-05.17.11 toggleReady -> room=cmum856ys00r1wilk74erquge code=<redacted> status=LOBBY
2026.09.29-05.17.12 PERF window t=5.1-10.1 frames=148 fps=29.57 frameMs avg=33.82 p50=33.37 p95=34.75 p99=44.05 max=46.20 hitches50=0 gpuMs avg=1.30 p50=1.28 p95=1.43 gameMs avg=2.12 p95=2.93 renderMs avg=4.36 p95=5.16
2026.09.29-05.17.14 game -> room=cmum856ys00r1wilk74erquge code=<redacted> status=LOBBY
2026.09.29-05.17.17 PERF window t=10.1-15.1 frames=150 fps=29.84 frameMs avg=33.51 p50=33.38 p95=34.02 p99=35.29 max=38.63 hitches50=0 gpuMs avg=1.29 p50=1.28 p95=1.38 gameMs avg=2.13 p95=3.07 renderMs avg=4.69 p95=5.16
2026.09.29-05.17.17 game -> room=cmum856ys00r1wilk74erquge code=<redacted> status=IN_PROGRESS
2026.09.29-05.17.17 WS DROPPED (test-initiated transport loss)
2026.09.29-05.17.17 WS closed (test drop) - reconnect in 1s
2026.09.29-05.17.17 WS closed 1000 (normal closure)
2026.09.29-05.17.17 SNAPSHOT applied seq=1 phase=ACTION_MANEUVER
2026.09.29-05.17.17 HANDLE_APPLIED #1 seq=1 decision=2 fightersValid=1 boardValid=1
2026.09.29-05.17.17 MODE seq=1 mode=0 combat=0 pending=0
2026.09.29-05.17.17 HUD seq=1 phase=ACTION_MANEUVER turn=opp hand=5 oppHand=5(hidden) oppDeck=25 deck=25 discard=0
2026.09.29-05.17.17 ARTPREVIEW board profiles loaded=1 revision=2 boards=3 zoneStyles=11 lightProfiles=3 errors=0 path=Config/ArtBoards/S08ArtBoardProfiles.json
2026.09.29-05.17.17 ARTPREVIEW board profiles source=pak sha256=91ea86be522212fc770a33e3c9ac66f1cfde90c720c609bdc6bd29589965eaa5
2026.09.29-05.17.17 ARTPREVIEW game layer material=M_S08_GameLayerUnlit unlitEyeAdaptInv=1 legacyRender=0
2026.09.29-05.17.17 ARTPREVIEW Cobble assets ready
2026.09.29-05.17.17 ARTPREVIEW board assets ready cobbleMesh=1 tiles=1 zoneMaterials=2
2026.09.29-05.17.17 ARTPREVIEW medusa candidate variant=face-neck-v2 mesh=SK_Medusa_FaceNeck_v2Candidate requested=face-neck-v2
2026.09.29-05.17.17 ARTPREVIEW board profile=cobble-city match=boardId board=5x6 boardId=cmuhgs4b2001mwik4f2b2xtf8 surface=cobble-5x6-mesh light=cobble-probe artFixture=0
2026.09.29-05.17.17 ARTPREVIEW light profile=cobble-probe name=key role=key kind=directional at=(-350,-150,600) intensity=4.5 units=lux radius=0 color=(1.00,1.00,1.00) shadow=1
2026.09.29-05.17.17 ARTPREVIEW light profile=cobble-probe name=warm role=warm kind=point at=(260,-300,250) intensity=85 units=candelas radius=450 color=(1.00,1.00,1.00) shadow=0
2026.09.29-05.17.17 ARTPREVIEW sky profile=cobble-probe cubemap=/Game/S08/Render/TC_S08_AmbientDome loaded=1 spawned=1 intensity=11.2 color=(1.00,1.00,1.00) lowerBlack=0
2026.09.29-05.17.17 ARTPREVIEW exposure profile=cobble-probe method=histogram-fixed min=2.46229 max=2.46229 bias=0.000 ev100=1.30 volume=1
2026.09.29-05.17.17 ARTPREVIEW lights applied profile=cobble-probe directional=1 shadow=1 points=1 pointShadows=0 budgetOk=1
2026.09.29-05.17.17 ARTPREVIEW render profile=cobble-probe units=candelas sky=1 exposure=1 keyShadow=csm-3000uu-2c-contact0.000 shadowCasters=1 legacyRender=0
2026.09.29-05.17.17 ARTPREVIEW Cobble probe lights key=4.5 fill=0 warm=85
2026.09.29-05.17.17 ARTPREVIEW Cobble active 5x6 zones=30 blue=15 red=15 blueMarks=15 redMarks=45
2026.09.29-05.17.17 ARTPREVIEW board active profile=cobble-city 5x6 surface=cobble-5x6-mesh cells=30 zoneCells=30 multizone=0 triple=0 obstacles=0 zoneKeys=2 strokes=60 glyphs=45 surfaceParts=0 glyphMaterial=zone expectOk=1
2026.09.29-05.17.17 ARTPREVIEW board zone key=blue cells=15 stroke=solid glyph=diamond color=#3B78D8 ismUsage=1 strokePieces=15 glyphPieces=15 fallback=0
2026.09.29-05.17.17 ARTPREVIEW board zone key=red cells=15 stroke=dash3 glyph=bars2 color=#D8453B ismUsage=1 strokePieces=45 glyphPieces=30 fallback=0
2026.09.29-05.17.17 ARTPREVIEW board multizone cells=0 zonesListed=0 zonesMarked=0
2026.09.29-05.17.17 CAMERA dist=1931 loc=(0,1107,1582) pitch=-55 yaw=-90
2026.09.29-05.17.17 CAMERA config overview=1930.8 nearest=300.0 farthest=2970.4 zoomRange=0.65-6.44 minDist=300.0 outRatio=0.650 step=1.250 animMs=200 returnMs=300 followFrom=1.20 source=defaults issues=0
2026.09.29-05.17.17 BOARD 5x6 cells | control points: (0,0)=(-200,-250,0) (4,5)=(200,250,0) | neighbor pair (dist 100 uu)
2026.09.29-05.17.17 ARTPREVIEW click capsule fighter=f-0-hero mesh=SK_Medusa_FaceNeck_v2Candidate physicsAsset=0 radius=12.5 halfHeight=27.5 top=55.0 bodyCollision=0 source=meshBounds
2026.09.29-05.17.17 ARTPREVIEW fighter=Medusa hero=1 eligible=1 visual=1 mesh=SK_Medusa_FaceNeck_v2Candidate
2026.09.29-05.17.17 ARTPREVIEW click capsule fighter=f-0-sk0 mesh=SM_ART003_Harpy physicsAsset=0 radius=20.0 halfHeight=21.0 top=42.0 bodyCollision=0 source=meshBounds
2026.09.29-05.17.17 ARTPREVIEW click capsule fighter=f-0-sk1 mesh=SM_ART003_Harpy physicsAsset=0 radius=20.0 halfHeight=21.0 top=42.0 bodyCollision=0 source=meshBounds
2026.09.29-05.17.17 ARTPREVIEW click capsule fighter=f-0-sk2 mesh=SM_ART003_Harpy physicsAsset=0 radius=20.0 halfHeight=21.0 top=42.0 bodyCollision=0 source=meshBounds
2026.09.29-05.17.17 ARTPREVIEW click capsule fighter=f-1-hero mesh=SM_ART003_Arthur physicsAsset=0 radius=17.8 halfHeight=28.0 top=56.0 bodyCollision=0 source=meshBounds
2026.09.29-05.17.17 ARTPREVIEW click capsule fighter=f-1-sk0 mesh=SM_ART003_Merlin physicsAsset=0 radius=14.7 halfHeight=30.8 top=61.5 bodyCollision=0 source=meshBounds
2026.09.29-05.17.17 FIGHTERS synced n=6 alive=6 own=2 enemy=4
2026.09.29-05.17.17 STATE seq=1 -> apply
2026.09.29-05.17.17 HUD art layer plate=1 iconSize=32 iconTexture=1 iconProbe=0 plan=0
2026.09.29-05.17.17 HUD art impl=alternate plateViews=umg:/Game/S08/UI/ArtHud/WBP_S08ArtPlate,slate:slate iconViews=umg:/Game/S08/UI/ArtHud/WBP_S08ArtIcon,slate:slate textTable=S08ArtHud entries=13 missingKeys=0
2026.09.29-05.17.18 WS reconnect attempt
2026.09.29-05.17.18 SUBSCRIBED gameStateUpdated since=1
2026.09.29-05.17.18 WS reconnected - refetching gameState
2026.09.29-05.17.18 SNAPSHOT applied seq=1 phase=ACTION_MANEUVER
2026.09.29-05.17.18 HANDLE_APPLIED #2 seq=1 decision=1 fightersValid=1 boardValid=1
2026.09.29-05.17.18 MODE seq=1 mode=0 combat=0 pending=0
2026.09.29-05.17.18 HUD seq=1 phase=ACTION_MANEUVER turn=opp hand=5 oppHand=5(hidden) oppDeck=25 deck=25 discard=0
2026.09.29-05.17.18 ARTPREVIEW fighter=Medusa hero=1 eligible=1 visual=1 mesh=SK_Medusa_FaceNeck_v2Candidate
2026.09.29-05.17.18 FIGHTERS synced n=6 alive=6 own=2 enemy=4
2026.09.29-05.17.18 STATE seq=1 -> merge
2026.09.29-05.17.18 SNAPSHOT applied seq=1 phase=ACTION_MANEUVER
2026.09.29-05.17.18 HANDLE_APPLIED #3 seq=1 decision=1 fightersValid=1 boardValid=1
2026.09.29-05.17.18 MODE seq=1 mode=0 combat=0 pending=0
2026.09.29-05.17.18 HUD seq=1 phase=ACTION_MANEUVER turn=opp hand=5 oppHand=5(hidden) oppDeck=25 deck=25 discard=0
2026.09.29-05.17.18 ARTPREVIEW fighter=Medusa hero=1 eligible=1 visual=1 mesh=SK_Medusa_FaceNeck_v2Candidate
2026.09.29-05.17.18 FIGHTERS synced n=6 alive=6 own=2 enemy=4
2026.09.29-05.17.18 WS seq=1 phase=ACTION_MANEUVER (merge)
2026.09.29-05.17.20 game -> room=cmum856ys00r1wilk74erquge code=<redacted> status=IN_PROGRESS
2026.09.29-05.17.22 PERF window t=15.1-20.1 frames=146 fps=29.04 frameMs avg=34.43 p50=33.35 p95=33.93 p99=84.21 max=106.31 hitches50=2 gpuMs avg=1.86 p50=1.86 p95=2.21 gameMs avg=2.78 p95=3.95 renderMs avg=6.85 p95=8.62
2026.09.29-05.17.23 game -> room=cmum856ys00r1wilk74erquge code=<redacted> status=IN_PROGRESS
2026.09.29-05.17.26 game -> room=cmum856ys00r1wilk74erquge code=<redacted> status=IN_PROGRESS
2026.09.29-05.17.27 PERF window t=20.1-25.1 frames=150 fps=29.87 frameMs avg=33.47 p50=33.39 p95=33.92 p99=34.59 max=34.88 hitches50=0 gpuMs avg=1.86 p50=1.84 p95=2.00 gameMs avg=1.91 p95=2.56 renderMs avg=5.86 p95=6.38
2026.09.29-05.17.29 game -> room=cmum856ys00r1wilk74erquge code=<redacted> status=IN_PROGRESS
2026.09.29-05.17.32 SHOT ctx viewport=1920x1080 viewTarget=CameraActor_2147482364 cam=(0,1107,1582) rot=(-55,-90,0)
2026.09.29-05.17.32 RENDER tag=SHOT rhi=D3D12 featureLevel=SM6 shaderPlatform=PCD3D_SM6 lumenPlatform=1 gi=lumen giMethod=1 refl=lumen reflMethod=1 shadows=csm vsmEnable=0 sg.res=100 sg.view=2 sg.aa=2 sg.shadow=2 sg.gi=2 sg.refl=2 sg.pp=2 sg.tex=2 sg.fx=2 sg.foliage=2 sg.shading=2 sg.landscape=2 preset=High screenPct=100.0 screenPctMode=0 aa=TSR aaMethod=4 exposure=fixed-histogram expMin=2.46229 expMax=2.46229 expBias=0.000 ev100=1.30 lightUnits=candelas sky=1 skyIntensity=11.200 keyShadow=csm-3000uu-2c-contact0.000 shadowCasters=1 profile=cobble-probe profilesSha256=91ea86be522212fc770a33e3c9ac66f1cfde90c720c609bdc6bd29589965eaa5 profilesSource=pak legacyRender=0 gameLayer=unlit-eyeadaptinv tMaxFPS=30.0 vsync=0 frameRateLimit=60.0 substrate=0 nanite=1 meshDF=1 viewport=1920x1080 reference=1
2026.09.29-05.17.32 SHOT fighter f-0-hero pos=(2,2) world=(0,-50,0) screen=(960,476) projected=1 alive=1
2026.09.29-05.17.32 SHOT fighter f-0-sk0 pos=(3,2) world=(100,-50,0) screen=(1115,476) projected=1 alive=1
2026.09.29-05.17.32 SHOT fighter f-0-sk1 pos=(2,1) world=(0,-150,0) screen=(960,355) projected=1 alive=1
2026.09.29-05.17.32 SHOT fighter f-0-sk2 pos=(1,2) world=(-100,-50,0) screen=(805,476) projected=1 alive=1
2026.09.29-05.17.32 SHOT fighter f-1-hero pos=(2,3) world=(0,50,0) screen=(960,606) projected=1 alive=1
2026.09.29-05.17.32 SHOT fighter f-1-sk0 pos=(3,3) world=(100,50,0) screen=(1120,606) projected=1 alive=1
2026.09.29-05.17.32 SHOT camera dist=1930.8 target=1930.8 overview=1930.8 errPct=0.000 focusErr=0.00 settled=1 zoom=1.00
2026.09.29-05.17.32 SHOT head fighter=f-0-hero socket=Head mesh=SK_Medusa_FaceNeck_v2Candidate world=(0.0,-46.0,38.5) screen=(960.0,445.5) top=(960.0,439.8) bottom=(960.0,451.2) headPx=11.4 projected=1
2026.09.29-05.17.32 SHOT label fighter=f-0-hero mode=full bbox=(916,381,1004,414)
2026.09.29-05.17.32 SHOT label fighter=f-0-sk0 mode=full bbox=(1072,399,1169,428)
2026.09.29-05.17.32 SHOT label fighter=f-0-sk1 mode=full bbox=(914,276,1006,305)
2026.09.29-05.17.32 SHOT label fighter=f-0-sk2 mode=full bbox=(751,399,848,428)
2026.09.29-05.17.32 SHOT label fighter=f-1-hero mode=full bbox=(913,517,1007,545)
2026.09.29-05.17.32 SHOT label fighter=f-1-sk0 mode=full bbox=(1088,529,1162,558)
2026.09.29-05.17.32 SHOT requested: FScreenshotRequest(bShowUI) -> C:\Users\ren\AppData\Local\Temp\s08-phase2-20260929-101641-59128\phase2-board-joiner-1920x1080.png
2026.09.29-05.17.32 PERF window t=25.1-30.3 frames=147 fps=28.66 frameMs avg=34.89 p50=33.34 p95=34.45 p99=42.69 max=224.09 hitches50=1 gpuMs avg=1.94 p50=1.91 p95=2.21 gameMs avg=1.90 p95=2.41 renderMs avg=5.95 p95=7.01
2026.09.29-05.17.32 game -> room=cmum856ys00r1wilk74erquge code=<redacted> status=IN_PROGRESS
2026.09.29-05.17.35 game -> room=cmum856ys00r1wilk74erquge code=<redacted> status=IN_PROGRESS
2026.09.29-05.17.37 PERF window t=30.3-35.3 frames=149 fps=29.70 frameMs avg=33.66 p50=33.35 p95=34.18 p99=42.58 max=47.75 hitches50=0 gpuMs avg=1.89 p50=1.87 p95=2.07 gameMs avg=3.56 p95=3.17 renderMs avg=6.56 p95=6.92
2026.09.29-05.17.39 game -> room=cmum856ys00r1wilk74erquge code=<redacted> status=IN_PROGRESS
2026.09.29-05.17.41 game -> room=cmum856ys00r1wilk74erquge code=<redacted> status=IN_PROGRESS
2026.09.29-05.17.42 PERF window t=35.3-40.3 frames=150 fps=29.88 frameMs avg=33.46 p50=33.35 p95=33.96 p99=34.51 max=34.85 hitches50=0 gpuMs avg=1.90 p50=1.89 p95=2.05 gameMs avg=2.19 p95=2.83 renderMs avg=6.60 p95=6.89
2026.09.29-05.17.44 game -> room=cmum856ys00r1wilk74erquge code=<redacted> status=IN_PROGRESS
2026.09.29-05.17.47 PERF window t=40.3-45.3 frames=138 fps=26.65 frameMs avg=37.53 p50=33.35 p95=35.32 p99=46.46 max=566.08 hitches50=1 gpuMs avg=1.93 p50=1.91 p95=2.17 gameMs avg=2.11 p95=2.69 renderMs avg=5.96 p95=7.04
2026.09.29-05.17.47 game -> room=cmum856ys00r1wilk74erquge code=<redacted> status=IN_PROGRESS
2026.09.29-05.17.50 game -> room=cmum856ys00r1wilk74erquge code=<redacted> status=IN_PROGRESS
2026.09.29-05.17.52 PERF window t=45.3-50.3 frames=149 fps=29.68 frameMs avg=33.69 p50=33.41 p95=34.08 p99=45.73 max=46.57 hitches50=0 gpuMs avg=1.85 p50=1.84 p95=2.00 gameMs avg=1.84 p95=2.45 renderMs avg=6.12 p95=6.73
2026.09.29-05.17.53 game -> room=cmum856ys00r1wilk74erquge code=<redacted> status=IN_PROGRESS
2026.09.29-05.17.56 game -> room=cmum856ys00r1wilk74erquge code=<redacted> status=IN_PROGRESS
2026.09.29-05.17.57 PERF window t=50.3-55.4 frames=149 fps=29.61 frameMs avg=33.78 p50=33.34 p95=34.33 p99=45.79 max=49.84 hitches50=0 gpuMs avg=1.88 p50=1.85 p95=2.09 gameMs avg=1.81 p95=2.56 renderMs avg=5.41 p95=6.37
2026.09.29-05.17.59 game -> room=cmum856ys00r1wilk74erquge code=<redacted> status=IN_PROGRESS
2026.09.29-05.18.02 PERF window t=55.4-60.4 frames=150 fps=29.81 frameMs avg=33.54 p50=33.36 p95=33.75 p99=38.53 max=42.36 hitches50=0 gpuMs avg=1.87 p50=1.84 p95=2.02 gameMs avg=1.59 p95=2.22 renderMs avg=5.83 p95=6.28
2026.09.29-05.18.03 game -> room=cmum856ys00r1wilk74erquge code=<redacted> status=IN_PROGRESS
2026.09.29-05.18.06 game -> room=cmum856ys00r1wilk74erquge code=<redacted> status=IN_PROGRESS
2026.09.29-05.18.07 PERF window t=60.4-65.4 frames=150 fps=29.89 frameMs avg=33.46 p50=33.37 p95=33.94 p99=34.83 max=36.15 hitches50=0 gpuMs avg=1.89 p50=1.85 p95=2.07 gameMs avg=1.80 p95=3.82 renderMs avg=5.94 p95=6.51
2026.09.29-05.18.08 game -> room=cmum856ys00r1wilk74erquge code=<redacted> status=IN_PROGRESS
2026.09.29-05.18.11 game -> room=cmum856ys00r1wilk74erquge code=<redacted> status=IN_PROGRESS
2026.09.29-05.18.12 PERF window t=65.4-70.4 frames=149 fps=29.66 frameMs avg=33.71 p50=33.36 p95=33.98 p99=44.76 max=46.54 hitches50=0 gpuMs avg=1.90 p50=1.86 p95=2.07 gameMs avg=1.79 p95=2.39 renderMs avg=5.71 p95=6.47
2026.09.29-05.18.15 game -> room=cmum856ys00r1wilk74erquge code=<redacted> status=IN_PROGRESS
2026.09.29-05.18.17 PERF window t=70.4-75.4 frames=150 fps=29.91 frameMs avg=33.44 p50=33.38 p95=33.79 p99=34.21 max=34.61 hitches50=0 gpuMs avg=1.88 p50=1.85 p95=2.03 gameMs avg=1.71 p95=2.39 renderMs avg=6.22 p95=6.45
2026.09.29-05.18.18 game -> room=cmum856ys00r1wilk74erquge code=<redacted> status=IN_PROGRESS
2026.09.29-05.18.21 game -> room=cmum856ys00r1wilk74erquge code=<redacted> status=IN_PROGRESS
2026.09.29-05.18.22 PERF window t=75.4-80.5 frames=150 fps=29.83 frameMs avg=33.52 p50=33.38 p95=33.91 p99=38.20 max=40.02 hitches50=0 gpuMs avg=1.88 p50=1.86 p95=2.04 gameMs avg=1.85 p95=2.67 renderMs avg=6.54 p95=7.47
2026.09.29-05.18.24 game -> room=cmum856ys00r1wilk74erquge code=<redacted> status=IN_PROGRESS
2026.09.29-05.18.27 game -> room=cmum856ys00r1wilk74erquge code=<redacted> status=IN_PROGRESS
2026.09.29-05.18.27 PERF window t=80.5-85.5 frames=150 fps=29.83 frameMs avg=33.52 p50=33.38 p95=34.19 p99=35.07 max=35.10 hitches50=0 gpuMs avg=1.86 p50=1.82 p95=2.02 gameMs avg=1.95 p95=2.65 renderMs avg=6.09 p95=6.55
2026.09.29-05.18.30 game -> room=cmum856ys00r1wilk74erquge code=<redacted> status=IN_PROGRESS
2026.09.29-05.18.32 PERF window t=85.5-90.5 frames=150 fps=29.86 frameMs avg=33.49 p50=33.40 p95=33.94 p99=34.23 max=35.19 hitches50=0 gpuMs avg=1.85 p50=1.83 p95=2.00 gameMs avg=1.88 p95=2.65 renderMs avg=6.16 p95=6.59
2026.09.29-05.18.33 game -> room=cmum856ys00r1wilk74erquge code=<redacted> status=IN_PROGRESS
2026.09.29-05.18.36 game -> room=cmum856ys00r1wilk74erquge code=<redacted> status=IN_PROGRESS
2026.09.29-05.18.37 PERF window t=90.5-95.6 frames=150 fps=29.82 frameMs avg=33.53 p50=33.38 p95=34.25 p99=34.90 max=35.18 hitches50=0 gpuMs avg=1.87 p50=1.83 p95=2.11 gameMs avg=2.25 p95=3.13 renderMs avg=6.26 p95=6.70
2026.09.29-05.18.39 game -> room=cmum856ys00r1wilk74erquge code=<redacted> status=IN_PROGRESS
2026.09.29-05.18.42 game -> room=cmum856ys00r1wilk74erquge code=<redacted> status=IN_PROGRESS
2026.09.29-05.18.42 PERF summary scope=afterWarmup warmup=5 elapsed=100.0 frames=2809 fps=29.51 frameMs avg=33.89 p50=33.37 p95=34.07 p99=38.78 max=566.08 hitches50=4 gpuMs avg=1.82 p50=1.84 p95=2.06 gameMs avg=2.07 p95=2.87 renderMs avg=5.97 p95=6.74
2026.09.29-05.18.42 PERF summary scope=started elapsed=100.0 frames=2499 fps=29.48 frameMs avg=33.92 p50=33.37 p95=34.06 p99=38.67 max=566.08 hitches50=4 gpuMs avg=1.88 p50=1.85 p95=2.07 gameMs avg=2.06 p95=2.77 renderMs avg=6.15 p95=6.79
2026.09.29-05.18.42 PERF summary scope=artHud impl=alternate elapsed=100.0 frames=0 fps=0.00 frameMs avg=0.00 p50=0.00 p95=0.00 p99=0.00 max=0.00 hitches50=0 gpuMs avg=0.00 p50=0.00 p95=0.00 gameMs avg=0.00 p95=0.00 renderMs avg=0.00 p95=0.00
2026.09.29-05.18.42 PERF summary scope=artHudUmg impl=umg swaps=0 periodS=3.0 elapsed=100.0 frames=0 fps=0.00 frameMs avg=0.00 p50=0.00 p95=0.00 p99=0.00 max=0.00 hitches50=0 gpuMs avg=0.00 p50=0.00 p95=0.00 gameMs avg=0.00 p95=0.00 renderMs avg=0.00 p95=0.00 gameP50=0.000 gameP99=0.000
2026.09.29-05.18.42 PERF summary scope=artHudSlate impl=slate swaps=0 periodS=3.0 elapsed=100.0 frames=0 fps=0.00 frameMs avg=0.00 p50=0.00 p95=0.00 p99=0.00 max=0.00 hitches50=0 gpuMs avg=0.00 p50=0.00 p95=0.00 gameMs avg=0.00 p95=0.00 renderMs avg=0.00 p95=0.00 gameP50=0.000 gameP99=0.000
2026.09.29-05.18.42 --- S08 trace close ---
