2026.09.27-07.32.37 --- S08 trace open 2026.09.27-07.32.37 ---
2026.09.27-07.32.37 S09PROBE start dir=C:\Users\ren\AppData\Local\Temp\s09-hud-probe-20260927-123236-48968 shotMode=request
2026.09.27-07.32.37 CAMERA dist=5552 loc=(0,3184,4548) pitch=-55 yaw=-90
2026.09.27-07.32.37 BOARD 20x20 cells | control points: (0,0)=(-950,-950,0) (19,19)=(950,950,0) | neighbor pair (dist 100 uu)
2026.09.27-07.32.37 FIGHTERS synced n=6 alive=6 own=0 enemy=6
2026.09.27-07.32.37 S09PROBE markers maneuver=#FF00FF discard=#00FFFF (draft panels only)
2026.09.27-07.32.37 S09PROBE board-only view live (HUD hidden - negative control)
2026.09.27-07.32.37 SHOT ctx viewport=1280x720 viewTarget=CameraActor_2147482375 cam=(0,0,0) rot=(0,0,0)
2026.09.27-07.32.37 SHOT fighter f-0-hero pos=(2,2) world=(-750,-750,0) screen=(0,0) projected=0 alive=1
2026.09.27-07.32.37 SHOT fighter f-0-sk0 pos=(1,2) world=(-850,-750,0) screen=(0,0) projected=0 alive=1
2026.09.27-07.32.37 SHOT fighter f-0-sk1 pos=(2,3) world=(-750,-650,0) screen=(0,0) projected=0 alive=1
2026.09.27-07.32.37 SHOT fighter f-0-sk2 pos=(2,1) world=(-750,-850,0) screen=(0,0) projected=0 alive=1
2026.09.27-07.32.37 SHOT fighter f-1-hero pos=(17,17) world=(750,750,0) screen=(1120,360) projected=1 alive=1
2026.09.27-07.32.37 SHOT fighter f-1-sk0 pos=(16,17) world=(650,750,0) screen=(1194,360) projected=1 alive=1
2026.09.27-07.32.37 SHOT requested: FScreenshotRequest(bShowUI) -> C:\Users\ren\AppData\Local\Temp\s09-hud-probe-20260927-123236-48968/s09-probe-board-only.png
2026.09.27-07.32.37 FIGHTERS synced n=6 alive=6 own=0 enemy=6
2026.09.27-07.32.37 S09PROBE maneuver-draft view live (hand=6, new=drawn-new::9, boost set)
2026.09.27-07.32.39 SHOT ctx viewport=1280x720 viewTarget=CameraActor_2147482375 cam=(0,3184,4548) rot=(-55,-90,0)
2026.09.27-07.32.39 SHOT fighter f-0-hero pos=(2,2) world=(-750,-750,0) screen=(386,152) projected=1 alive=1
2026.09.27-07.32.39 SHOT fighter f-0-sk0 pos=(1,2) world=(-850,-750,0) screen=(352,152) projected=1 alive=1
2026.09.27-07.32.39 SHOT fighter f-0-sk1 pos=(2,3) world=(-750,-650,0) screen=(383,178) projected=1 alive=1
2026.09.27-07.32.39 SHOT fighter f-0-sk2 pos=(2,1) world=(-750,-850,0) screen=(388,126) projected=1 alive=1
2026.09.27-07.32.39 SHOT fighter f-1-hero pos=(17,17) world=(750,750,0) screen=(937,603) projected=1 alive=1
2026.09.27-07.32.39 SHOT fighter f-1-sk0 pos=(16,17) world=(650,750,0) screen=(898,603) projected=1 alive=1
2026.09.27-07.32.39 SHOT requested: FScreenshotRequest(bShowUI) -> C:\Users\ren\AppData\Local\Temp\s09-hud-probe-20260927-123236-48968/s09-probe-maneuver-draft.png
2026.09.27-07.32.39 S09PROBE discard overlay live (count=2, picks=0)
2026.09.27-07.32.40 SHOT ctx viewport=1280x720 viewTarget=CameraActor_2147482375 cam=(0,3184,4548) rot=(-55,-90,0)
2026.09.27-07.32.40 SHOT fighter f-0-hero pos=(2,2) world=(-750,-750,0) screen=(386,152) projected=1 alive=1
2026.09.27-07.32.40 SHOT fighter f-0-sk0 pos=(1,2) world=(-850,-750,0) screen=(352,152) projected=1 alive=1
2026.09.27-07.32.40 SHOT fighter f-0-sk1 pos=(2,3) world=(-750,-650,0) screen=(383,178) projected=1 alive=1
2026.09.27-07.32.40 SHOT fighter f-0-sk2 pos=(2,1) world=(-750,-850,0) screen=(388,126) projected=1 alive=1
2026.09.27-07.32.40 SHOT fighter f-1-hero pos=(17,17) world=(750,750,0) screen=(937,603) projected=1 alive=1
2026.09.27-07.32.40 SHOT fighter f-1-sk0 pos=(16,17) world=(650,750,0) screen=(898,603) projected=1 alive=1
2026.09.27-07.32.40 SHOT requested: FScreenshotRequest(bShowUI) -> C:\Users\ren\AppData\Local\Temp\s09-hud-probe-20260927-123236-48968/s09-probe-discard-open.png
2026.09.27-07.32.40 S09PROBE slate key One down sent (handled=0)
2026.09.27-07.32.40 S09PROBE slate key One up sent
2026.09.27-07.32.40 S09PROBE verdict slate-key-route seen=1 direct-key-route seen=0 picks=1 -> SLATE-PASS
2026.09.27-07.32.40 FIGHTERS synced n=6 alive=6 own=0 enemy=6
2026.09.27-07.32.40 S09PROBE scheme scene staged (2 legal + 1 non-scheme + 1 dead-banner)
2026.09.27-07.32.40 S09PROBE slate key G down sent (handled=0)
2026.09.27-07.32.40 SCHEME-DRAFT open (playable schemes: 2)
2026.09.27-07.32.41 S09PROBE slate key G up sent
2026.09.27-07.32.41 S09PROBE scheme picker via slate G: open=1 playable=2 -> PASS
2026.09.27-07.32.41 SHOT ctx viewport=1280x720 viewTarget=CameraActor_2147482375 cam=(0,3184,4548) rot=(-55,-90,0)
2026.09.27-07.32.41 SHOT fighter f-0-hero pos=(2,2) world=(-750,-750,0) screen=(386,152) projected=1 alive=1
2026.09.27-07.32.41 SHOT fighter f-0-sk0 pos=(1,2) world=(-850,-750,0) screen=(352,152) projected=1 alive=1
2026.09.27-07.32.41 SHOT fighter f-0-sk1 pos=(2,3) world=(-750,-650,0) screen=(383,178) projected=1 alive=1
2026.09.27-07.32.41 SHOT fighter f-0-sk2 pos=(2,1) world=(-750,-850,0) screen=(388,126) projected=1 alive=1
2026.09.27-07.32.41 SHOT fighter f-1-hero pos=(17,17) world=(750,750,0) screen=(937,603) projected=1 alive=1
2026.09.27-07.32.41 SHOT fighter f-1-sk0 pos=(16,17) world=(650,750,0) screen=(898,603) projected=1 alive=1
2026.09.27-07.32.41 SHOT requested: FScreenshotRequest(bShowUI) -> C:\Users\ren\AppData\Local\Temp\s09-hud-probe-20260927-123236-48968/s09-probe-scheme-open.png
2026.09.27-07.32.41 S09PROBE slate key One down sent (handled=0)
2026.09.27-07.32.42 S09PROBE slate key One up sent
2026.09.27-07.32.43 S09PROBE scheme pick via slate 1: exact-instance set=1 -> PASS
2026.09.27-07.32.43 SHOT ctx viewport=1280x720 viewTarget=CameraActor_2147482375 cam=(0,3184,4548) rot=(-55,-90,0)
2026.09.27-07.32.43 SHOT fighter f-0-hero pos=(2,2) world=(-750,-750,0) screen=(386,152) projected=1 alive=1
2026.09.27-07.32.43 SHOT fighter f-0-sk0 pos=(1,2) world=(-850,-750,0) screen=(352,152) projected=1 alive=1
2026.09.27-07.32.43 SHOT fighter f-0-sk1 pos=(2,3) world=(-750,-650,0) screen=(383,178) projected=1 alive=1
2026.09.27-07.32.43 SHOT fighter f-0-sk2 pos=(2,1) world=(-750,-850,0) screen=(388,126) projected=1 alive=1
2026.09.27-07.32.43 SHOT fighter f-1-hero pos=(17,17) world=(750,750,0) screen=(937,603) projected=1 alive=1
2026.09.27-07.32.43 SHOT fighter f-1-sk0 pos=(16,17) world=(650,750,0) screen=(898,603) projected=1 alive=1
2026.09.27-07.32.43 SHOT requested: FScreenshotRequest(bShowUI) -> C:\Users\ren\AppData\Local\Temp\s09-hud-probe-20260927-123236-48968/s09-probe-scheme-selected.png
2026.09.27-07.32.43 S09PROBE slate key Enter down sent (handled=0)
2026.09.27-07.32.43 SCHEME sent
2026.09.27-07.32.43 SCHEME blocked: match is not started
2026.09.27-07.32.44 S09PROBE slate key Enter up sent
2026.09.27-07.32.44 S09PROBE scheme confirm via Enter: picker closed=1 (offline transport block expected) -> PASS
2026.09.27-07.32.44 S09PROBE slate key G down sent (handled=0)
2026.09.27-07.32.44 SCHEME-DRAFT open (playable schemes: 2)
2026.09.27-07.32.45 S09PROBE slate key G up sent
2026.09.27-07.32.45 S09PROBE slate key Four down sent (handled=0)
2026.09.27-07.32.46 S09PROBE slate key Four up sent
2026.09.27-07.32.46 S09PROBE dead-banner scheme pick: rejected=1 (selection stays empty) -> PASS
2026.09.27-07.32.46 S09PROBE slate key Escape down sent (handled=0)
2026.09.27-07.32.46 SCHEME-DRAFT cancelled (G/Esc)
2026.09.27-07.32.47 S09PROBE slate key Escape up sent
2026.09.27-07.32.47 S09PROBE scheme cancel via Esc: picker closed=1 -> PASS
2026.09.27-07.32.47 S09PROBE mouse-click path: MANUAL-OPEN (no real cursor hit-test in the packaged probe)
2026.09.27-07.32.47 --- S08 trace close ---
