2026.09.26-03.07.40 --- S08 trace open 2026.09.26-03.07.40 ---
2026.09.26-03.07.40 S09AUTO config flow=1 boost=0 shotDir=C:\Users\ren\AppData\Local\Temp\s09-pending-20260926-080739-155156\host
2026.09.26-03.07.40 LOGIN ok user=s09-gd034-host
2026.09.26-03.07.43 HEROES loaded 84
2026.09.26-03.07.43 createGame -> room=cmuht7hx505afwia03otvgtjw code=<redacted> status=LOBBY
2026.09.26-03.07.46 game -> room=cmuht7hx505afwia03otvgtjw code=<redacted> status=LOBBY
2026.09.26-03.07.46 selectHero -> room=cmuht7hx505afwia03otvgtjw code=<redacted> status=LOBBY
2026.09.26-03.07.49 game -> room=cmuht7hx505afwia03otvgtjw code=<redacted> status=LOBBY
2026.09.26-03.07.49 toggleReady -> room=cmuht7hx505afwia03otvgtjw code=<redacted> status=LOBBY
2026.09.26-03.07.52 game -> room=cmuht7hx505afwia03otvgtjw code=<redacted> status=LOBBY
2026.09.26-03.07.55 game -> room=cmuht7hx505afwia03otvgtjw code=<redacted> status=LOBBY
2026.09.26-03.07.58 game -> room=cmuht7hx505afwia03otvgtjw code=<redacted> status=LOBBY
2026.09.26-03.07.58 startGame -> room=cmuht7hx505afwia03otvgtjw code=<redacted> status=IN_PROGRESS
2026.09.26-03.07.58 S09AUTO drive mode=0 plan=[attack+scheme] phase= turn=
2026.09.26-03.07.58 SNAPSHOT applied seq=1 phase=ACTION_MANEUVER
2026.09.26-03.07.58 HANDLE_APPLIED #1 seq=1 decision=2 fightersValid=1 boardValid=1
2026.09.26-03.07.58 MODE seq=1 mode=0 combat=0 pending=0
2026.09.26-03.07.58 HUD seq=1 phase=ACTION_MANEUVER turn=you hand=5 oppHand=5(hidden) oppDeck=25 deck=25 discard=0
2026.09.26-03.07.58 CAMERA dist=5552 loc=(0,3184,4548) pitch=-55 yaw=-90
2026.09.26-03.07.58 BOARD 20x20 cells | control points: (0,0)=(-950,-950,0) (19,19)=(950,950,0) | neighbor pair (dist 100 uu)
2026.09.26-03.07.58 FIGHTERS synced n=6 alive=6 own=4 enemy=2
2026.09.26-03.07.58 STATE seq=1 -> apply
2026.09.26-03.07.58 S09AUTO own turn #0 (turnCount=1)
2026.09.26-03.07.58 SNAPSHOT applied seq=1 phase=ACTION_MANEUVER
2026.09.26-03.07.58 HANDLE_APPLIED #2 seq=1 decision=1 fightersValid=1 boardValid=1
2026.09.26-03.07.58 MODE seq=1 mode=0 combat=0 pending=0
2026.09.26-03.07.58 HUD seq=1 phase=ACTION_MANEUVER turn=you hand=5 oppHand=5(hidden) oppDeck=25 deck=25 discard=0
2026.09.26-03.07.59 FIGHTERS synced n=6 alive=6 own=4 enemy=2
2026.09.26-03.07.59 STATE seq=1 -> merge
2026.09.26-03.07.59 SUBSCRIBED gameStateUpdated since=1
2026.09.26-03.07.59 SNAPSHOT applied seq=2 phase=ACTION_MANEUVER
2026.09.26-03.07.59 HANDLE_APPLIED #3 seq=2 decision=2 fightersValid=1 boardValid=1
2026.09.26-03.07.59 MANEUVER-DRAFT mode=maneuver:1:1
2026.09.26-03.07.59 DRAFT-OPEN draw committed (resume instead of begin)
2026.09.26-03.07.59 MODE seq=2 mode=1 combat=0 pending=0
2026.09.26-03.07.59 HUD seq=2 phase=ACTION_MANEUVER turn=you hand=6 oppHand=5(hidden) oppDeck=25 deck=24 discard=0
2026.09.26-03.07.59 FIGHTERS synced n=6 alive=6 own=4 enemy=2
2026.09.26-03.07.59 MANEUVER begin seq=2 (apply) pending=maneuver:1:1
2026.09.26-03.07.59 SNAPSHOT applied seq=2 phase=ACTION_MANEUVER
2026.09.26-03.07.59 HANDLE_APPLIED #4 seq=2 decision=1 fightersValid=1 boardValid=1
2026.09.26-03.07.59 MODE seq=2 mode=1 combat=0 pending=0
2026.09.26-03.07.59 HUD seq=2 phase=ACTION_MANEUVER turn=you hand=6 oppHand=5(hidden) oppDeck=25 deck=24 discard=0
2026.09.26-03.07.59 FIGHTERS synced n=6 alive=6 own=4 enemy=2
2026.09.26-03.07.59 WS seq=2 phase=ACTION_MANEUVER (merge)
2026.09.26-03.07.59 S09AUTO drive mode=1 plan=[attack+scheme] phase=ACTION_MANEUVER turn=cmuhntivg0000wib0anhqyswc
2026.09.26-03.08.00 S09AUTO draft-open shot (maneuver marker live)
2026.09.26-03.08.00 SHOT ctx viewport=1280x720 viewTarget=CameraActor_2147482375 cam=(0,3184,4548) rot=(-55,-90,0)
2026.09.26-03.08.00 SHOT fighter f-0-hero pos=(2,2) world=(-750,-750,0) screen=(386,152) projected=1 alive=1
2026.09.26-03.08.00 SHOT fighter f-0-sk0 pos=(1,2) world=(-850,-750,0) screen=(352,152) projected=1 alive=1
2026.09.26-03.08.00 SHOT fighter f-0-sk1 pos=(2,3) world=(-750,-650,0) screen=(383,178) projected=1 alive=1
2026.09.26-03.08.00 SHOT fighter f-0-sk2 pos=(2,1) world=(-750,-850,0) screen=(388,126) projected=1 alive=1
2026.09.26-03.08.00 SHOT fighter f-1-hero pos=(17,17) world=(750,750,0) screen=(937,603) projected=1 alive=1
2026.09.26-03.08.00 SHOT fighter f-1-sk0 pos=(16,17) world=(650,750,0) screen=(898,603) projected=1 alive=1
2026.09.26-03.08.00 SHOT requested: FScreenshotRequest(bShowUI) -> C:\Users\ren\AppData\Local\Temp\s09-pending-20260926-080739-155156\host/s09-maneuver-draft-open.png
2026.09.26-03.08.00 MANEUVER-CONFIRM moves=1 boost=none
2026.09.26-03.08.00 SNAPSHOT applied seq=3 phase=ACTION_MANEUVER
2026.09.26-03.08.00 HANDLE_APPLIED #5 seq=3 decision=2 fightersValid=1 boardValid=1
2026.09.26-03.08.00 closed mode=
2026.09.26-03.08.00 MODE seq=3 mode=0 combat=0 pending=0
2026.09.26-03.08.00 HUD seq=3 phase=ACTION_MANEUVER turn=you hand=6 oppHand=5(hidden) oppDeck=25 deck=24 discard=0
2026.09.26-03.08.00 FIGHTERS synced n=6 alive=6 own=4 enemy=2
2026.09.26-03.08.00 CUE move f-0-hero (2,2)->(3,2) seq=3
2026.09.26-03.08.00 MANEUVER done seq=3 (apply) fighters=6 boost=no
2026.09.26-03.08.00 SNAPSHOT applied seq=3 phase=ACTION_MANEUVER
2026.09.26-03.08.00 HANDLE_APPLIED #6 seq=3 decision=1 fightersValid=1 boardValid=1
2026.09.26-03.08.00 MODE seq=3 mode=0 combat=0 pending=0
2026.09.26-03.08.00 HUD seq=3 phase=ACTION_MANEUVER turn=you hand=6 oppHand=5(hidden) oppDeck=25 deck=24 discard=0
2026.09.26-03.08.00 FIGHTERS synced n=6 alive=6 own=4 enemy=2
2026.09.26-03.08.00 WS seq=3 phase=ACTION_MANEUVER (merge)
2026.09.26-03.08.01 SHOT ctx viewport=1280x720 viewTarget=CameraActor_2147482375 cam=(0,3184,4548) rot=(-55,-90,0)
2026.09.26-03.08.01 SHOT fighter f-0-hero pos=(3,2) world=(-650,-750,0) screen=(419,152) projected=1 alive=1
2026.09.26-03.08.01 SHOT fighter f-0-sk0 pos=(1,2) world=(-850,-750,0) screen=(352,152) projected=1 alive=1
2026.09.26-03.08.01 SHOT fighter f-0-sk1 pos=(2,3) world=(-750,-650,0) screen=(383,178) projected=1 alive=1
2026.09.26-03.08.01 SHOT fighter f-0-sk2 pos=(2,1) world=(-750,-850,0) screen=(388,126) projected=1 alive=1
2026.09.26-03.08.01 SHOT fighter f-1-hero pos=(17,17) world=(750,750,0) screen=(937,603) projected=1 alive=1
2026.09.26-03.08.01 SHOT fighter f-1-sk0 pos=(16,17) world=(650,750,0) screen=(898,603) projected=1 alive=1
2026.09.26-03.08.01 SHOT requested: FScreenshotRequest(bShowUI) -> C:\Users\ren\AppData\Local\Temp\s09-pending-20260926-080739-155156\host/s09-hud-after-first-maneuver.png
2026.09.26-03.08.01 S09AUTO drive mode=0 plan=[attack+scheme] phase=ACTION_MANEUVER turn=cmuhntivg0000wib0anhqyswc
2026.09.26-03.08.01 SNAPSHOT applied seq=4 phase=ACTION_MANEUVER
2026.09.26-03.08.01 HANDLE_APPLIED #7 seq=4 decision=2 fightersValid=1 boardValid=1
2026.09.26-03.08.01 MANEUVER-DRAFT mode=maneuver:1:3
2026.09.26-03.08.01 DRAFT-OPEN draw committed (resume instead of begin)
2026.09.26-03.08.01 MODE seq=4 mode=1 combat=0 pending=0
2026.09.26-03.08.01 HUD seq=4 phase=ACTION_MANEUVER turn=you hand=7 oppHand=5(hidden) oppDeck=25 deck=23 discard=0
2026.09.26-03.08.01 FIGHTERS synced n=6 alive=6 own=4 enemy=2
2026.09.26-03.08.01 MANEUVER begin seq=4 (apply) pending=maneuver:1:3
2026.09.26-03.08.01 SNAPSHOT applied seq=4 phase=ACTION_MANEUVER
2026.09.26-03.08.01 HANDLE_APPLIED #8 seq=4 decision=1 fightersValid=1 boardValid=1
2026.09.26-03.08.01 MODE seq=4 mode=1 combat=0 pending=0
2026.09.26-03.08.01 HUD seq=4 phase=ACTION_MANEUVER turn=you hand=7 oppHand=5(hidden) oppDeck=25 deck=23 discard=0
2026.09.26-03.08.01 FIGHTERS synced n=6 alive=6 own=4 enemy=2
2026.09.26-03.08.01 WS seq=4 phase=ACTION_MANEUVER (merge)
2026.09.26-03.08.01 S09AUTO drive mode=1 plan=[attack+scheme] phase=ACTION_MANEUVER turn=cmuhntivg0000wib0anhqyswc
2026.09.26-03.08.01 MANEUVER-CONFIRM moves=1 boost=none
2026.09.26-03.08.01 SNAPSHOT applied seq=5 phase=ACTION_MANEUVER
2026.09.26-03.08.01 HANDLE_APPLIED #9 seq=5 decision=2 fightersValid=1 boardValid=1
2026.09.26-03.08.01 closed mode=
2026.09.26-03.08.01 MODE seq=5 mode=0 combat=0 pending=0
2026.09.26-03.08.01 HUD seq=5 phase=ACTION_MANEUVER turn=opp hand=7 oppHand=5(hidden) oppDeck=25~ deck=23~ discard=0
2026.09.26-03.08.01 FIGHTERS synced n=6 alive=6 own=4 enemy=2
2026.09.26-03.08.01 CUE move f-0-hero (3,2)->(4,2) seq=5
2026.09.26-03.08.01 WS seq=5 phase=ACTION_MANEUVER (apply)
2026.09.26-03.08.01 SNAPSHOT applied seq=5 phase=ACTION_MANEUVER
2026.09.26-03.08.01 HANDLE_APPLIED #10 seq=5 decision=1 fightersValid=1 boardValid=1
2026.09.26-03.08.01 MODE seq=5 mode=0 combat=0 pending=0
2026.09.26-03.08.01 HUD seq=5 phase=ACTION_MANEUVER turn=opp hand=7 oppHand=5(hidden) oppDeck=25 deck=23 discard=0
2026.09.26-03.08.01 FIGHTERS synced n=6 alive=6 own=4 enemy=2
2026.09.26-03.08.01 MANEUVER done seq=5 (merge) fighters=6 boost=no
2026.09.26-03.08.01 SNAPSHOT applied seq=6 phase=ACTION_MANEUVER
2026.09.26-03.08.01 HANDLE_APPLIED #11 seq=6 decision=2 fightersValid=1 boardValid=1
2026.09.26-03.08.01 MODE seq=6 mode=0 combat=0 pending=1
2026.09.26-03.08.01 HUD seq=6 phase=ACTION_MANEUVER turn=opp hand=7 oppHand=4(hidden) oppDeck=25~ deck=23~ discard=0
2026.09.26-03.08.01 FIGHTERS synced n=6 alive=6 own=4 enemy=2
2026.09.26-03.08.01 WS seq=6 phase=ACTION_MANEUVER (apply)
2026.09.26-03.08.02 S09AUTO drive mode=0 plan=[attack+scheme] phase=ACTION_MANEUVER turn=cmuhntiwu0001wib0z281rpa8
2026.09.26-03.08.03 SNAPSHOT applied seq=7 phase=ACTION_MANEUVER
2026.09.26-03.08.03 HANDLE_APPLIED #12 seq=7 decision=2 fightersValid=1 boardValid=1
2026.09.26-03.08.03 MODE seq=7 mode=0 combat=0 pending=1
2026.09.26-03.08.03 HUD seq=7 phase=ACTION_MANEUVER turn=opp hand=7 oppHand=4(hidden) oppDeck=25~ deck=23~ discard=0
2026.09.26-03.08.03 FIGHTERS synced n=6 alive=6 own=4 enemy=2
2026.09.26-03.08.03 WS seq=7 phase=ACTION_MANEUVER (apply)
2026.09.26-03.08.03 SNAPSHOT applied seq=8 phase=ACTION_MANEUVER
2026.09.26-03.08.03 HANDLE_APPLIED #13 seq=8 decision=2 fightersValid=1 boardValid=1
2026.09.26-03.08.03 MODE seq=8 mode=0 combat=0 pending=1
2026.09.26-03.08.03 HUD seq=8 phase=ACTION_MANEUVER turn=opp hand=7 oppHand=4(hidden) oppDeck=25~ deck=23~ discard=0
2026.09.26-03.08.03 FIGHTERS synced n=6 alive=6 own=4 enemy=2
2026.09.26-03.08.03 WS seq=8 phase=ACTION_MANEUVER (apply)
2026.09.26-03.08.03 SNAPSHOT applied seq=9 phase=ACTION_MANEUVER
2026.09.26-03.08.03 HANDLE_APPLIED #14 seq=9 decision=2 fightersValid=1 boardValid=1
2026.09.26-03.08.03 MODE seq=9 mode=0 combat=0 pending=1
2026.09.26-03.08.03 HUD seq=9 phase=ACTION_MANEUVER turn=opp hand=7 oppHand=4(hidden) oppDeck=25~ deck=23~ discard=0
2026.09.26-03.08.03 FIGHTERS synced n=6 alive=6 own=4 enemy=2
2026.09.26-03.08.03 WS seq=9 phase=ACTION_MANEUVER (apply)
2026.09.26-03.08.03 SNAPSHOT applied seq=10 phase=ACTION_MANEUVER
2026.09.26-03.08.03 HANDLE_APPLIED #15 seq=10 decision=2 fightersValid=1 boardValid=1
2026.09.26-03.08.03 MODE seq=10 mode=0 combat=0 pending=1
2026.09.26-03.08.03 HUD seq=10 phase=ACTION_MANEUVER turn=opp hand=7 oppHand=4(hidden) oppDeck=25~ deck=23~ discard=0
2026.09.26-03.08.03 FIGHTERS synced n=6 alive=6 own=4 enemy=2
2026.09.26-03.08.03 WS seq=10 phase=ACTION_MANEUVER (apply)
2026.09.26-03.08.03 SNAPSHOT applied seq=11 phase=ACTION_MANEUVER
2026.09.26-03.08.03 HANDLE_APPLIED #16 seq=11 decision=2 fightersValid=1 boardValid=1
2026.09.26-03.08.03 MODE seq=11 mode=0 combat=0 pending=1
2026.09.26-03.08.03 HUD seq=11 phase=ACTION_MANEUVER turn=opp hand=7 oppHand=4(hidden) oppDeck=25~ deck=23~ discard=0
2026.09.26-03.08.03 FIGHTERS synced n=6 alive=6 own=4 enemy=2
2026.09.26-03.08.03 WS seq=11 phase=ACTION_MANEUVER (apply)
2026.09.26-03.08.03 SNAPSHOT applied seq=12 phase=ACTION_MANEUVER
2026.09.26-03.08.03 HANDLE_APPLIED #17 seq=12 decision=2 fightersValid=1 boardValid=1
2026.09.26-03.08.03 MODE seq=12 mode=0 combat=0 pending=0
2026.09.26-03.08.03 HUD seq=12 phase=ACTION_MANEUVER turn=opp hand=7 oppHand=4(hidden) oppDeck=25~ deck=23~ discard=0
2026.09.26-03.08.03 FIGHTERS synced n=6 alive=6 own=4 enemy=2
2026.09.26-03.08.03 WS seq=12 phase=ACTION_MANEUVER (apply)
2026.09.26-03.08.03 SNAPSHOT applied seq=13 phase=ACTION_MANEUVER
2026.09.26-03.08.03 HANDLE_APPLIED #18 seq=13 decision=2 fightersValid=1 boardValid=1
2026.09.26-03.08.03 MODE seq=13 mode=0 combat=0 pending=0
2026.09.26-03.08.03 HUD seq=13 phase=ACTION_MANEUVER turn=opp hand=7 oppHand=5(hidden) oppDeck=25~ deck=23~ discard=0
2026.09.26-03.08.03 FIGHTERS synced n=6 alive=6 own=4 enemy=2
2026.09.26-03.08.03 WS seq=13 phase=ACTION_MANEUVER (apply)
2026.09.26-03.08.04 SNAPSHOT applied seq=14 phase=ACTION_MANEUVER
2026.09.26-03.08.04 HANDLE_APPLIED #19 seq=14 decision=2 fightersValid=1 boardValid=1
2026.09.26-03.08.04 MODE seq=14 mode=0 combat=0 pending=0
2026.09.26-03.08.04 HUD seq=14 phase=ACTION_MANEUVER turn=you hand=7 oppHand=5(hidden) oppDeck=25~ deck=23~ discard=0
2026.09.26-03.08.04 FIGHTERS synced n=6 alive=6 own=4 enemy=2
2026.09.26-03.08.04 CUE move f-1-hero (17,17)->(18,17) seq=14
2026.09.26-03.08.04 WS seq=14 phase=ACTION_MANEUVER (apply)
2026.09.26-03.08.04 S09AUTO own turn #1 (turnCount=3)
2026.09.26-03.08.04 S09AUTO scheme
2026.09.26-03.08.04 SNAPSHOT applied seq=15 phase=ACTION_MANEUVER
2026.09.26-03.08.04 HANDLE_APPLIED #20 seq=15 decision=2 fightersValid=1 boardValid=1
2026.09.26-03.08.04 MODE seq=15 mode=0 combat=0 pending=0
2026.09.26-03.08.04 HUD seq=15 phase=ACTION_MANEUVER turn=you hand=6 oppHand=5(hidden) oppDeck=25~ deck=23~ discard=1
2026.09.26-03.08.04 FIGHTERS synced n=6 alive=6 own=4 enemy=2
2026.09.26-03.08.04 WS seq=15 phase=ACTION_MANEUVER (apply)
2026.09.26-03.08.04 SNAPSHOT applied seq=15 phase=ACTION_MANEUVER
2026.09.26-03.08.04 HANDLE_APPLIED #21 seq=15 decision=1 fightersValid=1 boardValid=1
2026.09.26-03.08.04 MODE seq=15 mode=0 combat=0 pending=0
2026.09.26-03.08.04 HUD seq=15 phase=ACTION_MANEUVER turn=you hand=6 oppHand=5(hidden) oppDeck=24 deck=23 discard=1
2026.09.26-03.08.04 FIGHTERS synced n=6 alive=6 own=4 enemy=2
2026.09.26-03.08.04 SCHEME done seq=15 (merge) phase=ACTION_MANEUVER
2026.09.26-03.08.05 SNAPSHOT applied seq=16 phase=ACTION_MANEUVER
2026.09.26-03.08.05 HANDLE_APPLIED #22 seq=16 decision=2 fightersValid=1 boardValid=1
2026.09.26-03.08.05 MANEUVER-DRAFT mode=maneuver:3:15
2026.09.26-03.08.05 DRAFT-OPEN draw committed (resume instead of begin)
2026.09.26-03.08.05 MODE seq=16 mode=1 combat=0 pending=0
2026.09.26-03.08.05 HUD seq=16 phase=ACTION_MANEUVER turn=you hand=7 oppHand=5(hidden) oppDeck=24~ deck=23~ discard=1
2026.09.26-03.08.05 FIGHTERS synced n=6 alive=6 own=4 enemy=2
2026.09.26-03.08.05 WS seq=16 phase=ACTION_MANEUVER (apply)
2026.09.26-03.08.05 SNAPSHOT applied seq=16 phase=ACTION_MANEUVER
2026.09.26-03.08.05 HANDLE_APPLIED #23 seq=16 decision=1 fightersValid=1 boardValid=1
2026.09.26-03.08.05 MODE seq=16 mode=1 combat=0 pending=0
2026.09.26-03.08.05 HUD seq=16 phase=ACTION_MANEUVER turn=you hand=7 oppHand=5(hidden) oppDeck=24 deck=22 discard=1
2026.09.26-03.08.05 FIGHTERS synced n=6 alive=6 own=4 enemy=2
2026.09.26-03.08.05 MANEUVER begin seq=16 (merge) pending=maneuver:3:15
2026.09.26-03.08.05 S09AUTO drive mode=1 plan=[attack+scheme] phase=ACTION_MANEUVER turn=cmuhntivg0000wib0anhqyswc
2026.09.26-03.08.05 MANEUVER-CONFIRM moves=1 boost=none
2026.09.26-03.08.06 SNAPSHOT applied seq=17 phase=ACTION_MANEUVER
2026.09.26-03.08.06 HANDLE_APPLIED #24 seq=17 decision=2 fightersValid=1 boardValid=1
2026.09.26-03.08.06 closed mode=
2026.09.26-03.08.06 MODE seq=17 mode=0 combat=0 pending=0
2026.09.26-03.08.06 HUD seq=17 phase=ACTION_MANEUVER turn=opp hand=7 oppHand=5(hidden) oppDeck=24~ deck=22~ discard=1
2026.09.26-03.08.06 FIGHTERS synced n=6 alive=6 own=4 enemy=2
2026.09.26-03.08.06 CUE move f-0-hero (4,2)->(5,2) seq=17
2026.09.26-03.08.06 WS seq=17 phase=ACTION_MANEUVER (apply)
2026.09.26-03.08.06 SNAPSHOT applied seq=17 phase=ACTION_MANEUVER
2026.09.26-03.08.06 HANDLE_APPLIED #25 seq=17 decision=1 fightersValid=1 boardValid=1
2026.09.26-03.08.06 MODE seq=17 mode=0 combat=0 pending=0
2026.09.26-03.08.06 HUD seq=17 phase=ACTION_MANEUVER turn=opp hand=7 oppHand=5(hidden) oppDeck=24 deck=22 discard=1
2026.09.26-03.08.06 FIGHTERS synced n=6 alive=6 own=4 enemy=2
2026.09.26-03.08.06 MANEUVER done seq=17 (merge) fighters=6 boost=no
2026.09.26-03.08.06 SNAPSHOT applied seq=18 phase=ACTION_MANEUVER
2026.09.26-03.08.06 HANDLE_APPLIED #26 seq=18 decision=2 fightersValid=1 boardValid=1
2026.09.26-03.08.06 MODE seq=18 mode=0 combat=0 pending=1
2026.09.26-03.08.06 HUD seq=18 phase=ACTION_MANEUVER turn=opp hand=7 oppHand=4(hidden) oppDeck=24~ deck=22~ discard=1
2026.09.26-03.08.06 FIGHTERS synced n=6 alive=6 own=4 enemy=2
2026.09.26-03.08.06 WS seq=18 phase=ACTION_MANEUVER (apply)
2026.09.26-03.08.07 S09AUTO drive mode=0 plan=[attack+scheme] phase=ACTION_MANEUVER turn=cmuhntiwu0001wib0z281rpa8
2026.09.26-03.12.40 --- S08 trace close ---
