2026.09.27-08.13.20 S09AUTO config flow=1 boost=0 shotDir=C:\Users\ren\AppData\Local\Temp\s09-duel-20260927-131314-39404\joiner
2026.09.27-08.13.35 S09AUTO drive mode=0 plan=[defend+resolve+scheme] phase= turn=
2026.09.27-08.13.35 SNAPSHOT applied seq=2 phase=COMBAT
2026.09.27-08.13.35 MODE seq=2 mode=4 combat=1 pending=0
2026.09.27-08.13.35 S09AUTO drive mode=4 plan=[defend+resolve+scheme] phase=COMBAT turn=cmuhntivg0000wib0anhqyswc
2026.09.27-08.13.35 S09AUTO defense-window shot
2026.09.27-08.13.35 S09AUTO defense card picked
2026.09.27-08.13.35 DEFENSE sent
2026.09.27-08.13.35 SNAPSHOT applied seq=3 phase=COMBAT_RESOLVE
2026.09.27-08.13.35 MODE seq=3 mode=5 combat=1 pending=0
2026.09.27-08.13.35 SNAPSHOT applied seq=3 phase=COMBAT_RESOLVE
2026.09.27-08.13.35 MODE seq=3 mode=5 combat=1 pending=0
2026.09.27-08.13.35 S09AUTO drive mode=5 plan=[defend+resolve+scheme] phase=COMBAT_RESOLVE turn=cmuhntivg0000wib0anhqyswc
2026.09.27-08.13.35 S09AUTO resolve-window shot
2026.09.27-08.13.35 S09AUTO resolve
2026.09.27-08.13.35 RESOLVE sent
2026.09.27-08.13.36 SNAPSHOT applied seq=4 phase=COMBAT_RESOLVE
2026.09.27-08.13.36 MODE seq=4 mode=5 combat=1 pending=1
2026.09.27-08.13.36 RESOLVE panel revealed: A3+B0 vs D2
2026.09.27-08.13.36 RESOLVE panel blocked by pending (type=BOOST_CHOICE id=cmuhgvgkf00smwi9gaeymh3ur-during-0-boost-3)
2026.09.27-08.13.36 SNAPSHOT applied seq=4 phase=COMBAT_RESOLVE
2026.09.27-08.13.36 MODE seq=4 mode=5 combat=1 pending=1
2026.09.27-08.13.36 S09AUTO resolve-revealed shot
2026.09.27-08.13.36 S09AUTO resolve-blocked shot (type=BOOST_CHOICE)
2026.09.27-08.13.40 SNAPSHOT applied seq=5 phase=ACTION_MANEUVER
2026.09.27-08.13.40 COMBAT-RESULT seq=5 damage=3 role=defended
2026.09.27-08.13.40 S09AUTO combat-result shot
2026.09.27-08.13.40 SHOT requested: FScreenshotRequest(bShowUI) -> C:\Users\ren\AppData\Local\Temp\s09-duel-20260927-131314-39404\joiner/s09-combat-result.png
2026.09.27-08.13.40 RESOLVE panel revealed: A3+B0 vs D2
2026.09.27-08.13.40 MODE seq=5 mode=0 combat=0 pending=0
2026.09.27-08.13.40 S09AUTO drive mode=0 plan=[defend+resolve+scheme] phase=ACTION_MANEUVER turn=cmuhntivg0000wib0anhqyswc
2026.09.27-08.13.40 SNAPSHOT applied seq=6 phase=ACTION_MANEUVER
2026.09.27-08.13.40 MODE seq=6 mode=0 combat=0 pending=0
2026.09.27-08.13.41 SNAPSHOT applied seq=7 phase=ACTION_MANEUVER
2026.09.27-08.13.41 MODE seq=7 mode=0 combat=0 pending=0
2026.09.27-08.13.41 S09AUTO own turn #0 (turnCount=2)
2026.09.27-08.13.41 S09AUTO scheme
2026.09.27-08.13.41 SNAPSHOT applied seq=8 phase=ACTION_MANEUVER
2026.09.27-08.13.41 MODE seq=8 mode=6 combat=0 pending=1
2026.09.27-08.13.41 SCHEME done seq=8 (apply) phase=ACTION_MANEUVER
2026.09.27-08.13.41 SNAPSHOT applied seq=8 phase=ACTION_MANEUVER
2026.09.27-08.13.41 MODE seq=8 mode=6 combat=0 pending=1
2026.09.27-08.13.42 S09AUTO drive mode=6 plan=[defend+resolve+scheme] phase=ACTION_MANEUVER turn=cmuhntiwu0001wib0z281rpa8
2026.09.27-08.13.42 S09AUTO pending-open shot (type=CHOOSE_SPACE stage=1 mode=)
2026.09.27-08.13.42 S09AUTO pending picked (type=CHOOSE_SPACE stage=1)
2026.09.27-08.13.42 PEND-RESOLVE sent type=CHOOSE_SPACE stage=1 id=cmuhgvgi700p2wi9ggby5v41n-fullText-0-p0
2026.09.27-08.13.42 SNAPSHOT applied seq=9 phase=ACTION_MANEUVER
2026.09.27-08.13.42 MODE seq=9 mode=6 combat=0 pending=1
2026.09.27-08.13.42 PEND resolve done seq=9 (apply) phase=ACTION_MANEUVER
2026.09.27-08.13.42 SNAPSHOT applied seq=9 phase=ACTION_MANEUVER
2026.09.27-08.13.42 MODE seq=9 mode=6 combat=0 pending=1
2026.09.27-08.13.42 S09AUTO pending-open shot (type=CHOOSE_SPACE stage=2 mode=)
2026.09.27-08.13.42 S09AUTO pending picked (type=CHOOSE_SPACE stage=2)
2026.09.27-08.13.42 PEND-RESOLVE sent type=CHOOSE_SPACE stage=2 id=cmuhgvgi700p2wi9ggby5v41n-fullText-0-p0
2026.09.27-08.13.43 SNAPSHOT applied seq=10 phase=ACTION_MANEUVER
2026.09.27-08.13.43 MODE seq=10 mode=0 combat=0 pending=0
2026.09.27-08.13.43 PEND resolve done seq=10 (apply) phase=ACTION_MANEUVER
2026.09.27-08.13.43 SNAPSHOT applied seq=10 phase=ACTION_MANEUVER
2026.09.27-08.13.43 MODE seq=10 mode=0 combat=0 pending=0
2026.09.27-08.13.43 S09AUTO drive mode=0 plan=[defend+resolve+scheme] phase=ACTION_MANEUVER turn=cmuhntiwu0001wib0z281rpa8
2026.09.27-08.13.43 S09AUTO scheme
2026.09.27-08.13.43 SNAPSHOT applied seq=11 phase=ACTION_MANEUVER
2026.09.27-08.13.43 MODE seq=11 mode=6 combat=0 pending=1
2026.09.27-08.13.43 SCHEME done seq=11 (apply) phase=ACTION_MANEUVER
2026.09.27-08.13.43 SNAPSHOT applied seq=11 phase=ACTION_MANEUVER
2026.09.27-08.13.43 MODE seq=11 mode=6 combat=0 pending=1
2026.09.27-08.13.44 S09AUTO drive mode=6 plan=[defend+resolve+scheme] phase=ACTION_MANEUVER turn=cmuhntiwu0001wib0z281rpa8
2026.09.27-08.13.44 S09AUTO pending-open shot (type=MOVE stage=0 mode=)
2026.09.27-08.13.44 S09AUTO pending picked (type=MOVE stage=0)
2026.09.27-08.13.44 PEND-RESOLVE sent type=MOVE stage=0 id=cmuhgvgi100oowi9gxm86n50b-fullText-0-p0
2026.09.27-08.13.44 SNAPSHOT applied seq=12 phase=ACTION_MANEUVER
2026.09.27-08.13.44 MODE seq=12 mode=6 combat=0 pending=1
2026.09.27-08.13.44 PEND resolve done seq=12 (apply) phase=ACTION_MANEUVER
2026.09.27-08.13.44 SNAPSHOT applied seq=12 phase=ACTION_MANEUVER
2026.09.27-08.13.44 MODE seq=12 mode=6 combat=0 pending=1
2026.09.27-08.13.44 S09AUTO pending picked (type=MOVE stage=0)
2026.09.27-08.13.44 PEND-RESOLVE sent type=MOVE stage=0 id=cmuhgvgi100oowi9gxm86n50b-fullText-0-p1
2026.09.27-08.13.44 SNAPSHOT applied seq=13 phase=ACTION_MANEUVER
2026.09.27-08.13.44 MODE seq=13 mode=6 combat=0 pending=1
2026.09.27-08.13.44 PEND resolve done seq=13 (apply) phase=ACTION_MANEUVER
2026.09.27-08.13.44 SNAPSHOT applied seq=13 phase=ACTION_MANEUVER
2026.09.27-08.13.44 MODE seq=13 mode=6 combat=0 pending=1
2026.09.27-08.13.44 S09AUTO pending picked (type=MOVE stage=0)
2026.09.27-08.13.44 PEND-RESOLVE sent type=MOVE stage=0 id=cmuhgvgi100oowi9gxm86n50b-fullText-0-p2
2026.09.27-08.13.44 SNAPSHOT applied seq=14 phase=ACTION_MANEUVER
2026.09.27-08.13.44 MODE seq=14 mode=6 combat=0 pending=1
2026.09.27-08.13.44 PEND resolve done seq=14 (apply) phase=ACTION_MANEUVER
2026.09.27-08.13.44 SNAPSHOT applied seq=14 phase=ACTION_MANEUVER
2026.09.27-08.13.44 MODE seq=14 mode=6 combat=0 pending=1
2026.09.27-08.13.44 S09AUTO pending picked (type=MOVE stage=0)
2026.09.27-08.13.44 PEND-RESOLVE sent type=MOVE stage=0 id=cmuhgvgi100oowi9gxm86n50b-fullText-0-p3
2026.09.27-08.13.44 SNAPSHOT applied seq=15 phase=ACTION_MANEUVER
2026.09.27-08.13.44 MODE seq=15 mode=6 combat=0 pending=1
2026.09.27-08.13.44 PEND resolve done seq=15 (apply) phase=ACTION_MANEUVER
2026.09.27-08.13.44 SNAPSHOT applied seq=15 phase=ACTION_MANEUVER
2026.09.27-08.13.44 MODE seq=15 mode=6 combat=0 pending=1
2026.09.27-08.13.44 S09AUTO pending picked (type=MOVE stage=0)
2026.09.27-08.13.44 PEND-RESOLVE sent type=MOVE stage=0 id=cmuhgvgi100oowi9gxm86n50b-fullText-0-p4
2026.09.27-08.13.44 SNAPSHOT applied seq=16 phase=ACTION_MANEUVER
2026.09.27-08.13.44 MODE seq=16 mode=6 combat=0 pending=1
2026.09.27-08.13.44 PEND resolve done seq=16 (apply) phase=ACTION_MANEUVER
2026.09.27-08.13.44 SNAPSHOT applied seq=16 phase=ACTION_MANEUVER
2026.09.27-08.13.44 MODE seq=16 mode=6 combat=0 pending=1
2026.09.27-08.13.44 S09AUTO pending picked (type=MOVE stage=0)
2026.09.27-08.13.44 PEND-RESOLVE sent type=MOVE stage=0 id=cmuhgvgi100oowi9gxm86n50b-fullText-0-p5
2026.09.27-08.13.44 SNAPSHOT applied seq=17 phase=ACTION_MANEUVER
2026.09.27-08.13.44 MODE seq=17 mode=0 combat=0 pending=0
2026.09.27-08.13.44 PEND resolve done seq=17 (apply) phase=ACTION_MANEUVER
2026.09.27-08.13.44 SNAPSHOT applied seq=17 phase=ACTION_MANEUVER
2026.09.27-08.13.44 MODE seq=17 mode=0 combat=0 pending=0
2026.09.27-08.13.44 S09AUTO drive mode=0 plan=[defend+resolve+scheme] phase=ACTION_MANEUVER turn=cmuhntivg0000wib0anhqyswc
2026.09.27-08.13.45 SNAPSHOT applied seq=18 phase=ACTION_MANEUVER
2026.09.27-08.13.45 MODE seq=18 mode=0 combat=0 pending=0
2026.09.27-08.13.45 SNAPSHOT applied seq=19 phase=ACTION_MANEUVER
2026.09.27-08.13.45 MODE seq=19 mode=0 combat=0 pending=0
2026.09.27-08.13.46 SNAPSHOT applied seq=20 phase=COMBAT
2026.09.27-08.13.46 MODE seq=20 mode=4 combat=1 pending=0
2026.09.27-08.13.46 S09AUTO drive mode=4 plan=[defend+resolve+scheme] phase=COMBAT turn=cmuhntivg0000wib0anhqyswc
2026.09.27-08.13.46 S09AUTO no legal defense card - falling back to no-defense
2026.09.27-08.13.46 NO-DEFENSE sent (defender closes the window)
2026.09.27-08.13.46 SNAPSHOT applied seq=21 phase=COMBAT_RESOLVE
2026.09.27-08.13.46 MODE seq=21 mode=5 combat=1 pending=1
2026.09.27-08.13.46 RESOLVE panel blocked by pending (type=BOOST_CHOICE id=cmuhgvgkf00smwi9gaeymh3ur-during-0-boost-20)
2026.09.27-08.13.46 SNAPSHOT applied seq=21 phase=COMBAT_RESOLVE
2026.09.27-08.13.46 MODE seq=21 mode=5 combat=1 pending=1
2026.09.27-08.13.46 S09AUTO drive mode=5 plan=[defend+resolve+scheme] phase=COMBAT_RESOLVE turn=cmuhntivg0000wib0anhqyswc
2026.09.27-08.13.46 S09AUTO resolve-blocked shot (type=BOOST_CHOICE)
2026.09.27-08.13.46 S09AUTO resolve
2026.09.27-08.13.46 S09AUTO resolve
2026.09.27-08.13.46 S09AUTO resolve
2026.09.27-08.13.46 S09AUTO resolve
2026.09.27-08.13.46 S09AUTO resolve
2026.09.27-08.13.46 S09AUTO resolve
2026.09.27-08.13.46 S09AUTO resolve
2026.09.27-08.13.46 S09AUTO resolve
2026.09.27-08.13.46 S09AUTO resolve
2026.09.27-08.13.46 S09AUTO resolve
2026.09.27-08.13.46 S09AUTO resolve
2026.09.27-08.13.46 S09AUTO resolve
2026.09.27-08.13.46 S09AUTO resolve
2026.09.27-08.13.46 S09AUTO resolve
2026.09.27-08.13.46 S09AUTO resolve
2026.09.27-08.13.47 S09AUTO resolve
2026.09.27-08.13.47 S09AUTO resolve
2026.09.27-08.13.47 S09AUTO resolve
2026.09.27-08.13.47 S09AUTO resolve
2026.09.27-08.13.47 S09AUTO resolve
2026.09.27-08.13.47 S09AUTO resolve
2026.09.27-08.13.47 S09AUTO resolve
2026.09.27-08.13.47 S09AUTO resolve
2026.09.27-08.13.47 S09AUTO resolve
2026.09.27-08.13.47 S09AUTO resolve
2026.09.27-08.13.47 S09AUTO resolve
2026.09.27-08.13.47 S09AUTO resolve
2026.09.27-08.13.47 S09AUTO resolve
2026.09.27-08.13.47 S09AUTO resolve
2026.09.27-08.13.47 S09AUTO resolve
2026.09.27-08.13.47 S09AUTO resolve
2026.09.27-08.13.47 S09AUTO resolve
2026.09.27-08.13.47 S09AUTO resolve
2026.09.27-08.13.47 S09AUTO resolve
2026.09.27-08.13.47 S09AUTO resolve
2026.09.27-08.13.47 S09AUTO resolve
2026.09.27-08.13.47 S09AUTO resolve
2026.09.27-08.13.47 S09AUTO resolve
2026.09.27-08.13.47 S09AUTO resolve
2026.09.27-08.13.47 S09AUTO resolve
2026.09.27-08.13.47 S09AUTO resolve
2026.09.27-08.13.47 S09AUTO resolve
2026.09.27-08.13.47 S09AUTO resolve
2026.09.27-08.13.47 S09AUTO resolve
2026.09.27-08.13.47 S09AUTO resolve
2026.09.27-08.13.48 S09AUTO resolve
2026.09.27-08.13.48 S09AUTO resolve
2026.09.27-08.13.48 S09AUTO resolve
2026.09.27-08.13.48 S09AUTO resolve
2026.09.27-08.13.48 S09AUTO resolve
2026.09.27-08.13.48 S09AUTO resolve
2026.09.27-08.13.48 S09AUTO resolve
2026.09.27-08.13.48 S09AUTO resolve
2026.09.27-08.13.48 S09AUTO resolve
2026.09.27-08.13.48 S09AUTO resolve
2026.09.27-08.13.48 S09AUTO resolve
2026.09.27-08.13.48 S09AUTO resolve
2026.09.27-08.13.48 S09AUTO resolve
2026.09.27-08.13.48 S09AUTO resolve
2026.09.27-08.13.48 S09AUTO resolve
2026.09.27-08.13.48 S09AUTO resolve
2026.09.27-08.13.48 S09AUTO resolve
2026.09.27-08.13.48 S09AUTO resolve
2026.09.27-08.13.48 S09AUTO resolve
2026.09.27-08.13.48 S09AUTO resolve
2026.09.27-08.13.48 S09AUTO resolve
2026.09.27-08.13.48 S09AUTO resolve
2026.09.27-08.13.48 S09AUTO resolve
2026.09.27-08.13.48 S09AUTO resolve
2026.09.27-08.13.48 S09AUTO resolve
2026.09.27-08.13.48 S09AUTO resolve
2026.09.27-08.13.48 S09AUTO resolve
2026.09.27-08.13.48 S09AUTO resolve
2026.09.27-08.13.48 S09AUTO resolve
2026.09.27-08.13.48 S09AUTO resolve
2026.09.27-08.13.49 S09AUTO resolve
2026.09.27-08.13.49 S09AUTO resolve
2026.09.27-08.13.49 S09AUTO resolve
2026.09.27-08.13.49 S09AUTO resolve
2026.09.27-08.13.49 S09AUTO resolve
2026.09.27-08.13.49 S09AUTO resolve
2026.09.27-08.13.49 S09AUTO resolve
2026.09.27-08.13.49 S09AUTO resolve
2026.09.27-08.13.49 S09AUTO resolve
2026.09.27-08.13.49 S09AUTO resolve
2026.09.27-08.13.49 S09AUTO resolve
2026.09.27-08.13.49 S09AUTO resolve
2026.09.27-08.13.49 S09AUTO resolve
2026.09.27-08.13.49 S09AUTO resolve
2026.09.27-08.13.49 S09AUTO resolve
2026.09.27-08.13.49 S09AUTO resolve
2026.09.27-08.13.49 S09AUTO resolve
2026.09.27-08.13.49 S09AUTO resolve
2026.09.27-08.13.49 S09AUTO resolve
2026.09.27-08.13.49 S09AUTO resolve
2026.09.27-08.13.49 S09AUTO resolve
2026.09.27-08.13.49 S09AUTO resolve
2026.09.27-08.13.49 S09AUTO resolve
2026.09.27-08.13.49 S09AUTO resolve
2026.09.27-08.13.49 S09AUTO resolve
2026.09.27-08.13.49 S09AUTO resolve
2026.09.27-08.13.49 S09AUTO resolve
2026.09.27-08.13.49 S09AUTO resolve
2026.09.27-08.13.49 S09AUTO resolve
2026.09.27-08.13.49 S09AUTO resolve
2026.09.27-08.13.50 S09AUTO resolve
2026.09.27-08.13.50 S09AUTO resolve
2026.09.27-08.13.50 S09AUTO resolve
2026.09.27-08.13.50 S09AUTO resolve
2026.09.27-08.13.50 S09AUTO resolve
2026.09.27-08.13.50 S09AUTO resolve
2026.09.27-08.13.50 S09AUTO resolve
2026.09.27-08.13.50 S09AUTO resolve
2026.09.27-08.13.50 S09AUTO resolve
2026.09.27-08.13.50 S09AUTO resolve
2026.09.27-08.13.50 S09AUTO resolve
2026.09.27-08.13.50 S09AUTO resolve
2026.09.27-08.13.50 S09AUTO resolve
2026.09.27-08.13.50 S09AUTO resolve
2026.09.27-08.13.50 S09AUTO resolve
2026.09.27-08.13.50 S09AUTO resolve
2026.09.27-08.13.50 S09AUTO resolve
2026.09.27-08.13.50 SNAPSHOT applied seq=22 phase=ACTION_MANEUVER
2026.09.27-08.13.50 COMBAT-RESULT seq=22 damage=4 role=defended
2026.09.27-08.13.50 MODE seq=22 mode=0 combat=0 pending=0
2026.09.27-08.13.50 S09AUTO drive mode=0 plan=[defend+resolve+scheme] phase=ACTION_MANEUVER turn=cmuhntiwu0001wib0z281rpa8
2026.09.27-08.13.50 S09AUTO own turn #1 (turnCount=4)
2026.09.27-08.13.50 S09AUTO scheme
2026.09.27-08.13.50 SNAPSHOT applied seq=23 phase=ACTION_MANEUVER
2026.09.27-08.13.50 MODE seq=23 mode=6 combat=0 pending=1
2026.09.27-08.13.50 SCHEME done seq=23 (apply) phase=ACTION_MANEUVER
2026.09.27-08.13.50 SNAPSHOT applied seq=23 phase=ACTION_MANEUVER
2026.09.27-08.13.50 MODE seq=23 mode=6 combat=0 pending=1
2026.09.27-08.13.51 S09AUTO drive mode=6 plan=[defend+resolve+scheme] phase=ACTION_MANEUVER turn=cmuhntiwu0001wib0z281rpa8
2026.09.27-08.13.51 S09AUTO pending picked (type=MOVE stage=0)
2026.09.27-08.13.51 PEND-RESOLVE sent type=MOVE stage=0 id=cmuhgvgi100oowi9gxm86n50b-fullText-0-p0
2026.09.27-08.13.51 SNAPSHOT applied seq=24 phase=ACTION_MANEUVER
2026.09.27-08.13.51 MODE seq=24 mode=6 combat=0 pending=1
2026.09.27-08.13.51 PEND resolve done seq=24 (apply) phase=ACTION_MANEUVER
2026.09.27-08.13.51 SNAPSHOT applied seq=24 phase=ACTION_MANEUVER
2026.09.27-08.13.51 MODE seq=24 mode=6 combat=0 pending=1
2026.09.27-08.13.51 S09AUTO pending picked (type=MOVE stage=0)
2026.09.27-08.13.51 PEND-RESOLVE sent type=MOVE stage=0 id=cmuhgvgi100oowi9gxm86n50b-fullText-0-p1
2026.09.27-08.13.51 SNAPSHOT applied seq=25 phase=ACTION_MANEUVER
2026.09.27-08.13.51 MODE seq=25 mode=6 combat=0 pending=1
2026.09.27-08.13.51 PEND resolve done seq=25 (apply) phase=ACTION_MANEUVER
2026.09.27-08.13.51 SNAPSHOT applied seq=25 phase=ACTION_MANEUVER
2026.09.27-08.13.51 MODE seq=25 mode=6 combat=0 pending=1
2026.09.27-08.13.52 S09AUTO pending picked (type=MOVE stage=0)
2026.09.27-08.13.52 PEND-RESOLVE sent type=MOVE stage=0 id=cmuhgvgi100oowi9gxm86n50b-fullText-0-p2
2026.09.27-08.13.52 SNAPSHOT applied seq=26 phase=ACTION_MANEUVER
2026.09.27-08.13.52 MODE seq=26 mode=6 combat=0 pending=1
2026.09.27-08.13.52 PEND resolve done seq=26 (apply) phase=ACTION_MANEUVER
2026.09.27-08.13.52 SNAPSHOT applied seq=26 phase=ACTION_MANEUVER
2026.09.27-08.13.52 MODE seq=26 mode=6 combat=0 pending=1
2026.09.27-08.13.52 S09AUTO pending picked (type=MOVE stage=0)
2026.09.27-08.13.52 PEND-RESOLVE sent type=MOVE stage=0 id=cmuhgvgi100oowi9gxm86n50b-fullText-0-p3
2026.09.27-08.13.52 SNAPSHOT applied seq=27 phase=ACTION_MANEUVER
2026.09.27-08.13.52 MODE seq=27 mode=6 combat=0 pending=1
2026.09.27-08.13.52 PEND resolve done seq=27 (apply) phase=ACTION_MANEUVER
2026.09.27-08.13.52 SNAPSHOT applied seq=27 phase=ACTION_MANEUVER
2026.09.27-08.13.52 MODE seq=27 mode=6 combat=0 pending=1
2026.09.27-08.13.52 S09AUTO pending picked (type=MOVE stage=0)
2026.09.27-08.13.52 PEND-RESOLVE sent type=MOVE stage=0 id=cmuhgvgi100oowi9gxm86n50b-fullText-0-p4
2026.09.27-08.13.52 SNAPSHOT applied seq=28 phase=ACTION_MANEUVER
2026.09.27-08.13.52 MODE seq=28 mode=6 combat=0 pending=1
2026.09.27-08.13.52 PEND resolve done seq=28 (apply) phase=ACTION_MANEUVER
2026.09.27-08.13.52 SNAPSHOT applied seq=28 phase=ACTION_MANEUVER
2026.09.27-08.13.52 MODE seq=28 mode=6 combat=0 pending=1
2026.09.27-08.13.52 S09AUTO pending picked (type=MOVE stage=0)
2026.09.27-08.13.52 PEND-RESOLVE sent type=MOVE stage=0 id=cmuhgvgi100oowi9gxm86n50b-fullText-0-p5
2026.09.27-08.13.52 SNAPSHOT applied seq=29 phase=ACTION_MANEUVER
2026.09.27-08.13.52 MODE seq=29 mode=0 combat=0 pending=0
2026.09.27-08.13.52 PEND resolve done seq=29 (apply) phase=ACTION_MANEUVER
2026.09.27-08.13.52 SNAPSHOT applied seq=29 phase=ACTION_MANEUVER
2026.09.27-08.13.52 MODE seq=29 mode=0 combat=0 pending=0
2026.09.27-08.13.52 S09AUTO drive mode=0 plan=[defend+resolve+scheme] phase=ACTION_MANEUVER turn=cmuhntiwu0001wib0z281rpa8
2026.09.27-08.13.52 SNAPSHOT applied seq=30 phase=ACTION_MANEUVER
2026.09.27-08.13.52 MODE seq=30 mode=1 combat=0 pending=0
2026.09.27-08.13.52 SNAPSHOT applied seq=30 phase=ACTION_MANEUVER
2026.09.27-08.13.52 MODE seq=30 mode=1 combat=0 pending=0
2026.09.27-08.13.52 S09AUTO drive mode=1 plan=[defend+resolve+scheme] phase=ACTION_MANEUVER turn=cmuhntiwu0001wib0z281rpa8
2026.09.27-08.13.53 S09AUTO draft-open shot (maneuver marker live)
2026.09.27-08.13.53 SNAPSHOT applied seq=31 phase=ACTION_MANEUVER
2026.09.27-08.13.53 MODE seq=31 mode=0 combat=0 pending=0
2026.09.27-08.13.53 SNAPSHOT applied seq=31 phase=ACTION_MANEUVER
2026.09.27-08.13.53 MODE seq=31 mode=0 combat=0 pending=0
2026.09.27-08.13.53 SNAPSHOT applied seq=32 phase=ACTION_MANEUVER
2026.09.27-08.13.53 MODE seq=32 mode=0 combat=0 pending=0
2026.09.27-08.13.53 SNAPSHOT applied seq=33 phase=ACTION_MANEUVER
2026.09.27-08.13.53 MODE seq=33 mode=0 combat=0 pending=0
2026.09.27-08.13.54 S09AUTO drive mode=0 plan=[defend+resolve+scheme] phase=ACTION_MANEUVER turn=cmuhntivg0000wib0anhqyswc
2026.09.27-08.13.55 SNAPSHOT applied seq=34 phase=ACTION_MANEUVER
2026.09.27-08.13.55 MODE seq=34 mode=0 combat=0 pending=0
2026.09.27-08.13.55 SNAPSHOT applied seq=35 phase=ACTION_MANEUVER
2026.09.27-08.13.55 MODE seq=35 mode=0 combat=0 pending=0
2026.09.27-08.13.55 S09AUTO own turn #2 (turnCount=6)
2026.09.27-08.13.55 SNAPSHOT applied seq=36 phase=ACTION_MANEUVER
2026.09.27-08.13.55 MODE seq=36 mode=1 combat=0 pending=0
2026.09.27-08.13.55 SNAPSHOT applied seq=36 phase=ACTION_MANEUVER
2026.09.27-08.13.55 MODE seq=36 mode=1 combat=0 pending=0
2026.09.27-08.13.55 S09AUTO drive mode=1 plan=[defend+resolve+scheme] phase=ACTION_MANEUVER turn=cmuhntiwu0001wib0z281rpa8
2026.09.27-08.13.55 S09AUTO multi-fighter moves=2
2026.09.27-08.13.55 SNAPSHOT applied seq=37 phase=ACTION_MANEUVER
2026.09.27-08.13.55 MODE seq=37 mode=0 combat=0 pending=0
2026.09.27-08.13.55 SNAPSHOT applied seq=37 phase=ACTION_MANEUVER
2026.09.27-08.13.55 MODE seq=37 mode=0 combat=0 pending=0
2026.09.27-08.13.56 S09AUTO drive mode=0 plan=[defend+resolve+scheme] phase=ACTION_MANEUVER turn=cmuhntiwu0001wib0z281rpa8
2026.09.27-08.13.56 SNAPSHOT applied seq=38 phase=ACTION_MANEUVER
2026.09.27-08.13.56 MODE seq=38 mode=1 combat=0 pending=0
2026.09.27-08.13.56 SNAPSHOT applied seq=38 phase=ACTION_MANEUVER
2026.09.27-08.13.56 MODE seq=38 mode=1 combat=0 pending=0
2026.09.27-08.13.56 S09AUTO drive mode=1 plan=[defend+resolve+scheme] phase=ACTION_MANEUVER turn=cmuhntiwu0001wib0z281rpa8
2026.09.27-08.13.56 SNAPSHOT applied seq=39 phase=ACTION_MANEUVER
2026.09.27-08.13.56 MODE seq=39 mode=0 combat=0 pending=1
2026.09.27-08.13.56 SNAPSHOT applied seq=39 phase=ACTION_MANEUVER
2026.09.27-08.13.56 MODE seq=39 mode=0 combat=0 pending=1
2026.09.27-08.13.56 SNAPSHOT applied seq=40 phase=ACTION_MANEUVER
2026.09.27-08.13.56 MODE seq=40 mode=0 combat=0 pending=0
2026.09.27-08.13.56 SNAPSHOT applied seq=41 phase=ACTION_MANEUVER
2026.09.27-08.13.56 MODE seq=41 mode=0 combat=0 pending=0
2026.09.27-08.13.57 SNAPSHOT applied seq=42 phase=ACTION_MANEUVER
2026.09.27-08.13.57 MODE seq=42 mode=0 combat=0 pending=0
2026.09.27-08.13.57 S09AUTO drive mode=0 plan=[defend+resolve+scheme] phase=ACTION_MANEUVER turn=cmuhntivg0000wib0anhqyswc
2026.09.27-08.13.58 SNAPSHOT applied seq=43 phase=COMBAT
2026.09.27-08.13.58 MODE seq=43 mode=4 combat=1 pending=0
2026.09.27-08.13.58 S09AUTO drive mode=4 plan=[defend+resolve+scheme] phase=COMBAT turn=cmuhntivg0000wib0anhqyswc
2026.09.27-08.13.58 S09AUTO defense card picked
2026.09.27-08.13.58 DEFENSE sent
2026.09.27-08.13.58 SNAPSHOT applied seq=44 phase=COMBAT_RESOLVE
2026.09.27-08.13.58 MODE seq=44 mode=5 combat=1 pending=0
2026.09.27-08.13.58 SNAPSHOT applied seq=44 phase=COMBAT_RESOLVE
2026.09.27-08.13.58 MODE seq=44 mode=5 combat=1 pending=0
2026.09.27-08.13.58 S09AUTO drive mode=5 plan=[defend+resolve+scheme] phase=COMBAT_RESOLVE turn=cmuhntivg0000wib0anhqyswc
2026.09.27-08.13.58 S09AUTO resolve
2026.09.27-08.13.58 RESOLVE sent
2026.09.27-08.13.58 SNAPSHOT applied seq=45 phase=COMBAT_RESOLVE
2026.09.27-08.13.58 MODE seq=45 mode=5 combat=1 pending=1
2026.09.27-08.13.58 RESOLVE panel revealed: A3+B0 vs D1
2026.09.27-08.13.58 RESOLVE panel blocked by pending (type=BOOST_CHOICE id=cmuhgvgkf00smwi9gaeymh3ur-during-0-boost-44)
2026.09.27-08.13.58 SNAPSHOT applied seq=45 phase=COMBAT_RESOLVE
2026.09.27-08.13.58 MODE seq=45 mode=5 combat=1 pending=1
2026.09.27-08.13.58 S09AUTO resolve-blocked shot (type=BOOST_CHOICE)
2026.09.27-08.14.02 SNAPSHOT applied seq=46 phase=ACTION_MANEUVER
2026.09.27-08.14.02 COMBAT-RESULT seq=46 damage=4 role=defended
2026.09.27-08.14.02 RESOLVE panel revealed: A3+B0 vs D1
2026.09.27-08.14.02 MODE seq=46 mode=0 combat=0 pending=0
2026.09.27-08.14.02 S09AUTO drive mode=0 plan=[defend+resolve+scheme] phase=ACTION_MANEUVER turn=cmuhntiwu0001wib0z281rpa8
2026.09.27-08.14.02 S09AUTO own turn #3 (turnCount=8)
2026.09.27-08.14.02 S09AUTO scheme
2026.09.27-08.14.02 SNAPSHOT applied seq=47 phase=ACTION_MANEUVER
2026.09.27-08.14.02 MODE seq=47 mode=6 combat=0 pending=1
2026.09.27-08.14.02 SCHEME done seq=47 (apply) phase=ACTION_MANEUVER
2026.09.27-08.14.02 SNAPSHOT applied seq=47 phase=ACTION_MANEUVER
2026.09.27-08.14.02 MODE seq=47 mode=6 combat=0 pending=1
2026.09.27-08.14.03 S09AUTO drive mode=6 plan=[defend+resolve+scheme] phase=ACTION_MANEUVER turn=cmuhntiwu0001wib0z281rpa8
2026.09.27-08.14.03 S09AUTO pending-open shot (type=DECK_TOP_PICK stage=0 mode=PICK)
2026.09.27-08.14.03 S09AUTO pending picked (type=DECK_TOP_PICK stage=0)
2026.09.27-08.14.03 PEND-RESOLVE sent type=DECK_TOP_PICK stage=0 id=cmuhgvghx00ogwi9g6yhna6m8-fullText-0-p0
2026.09.27-08.14.03 SNAPSHOT applied seq=48 phase=ACTION_MANEUVER
2026.09.27-08.14.03 MODE seq=48 mode=6 combat=0 pending=1
2026.09.27-08.14.04 SNAPSHOT applied seq=48 phase=ACTION_MANEUVER
2026.09.27-08.14.04 MODE seq=48 mode=6 combat=0 pending=1
2026.09.27-08.14.04 PEND resolve done seq=48 (merge) phase=ACTION_MANEUVER
2026.09.27-08.14.04 S09AUTO pending-open shot (type=DECK_TOP_PICK stage=0 mode=ORDER)
2026.09.27-08.14.04 S09AUTO pending picked (type=DECK_TOP_PICK stage=0)
2026.09.27-08.14.04 PEND-RESOLVE sent type=DECK_TOP_PICK stage=0 id=cmuhgvghx00ogwi9g6yhna6m8-fullText-0-p0-order
2026.09.27-08.14.04 SNAPSHOT applied seq=49 phase=ACTION_MANEUVER
2026.09.27-08.14.04 MODE seq=49 mode=0 combat=0 pending=0
2026.09.27-08.14.04 SNAPSHOT applied seq=49 phase=ACTION_MANEUVER
2026.09.27-08.14.04 MODE seq=49 mode=0 combat=0 pending=0
2026.09.27-08.14.04 PEND resolve done seq=49 (merge) phase=ACTION_MANEUVER
2026.09.27-08.14.04 S09AUTO drive mode=0 plan=[defend+resolve+scheme] phase=ACTION_MANEUVER turn=cmuhntiwu0001wib0z281rpa8
2026.09.27-08.14.04 SNAPSHOT applied seq=50 phase=ACTION_MANEUVER
2026.09.27-08.14.04 MODE seq=50 mode=1 combat=0 pending=0
2026.09.27-08.14.04 SNAPSHOT applied seq=50 phase=ACTION_MANEUVER
2026.09.27-08.14.04 MODE seq=50 mode=1 combat=0 pending=0
2026.09.27-08.14.04 S09AUTO drive mode=1 plan=[defend+resolve+scheme] phase=ACTION_MANEUVER turn=cmuhntiwu0001wib0z281rpa8
2026.09.27-08.14.04 SNAPSHOT applied seq=51 phase=ACTION_MANEUVER
2026.09.27-08.14.04 MODE seq=51 mode=0 combat=0 pending=1
2026.09.27-08.14.04 SNAPSHOT applied seq=51 phase=ACTION_MANEUVER
2026.09.27-08.14.04 MODE seq=51 mode=0 combat=0 pending=1
2026.09.27-08.14.04 SNAPSHOT applied seq=52 phase=ACTION_MANEUVER
2026.09.27-08.14.04 MODE seq=52 mode=0 combat=0 pending=0
2026.09.27-08.14.04 SNAPSHOT applied seq=53 phase=ACTION_MANEUVER
2026.09.27-08.14.04 MODE seq=53 mode=0 combat=0 pending=0
2026.09.27-08.14.04 SNAPSHOT applied seq=54 phase=ACTION_MANEUVER
2026.09.27-08.14.04 MODE seq=54 mode=0 combat=0 pending=0
2026.09.27-08.14.05 S09AUTO drive mode=0 plan=[defend+resolve+scheme] phase=ACTION_MANEUVER turn=cmuhntivg0000wib0anhqyswc
2026.09.27-08.14.05 SNAPSHOT applied seq=55 phase=ACTION_MANEUVER
2026.09.27-08.14.05 MODE seq=55 mode=0 combat=0 pending=0
2026.09.27-08.14.06 SNAPSHOT applied seq=56 phase=ACTION_MANEUVER
2026.09.27-08.14.06 MODE seq=56 mode=0 combat=0 pending=0
2026.09.27-08.14.06 S09AUTO own turn #4 (turnCount=10)
2026.09.27-08.14.06 SNAPSHOT applied seq=57 phase=ACTION_MANEUVER
2026.09.27-08.14.06 MODE seq=57 mode=1 combat=0 pending=0
2026.09.27-08.14.06 SNAPSHOT applied seq=57 phase=ACTION_MANEUVER
2026.09.27-08.14.06 MODE seq=57 mode=1 combat=0 pending=0
2026.09.27-08.14.06 S09AUTO drive mode=1 plan=[defend+resolve+scheme] phase=ACTION_MANEUVER turn=cmuhntiwu0001wib0z281rpa8
2026.09.27-08.14.06 SNAPSHOT applied seq=58 phase=ACTION_MANEUVER
2026.09.27-08.14.06 MODE seq=58 mode=0 combat=0 pending=0
2026.09.27-08.14.06 SNAPSHOT applied seq=58 phase=ACTION_MANEUVER
2026.09.27-08.14.06 MODE seq=58 mode=0 combat=0 pending=0
2026.09.27-08.14.07 S09AUTO drive mode=0 plan=[defend+resolve+scheme] phase=ACTION_MANEUVER turn=cmuhntiwu0001wib0z281rpa8
2026.09.27-08.14.07 SNAPSHOT applied seq=59 phase=ACTION_MANEUVER
2026.09.27-08.14.07 MODE seq=59 mode=1 combat=0 pending=0
2026.09.27-08.14.07 SNAPSHOT applied seq=59 phase=ACTION_MANEUVER
2026.09.27-08.14.07 MODE seq=59 mode=1 combat=0 pending=0
2026.09.27-08.14.07 S09AUTO drive mode=1 plan=[defend+resolve+scheme] phase=ACTION_MANEUVER turn=cmuhntiwu0001wib0z281rpa8
2026.09.27-08.14.07 SNAPSHOT applied seq=60 phase=ACTION_MANEUVER
2026.09.27-08.14.07 MODE seq=60 mode=0 combat=0 pending=1
2026.09.27-08.14.07 SNAPSHOT applied seq=60 phase=ACTION_MANEUVER
2026.09.27-08.14.07 MODE seq=60 mode=0 combat=0 pending=1
2026.09.27-08.14.07 SNAPSHOT applied seq=61 phase=ACTION_MANEUVER
2026.09.27-08.14.07 MODE seq=61 mode=0 combat=0 pending=0
2026.09.27-08.14.07 SNAPSHOT applied seq=62 phase=ACTION_MANEUVER
2026.09.27-08.14.07 MODE seq=62 mode=0 combat=0 pending=1
2026.09.27-08.14.08 S09AUTO drive mode=0 plan=[defend+resolve+scheme] phase=ACTION_MANEUVER turn=cmuhntivg0000wib0anhqyswc
2026.09.27-08.14.09 SNAPSHOT applied seq=63 phase=ACTION_MANEUVER
2026.09.27-08.14.09 MODE seq=63 mode=0 combat=0 pending=0
2026.09.27-08.14.09 SNAPSHOT applied seq=64 phase=ACTION_MANEUVER
2026.09.27-08.14.09 MODE seq=64 mode=0 combat=0 pending=0
2026.09.27-08.14.09 SNAPSHOT applied seq=65 phase=ACTION_MANEUVER
2026.09.27-08.14.09 MODE seq=65 mode=0 combat=0 pending=0
2026.09.27-08.14.09 S09AUTO own turn #5 (turnCount=12)
2026.09.27-08.14.09 SNAPSHOT applied seq=66 phase=ACTION_MANEUVER
2026.09.27-08.14.09 MODE seq=66 mode=1 combat=0 pending=0
2026.09.27-08.14.09 SNAPSHOT applied seq=66 phase=ACTION_MANEUVER
2026.09.27-08.14.09 MODE seq=66 mode=1 combat=0 pending=0
2026.09.27-08.14.09 S09AUTO drive mode=1 plan=[defend+resolve+scheme] phase=ACTION_MANEUVER turn=cmuhntiwu0001wib0z281rpa8
2026.09.27-08.14.09 SNAPSHOT applied seq=67 phase=ACTION_MANEUVER
2026.09.27-08.14.09 MODE seq=67 mode=0 combat=0 pending=0
2026.09.27-08.14.09 SNAPSHOT applied seq=67 phase=ACTION_MANEUVER
2026.09.27-08.14.09 MODE seq=67 mode=0 combat=0 pending=0
2026.09.27-08.14.10 S09AUTO drive mode=0 plan=[defend+resolve+scheme] phase=ACTION_MANEUVER turn=cmuhntiwu0001wib0z281rpa8
2026.09.27-08.14.10 SNAPSHOT applied seq=68 phase=ACTION_MANEUVER
2026.09.27-08.14.10 MODE seq=68 mode=1 combat=0 pending=0
2026.09.27-08.14.10 SNAPSHOT applied seq=68 phase=ACTION_MANEUVER
2026.09.27-08.14.10 MODE seq=68 mode=1 combat=0 pending=0
2026.09.27-08.14.10 S09AUTO drive mode=1 plan=[defend+resolve+scheme] phase=ACTION_MANEUVER turn=cmuhntiwu0001wib0z281rpa8
2026.09.27-08.14.10 SNAPSHOT applied seq=69 phase=TURN_END
2026.09.27-08.14.10 MODE seq=69 mode=2 combat=0 pending=0
2026.09.27-08.14.10 SNAPSHOT applied seq=69 phase=TURN_END
2026.09.27-08.14.10 MODE seq=69 mode=2 combat=0 pending=0
2026.09.27-08.14.11 S09AUTO drive mode=2 plan=[defend+resolve+scheme] phase=TURN_END turn=cmuhntiwu0001wib0z281rpa8
2026.09.27-08.14.11 S09AUTO discard picks=2
2026.09.27-08.14.11 SNAPSHOT applied seq=70 phase=ACTION_MANEUVER
2026.09.27-08.14.12 MODE seq=70 mode=0 combat=0 pending=1
2026.09.27-08.14.12 SNAPSHOT applied seq=70 phase=ACTION_MANEUVER
2026.09.27-08.14.12 MODE seq=70 mode=0 combat=0 pending=1
2026.09.27-08.14.12 SNAPSHOT applied seq=71 phase=ACTION_MANEUVER
2026.09.27-08.14.12 MODE seq=71 mode=0 combat=0 pending=0
2026.09.27-08.14.12 SNAPSHOT applied seq=72 phase=ACTION_MANEUVER
2026.09.27-08.14.12 MODE seq=72 mode=0 combat=0 pending=0
2026.09.27-08.14.12 SNAPSHOT applied seq=73 phase=ACTION_MANEUVER
2026.09.27-08.14.12 MODE seq=73 mode=0 combat=0 pending=0
2026.09.27-08.14.13 S09AUTO drive mode=0 plan=[defend+resolve+scheme] phase=ACTION_MANEUVER turn=cmuhntivg0000wib0anhqyswc
2026.09.27-08.14.13 SNAPSHOT applied seq=74 phase=ACTION_MANEUVER
2026.09.27-08.14.13 MODE seq=74 mode=0 combat=0 pending=1
2026.09.27-08.14.14 SNAPSHOT applied seq=75 phase=ACTION_MANEUVER
2026.09.27-08.14.14 MODE seq=75 mode=0 combat=0 pending=1
2026.09.27-08.14.14 SNAPSHOT applied seq=76 phase=ACTION_MANEUVER
2026.09.27-08.14.14 MODE seq=76 mode=0 combat=0 pending=1
2026.09.27-08.14.15 SNAPSHOT applied seq=77 phase=ACTION_MANEUVER
2026.09.27-08.14.15 MODE seq=77 mode=0 combat=0 pending=1
2026.09.27-08.14.15 SNAPSHOT applied seq=78 phase=ACTION_MANEUVER
2026.09.27-08.14.15 MODE seq=78 mode=0 combat=0 pending=0
2026.09.27-08.14.15 S09AUTO own turn #6 (turnCount=14)
2026.09.27-08.14.15 SNAPSHOT applied seq=79 phase=ACTION_MANEUVER
2026.09.27-08.14.15 MODE seq=79 mode=1 combat=0 pending=0
2026.09.27-08.14.15 SNAPSHOT applied seq=79 phase=ACTION_MANEUVER
2026.09.27-08.14.15 MODE seq=79 mode=1 combat=0 pending=0
2026.09.27-08.14.15 S09AUTO drive mode=1 plan=[defend+resolve+scheme] phase=ACTION_MANEUVER turn=cmuhntiwu0001wib0z281rpa8
2026.09.27-08.14.15 SNAPSHOT applied seq=80 phase=ACTION_MANEUVER
2026.09.27-08.14.15 MODE seq=80 mode=0 combat=0 pending=0
2026.09.27-08.14.15 SNAPSHOT applied seq=80 phase=ACTION_MANEUVER
2026.09.27-08.14.15 MODE seq=80 mode=0 combat=0 pending=0
2026.09.27-08.14.16 S09AUTO drive mode=0 plan=[defend+resolve+scheme] phase=ACTION_MANEUVER turn=cmuhntiwu0001wib0z281rpa8
2026.09.27-08.14.16 SNAPSHOT applied seq=81 phase=ACTION_MANEUVER
2026.09.27-08.14.16 MODE seq=81 mode=1 combat=0 pending=0
2026.09.27-08.14.16 SNAPSHOT applied seq=81 phase=ACTION_MANEUVER
2026.09.27-08.14.16 MODE seq=81 mode=1 combat=0 pending=0
2026.09.27-08.14.16 S09AUTO drive mode=1 plan=[defend+resolve+scheme] phase=ACTION_MANEUVER turn=cmuhntiwu0001wib0z281rpa8
2026.09.27-08.14.16 SNAPSHOT applied seq=82 phase=TURN_END
2026.09.27-08.14.16 MODE seq=82 mode=2 combat=0 pending=0
2026.09.27-08.14.16 SNAPSHOT applied seq=82 phase=TURN_END
2026.09.27-08.14.16 MODE seq=82 mode=2 combat=0 pending=0
2026.09.27-08.14.17 S09AUTO drive mode=2 plan=[defend+resolve+scheme] phase=TURN_END turn=cmuhntiwu0001wib0z281rpa8
2026.09.27-08.14.17 S09AUTO discard picks=2
2026.09.27-08.14.17 SNAPSHOT applied seq=83 phase=ACTION_MANEUVER
2026.09.27-08.14.17 MODE seq=83 mode=0 combat=0 pending=1
2026.09.27-08.14.17 SNAPSHOT applied seq=83 phase=ACTION_MANEUVER
2026.09.27-08.14.17 MODE seq=83 mode=0 combat=0 pending=1
2026.09.27-08.14.18 SNAPSHOT applied seq=84 phase=ACTION_MANEUVER
2026.09.27-08.14.18 MODE seq=84 mode=0 combat=0 pending=0
2026.09.27-08.14.18 SNAPSHOT applied seq=85 phase=ACTION_MANEUVER
2026.09.27-08.14.18 MODE seq=85 mode=0 combat=0 pending=0
2026.09.27-08.14.18 SNAPSHOT applied seq=86 phase=ACTION_MANEUVER
2026.09.27-08.14.18 MODE seq=86 mode=0 combat=0 pending=0
2026.09.27-08.14.19 S09AUTO drive mode=0 plan=[defend+resolve+scheme] phase=ACTION_MANEUVER turn=cmuhntivg0000wib0anhqyswc
2026.09.27-08.14.19 SNAPSHOT applied seq=87 phase=ACTION_MANEUVER
2026.09.27-08.14.19 MODE seq=87 mode=0 combat=0 pending=0
2026.09.27-08.14.19 SNAPSHOT applied seq=88 phase=TURN_END
2026.09.27-08.14.19 MODE seq=88 mode=0 combat=0 pending=0
2026.09.27-08.14.20 SNAPSHOT applied seq=89 phase=ACTION_MANEUVER
2026.09.27-08.14.20 MODE seq=89 mode=0 combat=0 pending=0
2026.09.27-08.14.20 S09AUTO own turn #7 (turnCount=16)
2026.09.27-08.14.20 SNAPSHOT applied seq=90 phase=ACTION_MANEUVER
2026.09.27-08.14.20 MODE seq=90 mode=1 combat=0 pending=0
2026.09.27-08.14.20 SNAPSHOT applied seq=90 phase=ACTION_MANEUVER
2026.09.27-08.14.20 MODE seq=90 mode=1 combat=0 pending=0
2026.09.27-08.14.20 S09AUTO drive mode=1 plan=[defend+resolve+scheme] phase=ACTION_MANEUVER turn=cmuhntiwu0001wib0z281rpa8
2026.09.27-08.14.21 SNAPSHOT applied seq=91 phase=ACTION_MANEUVER
2026.09.27-08.14.21 MODE seq=91 mode=0 combat=0 pending=0
2026.09.27-08.14.21 SNAPSHOT applied seq=91 phase=ACTION_MANEUVER
2026.09.27-08.14.21 MODE seq=91 mode=0 combat=0 pending=0
2026.09.27-08.14.22 S09AUTO drive mode=0 plan=[defend+resolve+scheme] phase=ACTION_MANEUVER turn=cmuhntiwu0001wib0z281rpa8
2026.09.27-08.14.22 SNAPSHOT applied seq=92 phase=ACTION_MANEUVER
2026.09.27-08.14.22 MODE seq=92 mode=1 combat=0 pending=0
2026.09.27-08.14.22 SNAPSHOT applied seq=92 phase=ACTION_MANEUVER
2026.09.27-08.14.22 MODE seq=92 mode=1 combat=0 pending=0
2026.09.27-08.14.22 S09AUTO drive mode=1 plan=[defend+resolve+scheme] phase=ACTION_MANEUVER turn=cmuhntiwu0001wib0z281rpa8
2026.09.27-08.14.22 SNAPSHOT applied seq=93 phase=TURN_END
2026.09.27-08.14.22 MODE seq=93 mode=2 combat=0 pending=0
2026.09.27-08.14.22 SNAPSHOT applied seq=93 phase=TURN_END
2026.09.27-08.14.22 MODE seq=93 mode=2 combat=0 pending=0
2026.09.27-08.14.23 S09AUTO drive mode=2 plan=[defend+resolve+scheme] phase=TURN_END turn=cmuhntiwu0001wib0z281rpa8
2026.09.27-08.14.23 S09AUTO discard picks=2
2026.09.27-08.14.23 SNAPSHOT applied seq=94 phase=ACTION_MANEUVER
2026.09.27-08.14.23 MODE seq=94 mode=0 combat=0 pending=1
2026.09.27-08.14.23 SNAPSHOT applied seq=94 phase=ACTION_MANEUVER
2026.09.27-08.14.23 MODE seq=94 mode=0 combat=0 pending=1
2026.09.27-08.14.23 SNAPSHOT applied seq=95 phase=ACTION_MANEUVER
2026.09.27-08.14.23 MODE seq=95 mode=0 combat=0 pending=0
2026.09.27-08.14.23 SNAPSHOT applied seq=96 phase=COMBAT
2026.09.27-08.14.23 MODE seq=96 mode=4 combat=1 pending=0
2026.09.27-08.14.24 S09AUTO drive mode=4 plan=[defend+resolve+scheme] phase=COMBAT turn=cmuhntivg0000wib0anhqyswc
2026.09.27-08.14.24 S09AUTO defense card picked
2026.09.27-08.14.24 DEFENSE sent
2026.09.27-08.14.24 SNAPSHOT applied seq=97 phase=COMBAT_RESOLVE
2026.09.27-08.14.24 MODE seq=97 mode=5 combat=1 pending=0
2026.09.27-08.14.24 SNAPSHOT applied seq=97 phase=COMBAT_RESOLVE
2026.09.27-08.14.24 MODE seq=97 mode=5 combat=1 pending=0
2026.09.27-08.14.24 S09AUTO drive mode=5 plan=[defend+resolve+scheme] phase=COMBAT_RESOLVE turn=cmuhntivg0000wib0anhqyswc
2026.09.27-08.14.24 S09AUTO resolve
2026.09.27-08.14.24 RESOLVE sent
2026.09.27-08.14.24 SNAPSHOT applied seq=98 phase=COMBAT_RESOLVE
2026.09.27-08.14.24 MODE seq=98 mode=6 combat=1 pending=1
2026.09.27-08.14.24 PENDING panel revealed: attack A3+B0 vs D4
2026.09.27-08.14.24 SNAPSHOT applied seq=98 phase=COMBAT_RESOLVE
2026.09.27-08.14.24 MODE seq=98 mode=6 combat=1 pending=1
2026.09.27-08.14.24 S09AUTO drive mode=6 plan=[defend+resolve+scheme] phase=COMBAT_RESOLVE turn=cmuhntivg0000wib0anhqyswc
2026.09.27-08.14.24 S09AUTO pending picked (type=MOVE stage=0)
2026.09.27-08.14.24 PEND-RESOLVE sent type=MOVE stage=0 id=cmuhgvgi800p4wi9greokvfle-after-0-p0
2026.09.27-08.14.24 SNAPSHOT applied seq=99 phase=COMBAT_RESOLVE
2026.09.27-08.14.24 MODE seq=99 mode=5 combat=1 pending=1
2026.09.27-08.14.24 RESOLVE panel revealed: A3+B0 vs D4
2026.09.27-08.14.24 RESOLVE panel blocked by pending (type=MOVE id=cmuhgvgko00t6wi9gliac8gv6-after-0-p0)
2026.09.27-08.14.24 PEND resolve done seq=99 (apply) phase=COMBAT_RESOLVE
2026.09.27-08.14.24 SNAPSHOT applied seq=99 phase=COMBAT_RESOLVE
2026.09.27-08.14.24 MODE seq=99 mode=5 combat=1 pending=1
2026.09.27-08.14.24 S09AUTO drive mode=5 plan=[defend+resolve+scheme] phase=COMBAT_RESOLVE turn=cmuhntivg0000wib0anhqyswc
2026.09.27-08.14.24 S09AUTO resolve-blocked shot (type=MOVE)
2026.09.27-08.14.25 SNAPSHOT applied seq=100 phase=ACTION_MANEUVER
2026.09.27-08.14.25 COMBAT-RESULT seq=100 damage=0 role=defended
2026.09.27-08.14.25 RESOLVE panel revealed: A3+B0 vs D4
2026.09.27-08.14.25 MODE seq=100 mode=0 combat=0 pending=0
2026.09.27-08.14.25 S09AUTO drive mode=0 plan=[defend+resolve+scheme] phase=ACTION_MANEUVER turn=cmuhntivg0000wib0anhqyswc
2026.09.27-08.14.25 SNAPSHOT applied seq=101 phase=COMBAT
2026.09.27-08.14.25 MODE seq=101 mode=4 combat=1 pending=0
2026.09.27-08.14.25 S09AUTO drive mode=4 plan=[defend+resolve+scheme] phase=COMBAT turn=cmuhntivg0000wib0anhqyswc
2026.09.27-08.14.25 S09AUTO defense card picked
2026.09.27-08.14.25 DEFENSE sent
2026.09.27-08.14.25 SNAPSHOT applied seq=102 phase=COMBAT_RESOLVE
2026.09.27-08.14.25 MODE seq=102 mode=5 combat=1 pending=0
2026.09.27-08.14.25 SNAPSHOT applied seq=102 phase=COMBAT_RESOLVE
2026.09.27-08.14.25 MODE seq=102 mode=5 combat=1 pending=0
2026.09.27-08.14.25 S09AUTO drive mode=5 plan=[defend+resolve+scheme] phase=COMBAT_RESOLVE turn=cmuhntivg0000wib0anhqyswc
2026.09.27-08.14.25 S09AUTO resolve
2026.09.27-08.14.25 RESOLVE sent
2026.09.27-08.14.25 SNAPSHOT applied seq=103 phase=COMBAT_RESOLVE
2026.09.27-08.14.25 MODE seq=103 mode=6 combat=1 pending=1
2026.09.27-08.14.25 PENDING panel revealed: attack A3+B0 vs D4
2026.09.27-08.14.25 SNAPSHOT applied seq=103 phase=COMBAT_RESOLVE
2026.09.27-08.14.25 MODE seq=103 mode=6 combat=1 pending=1
2026.09.27-08.14.25 S09AUTO drive mode=6 plan=[defend+resolve+scheme] phase=COMBAT_RESOLVE turn=cmuhntivg0000wib0anhqyswc
2026.09.27-08.14.25 S09AUTO pending picked (type=MOVE stage=0)
2026.09.27-08.14.25 PEND-RESOLVE sent type=MOVE stage=0 id=cmuhgvgi800p4wi9greokvfle-after-0-p0
2026.09.27-08.14.25 SNAPSHOT applied seq=104 phase=ACTION_MANEUVER
2026.09.27-08.14.25 COMBAT-RESULT seq=104 damage=0 role=defended
2026.09.27-08.14.25 PENDING panel revealed: attack A3+B0 vs D4
2026.09.27-08.14.25 MODE seq=104 mode=0 combat=0 pending=0
2026.09.27-08.14.25 PEND resolve done seq=104 (apply) phase=ACTION_MANEUVER
2026.09.27-08.14.25 SNAPSHOT applied seq=104 phase=ACTION_MANEUVER
2026.09.27-08.14.25 MODE seq=104 mode=0 combat=0 pending=0
2026.09.27-08.14.25 S09AUTO drive mode=0 plan=[defend+resolve+scheme] phase=ACTION_MANEUVER turn=cmuhntiwu0001wib0z281rpa8
2026.09.27-08.14.25 S09AUTO own turn #8 (turnCount=18)
2026.09.27-08.14.25 SNAPSHOT applied seq=105 phase=ACTION_MANEUVER
2026.09.27-08.14.25 MODE seq=105 mode=1 combat=0 pending=0
2026.09.27-08.14.25 SNAPSHOT applied seq=105 phase=ACTION_MANEUVER
2026.09.27-08.14.25 MODE seq=105 mode=1 combat=0 pending=0
2026.09.27-08.14.25 S09AUTO drive mode=1 plan=[defend+resolve+scheme] phase=ACTION_MANEUVER turn=cmuhntiwu0001wib0z281rpa8
2026.09.27-08.14.25 SNAPSHOT applied seq=106 phase=ACTION_MANEUVER
2026.09.27-08.14.25 MODE seq=106 mode=0 combat=0 pending=0
2026.09.27-08.14.25 SNAPSHOT applied seq=106 phase=ACTION_MANEUVER
2026.09.27-08.14.25 MODE seq=106 mode=0 combat=0 pending=0
2026.09.27-08.14.26 S09AUTO drive mode=0 plan=[defend+resolve+scheme] phase=ACTION_MANEUVER turn=cmuhntiwu0001wib0z281rpa8
2026.09.27-08.14.26 SNAPSHOT applied seq=107 phase=ACTION_MANEUVER
2026.09.27-08.14.26 MODE seq=107 mode=1 combat=0 pending=0
2026.09.27-08.14.26 SNAPSHOT applied seq=107 phase=ACTION_MANEUVER
2026.09.27-08.14.26 MODE seq=107 mode=1 combat=0 pending=0
2026.09.27-08.14.26 S09AUTO drive mode=1 plan=[defend+resolve+scheme] phase=ACTION_MANEUVER turn=cmuhntiwu0001wib0z281rpa8
2026.09.27-08.14.26 SNAPSHOT applied seq=108 phase=ACTION_MANEUVER
2026.09.27-08.14.26 MODE seq=108 mode=0 combat=0 pending=1
2026.09.27-08.14.26 SNAPSHOT applied seq=108 phase=ACTION_MANEUVER
2026.09.27-08.14.26 MODE seq=108 mode=0 combat=0 pending=1
2026.09.27-08.14.27 SNAPSHOT applied seq=109 phase=GAME_OVER
2026.09.27-08.14.27 MODE seq=109 mode=0 combat=0 pending=1
2026.09.27-08.14.27 RESULT seq=109 outcome=DEFEAT winner=Medusa
2026.09.27-08.14.29 S09AUTO result-screen shot
2026.09.27-08.14.29 RESULT lobby-return sent (leaveGame)
2026.09.27-08.14.29 LEFT room=cmujjkc1y000lwil83t79dvk7
2026.09.27-08.14.33 S09AUTO lobby-return shot
2026.09.27-08.14.33 S09AUTO duel flow complete (GAME_OVER -> result shown -> lobby return) - exiting
