CAPTURE SCRIPT BUILD: v15-discard-echo
game started: cmujex6jy000dwibcet56e6g9
fixture: gd035-move-open-host-view (26129 bytes)
fixture: gd035-move-open-joiner-view (25891 bytes)
fixture: gd035-move-queue-host-view (26129 bytes)
hp after-move: Medusa:16 Harpies:1 Harpies:1 Harpies:1 King Arthur:18 Merlin:7
game A complete
game aborted: cmujex6jy000dwibcet56e6g9
game started: cmujex7e2001bwibci0i7o4mi
hp after-glance: Medusa:16 Harpies:1 Harpies:1 Harpies:1 King Arthur:18 Merlin:7
attempt 0: waiting (claw=no, harpyAdjacency=yes)
attempt 3: waiting (claw=no, harpyAdjacency=yes)
DEDUPE ACTIVE: raw hand 9 -> pool 9, ids ["cmuhgvgi900p6wi9g6bvevxsm::0","cmuhgvgi300oswi9gm8lj3wbw::1"]
attempt 5: waiting (claw=no, harpyAdjacency=yes)
attempt 8: waiting (claw=no, harpyAdjacency=yes)
attempt 10: waiting (claw=no, harpyAdjacency=yes)
attempt 12: waiting (claw=no, harpyAdjacency=yes)
attempt 14: waiting (claw=no, harpyAdjacency=yes)
attempt 16: waiting (claw=no, harpyAdjacency=yes)
attempt 18: waiting (claw=no, harpyAdjacency=yes)
note: DISCARD_CARDS head never opened (Clutching Claws never met a Harpy attack window)
hp after-discard: Medusa:16 Harpies:1 Harpies:1 Harpies:1 King Arthur:18 Merlin:1
game A-D complete
game aborted: cmujex7e2001bwibci0i7o4mi
game started: cmujexc6w006bwibcgz0olyed
attempt 7: a Harpy fell to an undefended attack
attempt 9: Winged Frenzy played for the revive-PLACE queue
fixture: gd035-place-owner-host-view (26516 bytes)
fixture: gd035-place-wait-joiner-view (27755 bytes)
attempt 11: waiting for the Merlin path (merlin=yes adjacent=1, secondShot=yes, bewilderment=no)
fixture: gd035-boost-host-view (29543 bytes)
fixture: gd035-boost-joiner-view (29852 bytes)
capture complete
game aborted: cmujexc6w006bwibcgz0olyed
game started: cmujexflw009twibc41u95enp
fixture: gd035-space-stage1-joiner-view (33911 bytes)
fixture: gd035-space-stage1-host-view (36199 bytes)
fixture: gd035-space-stage2-joiner-view (33942 bytes)
fixture: gd035-space-stage2-host-view (36230 bytes)
CHOOSE_SPACE both stages resolved live (zone backfill + stage-2 seq fix)
game aborted: cmujexflw009twibc41u95enp
