CAPTURE SCRIPT BUILD: v18-discard-hissfirst
game started: cmujfi4hs038xwibc2lou67cz
fixture: gd035-move-open-host-view (25280 bytes)
fixture: gd035-move-open-joiner-view (25704 bytes)
fixture: gd035-move-queue-host-view (25280 bytes)
hp after-move: Medusa:16 Harpies:1 Harpies:1 Harpies:1 King Arthur:18 Merlin:7
game A complete
game aborted: cmujfi4hs038xwibc2lou67cz
game started: cmujfi51d039fwibc1xn41xhb
hp after-approach: Medusa:16 Harpies:1 Harpies:1 Harpies:1 King Arthur:18 Merlin:7
[dbg] attempt 0 turn=H phase=ACTION_MANEUVER hiss=n claw=y handH=["Gaze of Stone","Clutching Claws","The Hounds of Mighty Zeus","Feint","Clutching Claws"]
[dbg] attempt 1 turn=H phase=ACTION_MANEUVER hiss=n claw=y handH=["Gaze of Stone","The Hounds of Mighty Zeus","Feint","Clutching Claws"]
[dbg] attempt 2 turn=J phase=ACTION_MANEUVER hiss=n claw=n handH=["Gaze of Stone","The Hounds of Mighty Zeus","Feint"]
[dbg] attempt 3 turn=H phase=ACTION_MANEUVER hiss=n claw=n handH=["Gaze of Stone","The Hounds of Mighty Zeus","Feint"]
attempt 3: waiting (claw=no, hiss=no, turn=host)
[dbg] attempt 4 turn=J phase=ACTION_MANEUVER hiss=y claw=n handH=["Gaze of Stone","The Hounds of Mighty Zeus","Feint","Hiss and Slither","Regroup"]
[dbg] attempt 5 turn=J phase=ACTION_MANEUVER hiss=n claw=n handH=["Gaze of Stone","The Hounds of Mighty Zeus","Feint","Regroup"]
[dbg] attempt 6 turn=H phase=ACTION_MANEUVER hiss=n claw=n handH=["Gaze of Stone","The Hounds of Mighty Zeus","Feint","Regroup"]
attempt 6: waiting (claw=no, hiss=no, turn=host)
[dbg] attempt 7 turn=J phase=ACTION_MANEUVER hiss=n claw=n handH=["Gaze of Stone","The Hounds of Mighty Zeus","Feint","Regroup","Feint","Gaze of Stone"]
DEDUPE ACTIVE: raw hand 9 -> pool 9, ids ["cmuhgvgi500owwi9gnmn59wun::1","cmuhgvgi600p0wi9gzhz8rkin::1"]
[dbg] attempt 8 turn=H phase=ACTION_MANEUVER hiss=n claw=n handH=["Gaze of Stone","The Hounds of Mighty Zeus","Feint","Regroup","Feint","Gaze of Stone"]
attempt 8: waiting (claw=no, hiss=no, turn=host)
[dbg] attempt 9 turn=J phase=ACTION_MANEUVER hiss=n claw=n handH=["The Hounds of Mighty Zeus","Feint","Regroup","Feint","Gaze of Stone","Second Shot","Dash"]
[dbg] attempt 10 turn=H phase=ACTION_MANEUVER hiss=n claw=n handH=["The Hounds of Mighty Zeus","Feint","Regroup","Feint","Gaze of Stone","Second Shot","Dash"]
attempt 10: waiting (claw=no, hiss=no, turn=host)
[dbg] attempt 11 turn=J phase=ACTION_MANEUVER hiss=n claw=n handH=["Regroup","Feint","Gaze of Stone","Second Shot","Dash","Snipe","Second Shot"]
[dbg] attempt 12 turn=H phase=ACTION_MANEUVER hiss=n claw=n handH=["Regroup","Feint","Gaze of Stone","Second Shot","Dash","Snipe","Second Shot"]
attempt 12: waiting (claw=no, hiss=no, turn=host)
[dbg] attempt 13 turn=J phase=ACTION_MANEUVER hiss=n claw=n handH=["Feint","Gaze of Stone","Second Shot","Dash","Snipe","Second Shot","Snipe"]
[dbg] attempt 14 turn=H phase=ACTION_MANEUVER hiss=n claw=n handH=["Feint","Gaze of Stone","Second Shot","Dash","Snipe","Second Shot","Snipe"]
attempt 14: waiting (claw=no, hiss=no, turn=host)
[dbg] attempt 15 turn=J phase=ACTION_MANEUVER hiss=y claw=n handH=["Second Shot","Dash","Snipe","Second Shot","Snipe","Hiss and Slither","Regroup"]
[dbg] attempt 16 turn=J phase=ACTION_MANEUVER hiss=n claw=n handH=["Second Shot","Dash","Snipe","Second Shot","Snipe","Regroup"]
[dbg] attempt 17 turn=H phase=ACTION_MANEUVER hiss=n claw=n handH=["Second Shot","Dash","Snipe","Second Shot","Snipe","Regroup"]
attempt 17: waiting (claw=no, hiss=no, turn=host)
[dbg] attempt 18 turn=J phase=ACTION_MANEUVER hiss=y claw=n handH=["Second Shot","Snipe","Second Shot","Snipe","Regroup","Hiss and Slither","Snipe"]
[dbg] attempt 19 turn=J phase=ACTION_MANEUVER hiss=n claw=n handH=["Second Shot","Snipe","Second Shot","Snipe","Regroup","Snipe"]
[dbg] attempt 20 turn=H phase=ACTION_MANEUVER hiss=n claw=n handH=["Second Shot","Snipe","Second Shot","Snipe","Regroup","Snipe"]
attempt 20: waiting (claw=no, hiss=no, turn=host)
[dbg] attempt 21 turn=J phase=ACTION_MANEUVER hiss=n claw=y handH=["Second Shot","Second Shot","Snipe","Regroup","Snipe","Clutching Claws","Gaze of Stone"]
[dbg] attempt 22 turn=H phase=ACTION_MANEUVER hiss=n claw=y handH=["Second Shot","Second Shot","Snipe","Regroup","Snipe","Clutching Claws","Gaze of Stone"]
[dbg] attempt 23 turn=H phase=ACTION_MANEUVER hiss=n claw=n handH=["Second Shot","Second Shot","Snipe","Regroup","Snipe","Gaze of Stone"]
attempt 23: waiting (claw=no, hiss=no, turn=host)
note: DISCARD_CARDS head never opened in this duel (neither the Clutching Claws attack nor a Hiss-and-Slither defense landed)
hp after-discard: Medusa:16 Harpies:1 Harpies:1 Harpies:1 King Arthur:18 Merlin:0X
game A-D complete
game aborted: cmujfi51d039fwibc1xn41xhb
DISCARD duel retry #1 (fresh decks)
game started: cmujfi9x903enwibc2nsul6i9
hp after-approach: Medusa:16 Harpies:1 Harpies:1 Harpies:1 King Arthur:18 Merlin:7
[dbg] attempt 0 turn=H phase=ACTION_MANEUVER hiss=y claw=y handH=["Second Shot","Hiss and Slither","The Hounds of Mighty Zeus","Clutching Claws","Feint"]
[dbg] attempt 1 turn=H phase=ACTION_MANEUVER hiss=y claw=n handH=["Second Shot","Hiss and Slither","The Hounds of Mighty Zeus","Feint"]
attempt 1: waiting (claw=no, hiss=yes, turn=host)
[dbg] attempt 2 turn=J phase=ACTION_MANEUVER hiss=y claw=n handH=["Second Shot","Hiss and Slither","The Hounds of Mighty Zeus","Feint","Regroup"]
[dbg] attempt 3 turn=J phase=ACTION_MANEUVER hiss=n claw=n handH=["Second Shot","The Hounds of Mighty Zeus","Feint","Regroup"]
[dbg] attempt 4 turn=H phase=ACTION_MANEUVER hiss=n claw=n handH=["Second Shot","The Hounds of Mighty Zeus","Feint","Regroup"]
attempt 4: waiting (claw=no, hiss=no, turn=host)
[dbg] attempt 5 turn=J phase=ACTION_MANEUVER hiss=y claw=n handH=["Second Shot","The Hounds of Mighty Zeus","Feint","Regroup","Regroup","Hiss and Slither"]
[dbg] attempt 6 turn=J phase=ACTION_MANEUVER hiss=n claw=n handH=["Second Shot","The Hounds of Mighty Zeus","Feint","Regroup","Regroup"]
[dbg] attempt 7 turn=H phase=ACTION_MANEUVER hiss=n claw=n handH=["Second Shot","The Hounds of Mighty Zeus","Feint","Regroup","Regroup"]
attempt 7: waiting (claw=no, hiss=no, turn=host)
[dbg] attempt 8 turn=J phase=ACTION_MANEUVER hiss=n claw=n handH=["Second Shot","The Hounds of Mighty Zeus","Feint","Regroup","Regroup","Dash","The Hounds of Mighty Zeus"]
[dbg] attempt 9 turn=H phase=ACTION_MANEUVER hiss=n claw=n handH=["Second Shot","The Hounds of Mighty Zeus","Feint","Regroup","Regroup","Dash","The Hounds of Mighty Zeus"]
attempt 9: waiting (claw=no, hiss=no, turn=host)
[dbg] attempt 10 turn=J phase=ACTION_MANEUVER hiss=y claw=n handH=["Second Shot","Regroup","Regroup","Dash","The Hounds of Mighty Zeus","Second Shot","Hiss and Slither"]
[dbg] attempt 11 turn=J phase=ACTION_MANEUVER hiss=n claw=n handH=["Second Shot","Regroup","Regroup","Dash","The Hounds of Mighty Zeus","Second Shot"]
[dbg] attempt 12 turn=H phase=ACTION_MANEUVER hiss=n claw=n handH=["Second Shot","Regroup","Regroup","Dash","The Hounds of Mighty Zeus","Second Shot"]
attempt 12: waiting (claw=no, hiss=no, turn=host)
[dbg] attempt 13 turn=J phase=ACTION_MANEUVER hiss=n claw=n handH=["Second Shot","Regroup","Regroup","Dash","The Hounds of Mighty Zeus","Second Shot","Snipe"]
[dbg] attempt 14 turn=H phase=ACTION_MANEUVER hiss=n claw=n handH=["Second Shot","Regroup","Regroup","Dash","The Hounds of Mighty Zeus","Second Shot","Snipe"]
attempt 14: waiting (claw=no, hiss=no, turn=host)
[dbg] attempt 15 turn=J phase=ACTION_MANEUVER hiss=n claw=y handH=["Second Shot","Dash","The Hounds of Mighty Zeus","Second Shot","Snipe","Clutching Claws","Winged Frenzy"]
[dbg] attempt 16 turn=H phase=ACTION_MANEUVER hiss=n claw=y handH=["Second Shot","Dash","The Hounds of Mighty Zeus","Second Shot","Snipe","Clutching Claws","Winged Frenzy"]
[dbg] attempt 17 turn=H phase=ACTION_MANEUVER hiss=n claw=n handH=["Second Shot","Dash","The Hounds of Mighty Zeus","Second Shot","Snipe","Winged Frenzy"]
attempt 17: waiting (claw=no, hiss=no, turn=host)
[dbg] attempt 18 turn=J phase=ACTION_MANEUVER hiss=n claw=n handH=["Second Shot","Dash","The Hounds of Mighty Zeus","Second Shot","Snipe","Winged Frenzy","Gaze of Stone"]
[dbg] attempt 19 turn=H phase=ACTION_MANEUVER hiss=n claw=n handH=["Second Shot","Dash","The Hounds of Mighty Zeus","Second Shot","Snipe","Winged Frenzy","Gaze of Stone"]
attempt 19: waiting (claw=no, hiss=no, turn=host)
[dbg] attempt 20 turn=J phase=ACTION_MANEUVER hiss=n claw=n handH=["Second Shot","The Hounds of Mighty Zeus","Second Shot","Snipe","Winged Frenzy","Gaze of Stone","Feint"]
[dbg] attempt 21 turn=H phase=ACTION_MANEUVER hiss=n claw=n handH=["Second Shot","The Hounds of Mighty Zeus","Second Shot","Snipe","Winged Frenzy","Gaze of Stone","Feint"]
attempt 21: waiting (claw=no, hiss=no, turn=host)
[dbg] attempt 22 turn=J phase=ACTION_MANEUVER hiss=n claw=n handH=["Second Shot","Second Shot","Winged Frenzy","Gaze of Stone","Feint","Feint","Dash"]
[dbg] attempt 23 turn=H phase=ACTION_MANEUVER hiss=n claw=n handH=["Second Shot","Second Shot","Winged Frenzy","Gaze of Stone","Feint","Feint","Dash"]
attempt 23: waiting (claw=no, hiss=no, turn=host)
note: DISCARD_CARDS head never opened in this duel (neither the Clutching Claws attack nor a Hiss-and-Slither defense landed)
hp after-discard: Medusa:16 Harpies:1 Harpies:1 Harpies:1 King Arthur:18 Merlin:1
game A-D complete
game aborted: cmujfi9x903enwibc2nsul6i9
DISCARD duel retry #2 (fresh decks)
game started: cmujfiere03jxwibcn9buqn1s
hp after-approach: Medusa:16 Harpies:1 Harpies:1 Harpies:1 King Arthur:18 Merlin:7
[dbg] attempt 0 turn=H phase=ACTION_MANEUVER hiss=y claw=n handH=["Hiss and Slither","The Hounds of Mighty Zeus","Snipe","Winged Frenzy","Feint"]
attempt 0: waiting (claw=no, hiss=yes, turn=host)
[dbg] attempt 1 turn=J phase=ACTION_MANEUVER hiss=y claw=y handH=["Hiss and Slither","The Hounds of Mighty Zeus","Snipe","Winged Frenzy","Feint","Clutching Claws","Hiss and Slither"]
[dbg] attempt 2 turn=J phase=ACTION_MANEUVER hiss=y claw=y handH=["The Hounds of Mighty Zeus","Snipe","Winged Frenzy","Feint","Clutching Claws","Hiss and Slither"]
[dbg] attempt 3 turn=H phase=ACTION_MANEUVER hiss=n claw=y handH=["The Hounds of Mighty Zeus","Snipe","Winged Frenzy","Feint","Clutching Claws"]
[dbg] attempt 4 turn=H phase=ACTION_MANEUVER hiss=n claw=n handH=["The Hounds of Mighty Zeus","Snipe","Winged Frenzy","Feint"]
attempt 4: waiting (claw=no, hiss=no, turn=host)
[dbg] attempt 5 turn=J phase=ACTION_MANEUVER hiss=n claw=n handH=["The Hounds of Mighty Zeus","Snipe","Winged Frenzy","Feint","Second Shot"]
[dbg] attempt 6 turn=H phase=ACTION_MANEUVER hiss=n claw=n handH=["The Hounds of Mighty Zeus","Snipe","Winged Frenzy","Feint","Second Shot"]
attempt 6: waiting (claw=no, hiss=no, turn=host)
[dbg] attempt 7 turn=J phase=ACTION_MANEUVER hiss=n claw=y handH=["The Hounds of Mighty Zeus","Snipe","Winged Frenzy","Feint","Second Shot","Gaze of Stone","Clutching Claws"]
[dbg] attempt 8 turn=H phase=ACTION_MANEUVER hiss=n claw=y handH=["The Hounds of Mighty Zeus","Snipe","Winged Frenzy","Feint","Second Shot","Gaze of Stone","Clutching Claws"]
[dbg] attempt 9 turn=H phase=ACTION_MANEUVER hiss=n claw=n handH=["The Hounds of Mighty Zeus","Snipe","Winged Frenzy","Feint","Second Shot","Gaze of Stone"]
attempt 9: waiting (claw=no, hiss=no, turn=host)
[dbg] attempt 10 turn=J phase=ACTION_MANEUVER hiss=n claw=n handH=["The Hounds of Mighty Zeus","Snipe","Winged Frenzy","Feint","Second Shot","Gaze of Stone","A Momentary Glance"]
[dbg] attempt 11 turn=H phase=ACTION_MANEUVER hiss=n claw=n handH=["The Hounds of Mighty Zeus","Snipe","Winged Frenzy","Feint","Second Shot","Gaze of Stone","A Momentary Glance"]
attempt 11: waiting (claw=no, hiss=no, turn=host)
[dbg] attempt 12 turn=J phase=ACTION_MANEUVER hiss=n claw=n handH=["Snipe","Winged Frenzy","Feint","Second Shot","Gaze of Stone","Winged Frenzy","Regroup"]
[dbg] attempt 13 turn=H phase=ACTION_MANEUVER hiss=n claw=n handH=["Snipe","Winged Frenzy","Feint","Second Shot","Gaze of Stone","Winged Frenzy","Regroup"]
attempt 13: waiting (claw=no, hiss=no, turn=host)
[dbg] attempt 14 turn=J phase=ACTION_MANEUVER hiss=n claw=n handH=["Winged Frenzy","Second Shot","Gaze of Stone","Winged Frenzy","Regroup","The Hounds of Mighty Zeus","Gaze of Stone"]
[dbg] attempt 15 turn=H phase=ACTION_MANEUVER hiss=n claw=n handH=["Winged Frenzy","Second Shot","Gaze of Stone","Winged Frenzy","Regroup","The Hounds of Mighty Zeus","Gaze of Stone"]
attempt 15: waiting (claw=no, hiss=no, turn=host)
[dbg] attempt 16 turn=J phase=ACTION_MANEUVER hiss=n claw=n handH=["Winged Frenzy","Second Shot","Winged Frenzy","The Hounds of Mighty Zeus","Gaze of Stone","Feint","Dash"]
[dbg] attempt 17 turn=H phase=ACTION_MANEUVER hiss=n claw=n handH=["Winged Frenzy","Second Shot","Winged Frenzy","The Hounds of Mighty Zeus","Gaze of Stone","Feint","Dash"]
attempt 17: waiting (claw=no, hiss=no, turn=host)
[dbg] attempt 18 turn=J phase=ACTION_MANEUVER hiss=n claw=n handH=["Winged Frenzy","Second Shot","Winged Frenzy","Feint","Dash","Regroup","Snipe"]
[dbg] attempt 19 turn=H phase=ACTION_MANEUVER hiss=n claw=n handH=["Winged Frenzy","Second Shot","Winged Frenzy","Feint","Dash","Regroup","Snipe"]
attempt 19: waiting (claw=no, hiss=no, turn=host)
[dbg] attempt 20 turn=J phase=ACTION_MANEUVER hiss=n claw=y handH=["Winged Frenzy","Second Shot","Winged Frenzy","Regroup","Snipe","Clutching Claws","Second Shot"]
[dbg] attempt 21 turn=H phase=ACTION_MANEUVER hiss=n claw=y handH=["Winged Frenzy","Second Shot","Winged Frenzy","Regroup","Snipe","Clutching Claws","Second Shot"]
[dbg] attempt 22 turn=H phase=ACTION_MANEUVER hiss=n claw=n handH=["Winged Frenzy","Second Shot","Winged Frenzy","Regroup","Snipe","Second Shot"]
attempt 22: waiting (claw=no, hiss=no, turn=host)
[dbg] attempt 23 turn=J phase=ACTION_MANEUVER hiss=n claw=n handH=["Winged Frenzy","Second Shot","Winged Frenzy","Regroup","Snipe","Second Shot","Gaze of Stone"]
note: DISCARD_CARDS head never opened in this duel (neither the Clutching Claws attack nor a Hiss-and-Slither defense landed)
hp after-discard: Medusa:16 Harpies:1 Harpies:1 Harpies:1 King Arthur:18 Merlin:0X
game A-D complete
game aborted: cmujfiere03jxwibcn9buqn1s
DISCARD duel retry #3 (fresh decks)
game started: cmujfij7003pdwibcwjr91z2z
hp after-approach: Medusa:16 Harpies:1 Harpies:1 Harpies:1 King Arthur:18 Merlin:7
[dbg] attempt 0 turn=H phase=ACTION_MANEUVER hiss=y claw=n handH=["Snipe","The Hounds of Mighty Zeus","Hiss and Slither","Hiss and Slither","Winged Frenzy"]
attempt 0: waiting (claw=no, hiss=yes, turn=host)
[dbg] attempt 1 turn=J phase=ACTION_MANEUVER hiss=y claw=n handH=["Snipe","The Hounds of Mighty Zeus","Hiss and Slither","Hiss and Slither","Winged Frenzy","Gaze of Stone","Snipe"]
[dbg] attempt 2 turn=J phase=ACTION_MANEUVER hiss=y claw=n handH=["Snipe","The Hounds of Mighty Zeus","Hiss and Slither","Winged Frenzy","Gaze of Stone","Snipe"]
[dbg] attempt 3 turn=H phase=ACTION_MANEUVER hiss=n claw=n handH=["Snipe","The Hounds of Mighty Zeus","Winged Frenzy","Gaze of Stone","Snipe"]
attempt 3: waiting (claw=no, hiss=no, turn=host)
[dbg] attempt 4 turn=J phase=ACTION_MANEUVER hiss=n claw=n handH=["Snipe","The Hounds of Mighty Zeus","Winged Frenzy","Gaze of Stone","Snipe","Feint","Regroup"]
[dbg] attempt 5 turn=H phase=ACTION_MANEUVER hiss=n claw=n handH=["Snipe","The Hounds of Mighty Zeus","Winged Frenzy","Gaze of Stone","Snipe","Feint","Regroup"]
attempt 5: waiting (claw=no, hiss=no, turn=host)
[dbg] attempt 6 turn=J phase=ACTION_MANEUVER hiss=n claw=n handH=["Winged Frenzy","Gaze of Stone","Snipe","Feint","Regroup","Second Shot","The Hounds of Mighty Zeus"]
[dbg] attempt 7 turn=H phase=ACTION_MANEUVER hiss=n claw=n handH=["Winged Frenzy","Gaze of Stone","Snipe","Feint","Regroup","Second Shot","The Hounds of Mighty Zeus"]
attempt 7: waiting (claw=no, hiss=no, turn=host)
[dbg] attempt 8 turn=J phase=ACTION_MANEUVER hiss=y claw=n handH=["Winged Frenzy","Feint","Regroup","Second Shot","The Hounds of Mighty Zeus","Hiss and Slither","Snipe"]
[dbg] attempt 9 turn=J phase=ACTION_MANEUVER hiss=n claw=n handH=["Winged Frenzy","Feint","Regroup","Second Shot","The Hounds of Mighty Zeus","Snipe"]
[dbg] attempt 10 turn=H phase=ACTION_MANEUVER hiss=n claw=n handH=["Winged Frenzy","Feint","Regroup","Second Shot","The Hounds of Mighty Zeus","Snipe"]
attempt 10: waiting (claw=no, hiss=no, turn=host)
[dbg] attempt 11 turn=J phase=ACTION_MANEUVER hiss=n claw=y handH=["Winged Frenzy","Feint","Regroup","Second Shot","The Hounds of Mighty Zeus","Snipe","Clutching Claws"]
[dbg] attempt 12 turn=H phase=ACTION_MANEUVER hiss=n claw=y handH=["Winged Frenzy","Feint","Regroup","Second Shot","The Hounds of Mighty Zeus","Snipe","Clutching Claws"]
[dbg] attempt 13 turn=H phase=ACTION_MANEUVER hiss=n claw=n handH=["Winged Frenzy","Feint","Regroup","Second Shot","The Hounds of Mighty Zeus","Snipe"]
attempt 13: waiting (claw=no, hiss=no, turn=host)
[dbg] attempt 14 turn=J phase=ACTION_MANEUVER hiss=n claw=n handH=["Winged Frenzy","Feint","Regroup","Second Shot","The Hounds of Mighty Zeus","Snipe","Regroup"]
[dbg] attempt 15 turn=H phase=ACTION_MANEUVER hiss=n claw=n handH=["Winged Frenzy","Feint","Regroup","Second Shot","The Hounds of Mighty Zeus","Snipe","Regroup"]
attempt 15: waiting (claw=no, hiss=no, turn=host)
[dbg] attempt 16 turn=J phase=ACTION_MANEUVER hiss=n claw=n handH=["Winged Frenzy","Second Shot","The Hounds of Mighty Zeus","Snipe","Regroup","Regroup","Dash"]
[dbg] attempt 17 turn=H phase=ACTION_MANEUVER hiss=n claw=n handH=["Winged Frenzy","Second Shot","The Hounds of Mighty Zeus","Snipe","Regroup","Regroup","Dash"]
attempt 17: waiting (claw=no, hiss=no, turn=host)
[dbg] attempt 18 turn=J phase=ACTION_MANEUVER hiss=n claw=n handH=["Winged Frenzy","Second Shot","Regroup","Regroup","Dash","Gaze of Stone","Second Shot"]
[dbg] attempt 19 turn=H phase=ACTION_MANEUVER hiss=n claw=n handH=["Winged Frenzy","Second Shot","Regroup","Regroup","Dash","Gaze of Stone","Second Shot"]
attempt 19: waiting (claw=no, hiss=no, turn=host)
[dbg] attempt 20 turn=J phase=ACTION_MANEUVER hiss=n claw=n handH=["Winged Frenzy","Second Shot","Regroup","Dash","Gaze of Stone","Second Shot","Feint"]
[dbg] attempt 21 turn=H phase=ACTION_MANEUVER hiss=n claw=n handH=["Winged Frenzy","Second Shot","Regroup","Dash","Gaze of Stone","Second Shot","Feint"]
attempt 21: waiting (claw=no, hiss=no, turn=host)
[dbg] attempt 22 turn=J phase=ACTION_MANEUVER hiss=n claw=y handH=["Winged Frenzy","Second Shot","Gaze of Stone","Second Shot","Feint","Dash","Clutching Claws"]
[dbg] attempt 23 turn=H phase=ACTION_MANEUVER hiss=n claw=y handH=["Winged Frenzy","Second Shot","Gaze of Stone","Second Shot","Feint","Dash","Clutching Claws"]
note: DISCARD_CARDS head never opened in this duel (neither the Clutching Claws attack nor a Hiss-and-Slither defense landed)
hp after-discard: Medusa:16 Harpies:1 Harpies:1 Harpies:1 King Arthur:18 Merlin:1
game A-D complete
game aborted: cmujfij7003pdwibcwjr91z2z
DISCARD duel retry #4 (fresh decks)
game started: cmujfioa503v3wibczpsdq0vy
hp after-approach: Medusa:16 Harpies:1 Harpies:1 Harpies:1 King Arthur:18 Merlin:7
[dbg] attempt 0 turn=H phase=ACTION_MANEUVER hiss=n claw=n handH=["Gaze of Stone","Regroup","Second Shot","Regroup","The Hounds of Mighty Zeus"]
attempt 0: waiting (claw=no, hiss=no, turn=host)
[dbg] attempt 1 turn=J phase=ACTION_MANEUVER hiss=n claw=n handH=["Gaze of Stone","Regroup","Second Shot","Regroup","The Hounds of Mighty Zeus","Feint","Regroup"]
[dbg] attempt 2 turn=H phase=ACTION_MANEUVER hiss=n claw=n handH=["Gaze of Stone","Regroup","Second Shot","Regroup","The Hounds of Mighty Zeus","Feint","Regroup"]
attempt 2: waiting (claw=no, hiss=no, turn=host)
[dbg] attempt 3 turn=J phase=ACTION_MANEUVER hiss=n claw=n handH=["Regroup","Second Shot","Regroup","The Hounds of Mighty Zeus","Feint","Regroup","Gaze of Stone"]
[dbg] attempt 4 turn=H phase=ACTION_MANEUVER hiss=n claw=n handH=["Regroup","Second Shot","Regroup","The Hounds of Mighty Zeus","Feint","Regroup","Gaze of Stone"]
attempt 4: waiting (claw=no, hiss=no, turn=host)
[dbg] attempt 5 turn=J phase=ACTION_MANEUVER hiss=n claw=n handH=["Second Shot","Regroup","The Hounds of Mighty Zeus","Feint","Regroup","Gaze of Stone","Winged Frenzy"]
[dbg] attempt 6 turn=H phase=ACTION_MANEUVER hiss=n claw=n handH=["Second Shot","Regroup","The Hounds of Mighty Zeus","Feint","Regroup","Gaze of Stone","Winged Frenzy"]
attempt 6: waiting (claw=no, hiss=no, turn=host)
[dbg] attempt 7 turn=J phase=ACTION_MANEUVER hiss=n claw=n handH=["Second Shot","Feint","Regroup","Gaze of Stone","Winged Frenzy","Gaze of Stone","Second Shot"]
[dbg] attempt 8 turn=H phase=ACTION_MANEUVER hiss=n claw=n handH=["Second Shot","Feint","Regroup","Gaze of Stone","Winged Frenzy","Gaze of Stone","Second Shot"]
attempt 8: waiting (claw=no, hiss=no, turn=host)
[dbg] attempt 9 turn=J phase=ACTION_MANEUVER hiss=n claw=n handH=["Second Shot","Gaze of Stone","Winged Frenzy","Gaze of Stone","Second Shot","The Hounds of Mighty Zeus","Feint"]
[dbg] attempt 10 turn=H phase=ACTION_MANEUVER hiss=n claw=n handH=["Second Shot","Gaze of Stone","Winged Frenzy","Gaze of Stone","Second Shot","The Hounds of Mighty Zeus","Feint"]
attempt 10: waiting (claw=no, hiss=no, turn=host)
[dbg] attempt 11 turn=J phase=ACTION_MANEUVER hiss=n claw=y handH=["Second Shot","Winged Frenzy","Second Shot","The Hounds of Mighty Zeus","Feint","Clutching Claws","Clutching Claws"]
[dbg] attempt 12 turn=H phase=ACTION_MANEUVER hiss=n claw=y handH=["Second Shot","Winged Frenzy","Second Shot","The Hounds of Mighty Zeus","Feint","Clutching Claws","Clutching Claws"]
[dbg] attempt 13 turn=H phase=ACTION_MANEUVER hiss=n claw=y handH=["Second Shot","Winged Frenzy","Second Shot","The Hounds of Mighty Zeus","Feint","Clutching Claws"]
[dbg] attempt 14 turn=J phase=ACTION_MANEUVER hiss=n claw=n handH=["Second Shot","Winged Frenzy","Second Shot","The Hounds of Mighty Zeus","Feint"]
[dbg] attempt 15 turn=H phase=ACTION_MANEUVER hiss=n claw=n handH=["Second Shot","Winged Frenzy","Second Shot","The Hounds of Mighty Zeus","Feint"]
attempt 15: waiting (claw=no, hiss=no, turn=host)
[dbg] attempt 16 turn=J phase=ACTION_MANEUVER hiss=y claw=n handH=["Second Shot","Winged Frenzy","Second Shot","The Hounds of Mighty Zeus","Feint","Hiss and Slither","Snipe"]
[dbg] attempt 17 turn=J phase=ACTION_MANEUVER hiss=n claw=n handH=["Second Shot","Winged Frenzy","Second Shot","The Hounds of Mighty Zeus","Feint","Snipe"]
[dbg] attempt 18 turn=H phase=ACTION_MANEUVER hiss=n claw=n handH=["Second Shot","Winged Frenzy","Second Shot","The Hounds of Mighty Zeus","Feint","Snipe"]
attempt 18: waiting (claw=no, hiss=no, turn=host)
[dbg] attempt 19 turn=J phase=ACTION_MANEUVER hiss=y claw=n handH=["Second Shot","Winged Frenzy","Second Shot","Feint","Snipe","Feint","Hiss and Slither"]
[dbg] attempt 20 turn=J phase=ACTION_MANEUVER hiss=n claw=n handH=["Second Shot","Winged Frenzy","Second Shot","Feint","Snipe","Feint"]
[dbg] attempt 21 turn=H phase=ACTION_MANEUVER hiss=n claw=n handH=["Second Shot","Winged Frenzy","Second Shot","Feint","Snipe","Feint"]
attempt 21: waiting (claw=no, hiss=no, turn=host)
[dbg] attempt 22 turn=J phase=ACTION_MANEUVER hiss=n claw=n handH=["Second Shot","Winged Frenzy","Second Shot","Snipe","Feint","Second Shot","Dash"]
[dbg] attempt 23 turn=H phase=ACTION_MANEUVER hiss=n claw=n handH=["Second Shot","Winged Frenzy","Second Shot","Snipe","Feint","Second Shot","Dash"]
attempt 23: waiting (claw=no, hiss=no, turn=host)
note: DISCARD_CARDS head never opened in this duel (neither the Clutching Claws attack nor a Hiss-and-Slither defense landed)
hp after-discard: Medusa:14 Harpies:1 Harpies:1 Harpies:1 King Arthur:18 Merlin:1
game A-D complete
game aborted: cmujfioa503v3wibczpsdq0vy
DISCARD duel retry #5 (fresh decks)
game started: cmujfitua040xwibchoqpi7at
hp after-approach: Medusa:16 Harpies:1 Harpies:1 Harpies:1 King Arthur:18 Merlin:7
[dbg] attempt 0 turn=H phase=ACTION_MANEUVER hiss=n claw=y handH=["Regroup","Feint","Regroup","Second Shot","Clutching Claws"]
[dbg] attempt 1 turn=H phase=ACTION_MANEUVER hiss=n claw=n handH=["Regroup","Feint","Regroup","Second Shot"]
attempt 1: waiting (claw=no, hiss=no, turn=host)
[dbg] attempt 2 turn=J phase=ACTION_MANEUVER hiss=n claw=n handH=["Regroup","Feint","Regroup","Second Shot","Regroup"]
[dbg] attempt 3 turn=H phase=ACTION_MANEUVER hiss=n claw=n handH=["Regroup","Feint","Regroup","Second Shot","Regroup"]
attempt 3: waiting (claw=no, hiss=no, turn=host)
[dbg] attempt 4 turn=J phase=ACTION_MANEUVER hiss=n claw=n handH=["Regroup","Feint","Regroup","Second Shot","Regroup","Dash","Snipe"]
[dbg] attempt 5 turn=H phase=ACTION_MANEUVER hiss=n claw=n handH=["Regroup","Feint","Regroup","Second Shot","Regroup","Dash","Snipe"]
attempt 5: waiting (claw=no, hiss=no, turn=host)
[dbg] attempt 6 turn=J phase=ACTION_MANEUVER hiss=n claw=n handH=["Regroup","Second Shot","Regroup","Dash","Snipe","Gaze of Stone","Feint"]
[dbg] attempt 7 turn=H phase=ACTION_MANEUVER hiss=n claw=n handH=["Regroup","Second Shot","Regroup","Dash","Snipe","Gaze of Stone","Feint"]
attempt 7: waiting (claw=no, hiss=no, turn=host)
[dbg] attempt 8 turn=J phase=ACTION_MANEUVER hiss=n claw=n handH=["Second Shot","Dash","Snipe","Gaze of Stone","Feint","Feint","The Hounds of Mighty Zeus"]
[dbg] attempt 9 turn=H phase=ACTION_MANEUVER hiss=n claw=n handH=["Second Shot","Dash","Snipe","Gaze of Stone","Feint","Feint","The Hounds of Mighty Zeus"]
attempt 9: waiting (claw=no, hiss=no, turn=host)
[dbg] attempt 10 turn=J phase=ACTION_MANEUVER hiss=y claw=y handH=["Second Shot","Gaze of Stone","Feint","Feint","The Hounds of Mighty Zeus","Clutching Claws","Hiss and Slither"]
[dbg] attempt 11 turn=J phase=ACTION_MANEUVER hiss=n claw=y handH=["Second Shot","Gaze of Stone","Feint","Feint","The Hounds of Mighty Zeus","Clutching Claws"]
[dbg] attempt 12 turn=H phase=ACTION_MANEUVER hiss=n claw=y handH=["Second Shot","Gaze of Stone","Feint","Feint","The Hounds of Mighty Zeus","Clutching Claws"]
[dbg] attempt 13 turn=H phase=ACTION_MANEUVER hiss=n claw=n handH=["Second Shot","Gaze of Stone","Feint","Feint","The Hounds of Mighty Zeus"]
attempt 13: waiting (claw=no, hiss=no, turn=host)
[dbg] attempt 14 turn=J phase=ACTION_MANEUVER hiss=n claw=n handH=["Second Shot","Gaze of Stone","Feint","Feint","The Hounds of Mighty Zeus","Snipe"]
[dbg] attempt 15 turn=H phase=ACTION_MANEUVER hiss=n claw=n handH=["Second Shot","Gaze of Stone","Feint","Feint","The Hounds of Mighty Zeus","Snipe"]
attempt 15: waiting (claw=no, hiss=no, turn=host)
[dbg] attempt 16 turn=J phase=ACTION_MANEUVER hiss=n claw=n handH=["Second Shot","Feint","Feint","The Hounds of Mighty Zeus","Snipe","Snipe","Gaze of Stone"]
[dbg] attempt 17 turn=H phase=ACTION_MANEUVER hiss=n claw=n handH=["Second Shot","Feint","Feint","The Hounds of Mighty Zeus","Snipe","Snipe","Gaze of Stone"]
attempt 17: waiting (claw=no, hiss=no, turn=host)
[dbg] attempt 18 turn=J phase=ACTION_MANEUVER hiss=n claw=n handH=["Second Shot","The Hounds of Mighty Zeus","Snipe","Snipe","Gaze of Stone","Winged Frenzy","Second Shot"]
[dbg] attempt 19 turn=H phase=ACTION_MANEUVER hiss=n claw=n handH=["Second Shot","The Hounds of Mighty Zeus","Snipe","Snipe","Gaze of Stone","Winged Frenzy","Second Shot"]
attempt 19: waiting (claw=no, hiss=no, turn=host)
[dbg] attempt 20 turn=J phase=ACTION_MANEUVER hiss=y claw=n handH=["Second Shot","Snipe","Gaze of Stone","Winged Frenzy","Second Shot","Hiss and Slither","Dash"]
[dbg] attempt 21 turn=J phase=ACTION_MANEUVER hiss=n claw=n handH=["Second Shot","Snipe","Gaze of Stone","Winged Frenzy","Second Shot","Dash"]
[dbg] attempt 22 turn=H phase=ACTION_MANEUVER hiss=n claw=n handH=["Second Shot","Snipe","Gaze of Stone","Winged Frenzy","Second Shot","Dash"]
attempt 22: waiting (claw=no, hiss=no, turn=host)
[dbg] attempt 23 turn=J phase=ACTION_MANEUVER hiss=y claw=n handH=["Second Shot","Snipe","Gaze of Stone","Winged Frenzy","Second Shot","Dash","Hiss and Slither"]
note: DISCARD_CARDS head never opened in this duel (neither the Clutching Claws attack nor a Hiss-and-Slither defense landed)
hp after-discard: Medusa:16 Harpies:1 Harpies:1 Harpies:1 King Arthur:18 Merlin:1
game A-D complete
game aborted: cmujfitua040xwibchoqpi7at
game started: cmujfiyrj046dwibcf018kolf
fixture: gd035-boost-host-view (25598 bytes)
fixture: gd035-boost-joiner-view (24985 bytes)
attempt 5: a Harpy fell to an undefended attack
attempt 7: harpy dead, waiting for Winged Frenzy
attempt 9: harpy dead, waiting for Winged Frenzy
attempt 11: harpy dead, waiting for Winged Frenzy
attempt 13: harpy dead, waiting for Winged Frenzy
attempt 15: Winged Frenzy played for the revive-PLACE queue
fixture: gd035-place-owner-host-view (30513 bytes)
fixture: gd035-place-wait-joiner-view (30229 bytes)
capture complete
game aborted: cmujfiyrj046dwibcf018kolf
game started: cmujfj2dj04afwibc6xqdprzh
fixture: gd035-space-stage1-joiner-view (32133 bytes)
fixture: gd035-space-stage1-host-view (33319 bytes)
fixture: gd035-space-stage2-joiner-view (32164 bytes)
fixture: gd035-space-stage2-host-view (33350 bytes)
CHOOSE_SPACE both stages resolved live (zone backfill + stage-2 seq fix)
game aborted: cmujfj2dj04afwibc6xqdprzh
