CAPTURE SCRIPT BUILD: v16-discard-dualpath
game started: cmujf1blh00gpwibcv1zxnqib
DEDUPE ACTIVE: raw hand 9 -> pool 9, ids ["cmuhgvgkg00sowi9giqzfy1hf::0","cmuhgvgki00sswi9gdr1ptm2z::1"]
fixture: gd035-move-open-host-view (31341 bytes)
fixture: gd035-move-open-joiner-view (31584 bytes)
fixture: gd035-move-queue-host-view (31341 bytes)
hp after-move: Medusa:16 Harpies:1 Harpies:1 Harpies:1 King Arthur:18 Merlin:7
game A complete
game aborted: cmujf1blh00gpwibcv1zxnqib
game started: cmujf1fce00kzwibc75nhlnp8
hp after-approach: Medusa:16 Harpies:1 Harpies:1 Harpies:1 King Arthur:18 Merlin:7
attempt 1: waiting (claw=no, hiss=yes)
attempt 4: waiting (claw=no, hiss=no)
attempt 6: waiting (claw=no, hiss=no)
attempt 9: waiting (claw=no, hiss=no)
attempt 11: waiting (claw=no, hiss=no)
attempt 13: waiting (claw=no, hiss=no)
attempt 16: waiting (claw=no, hiss=no)
attempt 19: waiting (claw=no, hiss=no)
attempt 21: waiting (claw=no, hiss=no)
attempt 23: waiting (claw=no, hiss=no)
note: DISCARD_CARDS head never opened (neither the Clutching Claws attack nor a Hiss-and-Slither defense landed)
hp after-discard: Medusa:16 Harpies:1 Harpies:1 Harpies:1 King Arthur:18 Merlin:1
game A-D complete
game aborted: cmujf1fce00kzwibc75nhlnp8
game started: cmujf1knp00q9wibcrxbf861u
attempt 5: a Harpy fell to an undefended attack
attempt 7: Winged Frenzy played for the revive-PLACE queue
fixture: gd035-place-owner-host-view (26195 bytes)
fixture: gd035-place-wait-joiner-view (26611 bytes)
attempt 9: waiting for the Merlin path (merlin=yes adjacent=1, secondShot=no, bewilderment=yes)
fixture: gd035-boost-host-view (27945 bytes)
fixture: gd035-boost-joiner-view (28787 bytes)
capture complete
game aborted: cmujf1knp00q9wibcrxbf861u
game started: cmujf1nqb00t7wibclpp1pl1l
fixture: gd035-space-stage1-joiner-view (35621 bytes)
fixture: gd035-space-stage1-host-view (37402 bytes)
fixture: gd035-space-stage2-joiner-view (35652 bytes)
fixture: gd035-space-stage2-host-view (37433 bytes)
CHOOSE_SPACE both stages resolved live (zone backfill + stage-2 seq fix)
game aborted: cmujf1nqb00t7wibclpp1pl1l
