[Nest] 19724  - 27.09.2026, 12:57:23     LOG [NestFactory] Starting Nest application...
[Nest] 19724  - 27.09.2026, 12:57:23   DEBUG [HeroAbilityRegistry] Registered extended ability for hero: daredevil - Blind Boost
[Nest] 19724  - 27.09.2026, 12:57:23   DEBUG [HeroAbilityRegistry] Registered extended ability for hero: ms-marvel - Stretchy
[Nest] 19724  - 27.09.2026, 12:57:23   DEBUG [HeroAbilityRegistry] Registered ability for hero: king-arthur - King Arthur attack boost (provisional)
[Nest] 19724  - 27.09.2026, 12:57:23     LOG [InstanceLoader] PrismaModule dependencies initialized +1ms
[Nest] 19724  - 27.09.2026, 12:57:23     LOG [InstanceLoader] GraphqlModule dependencies initialized +0ms
[Nest] 19724  - 27.09.2026, 12:57:23     LOG [InstanceLoader] PassportModule dependencies initialized +0ms
[Nest] 19724  - 27.09.2026, 12:57:23     LOG [InstanceLoader] LobbyModule dependencies initialized +0ms
[Nest] 19724  - 27.09.2026, 12:57:23     LOG [InstanceLoader] ConfigHostModule dependencies initialized +0ms
[Nest] 19724  - 27.09.2026, 12:57:23     LOG [InstanceLoader] ThrottlerModule dependencies initialized +0ms
[Nest] 19724  - 27.09.2026, 12:57:23     LOG [InstanceLoader] DiscoveryModule dependencies initialized +0ms
[Nest] 19724  - 27.09.2026, 12:57:23     LOG [InstanceLoader] PrometheusModule dependencies initialized +0ms
[Nest] 19724  - 27.09.2026, 12:57:23     LOG [InstanceLoader] AppModule dependencies initialized +0ms
[Nest] 19724  - 27.09.2026, 12:57:23     LOG [InstanceLoader] ConfigModule dependencies initialized +0ms
[Nest] 19724  - 27.09.2026, 12:57:23     LOG [InstanceLoader] ConfigModule dependencies initialized +0ms
[Nest] 19724  - 27.09.2026, 12:57:23     LOG [InstanceLoader] MetricsModule dependencies initialized +0ms
[Nest] 19724  - 27.09.2026, 12:57:23     LOG [InstanceLoader] ScheduleModule dependencies initialized +0ms
[Nest] 19724  - 27.09.2026, 12:57:23     LOG [InstanceLoader] ScheduleModule dependencies initialized +0ms
[Nest] 19724  - 27.09.2026, 12:57:23     LOG [InstanceLoader] ScheduleModule dependencies initialized +0ms
[Nest] 19724  - 27.09.2026, 12:57:23     LOG [InstanceLoader] TerminusModule dependencies initialized +1ms
[Nest] 19724  - 27.09.2026, 12:57:23     LOG [InstanceLoader] RedisModule dependencies initialized +0ms
[Nest] 19724  - 27.09.2026, 12:57:23     LOG [InstanceLoader] BullModule dependencies initialized +0ms
[Nest] 19724  - 27.09.2026, 12:57:23     LOG [InstanceLoader] BullModule dependencies initialized +0ms
[Nest] 19724  - 27.09.2026, 12:57:23     LOG [InstanceLoader] HealthModule dependencies initialized +0ms
[Nest] 19724  - 27.09.2026, 12:57:23     LOG [InstanceLoader] CommonModule dependencies initialized +0ms
[Nest] 19724  - 27.09.2026, 12:57:23     LOG [InstanceLoader] CacheModule dependencies initialized +0ms
[Nest] 19724  - 27.09.2026, 12:57:23     LOG [InstanceLoader] JwtModule dependencies initialized +0ms
[Nest] 19724  - 27.09.2026, 12:57:23     LOG [InstanceLoader] GameEngineModule dependencies initialized +0ms
[Nest] 19724  - 27.09.2026, 12:57:23     LOG [InstanceLoader] ContentModule dependencies initialized +0ms
[Nest] 19724  - 27.09.2026, 12:57:23     LOG [InstanceLoader] PresenceModule dependencies initialized +0ms
[Nest] 19724  - 27.09.2026, 12:57:23     LOG [InstanceLoader] GraphQLSchemaBuilderModule dependencies initialized +0ms
[Nest] 19724  - 27.09.2026, 12:57:23     LOG [InstanceLoader] BullModule dependencies initialized +0ms
[Nest] 19724  - 27.09.2026, 12:57:23     LOG [InstanceLoader] BullModule dependencies initialized +0ms
[Nest] 19724  - 27.09.2026, 12:57:23     LOG [InstanceLoader] BullModule dependencies initialized +0ms
[Nest] 19724  - 27.09.2026, 12:57:23     LOG [InstanceLoader] BullModule dependencies initialized +0ms
[Nest] 19724  - 27.09.2026, 12:57:23     LOG [InstanceLoader] BullModule dependencies initialized +0ms
[Nest] 19724  - 27.09.2026, 12:57:23     LOG [InstanceLoader] AuthModule dependencies initialized +0ms
[Nest] 19724  - 27.09.2026, 12:57:23     LOG [InstanceLoader] AuditModule dependencies initialized +1ms
[Nest] 19724  - 27.09.2026, 12:57:23     LOG [InstanceLoader] GameJobsModule dependencies initialized +0ms
[Nest] 19724  - 27.09.2026, 12:57:23     LOG [InstanceLoader] GraphQLModule dependencies initialized +0ms
[Nest] 19724  - 27.09.2026, 12:57:23     LOG [InstanceLoader] UsersModule dependencies initialized +0ms
[Nest] 19724  - 27.09.2026, 12:57:23     LOG [InstanceLoader] MatchmakingModule dependencies initialized +0ms
[Nest] 19724  - 27.09.2026, 12:57:23     LOG [InstanceLoader] GamesModule dependencies initialized +0ms
[Nest] 19724  - 27.09.2026, 12:57:23     LOG [InstanceLoader] AdminModule dependencies initialized +0ms
[Nest] 19724  - 27.09.2026, 12:57:23     LOG [RoutesResolver] AppController {/}: +0ms
[Nest] 19724  - 27.09.2026, 12:57:23     LOG [RouterExplorer] Mapped {/, GET} route +0ms
[Nest] 19724  - 27.09.2026, 12:57:23     LOG [RoutesResolver] PrometheusController {/metrics}: +0ms
[Nest] 19724  - 27.09.2026, 12:57:23     LOG [RouterExplorer] Mapped {/metrics, GET} route +0ms
[Nest] 19724  - 27.09.2026, 12:57:23     LOG [RoutesResolver] HealthController {/health}: +0ms
[Nest] 19724  - 27.09.2026, 12:57:23     LOG [RouterExplorer] Mapped {/health, GET} route +0ms
[Nest] 19724  - 27.09.2026, 12:57:23     LOG [RouterExplorer] Mapped {/health/live, GET} route +0ms
[Nest] 19724  - 27.09.2026, 12:57:23     LOG [RouterExplorer] Mapped {/health/ready, GET} route +0ms
[Nest] 19724  - 27.09.2026, 12:57:23     LOG [RouterExplorer] Mapped {/health/detail, GET} route +0ms
[Nest] 19724  - 27.09.2026, 12:57:23     LOG [PrismaService] Database connected successfully
[Nest] 19724  - 27.09.2026, 12:57:23     LOG [RedisService] Redis client connected
[Nest] 19724  - 27.09.2026, 12:57:23     LOG [RedisService] Redis publisher connected
[Nest] 19724  - 27.09.2026, 12:57:23     LOG [RedisService] Redis subscriber connected
[Nest] 19724  - 27.09.2026, 12:57:23    WARN [HeroAbilityRegistry] Hero king-arthur ability already registered, overwriting
[Nest] 19724  - 27.09.2026, 12:57:23   DEBUG [HeroAbilityRegistry] Registered ability for hero: king-arthur - King Arthur attack boost (provisional)
[Nest] 19724  - 27.09.2026, 12:57:23   DEBUG [HeroAbilityRegistry] Registered extended ability for hero: luke-cage - Skin Like Titanium
[Nest] 19724  - 27.09.2026, 12:57:23   DEBUG [HeroAbilityRegistry] Registered extended ability for hero: annie-christmas - Long Shot
[Nest] 19724  - 27.09.2026, 12:57:23   DEBUG [HeroAbilityRegistry] Registered extended ability for hero: eredin - Unyielding Hordes
[Nest] 19724  - 27.09.2026, 12:57:23   DEBUG [HeroAbilityRegistry] Registered extended ability for hero: bloody-mary - Infinity Mirror
[Nest] 19724  - 27.09.2026, 12:57:23   DEBUG [HeroAbilityRegistry] Registered extended ability for hero: philippa - Spellbreaker
[Nest] 19724  - 27.09.2026, 12:57:23   DEBUG [HeroAbilityRegistry] Registered extended ability for hero: t-rex - Reckless Lunge
[Nest] 19724  - 27.09.2026, 12:57:23   DEBUG [HeroAbilityRegistry] Registered extended ability for hero: bigfoot - It's Just Your Imagination
[Nest] 19724  - 27.09.2026, 12:57:23   DEBUG [HeroAbilityRegistry] Registered extended ability for hero: chupacabra - Blood Frenzy
[Nest] 19724  - 27.09.2026, 12:57:23   DEBUG [HeroAbilityRegistry] Registered extended ability for hero: deadpool - Regeneration
[Nest] 19724  - 27.09.2026, 12:57:23   DEBUG [HeroAbilityRegistry] Registered extended ability for hero: michelangelo - Party Dude
[Nest] 19724  - 27.09.2026, 12:57:23   DEBUG [HeroAbilityRegistry] Registered extended ability for hero: angel - Fallen Grace
[Nest] 19724  - 27.09.2026, 12:57:23   DEBUG [HeroAbilityRegistry] Registered extended ability for hero: golden-bat - The First Superhero
[Nest] 19724  - 27.09.2026, 12:57:23   DEBUG [HeroAbilityRegistry] Registered extended ability for hero: ancient-leshen - Heart of the Forest
[Nest] 19724  - 27.09.2026, 12:57:23   DEBUG [HeroAbilityRegistry] Registered extended ability for hero: raphael - Anger Issues
[Nest] 19724  - 27.09.2026, 12:57:23   DEBUG [HeroAbilityRegistry] Registered extended ability for hero: robin-hood - Trick Shot
[Nest] 19724  - 27.09.2026, 12:57:23   DEBUG [HeroAbilityRegistry] Registered extended ability for hero: leonardo - Tactical Genius
[Nest] 19724  - 27.09.2026, 12:57:23   DEBUG [HeroAbilityRegistry] Registered extended ability for hero: dracula - Children of the Night
[Nest] 19724  - 27.09.2026, 12:57:23   DEBUG [HeroAbilityRegistry] Registered extended ability for hero: medusa - Medusa turn-start damage (provisional)
[Nest] 19724  - 27.09.2026, 12:57:23   DEBUG [HeroAbilityRegistry] Registered extended ability for hero: bullseye - Bullseye
[Nest] 19724  - 27.09.2026, 12:57:23   DEBUG [HeroAbilityRegistry] Registered extended ability for hero: bruce-lee - Be Like Water
[Nest] 19724  - 27.09.2026, 12:57:23   DEBUG [HeroAbilityRegistry] Registered extended ability for hero: raptors - Pack Tactics
[Nest] 19724  - 27.09.2026, 12:57:23   DEBUG [HeroAbilityRegistry] Registered extended ability for hero: oda-nobunaga - Banner of the Demon King
[Nest] 19724  - 27.09.2026, 12:57:23   DEBUG [HeroAbilityRegistry] Registered extended ability for hero: achilles - Grief of Achilles
[Nest] 19724  - 27.09.2026, 12:57:23   DEBUG [HeroAbilityRegistry] Registered extended ability for hero: tomoe-gozen - Unwavering Resolve
[Nest] 19724  - 27.09.2026, 12:57:23   DEBUG [HeroAbilityRegistry] Registered extended ability for hero: alice - Big / Small
[Nest] 19724  - 27.09.2026, 12:57:23   DEBUG [HeroAbilityRegistry] Registered extended ability for hero: muhammad-ali - Float Like a Butterfly / Sting Like a Bee
[Nest] 19724  - 27.09.2026, 12:57:23     LOG [GraphQLModule] Mapped {/graphql, POST} route +0ms
[Nest] 19724  - 27.09.2026, 12:57:23     LOG [QueueManagerService] QueueManagerService initialized
[Nest] 19724  - 27.09.2026, 12:57:23     LOG [QueueSyncService] Starting queue sync from PostgreSQL...
[Nest] 19724  - 27.09.2026, 12:57:23     LOG [MatchmakingSchedulerService] Starting matchmaking scheduler...
[Nest] 19724  - 27.09.2026, 12:57:23     LOG [MatchConfirmationService] Match confirmation worker started
[Nest] 19724  - 27.09.2026, 12:57:23     LOG [MatchmakingSchedulerService] Matchmaking scheduler started
[Nest] 19724  - 27.09.2026, 12:57:23     LOG [QueueSyncService] No entries to sync from PostgreSQL
[Nest] 19724  - 27.09.2026, 12:57:23     LOG [GameSanityService] Starting crash recovery...
[Nest] 19724  - 27.09.2026, 12:57:23     LOG [GameSanityService] Crash recovery completed
[Nest] 19724  - 27.09.2026, 12:57:23     LOG [NestApplication] Nest application successfully started +0ms
[Nest] 19724  - 27.09.2026, 12:57:23     LOG [Bootstrap] ✅ Application is running on: http://localhost:3120
[Nest] 19724  - 27.09.2026, 12:57:23     LOG [Bootstrap] 🎮 GraphQL Playground: http://localhost:3120/graphql
[Nest] 19724  - 27.09.2026, 12:57:23     LOG [Bootstrap] 📊 Metrics: http://localhost:3120/metrics
[Nest] 19724  - 27.09.2026, 12:57:23     LOG [Bootstrap] 💚 Health: http://localhost:3120/health
[Nest] 19724  - 27.09.2026, 12:57:23     LOG [Bootstrap] 🌍 Environment: development
[Nest] 19724  - 27.09.2026, 12:57:25   DEBUG [MatchmakingSchedulerService] Processing matchmaking...
[Nest] 19724  - 27.09.2026, 12:57:25   DEBUG [MatchmakingSchedulerService] Matchmaking processing completed
[Nest] 19724  - 27.09.2026, 12:57:25   DEBUG [MatchmakingSchedulerService] Scheduler job repeat:953cb1b43865160a0916bd4a3abc86b5:1790495845000 completed
[Nest] 19724  - 27.09.2026, 12:57:30   DEBUG [MatchmakingSchedulerService] Processing matchmaking...
[Nest] 19724  - 27.09.2026, 12:57:30   DEBUG [MatchmakingSchedulerService] Matchmaking processing completed
[Nest] 19724  - 27.09.2026, 12:57:30   DEBUG [MatchmakingSchedulerService] Scheduler job repeat:953cb1b43865160a0916bd4a3abc86b5:1790495850000 completed
[Nest] 19724  - 27.09.2026, 12:57:35   DEBUG [MatchmakingSchedulerService] Processing matchmaking...
[Nest] 19724  - 27.09.2026, 12:57:35   DEBUG [MatchmakingSchedulerService] Matchmaking processing completed
[Nest] 19724  - 27.09.2026, 12:57:35   DEBUG [MatchmakingSchedulerService] Scheduler job repeat:953cb1b43865160a0916bd4a3abc86b5:1790495855000 completed
[Nest] 19724  - 27.09.2026, 12:57:40   DEBUG [MatchmakingSchedulerService] Processing matchmaking...
[Nest] 19724  - 27.09.2026, 12:57:40   DEBUG [MatchmakingSchedulerService] Matchmaking processing completed
[Nest] 19724  - 27.09.2026, 12:57:40   DEBUG [MatchmakingSchedulerService] Scheduler job repeat:953cb1b43865160a0916bd4a3abc86b5:1790495860000 completed
[Nest] 19724  - 27.09.2026, 12:57:45   DEBUG [MatchmakingSchedulerService] Processing matchmaking...
[Nest] 19724  - 27.09.2026, 12:57:45   DEBUG [MatchmakingSchedulerService] Matchmaking processing completed
[Nest] 19724  - 27.09.2026, 12:57:45   DEBUG [MatchmakingSchedulerService] Scheduler job repeat:953cb1b43865160a0916bd4a3abc86b5:1790495865000 completed
[Nest] 19724  - 27.09.2026, 12:57:50   DEBUG [MatchmakingSchedulerService] Processing matchmaking...
[Nest] 19724  - 27.09.2026, 12:57:50   DEBUG [MatchmakingSchedulerService] Matchmaking processing completed
[Nest] 19724  - 27.09.2026, 12:57:50   DEBUG [MatchmakingSchedulerService] Scheduler job repeat:953cb1b43865160a0916bd4a3abc86b5:1790495870000 completed
[Nest] 19724  - 27.09.2026, 12:57:55   DEBUG [MatchmakingSchedulerService] Processing matchmaking...
[Nest] 19724  - 27.09.2026, 12:57:55   DEBUG [MatchmakingSchedulerService] Matchmaking processing completed
[Nest] 19724  - 27.09.2026, 12:57:55   DEBUG [MatchmakingSchedulerService] Scheduler job repeat:953cb1b43865160a0916bd4a3abc86b5:1790495875000 completed
[Nest] 19724  - 27.09.2026, 12:58:00   DEBUG [MatchmakingSchedulerService] Processing matchmaking...
[Nest] 19724  - 27.09.2026, 12:58:00   DEBUG [MatchmakingSchedulerService] Matchmaking processing completed
[Nest] 19724  - 27.09.2026, 12:58:00   DEBUG [MatchmakingSchedulerService] Scheduler job repeat:953cb1b43865160a0916bd4a3abc86b5:1790495880000 completed
[Nest] 19724  - 27.09.2026, 12:58:05   DEBUG [MatchmakingSchedulerService] Processing matchmaking...
[Nest] 19724  - 27.09.2026, 12:58:05   DEBUG [MatchmakingSchedulerService] Matchmaking processing completed
[Nest] 19724  - 27.09.2026, 12:58:05   DEBUG [MatchmakingSchedulerService] Scheduler job repeat:953cb1b43865160a0916bd4a3abc86b5:1790495885000 completed
[Nest] 19724  - 27.09.2026, 12:58:10   DEBUG [MatchmakingSchedulerService] Processing matchmaking...
[Nest] 19724  - 27.09.2026, 12:58:10   DEBUG [MatchmakingSchedulerService] Matchmaking processing completed
[Nest] 19724  - 27.09.2026, 12:58:10   DEBUG [MatchmakingSchedulerService] Scheduler job repeat:953cb1b43865160a0916bd4a3abc86b5:1790495890000 completed
[Nest] 19724  - 27.09.2026, 12:58:15   DEBUG [MatchmakingSchedulerService] Processing matchmaking...
[Nest] 19724  - 27.09.2026, 12:58:15   DEBUG [MatchmakingSchedulerService] Matchmaking processing completed
[Nest] 19724  - 27.09.2026, 12:58:15   DEBUG [MatchmakingSchedulerService] Scheduler job repeat:953cb1b43865160a0916bd4a3abc86b5:1790495895000 completed
[Nest] 19724  - 27.09.2026, 12:58:20   DEBUG [MatchmakingSchedulerService] Processing matchmaking...
[Nest] 19724  - 27.09.2026, 12:58:20   DEBUG [MatchmakingSchedulerService] Matchmaking processing completed
[Nest] 19724  - 27.09.2026, 12:58:20   DEBUG [MatchmakingSchedulerService] Scheduler job repeat:953cb1b43865160a0916bd4a3abc86b5:1790495900000 completed
[Nest] 19724  - 27.09.2026, 12:58:23   DEBUG [PathfindingCacheService] Pathfinding cache stats: size=0, hits=0, misses=0, hitRate=0.0%
[Nest] 19724  - 27.09.2026, 12:58:25   DEBUG [MatchmakingSchedulerService] Processing matchmaking...
[Nest] 19724  - 27.09.2026, 12:58:25   DEBUG [MatchmakingSchedulerService] Matchmaking processing completed
[Nest] 19724  - 27.09.2026, 12:58:25   DEBUG [MatchmakingSchedulerService] Scheduler job repeat:953cb1b43865160a0916bd4a3abc86b5:1790495905000 completed
[Nest] 19724  - 27.09.2026, 12:58:30   DEBUG [MatchmakingSchedulerService] Processing matchmaking...
[Nest] 19724  - 27.09.2026, 12:58:30   DEBUG [MatchmakingSchedulerService] Matchmaking processing completed
[Nest] 19724  - 27.09.2026, 12:58:30   DEBUG [MatchmakingSchedulerService] Scheduler job repeat:953cb1b43865160a0916bd4a3abc86b5:1790495910000 completed
[Nest] 19724  - 27.09.2026, 12:58:35   DEBUG [MatchmakingSchedulerService] Processing matchmaking...
[Nest] 19724  - 27.09.2026, 12:58:35   DEBUG [MatchmakingSchedulerService] Matchmaking processing completed
[Nest] 19724  - 27.09.2026, 12:58:35   DEBUG [MatchmakingSchedulerService] Scheduler job repeat:953cb1b43865160a0916bd4a3abc86b5:1790495915000 completed
[Nest] 19724  - 27.09.2026, 12:58:40   DEBUG [MatchmakingSchedulerService] Processing matchmaking...
[Nest] 19724  - 27.09.2026, 12:58:40   DEBUG [MatchmakingSchedulerService] Matchmaking processing completed
[Nest] 19724  - 27.09.2026, 12:58:40   DEBUG [MatchmakingSchedulerService] Scheduler job repeat:953cb1b43865160a0916bd4a3abc86b5:1790495920000 completed
[Nest] 19724  - 27.09.2026, 12:58:45   DEBUG [MatchmakingSchedulerService] Processing matchmaking...
[Nest] 19724  - 27.09.2026, 12:58:45   DEBUG [MatchmakingSchedulerService] Matchmaking processing completed
[Nest] 19724  - 27.09.2026, 12:58:45   DEBUG [MatchmakingSchedulerService] Scheduler job repeat:953cb1b43865160a0916bd4a3abc86b5:1790495925000 completed
[Nest] 19724  - 27.09.2026, 12:58:50   DEBUG [MatchmakingSchedulerService] Processing matchmaking...
[Nest] 19724  - 27.09.2026, 12:58:50   DEBUG [MatchmakingSchedulerService] Matchmaking processing completed
[Nest] 19724  - 27.09.2026, 12:58:50   DEBUG [MatchmakingSchedulerService] Scheduler job repeat:953cb1b43865160a0916bd4a3abc86b5:1790495930000 completed
[Nest] 19724  - 27.09.2026, 12:58:55   DEBUG [MatchmakingSchedulerService] Processing matchmaking...
[Nest] 19724  - 27.09.2026, 12:58:55   DEBUG [MatchmakingSchedulerService] Matchmaking processing completed
[Nest] 19724  - 27.09.2026, 12:58:55   DEBUG [MatchmakingSchedulerService] Scheduler job repeat:953cb1b43865160a0916bd4a3abc86b5:1790495935000 completed
[Nest] 19724  - 27.09.2026, 12:59:00   DEBUG [MatchmakingSchedulerService] Processing matchmaking...
[Nest] 19724  - 27.09.2026, 12:59:00   DEBUG [MatchmakingSchedulerService] Matchmaking processing completed
[Nest] 19724  - 27.09.2026, 12:59:00   DEBUG [MatchmakingSchedulerService] Scheduler job repeat:953cb1b43865160a0916bd4a3abc86b5:1790495940000 completed
[Nest] 19724  - 27.09.2026, 12:59:05   DEBUG [MatchmakingSchedulerService] Processing matchmaking...
[Nest] 19724  - 27.09.2026, 12:59:05   DEBUG [MatchmakingSchedulerService] Matchmaking processing completed
[Nest] 19724  - 27.09.2026, 12:59:05   DEBUG [MatchmakingSchedulerService] Scheduler job repeat:953cb1b43865160a0916bd4a3abc86b5:1790495945000 completed
[Nest] 19724  - 27.09.2026, 12:59:10   DEBUG [MatchmakingSchedulerService] Processing matchmaking...
[Nest] 19724  - 27.09.2026, 12:59:10   DEBUG [MatchmakingSchedulerService] Matchmaking processing completed
[Nest] 19724  - 27.09.2026, 12:59:10   DEBUG [MatchmakingSchedulerService] Scheduler job repeat:953cb1b43865160a0916bd4a3abc86b5:1790495950000 completed
[Nest] 19724  - 27.09.2026, 12:59:15   DEBUG [MatchmakingSchedulerService] Processing matchmaking...
[Nest] 19724  - 27.09.2026, 12:59:15   DEBUG [MatchmakingSchedulerService] Matchmaking processing completed
[Nest] 19724  - 27.09.2026, 12:59:15   DEBUG [MatchmakingSchedulerService] Scheduler job repeat:953cb1b43865160a0916bd4a3abc86b5:1790495955000 completed
[Nest] 19724  - 27.09.2026, 12:59:20   DEBUG [MatchmakingSchedulerService] Processing matchmaking...
[Nest] 19724  - 27.09.2026, 12:59:20   DEBUG [MatchmakingSchedulerService] Matchmaking processing completed
[Nest] 19724  - 27.09.2026, 12:59:20   DEBUG [MatchmakingSchedulerService] Scheduler job repeat:953cb1b43865160a0916bd4a3abc86b5:1790495960000 completed
[Nest] 19724  - 27.09.2026, 12:59:23   DEBUG [PathfindingCacheService] Pathfinding cache stats: size=0, hits=0, misses=0, hitRate=0.0%
[Nest] 19724  - 27.09.2026, 12:59:25   DEBUG [MatchmakingSchedulerService] Processing matchmaking...
[Nest] 19724  - 27.09.2026, 12:59:25   DEBUG [MatchmakingSchedulerService] Matchmaking processing completed
[Nest] 19724  - 27.09.2026, 12:59:25   DEBUG [MatchmakingSchedulerService] Scheduler job repeat:953cb1b43865160a0916bd4a3abc86b5:1790495965000 completed
[Nest] 19724  - 27.09.2026, 12:59:30   DEBUG [MatchmakingSchedulerService] Processing matchmaking...
[Nest] 19724  - 27.09.2026, 12:59:30   DEBUG [MatchmakingSchedulerService] Matchmaking processing completed
[Nest] 19724  - 27.09.2026, 12:59:30   DEBUG [MatchmakingSchedulerService] Scheduler job repeat:953cb1b43865160a0916bd4a3abc86b5:1790495970000 completed
[Nest] 19724  - 27.09.2026, 12:59:35   DEBUG [MatchmakingSchedulerService] Processing matchmaking...
[Nest] 19724  - 27.09.2026, 12:59:35   DEBUG [MatchmakingSchedulerService] Matchmaking processing completed
[Nest] 19724  - 27.09.2026, 12:59:35   DEBUG [MatchmakingSchedulerService] Scheduler job repeat:953cb1b43865160a0916bd4a3abc86b5:1790495975000 completed
[Nest] 19724  - 27.09.2026, 12:59:40   DEBUG [MatchmakingSchedulerService] Processing matchmaking...
[Nest] 19724  - 27.09.2026, 12:59:40   DEBUG [MatchmakingSchedulerService] Matchmaking processing completed
[Nest] 19724  - 27.09.2026, 12:59:40   DEBUG [MatchmakingSchedulerService] Scheduler job repeat:953cb1b43865160a0916bd4a3abc86b5:1790495980000 completed
[Nest] 19724  - 27.09.2026, 12:59:45   DEBUG [MatchmakingSchedulerService] Processing matchmaking...
[Nest] 19724  - 27.09.2026, 12:59:45   DEBUG [MatchmakingSchedulerService] Matchmaking processing completed
[Nest] 19724  - 27.09.2026, 12:59:45   DEBUG [MatchmakingSchedulerService] Scheduler job repeat:953cb1b43865160a0916bd4a3abc86b5:1790495985000 completed
[Nest] 19724  - 27.09.2026, 12:59:50   DEBUG [MatchmakingSchedulerService] Processing matchmaking...
[Nest] 19724  - 27.09.2026, 12:59:50   DEBUG [MatchmakingSchedulerService] Matchmaking processing completed
[Nest] 19724  - 27.09.2026, 12:59:50   DEBUG [MatchmakingSchedulerService] Scheduler job repeat:953cb1b43865160a0916bd4a3abc86b5:1790495990000 completed
[Nest] 19724  - 27.09.2026, 12:59:55   DEBUG [MatchmakingSchedulerService] Processing matchmaking...
[Nest] 19724  - 27.09.2026, 12:59:55   DEBUG [MatchmakingSchedulerService] Matchmaking processing completed
[Nest] 19724  - 27.09.2026, 12:59:55   DEBUG [MatchmakingSchedulerService] Scheduler job repeat:953cb1b43865160a0916bd4a3abc86b5:1790495995000 completed
[Nest] 19724  - 27.09.2026, 13:00:00     LOG [QueueSyncService] Starting cleanup of expired queue entries...
[Nest] 19724  - 27.09.2026, 13:00:00   DEBUG [PresenceCleanupService] Running presence cleanup...
[Nest] 19724  - 27.09.2026, 13:00:00     LOG [QueueSyncService] Starting cleanup of expired queue entries...
[Nest] 19724  - 27.09.2026, 13:00:00     LOG [QueueSyncService] Starting cleanup of expired queue entries...
[Nest] 19724  - 27.09.2026, 13:00:00   DEBUG [PresenceCleanupService] Running presence cleanup...
[Nest] 19724  - 27.09.2026, 13:00:00   DEBUG [PresenceCleanupService] Running presence cleanup...
[Nest] 19724  - 27.09.2026, 13:00:00     LOG [QueueSyncService] Cleanup completed: 0 expired entries removed
[Nest] 19724  - 27.09.2026, 13:00:00     LOG [QueueSyncService] Cleanup completed: 0 expired entries removed
[Nest] 19724  - 27.09.2026, 13:00:00     LOG [QueueSyncService] Cleanup completed: 0 expired entries removed
[Nest] 19724  - 27.09.2026, 13:00:00   DEBUG [MatchmakingSchedulerService] Processing matchmaking...
[Nest] 19724  - 27.09.2026, 13:00:00   DEBUG [MatchmakingSchedulerService] Matchmaking processing completed
[Nest] 19724  - 27.09.2026, 13:00:00   DEBUG [MatchmakingSchedulerService] Scheduler job repeat:953cb1b43865160a0916bd4a3abc86b5:1790496000000 completed
[Nest] 19724  - 27.09.2026, 13:00:05   DEBUG [MatchmakingSchedulerService] Processing matchmaking...
[Nest] 19724  - 27.09.2026, 13:00:05   DEBUG [MatchmakingSchedulerService] Matchmaking processing completed
[Nest] 19724  - 27.09.2026, 13:00:05   DEBUG [MatchmakingSchedulerService] Scheduler job repeat:953cb1b43865160a0916bd4a3abc86b5:1790496005000 completed
[Nest] 19724  - 27.09.2026, 13:00:10   DEBUG [MatchmakingSchedulerService] Processing matchmaking...
[Nest] 19724  - 27.09.2026, 13:00:10   DEBUG [MatchmakingSchedulerService] Matchmaking processing completed
[Nest] 19724  - 27.09.2026, 13:00:10   DEBUG [MatchmakingSchedulerService] Scheduler job repeat:953cb1b43865160a0916bd4a3abc86b5:1790496010000 completed
[Nest] 19724  - 27.09.2026, 13:00:15   DEBUG [MatchmakingSchedulerService] Processing matchmaking...
[Nest] 19724  - 27.09.2026, 13:00:15   DEBUG [MatchmakingSchedulerService] Matchmaking processing completed
[Nest] 19724  - 27.09.2026, 13:00:15   DEBUG [MatchmakingSchedulerService] Scheduler job repeat:953cb1b43865160a0916bd4a3abc86b5:1790496015000 completed
[Nest] 19724  - 27.09.2026, 13:00:20   DEBUG [MatchmakingSchedulerService] Processing matchmaking...
[Nest] 19724  - 27.09.2026, 13:00:20   DEBUG [MatchmakingSchedulerService] Matchmaking processing completed
[Nest] 19724  - 27.09.2026, 13:00:20   DEBUG [MatchmakingSchedulerService] Scheduler job repeat:953cb1b43865160a0916bd4a3abc86b5:1790496020000 completed
[Nest] 19724  - 27.09.2026, 13:00:23   DEBUG [PathfindingCacheService] Pathfinding cache stats: size=0, hits=0, misses=0, hitRate=0.0%
[Nest] 19724  - 27.09.2026, 13:00:25   DEBUG [MatchmakingSchedulerService] Processing matchmaking...
[Nest] 19724  - 27.09.2026, 13:00:25   DEBUG [MatchmakingSchedulerService] Matchmaking processing completed
[Nest] 19724  - 27.09.2026, 13:00:25   DEBUG [MatchmakingSchedulerService] Scheduler job repeat:953cb1b43865160a0916bd4a3abc86b5:1790496025000 completed
[Nest] 19724  - 27.09.2026, 13:00:30   DEBUG [MatchmakingSchedulerService] Processing matchmaking...
[Nest] 19724  - 27.09.2026, 13:00:30   DEBUG [MatchmakingSchedulerService] Matchmaking processing completed
[Nest] 19724  - 27.09.2026, 13:00:30   DEBUG [MatchmakingSchedulerService] Scheduler job repeat:953cb1b43865160a0916bd4a3abc86b5:1790496030000 completed
[Nest] 19724  - 27.09.2026, 13:00:35   DEBUG [MatchmakingSchedulerService] Processing matchmaking...
[Nest] 19724  - 27.09.2026, 13:00:35   DEBUG [MatchmakingSchedulerService] Matchmaking processing completed
[Nest] 19724  - 27.09.2026, 13:00:35   DEBUG [MatchmakingSchedulerService] Scheduler job repeat:953cb1b43865160a0916bd4a3abc86b5:1790496035000 completed
[Nest] 19724  - 27.09.2026, 13:00:40   DEBUG [MatchmakingSchedulerService] Processing matchmaking...
[Nest] 19724  - 27.09.2026, 13:00:40   DEBUG [MatchmakingSchedulerService] Matchmaking processing completed
[Nest] 19724  - 27.09.2026, 13:00:40   DEBUG [MatchmakingSchedulerService] Scheduler job repeat:953cb1b43865160a0916bd4a3abc86b5:1790496040000 completed
[Nest] 19724  - 27.09.2026, 13:00:45   DEBUG [MatchmakingSchedulerService] Processing matchmaking...
[Nest] 19724  - 27.09.2026, 13:00:45   DEBUG [MatchmakingSchedulerService] Matchmaking processing completed
[Nest] 19724  - 27.09.2026, 13:00:45   DEBUG [MatchmakingSchedulerService] Scheduler job repeat:953cb1b43865160a0916bd4a3abc86b5:1790496045000 completed
[Nest] 19724  - 27.09.2026, 13:00:50   DEBUG [MatchmakingSchedulerService] Processing matchmaking...
[Nest] 19724  - 27.09.2026, 13:00:50   DEBUG [MatchmakingSchedulerService] Matchmaking processing completed
[Nest] 19724  - 27.09.2026, 13:00:50   DEBUG [MatchmakingSchedulerService] Scheduler job repeat:953cb1b43865160a0916bd4a3abc86b5:1790496050000 completed
[Nest] 19724  - 27.09.2026, 13:00:55   DEBUG [MatchmakingSchedulerService] Processing matchmaking...
[Nest] 19724  - 27.09.2026, 13:00:55   DEBUG [MatchmakingSchedulerService] Matchmaking processing completed
[Nest] 19724  - 27.09.2026, 13:00:55   DEBUG [MatchmakingSchedulerService] Scheduler job repeat:953cb1b43865160a0916bd4a3abc86b5:1790496055000 completed
[Nest] 19724  - 27.09.2026, 13:01:00   DEBUG [MatchmakingSchedulerService] Processing matchmaking...
[Nest] 19724  - 27.09.2026, 13:01:00   DEBUG [MatchmakingSchedulerService] Matchmaking processing completed
[Nest] 19724  - 27.09.2026, 13:01:00   DEBUG [MatchmakingSchedulerService] Scheduler job repeat:953cb1b43865160a0916bd4a3abc86b5:1790496060000 completed
[Nest] 19724  - 27.09.2026, 13:01:05   DEBUG [MatchmakingSchedulerService] Processing matchmaking...
[Nest] 19724  - 27.09.2026, 13:01:05   DEBUG [MatchmakingSchedulerService] Matchmaking processing completed
[Nest] 19724  - 27.09.2026, 13:01:05   DEBUG [MatchmakingSchedulerService] Scheduler job repeat:953cb1b43865160a0916bd4a3abc86b5:1790496065000 completed
[Nest] 19724  - 27.09.2026, 13:01:10   DEBUG [MatchmakingSchedulerService] Processing matchmaking...
[Nest] 19724  - 27.09.2026, 13:01:10   DEBUG [MatchmakingSchedulerService] Matchmaking processing completed
[Nest] 19724  - 27.09.2026, 13:01:10   DEBUG [MatchmakingSchedulerService] Scheduler job repeat:953cb1b43865160a0916bd4a3abc86b5:1790496070000 completed
[Nest] 19724  - 27.09.2026, 13:01:15   DEBUG [MatchmakingSchedulerService] Processing matchmaking...
[Nest] 19724  - 27.09.2026, 13:01:15   DEBUG [MatchmakingSchedulerService] Matchmaking processing completed
[Nest] 19724  - 27.09.2026, 13:01:15   DEBUG [MatchmakingSchedulerService] Scheduler job repeat:953cb1b43865160a0916bd4a3abc86b5:1790496075000 completed
[Nest] 19724  - 27.09.2026, 13:01:20   DEBUG [MatchmakingSchedulerService] Processing matchmaking...
[Nest] 19724  - 27.09.2026, 13:01:20   DEBUG [MatchmakingSchedulerService] Matchmaking processing completed
[Nest] 19724  - 27.09.2026, 13:01:20   DEBUG [MatchmakingSchedulerService] Scheduler job repeat:953cb1b43865160a0916bd4a3abc86b5:1790496080000 completed
[Nest] 19724  - 27.09.2026, 13:01:23   DEBUG [PathfindingCacheService] Pathfinding cache stats: size=0, hits=0, misses=0, hitRate=0.0%
[Nest] 19724  - 27.09.2026, 13:01:25   DEBUG [MatchmakingSchedulerService] Processing matchmaking...
[Nest] 19724  - 27.09.2026, 13:01:25   DEBUG [MatchmakingSchedulerService] Matchmaking processing completed
[Nest] 19724  - 27.09.2026, 13:01:25   DEBUG [MatchmakingSchedulerService] Scheduler job repeat:953cb1b43865160a0916bd4a3abc86b5:1790496085000 completed
[Nest] 19724  - 27.09.2026, 13:01:30   DEBUG [MatchmakingSchedulerService] Processing matchmaking...
[Nest] 19724  - 27.09.2026, 13:01:30   DEBUG [MatchmakingSchedulerService] Matchmaking processing completed
[Nest] 19724  - 27.09.2026, 13:01:30   DEBUG [MatchmakingSchedulerService] Scheduler job repeat:953cb1b43865160a0916bd4a3abc86b5:1790496090000 completed
[Nest] 19724  - 27.09.2026, 13:01:35   DEBUG [MatchmakingSchedulerService] Processing matchmaking...
[Nest] 19724  - 27.09.2026, 13:01:35   DEBUG [MatchmakingSchedulerService] Matchmaking processing completed
[Nest] 19724  - 27.09.2026, 13:01:35   DEBUG [MatchmakingSchedulerService] Scheduler job repeat:953cb1b43865160a0916bd4a3abc86b5:1790496095000 completed
[Nest] 19724  - 27.09.2026, 13:01:40   DEBUG [MatchmakingSchedulerService] Processing matchmaking...
[Nest] 19724  - 27.09.2026, 13:01:40   DEBUG [MatchmakingSchedulerService] Matchmaking processing completed
[Nest] 19724  - 27.09.2026, 13:01:40   DEBUG [MatchmakingSchedulerService] Scheduler job repeat:953cb1b43865160a0916bd4a3abc86b5:1790496100000 completed
[Nest] 19724  - 27.09.2026, 13:01:45   DEBUG [MatchmakingSchedulerService] Processing matchmaking...
[Nest] 19724  - 27.09.2026, 13:01:45   DEBUG [MatchmakingSchedulerService] Matchmaking processing completed
[Nest] 19724  - 27.09.2026, 13:01:45   DEBUG [MatchmakingSchedulerService] Scheduler job repeat:953cb1b43865160a0916bd4a3abc86b5:1790496105000 completed
[Nest] 19724  - 27.09.2026, 13:01:50   DEBUG [MatchmakingSchedulerService] Processing matchmaking...
[Nest] 19724  - 27.09.2026, 13:01:50   DEBUG [MatchmakingSchedulerService] Matchmaking processing completed
[Nest] 19724  - 27.09.2026, 13:01:50   DEBUG [MatchmakingSchedulerService] Scheduler job repeat:953cb1b43865160a0916bd4a3abc86b5:1790496110000 completed
[Nest] 19724  - 27.09.2026, 13:01:55   DEBUG [MatchmakingSchedulerService] Processing matchmaking...
[Nest] 19724  - 27.09.2026, 13:01:55   DEBUG [MatchmakingSchedulerService] Matchmaking processing completed
[Nest] 19724  - 27.09.2026, 13:01:55   DEBUG [MatchmakingSchedulerService] Scheduler job repeat:953cb1b43865160a0916bd4a3abc86b5:1790496115000 completed
[Nest] 19724  - 27.09.2026, 13:02:00   DEBUG [MatchmakingSchedulerService] Processing matchmaking...
[Nest] 19724  - 27.09.2026, 13:02:00   DEBUG [MatchmakingSchedulerService] Matchmaking processing completed
[Nest] 19724  - 27.09.2026, 13:02:00   DEBUG [MatchmakingSchedulerService] Scheduler job repeat:953cb1b43865160a0916bd4a3abc86b5:1790496120000 completed
[Nest] 19724  - 27.09.2026, 13:02:05   DEBUG [MatchmakingSchedulerService] Processing matchmaking...
[Nest] 19724  - 27.09.2026, 13:02:05   DEBUG [MatchmakingSchedulerService] Matchmaking processing completed
[Nest] 19724  - 27.09.2026, 13:02:05   DEBUG [MatchmakingSchedulerService] Scheduler job repeat:953cb1b43865160a0916bd4a3abc86b5:1790496125000 completed
[Nest] 19724  - 27.09.2026, 13:02:10   DEBUG [MatchmakingSchedulerService] Processing matchmaking...
[Nest] 19724  - 27.09.2026, 13:02:10   DEBUG [MatchmakingSchedulerService] Matchmaking processing completed
[Nest] 19724  - 27.09.2026, 13:02:10   DEBUG [MatchmakingSchedulerService] Scheduler job repeat:953cb1b43865160a0916bd4a3abc86b5:1790496130000 completed
[Nest] 19724  - 27.09.2026, 13:02:15   DEBUG [MatchmakingSchedulerService] Processing matchmaking...
[Nest] 19724  - 27.09.2026, 13:02:15   DEBUG [MatchmakingSchedulerService] Matchmaking processing completed
[Nest] 19724  - 27.09.2026, 13:02:15   DEBUG [MatchmakingSchedulerService] Scheduler job repeat:953cb1b43865160a0916bd4a3abc86b5:1790496135000 completed
[Nest] 19724  - 27.09.2026, 13:02:20   DEBUG [MatchmakingSchedulerService] Processing matchmaking...
[Nest] 19724  - 27.09.2026, 13:02:20   DEBUG [MatchmakingSchedulerService] Matchmaking processing completed
[Nest] 19724  - 27.09.2026, 13:02:20   DEBUG [MatchmakingSchedulerService] Scheduler job repeat:953cb1b43865160a0916bd4a3abc86b5:1790496140000 completed
[Nest] 19724  - 27.09.2026, 13:02:23   DEBUG [PathfindingCacheService] Pathfinding cache stats: size=0, hits=0, misses=0, hitRate=0.0%
[Nest] 19724  - 27.09.2026, 13:02:25   DEBUG [MatchmakingSchedulerService] Processing matchmaking...
[Nest] 19724  - 27.09.2026, 13:02:25   DEBUG [MatchmakingSchedulerService] Matchmaking processing completed
[Nest] 19724  - 27.09.2026, 13:02:25   DEBUG [MatchmakingSchedulerService] Scheduler job repeat:953cb1b43865160a0916bd4a3abc86b5:1790496145000 completed
[Nest] 19724  - 27.09.2026, 13:02:30   DEBUG [MatchmakingSchedulerService] Processing matchmaking...
[Nest] 19724  - 27.09.2026, 13:02:30   DEBUG [MatchmakingSchedulerService] Matchmaking processing completed
[Nest] 19724  - 27.09.2026, 13:02:30   DEBUG [MatchmakingSchedulerService] Scheduler job repeat:953cb1b43865160a0916bd4a3abc86b5:1790496150000 completed
[Nest] 19724  - 27.09.2026, 13:02:35   DEBUG [MatchmakingSchedulerService] Processing matchmaking...
[Nest] 19724  - 27.09.2026, 13:02:35   DEBUG [MatchmakingSchedulerService] Matchmaking processing completed
[Nest] 19724  - 27.09.2026, 13:02:35   DEBUG [MatchmakingSchedulerService] Scheduler job repeat:953cb1b43865160a0916bd4a3abc86b5:1790496155000 completed
[Nest] 19724  - 27.09.2026, 13:02:40   DEBUG [MatchmakingSchedulerService] Processing matchmaking...
[Nest] 19724  - 27.09.2026, 13:02:40   DEBUG [MatchmakingSchedulerService] Matchmaking processing completed
[Nest] 19724  - 27.09.2026, 13:02:40   DEBUG [MatchmakingSchedulerService] Scheduler job repeat:953cb1b43865160a0916bd4a3abc86b5:1790496160000 completed
[Nest] 19724  - 27.09.2026, 13:02:45   DEBUG [MatchmakingSchedulerService] Processing matchmaking...
[Nest] 19724  - 27.09.2026, 13:02:45   DEBUG [MatchmakingSchedulerService] Matchmaking processing completed
[Nest] 19724  - 27.09.2026, 13:02:45   DEBUG [MatchmakingSchedulerService] Scheduler job repeat:953cb1b43865160a0916bd4a3abc86b5:1790496165000 completed
[Nest] 19724  - 27.09.2026, 13:02:50   DEBUG [MatchmakingSchedulerService] Processing matchmaking...
[Nest] 19724  - 27.09.2026, 13:02:50   DEBUG [MatchmakingSchedulerService] Matchmaking processing completed
[Nest] 19724  - 27.09.2026, 13:02:50   DEBUG [MatchmakingSchedulerService] Scheduler job repeat:953cb1b43865160a0916bd4a3abc86b5:1790496170000 completed
[Nest] 19724  - 27.09.2026, 13:02:55   DEBUG [MatchmakingSchedulerService] Processing matchmaking...
[Nest] 19724  - 27.09.2026, 13:02:55   DEBUG [MatchmakingSchedulerService] Matchmaking processing completed
[Nest] 19724  - 27.09.2026, 13:02:55   DEBUG [MatchmakingSchedulerService] Scheduler job repeat:953cb1b43865160a0916bd4a3abc86b5:1790496175000 completed
[Nest] 19724  - 27.09.2026, 13:03:00   DEBUG [MatchmakingSchedulerService] Processing matchmaking...
[Nest] 19724  - 27.09.2026, 13:03:00   DEBUG [MatchmakingSchedulerService] Matchmaking processing completed
[Nest] 19724  - 27.09.2026, 13:03:00   DEBUG [MatchmakingSchedulerService] Scheduler job repeat:953cb1b43865160a0916bd4a3abc86b5:1790496180000 completed
[Nest] 19724  - 27.09.2026, 13:03:05   DEBUG [MatchmakingSchedulerService] Processing matchmaking...
[Nest] 19724  - 27.09.2026, 13:03:05   DEBUG [MatchmakingSchedulerService] Matchmaking processing completed
[Nest] 19724  - 27.09.2026, 13:03:05   DEBUG [MatchmakingSchedulerService] Scheduler job repeat:953cb1b43865160a0916bd4a3abc86b5:1790496185000 completed
[Nest] 19724  - 27.09.2026, 13:03:10   DEBUG [MatchmakingSchedulerService] Processing matchmaking...
[Nest] 19724  - 27.09.2026, 13:03:10   DEBUG [MatchmakingSchedulerService] Matchmaking processing completed
[Nest] 19724  - 27.09.2026, 13:03:10   DEBUG [MatchmakingSchedulerService] Scheduler job repeat:953cb1b43865160a0916bd4a3abc86b5:1790496190000 completed
[Nest] 19724  - 27.09.2026, 13:03:15   DEBUG [MatchmakingSchedulerService] Processing matchmaking...
[Nest] 19724  - 27.09.2026, 13:03:15   DEBUG [MatchmakingSchedulerService] Matchmaking processing completed
[Nest] 19724  - 27.09.2026, 13:03:15   DEBUG [MatchmakingSchedulerService] Scheduler job repeat:953cb1b43865160a0916bd4a3abc86b5:1790496195000 completed
[Nest] 19724  - 27.09.2026, 13:03:20   DEBUG [MatchmakingSchedulerService] Processing matchmaking...
[Nest] 19724  - 27.09.2026, 13:03:20   DEBUG [MatchmakingSchedulerService] Matchmaking processing completed
[Nest] 19724  - 27.09.2026, 13:03:20   DEBUG [MatchmakingSchedulerService] Scheduler job repeat:953cb1b43865160a0916bd4a3abc86b5:1790496200000 completed
[Nest] 19724  - 27.09.2026, 13:03:23   DEBUG [PathfindingCacheService] Pathfinding cache stats: size=0, hits=0, misses=0, hitRate=0.0%
[Nest] 19724  - 27.09.2026, 13:03:25   DEBUG [MatchmakingSchedulerService] Processing matchmaking...
[Nest] 19724  - 27.09.2026, 13:03:25   DEBUG [MatchmakingSchedulerService] Matchmaking processing completed
[Nest] 19724  - 27.09.2026, 13:03:25   DEBUG [MatchmakingSchedulerService] Scheduler job repeat:953cb1b43865160a0916bd4a3abc86b5:1790496205000 completed
[Nest] 19724  - 27.09.2026, 13:03:30   DEBUG [MatchmakingSchedulerService] Processing matchmaking...
[Nest] 19724  - 27.09.2026, 13:03:30   DEBUG [MatchmakingSchedulerService] Matchmaking processing completed
[Nest] 19724  - 27.09.2026, 13:03:30   DEBUG [MatchmakingSchedulerService] Scheduler job repeat:953cb1b43865160a0916bd4a3abc86b5:1790496210000 completed
[Nest] 19724  - 27.09.2026, 13:03:35   DEBUG [MatchmakingSchedulerService] Processing matchmaking...
[Nest] 19724  - 27.09.2026, 13:03:35   DEBUG [MatchmakingSchedulerService] Matchmaking processing completed
[Nest] 19724  - 27.09.2026, 13:03:35   DEBUG [MatchmakingSchedulerService] Scheduler job repeat:953cb1b43865160a0916bd4a3abc86b5:1790496215000 completed
[Nest] 19724  - 27.09.2026, 13:03:40   DEBUG [MatchmakingSchedulerService] Processing matchmaking...
[Nest] 19724  - 27.09.2026, 13:03:40   DEBUG [MatchmakingSchedulerService] Matchmaking processing completed
[Nest] 19724  - 27.09.2026, 13:03:40   DEBUG [MatchmakingSchedulerService] Scheduler job repeat:953cb1b43865160a0916bd4a3abc86b5:1790496220000 completed
[Nest] 19724  - 27.09.2026, 13:03:45   DEBUG [MatchmakingSchedulerService] Processing matchmaking...
[Nest] 19724  - 27.09.2026, 13:03:45   DEBUG [MatchmakingSchedulerService] Matchmaking processing completed
[Nest] 19724  - 27.09.2026, 13:03:45   DEBUG [MatchmakingSchedulerService] Scheduler job repeat:953cb1b43865160a0916bd4a3abc86b5:1790496225000 completed
[Nest] 19724  - 27.09.2026, 13:03:50   DEBUG [MatchmakingSchedulerService] Processing matchmaking...
[Nest] 19724  - 27.09.2026, 13:03:50   DEBUG [MatchmakingSchedulerService] Matchmaking processing completed
[Nest] 19724  - 27.09.2026, 13:03:50   DEBUG [MatchmakingSchedulerService] Scheduler job repeat:953cb1b43865160a0916bd4a3abc86b5:1790496230000 completed
[Nest] 19724  - 27.09.2026, 13:03:55   DEBUG [MatchmakingSchedulerService] Processing matchmaking...
[Nest] 19724  - 27.09.2026, 13:03:55   DEBUG [MatchmakingSchedulerService] Matchmaking processing completed
[Nest] 19724  - 27.09.2026, 13:03:55   DEBUG [MatchmakingSchedulerService] Scheduler job repeat:953cb1b43865160a0916bd4a3abc86b5:1790496235000 completed
[Nest] 19724  - 27.09.2026, 13:04:00   DEBUG [MatchmakingSchedulerService] Processing matchmaking...
[Nest] 19724  - 27.09.2026, 13:04:00   DEBUG [MatchmakingSchedulerService] Matchmaking processing completed
[Nest] 19724  - 27.09.2026, 13:04:00   DEBUG [MatchmakingSchedulerService] Scheduler job repeat:953cb1b43865160a0916bd4a3abc86b5:1790496240000 completed
[Nest] 19724  - 27.09.2026, 13:04:05   DEBUG [MatchmakingSchedulerService] Processing matchmaking...
[Nest] 19724  - 27.09.2026, 13:04:05   DEBUG [MatchmakingSchedulerService] Matchmaking processing completed
[Nest] 19724  - 27.09.2026, 13:04:05   DEBUG [MatchmakingSchedulerService] Scheduler job repeat:953cb1b43865160a0916bd4a3abc86b5:1790496245000 completed
[Nest] 19724  - 27.09.2026, 13:04:10   DEBUG [MatchmakingSchedulerService] Processing matchmaking...
[Nest] 19724  - 27.09.2026, 13:04:10   DEBUG [MatchmakingSchedulerService] Matchmaking processing completed
[Nest] 19724  - 27.09.2026, 13:04:10   DEBUG [MatchmakingSchedulerService] Scheduler job repeat:953cb1b43865160a0916bd4a3abc86b5:1790496250000 completed
[Nest] 19724  - 27.09.2026, 13:04:15   DEBUG [MatchmakingSchedulerService] Processing matchmaking...
[Nest] 19724  - 27.09.2026, 13:04:15   DEBUG [MatchmakingSchedulerService] Matchmaking processing completed
[Nest] 19724  - 27.09.2026, 13:04:15   DEBUG [MatchmakingSchedulerService] Scheduler job repeat:953cb1b43865160a0916bd4a3abc86b5:1790496255000 completed
[Nest] 19724  - 27.09.2026, 13:04:20   DEBUG [MatchmakingSchedulerService] Processing matchmaking...
[Nest] 19724  - 27.09.2026, 13:04:20   DEBUG [MatchmakingSchedulerService] Matchmaking processing completed
[Nest] 19724  - 27.09.2026, 13:04:20   DEBUG [MatchmakingSchedulerService] Scheduler job repeat:953cb1b43865160a0916bd4a3abc86b5:1790496260000 completed
[Nest] 19724  - 27.09.2026, 13:04:23   DEBUG [PathfindingCacheService] Pathfinding cache stats: size=0, hits=0, misses=0, hitRate=0.0%
[Nest] 19724  - 27.09.2026, 13:04:25   DEBUG [MatchmakingSchedulerService] Processing matchmaking...
[Nest] 19724  - 27.09.2026, 13:04:25   DEBUG [MatchmakingSchedulerService] Matchmaking processing completed
[Nest] 19724  - 27.09.2026, 13:04:25   DEBUG [MatchmakingSchedulerService] Scheduler job repeat:953cb1b43865160a0916bd4a3abc86b5:1790496265000 completed
[Nest] 19724  - 27.09.2026, 13:04:30   DEBUG [MatchmakingSchedulerService] Processing matchmaking...
[Nest] 19724  - 27.09.2026, 13:04:30   DEBUG [MatchmakingSchedulerService] Matchmaking processing completed
[Nest] 19724  - 27.09.2026, 13:04:30   DEBUG [MatchmakingSchedulerService] Scheduler job repeat:953cb1b43865160a0916bd4a3abc86b5:1790496270000 completed
[Nest] 19724  - 27.09.2026, 13:04:35   DEBUG [MatchmakingSchedulerService] Processing matchmaking...
[Nest] 19724  - 27.09.2026, 13:04:35   DEBUG [MatchmakingSchedulerService] Matchmaking processing completed
[Nest] 19724  - 27.09.2026, 13:04:35   DEBUG [MatchmakingSchedulerService] Scheduler job repeat:953cb1b43865160a0916bd4a3abc86b5:1790496275000 completed
[Nest] 19724  - 27.09.2026, 13:04:40   DEBUG [MatchmakingSchedulerService] Processing matchmaking...
[Nest] 19724  - 27.09.2026, 13:04:40   DEBUG [MatchmakingSchedulerService] Matchmaking processing completed
[Nest] 19724  - 27.09.2026, 13:04:40   DEBUG [MatchmakingSchedulerService] Scheduler job repeat:953cb1b43865160a0916bd4a3abc86b5:1790496280000 completed
[Nest] 19724  - 27.09.2026, 13:04:45   DEBUG [MatchmakingSchedulerService] Processing matchmaking...
[Nest] 19724  - 27.09.2026, 13:04:45   DEBUG [MatchmakingSchedulerService] Matchmaking processing completed
[Nest] 19724  - 27.09.2026, 13:04:45   DEBUG [MatchmakingSchedulerService] Scheduler job repeat:953cb1b43865160a0916bd4a3abc86b5:1790496285000 completed
[Nest] 19724  - 27.09.2026, 13:04:50   DEBUG [MatchmakingSchedulerService] Processing matchmaking...
[Nest] 19724  - 27.09.2026, 13:04:50   DEBUG [MatchmakingSchedulerService] Matchmaking processing completed
[Nest] 19724  - 27.09.2026, 13:04:50   DEBUG [MatchmakingSchedulerService] Scheduler job repeat:953cb1b43865160a0916bd4a3abc86b5:1790496290000 completed
[Nest] 19724  - 27.09.2026, 13:04:55   DEBUG [MatchmakingSchedulerService] Processing matchmaking...
[Nest] 19724  - 27.09.2026, 13:04:55   DEBUG [MatchmakingSchedulerService] Matchmaking processing completed
[Nest] 19724  - 27.09.2026, 13:04:55   DEBUG [MatchmakingSchedulerService] Scheduler job repeat:953cb1b43865160a0916bd4a3abc86b5:1790496295000 completed
[Nest] 19724  - 27.09.2026, 13:05:00   DEBUG [MatchmakingSchedulerService] Processing matchmaking...
[Nest] 19724  - 27.09.2026, 13:05:00   DEBUG [MatchmakingSchedulerService] Matchmaking processing completed
[Nest] 19724  - 27.09.2026, 13:05:00   DEBUG [MatchmakingSchedulerService] Scheduler job repeat:953cb1b43865160a0916bd4a3abc86b5:1790496300000 completed
[Nest] 19724  - 27.09.2026, 13:05:05   DEBUG [MatchmakingSchedulerService] Processing matchmaking...
[Nest] 19724  - 27.09.2026, 13:05:05   DEBUG [MatchmakingSchedulerService] Matchmaking processing completed
[Nest] 19724  - 27.09.2026, 13:05:05   DEBUG [MatchmakingSchedulerService] Scheduler job repeat:953cb1b43865160a0916bd4a3abc86b5:1790496305000 completed
[Nest] 19724  - 27.09.2026, 13:05:10   DEBUG [MatchmakingSchedulerService] Processing matchmaking...
[Nest] 19724  - 27.09.2026, 13:05:10   DEBUG [MatchmakingSchedulerService] Matchmaking processing completed
[Nest] 19724  - 27.09.2026, 13:05:10   DEBUG [MatchmakingSchedulerService] Scheduler job repeat:953cb1b43865160a0916bd4a3abc86b5:1790496310000 completed
[Nest] 19724  - 27.09.2026, 13:05:15   DEBUG [MatchmakingSchedulerService] Processing matchmaking...
[Nest] 19724  - 27.09.2026, 13:05:15   DEBUG [MatchmakingSchedulerService] Matchmaking processing completed
[Nest] 19724  - 27.09.2026, 13:05:15   DEBUG [MatchmakingSchedulerService] Scheduler job repeat:953cb1b43865160a0916bd4a3abc86b5:1790496315000 completed
[Nest] 19724  - 27.09.2026, 13:05:20   DEBUG [MatchmakingSchedulerService] Processing matchmaking...
[Nest] 19724  - 27.09.2026, 13:05:20   DEBUG [MatchmakingSchedulerService] Matchmaking processing completed
[Nest] 19724  - 27.09.2026, 13:05:20   DEBUG [MatchmakingSchedulerService] Scheduler job repeat:953cb1b43865160a0916bd4a3abc86b5:1790496320000 completed
[Nest] 19724  - 27.09.2026, 13:05:23   DEBUG [PathfindingCacheService] Pathfinding cache stats: size=0, hits=0, misses=0, hitRate=0.0%
[Nest] 19724  - 27.09.2026, 13:05:25   DEBUG [MatchmakingSchedulerService] Processing matchmaking...
[Nest] 19724  - 27.09.2026, 13:05:25   DEBUG [MatchmakingSchedulerService] Matchmaking processing completed
[Nest] 19724  - 27.09.2026, 13:05:25   DEBUG [MatchmakingSchedulerService] Scheduler job repeat:953cb1b43865160a0916bd4a3abc86b5:1790496325000 completed
[Nest] 19724  - 27.09.2026, 13:05:30   DEBUG [MatchmakingSchedulerService] Processing matchmaking...
[Nest] 19724  - 27.09.2026, 13:05:30   DEBUG [MatchmakingSchedulerService] Matchmaking processing completed
[Nest] 19724  - 27.09.2026, 13:05:30   DEBUG [MatchmakingSchedulerService] Scheduler job repeat:953cb1b43865160a0916bd4a3abc86b5:1790496330000 completed
[Nest] 19724  - 27.09.2026, 13:05:35   DEBUG [MatchmakingSchedulerService] Processing matchmaking...
[Nest] 19724  - 27.09.2026, 13:05:35   DEBUG [MatchmakingSchedulerService] Matchmaking processing completed
[Nest] 19724  - 27.09.2026, 13:05:35   DEBUG [MatchmakingSchedulerService] Scheduler job repeat:953cb1b43865160a0916bd4a3abc86b5:1790496335000 completed
[Nest] 19724  - 27.09.2026, 13:05:40   DEBUG [MatchmakingSchedulerService] Processing matchmaking...
[Nest] 19724  - 27.09.2026, 13:05:40   DEBUG [MatchmakingSchedulerService] Matchmaking processing completed
[Nest] 19724  - 27.09.2026, 13:05:40   DEBUG [MatchmakingSchedulerService] Scheduler job repeat:953cb1b43865160a0916bd4a3abc86b5:1790496340000 completed
[Nest] 19724  - 27.09.2026, 13:05:45   DEBUG [MatchmakingSchedulerService] Processing matchmaking...
[Nest] 19724  - 27.09.2026, 13:05:45   DEBUG [MatchmakingSchedulerService] Matchmaking processing completed
[Nest] 19724  - 27.09.2026, 13:05:45   DEBUG [MatchmakingSchedulerService] Scheduler job repeat:953cb1b43865160a0916bd4a3abc86b5:1790496345000 completed
[Nest] 19724  - 27.09.2026, 13:05:50   DEBUG [MatchmakingSchedulerService] Processing matchmaking...
[Nest] 19724  - 27.09.2026, 13:05:50   DEBUG [MatchmakingSchedulerService] Matchmaking processing completed
[Nest] 19724  - 27.09.2026, 13:05:50   DEBUG [MatchmakingSchedulerService] Scheduler job repeat:953cb1b43865160a0916bd4a3abc86b5:1790496350000 completed
[Nest] 19724  - 27.09.2026, 13:05:55   DEBUG [MatchmakingSchedulerService] Processing matchmaking...
[Nest] 19724  - 27.09.2026, 13:05:55   DEBUG [MatchmakingSchedulerService] Matchmaking processing completed
[Nest] 19724  - 27.09.2026, 13:05:55   DEBUG [MatchmakingSchedulerService] Scheduler job repeat:953cb1b43865160a0916bd4a3abc86b5:1790496355000 completed
[Nest] 19724  - 27.09.2026, 13:06:00   DEBUG [MatchmakingSchedulerService] Processing matchmaking...
[Nest] 19724  - 27.09.2026, 13:06:00   DEBUG [MatchmakingSchedulerService] Matchmaking processing completed
[Nest] 19724  - 27.09.2026, 13:06:00   DEBUG [MatchmakingSchedulerService] Scheduler job repeat:953cb1b43865160a0916bd4a3abc86b5:1790496360000 completed
[Nest] 19724  - 27.09.2026, 13:06:05   DEBUG [MatchmakingSchedulerService] Processing matchmaking...
[Nest] 19724  - 27.09.2026, 13:06:05   DEBUG [MatchmakingSchedulerService] Matchmaking processing completed
[Nest] 19724  - 27.09.2026, 13:06:05   DEBUG [MatchmakingSchedulerService] Scheduler job repeat:953cb1b43865160a0916bd4a3abc86b5:1790496365000 completed
[Nest] 19724  - 27.09.2026, 13:06:10   DEBUG [MatchmakingSchedulerService] Processing matchmaking...
[Nest] 19724  - 27.09.2026, 13:06:10   DEBUG [MatchmakingSchedulerService] Matchmaking processing completed
[Nest] 19724  - 27.09.2026, 13:06:10   DEBUG [MatchmakingSchedulerService] Scheduler job repeat:953cb1b43865160a0916bd4a3abc86b5:1790496370000 completed
[Nest] 19724  - 27.09.2026, 13:06:15   DEBUG [MatchmakingSchedulerService] Processing matchmaking...
[Nest] 19724  - 27.09.2026, 13:06:15   DEBUG [MatchmakingSchedulerService] Matchmaking processing completed
[Nest] 19724  - 27.09.2026, 13:06:15   DEBUG [MatchmakingSchedulerService] Scheduler job repeat:953cb1b43865160a0916bd4a3abc86b5:1790496375000 completed
[Nest] 19724  - 27.09.2026, 13:06:20   DEBUG [MatchmakingSchedulerService] Processing matchmaking...
[Nest] 19724  - 27.09.2026, 13:06:20   DEBUG [MatchmakingSchedulerService] Matchmaking processing completed
[Nest] 19724  - 27.09.2026, 13:06:20   DEBUG [MatchmakingSchedulerService] Scheduler job repeat:953cb1b43865160a0916bd4a3abc86b5:1790496380000 completed
[Nest] 19724  - 27.09.2026, 13:06:23   DEBUG [PathfindingCacheService] Pathfinding cache stats: size=0, hits=0, misses=0, hitRate=0.0%
[Nest] 19724  - 27.09.2026, 13:06:25   DEBUG [MatchmakingSchedulerService] Processing matchmaking...
[Nest] 19724  - 27.09.2026, 13:06:25   DEBUG [MatchmakingSchedulerService] Matchmaking processing completed
[Nest] 19724  - 27.09.2026, 13:06:25   DEBUG [MatchmakingSchedulerService] Scheduler job repeat:953cb1b43865160a0916bd4a3abc86b5:1790496385000 completed
[Nest] 19724  - 27.09.2026, 13:06:30   DEBUG [MatchmakingSchedulerService] Processing matchmaking...
[Nest] 19724  - 27.09.2026, 13:06:30   DEBUG [MatchmakingSchedulerService] Matchmaking processing completed
[Nest] 19724  - 27.09.2026, 13:06:30   DEBUG [MatchmakingSchedulerService] Scheduler job repeat:953cb1b43865160a0916bd4a3abc86b5:1790496390000 completed
