CAPTURE SCRIPT BUILD: v20-discard-live
game started: cmujggkqr00ldwiz8p8roaxt2
DEDUPE ACTIVE: raw hand 9 -> pool 9, ids ["cmuhgvgkl00t0wi9g1inbvf80::2","cmuhgvgkl00t0wi9g1inbvf80::0"]
fixture: gd035-move-open-host-view (30597 bytes)
fixture: gd035-move-open-joiner-view (30412 bytes)
fixture: gd035-move-queue-host-view (30597 bytes)
hp after-move: Medusa:16 Harpies:1 Harpies:1 Harpies:1 King Arthur:18 Merlin:7
game A complete
game aborted: cmujggkqr00ldwiz8p8roaxt2
game started: cmujggmoo00nfwiz8a2bmlzck
hp after-approach: Medusa:16 Harpies:1 Harpies:1 Harpies:1 King Arthur:18 Merlin:7
attempt 0: waiting (claw=no, hiss=yes, turn=host)
fixture: gd035-discard-owner-joiner-view (25463 bytes)
fixture: gd035-discard-wait-host-view (25261 bytes)
fixture: gd035-discard-resolve-echo (24752 bytes)
hp after-discard: Medusa:16 Harpies:1 Harpies:1 Harpies:1 King Arthur:18 Merlin:7
game A-D complete
game aborted: cmujggmoo00nfwiz8a2bmlzck
game started: cmujggnbq00o3wiz86055u1fo
fixture: gd035-boost-host-view (29676 bytes)
fixture: gd035-boost-joiner-view (28250 bytes)
attempt 7: a Harpy fell to an undefended attack
attempt 9: Winged Frenzy played for the revive-PLACE queue
fixture: gd035-place-owner-host-view (30019 bytes)
fixture: gd035-place-wait-joiner-view (29481 bytes)
capture complete
game aborted: cmujggnbq00o3wiz86055u1fo
game started: cmujggpxj00qhwiz80otrt0uf
fixture: gd035-space-stage1-joiner-view (28109 bytes)
fixture: gd035-space-stage1-host-view (28495 bytes)
fixture: gd035-space-stage2-joiner-view (28140 bytes)
fixture: gd035-space-stage2-host-view (28526 bytes)
CHOOSE_SPACE both stages resolved live (zone backfill + stage-2 seq fix)
game aborted: cmujggpxj00qhwiz80otrt0uf
