2026.09.28-10.20.06 --- S08 trace open 2026.09.28-10.20.06 ---
2026.09.28-10.20.06 LOGIN ok user=art-preview-joiner
2026.09.28-10.20.09 HEROES loaded 84
2026.09.28-10.20.09 CODE resolved -> cmul3j6rf00jhwi2o3q673mxp
2026.09.28-10.20.09 joinGame -> room=cmul3j6rf00jhwi2o3q673mxp code=<redacted> status=LOBBY
2026.09.28-10.20.11 PERF config tMaxFPS=30.0 frameRateLimit=60.0 vsync=0 smoothFrameRate=0 fixedFrameRate=0 rhi=D3D11
2026.09.28-10.20.11 PERF window t=0.0-5.0 frames=151 fps=30.00 frameMs avg=33.33 p50=33.33 p95=33.33 p99=33.33 max=33.35 hitches50=0 gpuMs avg=35.39 p50=33.31 p95=34.19 gameMs avg=1.46 p95=1.73 renderMs avg=2.21 p95=2.55
2026.09.28-10.20.12 game -> room=cmul3j6rf00jhwi2o3q673mxp code=<redacted> status=LOBBY
2026.09.28-10.20.12 selectHero -> room=cmul3j6rf00jhwi2o3q673mxp code=<redacted> status=LOBBY
2026.09.28-10.20.15 game -> room=cmul3j6rf00jhwi2o3q673mxp code=<redacted> status=LOBBY
2026.09.28-10.20.15 toggleReady -> room=cmul3j6rf00jhwi2o3q673mxp code=<redacted> status=LOBBY
2026.09.28-10.20.16 PERF window t=5.0-10.0 frames=150 fps=30.00 frameMs avg=33.33 p50=33.33 p95=33.33 p99=33.33 max=33.34 hitches50=0 gpuMs avg=32.22 p50=33.26 p95=35.21 gameMs avg=1.34 p95=1.71 renderMs avg=1.77 p95=2.40
2026.09.28-10.20.18 game -> room=cmul3j6rf00jhwi2o3q673mxp code=<redacted> status=LOBBY
2026.09.28-10.20.21 PERF window t=10.0-15.0 frames=150 fps=30.00 frameMs avg=33.33 p50=33.33 p95=33.33 p99=33.35 max=33.35 hitches50=0 gpuMs avg=31.65 p50=33.28 p95=34.48 gameMs avg=1.32 p95=1.49 renderMs avg=1.85 p95=2.55
2026.09.28-10.20.21 game -> room=cmul3j6rf00jhwi2o3q673mxp code=<redacted> status=IN_PROGRESS
2026.09.28-10.20.21 WS DROPPED (test-initiated transport loss)
2026.09.28-10.20.21 WS closed (test drop) - reconnect in 1s
2026.09.28-10.20.21 SNAPSHOT applied seq=1 phase=ACTION_MANEUVER
2026.09.28-10.20.21 HANDLE_APPLIED #1 seq=1 decision=2 fightersValid=1 boardValid=1
2026.09.28-10.20.21 MODE seq=1 mode=0 combat=0 pending=0
2026.09.28-10.20.21 HUD seq=1 phase=ACTION_MANEUVER turn=opp hand=5 oppHand=5(hidden) oppDeck=25 deck=25 discard=0
2026.09.28-10.20.21 ARTPREVIEW Cobble assets ready
2026.09.28-10.20.21 ARTPREVIEW medusa candidate variant=head-tilt-v3 mesh=SK_Medusa_HeadTilt_v3Candidate requested=head-tilt-v3
2026.09.28-10.20.21 ARTPREVIEW Cobble probe lights key=4.5 fill=700 warm=85
2026.09.28-10.20.21 ARTPREVIEW Cobble active 5x6 zones=30 blue=15 red=15 blueMarks=15 redMarks=45
2026.09.28-10.20.21 CAMERA dist=1931 loc=(0,1107,1582) pitch=-55 yaw=-90
2026.09.28-10.20.21 BOARD 5x6 cells | control points: (0,0)=(-200,-250,0) (4,5)=(200,250,0) | neighbor pair (dist 100 uu)
2026.09.28-10.20.21 ARTPREVIEW fighter=Medusa hero=1 eligible=1 visual=1 mesh=SK_Medusa_HeadTilt_v3Candidate
2026.09.28-10.20.21 FIGHTERS synced n=6 alive=6 own=2 enemy=4
2026.09.28-10.20.21 STATE seq=1 -> apply
2026.09.28-10.20.21 WS closed 1000 (normal closure)
2026.09.28-10.20.22 WS reconnect attempt
2026.09.28-10.20.22 SUBSCRIBED gameStateUpdated since=1
2026.09.28-10.20.22 WS reconnected - refetching gameState
2026.09.28-10.20.22 SNAPSHOT applied seq=1 phase=ACTION_MANEUVER
2026.09.28-10.20.22 HANDLE_APPLIED #2 seq=1 decision=1 fightersValid=1 boardValid=1
2026.09.28-10.20.22 MODE seq=1 mode=0 combat=0 pending=0
2026.09.28-10.20.22 HUD seq=1 phase=ACTION_MANEUVER turn=opp hand=5 oppHand=5(hidden) oppDeck=25 deck=25 discard=0
2026.09.28-10.20.22 ARTPREVIEW fighter=Medusa hero=1 eligible=1 visual=1 mesh=SK_Medusa_HeadTilt_v3Candidate
2026.09.28-10.20.22 FIGHTERS synced n=6 alive=6 own=2 enemy=4
2026.09.28-10.20.22 STATE seq=1 -> merge
2026.09.28-10.20.22 SNAPSHOT applied seq=1 phase=ACTION_MANEUVER
2026.09.28-10.20.22 HANDLE_APPLIED #3 seq=1 decision=1 fightersValid=1 boardValid=1
2026.09.28-10.20.22 MODE seq=1 mode=0 combat=0 pending=0
2026.09.28-10.20.22 HUD seq=1 phase=ACTION_MANEUVER turn=opp hand=5 oppHand=5(hidden) oppDeck=25 deck=25 discard=0
2026.09.28-10.20.22 ARTPREVIEW fighter=Medusa hero=1 eligible=1 visual=1 mesh=SK_Medusa_HeadTilt_v3Candidate
2026.09.28-10.20.22 FIGHTERS synced n=6 alive=6 own=2 enemy=4
2026.09.28-10.20.22 WS seq=1 phase=ACTION_MANEUVER (merge)
2026.09.28-10.20.24 game -> room=cmul3j6rf00jhwi2o3q673mxp code=<redacted> status=IN_PROGRESS
2026.09.28-10.20.26 PERF window t=15.0-20.1 frames=151 fps=30.00 frameMs avg=33.33 p50=33.33 p95=33.33 p99=33.34 max=33.35 hitches50=0 gpuMs avg=30.56 p50=33.31 p95=35.61 gameMs avg=1.54 p95=1.73 renderMs avg=2.55 p95=3.05
2026.09.28-10.20.27 game -> room=cmul3j6rf00jhwi2o3q673mxp code=<redacted> status=IN_PROGRESS
2026.09.28-10.20.30 game -> room=cmul3j6rf00jhwi2o3q673mxp code=<redacted> status=IN_PROGRESS
2026.09.28-10.20.31 PERF window t=20.1-25.1 frames=151 fps=30.00 frameMs avg=33.33 p50=33.33 p95=33.33 p99=33.34 max=33.34 hitches50=0 gpuMs avg=31.74 p50=33.31 p95=35.89 gameMs avg=1.25 p95=1.39 renderMs avg=2.47 p95=3.07
2026.09.28-10.20.33 game -> room=cmul3j6rf00jhwi2o3q673mxp code=<redacted> status=IN_PROGRESS
2026.09.28-10.20.36 game -> room=cmul3j6rf00jhwi2o3q673mxp code=<redacted> status=IN_PROGRESS
2026.09.28-10.20.36 PERF window t=25.1-30.1 frames=151 fps=30.00 frameMs avg=33.33 p50=33.33 p95=33.33 p99=33.34 max=33.35 hitches50=0 gpuMs avg=30.70 p50=33.31 p95=35.77 gameMs avg=1.26 p95=1.46 renderMs avg=2.54 p95=3.20
2026.09.28-10.20.39 game -> room=cmul3j6rf00jhwi2o3q673mxp code=<redacted> status=IN_PROGRESS
2026.09.28-10.20.41 PERF window t=30.1-35.2 frames=151 fps=30.00 frameMs avg=33.33 p50=33.33 p95=33.33 p99=33.34 max=33.34 hitches50=0 gpuMs avg=31.18 p50=33.28 p95=35.81 gameMs avg=1.23 p95=1.39 renderMs avg=2.43 p95=2.91
2026.09.28-10.20.42 SHOT ctx viewport=1920x1080 viewTarget=CameraActor_2147482372 cam=(0,1107,1582) rot=(-55,-90,0)
2026.09.28-10.20.42 SHOT fighter f-0-hero pos=(2,2) world=(0,-50,0) screen=(960,476) projected=1 alive=1
2026.09.28-10.20.42 SHOT fighter f-0-sk0 pos=(3,2) world=(100,-50,0) screen=(1115,476) projected=1 alive=1
2026.09.28-10.20.42 SHOT fighter f-0-sk1 pos=(2,1) world=(0,-150,0) screen=(960,355) projected=1 alive=1
2026.09.28-10.20.42 SHOT fighter f-0-sk2 pos=(1,2) world=(-100,-50,0) screen=(805,476) projected=1 alive=1
2026.09.28-10.20.42 SHOT fighter f-1-hero pos=(2,3) world=(0,50,0) screen=(960,606) projected=1 alive=1
2026.09.28-10.20.42 SHOT fighter f-1-sk0 pos=(3,3) world=(100,50,0) screen=(1120,606) projected=1 alive=1
2026.09.28-10.20.42 SHOT camera dist=1930.8 target=1930.8 overview=1930.8 errPct=0.000 focusErr=0.00 settled=1 zoom=1.00
2026.09.28-10.20.42 SHOT head fighter=f-0-hero socket=Head mesh=SK_Medusa_HeadTilt_v3Candidate world=(0.0,-46.0,38.5) screen=(960.0,445.5) top=(960.0,439.8) bottom=(960.0,451.2) headPx=11.4 projected=1
2026.09.28-10.20.42 SHOT requested: FScreenshotRequest(bShowUI) -> C:\Users\ren\AppData\Local\Temp\s08-phase2-20260928-151959-22472\phase2-board-joiner-1920x1080.png
2026.09.28-10.20.42 game -> room=cmul3j6rf00jhwi2o3q673mxp code=<redacted> status=IN_PROGRESS
2026.09.28-10.20.45 game -> room=cmul3j6rf00jhwi2o3q673mxp code=<redacted> status=IN_PROGRESS
2026.09.28-10.20.46 PERF window t=35.2-40.2 frames=146 fps=29.18 frameMs avg=34.27 p50=33.33 p95=33.33 p99=68.68 max=134.73 hitches50=2 gpuMs avg=30.96 p50=33.28 p95=34.46 gameMs avg=2.23 p95=1.60 renderMs avg=2.37 p95=3.06
2026.09.28-10.20.48 game -> room=cmul3j6rf00jhwi2o3q673mxp code=<redacted> status=IN_PROGRESS
2026.09.28-10.20.51 game -> room=cmul3j6rf00jhwi2o3q673mxp code=<redacted> status=IN_PROGRESS
2026.09.28-10.20.51 PERF window t=40.2-45.2 frames=151 fps=30.00 frameMs avg=33.33 p50=33.33 p95=33.33 p99=33.34 max=33.37 hitches50=0 gpuMs avg=31.15 p50=33.21 p95=35.79 gameMs avg=1.06 p95=1.35 renderMs avg=2.64 p95=3.62
2026.09.28-10.20.54 game -> room=cmul3j6rf00jhwi2o3q673mxp code=<redacted> status=IN_PROGRESS
2026.09.28-10.20.56 PERF summary scope=afterWarmup warmup=5 elapsed=50.0 frames=1347 fps=29.91 frameMs avg=33.44 p50=33.33 p95=33.33 p99=33.34 max=134.73 hitches50=2 gpuMs avg=31.30 p50=33.28 p95=35.66 gameMs avg=1.36 p95=1.48 renderMs avg=2.35 p95=3.08
2026.09.28-10.20.56 PERF summary scope=started elapsed=50.0 frames=1045 fps=29.88 frameMs avg=33.46 p50=33.33 p95=33.33 p99=33.34 max=134.73 hitches50=2 gpuMs avg=31.12 p50=33.28 p95=35.76 gameMs avg=1.36 p95=1.45 renderMs avg=2.51 p95=3.18
2026.09.28-10.20.56 --- S08 trace close ---
