2026.09.28-10.20.00 --- S08 trace open 2026.09.28-10.20.00 ---
2026.09.28-10.20.01 LOGIN ok user=art-preview-host
2026.09.28-10.20.03 HEROES loaded 84
2026.09.28-10.20.03 createGame -> room=cmul3j6rf00jhwi2o3q673mxp code=<redacted> status=LOBBY
2026.09.28-10.20.05 PERF config tMaxFPS=30.0 frameRateLimit=60.0 vsync=0 smoothFrameRate=0 fixedFrameRate=0 rhi=D3D11
2026.09.28-10.20.05 PERF window t=0.0-5.0 frames=151 fps=30.00 frameMs avg=33.33 p50=33.33 p95=33.34 p99=33.36 max=33.36 hitches50=0 gpuMs avg=35.39 p50=33.33 p95=34.21 gameMs avg=1.45 p95=1.52 renderMs avg=1.91 p95=2.09
2026.09.28-10.20.06 game -> room=cmul3j6rf00jhwi2o3q673mxp code=<redacted> status=LOBBY
2026.09.28-10.20.06 selectHero -> room=cmul3j6rf00jhwi2o3q673mxp code=<redacted> status=LOBBY
2026.09.28-10.20.09 game -> room=cmul3j6rf00jhwi2o3q673mxp code=<redacted> status=LOBBY
2026.09.28-10.20.09 toggleReady -> room=cmul3j6rf00jhwi2o3q673mxp code=<redacted> status=LOBBY
2026.09.28-10.20.10 PERF window t=5.0-10.0 frames=150 fps=30.00 frameMs avg=33.33 p50=33.33 p95=33.33 p99=33.37 max=33.37 hitches50=0 gpuMs avg=33.13 p50=33.34 p95=34.09 gameMs avg=1.38 p95=1.68 renderMs avg=1.72 p95=2.28
2026.09.28-10.20.12 game -> room=cmul3j6rf00jhwi2o3q673mxp code=<redacted> status=LOBBY
2026.09.28-10.20.15 PERF window t=10.0-15.0 frames=150 fps=30.00 frameMs avg=33.34 p50=33.33 p95=33.33 p99=33.41 max=33.43 hitches50=0 gpuMs avg=33.34 p50=33.34 p95=33.99 gameMs avg=1.34 p95=1.58 renderMs avg=1.63 p95=1.98
2026.09.28-10.20.15 game -> room=cmul3j6rf00jhwi2o3q673mxp code=<redacted> status=LOBBY
2026.09.28-10.20.18 game -> room=cmul3j6rf00jhwi2o3q673mxp code=<redacted> status=LOBBY
2026.09.28-10.20.19 startGame -> room=cmul3j6rf00jhwi2o3q673mxp code=<redacted> status=IN_PROGRESS
2026.09.28-10.20.19 SNAPSHOT applied seq=1 phase=ACTION_MANEUVER
2026.09.28-10.20.19 HANDLE_APPLIED #1 seq=1 decision=2 fightersValid=1 boardValid=1
2026.09.28-10.20.19 MODE seq=1 mode=0 combat=0 pending=0
2026.09.28-10.20.19 HUD seq=1 phase=ACTION_MANEUVER turn=you hand=5 oppHand=5(hidden) oppDeck=25 deck=25 discard=0
2026.09.28-10.20.19 ARTPREVIEW Cobble assets ready
2026.09.28-10.20.19 ARTPREVIEW medusa candidate variant=head-tilt-v3 mesh=SK_Medusa_HeadTilt_v3Candidate requested=head-tilt-v3
2026.09.28-10.20.19 ARTPREVIEW Cobble probe lights key=4.5 fill=700 warm=85
2026.09.28-10.20.19 ARTPREVIEW Cobble active 5x6 zones=30 blue=15 red=15 blueMarks=15 redMarks=45
2026.09.28-10.20.19 CAMERA dist=1931 loc=(0,1107,1582) pitch=-55 yaw=-90
2026.09.28-10.20.19 BOARD 5x6 cells | control points: (0,0)=(-200,-250,0) (4,5)=(200,250,0) | neighbor pair (dist 100 uu)
2026.09.28-10.20.19 ARTPREVIEW fighter=Medusa hero=1 eligible=1 visual=1 mesh=SK_Medusa_HeadTilt_v3Candidate
2026.09.28-10.20.19 FIGHTERS synced n=6 alive=6 own=4 enemy=2
2026.09.28-10.20.19 STATE seq=1 -> apply
2026.09.28-10.20.19 SUBSCRIBED gameStateUpdated since=1
2026.09.28-10.20.19 SNAPSHOT applied seq=1 phase=ACTION_MANEUVER
2026.09.28-10.20.19 HANDLE_APPLIED #2 seq=1 decision=1 fightersValid=1 boardValid=1
2026.09.28-10.20.19 MODE seq=1 mode=0 combat=0 pending=0
2026.09.28-10.20.19 HUD seq=1 phase=ACTION_MANEUVER turn=you hand=5 oppHand=5(hidden) oppDeck=25 deck=25 discard=0
2026.09.28-10.20.19 ARTPREVIEW fighter=Medusa hero=1 eligible=1 visual=1 mesh=SK_Medusa_HeadTilt_v3Candidate
2026.09.28-10.20.19 FIGHTERS synced n=6 alive=6 own=4 enemy=2
2026.09.28-10.20.19 WS seq=1 phase=ACTION_MANEUVER (merge)
2026.09.28-10.20.20 PERF window t=15.0-20.0 frames=150 fps=29.99 frameMs avg=33.35 p50=33.33 p95=33.33 p99=33.44 max=35.00 hitches50=0 gpuMs avg=31.17 p50=33.32 p95=34.77 gameMs avg=1.71 p95=1.69 renderMs avg=2.16 p95=2.99
2026.09.28-10.20.21 game -> room=cmul3j6rf00jhwi2o3q673mxp code=<redacted> status=IN_PROGRESS
2026.09.28-10.20.24 game -> room=cmul3j6rf00jhwi2o3q673mxp code=<redacted> status=IN_PROGRESS
2026.09.28-10.20.26 PERF window t=20.0-25.1 frames=151 fps=30.00 frameMs avg=33.33 p50=33.33 p95=33.33 p99=33.34 max=33.35 hitches50=0 gpuMs avg=28.58 p50=33.21 p95=35.27 gameMs avg=1.30 p95=1.48 renderMs avg=2.43 p95=2.88
2026.09.28-10.20.27 game -> room=cmul3j6rf00jhwi2o3q673mxp code=<redacted> status=IN_PROGRESS
2026.09.28-10.20.30 game -> room=cmul3j6rf00jhwi2o3q673mxp code=<redacted> status=IN_PROGRESS
2026.09.28-10.20.31 PERF window t=25.1-30.1 frames=151 fps=30.00 frameMs avg=33.33 p50=33.33 p95=33.33 p99=33.33 max=33.34 hitches50=0 gpuMs avg=27.89 p50=33.28 p95=34.90 gameMs avg=1.33 p95=1.58 renderMs avg=2.40 p95=2.78
2026.09.28-10.20.33 game -> room=cmul3j6rf00jhwi2o3q673mxp code=<redacted> status=IN_PROGRESS
2026.09.28-10.20.34 ARTPREVIEW selection ring shown fighter=Medusa mesh=SM_Marker_SelectionRing
2026.09.28-10.20.34 ARTPREVIEW reachable corners cells=13 placed=1
2026.09.28-10.20.34 ARTPREVIEW selection ownHero=1 selected=1 fighter=Medusa reachable=14 fighterId=f-0-hero
2026.09.28-10.20.34 ARTPREVIEW camera focus requested zoom=1.60 overview=1931 target=1207
2026.09.28-10.20.35 CAMERA settled elapsed=34.44 dist=1216.2 target=1206.7 errPct=0.780 focusErr=0.75 focus=(0,-49,28)
2026.09.28-10.20.36 PERF window t=30.1-35.1 frames=151 fps=30.00 frameMs avg=33.33 p50=33.33 p95=33.33 p99=33.33 max=33.33 hitches50=0 gpuMs avg=32.13 p50=33.33 p95=35.00 gameMs avg=1.39 p95=1.68 renderMs avg=2.59 p95=3.45
2026.09.28-10.20.36 SHOT ctx viewport=1920x1080 viewTarget=CameraActor_2147482372 cam=(0,642,1017) rot=(-55,-90,0)
2026.09.28-10.20.36 SHOT fighter f-0-hero pos=(2,2) world=(0,-50,0) screen=(960,580) projected=1 alive=1
2026.09.28-10.20.36 SHOT fighter f-0-sk0 pos=(3,2) world=(100,-50,0) screen=(1208,580) projected=1 alive=1
2026.09.28-10.20.36 SHOT fighter f-0-sk1 pos=(2,1) world=(0,-150,0) screen=(960,384) projected=1 alive=1
2026.09.28-10.20.36 SHOT fighter f-0-sk2 pos=(1,2) world=(-100,-50,0) screen=(712,580) projected=1 alive=1
2026.09.28-10.20.36 SHOT fighter f-1-hero pos=(2,3) world=(0,50,0) screen=(960,794) projected=1 alive=1
2026.09.28-10.20.36 SHOT fighter f-1-sk0 pos=(3,3) world=(100,50,0) screen=(1220,794) projected=1 alive=1
2026.09.28-10.20.36 SHOT camera dist=1206.7 target=1206.7 overview=1930.8 errPct=0.000 focusErr=0.00 settled=1 zoom=1.60
2026.09.28-10.20.36 SHOT head fighter=f-0-hero socket=Head mesh=SK_Medusa_HeadTilt_v3Candidate world=(0.0,-46.0,38.5) screen=(960.0,533.0) top=(960.0,524.2) bottom=(960.0,541.8) headPx=17.6 projected=1
2026.09.28-10.20.36 SHOT requested: FScreenshotRequest(bShowUI) -> C:\Users\ren\AppData\Local\Temp\s08-phase2-20260928-151959-22472\phase2-board-host-1920x1080.png
2026.09.28-10.20.37 game -> room=cmul3j6rf00jhwi2o3q673mxp code=<redacted> status=IN_PROGRESS
2026.09.28-10.20.40 game -> room=cmul3j6rf00jhwi2o3q673mxp code=<redacted> status=IN_PROGRESS
2026.09.28-10.20.41 PERF window t=35.1-40.2 frames=146 fps=28.77 frameMs avg=34.76 p50=33.33 p95=33.33 p99=80.48 max=193.96 hitches50=2 gpuMs avg=33.01 p50=33.33 p95=34.58 gameMs avg=2.45 p95=1.47 renderMs avg=2.43 p95=2.85
2026.09.28-10.20.43 game -> room=cmul3j6rf00jhwi2o3q673mxp code=<redacted> status=IN_PROGRESS
2026.09.28-10.20.46 game -> room=cmul3j6rf00jhwi2o3q673mxp code=<redacted> status=IN_PROGRESS
2026.09.28-10.20.46 PERF window t=40.2-45.2 frames=151 fps=30.00 frameMs avg=33.33 p50=33.33 p95=33.33 p99=33.34 max=33.34 hitches50=0 gpuMs avg=30.88 p50=33.28 p95=35.58 gameMs avg=1.26 p95=1.26 renderMs avg=2.55 p95=3.33
2026.09.28-10.20.49 game -> room=cmul3j6rf00jhwi2o3q673mxp code=<redacted> status=IN_PROGRESS
2026.09.28-10.20.50 PERF summary scope=afterWarmup warmup=5 elapsed=50.0 frames=1345 fps=29.86 frameMs avg=33.49 p50=33.33 p95=33.33 p99=33.35 max=193.96 hitches50=2 gpuMs avg=31.27 p50=33.32 p95=35.06 gameMs avg=1.48 p95=1.58 renderMs avg=2.28 p95=3.05
2026.09.28-10.20.50 PERF summary scope=started elapsed=50.0 frames=951 fps=29.80 frameMs avg=33.55 p50=33.33 p95=33.33 p99=33.34 max=193.96 hitches50=2 gpuMs avg=30.48 p50=33.30 p95=35.34 gameMs avg=1.52 p95=1.58 renderMs avg=2.53 p95=3.20
2026.09.28-10.20.50 --- S08 trace close ---
