2026.10.01-20.23.12 --- S08 trace open 2026.10.01-20.23.12 ---
2026.10.01-20.23.12 HUD team chips ready=1 mode=absolute tagNames=rule
2026.10.01-20.23.12 HUD icon texture size=32 ready=1 path=/Game/ArtTests/ARTMarkers/Textures/T_UI_Action_AttackToken_32 texture=32x32 probe=0 plate=1
2026.10.01-20.23.12 HUD art widget tag impl=umg source=/Game/S08/UI/ArtHud/WBP_S08ArtTag class=/Game/S08/UI/ArtHud/WBP_S08ArtTag.WBP_S08ArtTag_C count=8 missing=- codeDefaultTree=0
2026.10.01-20.23.12 HUD art widget plate impl=umg source=/Game/S08/UI/ArtHud/WBP_S08ArtPlate class=/Game/S08/UI/ArtHud/WBP_S08ArtPlate.WBP_S08ArtPlate_C parts=1 missing=- codeDefaultTree=0
2026.10.01-20.23.12 HUD art widget icon impl=umg source=/Game/S08/UI/ArtHud/WBP_S08ArtIcon class=/Game/S08/UI/ArtHud/WBP_S08ArtIcon.WBP_S08ArtIcon_C parts=1 missing=- codeDefaultTree=0
2026.10.01-20.23.12 HUD art widget damage impl=umg source=/Game/S08/UI/ArtHud/WBP_S08ArtDamage class=/Game/S08/UI/ArtHud/WBP_S08ArtDamage.WBP_S08ArtDamage_C parts=1 missing=- codeDefaultTree=0
2026.10.01-20.23.12 RENDER preset applied=High flag=S08RenderPreset
2026.10.01-20.23.12 BENCH start (W4-A backend-less render bench)
2026.10.01-20.23.13 ARTPREVIEW diorama requested mesh=/Game/PipelineCandidates/TableBase/20260928-table-base-tripo-h31/Meshes/SM_TableBase.SM_TableBase mi=MI_TableBase_Candidate
2026.10.01-20.23.13 ARTPREVIEW envlayout enabled dir=Config/ArtBoards/EnvLayouts source=pak files=2 names=marmoreal.layout.json+sarpedon.layout.json overlays=marmoreal.concept.layout.json+marmoreal.user.layout.json+sarpedon.concept.layout.json+sarpedon.user.layout.json
2026.10.01-20.23.13 ARTPREVIEW board profiles loaded=1 revision=16 boards=5 zoneStyles=11 lightProfiles=5 errors=0 path=Config/ArtBoards/S08ArtBoardProfiles.json
2026.10.01-20.23.13 ARTPREVIEW board profiles source=pak sha256=80e2a2c59b64ecebdb70086801e5ed1f556392439af6eb4da84abb0785268142
2026.10.01-20.23.13 ARTPREVIEW zone content instances=12/12 glyphMeshes=11/11
2026.10.01-20.23.13 ARTPREVIEW zone keyline content mi=MI_ART005_Zone_Keyline glyphKeyMeshes=11/11 color=#111317
2026.10.01-20.23.13 ARTPREVIEW game layer material=M_S08_GameLayerUnlit unlitEyeAdaptInv=1 legacyRender=0
2026.10.01-20.23.13 ARTPREVIEW Cobble assets ready
2026.10.01-20.23.13 ARTPREVIEW board assets ready cobbleMesh=1 tiles=1 zoneMaterials=2
2026.10.01-20.23.13 ARTPREVIEW medusa candidate variant=face-neck-v2 mesh=SK_Medusa_FaceNeck_v2Candidate requested=(default)
2026.10.01-20.23.13 ARTPREVIEW map-image assets map=Sarpedon mi=MI_Sarpedon_MapBoard material=M_MapBoard bc=T_Sarpedon_Map_BC_4K mask=T_Sarpedon_Map_GameMask_4K boundBc=1 boundMask=1 sdf=1 id=1
2026.10.01-20.23.13 ARTPREVIEW board profile=sarpedon-original match=boardId board=9x6 boardId=c7fa64a26c29a0835f2383e63 surface=map-image light=sarpedon-night artFixture=0 map=Sarpedon
2026.10.01-20.23.13 ARTPREVIEW light profile=sarpedon-night name=key role=key kind=directional at=(-350,-150,600) intensity=3.5 units=lux radius=0 color=(0.60,0.71,0.97) shadow=1
2026.10.01-20.23.13 ARTPREVIEW light profile=sarpedon-night name=moon-pool role=cool kind=point at=(0,0,750) intensity=260 units=candelas radius=1250 color=(0.82,0.88,1.00) shadow=0
2026.10.01-20.23.13 ARTPREVIEW sky profile=sarpedon-night cubemap=/Game/S08/Render/TC_S08_AmbientDome loaded=1 spawned=1 intensity=3 color=(0.58,0.70,1.00) lowerBlack=0
2026.10.01-20.23.13 ARTPREVIEW fog profile=sarpedon-night spawned=1 color=(0.2000,0.2550,0.4600) density=0.32 falloff=0.2 heightZ=-400 start=2900 end=6000 maxOpacity=1.00 volumetric=0
2026.10.01-20.23.13 ARTPREVIEW exposure profile=sarpedon-night method=histogram-fixed min=4.14106 max=4.14106 bias=0.000 ev100=2.05 volume=1
2026.10.01-20.23.13 ARTPREVIEW lights applied profile=sarpedon-night directional=1 shadow=1 points=1 pointShadows=0 budgetOk=1
2026.10.01-20.23.13 ARTPREVIEW render profile=sarpedon-night units=candelas sky=1 exposure=1 keyShadow=csm-3600uu-2c-contact0.000 shadowCasters=1 legacyRender=0
2026.10.01-20.23.13 ARTPREVIEW map grade profile=sarpedon-night source=profile nightEV=-0.35 nightSaturation=0.75 lift=1.70 nightTint=(0.9700,1.0000,1.0500) maskSaturation=1.07 liftSaturation=1.10 maskInverseTint=(1.0500,0.9960,0.8910) graph=v2 maskTerms=1
2026.10.01-20.23.13 ARTPREVIEW map frame wood=frame-wood material=M_MapFrameWood valueScaleSrgb=0.70 valueScaleLinear=0.4563 saturation=0.75
2026.10.01-20.23.13 ARTPREVIEW map frame kit=frame-002 parts=20 corner=4 a=4 b=8 mid=4 segments=5x3 stretch=1.000000x1.000000 exactFit=1 woodSlots=20/20 ironSlots=8 wood=MID_M_MapFrameWood_0 iron=MI_MapFrame002_Iron ironProudUU=2.0 replaces=bars+corners
2026.10.01-20.23.13 ARTPREVIEW board active profile=sarpedon-original 9x6 surface=map-image map=Sarpedon spaces=38 links=61 starts=4 zoneKeys=6 multizone=4 triple=2 obstacles=16 size=891.3x577.3 src=1337x866 uuPerPx=0.6666667 frameUU=24 surfaceParts=0 corners=0 zoneMarks=0 lattice=0 pick=445.7x288.7 mi=MI_Sarpedon_MapBoard wood=1 expectOk=1
2026.10.01-20.23.13 ARTPREVIEW board map zone key=blue spaces=6 (painted, no zone marks)
2026.10.01-20.23.13 ARTPREVIEW board map zone key=brown spaces=5 (painted, no zone marks)
2026.10.01-20.23.13 ARTPREVIEW board map zone key=green spaces=8 (painted, no zone marks)
2026.10.01-20.23.13 ARTPREVIEW board map zone key=purple spaces=11 (painted, no zone marks)
2026.10.01-20.23.13 ARTPREVIEW board map zone key=red spaces=6 (painted, no zone marks)
2026.10.01-20.23.13 ARTPREVIEW board map zone key=yellow spaces=8 (painted, no zone marks)
2026.10.01-20.23.13 ARTPREVIEW envlayout variant=concept map=sarpedon status=ok file=sarpedon.concept.layout.json sha256=0956fee749ed401d8bc1b53e74a6d3bfb33a805f1ae7eeb466c61cfe852b3abb propsRemoved=54 propsReplaced=0 propsAdded=10 fxRemoved=1 fxRemovedWithAnchor=5 fxReplaced=2 fxAdded=8 errors=0
2026.10.01-20.23.13 ARTPREVIEW envlayout prop id=lantern-bay mesh=SM_EnvCP_LanternHead loc=(-130.3,-395.8,174.5) yaw=90.0 scale=2.098 shadow=0 size=39.0x32.4x80.0 bounds=(-149.8,-412.0,174.5)..(-110.8,-379.6,254.4) overMap=0 onTray=1
2026.10.01-20.23.13 ARTPREVIEW envlayout prop id=lantern-left mesh=SM_EnvCP_LanternHead loc=(-566.5,-44.2,132.7) yaw=90.0 scale=2.053 shadow=0 size=38.2x31.7x78.2 bounds=(-585.6,-60.1,132.7)..(-547.4,-28.4,210.9) overMap=0 onTray=1
2026.10.01-20.23.13 ARTPREVIEW envlayout prop id=lantern-stern mesh=SM_EnvCP_LanternHead loc=(417.5,-425.5,123.9) yaw=90.0 scale=1.970 shadow=0 size=36.6x30.4x75.1 bounds=(399.2,-440.7,123.9)..(435.8,-410.3,199.0) overMap=0 onTray=1
2026.10.01-20.23.13 ARTPREVIEW envlayout prop id=lantern-rail mesh=SM_EnvCP_LanternHead loc=(736.3,-219.5,114.8) yaw=90.0 scale=2.466 shadow=0 size=45.8x38.1x94.0 bounds=(713.4,-238.5,114.8)..(759.2,-200.5,208.8) overMap=0 onTray=1
2026.10.01-20.23.13 ARTPREVIEW envlayout prop id=lantern-deck-n mesh=SM_EnvCP_LanternHead loc=(521.8,-155.6,61.5) yaw=90.0 scale=1.984 shadow=0 size=36.9x30.6x75.6 bounds=(503.4,-170.9,61.5)..(540.3,-140.3,137.1) overMap=0 onTray=1
2026.10.01-20.23.13 ARTPREVIEW envlayout prop id=lantern-deck-se mesh=SM_EnvCP_LanternHead loc=(622.2,230.3,77.8) yaw=90.0 scale=2.489 shadow=0 size=46.3x38.4x94.9 bounds=(599.0,211.1,77.8)..(645.3,249.5,172.6) overMap=0 onTray=1
2026.10.01-20.23.13 ARTPREVIEW envlayout prop id=cannon-1 mesh=SM_EnvCP_Cannon loc=(587.6,-333.2,-35.6) yaw=158.0 scale=2.562 shadow=0 size=137.2x118.3x68.8 bounds=(519.0,-392.4,-35.6)..(656.2,-274.0,33.2) overMap=0 onTray=1
2026.10.01-20.23.13 ARTPREVIEW envlayout prop id=cannon-2 mesh=SM_EnvCP_Cannon loc=(643.2,-214.1,-34.3) yaw=158.0 scale=2.502 shadow=0 size=134.0x115.5x67.2 bounds=(576.2,-271.9,-34.3)..(710.2,-156.3,32.9) overMap=0 onTray=1
2026.10.01-20.23.13 ARTPREVIEW envlayout prop id=cannon-3 mesh=SM_EnvCP_Cannon loc=(721.5,-34.7,-38.1) yaw=158.0 scale=2.679 shadow=0 size=143.5x123.7x71.9 bounds=(649.7,-96.6,-38.1)..(793.3,27.2,33.8) overMap=0 onTray=1
2026.10.01-20.23.13 ARTPREVIEW envlayout prop id=banner-ship mesh=SM_EnvCP_BannerCloth loc=(798.6,45.8,-66.5) yaw=133.2 scale=1.962 shadow=0 size=311.4x308.3x191.2 bounds=(642.9,-108.3,-66.5)..(954.3,199.9,124.7) overMap=0 onTray=0
2026.10.01-20.23.13 ARTPREVIEW envlayout light id=campfire-nw kind=point at=(-548.0,-352.0,60.0) intensity=65 units=candelas radius=460 color=#FF8A3D shadow=0
2026.10.01-20.23.13 ARTPREVIEW envlayout light id=campfire-w kind=point at=(-560.0,85.0,60.0) intensity=55 units=candelas radius=420 color=#FF9A4A shadow=0
2026.10.01-20.23.13 ARTPREVIEW envlayout light id=ship-lantern-n kind=point at=(598.0,-225.0,150.0) intensity=95 units=candelas radius=420 color=#FFA552 shadow=0
2026.10.01-20.23.13 ARTPREVIEW envlayout light id=ship-lantern-s kind=point at=(592.0,0.0,145.0) intensity=90 units=candelas radius=400 color=#FFA552 shadow=0
2026.10.01-20.23.13 ARTPREVIEW envlayout light id=ship-lantern-stern kind=point at=(585.0,225.0,140.0) intensity=75 units=candelas radius=380 color=#FFA552 shadow=0
2026.10.01-20.23.13 ARTPREVIEW envlayout ground map=sarpedon mode=runtime strips=4 material=MI_EnvGround_Sarpedon z=-1.0 outer=(-780.0,-515.0)..(780.0,425.0) hole=(-467.7,-310.7)..(467.7,310.7) splatRect=(-820.0,-560.0)..(820.0,470.0) splatCovers=1 areaUU2=885246 falls=1/1 fallCards=1 status=ok fallMeshes=1 fallMeshParts=3 sea=ok
2026.10.01-20.23.13 ARTPREVIEW envlayout fx id=fireflies-forest-n system=NS_Env_Fireflies anchor=- at=(-707.6,-118.9,150.0) yaw=0.0 scale=1.000 seed=1725416364 warmup=3.50s ticks=105 mode=live particles=14 emitters=1 gpuEmitters=0 deterministic=1 nearBand=0 user=-
2026.10.01-20.23.13 ARTPREVIEW envlayout fx id=fireflies-forest-s system=NS_Env_Fireflies anchor=- at=(-695.2,125.2,150.0) yaw=0.0 scale=1.000 seed=97628021 warmup=3.50s ticks=105 mode=live particles=13 emitters=1 gpuEmitters=0 deterministic=1 nearBand=0 user=-
2026.10.01-20.23.13 ARTPREVIEW envlayout fx id=flame-lantern-bay system=NS_Env_LanternFlame anchor=lantern-bay at=(-129.7,-397.7,196.6) yaw=90.0 scale=2.098 seed=2080362060 warmup=1.50s ticks=45 mode=live particles=46 emitters=3 gpuEmitters=0 deterministic=1 nearBand=0 user=-
2026.10.01-20.23.13 ARTPREVIEW envlayout fx id=flame-lantern-left system=NS_Env_LanternFlame anchor=lantern-left at=(-565.9,-46.1,154.3) yaw=90.0 scale=2.053 seed=1350007212 warmup=1.50s ticks=45 mode=live particles=44 emitters=3 gpuEmitters=0 deterministic=1 nearBand=0 user=-
2026.10.01-20.23.13 ARTPREVIEW envlayout fx id=flame-lantern-stern system=NS_Env_LanternFlame anchor=lantern-stern at=(418.1,-427.3,144.7) yaw=90.0 scale=1.970 seed=2041647646 warmup=1.50s ticks=45 mode=live particles=48 emitters=3 gpuEmitters=0 deterministic=1 nearBand=0 user=-
2026.10.01-20.23.13 ARTPREVIEW envlayout fx id=flame-lantern-rail system=NS_Env_LanternFlame anchor=lantern-rail at=(737.0,-221.7,140.8) yaw=90.0 scale=2.466 seed=1934390597 warmup=1.50s ticks=45 mode=live particles=43 emitters=3 gpuEmitters=0 deterministic=1 nearBand=0 user=-
2026.10.01-20.23.13 ARTPREVIEW envlayout fx id=flame-lantern-deck-n system=NS_Env_LanternFlame anchor=lantern-deck-n at=(522.4,-157.4,82.4) yaw=90.0 scale=1.984 seed=744847447 warmup=1.50s ticks=45 mode=live particles=47 emitters=3 gpuEmitters=0 deterministic=1 nearBand=0 user=-
2026.10.01-20.23.13 ARTPREVIEW envlayout fx id=flame-lantern-deck-se system=NS_Env_LanternFlame anchor=lantern-deck-se at=(622.9,228.1,104.0) yaw=90.0 scale=2.489 seed=1704310633 warmup=1.50s ticks=45 mode=live particles=48 emitters=3 gpuEmitters=0 deterministic=1 nearBand=0 user=-
2026.10.01-20.23.13 ARTPREVIEW envlayout fx id=fire-fort system=NS_Env_ConceptFire anchor=- at=(-492.3,-427.3,-1.0) yaw=0.0 scale=1.400 seed=200042973 warmup=1.50s ticks=45 mode=live particles=74 emitters=3 gpuEmitters=0 deterministic=1 nearBand=0 user=-
2026.10.01-20.23.13 ARTPREVIEW envlayout fx id=fire-brazier system=NS_Env_ConceptFire anchor=- at=(-555.1,194.3,106.1) yaw=0.0 scale=0.850 seed=177000877 warmup=1.50s ticks=45 mode=live particles=73 emitters=3 gpuEmitters=0 deterministic=1 nearBand=0 user=-
2026.10.01-20.23.13 ARTPREVIEW envlayout fx map=sarpedon fx=10 layoutFx=10 missingSystems=0 skippedMissing=0 skippedDisabled=0 skippedAnchor=0 skippedInsideMap=0 skippedLightRenderer=0 nearBand=0 gpuEmitters=0 nonDeterministic=0 particles=450 userSet=0 userMissing=0 mode=live still=0
2026.10.01-20.23.13 ARTPREVIEW envlayout map=sarpedon props=10 lights=5 missingMeshes=0 layoutProps=10 layoutLights=5 skippedMissing=0 skippedInsideMap=0 intrusions=0 outsideTray=1 outsideKit=0 shadowCasters=0 profilePoints=1 combinedPoints=6 combinedBudgetOk=1 tray=layout trayApronMismatch=0 profile=sarpedon-original boardId=c7fa64a26c29a0835f2383e63 file=Config/ArtBoards/EnvLayouts/sarpedon.layout.json sha256=89a3cfb965c134557d7a5e2733bd89562321ddf1c61d428dc8952d7fc4006c78 source=pak status=ok
2026.10.01-20.23.13 ARTPREVIEW concept-paste mode=on profile=sarpedon-original map=sarpedon reason=default default=on flag=- cmdVariant=- envVariant=concept:ok overlay=sarpedon.concept.layout.json overlaySha256=0956fee749ed401d8bc1b53e74a6d3bfb33a805f1ae7eeb466c61cfe852b3abb spec=tools/art/concept_paste/sarpedon.paste.json manifest=tools/art/concept_paste/manifest.sarpedon.json hide=tray+ground+sea+waterfalls+backdrop+fog+baseProps+baseFx+layoutLights
2026.10.01-20.23.13 ARTPREVIEW concept-paste sheet profile=sarpedon-original mesh=SM_Sarpedon_ConceptSheet triangles=10564 bounds=(-1278.5,-1021.5,-300.0)..(1242.2,585.5,820.3) slots=1 plateA=T_Sarpedon_ConceptPlateA plateB=T_Sarpedon_ConceptPlateB mask=- cut=(467.67,310.67) minZ=-60.0 outside=clip
2026.10.01-20.23.13 ARTPREVIEW concept-paste sea profile=sarpedon-original plate=T_Sarpedon_ConceptSea z=-300 centre=(0,-45) radius=1900 skyTopZ=600 skySegments=48
2026.10.01-20.23.13 ARTPREVIEW concept-paste light id=fire-fort kind=point at=(-492.3,-427.3,54.0) intensity=65 units=candelas radius=460 color=#FF8A3D shadow=0 flicker=0.18@6.0Hz
2026.10.01-20.23.13 ARTPREVIEW concept-paste light id=fire-brazier kind=point at=(-555.1,194.3,141.1) intensity=40 units=candelas radius=420 color=#FF9A4A shadow=0 flicker=0.06@6.5Hz
2026.10.01-20.23.13 ARTPREVIEW concept-paste light id=lantern-left kind=point at=(-565.9,-46.1,154.3) intensity=30 units=candelas radius=300 color=#FFA552 shadow=0 flicker=0.04@4.0Hz
2026.10.01-20.23.13 ARTPREVIEW concept-paste light id=lantern-deck-n kind=point at=(522.4,-157.4,82.4) intensity=95 units=candelas radius=420 color=#FFA552 shadow=0 flicker=0.08@4.5Hz
2026.10.01-20.23.13 ARTPREVIEW concept-paste light id=lantern-deck-se kind=point at=(622.9,228.1,104.0) intensity=90 units=candelas radius=400 color=#FFA552 shadow=0 flicker=0.08@5.0Hz
2026.10.01-20.23.13 ARTPREVIEW concept-paste blob id=cannon-1 at=(587.6,-333.2,-3.0) diameterUU=70 strength=0.35 softness=0.60
2026.10.01-20.23.13 ARTPREVIEW concept-paste blob id=cannon-2 at=(643.2,-214.1,-3.0) diameterUU=70 strength=0.35 softness=0.60
2026.10.01-20.23.13 ARTPREVIEW concept-paste blob id=cannon-3 at=(721.5,-34.7,-3.0) diameterUU=70 strength=0.35 softness=0.60
2026.10.01-20.23.13 ARTPREVIEW concept-paste status=ok profile=sarpedon-original sheet=1 sea=49 lights=5 blobs=3 flows=2 seaFlow=1 flowFrozen=0 water=1 grade=aces-inverse gainLinear=0.9638 emissiveScale=1.0000(block) devignette=0.400 fit=(3.0302,2.8923,3.1758)^(1.0578,1.0701,1.0398) calib=0 camera=(-0.0,1557.0,2223.7) pitch=-55 yaw=-90 hfov=35 size=1920x1080 homography=identity rectA=(0.0,0.0,1920.0,1080.0) rectB=(-384.0,-216.0,2688.0,1512.0) cut=(467.67,310.67) lit=0 lumenGI=0 shadow=0
2026.10.01-20.23.13 ARTPREVIEW concept-paste hide profile=sarpedon-original props=0 fx=0 layoutLights=5 ground=4 sea=1 waterfalls=4 fog=1 backdrop=0 overlayProps=10 overlayFx=10
2026.10.01-20.23.13 ARTPREVIEW concept-paste budget profile=sarpedon-original profilePoints=1 conceptLights=5 layoutLightsVisible=0 combinedPoints=6 combinedBudgetOk=1
2026.10.01-20.23.13 ARTPREVIEW concept-paste anim profile=sarpedon-original mode=live flickers=5 sways=1 winds=1/1 missingProps=0
2026.10.01-20.23.13 ARTPREVIEW envlayout tray map=sarpedon source=layout outerHalf=780.0x470.0 offsetY=-45.0 frameHalf=469.7x312.7 mesh=T2 t2Top=780.0x470.0 mismatchUU=0.0
2026.10.01-20.23.13 ARTPREVIEW diorama tray-t2 loaded mesh=/Game/PipelineCandidates/TableBase/T2b/SM_TableBase_T2b mi=MI_TableBase_T2b_Sarpedon kind=T2b
2026.10.01-20.23.13 ARTPREVIEW diorama tray=/Game/PipelineCandidates/TableBase/T2b/SM_TableBase_T2b.SM_TableBase_T2b mi=MI_TableBase_T2b_Sarpedon surface=map-image yaw=0.0 scale=1.000x1.000x1.000 bounds=(-815.7,-546.3,-215.7)..(815.7,456.3,1.7) size=1631.4x1002.6x217.5 topZ=-3.0 boardHalf=469.7x312.7 rimUU=112.3 collision=none kind=T2b topHalf=780.0x470.0 layoutHalf=780.0x470.0 offset=(0.0,-45.0) source=layout mismatchUU=0.0 match=1 anisotropy=1.000 lipTopZ=1.7 lipBandUU=20.0
2026.10.01-20.23.13 ARTPREVIEW concept-paste tray hidden profile=sarpedon-original mesh=SM_TableBase_T2b (the painted island replaces it)
2026.10.01-20.23.13 CAMERA extents source=map-image half=445.7x288.7 dist=2340.2 fit=1872.2 k1Mul=1.250
2026.10.01-20.23.13 CAMERA dist=2340 loc=(0,1342,1917) pitch=-55 yaw=-90
2026.10.01-20.23.13 CAMERA config overview=2340.2 nearest=300.0 farthest=2880.2 zoomRange=0.81-7.80 fit=1872.2 k1Mul=1.250 minDist=300.0 outRatio=0.650 step=1.250 animMs=200 returnMs=300 followFrom=1.20 source=defaults issues=0
2026.10.01-20.23.13 BOARD 9x6 cells | control points: (0,0)=(-393,-219,0) (8,5)=(400,250,0) | neighbor pair (dist 140 uu)
2026.10.01-20.23.13 BOARD topology spaces=38 links=61 starts=3:S03,4:S14,1:S20,2:S32 frame=1337x866px uuPerPx=0.6667 radius=42.0uu (default)
2026.10.01-20.23.13 ARTPREVIEW team mapping mode=absolute source=fighter-prefix viewerTeam=- p1=f-0-hero,f-0-sk0,f-0-sk1,f-0-sk2 p2=f-1-hero,f-1-sk0
2026.10.01-20.23.13 ARTPREVIEW heroesV2 fighter=f-0-hero mesh=/Game/PipelineCandidates/Medusa/H2LD/Meshes/SK_Medusa_H2LD mi=/Game/PipelineCandidates/Medusa/H2LD/Materials/MI_Medusa_H2LD_P1 yaw=90.0 scale=0.9998 name=Medusa hero=1 look=P1 base=/Game/PipelineCandidates/Medusa/H2LD/Meshes/SM_Medusa_H2LD_Base baseMi=/Game/PipelineCandidates/Medusa/H2LD/Materials/MI_Medusa_H2LD_Base_P1 skeleton=/Game/PipelineCandidates/Medusa/Rig/SK_Medusa_Skeleton.SK_Medusa_Skeleton clips=4/4 boundsTop=55.00 figureTop=55.00 budget=55.0
2026.10.01-20.23.13 ARTPREVIEW click capsule fighter=f-0-hero mesh=SK_Medusa_H2LD physicsAsset=0 radius=11.6 halfHeight=27.5 top=55.0 bodyCollision=0 source=meshBounds
2026.10.01-20.23.13 ARTPREVIEW fighter=Medusa hero=1 eligible=0 visual=1 mesh=SK_Medusa_H2LD
2026.10.01-20.23.13 ARTPREVIEW team ring fighter=f-0-hero team=P1 look=P1 mode=absolute shape=circle shown=1 mesh=SM_Marker_TeamRing_P1 fill=#E8C06A keyline=#111317 fillLinear=(0.8070,0.5271,0.1441) zMin=0.60 zMax=1.20 scale=1.00 base=hidden blockout=0 art=1 rim=#FFFFFF
2026.10.01-20.23.13 ARTPREVIEW anim fighter=f-0-hero clip=Idle len=2.333 event=spawn loop=1 phase=0.8071 seq=-1 asset=AM_Medusa_Idle
2026.10.01-20.23.13 ARTPREVIEW readability contact shadow material=/Game/EnvMaps/M_MapContactShadow.M_MapContactShadow loaded=1
2026.10.01-20.23.13 ARTPREVIEW readability fighter=f-0-hero hero=1 contactShadow=1 diameterUU=52.0 strength=0.25 leaderPip=1 look=P1 ringScale=1.00
2026.10.01-20.23.13 ARTPREVIEW heroesV2 fighter=f-0-sk0 mesh=/Game/PipelineCandidates/Harpy/H3LD/Meshes/SK_Harpy_H3LD mi=/Game/PipelineCandidates/Harpy/H3LD/Materials/MI_Harpy_H3LD_P1 yaw=270.0 scale=1.0000 name=Harpies hero=0 look=P1 base=/Game/PipelineCandidates/Harpy/H3LD/Meshes/SM_Harpy_H3LD_Base baseMi=/Game/PipelineCandidates/Harpy/H3LD/Materials/MI_Harpy_H3LD_Base_P1 skeleton=/Game/PipelineCandidates/Harpy/Rig/SK_Harpy_Skeleton.SK_Harpy_Skeleton clips=4/4 boundsTop=42.00 figureTop=42.00 budget=42.0
2026.10.01-20.23.13 ARTPREVIEW click capsule fighter=f-0-sk0 mesh=SK_Harpy_H3LD physicsAsset=0 radius=20.0 halfHeight=21.0 top=42.0 bodyCollision=0 source=meshBounds
2026.10.01-20.23.13 ARTPREVIEW team ring fighter=f-0-sk0 team=P1 look=P1 mode=absolute shape=circle shown=1 mesh=SM_Marker_TeamRing_P1 fill=#E8C06A keyline=#111317 fillLinear=(0.8070,0.5271,0.1441) zMin=0.60 zMax=1.20 scale=0.78 base=hidden blockout=0 art=1 rim=#FFFFFF
2026.10.01-20.23.13 ARTPREVIEW anim fighter=f-0-sk0 clip=Idle len=2.000 event=spawn loop=1 phase=0.6635 seq=-1 asset=AM_Harpy_Idle
2026.10.01-20.23.13 ARTPREVIEW readability fighter=f-0-sk0 hero=0 contactShadow=1 diameterUU=40.6 strength=0.25 leaderPip=0 look=P1 ringScale=0.78
2026.10.01-20.23.13 ARTPREVIEW heroesV2 fighter=f-0-sk1 mesh=/Game/PipelineCandidates/Harpy/H3LD/Meshes/SK_Harpy_H3LD mi=/Game/PipelineCandidates/Harpy/H3LD/Materials/MI_Harpy_H3LD_P1 yaw=90.0 scale=1.0000 name=Harpies hero=0 look=P1 base=/Game/PipelineCandidates/Harpy/H3LD/Meshes/SM_Harpy_H3LD_Base baseMi=/Game/PipelineCandidates/Harpy/H3LD/Materials/MI_Harpy_H3LD_Base_P1 skeleton=/Game/PipelineCandidates/Harpy/Rig/SK_Harpy_Skeleton.SK_Harpy_Skeleton clips=4/4 boundsTop=42.00 figureTop=42.00 budget=42.0
2026.10.01-20.23.13 ARTPREVIEW click capsule fighter=f-0-sk1 mesh=SK_Harpy_H3LD physicsAsset=0 radius=20.0 halfHeight=21.0 top=42.0 bodyCollision=0 source=meshBounds
2026.10.01-20.23.13 ARTPREVIEW team ring fighter=f-0-sk1 team=P1 look=P1 mode=absolute shape=circle shown=1 mesh=SM_Marker_TeamRing_P1 fill=#E8C06A keyline=#111317 fillLinear=(0.8070,0.5271,0.1441) zMin=0.60 zMax=1.20 scale=0.78 base=hidden blockout=0 art=1 rim=#FFFFFF
2026.10.01-20.23.13 ARTPREVIEW anim fighter=f-0-sk1 clip=Idle len=2.000 event=spawn loop=1 phase=0.9016 seq=-1 asset=AM_Harpy_Idle
2026.10.01-20.23.13 ARTPREVIEW readability fighter=f-0-sk1 hero=0 contactShadow=1 diameterUU=40.6 strength=0.25 leaderPip=0 look=P1 ringScale=0.78
2026.10.01-20.23.13 ARTPREVIEW heroesV2 fighter=f-0-sk2 mesh=/Game/PipelineCandidates/Harpy/H3LD/Meshes/SK_Harpy_H3LD mi=/Game/PipelineCandidates/Harpy/H3LD/Materials/MI_Harpy_H3LD_P1 yaw=270.0 scale=1.0000 name=Harpies hero=0 look=P1 base=/Game/PipelineCandidates/Harpy/H3LD/Meshes/SM_Harpy_H3LD_Base baseMi=/Game/PipelineCandidates/Harpy/H3LD/Materials/MI_Harpy_H3LD_Base_P1 skeleton=/Game/PipelineCandidates/Harpy/Rig/SK_Harpy_Skeleton.SK_Harpy_Skeleton clips=4/4 boundsTop=42.00 figureTop=42.00 budget=42.0
2026.10.01-20.23.13 ARTPREVIEW click capsule fighter=f-0-sk2 mesh=SK_Harpy_H3LD physicsAsset=0 radius=20.0 halfHeight=21.0 top=42.0 bodyCollision=0 source=meshBounds
2026.10.01-20.23.13 ARTPREVIEW team ring fighter=f-0-sk2 team=P1 look=P1 mode=absolute shape=circle shown=1 mesh=SM_Marker_TeamRing_P1 fill=#E8C06A keyline=#111317 fillLinear=(0.8070,0.5271,0.1441) zMin=0.60 zMax=1.20 scale=0.78 base=hidden blockout=0 art=1 rim=#FFFFFF
2026.10.01-20.23.13 ARTPREVIEW anim fighter=f-0-sk2 clip=Idle len=2.000 event=spawn loop=1 phase=0.1873 seq=-1 asset=AM_Harpy_Idle
2026.10.01-20.23.13 ARTPREVIEW readability fighter=f-0-sk2 hero=0 contactShadow=1 diameterUU=40.6 strength=0.25 leaderPip=0 look=P1 ringScale=0.78
2026.10.01-20.23.13 ARTPREVIEW heroesV2 fighter=f-1-hero mesh=/Game/PipelineCandidates/KingArthur/H2LD/Meshes/SK_KingArthur_H2LD mi=/Game/PipelineCandidates/KingArthur/H2LD/Materials/MI_KingArthur_H2LD_P2 yaw=270.0 scale=1.0000 name=King Arthur hero=1 look=P2 base=/Game/PipelineCandidates/KingArthur/H2LD/Meshes/SM_KingArthur_H2LD_Base baseMi=/Game/PipelineCandidates/KingArthur/H2LD/Materials/MI_KingArthur_H2LD_Base_P2 skeleton=/Game/PipelineCandidates/KingArthur/Rig/SK_KingArthur_Skeleton.SK_KingArthur_Skeleton clips=4/4 boundsTop=60.06 figureTop=55.00 budget=55.0
2026.10.01-20.23.13 ARTPREVIEW click capsule fighter=f-1-hero mesh=SK_KingArthur_H2LD physicsAsset=0 radius=12.8 halfHeight=30.0 top=60.1 bodyCollision=0 source=meshBounds
2026.10.01-20.23.13 ARTPREVIEW team ring fighter=f-1-hero team=P2 look=P2 mode=absolute shape=hexagon shown=1 mesh=SM_Marker_TeamRing_P2 fill=#5A7F9F keyline=#111317 fillLinear=(0.1022,0.2122,0.3467) zMin=0.60 zMax=1.20 scale=1.00 base=hidden blockout=0 art=1 rim=#FFFFFF
2026.10.01-20.23.13 ARTPREVIEW anim fighter=f-1-hero clip=Idle len=2.500 event=spawn loop=1 phase=0.3470 seq=-1 asset=AM_KingArthur_Idle
2026.10.01-20.23.13 ARTPREVIEW readability fighter=f-1-hero hero=1 contactShadow=1 diameterUU=52.0 strength=0.25 leaderPip=1 look=P2 ringScale=1.00
2026.10.01-20.23.14 ARTPREVIEW heroesV2 fighter=f-1-sk0 mesh=/Game/PipelineCandidates/Merlin/H2LD/Meshes/SK_Merlin_H2LD mi=/Game/PipelineCandidates/Merlin/H2LD/Materials/MI_Merlin_H2LD_P2 yaw=270.0 scale=1.0003 name=Merlin hero=0 look=P2 base=/Game/PipelineCandidates/Merlin/H2LD/Meshes/SM_Merlin_H2LD_Base baseMi=/Game/PipelineCandidates/Merlin/H2LD/Materials/MI_Merlin_H2LD_Base_P2 skeleton=/Game/PipelineCandidates/Merlin/Rig/SK_Merlin_Skeleton.SK_Merlin_Skeleton clips=4/4 boundsTop=49.44 figureTop=45.00 budget=45.0
2026.10.01-20.23.14 ARTPREVIEW click capsule fighter=f-1-sk0 mesh=SK_Merlin_H2LD physicsAsset=0 radius=10.5 halfHeight=24.7 top=49.4 bodyCollision=0 source=meshBounds
2026.10.01-20.23.14 ARTPREVIEW team ring fighter=f-1-sk0 team=P2 look=P2 mode=absolute shape=hexagon shown=1 mesh=SM_Marker_TeamRing_P2 fill=#5A7F9F keyline=#111317 fillLinear=(0.1022,0.2122,0.3467) zMin=0.60 zMax=1.20 scale=0.78 base=hidden blockout=0 art=1 rim=#FFFFFF
2026.10.01-20.23.14 ARTPREVIEW anim fighter=f-1-sk0 clip=Idle len=3.000 event=spawn loop=1 phase=0.8028 seq=-1 asset=AM_Merlin_Idle
2026.10.01-20.23.14 ARTPREVIEW readability fighter=f-1-sk0 hero=0 contactShadow=1 diameterUU=40.6 strength=0.25 leaderPip=0 look=P2 ringScale=0.78
2026.10.01-20.23.14 ARTPREVIEW heroesV2 summary fighters=6 mapped=6 v2=6
2026.10.01-20.23.14 FIGHTERS synced n=6 alive=6 own=4 enemy=2
2026.10.01-20.23.14 BENCH scene fixture=S08BenchSarpedon.json board=9x6 fighters=6 viewer=cmukie55u0000wiao06h107t9 hero=f-0-hero art=1 profile=sarpedon-original views=Fitx1.45+Fitx1.450+K1+K1x1.0 warmup=60 settle=6 measure=5 fps=60 profileGpu=0 csv=0
2026.10.01-20.24.13 BENCH warmup done elapsed=60.1
2026.10.01-20.24.13 BENCH view=Fitx1.45 centred fit-mul=1.450 target=2714.6 fit=1872.2 clamp=0
2026.10.01-20.24.13 BENCH view=Fitx1.45 camera settled=1 dist=2707.3 target=2714.6 zoom=0.86
2026.10.01-20.24.24 BENCH measure view=Fitx1.45 window=5.0 frames=300 fps=60.00 frameMs avg=16.67 p50=16.67 p95=16.67 p99=16.67 max=16.67 hitches50=0 gpuMs avg=4.39 p50=3.51 p95=8.04 gameMs avg=1.17 p95=1.36 renderMs avg=2.81 p95=3.16
2026.10.01-20.24.24 RENDER tag=BENCH rhi=D3D12 featureLevel=SM6 shaderPlatform=PCD3D_SM6 lumenPlatform=1 gi=lumen giMethod=1 refl=lumen reflMethod=1 shadows=csm vsmEnable=0 sg.res=100 sg.view=2 sg.aa=2 sg.shadow=2 sg.gi=2 sg.refl=2 sg.pp=2 sg.tex=2 sg.fx=2 sg.foliage=2 sg.shading=2 sg.landscape=2 preset=High screenPct=100.0 screenPctMode=0 aa=TSR aaMethod=4 exposure=fixed-histogram expMin=4.14106 expMax=4.14106 expBias=0.000 ev100=2.05 lightUnits=candelas sky=1 skyIntensity=3.000 keyShadow=csm-3600uu-2c-contact0.000 shadowCasters=1 profile=sarpedon-night profilesSha256=80e2a2c59b64ecebdb70086801e5ed1f556392439af6eb4da84abb0785268142 profilesSource=pak legacyRender=0 gameLayer=unlit-eyeadaptinv tMaxFPS=60.0 vsync=0 frameRateLimit=60.0 substrate=0 nanite=1 meshDF=1 viewport=1920x1080 reference=1
2026.10.01-20.24.27 BENCH view=Fitx1.45 shot-camera dist=2714.6 target=2714.6 exact=1 focus=V(0)
2026.10.01-20.24.27 SHOT ctx viewport=1920x1080 viewTarget=CameraActor_0 cam=(0,1557,2224) rot=(-55,-90,-0)
2026.10.01-20.24.27 RENDER tag=SHOT rhi=D3D12 featureLevel=SM6 shaderPlatform=PCD3D_SM6 lumenPlatform=1 gi=lumen giMethod=1 refl=lumen reflMethod=1 shadows=csm vsmEnable=0 sg.res=100 sg.view=2 sg.aa=2 sg.shadow=2 sg.gi=2 sg.refl=2 sg.pp=2 sg.tex=2 sg.fx=2 sg.foliage=2 sg.shading=2 sg.landscape=2 preset=High screenPct=100.0 screenPctMode=0 aa=TSR aaMethod=4 exposure=fixed-histogram expMin=4.14106 expMax=4.14106 expBias=0.000 ev100=2.05 lightUnits=candelas sky=1 skyIntensity=3.000 keyShadow=csm-3600uu-2c-contact0.000 shadowCasters=1 profile=sarpedon-night profilesSha256=80e2a2c59b64ecebdb70086801e5ed1f556392439af6eb4da84abb0785268142 profilesSource=pak legacyRender=0 gameLayer=unlit-eyeadaptinv tMaxFPS=60.0 vsync=0 frameRateLimit=60.0 substrate=0 nanite=1 meshDF=1 viewport=1920x1080 reference=1
2026.10.01-20.24.27 SHOT fighter f-0-hero pos=(2,2) world=(-218,-13,0) screen=(717,528) projected=1 alive=1
2026.10.01-20.24.27 SHOT fighter f-0-sk0 pos=(1,3) world=(-309,33,0) screen=(611,571) projected=1 alive=1
2026.10.01-20.24.27 SHOT fighter f-0-sk1 pos=(0,2) world=(-398,-3,0) screen=(513,538) projected=1 alive=1
2026.10.01-20.24.27 SHOT fighter f-0-sk2 pos=(0,3) world=(-394,92,0) screen=(509,626) projected=1 alive=1
2026.10.01-20.24.27 SHOT fighter f-1-hero pos=(5,4) world=(119,141,0) screen=(1098,673) projected=1 alive=1
2026.10.01-20.24.27 SHOT fighter f-1-sk0 pos=(6,3) world=(159,52,0) screen=(1140,588) projected=1 alive=1
2026.10.01-20.24.27 SHOT camera dist=2714.6 target=2714.6 overview=2340.2 errPct=0.000 focusErr=0.00 settled=1 zoom=0.86
2026.10.01-20.24.27 SHOT head fighter=f-0-hero socket=Head mesh=SK_Medusa_H2LD world=(-218.2,-11.5,47.0) screen=(712.4,498.7) top=(711.9,494.7) bottom=(712.8,502.7) headPx=8.0 projected=1
2026.10.01-20.24.27 SHOT head fighter=f-0-sk0 socket=Head mesh=SK_Harpy_H3LD world=(-308.3,28.0,34.0) screen=(608.6,543.9) top=(607.9,540.0) bottom=(609.2,547.9) headPx=7.9 projected=1
2026.10.01-20.24.27 SHOT head fighter=f-0-sk1 socket=Head mesh=SK_Harpy_H3LD world=(-398.6,2.6,34.0) screen=(508.1,520.3) top=(507.3,516.4) bottom=(508.9,524.2) headPx=8.0 projected=1
2026.10.01-20.24.27 SHOT head fighter=f-0-sk2 socket=Head mesh=SK_Harpy_H3LD world=(-394.4,86.7,34.1) screen=(504.7,599.4) top=(503.8,595.6) bottom=(505.5,603.3) headPx=7.9 projected=1
2026.10.01-20.24.27 SHOT head fighter=f-1-hero socket=Head mesh=SK_KingArthur_H2LD world=(119.2,140.9,50.1) screen=(1099.9,641.8) top=(1100.2,638.0) bottom=(1099.7,645.7) headPx=7.7 projected=1
2026.10.01-20.24.27 SHOT head fighter=f-1-sk0 socket=Head mesh=SK_Merlin_H2LD world=(159.1,48.4,36.4) screen=(1142.3,561.6) top=(1142.6,557.7) bottom=(1142.0,565.5) headPx=7.8 projected=1
2026.10.01-20.24.27 SHOT figure fighter=f-0-hero bbox=(678,466,750,555) ringR=28.50 art=1 blockout=0 team=P1 look=P1 ring=1
2026.10.01-20.24.27 SHOT figure fighter=f-0-sk0 bbox=(579,523,638,592) ringR=22.23 art=1 blockout=0 team=P1 look=P1 ring=1
2026.10.01-20.24.27 SHOT figure fighter=f-0-sk1 bbox=(480,490,540,558) ringR=22.23 art=1 blockout=0 team=P1 look=P1 ring=1
2026.10.01-20.24.27 SHOT figure fighter=f-0-sk2 bbox=(475,578,536,648) ringR=22.23 art=1 blockout=0 team=P1 look=P1 ring=1
2026.10.01-20.24.27 SHOT figure fighter=f-1-hero bbox=(1064,607,1135,701) ringR=28.50 art=1 blockout=0 team=P2 look=P2 ring=1
2026.10.01-20.24.27 SHOT figure fighter=f-1-sk0 bbox=(1114,535,1170,609) ringR=22.23 art=1 blockout=0 team=P2 look=P2 ring=1
2026.10.01-20.24.27 SHOT request file=bench-Fitx1p45-1920x1080.png frame=4426
2026.10.01-20.24.27 SHOT requested: FScreenshotRequest(bShowUI) -> C:\tmp\envmaps-research\p7c\runs\g-sarp-live/bench-Fitx1p45-1920x1080.png
2026.10.01-20.24.28 SHOT captured file=bench-Fitx1p45-1920x1080.png frame=4426 px=1920x1080 sha256=3e1bf8f2065dd796f845c27dab25a6f6ba1f4ef6f0c4e8fd972fc212b77351c7 order=BGRA saved=1
2026.10.01-20.24.28 SHOT late begin file=bench-Fitx1p45-1920x1080.png frame=4426 requestFrame=4426
2026.10.01-20.24.28 SHOT iconstate visible=0 lastFighter=none frame=4426
2026.10.01-20.24.28 SHOT panel id=hud.command bbox=(0,0,20,20) geom=painted visible=1 frame=4426
2026.10.01-20.24.28 SHOT panel id=hud.side bbox=(1884,0,1920,28) geom=painted visible=1 frame=4426
2026.10.01-20.24.28 SHOT panel id=hud.hand bbox=(950,1060,970,1080) geom=painted visible=1 frame=4426
2026.10.01-20.24.28 SHOT label fighter=f-0-hero mode=full bbox=(673,460,747,485) frame=4426
2026.10.01-20.24.28 SHOT label fighter=f-0-sk0 mode=full bbox=(562,516,645,537) frame=4426
2026.10.01-20.24.28 SHOT label fighter=f-0-sk1 mode=full bbox=(462,482,546,504) frame=4426
2026.10.01-20.24.28 SHOT label fighter=f-0-sk2 mode=full bbox=(457,572,542,593) frame=4426
2026.10.01-20.24.28 SHOT label fighter=f-1-hero mode=full bbox=(1062,611,1141,631) frame=4426
2026.10.01-20.24.28 SHOT label fighter=f-1-sk0 mode=full bbox=(1114,532,1174,555) frame=4426
2026.10.01-20.24.28 SHOT late end file=bench-Fitx1p45-1920x1080.png frame=4426
2026.10.01-20.24.28 BENCH shot view=Fitx1.45 saved=1 path=C:\tmp\envmaps-research\p7c\runs\g-sarp-live/bench-Fitx1p45-1920x1080.png
2026.10.01-20.24.28 BENCH view=Fitx1.450 centred fit-mul=1.450 target=2714.6 fit=1872.2 clamp=0
2026.10.01-20.24.28 BENCH view=Fitx1.450 camera settled=1 dist=2714.6 target=2714.6 zoom=0.86
2026.10.01-20.24.39 BENCH measure view=Fitx1.450 window=5.0 frames=300 fps=60.00 frameMs avg=16.67 p50=16.67 p95=16.67 p99=16.67 max=16.67 hitches50=0 gpuMs avg=4.08 p50=3.60 p95=7.72 gameMs avg=1.14 p95=1.35 renderMs avg=2.89 p95=3.43
2026.10.01-20.24.39 RENDER tag=BENCH rhi=D3D12 featureLevel=SM6 shaderPlatform=PCD3D_SM6 lumenPlatform=1 gi=lumen giMethod=1 refl=lumen reflMethod=1 shadows=csm vsmEnable=0 sg.res=100 sg.view=2 sg.aa=2 sg.shadow=2 sg.gi=2 sg.refl=2 sg.pp=2 sg.tex=2 sg.fx=2 sg.foliage=2 sg.shading=2 sg.landscape=2 preset=High screenPct=100.0 screenPctMode=0 aa=TSR aaMethod=4 exposure=fixed-histogram expMin=4.14106 expMax=4.14106 expBias=0.000 ev100=2.05 lightUnits=candelas sky=1 skyIntensity=3.000 keyShadow=csm-3600uu-2c-contact0.000 shadowCasters=1 profile=sarpedon-night profilesSha256=80e2a2c59b64ecebdb70086801e5ed1f556392439af6eb4da84abb0785268142 profilesSource=pak legacyRender=0 gameLayer=unlit-eyeadaptinv tMaxFPS=60.0 vsync=0 frameRateLimit=60.0 substrate=0 nanite=1 meshDF=1 viewport=1920x1080 reference=1
2026.10.01-20.24.42 BENCH view=Fitx1.450 shot-camera dist=2714.6 target=2714.6 exact=1 focus=V(0)
2026.10.01-20.24.42 SHOT ctx viewport=1920x1080 viewTarget=CameraActor_0 cam=(0,1557,2224) rot=(-55,-90,-0)
2026.10.01-20.24.42 RENDER tag=SHOT rhi=D3D12 featureLevel=SM6 shaderPlatform=PCD3D_SM6 lumenPlatform=1 gi=lumen giMethod=1 refl=lumen reflMethod=1 shadows=csm vsmEnable=0 sg.res=100 sg.view=2 sg.aa=2 sg.shadow=2 sg.gi=2 sg.refl=2 sg.pp=2 sg.tex=2 sg.fx=2 sg.foliage=2 sg.shading=2 sg.landscape=2 preset=High screenPct=100.0 screenPctMode=0 aa=TSR aaMethod=4 exposure=fixed-histogram expMin=4.14106 expMax=4.14106 expBias=0.000 ev100=2.05 lightUnits=candelas sky=1 skyIntensity=3.000 keyShadow=csm-3600uu-2c-contact0.000 shadowCasters=1 profile=sarpedon-night profilesSha256=80e2a2c59b64ecebdb70086801e5ed1f556392439af6eb4da84abb0785268142 profilesSource=pak legacyRender=0 gameLayer=unlit-eyeadaptinv tMaxFPS=60.0 vsync=0 frameRateLimit=60.0 substrate=0 nanite=1 meshDF=1 viewport=1920x1080 reference=1
2026.10.01-20.24.42 SHOT fighter f-0-hero pos=(2,2) world=(-218,-13,0) screen=(717,528) projected=1 alive=1
2026.10.01-20.24.42 SHOT fighter f-0-sk0 pos=(1,3) world=(-309,33,0) screen=(611,571) projected=1 alive=1
2026.10.01-20.24.42 SHOT fighter f-0-sk1 pos=(0,2) world=(-398,-3,0) screen=(513,538) projected=1 alive=1
2026.10.01-20.24.42 SHOT fighter f-0-sk2 pos=(0,3) world=(-394,92,0) screen=(509,626) projected=1 alive=1
2026.10.01-20.24.42 SHOT fighter f-1-hero pos=(5,4) world=(119,141,0) screen=(1098,673) projected=1 alive=1
2026.10.01-20.24.42 SHOT fighter f-1-sk0 pos=(6,3) world=(159,52,0) screen=(1140,588) projected=1 alive=1
2026.10.01-20.24.42 SHOT camera dist=2714.6 target=2714.6 overview=2340.2 errPct=0.000 focusErr=0.00 settled=1 zoom=0.86
2026.10.01-20.24.42 SHOT head fighter=f-0-hero socket=Head mesh=SK_Medusa_H2LD world=(-218.3,-11.9,47.1) screen=(712.3,498.3) top=(711.8,494.3) bottom=(712.7,502.2) headPx=8.0 projected=1
2026.10.01-20.24.42 SHOT head fighter=f-0-sk0 socket=Head mesh=SK_Harpy_H3LD world=(-308.7,28.1,34.0) screen=(608.1,544.0) top=(607.4,540.1) bottom=(608.7,548.0) headPx=7.9 projected=1
2026.10.01-20.24.42 SHOT head fighter=f-0-sk1 socket=Head mesh=SK_Harpy_H3LD world=(-398.2,2.7,34.0) screen=(508.4,520.4) top=(507.6,516.5) bottom=(509.3,524.3) headPx=8.0 projected=1
2026.10.01-20.24.42 SHOT head fighter=f-0-sk2 socket=Head mesh=SK_Harpy_H3LD world=(-393.9,87.1,34.3) screen=(505.1,599.6) top=(504.3,595.8) bottom=(506.0,603.5) headPx=7.9 projected=1
2026.10.01-20.24.42 SHOT head fighter=f-1-hero socket=Head mesh=SK_KingArthur_H2LD world=(118.5,140.5,50.0) screen=(1099.1,641.4) top=(1099.4,637.6) bottom=(1098.8,645.3) headPx=7.7 projected=1
2026.10.01-20.24.42 SHOT head fighter=f-1-sk0 socket=Head mesh=SK_Merlin_H2LD world=(158.8,48.5,36.4) screen=(1141.9,561.6) top=(1142.3,557.7) bottom=(1141.6,565.5) headPx=7.8 projected=1
2026.10.01-20.24.42 SHOT figure fighter=f-0-hero bbox=(678,466,750,555) ringR=28.50 art=1 blockout=0 team=P1 look=P1 ring=1
2026.10.01-20.24.42 SHOT figure fighter=f-0-sk0 bbox=(579,523,638,592) ringR=22.23 art=1 blockout=0 team=P1 look=P1 ring=1
2026.10.01-20.24.42 SHOT figure fighter=f-0-sk1 bbox=(480,490,540,558) ringR=22.23 art=1 blockout=0 team=P1 look=P1 ring=1
2026.10.01-20.24.42 SHOT figure fighter=f-0-sk2 bbox=(475,578,536,648) ringR=22.23 art=1 blockout=0 team=P1 look=P1 ring=1
2026.10.01-20.24.42 SHOT figure fighter=f-1-hero bbox=(1064,607,1135,701) ringR=28.50 art=1 blockout=0 team=P2 look=P2 ring=1
2026.10.01-20.24.42 SHOT figure fighter=f-1-sk0 bbox=(1114,535,1170,609) ringR=22.23 art=1 blockout=0 team=P2 look=P2 ring=1
2026.10.01-20.24.42 SHOT request file=bench-Fitx1p450-1920x1080.png frame=5269
2026.10.01-20.24.42 SHOT requested: FScreenshotRequest(bShowUI) -> C:\tmp\envmaps-research\p7c\runs\g-sarp-live/bench-Fitx1p450-1920x1080.png
2026.10.01-20.24.42 SHOT captured file=bench-Fitx1p450-1920x1080.png frame=5269 px=1920x1080 sha256=49a2db4ee251ac09c07394290269d63784aad9fdd50339ff336c100d294f19af order=BGRA saved=1
2026.10.01-20.24.42 SHOT late begin file=bench-Fitx1p450-1920x1080.png frame=5269 requestFrame=5269
2026.10.01-20.24.42 SHOT iconstate visible=0 lastFighter=none frame=5269
2026.10.01-20.24.42 SHOT panel id=hud.command bbox=(0,0,20,20) geom=painted visible=1 frame=5269
2026.10.01-20.24.42 SHOT panel id=hud.side bbox=(1884,0,1920,28) geom=painted visible=1 frame=5269
2026.10.01-20.24.42 SHOT panel id=hud.hand bbox=(950,1060,970,1080) geom=painted visible=1 frame=5269
2026.10.01-20.24.42 SHOT label fighter=f-0-hero mode=full bbox=(673,460,747,485) frame=5269
2026.10.01-20.24.42 SHOT label fighter=f-0-sk0 mode=full bbox=(562,516,645,537) frame=5269
2026.10.01-20.24.42 SHOT label fighter=f-0-sk1 mode=full bbox=(462,482,546,504) frame=5269
2026.10.01-20.24.42 SHOT label fighter=f-0-sk2 mode=full bbox=(457,572,542,593) frame=5269
2026.10.01-20.24.42 SHOT label fighter=f-1-hero mode=full bbox=(1062,611,1141,631) frame=5269
2026.10.01-20.24.42 SHOT label fighter=f-1-sk0 mode=full bbox=(1114,532,1174,555) frame=5269
2026.10.01-20.24.42 SHOT late end file=bench-Fitx1p450-1920x1080.png frame=5269
2026.10.01-20.24.42 BENCH shot view=Fitx1.450 saved=1 path=C:\tmp\envmaps-research\p7c\runs\g-sarp-live/bench-Fitx1p450-1920x1080.png
2026.10.01-20.24.42 BENCH view=K1 overview target=2340.2 fit=1872.2
2026.10.01-20.24.42 BENCH view=K1 camera settled=1 dist=2353.0 target=2340.2 zoom=0.99
2026.10.01-20.24.53 BENCH measure view=K1 window=5.0 frames=300 fps=60.00 frameMs avg=16.67 p50=16.67 p95=16.67 p99=16.67 max=16.68 hitches50=0 gpuMs avg=4.77 p50=4.87 p95=8.35 gameMs avg=1.23 p95=1.37 renderMs avg=3.05 p95=3.33
2026.10.01-20.24.53 RENDER tag=BENCH rhi=D3D12 featureLevel=SM6 shaderPlatform=PCD3D_SM6 lumenPlatform=1 gi=lumen giMethod=1 refl=lumen reflMethod=1 shadows=csm vsmEnable=0 sg.res=100 sg.view=2 sg.aa=2 sg.shadow=2 sg.gi=2 sg.refl=2 sg.pp=2 sg.tex=2 sg.fx=2 sg.foliage=2 sg.shading=2 sg.landscape=2 preset=High screenPct=100.0 screenPctMode=0 aa=TSR aaMethod=4 exposure=fixed-histogram expMin=4.14106 expMax=4.14106 expBias=0.000 ev100=2.05 lightUnits=candelas sky=1 skyIntensity=3.000 keyShadow=csm-3600uu-2c-contact0.000 shadowCasters=1 profile=sarpedon-night profilesSha256=80e2a2c59b64ecebdb70086801e5ed1f556392439af6eb4da84abb0785268142 profilesSource=pak legacyRender=0 gameLayer=unlit-eyeadaptinv tMaxFPS=60.0 vsync=0 frameRateLimit=60.0 substrate=0 nanite=1 meshDF=1 viewport=1920x1080 reference=1
2026.10.01-20.24.56 BENCH view=K1 shot-camera dist=2340.2 target=2340.2 exact=1 focus=V(0)
2026.10.01-20.24.56 SHOT ctx viewport=1920x1080 viewTarget=CameraActor_0 cam=(0,1342,1917) rot=(-55,-90,-0)
2026.10.01-20.24.56 RENDER tag=SHOT rhi=D3D12 featureLevel=SM6 shaderPlatform=PCD3D_SM6 lumenPlatform=1 gi=lumen giMethod=1 refl=lumen reflMethod=1 shadows=csm vsmEnable=0 sg.res=100 sg.view=2 sg.aa=2 sg.shadow=2 sg.gi=2 sg.refl=2 sg.pp=2 sg.tex=2 sg.fx=2 sg.foliage=2 sg.shading=2 sg.landscape=2 preset=High screenPct=100.0 screenPctMode=0 aa=TSR aaMethod=4 exposure=fixed-histogram expMin=4.14106 expMax=4.14106 expBias=0.000 ev100=2.05 lightUnits=candelas sky=1 skyIntensity=3.000 keyShadow=csm-3600uu-2c-contact0.000 shadowCasters=1 profile=sarpedon-night profilesSha256=80e2a2c59b64ecebdb70086801e5ed1f556392439af6eb4da84abb0785268142 profilesSource=pak legacyRender=0 gameLayer=unlit-eyeadaptinv tMaxFPS=60.0 vsync=0 frameRateLimit=60.0 substrate=0 nanite=1 meshDF=1 viewport=1920x1080 reference=1
2026.10.01-20.24.56 SHOT fighter f-0-hero pos=(2,2) world=(-218,-13,0) screen=(678,527) projected=1 alive=1
2026.10.01-20.24.56 SHOT fighter f-0-sk0 pos=(1,3) world=(-309,33,0) screen=(555,576) projected=1 alive=1
2026.10.01-20.24.56 SHOT fighter f-0-sk1 pos=(0,2) world=(-398,-3,0) screen=(442,537) projected=1 alive=1
2026.10.01-20.24.56 SHOT fighter f-0-sk2 pos=(0,3) world=(-394,92,0) screen=(435,640) projected=1 alive=1
2026.10.01-20.24.56 SHOT fighter f-1-hero pos=(5,4) world=(119,141,0) screen=(1120,695) projected=1 alive=1
2026.10.01-20.24.56 SHOT fighter f-1-sk0 pos=(6,3) world=(159,52,0) screen=(1169,596) projected=1 alive=1
2026.10.01-20.24.56 SHOT camera dist=2340.2 target=2340.2 overview=2340.2 errPct=0.000 focusErr=0.00 settled=1 zoom=1.00
2026.10.01-20.24.56 SHOT head fighter=f-0-hero socket=Head mesh=SK_Medusa_H2LD world=(-217.4,-12.2,47.2) screen=(673.2,491.1) top=(672.6,486.5) bottom=(673.9,495.8) headPx=9.4 projected=1
2026.10.01-20.24.56 SHOT head fighter=f-0-sk0 socket=Head mesh=SK_Harpy_H3LD world=(-309.1,28.0,34.1) screen=(550.2,544.5) top=(549.3,539.9) bottom=(551.1,549.0) headPx=9.3 projected=1
2026.10.01-20.24.56 SHOT head fighter=f-0-sk1 socket=Head mesh=SK_Harpy_H3LD world=(-398.7,2.2,34.3) screen=(434.6,516.5) top=(433.5,511.9) bottom=(435.7,521.1) headPx=9.4 projected=1
2026.10.01-20.24.56 SHOT head fighter=f-0-sk2 socket=Head mesh=SK_Harpy_H3LD world=(-393.6,86.7,34.0) screen=(430.3,609.3) top=(429.2,604.8) bottom=(431.5,613.8) headPx=9.3 projected=1
2026.10.01-20.24.56 SHOT head fighter=f-1-hero socket=Head mesh=SK_KingArthur_H2LD world=(118.5,139.8,50.1) screen=(1122.6,657.7) top=(1123.0,653.3) bottom=(1122.3,662.2) headPx=9.0 projected=1
2026.10.01-20.24.56 SHOT head fighter=f-1-sk0 socket=Head mesh=SK_Merlin_H2LD world=(158.7,48.8,36.6) screen=(1171.7,565.4) top=(1172.1,560.9) bottom=(1171.2,569.9) headPx=9.1 projected=1
2026.10.01-20.24.56 SHOT figure fighter=f-0-hero bbox=(632,454,716,557) ringR=28.50 art=1 blockout=0 team=P1 look=P1 ring=1
2026.10.01-20.24.56 SHOT figure fighter=f-0-sk0 bbox=(516,520,586,600) ringR=22.23 art=1 blockout=0 team=P1 look=P1 ring=1
2026.10.01-20.24.56 SHOT figure fighter=f-0-sk1 bbox=(402,482,474,561) ringR=22.23 art=1 blockout=0 team=P1 look=P1 ring=1
2026.10.01-20.24.56 SHOT figure fighter=f-0-sk2 bbox=(394,584,467,665) ringR=22.23 art=1 blockout=0 team=P1 look=P1 ring=1
2026.10.01-20.24.56 SHOT figure fighter=f-1-hero bbox=(1081,619,1165,728) ringR=28.50 art=1 blockout=0 team=P2 look=P2 ring=1
2026.10.01-20.24.56 SHOT figure fighter=f-1-sk0 bbox=(1139,534,1204,620) ringR=22.23 art=1 blockout=0 team=P2 look=P2 ring=1
2026.10.01-20.24.56 SHOT request file=bench-K1-1920x1080.png frame=6127
2026.10.01-20.24.56 SHOT requested: FScreenshotRequest(bShowUI) -> C:\tmp\envmaps-research\p7c\runs\g-sarp-live/bench-K1-1920x1080.png
2026.10.01-20.24.57 SHOT captured file=bench-K1-1920x1080.png frame=6127 px=1920x1080 sha256=92b3fbe82653aab3a68f3d67d8e1a12ff7aca50690e0acf084fa31cb70372867 order=BGRA saved=1
2026.10.01-20.24.57 SHOT late begin file=bench-K1-1920x1080.png frame=6127 requestFrame=6127
2026.10.01-20.24.57 SHOT iconstate visible=0 lastFighter=none frame=6127
2026.10.01-20.24.57 SHOT panel id=hud.command bbox=(0,0,20,20) geom=painted visible=1 frame=6127
2026.10.01-20.24.57 SHOT panel id=hud.side bbox=(1884,0,1920,28) geom=painted visible=1 frame=6127
2026.10.01-20.24.57 SHOT panel id=hud.hand bbox=(950,1060,970,1080) geom=painted visible=1 frame=6127
2026.10.01-20.24.57 SHOT label fighter=f-0-hero mode=full bbox=(631,449,707,476) frame=6127
2026.10.01-20.24.57 SHOT label fighter=f-0-sk0 mode=full bbox=(503,514,587,537) frame=6127
2026.10.01-20.24.57 SHOT label fighter=f-0-sk1 mode=full bbox=(387,475,472,498) frame=6127
2026.10.01-20.24.57 SHOT label fighter=f-0-sk2 mode=full bbox=(379,580,466,602) frame=6127
2026.10.01-20.24.57 SHOT label fighter=f-1-hero mode=full bbox=(1085,625,1166,647) frame=6127
2026.10.01-20.24.57 SHOT label fighter=f-1-sk0 mode=full bbox=(1144,533,1205,557) frame=6127
2026.10.01-20.24.57 SHOT late end file=bench-K1-1920x1080.png frame=6127
2026.10.01-20.24.57 BENCH shot view=K1 saved=1 path=C:\tmp\envmaps-research\p7c\runs\g-sarp-live/bench-K1-1920x1080.png
2026.10.01-20.24.57 BENCH view=K1x1.0 overview target=2340.2 fit=1872.2
2026.10.01-20.24.57 BENCH view=K1x1.0 camera settled=1 dist=2340.2 target=2340.2 zoom=1.00
2026.10.01-20.25.08 BENCH measure view=K1x1.0 window=5.0 frames=300 fps=60.00 frameMs avg=16.67 p50=16.67 p95=16.67 p99=16.67 max=16.67 hitches50=0 gpuMs avg=3.40 p50=3.64 p95=4.49 gameMs avg=1.18 p95=1.41 renderMs avg=2.95 p95=3.56
2026.10.01-20.25.08 RENDER tag=BENCH rhi=D3D12 featureLevel=SM6 shaderPlatform=PCD3D_SM6 lumenPlatform=1 gi=lumen giMethod=1 refl=lumen reflMethod=1 shadows=csm vsmEnable=0 sg.res=100 sg.view=2 sg.aa=2 sg.shadow=2 sg.gi=2 sg.refl=2 sg.pp=2 sg.tex=2 sg.fx=2 sg.foliage=2 sg.shading=2 sg.landscape=2 preset=High screenPct=100.0 screenPctMode=0 aa=TSR aaMethod=4 exposure=fixed-histogram expMin=4.14106 expMax=4.14106 expBias=0.000 ev100=2.05 lightUnits=candelas sky=1 skyIntensity=3.000 keyShadow=csm-3600uu-2c-contact0.000 shadowCasters=1 profile=sarpedon-night profilesSha256=80e2a2c59b64ecebdb70086801e5ed1f556392439af6eb4da84abb0785268142 profilesSource=pak legacyRender=0 gameLayer=unlit-eyeadaptinv tMaxFPS=60.0 vsync=0 frameRateLimit=60.0 substrate=0 nanite=1 meshDF=1 viewport=1920x1080 reference=1
2026.10.01-20.25.11 BENCH view=K1x1.0 shot-camera dist=2340.2 target=2340.2 exact=1 focus=V(0)
2026.10.01-20.25.11 SHOT ctx viewport=1920x1080 viewTarget=CameraActor_0 cam=(0,1342,1917) rot=(-55,-90,-0)
2026.10.01-20.25.11 RENDER tag=SHOT rhi=D3D12 featureLevel=SM6 shaderPlatform=PCD3D_SM6 lumenPlatform=1 gi=lumen giMethod=1 refl=lumen reflMethod=1 shadows=csm vsmEnable=0 sg.res=100 sg.view=2 sg.aa=2 sg.shadow=2 sg.gi=2 sg.refl=2 sg.pp=2 sg.tex=2 sg.fx=2 sg.foliage=2 sg.shading=2 sg.landscape=2 preset=High screenPct=100.0 screenPctMode=0 aa=TSR aaMethod=4 exposure=fixed-histogram expMin=4.14106 expMax=4.14106 expBias=0.000 ev100=2.05 lightUnits=candelas sky=1 skyIntensity=3.000 keyShadow=csm-3600uu-2c-contact0.000 shadowCasters=1 profile=sarpedon-night profilesSha256=80e2a2c59b64ecebdb70086801e5ed1f556392439af6eb4da84abb0785268142 profilesSource=pak legacyRender=0 gameLayer=unlit-eyeadaptinv tMaxFPS=60.0 vsync=0 frameRateLimit=60.0 substrate=0 nanite=1 meshDF=1 viewport=1920x1080 reference=1
2026.10.01-20.25.11 SHOT fighter f-0-hero pos=(2,2) world=(-218,-13,0) screen=(678,527) projected=1 alive=1
2026.10.01-20.25.11 SHOT fighter f-0-sk0 pos=(1,3) world=(-309,33,0) screen=(555,576) projected=1 alive=1
2026.10.01-20.25.11 SHOT fighter f-0-sk1 pos=(0,2) world=(-398,-3,0) screen=(442,537) projected=1 alive=1
2026.10.01-20.25.11 SHOT fighter f-0-sk2 pos=(0,3) world=(-394,92,0) screen=(435,640) projected=1 alive=1
2026.10.01-20.25.11 SHOT fighter f-1-hero pos=(5,4) world=(119,141,0) screen=(1120,695) projected=1 alive=1
2026.10.01-20.25.11 SHOT fighter f-1-sk0 pos=(6,3) world=(159,52,0) screen=(1169,596) projected=1 alive=1
2026.10.01-20.25.11 SHOT camera dist=2340.2 target=2340.2 overview=2340.2 errPct=0.000 focusErr=0.00 settled=1 zoom=1.00
2026.10.01-20.25.11 SHOT head fighter=f-0-hero socket=Head mesh=SK_Medusa_H2LD world=(-217.1,-11.9,47.1) screen=(673.7,491.5) top=(673.1,486.8) bottom=(674.3,496.1) headPx=9.4 projected=1
2026.10.01-20.25.11 SHOT head fighter=f-0-sk0 socket=Head mesh=SK_Harpy_H3LD world=(-308.9,28.3,34.3) screen=(550.4,544.7) top=(549.5,540.1) bottom=(551.3,549.2) headPx=9.3 projected=1
2026.10.01-20.25.11 SHOT head fighter=f-0-sk1 socket=Head mesh=SK_Harpy_H3LD world=(-399.0,2.4,34.2) screen=(434.3,516.8) top=(433.2,512.2) bottom=(435.4,521.4) headPx=9.4 projected=1
2026.10.01-20.25.11 SHOT head fighter=f-0-sk2 socket=Head mesh=SK_Harpy_H3LD world=(-393.8,86.8,33.9) screen=(430.0,609.4) top=(428.9,605.0) bottom=(431.2,613.9) headPx=9.3 projected=1
2026.10.01-20.25.11 SHOT head fighter=f-1-hero socket=Head mesh=SK_KingArthur_H2LD world=(119.4,139.8,50.1) screen=(1123.9,657.8) top=(1124.3,653.3) bottom=(1123.5,662.2) headPx=9.0 projected=1
2026.10.01-20.25.11 SHOT head fighter=f-1-sk0 socket=Head mesh=SK_Merlin_H2LD world=(159.0,49.1,36.7) screen=(1172.2,565.6) top=(1172.7,561.0) bottom=(1171.7,570.1) headPx=9.1 projected=1
2026.10.01-20.25.11 SHOT figure fighter=f-0-hero bbox=(632,454,716,557) ringR=28.50 art=1 blockout=0 team=P1 look=P1 ring=1
2026.10.01-20.25.11 SHOT figure fighter=f-0-sk0 bbox=(516,520,586,600) ringR=22.23 art=1 blockout=0 team=P1 look=P1 ring=1
2026.10.01-20.25.11 SHOT figure fighter=f-0-sk1 bbox=(402,482,474,561) ringR=22.23 art=1 blockout=0 team=P1 look=P1 ring=1
2026.10.01-20.25.11 SHOT figure fighter=f-0-sk2 bbox=(394,584,467,665) ringR=22.23 art=1 blockout=0 team=P1 look=P1 ring=1
2026.10.01-20.25.11 SHOT figure fighter=f-1-hero bbox=(1081,619,1165,728) ringR=28.50 art=1 blockout=0 team=P2 look=P2 ring=1
2026.10.01-20.25.11 SHOT figure fighter=f-1-sk0 bbox=(1139,534,1204,620) ringR=22.23 art=1 blockout=0 team=P2 look=P2 ring=1
2026.10.01-20.25.11 SHOT request file=bench-K1x1p0-1920x1080.png frame=6970
2026.10.01-20.25.11 SHOT requested: FScreenshotRequest(bShowUI) -> C:\tmp\envmaps-research\p7c\runs\g-sarp-live/bench-K1x1p0-1920x1080.png
2026.10.01-20.25.11 SHOT captured file=bench-K1x1p0-1920x1080.png frame=6970 px=1920x1080 sha256=45dc965f8998b773e187fd6e9e9d2846c1506575c1cef387639af5c9220dde7f order=BGRA saved=1
2026.10.01-20.25.11 SHOT late begin file=bench-K1x1p0-1920x1080.png frame=6970 requestFrame=6970
2026.10.01-20.25.11 SHOT iconstate visible=0 lastFighter=none frame=6970
2026.10.01-20.25.11 SHOT panel id=hud.command bbox=(0,0,20,20) geom=painted visible=1 frame=6970
2026.10.01-20.25.11 SHOT panel id=hud.side bbox=(1884,0,1920,28) geom=painted visible=1 frame=6970
2026.10.01-20.25.11 SHOT panel id=hud.hand bbox=(950,1060,970,1080) geom=painted visible=1 frame=6970
2026.10.01-20.25.11 SHOT label fighter=f-0-hero mode=full bbox=(631,449,707,476) frame=6970
2026.10.01-20.25.11 SHOT label fighter=f-0-sk0 mode=full bbox=(503,514,587,537) frame=6970
2026.10.01-20.25.11 SHOT label fighter=f-0-sk1 mode=full bbox=(387,475,472,498) frame=6970
2026.10.01-20.25.11 SHOT label fighter=f-0-sk2 mode=full bbox=(379,580,465,602) frame=6970
2026.10.01-20.25.11 SHOT label fighter=f-1-hero mode=full bbox=(1085,625,1166,647) frame=6970
2026.10.01-20.25.11 SHOT label fighter=f-1-sk0 mode=full bbox=(1144,533,1205,557) frame=6970
2026.10.01-20.25.11 SHOT late end file=bench-K1x1p0-1920x1080.png frame=6970
2026.10.01-20.25.11 BENCH shot view=K1x1.0 saved=1 path=C:\tmp\envmaps-research\p7c\runs\g-sarp-live/bench-K1x1p0-1920x1080.png
2026.10.01-20.25.11 BENCH done views=4 elapsed=117.8
2026.10.01-20.25.11 --- S08 trace close ---
