2026.09.26-05.02.11 --- S08 trace open 2026.09.26-05.02.11 ---
2026.09.26-05.02.11 S09AUTO config flow=1 boost=0 shotDir=C:\Users\ren\AppData\Local\Temp\s09-pending-20260926-100210-40980\host
2026.09.26-05.02.12 LOGIN ok user=s09-gd034-host
2026.09.26-05.02.14 HEROES loaded 84
2026.09.26-05.02.15 createGame -> room=cmuhxarpn006lwi2g98fkfo3w code=<redacted> status=LOBBY
2026.09.26-05.02.17 game -> room=cmuhxarpn006lwi2g98fkfo3w code=<redacted> status=LOBBY
2026.09.26-05.02.18 selectHero -> room=cmuhxarpn006lwi2g98fkfo3w code=<redacted> status=LOBBY
2026.09.26-05.02.20 game -> room=cmuhxarpn006lwi2g98fkfo3w code=<redacted> status=LOBBY
2026.09.26-05.02.20 toggleReady -> room=cmuhxarpn006lwi2g98fkfo3w code=<redacted> status=LOBBY
2026.09.26-05.02.23 game -> room=cmuhxarpn006lwi2g98fkfo3w code=<redacted> status=LOBBY
2026.09.26-05.02.26 game -> room=cmuhxarpn006lwi2g98fkfo3w code=<redacted> status=LOBBY
2026.09.26-05.02.29 game -> room=cmuhxarpn006lwi2g98fkfo3w code=<redacted> status=LOBBY
2026.09.26-05.02.30 startGame -> room=cmuhxarpn006lwi2g98fkfo3w code=<redacted> status=IN_PROGRESS
2026.09.26-05.02.30 S09AUTO drive mode=0 plan=[attack+scheme] phase= turn=
2026.09.26-05.02.30 SNAPSHOT applied seq=1 phase=ACTION_MANEUVER
2026.09.26-05.02.30 HANDLE_APPLIED #1 seq=1 decision=2 fightersValid=1 boardValid=1
2026.09.26-05.02.30 MODE seq=1 mode=0 combat=0 pending=0
2026.09.26-05.02.30 HUD seq=1 phase=ACTION_MANEUVER turn=you hand=5 oppHand=5(hidden) oppDeck=25 deck=25 discard=0
2026.09.26-05.02.30 CAMERA dist=1931 loc=(0,1107,1582) pitch=-55 yaw=-90
2026.09.26-05.02.30 BOARD 5x6 cells | control points: (0,0)=(-200,-250,0) (4,5)=(200,250,0) | neighbor pair (dist 100 uu)
2026.09.26-05.02.30 FIGHTERS synced n=6 alive=6 own=4 enemy=2
2026.09.26-05.02.30 STATE seq=1 -> apply
2026.09.26-05.02.30 S09AUTO own turn #0 (turnCount=1)
2026.09.26-05.02.30 S09AUTO attack deferred - no may-boost card in hand (turn#0 elapsed=18s)
2026.09.26-05.02.30 SNAPSHOT applied seq=1 phase=ACTION_MANEUVER
2026.09.26-05.02.30 HANDLE_APPLIED #2 seq=1 decision=1 fightersValid=1 boardValid=1
2026.09.26-05.02.30 MODE seq=1 mode=0 combat=0 pending=0
2026.09.26-05.02.30 HUD seq=1 phase=ACTION_MANEUVER turn=you hand=5 oppHand=5(hidden) oppDeck=25 deck=25 discard=0
2026.09.26-05.02.30 FIGHTERS synced n=6 alive=6 own=4 enemy=2
2026.09.26-05.02.30 STATE seq=1 -> merge
2026.09.26-05.02.30 SUBSCRIBED gameStateUpdated since=1
2026.09.26-05.02.30 SNAPSHOT applied seq=2 phase=ACTION_MANEUVER
2026.09.26-05.02.30 HANDLE_APPLIED #3 seq=2 decision=2 fightersValid=1 boardValid=1
2026.09.26-05.02.30 MANEUVER-DRAFT mode=maneuver:1:1
2026.09.26-05.02.30 DRAFT-OPEN draw committed (resume instead of begin)
2026.09.26-05.02.30 MODE seq=2 mode=1 combat=0 pending=0
2026.09.26-05.02.30 HUD seq=2 phase=ACTION_MANEUVER turn=you hand=6 oppHand=5(hidden) oppDeck=25 deck=24 discard=0
2026.09.26-05.02.30 FIGHTERS synced n=6 alive=6 own=4 enemy=2
2026.09.26-05.02.30 MANEUVER begin seq=2 (apply) pending=maneuver:1:1
2026.09.26-05.02.30 SNAPSHOT applied seq=2 phase=ACTION_MANEUVER
2026.09.26-05.02.30 HANDLE_APPLIED #4 seq=2 decision=1 fightersValid=1 boardValid=1
2026.09.26-05.02.30 MODE seq=2 mode=1 combat=0 pending=0
2026.09.26-05.02.30 HUD seq=2 phase=ACTION_MANEUVER turn=you hand=6 oppHand=5(hidden) oppDeck=25 deck=24 discard=0
2026.09.26-05.02.30 FIGHTERS synced n=6 alive=6 own=4 enemy=2
2026.09.26-05.02.30 WS seq=2 phase=ACTION_MANEUVER (merge)
2026.09.26-05.02.30 S09AUTO drive mode=1 plan=[attack+scheme] phase=ACTION_MANEUVER turn=cmuhntivg0000wib0anhqyswc
2026.09.26-05.02.31 S09AUTO draft-open shot (maneuver marker live)
2026.09.26-05.02.31 SHOT ctx viewport=1280x720 viewTarget=CameraActor_2147482375 cam=(0,1107,1582) rot=(-55,-90,0)
2026.09.26-05.02.31 SHOT fighter f-0-hero pos=(2,2) world=(0,-50,0) screen=(640,318) projected=1 alive=1
2026.09.26-05.02.31 SHOT fighter f-0-sk0 pos=(3,2) world=(100,-50,0) screen=(744,318) projected=1 alive=1
2026.09.26-05.02.31 SHOT fighter f-0-sk1 pos=(2,1) world=(0,-150,0) screen=(640,236) projected=1 alive=1
2026.09.26-05.02.31 SHOT fighter f-0-sk2 pos=(1,2) world=(-100,-50,0) screen=(536,318) projected=1 alive=1
2026.09.26-05.02.31 SHOT fighter f-1-hero pos=(2,3) world=(0,50,0) screen=(640,404) projected=1 alive=1
2026.09.26-05.02.31 SHOT fighter f-1-sk0 pos=(3,3) world=(100,50,0) screen=(747,404) projected=1 alive=1
2026.09.26-05.02.31 SHOT requested: FScreenshotRequest(bShowUI) -> C:\Users\ren\AppData\Local\Temp\s09-pending-20260926-100210-40980\host/s09-maneuver-draft-open.png
2026.09.26-05.02.31 S09AUTO approach: no improving legal step
2026.09.26-05.02.31 MANEUVER-CONFIRM moves=0 boost=none
2026.09.26-05.02.31 SNAPSHOT applied seq=3 phase=ACTION_MANEUVER
2026.09.26-05.02.31 HANDLE_APPLIED #5 seq=3 decision=2 fightersValid=1 boardValid=1
2026.09.26-05.02.31 closed mode=
2026.09.26-05.02.31 MODE seq=3 mode=0 combat=0 pending=0
2026.09.26-05.02.31 HUD seq=3 phase=ACTION_MANEUVER turn=you hand=6 oppHand=5(hidden) oppDeck=25~ deck=24~ discard=0
2026.09.26-05.02.31 FIGHTERS synced n=6 alive=6 own=4 enemy=2
2026.09.26-05.02.31 WS seq=3 phase=ACTION_MANEUVER (apply)
2026.09.26-05.02.31 SNAPSHOT applied seq=3 phase=ACTION_MANEUVER
2026.09.26-05.02.31 HANDLE_APPLIED #6 seq=3 decision=1 fightersValid=1 boardValid=1
2026.09.26-05.02.31 MODE seq=3 mode=0 combat=0 pending=0
2026.09.26-05.02.31 HUD seq=3 phase=ACTION_MANEUVER turn=you hand=6 oppHand=5(hidden) oppDeck=25 deck=24 discard=0
2026.09.26-05.02.31 FIGHTERS synced n=6 alive=6 own=4 enemy=2
2026.09.26-05.02.31 MANEUVER done seq=3 (merge) fighters=6 boost=no
2026.09.26-05.02.32 SHOT ctx viewport=1280x720 viewTarget=CameraActor_2147482375 cam=(0,1107,1582) rot=(-55,-90,0)
2026.09.26-05.02.32 SHOT fighter f-0-hero pos=(2,2) world=(0,-50,0) screen=(640,318) projected=1 alive=1
2026.09.26-05.02.32 SHOT fighter f-0-sk0 pos=(3,2) world=(100,-50,0) screen=(744,318) projected=1 alive=1
2026.09.26-05.02.32 SHOT fighter f-0-sk1 pos=(2,1) world=(0,-150,0) screen=(640,236) projected=1 alive=1
2026.09.26-05.02.32 SHOT fighter f-0-sk2 pos=(1,2) world=(-100,-50,0) screen=(536,318) projected=1 alive=1
2026.09.26-05.02.32 SHOT fighter f-1-hero pos=(2,3) world=(0,50,0) screen=(640,404) projected=1 alive=1
2026.09.26-05.02.32 SHOT fighter f-1-sk0 pos=(3,3) world=(100,50,0) screen=(747,404) projected=1 alive=1
2026.09.26-05.02.32 SHOT requested: FScreenshotRequest(bShowUI) -> C:\Users\ren\AppData\Local\Temp\s09-pending-20260926-100210-40980\host/s09-hud-after-first-maneuver.png
2026.09.26-05.02.32 S09AUTO drive mode=0 plan=[attack+scheme] phase=ACTION_MANEUVER turn=cmuhntivg0000wib0anhqyswc
2026.09.26-05.02.32 S09AUTO attack deferred - no may-boost card in hand (turn#0 elapsed=21s)
2026.09.26-05.02.32 SNAPSHOT applied seq=4 phase=ACTION_MANEUVER
2026.09.26-05.02.32 HANDLE_APPLIED #7 seq=4 decision=2 fightersValid=1 boardValid=1
2026.09.26-05.02.32 MANEUVER-DRAFT mode=maneuver:1:3
2026.09.26-05.02.32 DRAFT-OPEN draw committed (resume instead of begin)
2026.09.26-05.02.32 MODE seq=4 mode=1 combat=0 pending=0
2026.09.26-05.02.32 HUD seq=4 phase=ACTION_MANEUVER turn=you hand=7 oppHand=5(hidden) oppDeck=25~ deck=24~ discard=0
2026.09.26-05.02.32 FIGHTERS synced n=6 alive=6 own=4 enemy=2
2026.09.26-05.02.32 WS seq=4 phase=ACTION_MANEUVER (apply)
2026.09.26-05.02.32 SNAPSHOT applied seq=4 phase=ACTION_MANEUVER
2026.09.26-05.02.32 HANDLE_APPLIED #8 seq=4 decision=1 fightersValid=1 boardValid=1
2026.09.26-05.02.32 MODE seq=4 mode=1 combat=0 pending=0
2026.09.26-05.02.32 HUD seq=4 phase=ACTION_MANEUVER turn=you hand=7 oppHand=5(hidden) oppDeck=25 deck=23 discard=0
2026.09.26-05.02.32 FIGHTERS synced n=6 alive=6 own=4 enemy=2
2026.09.26-05.02.32 MANEUVER begin seq=4 (merge) pending=maneuver:1:3
2026.09.26-05.02.32 S09AUTO drive mode=1 plan=[attack+scheme] phase=ACTION_MANEUVER turn=cmuhntivg0000wib0anhqyswc
2026.09.26-05.02.32 S09AUTO approach: no improving legal step
2026.09.26-05.02.32 MANEUVER-CONFIRM moves=0 boost=none
2026.09.26-05.02.32 SNAPSHOT applied seq=5 phase=ACTION_MANEUVER
2026.09.26-05.02.32 HANDLE_APPLIED #9 seq=5 decision=2 fightersValid=1 boardValid=1
2026.09.26-05.02.32 closed mode=
2026.09.26-05.02.32 MODE seq=5 mode=0 combat=0 pending=0
2026.09.26-05.02.32 HUD seq=5 phase=ACTION_MANEUVER turn=opp hand=7 oppHand=5(hidden) oppDeck=25~ deck=23~ discard=0
2026.09.26-05.02.32 FIGHTERS synced n=6 alive=6 own=4 enemy=2
2026.09.26-05.02.32 WS seq=5 phase=ACTION_MANEUVER (apply)
2026.09.26-05.02.32 SNAPSHOT applied seq=5 phase=ACTION_MANEUVER
2026.09.26-05.02.32 HANDLE_APPLIED #10 seq=5 decision=1 fightersValid=1 boardValid=1
2026.09.26-05.02.32 MODE seq=5 mode=0 combat=0 pending=0
2026.09.26-05.02.32 HUD seq=5 phase=ACTION_MANEUVER turn=opp hand=7 oppHand=5(hidden) oppDeck=25 deck=23 discard=0
2026.09.26-05.02.32 FIGHTERS synced n=6 alive=6 own=4 enemy=2
2026.09.26-05.02.32 MANEUVER done seq=5 (merge) fighters=6 boost=no
2026.09.26-05.02.32 SNAPSHOT applied seq=6 phase=ACTION_MANEUVER
2026.09.26-05.02.32 HANDLE_APPLIED #11 seq=6 decision=2 fightersValid=1 boardValid=1
2026.09.26-05.02.32 MODE seq=6 mode=0 combat=0 pending=0
2026.09.26-05.02.32 HUD seq=6 phase=ACTION_MANEUVER turn=opp hand=7 oppHand=6(hidden) oppDeck=25~ deck=23~ discard=0
2026.09.26-05.02.32 FIGHTERS synced n=6 alive=6 own=4 enemy=2
2026.09.26-05.02.32 WS seq=6 phase=ACTION_MANEUVER (apply)
2026.09.26-05.02.33 S09AUTO drive mode=0 plan=[attack+scheme] phase=ACTION_MANEUVER turn=cmuhntiwu0001wib0z281rpa8
2026.09.26-05.02.33 SNAPSHOT applied seq=7 phase=ACTION_MANEUVER
2026.09.26-05.02.33 HANDLE_APPLIED #12 seq=7 decision=2 fightersValid=1 boardValid=1
2026.09.26-05.02.33 MODE seq=7 mode=0 combat=0 pending=0
2026.09.26-05.02.33 HUD seq=7 phase=ACTION_MANEUVER turn=opp hand=7 oppHand=6(hidden) oppDeck=25~ deck=23~ discard=0
2026.09.26-05.02.33 FIGHTERS synced n=6 alive=6 own=4 enemy=2
2026.09.26-05.02.33 CUE move f-1-hero (2,3)->(1,3) seq=7
2026.09.26-05.02.33 WS seq=7 phase=ACTION_MANEUVER (apply)
2026.09.26-05.02.35 SNAPSHOT applied seq=8 phase=ACTION_MANEUVER
2026.09.26-05.02.35 HANDLE_APPLIED #13 seq=8 decision=2 fightersValid=1 boardValid=1
2026.09.26-05.02.35 MODE seq=8 mode=0 combat=0 pending=0
2026.09.26-05.02.35 HUD seq=8 phase=ACTION_MANEUVER turn=opp hand=7 oppHand=7(hidden) oppDeck=25~ deck=23~ discard=0
2026.09.26-05.02.35 FIGHTERS synced n=6 alive=6 own=4 enemy=2
2026.09.26-05.02.35 WS seq=8 phase=ACTION_MANEUVER (apply)
2026.09.26-05.02.35 SNAPSHOT applied seq=9 phase=ACTION_MANEUVER
2026.09.26-05.02.35 HANDLE_APPLIED #14 seq=9 decision=2 fightersValid=1 boardValid=1
2026.09.26-05.02.35 MODE seq=9 mode=0 combat=0 pending=0
2026.09.26-05.02.35 HUD seq=9 phase=ACTION_MANEUVER turn=you hand=7 oppHand=7(hidden) oppDeck=25~ deck=23~ discard=0
2026.09.26-05.02.35 FIGHTERS synced n=6 alive=6 own=4 enemy=2
2026.09.26-05.02.35 CUE move f-1-hero (1,3)->(2,3) seq=9
2026.09.26-05.02.35 WS seq=9 phase=ACTION_MANEUVER (apply)
2026.09.26-05.02.35 S09AUTO own turn #1 (turnCount=3)
2026.09.26-05.02.35 S09AUTO attack deferred - no may-boost card in hand (turn#1 elapsed=23s)
2026.09.26-05.02.35 SNAPSHOT applied seq=10 phase=ACTION_MANEUVER
2026.09.26-05.02.35 HANDLE_APPLIED #15 seq=10 decision=2 fightersValid=1 boardValid=1
2026.09.26-05.02.35 MANEUVER-DRAFT mode=maneuver:3:9
2026.09.26-05.02.35 DRAFT-OPEN draw committed (resume instead of begin)
2026.09.26-05.02.35 MODE seq=10 mode=1 combat=0 pending=0
2026.09.26-05.02.35 HUD seq=10 phase=ACTION_MANEUVER turn=you hand=8 oppHand=7(hidden) oppDeck=25~ deck=23~ discard=0
2026.09.26-05.02.35 FIGHTERS synced n=6 alive=6 own=4 enemy=2
2026.09.26-05.02.35 WS seq=10 phase=ACTION_MANEUVER (apply)
2026.09.26-05.02.35 SNAPSHOT applied seq=10 phase=ACTION_MANEUVER
2026.09.26-05.02.35 HANDLE_APPLIED #16 seq=10 decision=1 fightersValid=1 boardValid=1
2026.09.26-05.02.35 MODE seq=10 mode=1 combat=0 pending=0
2026.09.26-05.02.35 HUD seq=10 phase=ACTION_MANEUVER turn=you hand=8 oppHand=7(hidden) oppDeck=23 deck=22 discard=0
2026.09.26-05.02.35 FIGHTERS synced n=6 alive=6 own=4 enemy=2
2026.09.26-05.02.35 MANEUVER begin seq=10 (merge) pending=maneuver:3:9
2026.09.26-05.02.35 S09AUTO drive mode=1 plan=[attack+scheme] phase=ACTION_MANEUVER turn=cmuhntivg0000wib0anhqyswc
2026.09.26-05.02.35 S09AUTO zero-move confirm (draw only, no movement)
2026.09.26-05.02.35 MANEUVER-CONFIRM moves=0 boost=none
2026.09.26-05.02.35 SNAPSHOT applied seq=11 phase=ACTION_MANEUVER
2026.09.26-05.02.35 HANDLE_APPLIED #17 seq=11 decision=2 fightersValid=1 boardValid=1
2026.09.26-05.02.35 closed mode=
2026.09.26-05.02.35 MODE seq=11 mode=0 combat=0 pending=0
2026.09.26-05.02.35 HUD seq=11 phase=ACTION_MANEUVER turn=you hand=8 oppHand=7(hidden) oppDeck=23~ deck=22~ discard=0
2026.09.26-05.02.35 FIGHTERS synced n=6 alive=6 own=4 enemy=2
2026.09.26-05.02.35 WS seq=11 phase=ACTION_MANEUVER (apply)
2026.09.26-05.02.35 SNAPSHOT applied seq=11 phase=ACTION_MANEUVER
2026.09.26-05.02.35 HANDLE_APPLIED #18 seq=11 decision=1 fightersValid=1 boardValid=1
2026.09.26-05.02.35 MODE seq=11 mode=0 combat=0 pending=0
2026.09.26-05.02.35 HUD seq=11 phase=ACTION_MANEUVER turn=you hand=8 oppHand=7(hidden) oppDeck=23 deck=22 discard=0
2026.09.26-05.02.35 FIGHTERS synced n=6 alive=6 own=4 enemy=2
2026.09.26-05.02.35 MANEUVER done seq=11 (merge) fighters=6 boost=no
2026.09.26-05.02.36 S09AUTO drive mode=0 plan=[attack+scheme] phase=ACTION_MANEUVER turn=cmuhntivg0000wib0anhqyswc
2026.09.26-05.02.36 S09AUTO attack deferred - no may-boost card in hand (turn#1 elapsed=24s)
2026.09.26-05.02.36 SNAPSHOT applied seq=12 phase=ACTION_MANEUVER
2026.09.26-05.02.36 HANDLE_APPLIED #19 seq=12 decision=2 fightersValid=1 boardValid=1
2026.09.26-05.02.36 MANEUVER-DRAFT mode=maneuver:3:11
2026.09.26-05.02.36 DRAFT-OPEN draw committed (resume instead of begin)
2026.09.26-05.02.36 MODE seq=12 mode=1 combat=0 pending=0
2026.09.26-05.02.36 HUD seq=12 phase=ACTION_MANEUVER turn=you hand=9 oppHand=7(hidden) oppDeck=23~ deck=22~ discard=0
2026.09.26-05.02.36 FIGHTERS synced n=6 alive=6 own=4 enemy=2
2026.09.26-05.02.36 WS seq=12 phase=ACTION_MANEUVER (apply)
2026.09.26-05.02.36 SNAPSHOT applied seq=12 phase=ACTION_MANEUVER
2026.09.26-05.02.36 HANDLE_APPLIED #20 seq=12 decision=1 fightersValid=1 boardValid=1
2026.09.26-05.02.36 MODE seq=12 mode=1 combat=0 pending=0
2026.09.26-05.02.36 HUD seq=12 phase=ACTION_MANEUVER turn=you hand=9 oppHand=7(hidden) oppDeck=23 deck=21 discard=0
2026.09.26-05.02.36 FIGHTERS synced n=6 alive=6 own=4 enemy=2
2026.09.26-05.02.36 MANEUVER begin seq=12 (merge) pending=maneuver:3:11
2026.09.26-05.02.36 S09AUTO drive mode=1 plan=[attack+scheme] phase=ACTION_MANEUVER turn=cmuhntivg0000wib0anhqyswc
2026.09.26-05.02.36 S09AUTO approach: no improving legal step
2026.09.26-05.02.36 MANEUVER-CONFIRM moves=0 boost=none
2026.09.26-05.02.36 SNAPSHOT applied seq=13 phase=TURN_END
2026.09.26-05.02.36 HANDLE_APPLIED #21 seq=13 decision=2 fightersValid=1 boardValid=1
2026.09.26-05.02.36 DISCARD-DRAFT count=2 pending=discard:3:13
2026.09.26-05.02.36 MODE seq=13 mode=2 combat=0 pending=0
2026.09.26-05.02.36 HUD seq=13 phase=TURN_END turn=you hand=9 oppHand=7(hidden) oppDeck=23~ deck=21~ discard=0 pendingDiscard=2
2026.09.26-05.02.36 FIGHTERS synced n=6 alive=6 own=4 enemy=2
2026.09.26-05.02.36 WS seq=13 phase=TURN_END (apply)
2026.09.26-05.02.36 SNAPSHOT applied seq=13 phase=TURN_END
2026.09.26-05.02.36 HANDLE_APPLIED #22 seq=13 decision=1 fightersValid=1 boardValid=1
2026.09.26-05.02.36 MODE seq=13 mode=2 combat=0 pending=0
2026.09.26-05.02.36 HUD seq=13 phase=TURN_END turn=you hand=9 oppHand=7(hidden) oppDeck=23 deck=21 discard=0 pendingDiscard=2
2026.09.26-05.02.36 FIGHTERS synced n=6 alive=6 own=4 enemy=2
2026.09.26-05.02.36 MANEUVER done seq=13 (merge) fighters=6 boost=no
2026.09.26-05.02.37 SHOT ctx viewport=1280x720 viewTarget=CameraActor_2147482375 cam=(0,1107,1582) rot=(-55,-90,0)
2026.09.26-05.02.37 SHOT fighter f-0-hero pos=(2,2) world=(0,-50,0) screen=(640,318) projected=1 alive=1
2026.09.26-05.02.37 SHOT fighter f-0-sk0 pos=(3,2) world=(100,-50,0) screen=(744,318) projected=1 alive=1
2026.09.26-05.02.37 SHOT fighter f-0-sk1 pos=(2,1) world=(0,-150,0) screen=(640,236) projected=1 alive=1
2026.09.26-05.02.37 SHOT fighter f-0-sk2 pos=(1,2) world=(-100,-50,0) screen=(536,318) projected=1 alive=1
2026.09.26-05.02.37 SHOT fighter f-1-hero pos=(2,3) world=(0,50,0) screen=(640,404) projected=1 alive=1
2026.09.26-05.02.37 SHOT fighter f-1-sk0 pos=(3,3) world=(100,50,0) screen=(747,404) projected=1 alive=1
2026.09.26-05.02.37 SHOT requested: FScreenshotRequest(bShowUI) -> C:\Users\ren\AppData\Local\Temp\s09-pending-20260926-100210-40980\host/s09-discard-open.png
2026.09.26-05.02.37 S09AUTO drive mode=2 plan=[attack+scheme] phase=TURN_END turn=cmuhntivg0000wib0anhqyswc
2026.09.26-05.02.37 S09AUTO discard picks=2
2026.09.26-05.02.37 DISCARD-CONFIRM pending=discard:3:13 count=2 ids=cmuhgvgko00t6wi9gliac8gv6::1,cmuhgvgkk00swwi9g36pro935::1
2026.09.26-05.02.37 SNAPSHOT applied seq=14 phase=ACTION_MANEUVER
2026.09.26-05.02.37 HANDLE_APPLIED #23 seq=14 decision=2 fightersValid=1 boardValid=1
2026.09.26-05.02.37 closed mode=
2026.09.26-05.02.37 MODE seq=14 mode=0 combat=0 pending=0
2026.09.26-05.02.37 HUD seq=14 phase=ACTION_MANEUVER turn=opp hand=7 oppHand=7(hidden) oppDeck=23 deck=21 discard=2
2026.09.26-05.02.37 FIGHTERS synced n=6 alive=6 own=4 enemy=2
2026.09.26-05.02.37 DISCARD done seq=14 phase=ACTION_MANEUVER count=2
2026.09.26-05.02.37 SNAPSHOT applied seq=14 phase=ACTION_MANEUVER
2026.09.26-05.02.37 HANDLE_APPLIED #24 seq=14 decision=1 fightersValid=1 boardValid=1
2026.09.26-05.02.37 MODE seq=14 mode=0 combat=0 pending=0
2026.09.26-05.02.37 HUD seq=14 phase=ACTION_MANEUVER turn=opp hand=7 oppHand=7(hidden) oppDeck=23 deck=21 discard=2
2026.09.26-05.02.37 FIGHTERS synced n=6 alive=6 own=4 enemy=2
2026.09.26-05.02.37 WS seq=14 phase=ACTION_MANEUVER (merge)
2026.09.26-05.02.37 SNAPSHOT applied seq=15 phase=ACTION_MANEUVER
2026.09.26-05.02.37 HANDLE_APPLIED #25 seq=15 decision=2 fightersValid=1 boardValid=1
2026.09.26-05.02.37 MODE seq=15 mode=0 combat=0 pending=1
2026.09.26-05.02.37 HUD seq=15 phase=ACTION_MANEUVER turn=opp hand=7 oppHand=6(hidden) oppDeck=23~ deck=21~ discard=2
2026.09.26-05.02.37 FIGHTERS synced n=6 alive=6 own=4 enemy=2
2026.09.26-05.02.37 WS seq=15 phase=ACTION_MANEUVER (apply)
2026.09.26-05.02.39 S09AUTO drive mode=0 plan=[attack+scheme] phase=ACTION_MANEUVER turn=cmuhntiwu0001wib0z281rpa8
2026.09.26-05.02.39 SNAPSHOT applied seq=16 phase=ACTION_MANEUVER
2026.09.26-05.02.39 HANDLE_APPLIED #26 seq=16 decision=2 fightersValid=1 boardValid=1
2026.09.26-05.02.39 MODE seq=16 mode=0 combat=0 pending=1
2026.09.26-05.02.39 HUD seq=16 phase=ACTION_MANEUVER turn=opp hand=7 oppHand=6(hidden) oppDeck=23~ deck=21~ discard=2
2026.09.26-05.02.39 FIGHTERS synced n=6 alive=6 own=4 enemy=2
2026.09.26-05.02.39 WS seq=16 phase=ACTION_MANEUVER (apply)
2026.09.26-05.02.39 SNAPSHOT applied seq=17 phase=ACTION_MANEUVER
2026.09.26-05.02.39 HANDLE_APPLIED #27 seq=17 decision=2 fightersValid=1 boardValid=1
2026.09.26-05.02.39 MODE seq=17 mode=0 combat=0 pending=1
2026.09.26-05.02.39 HUD seq=17 phase=ACTION_MANEUVER turn=opp hand=7 oppHand=6(hidden) oppDeck=23~ deck=21~ discard=2
2026.09.26-05.02.39 FIGHTERS synced n=6 alive=6 own=4 enemy=2
2026.09.26-05.02.39 WS seq=17 phase=ACTION_MANEUVER (apply)
2026.09.26-05.02.39 SNAPSHOT applied seq=18 phase=ACTION_MANEUVER
2026.09.26-05.02.39 HANDLE_APPLIED #28 seq=18 decision=2 fightersValid=1 boardValid=1
2026.09.26-05.02.39 MODE seq=18 mode=0 combat=0 pending=1
2026.09.26-05.02.39 HUD seq=18 phase=ACTION_MANEUVER turn=opp hand=7 oppHand=6(hidden) oppDeck=23~ deck=21~ discard=2
2026.09.26-05.02.39 FIGHTERS synced n=6 alive=6 own=4 enemy=2
2026.09.26-05.02.39 WS seq=18 phase=ACTION_MANEUVER (apply)
2026.09.26-05.02.39 SNAPSHOT applied seq=19 phase=ACTION_MANEUVER
2026.09.26-05.02.39 HANDLE_APPLIED #29 seq=19 decision=2 fightersValid=1 boardValid=1
2026.09.26-05.02.39 MODE seq=19 mode=0 combat=0 pending=1
2026.09.26-05.02.39 HUD seq=19 phase=ACTION_MANEUVER turn=opp hand=7 oppHand=6(hidden) oppDeck=23~ deck=21~ discard=2
2026.09.26-05.02.39 FIGHTERS synced n=6 alive=6 own=4 enemy=2
2026.09.26-05.02.39 WS seq=19 phase=ACTION_MANEUVER (apply)
2026.09.26-05.02.39 SNAPSHOT applied seq=20 phase=ACTION_MANEUVER
2026.09.26-05.02.39 HANDLE_APPLIED #30 seq=20 decision=2 fightersValid=1 boardValid=1
2026.09.26-05.02.39 MODE seq=20 mode=0 combat=0 pending=1
2026.09.26-05.02.39 HUD seq=20 phase=ACTION_MANEUVER turn=opp hand=7 oppHand=6(hidden) oppDeck=23~ deck=21~ discard=2
2026.09.26-05.02.39 FIGHTERS synced n=6 alive=6 own=4 enemy=2
2026.09.26-05.02.39 WS seq=20 phase=ACTION_MANEUVER (apply)
2026.09.26-05.02.39 SNAPSHOT applied seq=21 phase=ACTION_MANEUVER
2026.09.26-05.02.39 HANDLE_APPLIED #31 seq=21 decision=2 fightersValid=1 boardValid=1
2026.09.26-05.02.39 MODE seq=21 mode=0 combat=0 pending=0
2026.09.26-05.02.39 HUD seq=21 phase=ACTION_MANEUVER turn=opp hand=7 oppHand=6(hidden) oppDeck=23~ deck=21~ discard=2
2026.09.26-05.02.39 FIGHTERS synced n=6 alive=6 own=4 enemy=2
2026.09.26-05.02.39 WS seq=21 phase=ACTION_MANEUVER (apply)
2026.09.26-05.02.39 SNAPSHOT applied seq=22 phase=ACTION_MANEUVER
2026.09.26-05.02.39 HANDLE_APPLIED #32 seq=22 decision=2 fightersValid=1 boardValid=1
2026.09.26-05.02.39 MODE seq=22 mode=0 combat=0 pending=0
2026.09.26-05.02.39 HUD seq=22 phase=ACTION_MANEUVER turn=opp hand=7 oppHand=7(hidden) oppDeck=23~ deck=21~ discard=2
2026.09.26-05.02.39 FIGHTERS synced n=6 alive=6 own=4 enemy=2
2026.09.26-05.02.39 WS seq=22 phase=ACTION_MANEUVER (apply)
2026.09.26-05.02.39 SNAPSHOT applied seq=23 phase=ACTION_MANEUVER
2026.09.26-05.02.39 HANDLE_APPLIED #33 seq=23 decision=2 fightersValid=1 boardValid=1
2026.09.26-05.02.39 MODE seq=23 mode=0 combat=0 pending=0
2026.09.26-05.02.39 HUD seq=23 phase=ACTION_MANEUVER turn=you hand=7 oppHand=7(hidden) oppDeck=23~ deck=21~ discard=2
2026.09.26-05.02.39 FIGHTERS synced n=6 alive=6 own=4 enemy=2
2026.09.26-05.02.39 CUE move f-1-hero (2,3)->(1,3) seq=23
2026.09.26-05.02.39 WS seq=23 phase=ACTION_MANEUVER (apply)
2026.09.26-05.02.39 S09AUTO own turn #2 (turnCount=5)
2026.09.26-05.02.39 S09AUTO attack deferred - no may-boost card in hand (turn#2 elapsed=28s)
2026.09.26-05.02.39 S09AUTO scheme
2026.09.26-05.02.39 SNAPSHOT applied seq=24 phase=ACTION_MANEUVER
2026.09.26-05.02.39 HANDLE_APPLIED #34 seq=24 decision=2 fightersValid=1 boardValid=1
2026.09.26-05.02.39 closed mode=
2026.09.26-05.02.39 MODE seq=24 mode=6 combat=0 pending=1
2026.09.26-05.02.39 HUD seq=24 phase=ACTION_MANEUVER turn=you hand=6 oppHand=7(hidden) oppDeck=23~ deck=21~ discard=3
2026.09.26-05.02.39 FIGHTERS synced n=6 alive=6 own=4 enemy=2
2026.09.26-05.02.39 WS seq=24 phase=ACTION_MANEUVER (apply)
2026.09.26-05.02.39 SNAPSHOT applied seq=24 phase=ACTION_MANEUVER
2026.09.26-05.02.39 HANDLE_APPLIED #35 seq=24 decision=1 fightersValid=1 boardValid=1
2026.09.26-05.02.39 MODE seq=24 mode=6 combat=0 pending=1
2026.09.26-05.02.39 HUD seq=24 phase=ACTION_MANEUVER turn=you hand=6 oppHand=7(hidden) oppDeck=22 deck=21 discard=3
2026.09.26-05.02.39 FIGHTERS synced n=6 alive=6 own=4 enemy=2
2026.09.26-05.02.39 SCHEME done seq=24 (merge) phase=ACTION_MANEUVER
2026.09.26-05.02.40 S09AUTO drive mode=6 plan=[attack+scheme] phase=ACTION_MANEUVER turn=cmuhntivg0000wib0anhqyswc
2026.09.26-05.02.40 S09AUTO pending-open shot (type=TARGET_FIGHTER)
2026.09.26-05.02.40 SHOT ctx viewport=1280x720 viewTarget=CameraActor_2147482375 cam=(0,1107,1582) rot=(-55,-90,0)
2026.09.26-05.02.40 SHOT fighter f-0-hero pos=(2,2) world=(0,-50,0) screen=(640,318) projected=1 alive=1
2026.09.26-05.02.40 SHOT fighter f-0-sk0 pos=(3,2) world=(100,-50,0) screen=(744,318) projected=1 alive=1
2026.09.26-05.02.40 SHOT fighter f-0-sk1 pos=(2,1) world=(0,-150,0) screen=(640,236) projected=1 alive=1
2026.09.26-05.02.40 SHOT fighter f-0-sk2 pos=(1,2) world=(-100,-50,0) screen=(536,318) projected=1 alive=1
2026.09.26-05.02.40 SHOT fighter f-1-hero pos=(1,3) world=(-100,50,0) screen=(533,404) projected=1 alive=1
2026.09.26-05.02.40 SHOT fighter f-1-sk0 pos=(3,3) world=(100,50,0) screen=(747,404) projected=1 alive=1
2026.09.26-05.02.40 SHOT requested: FScreenshotRequest(bShowUI) -> C:\Users\ren\AppData\Local\Temp\s09-pending-20260926-100210-40980\host/s09-pending-TARGET_FIGHTER.png
2026.09.26-05.02.40 S09AUTO pending picked (type=TARGET_FIGHTER)
2026.09.26-05.02.40 PEND-RESOLVE sent type=TARGET_FIGHTER
2026.09.26-05.02.40 SNAPSHOT applied seq=25 phase=ACTION_MANEUVER
2026.09.26-05.02.40 HANDLE_APPLIED #36 seq=25 decision=2 fightersValid=1 boardValid=1
2026.09.26-05.02.40 closed mode=
2026.09.26-05.02.40 MODE seq=25 mode=0 combat=0 pending=0
2026.09.26-05.02.40 HUD seq=25 phase=ACTION_MANEUVER turn=you hand=6 oppHand=7(hidden) oppDeck=22~ deck=21~ discard=3
2026.09.26-05.02.40 FIGHTERS synced n=6 alive=6 own=4 enemy=2
2026.09.26-05.02.40 CUE damage f-0-hero -2 seq=25
2026.09.26-05.02.40 WS seq=25 phase=ACTION_MANEUVER (apply)
2026.09.26-05.02.40 SNAPSHOT applied seq=25 phase=ACTION_MANEUVER
2026.09.26-05.02.40 HANDLE_APPLIED #37 seq=25 decision=1 fightersValid=1 boardValid=1
2026.09.26-05.02.40 MODE seq=25 mode=0 combat=0 pending=0
2026.09.26-05.02.40 HUD seq=25 phase=ACTION_MANEUVER turn=you hand=6 oppHand=7(hidden) oppDeck=22 deck=21 discard=3
2026.09.26-05.02.40 FIGHTERS synced n=6 alive=6 own=4 enemy=2
2026.09.26-05.02.40 PEND resolve done seq=25 (merge) phase=ACTION_MANEUVER
2026.09.26-05.02.40 S09AUTO drive mode=0 plan=[attack+scheme] phase=ACTION_MANEUVER turn=cmuhntivg0000wib0anhqyswc
2026.09.26-05.02.40 S09AUTO attack deferred - no may-boost card in hand (turn#2 elapsed=29s)
2026.09.26-05.02.40 SNAPSHOT applied seq=26 phase=ACTION_MANEUVER
2026.09.26-05.02.40 HANDLE_APPLIED #38 seq=26 decision=2 fightersValid=1 boardValid=1
2026.09.26-05.02.40 MANEUVER-DRAFT mode=maneuver:5:25
2026.09.26-05.02.40 DRAFT-OPEN draw committed (resume instead of begin)
2026.09.26-05.02.40 MODE seq=26 mode=1 combat=0 pending=0
2026.09.26-05.02.40 HUD seq=26 phase=ACTION_MANEUVER turn=you hand=7 oppHand=7(hidden) oppDeck=22~ deck=21~ discard=3
2026.09.26-05.02.40 FIGHTERS synced n=6 alive=6 own=4 enemy=2
2026.09.26-05.02.40 WS seq=26 phase=ACTION_MANEUVER (apply)
2026.09.26-05.02.40 SNAPSHOT applied seq=26 phase=ACTION_MANEUVER
2026.09.26-05.02.40 HANDLE_APPLIED #39 seq=26 decision=1 fightersValid=1 boardValid=1
2026.09.26-05.02.40 MODE seq=26 mode=1 combat=0 pending=0
2026.09.26-05.02.40 HUD seq=26 phase=ACTION_MANEUVER turn=you hand=7 oppHand=7(hidden) oppDeck=22 deck=20 discard=3
2026.09.26-05.02.40 FIGHTERS synced n=6 alive=6 own=4 enemy=2
2026.09.26-05.02.40 MANEUVER begin seq=26 (merge) pending=maneuver:5:25
2026.09.26-05.02.40 S09AUTO drive mode=1 plan=[attack+scheme] phase=ACTION_MANEUVER turn=cmuhntivg0000wib0anhqyswc
2026.09.26-05.02.40 MANEUVER-CONFIRM moves=1 boost=none
2026.09.26-05.02.40 SNAPSHOT applied seq=27 phase=ACTION_MANEUVER
2026.09.26-05.02.40 HANDLE_APPLIED #40 seq=27 decision=2 fightersValid=1 boardValid=1
2026.09.26-05.02.40 closed mode=
2026.09.26-05.02.40 MODE seq=27 mode=0 combat=0 pending=0
2026.09.26-05.02.40 HUD seq=27 phase=ACTION_MANEUVER turn=opp hand=7 oppHand=7(hidden) oppDeck=22~ deck=20~ discard=3
2026.09.26-05.02.40 FIGHTERS synced n=6 alive=6 own=4 enemy=2
2026.09.26-05.02.40 CUE move f-0-hero (2,2)->(2,3) seq=27
2026.09.26-05.02.40 WS seq=27 phase=ACTION_MANEUVER (apply)
2026.09.26-05.02.40 SNAPSHOT applied seq=27 phase=ACTION_MANEUVER
2026.09.26-05.02.40 HANDLE_APPLIED #41 seq=27 decision=1 fightersValid=1 boardValid=1
2026.09.26-05.02.40 MODE seq=27 mode=0 combat=0 pending=0
2026.09.26-05.02.40 HUD seq=27 phase=ACTION_MANEUVER turn=opp hand=7 oppHand=7(hidden) oppDeck=22 deck=20 discard=3
2026.09.26-05.02.40 FIGHTERS synced n=6 alive=6 own=4 enemy=2
2026.09.26-05.02.40 MANEUVER done seq=27 (merge) fighters=6 boost=no
2026.09.26-05.02.40 SNAPSHOT applied seq=28 phase=ACTION_MANEUVER
2026.09.26-05.02.40 HANDLE_APPLIED #42 seq=28 decision=2 fightersValid=1 boardValid=1
2026.09.26-05.02.40 MODE seq=28 mode=0 combat=0 pending=0
2026.09.26-05.02.40 HUD seq=28 phase=ACTION_MANEUVER turn=opp hand=7 oppHand=8(hidden) oppDeck=22~ deck=20~ discard=3
2026.09.26-05.02.40 FIGHTERS synced n=6 alive=6 own=4 enemy=2
2026.09.26-05.02.41 WS seq=28 phase=ACTION_MANEUVER (apply)
2026.09.26-05.02.41 SNAPSHOT applied seq=29 phase=ACTION_MANEUVER
2026.09.26-05.02.41 HANDLE_APPLIED #43 seq=29 decision=2 fightersValid=1 boardValid=1
2026.09.26-05.02.41 MODE seq=29 mode=0 combat=0 pending=0
2026.09.26-05.02.41 HUD seq=29 phase=ACTION_MANEUVER turn=opp hand=7 oppHand=8(hidden) oppDeck=22~ deck=20~ discard=3
2026.09.26-05.02.41 FIGHTERS synced n=6 alive=6 own=4 enemy=2
2026.09.26-05.02.41 CUE move f-1-hero (1,3)->(0,3) seq=29
2026.09.26-05.02.41 CUE move f-1-sk0 (3,3)->(4,3) seq=29
2026.09.26-05.02.41 WS seq=29 phase=ACTION_MANEUVER (apply)
2026.09.26-05.02.42 S09AUTO drive mode=0 plan=[attack+scheme] phase=ACTION_MANEUVER turn=cmuhntiwu0001wib0z281rpa8
2026.09.26-05.02.42 SNAPSHOT applied seq=30 phase=ACTION_MANEUVER
2026.09.26-05.02.42 HANDLE_APPLIED #44 seq=30 decision=2 fightersValid=1 boardValid=1
2026.09.26-05.02.42 MODE seq=30 mode=0 combat=0 pending=0
2026.09.26-05.02.42 HUD seq=30 phase=ACTION_MANEUVER turn=opp hand=7 oppHand=9(hidden) oppDeck=22~ deck=20~ discard=3
2026.09.26-05.02.42 FIGHTERS synced n=6 alive=6 own=4 enemy=2
2026.09.26-05.02.42 WS seq=30 phase=ACTION_MANEUVER (apply)
2026.09.26-05.02.42 SNAPSHOT applied seq=31 phase=TURN_END
2026.09.26-05.02.42 HANDLE_APPLIED #45 seq=31 decision=2 fightersValid=1 boardValid=1
2026.09.26-05.02.42 MODE seq=31 mode=0 combat=0 pending=0
2026.09.26-05.02.42 HUD seq=31 phase=TURN_END turn=opp hand=7 oppHand=9(hidden) oppDeck=22~ deck=20~ discard=3 pendingDiscard=2
2026.09.26-05.02.42 FIGHTERS synced n=6 alive=6 own=4 enemy=2
2026.09.26-05.02.42 CUE move f-1-hero (0,3)->(1,3) seq=31
2026.09.26-05.02.42 WS seq=31 phase=TURN_END (apply)
2026.09.26-05.02.43 SNAPSHOT applied seq=32 phase=ACTION_MANEUVER
2026.09.26-05.02.43 HANDLE_APPLIED #46 seq=32 decision=2 fightersValid=1 boardValid=1
2026.09.26-05.02.43 closed mode=
2026.09.26-05.02.43 MODE seq=32 mode=6 combat=0 pending=1
2026.09.26-05.02.43 HUD seq=32 phase=ACTION_MANEUVER turn=you hand=7 oppHand=7(hidden) oppDeck=22~ deck=20~ discard=3
2026.09.26-05.02.43 FIGHTERS synced n=6 alive=6 own=4 enemy=2
2026.09.26-05.02.43 WS seq=32 phase=ACTION_MANEUVER (apply)
2026.09.26-05.02.43 S09AUTO drive mode=6 plan=[attack+scheme] phase=ACTION_MANEUVER turn=cmuhntivg0000wib0anhqyswc
2026.09.26-05.02.43 S09AUTO own turn #3 (turnCount=7)
2026.09.26-05.02.43 S09AUTO pending picked (type=TARGET_FIGHTER)
2026.09.26-05.02.43 PEND-RESOLVE sent type=TARGET_FIGHTER
2026.09.26-05.02.43 SNAPSHOT applied seq=33 phase=ACTION_MANEUVER
2026.09.26-05.02.43 HANDLE_APPLIED #47 seq=33 decision=2 fightersValid=1 boardValid=1
2026.09.26-05.02.43 closed mode=
2026.09.26-05.02.43 MODE seq=33 mode=0 combat=0 pending=0
2026.09.26-05.02.43 HUD seq=33 phase=ACTION_MANEUVER turn=you hand=7 oppHand=7(hidden) oppDeck=22~ deck=20~ discard=3
2026.09.26-05.02.43 FIGHTERS synced n=6 alive=6 own=4 enemy=2
2026.09.26-05.02.43 CUE damage f-1-hero -1 seq=33
2026.09.26-05.02.43 WS seq=33 phase=ACTION_MANEUVER (apply)
2026.09.26-05.02.43 SNAPSHOT applied seq=33 phase=ACTION_MANEUVER
2026.09.26-05.02.43 HANDLE_APPLIED #48 seq=33 decision=1 fightersValid=1 boardValid=1
2026.09.26-05.02.43 MODE seq=33 mode=0 combat=0 pending=0
2026.09.26-05.02.43 HUD seq=33 phase=ACTION_MANEUVER turn=you hand=7 oppHand=7(hidden) oppDeck=20 deck=20 discard=3
2026.09.26-05.02.43 FIGHTERS synced n=6 alive=6 own=4 enemy=2
2026.09.26-05.02.43 PEND resolve done seq=33 (merge) phase=ACTION_MANEUVER
2026.09.26-05.02.43 S09AUTO drive mode=0 plan=[attack+scheme] phase=ACTION_MANEUVER turn=cmuhntivg0000wib0anhqyswc
2026.09.26-05.02.43 S09AUTO attack deferred - no may-boost card in hand (turn#3 elapsed=32s)
2026.09.26-05.02.43 SNAPSHOT applied seq=34 phase=ACTION_MANEUVER
2026.09.26-05.02.43 HANDLE_APPLIED #49 seq=34 decision=2 fightersValid=1 boardValid=1
2026.09.26-05.02.43 MANEUVER-DRAFT mode=maneuver:7:33
2026.09.26-05.02.43 DRAFT-OPEN draw committed (resume instead of begin)
2026.09.26-05.02.43 MODE seq=34 mode=1 combat=0 pending=0
2026.09.26-05.02.43 HUD seq=34 phase=ACTION_MANEUVER turn=you hand=8 oppHand=7(hidden) oppDeck=20~ deck=20~ discard=3
2026.09.26-05.02.43 FIGHTERS synced n=6 alive=6 own=4 enemy=2
2026.09.26-05.02.43 WS seq=34 phase=ACTION_MANEUVER (apply)
2026.09.26-05.02.43 SNAPSHOT applied seq=34 phase=ACTION_MANEUVER
2026.09.26-05.02.43 HANDLE_APPLIED #50 seq=34 decision=1 fightersValid=1 boardValid=1
2026.09.26-05.02.43 MODE seq=34 mode=1 combat=0 pending=0
2026.09.26-05.02.43 HUD seq=34 phase=ACTION_MANEUVER turn=you hand=8 oppHand=7(hidden) oppDeck=20 deck=19 discard=3
2026.09.26-05.02.43 FIGHTERS synced n=6 alive=6 own=4 enemy=2
2026.09.26-05.02.43 MANEUVER begin seq=34 (merge) pending=maneuver:7:33
2026.09.26-05.02.43 S09AUTO drive mode=1 plan=[attack+scheme] phase=ACTION_MANEUVER turn=cmuhntivg0000wib0anhqyswc
2026.09.26-05.02.43 MANEUVER-CONFIRM moves=1 boost=none
2026.09.26-05.02.43 SNAPSHOT applied seq=35 phase=ACTION_MANEUVER
2026.09.26-05.02.43 HANDLE_APPLIED #51 seq=35 decision=2 fightersValid=1 boardValid=1
2026.09.26-05.02.43 closed mode=
2026.09.26-05.02.43 MODE seq=35 mode=0 combat=0 pending=0
2026.09.26-05.02.43 HUD seq=35 phase=ACTION_MANEUVER turn=you hand=8 oppHand=7(hidden) oppDeck=20~ deck=19~ discard=3
2026.09.26-05.02.43 FIGHTERS synced n=6 alive=6 own=4 enemy=2
2026.09.26-05.02.43 CUE move f-0-hero (2,3)->(3,3) seq=35
2026.09.26-05.02.43 WS seq=35 phase=ACTION_MANEUVER (apply)
2026.09.26-05.02.43 SNAPSHOT applied seq=35 phase=ACTION_MANEUVER
2026.09.26-05.02.43 HANDLE_APPLIED #52 seq=35 decision=1 fightersValid=1 boardValid=1
2026.09.26-05.02.43 MODE seq=35 mode=0 combat=0 pending=0
2026.09.26-05.02.43 HUD seq=35 phase=ACTION_MANEUVER turn=you hand=8 oppHand=7(hidden) oppDeck=20 deck=19 discard=3
2026.09.26-05.02.43 FIGHTERS synced n=6 alive=6 own=4 enemy=2
2026.09.26-05.02.43 MANEUVER done seq=35 (merge) fighters=6 boost=no
2026.09.26-05.02.44 S09AUTO drive mode=0 plan=[attack+scheme] phase=ACTION_MANEUVER turn=cmuhntivg0000wib0anhqyswc
2026.09.26-05.02.44 S09AUTO attack deferred - no may-boost card in hand (turn#3 elapsed=33s)
2026.09.26-05.02.44 SNAPSHOT applied seq=36 phase=ACTION_MANEUVER
2026.09.26-05.02.44 HANDLE_APPLIED #53 seq=36 decision=2 fightersValid=1 boardValid=1
2026.09.26-05.02.44 MANEUVER-DRAFT mode=maneuver:7:35
2026.09.26-05.02.44 DRAFT-OPEN draw committed (resume instead of begin)
2026.09.26-05.02.44 MODE seq=36 mode=1 combat=0 pending=0
2026.09.26-05.02.44 HUD seq=36 phase=ACTION_MANEUVER turn=you hand=9 oppHand=7(hidden) oppDeck=20~ deck=19~ discard=3
2026.09.26-05.02.44 FIGHTERS synced n=6 alive=6 own=4 enemy=2
2026.09.26-05.02.44 WS seq=36 phase=ACTION_MANEUVER (apply)
2026.09.26-05.02.44 SNAPSHOT applied seq=36 phase=ACTION_MANEUVER
2026.09.26-05.02.44 HANDLE_APPLIED #54 seq=36 decision=1 fightersValid=1 boardValid=1
2026.09.26-05.02.44 MODE seq=36 mode=1 combat=0 pending=0
2026.09.26-05.02.44 HUD seq=36 phase=ACTION_MANEUVER turn=you hand=9 oppHand=7(hidden) oppDeck=20 deck=18 discard=3
2026.09.26-05.02.44 FIGHTERS synced n=6 alive=6 own=4 enemy=2
2026.09.26-05.02.44 MANEUVER begin seq=36 (merge) pending=maneuver:7:35
2026.09.26-05.02.44 S09AUTO drive mode=1 plan=[attack+scheme] phase=ACTION_MANEUVER turn=cmuhntivg0000wib0anhqyswc
2026.09.26-05.02.44 MANEUVER-CONFIRM moves=1 boost=none
2026.09.26-05.02.45 SNAPSHOT applied seq=37 phase=TURN_END
2026.09.26-05.02.45 HANDLE_APPLIED #55 seq=37 decision=2 fightersValid=1 boardValid=1
2026.09.26-05.02.45 DISCARD-DRAFT count=2 pending=discard:7:37
2026.09.26-05.02.45 MODE seq=37 mode=2 combat=0 pending=0
2026.09.26-05.02.45 HUD seq=37 phase=TURN_END turn=you hand=9 oppHand=7(hidden) oppDeck=20~ deck=18~ discard=3 pendingDiscard=2
2026.09.26-05.02.45 FIGHTERS synced n=6 alive=6 own=4 enemy=2
2026.09.26-05.02.45 CUE move f-0-hero (3,3)->(2,3) seq=37
2026.09.26-05.02.45 WS seq=37 phase=TURN_END (apply)
2026.09.26-05.02.45 SNAPSHOT applied seq=37 phase=TURN_END
2026.09.26-05.02.45 HANDLE_APPLIED #56 seq=37 decision=1 fightersValid=1 boardValid=1
2026.09.26-05.02.45 MODE seq=37 mode=2 combat=0 pending=0
2026.09.26-05.02.45 HUD seq=37 phase=TURN_END turn=you hand=9 oppHand=7(hidden) oppDeck=20 deck=18 discard=3 pendingDiscard=2
2026.09.26-05.02.45 FIGHTERS synced n=6 alive=6 own=4 enemy=2
2026.09.26-05.02.45 MANEUVER done seq=37 (merge) fighters=6 boost=no
2026.09.26-05.02.46 S09AUTO drive mode=2 plan=[attack+scheme] phase=TURN_END turn=cmuhntivg0000wib0anhqyswc
2026.09.26-05.02.46 S09AUTO discard picks=2
2026.09.26-05.02.46 DISCARD-CONFIRM pending=discard:7:37 count=2 ids=cmuhgvgkj00suwi9g4v5uc11k::1,cmuhgvgkn00t4wi9g8rrkx4it::2
2026.09.26-05.02.46 SNAPSHOT applied seq=38 phase=ACTION_MANEUVER
2026.09.26-05.02.46 HANDLE_APPLIED #57 seq=38 decision=2 fightersValid=1 boardValid=1
2026.09.26-05.02.46 closed mode=
2026.09.26-05.02.46 MODE seq=38 mode=0 combat=0 pending=0
2026.09.26-05.02.46 HUD seq=38 phase=ACTION_MANEUVER turn=opp hand=7 oppHand=7(hidden) oppDeck=20~ deck=18~ discard=5
2026.09.26-05.02.46 FIGHTERS synced n=6 alive=6 own=4 enemy=2
2026.09.26-05.02.46 WS seq=38 phase=ACTION_MANEUVER (apply)
2026.09.26-05.02.46 SNAPSHOT applied seq=38 phase=ACTION_MANEUVER
2026.09.26-05.02.46 HANDLE_APPLIED #58 seq=38 decision=1 fightersValid=1 boardValid=1
2026.09.26-05.02.46 MODE seq=38 mode=0 combat=0 pending=0
2026.09.26-05.02.46 HUD seq=38 phase=ACTION_MANEUVER turn=opp hand=7 oppHand=7(hidden) oppDeck=20 deck=18 discard=5
2026.09.26-05.02.46 FIGHTERS synced n=6 alive=6 own=4 enemy=2
2026.09.26-05.02.46 DISCARD done seq=38 phase=ACTION_MANEUVER count=2
2026.09.26-05.02.46 SNAPSHOT applied seq=39 phase=ACTION_MANEUVER
2026.09.26-05.02.46 HANDLE_APPLIED #59 seq=39 decision=2 fightersValid=1 boardValid=1
2026.09.26-05.02.46 MODE seq=39 mode=0 combat=0 pending=1
2026.09.26-05.02.46 HUD seq=39 phase=ACTION_MANEUVER turn=opp hand=7 oppHand=6(hidden) oppDeck=20~ deck=18~ discard=5
2026.09.26-05.02.46 FIGHTERS synced n=6 alive=6 own=4 enemy=2
2026.09.26-05.02.46 WS seq=39 phase=ACTION_MANEUVER (apply)
2026.09.26-05.02.47 S09AUTO drive mode=0 plan=[attack+scheme] phase=ACTION_MANEUVER turn=cmuhntiwu0001wib0z281rpa8
2026.09.26-05.02.47 SNAPSHOT applied seq=40 phase=ACTION_MANEUVER
2026.09.26-05.02.47 HANDLE_APPLIED #60 seq=40 decision=2 fightersValid=1 boardValid=1
2026.09.26-05.02.47 MODE seq=40 mode=0 combat=0 pending=1
2026.09.26-05.02.47 HUD seq=40 phase=ACTION_MANEUVER turn=opp hand=7 oppHand=6(hidden) oppDeck=20~ deck=18~ discard=5
2026.09.26-05.02.47 FIGHTERS synced n=6 alive=6 own=4 enemy=2
2026.09.26-05.02.47 WS seq=40 phase=ACTION_MANEUVER (apply)
2026.09.26-05.02.47 SNAPSHOT applied seq=41 phase=ACTION_MANEUVER
2026.09.26-05.02.47 HANDLE_APPLIED #61 seq=41 decision=2 fightersValid=1 boardValid=1
2026.09.26-05.02.47 MODE seq=41 mode=0 combat=0 pending=0
2026.09.26-05.02.47 HUD seq=41 phase=ACTION_MANEUVER turn=opp hand=7 oppHand=6(hidden) oppDeck=20~ deck=18~ discard=5
2026.09.26-05.02.47 FIGHTERS synced n=6 alive=6 own=4 enemy=2
2026.09.26-05.02.47 WS seq=41 phase=ACTION_MANEUVER (apply)
2026.09.26-05.02.47 SNAPSHOT applied seq=42 phase=ACTION_MANEUVER
2026.09.26-05.02.47 HANDLE_APPLIED #62 seq=42 decision=2 fightersValid=1 boardValid=1
2026.09.26-05.02.47 MODE seq=42 mode=0 combat=0 pending=0
2026.09.26-05.02.47 HUD seq=42 phase=ACTION_MANEUVER turn=opp hand=7 oppHand=7(hidden) oppDeck=20~ deck=18~ discard=5
2026.09.26-05.02.47 FIGHTERS synced n=6 alive=6 own=4 enemy=2
2026.09.26-05.02.47 WS seq=42 phase=ACTION_MANEUVER (apply)
2026.09.26-05.02.47 SNAPSHOT applied seq=43 phase=ACTION_MANEUVER
2026.09.26-05.02.47 HANDLE_APPLIED #63 seq=43 decision=2 fightersValid=1 boardValid=1
2026.09.26-05.02.47 closed mode=
2026.09.26-05.02.47 MODE seq=43 mode=6 combat=0 pending=1
2026.09.26-05.02.47 HUD seq=43 phase=ACTION_MANEUVER turn=you hand=7 oppHand=7(hidden) oppDeck=20~ deck=18~ discard=5
2026.09.26-05.02.47 FIGHTERS synced n=6 alive=6 own=4 enemy=2
2026.09.26-05.02.47 CUE move f-1-hero (1,3)->(0,3) seq=43
2026.09.26-05.02.47 WS seq=43 phase=ACTION_MANEUVER (apply)
2026.09.26-05.02.47 S09AUTO drive mode=6 plan=[attack+scheme] phase=ACTION_MANEUVER turn=cmuhntivg0000wib0anhqyswc
2026.09.26-05.02.47 S09AUTO own turn #4 (turnCount=9)
2026.09.26-05.02.47 S09AUTO pending picked (type=TARGET_FIGHTER)
2026.09.26-05.02.47 PEND-RESOLVE sent type=TARGET_FIGHTER
2026.09.26-05.02.47 SNAPSHOT applied seq=44 phase=ACTION_MANEUVER
2026.09.26-05.02.47 HANDLE_APPLIED #64 seq=44 decision=2 fightersValid=1 boardValid=1
2026.09.26-05.02.47 closed mode=
2026.09.26-05.02.47 MODE seq=44 mode=0 combat=0 pending=0
2026.09.26-05.02.47 HUD seq=44 phase=ACTION_MANEUVER turn=you hand=7 oppHand=7(hidden) oppDeck=20~ deck=18~ discard=5
2026.09.26-05.02.47 FIGHTERS synced n=6 alive=6 own=4 enemy=2
2026.09.26-05.02.47 CUE damage f-1-hero -1 seq=44
2026.09.26-05.02.47 WS seq=44 phase=ACTION_MANEUVER (apply)
2026.09.26-05.02.47 SNAPSHOT applied seq=44 phase=ACTION_MANEUVER
2026.09.26-05.02.47 HANDLE_APPLIED #65 seq=44 decision=1 fightersValid=1 boardValid=1
2026.09.26-05.02.47 MODE seq=44 mode=0 combat=0 pending=0
2026.09.26-05.02.47 HUD seq=44 phase=ACTION_MANEUVER turn=you hand=7 oppHand=7(hidden) oppDeck=19 deck=18 discard=5
2026.09.26-05.02.47 FIGHTERS synced n=6 alive=6 own=4 enemy=2
2026.09.26-05.02.47 PEND resolve done seq=44 (merge) phase=ACTION_MANEUVER
2026.09.26-05.02.47 S09AUTO drive mode=0 plan=[attack+scheme] phase=ACTION_MANEUVER turn=cmuhntivg0000wib0anhqyswc
2026.09.26-05.02.47 S09AUTO attack deferred - no may-boost card in hand (turn#4 elapsed=36s)
2026.09.26-05.02.47 SNAPSHOT applied seq=45 phase=ACTION_MANEUVER
2026.09.26-05.02.47 HANDLE_APPLIED #66 seq=45 decision=2 fightersValid=1 boardValid=1
2026.09.26-05.02.47 MANEUVER-DRAFT mode=maneuver:9:44
2026.09.26-05.02.47 DRAFT-OPEN draw committed (resume instead of begin)
2026.09.26-05.02.47 MODE seq=45 mode=1 combat=0 pending=0
2026.09.26-05.02.47 HUD seq=45 phase=ACTION_MANEUVER turn=you hand=8 oppHand=7(hidden) oppDeck=19~ deck=18~ discard=5
2026.09.26-05.02.47 FIGHTERS synced n=6 alive=6 own=4 enemy=2
2026.09.26-05.02.47 WS seq=45 phase=ACTION_MANEUVER (apply)
2026.09.26-05.02.47 SNAPSHOT applied seq=45 phase=ACTION_MANEUVER
2026.09.26-05.02.47 HANDLE_APPLIED #67 seq=45 decision=1 fightersValid=1 boardValid=1
2026.09.26-05.02.47 MODE seq=45 mode=1 combat=0 pending=0
2026.09.26-05.02.47 HUD seq=45 phase=ACTION_MANEUVER turn=you hand=8 oppHand=7(hidden) oppDeck=19 deck=17 discard=5
2026.09.26-05.02.47 FIGHTERS synced n=6 alive=6 own=4 enemy=2
2026.09.26-05.02.47 MANEUVER begin seq=45 (merge) pending=maneuver:9:44
2026.09.26-05.02.47 S09AUTO drive mode=1 plan=[attack+scheme] phase=ACTION_MANEUVER turn=cmuhntivg0000wib0anhqyswc
2026.09.26-05.02.47 MANEUVER-CONFIRM moves=1 boost=none
2026.09.26-05.02.47 SNAPSHOT applied seq=46 phase=ACTION_MANEUVER
2026.09.26-05.02.47 HANDLE_APPLIED #68 seq=46 decision=2 fightersValid=1 boardValid=1
2026.09.26-05.02.47 closed mode=
2026.09.26-05.02.47 MODE seq=46 mode=0 combat=0 pending=0
2026.09.26-05.02.47 HUD seq=46 phase=ACTION_MANEUVER turn=you hand=8 oppHand=7(hidden) oppDeck=19~ deck=17~ discard=5
2026.09.26-05.02.47 FIGHTERS synced n=6 alive=6 own=4 enemy=2
2026.09.26-05.02.47 CUE move f-0-hero (2,3)->(1,3) seq=46
2026.09.26-05.02.47 WS seq=46 phase=ACTION_MANEUVER (apply)
2026.09.26-05.02.47 SNAPSHOT applied seq=46 phase=ACTION_MANEUVER
2026.09.26-05.02.47 HANDLE_APPLIED #69 seq=46 decision=1 fightersValid=1 boardValid=1
2026.09.26-05.02.47 MODE seq=46 mode=0 combat=0 pending=0
2026.09.26-05.02.47 HUD seq=46 phase=ACTION_MANEUVER turn=you hand=8 oppHand=7(hidden) oppDeck=19 deck=17 discard=5
2026.09.26-05.02.47 FIGHTERS synced n=6 alive=6 own=4 enemy=2
2026.09.26-05.02.47 MANEUVER done seq=46 (merge) fighters=6 boost=no
2026.09.26-05.02.48 S09AUTO drive mode=0 plan=[attack+scheme] phase=ACTION_MANEUVER turn=cmuhntivg0000wib0anhqyswc
2026.09.26-05.02.48 S09AUTO attack deferred - no may-boost card in hand (turn#4 elapsed=37s)
2026.09.26-05.02.49 SNAPSHOT applied seq=47 phase=ACTION_MANEUVER
2026.09.26-05.02.49 HANDLE_APPLIED #70 seq=47 decision=2 fightersValid=1 boardValid=1
2026.09.26-05.02.49 MANEUVER-DRAFT mode=maneuver:9:46
2026.09.26-05.02.49 DRAFT-OPEN draw committed (resume instead of begin)
2026.09.26-05.02.49 MODE seq=47 mode=1 combat=0 pending=0
2026.09.26-05.02.49 HUD seq=47 phase=ACTION_MANEUVER turn=you hand=9 oppHand=7(hidden) oppDeck=19~ deck=17~ discard=5
2026.09.26-05.02.49 FIGHTERS synced n=6 alive=6 own=4 enemy=2
2026.09.26-05.02.49 WS seq=47 phase=ACTION_MANEUVER (apply)
2026.09.26-05.02.49 SNAPSHOT applied seq=47 phase=ACTION_MANEUVER
2026.09.26-05.02.49 HANDLE_APPLIED #71 seq=47 decision=1 fightersValid=1 boardValid=1
2026.09.26-05.02.49 MODE seq=47 mode=1 combat=0 pending=0
2026.09.26-05.02.49 HUD seq=47 phase=ACTION_MANEUVER turn=you hand=9 oppHand=7(hidden) oppDeck=19 deck=16 discard=5
2026.09.26-05.02.49 FIGHTERS synced n=6 alive=6 own=4 enemy=2
2026.09.26-05.02.49 MANEUVER begin seq=47 (merge) pending=maneuver:9:46
2026.09.26-05.02.49 S09AUTO drive mode=1 plan=[attack+scheme] phase=ACTION_MANEUVER turn=cmuhntivg0000wib0anhqyswc
2026.09.26-05.02.49 MANEUVER-CONFIRM moves=1 boost=none
2026.09.26-05.02.49 SNAPSHOT applied seq=48 phase=TURN_END
2026.09.26-05.02.49 HANDLE_APPLIED #72 seq=48 decision=2 fightersValid=1 boardValid=1
2026.09.26-05.02.49 DISCARD-DRAFT count=2 pending=discard:9:48
2026.09.26-05.02.49 MODE seq=48 mode=2 combat=0 pending=0
2026.09.26-05.02.49 HUD seq=48 phase=TURN_END turn=you hand=9 oppHand=7(hidden) oppDeck=19~ deck=16~ discard=5 pendingDiscard=2
2026.09.26-05.02.49 FIGHTERS synced n=6 alive=6 own=4 enemy=2
2026.09.26-05.02.49 CUE move f-0-hero (1,3)->(2,3) seq=48
2026.09.26-05.02.49 WS seq=48 phase=TURN_END (apply)
2026.09.26-05.02.49 SNAPSHOT applied seq=48 phase=TURN_END
2026.09.26-05.02.49 HANDLE_APPLIED #73 seq=48 decision=1 fightersValid=1 boardValid=1
2026.09.26-05.02.49 MODE seq=48 mode=2 combat=0 pending=0
2026.09.26-05.02.49 HUD seq=48 phase=TURN_END turn=you hand=9 oppHand=7(hidden) oppDeck=19 deck=16 discard=5 pendingDiscard=2
2026.09.26-05.02.49 FIGHTERS synced n=6 alive=6 own=4 enemy=2
2026.09.26-05.02.49 MANEUVER done seq=48 (merge) fighters=6 boost=no
2026.09.26-05.02.50 S09AUTO drive mode=2 plan=[attack+scheme] phase=TURN_END turn=cmuhntivg0000wib0anhqyswc
2026.09.26-05.02.50 S09AUTO discard picks=2
2026.09.26-05.02.50 DISCARD-CONFIRM pending=discard:9:48 count=2 ids=cmuhgvgkl00t0wi9g1inbvf80::2,cmuhgvgkk00swwi9g36pro935::2
2026.09.26-05.02.50 SNAPSHOT applied seq=49 phase=ACTION_MANEUVER
2026.09.26-05.02.50 HANDLE_APPLIED #74 seq=49 decision=2 fightersValid=1 boardValid=1
2026.09.26-05.02.50 closed mode=
2026.09.26-05.02.50 MODE seq=49 mode=0 combat=0 pending=0
2026.09.26-05.02.50 HUD seq=49 phase=ACTION_MANEUVER turn=opp hand=7 oppHand=7(hidden) oppDeck=19~ deck=16~ discard=7
2026.09.26-05.02.50 FIGHTERS synced n=6 alive=6 own=4 enemy=2
2026.09.26-05.02.50 WS seq=49 phase=ACTION_MANEUVER (apply)
2026.09.26-05.02.50 SNAPSHOT applied seq=49 phase=ACTION_MANEUVER
2026.09.26-05.02.50 HANDLE_APPLIED #75 seq=49 decision=1 fightersValid=1 boardValid=1
2026.09.26-05.02.50 MODE seq=49 mode=0 combat=0 pending=0
2026.09.26-05.02.50 HUD seq=49 phase=ACTION_MANEUVER turn=opp hand=7 oppHand=7(hidden) oppDeck=19 deck=16 discard=7
2026.09.26-05.02.50 FIGHTERS synced n=6 alive=6 own=4 enemy=2
2026.09.26-05.02.50 DISCARD done seq=49 phase=ACTION_MANEUVER count=2
2026.09.26-05.02.50 SNAPSHOT applied seq=50 phase=ACTION_MANEUVER
2026.09.26-05.02.50 HANDLE_APPLIED #76 seq=50 decision=2 fightersValid=1 boardValid=1
2026.09.26-05.02.50 MODE seq=50 mode=0 combat=0 pending=0
2026.09.26-05.02.50 HUD seq=50 phase=ACTION_MANEUVER turn=opp hand=7 oppHand=8(hidden) oppDeck=19~ deck=16~ discard=7
2026.09.26-05.02.50 FIGHTERS synced n=6 alive=6 own=4 enemy=2
2026.09.26-05.02.50 WS seq=50 phase=ACTION_MANEUVER (apply)
2026.09.26-05.02.50 SNAPSHOT applied seq=51 phase=ACTION_MANEUVER
2026.09.26-05.02.50 HANDLE_APPLIED #77 seq=51 decision=2 fightersValid=1 boardValid=1
2026.09.26-05.02.50 MODE seq=51 mode=0 combat=0 pending=0
2026.09.26-05.02.50 HUD seq=51 phase=ACTION_MANEUVER turn=opp hand=7 oppHand=8(hidden) oppDeck=19~ deck=16~ discard=7
2026.09.26-05.02.50 FIGHTERS synced n=6 alive=6 own=4 enemy=2
2026.09.26-05.02.50 CUE move f-1-hero (0,3)->(1,3) seq=51
2026.09.26-05.02.50 WS seq=51 phase=ACTION_MANEUVER (apply)
2026.09.26-05.02.51 S09AUTO drive mode=0 plan=[attack+scheme] phase=ACTION_MANEUVER turn=cmuhntiwu0001wib0z281rpa8
2026.09.26-05.02.51 SNAPSHOT applied seq=52 phase=ACTION_MANEUVER
2026.09.26-05.02.51 HANDLE_APPLIED #78 seq=52 decision=2 fightersValid=1 boardValid=1
2026.09.26-05.02.51 MODE seq=52 mode=0 combat=0 pending=0
2026.09.26-05.02.51 HUD seq=52 phase=ACTION_MANEUVER turn=opp hand=7 oppHand=9(hidden) oppDeck=19~ deck=16~ discard=7
2026.09.26-05.02.51 FIGHTERS synced n=6 alive=6 own=4 enemy=2
2026.09.26-05.02.51 WS seq=52 phase=ACTION_MANEUVER (apply)
2026.09.26-05.02.51 SNAPSHOT applied seq=53 phase=TURN_END
2026.09.26-05.02.51 HANDLE_APPLIED #79 seq=53 decision=2 fightersValid=1 boardValid=1
2026.09.26-05.02.51 MODE seq=53 mode=0 combat=0 pending=0
2026.09.26-05.02.51 HUD seq=53 phase=TURN_END turn=opp hand=7 oppHand=9(hidden) oppDeck=19~ deck=16~ discard=7 pendingDiscard=2
2026.09.26-05.02.51 FIGHTERS synced n=6 alive=6 own=4 enemy=2
2026.09.26-05.02.51 CUE move f-1-hero (1,3)->(0,3) seq=53
2026.09.26-05.02.51 WS seq=53 phase=TURN_END (apply)
2026.09.26-05.02.52 SNAPSHOT applied seq=54 phase=ACTION_MANEUVER
2026.09.26-05.02.52 HANDLE_APPLIED #80 seq=54 decision=2 fightersValid=1 boardValid=1
2026.09.26-05.02.52 closed mode=
2026.09.26-05.02.52 MODE seq=54 mode=6 combat=0 pending=1
2026.09.26-05.02.52 HUD seq=54 phase=ACTION_MANEUVER turn=you hand=7 oppHand=7(hidden) oppDeck=19~ deck=16~ discard=7
2026.09.26-05.02.52 FIGHTERS synced n=6 alive=6 own=4 enemy=2
2026.09.26-05.02.52 WS seq=54 phase=ACTION_MANEUVER (apply)
2026.09.26-05.02.52 S09AUTO drive mode=6 plan=[attack+scheme] phase=ACTION_MANEUVER turn=cmuhntivg0000wib0anhqyswc
2026.09.26-05.02.52 S09AUTO own turn #5 (turnCount=11)
2026.09.26-05.02.52 S09AUTO pending picked (type=TARGET_FIGHTER)
2026.09.26-05.02.52 PEND-RESOLVE sent type=TARGET_FIGHTER
2026.09.26-05.02.52 SNAPSHOT applied seq=55 phase=ACTION_MANEUVER
2026.09.26-05.02.52 HANDLE_APPLIED #81 seq=55 decision=2 fightersValid=1 boardValid=1
2026.09.26-05.02.52 closed mode=
2026.09.26-05.02.52 MODE seq=55 mode=0 combat=0 pending=0
2026.09.26-05.02.52 HUD seq=55 phase=ACTION_MANEUVER turn=you hand=7 oppHand=7(hidden) oppDeck=19~ deck=16~ discard=7
2026.09.26-05.02.52 FIGHTERS synced n=6 alive=6 own=4 enemy=2
2026.09.26-05.02.52 CUE damage f-1-hero -1 seq=55
2026.09.26-05.02.52 WS seq=55 phase=ACTION_MANEUVER (apply)
2026.09.26-05.02.52 SNAPSHOT applied seq=55 phase=ACTION_MANEUVER
2026.09.26-05.02.52 HANDLE_APPLIED #82 seq=55 decision=1 fightersValid=1 boardValid=1
2026.09.26-05.02.52 MODE seq=55 mode=0 combat=0 pending=0
2026.09.26-05.02.52 HUD seq=55 phase=ACTION_MANEUVER turn=you hand=7 oppHand=7(hidden) oppDeck=17 deck=16 discard=7
2026.09.26-05.02.52 FIGHTERS synced n=6 alive=6 own=4 enemy=2
2026.09.26-05.02.52 PEND resolve done seq=55 (merge) phase=ACTION_MANEUVER
2026.09.26-05.02.52 S09AUTO drive mode=0 plan=[attack+scheme] phase=ACTION_MANEUVER turn=cmuhntivg0000wib0anhqyswc
2026.09.26-05.02.52 S09AUTO attack deferred - no may-boost card in hand (turn#5 elapsed=41s)
2026.09.26-05.02.52 SNAPSHOT applied seq=56 phase=ACTION_MANEUVER
2026.09.26-05.02.52 HANDLE_APPLIED #83 seq=56 decision=2 fightersValid=1 boardValid=1
2026.09.26-05.02.52 MANEUVER-DRAFT mode=maneuver:11:55
2026.09.26-05.02.52 DRAFT-OPEN draw committed (resume instead of begin)
2026.09.26-05.02.52 MODE seq=56 mode=1 combat=0 pending=0
2026.09.26-05.02.52 HUD seq=56 phase=ACTION_MANEUVER turn=you hand=8 oppHand=7(hidden) oppDeck=17~ deck=16~ discard=7
2026.09.26-05.02.52 FIGHTERS synced n=6 alive=6 own=4 enemy=2
2026.09.26-05.02.53 WS seq=56 phase=ACTION_MANEUVER (apply)
2026.09.26-05.02.53 SNAPSHOT applied seq=56 phase=ACTION_MANEUVER
2026.09.26-05.02.53 HANDLE_APPLIED #84 seq=56 decision=1 fightersValid=1 boardValid=1
2026.09.26-05.02.53 MODE seq=56 mode=1 combat=0 pending=0
2026.09.26-05.02.53 HUD seq=56 phase=ACTION_MANEUVER turn=you hand=8 oppHand=7(hidden) oppDeck=17 deck=15 discard=7
2026.09.26-05.02.53 FIGHTERS synced n=6 alive=6 own=4 enemy=2
2026.09.26-05.02.53 MANEUVER begin seq=56 (merge) pending=maneuver:11:55
2026.09.26-05.02.53 S09AUTO drive mode=1 plan=[attack+scheme] phase=ACTION_MANEUVER turn=cmuhntivg0000wib0anhqyswc
2026.09.26-05.02.53 MANEUVER-CONFIRM moves=1 boost=none
2026.09.26-05.02.53 SNAPSHOT applied seq=57 phase=ACTION_MANEUVER
2026.09.26-05.02.53 HANDLE_APPLIED #85 seq=57 decision=2 fightersValid=1 boardValid=1
2026.09.26-05.02.53 closed mode=
2026.09.26-05.02.53 MODE seq=57 mode=0 combat=0 pending=0
2026.09.26-05.02.53 HUD seq=57 phase=ACTION_MANEUVER turn=you hand=8 oppHand=7(hidden) oppDeck=17~ deck=15~ discard=7
2026.09.26-05.02.53 FIGHTERS synced n=6 alive=6 own=4 enemy=2
2026.09.26-05.02.53 CUE move f-0-hero (2,3)->(1,3) seq=57
2026.09.26-05.02.53 WS seq=57 phase=ACTION_MANEUVER (apply)
2026.09.26-05.02.53 SNAPSHOT applied seq=57 phase=ACTION_MANEUVER
2026.09.26-05.02.53 HANDLE_APPLIED #86 seq=57 decision=1 fightersValid=1 boardValid=1
2026.09.26-05.02.53 MODE seq=57 mode=0 combat=0 pending=0
2026.09.26-05.02.53 HUD seq=57 phase=ACTION_MANEUVER turn=you hand=8 oppHand=7(hidden) oppDeck=17 deck=15 discard=7
2026.09.26-05.02.53 FIGHTERS synced n=6 alive=6 own=4 enemy=2
2026.09.26-05.02.53 MANEUVER done seq=57 (merge) fighters=6 boost=no
2026.09.26-05.02.54 S09AUTO drive mode=0 plan=[attack+scheme] phase=ACTION_MANEUVER turn=cmuhntivg0000wib0anhqyswc
2026.09.26-05.02.54 S09AUTO attack deferred - no may-boost card in hand (turn#5 elapsed=42s)
2026.09.26-05.02.54 SNAPSHOT applied seq=58 phase=ACTION_MANEUVER
2026.09.26-05.02.54 HANDLE_APPLIED #87 seq=58 decision=2 fightersValid=1 boardValid=1
2026.09.26-05.02.54 MANEUVER-DRAFT mode=maneuver:11:57
2026.09.26-05.02.54 DRAFT-OPEN draw committed (resume instead of begin)
2026.09.26-05.02.54 MODE seq=58 mode=1 combat=0 pending=0
2026.09.26-05.02.54 HUD seq=58 phase=ACTION_MANEUVER turn=you hand=9 oppHand=7(hidden) oppDeck=17~ deck=15~ discard=7
2026.09.26-05.02.54 FIGHTERS synced n=6 alive=6 own=4 enemy=2
2026.09.26-05.02.54 WS seq=58 phase=ACTION_MANEUVER (apply)
2026.09.26-05.02.54 SNAPSHOT applied seq=58 phase=ACTION_MANEUVER
2026.09.26-05.02.54 HANDLE_APPLIED #88 seq=58 decision=1 fightersValid=1 boardValid=1
2026.09.26-05.02.54 MODE seq=58 mode=1 combat=0 pending=0
2026.09.26-05.02.54 HUD seq=58 phase=ACTION_MANEUVER turn=you hand=9 oppHand=7(hidden) oppDeck=17 deck=14 discard=7
2026.09.26-05.02.54 FIGHTERS synced n=6 alive=6 own=4 enemy=2
2026.09.26-05.02.54 MANEUVER begin seq=58 (merge) pending=maneuver:11:57
2026.09.26-05.02.54 S09AUTO drive mode=1 plan=[attack+scheme] phase=ACTION_MANEUVER turn=cmuhntivg0000wib0anhqyswc
2026.09.26-05.02.54 MANEUVER-CONFIRM moves=1 boost=none
2026.09.26-05.02.54 SNAPSHOT applied seq=59 phase=TURN_END
2026.09.26-05.02.54 HANDLE_APPLIED #89 seq=59 decision=2 fightersValid=1 boardValid=1
2026.09.26-05.02.54 DISCARD-DRAFT count=2 pending=discard:11:59
2026.09.26-05.02.54 MODE seq=59 mode=2 combat=0 pending=0
2026.09.26-05.02.54 HUD seq=59 phase=TURN_END turn=you hand=9 oppHand=7(hidden) oppDeck=17~ deck=14~ discard=7 pendingDiscard=2
2026.09.26-05.02.54 FIGHTERS synced n=6 alive=6 own=4 enemy=2
2026.09.26-05.02.54 CUE move f-0-hero (1,3)->(2,3) seq=59
2026.09.26-05.02.54 WS seq=59 phase=TURN_END (apply)
2026.09.26-05.02.54 SNAPSHOT applied seq=59 phase=TURN_END
2026.09.26-05.02.54 HANDLE_APPLIED #90 seq=59 decision=1 fightersValid=1 boardValid=1
2026.09.26-05.02.54 MODE seq=59 mode=2 combat=0 pending=0
2026.09.26-05.02.54 HUD seq=59 phase=TURN_END turn=you hand=9 oppHand=7(hidden) oppDeck=17 deck=14 discard=7 pendingDiscard=2
2026.09.26-05.02.54 FIGHTERS synced n=6 alive=6 own=4 enemy=2
2026.09.26-05.02.54 MANEUVER done seq=59 (merge) fighters=6 boost=no
2026.09.26-05.02.55 S09AUTO drive mode=2 plan=[attack+scheme] phase=TURN_END turn=cmuhntivg0000wib0anhqyswc
2026.09.26-05.02.55 S09AUTO discard picks=2
2026.09.26-05.02.55 DISCARD-CONFIRM pending=discard:11:59 count=2 ids=cmuhgvgkl00t0wi9g1inbvf80::0,cmuhgvgko00t6wi9gliac8gv6::0
2026.09.26-05.02.55 SNAPSHOT applied seq=60 phase=ACTION_MANEUVER
2026.09.26-05.02.55 HANDLE_APPLIED #91 seq=60 decision=2 fightersValid=1 boardValid=1
2026.09.26-05.02.55 closed mode=
2026.09.26-05.02.55 MODE seq=60 mode=0 combat=0 pending=0
2026.09.26-05.02.55 HUD seq=60 phase=ACTION_MANEUVER turn=opp hand=7 oppHand=7(hidden) oppDeck=17~ deck=14~ discard=9
2026.09.26-05.02.55 FIGHTERS synced n=6 alive=6 own=4 enemy=2
2026.09.26-05.02.55 WS seq=60 phase=ACTION_MANEUVER (apply)
2026.09.26-05.02.55 SNAPSHOT applied seq=60 phase=ACTION_MANEUVER
2026.09.26-05.02.55 HANDLE_APPLIED #92 seq=60 decision=1 fightersValid=1 boardValid=1
2026.09.26-05.02.55 MODE seq=60 mode=0 combat=0 pending=0
2026.09.26-05.02.55 HUD seq=60 phase=ACTION_MANEUVER turn=opp hand=7 oppHand=7(hidden) oppDeck=17 deck=14 discard=9
2026.09.26-05.02.55 FIGHTERS synced n=6 alive=6 own=4 enemy=2
2026.09.26-05.02.55 DISCARD done seq=60 phase=ACTION_MANEUVER count=2
2026.09.26-05.02.55 SNAPSHOT applied seq=61 phase=ACTION_MANEUVER
2026.09.26-05.02.55 HANDLE_APPLIED #93 seq=61 decision=2 fightersValid=1 boardValid=1
2026.09.26-05.02.55 MODE seq=61 mode=0 combat=0 pending=0
2026.09.26-05.02.55 HUD seq=61 phase=ACTION_MANEUVER turn=opp hand=7 oppHand=8(hidden) oppDeck=17~ deck=14~ discard=9
2026.09.26-05.02.55 FIGHTERS synced n=6 alive=6 own=4 enemy=2
2026.09.26-05.02.55 WS seq=61 phase=ACTION_MANEUVER (apply)
2026.09.26-05.02.55 SNAPSHOT applied seq=62 phase=ACTION_MANEUVER
2026.09.26-05.02.55 HANDLE_APPLIED #94 seq=62 decision=2 fightersValid=1 boardValid=1
2026.09.26-05.02.55 MODE seq=62 mode=0 combat=0 pending=0
2026.09.26-05.02.55 HUD seq=62 phase=ACTION_MANEUVER turn=opp hand=7 oppHand=8(hidden) oppDeck=17~ deck=14~ discard=9
2026.09.26-05.02.55 FIGHTERS synced n=6 alive=6 own=4 enemy=2
2026.09.26-05.02.55 CUE move f-1-hero (0,3)->(1,3) seq=62
2026.09.26-05.02.55 WS seq=62 phase=ACTION_MANEUVER (apply)
2026.09.26-05.02.56 S09AUTO drive mode=0 plan=[attack+scheme] phase=ACTION_MANEUVER turn=cmuhntiwu0001wib0z281rpa8
2026.09.26-05.02.56 SNAPSHOT applied seq=63 phase=ACTION_MANEUVER
2026.09.26-05.02.56 HANDLE_APPLIED #95 seq=63 decision=2 fightersValid=1 boardValid=1
2026.09.26-05.02.56 MODE seq=63 mode=0 combat=0 pending=0
2026.09.26-05.02.56 HUD seq=63 phase=ACTION_MANEUVER turn=opp hand=7 oppHand=9(hidden) oppDeck=17~ deck=14~ discard=9
2026.09.26-05.02.56 FIGHTERS synced n=6 alive=6 own=4 enemy=2
2026.09.26-05.02.56 WS seq=63 phase=ACTION_MANEUVER (apply)
2026.09.26-05.02.56 SNAPSHOT applied seq=64 phase=TURN_END
2026.09.26-05.02.56 HANDLE_APPLIED #96 seq=64 decision=2 fightersValid=1 boardValid=1
2026.09.26-05.02.56 MODE seq=64 mode=0 combat=0 pending=0
2026.09.26-05.02.56 HUD seq=64 phase=TURN_END turn=opp hand=7 oppHand=9(hidden) oppDeck=17~ deck=14~ discard=9 pendingDiscard=2
2026.09.26-05.02.56 FIGHTERS synced n=6 alive=6 own=4 enemy=2
2026.09.26-05.02.56 CUE move f-1-hero (1,3)->(0,3) seq=64
2026.09.26-05.02.56 WS seq=64 phase=TURN_END (apply)
2026.09.26-05.02.58 SNAPSHOT applied seq=65 phase=ACTION_MANEUVER
2026.09.26-05.02.58 HANDLE_APPLIED #97 seq=65 decision=2 fightersValid=1 boardValid=1
2026.09.26-05.02.58 closed mode=
2026.09.26-05.02.58 MODE seq=65 mode=6 combat=0 pending=1
2026.09.26-05.02.58 HUD seq=65 phase=ACTION_MANEUVER turn=you hand=7 oppHand=7(hidden) oppDeck=17~ deck=14~ discard=9
2026.09.26-05.02.58 FIGHTERS synced n=6 alive=6 own=4 enemy=2
2026.09.26-05.02.58 WS seq=65 phase=ACTION_MANEUVER (apply)
2026.09.26-05.02.58 S09AUTO drive mode=6 plan=[attack+scheme] phase=ACTION_MANEUVER turn=cmuhntivg0000wib0anhqyswc
2026.09.26-05.02.58 S09AUTO own turn #6 (turnCount=13)
2026.09.26-05.02.58 S09AUTO pending picked (type=TARGET_FIGHTER)
2026.09.26-05.02.58 PEND-RESOLVE sent type=TARGET_FIGHTER
2026.09.26-05.02.58 SNAPSHOT applied seq=66 phase=ACTION_MANEUVER
2026.09.26-05.02.58 HANDLE_APPLIED #98 seq=66 decision=2 fightersValid=1 boardValid=1
2026.09.26-05.02.58 closed mode=
2026.09.26-05.02.58 MODE seq=66 mode=0 combat=0 pending=0
2026.09.26-05.02.58 HUD seq=66 phase=ACTION_MANEUVER turn=you hand=7 oppHand=7(hidden) oppDeck=17~ deck=14~ discard=9
2026.09.26-05.02.58 FIGHTERS synced n=6 alive=6 own=4 enemy=2
2026.09.26-05.02.58 CUE damage f-1-hero -1 seq=66
2026.09.26-05.02.58 WS seq=66 phase=ACTION_MANEUVER (apply)
2026.09.26-05.02.58 SNAPSHOT applied seq=66 phase=ACTION_MANEUVER
2026.09.26-05.02.58 HANDLE_APPLIED #99 seq=66 decision=1 fightersValid=1 boardValid=1
2026.09.26-05.02.58 MODE seq=66 mode=0 combat=0 pending=0
2026.09.26-05.02.58 HUD seq=66 phase=ACTION_MANEUVER turn=you hand=7 oppHand=7(hidden) oppDeck=15 deck=14 discard=9
2026.09.26-05.02.58 FIGHTERS synced n=6 alive=6 own=4 enemy=2
2026.09.26-05.02.58 PEND resolve done seq=66 (merge) phase=ACTION_MANEUVER
2026.09.26-05.02.58 S09AUTO drive mode=0 plan=[attack+scheme] phase=ACTION_MANEUVER turn=cmuhntivg0000wib0anhqyswc
2026.09.26-05.02.58 S09AUTO attack deferred - no may-boost card in hand (turn#6 elapsed=46s)
2026.09.26-05.02.58 SNAPSHOT applied seq=67 phase=ACTION_MANEUVER
2026.09.26-05.02.58 HANDLE_APPLIED #100 seq=67 decision=2 fightersValid=1 boardValid=1
2026.09.26-05.02.58 MANEUVER-DRAFT mode=maneuver:13:66
2026.09.26-05.02.58 DRAFT-OPEN draw committed (resume instead of begin)
2026.09.26-05.02.58 MODE seq=67 mode=1 combat=0 pending=0
2026.09.26-05.02.58 HUD seq=67 phase=ACTION_MANEUVER turn=you hand=8 oppHand=7(hidden) oppDeck=15~ deck=14~ discard=9
2026.09.26-05.02.58 FIGHTERS synced n=6 alive=6 own=4 enemy=2
2026.09.26-05.02.58 WS seq=67 phase=ACTION_MANEUVER (apply)
2026.09.26-05.02.58 SNAPSHOT applied seq=67 phase=ACTION_MANEUVER
2026.09.26-05.02.58 HANDLE_APPLIED #101 seq=67 decision=1 fightersValid=1 boardValid=1
2026.09.26-05.02.58 MODE seq=67 mode=1 combat=0 pending=0
2026.09.26-05.02.58 HUD seq=67 phase=ACTION_MANEUVER turn=you hand=8 oppHand=7(hidden) oppDeck=15 deck=13 discard=9
2026.09.26-05.02.58 FIGHTERS synced n=6 alive=6 own=4 enemy=2
2026.09.26-05.02.58 MANEUVER begin seq=67 (merge) pending=maneuver:13:66
2026.09.26-05.02.58 S09AUTO drive mode=1 plan=[attack+scheme] phase=ACTION_MANEUVER turn=cmuhntivg0000wib0anhqyswc
2026.09.26-05.02.58 MANEUVER-CONFIRM moves=1 boost=none
2026.09.26-05.02.58 SNAPSHOT applied seq=68 phase=ACTION_MANEUVER
2026.09.26-05.02.58 HANDLE_APPLIED #102 seq=68 decision=2 fightersValid=1 boardValid=1
2026.09.26-05.02.58 closed mode=
2026.09.26-05.02.58 MODE seq=68 mode=0 combat=0 pending=0
2026.09.26-05.02.58 HUD seq=68 phase=ACTION_MANEUVER turn=you hand=8 oppHand=7(hidden) oppDeck=15~ deck=13~ discard=9
2026.09.26-05.02.58 FIGHTERS synced n=6 alive=6 own=4 enemy=2
2026.09.26-05.02.58 CUE move f-0-hero (2,3)->(1,3) seq=68
2026.09.26-05.02.58 WS seq=68 phase=ACTION_MANEUVER (apply)
2026.09.26-05.02.58 SNAPSHOT applied seq=68 phase=ACTION_MANEUVER
2026.09.26-05.02.58 HANDLE_APPLIED #103 seq=68 decision=1 fightersValid=1 boardValid=1
2026.09.26-05.02.58 MODE seq=68 mode=0 combat=0 pending=0
2026.09.26-05.02.58 HUD seq=68 phase=ACTION_MANEUVER turn=you hand=8 oppHand=7(hidden) oppDeck=15 deck=13 discard=9
2026.09.26-05.02.58 FIGHTERS synced n=6 alive=6 own=4 enemy=2
2026.09.26-05.02.58 MANEUVER done seq=68 (merge) fighters=6 boost=no
2026.09.26-05.02.59 S09AUTO drive mode=0 plan=[attack+scheme] phase=ACTION_MANEUVER turn=cmuhntivg0000wib0anhqyswc
2026.09.26-05.02.59 S09AUTO attack (attacker=f-0-hero target-set card-set)
2026.09.26-05.02.59 ATTACK sent
2026.09.26-05.02.59 SNAPSHOT applied seq=69 phase=COMBAT
2026.09.26-05.02.59 HANDLE_APPLIED #104 seq=69 decision=2 fightersValid=1 boardValid=1
2026.09.26-05.02.59 closed mode=
2026.09.26-05.02.59 MODE seq=69 mode=0 combat=1 pending=0
2026.09.26-05.02.59 HUD seq=69 phase=COMBAT turn=you hand=7 oppHand=7(hidden) oppDeck=15~ deck=13~ discard=10
2026.09.26-05.02.59 FIGHTERS synced n=6 alive=6 own=4 enemy=2
2026.09.26-05.02.59 WS seq=69 phase=COMBAT (apply)
2026.09.26-05.02.59 SNAPSHOT applied seq=69 phase=COMBAT
2026.09.26-05.02.59 HANDLE_APPLIED #105 seq=69 decision=1 fightersValid=1 boardValid=1
2026.09.26-05.02.59 MODE seq=69 mode=0 combat=1 pending=0
2026.09.26-05.02.59 HUD seq=69 phase=COMBAT turn=you hand=7 oppHand=7(hidden) oppDeck=15 deck=13 discard=10
2026.09.26-05.02.59 FIGHTERS synced n=6 alive=6 own=4 enemy=2
2026.09.26-05.02.59 ATTACK done seq=69 (merge) phase=COMBAT
2026.09.26-05.02.59 ENDTURN sent
2026.09.26-05.02.59 ENDTURN failed: Invalid phase. Current: COMBAT, Required: ACTION_MANEUVER or ACTION_ATTACK
2026.09.26-05.02.59 ENDTURN sent
2026.09.26-05.02.59 ENDTURN failed: Invalid phase. Current: COMBAT, Required: ACTION_MANEUVER or ACTION_ATTACK
2026.09.26-05.02.59 ENDTURN sent
2026.09.26-05.02.59 ENDTURN failed: Invalid phase. Current: COMBAT, Required: ACTION_MANEUVER or ACTION_ATTACK
2026.09.26-05.02.59 ENDTURN sent
2026.09.26-05.02.59 ENDTURN failed: Invalid phase. Current: COMBAT, Required: ACTION_MANEUVER or ACTION_ATTACK
2026.09.26-05.02.59 ENDTURN sent
2026.09.26-05.02.59 ENDTURN failed: Invalid phase. Current: COMBAT, Required: ACTION_MANEUVER or ACTION_ATTACK
2026.09.26-05.02.59 SNAPSHOT applied seq=70 phase=COMBAT_RESOLVE
2026.09.26-05.02.59 HANDLE_APPLIED #106 seq=70 decision=2 fightersValid=1 boardValid=1
2026.09.26-05.02.59 closed mode=
2026.09.26-05.02.59 MODE seq=70 mode=5 combat=1 pending=0
2026.09.26-05.02.59 HUD seq=70 phase=COMBAT_RESOLVE turn=you hand=7 oppHand=6(hidden) oppDeck=15~ deck=13~ discard=10
2026.09.26-05.02.59 FIGHTERS synced n=6 alive=6 own=4 enemy=2
2026.09.26-05.02.59 WS seq=70 phase=COMBAT_RESOLVE (apply)
2026.09.26-05.02.59 S09AUTO drive mode=5 plan=[attack+scheme] phase=COMBAT_RESOLVE turn=cmuhntivg0000wib0anhqyswc
2026.09.26-05.02.59 SNAPSHOT applied seq=71 phase=ACTION_MANEUVER
2026.09.26-05.02.59 HANDLE_APPLIED #107 seq=71 decision=2 fightersValid=1 boardValid=1
2026.09.26-05.02.59 COMBAT-RESULT seq=71 damage=1 role=attacked
2026.09.26-05.02.59 S09AUTO combat-result shot
2026.09.26-05.02.59 SHOT ctx viewport=1280x720 viewTarget=CameraActor_2147482375 cam=(0,1107,1582) rot=(-55,-90,0)
2026.09.26-05.02.59 SHOT fighter f-0-hero pos=(1,3) world=(-100,50,0) screen=(533,404) projected=1 alive=1
2026.09.26-05.02.59 SHOT fighter f-0-sk0 pos=(3,2) world=(100,-50,0) screen=(744,318) projected=1 alive=1
2026.09.26-05.02.59 SHOT fighter f-0-sk1 pos=(2,1) world=(0,-150,0) screen=(640,236) projected=1 alive=1
2026.09.26-05.02.59 SHOT fighter f-0-sk2 pos=(1,2) world=(-100,-50,0) screen=(536,318) projected=1 alive=1
2026.09.26-05.02.59 SHOT fighter f-1-hero pos=(0,3) world=(-200,50,0) screen=(427,404) projected=1 alive=1
2026.09.26-05.02.59 SHOT fighter f-1-sk0 pos=(4,3) world=(200,50,0) screen=(853,404) projected=1 alive=1
2026.09.26-05.02.59 SHOT requested: FScreenshotRequest(bShowUI) -> C:\Users\ren\AppData\Local\Temp\s09-pending-20260926-100210-40980\host/s09-combat-result.png
2026.09.26-05.02.59 closed mode=
2026.09.26-05.02.59 MODE seq=71 mode=0 combat=0 pending=0
2026.09.26-05.02.59 HUD seq=71 phase=ACTION_MANEUVER turn=opp hand=7 oppHand=6(hidden) oppDeck=15~ deck=13~ discard=10
2026.09.26-05.02.59 FIGHTERS synced n=6 alive=6 own=4 enemy=2
2026.09.26-05.02.59 CUE damage f-1-hero -1 seq=71
2026.09.26-05.02.59 WS seq=71 phase=ACTION_MANEUVER (apply)
2026.09.26-05.02.59 S09AUTO drive mode=0 plan=[attack+scheme] phase=ACTION_MANEUVER turn=cmuhntiwu0001wib0z281rpa8
2026.09.26-05.02.59 SNAPSHOT applied seq=72 phase=ACTION_MANEUVER
2026.09.26-05.02.59 HANDLE_APPLIED #108 seq=72 decision=2 fightersValid=1 boardValid=1
2026.09.26-05.02.59 MODE seq=72 mode=0 combat=0 pending=0
2026.09.26-05.02.59 HUD seq=72 phase=ACTION_MANEUVER turn=opp hand=7 oppHand=7(hidden) oppDeck=15~ deck=13~ discard=10
2026.09.26-05.02.59 FIGHTERS synced n=6 alive=6 own=4 enemy=2
2026.09.26-05.02.59 WS seq=72 phase=ACTION_MANEUVER (apply)
2026.09.26-05.02.59 SNAPSHOT applied seq=73 phase=ACTION_MANEUVER
2026.09.26-05.02.59 HANDLE_APPLIED #109 seq=73 decision=2 fightersValid=1 boardValid=1
2026.09.26-05.02.59 MODE seq=73 mode=0 combat=0 pending=0
2026.09.26-05.02.59 HUD seq=73 phase=ACTION_MANEUVER turn=opp hand=7 oppHand=7(hidden) oppDeck=15~ deck=13~ discard=10
2026.09.26-05.02.59 FIGHTERS synced n=6 alive=6 own=4 enemy=2
2026.09.26-05.02.59 CUE move f-1-hero (0,3)->(0,4) seq=73
2026.09.26-05.02.59 WS seq=73 phase=ACTION_MANEUVER (apply)
2026.09.26-05.03.01 SNAPSHOT applied seq=74 phase=ACTION_MANEUVER
2026.09.26-05.03.01 HANDLE_APPLIED #110 seq=74 decision=2 fightersValid=1 boardValid=1
2026.09.26-05.03.01 MODE seq=74 mode=0 combat=0 pending=0
2026.09.26-05.03.01 HUD seq=74 phase=ACTION_MANEUVER turn=opp hand=7 oppHand=8(hidden) oppDeck=15~ deck=13~ discard=10
2026.09.26-05.03.01 FIGHTERS synced n=6 alive=6 own=4 enemy=2
2026.09.26-05.03.01 WS seq=74 phase=ACTION_MANEUVER (apply)
2026.09.26-05.03.01 SNAPSHOT applied seq=75 phase=TURN_END
2026.09.26-05.03.01 HANDLE_APPLIED #111 seq=75 decision=2 fightersValid=1 boardValid=1
2026.09.26-05.03.01 MODE seq=75 mode=0 combat=0 pending=0
2026.09.26-05.03.01 HUD seq=75 phase=TURN_END turn=opp hand=7 oppHand=8(hidden) oppDeck=15~ deck=13~ discard=10 pendingDiscard=1
2026.09.26-05.03.01 FIGHTERS synced n=6 alive=6 own=4 enemy=2
2026.09.26-05.03.01 CUE move f-1-hero (0,4)->(1,4) seq=75
2026.09.26-05.03.01 WS seq=75 phase=TURN_END (apply)
2026.09.26-05.03.02 SNAPSHOT applied seq=76 phase=ACTION_MANEUVER
2026.09.26-05.03.02 HANDLE_APPLIED #112 seq=76 decision=2 fightersValid=1 boardValid=1
2026.09.26-05.03.02 closed mode=
2026.09.26-05.03.02 MODE seq=76 mode=6 combat=0 pending=1
2026.09.26-05.03.02 HUD seq=76 phase=ACTION_MANEUVER turn=you hand=7 oppHand=7(hidden) oppDeck=15~ deck=13~ discard=10
2026.09.26-05.03.02 FIGHTERS synced n=6 alive=6 own=4 enemy=2
2026.09.26-05.03.02 WS seq=76 phase=ACTION_MANEUVER (apply)
2026.09.26-05.03.02 S09AUTO drive mode=6 plan=[attack+scheme] phase=ACTION_MANEUVER turn=cmuhntivg0000wib0anhqyswc
2026.09.26-05.03.02 S09AUTO own turn #7 (turnCount=15)
2026.09.26-05.03.02 S09AUTO pending picked (type=TARGET_FIGHTER)
2026.09.26-05.03.02 PEND-RESOLVE sent type=TARGET_FIGHTER
2026.09.26-05.03.02 SNAPSHOT applied seq=77 phase=ACTION_MANEUVER
2026.09.26-05.03.02 HANDLE_APPLIED #113 seq=77 decision=2 fightersValid=1 boardValid=1
2026.09.26-05.03.02 closed mode=
2026.09.26-05.03.02 MODE seq=77 mode=0 combat=0 pending=0
2026.09.26-05.03.02 HUD seq=77 phase=ACTION_MANEUVER turn=you hand=7 oppHand=7(hidden) oppDeck=15~ deck=13~ discard=10
2026.09.26-05.03.02 FIGHTERS synced n=6 alive=6 own=4 enemy=2
2026.09.26-05.03.02 CUE damage f-1-hero -1 seq=77
2026.09.26-05.03.02 WS seq=77 phase=ACTION_MANEUVER (apply)
2026.09.26-05.03.02 SNAPSHOT applied seq=77 phase=ACTION_MANEUVER
2026.09.26-05.03.02 HANDLE_APPLIED #114 seq=77 decision=1 fightersValid=1 boardValid=1
2026.09.26-05.03.02 MODE seq=77 mode=0 combat=0 pending=0
2026.09.26-05.03.02 HUD seq=77 phase=ACTION_MANEUVER turn=you hand=7 oppHand=7(hidden) oppDeck=13 deck=13 discard=10
2026.09.26-05.03.02 FIGHTERS synced n=6 alive=6 own=4 enemy=2
2026.09.26-05.03.02 PEND resolve done seq=77 (merge) phase=ACTION_MANEUVER
2026.09.26-05.03.02 S09AUTO drive mode=0 plan=[attack+scheme] phase=ACTION_MANEUVER turn=cmuhntivg0000wib0anhqyswc
2026.09.26-05.03.02 S09AUTO attack (attacker=f-0-hero target-set card-set)
2026.09.26-05.03.02 ATTACK sent
2026.09.26-05.03.02 SNAPSHOT applied seq=78 phase=COMBAT
2026.09.26-05.03.02 HANDLE_APPLIED #115 seq=78 decision=2 fightersValid=1 boardValid=1
2026.09.26-05.03.02 closed mode=
2026.09.26-05.03.02 MODE seq=78 mode=0 combat=1 pending=0
2026.09.26-05.03.02 HUD seq=78 phase=COMBAT turn=you hand=6 oppHand=7(hidden) oppDeck=13~ deck=13~ discard=11
2026.09.26-05.03.02 FIGHTERS synced n=6 alive=6 own=4 enemy=2
2026.09.26-05.03.02 WS seq=78 phase=COMBAT (apply)
2026.09.26-05.03.02 SNAPSHOT applied seq=78 phase=COMBAT
2026.09.26-05.03.02 HANDLE_APPLIED #116 seq=78 decision=1 fightersValid=1 boardValid=1
2026.09.26-05.03.02 MODE seq=78 mode=0 combat=1 pending=0
2026.09.26-05.03.02 HUD seq=78 phase=COMBAT turn=you hand=6 oppHand=7(hidden) oppDeck=13 deck=13 discard=11
2026.09.26-05.03.02 FIGHTERS synced n=6 alive=6 own=4 enemy=2
2026.09.26-05.03.02 ATTACK done seq=78 (merge) phase=COMBAT
2026.09.26-05.03.03 SNAPSHOT applied seq=79 phase=COMBAT_RESOLVE
2026.09.26-05.03.03 HANDLE_APPLIED #117 seq=79 decision=2 fightersValid=1 boardValid=1
2026.09.26-05.03.03 closed mode=
2026.09.26-05.03.03 MODE seq=79 mode=5 combat=1 pending=0
2026.09.26-05.03.03 HUD seq=79 phase=COMBAT_RESOLVE turn=you hand=6 oppHand=6(hidden) oppDeck=13~ deck=13~ discard=11
2026.09.26-05.03.03 FIGHTERS synced n=6 alive=6 own=4 enemy=2
2026.09.26-05.03.03 WS seq=79 phase=COMBAT_RESOLVE (apply)
2026.09.26-05.03.03 S09AUTO drive mode=5 plan=[attack+scheme] phase=COMBAT_RESOLVE turn=cmuhntivg0000wib0anhqyswc
2026.09.26-05.03.03 SNAPSHOT applied seq=80 phase=ACTION_MANEUVER
2026.09.26-05.03.03 HANDLE_APPLIED #118 seq=80 decision=2 fightersValid=1 boardValid=1
2026.09.26-05.03.03 COMBAT-RESULT seq=80 damage=0 role=attacked
2026.09.26-05.03.03 closed mode=
2026.09.26-05.03.03 MODE seq=80 mode=0 combat=0 pending=0
2026.09.26-05.03.03 HUD seq=80 phase=ACTION_MANEUVER turn=you hand=6 oppHand=6(hidden) oppDeck=13~ deck=13~ discard=11
2026.09.26-05.03.03 FIGHTERS synced n=6 alive=6 own=4 enemy=2
2026.09.26-05.03.03 WS seq=80 phase=ACTION_MANEUVER (apply)
2026.09.26-05.03.03 S09AUTO drive mode=0 plan=[attack+scheme] phase=ACTION_MANEUVER turn=cmuhntivg0000wib0anhqyswc
2026.09.26-05.03.03 S09AUTO attack (attacker=f-0-hero target-set card-set)
2026.09.26-05.03.03 ATTACK sent
2026.09.26-05.03.03 SNAPSHOT applied seq=81 phase=COMBAT
2026.09.26-05.03.03 HANDLE_APPLIED #119 seq=81 decision=2 fightersValid=1 boardValid=1
2026.09.26-05.03.03 closed mode=
2026.09.26-05.03.03 MODE seq=81 mode=0 combat=1 pending=0
2026.09.26-05.03.03 HUD seq=81 phase=COMBAT turn=you hand=5 oppHand=6(hidden) oppDeck=13~ deck=13~ discard=12
2026.09.26-05.03.03 FIGHTERS synced n=6 alive=6 own=4 enemy=2
2026.09.26-05.03.03 WS seq=81 phase=COMBAT (apply)
2026.09.26-05.03.03 SNAPSHOT applied seq=81 phase=COMBAT
2026.09.26-05.03.03 HANDLE_APPLIED #120 seq=81 decision=1 fightersValid=1 boardValid=1
2026.09.26-05.03.03 MODE seq=81 mode=0 combat=1 pending=0
2026.09.26-05.03.03 HUD seq=81 phase=COMBAT turn=you hand=5 oppHand=6(hidden) oppDeck=13 deck=13 discard=12
2026.09.26-05.03.03 FIGHTERS synced n=6 alive=6 own=4 enemy=2
2026.09.26-05.03.03 ATTACK done seq=81 (merge) phase=COMBAT
2026.09.26-05.03.03 ENDTURN sent
2026.09.26-05.03.03 ENDTURN failed: Invalid phase. Current: COMBAT, Required: ACTION_MANEUVER or ACTION_ATTACK
2026.09.26-05.03.03 ENDTURN sent
2026.09.26-05.03.03 SNAPSHOT applied seq=82 phase=COMBAT_RESOLVE
2026.09.26-05.03.03 HANDLE_APPLIED #121 seq=82 decision=2 fightersValid=1 boardValid=1
2026.09.26-05.03.03 closed mode=
2026.09.26-05.03.03 MODE seq=82 mode=5 combat=1 pending=0
2026.09.26-05.03.03 HUD seq=82 phase=COMBAT_RESOLVE turn=you hand=5 oppHand=5(hidden) oppDeck=13~ deck=13~ discard=12
2026.09.26-05.03.03 FIGHTERS synced n=6 alive=6 own=4 enemy=2
2026.09.26-05.03.03 WS seq=82 phase=COMBAT_RESOLVE (apply)
2026.09.26-05.03.03 ENDTURN failed: Invalid phase. Current: COMBAT_RESOLVE, Required: ACTION_MANEUVER or ACTION_ATTACK
2026.09.26-05.03.03 S09AUTO drive mode=5 plan=[attack+scheme] phase=COMBAT_RESOLVE turn=cmuhntivg0000wib0anhqyswc
2026.09.26-05.03.03 SNAPSHOT applied seq=83 phase=ACTION_MANEUVER
2026.09.26-05.03.03 HANDLE_APPLIED #122 seq=83 decision=2 fightersValid=1 boardValid=1
2026.09.26-05.03.03 COMBAT-RESULT seq=83 damage=2 role=attacked
2026.09.26-05.03.03 closed mode=
2026.09.26-05.03.03 MODE seq=83 mode=0 combat=0 pending=0
2026.09.26-05.03.03 HUD seq=83 phase=ACTION_MANEUVER turn=opp hand=5 oppHand=5(hidden) oppDeck=13~ deck=13~ discard=12
2026.09.26-05.03.03 FIGHTERS synced n=6 alive=6 own=4 enemy=2
2026.09.26-05.03.03 CUE damage f-1-hero -2 seq=83
2026.09.26-05.03.03 WS seq=83 phase=ACTION_MANEUVER (apply)
2026.09.26-05.03.03 S09AUTO drive mode=0 plan=[attack+scheme] phase=ACTION_MANEUVER turn=cmuhntiwu0001wib0z281rpa8
2026.09.26-05.03.03 SNAPSHOT applied seq=84 phase=ACTION_MANEUVER
2026.09.26-05.03.03 HANDLE_APPLIED #123 seq=84 decision=2 fightersValid=1 boardValid=1
2026.09.26-05.03.03 MODE seq=84 mode=0 combat=0 pending=0
2026.09.26-05.03.03 HUD seq=84 phase=ACTION_MANEUVER turn=opp hand=5 oppHand=6(hidden) oppDeck=13~ deck=13~ discard=12
2026.09.26-05.03.03 FIGHTERS synced n=6 alive=6 own=4 enemy=2
2026.09.26-05.03.03 WS seq=84 phase=ACTION_MANEUVER (apply)
2026.09.26-05.03.03 SNAPSHOT applied seq=85 phase=ACTION_MANEUVER
2026.09.26-05.03.03 HANDLE_APPLIED #124 seq=85 decision=2 fightersValid=1 boardValid=1
2026.09.26-05.03.03 MODE seq=85 mode=0 combat=0 pending=0
2026.09.26-05.03.03 HUD seq=85 phase=ACTION_MANEUVER turn=opp hand=5 oppHand=6(hidden) oppDeck=13~ deck=13~ discard=12
2026.09.26-05.03.03 FIGHTERS synced n=6 alive=6 own=4 enemy=2
2026.09.26-05.03.03 CUE move f-1-hero (1,4)->(2,4) seq=85
2026.09.26-05.03.03 WS seq=85 phase=ACTION_MANEUVER (apply)
2026.09.26-05.03.05 SNAPSHOT applied seq=86 phase=ACTION_MANEUVER
2026.09.26-05.03.05 HANDLE_APPLIED #125 seq=86 decision=2 fightersValid=1 boardValid=1
2026.09.26-05.03.05 MODE seq=86 mode=0 combat=0 pending=0
2026.09.26-05.03.05 HUD seq=86 phase=ACTION_MANEUVER turn=opp hand=5 oppHand=7(hidden) oppDeck=13~ deck=13~ discard=12
2026.09.26-05.03.05 FIGHTERS synced n=6 alive=6 own=4 enemy=2
2026.09.26-05.03.05 WS seq=86 phase=ACTION_MANEUVER (apply)
2026.09.26-05.03.05 SNAPSHOT applied seq=87 phase=ACTION_MANEUVER
2026.09.26-05.03.05 HANDLE_APPLIED #126 seq=87 decision=2 fightersValid=1 boardValid=1
2026.09.26-05.03.05 closed mode=
2026.09.26-05.03.05 MODE seq=87 mode=6 combat=0 pending=1
2026.09.26-05.03.05 HUD seq=87 phase=ACTION_MANEUVER turn=you hand=5 oppHand=7(hidden) oppDeck=13~ deck=13~ discard=12
2026.09.26-05.03.05 FIGHTERS synced n=6 alive=6 own=4 enemy=2
2026.09.26-05.03.05 CUE move f-1-hero (2,4)->(3,4) seq=87
2026.09.26-05.03.05 WS seq=87 phase=ACTION_MANEUVER (apply)
2026.09.26-05.03.05 S09AUTO drive mode=6 plan=[attack+scheme] phase=ACTION_MANEUVER turn=cmuhntivg0000wib0anhqyswc
2026.09.26-05.03.05 S09AUTO own turn #8 (turnCount=17)
2026.09.26-05.03.05 S09AUTO pending picked (type=TARGET_FIGHTER)
2026.09.26-05.03.05 PEND-RESOLVE sent type=TARGET_FIGHTER
2026.09.26-05.03.05 SNAPSHOT applied seq=88 phase=ACTION_MANEUVER
2026.09.26-05.03.05 HANDLE_APPLIED #127 seq=88 decision=2 fightersValid=1 boardValid=1
2026.09.26-05.03.05 closed mode=
2026.09.26-05.03.05 MODE seq=88 mode=0 combat=0 pending=0
2026.09.26-05.03.05 HUD seq=88 phase=ACTION_MANEUVER turn=you hand=5 oppHand=7(hidden) oppDeck=13~ deck=13~ discard=12
2026.09.26-05.03.05 FIGHTERS synced n=6 alive=6 own=4 enemy=2
2026.09.26-05.03.05 CUE damage f-1-hero -1 seq=88
2026.09.26-05.03.05 WS seq=88 phase=ACTION_MANEUVER (apply)
2026.09.26-05.03.05 SNAPSHOT applied seq=88 phase=ACTION_MANEUVER
2026.09.26-05.03.05 HANDLE_APPLIED #128 seq=88 decision=1 fightersValid=1 boardValid=1
2026.09.26-05.03.05 MODE seq=88 mode=0 combat=0 pending=0
2026.09.26-05.03.05 HUD seq=88 phase=ACTION_MANEUVER turn=you hand=5 oppHand=7(hidden) oppDeck=11 deck=13 discard=12
2026.09.26-05.03.05 FIGHTERS synced n=6 alive=6 own=4 enemy=2
2026.09.26-05.03.05 PEND resolve done seq=88 (merge) phase=ACTION_MANEUVER
2026.09.26-05.03.05 S09AUTO drive mode=0 plan=[attack+scheme] phase=ACTION_MANEUVER turn=cmuhntivg0000wib0anhqyswc
2026.09.26-05.03.05 SNAPSHOT applied seq=89 phase=ACTION_MANEUVER
2026.09.26-05.03.05 HANDLE_APPLIED #129 seq=89 decision=2 fightersValid=1 boardValid=1
2026.09.26-05.03.05 MANEUVER-DRAFT mode=maneuver:17:88
2026.09.26-05.03.05 DRAFT-OPEN draw committed (resume instead of begin)
2026.09.26-05.03.05 MODE seq=89 mode=1 combat=0 pending=0
2026.09.26-05.03.05 HUD seq=89 phase=ACTION_MANEUVER turn=you hand=6 oppHand=7(hidden) oppDeck=11~ deck=13~ discard=12
2026.09.26-05.03.05 FIGHTERS synced n=6 alive=6 own=4 enemy=2
2026.09.26-05.03.05 WS seq=89 phase=ACTION_MANEUVER (apply)
2026.09.26-05.03.05 SNAPSHOT applied seq=89 phase=ACTION_MANEUVER
2026.09.26-05.03.05 HANDLE_APPLIED #130 seq=89 decision=1 fightersValid=1 boardValid=1
2026.09.26-05.03.05 MODE seq=89 mode=1 combat=0 pending=0
2026.09.26-05.03.05 HUD seq=89 phase=ACTION_MANEUVER turn=you hand=6 oppHand=7(hidden) oppDeck=11 deck=12 discard=12
2026.09.26-05.03.05 FIGHTERS synced n=6 alive=6 own=4 enemy=2
2026.09.26-05.03.05 MANEUVER begin seq=89 (merge) pending=maneuver:17:88
2026.09.26-05.03.05 S09AUTO drive mode=1 plan=[attack+scheme] phase=ACTION_MANEUVER turn=cmuhntivg0000wib0anhqyswc
2026.09.26-05.03.05 MANEUVER-CONFIRM moves=1 boost=none
2026.09.26-05.03.05 SNAPSHOT applied seq=90 phase=ACTION_MANEUVER
2026.09.26-05.03.05 HANDLE_APPLIED #131 seq=90 decision=2 fightersValid=1 boardValid=1
2026.09.26-05.03.05 closed mode=
2026.09.26-05.03.05 MODE seq=90 mode=0 combat=0 pending=0
2026.09.26-05.03.05 HUD seq=90 phase=ACTION_MANEUVER turn=you hand=6 oppHand=7(hidden) oppDeck=11~ deck=12~ discard=12
2026.09.26-05.03.05 FIGHTERS synced n=6 alive=6 own=4 enemy=2
2026.09.26-05.03.05 CUE move f-0-hero (1,3)->(2,3) seq=90
2026.09.26-05.03.05 WS seq=90 phase=ACTION_MANEUVER (apply)
2026.09.26-05.03.05 SNAPSHOT applied seq=90 phase=ACTION_MANEUVER
2026.09.26-05.03.05 HANDLE_APPLIED #132 seq=90 decision=1 fightersValid=1 boardValid=1
2026.09.26-05.03.05 MODE seq=90 mode=0 combat=0 pending=0
2026.09.26-05.03.05 HUD seq=90 phase=ACTION_MANEUVER turn=you hand=6 oppHand=7(hidden) oppDeck=11 deck=12 discard=12
2026.09.26-05.03.05 FIGHTERS synced n=6 alive=6 own=4 enemy=2
2026.09.26-05.03.05 MANEUVER done seq=90 (merge) fighters=6 boost=no
2026.09.26-05.03.06 S09AUTO drive mode=0 plan=[attack+scheme] phase=ACTION_MANEUVER turn=cmuhntivg0000wib0anhqyswc
2026.09.26-05.03.06 SNAPSHOT applied seq=91 phase=ACTION_MANEUVER
2026.09.26-05.03.06 HANDLE_APPLIED #133 seq=91 decision=2 fightersValid=1 boardValid=1
2026.09.26-05.03.06 MANEUVER-DRAFT mode=maneuver:17:90
2026.09.26-05.03.06 DRAFT-OPEN draw committed (resume instead of begin)
2026.09.26-05.03.06 MODE seq=91 mode=1 combat=0 pending=0
2026.09.26-05.03.06 HUD seq=91 phase=ACTION_MANEUVER turn=you hand=7 oppHand=7(hidden) oppDeck=11~ deck=12~ discard=12
2026.09.26-05.03.06 FIGHTERS synced n=6 alive=6 own=4 enemy=2
2026.09.26-05.03.06 WS seq=91 phase=ACTION_MANEUVER (apply)
2026.09.26-05.03.06 SNAPSHOT applied seq=91 phase=ACTION_MANEUVER
2026.09.26-05.03.06 HANDLE_APPLIED #134 seq=91 decision=1 fightersValid=1 boardValid=1
2026.09.26-05.03.06 MODE seq=91 mode=1 combat=0 pending=0
2026.09.26-05.03.06 HUD seq=91 phase=ACTION_MANEUVER turn=you hand=7 oppHand=7(hidden) oppDeck=11 deck=11 discard=12
2026.09.26-05.03.06 FIGHTERS synced n=6 alive=6 own=4 enemy=2
2026.09.26-05.03.06 MANEUVER begin seq=91 (merge) pending=maneuver:17:90
2026.09.26-05.03.06 S09AUTO drive mode=1 plan=[attack+scheme] phase=ACTION_MANEUVER turn=cmuhntivg0000wib0anhqyswc
2026.09.26-05.03.06 MANEUVER-CONFIRM moves=1 boost=none
2026.09.26-05.03.06 SNAPSHOT applied seq=92 phase=ACTION_MANEUVER
2026.09.26-05.03.06 HANDLE_APPLIED #135 seq=92 decision=2 fightersValid=1 boardValid=1
2026.09.26-05.03.06 closed mode=
2026.09.26-05.03.06 MODE seq=92 mode=0 combat=0 pending=0
2026.09.26-05.03.06 HUD seq=92 phase=ACTION_MANEUVER turn=opp hand=7 oppHand=7(hidden) oppDeck=11~ deck=11~ discard=12
2026.09.26-05.03.06 FIGHTERS synced n=6 alive=6 own=4 enemy=2
2026.09.26-05.03.06 CUE move f-0-hero (2,3)->(3,3) seq=92
2026.09.26-05.03.06 WS seq=92 phase=ACTION_MANEUVER (apply)
2026.09.26-05.03.06 SNAPSHOT applied seq=92 phase=ACTION_MANEUVER
2026.09.26-05.03.06 HANDLE_APPLIED #136 seq=92 decision=1 fightersValid=1 boardValid=1
2026.09.26-05.03.06 MODE seq=92 mode=0 combat=0 pending=0
2026.09.26-05.03.06 HUD seq=92 phase=ACTION_MANEUVER turn=opp hand=7 oppHand=7(hidden) oppDeck=11 deck=11 discard=12
2026.09.26-05.03.06 FIGHTERS synced n=6 alive=6 own=4 enemy=2
2026.09.26-05.03.06 MANEUVER done seq=92 (merge) fighters=6 boost=no
2026.09.26-05.03.06 SNAPSHOT applied seq=93 phase=ACTION_MANEUVER
2026.09.26-05.03.06 HANDLE_APPLIED #137 seq=93 decision=2 fightersValid=1 boardValid=1
2026.09.26-05.03.06 MODE seq=93 mode=0 combat=0 pending=0
2026.09.26-05.03.06 HUD seq=93 phase=ACTION_MANEUVER turn=opp hand=7 oppHand=8(hidden) oppDeck=11~ deck=11~ discard=12
2026.09.26-05.03.06 FIGHTERS synced n=6 alive=6 own=4 enemy=2
2026.09.26-05.03.06 WS seq=93 phase=ACTION_MANEUVER (apply)
2026.09.26-05.03.06 SNAPSHOT applied seq=94 phase=ACTION_MANEUVER
2026.09.26-05.03.06 HANDLE_APPLIED #138 seq=94 decision=2 fightersValid=1 boardValid=1
2026.09.26-05.03.06 MODE seq=94 mode=0 combat=0 pending=0
2026.09.26-05.03.06 HUD seq=94 phase=ACTION_MANEUVER turn=opp hand=7 oppHand=8(hidden) oppDeck=11~ deck=11~ discard=12
2026.09.26-05.03.06 FIGHTERS synced n=6 alive=6 own=4 enemy=2
2026.09.26-05.03.06 CUE move f-1-hero (3,4)->(4,4) seq=94
2026.09.26-05.03.06 WS seq=94 phase=ACTION_MANEUVER (apply)
2026.09.26-05.03.07 S09AUTO drive mode=0 plan=[attack+scheme] phase=ACTION_MANEUVER turn=cmuhntiwu0001wib0z281rpa8
2026.09.26-05.03.07 SNAPSHOT applied seq=95 phase=ACTION_MANEUVER
2026.09.26-05.03.07 HANDLE_APPLIED #139 seq=95 decision=2 fightersValid=1 boardValid=1
2026.09.26-05.03.07 MODE seq=95 mode=0 combat=0 pending=1
2026.09.26-05.03.07 HUD seq=95 phase=ACTION_MANEUVER turn=opp hand=7 oppHand=7(hidden) oppDeck=11~ deck=11~ discard=12
2026.09.26-05.03.07 FIGHTERS synced n=6 alive=6 own=4 enemy=2
2026.09.26-05.03.07 WS seq=95 phase=ACTION_MANEUVER (apply)
2026.09.26-05.07.11 --- S08 trace close ---
