2026.09.26-05.02.16 --- S08 trace open 2026.09.26-05.02.16 ---
2026.09.26-05.02.16 S09AUTO config flow=1 boost=0 shotDir=C:\Users\ren\AppData\Local\Temp\s09-pending-20260926-100210-40980\joiner
2026.09.26-05.02.16 LOGIN ok user=s09-gd034-joiner
2026.09.26-05.02.19 HEROES loaded 84
2026.09.26-05.02.19 CODE resolved -> cmuhxarpn006lwi2g98fkfo3w
2026.09.26-05.02.19 joinGame -> room=cmuhxarpn006lwi2g98fkfo3w code=<redacted> status=LOBBY
2026.09.26-05.02.22 game -> room=cmuhxarpn006lwi2g98fkfo3w code=<redacted> status=LOBBY
2026.09.26-05.02.22 selectHero -> room=cmuhxarpn006lwi2g98fkfo3w code=<redacted> status=LOBBY
2026.09.26-05.02.25 game -> room=cmuhxarpn006lwi2g98fkfo3w code=<redacted> status=LOBBY
2026.09.26-05.02.25 toggleReady -> room=cmuhxarpn006lwi2g98fkfo3w code=<redacted> status=LOBBY
2026.09.26-05.02.28 game -> room=cmuhxarpn006lwi2g98fkfo3w code=<redacted> status=LOBBY
2026.09.26-05.02.31 game -> room=cmuhxarpn006lwi2g98fkfo3w code=<redacted> status=IN_PROGRESS
2026.09.26-05.02.31 S09AUTO drive mode=0 plan=[defend+resolve+scheme] phase= turn=
2026.09.26-05.02.31 SNAPSHOT applied seq=3 phase=ACTION_MANEUVER
2026.09.26-05.02.31 HANDLE_APPLIED #1 seq=3 decision=2 fightersValid=1 boardValid=1
2026.09.26-05.02.31 MODE seq=3 mode=0 combat=0 pending=0
2026.09.26-05.02.31 HUD seq=3 phase=ACTION_MANEUVER turn=opp hand=5 oppHand=6(hidden) oppDeck=24 deck=25 discard=0
2026.09.26-05.02.31 CAMERA dist=1931 loc=(0,1107,1582) pitch=-55 yaw=-90
2026.09.26-05.02.31 BOARD 5x6 cells | control points: (0,0)=(-200,-250,0) (4,5)=(200,250,0) | neighbor pair (dist 100 uu)
2026.09.26-05.02.31 FIGHTERS synced n=6 alive=6 own=2 enemy=4
2026.09.26-05.02.31 STATE seq=3 -> apply
2026.09.26-05.02.31 SUBSCRIBED gameStateUpdated since=3
2026.09.26-05.02.32 SNAPSHOT applied seq=4 phase=ACTION_MANEUVER
2026.09.26-05.02.32 HANDLE_APPLIED #2 seq=4 decision=2 fightersValid=1 boardValid=1
2026.09.26-05.02.32 MODE seq=4 mode=0 combat=0 pending=0
2026.09.26-05.02.32 HUD seq=4 phase=ACTION_MANEUVER turn=opp hand=5 oppHand=7(hidden) oppDeck=24~ deck=25~ discard=0
2026.09.26-05.02.32 FIGHTERS synced n=6 alive=6 own=2 enemy=4
2026.09.26-05.02.32 WS seq=4 phase=ACTION_MANEUVER (apply)
2026.09.26-05.02.32 SNAPSHOT applied seq=5 phase=ACTION_MANEUVER
2026.09.26-05.02.32 HANDLE_APPLIED #3 seq=5 decision=2 fightersValid=1 boardValid=1
2026.09.26-05.02.32 MODE seq=5 mode=0 combat=0 pending=0
2026.09.26-05.02.32 HUD seq=5 phase=ACTION_MANEUVER turn=you hand=5 oppHand=7(hidden) oppDeck=24~ deck=25~ discard=0
2026.09.26-05.02.32 FIGHTERS synced n=6 alive=6 own=2 enemy=4
2026.09.26-05.02.32 WS seq=5 phase=ACTION_MANEUVER (apply)
2026.09.26-05.02.32 S09AUTO own turn #0 (turnCount=2)
2026.09.26-05.02.32 SNAPSHOT applied seq=6 phase=ACTION_MANEUVER
2026.09.26-05.02.32 HANDLE_APPLIED #4 seq=6 decision=2 fightersValid=1 boardValid=1
2026.09.26-05.02.32 MANEUVER-DRAFT mode=maneuver:2:5
2026.09.26-05.02.32 DRAFT-OPEN draw committed (resume instead of begin)
2026.09.26-05.02.32 MODE seq=6 mode=1 combat=0 pending=0
2026.09.26-05.02.32 HUD seq=6 phase=ACTION_MANEUVER turn=you hand=6 oppHand=7(hidden) oppDeck=24~ deck=25~ discard=0
2026.09.26-05.02.32 FIGHTERS synced n=6 alive=6 own=2 enemy=4
2026.09.26-05.02.32 WS seq=6 phase=ACTION_MANEUVER (apply)
2026.09.26-05.02.32 SNAPSHOT applied seq=6 phase=ACTION_MANEUVER
2026.09.26-05.02.32 HANDLE_APPLIED #5 seq=6 decision=1 fightersValid=1 boardValid=1
2026.09.26-05.02.32 MODE seq=6 mode=1 combat=0 pending=0
2026.09.26-05.02.32 HUD seq=6 phase=ACTION_MANEUVER turn=you hand=6 oppHand=7(hidden) oppDeck=23 deck=24 discard=0
2026.09.26-05.02.32 FIGHTERS synced n=6 alive=6 own=2 enemy=4
2026.09.26-05.02.32 MANEUVER begin seq=6 (merge) pending=maneuver:2:5
2026.09.26-05.02.32 S09AUTO drive mode=1 plan=[defend+resolve+scheme] phase=ACTION_MANEUVER turn=cmuhntiwu0001wib0z281rpa8
2026.09.26-05.02.33 S09AUTO draft-open shot (maneuver marker live)
2026.09.26-05.02.33 SHOT ctx viewport=1280x720 viewTarget=CameraActor_2147482375 cam=(0,1107,1582) rot=(-55,-90,0)
2026.09.26-05.02.33 SHOT fighter f-0-hero pos=(2,2) world=(0,-50,0) screen=(640,318) projected=1 alive=1
2026.09.26-05.02.33 SHOT fighter f-0-sk0 pos=(3,2) world=(100,-50,0) screen=(744,318) projected=1 alive=1
2026.09.26-05.02.33 SHOT fighter f-0-sk1 pos=(2,1) world=(0,-150,0) screen=(640,236) projected=1 alive=1
2026.09.26-05.02.33 SHOT fighter f-0-sk2 pos=(1,2) world=(-100,-50,0) screen=(536,318) projected=1 alive=1
2026.09.26-05.02.33 SHOT fighter f-1-hero pos=(2,3) world=(0,50,0) screen=(640,404) projected=1 alive=1
2026.09.26-05.02.33 SHOT fighter f-1-sk0 pos=(3,3) world=(100,50,0) screen=(747,404) projected=1 alive=1
2026.09.26-05.02.33 SHOT requested: FScreenshotRequest(bShowUI) -> C:\Users\ren\AppData\Local\Temp\s09-pending-20260926-100210-40980\joiner/s09-maneuver-draft-open.png
2026.09.26-05.02.33 MANEUVER-CONFIRM moves=1 boost=none
2026.09.26-05.02.33 SNAPSHOT applied seq=7 phase=ACTION_MANEUVER
2026.09.26-05.02.33 HANDLE_APPLIED #6 seq=7 decision=2 fightersValid=1 boardValid=1
2026.09.26-05.02.33 closed mode=
2026.09.26-05.02.33 MODE seq=7 mode=0 combat=0 pending=0
2026.09.26-05.02.33 HUD seq=7 phase=ACTION_MANEUVER turn=you hand=6 oppHand=7(hidden) oppDeck=23 deck=24 discard=0
2026.09.26-05.02.33 FIGHTERS synced n=6 alive=6 own=2 enemy=4
2026.09.26-05.02.33 CUE move f-1-hero (2,3)->(1,3) seq=7
2026.09.26-05.02.33 MANEUVER done seq=7 (apply) fighters=6 boost=no
2026.09.26-05.02.33 SNAPSHOT applied seq=7 phase=ACTION_MANEUVER
2026.09.26-05.02.33 HANDLE_APPLIED #7 seq=7 decision=1 fightersValid=1 boardValid=1
2026.09.26-05.02.33 MODE seq=7 mode=0 combat=0 pending=0
2026.09.26-05.02.33 HUD seq=7 phase=ACTION_MANEUVER turn=you hand=6 oppHand=7(hidden) oppDeck=23 deck=24 discard=0
2026.09.26-05.02.33 FIGHTERS synced n=6 alive=6 own=2 enemy=4
2026.09.26-05.02.33 WS seq=7 phase=ACTION_MANEUVER (merge)
2026.09.26-05.02.34 SHOT ctx viewport=1280x720 viewTarget=CameraActor_2147482375 cam=(0,1107,1582) rot=(-55,-90,0)
2026.09.26-05.02.34 SHOT fighter f-0-hero pos=(2,2) world=(0,-50,0) screen=(640,318) projected=1 alive=1
2026.09.26-05.02.34 SHOT fighter f-0-sk0 pos=(3,2) world=(100,-50,0) screen=(744,318) projected=1 alive=1
2026.09.26-05.02.34 SHOT fighter f-0-sk1 pos=(2,1) world=(0,-150,0) screen=(640,236) projected=1 alive=1
2026.09.26-05.02.34 SHOT fighter f-0-sk2 pos=(1,2) world=(-100,-50,0) screen=(536,318) projected=1 alive=1
2026.09.26-05.02.34 SHOT fighter f-1-hero pos=(1,3) world=(-100,50,0) screen=(533,404) projected=1 alive=1
2026.09.26-05.02.34 SHOT fighter f-1-sk0 pos=(3,3) world=(100,50,0) screen=(747,404) projected=1 alive=1
2026.09.26-05.02.34 SHOT requested: FScreenshotRequest(bShowUI) -> C:\Users\ren\AppData\Local\Temp\s09-pending-20260926-100210-40980\joiner/s09-hud-after-first-maneuver.png
2026.09.26-05.02.35 S09AUTO drive mode=0 plan=[defend+resolve+scheme] phase=ACTION_MANEUVER turn=cmuhntiwu0001wib0z281rpa8
2026.09.26-05.02.35 SNAPSHOT applied seq=8 phase=ACTION_MANEUVER
2026.09.26-05.02.35 HANDLE_APPLIED #8 seq=8 decision=2 fightersValid=1 boardValid=1
2026.09.26-05.02.35 MANEUVER-DRAFT mode=maneuver:2:7
2026.09.26-05.02.35 DRAFT-OPEN draw committed (resume instead of begin)
2026.09.26-05.02.35 MODE seq=8 mode=1 combat=0 pending=0
2026.09.26-05.02.35 HUD seq=8 phase=ACTION_MANEUVER turn=you hand=7 oppHand=7(hidden) oppDeck=23~ deck=24~ discard=0
2026.09.26-05.02.35 FIGHTERS synced n=6 alive=6 own=2 enemy=4
2026.09.26-05.02.35 WS seq=8 phase=ACTION_MANEUVER (apply)
2026.09.26-05.02.35 SNAPSHOT applied seq=8 phase=ACTION_MANEUVER
2026.09.26-05.02.35 HANDLE_APPLIED #9 seq=8 decision=1 fightersValid=1 boardValid=1
2026.09.26-05.02.35 MODE seq=8 mode=1 combat=0 pending=0
2026.09.26-05.02.35 HUD seq=8 phase=ACTION_MANEUVER turn=you hand=7 oppHand=7(hidden) oppDeck=23 deck=23 discard=0
2026.09.26-05.02.35 FIGHTERS synced n=6 alive=6 own=2 enemy=4
2026.09.26-05.02.35 MANEUVER begin seq=8 (merge) pending=maneuver:2:7
2026.09.26-05.02.35 S09AUTO drive mode=1 plan=[defend+resolve+scheme] phase=ACTION_MANEUVER turn=cmuhntiwu0001wib0z281rpa8
2026.09.26-05.02.35 MANEUVER-CONFIRM moves=1 boost=none
2026.09.26-05.02.35 SNAPSHOT applied seq=9 phase=ACTION_MANEUVER
2026.09.26-05.02.35 HANDLE_APPLIED #10 seq=9 decision=2 fightersValid=1 boardValid=1
2026.09.26-05.02.35 closed mode=
2026.09.26-05.02.35 MODE seq=9 mode=0 combat=0 pending=0
2026.09.26-05.02.35 HUD seq=9 phase=ACTION_MANEUVER turn=opp hand=7 oppHand=7(hidden) oppDeck=23~ deck=23~ discard=0
2026.09.26-05.02.35 FIGHTERS synced n=6 alive=6 own=2 enemy=4
2026.09.26-05.02.35 CUE move f-1-hero (1,3)->(2,3) seq=9
2026.09.26-05.02.35 WS seq=9 phase=ACTION_MANEUVER (apply)
2026.09.26-05.02.35 SNAPSHOT applied seq=9 phase=ACTION_MANEUVER
2026.09.26-05.02.35 HANDLE_APPLIED #11 seq=9 decision=1 fightersValid=1 boardValid=1
2026.09.26-05.02.35 MODE seq=9 mode=0 combat=0 pending=0
2026.09.26-05.02.35 HUD seq=9 phase=ACTION_MANEUVER turn=opp hand=7 oppHand=7(hidden) oppDeck=23 deck=23 discard=0
2026.09.26-05.02.35 FIGHTERS synced n=6 alive=6 own=2 enemy=4
2026.09.26-05.02.35 MANEUVER done seq=9 (merge) fighters=6 boost=no
2026.09.26-05.02.35 SNAPSHOT applied seq=10 phase=ACTION_MANEUVER
2026.09.26-05.02.35 HANDLE_APPLIED #12 seq=10 decision=2 fightersValid=1 boardValid=1
2026.09.26-05.02.35 MODE seq=10 mode=0 combat=0 pending=0
2026.09.26-05.02.35 HUD seq=10 phase=ACTION_MANEUVER turn=opp hand=7 oppHand=8(hidden) oppDeck=23~ deck=23~ discard=0
2026.09.26-05.02.35 FIGHTERS synced n=6 alive=6 own=2 enemy=4
2026.09.26-05.02.35 WS seq=10 phase=ACTION_MANEUVER (apply)
2026.09.26-05.02.35 SNAPSHOT applied seq=11 phase=ACTION_MANEUVER
2026.09.26-05.02.35 HANDLE_APPLIED #13 seq=11 decision=2 fightersValid=1 boardValid=1
2026.09.26-05.02.35 MODE seq=11 mode=0 combat=0 pending=0
2026.09.26-05.02.35 HUD seq=11 phase=ACTION_MANEUVER turn=opp hand=7 oppHand=8(hidden) oppDeck=23~ deck=23~ discard=0
2026.09.26-05.02.35 FIGHTERS synced n=6 alive=6 own=2 enemy=4
2026.09.26-05.02.35 WS seq=11 phase=ACTION_MANEUVER (apply)
2026.09.26-05.02.36 S09AUTO drive mode=0 plan=[defend+resolve+scheme] phase=ACTION_MANEUVER turn=cmuhntivg0000wib0anhqyswc
2026.09.26-05.02.36 SNAPSHOT applied seq=12 phase=ACTION_MANEUVER
2026.09.26-05.02.36 HANDLE_APPLIED #14 seq=12 decision=2 fightersValid=1 boardValid=1
2026.09.26-05.02.36 MODE seq=12 mode=0 combat=0 pending=0
2026.09.26-05.02.36 HUD seq=12 phase=ACTION_MANEUVER turn=opp hand=7 oppHand=9(hidden) oppDeck=23~ deck=23~ discard=0
2026.09.26-05.02.36 FIGHTERS synced n=6 alive=6 own=2 enemy=4
2026.09.26-05.02.36 WS seq=12 phase=ACTION_MANEUVER (apply)
2026.09.26-05.02.36 SNAPSHOT applied seq=13 phase=TURN_END
2026.09.26-05.02.36 HANDLE_APPLIED #15 seq=13 decision=2 fightersValid=1 boardValid=1
2026.09.26-05.02.36 MODE seq=13 mode=0 combat=0 pending=0
2026.09.26-05.02.36 HUD seq=13 phase=TURN_END turn=opp hand=7 oppHand=9(hidden) oppDeck=23~ deck=23~ discard=0 pendingDiscard=2
2026.09.26-05.02.36 FIGHTERS synced n=6 alive=6 own=2 enemy=4
2026.09.26-05.02.36 WS seq=13 phase=TURN_END (apply)
2026.09.26-05.02.37 SNAPSHOT applied seq=14 phase=ACTION_MANEUVER
2026.09.26-05.02.37 HANDLE_APPLIED #16 seq=14 decision=2 fightersValid=1 boardValid=1
2026.09.26-05.02.37 MODE seq=14 mode=0 combat=0 pending=0
2026.09.26-05.02.37 HUD seq=14 phase=ACTION_MANEUVER turn=you hand=7 oppHand=7(hidden) oppDeck=23~ deck=23~ discard=0
2026.09.26-05.02.37 FIGHTERS synced n=6 alive=6 own=2 enemy=4
2026.09.26-05.02.37 WS seq=14 phase=ACTION_MANEUVER (apply)
2026.09.26-05.02.37 S09AUTO own turn #1 (turnCount=4)
2026.09.26-05.02.37 S09AUTO scheme
2026.09.26-05.02.37 SNAPSHOT applied seq=15 phase=ACTION_MANEUVER
2026.09.26-05.02.37 HANDLE_APPLIED #17 seq=15 decision=2 fightersValid=1 boardValid=1
2026.09.26-05.02.37 closed mode=
2026.09.26-05.02.37 MODE seq=15 mode=6 combat=0 pending=1
2026.09.26-05.02.37 HUD seq=15 phase=ACTION_MANEUVER turn=you hand=6 oppHand=7(hidden) oppDeck=23~ deck=23~ discard=1
2026.09.26-05.02.37 FIGHTERS synced n=6 alive=6 own=2 enemy=4
2026.09.26-05.02.37 WS seq=15 phase=ACTION_MANEUVER (apply)
2026.09.26-05.02.37 SNAPSHOT applied seq=15 phase=ACTION_MANEUVER
2026.09.26-05.02.37 HANDLE_APPLIED #18 seq=15 decision=1 fightersValid=1 boardValid=1
2026.09.26-05.02.37 MODE seq=15 mode=6 combat=0 pending=1
2026.09.26-05.02.37 HUD seq=15 phase=ACTION_MANEUVER turn=you hand=6 oppHand=7(hidden) oppDeck=21 deck=23 discard=1
2026.09.26-05.02.37 FIGHTERS synced n=6 alive=6 own=2 enemy=4
2026.09.26-05.02.37 SCHEME done seq=15 (merge) phase=ACTION_MANEUVER
2026.09.26-05.02.39 S09AUTO drive mode=6 plan=[defend+resolve+scheme] phase=ACTION_MANEUVER turn=cmuhntiwu0001wib0z281rpa8
2026.09.26-05.02.39 S09AUTO pending-open shot (type=MOVE)
2026.09.26-05.02.39 SHOT ctx viewport=1280x720 viewTarget=CameraActor_2147482375 cam=(0,1107,1582) rot=(-55,-90,0)
2026.09.26-05.02.39 SHOT fighter f-0-hero pos=(2,2) world=(0,-50,0) screen=(640,318) projected=1 alive=1
2026.09.26-05.02.39 SHOT fighter f-0-sk0 pos=(3,2) world=(100,-50,0) screen=(744,318) projected=1 alive=1
2026.09.26-05.02.39 SHOT fighter f-0-sk1 pos=(2,1) world=(0,-150,0) screen=(640,236) projected=1 alive=1
2026.09.26-05.02.39 SHOT fighter f-0-sk2 pos=(1,2) world=(-100,-50,0) screen=(536,318) projected=1 alive=1
2026.09.26-05.02.39 SHOT fighter f-1-hero pos=(2,3) world=(0,50,0) screen=(640,404) projected=1 alive=1
2026.09.26-05.02.39 SHOT fighter f-1-sk0 pos=(3,3) world=(100,50,0) screen=(747,404) projected=1 alive=1
2026.09.26-05.02.39 SHOT requested: FScreenshotRequest(bShowUI) -> C:\Users\ren\AppData\Local\Temp\s09-pending-20260926-100210-40980\joiner/s09-pending-MOVE.png
2026.09.26-05.02.39 S09AUTO pending picked (type=MOVE)
2026.09.26-05.02.39 PEND-RESOLVE sent type=MOVE
2026.09.26-05.02.39 SNAPSHOT applied seq=16 phase=ACTION_MANEUVER
2026.09.26-05.02.39 HANDLE_APPLIED #19 seq=16 decision=2 fightersValid=1 boardValid=1
2026.09.26-05.02.39 MODE seq=16 mode=6 combat=0 pending=1
2026.09.26-05.02.39 HUD seq=16 phase=ACTION_MANEUVER turn=you hand=6 oppHand=7(hidden) oppDeck=21~ deck=23~ discard=1
2026.09.26-05.02.39 FIGHTERS synced n=6 alive=6 own=2 enemy=4
2026.09.26-05.02.39 WS seq=16 phase=ACTION_MANEUVER (apply)
2026.09.26-05.02.39 SNAPSHOT applied seq=16 phase=ACTION_MANEUVER
2026.09.26-05.02.39 HANDLE_APPLIED #20 seq=16 decision=1 fightersValid=1 boardValid=1
2026.09.26-05.02.39 MODE seq=16 mode=6 combat=0 pending=1
2026.09.26-05.02.39 HUD seq=16 phase=ACTION_MANEUVER turn=you hand=6 oppHand=7(hidden) oppDeck=21 deck=23 discard=1
2026.09.26-05.02.39 FIGHTERS synced n=6 alive=6 own=2 enemy=4
2026.09.26-05.02.39 PEND resolve done seq=16 (merge) phase=ACTION_MANEUVER
2026.09.26-05.02.39 S09AUTO pending picked (type=MOVE)
2026.09.26-05.02.39 PEND-RESOLVE sent type=MOVE
2026.09.26-05.02.39 SNAPSHOT applied seq=17 phase=ACTION_MANEUVER
2026.09.26-05.02.39 HANDLE_APPLIED #21 seq=17 decision=2 fightersValid=1 boardValid=1
2026.09.26-05.02.39 MODE seq=17 mode=6 combat=0 pending=1
2026.09.26-05.02.39 HUD seq=17 phase=ACTION_MANEUVER turn=you hand=6 oppHand=7(hidden) oppDeck=21~ deck=23~ discard=1
2026.09.26-05.02.39 FIGHTERS synced n=6 alive=6 own=2 enemy=4
2026.09.26-05.02.39 WS seq=17 phase=ACTION_MANEUVER (apply)
2026.09.26-05.02.39 SNAPSHOT applied seq=17 phase=ACTION_MANEUVER
2026.09.26-05.02.39 HANDLE_APPLIED #22 seq=17 decision=1 fightersValid=1 boardValid=1
2026.09.26-05.02.39 MODE seq=17 mode=6 combat=0 pending=1
2026.09.26-05.02.39 HUD seq=17 phase=ACTION_MANEUVER turn=you hand=6 oppHand=7(hidden) oppDeck=21 deck=23 discard=1
2026.09.26-05.02.39 FIGHTERS synced n=6 alive=6 own=2 enemy=4
2026.09.26-05.02.39 PEND resolve done seq=17 (merge) phase=ACTION_MANEUVER
2026.09.26-05.02.39 S09AUTO pending picked (type=MOVE)
2026.09.26-05.02.39 PEND-RESOLVE sent type=MOVE
2026.09.26-05.02.39 SNAPSHOT applied seq=18 phase=ACTION_MANEUVER
2026.09.26-05.02.39 HANDLE_APPLIED #23 seq=18 decision=2 fightersValid=1 boardValid=1
2026.09.26-05.02.39 MODE seq=18 mode=6 combat=0 pending=1
2026.09.26-05.02.39 HUD seq=18 phase=ACTION_MANEUVER turn=you hand=6 oppHand=7(hidden) oppDeck=21~ deck=23~ discard=1
2026.09.26-05.02.39 FIGHTERS synced n=6 alive=6 own=2 enemy=4
2026.09.26-05.02.39 WS seq=18 phase=ACTION_MANEUVER (apply)
2026.09.26-05.02.39 SNAPSHOT applied seq=18 phase=ACTION_MANEUVER
2026.09.26-05.02.39 HANDLE_APPLIED #24 seq=18 decision=1 fightersValid=1 boardValid=1
2026.09.26-05.02.39 MODE seq=18 mode=6 combat=0 pending=1
2026.09.26-05.02.39 HUD seq=18 phase=ACTION_MANEUVER turn=you hand=6 oppHand=7(hidden) oppDeck=21 deck=23 discard=1
2026.09.26-05.02.39 FIGHTERS synced n=6 alive=6 own=2 enemy=4
2026.09.26-05.02.39 PEND resolve done seq=18 (merge) phase=ACTION_MANEUVER
2026.09.26-05.02.39 S09AUTO pending picked (type=MOVE)
2026.09.26-05.02.39 PEND-RESOLVE sent type=MOVE
2026.09.26-05.02.39 SNAPSHOT applied seq=19 phase=ACTION_MANEUVER
2026.09.26-05.02.39 HANDLE_APPLIED #25 seq=19 decision=2 fightersValid=1 boardValid=1
2026.09.26-05.02.39 MODE seq=19 mode=6 combat=0 pending=1
2026.09.26-05.02.39 HUD seq=19 phase=ACTION_MANEUVER turn=you hand=6 oppHand=7(hidden) oppDeck=21~ deck=23~ discard=1
2026.09.26-05.02.39 FIGHTERS synced n=6 alive=6 own=2 enemy=4
2026.09.26-05.02.39 WS seq=19 phase=ACTION_MANEUVER (apply)
2026.09.26-05.02.39 SNAPSHOT applied seq=19 phase=ACTION_MANEUVER
2026.09.26-05.02.39 HANDLE_APPLIED #26 seq=19 decision=1 fightersValid=1 boardValid=1
2026.09.26-05.02.39 MODE seq=19 mode=6 combat=0 pending=1
2026.09.26-05.02.39 HUD seq=19 phase=ACTION_MANEUVER turn=you hand=6 oppHand=7(hidden) oppDeck=21 deck=23 discard=1
2026.09.26-05.02.39 FIGHTERS synced n=6 alive=6 own=2 enemy=4
2026.09.26-05.02.39 PEND resolve done seq=19 (merge) phase=ACTION_MANEUVER
2026.09.26-05.02.39 S09AUTO pending picked (type=MOVE)
2026.09.26-05.02.39 PEND-RESOLVE sent type=MOVE
2026.09.26-05.02.39 SNAPSHOT applied seq=20 phase=ACTION_MANEUVER
2026.09.26-05.02.39 HANDLE_APPLIED #27 seq=20 decision=2 fightersValid=1 boardValid=1
2026.09.26-05.02.39 MODE seq=20 mode=6 combat=0 pending=1
2026.09.26-05.02.39 HUD seq=20 phase=ACTION_MANEUVER turn=you hand=6 oppHand=7(hidden) oppDeck=21~ deck=23~ discard=1
2026.09.26-05.02.39 FIGHTERS synced n=6 alive=6 own=2 enemy=4
2026.09.26-05.02.39 WS seq=20 phase=ACTION_MANEUVER (apply)
2026.09.26-05.02.39 SNAPSHOT applied seq=20 phase=ACTION_MANEUVER
2026.09.26-05.02.39 HANDLE_APPLIED #28 seq=20 decision=1 fightersValid=1 boardValid=1
2026.09.26-05.02.39 MODE seq=20 mode=6 combat=0 pending=1
2026.09.26-05.02.39 HUD seq=20 phase=ACTION_MANEUVER turn=you hand=6 oppHand=7(hidden) oppDeck=21 deck=23 discard=1
2026.09.26-05.02.39 FIGHTERS synced n=6 alive=6 own=2 enemy=4
2026.09.26-05.02.39 PEND resolve done seq=20 (merge) phase=ACTION_MANEUVER
2026.09.26-05.02.39 S09AUTO pending picked (type=MOVE)
2026.09.26-05.02.39 PEND-RESOLVE sent type=MOVE
2026.09.26-05.02.39 SNAPSHOT applied seq=21 phase=ACTION_MANEUVER
2026.09.26-05.02.39 HANDLE_APPLIED #29 seq=21 decision=2 fightersValid=1 boardValid=1
2026.09.26-05.02.39 closed mode=
2026.09.26-05.02.39 MODE seq=21 mode=0 combat=0 pending=0
2026.09.26-05.02.39 HUD seq=21 phase=ACTION_MANEUVER turn=you hand=6 oppHand=7(hidden) oppDeck=21~ deck=23~ discard=1
2026.09.26-05.02.39 FIGHTERS synced n=6 alive=6 own=2 enemy=4
2026.09.26-05.02.39 WS seq=21 phase=ACTION_MANEUVER (apply)
2026.09.26-05.02.39 SNAPSHOT applied seq=21 phase=ACTION_MANEUVER
2026.09.26-05.02.39 HANDLE_APPLIED #30 seq=21 decision=1 fightersValid=1 boardValid=1
2026.09.26-05.02.39 MODE seq=21 mode=0 combat=0 pending=0
2026.09.26-05.02.39 HUD seq=21 phase=ACTION_MANEUVER turn=you hand=6 oppHand=7(hidden) oppDeck=21 deck=23 discard=1
2026.09.26-05.02.39 FIGHTERS synced n=6 alive=6 own=2 enemy=4
2026.09.26-05.02.39 PEND resolve done seq=21 (merge) phase=ACTION_MANEUVER
2026.09.26-05.02.39 S09AUTO drive mode=0 plan=[defend+resolve+scheme] phase=ACTION_MANEUVER turn=cmuhntiwu0001wib0z281rpa8
2026.09.26-05.02.39 SNAPSHOT applied seq=22 phase=ACTION_MANEUVER
2026.09.26-05.02.39 HANDLE_APPLIED #31 seq=22 decision=2 fightersValid=1 boardValid=1
2026.09.26-05.02.39 MANEUVER-DRAFT mode=maneuver:4:21
2026.09.26-05.02.39 DRAFT-OPEN draw committed (resume instead of begin)
2026.09.26-05.02.39 MODE seq=22 mode=1 combat=0 pending=0
2026.09.26-05.02.39 HUD seq=22 phase=ACTION_MANEUVER turn=you hand=7 oppHand=7(hidden) oppDeck=21~ deck=23~ discard=1
2026.09.26-05.02.39 FIGHTERS synced n=6 alive=6 own=2 enemy=4
2026.09.26-05.02.39 WS seq=22 phase=ACTION_MANEUVER (apply)
2026.09.26-05.02.39 SNAPSHOT applied seq=22 phase=ACTION_MANEUVER
2026.09.26-05.02.39 HANDLE_APPLIED #32 seq=22 decision=1 fightersValid=1 boardValid=1
2026.09.26-05.02.39 MODE seq=22 mode=1 combat=0 pending=0
2026.09.26-05.02.39 HUD seq=22 phase=ACTION_MANEUVER turn=you hand=7 oppHand=7(hidden) oppDeck=21 deck=22 discard=1
2026.09.26-05.02.39 FIGHTERS synced n=6 alive=6 own=2 enemy=4
2026.09.26-05.02.39 MANEUVER begin seq=22 (merge) pending=maneuver:4:21
2026.09.26-05.02.39 S09AUTO drive mode=1 plan=[defend+resolve+scheme] phase=ACTION_MANEUVER turn=cmuhntiwu0001wib0z281rpa8
2026.09.26-05.02.39 MANEUVER-CONFIRM moves=1 boost=none
2026.09.26-05.02.39 SNAPSHOT applied seq=23 phase=ACTION_MANEUVER
2026.09.26-05.02.39 HANDLE_APPLIED #33 seq=23 decision=2 fightersValid=1 boardValid=1
2026.09.26-05.02.39 closed mode=
2026.09.26-05.02.39 MODE seq=23 mode=0 combat=0 pending=0
2026.09.26-05.02.39 HUD seq=23 phase=ACTION_MANEUVER turn=opp hand=7 oppHand=7(hidden) oppDeck=21~ deck=22~ discard=1
2026.09.26-05.02.39 FIGHTERS synced n=6 alive=6 own=2 enemy=4
2026.09.26-05.02.39 CUE move f-1-hero (2,3)->(1,3) seq=23
2026.09.26-05.02.39 WS seq=23 phase=ACTION_MANEUVER (apply)
2026.09.26-05.02.39 SNAPSHOT applied seq=23 phase=ACTION_MANEUVER
2026.09.26-05.02.39 HANDLE_APPLIED #34 seq=23 decision=1 fightersValid=1 boardValid=1
2026.09.26-05.02.39 MODE seq=23 mode=0 combat=0 pending=0
2026.09.26-05.02.39 HUD seq=23 phase=ACTION_MANEUVER turn=opp hand=7 oppHand=7(hidden) oppDeck=21 deck=22 discard=1
2026.09.26-05.02.39 FIGHTERS synced n=6 alive=6 own=2 enemy=4
2026.09.26-05.02.39 MANEUVER done seq=23 (merge) fighters=6 boost=no
2026.09.26-05.02.39 SNAPSHOT applied seq=24 phase=ACTION_MANEUVER
2026.09.26-05.02.39 HANDLE_APPLIED #35 seq=24 decision=2 fightersValid=1 boardValid=1
2026.09.26-05.02.39 MODE seq=24 mode=0 combat=0 pending=1
2026.09.26-05.02.39 HUD seq=24 phase=ACTION_MANEUVER turn=opp hand=7 oppHand=6(hidden) oppDeck=21~ deck=22~ discard=1
2026.09.26-05.02.39 FIGHTERS synced n=6 alive=6 own=2 enemy=4
2026.09.26-05.02.39 WS seq=24 phase=ACTION_MANEUVER (apply)
2026.09.26-05.02.40 S09AUTO drive mode=0 plan=[defend+resolve+scheme] phase=ACTION_MANEUVER turn=cmuhntivg0000wib0anhqyswc
2026.09.26-05.02.40 SNAPSHOT applied seq=25 phase=ACTION_MANEUVER
2026.09.26-05.02.40 HANDLE_APPLIED #36 seq=25 decision=2 fightersValid=1 boardValid=1
2026.09.26-05.02.40 MODE seq=25 mode=0 combat=0 pending=0
2026.09.26-05.02.40 HUD seq=25 phase=ACTION_MANEUVER turn=opp hand=7 oppHand=6(hidden) oppDeck=21~ deck=22~ discard=1
2026.09.26-05.02.40 FIGHTERS synced n=6 alive=6 own=2 enemy=4
2026.09.26-05.02.40 CUE damage f-0-hero -2 seq=25
2026.09.26-05.02.40 WS seq=25 phase=ACTION_MANEUVER (apply)
2026.09.26-05.02.40 SNAPSHOT applied seq=26 phase=ACTION_MANEUVER
2026.09.26-05.02.40 HANDLE_APPLIED #37 seq=26 decision=2 fightersValid=1 boardValid=1
2026.09.26-05.02.40 MODE seq=26 mode=0 combat=0 pending=0
2026.09.26-05.02.40 HUD seq=26 phase=ACTION_MANEUVER turn=opp hand=7 oppHand=7(hidden) oppDeck=21~ deck=22~ discard=1
2026.09.26-05.02.40 FIGHTERS synced n=6 alive=6 own=2 enemy=4
2026.09.26-05.02.40 WS seq=26 phase=ACTION_MANEUVER (apply)
2026.09.26-05.02.40 SNAPSHOT applied seq=27 phase=ACTION_MANEUVER
2026.09.26-05.02.40 HANDLE_APPLIED #38 seq=27 decision=2 fightersValid=1 boardValid=1
2026.09.26-05.02.40 MODE seq=27 mode=0 combat=0 pending=0
2026.09.26-05.02.40 HUD seq=27 phase=ACTION_MANEUVER turn=you hand=7 oppHand=7(hidden) oppDeck=21~ deck=22~ discard=1
2026.09.26-05.02.40 FIGHTERS synced n=6 alive=6 own=2 enemy=4
2026.09.26-05.02.40 CUE move f-0-hero (2,2)->(2,3) seq=27
2026.09.26-05.02.40 WS seq=27 phase=ACTION_MANEUVER (apply)
2026.09.26-05.02.40 S09AUTO own turn #2 (turnCount=6)
2026.09.26-05.02.40 SNAPSHOT applied seq=28 phase=ACTION_MANEUVER
2026.09.26-05.02.40 HANDLE_APPLIED #39 seq=28 decision=2 fightersValid=1 boardValid=1
2026.09.26-05.02.40 MANEUVER-DRAFT mode=maneuver:6:27
2026.09.26-05.02.40 DRAFT-OPEN draw committed (resume instead of begin)
2026.09.26-05.02.40 MODE seq=28 mode=1 combat=0 pending=0
2026.09.26-05.02.40 HUD seq=28 phase=ACTION_MANEUVER turn=you hand=8 oppHand=7(hidden) oppDeck=21~ deck=22~ discard=1
2026.09.26-05.02.40 FIGHTERS synced n=6 alive=6 own=2 enemy=4
2026.09.26-05.02.40 WS seq=28 phase=ACTION_MANEUVER (apply)
2026.09.26-05.02.41 SNAPSHOT applied seq=28 phase=ACTION_MANEUVER
2026.09.26-05.02.41 HANDLE_APPLIED #40 seq=28 decision=1 fightersValid=1 boardValid=1
2026.09.26-05.02.41 MODE seq=28 mode=1 combat=0 pending=0
2026.09.26-05.02.41 HUD seq=28 phase=ACTION_MANEUVER turn=you hand=8 oppHand=7(hidden) oppDeck=20 deck=21 discard=1
2026.09.26-05.02.41 FIGHTERS synced n=6 alive=6 own=2 enemy=4
2026.09.26-05.02.41 MANEUVER begin seq=28 (merge) pending=maneuver:6:27
2026.09.26-05.02.41 S09AUTO drive mode=1 plan=[defend+resolve+scheme] phase=ACTION_MANEUVER turn=cmuhntiwu0001wib0z281rpa8
2026.09.26-05.02.41 S09AUTO multi-fighter moves=2
2026.09.26-05.02.41 MANEUVER-CONFIRM moves=2 boost=none
2026.09.26-05.02.41 SNAPSHOT applied seq=29 phase=ACTION_MANEUVER
2026.09.26-05.02.41 HANDLE_APPLIED #41 seq=29 decision=2 fightersValid=1 boardValid=1
2026.09.26-05.02.41 closed mode=
2026.09.26-05.02.41 MODE seq=29 mode=0 combat=0 pending=0
2026.09.26-05.02.41 HUD seq=29 phase=ACTION_MANEUVER turn=you hand=8 oppHand=7(hidden) oppDeck=20~ deck=21~ discard=1
2026.09.26-05.02.41 FIGHTERS synced n=6 alive=6 own=2 enemy=4
2026.09.26-05.02.41 CUE move f-1-hero (1,3)->(0,3) seq=29
2026.09.26-05.02.41 CUE move f-1-sk0 (3,3)->(4,3) seq=29
2026.09.26-05.02.41 WS seq=29 phase=ACTION_MANEUVER (apply)
2026.09.26-05.02.41 SNAPSHOT applied seq=29 phase=ACTION_MANEUVER
2026.09.26-05.02.41 HANDLE_APPLIED #42 seq=29 decision=1 fightersValid=1 boardValid=1
2026.09.26-05.02.41 MODE seq=29 mode=0 combat=0 pending=0
2026.09.26-05.02.41 HUD seq=29 phase=ACTION_MANEUVER turn=you hand=8 oppHand=7(hidden) oppDeck=20 deck=21 discard=1
2026.09.26-05.02.41 FIGHTERS synced n=6 alive=6 own=2 enemy=4
2026.09.26-05.02.41 MANEUVER done seq=29 (merge) fighters=6 boost=no
2026.09.26-05.02.42 S09AUTO drive mode=0 plan=[defend+resolve+scheme] phase=ACTION_MANEUVER turn=cmuhntiwu0001wib0z281rpa8
2026.09.26-05.02.42 SNAPSHOT applied seq=30 phase=ACTION_MANEUVER
2026.09.26-05.02.42 HANDLE_APPLIED #43 seq=30 decision=2 fightersValid=1 boardValid=1
2026.09.26-05.02.42 MANEUVER-DRAFT mode=maneuver:6:29
2026.09.26-05.02.42 DRAFT-OPEN draw committed (resume instead of begin)
2026.09.26-05.02.42 MODE seq=30 mode=1 combat=0 pending=0
2026.09.26-05.02.42 HUD seq=30 phase=ACTION_MANEUVER turn=you hand=9 oppHand=7(hidden) oppDeck=20~ deck=21~ discard=1
2026.09.26-05.02.42 FIGHTERS synced n=6 alive=6 own=2 enemy=4
2026.09.26-05.02.42 WS seq=30 phase=ACTION_MANEUVER (apply)
2026.09.26-05.02.42 SNAPSHOT applied seq=30 phase=ACTION_MANEUVER
2026.09.26-05.02.42 HANDLE_APPLIED #44 seq=30 decision=1 fightersValid=1 boardValid=1
2026.09.26-05.02.42 MODE seq=30 mode=1 combat=0 pending=0
2026.09.26-05.02.42 HUD seq=30 phase=ACTION_MANEUVER turn=you hand=9 oppHand=7(hidden) oppDeck=20 deck=20 discard=1
2026.09.26-05.02.42 FIGHTERS synced n=6 alive=6 own=2 enemy=4
2026.09.26-05.02.42 MANEUVER begin seq=30 (merge) pending=maneuver:6:29
2026.09.26-05.02.42 S09AUTO drive mode=1 plan=[defend+resolve+scheme] phase=ACTION_MANEUVER turn=cmuhntiwu0001wib0z281rpa8
2026.09.26-05.02.42 MANEUVER-CONFIRM moves=1 boost=none
2026.09.26-05.02.42 SNAPSHOT applied seq=31 phase=TURN_END
2026.09.26-05.02.42 HANDLE_APPLIED #45 seq=31 decision=2 fightersValid=1 boardValid=1
2026.09.26-05.02.42 DISCARD-DRAFT count=2 pending=discard:6:31
2026.09.26-05.02.42 MODE seq=31 mode=2 combat=0 pending=0
2026.09.26-05.02.42 HUD seq=31 phase=TURN_END turn=you hand=9 oppHand=7(hidden) oppDeck=20~ deck=20~ discard=1 pendingDiscard=2
2026.09.26-05.02.42 FIGHTERS synced n=6 alive=6 own=2 enemy=4
2026.09.26-05.02.42 CUE move f-1-hero (0,3)->(1,3) seq=31
2026.09.26-05.02.42 WS seq=31 phase=TURN_END (apply)
2026.09.26-05.02.42 SNAPSHOT applied seq=31 phase=TURN_END
2026.09.26-05.02.42 HANDLE_APPLIED #46 seq=31 decision=1 fightersValid=1 boardValid=1
2026.09.26-05.02.42 MODE seq=31 mode=2 combat=0 pending=0
2026.09.26-05.02.42 HUD seq=31 phase=TURN_END turn=you hand=9 oppHand=7(hidden) oppDeck=20 deck=20 discard=1 pendingDiscard=2
2026.09.26-05.02.42 FIGHTERS synced n=6 alive=6 own=2 enemy=4
2026.09.26-05.02.42 MANEUVER done seq=31 (merge) fighters=6 boost=no
2026.09.26-05.02.43 SHOT ctx viewport=1280x720 viewTarget=CameraActor_2147482375 cam=(0,1107,1582) rot=(-55,-90,0)
2026.09.26-05.02.43 SHOT fighter f-0-hero pos=(2,3) world=(0,50,0) screen=(640,404) projected=1 alive=1
2026.09.26-05.02.43 SHOT fighter f-0-sk0 pos=(3,2) world=(100,-50,0) screen=(744,318) projected=1 alive=1
2026.09.26-05.02.43 SHOT fighter f-0-sk1 pos=(2,1) world=(0,-150,0) screen=(640,236) projected=1 alive=1
2026.09.26-05.02.43 SHOT fighter f-0-sk2 pos=(1,2) world=(-100,-50,0) screen=(536,318) projected=1 alive=1
2026.09.26-05.02.43 SHOT fighter f-1-hero pos=(1,3) world=(-100,50,0) screen=(533,404) projected=1 alive=1
2026.09.26-05.02.43 SHOT fighter f-1-sk0 pos=(4,3) world=(200,50,0) screen=(853,404) projected=1 alive=1
2026.09.26-05.02.43 SHOT requested: FScreenshotRequest(bShowUI) -> C:\Users\ren\AppData\Local\Temp\s09-pending-20260926-100210-40980\joiner/s09-discard-open.png
2026.09.26-05.02.43 S09AUTO drive mode=2 plan=[defend+resolve+scheme] phase=TURN_END turn=cmuhntiwu0001wib0z281rpa8
2026.09.26-05.02.43 S09AUTO discard picks=2
2026.09.26-05.02.43 DISCARD-CONFIRM pending=discard:6:31 count=2 ids=cmuhgvgi200oqwi9ginqxairz::2,cmuhgvgi600p0wi9gzhz8rkin::2
2026.09.26-05.02.43 SNAPSHOT applied seq=32 phase=ACTION_MANEUVER
2026.09.26-05.02.43 HANDLE_APPLIED #47 seq=32 decision=2 fightersValid=1 boardValid=1
2026.09.26-05.02.43 closed mode=
2026.09.26-05.02.43 MODE seq=32 mode=0 combat=0 pending=1
2026.09.26-05.02.43 HUD seq=32 phase=ACTION_MANEUVER turn=opp hand=7 oppHand=7(hidden) oppDeck=20~ deck=20~ discard=3
2026.09.26-05.02.43 FIGHTERS synced n=6 alive=6 own=2 enemy=4
2026.09.26-05.02.43 WS seq=32 phase=ACTION_MANEUVER (apply)
2026.09.26-05.02.43 SNAPSHOT applied seq=32 phase=ACTION_MANEUVER
2026.09.26-05.02.43 HANDLE_APPLIED #48 seq=32 decision=1 fightersValid=1 boardValid=1
2026.09.26-05.02.43 MODE seq=32 mode=0 combat=0 pending=1
2026.09.26-05.02.43 HUD seq=32 phase=ACTION_MANEUVER turn=opp hand=7 oppHand=7(hidden) oppDeck=20 deck=20 discard=3
2026.09.26-05.02.43 FIGHTERS synced n=6 alive=6 own=2 enemy=4
2026.09.26-05.02.43 DISCARD done seq=32 phase=ACTION_MANEUVER count=2
2026.09.26-05.02.43 SNAPSHOT applied seq=33 phase=ACTION_MANEUVER
2026.09.26-05.02.43 HANDLE_APPLIED #49 seq=33 decision=2 fightersValid=1 boardValid=1
2026.09.26-05.02.43 MODE seq=33 mode=0 combat=0 pending=0
2026.09.26-05.02.43 HUD seq=33 phase=ACTION_MANEUVER turn=opp hand=7 oppHand=7(hidden) oppDeck=20~ deck=20~ discard=3
2026.09.26-05.02.43 FIGHTERS synced n=6 alive=6 own=2 enemy=4
2026.09.26-05.02.43 CUE damage f-1-hero -1 seq=33
2026.09.26-05.02.43 WS seq=33 phase=ACTION_MANEUVER (apply)
2026.09.26-05.02.43 SNAPSHOT applied seq=34 phase=ACTION_MANEUVER
2026.09.26-05.02.43 HANDLE_APPLIED #50 seq=34 decision=2 fightersValid=1 boardValid=1
2026.09.26-05.02.43 MODE seq=34 mode=0 combat=0 pending=0
2026.09.26-05.02.43 HUD seq=34 phase=ACTION_MANEUVER turn=opp hand=7 oppHand=8(hidden) oppDeck=20~ deck=20~ discard=3
2026.09.26-05.02.43 FIGHTERS synced n=6 alive=6 own=2 enemy=4
2026.09.26-05.02.43 WS seq=34 phase=ACTION_MANEUVER (apply)
2026.09.26-05.02.43 SNAPSHOT applied seq=35 phase=ACTION_MANEUVER
2026.09.26-05.02.43 HANDLE_APPLIED #51 seq=35 decision=2 fightersValid=1 boardValid=1
2026.09.26-05.02.43 MODE seq=35 mode=0 combat=0 pending=0
2026.09.26-05.02.43 HUD seq=35 phase=ACTION_MANEUVER turn=opp hand=7 oppHand=8(hidden) oppDeck=20~ deck=20~ discard=3
2026.09.26-05.02.43 FIGHTERS synced n=6 alive=6 own=2 enemy=4
2026.09.26-05.02.43 CUE move f-0-hero (2,3)->(3,3) seq=35
2026.09.26-05.02.43 WS seq=35 phase=ACTION_MANEUVER (apply)
2026.09.26-05.02.44 S09AUTO drive mode=0 plan=[defend+resolve+scheme] phase=ACTION_MANEUVER turn=cmuhntivg0000wib0anhqyswc
2026.09.26-05.02.44 SNAPSHOT applied seq=36 phase=ACTION_MANEUVER
2026.09.26-05.02.44 HANDLE_APPLIED #52 seq=36 decision=2 fightersValid=1 boardValid=1
2026.09.26-05.02.44 MODE seq=36 mode=0 combat=0 pending=0
2026.09.26-05.02.44 HUD seq=36 phase=ACTION_MANEUVER turn=opp hand=7 oppHand=9(hidden) oppDeck=20~ deck=20~ discard=3
2026.09.26-05.02.44 FIGHTERS synced n=6 alive=6 own=2 enemy=4
2026.09.26-05.02.44 WS seq=36 phase=ACTION_MANEUVER (apply)
2026.09.26-05.02.45 SNAPSHOT applied seq=37 phase=TURN_END
2026.09.26-05.02.45 HANDLE_APPLIED #53 seq=37 decision=2 fightersValid=1 boardValid=1
2026.09.26-05.02.45 MODE seq=37 mode=0 combat=0 pending=0
2026.09.26-05.02.45 HUD seq=37 phase=TURN_END turn=opp hand=7 oppHand=9(hidden) oppDeck=20~ deck=20~ discard=3 pendingDiscard=2
2026.09.26-05.02.45 FIGHTERS synced n=6 alive=6 own=2 enemy=4
2026.09.26-05.02.45 CUE move f-0-hero (3,3)->(2,3) seq=37
2026.09.26-05.02.45 WS seq=37 phase=TURN_END (apply)
2026.09.26-05.02.46 SNAPSHOT applied seq=38 phase=ACTION_MANEUVER
2026.09.26-05.02.46 HANDLE_APPLIED #54 seq=38 decision=2 fightersValid=1 boardValid=1
2026.09.26-05.02.46 MODE seq=38 mode=0 combat=0 pending=0
2026.09.26-05.02.46 HUD seq=38 phase=ACTION_MANEUVER turn=you hand=7 oppHand=7(hidden) oppDeck=20~ deck=20~ discard=3
2026.09.26-05.02.46 FIGHTERS synced n=6 alive=6 own=2 enemy=4
2026.09.26-05.02.46 WS seq=38 phase=ACTION_MANEUVER (apply)
2026.09.26-05.02.46 S09AUTO own turn #3 (turnCount=8)
2026.09.26-05.02.46 S09AUTO scheme
2026.09.26-05.02.46 SNAPSHOT applied seq=39 phase=ACTION_MANEUVER
2026.09.26-05.02.46 HANDLE_APPLIED #55 seq=39 decision=2 fightersValid=1 boardValid=1
2026.09.26-05.02.46 closed mode=
2026.09.26-05.02.46 MODE seq=39 mode=6 combat=0 pending=1
2026.09.26-05.02.46 HUD seq=39 phase=ACTION_MANEUVER turn=you hand=6 oppHand=7(hidden) oppDeck=20~ deck=20~ discard=4
2026.09.26-05.02.46 FIGHTERS synced n=6 alive=6 own=2 enemy=4
2026.09.26-05.02.46 WS seq=39 phase=ACTION_MANEUVER (apply)
2026.09.26-05.02.46 SNAPSHOT applied seq=39 phase=ACTION_MANEUVER
2026.09.26-05.02.46 HANDLE_APPLIED #56 seq=39 decision=1 fightersValid=1 boardValid=1
2026.09.26-05.02.46 MODE seq=39 mode=6 combat=0 pending=1
2026.09.26-05.02.46 HUD seq=39 phase=ACTION_MANEUVER turn=you hand=6 oppHand=7(hidden) oppDeck=18 deck=20 discard=4
2026.09.26-05.02.46 FIGHTERS synced n=6 alive=6 own=2 enemy=4
2026.09.26-05.02.46 SCHEME done seq=39 (merge) phase=ACTION_MANEUVER
2026.09.26-05.02.47 S09AUTO drive mode=6 plan=[defend+resolve+scheme] phase=ACTION_MANEUVER turn=cmuhntiwu0001wib0z281rpa8
2026.09.26-05.02.47 S09AUTO pending picked (type=CHOOSE_SPACE)
2026.09.26-05.02.47 PEND-RESOLVE sent type=CHOOSE_SPACE
2026.09.26-05.02.47 SNAPSHOT applied seq=40 phase=ACTION_MANEUVER
2026.09.26-05.02.47 HANDLE_APPLIED #57 seq=40 decision=2 fightersValid=1 boardValid=1
2026.09.26-05.02.47 MODE seq=40 mode=6 combat=0 pending=1
2026.09.26-05.02.47 HUD seq=40 phase=ACTION_MANEUVER turn=you hand=6 oppHand=7(hidden) oppDeck=18~ deck=20~ discard=4
2026.09.26-05.02.47 FIGHTERS synced n=6 alive=6 own=2 enemy=4
2026.09.26-05.02.47 WS seq=40 phase=ACTION_MANEUVER (apply)
2026.09.26-05.02.47 SNAPSHOT applied seq=40 phase=ACTION_MANEUVER
2026.09.26-05.02.47 HANDLE_APPLIED #58 seq=40 decision=1 fightersValid=1 boardValid=1
2026.09.26-05.02.47 MODE seq=40 mode=6 combat=0 pending=1
2026.09.26-05.02.47 HUD seq=40 phase=ACTION_MANEUVER turn=you hand=6 oppHand=7(hidden) oppDeck=18 deck=20 discard=4
2026.09.26-05.02.47 FIGHTERS synced n=6 alive=6 own=2 enemy=4
2026.09.26-05.02.47 PEND resolve done seq=40 (merge) phase=ACTION_MANEUVER
2026.09.26-05.02.47 S09AUTO pending picked (type=CHOOSE_SPACE)
2026.09.26-05.02.47 PEND-RESOLVE sent type=CHOOSE_SPACE
2026.09.26-05.02.47 SNAPSHOT applied seq=41 phase=ACTION_MANEUVER
2026.09.26-05.02.47 HANDLE_APPLIED #59 seq=41 decision=2 fightersValid=1 boardValid=1
2026.09.26-05.02.47 closed mode=
2026.09.26-05.02.47 MODE seq=41 mode=0 combat=0 pending=0
2026.09.26-05.02.47 HUD seq=41 phase=ACTION_MANEUVER turn=you hand=6 oppHand=7(hidden) oppDeck=18~ deck=20~ discard=4
2026.09.26-05.02.47 FIGHTERS synced n=6 alive=6 own=2 enemy=4
2026.09.26-05.02.47 WS seq=41 phase=ACTION_MANEUVER (apply)
2026.09.26-05.02.47 SNAPSHOT applied seq=41 phase=ACTION_MANEUVER
2026.09.26-05.02.47 HANDLE_APPLIED #60 seq=41 decision=1 fightersValid=1 boardValid=1
2026.09.26-05.02.47 MODE seq=41 mode=0 combat=0 pending=0
2026.09.26-05.02.47 HUD seq=41 phase=ACTION_MANEUVER turn=you hand=6 oppHand=7(hidden) oppDeck=18 deck=20 discard=4
2026.09.26-05.02.47 FIGHTERS synced n=6 alive=6 own=2 enemy=4
2026.09.26-05.02.47 PEND resolve done seq=41 (merge) phase=ACTION_MANEUVER
2026.09.26-05.02.47 S09AUTO drive mode=0 plan=[defend+resolve+scheme] phase=ACTION_MANEUVER turn=cmuhntiwu0001wib0z281rpa8
2026.09.26-05.02.47 SNAPSHOT applied seq=42 phase=ACTION_MANEUVER
2026.09.26-05.02.47 HANDLE_APPLIED #61 seq=42 decision=2 fightersValid=1 boardValid=1
2026.09.26-05.02.47 MANEUVER-DRAFT mode=maneuver:8:41
2026.09.26-05.02.47 DRAFT-OPEN draw committed (resume instead of begin)
2026.09.26-05.02.47 MODE seq=42 mode=1 combat=0 pending=0
2026.09.26-05.02.47 HUD seq=42 phase=ACTION_MANEUVER turn=you hand=7 oppHand=7(hidden) oppDeck=18~ deck=20~ discard=4
2026.09.26-05.02.47 FIGHTERS synced n=6 alive=6 own=2 enemy=4
2026.09.26-05.02.47 WS seq=42 phase=ACTION_MANEUVER (apply)
2026.09.26-05.02.47 SNAPSHOT applied seq=42 phase=ACTION_MANEUVER
2026.09.26-05.02.47 HANDLE_APPLIED #62 seq=42 decision=1 fightersValid=1 boardValid=1
2026.09.26-05.02.47 MODE seq=42 mode=1 combat=0 pending=0
2026.09.26-05.02.47 HUD seq=42 phase=ACTION_MANEUVER turn=you hand=7 oppHand=7(hidden) oppDeck=18 deck=19 discard=4
2026.09.26-05.02.47 FIGHTERS synced n=6 alive=6 own=2 enemy=4
2026.09.26-05.02.47 MANEUVER begin seq=42 (merge) pending=maneuver:8:41
2026.09.26-05.02.47 S09AUTO drive mode=1 plan=[defend+resolve+scheme] phase=ACTION_MANEUVER turn=cmuhntiwu0001wib0z281rpa8
2026.09.26-05.02.47 MANEUVER-CONFIRM moves=1 boost=none
2026.09.26-05.02.47 SNAPSHOT applied seq=43 phase=ACTION_MANEUVER
2026.09.26-05.02.47 HANDLE_APPLIED #63 seq=43 decision=2 fightersValid=1 boardValid=1
2026.09.26-05.02.47 closed mode=
2026.09.26-05.02.47 MODE seq=43 mode=0 combat=0 pending=1
2026.09.26-05.02.47 HUD seq=43 phase=ACTION_MANEUVER turn=opp hand=7 oppHand=7(hidden) oppDeck=18~ deck=19~ discard=4
2026.09.26-05.02.47 FIGHTERS synced n=6 alive=6 own=2 enemy=4
2026.09.26-05.02.47 CUE move f-1-hero (1,3)->(0,3) seq=43
2026.09.26-05.02.47 WS seq=43 phase=ACTION_MANEUVER (apply)
2026.09.26-05.02.47 SNAPSHOT applied seq=43 phase=ACTION_MANEUVER
2026.09.26-05.02.47 HANDLE_APPLIED #64 seq=43 decision=1 fightersValid=1 boardValid=1
2026.09.26-05.02.47 MODE seq=43 mode=0 combat=0 pending=1
2026.09.26-05.02.47 HUD seq=43 phase=ACTION_MANEUVER turn=opp hand=7 oppHand=7(hidden) oppDeck=18 deck=19 discard=4
2026.09.26-05.02.47 FIGHTERS synced n=6 alive=6 own=2 enemy=4
2026.09.26-05.02.47 MANEUVER done seq=43 (merge) fighters=6 boost=no
2026.09.26-05.02.47 SNAPSHOT applied seq=44 phase=ACTION_MANEUVER
2026.09.26-05.02.47 HANDLE_APPLIED #65 seq=44 decision=2 fightersValid=1 boardValid=1
2026.09.26-05.02.47 MODE seq=44 mode=0 combat=0 pending=0
2026.09.26-05.02.47 HUD seq=44 phase=ACTION_MANEUVER turn=opp hand=7 oppHand=7(hidden) oppDeck=18~ deck=19~ discard=4
2026.09.26-05.02.47 FIGHTERS synced n=6 alive=6 own=2 enemy=4
2026.09.26-05.02.47 CUE damage f-1-hero -1 seq=44
2026.09.26-05.02.47 WS seq=44 phase=ACTION_MANEUVER (apply)
2026.09.26-05.02.47 SNAPSHOT applied seq=45 phase=ACTION_MANEUVER
2026.09.26-05.02.47 HANDLE_APPLIED #66 seq=45 decision=2 fightersValid=1 boardValid=1
2026.09.26-05.02.47 MODE seq=45 mode=0 combat=0 pending=0
2026.09.26-05.02.47 HUD seq=45 phase=ACTION_MANEUVER turn=opp hand=7 oppHand=8(hidden) oppDeck=18~ deck=19~ discard=4
2026.09.26-05.02.47 FIGHTERS synced n=6 alive=6 own=2 enemy=4
2026.09.26-05.02.47 WS seq=45 phase=ACTION_MANEUVER (apply)
2026.09.26-05.02.47 SNAPSHOT applied seq=46 phase=ACTION_MANEUVER
2026.09.26-05.02.47 HANDLE_APPLIED #67 seq=46 decision=2 fightersValid=1 boardValid=1
2026.09.26-05.02.47 MODE seq=46 mode=0 combat=0 pending=0
2026.09.26-05.02.47 HUD seq=46 phase=ACTION_MANEUVER turn=opp hand=7 oppHand=8(hidden) oppDeck=18~ deck=19~ discard=4
2026.09.26-05.02.47 FIGHTERS synced n=6 alive=6 own=2 enemy=4
2026.09.26-05.02.47 CUE move f-0-hero (2,3)->(1,3) seq=46
2026.09.26-05.02.47 WS seq=46 phase=ACTION_MANEUVER (apply)
2026.09.26-05.02.48 S09AUTO drive mode=0 plan=[defend+resolve+scheme] phase=ACTION_MANEUVER turn=cmuhntivg0000wib0anhqyswc
2026.09.26-05.02.49 SNAPSHOT applied seq=47 phase=ACTION_MANEUVER
2026.09.26-05.02.49 HANDLE_APPLIED #68 seq=47 decision=2 fightersValid=1 boardValid=1
2026.09.26-05.02.49 MODE seq=47 mode=0 combat=0 pending=0
2026.09.26-05.02.49 HUD seq=47 phase=ACTION_MANEUVER turn=opp hand=7 oppHand=9(hidden) oppDeck=18~ deck=19~ discard=4
2026.09.26-05.02.49 FIGHTERS synced n=6 alive=6 own=2 enemy=4
2026.09.26-05.02.49 WS seq=47 phase=ACTION_MANEUVER (apply)
2026.09.26-05.02.49 SNAPSHOT applied seq=48 phase=TURN_END
2026.09.26-05.02.49 HANDLE_APPLIED #69 seq=48 decision=2 fightersValid=1 boardValid=1
2026.09.26-05.02.49 MODE seq=48 mode=0 combat=0 pending=0
2026.09.26-05.02.49 HUD seq=48 phase=TURN_END turn=opp hand=7 oppHand=9(hidden) oppDeck=18~ deck=19~ discard=4 pendingDiscard=2
2026.09.26-05.02.49 FIGHTERS synced n=6 alive=6 own=2 enemy=4
2026.09.26-05.02.49 CUE move f-0-hero (1,3)->(2,3) seq=48
2026.09.26-05.02.49 WS seq=48 phase=TURN_END (apply)
2026.09.26-05.02.50 SNAPSHOT applied seq=49 phase=ACTION_MANEUVER
2026.09.26-05.02.50 HANDLE_APPLIED #70 seq=49 decision=2 fightersValid=1 boardValid=1
2026.09.26-05.02.50 MODE seq=49 mode=0 combat=0 pending=0
2026.09.26-05.02.50 HUD seq=49 phase=ACTION_MANEUVER turn=you hand=7 oppHand=7(hidden) oppDeck=18~ deck=19~ discard=4
2026.09.26-05.02.50 FIGHTERS synced n=6 alive=6 own=2 enemy=4
2026.09.26-05.02.50 WS seq=49 phase=ACTION_MANEUVER (apply)
2026.09.26-05.02.50 S09AUTO own turn #4 (turnCount=10)
2026.09.26-05.02.50 SNAPSHOT applied seq=50 phase=ACTION_MANEUVER
2026.09.26-05.02.50 HANDLE_APPLIED #71 seq=50 decision=2 fightersValid=1 boardValid=1
2026.09.26-05.02.50 MANEUVER-DRAFT mode=maneuver:10:49
2026.09.26-05.02.50 DRAFT-OPEN draw committed (resume instead of begin)
2026.09.26-05.02.50 MODE seq=50 mode=1 combat=0 pending=0
2026.09.26-05.02.50 HUD seq=50 phase=ACTION_MANEUVER turn=you hand=8 oppHand=7(hidden) oppDeck=18~ deck=19~ discard=4
2026.09.26-05.02.50 FIGHTERS synced n=6 alive=6 own=2 enemy=4
2026.09.26-05.02.50 WS seq=50 phase=ACTION_MANEUVER (apply)
2026.09.26-05.02.50 SNAPSHOT applied seq=50 phase=ACTION_MANEUVER
2026.09.26-05.02.50 HANDLE_APPLIED #72 seq=50 decision=1 fightersValid=1 boardValid=1
2026.09.26-05.02.50 MODE seq=50 mode=1 combat=0 pending=0
2026.09.26-05.02.50 HUD seq=50 phase=ACTION_MANEUVER turn=you hand=8 oppHand=7(hidden) oppDeck=16 deck=18 discard=4
2026.09.26-05.02.50 FIGHTERS synced n=6 alive=6 own=2 enemy=4
2026.09.26-05.02.50 MANEUVER begin seq=50 (merge) pending=maneuver:10:49
2026.09.26-05.02.50 S09AUTO drive mode=1 plan=[defend+resolve+scheme] phase=ACTION_MANEUVER turn=cmuhntiwu0001wib0z281rpa8
2026.09.26-05.02.50 MANEUVER-CONFIRM moves=1 boost=none
2026.09.26-05.02.50 SNAPSHOT applied seq=51 phase=ACTION_MANEUVER
2026.09.26-05.02.50 HANDLE_APPLIED #73 seq=51 decision=2 fightersValid=1 boardValid=1
2026.09.26-05.02.50 closed mode=
2026.09.26-05.02.50 MODE seq=51 mode=0 combat=0 pending=0
2026.09.26-05.02.50 HUD seq=51 phase=ACTION_MANEUVER turn=you hand=8 oppHand=7(hidden) oppDeck=16~ deck=18~ discard=4
2026.09.26-05.02.50 FIGHTERS synced n=6 alive=6 own=2 enemy=4
2026.09.26-05.02.50 CUE move f-1-hero (0,3)->(1,3) seq=51
2026.09.26-05.02.50 WS seq=51 phase=ACTION_MANEUVER (apply)
2026.09.26-05.02.50 SNAPSHOT applied seq=51 phase=ACTION_MANEUVER
2026.09.26-05.02.50 HANDLE_APPLIED #74 seq=51 decision=1 fightersValid=1 boardValid=1
2026.09.26-05.02.50 MODE seq=51 mode=0 combat=0 pending=0
2026.09.26-05.02.50 HUD seq=51 phase=ACTION_MANEUVER turn=you hand=8 oppHand=7(hidden) oppDeck=16 deck=18 discard=4
2026.09.26-05.02.50 FIGHTERS synced n=6 alive=6 own=2 enemy=4
2026.09.26-05.02.50 MANEUVER done seq=51 (merge) fighters=6 boost=no
2026.09.26-05.02.51 S09AUTO drive mode=0 plan=[defend+resolve+scheme] phase=ACTION_MANEUVER turn=cmuhntiwu0001wib0z281rpa8
2026.09.26-05.02.51 SNAPSHOT applied seq=52 phase=ACTION_MANEUVER
2026.09.26-05.02.51 HANDLE_APPLIED #75 seq=52 decision=2 fightersValid=1 boardValid=1
2026.09.26-05.02.51 MANEUVER-DRAFT mode=maneuver:10:51
2026.09.26-05.02.51 DRAFT-OPEN draw committed (resume instead of begin)
2026.09.26-05.02.51 MODE seq=52 mode=1 combat=0 pending=0
2026.09.26-05.02.51 HUD seq=52 phase=ACTION_MANEUVER turn=you hand=9 oppHand=7(hidden) oppDeck=16~ deck=18~ discard=4
2026.09.26-05.02.51 FIGHTERS synced n=6 alive=6 own=2 enemy=4
2026.09.26-05.02.51 WS seq=52 phase=ACTION_MANEUVER (apply)
2026.09.26-05.02.51 SNAPSHOT applied seq=52 phase=ACTION_MANEUVER
2026.09.26-05.02.51 HANDLE_APPLIED #76 seq=52 decision=1 fightersValid=1 boardValid=1
2026.09.26-05.02.51 MODE seq=52 mode=1 combat=0 pending=0
2026.09.26-05.02.51 HUD seq=52 phase=ACTION_MANEUVER turn=you hand=9 oppHand=7(hidden) oppDeck=16 deck=17 discard=4
2026.09.26-05.02.51 FIGHTERS synced n=6 alive=6 own=2 enemy=4
2026.09.26-05.02.51 MANEUVER begin seq=52 (merge) pending=maneuver:10:51
2026.09.26-05.02.51 S09AUTO drive mode=1 plan=[defend+resolve+scheme] phase=ACTION_MANEUVER turn=cmuhntiwu0001wib0z281rpa8
2026.09.26-05.02.51 MANEUVER-CONFIRM moves=1 boost=none
2026.09.26-05.02.51 SNAPSHOT applied seq=53 phase=TURN_END
2026.09.26-05.02.51 HANDLE_APPLIED #77 seq=53 decision=2 fightersValid=1 boardValid=1
2026.09.26-05.02.51 DISCARD-DRAFT count=2 pending=discard:10:53
2026.09.26-05.02.51 MODE seq=53 mode=2 combat=0 pending=0
2026.09.26-05.02.51 HUD seq=53 phase=TURN_END turn=you hand=9 oppHand=7(hidden) oppDeck=16~ deck=17~ discard=4 pendingDiscard=2
2026.09.26-05.02.51 FIGHTERS synced n=6 alive=6 own=2 enemy=4
2026.09.26-05.02.51 CUE move f-1-hero (1,3)->(0,3) seq=53
2026.09.26-05.02.51 WS seq=53 phase=TURN_END (apply)
2026.09.26-05.02.51 SNAPSHOT applied seq=53 phase=TURN_END
2026.09.26-05.02.51 HANDLE_APPLIED #78 seq=53 decision=1 fightersValid=1 boardValid=1
2026.09.26-05.02.51 MODE seq=53 mode=2 combat=0 pending=0
2026.09.26-05.02.51 HUD seq=53 phase=TURN_END turn=you hand=9 oppHand=7(hidden) oppDeck=16 deck=17 discard=4 pendingDiscard=2
2026.09.26-05.02.51 FIGHTERS synced n=6 alive=6 own=2 enemy=4
2026.09.26-05.02.51 MANEUVER done seq=53 (merge) fighters=6 boost=no
2026.09.26-05.02.52 S09AUTO drive mode=2 plan=[defend+resolve+scheme] phase=TURN_END turn=cmuhntiwu0001wib0z281rpa8
2026.09.26-05.02.52 S09AUTO discard picks=2
2026.09.26-05.02.52 DISCARD-CONFIRM pending=discard:10:53 count=2 ids=cmuhgvgi400ouwi9gf4p16bon::0,cmuhgvghz00okwi9gtzou83ty::1
2026.09.26-05.02.52 SNAPSHOT applied seq=54 phase=ACTION_MANEUVER
2026.09.26-05.02.52 HANDLE_APPLIED #79 seq=54 decision=2 fightersValid=1 boardValid=1
2026.09.26-05.02.52 closed mode=
2026.09.26-05.02.52 MODE seq=54 mode=0 combat=0 pending=1
2026.09.26-05.02.52 HUD seq=54 phase=ACTION_MANEUVER turn=opp hand=7 oppHand=7(hidden) oppDeck=16~ deck=17~ discard=6
2026.09.26-05.02.52 FIGHTERS synced n=6 alive=6 own=2 enemy=4
2026.09.26-05.02.52 WS seq=54 phase=ACTION_MANEUVER (apply)
2026.09.26-05.02.52 SNAPSHOT applied seq=54 phase=ACTION_MANEUVER
2026.09.26-05.02.52 HANDLE_APPLIED #80 seq=54 decision=1 fightersValid=1 boardValid=1
2026.09.26-05.02.52 MODE seq=54 mode=0 combat=0 pending=1
2026.09.26-05.02.52 HUD seq=54 phase=ACTION_MANEUVER turn=opp hand=7 oppHand=7(hidden) oppDeck=16 deck=17 discard=6
2026.09.26-05.02.52 FIGHTERS synced n=6 alive=6 own=2 enemy=4
2026.09.26-05.02.52 DISCARD done seq=54 phase=ACTION_MANEUVER count=2
2026.09.26-05.02.52 SNAPSHOT applied seq=55 phase=ACTION_MANEUVER
2026.09.26-05.02.52 HANDLE_APPLIED #81 seq=55 decision=2 fightersValid=1 boardValid=1
2026.09.26-05.02.52 MODE seq=55 mode=0 combat=0 pending=0
2026.09.26-05.02.52 HUD seq=55 phase=ACTION_MANEUVER turn=opp hand=7 oppHand=7(hidden) oppDeck=16~ deck=17~ discard=6
2026.09.26-05.02.52 FIGHTERS synced n=6 alive=6 own=2 enemy=4
2026.09.26-05.02.52 CUE damage f-1-hero -1 seq=55
2026.09.26-05.02.52 WS seq=55 phase=ACTION_MANEUVER (apply)
2026.09.26-05.02.52 SNAPSHOT applied seq=56 phase=ACTION_MANEUVER
2026.09.26-05.02.52 HANDLE_APPLIED #82 seq=56 decision=2 fightersValid=1 boardValid=1
2026.09.26-05.02.52 MODE seq=56 mode=0 combat=0 pending=0
2026.09.26-05.02.52 HUD seq=56 phase=ACTION_MANEUVER turn=opp hand=7 oppHand=8(hidden) oppDeck=16~ deck=17~ discard=6
2026.09.26-05.02.52 FIGHTERS synced n=6 alive=6 own=2 enemy=4
2026.09.26-05.02.53 WS seq=56 phase=ACTION_MANEUVER (apply)
2026.09.26-05.02.53 SNAPSHOT applied seq=57 phase=ACTION_MANEUVER
2026.09.26-05.02.53 HANDLE_APPLIED #83 seq=57 decision=2 fightersValid=1 boardValid=1
2026.09.26-05.02.53 MODE seq=57 mode=0 combat=0 pending=0
2026.09.26-05.02.53 HUD seq=57 phase=ACTION_MANEUVER turn=opp hand=7 oppHand=8(hidden) oppDeck=16~ deck=17~ discard=6
2026.09.26-05.02.53 FIGHTERS synced n=6 alive=6 own=2 enemy=4
2026.09.26-05.02.53 CUE move f-0-hero (2,3)->(1,3) seq=57
2026.09.26-05.02.53 WS seq=57 phase=ACTION_MANEUVER (apply)
2026.09.26-05.02.54 S09AUTO drive mode=0 plan=[defend+resolve+scheme] phase=ACTION_MANEUVER turn=cmuhntivg0000wib0anhqyswc
2026.09.26-05.02.54 SNAPSHOT applied seq=58 phase=ACTION_MANEUVER
2026.09.26-05.02.54 HANDLE_APPLIED #84 seq=58 decision=2 fightersValid=1 boardValid=1
2026.09.26-05.02.54 MODE seq=58 mode=0 combat=0 pending=0
2026.09.26-05.02.54 HUD seq=58 phase=ACTION_MANEUVER turn=opp hand=7 oppHand=9(hidden) oppDeck=16~ deck=17~ discard=6
2026.09.26-05.02.54 FIGHTERS synced n=6 alive=6 own=2 enemy=4
2026.09.26-05.02.54 WS seq=58 phase=ACTION_MANEUVER (apply)
2026.09.26-05.02.54 SNAPSHOT applied seq=59 phase=TURN_END
2026.09.26-05.02.54 HANDLE_APPLIED #85 seq=59 decision=2 fightersValid=1 boardValid=1
2026.09.26-05.02.54 MODE seq=59 mode=0 combat=0 pending=0
2026.09.26-05.02.54 HUD seq=59 phase=TURN_END turn=opp hand=7 oppHand=9(hidden) oppDeck=16~ deck=17~ discard=6 pendingDiscard=2
2026.09.26-05.02.54 FIGHTERS synced n=6 alive=6 own=2 enemy=4
2026.09.26-05.02.54 CUE move f-0-hero (1,3)->(2,3) seq=59
2026.09.26-05.02.54 WS seq=59 phase=TURN_END (apply)
2026.09.26-05.02.55 SNAPSHOT applied seq=60 phase=ACTION_MANEUVER
2026.09.26-05.02.55 HANDLE_APPLIED #86 seq=60 decision=2 fightersValid=1 boardValid=1
2026.09.26-05.02.55 MODE seq=60 mode=0 combat=0 pending=0
2026.09.26-05.02.55 HUD seq=60 phase=ACTION_MANEUVER turn=you hand=7 oppHand=7(hidden) oppDeck=16~ deck=17~ discard=6
2026.09.26-05.02.55 FIGHTERS synced n=6 alive=6 own=2 enemy=4
2026.09.26-05.02.55 WS seq=60 phase=ACTION_MANEUVER (apply)
2026.09.26-05.02.55 S09AUTO own turn #5 (turnCount=12)
2026.09.26-05.02.55 SNAPSHOT applied seq=61 phase=ACTION_MANEUVER
2026.09.26-05.02.55 HANDLE_APPLIED #87 seq=61 decision=2 fightersValid=1 boardValid=1
2026.09.26-05.02.55 MANEUVER-DRAFT mode=maneuver:12:60
2026.09.26-05.02.55 DRAFT-OPEN draw committed (resume instead of begin)
2026.09.26-05.02.55 MODE seq=61 mode=1 combat=0 pending=0
2026.09.26-05.02.55 HUD seq=61 phase=ACTION_MANEUVER turn=you hand=8 oppHand=7(hidden) oppDeck=16~ deck=17~ discard=6
2026.09.26-05.02.55 FIGHTERS synced n=6 alive=6 own=2 enemy=4
2026.09.26-05.02.55 WS seq=61 phase=ACTION_MANEUVER (apply)
2026.09.26-05.02.55 SNAPSHOT applied seq=61 phase=ACTION_MANEUVER
2026.09.26-05.02.55 HANDLE_APPLIED #88 seq=61 decision=1 fightersValid=1 boardValid=1
2026.09.26-05.02.55 MODE seq=61 mode=1 combat=0 pending=0
2026.09.26-05.02.55 HUD seq=61 phase=ACTION_MANEUVER turn=you hand=8 oppHand=7(hidden) oppDeck=14 deck=16 discard=6
2026.09.26-05.02.55 FIGHTERS synced n=6 alive=6 own=2 enemy=4
2026.09.26-05.02.55 MANEUVER begin seq=61 (merge) pending=maneuver:12:60
2026.09.26-05.02.55 S09AUTO drive mode=1 plan=[defend+resolve+scheme] phase=ACTION_MANEUVER turn=cmuhntiwu0001wib0z281rpa8
2026.09.26-05.02.55 MANEUVER-CONFIRM moves=1 boost=none
2026.09.26-05.02.55 SNAPSHOT applied seq=62 phase=ACTION_MANEUVER
2026.09.26-05.02.55 HANDLE_APPLIED #89 seq=62 decision=2 fightersValid=1 boardValid=1
2026.09.26-05.02.55 closed mode=
2026.09.26-05.02.55 MODE seq=62 mode=0 combat=0 pending=0
2026.09.26-05.02.55 HUD seq=62 phase=ACTION_MANEUVER turn=you hand=8 oppHand=7(hidden) oppDeck=14~ deck=16~ discard=6
2026.09.26-05.02.55 FIGHTERS synced n=6 alive=6 own=2 enemy=4
2026.09.26-05.02.55 CUE move f-1-hero (0,3)->(1,3) seq=62
2026.09.26-05.02.55 WS seq=62 phase=ACTION_MANEUVER (apply)
2026.09.26-05.02.55 SNAPSHOT applied seq=62 phase=ACTION_MANEUVER
2026.09.26-05.02.55 HANDLE_APPLIED #90 seq=62 decision=1 fightersValid=1 boardValid=1
2026.09.26-05.02.55 MODE seq=62 mode=0 combat=0 pending=0
2026.09.26-05.02.55 HUD seq=62 phase=ACTION_MANEUVER turn=you hand=8 oppHand=7(hidden) oppDeck=14 deck=16 discard=6
2026.09.26-05.02.55 FIGHTERS synced n=6 alive=6 own=2 enemy=4
2026.09.26-05.02.55 MANEUVER done seq=62 (merge) fighters=6 boost=no
2026.09.26-05.02.56 S09AUTO drive mode=0 plan=[defend+resolve+scheme] phase=ACTION_MANEUVER turn=cmuhntiwu0001wib0z281rpa8
2026.09.26-05.02.56 SNAPSHOT applied seq=63 phase=ACTION_MANEUVER
2026.09.26-05.02.56 HANDLE_APPLIED #91 seq=63 decision=2 fightersValid=1 boardValid=1
2026.09.26-05.02.56 MANEUVER-DRAFT mode=maneuver:12:62
2026.09.26-05.02.56 DRAFT-OPEN draw committed (resume instead of begin)
2026.09.26-05.02.56 MODE seq=63 mode=1 combat=0 pending=0
2026.09.26-05.02.56 HUD seq=63 phase=ACTION_MANEUVER turn=you hand=9 oppHand=7(hidden) oppDeck=14~ deck=16~ discard=6
2026.09.26-05.02.56 FIGHTERS synced n=6 alive=6 own=2 enemy=4
2026.09.26-05.02.56 WS seq=63 phase=ACTION_MANEUVER (apply)
2026.09.26-05.02.56 SNAPSHOT applied seq=63 phase=ACTION_MANEUVER
2026.09.26-05.02.56 HANDLE_APPLIED #92 seq=63 decision=1 fightersValid=1 boardValid=1
2026.09.26-05.02.56 MODE seq=63 mode=1 combat=0 pending=0
2026.09.26-05.02.56 HUD seq=63 phase=ACTION_MANEUVER turn=you hand=9 oppHand=7(hidden) oppDeck=14 deck=15 discard=6
2026.09.26-05.02.56 FIGHTERS synced n=6 alive=6 own=2 enemy=4
2026.09.26-05.02.56 MANEUVER begin seq=63 (merge) pending=maneuver:12:62
2026.09.26-05.02.56 S09AUTO drive mode=1 plan=[defend+resolve+scheme] phase=ACTION_MANEUVER turn=cmuhntiwu0001wib0z281rpa8
2026.09.26-05.02.56 MANEUVER-CONFIRM moves=1 boost=none
2026.09.26-05.02.56 SNAPSHOT applied seq=64 phase=TURN_END
2026.09.26-05.02.56 HANDLE_APPLIED #93 seq=64 decision=2 fightersValid=1 boardValid=1
2026.09.26-05.02.56 DISCARD-DRAFT count=2 pending=discard:12:64
2026.09.26-05.02.56 MODE seq=64 mode=2 combat=0 pending=0
2026.09.26-05.02.56 HUD seq=64 phase=TURN_END turn=you hand=9 oppHand=7(hidden) oppDeck=14~ deck=15~ discard=6 pendingDiscard=2
2026.09.26-05.02.56 FIGHTERS synced n=6 alive=6 own=2 enemy=4
2026.09.26-05.02.56 CUE move f-1-hero (1,3)->(0,3) seq=64
2026.09.26-05.02.56 WS seq=64 phase=TURN_END (apply)
2026.09.26-05.02.56 SNAPSHOT applied seq=64 phase=TURN_END
2026.09.26-05.02.56 HANDLE_APPLIED #94 seq=64 decision=1 fightersValid=1 boardValid=1
2026.09.26-05.02.56 MODE seq=64 mode=2 combat=0 pending=0
2026.09.26-05.02.56 HUD seq=64 phase=TURN_END turn=you hand=9 oppHand=7(hidden) oppDeck=14 deck=15 discard=6 pendingDiscard=2
2026.09.26-05.02.56 FIGHTERS synced n=6 alive=6 own=2 enemy=4
2026.09.26-05.02.56 MANEUVER done seq=64 (merge) fighters=6 boost=no
2026.09.26-05.02.58 S09AUTO drive mode=2 plan=[defend+resolve+scheme] phase=TURN_END turn=cmuhntiwu0001wib0z281rpa8
2026.09.26-05.02.58 S09AUTO discard picks=2
2026.09.26-05.02.58 DISCARD-CONFIRM pending=discard:12:64 count=2 ids=cmuhgvghz00okwi9gtzou83ty::0,cmuhgvghz00okwi9gtzou83ty::2
2026.09.26-05.02.58 SNAPSHOT applied seq=65 phase=ACTION_MANEUVER
2026.09.26-05.02.58 HANDLE_APPLIED #95 seq=65 decision=2 fightersValid=1 boardValid=1
2026.09.26-05.02.58 closed mode=
2026.09.26-05.02.58 MODE seq=65 mode=0 combat=0 pending=1
2026.09.26-05.02.58 HUD seq=65 phase=ACTION_MANEUVER turn=opp hand=7 oppHand=7(hidden) oppDeck=14~ deck=15~ discard=8
2026.09.26-05.02.58 FIGHTERS synced n=6 alive=6 own=2 enemy=4
2026.09.26-05.02.58 WS seq=65 phase=ACTION_MANEUVER (apply)
2026.09.26-05.02.58 SNAPSHOT applied seq=65 phase=ACTION_MANEUVER
2026.09.26-05.02.58 HANDLE_APPLIED #96 seq=65 decision=1 fightersValid=1 boardValid=1
2026.09.26-05.02.58 MODE seq=65 mode=0 combat=0 pending=1
2026.09.26-05.02.58 HUD seq=65 phase=ACTION_MANEUVER turn=opp hand=7 oppHand=7(hidden) oppDeck=14 deck=15 discard=8
2026.09.26-05.02.58 FIGHTERS synced n=6 alive=6 own=2 enemy=4
2026.09.26-05.02.58 DISCARD done seq=65 phase=ACTION_MANEUVER count=2
2026.09.26-05.02.58 SNAPSHOT applied seq=66 phase=ACTION_MANEUVER
2026.09.26-05.02.58 HANDLE_APPLIED #97 seq=66 decision=2 fightersValid=1 boardValid=1
2026.09.26-05.02.58 MODE seq=66 mode=0 combat=0 pending=0
2026.09.26-05.02.58 HUD seq=66 phase=ACTION_MANEUVER turn=opp hand=7 oppHand=7(hidden) oppDeck=14~ deck=15~ discard=8
2026.09.26-05.02.58 FIGHTERS synced n=6 alive=6 own=2 enemy=4
2026.09.26-05.02.58 CUE damage f-1-hero -1 seq=66
2026.09.26-05.02.58 WS seq=66 phase=ACTION_MANEUVER (apply)
2026.09.26-05.02.58 SNAPSHOT applied seq=67 phase=ACTION_MANEUVER
2026.09.26-05.02.58 HANDLE_APPLIED #98 seq=67 decision=2 fightersValid=1 boardValid=1
2026.09.26-05.02.58 MODE seq=67 mode=0 combat=0 pending=0
2026.09.26-05.02.58 HUD seq=67 phase=ACTION_MANEUVER turn=opp hand=7 oppHand=8(hidden) oppDeck=14~ deck=15~ discard=8
2026.09.26-05.02.58 FIGHTERS synced n=6 alive=6 own=2 enemy=4
2026.09.26-05.02.58 WS seq=67 phase=ACTION_MANEUVER (apply)
2026.09.26-05.02.58 SNAPSHOT applied seq=68 phase=ACTION_MANEUVER
2026.09.26-05.02.58 HANDLE_APPLIED #99 seq=68 decision=2 fightersValid=1 boardValid=1
2026.09.26-05.02.58 MODE seq=68 mode=0 combat=0 pending=0
2026.09.26-05.02.58 HUD seq=68 phase=ACTION_MANEUVER turn=opp hand=7 oppHand=8(hidden) oppDeck=14~ deck=15~ discard=8
2026.09.26-05.02.58 FIGHTERS synced n=6 alive=6 own=2 enemy=4
2026.09.26-05.02.58 CUE move f-0-hero (2,3)->(1,3) seq=68
2026.09.26-05.02.58 WS seq=68 phase=ACTION_MANEUVER (apply)
2026.09.26-05.02.59 S09AUTO drive mode=0 plan=[defend+resolve+scheme] phase=ACTION_MANEUVER turn=cmuhntivg0000wib0anhqyswc
2026.09.26-05.02.59 SNAPSHOT applied seq=69 phase=COMBAT
2026.09.26-05.02.59 HANDLE_APPLIED #100 seq=69 decision=2 fightersValid=1 boardValid=1
2026.09.26-05.02.59 closed mode=
2026.09.26-05.02.59 MODE seq=69 mode=4 combat=1 pending=0
2026.09.26-05.02.59 HUD seq=69 phase=COMBAT turn=opp hand=7 oppHand=7(hidden) oppDeck=14~ deck=15~ discard=8
2026.09.26-05.02.59 FIGHTERS synced n=6 alive=6 own=2 enemy=4
2026.09.26-05.02.59 WS seq=69 phase=COMBAT (apply)
2026.09.26-05.02.59 S09AUTO drive mode=4 plan=[defend+resolve+scheme] phase=COMBAT turn=cmuhntivg0000wib0anhqyswc
2026.09.26-05.02.59 S09AUTO defense-window shot
2026.09.26-05.02.59 SHOT ctx viewport=1280x720 viewTarget=CameraActor_2147482375 cam=(0,1107,1582) rot=(-55,-90,0)
2026.09.26-05.02.59 SHOT fighter f-0-hero pos=(1,3) world=(-100,50,0) screen=(533,404) projected=1 alive=1
2026.09.26-05.02.59 SHOT fighter f-0-sk0 pos=(3,2) world=(100,-50,0) screen=(744,318) projected=1 alive=1
2026.09.26-05.02.59 SHOT fighter f-0-sk1 pos=(2,1) world=(0,-150,0) screen=(640,236) projected=1 alive=1
2026.09.26-05.02.59 SHOT fighter f-0-sk2 pos=(1,2) world=(-100,-50,0) screen=(536,318) projected=1 alive=1
2026.09.26-05.02.59 SHOT fighter f-1-hero pos=(0,3) world=(-200,50,0) screen=(427,404) projected=1 alive=1
2026.09.26-05.02.59 SHOT fighter f-1-sk0 pos=(4,3) world=(200,50,0) screen=(853,404) projected=1 alive=1
2026.09.26-05.02.59 SHOT requested: FScreenshotRequest(bShowUI) -> C:\Users\ren\AppData\Local\Temp\s09-pending-20260926-100210-40980\joiner/s09-combat-defense-open.png
2026.09.26-05.02.59 S09AUTO defense card picked
2026.09.26-05.02.59 DEFENSE sent
2026.09.26-05.02.59 SNAPSHOT applied seq=70 phase=COMBAT_RESOLVE
2026.09.26-05.02.59 HANDLE_APPLIED #101 seq=70 decision=2 fightersValid=1 boardValid=1
2026.09.26-05.02.59 closed mode=
2026.09.26-05.02.59 MODE seq=70 mode=5 combat=1 pending=0
2026.09.26-05.02.59 HUD seq=70 phase=COMBAT_RESOLVE turn=opp hand=6 oppHand=7(hidden) oppDeck=14~ deck=15~ discard=9
2026.09.26-05.02.59 FIGHTERS synced n=6 alive=6 own=2 enemy=4
2026.09.26-05.02.59 WS seq=70 phase=COMBAT_RESOLVE (apply)
2026.09.26-05.02.59 SNAPSHOT applied seq=70 phase=COMBAT_RESOLVE
2026.09.26-05.02.59 HANDLE_APPLIED #102 seq=70 decision=1 fightersValid=1 boardValid=1
2026.09.26-05.02.59 MODE seq=70 mode=5 combat=1 pending=0
2026.09.26-05.02.59 HUD seq=70 phase=COMBAT_RESOLVE turn=opp hand=6 oppHand=7(hidden) oppDeck=13 deck=15 discard=9
2026.09.26-05.02.59 FIGHTERS synced n=6 alive=6 own=2 enemy=4
2026.09.26-05.02.59 DEFENSE done seq=70 (merge) phase=COMBAT_RESOLVE
2026.09.26-05.02.59 S09AUTO drive mode=5 plan=[defend+resolve+scheme] phase=COMBAT_RESOLVE turn=cmuhntivg0000wib0anhqyswc
2026.09.26-05.02.59 S09AUTO resolve-window shot
2026.09.26-05.02.59 SHOT ctx viewport=1280x720 viewTarget=CameraActor_2147482375 cam=(0,1107,1582) rot=(-55,-90,0)
2026.09.26-05.02.59 SHOT fighter f-0-hero pos=(1,3) world=(-100,50,0) screen=(533,404) projected=1 alive=1
2026.09.26-05.02.59 SHOT fighter f-0-sk0 pos=(3,2) world=(100,-50,0) screen=(744,318) projected=1 alive=1
2026.09.26-05.02.59 SHOT fighter f-0-sk1 pos=(2,1) world=(0,-150,0) screen=(640,236) projected=1 alive=1
2026.09.26-05.02.59 SHOT fighter f-0-sk2 pos=(1,2) world=(-100,-50,0) screen=(536,318) projected=1 alive=1
2026.09.26-05.02.59 SHOT fighter f-1-hero pos=(0,3) world=(-200,50,0) screen=(427,404) projected=1 alive=1
2026.09.26-05.02.59 SHOT fighter f-1-sk0 pos=(4,3) world=(200,50,0) screen=(853,404) projected=1 alive=1
2026.09.26-05.02.59 SHOT requested: FScreenshotRequest(bShowUI) -> C:\Users\ren\AppData\Local\Temp\s09-pending-20260926-100210-40980\joiner/s09-combat-resolve-window.png
2026.09.26-05.02.59 S09AUTO resolve
2026.09.26-05.02.59 RESOLVE sent
2026.09.26-05.02.59 SNAPSHOT applied seq=71 phase=ACTION_MANEUVER
2026.09.26-05.02.59 HANDLE_APPLIED #103 seq=71 decision=2 fightersValid=1 boardValid=1
2026.09.26-05.02.59 COMBAT-RESULT seq=71 damage=1 role=defended
2026.09.26-05.02.59 S09AUTO combat-result shot
2026.09.26-05.02.59 SHOT ctx viewport=1280x720 viewTarget=CameraActor_2147482375 cam=(0,1107,1582) rot=(-55,-90,0)
2026.09.26-05.02.59 SHOT fighter f-0-hero pos=(1,3) world=(-100,50,0) screen=(533,404) projected=1 alive=1
2026.09.26-05.02.59 SHOT fighter f-0-sk0 pos=(3,2) world=(100,-50,0) screen=(744,318) projected=1 alive=1
2026.09.26-05.02.59 SHOT fighter f-0-sk1 pos=(2,1) world=(0,-150,0) screen=(640,236) projected=1 alive=1
2026.09.26-05.02.59 SHOT fighter f-0-sk2 pos=(1,2) world=(-100,-50,0) screen=(536,318) projected=1 alive=1
2026.09.26-05.02.59 SHOT fighter f-1-hero pos=(0,3) world=(-200,50,0) screen=(427,404) projected=1 alive=1
2026.09.26-05.02.59 SHOT fighter f-1-sk0 pos=(4,3) world=(200,50,0) screen=(853,404) projected=1 alive=1
2026.09.26-05.02.59 SHOT requested: FScreenshotRequest(bShowUI) -> C:\Users\ren\AppData\Local\Temp\s09-pending-20260926-100210-40980\joiner/s09-combat-result.png
2026.09.26-05.02.59 closed mode=
2026.09.26-05.02.59 MODE seq=71 mode=0 combat=0 pending=0
2026.09.26-05.02.59 HUD seq=71 phase=ACTION_MANEUVER turn=you hand=6 oppHand=7(hidden) oppDeck=13~ deck=15~ discard=9
2026.09.26-05.02.59 FIGHTERS synced n=6 alive=6 own=2 enemy=4
2026.09.26-05.02.59 CUE damage f-1-hero -1 seq=71
2026.09.26-05.02.59 WS seq=71 phase=ACTION_MANEUVER (apply)
2026.09.26-05.02.59 SNAPSHOT applied seq=71 phase=ACTION_MANEUVER
2026.09.26-05.02.59 HANDLE_APPLIED #104 seq=71 decision=1 fightersValid=1 boardValid=1
2026.09.26-05.02.59 MODE seq=71 mode=0 combat=0 pending=0
2026.09.26-05.02.59 HUD seq=71 phase=ACTION_MANEUVER turn=you hand=6 oppHand=7(hidden) oppDeck=13 deck=15 discard=9
2026.09.26-05.02.59 FIGHTERS synced n=6 alive=6 own=2 enemy=4
2026.09.26-05.02.59 RESOLVE done seq=71 (merge) phase=ACTION_MANEUVER
2026.09.26-05.02.59 S09AUTO drive mode=0 plan=[defend+resolve+scheme] phase=ACTION_MANEUVER turn=cmuhntiwu0001wib0z281rpa8
2026.09.26-05.02.59 S09AUTO own turn #6 (turnCount=14)
2026.09.26-05.02.59 SNAPSHOT applied seq=72 phase=ACTION_MANEUVER
2026.09.26-05.02.59 HANDLE_APPLIED #105 seq=72 decision=2 fightersValid=1 boardValid=1
2026.09.26-05.02.59 MANEUVER-DRAFT mode=maneuver:14:71
2026.09.26-05.02.59 DRAFT-OPEN draw committed (resume instead of begin)
2026.09.26-05.02.59 MODE seq=72 mode=1 combat=0 pending=0
2026.09.26-05.02.59 HUD seq=72 phase=ACTION_MANEUVER turn=you hand=7 oppHand=7(hidden) oppDeck=13~ deck=15~ discard=9
2026.09.26-05.02.59 FIGHTERS synced n=6 alive=6 own=2 enemy=4
2026.09.26-05.02.59 WS seq=72 phase=ACTION_MANEUVER (apply)
2026.09.26-05.02.59 SNAPSHOT applied seq=72 phase=ACTION_MANEUVER
2026.09.26-05.02.59 HANDLE_APPLIED #106 seq=72 decision=1 fightersValid=1 boardValid=1
2026.09.26-05.02.59 MODE seq=72 mode=1 combat=0 pending=0
2026.09.26-05.02.59 HUD seq=72 phase=ACTION_MANEUVER turn=you hand=7 oppHand=7(hidden) oppDeck=13 deck=14 discard=9
2026.09.26-05.02.59 FIGHTERS synced n=6 alive=6 own=2 enemy=4
2026.09.26-05.02.59 MANEUVER begin seq=72 (merge) pending=maneuver:14:71
2026.09.26-05.02.59 S09AUTO drive mode=1 plan=[defend+resolve+scheme] phase=ACTION_MANEUVER turn=cmuhntiwu0001wib0z281rpa8
2026.09.26-05.02.59 MANEUVER-CONFIRM moves=1 boost=none
2026.09.26-05.02.59 SNAPSHOT applied seq=73 phase=ACTION_MANEUVER
2026.09.26-05.02.59 HANDLE_APPLIED #107 seq=73 decision=2 fightersValid=1 boardValid=1
2026.09.26-05.02.59 closed mode=
2026.09.26-05.02.59 MODE seq=73 mode=0 combat=0 pending=0
2026.09.26-05.02.59 HUD seq=73 phase=ACTION_MANEUVER turn=you hand=7 oppHand=7(hidden) oppDeck=13~ deck=14~ discard=9
2026.09.26-05.02.59 FIGHTERS synced n=6 alive=6 own=2 enemy=4
2026.09.26-05.02.59 CUE move f-1-hero (0,3)->(0,4) seq=73
2026.09.26-05.02.59 WS seq=73 phase=ACTION_MANEUVER (apply)
2026.09.26-05.02.59 SNAPSHOT applied seq=73 phase=ACTION_MANEUVER
2026.09.26-05.02.59 HANDLE_APPLIED #108 seq=73 decision=1 fightersValid=1 boardValid=1
2026.09.26-05.02.59 MODE seq=73 mode=0 combat=0 pending=0
2026.09.26-05.02.59 HUD seq=73 phase=ACTION_MANEUVER turn=you hand=7 oppHand=7(hidden) oppDeck=13 deck=14 discard=9
2026.09.26-05.02.59 FIGHTERS synced n=6 alive=6 own=2 enemy=4
2026.09.26-05.02.59 MANEUVER done seq=73 (merge) fighters=6 boost=no
2026.09.26-05.03.01 S09AUTO drive mode=0 plan=[defend+resolve+scheme] phase=ACTION_MANEUVER turn=cmuhntiwu0001wib0z281rpa8
2026.09.26-05.03.01 SNAPSHOT applied seq=74 phase=ACTION_MANEUVER
2026.09.26-05.03.01 HANDLE_APPLIED #109 seq=74 decision=2 fightersValid=1 boardValid=1
2026.09.26-05.03.01 MANEUVER-DRAFT mode=maneuver:14:73
2026.09.26-05.03.01 DRAFT-OPEN draw committed (resume instead of begin)
2026.09.26-05.03.01 MODE seq=74 mode=1 combat=0 pending=0
2026.09.26-05.03.01 HUD seq=74 phase=ACTION_MANEUVER turn=you hand=8 oppHand=7(hidden) oppDeck=13~ deck=14~ discard=9
2026.09.26-05.03.01 FIGHTERS synced n=6 alive=6 own=2 enemy=4
2026.09.26-05.03.01 WS seq=74 phase=ACTION_MANEUVER (apply)
2026.09.26-05.03.01 SNAPSHOT applied seq=74 phase=ACTION_MANEUVER
2026.09.26-05.03.01 HANDLE_APPLIED #110 seq=74 decision=1 fightersValid=1 boardValid=1
2026.09.26-05.03.01 MODE seq=74 mode=1 combat=0 pending=0
2026.09.26-05.03.01 HUD seq=74 phase=ACTION_MANEUVER turn=you hand=8 oppHand=7(hidden) oppDeck=13 deck=13 discard=9
2026.09.26-05.03.01 FIGHTERS synced n=6 alive=6 own=2 enemy=4
2026.09.26-05.03.01 MANEUVER begin seq=74 (merge) pending=maneuver:14:73
2026.09.26-05.03.01 S09AUTO drive mode=1 plan=[defend+resolve+scheme] phase=ACTION_MANEUVER turn=cmuhntiwu0001wib0z281rpa8
2026.09.26-05.03.01 MANEUVER-CONFIRM moves=1 boost=none
2026.09.26-05.03.01 SNAPSHOT applied seq=75 phase=TURN_END
2026.09.26-05.03.01 HANDLE_APPLIED #111 seq=75 decision=2 fightersValid=1 boardValid=1
2026.09.26-05.03.01 DISCARD-DRAFT count=1 pending=discard:14:75
2026.09.26-05.03.01 MODE seq=75 mode=2 combat=0 pending=0
2026.09.26-05.03.01 HUD seq=75 phase=TURN_END turn=you hand=8 oppHand=7(hidden) oppDeck=13~ deck=13~ discard=9 pendingDiscard=1
2026.09.26-05.03.01 FIGHTERS synced n=6 alive=6 own=2 enemy=4
2026.09.26-05.03.01 CUE move f-1-hero (0,4)->(1,4) seq=75
2026.09.26-05.03.01 WS seq=75 phase=TURN_END (apply)
2026.09.26-05.03.01 SNAPSHOT applied seq=75 phase=TURN_END
2026.09.26-05.03.01 HANDLE_APPLIED #112 seq=75 decision=1 fightersValid=1 boardValid=1
2026.09.26-05.03.01 MODE seq=75 mode=2 combat=0 pending=0
2026.09.26-05.03.01 HUD seq=75 phase=TURN_END turn=you hand=8 oppHand=7(hidden) oppDeck=13 deck=13 discard=9 pendingDiscard=1
2026.09.26-05.03.01 FIGHTERS synced n=6 alive=6 own=2 enemy=4
2026.09.26-05.03.01 MANEUVER done seq=75 (merge) fighters=6 boost=no
2026.09.26-05.03.02 S09AUTO drive mode=2 plan=[defend+resolve+scheme] phase=TURN_END turn=cmuhntiwu0001wib0z281rpa8
2026.09.26-05.03.02 S09AUTO discard picks=1
2026.09.26-05.03.02 DISCARD-CONFIRM pending=discard:14:75 count=1 ids=cmuhgvgi600p0wi9gzhz8rkin::0
2026.09.26-05.03.02 SNAPSHOT applied seq=76 phase=ACTION_MANEUVER
2026.09.26-05.03.02 HANDLE_APPLIED #113 seq=76 decision=2 fightersValid=1 boardValid=1
2026.09.26-05.03.02 closed mode=
2026.09.26-05.03.02 MODE seq=76 mode=0 combat=0 pending=1
2026.09.26-05.03.02 HUD seq=76 phase=ACTION_MANEUVER turn=opp hand=7 oppHand=7(hidden) oppDeck=13~ deck=13~ discard=10
2026.09.26-05.03.02 FIGHTERS synced n=6 alive=6 own=2 enemy=4
2026.09.26-05.03.02 WS seq=76 phase=ACTION_MANEUVER (apply)
2026.09.26-05.03.02 SNAPSHOT applied seq=76 phase=ACTION_MANEUVER
2026.09.26-05.03.02 HANDLE_APPLIED #114 seq=76 decision=1 fightersValid=1 boardValid=1
2026.09.26-05.03.02 MODE seq=76 mode=0 combat=0 pending=1
2026.09.26-05.03.02 HUD seq=76 phase=ACTION_MANEUVER turn=opp hand=7 oppHand=7(hidden) oppDeck=13 deck=13 discard=10
2026.09.26-05.03.02 FIGHTERS synced n=6 alive=6 own=2 enemy=4
2026.09.26-05.03.02 DISCARD done seq=76 phase=ACTION_MANEUVER count=1
2026.09.26-05.03.02 SNAPSHOT applied seq=77 phase=ACTION_MANEUVER
2026.09.26-05.03.02 HANDLE_APPLIED #115 seq=77 decision=2 fightersValid=1 boardValid=1
2026.09.26-05.03.02 MODE seq=77 mode=0 combat=0 pending=0
2026.09.26-05.03.02 HUD seq=77 phase=ACTION_MANEUVER turn=opp hand=7 oppHand=7(hidden) oppDeck=13~ deck=13~ discard=10
2026.09.26-05.03.02 FIGHTERS synced n=6 alive=6 own=2 enemy=4
2026.09.26-05.03.02 CUE damage f-1-hero -1 seq=77
2026.09.26-05.03.02 WS seq=77 phase=ACTION_MANEUVER (apply)
2026.09.26-05.03.02 SNAPSHOT applied seq=78 phase=COMBAT
2026.09.26-05.03.02 HANDLE_APPLIED #116 seq=78 decision=2 fightersValid=1 boardValid=1
2026.09.26-05.03.02 closed mode=
2026.09.26-05.03.02 MODE seq=78 mode=4 combat=1 pending=0
2026.09.26-05.03.02 HUD seq=78 phase=COMBAT turn=opp hand=7 oppHand=6(hidden) oppDeck=13~ deck=13~ discard=10
2026.09.26-05.03.02 FIGHTERS synced n=6 alive=6 own=2 enemy=4
2026.09.26-05.03.02 WS seq=78 phase=COMBAT (apply)
2026.09.26-05.03.03 S09AUTO drive mode=4 plan=[defend+resolve+scheme] phase=COMBAT turn=cmuhntivg0000wib0anhqyswc
2026.09.26-05.03.03 S09AUTO defense card picked
2026.09.26-05.03.03 DEFENSE sent
2026.09.26-05.03.03 SNAPSHOT applied seq=79 phase=COMBAT_RESOLVE
2026.09.26-05.03.03 HANDLE_APPLIED #117 seq=79 decision=2 fightersValid=1 boardValid=1
2026.09.26-05.03.03 closed mode=
2026.09.26-05.03.03 MODE seq=79 mode=5 combat=1 pending=0
2026.09.26-05.03.03 HUD seq=79 phase=COMBAT_RESOLVE turn=opp hand=6 oppHand=6(hidden) oppDeck=13~ deck=13~ discard=11
2026.09.26-05.03.03 FIGHTERS synced n=6 alive=6 own=2 enemy=4
2026.09.26-05.03.03 WS seq=79 phase=COMBAT_RESOLVE (apply)
2026.09.26-05.03.03 SNAPSHOT applied seq=79 phase=COMBAT_RESOLVE
2026.09.26-05.03.03 HANDLE_APPLIED #118 seq=79 decision=1 fightersValid=1 boardValid=1
2026.09.26-05.03.03 MODE seq=79 mode=5 combat=1 pending=0
2026.09.26-05.03.03 HUD seq=79 phase=COMBAT_RESOLVE turn=opp hand=6 oppHand=6(hidden) oppDeck=13 deck=13 discard=11
2026.09.26-05.03.03 FIGHTERS synced n=6 alive=6 own=2 enemy=4
2026.09.26-05.03.03 DEFENSE done seq=79 (merge) phase=COMBAT_RESOLVE
2026.09.26-05.03.03 S09AUTO drive mode=5 plan=[defend+resolve+scheme] phase=COMBAT_RESOLVE turn=cmuhntivg0000wib0anhqyswc
2026.09.26-05.03.03 S09AUTO resolve
2026.09.26-05.03.03 RESOLVE sent
2026.09.26-05.03.03 SNAPSHOT applied seq=80 phase=ACTION_MANEUVER
2026.09.26-05.03.03 HANDLE_APPLIED #119 seq=80 decision=2 fightersValid=1 boardValid=1
2026.09.26-05.03.03 COMBAT-RESULT seq=80 damage=0 role=defended
2026.09.26-05.03.03 closed mode=
2026.09.26-05.03.03 MODE seq=80 mode=0 combat=0 pending=0
2026.09.26-05.03.03 HUD seq=80 phase=ACTION_MANEUVER turn=opp hand=6 oppHand=6(hidden) oppDeck=13~ deck=13~ discard=11
2026.09.26-05.03.03 FIGHTERS synced n=6 alive=6 own=2 enemy=4
2026.09.26-05.03.03 WS seq=80 phase=ACTION_MANEUVER (apply)
2026.09.26-05.03.03 SNAPSHOT applied seq=80 phase=ACTION_MANEUVER
2026.09.26-05.03.03 HANDLE_APPLIED #120 seq=80 decision=1 fightersValid=1 boardValid=1
2026.09.26-05.03.03 MODE seq=80 mode=0 combat=0 pending=0
2026.09.26-05.03.03 HUD seq=80 phase=ACTION_MANEUVER turn=opp hand=6 oppHand=6(hidden) oppDeck=13 deck=13 discard=11
2026.09.26-05.03.03 FIGHTERS synced n=6 alive=6 own=2 enemy=4
2026.09.26-05.03.03 RESOLVE done seq=80 (merge) phase=ACTION_MANEUVER
2026.09.26-05.03.03 S09AUTO drive mode=0 plan=[defend+resolve+scheme] phase=ACTION_MANEUVER turn=cmuhntivg0000wib0anhqyswc
2026.09.26-05.03.03 SNAPSHOT applied seq=81 phase=COMBAT
2026.09.26-05.03.03 HANDLE_APPLIED #121 seq=81 decision=2 fightersValid=1 boardValid=1
2026.09.26-05.03.03 closed mode=
2026.09.26-05.03.03 MODE seq=81 mode=4 combat=1 pending=0
2026.09.26-05.03.03 HUD seq=81 phase=COMBAT turn=opp hand=6 oppHand=5(hidden) oppDeck=13~ deck=13~ discard=11
2026.09.26-05.03.03 FIGHTERS synced n=6 alive=6 own=2 enemy=4
2026.09.26-05.03.03 WS seq=81 phase=COMBAT (apply)
2026.09.26-05.03.03 S09AUTO drive mode=4 plan=[defend+resolve+scheme] phase=COMBAT turn=cmuhntivg0000wib0anhqyswc
2026.09.26-05.03.03 S09AUTO defense card picked
2026.09.26-05.03.03 DEFENSE sent
2026.09.26-05.03.03 SNAPSHOT applied seq=82 phase=COMBAT_RESOLVE
2026.09.26-05.03.03 HANDLE_APPLIED #122 seq=82 decision=2 fightersValid=1 boardValid=1
2026.09.26-05.03.03 closed mode=
2026.09.26-05.03.03 MODE seq=82 mode=5 combat=1 pending=0
2026.09.26-05.03.03 HUD seq=82 phase=COMBAT_RESOLVE turn=opp hand=5 oppHand=5(hidden) oppDeck=13~ deck=13~ discard=12
2026.09.26-05.03.03 FIGHTERS synced n=6 alive=6 own=2 enemy=4
2026.09.26-05.03.03 WS seq=82 phase=COMBAT_RESOLVE (apply)
2026.09.26-05.03.03 SNAPSHOT applied seq=82 phase=COMBAT_RESOLVE
2026.09.26-05.03.03 HANDLE_APPLIED #123 seq=82 decision=1 fightersValid=1 boardValid=1
2026.09.26-05.03.03 MODE seq=82 mode=5 combat=1 pending=0
2026.09.26-05.03.03 HUD seq=82 phase=COMBAT_RESOLVE turn=opp hand=5 oppHand=5(hidden) oppDeck=13 deck=13 discard=12
2026.09.26-05.03.03 FIGHTERS synced n=6 alive=6 own=2 enemy=4
2026.09.26-05.03.03 DEFENSE done seq=82 (merge) phase=COMBAT_RESOLVE
2026.09.26-05.03.03 S09AUTO drive mode=5 plan=[defend+resolve+scheme] phase=COMBAT_RESOLVE turn=cmuhntivg0000wib0anhqyswc
2026.09.26-05.03.03 S09AUTO resolve
2026.09.26-05.03.03 RESOLVE sent
2026.09.26-05.03.03 SNAPSHOT applied seq=83 phase=ACTION_MANEUVER
2026.09.26-05.03.03 HANDLE_APPLIED #124 seq=83 decision=2 fightersValid=1 boardValid=1
2026.09.26-05.03.03 COMBAT-RESULT seq=83 damage=2 role=defended
2026.09.26-05.03.03 closed mode=
2026.09.26-05.03.03 MODE seq=83 mode=0 combat=0 pending=0
2026.09.26-05.03.03 HUD seq=83 phase=ACTION_MANEUVER turn=you hand=5 oppHand=5(hidden) oppDeck=13~ deck=13~ discard=12
2026.09.26-05.03.03 FIGHTERS synced n=6 alive=6 own=2 enemy=4
2026.09.26-05.03.03 CUE damage f-1-hero -2 seq=83
2026.09.26-05.03.03 WS seq=83 phase=ACTION_MANEUVER (apply)
2026.09.26-05.03.03 SNAPSHOT applied seq=83 phase=ACTION_MANEUVER
2026.09.26-05.03.03 HANDLE_APPLIED #125 seq=83 decision=1 fightersValid=1 boardValid=1
2026.09.26-05.03.03 MODE seq=83 mode=0 combat=0 pending=0
2026.09.26-05.03.03 HUD seq=83 phase=ACTION_MANEUVER turn=you hand=5 oppHand=5(hidden) oppDeck=13 deck=13 discard=12
2026.09.26-05.03.03 FIGHTERS synced n=6 alive=6 own=2 enemy=4
2026.09.26-05.03.03 RESOLVE done seq=83 (merge) phase=ACTION_MANEUVER
2026.09.26-05.03.03 S09AUTO drive mode=0 plan=[defend+resolve+scheme] phase=ACTION_MANEUVER turn=cmuhntiwu0001wib0z281rpa8
2026.09.26-05.03.03 S09AUTO own turn #7 (turnCount=16)
2026.09.26-05.03.03 SNAPSHOT applied seq=84 phase=ACTION_MANEUVER
2026.09.26-05.03.03 HANDLE_APPLIED #126 seq=84 decision=2 fightersValid=1 boardValid=1
2026.09.26-05.03.03 MANEUVER-DRAFT mode=maneuver:16:83
2026.09.26-05.03.03 DRAFT-OPEN draw committed (resume instead of begin)
2026.09.26-05.03.03 MODE seq=84 mode=1 combat=0 pending=0
2026.09.26-05.03.03 HUD seq=84 phase=ACTION_MANEUVER turn=you hand=6 oppHand=5(hidden) oppDeck=13~ deck=13~ discard=12
2026.09.26-05.03.03 FIGHTERS synced n=6 alive=6 own=2 enemy=4
2026.09.26-05.03.03 WS seq=84 phase=ACTION_MANEUVER (apply)
2026.09.26-05.03.03 SNAPSHOT applied seq=84 phase=ACTION_MANEUVER
2026.09.26-05.03.03 HANDLE_APPLIED #127 seq=84 decision=1 fightersValid=1 boardValid=1
2026.09.26-05.03.03 MODE seq=84 mode=1 combat=0 pending=0
2026.09.26-05.03.03 HUD seq=84 phase=ACTION_MANEUVER turn=you hand=6 oppHand=5(hidden) oppDeck=13 deck=12 discard=12
2026.09.26-05.03.03 FIGHTERS synced n=6 alive=6 own=2 enemy=4
2026.09.26-05.03.03 MANEUVER begin seq=84 (merge) pending=maneuver:16:83
2026.09.26-05.03.03 S09AUTO drive mode=1 plan=[defend+resolve+scheme] phase=ACTION_MANEUVER turn=cmuhntiwu0001wib0z281rpa8
2026.09.26-05.03.03 MANEUVER-CONFIRM moves=1 boost=none
2026.09.26-05.03.03 SNAPSHOT applied seq=85 phase=ACTION_MANEUVER
2026.09.26-05.03.03 HANDLE_APPLIED #128 seq=85 decision=2 fightersValid=1 boardValid=1
2026.09.26-05.03.03 closed mode=
2026.09.26-05.03.03 MODE seq=85 mode=0 combat=0 pending=0
2026.09.26-05.03.03 HUD seq=85 phase=ACTION_MANEUVER turn=you hand=6 oppHand=5(hidden) oppDeck=13~ deck=12~ discard=12
2026.09.26-05.03.03 FIGHTERS synced n=6 alive=6 own=2 enemy=4
2026.09.26-05.03.03 CUE move f-1-hero (1,4)->(2,4) seq=85
2026.09.26-05.03.03 WS seq=85 phase=ACTION_MANEUVER (apply)
2026.09.26-05.03.03 SNAPSHOT applied seq=85 phase=ACTION_MANEUVER
2026.09.26-05.03.03 HANDLE_APPLIED #129 seq=85 decision=1 fightersValid=1 boardValid=1
2026.09.26-05.03.03 MODE seq=85 mode=0 combat=0 pending=0
2026.09.26-05.03.03 HUD seq=85 phase=ACTION_MANEUVER turn=you hand=6 oppHand=5(hidden) oppDeck=13 deck=12 discard=12
2026.09.26-05.03.03 FIGHTERS synced n=6 alive=6 own=2 enemy=4
2026.09.26-05.03.03 MANEUVER done seq=85 (merge) fighters=6 boost=no
2026.09.26-05.03.05 S09AUTO drive mode=0 plan=[defend+resolve+scheme] phase=ACTION_MANEUVER turn=cmuhntiwu0001wib0z281rpa8
2026.09.26-05.03.05 SNAPSHOT applied seq=86 phase=ACTION_MANEUVER
2026.09.26-05.03.05 HANDLE_APPLIED #130 seq=86 decision=2 fightersValid=1 boardValid=1
2026.09.26-05.03.05 MANEUVER-DRAFT mode=maneuver:16:85
2026.09.26-05.03.05 DRAFT-OPEN draw committed (resume instead of begin)
2026.09.26-05.03.05 MODE seq=86 mode=1 combat=0 pending=0
2026.09.26-05.03.05 HUD seq=86 phase=ACTION_MANEUVER turn=you hand=7 oppHand=5(hidden) oppDeck=13~ deck=12~ discard=12
2026.09.26-05.03.05 FIGHTERS synced n=6 alive=6 own=2 enemy=4
2026.09.26-05.03.05 WS seq=86 phase=ACTION_MANEUVER (apply)
2026.09.26-05.03.05 SNAPSHOT applied seq=86 phase=ACTION_MANEUVER
2026.09.26-05.03.05 HANDLE_APPLIED #131 seq=86 decision=1 fightersValid=1 boardValid=1
2026.09.26-05.03.05 MODE seq=86 mode=1 combat=0 pending=0
2026.09.26-05.03.05 HUD seq=86 phase=ACTION_MANEUVER turn=you hand=7 oppHand=5(hidden) oppDeck=13 deck=11 discard=12
2026.09.26-05.03.05 FIGHTERS synced n=6 alive=6 own=2 enemy=4
2026.09.26-05.03.05 MANEUVER begin seq=86 (merge) pending=maneuver:16:85
2026.09.26-05.03.05 S09AUTO drive mode=1 plan=[defend+resolve+scheme] phase=ACTION_MANEUVER turn=cmuhntiwu0001wib0z281rpa8
2026.09.26-05.03.05 MANEUVER-CONFIRM moves=1 boost=none
2026.09.26-05.03.05 SNAPSHOT applied seq=87 phase=ACTION_MANEUVER
2026.09.26-05.03.05 HANDLE_APPLIED #132 seq=87 decision=2 fightersValid=1 boardValid=1
2026.09.26-05.03.05 closed mode=
2026.09.26-05.03.05 MODE seq=87 mode=0 combat=0 pending=1
2026.09.26-05.03.05 HUD seq=87 phase=ACTION_MANEUVER turn=opp hand=7 oppHand=5(hidden) oppDeck=13~ deck=11~ discard=12
2026.09.26-05.03.05 FIGHTERS synced n=6 alive=6 own=2 enemy=4
2026.09.26-05.03.05 CUE move f-1-hero (2,4)->(3,4) seq=87
2026.09.26-05.03.05 WS seq=87 phase=ACTION_MANEUVER (apply)
2026.09.26-05.03.05 SNAPSHOT applied seq=87 phase=ACTION_MANEUVER
2026.09.26-05.03.05 HANDLE_APPLIED #133 seq=87 decision=1 fightersValid=1 boardValid=1
2026.09.26-05.03.05 MODE seq=87 mode=0 combat=0 pending=1
2026.09.26-05.03.05 HUD seq=87 phase=ACTION_MANEUVER turn=opp hand=7 oppHand=5(hidden) oppDeck=13 deck=11 discard=12
2026.09.26-05.03.05 FIGHTERS synced n=6 alive=6 own=2 enemy=4
2026.09.26-05.03.05 MANEUVER done seq=87 (merge) fighters=6 boost=no
2026.09.26-05.03.05 SNAPSHOT applied seq=88 phase=ACTION_MANEUVER
2026.09.26-05.03.05 HANDLE_APPLIED #134 seq=88 decision=2 fightersValid=1 boardValid=1
2026.09.26-05.03.05 MODE seq=88 mode=0 combat=0 pending=0
2026.09.26-05.03.05 HUD seq=88 phase=ACTION_MANEUVER turn=opp hand=7 oppHand=5(hidden) oppDeck=13~ deck=11~ discard=12
2026.09.26-05.03.05 FIGHTERS synced n=6 alive=6 own=2 enemy=4
2026.09.26-05.03.05 CUE damage f-1-hero -1 seq=88
2026.09.26-05.03.05 WS seq=88 phase=ACTION_MANEUVER (apply)
2026.09.26-05.03.05 SNAPSHOT applied seq=89 phase=ACTION_MANEUVER
2026.09.26-05.03.05 HANDLE_APPLIED #135 seq=89 decision=2 fightersValid=1 boardValid=1
2026.09.26-05.03.05 MODE seq=89 mode=0 combat=0 pending=0
2026.09.26-05.03.05 HUD seq=89 phase=ACTION_MANEUVER turn=opp hand=7 oppHand=6(hidden) oppDeck=13~ deck=11~ discard=12
2026.09.26-05.03.05 FIGHTERS synced n=6 alive=6 own=2 enemy=4
2026.09.26-05.03.05 WS seq=89 phase=ACTION_MANEUVER (apply)
2026.09.26-05.03.05 SNAPSHOT applied seq=90 phase=ACTION_MANEUVER
2026.09.26-05.03.05 HANDLE_APPLIED #136 seq=90 decision=2 fightersValid=1 boardValid=1
2026.09.26-05.03.05 MODE seq=90 mode=0 combat=0 pending=0
2026.09.26-05.03.05 HUD seq=90 phase=ACTION_MANEUVER turn=opp hand=7 oppHand=6(hidden) oppDeck=13~ deck=11~ discard=12
2026.09.26-05.03.05 FIGHTERS synced n=6 alive=6 own=2 enemy=4
2026.09.26-05.03.05 CUE move f-0-hero (1,3)->(2,3) seq=90
2026.09.26-05.03.05 WS seq=90 phase=ACTION_MANEUVER (apply)
2026.09.26-05.03.06 S09AUTO drive mode=0 plan=[defend+resolve+scheme] phase=ACTION_MANEUVER turn=cmuhntivg0000wib0anhqyswc
2026.09.26-05.03.06 SNAPSHOT applied seq=91 phase=ACTION_MANEUVER
2026.09.26-05.03.06 HANDLE_APPLIED #137 seq=91 decision=2 fightersValid=1 boardValid=1
2026.09.26-05.03.06 MODE seq=91 mode=0 combat=0 pending=0
2026.09.26-05.03.06 HUD seq=91 phase=ACTION_MANEUVER turn=opp hand=7 oppHand=7(hidden) oppDeck=13~ deck=11~ discard=12
2026.09.26-05.03.06 FIGHTERS synced n=6 alive=6 own=2 enemy=4
2026.09.26-05.03.06 WS seq=91 phase=ACTION_MANEUVER (apply)
2026.09.26-05.03.06 SNAPSHOT applied seq=92 phase=ACTION_MANEUVER
2026.09.26-05.03.06 HANDLE_APPLIED #138 seq=92 decision=2 fightersValid=1 boardValid=1
2026.09.26-05.03.06 MODE seq=92 mode=0 combat=0 pending=0
2026.09.26-05.03.06 HUD seq=92 phase=ACTION_MANEUVER turn=you hand=7 oppHand=7(hidden) oppDeck=13~ deck=11~ discard=12
2026.09.26-05.03.06 FIGHTERS synced n=6 alive=6 own=2 enemy=4
2026.09.26-05.03.06 CUE move f-0-hero (2,3)->(3,3) seq=92
2026.09.26-05.03.06 WS seq=92 phase=ACTION_MANEUVER (apply)
2026.09.26-05.03.06 S09AUTO own turn #8 (turnCount=18)
2026.09.26-05.03.06 SNAPSHOT applied seq=93 phase=ACTION_MANEUVER
2026.09.26-05.03.06 HANDLE_APPLIED #139 seq=93 decision=2 fightersValid=1 boardValid=1
2026.09.26-05.03.06 MANEUVER-DRAFT mode=maneuver:18:92
2026.09.26-05.03.06 DRAFT-OPEN draw committed (resume instead of begin)
2026.09.26-05.03.06 MODE seq=93 mode=1 combat=0 pending=0
2026.09.26-05.03.06 HUD seq=93 phase=ACTION_MANEUVER turn=you hand=8 oppHand=7(hidden) oppDeck=13~ deck=11~ discard=12
2026.09.26-05.03.06 FIGHTERS synced n=6 alive=6 own=2 enemy=4
2026.09.26-05.03.06 WS seq=93 phase=ACTION_MANEUVER (apply)
2026.09.26-05.03.06 SNAPSHOT applied seq=93 phase=ACTION_MANEUVER
2026.09.26-05.03.06 HANDLE_APPLIED #140 seq=93 decision=1 fightersValid=1 boardValid=1
2026.09.26-05.03.06 MODE seq=93 mode=1 combat=0 pending=0
2026.09.26-05.03.06 HUD seq=93 phase=ACTION_MANEUVER turn=you hand=8 oppHand=7(hidden) oppDeck=11 deck=10 discard=12
2026.09.26-05.03.06 FIGHTERS synced n=6 alive=6 own=2 enemy=4
2026.09.26-05.03.06 MANEUVER begin seq=93 (merge) pending=maneuver:18:92
2026.09.26-05.03.06 S09AUTO drive mode=1 plan=[defend+resolve+scheme] phase=ACTION_MANEUVER turn=cmuhntiwu0001wib0z281rpa8
2026.09.26-05.03.06 MANEUVER-CONFIRM moves=1 boost=none
2026.09.26-05.03.06 SNAPSHOT applied seq=94 phase=ACTION_MANEUVER
2026.09.26-05.03.06 HANDLE_APPLIED #141 seq=94 decision=2 fightersValid=1 boardValid=1
2026.09.26-05.03.06 closed mode=
2026.09.26-05.03.06 MODE seq=94 mode=0 combat=0 pending=0
2026.09.26-05.03.06 HUD seq=94 phase=ACTION_MANEUVER turn=you hand=8 oppHand=7(hidden) oppDeck=11~ deck=10~ discard=12
2026.09.26-05.03.06 FIGHTERS synced n=6 alive=6 own=2 enemy=4
2026.09.26-05.03.06 CUE move f-1-hero (3,4)->(4,4) seq=94
2026.09.26-05.03.06 WS seq=94 phase=ACTION_MANEUVER (apply)
2026.09.26-05.03.06 SNAPSHOT applied seq=94 phase=ACTION_MANEUVER
2026.09.26-05.03.06 HANDLE_APPLIED #142 seq=94 decision=1 fightersValid=1 boardValid=1
2026.09.26-05.03.06 MODE seq=94 mode=0 combat=0 pending=0
2026.09.26-05.03.06 HUD seq=94 phase=ACTION_MANEUVER turn=you hand=8 oppHand=7(hidden) oppDeck=11 deck=10 discard=12
2026.09.26-05.03.06 FIGHTERS synced n=6 alive=6 own=2 enemy=4
2026.09.26-05.03.06 MANEUVER done seq=94 (merge) fighters=6 boost=no
2026.09.26-05.03.07 S09AUTO drive mode=0 plan=[defend+resolve+scheme] phase=ACTION_MANEUVER turn=cmuhntiwu0001wib0z281rpa8
2026.09.26-05.03.07 S09AUTO scheme
2026.09.26-05.03.07 SNAPSHOT applied seq=95 phase=ACTION_MANEUVER
2026.09.26-05.03.07 HANDLE_APPLIED #143 seq=95 decision=2 fightersValid=1 boardValid=1
2026.09.26-05.03.07 closed mode=
2026.09.26-05.03.07 MODE seq=95 mode=6 combat=0 pending=1
2026.09.26-05.03.07 HUD seq=95 phase=ACTION_MANEUVER turn=you hand=7 oppHand=7(hidden) oppDeck=11~ deck=10~ discard=13
2026.09.26-05.03.07 FIGHTERS synced n=6 alive=6 own=2 enemy=4
2026.09.26-05.03.07 WS seq=95 phase=ACTION_MANEUVER (apply)
2026.09.26-05.03.07 SNAPSHOT applied seq=95 phase=ACTION_MANEUVER
2026.09.26-05.03.07 HANDLE_APPLIED #144 seq=95 decision=1 fightersValid=1 boardValid=1
2026.09.26-05.03.07 MODE seq=95 mode=6 combat=0 pending=1
2026.09.26-05.03.07 HUD seq=95 phase=ACTION_MANEUVER turn=you hand=7 oppHand=7(hidden) oppDeck=11 deck=6 discard=13
2026.09.26-05.03.07 FIGHTERS synced n=6 alive=6 own=2 enemy=4
2026.09.26-05.03.07 SCHEME done seq=95 (merge) phase=ACTION_MANEUVER
2026.09.26-05.03.09 S09AUTO drive mode=6 plan=[defend+resolve+scheme] phase=ACTION_MANEUVER turn=cmuhntiwu0001wib0z281rpa8
2026.09.26-05.03.09 S09AUTO mandatory pending without a legal pick (type=DECK_TOP_PICK id=cmuhgvghx00ogwi9g6yhna6m8-fullText-0-p0) - waiting
2026.09.26-05.07.16 --- S08 trace close ---
