2026.09.30-11.32.01 --- S08 trace open 2026.09.30-11.32.01 ---
2026.09.30-11.32.01 HUD team chips ready=1 mode=absolute tagNames=rule
2026.09.30-11.32.01 HUD icon texture size=48 ready=1 path=/Game/ArtTests/ARTMarkers/Textures/T_UI_Action_AttackToken_48 texture=48x48 probe=1 plate=1
2026.09.30-11.32.01 HUD art widget tag impl=umg source=/Game/S08/UI/ArtHud/WBP_S08ArtTag class=/Game/S08/UI/ArtHud/WBP_S08ArtTag.WBP_S08ArtTag_C count=8 missing=- codeDefaultTree=0
2026.09.30-11.32.01 HUD art widget plate impl=umg source=/Game/S08/UI/ArtHud/WBP_S08ArtPlate class=/Game/S08/UI/ArtHud/WBP_S08ArtPlate.WBP_S08ArtPlate_C parts=1 missing=- codeDefaultTree=0
2026.09.30-11.32.01 HUD art widget icon impl=umg source=/Game/S08/UI/ArtHud/WBP_S08ArtIcon class=/Game/S08/UI/ArtHud/WBP_S08ArtIcon.WBP_S08ArtIcon_C parts=1 missing=- codeDefaultTree=0
2026.09.30-11.32.01 HUD art widget damage impl=umg source=/Game/S08/UI/ArtHud/WBP_S08ArtDamage class=/Game/S08/UI/ArtHud/WBP_S08ArtDamage.WBP_S08ArtDamage_C parts=1 missing=- codeDefaultTree=0
2026.09.30-11.32.01 RENDER preset applied=High flag=S08RenderPreset
2026.09.30-11.32.02 LOGIN ok user=art-preview-host
2026.09.30-11.32.04 HEROES loaded 84
2026.09.30-11.32.04 createGame -> room=cmuo0zi7h00tfwiwwtp0d71es code=<redacted> status=LOBBY
2026.09.30-11.32.06 PERF config tMaxFPS=30.0 frameRateLimit=60.0 vsync=0 smoothFrameRate=0 fixedFrameRate=0 rhi=D3D12
2026.09.30-11.32.06 RENDER tag=PERF rhi=D3D12 featureLevel=SM6 shaderPlatform=PCD3D_SM6 lumenPlatform=1 gi=lumen giMethod=1 refl=lumen reflMethod=1 shadows=csm vsmEnable=0 sg.res=100 sg.view=2 sg.aa=2 sg.shadow=2 sg.gi=2 sg.refl=2 sg.pp=2 sg.tex=2 sg.fx=2 sg.foliage=2 sg.shading=2 sg.landscape=2 preset=High screenPct=100.0 screenPctMode=0 aa=TSR aaMethod=4 exposure=engine-default expMin=1.00000 expMax=1.00000 expBias=1.000 ev100=0.00 lightUnits=- sky=0 skyIntensity=0.000 keyShadow=- shadowCasters=0 profile=- profilesSha256=- profilesSource=- legacyRender=0 gameLayer=unlit-eyeadaptinv tMaxFPS=30.0 vsync=0 frameRateLimit=60.0 substrate=0 nanite=1 meshDF=1 viewport=1920x1080 reference=0 notReference=noArtProfile,exposure,lightUnits,profilesSource
2026.09.30-11.32.06 PERF window t=0.0-5.0 frames=151 fps=29.96 frameMs avg=33.38 p50=33.33 p95=33.33 p99=33.44 max=40.10 hitches50=0 gpuMs avg=1.42 p50=1.35 p95=1.79 gameMs avg=1.59 p95=1.95 renderMs avg=2848.90 p95=4.58
2026.09.30-11.32.07 game -> room=cmuo0zi7h00tfwiwwtp0d71es code=<redacted> status=LOBBY
2026.09.30-11.32.08 selectHero -> room=cmuo0zi7h00tfwiwwtp0d71es code=<redacted> status=LOBBY
2026.09.30-11.32.10 game -> room=cmuo0zi7h00tfwiwwtp0d71es code=<redacted> status=LOBBY
2026.09.30-11.32.10 toggleReady -> room=cmuo0zi7h00tfwiwwtp0d71es code=<redacted> status=LOBBY
2026.09.30-11.32.11 PERF window t=5.0-10.0 frames=150 fps=30.00 frameMs avg=33.34 p50=33.33 p95=33.33 p99=33.37 max=33.72 hitches50=0 gpuMs avg=1.30 p50=1.31 p95=1.40 gameMs avg=1.47 p95=2.08 renderMs avg=2.73 p95=4.81
2026.09.30-11.32.13 game -> room=cmuo0zi7h00tfwiwwtp0d71es code=<redacted> status=LOBBY
2026.09.30-11.32.16 PERF window t=10.0-15.0 frames=150 fps=30.00 frameMs avg=33.33 p50=33.33 p95=33.33 p99=33.33 max=33.34 hitches50=0 gpuMs avg=1.37 p50=1.36 p95=1.46 gameMs avg=1.36 p95=1.56 renderMs avg=2.44 p95=3.04
2026.09.30-11.32.16 game -> room=cmuo0zi7h00tfwiwwtp0d71es code=<redacted> status=LOBBY
2026.09.30-11.32.19 game -> room=cmuo0zi7h00tfwiwwtp0d71es code=<redacted> status=LOBBY
2026.09.30-11.32.20 startGame -> room=cmuo0zi7h00tfwiwwtp0d71es code=<redacted> status=IN_PROGRESS
2026.09.30-11.32.20 SNAPSHOT applied seq=1 phase=ACTION_MANEUVER
2026.09.30-11.32.20 HANDLE_APPLIED #1 seq=1 decision=2 fightersValid=1 boardValid=1
2026.09.30-11.32.20 MODE seq=1 mode=0 combat=0 pending=0
2026.09.30-11.32.20 HUD seq=1 phase=ACTION_MANEUVER turn=you hand=5 oppHand=5(hidden) oppDeck=25 deck=25 discard=0
2026.09.30-11.32.20 ARTPREVIEW board profiles loaded=1 revision=5 boards=3 zoneStyles=11 lightProfiles=3 errors=0 path=Config/ArtBoards/S08ArtBoardProfiles.json
2026.09.30-11.32.20 ARTPREVIEW board profiles source=pak sha256=1ecc1e9281845655acf8b31f1dcf52a7510abfc8ba8505525ad72ee8f4ce3c4c
2026.09.30-11.32.20 ARTPREVIEW zone content instances=12/12 glyphMeshes=11/11
2026.09.30-11.32.20 ARTPREVIEW zone keyline content mi=MI_ART005_Zone_Keyline glyphKeyMeshes=11/11 color=#111317
2026.09.30-11.32.20 ARTPREVIEW game layer material=M_S08_GameLayerUnlit unlitEyeAdaptInv=1 legacyRender=0
2026.09.30-11.32.20 ARTPREVIEW Cobble assets ready
2026.09.30-11.32.20 ARTPREVIEW board assets ready cobbleMesh=1 tiles=1 zoneMaterials=2
2026.09.30-11.32.20 ARTPREVIEW medusa candidate variant=face-neck-v2 mesh=SK_Medusa_FaceNeck_v2Candidate requested=face-neck-v2
2026.09.30-11.32.20 ARTPREVIEW board profile=t-rex-paddock-art-fixture match=boardId board=7x5 boardId=c70e9f624617750c2a2b856fd surface=tiles light=paddock-probe artFixture=1
2026.09.30-11.32.20 ARTPREVIEW light profile=paddock-probe name=key role=key kind=directional at=(-350,-150,600) intensity=3.5 units=lux radius=0 color=(0.62,0.69,0.88) shadow=1
2026.09.30-11.32.20 ARTPREVIEW light profile=paddock-probe name=warm-practical role=warm kind=point at=(105,-225,250) intensity=130 units=candelas radius=430 color=(1.00,0.59,0.30) shadow=0
2026.09.30-11.32.20 ARTPREVIEW light profile=paddock-probe name=cyan-rim role=cool kind=point at=(-315,-225,250) intensity=85 units=candelas radius=420 color=(0.55,0.80,1.00) shadow=0
2026.09.30-11.32.20 ARTPREVIEW light profile=paddock-probe name=indigo-pool role=cool kind=point at=(245,200,240) intensity=70 units=candelas radius=360 color=(0.45,0.50,0.95) shadow=0
2026.09.30-11.32.20 ARTPREVIEW sky profile=paddock-probe cubemap=/Game/S08/Render/TC_S08_AmbientDome loaded=1 spawned=1 intensity=14.1 color=(0.84,0.88,0.96) lowerBlack=0
2026.09.30-11.32.20 ARTPREVIEW exposure profile=paddock-probe method=histogram-fixed min=4.14106 max=4.14106 bias=0.000 ev100=2.05 volume=1
2026.09.30-11.32.20 ARTPREVIEW lights applied profile=paddock-probe directional=1 shadow=1 points=3 pointShadows=0 budgetOk=1
2026.09.30-11.32.20 ARTPREVIEW render profile=paddock-probe units=candelas sky=1 exposure=1 keyShadow=csm-3000uu-2c-contact0.000 shadowCasters=1 legacyRender=0
2026.09.30-11.32.20 ARTPREVIEW board zone keylines pieces=111 glyphKeys=39 glyphKeyCubePieces=0 mi=MI_ART005_Zone_Keyline growUU=1.5 edgeUU=42.0 maxOuterUU=45.0
2026.09.30-11.32.20 ARTPREVIEW board glyph meshes instances=39 keys=6/6 cubePieces=0 anchors=39
2026.09.30-11.32.20 ARTPREVIEW board active profile=t-rex-paddock-art-fixture 7x5 surface=tiles cells=35 zoneCells=26 multizone=13 triple=0 obstacles=9 zoneKeys=6 strokes=111 glyphs=80 surfaceParts=30 glyphMaterial=zone expectOk=1
2026.09.30-11.32.20 ARTPREVIEW board zone key=blue cells=6 stroke=solid glyph=diamond color=#3B78D8 ismUsage=1 strokePieces=6 glyphPieces=6 mi=MI_ART005_Zone_Blue glyphMesh=SM_ART005_ZoneGlyph_Diamond glyphInstances=6 fallback=0
2026.09.30-11.32.20 ARTPREVIEW board zone key=blue-green cells=7 stroke=double glyph=bars3 color=#34C3B6 ismUsage=1 strokePieces=14 glyphPieces=21 mi=MI_ART005_Zone_BlueGreen glyphMesh=SM_ART005_ZoneGlyph_Bars3 glyphInstances=7 fallback=0
2026.09.30-11.32.20 ARTPREVIEW board zone key=gray cells=7 stroke=dots5 glyph=square color=#6B727A ismUsage=1 strokePieces=35 glyphPieces=7 mi=MI_ART005_Zone_Gray glyphMesh=SM_ART005_ZoneGlyph_Square glyphInstances=7 fallback=0
2026.09.30-11.32.20 ARTPREVIEW board zone key=green cells=8 stroke=dash2 glyph=cross color=#46B45A ismUsage=1 strokePieces=16 glyphPieces=16 mi=MI_ART005_Zone_Green glyphMesh=SM_ART005_ZoneGlyph_Cross glyphInstances=8 fallback=0
2026.09.30-11.32.20 ARTPREVIEW board zone key=purple cells=4 stroke=dashdot glyph=ring color=#A070DC ismUsage=1 strokePieces=12 glyphPieces=16 mi=MI_ART005_Zone_Purple glyphMesh=SM_ART005_ZoneGlyph_Ring glyphInstances=4 fallback=0
2026.09.30-11.32.20 ARTPREVIEW board zone key=yellow cells=7 stroke=dash4 glyph=chevron color=#F4D24A ismUsage=1 strokePieces=28 glyphPieces=14 mi=MI_ART005_Zone_Yellow glyphMesh=SM_ART005_ZoneGlyph_Chevron glyphInstances=7 fallback=0
2026.09.30-11.32.20 ARTPREVIEW board multizone cells=13 zonesListed=26 zonesMarked=26
2026.09.30-11.32.20 ARTPREVIEW board multizone cell=(0,0) blue+green strokeSides=0+1 glyphSlots=0+1 marked=2/2
2026.09.30-11.32.20 ARTPREVIEW board multizone cell=(3,0) green+yellow strokeSides=0+1 glyphSlots=0+1 marked=2/2
2026.09.30-11.32.20 ARTPREVIEW board multizone cell=(2,1) green+yellow strokeSides=0+1 glyphSlots=0+1 marked=2/2
2026.09.30-11.32.20 ARTPREVIEW board multizone cell=(3,1) green+yellow strokeSides=0+1 glyphSlots=0+1 marked=2/2
2026.09.30-11.32.20 ARTPREVIEW board multizone cell=(5,1) gray+blue-green strokeSides=0+1 glyphSlots=0+1 marked=2/2
2026.09.30-11.32.20 ARTPREVIEW board multizone cell=(1,2) blue+yellow strokeSides=0+1 glyphSlots=0+1 marked=2/2
2026.09.30-11.32.20 ARTPREVIEW board multizone cell=(2,2) green+yellow strokeSides=0+1 glyphSlots=0+1 marked=2/2
2026.09.30-11.32.20 ARTPREVIEW board multizone cell=(4,2) gray+green strokeSides=0+1 glyphSlots=0+1 marked=2/2
2026.09.30-11.32.20 ARTPREVIEW board multizone cell=(5,2) gray+blue-green strokeSides=0+1 glyphSlots=0+1 marked=2/2
2026.09.30-11.32.20 ARTPREVIEW board multizone cell=(0,4) blue+purple strokeSides=0+1 glyphSlots=0+1 marked=2/2
2026.09.30-11.32.20 ARTPREVIEW board multizone cell=(2,4) purple+yellow strokeSides=0+1 glyphSlots=0+1 marked=2/2
2026.09.30-11.32.20 ARTPREVIEW board multizone cell=(3,4) gray+purple strokeSides=0+1 glyphSlots=0+1 marked=2/2
2026.09.30-11.32.20 ARTPREVIEW board multizone cell=(5,4) gray+blue-green strokeSides=0+1 glyphSlots=0+1 marked=2/2
2026.09.30-11.32.20 CAMERA dist=1672 loc=(0,959,1370) pitch=-55 yaw=-90
2026.09.30-11.32.20 CAMERA config overview=1672.1 nearest=300.0 farthest=2572.5 zoomRange=0.65-5.57 minDist=300.0 outRatio=0.650 step=1.250 animMs=200 returnMs=300 followFrom=1.20 source=defaults issues=0
2026.09.30-11.32.20 BOARD 7x5 cells | control points: (0,0)=(-300,-200,0) (6,4)=(300,200,0) | neighbor pair (dist 100 uu)
2026.09.30-11.32.20 ARTPREVIEW team mapping mode=absolute source=seatOrder viewerTeam=P1 p1=f-0-hero,f-0-sk0,f-0-sk1,f-0-sk2 p2=f-1-hero,f-1-sk0
2026.09.30-11.32.20 ARTPREVIEW medusa materials fighter=f-0-hero team=own mesh=SK_Medusa_FaceNeck_v2Candidate slots=2 mi=/Game/ArtPreview/Medusa/Materials/MI_Medusa_P1.MI_Medusa_P1 slot1=/Game/ArtPreview/Medusa/Materials/MI_Medusa_P1.MI_Medusa_P1 base=/Game/ArtPreview/Medusa/Materials/MI_Medusa_P1.MI_Medusa_P1 parent=/Game/ArtPreview/Medusa/Materials/M_Medusa_Atlas.M_Medusa_Atlas params=1 miSha256=605ba81410e062e55aec4bd1d157eadbdab662c6339073f40948e13dc3b47df0 teamSlot=P1 look=P1 mode=absolute
2026.09.30-11.32.20 ARTPREVIEW click capsule fighter=f-0-hero mesh=SK_Medusa_FaceNeck_v2Candidate physicsAsset=0 radius=12.5 halfHeight=27.5 top=55.0 bodyCollision=0 source=meshBounds
2026.09.30-11.32.20 ARTPREVIEW fighter=Medusa hero=1 eligible=1 visual=1 mesh=SK_Medusa_FaceNeck_v2Candidate
2026.09.30-11.32.20 ARTPREVIEW team ring fighter=f-0-hero team=P1 look=P1 mode=absolute shape=circle shown=1 mesh=SM_Marker_TeamRing_P1 fill=#E8C06A keyline=#111317 fillLinear=(0.8070,0.5271,0.1441) zMin=0.60 zMax=1.20 scale=1.00 base=hidden blockout=0 art=1 rim=#FFFFFF
2026.09.30-11.32.20 ARTPREVIEW click capsule fighter=f-0-sk0 mesh=SM_ART003_Harpy physicsAsset=0 radius=20.0 halfHeight=21.0 top=42.0 bodyCollision=0 source=meshBounds
2026.09.30-11.32.20 ARTPREVIEW team ring fighter=f-0-sk0 team=P1 look=P1 mode=absolute shape=circle shown=1 mesh=SM_Marker_TeamRing_P1 fill=#E8C06A keyline=#111317 fillLinear=(0.8070,0.5271,0.1441) zMin=0.60 zMax=1.20 scale=0.78 base=hidden blockout=1 art=0 rim=#FFFFFF
2026.09.30-11.32.20 ARTPREVIEW click capsule fighter=f-0-sk1 mesh=SM_ART003_Harpy physicsAsset=0 radius=20.0 halfHeight=21.0 top=42.0 bodyCollision=0 source=meshBounds
2026.09.30-11.32.20 ARTPREVIEW team ring fighter=f-0-sk1 team=P1 look=P1 mode=absolute shape=circle shown=1 mesh=SM_Marker_TeamRing_P1 fill=#E8C06A keyline=#111317 fillLinear=(0.8070,0.5271,0.1441) zMin=0.60 zMax=1.20 scale=0.78 base=hidden blockout=1 art=0 rim=#FFFFFF
2026.09.30-11.32.20 ARTPREVIEW click capsule fighter=f-0-sk2 mesh=SM_ART003_Harpy physicsAsset=0 radius=20.0 halfHeight=21.0 top=42.0 bodyCollision=0 source=meshBounds
2026.09.30-11.32.20 ARTPREVIEW team ring fighter=f-0-sk2 team=P1 look=P1 mode=absolute shape=circle shown=1 mesh=SM_Marker_TeamRing_P1 fill=#E8C06A keyline=#111317 fillLinear=(0.8070,0.5271,0.1441) zMin=0.60 zMax=1.20 scale=0.78 base=hidden blockout=1 art=0 rim=#FFFFFF
2026.09.30-11.32.20 ARTPREVIEW click capsule fighter=f-1-hero mesh=SM_ART003_Arthur physicsAsset=0 radius=17.8 halfHeight=28.0 top=56.0 bodyCollision=0 source=meshBounds
2026.09.30-11.32.20 ARTPREVIEW team ring fighter=f-1-hero team=P2 look=P2 mode=absolute shape=hexagon shown=1 mesh=SM_Marker_TeamRing_P2 fill=#5A7F9F keyline=#111317 fillLinear=(0.1022,0.2122,0.3467) zMin=0.60 zMax=1.20 scale=1.00 base=hidden blockout=1 art=0 rim=#FFFFFF
2026.09.30-11.32.20 ARTPREVIEW click capsule fighter=f-1-sk0 mesh=SM_ART003_Merlin physicsAsset=0 radius=14.7 halfHeight=30.8 top=61.5 bodyCollision=0 source=meshBounds
2026.09.30-11.32.20 ARTPREVIEW team ring fighter=f-1-sk0 team=P2 look=P2 mode=absolute shape=hexagon shown=1 mesh=SM_Marker_TeamRing_P2 fill=#5A7F9F keyline=#111317 fillLinear=(0.1022,0.2122,0.3467) zMin=0.60 zMax=1.20 scale=0.78 base=hidden blockout=1 art=0 rim=#FFFFFF
2026.09.30-11.32.20 FIGHTERS synced n=6 alive=6 own=4 enemy=2
2026.09.30-11.32.20 STATE seq=1 -> apply
2026.09.30-11.32.20 HUD art layer plate=1 iconSize=48 iconTexture=1 iconProbe=1 plan=0
2026.09.30-11.32.20 HUD art impl=umg plateViews=umg:/Game/S08/UI/ArtHud/WBP_S08ArtPlate iconViews=umg:/Game/S08/UI/ArtHud/WBP_S08ArtIcon textTable=S08ArtHud entries=13 missingKeys=0
2026.09.30-11.32.20 TAG fighter=f-1-hero bbox=(1279,6,1384,47) mode=full look=P2 placement=right ring=5 hardPx2=0 softPx2=0 order=0 bound=1
2026.09.30-11.32.20 TAG fighter=f-1-sk0 bbox=(918,542,1002,583) mode=full look=P2 placement=below ring=0 hardPx2=0 softPx2=0 order=1 bound=0
2026.09.30-11.32.20 ICON fighter=f-1-hero bbox=(1250,149,1298,197) size=48 src=flag anchor=right fallback=0 overlapPx2=0 texture=/Game/ArtTests/ARTMarkers/Textures/T_UI_Action_AttackToken_48
2026.09.30-11.32.20 ARTPREVIEW icon probe src=flag target=f-1-hero size=48
2026.09.30-11.32.20 ARTPREVIEW screen labels=1 (world TextRender labels and damage text hidden)
2026.09.30-11.32.20 SUBSCRIBED gameStateUpdated since=1
2026.09.30-11.32.20 TAG fighter=f-0-hero bbox=(833,438,935,460) mode=compact look=P1 placement=right ring=0 hardPx2=0 softPx2=0 order=2 bound=1
2026.09.30-11.32.20 TAG fighter=f-0-sk0 bbox=(817,616,908,657) mode=full look=P1 placement=right ring=0 hardPx2=0 softPx2=0 order=5 bound=1
2026.09.30-11.32.20 TAG fighter=f-0-sk1 bbox=(736,276,827,317) mode=full look=P1 placement=above ring=0 hardPx2=0 softPx2=0 order=1 bound=1
2026.09.30-11.32.20 TAG fighter=f-0-sk2 bbox=(546,419,637,460) mode=full look=P1 placement=above ring=0 hardPx2=0 softPx2=0 order=4 bound=1
2026.09.30-11.32.20 TAG fighter=f-1-hero bbox=(1093,394,1198,435) mode=full look=P2 placement=above ring=0 hardPx2=0 softPx2=0 order=0 bound=1
2026.09.30-11.32.20 TAG fighter=f-1-sk0 bbox=(1289,397,1373,438) mode=full look=P2 placement=above ring=0 hardPx2=0 softPx2=0 order=3 bound=1
2026.09.30-11.32.20 ICON fighter=f-1-hero bbox=(1206,464,1254,512) size=48 src=flag anchor=right fallback=0 overlapPx2=0 texture=/Game/ArtTests/ARTMarkers/Textures/T_UI_Action_AttackToken_48
2026.09.30-11.32.20 SNAPSHOT applied seq=1 phase=ACTION_MANEUVER
2026.09.30-11.32.20 HANDLE_APPLIED #2 seq=1 decision=1 fightersValid=1 boardValid=1
2026.09.30-11.32.20 MODE seq=1 mode=0 combat=0 pending=0
2026.09.30-11.32.20 HUD seq=1 phase=ACTION_MANEUVER turn=you hand=5 oppHand=5(hidden) oppDeck=25 deck=25 discard=0
2026.09.30-11.32.20 ARTPREVIEW fighter=Medusa hero=1 eligible=1 visual=1 mesh=SK_Medusa_FaceNeck_v2Candidate
2026.09.30-11.32.20 FIGHTERS synced n=6 alive=6 own=4 enemy=2
2026.09.30-11.32.20 WS seq=1 phase=ACTION_MANEUVER (merge)
2026.09.30-11.32.20 TAG fighter=f-0-hero bbox=(833,438,935,460) mode=compact look=P1 placement=right ring=0 hardPx2=0 softPx2=0 order=2 bound=1
2026.09.30-11.32.20 TAG fighter=f-0-sk0 bbox=(817,616,908,657) mode=full look=P1 placement=right ring=0 hardPx2=0 softPx2=0 order=5 bound=1
2026.09.30-11.32.20 TAG fighter=f-0-sk1 bbox=(736,276,827,317) mode=full look=P1 placement=above ring=0 hardPx2=0 softPx2=0 order=1 bound=1
2026.09.30-11.32.20 TAG fighter=f-0-sk2 bbox=(546,419,637,460) mode=full look=P1 placement=above ring=0 hardPx2=0 softPx2=0 order=4 bound=1
2026.09.30-11.32.20 TAG fighter=f-1-hero bbox=(1093,394,1198,435) mode=full look=P2 placement=above ring=0 hardPx2=0 softPx2=0 order=0 bound=1
2026.09.30-11.32.20 TAG fighter=f-1-sk0 bbox=(1289,397,1373,438) mode=full look=P2 placement=above ring=0 hardPx2=0 softPx2=0 order=3 bound=1
2026.09.30-11.32.20 ICON fighter=f-1-hero bbox=(1206,464,1254,512) size=48 src=flag anchor=right fallback=0 overlapPx2=0 texture=/Game/ArtTests/ARTMarkers/Textures/T_UI_Action_AttackToken_48
2026.09.30-11.32.22 PERF window t=15.0-20.1 frames=149 fps=29.67 frameMs avg=33.70 p50=33.33 p95=33.33 p99=55.94 max=65.61 hitches50=2 gpuMs avg=1.57 p50=1.38 p95=2.13 gameMs avg=2.16 p95=2.08 renderMs avg=3.87 p95=3.97
2026.09.30-11.32.23 game -> room=cmuo0zi7h00tfwiwwtp0d71es code=<redacted> status=IN_PROGRESS
2026.09.30-11.32.26 game -> room=cmuo0zi7h00tfwiwwtp0d71es code=<redacted> status=IN_PROGRESS
2026.09.30-11.32.27 PERF window t=20.1-25.1 frames=150 fps=30.00 frameMs avg=33.33 p50=33.33 p95=33.33 p99=33.34 max=33.44 hitches50=0 gpuMs avg=1.92 p50=1.89 p95=2.16 gameMs avg=1.48 p95=1.74 renderMs avg=3.01 p95=3.61
2026.09.30-11.32.29 game -> room=cmuo0zi7h00tfwiwwtp0d71es code=<redacted> status=IN_PROGRESS
2026.09.30-11.32.32 game -> room=cmuo0zi7h00tfwiwwtp0d71es code=<redacted> status=IN_PROGRESS
2026.09.30-11.32.32 PERF window t=25.1-30.1 frames=151 fps=30.00 frameMs avg=33.33 p50=33.33 p95=33.33 p99=33.34 max=33.39 hitches50=0 gpuMs avg=1.94 p50=1.92 p95=2.16 gameMs avg=1.46 p95=1.70 renderMs avg=3.01 p95=3.68
2026.09.30-11.32.35 game -> room=cmuo0zi7h00tfwiwwtp0d71es code=<redacted> status=IN_PROGRESS
2026.09.30-11.32.35 ARTPREVIEW selection ring shown fighter=Medusa mesh=SM_Marker_SelectionRing
2026.09.30-11.32.35 ARTPREVIEW reachable corners cells=10 placed=1
2026.09.30-11.32.35 ARTPREVIEW selection ownHero=1 selected=1 fighter=Medusa reachable=11 fighterId=f-0-hero
2026.09.30-11.32.35 INPUT select src=flag fighter=f-0-hero flag=ArtPreviewSelectOwnHero
2026.09.30-11.32.35 HUD plate content fighter=f-0-hero name=Medusa hp=16/16 team=own statuses=HERO  |  MELEE teamSlot=P1 look=P1 shape=circle chip=#DAC576
2026.09.30-11.32.35 PLATE fighter=f-0-hero bbox=(837,474,1009,528) overlapReachable=0 placement=right ring=0 gap=6 selection=f-0-hero destinations=10 clean=1 softPx2=0 tested=130 bound=1
2026.09.30-11.32.35 TAG fighter=f-0-sk0 bbox=(817,616,908,657) mode=full look=P1 placement=right ring=0 hardPx2=0 softPx2=0 order=4 bound=1
2026.09.30-11.32.35 TAG fighter=f-0-sk1 bbox=(736,276,827,317) mode=full look=P1 placement=above ring=0 hardPx2=0 softPx2=0 order=1 bound=1
2026.09.30-11.32.35 TAG fighter=f-0-sk2 bbox=(546,419,637,460) mode=full look=P1 placement=above ring=0 hardPx2=0 softPx2=0 order=3 bound=1
2026.09.30-11.32.35 TAG fighter=f-1-hero bbox=(1093,394,1198,435) mode=full look=P2 placement=above ring=0 hardPx2=0 softPx2=0 order=0 bound=1
2026.09.30-11.32.35 TAG fighter=f-1-sk0 bbox=(1289,397,1373,438) mode=full look=P2 placement=above ring=0 hardPx2=0 softPx2=0 order=2 bound=1
2026.09.30-11.32.35 ICON fighter=f-1-hero bbox=(1206,464,1254,512) size=48 src=flag anchor=right fallback=0 overlapPx2=0 texture=/Game/ArtTests/ARTMarkers/Textures/T_UI_Action_AttackToken_48
2026.09.30-11.32.37 PERF window t=30.1-35.1 frames=151 fps=30.00 frameMs avg=33.33 p50=33.33 p95=33.33 p99=33.34 max=33.35 hitches50=0 gpuMs avg=1.94 p50=1.93 p95=2.21 gameMs avg=1.58 p95=2.15 renderMs avg=3.04 p95=4.01
2026.09.30-11.32.37 SHOT ctx viewport=1920x1080 viewTarget=CameraActor_2147482316 cam=(0,959,1370) rot=(-55,-90,0)
2026.09.30-11.32.37 RENDER tag=SHOT rhi=D3D12 featureLevel=SM6 shaderPlatform=PCD3D_SM6 lumenPlatform=1 gi=lumen giMethod=1 refl=lumen reflMethod=1 shadows=csm vsmEnable=0 sg.res=100 sg.view=2 sg.aa=2 sg.shadow=2 sg.gi=2 sg.refl=2 sg.pp=2 sg.tex=2 sg.fx=2 sg.foliage=2 sg.shading=2 sg.landscape=2 preset=High screenPct=100.0 screenPctMode=0 aa=TSR aaMethod=4 exposure=fixed-histogram expMin=4.14106 expMax=4.14106 expBias=0.000 ev100=2.05 lightUnits=candelas sky=1 skyIntensity=14.100 keyShadow=csm-3000uu-2c-contact0.000 shadowCasters=1 profile=paddock-probe profilesSha256=1ecc1e9281845655acf8b31f1dcf52a7510abfc8ba8505525ad72ee8f4ce3c4c profilesSource=pak legacyRender=0 gameLayer=unlit-eyeadaptinv tMaxFPS=30.0 vsync=0 frameRateLimit=60.0 substrate=0 nanite=1 meshDF=1 viewport=1920x1080 reference=1
2026.09.30-11.32.37 SHOT fighter f-0-hero pos=(2,2) world=(-100,0,0) screen=(778,540) projected=1 alive=1
2026.09.30-11.32.37 SHOT fighter f-0-sk0 pos=(2,3) world=(-100,100,0) screen=(771,694) projected=1 alive=1
2026.09.30-11.32.37 SHOT fighter f-0-sk1 pos=(2,1) world=(-100,-100,0) screen=(784,396) projected=1 alive=1
2026.09.30-11.32.37 SHOT fighter f-0-sk2 pos=(1,2) world=(-200,0,0) screen=(596,540) projected=1 alive=1
2026.09.30-11.32.37 SHOT fighter f-1-hero pos=(4,2) world=(100,0,0) screen=(1142,540) projected=1 alive=1
2026.09.30-11.32.37 SHOT fighter f-1-sk0 pos=(5,2) world=(200,0,0) screen=(1324,540) projected=1 alive=1
2026.09.30-11.32.37 SHOT camera dist=1672.1 target=1672.1 overview=1672.1 errPct=0.000 focusErr=0.00 settled=1 zoom=1.00
2026.09.30-11.32.37 SHOT head fighter=f-0-hero socket=Head mesh=SK_Medusa_FaceNeck_v2Candidate world=(-100.0,-4.0,38.5) screen=(774.7,493.0) top=(774.1,486.5) bottom=(775.2,499.5) headPx=13.1 projected=1
2026.09.30-11.32.37 SHOT selection fighter=f-0-hero ownCell=(2,2) legal=11 destinations=10 ownCellExcluded=1 plateFighter=f-0-hero
2026.09.30-11.32.37 SHOT reachable fighter=f-0-hero n=10 cells=(1,0)(2,0)(3,0)(0,1)(3,1)(0,2)(0,3)(1,4)(2,4)(3,4)
2026.09.30-11.32.37 SHOT plate fighter=f-0-hero bbox=(837,474,1009,528) overlapReachable=0 placement=right gap=6 anchor=(717,438,831,583) planned=(837,474,1009,528) geom=painted stableFrames=60
2026.09.30-11.32.37 SHOT figure fighter=f-0-hero bbox=(717,438,831,583) ringR=28.50 art=1 blockout=0 team=P1 look=P1 ring=1
2026.09.30-11.32.37 SHOT figure fighter=f-0-sk0 bbox=(723,616,815,730) ringR=22.23 art=1 blockout=1 team=P1 look=P1 ring=1
2026.09.30-11.32.37 SHOT figure fighter=f-0-sk1 bbox=(739,319,824,427) ringR=22.23 art=1 blockout=1 team=P1 look=P1 ring=1
2026.09.30-11.32.37 SHOT figure fighter=f-0-sk2 bbox=(544,462,639,573) ringR=22.23 art=1 blockout=1 team=P1 look=P1 ring=1
2026.09.30-11.32.37 SHOT figure fighter=f-1-hero bbox=(1089,437,1203,583) ringR=28.50 art=1 blockout=1 team=P2 look=P2 ring=1
2026.09.30-11.32.37 SHOT figure fighter=f-1-sk0 bbox=(1281,440,1381,573) ringR=22.23 art=1 blockout=1 team=P2 look=P2 ring=1
2026.09.30-11.32.37 SHOT request file=phase2-board-host-1920x1080.png frame=1079
2026.09.30-11.32.37 SHOT requested: FScreenshotRequest(bShowUI) -> C:\Users\ren\AppData\Local\Temp\s08-phase2-20260930-163200-58252\phase2-board-host-1920x1080.png
2026.09.30-11.32.38 SHOT captured file=phase2-board-host-1920x1080.png frame=1079 px=1920x1080 sha256=f592ce5b1aee76d8f1a7ec39b568eeca338a5b9b58b371479fa29f3b9aeaf2c4 order=BGRA saved=1
2026.09.30-11.32.38 SHOT late begin file=phase2-board-host-1920x1080.png frame=1079 requestFrame=1079
2026.09.30-11.32.38 SHOT icon fighter=f-1-hero bbox=(1206,464,1254,512) size=48 src=flag planned=(1206,464,1254,512) geom=painted visible=1 anchor=right fallback=0 overlapPx2=0 texture=/Game/ArtTests/ARTMarkers/Textures/T_UI_Action_AttackToken_48 frame=1079
2026.09.30-11.32.38 SHOT widget id=plate impl=umg state=own fighter=f-0-hero bbox=(837,474,1009,528) geom=painted visible=1 twin=0 source=/Game/S08/UI/ArtHud/WBP_S08ArtPlate frame=1079
2026.09.30-11.32.38 SHOT widget id=plate.marker impl=umg state=own fighter=f-0-hero bbox=(837,474,1009,477) geom=painted visible=1 twin=0 source=/Game/S08/UI/ArtHud/WBP_S08ArtPlate frame=1079
2026.09.30-11.32.38 SHOT widget id=plate.name impl=umg state=own fighter=f-0-hero bbox=(843,479,943,498) geom=painted visible=1 twin=0 source=/Game/S08/UI/ArtHud/WBP_S08ArtPlate frame=1079
2026.09.30-11.32.38 SHOT widget id=plate.team impl=umg state=own fighter=f-0-hero bbox=(943,482,1003,495) geom=painted visible=1 twin=0 source=/Game/S08/UI/ArtHud/WBP_S08ArtPlate frame=1079
2026.09.30-11.32.38 SHOT widget id=plate.hpbar impl=umg state=own fighter=f-0-hero bbox=(843,504,939,511) geom=painted visible=1 twin=0 source=/Game/S08/UI/ArtHud/WBP_S08ArtPlate frame=1079
2026.09.30-11.32.38 SHOT widget id=plate.hpfill impl=umg state=own fighter=f-0-hero bbox=(843,504,939,511) geom=painted visible=1 twin=0 source=/Game/S08/UI/ArtHud/WBP_S08ArtPlate frame=1079
2026.09.30-11.32.38 SHOT widget id=plate.hp impl=umg state=own fighter=f-0-hero bbox=(945,500,998,515) geom=painted visible=1 twin=0 source=/Game/S08/UI/ArtHud/WBP_S08ArtPlate frame=1079
2026.09.30-11.32.38 SHOT widget id=plate.status impl=umg state=own fighter=f-0-hero bbox=(843,517,1003,530) geom=painted visible=1 twin=0 source=/Game/S08/UI/ArtHud/WBP_S08ArtPlate frame=1079
2026.09.30-11.32.38 SHOT widget id=plate.teamshape impl=umg state=own fighter=f-0-hero bbox=(947,483,959,495) geom=painted visible=1 twin=0 source=/Game/S08/UI/ArtHud/WBP_S08ArtPlate frame=1079
2026.09.30-11.32.38 SHOT widget id=icon impl=umg state=flag fighter=f-1-hero bbox=(1206,464,1254,512) geom=painted visible=1 twin=0 source=/Game/S08/UI/ArtHud/WBP_S08ArtIcon frame=1079
2026.09.30-11.32.38 SHOT widget id=board.tag impl=umg state=hidden fighter=f-0-hero bbox=(0,0,0,0) geom=unpainted visible=0 twin=0 source=/Game/S08/UI/ArtHud/WBP_S08ArtTag mode=hidden look=P1 shape=circle placement=right ring=0 order=2 bound=1 softPx2=0 planned=(833,438,935,460) frame=1079
2026.09.30-11.32.38 SHOT widget id=board.tag.hp impl=umg state=hidden fighter=f-0-hero bbox=(0,0,0,0) geom=unpainted visible=0 twin=0 source=/Game/S08/UI/ArtHud/WBP_S08ArtTag mode=hidden look=P1 shape=circle placement=right ring=0 order=2 bound=1 softPx2=0 planned=(833,438,935,460) frame=1079 font=11
2026.09.30-11.32.38 SHOT widget id=board.tag.bar impl=umg state=hidden fighter=f-0-hero bbox=(0,0,0,0) geom=unpainted visible=0 twin=0 source=/Game/S08/UI/ArtHud/WBP_S08ArtTag mode=hidden look=P1 shape=circle placement=right ring=0 order=2 bound=1 softPx2=0 planned=(833,438,935,460) frame=1079
2026.09.30-11.32.38 SHOT widget id=board.tag.chip impl=umg state=hidden fighter=f-0-hero bbox=(0,0,0,0) geom=unpainted visible=0 twin=0 source=/Game/S08/UI/ArtHud/WBP_S08ArtTag mode=hidden look=P1 shape=circle placement=right ring=0 order=2 bound=1 softPx2=0 planned=(833,438,935,460) frame=1079
2026.09.30-11.32.38 SHOT widget id=board.tag impl=umg state=full fighter=f-0-sk0 bbox=(817,616,908,657) geom=painted visible=1 twin=0 source=/Game/S08/UI/ArtHud/WBP_S08ArtTag mode=full look=P1 shape=circle placement=right ring=0 order=4 bound=1 softPx2=0 planned=(817,616,908,657) frame=1079
2026.09.30-11.32.38 SHOT widget id=board.tag.name impl=umg state=full fighter=f-0-sk0 bbox=(836,618,904,637) geom=painted visible=1 twin=0 source=/Game/S08/UI/ArtHud/WBP_S08ArtTag mode=full look=P1 shape=circle placement=right ring=0 order=4 bound=1 softPx2=0 planned=(817,616,908,657) frame=1079 font=12
2026.09.30-11.32.38 SHOT widget id=board.tag.hp impl=umg state=full fighter=f-0-sk0 bbox=(873,637,897,655) geom=painted visible=1 twin=0 source=/Game/S08/UI/ArtHud/WBP_S08ArtTag mode=full look=P1 shape=circle placement=right ring=0 order=4 bound=1 softPx2=0 planned=(817,616,908,657) frame=1079 font=11
2026.09.30-11.32.38 SHOT widget id=board.tag.bar impl=umg state=full fighter=f-0-sk0 bbox=(836,644,870,649) geom=painted visible=1 twin=0 source=/Game/S08/UI/ArtHud/WBP_S08ArtTag mode=full look=P1 shape=circle placement=right ring=0 order=4 bound=1 softPx2=0 planned=(817,616,908,657) frame=1079
2026.09.30-11.32.38 SHOT widget id=board.tag.chip impl=umg state=full fighter=f-0-sk0 bbox=(821,631,833,643) geom=painted visible=1 twin=0 source=/Game/S08/UI/ArtHud/WBP_S08ArtTag mode=full look=P1 shape=circle placement=right ring=0 order=4 bound=1 softPx2=0 planned=(817,616,908,657) frame=1079
2026.09.30-11.32.38 SHOT widget id=board.tag impl=umg state=full fighter=f-0-sk1 bbox=(736,276,827,317) geom=painted visible=1 twin=0 source=/Game/S08/UI/ArtHud/WBP_S08ArtTag mode=full look=P1 shape=circle placement=above ring=0 order=1 bound=1 softPx2=0 planned=(736,276,827,317) frame=1079
2026.09.30-11.32.38 SHOT widget id=board.tag.name impl=umg state=full fighter=f-0-sk1 bbox=(755,278,823,297) geom=painted visible=1 twin=0 source=/Game/S08/UI/ArtHud/WBP_S08ArtTag mode=full look=P1 shape=circle placement=above ring=0 order=1 bound=1 softPx2=0 planned=(736,276,827,317) frame=1079 font=12
2026.09.30-11.32.38 SHOT widget id=board.tag.hp impl=umg state=full fighter=f-0-sk1 bbox=(792,297,816,315) geom=painted visible=1 twin=0 source=/Game/S08/UI/ArtHud/WBP_S08ArtTag mode=full look=P1 shape=circle placement=above ring=0 order=1 bound=1 softPx2=0 planned=(736,276,827,317) frame=1079 font=11
2026.09.30-11.32.38 SHOT widget id=board.tag.bar impl=umg state=full fighter=f-0-sk1 bbox=(755,304,789,309) geom=painted visible=1 twin=0 source=/Game/S08/UI/ArtHud/WBP_S08ArtTag mode=full look=P1 shape=circle placement=above ring=0 order=1 bound=1 softPx2=0 planned=(736,276,827,317) frame=1079
2026.09.30-11.32.38 SHOT widget id=board.tag.chip impl=umg state=full fighter=f-0-sk1 bbox=(740,291,752,303) geom=painted visible=1 twin=0 source=/Game/S08/UI/ArtHud/WBP_S08ArtTag mode=full look=P1 shape=circle placement=above ring=0 order=1 bound=1 softPx2=0 planned=(736,276,827,317) frame=1079
2026.09.30-11.32.38 SHOT widget id=board.tag impl=umg state=full fighter=f-0-sk2 bbox=(546,419,637,460) geom=painted visible=1 twin=0 source=/Game/S08/UI/ArtHud/WBP_S08ArtTag mode=full look=P1 shape=circle placement=above ring=0 order=3 bound=1 softPx2=0 planned=(546,419,637,460) frame=1079
2026.09.30-11.32.38 SHOT widget id=board.tag.name impl=umg state=full fighter=f-0-sk2 bbox=(565,421,633,440) geom=painted visible=1 twin=0 source=/Game/S08/UI/ArtHud/WBP_S08ArtTag mode=full look=P1 shape=circle placement=above ring=0 order=3 bound=1 softPx2=0 planned=(546,419,637,460) frame=1079 font=12
2026.09.30-11.32.38 SHOT widget id=board.tag.hp impl=umg state=full fighter=f-0-sk2 bbox=(602,440,626,458) geom=painted visible=1 twin=0 source=/Game/S08/UI/ArtHud/WBP_S08ArtTag mode=full look=P1 shape=circle placement=above ring=0 order=3 bound=1 softPx2=0 planned=(546,419,637,460) frame=1079 font=11
2026.09.30-11.32.38 SHOT widget id=board.tag.bar impl=umg state=full fighter=f-0-sk2 bbox=(565,447,599,452) geom=painted visible=1 twin=0 source=/Game/S08/UI/ArtHud/WBP_S08ArtTag mode=full look=P1 shape=circle placement=above ring=0 order=3 bound=1 softPx2=0 planned=(546,419,637,460) frame=1079
2026.09.30-11.32.38 SHOT widget id=board.tag.chip impl=umg state=full fighter=f-0-sk2 bbox=(550,434,562,446) geom=painted visible=1 twin=0 source=/Game/S08/UI/ArtHud/WBP_S08ArtTag mode=full look=P1 shape=circle placement=above ring=0 order=3 bound=1 softPx2=0 planned=(546,419,637,460) frame=1079
2026.09.30-11.32.38 SHOT widget id=board.tag impl=umg state=full fighter=f-1-hero bbox=(1093,394,1198,435) geom=painted visible=1 twin=0 source=/Game/S08/UI/ArtHud/WBP_S08ArtTag mode=full look=P2 shape=hex placement=above ring=0 order=0 bound=1 softPx2=0 planned=(1093,394,1198,435) frame=1079
2026.09.30-11.32.38 SHOT widget id=board.tag.name impl=umg state=full fighter=f-1-hero bbox=(1112,396,1194,415) geom=painted visible=1 twin=0 source=/Game/S08/UI/ArtHud/WBP_S08ArtTag mode=full look=P2 shape=hex placement=above ring=0 order=0 bound=1 softPx2=0 planned=(1093,394,1198,435) frame=1079 font=12
2026.09.30-11.32.38 SHOT widget id=board.tag.hp impl=umg state=full fighter=f-1-hero bbox=(1149,415,1191,433) geom=painted visible=1 twin=0 source=/Game/S08/UI/ArtHud/WBP_S08ArtTag mode=full look=P2 shape=hex placement=above ring=0 order=0 bound=1 softPx2=0 planned=(1093,394,1198,435) frame=1079 font=11
2026.09.30-11.32.38 SHOT widget id=board.tag.bar impl=umg state=full fighter=f-1-hero bbox=(1112,422,1146,427) geom=painted visible=1 twin=0 source=/Game/S08/UI/ArtHud/WBP_S08ArtTag mode=full look=P2 shape=hex placement=above ring=0 order=0 bound=1 softPx2=0 planned=(1093,394,1198,435) frame=1079
2026.09.30-11.32.38 SHOT widget id=board.tag.chip impl=umg state=full fighter=f-1-hero bbox=(1097,409,1109,421) geom=painted visible=1 twin=0 source=/Game/S08/UI/ArtHud/WBP_S08ArtTag mode=full look=P2 shape=hex placement=above ring=0 order=0 bound=1 softPx2=0 planned=(1093,394,1198,435) frame=1079
2026.09.30-11.32.38 SHOT widget id=board.tag impl=umg state=full fighter=f-1-sk0 bbox=(1289,397,1373,438) geom=painted visible=1 twin=0 source=/Game/S08/UI/ArtHud/WBP_S08ArtTag mode=full look=P2 shape=hex placement=above ring=0 order=2 bound=1 softPx2=0 planned=(1289,397,1373,438) frame=1079
2026.09.30-11.32.38 SHOT widget id=board.tag.name impl=umg state=full fighter=f-1-sk0 bbox=(1308,399,1353,418) geom=painted visible=1 twin=0 source=/Game/S08/UI/ArtHud/WBP_S08ArtTag mode=full look=P2 shape=hex placement=above ring=0 order=2 bound=1 softPx2=0 planned=(1289,397,1373,438) frame=1079 font=12
2026.09.30-11.32.38 SHOT widget id=board.tag.hp impl=umg state=full fighter=f-1-sk0 bbox=(1345,418,1369,436) geom=painted visible=1 twin=0 source=/Game/S08/UI/ArtHud/WBP_S08ArtTag mode=full look=P2 shape=hex placement=above ring=0 order=2 bound=1 softPx2=0 planned=(1289,397,1373,438) frame=1079 font=11
2026.09.30-11.32.38 SHOT widget id=board.tag.bar impl=umg state=full fighter=f-1-sk0 bbox=(1308,425,1342,430) geom=painted visible=1 twin=0 source=/Game/S08/UI/ArtHud/WBP_S08ArtTag mode=full look=P2 shape=hex placement=above ring=0 order=2 bound=1 softPx2=0 planned=(1289,397,1373,438) frame=1079
2026.09.30-11.32.38 SHOT widget id=board.tag.chip impl=umg state=full fighter=f-1-sk0 bbox=(1293,412,1305,424) geom=painted visible=1 twin=0 source=/Game/S08/UI/ArtHud/WBP_S08ArtTag mode=full look=P2 shape=hex placement=above ring=0 order=2 bound=1 softPx2=0 planned=(1289,397,1373,438) frame=1079
2026.09.30-11.32.38 SHOT panel id=hud.command bbox=(0,0,601,138) geom=painted visible=1 frame=1079
2026.09.30-11.32.38 SHOT panel id=hud.side bbox=(1432,0,1920,121) geom=painted visible=1 frame=1079
2026.09.30-11.32.38 SHOT panel id=hud.hand bbox=(403,985,1518,1080) geom=painted visible=1 frame=1079
2026.09.30-11.32.38 SHOT late end file=phase2-board-host-1920x1080.png frame=1079
2026.09.30-11.32.38 game -> room=cmuo0zi7h00tfwiwwtp0d71es code=<redacted> status=IN_PROGRESS
2026.09.30-11.32.41 game -> room=cmuo0zi7h00tfwiwwtp0d71es code=<redacted> status=IN_PROGRESS
2026.09.30-11.32.42 PERF window t=35.1-40.1 frames=145 fps=28.99 frameMs avg=34.50 p50=33.33 p95=33.33 p99=33.36 max=202.19 hitches50=1 gpuMs avg=1.94 p50=1.94 p95=2.04 gameMs avg=2.89 p95=2.04 renderMs avg=3.32 p95=4.06
2026.09.30-11.32.44 game -> room=cmuo0zi7h00tfwiwwtp0d71es code=<redacted> status=IN_PROGRESS
2026.09.30-11.32.47 game -> room=cmuo0zi7h00tfwiwwtp0d71es code=<redacted> status=IN_PROGRESS
2026.09.30-11.32.47 PERF window t=40.1-45.1 frames=149 fps=29.72 frameMs avg=33.64 p50=33.33 p95=33.33 p99=33.34 max=79.51 hitches50=1 gpuMs avg=1.98 p50=1.97 p95=2.09 gameMs avg=1.62 p95=1.75 renderMs avg=3.20 p95=3.82
2026.09.30-11.32.50 game -> room=cmuo0zi7h00tfwiwwtp0d71es code=<redacted> status=IN_PROGRESS
2026.09.30-11.32.51 PERF summary scope=afterWarmup warmup=5 elapsed=50.0 frames=1343 fps=29.82 frameMs avg=33.53 p50=33.33 p95=33.33 p99=33.34 max=202.19 hitches50=4 gpuMs avg=1.76 p50=1.88 p95=2.09 gameMs avg=1.72 p95=1.94 renderMs avg=3.10 p95=3.97
2026.09.30-11.32.51 PERF summary scope=started elapsed=50.0 frames=949 fps=29.75 frameMs avg=33.62 p50=33.33 p95=33.33 p99=33.35 max=202.19 hitches50=4 gpuMs avg=1.94 p50=1.92 p95=2.15 gameMs avg=1.84 p95=1.94 renderMs avg=3.29 p95=3.96
2026.09.30-11.32.51 PERF summary scope=artHud impl=umg elapsed=50.0 frames=473 fps=29.60 frameMs avg=33.79 p50=33.33 p95=33.33 p99=33.35 max=202.19 hitches50=2 gpuMs avg=1.93 p50=1.93 p95=2.05 gameMs avg=1.99 p95=2.02 renderMs avg=3.29 p95=4.07
2026.09.30-11.32.51 --- S08 trace close ---
