2026.09.30-11.49.27 --- S08 trace open 2026.09.30-11.49.27 ---
2026.09.30-11.49.27 HUD team chips ready=1 mode=absolute tagNames=rule
2026.09.30-11.49.27 HUD icon texture size=32 ready=1 path=/Game/ArtTests/ARTMarkers/Textures/T_UI_Action_AttackToken_32 texture=32x32 probe=0 plate=1
2026.09.30-11.49.27 HUD art widget tag impl=umg source=/Game/S08/UI/ArtHud/WBP_S08ArtTag class=/Game/S08/UI/ArtHud/WBP_S08ArtTag.WBP_S08ArtTag_C count=8 missing=- codeDefaultTree=0
2026.09.30-11.49.27 HUD art widget plate impl=umg source=/Game/S08/UI/ArtHud/WBP_S08ArtPlate class=/Game/S08/UI/ArtHud/WBP_S08ArtPlate.WBP_S08ArtPlate_C parts=1 missing=- codeDefaultTree=0
2026.09.30-11.49.27 HUD art widget icon impl=umg source=/Game/S08/UI/ArtHud/WBP_S08ArtIcon class=/Game/S08/UI/ArtHud/WBP_S08ArtIcon.WBP_S08ArtIcon_C parts=1 missing=- codeDefaultTree=0
2026.09.30-11.49.27 HUD art widget damage impl=umg source=/Game/S08/UI/ArtHud/WBP_S08ArtDamage class=/Game/S08/UI/ArtHud/WBP_S08ArtDamage.WBP_S08ArtDamage_C parts=1 missing=- codeDefaultTree=0
2026.09.30-11.49.27 RENDER preset applied=High flag=S08RenderPreset
2026.09.30-11.49.27 LOGIN ok user=art-preview-host
2026.09.30-11.49.30 HEROES loaded 84
2026.09.30-11.49.30 createGame -> room=cmuo1lx4e01alwiwwrvl5b4on code=<redacted> status=LOBBY
2026.09.30-11.49.32 PERF config tMaxFPS=30.0 frameRateLimit=60.0 vsync=0 smoothFrameRate=0 fixedFrameRate=0 rhi=D3D12
2026.09.30-11.49.32 RENDER tag=PERF rhi=D3D12 featureLevel=SM6 shaderPlatform=PCD3D_SM6 lumenPlatform=1 gi=lumen giMethod=1 refl=lumen reflMethod=1 shadows=csm vsmEnable=0 sg.res=100 sg.view=2 sg.aa=2 sg.shadow=2 sg.gi=2 sg.refl=2 sg.pp=2 sg.tex=2 sg.fx=2 sg.foliage=2 sg.shading=2 sg.landscape=2 preset=High screenPct=100.0 screenPctMode=0 aa=TSR aaMethod=4 exposure=engine-default expMin=1.00000 expMax=1.00000 expBias=1.000 ev100=0.00 lightUnits=- sky=0 skyIntensity=0.000 keyShadow=- shadowCasters=0 profile=- profilesSha256=- profilesSource=- legacyRender=0 gameLayer=unlit-eyeadaptinv tMaxFPS=30.0 vsync=0 frameRateLimit=60.0 substrate=0 nanite=1 meshDF=1 viewport=1920x1080 reference=0 notReference=noArtProfile,exposure,lightUnits,profilesSource
2026.09.30-11.49.32 PERF window t=0.0-5.0 frames=151 fps=29.95 frameMs avg=33.39 p50=33.33 p95=33.34 p99=33.62 max=41.66 hitches50=0 gpuMs avg=1.81 p50=1.44 p95=3.83 gameMs avg=1.69 p95=2.07 renderMs avg=2849.32 p95=4.22
2026.09.30-11.49.33 game -> room=cmuo1lx4e01alwiwwrvl5b4on code=<redacted> status=LOBBY
2026.09.30-11.49.33 selectHero -> room=cmuo1lx4e01alwiwwrvl5b4on code=<redacted> status=LOBBY
2026.09.30-11.49.36 game -> room=cmuo1lx4e01alwiwwrvl5b4on code=<redacted> status=LOBBY
2026.09.30-11.49.36 toggleReady -> room=cmuo1lx4e01alwiwwrvl5b4on code=<redacted> status=LOBBY
2026.09.30-11.49.37 PERF window t=5.0-10.0 frames=150 fps=30.00 frameMs avg=33.33 p50=33.33 p95=33.34 p99=33.39 max=33.40 hitches50=0 gpuMs avg=1.31 p50=1.29 p95=1.41 gameMs avg=1.68 p95=2.20 renderMs avg=2.95 p95=4.72
2026.09.30-11.49.39 game -> room=cmuo1lx4e01alwiwwrvl5b4on code=<redacted> status=LOBBY
2026.09.30-11.49.42 PERF window t=10.0-15.0 frames=150 fps=30.00 frameMs avg=33.33 p50=33.33 p95=33.33 p99=33.36 max=33.41 hitches50=0 gpuMs avg=1.32 p50=1.33 p95=1.40 gameMs avg=1.57 p95=1.99 renderMs avg=2.87 p95=4.00
2026.09.30-11.49.42 game -> room=cmuo1lx4e01alwiwwrvl5b4on code=<redacted> status=LOBBY
2026.09.30-11.49.45 game -> room=cmuo1lx4e01alwiwwrvl5b4on code=<redacted> status=LOBBY
2026.09.30-11.49.45 startGame -> room=cmuo1lx4e01alwiwwrvl5b4on code=<redacted> status=IN_PROGRESS
2026.09.30-11.49.45 SNAPSHOT applied seq=1 phase=ACTION_MANEUVER
2026.09.30-11.49.45 HANDLE_APPLIED #1 seq=1 decision=2 fightersValid=1 boardValid=1
2026.09.30-11.49.45 MODE seq=1 mode=0 combat=0 pending=0
2026.09.30-11.49.45 HUD seq=1 phase=ACTION_MANEUVER turn=you hand=5 oppHand=5(hidden) oppDeck=25 deck=25 discard=0
2026.09.30-11.49.45 ARTPREVIEW diorama requested mesh=/Game/PipelineCandidates/TableBase/20260928-table-base-tripo-h31/Meshes/SM_TableBase.SM_TableBase mi=MI_TableBase_Candidate
2026.09.30-11.49.45 ARTPREVIEW board profiles loaded=1 revision=5 boards=3 zoneStyles=11 lightProfiles=3 errors=0 path=Config/ArtBoards/S08ArtBoardProfiles.json
2026.09.30-11.49.45 ARTPREVIEW board profiles source=pak sha256=1ecc1e9281845655acf8b31f1dcf52a7510abfc8ba8505525ad72ee8f4ce3c4c
2026.09.30-11.49.45 ARTPREVIEW zone content instances=12/12 glyphMeshes=11/11
2026.09.30-11.49.45 ARTPREVIEW zone keyline content mi=MI_ART005_Zone_Keyline glyphKeyMeshes=11/11 color=#111317
2026.09.30-11.49.45 ARTPREVIEW game layer material=M_S08_GameLayerUnlit unlitEyeAdaptInv=1 legacyRender=0
2026.09.30-11.49.45 ARTPREVIEW Cobble assets ready
2026.09.30-11.49.45 ARTPREVIEW board assets ready cobbleMesh=1 tiles=1 zoneMaterials=2
2026.09.30-11.49.45 ARTPREVIEW medusa candidate variant=face-neck-v2 mesh=SK_Medusa_FaceNeck_v2Candidate requested=face-neck-v2
2026.09.30-11.49.45 ARTPREVIEW board profile=cobble-city match=boardId board=5x6 boardId=cmuhgs4b2001mwik4f2b2xtf8 surface=cobble-5x6-mesh light=cobble-probe artFixture=0
2026.09.30-11.49.45 ARTPREVIEW light profile=cobble-probe name=key role=key kind=directional at=(-350,-150,600) intensity=4.5 units=lux radius=0 color=(1.00,1.00,1.00) shadow=1
2026.09.30-11.49.45 ARTPREVIEW light profile=cobble-probe name=warm role=warm kind=point at=(260,-300,250) intensity=85 units=candelas radius=450 color=(1.00,1.00,1.00) shadow=0
2026.09.30-11.49.45 ARTPREVIEW sky profile=cobble-probe cubemap=/Game/S08/Render/TC_S08_AmbientDome loaded=1 spawned=1 intensity=11.2 color=(1.00,1.00,1.00) lowerBlack=0
2026.09.30-11.49.45 ARTPREVIEW exposure profile=cobble-probe method=histogram-fixed min=4.14106 max=4.14106 bias=0.000 ev100=2.05 volume=1
2026.09.30-11.49.45 ARTPREVIEW lights applied profile=cobble-probe directional=1 shadow=1 points=1 pointShadows=0 budgetOk=1
2026.09.30-11.49.45 ARTPREVIEW render profile=cobble-probe units=candelas sky=1 exposure=1 keyShadow=csm-3000uu-2c-contact0.000 shadowCasters=1 legacyRender=0
2026.09.30-11.49.45 ARTPREVIEW Cobble probe lights key=4.5 fill=0 warm=85
2026.09.30-11.49.45 ARTPREVIEW board zone keylines pieces=60 glyphKeys=30 glyphKeyCubePieces=0 mi=MI_ART005_Zone_Keyline growUU=1.5 edgeUU=42.0 maxOuterUU=45.0
2026.09.30-11.49.45 ARTPREVIEW board glyph meshes instances=30 keys=2/2 cubePieces=0 anchors=30
2026.09.30-11.49.45 ARTPREVIEW Cobble active 5x6 zones=30 blue=15 red=15 blueMarks=15 redMarks=45
2026.09.30-11.49.45 ARTPREVIEW board active profile=cobble-city 5x6 surface=cobble-5x6-mesh cells=30 zoneCells=30 multizone=0 triple=0 obstacles=0 zoneKeys=2 strokes=60 glyphs=45 surfaceParts=0 glyphMaterial=zone expectOk=1
2026.09.30-11.49.45 ARTPREVIEW board zone key=blue cells=15 stroke=solid glyph=diamond color=#3B78D8 ismUsage=1 strokePieces=15 glyphPieces=15 mi=MI_ART005_Zone_Blue glyphMesh=SM_ART005_ZoneGlyph_Diamond glyphInstances=15 fallback=0
2026.09.30-11.49.45 ARTPREVIEW board zone key=red cells=15 stroke=dash3 glyph=bars2 color=#EC6650 ismUsage=1 strokePieces=45 glyphPieces=30 mi=MI_ART005_Zone_Red glyphMesh=SM_ART005_ZoneGlyph_Bars2 glyphInstances=15 fallback=0
2026.09.30-11.49.45 ARTPREVIEW board multizone cells=0 zonesListed=0 zonesMarked=0
2026.09.30-11.49.45 ARTPREVIEW diorama tray=/Game/PipelineCandidates/TableBase/20260928-table-base-tripo-h31/Meshes/SM_TableBase.SM_TableBase mi=MI_TableBase_Candidate surface=cobble-5x6-mesh yaw=-90.0 scale=1.000x1.000x1.000 bounds=(-328.0,-378.0,-153.0)..(328.0,378.0,-3.0) size=656.0x756.0x150.0 topZ=-3.0 boardHalf=278.0x328.0 rimUU=50.0 collision=none
2026.09.30-11.49.45 CAMERA dist=1931 loc=(0,1107,1582) pitch=-55 yaw=-90
2026.09.30-11.49.45 CAMERA config overview=1930.8 nearest=300.0 farthest=2970.4 zoomRange=0.65-6.44 minDist=300.0 outRatio=0.650 step=1.250 animMs=200 returnMs=300 followFrom=1.20 source=defaults issues=0
2026.09.30-11.49.45 BOARD 5x6 cells | control points: (0,0)=(-200,-250,0) (4,5)=(200,250,0) | neighbor pair (dist 100 uu)
2026.09.30-11.49.45 ARTPREVIEW team mapping mode=absolute source=seatOrder viewerTeam=P1 p1=f-0-hero,f-0-sk0,f-0-sk1,f-0-sk2 p2=f-1-hero,f-1-sk0
2026.09.30-11.49.45 ARTPREVIEW heroesV2 fighter=f-0-hero mesh=/Game/PipelineCandidates/Medusa/H2LD/Meshes/SK_Medusa_H2LD mi=/Game/PipelineCandidates/Medusa/H2LD/Materials/MI_Medusa_H2LD_P1 yaw=90.0 scale=0.9998 name=Medusa hero=1 look=P1 base=/Game/PipelineCandidates/Medusa/H2LD/Meshes/SM_Medusa_H2LD_Base baseMi=/Game/PipelineCandidates/Medusa/H2LD/Materials/MI_Medusa_H2LD_Base_P1 skeleton=/Game/PipelineCandidates/Medusa/Rig/SK_Medusa_Skeleton.SK_Medusa_Skeleton clips=4/4 boundsTop=55.00 figureTop=55.00 budget=55.0
2026.09.30-11.49.45 ARTPREVIEW click capsule fighter=f-0-hero mesh=SK_Medusa_H2LD physicsAsset=0 radius=11.6 halfHeight=27.5 top=55.0 bodyCollision=0 source=meshBounds
2026.09.30-11.49.45 ARTPREVIEW fighter=Medusa hero=1 eligible=0 visual=1 mesh=SK_Medusa_H2LD
2026.09.30-11.49.45 ARTPREVIEW team ring fighter=f-0-hero team=P1 look=P1 mode=absolute shape=circle shown=1 mesh=SM_Marker_TeamRing_P1 fill=#E8C06A keyline=#111317 fillLinear=(0.8070,0.5271,0.1441) zMin=0.60 zMax=1.20 scale=1.00 base=hidden blockout=0 art=1 rim=#FFFFFF
2026.09.30-11.49.45 ARTPREVIEW anim fighter=f-0-hero clip=Idle len=2.333 event=spawn loop=1 phase=0.8071 seq=-1 asset=AM_Medusa_Idle
2026.09.30-11.49.45 ARTPREVIEW heroesV2 fighter=f-0-sk0 mesh=/Game/PipelineCandidates/Harpy/H3LD/Meshes/SK_Harpy_H3LD mi=/Game/PipelineCandidates/Harpy/H3LD/Materials/MI_Harpy_H3LD_P1 yaw=90.0 scale=1.0000 name=Harpies hero=0 look=P1 base=/Game/PipelineCandidates/Harpy/H3LD/Meshes/SM_Harpy_H3LD_Base baseMi=/Game/PipelineCandidates/Harpy/H3LD/Materials/MI_Harpy_H3LD_Base_P1 skeleton=/Game/PipelineCandidates/Harpy/Rig/SK_Harpy_Skeleton.SK_Harpy_Skeleton clips=4/4 boundsTop=42.00 figureTop=42.00 budget=42.0
2026.09.30-11.49.45 ARTPREVIEW click capsule fighter=f-0-sk0 mesh=SK_Harpy_H3LD physicsAsset=0 radius=20.0 halfHeight=21.0 top=42.0 bodyCollision=0 source=meshBounds
2026.09.30-11.49.45 ARTPREVIEW team ring fighter=f-0-sk0 team=P1 look=P1 mode=absolute shape=circle shown=1 mesh=SM_Marker_TeamRing_P1 fill=#E8C06A keyline=#111317 fillLinear=(0.8070,0.5271,0.1441) zMin=0.60 zMax=1.20 scale=0.78 base=hidden blockout=0 art=1 rim=#FFFFFF
2026.09.30-11.49.45 ARTPREVIEW anim fighter=f-0-sk0 clip=Idle len=2.000 event=spawn loop=1 phase=0.6635 seq=-1 asset=AM_Harpy_Idle
2026.09.30-11.49.45 ARTPREVIEW heroesV2 fighter=f-0-sk1 mesh=/Game/PipelineCandidates/Harpy/H3LD/Meshes/SK_Harpy_H3LD mi=/Game/PipelineCandidates/Harpy/H3LD/Materials/MI_Harpy_H3LD_P1 yaw=90.0 scale=1.0000 name=Harpies hero=0 look=P1 base=/Game/PipelineCandidates/Harpy/H3LD/Meshes/SM_Harpy_H3LD_Base baseMi=/Game/PipelineCandidates/Harpy/H3LD/Materials/MI_Harpy_H3LD_Base_P1 skeleton=/Game/PipelineCandidates/Harpy/Rig/SK_Harpy_Skeleton.SK_Harpy_Skeleton clips=4/4 boundsTop=42.00 figureTop=42.00 budget=42.0
2026.09.30-11.49.45 ARTPREVIEW click capsule fighter=f-0-sk1 mesh=SK_Harpy_H3LD physicsAsset=0 radius=20.0 halfHeight=21.0 top=42.0 bodyCollision=0 source=meshBounds
2026.09.30-11.49.45 ARTPREVIEW team ring fighter=f-0-sk1 team=P1 look=P1 mode=absolute shape=circle shown=1 mesh=SM_Marker_TeamRing_P1 fill=#E8C06A keyline=#111317 fillLinear=(0.8070,0.5271,0.1441) zMin=0.60 zMax=1.20 scale=0.78 base=hidden blockout=0 art=1 rim=#FFFFFF
2026.09.30-11.49.45 ARTPREVIEW anim fighter=f-0-sk1 clip=Idle len=2.000 event=spawn loop=1 phase=0.9016 seq=-1 asset=AM_Harpy_Idle
2026.09.30-11.49.45 ARTPREVIEW heroesV2 fighter=f-0-sk2 mesh=/Game/PipelineCandidates/Harpy/H3LD/Meshes/SK_Harpy_H3LD mi=/Game/PipelineCandidates/Harpy/H3LD/Materials/MI_Harpy_H3LD_P1 yaw=90.0 scale=1.0000 name=Harpies hero=0 look=P1 base=/Game/PipelineCandidates/Harpy/H3LD/Meshes/SM_Harpy_H3LD_Base baseMi=/Game/PipelineCandidates/Harpy/H3LD/Materials/MI_Harpy_H3LD_Base_P1 skeleton=/Game/PipelineCandidates/Harpy/Rig/SK_Harpy_Skeleton.SK_Harpy_Skeleton clips=4/4 boundsTop=42.00 figureTop=42.00 budget=42.0
2026.09.30-11.49.45 ARTPREVIEW click capsule fighter=f-0-sk2 mesh=SK_Harpy_H3LD physicsAsset=0 radius=20.0 halfHeight=21.0 top=42.0 bodyCollision=0 source=meshBounds
2026.09.30-11.49.45 ARTPREVIEW team ring fighter=f-0-sk2 team=P1 look=P1 mode=absolute shape=circle shown=1 mesh=SM_Marker_TeamRing_P1 fill=#E8C06A keyline=#111317 fillLinear=(0.8070,0.5271,0.1441) zMin=0.60 zMax=1.20 scale=0.78 base=hidden blockout=0 art=1 rim=#FFFFFF
2026.09.30-11.49.45 ARTPREVIEW anim fighter=f-0-sk2 clip=Idle len=2.000 event=spawn loop=1 phase=0.1873 seq=-1 asset=AM_Harpy_Idle
2026.09.30-11.49.45 ARTPREVIEW heroesV2 fighter=f-1-hero mesh=/Game/PipelineCandidates/KingArthur/H2LD/Meshes/SK_KingArthur_H2LD mi=/Game/PipelineCandidates/KingArthur/H2LD/Materials/MI_KingArthur_H2LD_P2 yaw=270.0 scale=1.0000 name=King Arthur hero=1 look=P2 base=/Game/PipelineCandidates/KingArthur/H2LD/Meshes/SM_KingArthur_H2LD_Base baseMi=/Game/PipelineCandidates/KingArthur/H2LD/Materials/MI_KingArthur_H2LD_Base_P2 skeleton=/Game/PipelineCandidates/KingArthur/Rig/SK_KingArthur_Skeleton.SK_KingArthur_Skeleton clips=4/4 boundsTop=60.06 figureTop=55.00 budget=55.0
2026.09.30-11.49.45 ARTPREVIEW click capsule fighter=f-1-hero mesh=SK_KingArthur_H2LD physicsAsset=0 radius=12.8 halfHeight=30.0 top=60.1 bodyCollision=0 source=meshBounds
2026.09.30-11.49.45 ARTPREVIEW team ring fighter=f-1-hero team=P2 look=P2 mode=absolute shape=hexagon shown=1 mesh=SM_Marker_TeamRing_P2 fill=#5A7F9F keyline=#111317 fillLinear=(0.1022,0.2122,0.3467) zMin=0.60 zMax=1.20 scale=1.00 base=hidden blockout=0 art=1 rim=#FFFFFF
2026.09.30-11.49.45 ARTPREVIEW anim fighter=f-1-hero clip=Idle len=2.500 event=spawn loop=1 phase=0.3470 seq=-1 asset=AM_KingArthur_Idle
2026.09.30-11.49.45 ARTPREVIEW heroesV2 fighter=f-1-sk0 mesh=/Game/PipelineCandidates/Merlin/H2LD/Meshes/SK_Merlin_H2LD mi=/Game/PipelineCandidates/Merlin/H2LD/Materials/MI_Merlin_H2LD_P2 yaw=270.0 scale=1.0003 name=Merlin hero=0 look=P2 base=/Game/PipelineCandidates/Merlin/H2LD/Meshes/SM_Merlin_H2LD_Base baseMi=/Game/PipelineCandidates/Merlin/H2LD/Materials/MI_Merlin_H2LD_Base_P2 skeleton=/Game/PipelineCandidates/Merlin/Rig/SK_Merlin_Skeleton.SK_Merlin_Skeleton clips=4/4 boundsTop=49.44 figureTop=45.00 budget=45.0
2026.09.30-11.49.45 ARTPREVIEW click capsule fighter=f-1-sk0 mesh=SK_Merlin_H2LD physicsAsset=0 radius=10.5 halfHeight=24.7 top=49.4 bodyCollision=0 source=meshBounds
2026.09.30-11.49.45 ARTPREVIEW team ring fighter=f-1-sk0 team=P2 look=P2 mode=absolute shape=hexagon shown=1 mesh=SM_Marker_TeamRing_P2 fill=#5A7F9F keyline=#111317 fillLinear=(0.1022,0.2122,0.3467) zMin=0.60 zMax=1.20 scale=0.78 base=hidden blockout=0 art=1 rim=#FFFFFF
2026.09.30-11.49.45 ARTPREVIEW anim fighter=f-1-sk0 clip=Idle len=3.000 event=spawn loop=1 phase=0.8028 seq=-1 asset=AM_Merlin_Idle
2026.09.30-11.49.45 ARTPREVIEW heroesV2 summary fighters=6 mapped=6 v2=6
2026.09.30-11.49.45 FIGHTERS synced n=6 alive=6 own=4 enemy=2
2026.09.30-11.49.45 STATE seq=1 -> apply
2026.09.30-11.49.45 HUD art layer plate=1 iconSize=32 iconTexture=1 iconProbe=0 plan=0
2026.09.30-11.49.45 HUD art impl=umg plateViews=umg:/Game/S08/UI/ArtHud/WBP_S08ArtPlate iconViews=umg:/Game/S08/UI/ArtHud/WBP_S08ArtIcon textTable=S08ArtHud entries=13 missingKeys=0
2026.09.30-11.49.45 TAG fighter=f-0-sk0 bbox=(502,127,586,149) mode=compact look=P1 placement=above ring=0 hardPx2=0 softPx2=0 order=1 bound=1
2026.09.30-11.49.45 TAG fighter=f-1-sk0 bbox=(1334,58,1418,80) mode=compact look=P2 placement=above ring=0 hardPx2=0 softPx2=0 order=0 bound=1
2026.09.30-11.49.45 ARTPREVIEW screen labels=1 (world TextRender labels and damage text hidden)
2026.09.30-11.49.45 SUBSCRIBED gameStateUpdated since=1
2026.09.30-11.49.45 TAG fighter=f-0-hero bbox=(909,389,1011,411) mode=compact look=P1 placement=inset ring=0 hardPx2=0 softPx2=0 order=1 bound=1
2026.09.30-11.49.45 TAG fighter=f-0-sk0 bbox=(1075,385,1159,407) mode=compact look=P1 placement=above ring=0 hardPx2=0 softPx2=0 order=3 bound=1
2026.09.30-11.49.45 TAG fighter=f-0-sk1 bbox=(918,264,1002,286) mode=compact look=P1 placement=above ring=0 hardPx2=0 softPx2=0 order=0 bound=1
2026.09.30-11.49.45 TAG fighter=f-0-sk2 bbox=(761,385,845,407) mode=compact look=P1 placement=above ring=0 hardPx2=0 softPx2=0 order=2 bound=1
2026.09.30-11.49.45 TAG fighter=f-1-hero bbox=(909,646,1011,668) mode=compact look=P2 placement=below ring=0 hardPx2=0 softPx2=0 order=4 bound=1
2026.09.30-11.49.45 TAG fighter=f-1-sk0 bbox=(1080,507,1164,529) mode=compact look=P2 placement=above ring=0 hardPx2=0 softPx2=0 order=5 bound=1
2026.09.30-11.49.45 SNAPSHOT applied seq=1 phase=ACTION_MANEUVER
2026.09.30-11.49.45 HANDLE_APPLIED #2 seq=1 decision=1 fightersValid=1 boardValid=1
2026.09.30-11.49.45 MODE seq=1 mode=0 combat=0 pending=0
2026.09.30-11.49.45 HUD seq=1 phase=ACTION_MANEUVER turn=you hand=5 oppHand=5(hidden) oppDeck=25 deck=25 discard=0
2026.09.30-11.49.45 ARTPREVIEW fighter=Medusa hero=1 eligible=0 visual=1 mesh=SK_Medusa_H2LD
2026.09.30-11.49.45 FIGHTERS synced n=6 alive=6 own=4 enemy=2
2026.09.30-11.49.45 WS seq=1 phase=ACTION_MANEUVER (merge)
2026.09.30-11.49.46 TAG fighter=f-0-hero bbox=(909,389,1011,411) mode=compact look=P1 placement=inset ring=0 hardPx2=0 softPx2=0 order=1 bound=1
2026.09.30-11.49.46 TAG fighter=f-0-sk0 bbox=(1075,385,1159,407) mode=compact look=P1 placement=above ring=0 hardPx2=0 softPx2=0 order=3 bound=1
2026.09.30-11.49.46 TAG fighter=f-0-sk1 bbox=(918,264,1002,286) mode=compact look=P1 placement=above ring=0 hardPx2=0 softPx2=0 order=0 bound=1
2026.09.30-11.49.46 TAG fighter=f-0-sk2 bbox=(761,385,845,407) mode=compact look=P1 placement=above ring=0 hardPx2=0 softPx2=0 order=2 bound=1
2026.09.30-11.49.46 TAG fighter=f-1-hero bbox=(909,646,1011,668) mode=compact look=P2 placement=below ring=0 hardPx2=0 softPx2=0 order=4 bound=1
2026.09.30-11.49.46 TAG fighter=f-1-sk0 bbox=(1080,507,1164,529) mode=compact look=P2 placement=above ring=0 hardPx2=0 softPx2=0 order=5 bound=1
2026.09.30-11.49.47 PERF window t=15.0-20.1 frames=149 fps=29.71 frameMs avg=33.66 p50=33.33 p95=33.33 p99=33.42 max=81.48 hitches50=1 gpuMs avg=1.69 p50=1.49 p95=2.05 gameMs avg=2.15 p95=1.95 renderMs avg=3.19 p95=4.37
2026.09.30-11.49.48 game -> room=cmuo1lx4e01alwiwwrvl5b4on code=<redacted> status=IN_PROGRESS
2026.09.30-11.49.51 game -> room=cmuo1lx4e01alwiwwrvl5b4on code=<redacted> status=IN_PROGRESS
2026.09.30-11.49.52 PERF window t=20.1-25.1 frames=151 fps=30.00 frameMs avg=33.33 p50=33.33 p95=33.33 p99=33.34 max=33.34 hitches50=0 gpuMs avg=1.92 p50=1.88 p95=2.10 gameMs avg=1.53 p95=1.96 renderMs avg=3.51 p95=4.93
2026.09.30-11.49.54 game -> room=cmuo1lx4e01alwiwwrvl5b4on code=<redacted> status=IN_PROGRESS
2026.09.30-11.49.57 game -> room=cmuo1lx4e01alwiwwrvl5b4on code=<redacted> status=IN_PROGRESS
2026.09.30-11.49.57 PERF window t=25.1-30.1 frames=151 fps=30.00 frameMs avg=33.33 p50=33.33 p95=33.33 p99=33.33 max=33.35 hitches50=0 gpuMs avg=1.93 p50=1.89 p95=2.16 gameMs avg=1.53 p95=1.88 renderMs avg=3.52 p95=4.59
2026.09.30-11.50.00 game -> room=cmuo1lx4e01alwiwwrvl5b4on code=<redacted> status=IN_PROGRESS
2026.09.30-11.50.02 PERF window t=30.1-35.2 frames=151 fps=30.00 frameMs avg=33.33 p50=33.33 p95=33.33 p99=33.34 max=33.34 hitches50=0 gpuMs avg=1.93 p50=1.89 p95=2.15 gameMs avg=1.42 p95=1.68 renderMs avg=3.38 p95=4.10
2026.09.30-11.50.03 game -> room=cmuo1lx4e01alwiwwrvl5b4on code=<redacted> status=IN_PROGRESS
2026.09.30-11.50.06 game -> room=cmuo1lx4e01alwiwwrvl5b4on code=<redacted> status=IN_PROGRESS
2026.09.30-11.50.07 PERF window t=35.2-40.2 frames=151 fps=30.00 frameMs avg=33.33 p50=33.33 p95=33.33 p99=33.33 max=33.34 hitches50=0 gpuMs avg=1.91 p50=1.88 p95=2.11 gameMs avg=1.47 p95=1.72 renderMs avg=3.43 p95=4.09
2026.09.30-11.50.09 game -> room=cmuo1lx4e01alwiwwrvl5b4on code=<redacted> status=IN_PROGRESS
2026.09.30-11.50.12 game -> room=cmuo1lx4e01alwiwwrvl5b4on code=<redacted> status=IN_PROGRESS
2026.09.30-11.50.12 PERF window t=40.2-45.2 frames=151 fps=30.00 frameMs avg=33.33 p50=33.33 p95=33.33 p99=33.33 max=33.33 hitches50=0 gpuMs avg=1.91 p50=1.88 p95=2.10 gameMs avg=1.42 p95=1.63 renderMs avg=3.33 p95=4.18
2026.09.30-11.50.15 game -> room=cmuo1lx4e01alwiwwrvl5b4on code=<redacted> status=IN_PROGRESS
2026.09.30-11.50.17 PERF window t=45.2-50.3 frames=151 fps=30.00 frameMs avg=33.33 p50=33.33 p95=33.33 p99=33.33 max=33.33 hitches50=0 gpuMs avg=1.92 p50=1.88 p95=2.11 gameMs avg=1.53 p95=1.83 renderMs avg=3.74 p95=4.61
2026.09.30-11.50.18 game -> room=cmuo1lx4e01alwiwwrvl5b4on code=<redacted> status=IN_PROGRESS
2026.09.30-11.50.21 game -> room=cmuo1lx4e01alwiwwrvl5b4on code=<redacted> status=IN_PROGRESS
2026.09.30-11.50.23 PERF window t=50.3-55.3 frames=151 fps=30.00 frameMs avg=33.33 p50=33.33 p95=33.33 p99=33.33 max=33.35 hitches50=0 gpuMs avg=1.92 p50=1.88 p95=2.13 gameMs avg=1.45 p95=1.78 renderMs avg=3.42 p95=4.30
2026.09.30-11.50.24 game -> room=cmuo1lx4e01alwiwwrvl5b4on code=<redacted> status=IN_PROGRESS
2026.09.30-11.50.27 game -> room=cmuo1lx4e01alwiwwrvl5b4on code=<redacted> status=IN_PROGRESS
2026.09.30-11.50.28 PERF window t=55.3-60.3 frames=151 fps=30.00 frameMs avg=33.33 p50=33.33 p95=33.33 p99=33.33 max=33.33 hitches50=0 gpuMs avg=1.92 p50=1.88 p95=2.11 gameMs avg=1.47 p95=1.68 renderMs avg=3.50 p95=4.11
2026.09.30-11.50.30 game -> room=cmuo1lx4e01alwiwwrvl5b4on code=<redacted> status=IN_PROGRESS
2026.09.30-11.50.33 PERF window t=60.3-65.4 frames=151 fps=30.00 frameMs avg=33.33 p50=33.33 p95=33.33 p99=33.35 max=33.36 hitches50=0 gpuMs avg=1.90 p50=1.87 p95=2.09 gameMs avg=1.49 p95=1.87 renderMs avg=3.56 p95=4.54
2026.09.30-11.50.33 game -> room=cmuo1lx4e01alwiwwrvl5b4on code=<redacted> status=IN_PROGRESS
2026.09.30-11.50.36 game -> room=cmuo1lx4e01alwiwwrvl5b4on code=<redacted> status=IN_PROGRESS
2026.09.30-11.50.38 PERF window t=65.4-70.4 frames=151 fps=30.00 frameMs avg=33.33 p50=33.33 p95=33.33 p99=33.34 max=33.34 hitches50=0 gpuMs avg=1.92 p50=1.89 p95=2.13 gameMs avg=1.67 p95=2.12 renderMs avg=4.06 p95=5.32
2026.09.30-11.50.39 game -> room=cmuo1lx4e01alwiwwrvl5b4on code=<redacted> status=IN_PROGRESS
2026.09.30-11.50.42 game -> room=cmuo1lx4e01alwiwwrvl5b4on code=<redacted> status=IN_PROGRESS
2026.09.30-11.50.43 PERF window t=70.4-75.4 frames=151 fps=30.00 frameMs avg=33.33 p50=33.33 p95=33.33 p99=33.34 max=33.35 hitches50=0 gpuMs avg=1.91 p50=1.89 p95=2.09 gameMs avg=1.70 p95=2.10 renderMs avg=4.16 p95=5.52
2026.09.30-11.50.45 game -> room=cmuo1lx4e01alwiwwrvl5b4on code=<redacted> status=IN_PROGRESS
2026.09.30-11.50.48 PERF window t=75.4-80.5 frames=151 fps=30.00 frameMs avg=33.33 p50=33.33 p95=33.33 p99=33.34 max=33.34 hitches50=0 gpuMs avg=1.91 p50=1.88 p95=2.11 gameMs avg=1.59 p95=2.00 renderMs avg=3.87 p95=5.24
2026.09.30-11.50.48 game -> room=cmuo1lx4e01alwiwwrvl5b4on code=<redacted> status=IN_PROGRESS
2026.09.30-11.50.53 PERF window t=80.5-85.5 frames=145 fps=28.92 frameMs avg=34.57 p50=33.34 p95=34.42 p99=60.63 max=164.16 hitches50=2 gpuMs avg=1.97 p50=1.96 p95=2.13 gameMs avg=3.30 p95=5.31 renderMs avg=6.75 p95=8.87
2026.09.30-11.50.54 game -> room=cmuo1lx4e01alwiwwrvl5b4on code=<redacted> status=IN_PROGRESS
2026.09.30-11.50.54 game -> room=cmuo1lx4e01alwiwwrvl5b4on code=<redacted> status=IN_PROGRESS
2026.09.30-11.50.57 game -> room=cmuo1lx4e01alwiwwrvl5b4on code=<redacted> status=IN_PROGRESS
2026.09.30-11.50.58 PERF window t=85.5-90.5 frames=150 fps=29.82 frameMs avg=33.54 p50=33.36 p95=34.56 p99=35.90 max=35.95 hitches50=0 gpuMs avg=1.96 p50=1.95 p95=2.11 gameMs avg=3.01 p95=4.44 renderMs avg=7.14 p95=8.11
2026.09.30-11.51.00 game -> room=cmuo1lx4e01alwiwwrvl5b4on code=<redacted> status=IN_PROGRESS
2026.09.30-11.51.03 PERF window t=90.5-95.5 frames=147 fps=29.24 frameMs avg=34.20 p50=33.39 p95=33.94 p99=34.38 max=140.98 hitches50=1 gpuMs avg=1.95 p50=1.93 p95=2.16 gameMs avg=3.56 p95=7.61 renderMs avg=9.17 p95=17.38
2026.09.30-11.51.03 game -> room=cmuo1lx4e01alwiwwrvl5b4on code=<redacted> status=IN_PROGRESS
2026.09.30-11.51.07 game -> room=cmuo1lx4e01alwiwwrvl5b4on code=<redacted> status=IN_PROGRESS
2026.09.30-11.51.08 PERF window t=95.5-100.6 frames=150 fps=29.80 frameMs avg=33.55 p50=33.39 p95=34.21 p99=35.95 max=38.23 hitches50=0 gpuMs avg=1.97 p50=1.94 p95=2.16 gameMs avg=4.15 p95=9.78 renderMs avg=7.82 p95=13.44
2026.09.30-11.51.10 game -> room=cmuo1lx4e01alwiwwrvl5b4on code=<redacted> status=IN_PROGRESS
2026.09.30-11.51.13 PERF window t=100.6-105.6 frames=150 fps=29.89 frameMs avg=33.46 p50=33.37 p95=33.88 p99=34.32 max=34.85 hitches50=0 gpuMs avg=1.95 p50=1.93 p95=2.15 gameMs avg=3.75 p95=10.03 renderMs avg=7.74 p95=12.19
2026.09.30-11.51.13 game -> room=cmuo1lx4e01alwiwwrvl5b4on code=<redacted> status=IN_PROGRESS
2026.09.30-11.51.15 game -> room=cmuo1lx4e01alwiwwrvl5b4on code=<redacted> status=IN_PROGRESS
2026.09.30-11.51.18 PERF window t=105.6-110.6 frames=150 fps=29.92 frameMs avg=33.42 p50=33.35 p95=33.81 p99=34.07 max=34.11 hitches50=0 gpuMs avg=2.00 p50=1.99 p95=2.18 gameMs avg=2.89 p95=4.70 renderMs avg=6.91 p95=7.78
2026.09.30-11.51.18 game -> room=cmuo1lx4e01alwiwwrvl5b4on code=<redacted> status=IN_PROGRESS
2026.09.30-11.51.21 game -> room=cmuo1lx4e01alwiwwrvl5b4on code=<redacted> status=IN_PROGRESS
2026.09.30-11.51.23 PERF window t=110.6-115.6 frames=150 fps=29.97 frameMs avg=33.36 p50=33.33 p95=33.57 p99=33.71 max=33.79 hitches50=0 gpuMs avg=1.94 p50=1.92 p95=2.07 gameMs avg=2.59 p95=3.31 renderMs avg=6.32 p95=7.22
2026.09.30-11.51.24 game -> room=cmuo1lx4e01alwiwwrvl5b4on code=<redacted> status=IN_PROGRESS
2026.09.30-11.51.27 game -> room=cmuo1lx4e01alwiwwrvl5b4on code=<redacted> status=IN_PROGRESS
2026.09.30-11.51.28 PERF window t=115.6-120.6 frames=150 fps=29.91 frameMs avg=33.44 p50=33.33 p95=33.42 p99=34.88 max=45.79 hitches50=0 gpuMs avg=1.88 p50=1.88 p95=2.02 gameMs avg=1.97 p95=2.56 renderMs avg=4.69 p95=5.86
2026.09.30-11.51.30 game -> room=cmuo1lx4e01alwiwwrvl5b4on code=<redacted> status=IN_PROGRESS
2026.09.30-11.51.33 PERF window t=120.6-125.6 frames=150 fps=30.00 frameMs avg=33.33 p50=33.33 p95=33.34 p99=33.36 max=33.36 hitches50=0 gpuMs avg=1.86 p50=1.86 p95=1.92 gameMs avg=1.62 p95=1.98 renderMs avg=3.60 p95=4.99
2026.09.30-11.51.33 game -> room=cmuo1lx4e01alwiwwrvl5b4on code=<redacted> status=IN_PROGRESS
2026.09.30-11.51.36 game -> room=cmuo1lx4e01alwiwwrvl5b4on code=<redacted> status=IN_PROGRESS
2026.09.30-11.51.38 PERF window t=125.6-130.6 frames=150 fps=30.00 frameMs avg=33.33 p50=33.33 p95=33.33 p99=33.35 max=33.40 hitches50=0 gpuMs avg=1.87 p50=1.86 p95=1.93 gameMs avg=1.64 p95=2.02 renderMs avg=3.51 p95=4.62
2026.09.30-11.51.39 game -> room=cmuo1lx4e01alwiwwrvl5b4on code=<redacted> status=IN_PROGRESS
2026.09.30-11.51.42 game -> room=cmuo1lx4e01alwiwwrvl5b4on code=<redacted> status=IN_PROGRESS
2026.09.30-11.51.43 PERF window t=130.6-135.6 frames=150 fps=30.00 frameMs avg=33.33 p50=33.33 p95=33.33 p99=33.33 max=33.34 hitches50=0 gpuMs avg=1.85 p50=1.85 p95=1.91 gameMs avg=1.52 p95=1.76 renderMs avg=3.28 p95=3.97
2026.09.30-11.51.45 game -> room=cmuo1lx4e01alwiwwrvl5b4on code=<redacted> status=IN_PROGRESS
2026.09.30-11.51.48 PERF window t=135.6-140.6 frames=150 fps=30.00 frameMs avg=33.34 p50=33.33 p95=33.34 p99=33.41 max=33.47 hitches50=0 gpuMs avg=1.86 p50=1.85 p95=1.91 gameMs avg=1.57 p95=1.97 renderMs avg=3.37 p95=4.18
2026.09.30-11.51.48 game -> room=cmuo1lx4e01alwiwwrvl5b4on code=<redacted> status=IN_PROGRESS
2026.09.30-11.51.51 game -> room=cmuo1lx4e01alwiwwrvl5b4on code=<redacted> status=IN_PROGRESS
2026.09.30-11.51.53 PERF window t=140.6-145.6 frames=150 fps=30.00 frameMs avg=33.33 p50=33.33 p95=33.33 p99=33.36 max=33.40 hitches50=0 gpuMs avg=1.86 p50=1.86 p95=1.91 gameMs avg=1.53 p95=1.86 renderMs avg=3.27 p95=4.34
2026.09.30-11.51.54 game -> room=cmuo1lx4e01alwiwwrvl5b4on code=<redacted> status=IN_PROGRESS
2026.09.30-11.51.57 game -> room=cmuo1lx4e01alwiwwrvl5b4on code=<redacted> status=IN_PROGRESS
2026.09.30-11.51.58 PERF window t=145.6-150.6 frames=150 fps=30.00 frameMs avg=33.33 p50=33.33 p95=33.33 p99=33.36 max=33.36 hitches50=0 gpuMs avg=1.86 p50=1.87 p95=1.91 gameMs avg=1.57 p95=2.04 renderMs avg=3.37 p95=4.43
2026.09.30-11.52.00 game -> room=cmuo1lx4e01alwiwwrvl5b4on code=<redacted> status=IN_PROGRESS
2026.09.30-11.52.03 PERF window t=150.6-155.6 frames=150 fps=30.00 frameMs avg=33.33 p50=33.33 p95=33.33 p99=33.37 max=33.37 hitches50=0 gpuMs avg=1.86 p50=1.86 p95=1.94 gameMs avg=1.75 p95=2.23 renderMs avg=3.83 p95=5.16
2026.09.30-11.52.03 game -> room=cmuo1lx4e01alwiwwrvl5b4on code=<redacted> status=IN_PROGRESS
2026.09.30-11.52.06 game -> room=cmuo1lx4e01alwiwwrvl5b4on code=<redacted> status=IN_PROGRESS
2026.09.30-11.52.08 PERF window t=155.6-160.6 frames=150 fps=30.00 frameMs avg=33.33 p50=33.33 p95=33.33 p99=33.35 max=33.35 hitches50=0 gpuMs avg=1.86 p50=1.85 p95=1.94 gameMs avg=1.56 p95=1.98 renderMs avg=3.29 p95=4.22
2026.09.30-11.52.09 game -> room=cmuo1lx4e01alwiwwrvl5b4on code=<redacted> status=IN_PROGRESS
2026.09.30-11.52.12 game -> room=cmuo1lx4e01alwiwwrvl5b4on code=<redacted> status=IN_PROGRESS
2026.09.30-11.52.13 PERF window t=160.6-165.6 frames=150 fps=30.00 frameMs avg=33.33 p50=33.33 p95=33.34 p99=33.35 max=33.35 hitches50=0 gpuMs avg=1.85 p50=1.85 p95=1.91 gameMs avg=1.52 p95=1.81 renderMs avg=3.19 p95=3.95
2026.09.30-11.52.15 game -> room=cmuo1lx4e01alwiwwrvl5b4on code=<redacted> status=IN_PROGRESS
2026.09.30-11.52.18 PERF window t=165.6-170.6 frames=150 fps=30.00 frameMs avg=33.33 p50=33.33 p95=33.33 p99=33.34 max=33.37 hitches50=0 gpuMs avg=1.86 p50=1.85 p95=1.91 gameMs avg=1.60 p95=2.07 renderMs avg=3.49 p95=4.50
2026.09.30-11.52.18 game -> room=cmuo1lx4e01alwiwwrvl5b4on code=<redacted> status=IN_PROGRESS
2026.09.30-11.52.21 game -> room=cmuo1lx4e01alwiwwrvl5b4on code=<redacted> status=IN_PROGRESS
2026.09.30-11.52.23 PERF window t=170.6-175.6 frames=150 fps=30.00 frameMs avg=33.33 p50=33.33 p95=33.33 p99=33.33 max=33.35 hitches50=0 gpuMs avg=1.85 p50=1.84 p95=1.90 gameMs avg=1.49 p95=1.77 renderMs avg=3.10 p95=3.66
2026.09.30-11.52.24 game -> room=cmuo1lx4e01alwiwwrvl5b4on code=<redacted> status=IN_PROGRESS
2026.09.30-11.52.27 game -> room=cmuo1lx4e01alwiwwrvl5b4on code=<redacted> status=IN_PROGRESS
2026.09.30-11.52.28 PERF window t=175.6-180.6 frames=150 fps=30.00 frameMs avg=33.34 p50=33.33 p95=33.34 p99=33.36 max=33.47 hitches50=0 gpuMs avg=1.85 p50=1.84 p95=1.90 gameMs avg=1.65 p95=2.11 renderMs avg=3.39 p95=4.26
2026.09.30-11.52.30 game -> room=cmuo1lx4e01alwiwwrvl5b4on code=<redacted> status=IN_PROGRESS
2026.09.30-11.52.33 PERF window t=180.6-185.6 frames=150 fps=30.00 frameMs avg=33.33 p50=33.33 p95=33.33 p99=33.34 max=33.35 hitches50=0 gpuMs avg=1.87 p50=1.85 p95=1.94 gameMs avg=1.73 p95=2.12 renderMs avg=3.64 p95=4.32
2026.09.30-11.52.33 game -> room=cmuo1lx4e01alwiwwrvl5b4on code=<redacted> status=IN_PROGRESS
2026.09.30-11.52.36 game -> room=cmuo1lx4e01alwiwwrvl5b4on code=<redacted> status=IN_PROGRESS
2026.09.30-11.52.38 PERF window t=185.6-190.6 frames=150 fps=30.00 frameMs avg=33.33 p50=33.33 p95=33.34 p99=33.35 max=33.35 hitches50=0 gpuMs avg=1.87 p50=1.86 p95=1.97 gameMs avg=1.91 p95=2.30 renderMs avg=3.95 p95=5.14
2026.09.30-11.52.39 game -> room=cmuo1lx4e01alwiwwrvl5b4on code=<redacted> status=IN_PROGRESS
2026.09.30-11.52.42 game -> room=cmuo1lx4e01alwiwwrvl5b4on code=<redacted> status=IN_PROGRESS
2026.09.30-11.52.43 PERF window t=190.6-195.6 frames=150 fps=30.00 frameMs avg=33.33 p50=33.33 p95=33.33 p99=33.34 max=33.35 hitches50=0 gpuMs avg=1.86 p50=1.85 p95=1.95 gameMs avg=1.72 p95=2.09 renderMs avg=3.52 p95=4.20
2026.09.30-11.52.45 game -> room=cmuo1lx4e01alwiwwrvl5b4on code=<redacted> status=IN_PROGRESS
2026.09.30-11.52.48 PERF window t=195.6-200.6 frames=150 fps=30.00 frameMs avg=33.33 p50=33.33 p95=33.33 p99=33.35 max=33.35 hitches50=0 gpuMs avg=1.86 p50=1.85 p95=2.07 gameMs avg=1.78 p95=2.23 renderMs avg=3.67 p95=4.41
2026.09.30-11.52.48 game -> room=cmuo1lx4e01alwiwwrvl5b4on code=<redacted> status=IN_PROGRESS
2026.09.30-11.52.51 game -> room=cmuo1lx4e01alwiwwrvl5b4on code=<redacted> status=IN_PROGRESS
2026.09.30-11.52.53 PERF window t=200.6-205.6 frames=150 fps=30.00 frameMs avg=33.33 p50=33.33 p95=33.33 p99=33.34 max=33.36 hitches50=0 gpuMs avg=1.85 p50=1.84 p95=1.94 gameMs avg=1.76 p95=2.07 renderMs avg=3.56 p95=4.49
2026.09.30-11.52.54 game -> room=cmuo1lx4e01alwiwwrvl5b4on code=<redacted> status=IN_PROGRESS
2026.09.30-11.52.57 game -> room=cmuo1lx4e01alwiwwrvl5b4on code=<redacted> status=IN_PROGRESS
2026.09.30-11.52.58 PERF window t=205.6-210.6 frames=150 fps=30.00 frameMs avg=33.33 p50=33.33 p95=33.33 p99=33.35 max=33.35 hitches50=0 gpuMs avg=1.86 p50=1.84 p95=2.01 gameMs avg=1.79 p95=2.16 renderMs avg=3.64 p95=4.43
2026.09.30-11.53.00 game -> room=cmuo1lx4e01alwiwwrvl5b4on code=<redacted> status=IN_PROGRESS
2026.09.30-11.53.03 PERF window t=210.6-215.6 frames=150 fps=30.00 frameMs avg=33.33 p50=33.33 p95=33.33 p99=33.34 max=33.34 hitches50=0 gpuMs avg=1.85 p50=1.83 p95=2.00 gameMs avg=1.71 p95=2.10 renderMs avg=3.53 p95=4.95
2026.09.30-11.53.03 game -> room=cmuo1lx4e01alwiwwrvl5b4on code=<redacted> status=IN_PROGRESS
2026.09.30-11.53.06 game -> room=cmuo1lx4e01alwiwwrvl5b4on code=<redacted> status=IN_PROGRESS
2026.09.30-11.53.08 PERF window t=215.6-220.6 frames=150 fps=30.00 frameMs avg=33.33 p50=33.33 p95=33.33 p99=33.34 max=33.38 hitches50=0 gpuMs avg=1.86 p50=1.84 p95=1.95 gameMs avg=1.74 p95=2.12 renderMs avg=3.52 p95=4.86
2026.09.30-11.53.09 game -> room=cmuo1lx4e01alwiwwrvl5b4on code=<redacted> status=IN_PROGRESS
2026.09.30-11.53.12 game -> room=cmuo1lx4e01alwiwwrvl5b4on code=<redacted> status=IN_PROGRESS
2026.09.30-11.53.13 PERF window t=220.6-225.6 frames=150 fps=30.00 frameMs avg=33.33 p50=33.33 p95=33.34 p99=33.40 max=33.41 hitches50=0 gpuMs avg=1.86 p50=1.84 p95=2.05 gameMs avg=1.80 p95=2.26 renderMs avg=3.66 p95=5.12
2026.09.30-11.53.15 game -> room=cmuo1lx4e01alwiwwrvl5b4on code=<redacted> status=IN_PROGRESS
2026.09.30-11.53.18 PERF window t=225.6-230.6 frames=150 fps=30.00 frameMs avg=33.33 p50=33.33 p95=33.33 p99=33.34 max=33.35 hitches50=0 gpuMs avg=1.84 p50=1.83 p95=2.02 gameMs avg=1.61 p95=1.89 renderMs avg=3.33 p95=4.11
2026.09.30-11.53.18 game -> room=cmuo1lx4e01alwiwwrvl5b4on code=<redacted> status=IN_PROGRESS
2026.09.30-11.53.21 game -> room=cmuo1lx4e01alwiwwrvl5b4on code=<redacted> status=IN_PROGRESS
2026.09.30-11.53.23 PERF window t=230.6-235.6 frames=150 fps=30.00 frameMs avg=33.33 p50=33.33 p95=33.34 p99=33.35 max=33.41 hitches50=0 gpuMs avg=1.84 p50=1.83 p95=1.94 gameMs avg=1.61 p95=1.94 renderMs avg=3.24 p95=4.36
2026.09.30-11.53.24 game -> room=cmuo1lx4e01alwiwwrvl5b4on code=<redacted> status=IN_PROGRESS
2026.09.30-11.53.27 game -> room=cmuo1lx4e01alwiwwrvl5b4on code=<redacted> status=IN_PROGRESS
2026.09.30-11.53.28 PERF window t=235.6-240.6 frames=150 fps=30.00 frameMs avg=33.33 p50=33.33 p95=33.33 p99=33.33 max=33.35 hitches50=0 gpuMs avg=1.84 p50=1.83 p95=1.90 gameMs avg=1.60 p95=1.90 renderMs avg=3.18 p95=4.10
2026.09.30-11.53.30 ARTPREVIEW selection ring shown fighter=Medusa mesh=SM_Marker_SelectionRing
2026.09.30-11.53.30 ARTPREVIEW reachable corners cells=13 placed=1
2026.09.30-11.53.30 ARTPREVIEW selection ownHero=1 selected=1 fighter=Medusa reachable=14 fighterId=f-0-hero
2026.09.30-11.53.30 INPUT select src=flag fighter=f-0-hero flag=ArtPreviewSelectOwnHero
2026.09.30-11.53.30 ARTPREVIEW camera focus requested zoom=5.00 overview=1931 target=386
2026.09.30-11.53.30 INPUT zoom src=flag zoom=5.00 flag=ArtPreviewFocusZoom
2026.09.30-11.53.30 CAMERA focus src=flag from=1930.8 to=386.2 requested=386.2 zoom=5.00 clamp=0 limit=none animMs=200
2026.09.30-11.53.30 HUD plate content fighter=f-0-hero name=Medusa hp=16/16 team=own statuses=HERO  |  MELEE teamSlot=P1 look=P1 shape=circle chip=#DAC576
2026.09.30-11.53.30 PLATE fighter=f-0-hero bbox=(1154,471,1326,525) overlapReachable=0 placement=right ring=0 gap=6 selection=f-0-hero destinations=13 clean=1 softPx2=0 tested=276 bound=1
2026.09.30-11.53.30 TAG fighter=f-0-sk0 bbox=(1529,331,1613,353) mode=compact look=P1 placement=above ring=0 hardPx2=0 softPx2=0 order=2 bound=1
2026.09.30-11.53.30 TAG fighter=f-0-sk1 bbox=(1167,7,1251,29) mode=compact look=P1 placement=right ring=13 hardPx2=0 softPx2=0 order=0 bound=1
2026.09.30-11.53.30 TAG fighter=f-0-sk2 bbox=(307,331,391,353) mode=compact look=P1 placement=above ring=0 hardPx2=0 softPx2=0 order=1 bound=1
2026.09.30-11.53.30 TAG fighter=f-1-hero bbox=(909,768,1011,790) mode=compact look=P2 placement=above ring=0 hardPx2=0 softPx2=0 order=3 bound=1
2026.09.30-11.53.30 TAG fighter=f-1-sk0 bbox=(1615,843,1699,865) mode=compact look=P2 placement=above ring=0 hardPx2=0 softPx2=0 order=4 bound=1
2026.09.30-11.53.30 CAMERA settled elapsed=243.17 dist=386.2 target=386.2 errPct=0.000 focusErr=0.00 focus=(0,-50,28)
2026.09.30-11.53.30 PLATE fighter=f-0-hero bbox=(868,851,1040,905) overlapReachable=0 placement=below ring=0 gap=6 selection=f-0-hero destinations=13 clean=1 softPx2=0 tested=344 bound=1
2026.09.30-11.53.30 TAG fighter=f-0-sk0 bbox=(1713,310,1797,332) mode=compact look=P1 placement=above ring=0 hardPx2=0 softPx2=0 order=2 bound=1
2026.09.30-11.53.30 TAG fighter=f-0-sk1 bbox=(918,222,1002,244) mode=compact look=P1 placement=below ring=0 hardPx2=0 softPx2=1246 order=0 bound=0
2026.09.30-11.53.30 TAG fighter=f-0-sk2 bbox=(123,310,207,332) mode=compact look=P1 placement=above ring=0 hardPx2=0 softPx2=0 order=1 bound=1
2026.09.30-11.53.30 TAG fighter=f-1-hero bbox=(1265,924,1367,946) mode=compact look=P2 placement=right ring=0 hardPx2=0 softPx2=0 order=3 bound=1
2026.09.30-11.53.30 TAG fighter=f-1-sk0 bbox=(1524,1023,1608,1045) mode=compact look=P2 placement=left ring=0 hardPx2=0 softPx2=0 order=4 bound=1
2026.09.30-11.53.30 game -> room=cmuo1lx4e01alwiwwrvl5b4on code=<redacted> status=IN_PROGRESS
2026.09.30-11.53.32 SHOT ctx viewport=1920x1080 viewTarget=CameraActor_2147482348 cam=(0,171,344) rot=(-55,-90,0)
2026.09.30-11.53.32 RENDER tag=SHOT rhi=D3D12 featureLevel=SM6 shaderPlatform=PCD3D_SM6 lumenPlatform=1 gi=lumen giMethod=1 refl=lumen reflMethod=1 shadows=csm vsmEnable=0 sg.res=100 sg.view=2 sg.aa=2 sg.shadow=2 sg.gi=2 sg.refl=2 sg.pp=2 sg.tex=2 sg.fx=2 sg.foliage=2 sg.shading=2 sg.landscape=2 preset=High screenPct=100.0 screenPctMode=0 aa=TSR aaMethod=4 exposure=fixed-histogram expMin=4.14106 expMax=4.14106 expBias=0.000 ev100=2.05 lightUnits=candelas sky=1 skyIntensity=11.200 keyShadow=csm-3000uu-2c-contact0.000 shadowCasters=1 profile=cobble-probe profilesSha256=1ecc1e9281845655acf8b31f1dcf52a7510abfc8ba8505525ad72ee8f4ce3c4c profilesSource=pak legacyRender=0 gameLayer=unlit-eyeadaptinv tMaxFPS=30.0 vsync=0 frameRateLimit=60.0 substrate=0 nanite=1 meshDF=1 viewport=1920x1080 reference=1
2026.09.30-11.53.32 SHOT fighter f-0-hero pos=(2,2) world=(0,-50,0) screen=(960,660) projected=1 alive=1
2026.09.30-11.53.32 SHOT fighter f-0-sk0 pos=(3,2) world=(100,-50,0) screen=(1704,660) projected=1 alive=1
2026.09.30-11.53.32 SHOT fighter f-0-sk1 pos=(2,1) world=(0,-150,0) screen=(960,110) projected=1 alive=1
2026.09.30-11.53.32 SHOT fighter f-0-sk2 pos=(1,2) world=(-100,-50,0) screen=(216,660) projected=1 alive=1
2026.09.30-11.53.32 SHOT fighter f-1-hero pos=(2,3) world=(0,50,0) screen=(960,1388) projected=1 alive=1
2026.09.30-11.53.32 SHOT fighter f-1-sk0 pos=(3,3) world=(100,50,0) screen=(1826,1388) projected=1 alive=1
2026.09.30-11.53.32 SHOT camera dist=386.2 target=386.2 overview=1930.8 errPct=0.000 focusErr=0.00 settled=1 zoom=5.00
2026.09.30-11.53.32 SHOT head fighter=f-0-hero socket=Head mesh=SK_Medusa_H2LD world=(0.0,-49.6,47.2) screen=(960.3,452.2) top=(960.3,422.3) bottom=(960.3,481.3) headPx=59.0 projected=1
2026.09.30-11.53.32 SHOT head fighter=f-0-sk0 socket=Head mesh=SK_Harpy_H3LD world=(99.8,-44.7,33.9) screen=(1763.5,547.4) top=(1774.1,519.5) bottom=(1753.2,574.7) headPx=59.0 projected=1
2026.09.30-11.53.32 SHOT head fighter=f-0-sk1 socket=Head mesh=SK_Harpy_H3LD world=(0.0,-144.7,34.1) screen=(960.3,-26.7) top=(960.3,-57.5) bottom=(960.3,3.4) headPx=60.9 projected=1
2026.09.30-11.53.32 SHOT head fighter=f-0-sk2 socket=Head mesh=SK_Harpy_H3LD world=(-100.5,-45.0,34.3) screen=(150.6,544.0) top=(139.9,516.0) bottom=(160.9,571.3) headPx=59.2 projected=1
2026.09.30-11.53.32 SHOT head fighter=f-1-hero socket=Head mesh=SK_KingArthur_H2LD world=(0.2,50.2,50.1) screen=(961.9,1220.7) top=(962.0,1197.3) bottom=(961.9,1243.3) headPx=45.9 projected=1
2026.09.30-11.53.32 SHOT head fighter=f-1-sk0 socket=Head mesh=SK_Merlin_H2LD world=(99.9,46.7,36.4) screen=(1899.7,1239.2) top=(1914.2,1217.2) bottom=(1885.6,1260.7) headPx=52.0 projected=1
2026.09.30-11.53.32 SHOT selection fighter=f-0-hero ownCell=(2,2) legal=14 destinations=13 ownCellExcluded=1 plateFighter=f-0-hero
2026.09.30-11.53.32 SHOT reachable fighter=f-0-hero n=13 cells=(1,0)(2,0)(3,0)(0,1)(1,1)(3,1)(4,1)(0,2)(4,2)(0,3)(1,3)(4,3)(1,4)
2026.09.30-11.53.32 SHOT plate fighter=f-0-hero bbox=(868,851,1040,905) overlapReachable=0 placement=below gap=6 anchor=(710,229,1210,845) planned=(868,851,1040,905) geom=painted stableFrames=54
2026.09.30-11.53.32 SHOT figure fighter=f-0-hero bbox=(710,229,1210,845) ringR=28.50 art=1 blockout=0 team=P1 look=P1 ring=1
2026.09.30-11.53.32 SHOT figure fighter=f-0-sk0 bbox=(1521,334,1988,803) ringR=22.23 art=1 blockout=0 team=P1 look=P1 ring=1
2026.09.30-11.53.32 SHOT figure fighter=f-0-sk1 bbox=(799,-200,1121,220) ringR=22.23 art=1 blockout=0 team=P1 look=P1 ring=1
2026.09.30-11.53.32 SHOT figure fighter=f-0-sk2 bbox=(-68,334,399,803) ringR=22.23 art=1 blockout=0 team=P1 look=P1 ring=1
2026.09.30-11.53.32 SHOT figure fighter=f-1-hero bbox=(657,924,1263,1641) ringR=28.50 art=1 blockout=0 team=P2 look=P2 ring=1
2026.09.30-11.53.32 SHOT figure fighter=f-1-sk0 bbox=(1610,1023,2207,1584) ringR=22.23 art=1 blockout=0 team=P2 look=P2 ring=1
2026.09.30-11.53.32 SHOT request file=phase2-board-host-1920x1080.png frame=7335
2026.09.30-11.53.32 SHOT requested: FScreenshotRequest(bShowUI) -> C:\Users\ren\AppData\Local\Temp\s08-phase2-20260930-164925-20532\phase2-board-host-1920x1080.png
2026.09.30-11.53.32 SHOT captured file=phase2-board-host-1920x1080.png frame=7335 px=1920x1080 sha256=8b9fe0274bfd74f49a6ff4d7b260afd0661a3ff754b8d8a680b6db54975973ac order=BGRA saved=1
2026.09.30-11.53.32 SHOT late begin file=phase2-board-host-1920x1080.png frame=7335 requestFrame=7335
2026.09.30-11.53.32 SHOT iconstate visible=0 lastFighter=none frame=7335
2026.09.30-11.53.32 SHOT widget id=plate impl=umg state=own fighter=f-0-hero bbox=(868,851,1040,905) geom=painted visible=1 twin=0 source=/Game/S08/UI/ArtHud/WBP_S08ArtPlate frame=7335
2026.09.30-11.53.32 SHOT widget id=plate.marker impl=umg state=own fighter=f-0-hero bbox=(868,851,1040,854) geom=painted visible=1 twin=0 source=/Game/S08/UI/ArtHud/WBP_S08ArtPlate frame=7335
2026.09.30-11.53.32 SHOT widget id=plate.name impl=umg state=own fighter=f-0-hero bbox=(874,856,974,875) geom=painted visible=1 twin=0 source=/Game/S08/UI/ArtHud/WBP_S08ArtPlate frame=7335
2026.09.30-11.53.32 SHOT widget id=plate.team impl=umg state=own fighter=f-0-hero bbox=(974,859,1034,872) geom=painted visible=1 twin=0 source=/Game/S08/UI/ArtHud/WBP_S08ArtPlate frame=7335
2026.09.30-11.53.32 SHOT widget id=plate.hpbar impl=umg state=own fighter=f-0-hero bbox=(874,881,970,888) geom=painted visible=1 twin=0 source=/Game/S08/UI/ArtHud/WBP_S08ArtPlate frame=7335
2026.09.30-11.53.32 SHOT widget id=plate.hpfill impl=umg state=own fighter=f-0-hero bbox=(874,881,970,888) geom=painted visible=1 twin=0 source=/Game/S08/UI/ArtHud/WBP_S08ArtPlate frame=7335
2026.09.30-11.53.32 SHOT widget id=plate.hp impl=umg state=own fighter=f-0-hero bbox=(976,877,1029,892) geom=painted visible=1 twin=0 source=/Game/S08/UI/ArtHud/WBP_S08ArtPlate frame=7335
2026.09.30-11.53.32 SHOT widget id=plate.status impl=umg state=own fighter=f-0-hero bbox=(874,894,1034,907) geom=painted visible=1 twin=0 source=/Game/S08/UI/ArtHud/WBP_S08ArtPlate frame=7335
2026.09.30-11.53.32 SHOT widget id=plate.teamshape impl=umg state=own fighter=f-0-hero bbox=(978,860,990,872) geom=painted visible=1 twin=0 source=/Game/S08/UI/ArtHud/WBP_S08ArtPlate frame=7335
2026.09.30-11.53.32 SHOT widget id=board.tag impl=umg state=hidden fighter=f-0-hero bbox=(0,0,0,0) geom=unpainted visible=0 twin=0 source=/Game/S08/UI/ArtHud/WBP_S08ArtTag mode=hidden look=P1 shape=circle placement=right ring=0 order=1 bound=1 softPx2=0 planned=(1078,331,1180,353) frame=7335
2026.09.30-11.53.32 SHOT widget id=board.tag.hp impl=umg state=hidden fighter=f-0-hero bbox=(0,0,0,0) geom=unpainted visible=0 twin=0 source=/Game/S08/UI/ArtHud/WBP_S08ArtTag mode=hidden look=P1 shape=circle placement=right ring=0 order=1 bound=1 softPx2=0 planned=(1078,331,1180,353) frame=7335 font=11
2026.09.30-11.53.32 SHOT widget id=board.tag.bar impl=umg state=hidden fighter=f-0-hero bbox=(0,0,0,0) geom=unpainted visible=0 twin=0 source=/Game/S08/UI/ArtHud/WBP_S08ArtTag mode=hidden look=P1 shape=circle placement=right ring=0 order=1 bound=1 softPx2=0 planned=(1078,331,1180,353) frame=7335
2026.09.30-11.53.32 SHOT widget id=board.tag.chip impl=umg state=hidden fighter=f-0-hero bbox=(0,0,0,0) geom=unpainted visible=0 twin=0 source=/Game/S08/UI/ArtHud/WBP_S08ArtTag mode=hidden look=P1 shape=circle placement=right ring=0 order=1 bound=1 softPx2=0 planned=(1078,331,1180,353) frame=7335
2026.09.30-11.53.32 SHOT widget id=board.tag impl=umg state=compact fighter=f-0-sk0 bbox=(1713,310,1797,332) geom=painted visible=1 twin=0 source=/Game/S08/UI/ArtHud/WBP_S08ArtTag mode=compact look=P1 shape=circle placement=above ring=0 order=2 bound=1 softPx2=0 planned=(1713,310,1797,332) frame=7335
2026.09.30-11.53.32 SHOT widget id=board.tag.hp impl=umg state=compact fighter=f-0-sk0 bbox=(1769,312,1793,330) geom=painted visible=1 twin=0 source=/Game/S08/UI/ArtHud/WBP_S08ArtTag mode=compact look=P1 shape=circle placement=above ring=0 order=2 bound=1 softPx2=0 planned=(1713,310,1797,332) frame=7335 font=11
2026.09.30-11.53.32 SHOT widget id=board.tag.bar impl=umg state=compact fighter=f-0-sk0 bbox=(1732,319,1766,324) geom=painted visible=1 twin=0 source=/Game/S08/UI/ArtHud/WBP_S08ArtTag mode=compact look=P1 shape=circle placement=above ring=0 order=2 bound=1 softPx2=0 planned=(1713,310,1797,332) frame=7335
2026.09.30-11.53.32 SHOT widget id=board.tag.chip impl=umg state=compact fighter=f-0-sk0 bbox=(1717,315,1729,327) geom=painted visible=1 twin=0 source=/Game/S08/UI/ArtHud/WBP_S08ArtTag mode=compact look=P1 shape=circle placement=above ring=0 order=2 bound=1 softPx2=0 planned=(1713,310,1797,332) frame=7335
2026.09.30-11.53.32 SHOT widget id=board.tag impl=umg state=compact fighter=f-0-sk1 bbox=(918,222,1002,244) geom=painted visible=1 twin=0 source=/Game/S08/UI/ArtHud/WBP_S08ArtTag mode=compact look=P1 shape=circle placement=below ring=0 order=0 bound=0 softPx2=1246 planned=(918,222,1002,244) frame=7335
2026.09.30-11.53.32 SHOT widget id=board.tag.hp impl=umg state=compact fighter=f-0-sk1 bbox=(974,224,998,242) geom=painted visible=1 twin=0 source=/Game/S08/UI/ArtHud/WBP_S08ArtTag mode=compact look=P1 shape=circle placement=below ring=0 order=0 bound=0 softPx2=1246 planned=(918,222,1002,244) frame=7335 font=11
2026.09.30-11.53.32 SHOT widget id=board.tag.bar impl=umg state=compact fighter=f-0-sk1 bbox=(937,231,971,236) geom=painted visible=1 twin=0 source=/Game/S08/UI/ArtHud/WBP_S08ArtTag mode=compact look=P1 shape=circle placement=below ring=0 order=0 bound=0 softPx2=1246 planned=(918,222,1002,244) frame=7335
2026.09.30-11.53.32 SHOT widget id=board.tag.chip impl=umg state=compact fighter=f-0-sk1 bbox=(922,227,934,239) geom=painted visible=1 twin=0 source=/Game/S08/UI/ArtHud/WBP_S08ArtTag mode=compact look=P1 shape=circle placement=below ring=0 order=0 bound=0 softPx2=1246 planned=(918,222,1002,244) frame=7335
2026.09.30-11.53.32 SHOT widget id=board.tag impl=umg state=compact fighter=f-0-sk2 bbox=(123,310,207,332) geom=painted visible=1 twin=0 source=/Game/S08/UI/ArtHud/WBP_S08ArtTag mode=compact look=P1 shape=circle placement=above ring=0 order=1 bound=1 softPx2=0 planned=(123,310,207,332) frame=7335
2026.09.30-11.53.32 SHOT widget id=board.tag.hp impl=umg state=compact fighter=f-0-sk2 bbox=(179,312,203,330) geom=painted visible=1 twin=0 source=/Game/S08/UI/ArtHud/WBP_S08ArtTag mode=compact look=P1 shape=circle placement=above ring=0 order=1 bound=1 softPx2=0 planned=(123,310,207,332) frame=7335 font=11
2026.09.30-11.53.32 SHOT widget id=board.tag.bar impl=umg state=compact fighter=f-0-sk2 bbox=(142,319,176,324) geom=painted visible=1 twin=0 source=/Game/S08/UI/ArtHud/WBP_S08ArtTag mode=compact look=P1 shape=circle placement=above ring=0 order=1 bound=1 softPx2=0 planned=(123,310,207,332) frame=7335
2026.09.30-11.53.32 SHOT widget id=board.tag.chip impl=umg state=compact fighter=f-0-sk2 bbox=(127,315,139,327) geom=painted visible=1 twin=0 source=/Game/S08/UI/ArtHud/WBP_S08ArtTag mode=compact look=P1 shape=circle placement=above ring=0 order=1 bound=1 softPx2=0 planned=(123,310,207,332) frame=7335
2026.09.30-11.53.32 SHOT widget id=board.tag impl=umg state=compact fighter=f-1-hero bbox=(1265,924,1367,946) geom=painted visible=1 twin=0 source=/Game/S08/UI/ArtHud/WBP_S08ArtTag mode=compact look=P2 shape=hex placement=right ring=0 order=3 bound=1 softPx2=0 planned=(1265,924,1367,946) frame=7335
2026.09.30-11.53.32 SHOT widget id=board.tag.hp impl=umg state=compact fighter=f-1-hero bbox=(1321,926,1363,944) geom=painted visible=1 twin=0 source=/Game/S08/UI/ArtHud/WBP_S08ArtTag mode=compact look=P2 shape=hex placement=right ring=0 order=3 bound=1 softPx2=0 planned=(1265,924,1367,946) frame=7335 font=11
2026.09.30-11.53.32 SHOT widget id=board.tag.bar impl=umg state=compact fighter=f-1-hero bbox=(1284,933,1318,938) geom=painted visible=1 twin=0 source=/Game/S08/UI/ArtHud/WBP_S08ArtTag mode=compact look=P2 shape=hex placement=right ring=0 order=3 bound=1 softPx2=0 planned=(1265,924,1367,946) frame=7335
2026.09.30-11.53.32 SHOT widget id=board.tag.chip impl=umg state=compact fighter=f-1-hero bbox=(1269,929,1281,941) geom=painted visible=1 twin=0 source=/Game/S08/UI/ArtHud/WBP_S08ArtTag mode=compact look=P2 shape=hex placement=right ring=0 order=3 bound=1 softPx2=0 planned=(1265,924,1367,946) frame=7335
2026.09.30-11.53.32 SHOT widget id=board.tag impl=umg state=compact fighter=f-1-sk0 bbox=(1524,1023,1608,1045) geom=painted visible=1 twin=0 source=/Game/S08/UI/ArtHud/WBP_S08ArtTag mode=compact look=P2 shape=hex placement=left ring=0 order=4 bound=1 softPx2=0 planned=(1524,1023,1608,1045) frame=7335
2026.09.30-11.53.32 SHOT widget id=board.tag.hp impl=umg state=compact fighter=f-1-sk0 bbox=(1580,1025,1604,1043) geom=painted visible=1 twin=0 source=/Game/S08/UI/ArtHud/WBP_S08ArtTag mode=compact look=P2 shape=hex placement=left ring=0 order=4 bound=1 softPx2=0 planned=(1524,1023,1608,1045) frame=7335 font=11
2026.09.30-11.53.32 SHOT widget id=board.tag.bar impl=umg state=compact fighter=f-1-sk0 bbox=(1543,1032,1577,1037) geom=painted visible=1 twin=0 source=/Game/S08/UI/ArtHud/WBP_S08ArtTag mode=compact look=P2 shape=hex placement=left ring=0 order=4 bound=1 softPx2=0 planned=(1524,1023,1608,1045) frame=7335
2026.09.30-11.53.32 SHOT widget id=board.tag.chip impl=umg state=compact fighter=f-1-sk0 bbox=(1528,1028,1540,1040) geom=painted visible=1 twin=0 source=/Game/S08/UI/ArtHud/WBP_S08ArtTag mode=compact look=P2 shape=hex placement=left ring=0 order=4 bound=1 softPx2=0 planned=(1524,1023,1608,1045) frame=7335
2026.09.30-11.53.32 SHOT panel id=hud.command bbox=(0,0,601,138) geom=painted visible=1 frame=7335
2026.09.30-11.53.32 SHOT panel id=hud.side bbox=(1432,0,1920,121) geom=painted visible=1 frame=7335
2026.09.30-11.53.32 SHOT panel id=hud.hand bbox=(491,985,1430,1080) geom=painted visible=1 frame=7335
2026.09.30-11.53.32 SHOT late end file=phase2-board-host-1920x1080.png frame=7335
2026.09.30-11.53.33 PERF window t=240.6-245.6 frames=143 fps=28.58 frameMs avg=34.99 p50=33.33 p95=33.33 p99=33.35 max=269.67 hitches50=1 gpuMs avg=1.98 p50=1.94 p95=2.26 gameMs avg=3.77 p95=5.02 renderMs avg=3.15 p95=3.90
2026.09.30-11.53.33 game -> room=cmuo1lx4e01alwiwwrvl5b4on code=<redacted> status=IN_PROGRESS
2026.09.30-11.53.36 game -> room=cmuo1lx4e01alwiwwrvl5b4on code=<redacted> status=IN_PROGRESS
2026.09.30-11.53.38 PERF window t=245.6-250.6 frames=150 fps=30.00 frameMs avg=33.33 p50=33.33 p95=33.33 p99=33.34 max=33.35 hitches50=0 gpuMs avg=2.08 p50=2.01 p95=2.27 gameMs avg=1.93 p95=2.29 renderMs avg=3.26 p95=4.27
2026.09.30-11.53.39 game -> room=cmuo1lx4e01alwiwwrvl5b4on code=<redacted> status=IN_PROGRESS
2026.09.30-11.53.42 game -> room=cmuo1lx4e01alwiwwrvl5b4on code=<redacted> status=IN_PROGRESS
2026.09.30-11.53.43 PERF window t=250.6-255.6 frames=150 fps=30.00 frameMs avg=33.33 p50=33.33 p95=33.33 p99=33.33 max=33.35 hitches50=0 gpuMs avg=2.08 p50=2.01 p95=2.26 gameMs avg=1.85 p95=2.27 renderMs avg=3.16 p95=4.10
2026.09.30-11.53.45 game -> room=cmuo1lx4e01alwiwwrvl5b4on code=<redacted> status=IN_PROGRESS
2026.09.30-11.53.48 PERF window t=255.6-260.7 frames=151 fps=30.00 frameMs avg=33.33 p50=33.33 p95=33.33 p99=33.33 max=33.38 hitches50=0 gpuMs avg=2.10 p50=2.16 p95=2.28 gameMs avg=2.01 p95=2.51 renderMs avg=3.48 p95=4.47
2026.09.30-11.53.48 game -> room=cmuo1lx4e01alwiwwrvl5b4on code=<redacted> status=IN_PROGRESS
2026.09.30-11.53.49 PERF summary scope=afterWarmup warmup=5 elapsed=262.0 frames=7689 fps=29.92 frameMs avg=33.43 p50=33.33 p95=33.40 p99=33.81 max=269.67 hitches50=5 gpuMs avg=1.88 p50=1.87 p95=2.15 gameMs avg=1.92 p95=2.98 renderMs avg=4.02 p95=6.88
2026.09.30-11.53.49 PERF summary scope=started elapsed=262.0 frames=7295 fps=29.91 frameMs avg=33.43 p50=33.33 p95=33.41 p99=33.83 max=269.67 hitches50=5 gpuMs avg=1.91 p50=1.87 p95=2.15 gameMs avg=1.94 p95=3.00 renderMs avg=4.08 p95=6.91
2026.09.30-11.53.49 PERF summary scope=artHud impl=umg elapsed=262.0 frames=563 fps=29.63 frameMs avg=33.75 p50=33.33 p95=33.33 p99=33.34 max=269.67 hitches50=1 gpuMs avg=2.10 p50=2.04 p95=2.27 gameMs avg=2.46 p95=2.51 renderMs avg=3.31 p95=4.33
2026.09.30-11.53.49 --- S08 trace close ---
