2026.09.30-11.49.32 --- S08 trace open 2026.09.30-11.49.32 ---
2026.09.30-11.49.32 HUD team chips ready=1 mode=absolute tagNames=rule
2026.09.30-11.49.32 HUD icon texture size=32 ready=1 path=/Game/ArtTests/ARTMarkers/Textures/T_UI_Action_AttackToken_32 texture=32x32 probe=0 plate=1
2026.09.30-11.49.32 HUD art widget tag impl=umg source=/Game/S08/UI/ArtHud/WBP_S08ArtTag class=/Game/S08/UI/ArtHud/WBP_S08ArtTag.WBP_S08ArtTag_C count=8 missing=- codeDefaultTree=0
2026.09.30-11.49.32 HUD art widget plate impl=umg source=/Game/S08/UI/ArtHud/WBP_S08ArtPlate class=/Game/S08/UI/ArtHud/WBP_S08ArtPlate.WBP_S08ArtPlate_C parts=1 missing=- codeDefaultTree=0
2026.09.30-11.49.32 HUD art widget icon impl=umg source=/Game/S08/UI/ArtHud/WBP_S08ArtIcon class=/Game/S08/UI/ArtHud/WBP_S08ArtIcon.WBP_S08ArtIcon_C parts=1 missing=- codeDefaultTree=0
2026.09.30-11.49.32 HUD art widget damage impl=umg source=/Game/S08/UI/ArtHud/WBP_S08ArtDamage class=/Game/S08/UI/ArtHud/WBP_S08ArtDamage.WBP_S08ArtDamage_C parts=1 missing=- codeDefaultTree=0
2026.09.30-11.49.32 RENDER preset applied=High flag=S08RenderPreset
2026.09.30-11.49.33 LOGIN ok user=art-preview-joiner
2026.09.30-11.49.36 HEROES loaded 84
2026.09.30-11.49.36 CODE resolved -> cmuo1lx4e01alwiwwrvl5b4on
2026.09.30-11.49.36 joinGame -> room=cmuo1lx4e01alwiwwrvl5b4on code=<redacted> status=LOBBY
2026.09.30-11.49.38 PERF config tMaxFPS=30.0 frameRateLimit=60.0 vsync=0 smoothFrameRate=0 fixedFrameRate=0 rhi=D3D12
2026.09.30-11.49.38 RENDER tag=PERF rhi=D3D12 featureLevel=SM6 shaderPlatform=PCD3D_SM6 lumenPlatform=1 gi=lumen giMethod=1 refl=lumen reflMethod=1 shadows=csm vsmEnable=0 sg.res=100 sg.view=2 sg.aa=2 sg.shadow=2 sg.gi=2 sg.refl=2 sg.pp=2 sg.tex=2 sg.fx=2 sg.foliage=2 sg.shading=2 sg.landscape=2 preset=High screenPct=100.0 screenPctMode=0 aa=TSR aaMethod=4 exposure=engine-default expMin=1.00000 expMax=1.00000 expBias=1.000 ev100=0.00 lightUnits=- sky=0 skyIntensity=0.000 keyShadow=- shadowCasters=0 profile=- profilesSha256=- profilesSource=- legacyRender=0 gameLayer=unlit-eyeadaptinv tMaxFPS=30.0 vsync=0 frameRateLimit=60.0 substrate=0 nanite=1 meshDF=1 viewport=1920x1080 reference=0 notReference=noArtProfile,exposure,lightUnits,profilesSource
2026.09.30-11.49.38 PERF window t=0.0-5.0 frames=151 fps=29.92 frameMs avg=33.42 p50=33.33 p95=33.33 p99=34.55 max=44.77 hitches50=0 gpuMs avg=1.24 p50=1.25 p95=1.39 gameMs avg=1.76 p95=2.05 renderMs avg=2849.41 p95=4.37
2026.09.30-11.49.39 game -> room=cmuo1lx4e01alwiwwrvl5b4on code=<redacted> status=LOBBY
2026.09.30-11.49.39 selectHero -> room=cmuo1lx4e01alwiwwrvl5b4on code=<redacted> status=LOBBY
2026.09.30-11.49.42 game -> room=cmuo1lx4e01alwiwwrvl5b4on code=<redacted> status=LOBBY
2026.09.30-11.49.42 toggleReady -> room=cmuo1lx4e01alwiwwrvl5b4on code=<redacted> status=LOBBY
2026.09.30-11.49.43 PERF window t=5.0-10.0 frames=150 fps=30.00 frameMs avg=33.33 p50=33.33 p95=33.33 p99=33.34 max=33.34 hitches50=0 gpuMs avg=1.30 p50=1.30 p95=1.37 gameMs avg=1.49 p95=1.84 renderMs avg=2.77 p95=3.97
2026.09.30-11.49.45 game -> room=cmuo1lx4e01alwiwwrvl5b4on code=<redacted> status=LOBBY
2026.09.30-11.49.48 PERF window t=10.0-15.0 frames=150 fps=30.00 frameMs avg=33.33 p50=33.33 p95=33.33 p99=33.35 max=33.37 hitches50=0 gpuMs avg=1.38 p50=1.37 p95=1.47 gameMs avg=1.37 p95=1.59 renderMs avg=2.57 p95=3.42
2026.09.30-11.49.48 game -> room=cmuo1lx4e01alwiwwrvl5b4on code=<redacted> status=IN_PROGRESS
2026.09.30-11.49.48 WS DROPPED (test-initiated transport loss)
2026.09.30-11.49.48 WS closed (test drop) - reconnect in 1s
2026.09.30-11.49.48 SNAPSHOT applied seq=1 phase=ACTION_MANEUVER
2026.09.30-11.49.48 HANDLE_APPLIED #1 seq=1 decision=2 fightersValid=1 boardValid=1
2026.09.30-11.49.48 MODE seq=1 mode=0 combat=0 pending=0
2026.09.30-11.49.48 HUD seq=1 phase=ACTION_MANEUVER turn=opp hand=5 oppHand=5(hidden) oppDeck=25 deck=25 discard=0
2026.09.30-11.49.48 ARTPREVIEW diorama requested mesh=/Game/PipelineCandidates/TableBase/20260928-table-base-tripo-h31/Meshes/SM_TableBase.SM_TableBase mi=MI_TableBase_Candidate
2026.09.30-11.49.48 ARTPREVIEW board profiles loaded=1 revision=5 boards=3 zoneStyles=11 lightProfiles=3 errors=0 path=Config/ArtBoards/S08ArtBoardProfiles.json
2026.09.30-11.49.48 ARTPREVIEW board profiles source=pak sha256=1ecc1e9281845655acf8b31f1dcf52a7510abfc8ba8505525ad72ee8f4ce3c4c
2026.09.30-11.49.48 ARTPREVIEW zone content instances=12/12 glyphMeshes=11/11
2026.09.30-11.49.48 ARTPREVIEW zone keyline content mi=MI_ART005_Zone_Keyline glyphKeyMeshes=11/11 color=#111317
2026.09.30-11.49.48 ARTPREVIEW game layer material=M_S08_GameLayerUnlit unlitEyeAdaptInv=1 legacyRender=0
2026.09.30-11.49.48 ARTPREVIEW Cobble assets ready
2026.09.30-11.49.48 ARTPREVIEW board assets ready cobbleMesh=1 tiles=1 zoneMaterials=2
2026.09.30-11.49.48 ARTPREVIEW medusa candidate variant=face-neck-v2 mesh=SK_Medusa_FaceNeck_v2Candidate requested=face-neck-v2
2026.09.30-11.49.48 ARTPREVIEW board profile=cobble-city match=boardId board=5x6 boardId=cmuhgs4b2001mwik4f2b2xtf8 surface=cobble-5x6-mesh light=cobble-probe artFixture=0
2026.09.30-11.49.48 ARTPREVIEW light profile=cobble-probe name=key role=key kind=directional at=(-350,-150,600) intensity=4.5 units=lux radius=0 color=(1.00,1.00,1.00) shadow=1
2026.09.30-11.49.48 ARTPREVIEW light profile=cobble-probe name=warm role=warm kind=point at=(260,-300,250) intensity=85 units=candelas radius=450 color=(1.00,1.00,1.00) shadow=0
2026.09.30-11.49.48 ARTPREVIEW sky profile=cobble-probe cubemap=/Game/S08/Render/TC_S08_AmbientDome loaded=1 spawned=1 intensity=11.2 color=(1.00,1.00,1.00) lowerBlack=0
2026.09.30-11.49.48 ARTPREVIEW exposure profile=cobble-probe method=histogram-fixed min=4.14106 max=4.14106 bias=0.000 ev100=2.05 volume=1
2026.09.30-11.49.48 ARTPREVIEW lights applied profile=cobble-probe directional=1 shadow=1 points=1 pointShadows=0 budgetOk=1
2026.09.30-11.49.48 ARTPREVIEW render profile=cobble-probe units=candelas sky=1 exposure=1 keyShadow=csm-3000uu-2c-contact0.000 shadowCasters=1 legacyRender=0
2026.09.30-11.49.48 ARTPREVIEW Cobble probe lights key=4.5 fill=0 warm=85
2026.09.30-11.49.48 ARTPREVIEW board zone keylines pieces=60 glyphKeys=30 glyphKeyCubePieces=0 mi=MI_ART005_Zone_Keyline growUU=1.5 edgeUU=42.0 maxOuterUU=45.0
2026.09.30-11.49.48 ARTPREVIEW board glyph meshes instances=30 keys=2/2 cubePieces=0 anchors=30
2026.09.30-11.49.48 ARTPREVIEW Cobble active 5x6 zones=30 blue=15 red=15 blueMarks=15 redMarks=45
2026.09.30-11.49.48 ARTPREVIEW board active profile=cobble-city 5x6 surface=cobble-5x6-mesh cells=30 zoneCells=30 multizone=0 triple=0 obstacles=0 zoneKeys=2 strokes=60 glyphs=45 surfaceParts=0 glyphMaterial=zone expectOk=1
2026.09.30-11.49.48 ARTPREVIEW board zone key=blue cells=15 stroke=solid glyph=diamond color=#3B78D8 ismUsage=1 strokePieces=15 glyphPieces=15 mi=MI_ART005_Zone_Blue glyphMesh=SM_ART005_ZoneGlyph_Diamond glyphInstances=15 fallback=0
2026.09.30-11.49.48 ARTPREVIEW board zone key=red cells=15 stroke=dash3 glyph=bars2 color=#EC6650 ismUsage=1 strokePieces=45 glyphPieces=30 mi=MI_ART005_Zone_Red glyphMesh=SM_ART005_ZoneGlyph_Bars2 glyphInstances=15 fallback=0
2026.09.30-11.49.48 ARTPREVIEW board multizone cells=0 zonesListed=0 zonesMarked=0
2026.09.30-11.49.48 ARTPREVIEW diorama tray=/Game/PipelineCandidates/TableBase/20260928-table-base-tripo-h31/Meshes/SM_TableBase.SM_TableBase mi=MI_TableBase_Candidate surface=cobble-5x6-mesh yaw=-90.0 scale=1.000x1.000x1.000 bounds=(-328.0,-378.0,-153.0)..(328.0,378.0,-3.0) size=656.0x756.0x150.0 topZ=-3.0 boardHalf=278.0x328.0 rimUU=50.0 collision=none
2026.09.30-11.49.48 CAMERA dist=1931 loc=(0,1107,1582) pitch=-55 yaw=-90
2026.09.30-11.49.48 CAMERA config overview=1930.8 nearest=300.0 farthest=2970.4 zoomRange=0.65-6.44 minDist=300.0 outRatio=0.650 step=1.250 animMs=200 returnMs=300 followFrom=1.20 source=defaults issues=0
2026.09.30-11.49.48 BOARD 5x6 cells | control points: (0,0)=(-200,-250,0) (4,5)=(200,250,0) | neighbor pair (dist 100 uu)
2026.09.30-11.49.48 ARTPREVIEW team mapping mode=absolute source=seatOrder viewerTeam=P2 p1=f-0-hero,f-0-sk0,f-0-sk1,f-0-sk2 p2=f-1-hero,f-1-sk0
2026.09.30-11.49.48 ARTPREVIEW heroesV2 fighter=f-0-hero mesh=/Game/PipelineCandidates/Medusa/H2LD/Meshes/SK_Medusa_H2LD mi=/Game/PipelineCandidates/Medusa/H2LD/Materials/MI_Medusa_H2LD_P1 yaw=90.0 scale=0.9998 name=Medusa hero=1 look=P1 base=/Game/PipelineCandidates/Medusa/H2LD/Meshes/SM_Medusa_H2LD_Base baseMi=/Game/PipelineCandidates/Medusa/H2LD/Materials/MI_Medusa_H2LD_Base_P1 skeleton=/Game/PipelineCandidates/Medusa/Rig/SK_Medusa_Skeleton.SK_Medusa_Skeleton clips=4/4 boundsTop=55.00 figureTop=55.00 budget=55.0
2026.09.30-11.49.48 ARTPREVIEW click capsule fighter=f-0-hero mesh=SK_Medusa_H2LD physicsAsset=0 radius=11.6 halfHeight=27.5 top=55.0 bodyCollision=0 source=meshBounds
2026.09.30-11.49.48 ARTPREVIEW fighter=Medusa hero=1 eligible=0 visual=1 mesh=SK_Medusa_H2LD
2026.09.30-11.49.48 ARTPREVIEW team ring fighter=f-0-hero team=P1 look=P1 mode=absolute shape=circle shown=1 mesh=SM_Marker_TeamRing_P1 fill=#E8C06A keyline=#111317 fillLinear=(0.8070,0.5271,0.1441) zMin=0.60 zMax=1.20 scale=1.00 base=hidden blockout=0 art=1 rim=#FFFFFF
2026.09.30-11.49.48 ARTPREVIEW anim fighter=f-0-hero clip=Idle len=2.333 event=spawn loop=1 phase=0.8071 seq=-1 asset=AM_Medusa_Idle
2026.09.30-11.49.48 ARTPREVIEW heroesV2 fighter=f-0-sk0 mesh=/Game/PipelineCandidates/Harpy/H3LD/Meshes/SK_Harpy_H3LD mi=/Game/PipelineCandidates/Harpy/H3LD/Materials/MI_Harpy_H3LD_P1 yaw=90.0 scale=1.0000 name=Harpies hero=0 look=P1 base=/Game/PipelineCandidates/Harpy/H3LD/Meshes/SM_Harpy_H3LD_Base baseMi=/Game/PipelineCandidates/Harpy/H3LD/Materials/MI_Harpy_H3LD_Base_P1 skeleton=/Game/PipelineCandidates/Harpy/Rig/SK_Harpy_Skeleton.SK_Harpy_Skeleton clips=4/4 boundsTop=42.00 figureTop=42.00 budget=42.0
2026.09.30-11.49.48 ARTPREVIEW click capsule fighter=f-0-sk0 mesh=SK_Harpy_H3LD physicsAsset=0 radius=20.0 halfHeight=21.0 top=42.0 bodyCollision=0 source=meshBounds
2026.09.30-11.49.48 ARTPREVIEW team ring fighter=f-0-sk0 team=P1 look=P1 mode=absolute shape=circle shown=1 mesh=SM_Marker_TeamRing_P1 fill=#E8C06A keyline=#111317 fillLinear=(0.8070,0.5271,0.1441) zMin=0.60 zMax=1.20 scale=0.78 base=hidden blockout=0 art=1 rim=#FFFFFF
2026.09.30-11.49.48 ARTPREVIEW anim fighter=f-0-sk0 clip=Idle len=2.000 event=spawn loop=1 phase=0.6635 seq=-1 asset=AM_Harpy_Idle
2026.09.30-11.49.48 ARTPREVIEW heroesV2 fighter=f-0-sk1 mesh=/Game/PipelineCandidates/Harpy/H3LD/Meshes/SK_Harpy_H3LD mi=/Game/PipelineCandidates/Harpy/H3LD/Materials/MI_Harpy_H3LD_P1 yaw=90.0 scale=1.0000 name=Harpies hero=0 look=P1 base=/Game/PipelineCandidates/Harpy/H3LD/Meshes/SM_Harpy_H3LD_Base baseMi=/Game/PipelineCandidates/Harpy/H3LD/Materials/MI_Harpy_H3LD_Base_P1 skeleton=/Game/PipelineCandidates/Harpy/Rig/SK_Harpy_Skeleton.SK_Harpy_Skeleton clips=4/4 boundsTop=42.00 figureTop=42.00 budget=42.0
2026.09.30-11.49.48 ARTPREVIEW click capsule fighter=f-0-sk1 mesh=SK_Harpy_H3LD physicsAsset=0 radius=20.0 halfHeight=21.0 top=42.0 bodyCollision=0 source=meshBounds
2026.09.30-11.49.48 ARTPREVIEW team ring fighter=f-0-sk1 team=P1 look=P1 mode=absolute shape=circle shown=1 mesh=SM_Marker_TeamRing_P1 fill=#E8C06A keyline=#111317 fillLinear=(0.8070,0.5271,0.1441) zMin=0.60 zMax=1.20 scale=0.78 base=hidden blockout=0 art=1 rim=#FFFFFF
2026.09.30-11.49.48 ARTPREVIEW anim fighter=f-0-sk1 clip=Idle len=2.000 event=spawn loop=1 phase=0.9016 seq=-1 asset=AM_Harpy_Idle
2026.09.30-11.49.48 ARTPREVIEW heroesV2 fighter=f-0-sk2 mesh=/Game/PipelineCandidates/Harpy/H3LD/Meshes/SK_Harpy_H3LD mi=/Game/PipelineCandidates/Harpy/H3LD/Materials/MI_Harpy_H3LD_P1 yaw=90.0 scale=1.0000 name=Harpies hero=0 look=P1 base=/Game/PipelineCandidates/Harpy/H3LD/Meshes/SM_Harpy_H3LD_Base baseMi=/Game/PipelineCandidates/Harpy/H3LD/Materials/MI_Harpy_H3LD_Base_P1 skeleton=/Game/PipelineCandidates/Harpy/Rig/SK_Harpy_Skeleton.SK_Harpy_Skeleton clips=4/4 boundsTop=42.00 figureTop=42.00 budget=42.0
2026.09.30-11.49.48 ARTPREVIEW click capsule fighter=f-0-sk2 mesh=SK_Harpy_H3LD physicsAsset=0 radius=20.0 halfHeight=21.0 top=42.0 bodyCollision=0 source=meshBounds
2026.09.30-11.49.48 ARTPREVIEW team ring fighter=f-0-sk2 team=P1 look=P1 mode=absolute shape=circle shown=1 mesh=SM_Marker_TeamRing_P1 fill=#E8C06A keyline=#111317 fillLinear=(0.8070,0.5271,0.1441) zMin=0.60 zMax=1.20 scale=0.78 base=hidden blockout=0 art=1 rim=#FFFFFF
2026.09.30-11.49.48 ARTPREVIEW anim fighter=f-0-sk2 clip=Idle len=2.000 event=spawn loop=1 phase=0.1873 seq=-1 asset=AM_Harpy_Idle
2026.09.30-11.49.48 ARTPREVIEW heroesV2 fighter=f-1-hero mesh=/Game/PipelineCandidates/KingArthur/H2LD/Meshes/SK_KingArthur_H2LD mi=/Game/PipelineCandidates/KingArthur/H2LD/Materials/MI_KingArthur_H2LD_P2 yaw=270.0 scale=1.0000 name=King Arthur hero=1 look=P2 base=/Game/PipelineCandidates/KingArthur/H2LD/Meshes/SM_KingArthur_H2LD_Base baseMi=/Game/PipelineCandidates/KingArthur/H2LD/Materials/MI_KingArthur_H2LD_Base_P2 skeleton=/Game/PipelineCandidates/KingArthur/Rig/SK_KingArthur_Skeleton.SK_KingArthur_Skeleton clips=4/4 boundsTop=60.06 figureTop=55.00 budget=55.0
2026.09.30-11.49.48 ARTPREVIEW click capsule fighter=f-1-hero mesh=SK_KingArthur_H2LD physicsAsset=0 radius=12.8 halfHeight=30.0 top=60.1 bodyCollision=0 source=meshBounds
2026.09.30-11.49.48 ARTPREVIEW team ring fighter=f-1-hero team=P2 look=P2 mode=absolute shape=hexagon shown=1 mesh=SM_Marker_TeamRing_P2 fill=#5A7F9F keyline=#111317 fillLinear=(0.1022,0.2122,0.3467) zMin=0.60 zMax=1.20 scale=1.00 base=hidden blockout=0 art=1 rim=#FFFFFF
2026.09.30-11.49.48 ARTPREVIEW anim fighter=f-1-hero clip=Idle len=2.500 event=spawn loop=1 phase=0.3470 seq=-1 asset=AM_KingArthur_Idle
2026.09.30-11.49.48 ARTPREVIEW heroesV2 fighter=f-1-sk0 mesh=/Game/PipelineCandidates/Merlin/H2LD/Meshes/SK_Merlin_H2LD mi=/Game/PipelineCandidates/Merlin/H2LD/Materials/MI_Merlin_H2LD_P2 yaw=270.0 scale=1.0003 name=Merlin hero=0 look=P2 base=/Game/PipelineCandidates/Merlin/H2LD/Meshes/SM_Merlin_H2LD_Base baseMi=/Game/PipelineCandidates/Merlin/H2LD/Materials/MI_Merlin_H2LD_Base_P2 skeleton=/Game/PipelineCandidates/Merlin/Rig/SK_Merlin_Skeleton.SK_Merlin_Skeleton clips=4/4 boundsTop=49.44 figureTop=45.00 budget=45.0
2026.09.30-11.49.48 ARTPREVIEW click capsule fighter=f-1-sk0 mesh=SK_Merlin_H2LD physicsAsset=0 radius=10.5 halfHeight=24.7 top=49.4 bodyCollision=0 source=meshBounds
2026.09.30-11.49.48 ARTPREVIEW team ring fighter=f-1-sk0 team=P2 look=P2 mode=absolute shape=hexagon shown=1 mesh=SM_Marker_TeamRing_P2 fill=#5A7F9F keyline=#111317 fillLinear=(0.1022,0.2122,0.3467) zMin=0.60 zMax=1.20 scale=0.78 base=hidden blockout=0 art=1 rim=#FFFFFF
2026.09.30-11.49.48 ARTPREVIEW anim fighter=f-1-sk0 clip=Idle len=3.000 event=spawn loop=1 phase=0.8028 seq=-1 asset=AM_Merlin_Idle
2026.09.30-11.49.48 ARTPREVIEW heroesV2 summary fighters=6 mapped=6 v2=6
2026.09.30-11.49.48 FIGHTERS synced n=6 alive=6 own=2 enemy=4
2026.09.30-11.49.48 STATE seq=1 -> apply
2026.09.30-11.49.48 WS closed 1000 (normal closure)
2026.09.30-11.49.48 HUD art layer plate=1 iconSize=32 iconTexture=1 iconProbe=0 plan=0
2026.09.30-11.49.48 HUD art impl=umg plateViews=umg:/Game/S08/UI/ArtHud/WBP_S08ArtPlate iconViews=umg:/Game/S08/UI/ArtHud/WBP_S08ArtIcon textTable=S08ArtHud entries=13 missingKeys=0
2026.09.30-11.49.48 TAG fighter=f-0-sk0 bbox=(502,127,586,149) mode=compact look=P1 placement=above ring=0 hardPx2=0 softPx2=0 order=1 bound=1
2026.09.30-11.49.48 TAG fighter=f-1-sk0 bbox=(1334,58,1418,80) mode=compact look=P2 placement=above ring=0 hardPx2=0 softPx2=0 order=0 bound=1
2026.09.30-11.49.48 ARTPREVIEW screen labels=1 (world TextRender labels and damage text hidden)
2026.09.30-11.49.48 TAG fighter=f-0-hero bbox=(909,389,1011,411) mode=compact look=P1 placement=inset ring=0 hardPx2=0 softPx2=0 order=1 bound=1
2026.09.30-11.49.48 TAG fighter=f-0-sk0 bbox=(1075,385,1159,407) mode=compact look=P1 placement=above ring=0 hardPx2=0 softPx2=0 order=3 bound=1
2026.09.30-11.49.48 TAG fighter=f-0-sk1 bbox=(918,264,1002,286) mode=compact look=P1 placement=above ring=0 hardPx2=0 softPx2=0 order=0 bound=1
2026.09.30-11.49.48 TAG fighter=f-0-sk2 bbox=(761,385,845,407) mode=compact look=P1 placement=above ring=0 hardPx2=0 softPx2=0 order=2 bound=1
2026.09.30-11.49.48 TAG fighter=f-1-hero bbox=(909,646,1011,668) mode=compact look=P2 placement=below ring=0 hardPx2=0 softPx2=0 order=4 bound=1
2026.09.30-11.49.48 TAG fighter=f-1-sk0 bbox=(1080,507,1164,529) mode=compact look=P2 placement=above ring=0 hardPx2=0 softPx2=0 order=5 bound=1
2026.09.30-11.49.49 WS reconnect attempt
2026.09.30-11.49.49 SUBSCRIBED gameStateUpdated since=1
2026.09.30-11.49.49 WS reconnected - refetching gameState
2026.09.30-11.49.49 SNAPSHOT applied seq=1 phase=ACTION_MANEUVER
2026.09.30-11.49.49 HANDLE_APPLIED #2 seq=1 decision=1 fightersValid=1 boardValid=1
2026.09.30-11.49.49 MODE seq=1 mode=0 combat=0 pending=0
2026.09.30-11.49.49 HUD seq=1 phase=ACTION_MANEUVER turn=opp hand=5 oppHand=5(hidden) oppDeck=25 deck=25 discard=0
2026.09.30-11.49.49 ARTPREVIEW fighter=Medusa hero=1 eligible=0 visual=1 mesh=SK_Medusa_H2LD
2026.09.30-11.49.49 FIGHTERS synced n=6 alive=6 own=2 enemy=4
2026.09.30-11.49.49 STATE seq=1 -> merge
2026.09.30-11.49.49 SNAPSHOT applied seq=1 phase=ACTION_MANEUVER
2026.09.30-11.49.49 HANDLE_APPLIED #3 seq=1 decision=1 fightersValid=1 boardValid=1
2026.09.30-11.49.49 MODE seq=1 mode=0 combat=0 pending=0
2026.09.30-11.49.49 HUD seq=1 phase=ACTION_MANEUVER turn=opp hand=5 oppHand=5(hidden) oppDeck=25 deck=25 discard=0
2026.09.30-11.49.49 ARTPREVIEW fighter=Medusa hero=1 eligible=0 visual=1 mesh=SK_Medusa_H2LD
2026.09.30-11.49.49 FIGHTERS synced n=6 alive=6 own=2 enemy=4
2026.09.30-11.49.49 WS seq=1 phase=ACTION_MANEUVER (merge)
2026.09.30-11.49.49 TAG fighter=f-0-hero bbox=(909,389,1011,411) mode=compact look=P1 placement=inset ring=0 hardPx2=0 softPx2=0 order=1 bound=1
2026.09.30-11.49.49 TAG fighter=f-0-sk0 bbox=(1075,385,1159,407) mode=compact look=P1 placement=above ring=0 hardPx2=0 softPx2=0 order=3 bound=1
2026.09.30-11.49.49 TAG fighter=f-0-sk1 bbox=(918,264,1002,286) mode=compact look=P1 placement=above ring=0 hardPx2=0 softPx2=0 order=0 bound=1
2026.09.30-11.49.49 TAG fighter=f-0-sk2 bbox=(761,385,845,407) mode=compact look=P1 placement=above ring=0 hardPx2=0 softPx2=0 order=2 bound=1
2026.09.30-11.49.49 TAG fighter=f-1-hero bbox=(909,646,1011,668) mode=compact look=P2 placement=below ring=0 hardPx2=0 softPx2=0 order=4 bound=1
2026.09.30-11.49.49 TAG fighter=f-1-sk0 bbox=(1080,507,1164,529) mode=compact look=P2 placement=above ring=0 hardPx2=0 softPx2=0 order=5 bound=1
2026.09.30-11.49.51 game -> room=cmuo1lx4e01alwiwwrvl5b4on code=<redacted> status=IN_PROGRESS
2026.09.30-11.49.53 PERF window t=15.0-20.1 frames=149 fps=29.67 frameMs avg=33.70 p50=33.33 p95=33.33 p99=33.38 max=88.26 hitches50=1 gpuMs avg=1.93 p50=1.88 p95=2.11 gameMs avg=2.15 p95=2.05 renderMs avg=4.37 p95=5.01
2026.09.30-11.49.54 game -> room=cmuo1lx4e01alwiwwrvl5b4on code=<redacted> status=IN_PROGRESS
2026.09.30-11.49.57 game -> room=cmuo1lx4e01alwiwwrvl5b4on code=<redacted> status=IN_PROGRESS
2026.09.30-11.49.58 PERF window t=20.1-25.1 frames=151 fps=30.00 frameMs avg=33.33 p50=33.33 p95=33.33 p99=33.34 max=33.35 hitches50=0 gpuMs avg=1.92 p50=1.89 p95=2.12 gameMs avg=1.38 p95=1.64 renderMs avg=3.47 p95=4.58
2026.09.30-11.50.00 game -> room=cmuo1lx4e01alwiwwrvl5b4on code=<redacted> status=IN_PROGRESS
2026.09.30-11.50.03 game -> room=cmuo1lx4e01alwiwwrvl5b4on code=<redacted> status=IN_PROGRESS
2026.09.30-11.50.03 PERF window t=25.1-30.1 frames=151 fps=30.00 frameMs avg=33.33 p50=33.33 p95=33.33 p99=33.34 max=33.38 hitches50=0 gpuMs avg=1.92 p50=1.88 p95=2.10 gameMs avg=1.36 p95=1.60 renderMs avg=3.28 p95=4.01
2026.09.30-11.50.06 game -> room=cmuo1lx4e01alwiwwrvl5b4on code=<redacted> status=IN_PROGRESS
2026.09.30-11.50.08 PERF window t=30.1-35.2 frames=151 fps=30.00 frameMs avg=33.33 p50=33.33 p95=33.33 p99=33.34 max=33.34 hitches50=0 gpuMs avg=1.91 p50=1.88 p95=2.12 gameMs avg=1.36 p95=1.59 renderMs avg=3.33 p95=3.94
2026.09.30-11.50.09 game -> room=cmuo1lx4e01alwiwwrvl5b4on code=<redacted> status=IN_PROGRESS
2026.09.30-11.50.12 game -> room=cmuo1lx4e01alwiwwrvl5b4on code=<redacted> status=IN_PROGRESS
2026.09.30-11.50.13 PERF window t=35.2-40.2 frames=151 fps=30.00 frameMs avg=33.33 p50=33.33 p95=33.33 p99=33.34 max=33.34 hitches50=0 gpuMs avg=1.93 p50=1.89 p95=2.12 gameMs avg=1.36 p95=1.60 renderMs avg=3.26 p95=4.11
2026.09.30-11.50.15 game -> room=cmuo1lx4e01alwiwwrvl5b4on code=<redacted> status=IN_PROGRESS
2026.09.30-11.50.18 game -> room=cmuo1lx4e01alwiwwrvl5b4on code=<redacted> status=IN_PROGRESS
2026.09.30-11.50.18 PERF window t=40.2-45.2 frames=151 fps=30.00 frameMs avg=33.33 p50=33.33 p95=33.33 p99=33.34 max=33.39 hitches50=0 gpuMs avg=1.93 p50=1.89 p95=2.14 gameMs avg=1.46 p95=1.90 renderMs avg=3.60 p95=4.23
2026.09.30-11.50.21 game -> room=cmuo1lx4e01alwiwwrvl5b4on code=<redacted> status=IN_PROGRESS
2026.09.30-11.50.23 PERF window t=45.2-50.3 frames=151 fps=30.00 frameMs avg=33.33 p50=33.33 p95=33.33 p99=33.33 max=33.33 hitches50=0 gpuMs avg=1.90 p50=1.88 p95=2.08 gameMs avg=1.36 p95=1.65 renderMs avg=3.23 p95=4.23
2026.09.30-11.50.24 game -> room=cmuo1lx4e01alwiwwrvl5b4on code=<redacted> status=IN_PROGRESS
2026.09.30-11.50.27 game -> room=cmuo1lx4e01alwiwwrvl5b4on code=<redacted> status=IN_PROGRESS
2026.09.30-11.50.28 PERF window t=50.3-55.3 frames=151 fps=30.00 frameMs avg=33.33 p50=33.33 p95=33.33 p99=33.34 max=33.34 hitches50=0 gpuMs avg=1.91 p50=1.88 p95=2.12 gameMs avg=1.41 p95=1.62 renderMs avg=3.35 p95=3.96
2026.09.30-11.50.30 game -> room=cmuo1lx4e01alwiwwrvl5b4on code=<redacted> status=IN_PROGRESS
2026.09.30-11.50.33 game -> room=cmuo1lx4e01alwiwwrvl5b4on code=<redacted> status=IN_PROGRESS
2026.09.30-11.50.33 PERF window t=55.3-60.3 frames=151 fps=30.00 frameMs avg=33.33 p50=33.33 p95=33.33 p99=33.33 max=33.33 hitches50=0 gpuMs avg=1.90 p50=1.88 p95=2.08 gameMs avg=1.40 p95=1.71 renderMs avg=3.36 p95=4.29
2026.09.30-11.50.36 game -> room=cmuo1lx4e01alwiwwrvl5b4on code=<redacted> status=IN_PROGRESS
2026.09.30-11.50.38 PERF window t=60.3-65.4 frames=151 fps=30.00 frameMs avg=33.33 p50=33.33 p95=33.33 p99=33.34 max=33.35 hitches50=0 gpuMs avg=1.92 p50=1.89 p95=2.11 gameMs avg=1.57 p95=1.97 renderMs avg=3.96 p95=5.37
2026.09.30-11.50.39 game -> room=cmuo1lx4e01alwiwwrvl5b4on code=<redacted> status=IN_PROGRESS
2026.09.30-11.50.42 game -> room=cmuo1lx4e01alwiwwrvl5b4on code=<redacted> status=IN_PROGRESS
2026.09.30-11.50.43 PERF window t=65.4-70.4 frames=151 fps=30.00 frameMs avg=33.33 p50=33.33 p95=33.33 p99=33.34 max=33.34 hitches50=0 gpuMs avg=1.91 p50=1.88 p95=2.10 gameMs avg=1.57 p95=1.97 renderMs avg=4.01 p95=5.29
2026.09.30-11.50.45 game -> room=cmuo1lx4e01alwiwwrvl5b4on code=<redacted> status=IN_PROGRESS
2026.09.30-11.50.48 game -> room=cmuo1lx4e01alwiwwrvl5b4on code=<redacted> status=IN_PROGRESS
2026.09.30-11.50.48 PERF window t=70.4-75.4 frames=151 fps=30.00 frameMs avg=33.33 p50=33.33 p95=33.33 p99=33.34 max=33.34 hitches50=0 gpuMs avg=1.91 p50=1.89 p95=2.09 gameMs avg=1.51 p95=1.85 renderMs avg=3.70 p95=4.85
2026.09.30-11.50.51 game -> room=cmuo1lx4e01alwiwwrvl5b4on code=<redacted> status=IN_PROGRESS
2026.09.30-11.50.53 PERF window t=75.4-80.5 frames=150 fps=29.81 frameMs avg=33.55 p50=33.35 p95=34.17 p99=35.53 max=42.56 hitches50=0 gpuMs avg=1.96 p50=1.94 p95=2.15 gameMs avg=2.85 p95=4.46 renderMs avg=7.09 p95=9.35
2026.09.30-11.50.54 game -> room=cmuo1lx4e01alwiwwrvl5b4on code=<redacted> status=IN_PROGRESS
2026.09.30-11.50.57 game -> room=cmuo1lx4e01alwiwwrvl5b4on code=<redacted> status=IN_PROGRESS
2026.09.30-11.50.58 PERF window t=80.5-85.5 frames=149 fps=29.64 frameMs avg=33.74 p50=33.38 p95=34.26 p99=36.88 max=67.76 hitches50=1 gpuMs avg=1.94 p50=1.94 p95=2.06 gameMs avg=2.97 p95=4.12 renderMs avg=6.89 p95=8.00
2026.09.30-11.51.00 game -> room=cmuo1lx4e01alwiwwrvl5b4on code=<redacted> status=IN_PROGRESS
2026.09.30-11.51.03 PERF window t=85.5-90.5 frames=150 fps=29.86 frameMs avg=33.49 p50=33.38 p95=34.03 p99=34.53 max=34.56 hitches50=0 gpuMs avg=1.94 p50=1.94 p95=2.09 gameMs avg=3.54 p95=8.63 renderMs avg=7.86 p95=13.66
2026.09.30-11.51.03 game -> room=cmuo1lx4e01alwiwwrvl5b4on code=<redacted> status=IN_PROGRESS
2026.09.30-11.51.06 game -> room=cmuo1lx4e01alwiwwrvl5b4on code=<redacted> status=IN_PROGRESS
2026.09.30-11.51.08 PERF window t=90.5-95.5 frames=150 fps=29.90 frameMs avg=33.45 p50=33.36 p95=33.78 p99=34.98 max=35.47 hitches50=0 gpuMs avg=1.95 p50=1.93 p95=2.14 gameMs avg=4.49 p95=12.10 renderMs avg=7.80 p95=13.30
2026.09.30-11.51.09 game -> room=cmuo1lx4e01alwiwwrvl5b4on code=<redacted> status=IN_PROGRESS
2026.09.30-11.51.12 game -> room=cmuo1lx4e01alwiwwrvl5b4on code=<redacted> status=IN_PROGRESS
2026.09.30-11.51.13 PERF window t=95.5-100.6 frames=150 fps=29.87 frameMs avg=33.48 p50=33.36 p95=33.94 p99=34.64 max=35.28 hitches50=0 gpuMs avg=1.99 p50=1.97 p95=2.19 gameMs avg=3.52 p95=6.79 renderMs avg=7.85 p95=15.21
2026.09.30-11.51.15 game -> room=cmuo1lx4e01alwiwwrvl5b4on code=<redacted> status=IN_PROGRESS
2026.09.30-11.51.18 game -> room=cmuo1lx4e01alwiwwrvl5b4on code=<redacted> status=IN_PROGRESS
2026.09.30-11.51.18 PERF window t=100.6-105.6 frames=150 fps=29.84 frameMs avg=33.51 p50=33.35 p95=34.31 p99=35.11 max=35.70 hitches50=0 gpuMs avg=1.93 p50=1.91 p95=2.09 gameMs avg=2.81 p95=3.75 renderMs avg=6.80 p95=7.44
2026.09.30-11.51.21 game -> room=cmuo1lx4e01alwiwwrvl5b4on code=<redacted> status=IN_PROGRESS
2026.09.30-11.51.23 PERF window t=105.6-110.6 frames=150 fps=29.97 frameMs avg=33.36 p50=33.33 p95=33.47 p99=33.68 max=34.00 hitches50=0 gpuMs avg=1.94 p50=1.93 p95=2.07 gameMs avg=2.51 p95=3.23 renderMs avg=6.20 p95=7.16
2026.09.30-11.51.24 game -> room=cmuo1lx4e01alwiwwrvl5b4on code=<redacted> status=IN_PROGRESS
2026.09.30-11.51.27 game -> room=cmuo1lx4e01alwiwwrvl5b4on code=<redacted> status=IN_PROGRESS
2026.09.30-11.51.28 PERF window t=110.6-115.6 frames=150 fps=29.82 frameMs avg=33.54 p50=33.33 p95=33.41 p99=33.64 max=62.65 hitches50=1 gpuMs avg=1.93 p50=1.91 p95=2.12 gameMs avg=1.95 p95=2.55 renderMs avg=4.43 p95=5.81
2026.09.30-11.51.30 game -> room=cmuo1lx4e01alwiwwrvl5b4on code=<redacted> status=IN_PROGRESS
2026.09.30-11.51.33 game -> room=cmuo1lx4e01alwiwwrvl5b4on code=<redacted> status=IN_PROGRESS
2026.09.30-11.51.33 PERF window t=115.6-120.7 frames=151 fps=30.00 frameMs avg=33.33 p50=33.33 p95=33.33 p99=33.35 max=33.36 hitches50=0 gpuMs avg=1.95 p50=1.92 p95=2.13 gameMs avg=1.55 p95=1.81 renderMs avg=3.34 p95=4.19
2026.09.30-11.51.36 game -> room=cmuo1lx4e01alwiwwrvl5b4on code=<redacted> status=IN_PROGRESS
2026.09.30-11.51.38 PERF window t=120.7-125.7 frames=150 fps=30.00 frameMs avg=33.33 p50=33.33 p95=33.33 p99=33.38 max=33.39 hitches50=0 gpuMs avg=1.94 p50=1.90 p95=2.15 gameMs avg=1.54 p95=1.93 renderMs avg=3.36 p95=4.29
2026.09.30-11.51.39 game -> room=cmuo1lx4e01alwiwwrvl5b4on code=<redacted> status=IN_PROGRESS
2026.09.30-11.51.42 game -> room=cmuo1lx4e01alwiwwrvl5b4on code=<redacted> status=IN_PROGRESS
2026.09.30-11.51.43 PERF window t=125.7-130.7 frames=150 fps=30.00 frameMs avg=33.33 p50=33.33 p95=33.33 p99=33.37 max=33.40 hitches50=0 gpuMs avg=1.91 p50=1.88 p95=2.09 gameMs avg=1.47 p95=1.65 renderMs avg=3.09 p95=3.41
2026.09.30-11.51.45 game -> room=cmuo1lx4e01alwiwwrvl5b4on code=<redacted> status=IN_PROGRESS
2026.09.30-11.51.48 game -> room=cmuo1lx4e01alwiwwrvl5b4on code=<redacted> status=IN_PROGRESS
2026.09.30-11.51.48 PERF window t=130.7-135.7 frames=150 fps=30.00 frameMs avg=33.33 p50=33.33 p95=33.33 p99=33.42 max=33.43 hitches50=0 gpuMs avg=1.93 p50=1.88 p95=2.12 gameMs avg=1.50 p95=1.69 renderMs avg=3.22 p95=3.96
2026.09.30-11.51.51 game -> room=cmuo1lx4e01alwiwwrvl5b4on code=<redacted> status=IN_PROGRESS
2026.09.30-11.51.53 PERF window t=135.7-140.7 frames=150 fps=30.00 frameMs avg=33.33 p50=33.33 p95=33.33 p99=33.34 max=33.34 hitches50=0 gpuMs avg=1.89 p50=1.86 p95=2.08 gameMs avg=1.46 p95=1.63 renderMs avg=3.19 p95=3.82
2026.09.30-11.51.54 game -> room=cmuo1lx4e01alwiwwrvl5b4on code=<redacted> status=IN_PROGRESS
2026.09.30-11.51.57 game -> room=cmuo1lx4e01alwiwwrvl5b4on code=<redacted> status=IN_PROGRESS
2026.09.30-11.51.58 PERF window t=140.7-145.7 frames=150 fps=30.00 frameMs avg=33.33 p50=33.33 p95=33.33 p99=33.34 max=33.34 hitches50=0 gpuMs avg=1.90 p50=1.86 p95=2.09 gameMs avg=1.52 p95=1.80 renderMs avg=3.37 p95=4.53
2026.09.30-11.52.00 game -> room=cmuo1lx4e01alwiwwrvl5b4on code=<redacted> status=IN_PROGRESS
2026.09.30-11.52.03 game -> room=cmuo1lx4e01alwiwwrvl5b4on code=<redacted> status=IN_PROGRESS
2026.09.30-11.52.03 PERF window t=145.7-150.7 frames=150 fps=30.00 frameMs avg=33.33 p50=33.33 p95=33.33 p99=33.36 max=33.36 hitches50=0 gpuMs avg=1.92 p50=1.89 p95=2.11 gameMs avg=1.60 p95=1.95 renderMs avg=3.68 p95=5.13
2026.09.30-11.52.06 game -> room=cmuo1lx4e01alwiwwrvl5b4on code=<redacted> status=IN_PROGRESS
2026.09.30-11.52.08 PERF window t=150.7-155.7 frames=150 fps=30.00 frameMs avg=33.33 p50=33.33 p95=33.33 p99=33.33 max=33.34 hitches50=0 gpuMs avg=1.90 p50=1.87 p95=2.08 gameMs avg=1.46 p95=1.63 renderMs avg=3.42 p95=4.22
2026.09.30-11.52.09 game -> room=cmuo1lx4e01alwiwwrvl5b4on code=<redacted> status=IN_PROGRESS
2026.09.30-11.52.12 game -> room=cmuo1lx4e01alwiwwrvl5b4on code=<redacted> status=IN_PROGRESS
2026.09.30-11.52.13 PERF window t=155.7-160.7 frames=150 fps=30.00 frameMs avg=33.33 p50=33.33 p95=33.33 p99=33.34 max=33.35 hitches50=0 gpuMs avg=1.86 p50=1.85 p95=1.97 gameMs avg=1.46 p95=1.65 renderMs avg=3.23 p95=3.61
2026.09.30-11.52.15 game -> room=cmuo1lx4e01alwiwwrvl5b4on code=<redacted> status=IN_PROGRESS
2026.09.30-11.52.18 game -> room=cmuo1lx4e01alwiwwrvl5b4on code=<redacted> status=IN_PROGRESS
2026.09.30-11.52.18 PERF window t=160.7-165.7 frames=150 fps=30.00 frameMs avg=33.33 p50=33.33 p95=33.33 p99=33.33 max=33.33 hitches50=0 gpuMs avg=1.90 p50=1.87 p95=2.11 gameMs avg=1.53 p95=1.90 renderMs avg=3.51 p95=4.46
2026.09.30-11.52.21 game -> room=cmuo1lx4e01alwiwwrvl5b4on code=<redacted> status=IN_PROGRESS
2026.09.30-11.52.23 PERF window t=165.7-170.7 frames=150 fps=30.00 frameMs avg=33.33 p50=33.33 p95=33.33 p99=33.33 max=33.33 hitches50=0 gpuMs avg=1.85 p50=1.85 p95=1.94 gameMs avg=1.42 p95=1.51 renderMs avg=3.25 p95=3.73
2026.09.30-11.52.24 game -> room=cmuo1lx4e01alwiwwrvl5b4on code=<redacted> status=IN_PROGRESS
2026.09.30-11.52.27 game -> room=cmuo1lx4e01alwiwwrvl5b4on code=<redacted> status=IN_PROGRESS
2026.09.30-11.52.28 PERF window t=170.7-175.7 frames=150 fps=30.00 frameMs avg=33.33 p50=33.33 p95=33.33 p99=33.33 max=33.36 hitches50=0 gpuMs avg=1.88 p50=1.86 p95=1.99 gameMs avg=1.52 p95=1.84 renderMs avg=3.52 p95=4.15
2026.09.30-11.52.30 game -> room=cmuo1lx4e01alwiwwrvl5b4on code=<redacted> status=IN_PROGRESS
2026.09.30-11.52.33 game -> room=cmuo1lx4e01alwiwwrvl5b4on code=<redacted> status=IN_PROGRESS
2026.09.30-11.52.33 PERF window t=175.7-180.7 frames=150 fps=30.00 frameMs avg=33.33 p50=33.33 p95=33.33 p99=33.33 max=33.34 hitches50=0 gpuMs avg=1.90 p50=1.89 p95=2.07 gameMs avg=1.59 p95=1.88 renderMs avg=3.64 p95=4.48
2026.09.30-11.52.36 game -> room=cmuo1lx4e01alwiwwrvl5b4on code=<redacted> status=IN_PROGRESS
2026.09.30-11.52.38 PERF window t=180.7-185.7 frames=150 fps=30.00 frameMs avg=33.33 p50=33.33 p95=33.33 p99=33.33 max=33.34 hitches50=0 gpuMs avg=1.94 p50=1.90 p95=2.14 gameMs avg=1.65 p95=2.01 renderMs avg=3.90 p95=4.97
2026.09.30-11.52.39 game -> room=cmuo1lx4e01alwiwwrvl5b4on code=<redacted> status=IN_PROGRESS
2026.09.30-11.52.42 game -> room=cmuo1lx4e01alwiwwrvl5b4on code=<redacted> status=IN_PROGRESS
2026.09.30-11.52.43 PERF window t=185.7-190.7 frames=150 fps=30.00 frameMs avg=33.33 p50=33.33 p95=33.33 p99=33.35 max=33.36 hitches50=0 gpuMs avg=1.86 p50=1.86 p95=1.97 gameMs avg=1.56 p95=1.81 renderMs avg=3.43 p95=4.18
2026.09.30-11.52.45 game -> room=cmuo1lx4e01alwiwwrvl5b4on code=<redacted> status=IN_PROGRESS
2026.09.30-11.52.48 game -> room=cmuo1lx4e01alwiwwrvl5b4on code=<redacted> status=IN_PROGRESS
2026.09.30-11.52.48 PERF window t=190.7-195.7 frames=150 fps=30.00 frameMs avg=33.33 p50=33.33 p95=33.33 p99=33.34 max=33.34 hitches50=0 gpuMs avg=1.88 p50=1.88 p95=2.00 gameMs avg=1.58 p95=1.84 renderMs avg=3.53 p95=4.25
2026.09.30-11.52.51 game -> room=cmuo1lx4e01alwiwwrvl5b4on code=<redacted> status=IN_PROGRESS
2026.09.30-11.52.53 PERF window t=195.7-200.7 frames=150 fps=30.00 frameMs avg=33.33 p50=33.33 p95=33.33 p99=33.33 max=33.35 hitches50=0 gpuMs avg=1.90 p50=1.88 p95=2.03 gameMs avg=1.52 p95=1.80 renderMs avg=3.57 p95=4.39
2026.09.30-11.52.54 game -> room=cmuo1lx4e01alwiwwrvl5b4on code=<redacted> status=IN_PROGRESS
2026.09.30-11.52.57 game -> room=cmuo1lx4e01alwiwwrvl5b4on code=<redacted> status=IN_PROGRESS
2026.09.30-11.52.58 PERF window t=200.7-205.7 frames=150 fps=30.00 frameMs avg=33.33 p50=33.33 p95=33.33 p99=33.34 max=33.34 hitches50=0 gpuMs avg=1.90 p50=1.89 p95=2.01 gameMs avg=1.57 p95=1.77 renderMs avg=3.66 p95=4.53
2026.09.30-11.53.00 game -> room=cmuo1lx4e01alwiwwrvl5b4on code=<redacted> status=IN_PROGRESS
2026.09.30-11.53.03 game -> room=cmuo1lx4e01alwiwwrvl5b4on code=<redacted> status=IN_PROGRESS
2026.09.30-11.53.03 PERF window t=205.7-210.7 frames=150 fps=30.00 frameMs avg=33.33 p50=33.33 p95=33.33 p99=33.34 max=33.35 hitches50=0 gpuMs avg=1.88 p50=1.87 p95=2.02 gameMs avg=1.54 p95=1.90 renderMs avg=3.52 p95=4.74
2026.09.30-11.53.06 game -> room=cmuo1lx4e01alwiwwrvl5b4on code=<redacted> status=IN_PROGRESS
2026.09.30-11.53.08 PERF window t=210.7-215.7 frames=150 fps=30.00 frameMs avg=33.33 p50=33.33 p95=33.33 p99=33.34 max=33.34 hitches50=0 gpuMs avg=1.88 p50=1.87 p95=2.01 gameMs avg=1.51 p95=1.83 renderMs avg=3.51 p95=4.75
2026.09.30-11.53.09 game -> room=cmuo1lx4e01alwiwwrvl5b4on code=<redacted> status=IN_PROGRESS
2026.09.30-11.53.12 game -> room=cmuo1lx4e01alwiwwrvl5b4on code=<redacted> status=IN_PROGRESS
2026.09.30-11.53.13 PERF window t=215.7-220.7 frames=150 fps=30.00 frameMs avg=33.33 p50=33.33 p95=33.33 p99=33.35 max=33.35 hitches50=0 gpuMs avg=1.90 p50=1.90 p95=2.00 gameMs avg=1.58 p95=2.01 renderMs avg=3.74 p95=4.86
2026.09.30-11.53.15 game -> room=cmuo1lx4e01alwiwwrvl5b4on code=<redacted> status=IN_PROGRESS
2026.09.30-11.53.18 game -> room=cmuo1lx4e01alwiwwrvl5b4on code=<redacted> status=IN_PROGRESS
2026.09.30-11.53.18 PERF window t=220.7-225.7 frames=150 fps=30.00 frameMs avg=33.33 p50=33.33 p95=33.33 p99=33.33 max=33.35 hitches50=0 gpuMs avg=1.87 p50=1.87 p95=1.97 gameMs avg=1.49 p95=1.69 renderMs avg=3.32 p95=4.15
2026.09.30-11.53.21 game -> room=cmuo1lx4e01alwiwwrvl5b4on code=<redacted> status=IN_PROGRESS
2026.09.30-11.53.23 PERF window t=225.7-230.7 frames=150 fps=30.00 frameMs avg=33.33 p50=33.33 p95=33.33 p99=33.34 max=33.34 hitches50=0 gpuMs avg=1.86 p50=1.85 p95=1.96 gameMs avg=1.47 p95=1.73 renderMs avg=3.31 p95=4.35
2026.09.30-11.53.24 game -> room=cmuo1lx4e01alwiwwrvl5b4on code=<redacted> status=IN_PROGRESS
2026.09.30-11.53.27 game -> room=cmuo1lx4e01alwiwwrvl5b4on code=<redacted> status=IN_PROGRESS
2026.09.30-11.53.28 PERF window t=230.7-235.7 frames=150 fps=30.00 frameMs avg=33.33 p50=33.33 p95=33.33 p99=33.34 max=33.34 hitches50=0 gpuMs avg=1.87 p50=1.86 p95=1.97 gameMs avg=1.50 p95=1.72 renderMs avg=3.33 p95=4.22
2026.09.30-11.53.30 game -> room=cmuo1lx4e01alwiwwrvl5b4on code=<redacted> status=IN_PROGRESS
2026.09.30-11.53.33 game -> room=cmuo1lx4e01alwiwwrvl5b4on code=<redacted> status=IN_PROGRESS
2026.09.30-11.53.33 PERF window t=235.7-240.7 frames=150 fps=30.00 frameMs avg=33.33 p50=33.33 p95=33.33 p99=33.33 max=33.34 hitches50=0 gpuMs avg=1.86 p50=1.85 p95=1.97 gameMs avg=1.48 p95=1.69 renderMs avg=3.18 p95=3.93
2026.09.30-11.53.36 game -> room=cmuo1lx4e01alwiwwrvl5b4on code=<redacted> status=IN_PROGRESS
2026.09.30-11.53.37 SHOT ctx viewport=1920x1080 viewTarget=CameraActor_2147482348 cam=(0,1107,1582) rot=(-55,-90,0)
2026.09.30-11.53.37 RENDER tag=SHOT rhi=D3D12 featureLevel=SM6 shaderPlatform=PCD3D_SM6 lumenPlatform=1 gi=lumen giMethod=1 refl=lumen reflMethod=1 shadows=csm vsmEnable=0 sg.res=100 sg.view=2 sg.aa=2 sg.shadow=2 sg.gi=2 sg.refl=2 sg.pp=2 sg.tex=2 sg.fx=2 sg.foliage=2 sg.shading=2 sg.landscape=2 preset=High screenPct=100.0 screenPctMode=0 aa=TSR aaMethod=4 exposure=fixed-histogram expMin=4.14106 expMax=4.14106 expBias=0.000 ev100=2.05 lightUnits=candelas sky=1 skyIntensity=11.200 keyShadow=csm-3000uu-2c-contact0.000 shadowCasters=1 profile=cobble-probe profilesSha256=1ecc1e9281845655acf8b31f1dcf52a7510abfc8ba8505525ad72ee8f4ce3c4c profilesSource=pak legacyRender=0 gameLayer=unlit-eyeadaptinv tMaxFPS=30.0 vsync=0 frameRateLimit=60.0 substrate=0 nanite=1 meshDF=1 viewport=1920x1080 reference=1
2026.09.30-11.53.37 SHOT fighter f-0-hero pos=(2,2) world=(0,-50,0) screen=(960,476) projected=1 alive=1
2026.09.30-11.53.37 SHOT fighter f-0-sk0 pos=(3,2) world=(100,-50,0) screen=(1115,476) projected=1 alive=1
2026.09.30-11.53.37 SHOT fighter f-0-sk1 pos=(2,1) world=(0,-150,0) screen=(960,355) projected=1 alive=1
2026.09.30-11.53.37 SHOT fighter f-0-sk2 pos=(1,2) world=(-100,-50,0) screen=(805,476) projected=1 alive=1
2026.09.30-11.53.37 SHOT fighter f-1-hero pos=(2,3) world=(0,50,0) screen=(960,606) projected=1 alive=1
2026.09.30-11.53.37 SHOT fighter f-1-sk0 pos=(3,3) world=(100,50,0) screen=(1120,606) projected=1 alive=1
2026.09.30-11.53.37 SHOT camera dist=1930.8 target=1930.8 overview=1930.8 errPct=0.000 focusErr=0.00 settled=1 zoom=1.00
2026.09.30-11.53.37 SHOT head fighter=f-0-hero socket=Head mesh=SK_Medusa_H2LD world=(0.6,-48.8,47.0) screen=(961.0,433.8) top=(961.0,428.0) bottom=(961.0,439.5) headPx=11.5 projected=1
2026.09.30-11.53.37 SHOT head fighter=f-0-sk0 socket=Head mesh=SK_Harpy_H3LD world=(99.4,-45.0,34.2) screen=(1117.0,450.8) top=(1117.4,445.1) bottom=(1116.6,456.4) headPx=11.3 projected=1
2026.09.30-11.53.37 SHOT head fighter=f-0-sk1 socket=Head mesh=SK_Harpy_H3LD world=(-0.7,-144.7,34.0) screen=(959.0,328.4) top=(959.0,322.6) bottom=(959.0,334.2) headPx=11.6 projected=1
2026.09.30-11.53.37 SHOT head fighter=f-0-sk2 socket=Head mesh=SK_Harpy_H3LD world=(-100.1,-44.6,34.0) screen=(802.0,451.5) top=(801.6,445.8) bottom=(802.4,457.2) headPx=11.3 projected=1
2026.09.30-11.53.37 SHOT head fighter=f-1-hero socket=Head mesh=SK_KingArthur_H2LD world=(0.5,49.3,50.1) screen=(960.9,559.1) top=(960.9,553.5) bottom=(960.9,564.7) headPx=11.2 projected=1
2026.09.30-11.53.37 SHOT head fighter=f-1-sk0 socket=Head mesh=SK_Merlin_H2LD world=(100.0,46.6,36.4) screen=(1122.4,568.2) top=(1122.9,562.6) bottom=(1122.0,573.7) headPx=11.1 projected=1
2026.09.30-11.53.37 SHOT figure fighter=f-0-hero bbox=(914,389,1006,512) ringR=28.50 art=1 blockout=0 team=P1 look=P1 ring=1
2026.09.30-11.53.37 SHOT figure fighter=f-0-sk0 bbox=(1080,409,1155,504) ringR=22.23 art=1 blockout=0 team=P1 look=P1 ring=1
2026.09.30-11.53.37 SHOT figure fighter=f-0-sk1 bbox=(926,288,994,381) ringR=22.23 art=1 blockout=0 team=P1 look=P1 ring=1
2026.09.30-11.53.37 SHOT figure fighter=f-0-sk2 bbox=(765,409,840,504) ringR=22.23 art=1 blockout=0 team=P1 look=P1 ring=1
2026.09.30-11.53.37 SHOT figure fighter=f-1-hero bbox=(913,513,1007,644) ringR=28.50 art=1 blockout=0 team=P2 look=P2 ring=1
2026.09.30-11.53.37 SHOT figure fighter=f-1-sk0 bbox=(1084,531,1161,635) ringR=22.23 art=1 blockout=0 team=P2 look=P2 ring=1
2026.09.30-11.53.37 SHOT request file=phase2-board-joiner-1920x1080.png frame=7341
2026.09.30-11.53.37 SHOT requested: FScreenshotRequest(bShowUI) -> C:\Users\ren\AppData\Local\Temp\s08-phase2-20260930-164925-20532\phase2-board-joiner-1920x1080.png
2026.09.30-11.53.38 SHOT captured file=phase2-board-joiner-1920x1080.png frame=7341 px=1920x1080 sha256=4572e78958dcaec756391ef2bd06753d46c2a839366716fe89269411d6e6825e order=BGRA saved=1
2026.09.30-11.53.38 SHOT late begin file=phase2-board-joiner-1920x1080.png frame=7341 requestFrame=7341
2026.09.30-11.53.38 SHOT iconstate visible=0 lastFighter=none frame=7341
2026.09.30-11.53.38 SHOT widget id=board.tag impl=umg state=compact fighter=f-0-hero bbox=(909,389,1011,411) geom=painted visible=1 twin=0 source=/Game/S08/UI/ArtHud/WBP_S08ArtTag mode=compact look=P1 shape=circle placement=inset ring=0 order=1 bound=1 softPx2=0 planned=(909,389,1011,411) frame=7341
2026.09.30-11.53.38 SHOT widget id=board.tag.hp impl=umg state=compact fighter=f-0-hero bbox=(965,391,1007,409) geom=painted visible=1 twin=0 source=/Game/S08/UI/ArtHud/WBP_S08ArtTag mode=compact look=P1 shape=circle placement=inset ring=0 order=1 bound=1 softPx2=0 planned=(909,389,1011,411) frame=7341 font=11
2026.09.30-11.53.38 SHOT widget id=board.tag.bar impl=umg state=compact fighter=f-0-hero bbox=(928,398,962,403) geom=painted visible=1 twin=0 source=/Game/S08/UI/ArtHud/WBP_S08ArtTag mode=compact look=P1 shape=circle placement=inset ring=0 order=1 bound=1 softPx2=0 planned=(909,389,1011,411) frame=7341
2026.09.30-11.53.38 SHOT widget id=board.tag.chip impl=umg state=compact fighter=f-0-hero bbox=(913,394,925,406) geom=painted visible=1 twin=0 source=/Game/S08/UI/ArtHud/WBP_S08ArtTag mode=compact look=P1 shape=circle placement=inset ring=0 order=1 bound=1 softPx2=0 planned=(909,389,1011,411) frame=7341
2026.09.30-11.53.38 SHOT widget id=board.tag impl=umg state=compact fighter=f-0-sk0 bbox=(1075,385,1159,407) geom=painted visible=1 twin=0 source=/Game/S08/UI/ArtHud/WBP_S08ArtTag mode=compact look=P1 shape=circle placement=above ring=0 order=3 bound=1 softPx2=0 planned=(1075,385,1159,407) frame=7341
2026.09.30-11.53.38 SHOT widget id=board.tag.hp impl=umg state=compact fighter=f-0-sk0 bbox=(1131,387,1155,405) geom=painted visible=1 twin=0 source=/Game/S08/UI/ArtHud/WBP_S08ArtTag mode=compact look=P1 shape=circle placement=above ring=0 order=3 bound=1 softPx2=0 planned=(1075,385,1159,407) frame=7341 font=11
2026.09.30-11.53.38 SHOT widget id=board.tag.bar impl=umg state=compact fighter=f-0-sk0 bbox=(1094,394,1128,399) geom=painted visible=1 twin=0 source=/Game/S08/UI/ArtHud/WBP_S08ArtTag mode=compact look=P1 shape=circle placement=above ring=0 order=3 bound=1 softPx2=0 planned=(1075,385,1159,407) frame=7341
2026.09.30-11.53.38 SHOT widget id=board.tag.chip impl=umg state=compact fighter=f-0-sk0 bbox=(1079,390,1091,402) geom=painted visible=1 twin=0 source=/Game/S08/UI/ArtHud/WBP_S08ArtTag mode=compact look=P1 shape=circle placement=above ring=0 order=3 bound=1 softPx2=0 planned=(1075,385,1159,407) frame=7341
2026.09.30-11.53.38 SHOT widget id=board.tag impl=umg state=compact fighter=f-0-sk1 bbox=(918,264,1002,286) geom=painted visible=1 twin=0 source=/Game/S08/UI/ArtHud/WBP_S08ArtTag mode=compact look=P1 shape=circle placement=above ring=0 order=0 bound=1 softPx2=0 planned=(918,264,1002,286) frame=7341
2026.09.30-11.53.38 SHOT widget id=board.tag.hp impl=umg state=compact fighter=f-0-sk1 bbox=(974,266,998,284) geom=painted visible=1 twin=0 source=/Game/S08/UI/ArtHud/WBP_S08ArtTag mode=compact look=P1 shape=circle placement=above ring=0 order=0 bound=1 softPx2=0 planned=(918,264,1002,286) frame=7341 font=11
2026.09.30-11.53.38 SHOT widget id=board.tag.bar impl=umg state=compact fighter=f-0-sk1 bbox=(937,273,971,278) geom=painted visible=1 twin=0 source=/Game/S08/UI/ArtHud/WBP_S08ArtTag mode=compact look=P1 shape=circle placement=above ring=0 order=0 bound=1 softPx2=0 planned=(918,264,1002,286) frame=7341
2026.09.30-11.53.38 SHOT widget id=board.tag.chip impl=umg state=compact fighter=f-0-sk1 bbox=(922,269,934,281) geom=painted visible=1 twin=0 source=/Game/S08/UI/ArtHud/WBP_S08ArtTag mode=compact look=P1 shape=circle placement=above ring=0 order=0 bound=1 softPx2=0 planned=(918,264,1002,286) frame=7341
2026.09.30-11.53.38 SHOT widget id=board.tag impl=umg state=compact fighter=f-0-sk2 bbox=(761,385,845,407) geom=painted visible=1 twin=0 source=/Game/S08/UI/ArtHud/WBP_S08ArtTag mode=compact look=P1 shape=circle placement=above ring=0 order=2 bound=1 softPx2=0 planned=(761,385,845,407) frame=7341
2026.09.30-11.53.38 SHOT widget id=board.tag.hp impl=umg state=compact fighter=f-0-sk2 bbox=(817,387,841,405) geom=painted visible=1 twin=0 source=/Game/S08/UI/ArtHud/WBP_S08ArtTag mode=compact look=P1 shape=circle placement=above ring=0 order=2 bound=1 softPx2=0 planned=(761,385,845,407) frame=7341 font=11
2026.09.30-11.53.38 SHOT widget id=board.tag.bar impl=umg state=compact fighter=f-0-sk2 bbox=(780,394,814,399) geom=painted visible=1 twin=0 source=/Game/S08/UI/ArtHud/WBP_S08ArtTag mode=compact look=P1 shape=circle placement=above ring=0 order=2 bound=1 softPx2=0 planned=(761,385,845,407) frame=7341
2026.09.30-11.53.38 SHOT widget id=board.tag.chip impl=umg state=compact fighter=f-0-sk2 bbox=(765,390,777,402) geom=painted visible=1 twin=0 source=/Game/S08/UI/ArtHud/WBP_S08ArtTag mode=compact look=P1 shape=circle placement=above ring=0 order=2 bound=1 softPx2=0 planned=(761,385,845,407) frame=7341
2026.09.30-11.53.38 SHOT widget id=board.tag impl=umg state=compact fighter=f-1-hero bbox=(909,646,1011,668) geom=painted visible=1 twin=0 source=/Game/S08/UI/ArtHud/WBP_S08ArtTag mode=compact look=P2 shape=hex placement=below ring=0 order=4 bound=1 softPx2=0 planned=(909,646,1011,668) frame=7341
2026.09.30-11.53.38 SHOT widget id=board.tag.hp impl=umg state=compact fighter=f-1-hero bbox=(965,648,1007,666) geom=painted visible=1 twin=0 source=/Game/S08/UI/ArtHud/WBP_S08ArtTag mode=compact look=P2 shape=hex placement=below ring=0 order=4 bound=1 softPx2=0 planned=(909,646,1011,668) frame=7341 font=11
2026.09.30-11.53.38 SHOT widget id=board.tag.bar impl=umg state=compact fighter=f-1-hero bbox=(928,655,962,660) geom=painted visible=1 twin=0 source=/Game/S08/UI/ArtHud/WBP_S08ArtTag mode=compact look=P2 shape=hex placement=below ring=0 order=4 bound=1 softPx2=0 planned=(909,646,1011,668) frame=7341
2026.09.30-11.53.38 SHOT widget id=board.tag.chip impl=umg state=compact fighter=f-1-hero bbox=(913,651,925,663) geom=painted visible=1 twin=0 source=/Game/S08/UI/ArtHud/WBP_S08ArtTag mode=compact look=P2 shape=hex placement=below ring=0 order=4 bound=1 softPx2=0 planned=(909,646,1011,668) frame=7341
2026.09.30-11.53.38 SHOT widget id=board.tag impl=umg state=compact fighter=f-1-sk0 bbox=(1080,507,1164,529) geom=painted visible=1 twin=0 source=/Game/S08/UI/ArtHud/WBP_S08ArtTag mode=compact look=P2 shape=hex placement=above ring=0 order=5 bound=1 softPx2=0 planned=(1080,507,1164,529) frame=7341
2026.09.30-11.53.38 SHOT widget id=board.tag.hp impl=umg state=compact fighter=f-1-sk0 bbox=(1136,509,1160,527) geom=painted visible=1 twin=0 source=/Game/S08/UI/ArtHud/WBP_S08ArtTag mode=compact look=P2 shape=hex placement=above ring=0 order=5 bound=1 softPx2=0 planned=(1080,507,1164,529) frame=7341 font=11
2026.09.30-11.53.38 SHOT widget id=board.tag.bar impl=umg state=compact fighter=f-1-sk0 bbox=(1099,516,1133,521) geom=painted visible=1 twin=0 source=/Game/S08/UI/ArtHud/WBP_S08ArtTag mode=compact look=P2 shape=hex placement=above ring=0 order=5 bound=1 softPx2=0 planned=(1080,507,1164,529) frame=7341
2026.09.30-11.53.38 SHOT widget id=board.tag.chip impl=umg state=compact fighter=f-1-sk0 bbox=(1084,512,1096,524) geom=painted visible=1 twin=0 source=/Game/S08/UI/ArtHud/WBP_S08ArtTag mode=compact look=P2 shape=hex placement=above ring=0 order=5 bound=1 softPx2=0 planned=(1080,507,1164,529) frame=7341
2026.09.30-11.53.38 SHOT panel id=hud.command bbox=(0,0,393,69) geom=painted visible=1 frame=7341
2026.09.30-11.53.38 SHOT panel id=hud.side bbox=(1431,0,1920,121) geom=painted visible=1 frame=7341
2026.09.30-11.53.38 SHOT panel id=hud.hand bbox=(384,985,1536,1080) geom=painted visible=1 frame=7341
2026.09.30-11.53.38 SHOT late end file=phase2-board-joiner-1920x1080.png frame=7341
2026.09.30-11.53.38 PERF window t=240.7-245.7 frames=146 fps=29.11 frameMs avg=34.36 p50=33.33 p95=33.33 p99=33.33 max=182.73 hitches50=1 gpuMs avg=1.88 p50=1.86 p95=1.99 gameMs avg=2.60 p95=1.91 renderMs avg=3.40 p95=4.32
2026.09.30-11.53.39 game -> room=cmuo1lx4e01alwiwwrvl5b4on code=<redacted> status=IN_PROGRESS
2026.09.30-11.53.42 game -> room=cmuo1lx4e01alwiwwrvl5b4on code=<redacted> status=IN_PROGRESS
2026.09.30-11.53.43 PERF window t=245.7-250.7 frames=150 fps=30.00 frameMs avg=33.33 p50=33.33 p95=33.33 p99=33.37 max=33.38 hitches50=0 gpuMs avg=1.85 p50=1.84 p95=1.94 gameMs avg=1.54 p95=1.89 renderMs avg=3.25 p95=4.44
2026.09.30-11.53.45 game -> room=cmuo1lx4e01alwiwwrvl5b4on code=<redacted> status=IN_PROGRESS
2026.09.30-11.53.48 game -> room=cmuo1lx4e01alwiwwrvl5b4on code=<redacted> status=IN_PROGRESS
2026.09.30-11.53.48 PERF window t=250.7-255.7 frames=150 fps=30.00 frameMs avg=33.33 p50=33.33 p95=33.33 p99=33.38 max=33.45 hitches50=0 gpuMs avg=1.89 p50=1.87 p95=2.02 gameMs avg=1.68 p95=2.04 renderMs avg=3.72 p95=4.86
2026.09.30-11.53.51 game -> room=cmuo1lx4e01alwiwwrvl5b4on code=<redacted> status=IN_PROGRESS
2026.09.30-11.53.53 PERF window t=255.7-260.7 frames=151 fps=30.00 frameMs avg=33.33 p50=33.33 p95=33.33 p99=33.35 max=33.35 hitches50=0 gpuMs avg=2.17 p50=1.93 p95=2.54 gameMs avg=1.53 p95=1.80 renderMs avg=3.44 p95=4.29
2026.09.30-11.53.54 game -> room=cmuo1lx4e01alwiwwrvl5b4on code=<redacted> status=IN_PROGRESS
2026.09.30-11.53.55 PERF summary scope=afterWarmup warmup=5 elapsed=262.0 frames=7698 fps=29.95 frameMs avg=33.39 p50=33.33 p95=33.40 p99=33.90 max=182.73 hitches50=4 gpuMs avg=1.89 p50=1.88 p95=2.10 gameMs avg=1.78 p95=3.00 renderMs avg=3.97 p95=6.88
2026.09.30-11.53.55 PERF summary scope=started elapsed=262.0 frames=7396 fps=29.95 frameMs avg=33.39 p50=33.33 p95=33.41 p99=33.92 max=182.73 hitches50=4 gpuMs avg=1.91 p50=1.88 p95=2.11 gameMs avg=1.79 p95=3.02 renderMs avg=4.03 p95=6.90
2026.09.30-11.53.55 PERF summary scope=artHud impl=umg elapsed=262.0 frames=0 fps=0.00 frameMs avg=0.00 p50=0.00 p95=0.00 p99=0.00 max=0.00 hitches50=0 gpuMs avg=0.00 p50=0.00 p95=0.00 gameMs avg=0.00 p95=0.00 renderMs avg=0.00 p95=0.00
2026.09.30-11.53.55 --- S08 trace close ---
