2026.10.01-08.44.32 --- S08 trace open 2026.10.01-08.44.32 ---
2026.10.01-08.44.32 HUD team chips ready=1 mode=absolute tagNames=rule
2026.10.01-08.44.32 HUD icon texture size=32 ready=1 path=/Game/ArtTests/ARTMarkers/Textures/T_UI_Action_AttackToken_32 texture=32x32 probe=0 plate=1
2026.10.01-08.44.32 HUD art widget tag impl=umg source=/Game/S08/UI/ArtHud/WBP_S08ArtTag class=/Game/S08/UI/ArtHud/WBP_S08ArtTag.WBP_S08ArtTag_C count=8 missing=- codeDefaultTree=0
2026.10.01-08.44.32 HUD art widget plate impl=umg source=/Game/S08/UI/ArtHud/WBP_S08ArtPlate class=/Game/S08/UI/ArtHud/WBP_S08ArtPlate.WBP_S08ArtPlate_C parts=1 missing=- codeDefaultTree=0
2026.10.01-08.44.32 HUD art widget icon impl=umg source=/Game/S08/UI/ArtHud/WBP_S08ArtIcon class=/Game/S08/UI/ArtHud/WBP_S08ArtIcon.WBP_S08ArtIcon_C parts=1 missing=- codeDefaultTree=0
2026.10.01-08.44.32 HUD art widget damage impl=umg source=/Game/S08/UI/ArtHud/WBP_S08ArtDamage class=/Game/S08/UI/ArtHud/WBP_S08ArtDamage.WBP_S08ArtDamage_C parts=1 missing=- codeDefaultTree=0
2026.10.01-08.44.32 RENDER preset applied=High flag=S08RenderPreset
2026.10.01-08.44.32 BENCH start (W4-A backend-less render bench)
2026.10.01-08.44.33 ARTPREVIEW diorama requested mesh=/Game/PipelineCandidates/TableBase/20260928-table-base-tripo-h31/Meshes/SM_TableBase.SM_TableBase mi=MI_TableBase_Candidate
2026.10.01-08.44.33 ARTPREVIEW envlayout enabled dir=Config/ArtBoards/EnvLayouts source=pak files=2 names=marmoreal.layout.json+sarpedon.layout.json
2026.10.01-08.44.33 ARTPREVIEW board profiles loaded=1 revision=13 boards=5 zoneStyles=11 lightProfiles=5 errors=0 path=Config/ArtBoards/S08ArtBoardProfiles.json
2026.10.01-08.44.33 ARTPREVIEW board profiles source=pak sha256=cc4f50f9078ac1157207e70661de189aafc515e9ba5401e198aa37f4b2d2cc31
2026.10.01-08.44.33 ARTPREVIEW zone content instances=12/12 glyphMeshes=11/11
2026.10.01-08.44.33 ARTPREVIEW zone keyline content mi=MI_ART005_Zone_Keyline glyphKeyMeshes=11/11 color=#111317
2026.10.01-08.44.33 ARTPREVIEW game layer material=M_S08_GameLayerUnlit unlitEyeAdaptInv=1 legacyRender=0
2026.10.01-08.44.33 ARTPREVIEW Cobble assets ready
2026.10.01-08.44.33 ARTPREVIEW board assets ready cobbleMesh=1 tiles=1 zoneMaterials=2
2026.10.01-08.44.33 ARTPREVIEW medusa candidate variant=face-neck-v2 mesh=SK_Medusa_FaceNeck_v2Candidate requested=(default)
2026.10.01-08.44.33 ARTPREVIEW map-image assets map=Sarpedon mi=MI_Sarpedon_MapBoard material=M_MapBoard bc=T_Sarpedon_Map_BC_4K mask=T_Sarpedon_Map_GameMask_4K boundBc=1 boundMask=1 sdf=1 id=1
2026.10.01-08.44.33 ARTPREVIEW board profile=sarpedon-original match=boardId board=9x6 boardId=c7fa64a26c29a0835f2383e63 surface=map-image light=sarpedon-night artFixture=0 map=Sarpedon
2026.10.01-08.44.33 ARTPREVIEW light profile=sarpedon-night name=key role=key kind=directional at=(-350,-150,600) intensity=3.5 units=lux radius=0 color=(0.60,0.71,0.97) shadow=1
2026.10.01-08.44.33 ARTPREVIEW light profile=sarpedon-night name=moon-pool role=cool kind=point at=(0,0,750) intensity=260 units=candelas radius=1250 color=(0.82,0.88,1.00) shadow=0
2026.10.01-08.44.33 ARTPREVIEW sky profile=sarpedon-night cubemap=/Game/S08/Render/TC_S08_AmbientDome loaded=1 spawned=1 intensity=3 color=(0.58,0.70,1.00) lowerBlack=0
2026.10.01-08.44.33 ARTPREVIEW fog profile=sarpedon-night spawned=1 color=(0.2000,0.2550,0.4600) density=0.32 falloff=0.2 heightZ=-400 start=2900 end=6000 maxOpacity=1.00 volumetric=0
2026.10.01-08.44.33 ARTPREVIEW exposure profile=sarpedon-night method=histogram-fixed min=4.14106 max=4.14106 bias=0.000 ev100=2.05 volume=1
2026.10.01-08.44.33 ARTPREVIEW lights applied profile=sarpedon-night directional=1 shadow=1 points=1 pointShadows=0 budgetOk=1
2026.10.01-08.44.33 ARTPREVIEW render profile=sarpedon-night units=candelas sky=1 exposure=1 keyShadow=csm-3600uu-2c-contact0.000 shadowCasters=1 legacyRender=0
2026.10.01-08.44.33 ARTPREVIEW map grade profile=sarpedon-night source=profile nightEV=-0.35 nightSaturation=0.75 lift=1.70 nightTint=(0.9700,1.0000,1.0500) maskSaturation=1.05 liftSaturation=1.10 maskInverseTint=(1.0500,0.9960,0.8910) graph=v2 maskTerms=1
2026.10.01-08.44.33 ARTPREVIEW map frame wood=frame-wood material=M_MapFrameWood valueScaleSrgb=0.70 valueScaleLinear=0.4563 saturation=0.75
2026.10.01-08.44.33 ARTPREVIEW map frame kit=frame-002 parts=20 corner=4 a=4 b=8 mid=4 segments=5x3 stretch=1.000000x1.000000 exactFit=1 woodSlots=20/20 ironSlots=8 wood=MID_M_MapFrameWood_0 iron=MI_MapFrame002_Iron ironProudUU=2.0 replaces=bars+corners
2026.10.01-08.44.33 ARTPREVIEW board active profile=sarpedon-original 9x6 surface=map-image map=Sarpedon spaces=38 links=61 starts=4 zoneKeys=6 multizone=4 triple=2 obstacles=16 size=891.3x577.3 src=1337x866 uuPerPx=0.6666667 frameUU=24 surfaceParts=0 corners=0 zoneMarks=0 lattice=0 pick=445.7x288.7 mi=MI_Sarpedon_MapBoard wood=1 expectOk=1
2026.10.01-08.44.33 ARTPREVIEW board map zone key=blue spaces=6 (painted, no zone marks)
2026.10.01-08.44.33 ARTPREVIEW board map zone key=brown spaces=5 (painted, no zone marks)
2026.10.01-08.44.33 ARTPREVIEW board map zone key=green spaces=8 (painted, no zone marks)
2026.10.01-08.44.33 ARTPREVIEW board map zone key=purple spaces=11 (painted, no zone marks)
2026.10.01-08.44.33 ARTPREVIEW board map zone key=red spaces=6 (painted, no zone marks)
2026.10.01-08.44.33 ARTPREVIEW board map zone key=yellow spaces=8 (painted, no zone marks)
2026.10.01-08.44.33 ARTPREVIEW envlayout prop id=fort-nw mesh=SM_Env_FortRuin loc=(-575.0,-418.0,-3.0) yaw=82.0 scale=1.000 shadow=1 size=169.4x73.3x110.0 bounds=(-659.7,-454.7,-3.0)..(-490.3,-381.3,107.0) overMap=0 onTray=1
2026.10.01-08.44.33 ARTPREVIEW envlayout prop id=campfire-nw mesh=SM_Env_Campfire loc=(-548.0,-352.0,-3.0) yaw=90.0 scale=1.200 shadow=1 size=47.8x48.0x20.2 bounds=(-571.9,-376.0,-3.0)..(-524.1,-328.0,17.2) overMap=0 onTray=1
2026.10.01-08.44.33 ARTPREVIEW envlayout prop id=tree-nw mesh=SM_Env_Tree loc=(-700.0,-318.0,-3.0) yaw=110.0 scale=1.050 shadow=1 size=247.9x214.3x199.5 bounds=(-824.0,-425.2,-3.0)..(-576.0,-210.8,196.5) overMap=0 onTray=1
2026.10.01-08.44.33 ARTPREVIEW envlayout prop id=tree-w mesh=SM_Env_Tree loc=(-690.0,-30.0,-3.0) yaw=70.0 scale=1.000 shadow=1 size=236.1x204.1x190.0 bounds=(-808.1,-132.0,-3.0)..(-571.9,72.0,187.0) overMap=0 onTray=1
2026.10.01-08.44.33 ARTPREVIEW envlayout prop id=tree-w2 mesh=SM_Env_Tree loc=(-700.0,-190.0,-3.0) yaw=200.0 scale=0.800 shadow=1 size=163.3x188.9x152.0 bounds=(-781.6,-284.5,-3.0)..(-618.4,-95.5,149.0) overMap=0 onTray=1
2026.10.01-08.44.33 ARTPREVIEW envlayout prop id=tree-w3 mesh=SM_Env_Tree loc=(-615.0,-255.0,-3.0) yaw=40.0 scale=0.650 shadow=1 size=155.1x159.4x123.5 bounds=(-692.6,-334.7,-3.0)..(-537.4,-175.3,120.5) overMap=0 onTray=1
2026.10.01-08.44.33 ARTPREVIEW envlayout prop id=tree-w4 mesh=SM_Env_Tree loc=(-625.0,-105.0,-3.0) yaw=320.0 scale=0.600 shadow=1 size=143.2x147.2x114.0 bounds=(-696.6,-178.6,-3.0)..(-553.4,-31.4,111.0) overMap=0 onTray=1
2026.10.01-08.44.33 ARTPREVIEW envlayout prop id=tree-w5 mesh=SM_Env_Tree loc=(-645.0,45.0,-3.0) yaw=150.0 scale=0.700 shadow=1 size=157.4x171.1x133.0 bounds=(-723.7,-40.5,-3.0)..(-566.3,130.5,130.0) overMap=0 onTray=1
2026.10.01-08.44.33 ARTPREVIEW envlayout prop id=tree-sw1 mesh=SM_Env_Tree loc=(-640.0,180.0,-3.0) yaw=300.0 scale=0.600 shadow=1 size=146.6x134.9x114.0 bounds=(-713.3,112.6,-3.0)..(-566.7,247.4,111.0) overMap=0 onTray=1
2026.10.01-08.44.33 ARTPREVIEW envlayout prop id=tree-sw2 mesh=SM_Env_Tree loc=(-615.0,290.0,-3.0) yaw=20.0 scale=0.500 shadow=1 size=102.0x118.1x95.0 bounds=(-666.0,231.0,-3.0)..(-564.0,349.0,92.0) overMap=0 onTray=1
2026.10.01-08.44.33 ARTPREVIEW envlayout prop id=palisade-n1 mesh=SM_Env_Palisade loc=(-440.0,-392.0,-3.0) yaw=90.0 scale=1.100 shadow=1 size=79.8x16.1x77.0 bounds=(-479.9,-400.0,-3.0)..(-400.1,-384.0,74.0) overMap=0 onTray=1
2026.10.01-08.44.33 ARTPREVIEW envlayout prop id=palisade-n2 mesh=SM_Env_Palisade loc=(-361.0,-390.0,-3.0) yaw=94.0 scale=1.100 shadow=1 size=80.7x21.6x77.0 bounds=(-401.4,-400.8,-3.0)..(-320.6,-379.2,74.0) overMap=0 onTray=1
2026.10.01-08.44.33 ARTPREVIEW envlayout prop id=palisade-w1 mesh=SM_Env_Palisade loc=(-556.7,-72.7,-3.0) yaw=15.0 scale=1.100 shadow=1 size=36.2x81.3x77.0 bounds=(-574.8,-113.3,-3.0)..(-538.6,-32.1,74.0) overMap=0 onTray=1
2026.10.01-08.44.33 ARTPREVIEW envlayout prop id=palisade-w2 mesh=SM_Env_Palisade loc=(-536.0,-150.0,-3.0) yaw=15.0 scale=1.100 shadow=1 size=36.2x81.3x77.0 bounds=(-554.1,-190.6,-3.0)..(-517.9,-109.4,74.0) overMap=0 onTray=1
2026.10.01-08.44.33 ARTPREVIEW envlayout prop id=palisade-w3 mesh=SM_Env_Palisade loc=(-540.0,205.0,-3.0) yaw=20.0 scale=1.100 shadow=1 size=42.4x80.5x77.0 bounds=(-561.2,164.7,-3.0)..(-518.8,245.3,74.0) overMap=0 onTray=1
2026.10.01-08.44.33 ARTPREVIEW envlayout prop id=campfire-w mesh=SM_Env_Campfire loc=(-560.0,85.0,-3.0) yaw=90.0 scale=1.000 shadow=1 size=39.8x40.0x16.8 bounds=(-579.9,65.0,-3.0)..(-540.1,105.0,13.8) overMap=0 onTray=1
2026.10.01-08.44.33 ARTPREVIEW envlayout prop id=hull-e1 mesh=SM_Env_Hull loc=(590.0,-125.0,-3.0) yaw=178.0 scale=0.850 shadow=1 size=63.5x256.8x217.9 bounds=(558.3,-253.4,-3.0)..(621.7,3.4,214.9) overMap=0 onTray=1
2026.10.01-08.44.33 ARTPREVIEW envlayout prop id=hull-e2 mesh=SM_Env_Hull loc=(575.0,128.0,-3.0) yaw=185.0 scale=0.850 shadow=1 size=76.6x258.8x217.9 bounds=(536.7,-1.4,-3.0)..(613.3,257.4,214.9) overMap=0 onTray=1
2026.10.01-08.44.33 ARTPREVIEW envlayout prop id=cannon-e1 mesh=SM_Env_Cannon loc=(513.0,-215.0,-3.0) yaw=178.0 scale=1.400 shadow=1 size=64.5x46.4x37.6 bounds=(480.7,-238.2,-3.0)..(545.3,-191.8,34.6) overMap=0 onTray=1
2026.10.01-08.44.33 ARTPREVIEW envlayout prop id=cannon-e2 mesh=SM_Env_Cannon loc=(513.0,-75.0,-3.0) yaw=178.0 scale=1.400 shadow=1 size=64.5x46.4x37.6 bounds=(480.7,-98.2,-3.0)..(545.3,-51.8,34.6) overMap=0 onTray=1
2026.10.01-08.44.33 ARTPREVIEW envlayout prop id=cannon-e3 mesh=SM_Env_Cannon loc=(508.0,60.0,-3.0) yaw=185.0 scale=1.400 shadow=1 size=66.6x49.6x37.6 bounds=(474.7,35.2,-3.0)..(541.3,84.8,34.6) overMap=0 onTray=1
2026.10.01-08.44.33 ARTPREVIEW envlayout prop id=cannon-e4 mesh=SM_Env_Cannon loc=(508.0,195.0,-3.0) yaw=185.0 scale=1.400 shadow=1 size=66.6x49.6x37.6 bounds=(474.7,170.2,-3.0)..(541.3,219.8,34.6) overMap=0 onTray=1
2026.10.01-08.44.33 ARTPREVIEW envlayout prop id=rope-ne mesh=SM_Env_Rope loc=(425.0,-385.0,-3.0) yaw=90.0 scale=1.800 shadow=1 size=39.6x38.4x18.8 bounds=(405.2,-404.2,-3.0)..(444.8,-365.8,15.8) overMap=0 onTray=1
2026.10.01-08.44.33 ARTPREVIEW envlayout prop id=rope-se mesh=SM_Env_Rope loc=(575.0,320.0,-3.0) yaw=90.0 scale=1.800 shadow=1 size=39.6x38.4x18.8 bounds=(555.2,300.8,-3.0)..(594.8,339.2,15.8) overMap=0 onTray=1
2026.10.01-08.44.33 ARTPREVIEW envlayout prop id=crate-e1 mesh=SM_Env_CrateStack loc=(520.0,-145.0,-3.0) yaw=180.0 scale=1.000 shadow=1 size=22.1x49.2x45.0 bounds=(509.0,-169.6,-3.0)..(531.0,-120.4,42.0) overMap=0 onTray=1
2026.10.01-08.44.33 ARTPREVIEW envlayout prop id=crate-e2 mesh=SM_Env_CrateStack loc=(520.0,127.0,-3.0) yaw=185.0 scale=1.000 shadow=1 size=26.3x51.0x45.0 bounds=(506.9,101.5,-3.0)..(533.1,152.5,42.0) overMap=0 onTray=1
2026.10.01-08.44.33 ARTPREVIEW envlayout prop id=crate-e3 mesh=SM_Env_CrateStack loc=(530.0,-280.0,-3.0) yaw=160.0 scale=1.000 shadow=1 size=37.6x53.8x45.0 bounds=(511.2,-306.9,-3.0)..(548.8,-253.1,42.0) overMap=0 onTray=1
2026.10.01-08.44.33 ARTPREVIEW envlayout prop id=barrel-e1 mesh=SM_Env_Barrel loc=(546.0,-175.0,-3.0) yaw=0.0 scale=1.000 shadow=1 size=21.4x21.4x28.0 bounds=(535.3,-185.7,-3.0)..(556.7,-164.3,25.0) overMap=0 onTray=1
2026.10.01-08.44.33 ARTPREVIEW envlayout prop id=barrel-e2 mesh=SM_Env_Barrel loc=(515.0,-12.0,-3.0) yaw=30.0 scale=1.000 shadow=1 size=29.3x29.3x28.0 bounds=(500.4,-26.6,-3.0)..(529.6,2.6,25.0) overMap=0 onTray=1
2026.10.01-08.44.33 ARTPREVIEW envlayout prop id=barrel-e3 mesh=SM_Env_Barrel loc=(538.0,6.0,-3.0) yaw=75.0 scale=1.000 shadow=1 size=26.2x26.2x28.0 bounds=(524.9,-7.1,-3.0)..(551.1,19.1,25.0) overMap=0 onTray=1
2026.10.01-08.44.33 ARTPREVIEW envlayout prop id=barrel-e4 mesh=SM_Env_Barrel loc=(520.0,255.0,-3.0) yaw=10.0 scale=1.000 shadow=1 size=24.8x24.8x28.0 bounds=(507.6,242.6,-3.0)..(532.4,267.4,25.0) overMap=0 onTray=1
2026.10.01-08.44.33 ARTPREVIEW envlayout prop id=barrel-e5 mesh=SM_Env_Barrel loc=(500.0,-265.0,-3.0) yaw=55.0 scale=1.000 shadow=1 size=29.8x29.8x28.0 bounds=(485.1,-279.9,-3.0)..(514.9,-250.1,25.0) overMap=0 onTray=1
2026.10.01-08.44.33 ARTPREVIEW envlayout prop id=barrel-e6 mesh=SM_Env_Barrel loc=(545.0,280.0,-3.0) yaw=120.0 scale=1.000 shadow=1 size=29.3x29.3x28.0 bounds=(530.4,265.4,-3.0)..(559.6,294.6,25.0) overMap=0 onTray=1
2026.10.01-08.44.33 ARTPREVIEW envlayout prop id=lantern-deck mesh=SM_Env_LanternPost loc=(575.0,-300.0,-3.0) yaw=180.0 scale=1.000 shadow=1 size=25.1x56.7x95.0 bounds=(562.5,-328.4,-3.0)..(587.5,-271.6,92.0) overMap=0 onTray=1
2026.10.01-08.44.33 ARTPREVIEW envlayout prop id=lantern-w mesh=SM_Env_LanternPost loc=(-550.0,135.0,-3.0) yaw=0.0 scale=1.000 shadow=1 size=25.1x56.7x95.0 bounds=(-562.5,106.6,-3.0)..(-537.5,163.4,92.0) overMap=0 onTray=1
2026.10.01-08.44.33 ARTPREVIEW envlayout prop id=lantern-n mesh=SM_Env_LanternPost loc=(-492.0,-362.0,-3.0) yaw=90.0 scale=1.000 shadow=1 size=56.7x25.1x95.0 bounds=(-520.4,-374.5,-3.0)..(-463.6,-349.5,92.0) overMap=0 onTray=1
2026.10.01-08.44.33 ARTPREVIEW envlayout prop id=banner-fort mesh=SM_Env_Banner loc=(-450.0,-445.0,-3.0) yaw=90.0 scale=1.000 shadow=1 size=57.1x19.5x120.0 bounds=(-478.5,-454.7,-3.0)..(-421.5,-435.3,117.0) overMap=0 onTray=1
2026.10.01-08.44.33 ARTPREVIEW envlayout prop id=banner-bow mesh=SM_Env_Banner loc=(640.0,-285.0,-3.0) yaw=150.0 scale=1.000 shadow=1 size=45.4x59.2x120.0 bounds=(617.3,-314.6,-3.0)..(662.7,-255.4,117.0) overMap=0 onTray=1
2026.10.01-08.44.33 ARTPREVIEW envlayout prop id=rock-nw mesh=SM_Env_RockOutcrop loc=(-712.0,-440.0,-3.0) yaw=90.0 scale=1.000 shadow=1 size=80.6x61.3x70.0 bounds=(-752.3,-470.7,-3.0)..(-671.7,-409.3,67.0) overMap=0 onTray=1
2026.10.01-08.44.33 ARTPREVIEW envlayout prop id=rock-w mesh=SM_Env_RockOutcrop loc=(-715.0,110.0,-3.0) yaw=90.0 scale=0.900 shadow=1 size=72.5x55.2x63.0 bounds=(-751.3,82.4,-3.0)..(-678.7,137.6,60.0) overMap=0 onTray=1
2026.10.01-08.44.33 ARTPREVIEW envlayout prop id=rock-sw mesh=SM_Env_RockOutcrop loc=(-705.0,345.0,-3.0) yaw=110.0 scale=1.000 shadow=1 size=96.7x85.2x70.0 bounds=(-753.3,302.4,-3.0)..(-656.7,387.6,67.0) overMap=0 onTray=1
2026.10.01-08.44.33 ARTPREVIEW envlayout prop id=rock-ne mesh=SM_Env_RockOutcrop loc=(700.0,-440.0,-3.0) yaw=70.0 scale=1.000 shadow=1 size=96.7x85.2x70.0 bounds=(651.7,-482.6,-3.0)..(748.3,-397.4,67.0) overMap=0 onTray=1
2026.10.01-08.44.33 ARTPREVIEW envlayout prop id=rock-se mesh=SM_Env_RockOutcrop loc=(690.0,370.0,-3.0) yaw=100.0 scale=0.850 shadow=1 size=76.5x63.2x59.5 bounds=(651.8,338.4,-3.0)..(728.2,401.6,56.5) overMap=0 onTray=1
2026.10.01-08.44.33 ARTPREVIEW envlayout light id=campfire-nw kind=point at=(-548.0,-352.0,60.0) intensity=65 units=candelas radius=460 color=#FF8A3D shadow=0
2026.10.01-08.44.33 ARTPREVIEW envlayout light id=campfire-w kind=point at=(-560.0,85.0,60.0) intensity=55 units=candelas radius=420 color=#FF9A4A shadow=0
2026.10.01-08.44.33 ARTPREVIEW envlayout light id=ship-lantern-n kind=point at=(598.0,-225.0,150.0) intensity=95 units=candelas radius=420 color=#FFA552 shadow=0
2026.10.01-08.44.33 ARTPREVIEW envlayout light id=ship-lantern-s kind=point at=(592.0,0.0,145.0) intensity=90 units=candelas radius=400 color=#FFA552 shadow=0
2026.10.01-08.44.33 ARTPREVIEW envlayout light id=ship-lantern-stern kind=point at=(585.0,225.0,140.0) intensity=75 units=candelas radius=380 color=#FFA552 shadow=0
2026.10.01-08.44.33 ARTPREVIEW envlayout ground map=sarpedon mode=runtime strips=4 material=MI_EnvGround_Sarpedon z=-1.0 outer=(-780.0,-515.0)..(780.0,425.0) hole=(-467.7,-310.7)..(467.7,310.7) splatRect=(-820.0,-560.0)..(820.0,470.0) splatCovers=1 areaUU2=885246 falls=1/1 fallCards=1 status=ok fallMeshes=1 fallMeshParts=3 sea=ok
2026.10.01-08.44.33 ARTPREVIEW envlayout map=sarpedon props=43 lights=5 missingMeshes=0 layoutProps=43 layoutLights=5 skippedMissing=0 skippedInsideMap=0 intrusions=0 outsideTray=0 outsideKit=0 shadowCasters=43 profilePoints=1 combinedPoints=6 combinedBudgetOk=1 tray=layout trayApronMismatch=0 profile=sarpedon-original boardId=c7fa64a26c29a0835f2383e63 file=Config/ArtBoards/EnvLayouts/sarpedon.layout.json sha256=58c9af875a7732f7f705d77d4e444eeb3ced43d2611a0c728be0201d305a3af1 source=pak status=ok
2026.10.01-08.44.33 ARTPREVIEW envlayout tray map=sarpedon source=layout outerHalf=780.0x470.0 offsetY=-45.0 frameHalf=469.7x312.7 mesh=T2 t2Top=780.0x470.0 mismatchUU=0.0
2026.10.01-08.44.33 ARTPREVIEW diorama tray-t2 loaded mesh=/Game/PipelineCandidates/TableBase/T2b/SM_TableBase_T2b mi=MI_TableBase_T2b_Sarpedon kind=T2b
2026.10.01-08.44.33 ARTPREVIEW diorama tray=/Game/PipelineCandidates/TableBase/T2b/SM_TableBase_T2b.SM_TableBase_T2b mi=MI_TableBase_T2b_Sarpedon surface=map-image yaw=0.0 scale=1.000x1.000x1.000 bounds=(-815.7,-546.3,-215.7)..(815.7,456.3,1.7) size=1631.4x1002.6x217.5 topZ=-3.0 boardHalf=469.7x312.7 rimUU=112.3 collision=none kind=T2b topHalf=780.0x470.0 layoutHalf=780.0x470.0 offset=(0.0,-45.0) source=layout mismatchUU=0.0 match=1 anisotropy=1.000 lipTopZ=1.7 lipBandUU=20.0
2026.10.01-08.44.33 CAMERA extents source=map-image half=445.7x288.7 dist=2340.2 fit=1872.2 k1Mul=1.250
2026.10.01-08.44.33 CAMERA dist=2340 loc=(0,1342,1917) pitch=-55 yaw=-90
2026.10.01-08.44.33 CAMERA config overview=2340.2 nearest=300.0 farthest=2880.2 zoomRange=0.81-7.80 fit=1872.2 k1Mul=1.250 minDist=300.0 outRatio=0.650 step=1.250 animMs=200 returnMs=300 followFrom=1.20 source=defaults issues=0
2026.10.01-08.44.33 BOARD 9x6 cells | control points: (0,0)=(-393,-219,0) (8,5)=(400,250,0) | neighbor pair (dist 140 uu)
2026.10.01-08.44.33 BOARD topology spaces=38 links=61 starts=3:S03,4:S14,1:S20,2:S32 frame=1337x866px uuPerPx=0.6667 radius=42.0uu (default)
2026.10.01-08.44.33 ARTPREVIEW team mapping mode=absolute source=fighter-prefix viewerTeam=- p1=f-0-hero,f-0-sk0,f-0-sk1,f-0-sk2 p2=f-1-hero,f-1-sk0
2026.10.01-08.44.33 ARTPREVIEW heroesV2 fighter=f-0-hero mesh=/Game/PipelineCandidates/Medusa/H2LD/Meshes/SK_Medusa_H2LD mi=/Game/PipelineCandidates/Medusa/H2LD/Materials/MI_Medusa_H2LD_P1 yaw=90.0 scale=0.9998 name=Medusa hero=1 look=P1 base=/Game/PipelineCandidates/Medusa/H2LD/Meshes/SM_Medusa_H2LD_Base baseMi=/Game/PipelineCandidates/Medusa/H2LD/Materials/MI_Medusa_H2LD_Base_P1 skeleton=/Game/PipelineCandidates/Medusa/Rig/SK_Medusa_Skeleton.SK_Medusa_Skeleton clips=4/4 boundsTop=55.00 figureTop=55.00 budget=55.0
2026.10.01-08.44.33 ARTPREVIEW click capsule fighter=f-0-hero mesh=SK_Medusa_H2LD physicsAsset=0 radius=11.6 halfHeight=27.5 top=55.0 bodyCollision=0 source=meshBounds
2026.10.01-08.44.33 ARTPREVIEW fighter=Medusa hero=1 eligible=0 visual=1 mesh=SK_Medusa_H2LD
2026.10.01-08.44.33 ARTPREVIEW team ring fighter=f-0-hero team=P1 look=P1 mode=absolute shape=circle shown=1 mesh=SM_Marker_TeamRing_P1 fill=#E8C06A keyline=#111317 fillLinear=(0.8070,0.5271,0.1441) zMin=0.60 zMax=1.20 scale=1.00 base=hidden blockout=0 art=1 rim=#FFFFFF
2026.10.01-08.44.33 ARTPREVIEW anim fighter=f-0-hero clip=Idle len=2.333 event=spawn loop=1 phase=0.8071 seq=-1 asset=AM_Medusa_Idle
2026.10.01-08.44.33 ARTPREVIEW readability contact shadow material=/Game/EnvMaps/M_MapContactShadow.M_MapContactShadow loaded=1
2026.10.01-08.44.33 ARTPREVIEW readability fighter=f-0-hero hero=1 contactShadow=1 diameterUU=52.0 strength=0.25 leaderPip=1 look=P1 ringScale=1.00
2026.10.01-08.44.33 ARTPREVIEW heroesV2 fighter=f-0-sk0 mesh=/Game/PipelineCandidates/Harpy/H3LD/Meshes/SK_Harpy_H3LD mi=/Game/PipelineCandidates/Harpy/H3LD/Materials/MI_Harpy_H3LD_P1 yaw=270.0 scale=1.0000 name=Harpies hero=0 look=P1 base=/Game/PipelineCandidates/Harpy/H3LD/Meshes/SM_Harpy_H3LD_Base baseMi=/Game/PipelineCandidates/Harpy/H3LD/Materials/MI_Harpy_H3LD_Base_P1 skeleton=/Game/PipelineCandidates/Harpy/Rig/SK_Harpy_Skeleton.SK_Harpy_Skeleton clips=4/4 boundsTop=42.00 figureTop=42.00 budget=42.0
2026.10.01-08.44.33 ARTPREVIEW click capsule fighter=f-0-sk0 mesh=SK_Harpy_H3LD physicsAsset=0 radius=20.0 halfHeight=21.0 top=42.0 bodyCollision=0 source=meshBounds
2026.10.01-08.44.33 ARTPREVIEW team ring fighter=f-0-sk0 team=P1 look=P1 mode=absolute shape=circle shown=1 mesh=SM_Marker_TeamRing_P1 fill=#E8C06A keyline=#111317 fillLinear=(0.8070,0.5271,0.1441) zMin=0.60 zMax=1.20 scale=0.78 base=hidden blockout=0 art=1 rim=#FFFFFF
2026.10.01-08.44.33 ARTPREVIEW anim fighter=f-0-sk0 clip=Idle len=2.000 event=spawn loop=1 phase=0.6635 seq=-1 asset=AM_Harpy_Idle
2026.10.01-08.44.33 ARTPREVIEW readability fighter=f-0-sk0 hero=0 contactShadow=1 diameterUU=40.6 strength=0.25 leaderPip=0 look=P1 ringScale=0.78
2026.10.01-08.44.33 ARTPREVIEW heroesV2 fighter=f-0-sk1 mesh=/Game/PipelineCandidates/Harpy/H3LD/Meshes/SK_Harpy_H3LD mi=/Game/PipelineCandidates/Harpy/H3LD/Materials/MI_Harpy_H3LD_P1 yaw=90.0 scale=1.0000 name=Harpies hero=0 look=P1 base=/Game/PipelineCandidates/Harpy/H3LD/Meshes/SM_Harpy_H3LD_Base baseMi=/Game/PipelineCandidates/Harpy/H3LD/Materials/MI_Harpy_H3LD_Base_P1 skeleton=/Game/PipelineCandidates/Harpy/Rig/SK_Harpy_Skeleton.SK_Harpy_Skeleton clips=4/4 boundsTop=42.00 figureTop=42.00 budget=42.0
2026.10.01-08.44.33 ARTPREVIEW click capsule fighter=f-0-sk1 mesh=SK_Harpy_H3LD physicsAsset=0 radius=20.0 halfHeight=21.0 top=42.0 bodyCollision=0 source=meshBounds
2026.10.01-08.44.33 ARTPREVIEW team ring fighter=f-0-sk1 team=P1 look=P1 mode=absolute shape=circle shown=1 mesh=SM_Marker_TeamRing_P1 fill=#E8C06A keyline=#111317 fillLinear=(0.8070,0.5271,0.1441) zMin=0.60 zMax=1.20 scale=0.78 base=hidden blockout=0 art=1 rim=#FFFFFF
2026.10.01-08.44.33 ARTPREVIEW anim fighter=f-0-sk1 clip=Idle len=2.000 event=spawn loop=1 phase=0.9016 seq=-1 asset=AM_Harpy_Idle
2026.10.01-08.44.33 ARTPREVIEW readability fighter=f-0-sk1 hero=0 contactShadow=1 diameterUU=40.6 strength=0.25 leaderPip=0 look=P1 ringScale=0.78
2026.10.01-08.44.33 ARTPREVIEW heroesV2 fighter=f-0-sk2 mesh=/Game/PipelineCandidates/Harpy/H3LD/Meshes/SK_Harpy_H3LD mi=/Game/PipelineCandidates/Harpy/H3LD/Materials/MI_Harpy_H3LD_P1 yaw=270.0 scale=1.0000 name=Harpies hero=0 look=P1 base=/Game/PipelineCandidates/Harpy/H3LD/Meshes/SM_Harpy_H3LD_Base baseMi=/Game/PipelineCandidates/Harpy/H3LD/Materials/MI_Harpy_H3LD_Base_P1 skeleton=/Game/PipelineCandidates/Harpy/Rig/SK_Harpy_Skeleton.SK_Harpy_Skeleton clips=4/4 boundsTop=42.00 figureTop=42.00 budget=42.0
2026.10.01-08.44.33 ARTPREVIEW click capsule fighter=f-0-sk2 mesh=SK_Harpy_H3LD physicsAsset=0 radius=20.0 halfHeight=21.0 top=42.0 bodyCollision=0 source=meshBounds
2026.10.01-08.44.33 ARTPREVIEW team ring fighter=f-0-sk2 team=P1 look=P1 mode=absolute shape=circle shown=1 mesh=SM_Marker_TeamRing_P1 fill=#E8C06A keyline=#111317 fillLinear=(0.8070,0.5271,0.1441) zMin=0.60 zMax=1.20 scale=0.78 base=hidden blockout=0 art=1 rim=#FFFFFF
2026.10.01-08.44.33 ARTPREVIEW anim fighter=f-0-sk2 clip=Idle len=2.000 event=spawn loop=1 phase=0.1873 seq=-1 asset=AM_Harpy_Idle
2026.10.01-08.44.33 ARTPREVIEW readability fighter=f-0-sk2 hero=0 contactShadow=1 diameterUU=40.6 strength=0.25 leaderPip=0 look=P1 ringScale=0.78
2026.10.01-08.44.33 ARTPREVIEW heroesV2 fighter=f-1-hero mesh=/Game/PipelineCandidates/KingArthur/H2LD/Meshes/SK_KingArthur_H2LD mi=/Game/PipelineCandidates/KingArthur/H2LD/Materials/MI_KingArthur_H2LD_P2 yaw=270.0 scale=1.0000 name=King Arthur hero=1 look=P2 base=/Game/PipelineCandidates/KingArthur/H2LD/Meshes/SM_KingArthur_H2LD_Base baseMi=/Game/PipelineCandidates/KingArthur/H2LD/Materials/MI_KingArthur_H2LD_Base_P2 skeleton=/Game/PipelineCandidates/KingArthur/Rig/SK_KingArthur_Skeleton.SK_KingArthur_Skeleton clips=4/4 boundsTop=60.06 figureTop=55.00 budget=55.0
2026.10.01-08.44.33 ARTPREVIEW click capsule fighter=f-1-hero mesh=SK_KingArthur_H2LD physicsAsset=0 radius=12.8 halfHeight=30.0 top=60.1 bodyCollision=0 source=meshBounds
2026.10.01-08.44.33 ARTPREVIEW team ring fighter=f-1-hero team=P2 look=P2 mode=absolute shape=hexagon shown=1 mesh=SM_Marker_TeamRing_P2 fill=#5A7F9F keyline=#111317 fillLinear=(0.1022,0.2122,0.3467) zMin=0.60 zMax=1.20 scale=1.00 base=hidden blockout=0 art=1 rim=#FFFFFF
2026.10.01-08.44.33 ARTPREVIEW anim fighter=f-1-hero clip=Idle len=2.500 event=spawn loop=1 phase=0.3470 seq=-1 asset=AM_KingArthur_Idle
2026.10.01-08.44.33 ARTPREVIEW readability fighter=f-1-hero hero=1 contactShadow=1 diameterUU=52.0 strength=0.25 leaderPip=1 look=P2 ringScale=1.00
2026.10.01-08.44.33 ARTPREVIEW heroesV2 fighter=f-1-sk0 mesh=/Game/PipelineCandidates/Merlin/H2LD/Meshes/SK_Merlin_H2LD mi=/Game/PipelineCandidates/Merlin/H2LD/Materials/MI_Merlin_H2LD_P2 yaw=270.0 scale=1.0003 name=Merlin hero=0 look=P2 base=/Game/PipelineCandidates/Merlin/H2LD/Meshes/SM_Merlin_H2LD_Base baseMi=/Game/PipelineCandidates/Merlin/H2LD/Materials/MI_Merlin_H2LD_Base_P2 skeleton=/Game/PipelineCandidates/Merlin/Rig/SK_Merlin_Skeleton.SK_Merlin_Skeleton clips=4/4 boundsTop=49.44 figureTop=45.00 budget=45.0
2026.10.01-08.44.33 ARTPREVIEW click capsule fighter=f-1-sk0 mesh=SK_Merlin_H2LD physicsAsset=0 radius=10.5 halfHeight=24.7 top=49.4 bodyCollision=0 source=meshBounds
2026.10.01-08.44.33 ARTPREVIEW team ring fighter=f-1-sk0 team=P2 look=P2 mode=absolute shape=hexagon shown=1 mesh=SM_Marker_TeamRing_P2 fill=#5A7F9F keyline=#111317 fillLinear=(0.1022,0.2122,0.3467) zMin=0.60 zMax=1.20 scale=0.78 base=hidden blockout=0 art=1 rim=#FFFFFF
2026.10.01-08.44.33 ARTPREVIEW anim fighter=f-1-sk0 clip=Idle len=3.000 event=spawn loop=1 phase=0.8028 seq=-1 asset=AM_Merlin_Idle
2026.10.01-08.44.33 ARTPREVIEW readability fighter=f-1-sk0 hero=0 contactShadow=1 diameterUU=40.6 strength=0.25 leaderPip=0 look=P2 ringScale=0.78
2026.10.01-08.44.33 ARTPREVIEW heroesV2 summary fighters=6 mapped=6 v2=6
2026.10.01-08.44.33 FIGHTERS synced n=6 alive=6 own=4 enemy=2
2026.10.01-08.44.33 BENCH scene fixture=S08BenchSarpedon.json board=9x6 fighters=6 viewer=cmukie55u0000wiao06h107t9 hero=f-0-hero art=1 profile=sarpedon-original views=K1+K1x0.65+K2x1.6+K2x2.5 warmup=60 settle=6 measure=5 fps=60 profileGpu=0 csv=0
2026.10.01-08.45.33 BENCH warmup done elapsed=60.1
2026.10.01-08.45.33 BENCH view=K1 overview target=2340.2 fit=1872.2
2026.10.01-08.45.33 BENCH view=K1 camera settled=1 dist=2340.2 target=2340.2 zoom=1.00
2026.10.01-08.45.44 BENCH measure view=K1 window=5.0 frames=300 fps=60.00 frameMs avg=16.67 p50=16.67 p95=16.67 p99=16.67 max=16.68 hitches50=0 gpuMs avg=2.67 p50=2.64 p95=2.89 gameMs avg=1.20 p95=1.37 renderMs avg=2.93 p95=3.48
2026.10.01-08.45.44 RENDER tag=BENCH rhi=D3D12 featureLevel=SM6 shaderPlatform=PCD3D_SM6 lumenPlatform=1 gi=lumen giMethod=1 refl=lumen reflMethod=1 shadows=csm vsmEnable=0 sg.res=100 sg.view=2 sg.aa=2 sg.shadow=2 sg.gi=2 sg.refl=2 sg.pp=2 sg.tex=2 sg.fx=2 sg.foliage=2 sg.shading=2 sg.landscape=2 preset=High screenPct=100.0 screenPctMode=0 aa=TSR aaMethod=4 exposure=fixed-histogram expMin=4.14106 expMax=4.14106 expBias=0.000 ev100=2.05 lightUnits=candelas sky=1 skyIntensity=3.000 keyShadow=csm-3600uu-2c-contact0.000 shadowCasters=1 profile=sarpedon-night profilesSha256=cc4f50f9078ac1157207e70661de189aafc515e9ba5401e198aa37f4b2d2cc31 profilesSource=pak legacyRender=0 gameLayer=unlit-eyeadaptinv tMaxFPS=60.0 vsync=0 frameRateLimit=60.0 substrate=0 nanite=1 meshDF=1 viewport=1920x1080 reference=1
2026.10.01-08.45.47 SHOT ctx viewport=1920x1080 viewTarget=CameraActor_0 cam=(0,1342,1917) rot=(-55,-90,-0)
2026.10.01-08.45.47 RENDER tag=SHOT rhi=D3D12 featureLevel=SM6 shaderPlatform=PCD3D_SM6 lumenPlatform=1 gi=lumen giMethod=1 refl=lumen reflMethod=1 shadows=csm vsmEnable=0 sg.res=100 sg.view=2 sg.aa=2 sg.shadow=2 sg.gi=2 sg.refl=2 sg.pp=2 sg.tex=2 sg.fx=2 sg.foliage=2 sg.shading=2 sg.landscape=2 preset=High screenPct=100.0 screenPctMode=0 aa=TSR aaMethod=4 exposure=fixed-histogram expMin=4.14106 expMax=4.14106 expBias=0.000 ev100=2.05 lightUnits=candelas sky=1 skyIntensity=3.000 keyShadow=csm-3600uu-2c-contact0.000 shadowCasters=1 profile=sarpedon-night profilesSha256=cc4f50f9078ac1157207e70661de189aafc515e9ba5401e198aa37f4b2d2cc31 profilesSource=pak legacyRender=0 gameLayer=unlit-eyeadaptinv tMaxFPS=60.0 vsync=0 frameRateLimit=60.0 substrate=0 nanite=1 meshDF=1 viewport=1920x1080 reference=1
2026.10.01-08.45.47 SHOT fighter f-0-hero pos=(2,2) world=(-218,-13,0) screen=(678,527) projected=1 alive=1
2026.10.01-08.45.47 SHOT fighter f-0-sk0 pos=(1,3) world=(-309,33,0) screen=(555,576) projected=1 alive=1
2026.10.01-08.45.47 SHOT fighter f-0-sk1 pos=(0,2) world=(-398,-3,0) screen=(442,537) projected=1 alive=1
2026.10.01-08.45.47 SHOT fighter f-0-sk2 pos=(0,3) world=(-394,92,0) screen=(435,640) projected=1 alive=1
2026.10.01-08.45.47 SHOT fighter f-1-hero pos=(5,4) world=(119,141,0) screen=(1120,695) projected=1 alive=1
2026.10.01-08.45.47 SHOT fighter f-1-sk0 pos=(6,3) world=(159,52,0) screen=(1169,596) projected=1 alive=1
2026.10.01-08.45.47 SHOT camera dist=2340.2 target=2340.2 overview=2340.2 errPct=0.000 focusErr=0.00 settled=1 zoom=1.00
2026.10.01-08.45.47 SHOT head fighter=f-0-hero socket=Head mesh=SK_Medusa_H2LD world=(-218.0,-11.4,47.1) screen=(672.5,492.1) top=(671.8,487.4) bottom=(673.1,496.7) headPx=9.4 projected=1
2026.10.01-08.45.47 SHOT head fighter=f-0-sk0 socket=Head mesh=SK_Harpy_H3LD world=(-308.3,28.1,34.1) screen=(551.3,544.6) top=(550.4,540.0) bottom=(552.1,549.1) headPx=9.3 projected=1
2026.10.01-08.45.47 SHOT head fighter=f-0-sk1 socket=Head mesh=SK_Harpy_H3LD world=(-398.8,2.5,34.0) screen=(434.6,517.1) top=(433.5,512.5) bottom=(435.7,521.7) headPx=9.4 projected=1
2026.10.01-08.45.47 SHOT head fighter=f-0-sk2 socket=Head mesh=SK_Harpy_H3LD world=(-394.4,86.6,34.0) screen=(429.2,609.2) top=(428.1,604.7) bottom=(430.4,613.6) headPx=9.3 projected=1
2026.10.01-08.45.47 SHOT head fighter=f-1-hero socket=Head mesh=SK_KingArthur_H2LD world=(119.0,141.0,50.1) screen=(1123.3,659.1) top=(1123.6,654.6) bottom=(1122.9,663.5) headPx=8.9 projected=1
2026.10.01-08.45.47 SHOT head fighter=f-1-sk0 socket=Head mesh=SK_Merlin_H2LD world=(159.0,48.4,36.4) screen=(1172.1,565.1) top=(1172.5,560.5) bottom=(1171.6,569.6) headPx=9.1 projected=1
2026.10.01-08.45.47 SHOT figure fighter=f-0-hero bbox=(632,454,716,557) ringR=28.50 art=1 blockout=0 team=P1 look=P1 ring=1
2026.10.01-08.45.47 SHOT figure fighter=f-0-sk0 bbox=(516,520,586,600) ringR=22.23 art=1 blockout=0 team=P1 look=P1 ring=1
2026.10.01-08.45.47 SHOT figure fighter=f-0-sk1 bbox=(402,482,474,561) ringR=22.23 art=1 blockout=0 team=P1 look=P1 ring=1
2026.10.01-08.45.47 SHOT figure fighter=f-0-sk2 bbox=(394,584,467,665) ringR=22.23 art=1 blockout=0 team=P1 look=P1 ring=1
2026.10.01-08.45.47 SHOT figure fighter=f-1-hero bbox=(1081,619,1165,728) ringR=28.50 art=1 blockout=0 team=P2 look=P2 ring=1
2026.10.01-08.45.47 SHOT figure fighter=f-1-sk0 bbox=(1139,534,1204,620) ringR=22.23 art=1 blockout=0 team=P2 look=P2 ring=1
2026.10.01-08.45.47 SHOT request file=bench-K1-1920x1080.png frame=4418
2026.10.01-08.45.47 SHOT requested: FScreenshotRequest(bShowUI) -> C:\tmp\envmaps-research\p5b\tune\runs\final-s/bench-K1-1920x1080.png
2026.10.01-08.45.47 SHOT captured file=bench-K1-1920x1080.png frame=4418 px=1920x1080 sha256=56e1f8e7c900b64a143038861d50a387fb99bac09ebff379407baa951bb15ac2 order=BGRA saved=1
2026.10.01-08.45.47 SHOT late begin file=bench-K1-1920x1080.png frame=4418 requestFrame=4418
2026.10.01-08.45.47 SHOT iconstate visible=0 lastFighter=none frame=4418
2026.10.01-08.45.47 SHOT panel id=hud.command bbox=(0,0,20,20) geom=painted visible=1 frame=4418
2026.10.01-08.45.47 SHOT panel id=hud.side bbox=(1884,0,1920,28) geom=painted visible=1 frame=4418
2026.10.01-08.45.47 SHOT panel id=hud.hand bbox=(950,1060,970,1080) geom=painted visible=1 frame=4418
2026.10.01-08.45.47 SHOT label fighter=f-0-hero mode=full bbox=(631,449,707,476) frame=4418
2026.10.01-08.45.47 SHOT label fighter=f-0-sk0 mode=full bbox=(503,514,587,537) frame=4418
2026.10.01-08.45.47 SHOT label fighter=f-0-sk1 mode=full bbox=(387,475,472,498) frame=4418
2026.10.01-08.45.47 SHOT label fighter=f-0-sk2 mode=full bbox=(379,580,465,602) frame=4418
2026.10.01-08.45.47 SHOT label fighter=f-1-hero mode=full bbox=(1085,625,1166,647) frame=4418
2026.10.01-08.45.47 SHOT label fighter=f-1-sk0 mode=full bbox=(1144,533,1205,557) frame=4418
2026.10.01-08.45.47 SHOT late end file=bench-K1-1920x1080.png frame=4418
2026.10.01-08.45.47 BENCH shot view=K1 saved=1 path=C:\tmp\envmaps-research\p5b\tune\runs\final-s/bench-K1-1920x1080.png
2026.10.01-08.45.47 BENCH view=K1x0.65 zoom-out wanted=0.65 target=2880.2 zoom=0.81 limit=far
2026.10.01-08.45.48 BENCH view=K1x0.65 camera settled=1 dist=2869.6 target=2880.2 zoom=0.82
2026.10.01-08.45.59 BENCH measure view=K1x0.65 window=5.0 frames=300 fps=60.00 frameMs avg=16.67 p50=16.67 p95=16.67 p99=16.67 max=16.67 hitches50=0 gpuMs avg=2.59 p50=2.58 p95=2.82 gameMs avg=1.18 p95=1.33 renderMs avg=2.95 p95=3.57
2026.10.01-08.45.59 RENDER tag=BENCH rhi=D3D12 featureLevel=SM6 shaderPlatform=PCD3D_SM6 lumenPlatform=1 gi=lumen giMethod=1 refl=lumen reflMethod=1 shadows=csm vsmEnable=0 sg.res=100 sg.view=2 sg.aa=2 sg.shadow=2 sg.gi=2 sg.refl=2 sg.pp=2 sg.tex=2 sg.fx=2 sg.foliage=2 sg.shading=2 sg.landscape=2 preset=High screenPct=100.0 screenPctMode=0 aa=TSR aaMethod=4 exposure=fixed-histogram expMin=4.14106 expMax=4.14106 expBias=0.000 ev100=2.05 lightUnits=candelas sky=1 skyIntensity=3.000 keyShadow=csm-3600uu-2c-contact0.000 shadowCasters=1 profile=sarpedon-night profilesSha256=cc4f50f9078ac1157207e70661de189aafc515e9ba5401e198aa37f4b2d2cc31 profilesSource=pak legacyRender=0 gameLayer=unlit-eyeadaptinv tMaxFPS=60.0 vsync=0 frameRateLimit=60.0 substrate=0 nanite=1 meshDF=1 viewport=1920x1080 reference=1
2026.10.01-08.46.02 SHOT ctx viewport=1920x1080 viewTarget=CameraActor_0 cam=(0,1652,2359) rot=(-55,-90,-0)
2026.10.01-08.46.02 RENDER tag=SHOT rhi=D3D12 featureLevel=SM6 shaderPlatform=PCD3D_SM6 lumenPlatform=1 gi=lumen giMethod=1 refl=lumen reflMethod=1 shadows=csm vsmEnable=0 sg.res=100 sg.view=2 sg.aa=2 sg.shadow=2 sg.gi=2 sg.refl=2 sg.pp=2 sg.tex=2 sg.fx=2 sg.foliage=2 sg.shading=2 sg.landscape=2 preset=High screenPct=100.0 screenPctMode=0 aa=TSR aaMethod=4 exposure=fixed-histogram expMin=4.14106 expMax=4.14106 expBias=0.000 ev100=2.05 lightUnits=candelas sky=1 skyIntensity=3.000 keyShadow=csm-3600uu-2c-contact0.000 shadowCasters=1 profile=sarpedon-night profilesSha256=cc4f50f9078ac1157207e70661de189aafc515e9ba5401e198aa37f4b2d2cc31 profilesSource=pak legacyRender=0 gameLayer=unlit-eyeadaptinv tMaxFPS=60.0 vsync=0 frameRateLimit=60.0 substrate=0 nanite=1 meshDF=1 viewport=1920x1080 reference=1
2026.10.01-08.46.02 SHOT fighter f-0-hero pos=(2,2) world=(-218,-13,0) screen=(730,529) projected=1 alive=1
2026.10.01-08.46.02 SHOT fighter f-0-sk0 pos=(1,3) world=(-309,33,0) screen=(631,569) projected=1 alive=1
2026.10.01-08.46.02 SHOT fighter f-0-sk1 pos=(0,2) world=(-398,-3,0) screen=(539,538) projected=1 alive=1
2026.10.01-08.46.02 SHOT fighter f-0-sk2 pos=(0,3) world=(-394,92,0) screen=(535,621) projected=1 alive=1
2026.10.01-08.46.02 SHOT fighter f-1-hero pos=(5,4) world=(119,141,0) screen=(1089,665) projected=1 alive=1
2026.10.01-08.46.02 SHOT fighter f-1-sk0 pos=(6,3) world=(159,52,0) screen=(1130,585) projected=1 alive=1
2026.10.01-08.46.02 SHOT camera dist=2880.2 target=2880.2 overview=2340.2 errPct=0.000 focusErr=0.00 settled=1 zoom=0.81
2026.10.01-08.46.02 SHOT head fighter=f-0-hero socket=Head mesh=SK_Medusa_H2LD world=(-218.3,-11.9,47.1) screen=(726.7,500.7) top=(726.3,496.9) bottom=(727.1,504.4) headPx=7.5 projected=1
2026.10.01-08.46.02 SHOT head fighter=f-0-sk0 socket=Head mesh=SK_Harpy_H3LD world=(-308.7,28.1,34.0) screen=(628.6,543.8) top=(628.0,540.1) bottom=(629.2,547.5) headPx=7.5 projected=1
2026.10.01-08.46.02 SHOT head fighter=f-0-sk1 socket=Head mesh=SK_Harpy_H3LD world=(-398.3,2.7,34.0) screen=(534.7,521.5) top=(533.9,517.8) bottom=(535.4,525.2) headPx=7.6 projected=1
2026.10.01-08.46.02 SHOT head fighter=f-0-sk2 socket=Head mesh=SK_Harpy_H3LD world=(-393.9,87.1,34.3) screen=(532.0,596.1) top=(531.3,592.5) bottom=(532.8,599.8) headPx=7.4 projected=1
2026.10.01-08.46.02 SHOT head fighter=f-1-hero socket=Head mesh=SK_KingArthur_H2LD world=(118.5,140.5,50.0) screen=(1090.8,635.4) top=(1091.0,631.7) bottom=(1090.5,639.0) headPx=7.3 projected=1
2026.10.01-08.46.02 SHOT head fighter=f-1-sk0 socket=Head mesh=SK_Merlin_H2LD world=(158.8,48.5,36.4) screen=(1131.3,560.3) top=(1131.6,556.7) bottom=(1131.0,564.0) headPx=7.4 projected=1
2026.10.01-08.46.02 SHOT figure fighter=f-0-hero bbox=(695,470,762,554) ringR=28.50 art=1 blockout=0 team=P1 look=P1 ring=1
2026.10.01-08.46.02 SHOT figure fighter=f-0-sk0 bbox=(602,524,656,589) ringR=22.23 art=1 blockout=0 team=P1 look=P1 ring=1
2026.10.01-08.46.02 SHOT figure fighter=f-0-sk1 bbox=(508,493,564,557) ringR=22.23 art=1 blockout=0 team=P1 look=P1 ring=1
2026.10.01-08.46.02 SHOT figure fighter=f-0-sk2 bbox=(504,576,561,641) ringR=22.23 art=1 blockout=0 team=P1 look=P1 ring=1
2026.10.01-08.46.02 SHOT figure fighter=f-1-hero bbox=(1058,603,1124,692) ringR=28.50 art=1 blockout=0 team=P2 look=P2 ring=1
2026.10.01-08.46.02 SHOT figure fighter=f-1-sk0 bbox=(1105,536,1157,605) ringR=22.23 art=1 blockout=0 team=P2 look=P2 ring=1
2026.10.01-08.46.02 SHOT request file=bench-K1x0p65-1920x1080.png frame=5271
2026.10.01-08.46.02 SHOT requested: FScreenshotRequest(bShowUI) -> C:\tmp\envmaps-research\p5b\tune\runs\final-s/bench-K1x0p65-1920x1080.png
2026.10.01-08.46.02 SHOT captured file=bench-K1x0p65-1920x1080.png frame=5271 px=1920x1080 sha256=d5fb70a6e480b2f3d5da7e720895e761b4a26d7426e3432fc17fd5c90b5e5343 order=BGRA saved=1
2026.10.01-08.46.02 SHOT late begin file=bench-K1x0p65-1920x1080.png frame=5271 requestFrame=5271
2026.10.01-08.46.02 SHOT iconstate visible=0 lastFighter=none frame=5271
2026.10.01-08.46.02 SHOT panel id=hud.command bbox=(0,0,20,20) geom=painted visible=1 frame=5271
2026.10.01-08.46.02 SHOT panel id=hud.side bbox=(1884,0,1920,28) geom=painted visible=1 frame=5271
2026.10.01-08.46.02 SHOT panel id=hud.hand bbox=(950,1060,970,1080) geom=painted visible=1 frame=5271
2026.10.01-08.46.02 SHOT label fighter=f-0-hero mode=full bbox=(688,464,762,488) frame=5271
2026.10.01-08.46.02 SHOT label fighter=f-0-sk0 mode=full bbox=(583,517,666,537) frame=5271
2026.10.01-08.46.02 SHOT label fighter=f-0-sk1 mode=full bbox=(489,485,572,506) frame=5271
2026.10.01-08.46.02 SHOT label fighter=f-0-sk2 mode=full bbox=(484,570,569,590) frame=5271
2026.10.01-08.46.02 SHOT label fighter=f-1-hero mode=full bbox=(1053,606,1132,626) frame=5271
2026.10.01-08.46.02 SHOT label fighter=f-1-sk0 mode=full bbox=(1103,532,1163,554) frame=5271
2026.10.01-08.46.02 SHOT late end file=bench-K1x0p65-1920x1080.png frame=5271
2026.10.01-08.46.02 BENCH shot view=K1x0.65 saved=1 path=C:\tmp\envmaps-research\p5b\tune\runs\final-s/bench-K1x0p65-1920x1080.png
2026.10.01-08.46.02 ARTPREVIEW selection ring shown fighter=Medusa mesh=SM_Marker_SelectionRing
2026.10.01-08.46.02 ARTPREVIEW reachable rings cells=19 placed=1 radiusUU=36 segments=48 style=readability color=#FFC857 stroke=#14110C widthUU=3.50 strokeUU=1.50
2026.10.01-08.46.02 BENCH view=K2x1.6 focus hero=f-0-hero zoom=1.60 target=1462.6 clamp=0
2026.10.01-08.46.02 BENCH view=K2x1.6 camera settled=1 dist=1462.6 target=1462.6 zoom=1.60
2026.10.01-08.46.13 BENCH measure view=K2x1.6 window=5.0 frames=300 fps=60.00 frameMs avg=16.67 p50=16.67 p95=16.67 p99=16.67 max=16.69 hitches50=0 gpuMs avg=2.42 p50=2.38 p95=2.63 gameMs avg=1.14 p95=1.23 renderMs avg=2.78 p95=3.16
2026.10.01-08.46.13 RENDER tag=BENCH rhi=D3D12 featureLevel=SM6 shaderPlatform=PCD3D_SM6 lumenPlatform=1 gi=lumen giMethod=1 refl=lumen reflMethod=1 shadows=csm vsmEnable=0 sg.res=100 sg.view=2 sg.aa=2 sg.shadow=2 sg.gi=2 sg.refl=2 sg.pp=2 sg.tex=2 sg.fx=2 sg.foliage=2 sg.shading=2 sg.landscape=2 preset=High screenPct=100.0 screenPctMode=0 aa=TSR aaMethod=4 exposure=fixed-histogram expMin=4.14106 expMax=4.14106 expBias=0.000 ev100=2.05 lightUnits=candelas sky=1 skyIntensity=3.000 keyShadow=csm-3600uu-2c-contact0.000 shadowCasters=1 profile=sarpedon-night profilesSha256=cc4f50f9078ac1157207e70661de189aafc515e9ba5401e198aa37f4b2d2cc31 profilesSource=pak legacyRender=0 gameLayer=unlit-eyeadaptinv tMaxFPS=60.0 vsync=0 frameRateLimit=60.0 substrate=0 nanite=1 meshDF=1 viewport=1920x1080 reference=1
2026.10.01-08.46.16 SHOT ctx viewport=1920x1080 viewTarget=CameraActor_0 cam=(-218,826,1226) rot=(-55,-90,-0)
2026.10.01-08.46.16 RENDER tag=SHOT rhi=D3D12 featureLevel=SM6 shaderPlatform=PCD3D_SM6 lumenPlatform=1 gi=lumen giMethod=1 refl=lumen reflMethod=1 shadows=csm vsmEnable=0 sg.res=100 sg.view=2 sg.aa=2 sg.shadow=2 sg.gi=2 sg.refl=2 sg.pp=2 sg.tex=2 sg.fx=2 sg.foliage=2 sg.shading=2 sg.landscape=2 preset=High screenPct=100.0 screenPctMode=0 aa=TSR aaMethod=4 exposure=fixed-histogram expMin=4.14106 expMax=4.14106 expBias=0.000 ev100=2.05 lightUnits=candelas sky=1 skyIntensity=3.000 keyShadow=csm-3600uu-2c-contact0.000 shadowCasters=1 profile=sarpedon-night profilesSha256=cc4f50f9078ac1157207e70661de189aafc515e9ba5401e198aa37f4b2d2cc31 profilesSource=pak legacyRender=0 gameLayer=unlit-eyeadaptinv tMaxFPS=60.0 vsync=0 frameRateLimit=60.0 substrate=0 nanite=1 meshDF=1 viewport=1920x1080 reference=1
2026.10.01-08.46.16 SHOT fighter f-0-hero pos=(2,2) world=(-218,-13,0) screen=(960,573) projected=1 alive=1
2026.10.01-08.46.16 SHOT fighter f-0-sk0 pos=(1,3) world=(-309,33,0) screen=(769,652) projected=1 alive=1
2026.10.01-08.46.16 SHOT fighter f-0-sk1 pos=(0,2) world=(-398,-3,0) screen=(588,590) projected=1 alive=1
2026.10.01-08.46.16 SHOT fighter f-0-sk2 pos=(0,3) world=(-394,92,0) screen=(583,757) projected=1 alive=1
2026.10.01-08.46.16 SHOT fighter f-1-hero pos=(5,4) world=(119,141,0) screen=(1693,849) projected=1 alive=1
2026.10.01-08.46.16 SHOT fighter f-1-sk0 pos=(6,3) world=(159,52,0) screen=(1751,685) projected=1 alive=1
2026.10.01-08.46.16 SHOT camera dist=1462.6 target=1462.6 overview=2340.2 errPct=0.000 focusErr=0.00 settled=1 zoom=1.60
2026.10.01-08.46.16 SHOT head fighter=f-0-hero socket=Head mesh=SK_Medusa_H2LD world=(-217.5,-12.2,47.2) screen=(960.3,517.6) top=(960.3,510.2) bottom=(960.3,524.9) headPx=14.6 projected=1
2026.10.01-08.46.16 SHOT head fighter=f-0-sk0 socket=Head mesh=SK_Harpy_H3LD world=(-309.1,27.9,34.0) screen=(766.0,603.3) top=(765.3,596.1) bottom=(766.6,610.3) headPx=14.2 projected=1
2026.10.01-08.46.16 SHOT head fighter=f-0-sk1 socket=Head mesh=SK_Harpy_H3LD world=(-398.7,2.2,34.3) screen=(579.6,558.0) top=(578.3,550.9) bottom=(580.9,565.2) headPx=14.6 projected=1
2026.10.01-08.46.16 SHOT head fighter=f-0-sk2 socket=Head mesh=SK_Harpy_H3LD world=(-393.6,86.7,34.0) screen=(577.6,709.4) top=(576.3,702.5) bottom=(578.9,716.3) headPx=14.0 projected=1
2026.10.01-08.46.16 SHOT head fighter=f-1-hero socket=Head mesh=SK_KingArthur_H2LD world=(118.6,139.8,50.1) screen=(1714.4,791.7) top=(1717.1,784.9) bottom=(1711.7,798.5) headPx=14.7 projected=1
2026.10.01-08.46.16 SHOT head fighter=f-1-sk0 socket=Head mesh=SK_Merlin_H2LD world=(158.7,48.9,36.6) screen=(1766.8,637.5) top=(1769.6,630.4) bottom=(1764.0,644.5) headPx=15.1 projected=1
2026.10.01-08.46.16 SHOT selection fighter=f-0-hero ownCell=(2,2) legal=20 destinations=19 ownCellExcluded=1 plateFighter=none
2026.10.01-08.46.16 SHOT reachable fighter=f-0-hero n=19 cells=(0,0)(1,0)(2,0)(3,0)(4,0)(0,1)(1,1)(2,1)(3,1)(4,1)(5,1)(3,2)(2,3)(0,4)(1,4)(2,4)(3,4)(4,4)(1,5)
2026.10.01-08.46.16 SHOT figure fighter=f-0-hero bbox=(899,459,1021,622) ringR=28.50 art=1 blockout=0 team=P1 look=P1 ring=1
2026.10.01-08.46.16 SHOT figure fighter=f-0-sk0 bbox=(715,564,817,691) ringR=22.23 art=1 blockout=0 team=P1 look=P1 ring=1
2026.10.01-08.46.16 SHOT figure fighter=f-0-sk1 bbox=(529,502,637,628) ringR=22.23 art=1 blockout=0 team=P1 look=P1 ring=1
2026.10.01-08.46.16 SHOT figure fighter=f-0-sk2 bbox=(521,669,633,799) ringR=22.23 art=1 blockout=0 team=P1 look=P1 ring=1
2026.10.01-08.46.16 SHOT figure fighter=f-1-hero bbox=(1624,727,1795,904) ringR=28.50 art=1 blockout=0 team=P2 look=P2 ring=1
2026.10.01-08.46.16 SHOT figure fighter=f-1-sk0 bbox=(1698,588,1830,725) ringR=22.23 art=1 blockout=0 team=P2 look=P2 ring=1
2026.10.01-08.46.16 SHOT request file=bench-K2x1p6-1920x1080.png frame=6125
2026.10.01-08.46.16 SHOT requested: FScreenshotRequest(bShowUI) -> C:\tmp\envmaps-research\p5b\tune\runs\final-s/bench-K2x1p6-1920x1080.png
2026.10.01-08.46.16 SHOT captured file=bench-K2x1p6-1920x1080.png frame=6125 px=1920x1080 sha256=b074155c045dc490cb7058585159fa5b5f9103f5f242edb0a50afef262e6348b order=BGRA saved=1
2026.10.01-08.46.16 SHOT late begin file=bench-K2x1p6-1920x1080.png frame=6125 requestFrame=6125
2026.10.01-08.46.16 SHOT iconstate visible=0 lastFighter=none frame=6125
2026.10.01-08.46.16 SHOT panel id=hud.command bbox=(0,0,20,20) geom=painted visible=1 frame=6125
2026.10.01-08.46.16 SHOT panel id=hud.side bbox=(1884,0,1920,28) geom=painted visible=1 frame=6125
2026.10.01-08.46.16 SHOT panel id=hud.hand bbox=(950,1060,970,1080) geom=painted visible=1 frame=6125
2026.10.01-08.46.16 SHOT label fighter=f-0-hero mode=full bbox=(924,468,996,497) frame=6125
2026.10.01-08.46.16 SHOT label fighter=f-0-sk0 mode=full bbox=(722,573,804,598) frame=6125
2026.10.01-08.46.16 SHOT label fighter=f-0-sk1 mode=full bbox=(534,510,618,534) frame=6125
2026.10.01-08.46.16 SHOT label fighter=f-0-sk2 mode=full bbox=(526,681,613,704) frame=6125
2026.10.01-08.46.16 SHOT label fighter=f-1-hero mode=full bbox=(1682,755,1772,778) frame=6125
2026.10.01-08.46.16 SHOT label fighter=f-1-sk0 mode=full bbox=(1744,605,1813,631) frame=6125
2026.10.01-08.46.16 SHOT late end file=bench-K2x1p6-1920x1080.png frame=6125
2026.10.01-08.46.16 BENCH shot view=K2x1.6 saved=1 path=C:\tmp\envmaps-research\p5b\tune\runs\final-s/bench-K2x1p6-1920x1080.png
2026.10.01-08.46.16 ARTPREVIEW selection ring shown fighter=Medusa mesh=SM_Marker_SelectionRing
2026.10.01-08.46.16 ARTPREVIEW reachable rings cells=19 placed=1 radiusUU=36 segments=48 style=readability color=#FFC857 stroke=#14110C widthUU=3.50 strokeUU=1.50
2026.10.01-08.46.16 BENCH view=K2x2.5 focus hero=f-0-hero zoom=2.50 target=936.1 clamp=0
2026.10.01-08.46.17 BENCH view=K2x2.5 camera settled=1 dist=936.1 target=936.1 zoom=2.50
2026.10.01-08.46.28 BENCH measure view=K2x2.5 window=5.0 frames=300 fps=60.00 frameMs avg=16.67 p50=16.67 p95=16.67 p99=16.67 max=16.68 hitches50=0 gpuMs avg=2.43 p50=2.47 p95=2.57 gameMs avg=1.13 p95=1.20 renderMs avg=2.91 p95=3.28
2026.10.01-08.46.28 RENDER tag=BENCH rhi=D3D12 featureLevel=SM6 shaderPlatform=PCD3D_SM6 lumenPlatform=1 gi=lumen giMethod=1 refl=lumen reflMethod=1 shadows=csm vsmEnable=0 sg.res=100 sg.view=2 sg.aa=2 sg.shadow=2 sg.gi=2 sg.refl=2 sg.pp=2 sg.tex=2 sg.fx=2 sg.foliage=2 sg.shading=2 sg.landscape=2 preset=High screenPct=100.0 screenPctMode=0 aa=TSR aaMethod=4 exposure=fixed-histogram expMin=4.14106 expMax=4.14106 expBias=0.000 ev100=2.05 lightUnits=candelas sky=1 skyIntensity=3.000 keyShadow=csm-3600uu-2c-contact0.000 shadowCasters=1 profile=sarpedon-night profilesSha256=cc4f50f9078ac1157207e70661de189aafc515e9ba5401e198aa37f4b2d2cc31 profilesSource=pak legacyRender=0 gameLayer=unlit-eyeadaptinv tMaxFPS=60.0 vsync=0 frameRateLimit=60.0 substrate=0 nanite=1 meshDF=1 viewport=1920x1080 reference=1
2026.10.01-08.46.31 SHOT ctx viewport=1920x1080 viewTarget=CameraActor_0 cam=(-218,524,795) rot=(-55,-90,-0)
2026.10.01-08.46.31 RENDER tag=SHOT rhi=D3D12 featureLevel=SM6 shaderPlatform=PCD3D_SM6 lumenPlatform=1 gi=lumen giMethod=1 refl=lumen reflMethod=1 shadows=csm vsmEnable=0 sg.res=100 sg.view=2 sg.aa=2 sg.shadow=2 sg.gi=2 sg.refl=2 sg.pp=2 sg.tex=2 sg.fx=2 sg.foliage=2 sg.shading=2 sg.landscape=2 preset=High screenPct=100.0 screenPctMode=0 aa=TSR aaMethod=4 exposure=fixed-histogram expMin=4.14106 expMax=4.14106 expBias=0.000 ev100=2.05 lightUnits=candelas sky=1 skyIntensity=3.000 keyShadow=csm-3600uu-2c-contact0.000 shadowCasters=1 profile=sarpedon-night profilesSha256=cc4f50f9078ac1157207e70661de189aafc515e9ba5401e198aa37f4b2d2cc31 profilesSource=pak legacyRender=0 gameLayer=unlit-eyeadaptinv tMaxFPS=60.0 vsync=0 frameRateLimit=60.0 substrate=0 nanite=1 meshDF=1 viewport=1920x1080 reference=1
2026.10.01-08.46.31 SHOT fighter f-0-hero pos=(2,2) world=(-218,-13,0) screen=(960,591) projected=1 alive=1
2026.10.01-08.46.31 SHOT fighter f-0-sk0 pos=(1,3) world=(-309,33,0) screen=(662,715) projected=1 alive=1
2026.10.01-08.46.31 SHOT fighter f-0-sk1 pos=(0,2) world=(-398,-3,0) screen=(383,617) projected=1 alive=1
2026.10.01-08.46.31 SHOT fighter f-0-sk2 pos=(0,3) world=(-394,92,0) screen=(362,885) projected=1 alive=1
2026.10.01-08.46.31 SHOT fighter f-1-hero pos=(5,4) world=(119,141,0) screen=(2137,1035) projected=1 alive=1
2026.10.01-08.46.31 SHOT fighter f-1-sk0 pos=(6,3) world=(159,52,0) screen=(2203,767) projected=1 alive=1
2026.10.01-08.46.31 SHOT camera dist=936.1 target=936.1 overview=2340.2 errPct=0.000 focusErr=0.00 settled=1 zoom=2.50
2026.10.01-08.46.31 SHOT head fighter=f-0-hero socket=Head mesh=SK_Medusa_H2LD world=(-216.9,-11.7,47.0) screen=(962.4,506.4) top=(962.4,494.7) bottom=(962.4,517.9) headPx=23.1 projected=1
2026.10.01-08.46.31 SHOT head fighter=f-0-sk0 socket=Head mesh=SK_Harpy_H3LD world=(-308.7,28.4,34.3) screen=(654.6,640.8) top=(652.9,629.7) bottom=(656.2,651.7) headPx=22.3 projected=1
2026.10.01-08.46.31 SHOT head fighter=f-0-sk1 socket=Head mesh=SK_Harpy_H3LD world=(-399.1,2.6,34.0) screen=(361.2,569.8) top=(358.0,558.5) bottom=(364.3,580.9) headPx=23.3 projected=1
2026.10.01-08.46.31 SHOT head fighter=f-0-sk2 socket=Head mesh=SK_Harpy_H3LD world=(-394.0,86.8,34.0) screen=(345.7,811.8) top=(342.3,801.3) bottom=(349.2,822.2) headPx=22.0 projected=1
2026.10.01-08.46.31 SHOT head fighter=f-1-hero socket=Head mesh=SK_KingArthur_H2LD world=(119.3,139.7,50.1) screen=(2195.2,951.2) top=(2202.5,940.9) bottom=(2187.9,961.3) headPx=25.1 projected=1
2026.10.01-08.46.31 SHOT head fighter=f-1-sk0 socket=Head mesh=SK_Merlin_H2LD world=(159.0,49.1,36.7) screen=(2243.4,695.5) top=(2250.5,684.5) bottom=(2236.4,706.3) headPx=25.9 projected=1
2026.10.01-08.46.31 SHOT selection fighter=f-0-hero ownCell=(2,2) legal=20 destinations=19 ownCellExcluded=1 plateFighter=none
2026.10.01-08.46.31 SHOT reachable fighter=f-0-hero n=19 cells=(0,0)(1,0)(2,0)(3,0)(4,0)(0,1)(1,1)(2,1)(3,1)(4,1)(5,1)(3,2)(2,3)(0,4)(1,4)(2,4)(3,4)(4,4)(1,5)
2026.10.01-08.46.31 SHOT figure fighter=f-0-hero bbox=(863,413,1057,667) ringR=28.50 art=1 blockout=0 team=P1 look=P1 ring=1
2026.10.01-08.46.31 SHOT figure fighter=f-0-sk0 bbox=(570,578,737,778) ringR=22.23 art=1 blockout=0 team=P1 look=P1 ring=1
2026.10.01-08.46.31 SHOT figure fighter=f-0-sk1 bbox=(278,481,461,677) ringR=22.23 art=1 blockout=0 team=P1 look=P1 ring=1
2026.10.01-08.46.31 SHOT figure fighter=f-0-sk2 bbox=(249,746,444,952) ringR=22.23 art=1 blockout=0 team=P1 look=P1 ring=1
2026.10.01-08.46.31 SHOT figure fighter=f-1-hero bbox=(2017,845,2340,1128) ringR=28.50 art=1 blockout=0 team=P2 look=P2 ring=1
2026.10.01-08.46.31 SHOT figure fighter=f-1-sk0 bbox=(2114,616,2357,832) ringR=22.23 art=1 blockout=0 team=P2 look=P2 ring=1
2026.10.01-08.46.31 SHOT request file=bench-K2x2p5-1920x1080.png frame=6979
2026.10.01-08.46.31 SHOT requested: FScreenshotRequest(bShowUI) -> C:\tmp\envmaps-research\p5b\tune\runs\final-s/bench-K2x2p5-1920x1080.png
2026.10.01-08.46.31 SHOT captured file=bench-K2x2p5-1920x1080.png frame=6979 px=1920x1080 sha256=53f5e848a49342b4d0a665beb136f149510a450a06e8dc8967c1ed5d132b000c order=BGRA saved=1
2026.10.01-08.46.31 SHOT late begin file=bench-K2x2p5-1920x1080.png frame=6979 requestFrame=6979
2026.10.01-08.46.31 SHOT iconstate visible=0 lastFighter=none frame=6979
2026.10.01-08.46.31 SHOT panel id=hud.command bbox=(0,0,20,20) geom=painted visible=1 frame=6979
2026.10.01-08.46.31 SHOT panel id=hud.side bbox=(1884,0,1920,28) geom=painted visible=1 frame=6979
2026.10.01-08.46.31 SHOT panel id=hud.hand bbox=(950,1060,970,1080) geom=painted visible=1 frame=6979
2026.10.01-08.46.31 SHOT label fighter=f-0-hero mode=full bbox=(923,441,997,474) frame=6979
2026.10.01-08.46.31 SHOT label fighter=f-0-sk0 mode=full bbox=(604,609,691,637) frame=6979
2026.10.01-08.46.31 SHOT label fighter=f-0-sk1 mode=full bbox=(312,508,400,537) frame=6979
2026.10.01-08.46.31 SHOT label fighter=f-0-sk2 mode=full bbox=(285,784,379,810) frame=6979
2026.10.01-08.46.31 SHOT label fighter=f-1-hero mode=full bbox=(2167,908,2272,933) frame=6979
2026.10.01-08.46.31 SHOT label fighter=f-1-sk0 mode=full bbox=(2223,661,2304,690) frame=6979
2026.10.01-08.46.31 SHOT late end file=bench-K2x2p5-1920x1080.png frame=6979
2026.10.01-08.46.31 BENCH shot view=K2x2.5 saved=1 path=C:\tmp\envmaps-research\p5b\tune\runs\final-s/bench-K2x2p5-1920x1080.png
2026.10.01-08.46.31 BENCH done views=4 elapsed=117.9
2026.10.01-08.46.31 --- S08 trace close ---
