2026.09.30-11.48.18 --- S08 trace open 2026.09.30-11.48.18 ---
2026.09.30-11.48.18 HUD team chips ready=1 mode=absolute tagNames=rule
2026.09.30-11.48.18 HUD icon texture size=32 ready=1 path=/Game/ArtTests/ARTMarkers/Textures/T_UI_Action_AttackToken_32 texture=32x32 probe=0 plate=1
2026.09.30-11.48.18 HUD art widget tag impl=umg source=/Game/S08/UI/ArtHud/WBP_S08ArtTag class=/Game/S08/UI/ArtHud/WBP_S08ArtTag.WBP_S08ArtTag_C count=8 missing=- codeDefaultTree=0
2026.09.30-11.48.18 HUD art widget plate impl=umg source=/Game/S08/UI/ArtHud/WBP_S08ArtPlate class=/Game/S08/UI/ArtHud/WBP_S08ArtPlate.WBP_S08ArtPlate_C parts=1 missing=- codeDefaultTree=0
2026.09.30-11.48.18 HUD art widget icon impl=umg source=/Game/S08/UI/ArtHud/WBP_S08ArtIcon class=/Game/S08/UI/ArtHud/WBP_S08ArtIcon.WBP_S08ArtIcon_C parts=1 missing=- codeDefaultTree=0
2026.09.30-11.48.18 HUD art widget damage impl=umg source=/Game/S08/UI/ArtHud/WBP_S08ArtDamage class=/Game/S08/UI/ArtHud/WBP_S08ArtDamage.WBP_S08ArtDamage_C parts=1 missing=- codeDefaultTree=0
2026.09.30-11.48.18 RENDER preset applied=High flag=S08RenderPreset
2026.09.30-11.48.18 LOGIN ok user=art-preview-host
2026.09.30-11.48.21 HEROES loaded 84
2026.09.30-11.48.21 createGame -> room=cmuo1kfwj019pwiwwh3qw7v3t code=<redacted> status=LOBBY
2026.09.30-11.48.23 PERF config tMaxFPS=30.0 frameRateLimit=60.0 vsync=0 smoothFrameRate=0 fixedFrameRate=0 rhi=D3D12
2026.09.30-11.48.23 RENDER tag=PERF rhi=D3D12 featureLevel=SM6 shaderPlatform=PCD3D_SM6 lumenPlatform=1 gi=lumen giMethod=1 refl=lumen reflMethod=1 shadows=csm vsmEnable=0 sg.res=100 sg.view=2 sg.aa=2 sg.shadow=2 sg.gi=2 sg.refl=2 sg.pp=2 sg.tex=2 sg.fx=2 sg.foliage=2 sg.shading=2 sg.landscape=2 preset=High screenPct=100.0 screenPctMode=0 aa=TSR aaMethod=4 exposure=engine-default expMin=1.00000 expMax=1.00000 expBias=1.000 ev100=0.00 lightUnits=- sky=0 skyIntensity=0.000 keyShadow=- shadowCasters=0 profile=- profilesSha256=- profilesSource=- legacyRender=0 gameLayer=unlit-eyeadaptinv tMaxFPS=30.0 vsync=0 frameRateLimit=60.0 substrate=0 nanite=1 meshDF=1 viewport=1920x1080 reference=0 notReference=noArtProfile,exposure,lightUnits,profilesSource
2026.09.30-11.48.23 PERF window t=0.0-5.1 frames=151 fps=29.89 frameMs avg=33.46 p50=33.33 p95=33.33 p99=33.83 max=51.37 hitches50=1 gpuMs avg=1.97 p50=1.49 p95=4.14 gameMs avg=1.90 p95=2.39 renderMs avg=2849.98 p95=5.02
2026.09.30-11.48.24 game -> room=cmuo1kfwj019pwiwwh3qw7v3t code=<redacted> status=LOBBY
2026.09.30-11.48.24 selectHero -> room=cmuo1kfwj019pwiwwh3qw7v3t code=<redacted> status=LOBBY
2026.09.30-11.48.27 game -> room=cmuo1kfwj019pwiwwh3qw7v3t code=<redacted> status=LOBBY
2026.09.30-11.48.27 toggleReady -> room=cmuo1kfwj019pwiwwh3qw7v3t code=<redacted> status=LOBBY
2026.09.30-11.48.28 PERF window t=5.1-10.1 frames=150 fps=29.99 frameMs avg=33.34 p50=33.33 p95=33.37 p99=33.50 max=33.64 hitches50=0 gpuMs avg=1.30 p50=1.29 p95=1.39 gameMs avg=1.95 p95=2.47 renderMs avg=3.85 p95=5.18
2026.09.30-11.48.30 game -> room=cmuo1kfwj019pwiwwh3qw7v3t code=<redacted> status=LOBBY
2026.09.30-11.48.33 PERF window t=10.1-15.1 frames=150 fps=30.00 frameMs avg=33.33 p50=33.33 p95=33.34 p99=33.35 max=33.41 hitches50=0 gpuMs avg=1.34 p50=1.34 p95=1.40 gameMs avg=1.70 p95=2.05 renderMs avg=3.08 p95=3.95
2026.09.30-11.48.33 game -> room=cmuo1kfwj019pwiwwh3qw7v3t code=<redacted> status=LOBBY
2026.09.30-11.48.36 game -> room=cmuo1kfwj019pwiwwh3qw7v3t code=<redacted> status=LOBBY
2026.09.30-11.48.36 startGame -> room=cmuo1kfwj019pwiwwh3qw7v3t code=<redacted> status=IN_PROGRESS
2026.09.30-11.48.36 SNAPSHOT applied seq=1 phase=ACTION_MANEUVER
2026.09.30-11.48.36 HANDLE_APPLIED #1 seq=1 decision=2 fightersValid=1 boardValid=1
2026.09.30-11.48.36 MODE seq=1 mode=0 combat=0 pending=0
2026.09.30-11.48.36 HUD seq=1 phase=ACTION_MANEUVER turn=you hand=5 oppHand=5(hidden) oppDeck=25 deck=25 discard=0
2026.09.30-11.48.36 ARTPREVIEW diorama requested mesh=/Game/PipelineCandidates/TableBase/20260928-table-base-tripo-h31/Meshes/SM_TableBase.SM_TableBase mi=MI_TableBase_Candidate
2026.09.30-11.48.36 ARTPREVIEW board profiles loaded=1 revision=5 boards=3 zoneStyles=11 lightProfiles=3 errors=0 path=Config/ArtBoards/S08ArtBoardProfiles.json
2026.09.30-11.48.36 ARTPREVIEW board profiles source=pak sha256=1ecc1e9281845655acf8b31f1dcf52a7510abfc8ba8505525ad72ee8f4ce3c4c
2026.09.30-11.48.36 ARTPREVIEW zone content instances=12/12 glyphMeshes=11/11
2026.09.30-11.48.36 ARTPREVIEW zone keyline content mi=MI_ART005_Zone_Keyline glyphKeyMeshes=11/11 color=#111317
2026.09.30-11.48.36 ARTPREVIEW game layer material=M_S08_GameLayerUnlit unlitEyeAdaptInv=1 legacyRender=0
2026.09.30-11.48.36 ARTPREVIEW Cobble assets ready
2026.09.30-11.48.36 ARTPREVIEW board assets ready cobbleMesh=1 tiles=1 zoneMaterials=2
2026.09.30-11.48.36 ARTPREVIEW medusa candidate variant=face-neck-v2 mesh=SK_Medusa_FaceNeck_v2Candidate requested=face-neck-v2
2026.09.30-11.48.36 ARTPREVIEW board profile=cobble-city match=boardId board=5x6 boardId=cmuhgs4b2001mwik4f2b2xtf8 surface=cobble-5x6-mesh light=cobble-probe artFixture=0
2026.09.30-11.48.36 ARTPREVIEW light profile=cobble-probe name=key role=key kind=directional at=(-350,-150,600) intensity=4.5 units=lux radius=0 color=(1.00,1.00,1.00) shadow=1
2026.09.30-11.48.36 ARTPREVIEW light profile=cobble-probe name=warm role=warm kind=point at=(260,-300,250) intensity=85 units=candelas radius=450 color=(1.00,1.00,1.00) shadow=0
2026.09.30-11.48.36 ARTPREVIEW sky profile=cobble-probe cubemap=/Game/S08/Render/TC_S08_AmbientDome loaded=1 spawned=1 intensity=11.2 color=(1.00,1.00,1.00) lowerBlack=0
2026.09.30-11.48.36 ARTPREVIEW exposure profile=cobble-probe method=histogram-fixed min=4.14106 max=4.14106 bias=0.000 ev100=2.05 volume=1
2026.09.30-11.48.36 ARTPREVIEW lights applied profile=cobble-probe directional=1 shadow=1 points=1 pointShadows=0 budgetOk=1
2026.09.30-11.48.36 ARTPREVIEW render profile=cobble-probe units=candelas sky=1 exposure=1 keyShadow=csm-3000uu-2c-contact0.000 shadowCasters=1 legacyRender=0
2026.09.30-11.48.36 ARTPREVIEW Cobble probe lights key=4.5 fill=0 warm=85
2026.09.30-11.48.36 ARTPREVIEW board zone keylines pieces=60 glyphKeys=30 glyphKeyCubePieces=0 mi=MI_ART005_Zone_Keyline growUU=1.5 edgeUU=42.0 maxOuterUU=45.0
2026.09.30-11.48.36 ARTPREVIEW board glyph meshes instances=30 keys=2/2 cubePieces=0 anchors=30
2026.09.30-11.48.36 ARTPREVIEW Cobble active 5x6 zones=30 blue=15 red=15 blueMarks=15 redMarks=45
2026.09.30-11.48.36 ARTPREVIEW board active profile=cobble-city 5x6 surface=cobble-5x6-mesh cells=30 zoneCells=30 multizone=0 triple=0 obstacles=0 zoneKeys=2 strokes=60 glyphs=45 surfaceParts=0 glyphMaterial=zone expectOk=1
2026.09.30-11.48.36 ARTPREVIEW board zone key=blue cells=15 stroke=solid glyph=diamond color=#3B78D8 ismUsage=1 strokePieces=15 glyphPieces=15 mi=MI_ART005_Zone_Blue glyphMesh=SM_ART005_ZoneGlyph_Diamond glyphInstances=15 fallback=0
2026.09.30-11.48.36 ARTPREVIEW board zone key=red cells=15 stroke=dash3 glyph=bars2 color=#EC6650 ismUsage=1 strokePieces=45 glyphPieces=30 mi=MI_ART005_Zone_Red glyphMesh=SM_ART005_ZoneGlyph_Bars2 glyphInstances=15 fallback=0
2026.09.30-11.48.36 ARTPREVIEW board multizone cells=0 zonesListed=0 zonesMarked=0
2026.09.30-11.48.36 ARTPREVIEW diorama tray=/Game/PipelineCandidates/TableBase/20260928-table-base-tripo-h31/Meshes/SM_TableBase.SM_TableBase mi=MI_TableBase_Candidate surface=cobble-5x6-mesh yaw=-90.0 scale=1.000x1.000x1.000 bounds=(-328.0,-378.0,-153.0)..(328.0,378.0,-3.0) size=656.0x756.0x150.0 topZ=-3.0 boardHalf=278.0x328.0 rimUU=50.0 collision=none
2026.09.30-11.48.36 CAMERA dist=1931 loc=(0,1107,1582) pitch=-55 yaw=-90
2026.09.30-11.48.36 CAMERA config overview=1930.8 nearest=300.0 farthest=2970.4 zoomRange=0.65-6.44 minDist=300.0 outRatio=0.650 step=1.250 animMs=200 returnMs=300 followFrom=1.20 source=defaults issues=0
2026.09.30-11.48.36 BOARD 5x6 cells | control points: (0,0)=(-200,-250,0) (4,5)=(200,250,0) | neighbor pair (dist 100 uu)
2026.09.30-11.48.36 ARTPREVIEW team mapping mode=absolute source=seatOrder viewerTeam=P1 p1=f-0-hero,f-0-sk0,f-0-sk1,f-0-sk2 p2=f-1-hero,f-1-sk0
2026.09.30-11.48.36 ARTPREVIEW heroesV2 fighter=f-0-hero mesh=/Game/PipelineCandidates/Medusa/H2LD/Meshes/SK_Medusa_H2LD mi=/Game/PipelineCandidates/Medusa/H2LD/Materials/MI_Medusa_H2LD_P1 yaw=90.0 scale=0.9998 name=Medusa hero=1 look=P1 base=/Game/PipelineCandidates/Medusa/H2LD/Meshes/SM_Medusa_H2LD_Base baseMi=/Game/PipelineCandidates/Medusa/H2LD/Materials/MI_Medusa_H2LD_Base_P1 skeleton=/Game/PipelineCandidates/Medusa/Rig/SK_Medusa_Skeleton.SK_Medusa_Skeleton clips=4/4 boundsTop=55.00 figureTop=55.00 budget=55.0
2026.09.30-11.48.36 ARTPREVIEW click capsule fighter=f-0-hero mesh=SK_Medusa_H2LD physicsAsset=0 radius=11.6 halfHeight=27.5 top=55.0 bodyCollision=0 source=meshBounds
2026.09.30-11.48.36 ARTPREVIEW fighter=Medusa hero=1 eligible=0 visual=1 mesh=SK_Medusa_H2LD
2026.09.30-11.48.36 ARTPREVIEW team ring fighter=f-0-hero team=P1 look=P1 mode=absolute shape=circle shown=1 mesh=SM_Marker_TeamRing_P1 fill=#E8C06A keyline=#111317 fillLinear=(0.8070,0.5271,0.1441) zMin=0.60 zMax=1.20 scale=1.00 base=hidden blockout=0 art=1 rim=#FFFFFF
2026.09.30-11.48.36 ARTPREVIEW anim fighter=f-0-hero clip=Idle len=2.333 event=spawn loop=1 phase=0.8071 seq=-1 asset=AM_Medusa_Idle
2026.09.30-11.48.36 ARTPREVIEW heroesV2 fighter=f-0-sk0 mesh=/Game/PipelineCandidates/Harpy/H3LD/Meshes/SK_Harpy_H3LD mi=/Game/PipelineCandidates/Harpy/H3LD/Materials/MI_Harpy_H3LD_P1 yaw=90.0 scale=1.0000 name=Harpies hero=0 look=P1 base=/Game/PipelineCandidates/Harpy/H3LD/Meshes/SM_Harpy_H3LD_Base baseMi=/Game/PipelineCandidates/Harpy/H3LD/Materials/MI_Harpy_H3LD_Base_P1 skeleton=/Game/PipelineCandidates/Harpy/Rig/SK_Harpy_Skeleton.SK_Harpy_Skeleton clips=4/4 boundsTop=42.00 figureTop=42.00 budget=42.0
2026.09.30-11.48.36 ARTPREVIEW click capsule fighter=f-0-sk0 mesh=SK_Harpy_H3LD physicsAsset=0 radius=20.0 halfHeight=21.0 top=42.0 bodyCollision=0 source=meshBounds
2026.09.30-11.48.36 ARTPREVIEW team ring fighter=f-0-sk0 team=P1 look=P1 mode=absolute shape=circle shown=1 mesh=SM_Marker_TeamRing_P1 fill=#E8C06A keyline=#111317 fillLinear=(0.8070,0.5271,0.1441) zMin=0.60 zMax=1.20 scale=0.78 base=hidden blockout=0 art=1 rim=#FFFFFF
2026.09.30-11.48.36 ARTPREVIEW anim fighter=f-0-sk0 clip=Idle len=2.000 event=spawn loop=1 phase=0.6635 seq=-1 asset=AM_Harpy_Idle
2026.09.30-11.48.36 ARTPREVIEW heroesV2 fighter=f-0-sk1 mesh=/Game/PipelineCandidates/Harpy/H3LD/Meshes/SK_Harpy_H3LD mi=/Game/PipelineCandidates/Harpy/H3LD/Materials/MI_Harpy_H3LD_P1 yaw=90.0 scale=1.0000 name=Harpies hero=0 look=P1 base=/Game/PipelineCandidates/Harpy/H3LD/Meshes/SM_Harpy_H3LD_Base baseMi=/Game/PipelineCandidates/Harpy/H3LD/Materials/MI_Harpy_H3LD_Base_P1 skeleton=/Game/PipelineCandidates/Harpy/Rig/SK_Harpy_Skeleton.SK_Harpy_Skeleton clips=4/4 boundsTop=42.00 figureTop=42.00 budget=42.0
2026.09.30-11.48.36 ARTPREVIEW click capsule fighter=f-0-sk1 mesh=SK_Harpy_H3LD physicsAsset=0 radius=20.0 halfHeight=21.0 top=42.0 bodyCollision=0 source=meshBounds
2026.09.30-11.48.36 ARTPREVIEW team ring fighter=f-0-sk1 team=P1 look=P1 mode=absolute shape=circle shown=1 mesh=SM_Marker_TeamRing_P1 fill=#E8C06A keyline=#111317 fillLinear=(0.8070,0.5271,0.1441) zMin=0.60 zMax=1.20 scale=0.78 base=hidden blockout=0 art=1 rim=#FFFFFF
2026.09.30-11.48.36 ARTPREVIEW anim fighter=f-0-sk1 clip=Idle len=2.000 event=spawn loop=1 phase=0.9016 seq=-1 asset=AM_Harpy_Idle
2026.09.30-11.48.36 ARTPREVIEW heroesV2 fighter=f-0-sk2 mesh=/Game/PipelineCandidates/Harpy/H3LD/Meshes/SK_Harpy_H3LD mi=/Game/PipelineCandidates/Harpy/H3LD/Materials/MI_Harpy_H3LD_P1 yaw=90.0 scale=1.0000 name=Harpies hero=0 look=P1 base=/Game/PipelineCandidates/Harpy/H3LD/Meshes/SM_Harpy_H3LD_Base baseMi=/Game/PipelineCandidates/Harpy/H3LD/Materials/MI_Harpy_H3LD_Base_P1 skeleton=/Game/PipelineCandidates/Harpy/Rig/SK_Harpy_Skeleton.SK_Harpy_Skeleton clips=4/4 boundsTop=42.00 figureTop=42.00 budget=42.0
2026.09.30-11.48.36 ARTPREVIEW click capsule fighter=f-0-sk2 mesh=SK_Harpy_H3LD physicsAsset=0 radius=20.0 halfHeight=21.0 top=42.0 bodyCollision=0 source=meshBounds
2026.09.30-11.48.36 ARTPREVIEW team ring fighter=f-0-sk2 team=P1 look=P1 mode=absolute shape=circle shown=1 mesh=SM_Marker_TeamRing_P1 fill=#E8C06A keyline=#111317 fillLinear=(0.8070,0.5271,0.1441) zMin=0.60 zMax=1.20 scale=0.78 base=hidden blockout=0 art=1 rim=#FFFFFF
2026.09.30-11.48.36 ARTPREVIEW anim fighter=f-0-sk2 clip=Idle len=2.000 event=spawn loop=1 phase=0.1873 seq=-1 asset=AM_Harpy_Idle
2026.09.30-11.48.36 ARTPREVIEW heroesV2 fighter=f-1-hero mesh=/Game/PipelineCandidates/KingArthur/H2LD/Meshes/SK_KingArthur_H2LD mi=/Game/PipelineCandidates/KingArthur/H2LD/Materials/MI_KingArthur_H2LD_P2 yaw=270.0 scale=1.0000 name=King Arthur hero=1 look=P2 base=/Game/PipelineCandidates/KingArthur/H2LD/Meshes/SM_KingArthur_H2LD_Base baseMi=/Game/PipelineCandidates/KingArthur/H2LD/Materials/MI_KingArthur_H2LD_Base_P2 skeleton=/Game/PipelineCandidates/KingArthur/Rig/SK_KingArthur_Skeleton.SK_KingArthur_Skeleton clips=4/4 boundsTop=60.06 figureTop=55.00 budget=55.0
2026.09.30-11.48.36 ARTPREVIEW click capsule fighter=f-1-hero mesh=SK_KingArthur_H2LD physicsAsset=0 radius=12.8 halfHeight=30.0 top=60.1 bodyCollision=0 source=meshBounds
2026.09.30-11.48.36 ARTPREVIEW team ring fighter=f-1-hero team=P2 look=P2 mode=absolute shape=hexagon shown=1 mesh=SM_Marker_TeamRing_P2 fill=#5A7F9F keyline=#111317 fillLinear=(0.1022,0.2122,0.3467) zMin=0.60 zMax=1.20 scale=1.00 base=hidden blockout=0 art=1 rim=#FFFFFF
2026.09.30-11.48.36 ARTPREVIEW anim fighter=f-1-hero clip=Idle len=2.500 event=spawn loop=1 phase=0.3470 seq=-1 asset=AM_KingArthur_Idle
2026.09.30-11.48.37 ARTPREVIEW heroesV2 fighter=f-1-sk0 mesh=/Game/PipelineCandidates/Merlin/H2LD/Meshes/SK_Merlin_H2LD mi=/Game/PipelineCandidates/Merlin/H2LD/Materials/MI_Merlin_H2LD_P2 yaw=270.0 scale=1.0003 name=Merlin hero=0 look=P2 base=/Game/PipelineCandidates/Merlin/H2LD/Meshes/SM_Merlin_H2LD_Base baseMi=/Game/PipelineCandidates/Merlin/H2LD/Materials/MI_Merlin_H2LD_Base_P2 skeleton=/Game/PipelineCandidates/Merlin/Rig/SK_Merlin_Skeleton.SK_Merlin_Skeleton clips=4/4 boundsTop=49.44 figureTop=45.00 budget=45.0
2026.09.30-11.48.37 ARTPREVIEW click capsule fighter=f-1-sk0 mesh=SK_Merlin_H2LD physicsAsset=0 radius=10.5 halfHeight=24.7 top=49.4 bodyCollision=0 source=meshBounds
2026.09.30-11.48.37 ARTPREVIEW team ring fighter=f-1-sk0 team=P2 look=P2 mode=absolute shape=hexagon shown=1 mesh=SM_Marker_TeamRing_P2 fill=#5A7F9F keyline=#111317 fillLinear=(0.1022,0.2122,0.3467) zMin=0.60 zMax=1.20 scale=0.78 base=hidden blockout=0 art=1 rim=#FFFFFF
2026.09.30-11.48.37 ARTPREVIEW anim fighter=f-1-sk0 clip=Idle len=3.000 event=spawn loop=1 phase=0.8028 seq=-1 asset=AM_Merlin_Idle
2026.09.30-11.48.37 ARTPREVIEW heroesV2 summary fighters=6 mapped=6 v2=6
2026.09.30-11.48.37 FIGHTERS synced n=6 alive=6 own=4 enemy=2
2026.09.30-11.48.37 STATE seq=1 -> apply
2026.09.30-11.48.37 HUD art layer plate=1 iconSize=32 iconTexture=1 iconProbe=0 plan=0
2026.09.30-11.48.37 HUD art impl=umg plateViews=umg:/Game/S08/UI/ArtHud/WBP_S08ArtPlate iconViews=umg:/Game/S08/UI/ArtHud/WBP_S08ArtIcon textTable=S08ArtHud entries=13 missingKeys=0
2026.09.30-11.48.37 TAG fighter=f-0-sk0 bbox=(502,127,586,149) mode=compact look=P1 placement=above ring=0 hardPx2=0 softPx2=0 order=1 bound=1
2026.09.30-11.48.37 TAG fighter=f-1-sk0 bbox=(1334,58,1418,80) mode=compact look=P2 placement=above ring=0 hardPx2=0 softPx2=0 order=0 bound=1
2026.09.30-11.48.37 ARTPREVIEW screen labels=1 (world TextRender labels and damage text hidden)
2026.09.30-11.48.37 SUBSCRIBED gameStateUpdated since=1
2026.09.30-11.48.37 TAG fighter=f-0-hero bbox=(909,389,1011,411) mode=compact look=P1 placement=inset ring=0 hardPx2=0 softPx2=0 order=1 bound=1
2026.09.30-11.48.37 TAG fighter=f-0-sk0 bbox=(1075,385,1159,407) mode=compact look=P1 placement=above ring=0 hardPx2=0 softPx2=0 order=3 bound=1
2026.09.30-11.48.37 TAG fighter=f-0-sk1 bbox=(918,264,1002,286) mode=compact look=P1 placement=above ring=0 hardPx2=0 softPx2=0 order=0 bound=1
2026.09.30-11.48.37 TAG fighter=f-0-sk2 bbox=(761,385,845,407) mode=compact look=P1 placement=above ring=0 hardPx2=0 softPx2=0 order=2 bound=1
2026.09.30-11.48.37 TAG fighter=f-1-hero bbox=(909,646,1011,668) mode=compact look=P2 placement=below ring=0 hardPx2=0 softPx2=0 order=4 bound=1
2026.09.30-11.48.37 TAG fighter=f-1-sk0 bbox=(1080,507,1164,529) mode=compact look=P2 placement=above ring=0 hardPx2=0 softPx2=0 order=5 bound=1
2026.09.30-11.48.37 SNAPSHOT applied seq=1 phase=ACTION_MANEUVER
2026.09.30-11.48.37 HANDLE_APPLIED #2 seq=1 decision=1 fightersValid=1 boardValid=1
2026.09.30-11.48.37 MODE seq=1 mode=0 combat=0 pending=0
2026.09.30-11.48.37 HUD seq=1 phase=ACTION_MANEUVER turn=you hand=5 oppHand=5(hidden) oppDeck=25 deck=25 discard=0
2026.09.30-11.48.37 ARTPREVIEW fighter=Medusa hero=1 eligible=0 visual=1 mesh=SK_Medusa_H2LD
2026.09.30-11.48.37 FIGHTERS synced n=6 alive=6 own=4 enemy=2
2026.09.30-11.48.37 WS seq=1 phase=ACTION_MANEUVER (merge)
2026.09.30-11.48.37 TAG fighter=f-0-hero bbox=(909,389,1011,411) mode=compact look=P1 placement=inset ring=0 hardPx2=0 softPx2=0 order=1 bound=1
2026.09.30-11.48.37 TAG fighter=f-0-sk0 bbox=(1075,385,1159,407) mode=compact look=P1 placement=above ring=0 hardPx2=0 softPx2=0 order=3 bound=1
2026.09.30-11.48.37 TAG fighter=f-0-sk1 bbox=(918,264,1002,286) mode=compact look=P1 placement=above ring=0 hardPx2=0 softPx2=0 order=0 bound=1
2026.09.30-11.48.37 TAG fighter=f-0-sk2 bbox=(761,385,845,407) mode=compact look=P1 placement=above ring=0 hardPx2=0 softPx2=0 order=2 bound=1
2026.09.30-11.48.37 TAG fighter=f-1-hero bbox=(909,646,1011,668) mode=compact look=P2 placement=below ring=0 hardPx2=0 softPx2=0 order=4 bound=1
2026.09.30-11.48.37 TAG fighter=f-1-sk0 bbox=(1080,507,1164,529) mode=compact look=P2 placement=above ring=0 hardPx2=0 softPx2=0 order=5 bound=1
2026.09.30-11.48.38 PERF window t=15.1-20.1 frames=149 fps=29.60 frameMs avg=33.78 p50=33.33 p95=33.33 p99=33.38 max=99.79 hitches50=1 gpuMs avg=1.58 p50=1.38 p95=2.02 gameMs avg=2.55 p95=2.30 renderMs avg=4.23 p95=4.94
2026.09.30-11.48.39 game -> room=cmuo1kfwj019pwiwwh3qw7v3t code=<redacted> status=IN_PROGRESS
2026.09.30-11.48.42 game -> room=cmuo1kfwj019pwiwwh3qw7v3t code=<redacted> status=IN_PROGRESS
2026.09.30-11.48.43 PERF window t=20.1-25.1 frames=151 fps=30.00 frameMs avg=33.33 p50=33.33 p95=33.33 p99=33.34 max=33.34 hitches50=0 gpuMs avg=1.86 p50=1.83 p95=2.03 gameMs avg=1.77 p95=2.14 renderMs avg=3.77 p95=5.02
2026.09.30-11.48.45 game -> room=cmuo1kfwj019pwiwwh3qw7v3t code=<redacted> status=IN_PROGRESS
2026.09.30-11.48.48 game -> room=cmuo1kfwj019pwiwwh3qw7v3t code=<redacted> status=IN_PROGRESS
2026.09.30-11.48.48 PERF window t=25.1-30.2 frames=151 fps=30.00 frameMs avg=33.33 p50=33.33 p95=33.33 p99=33.33 max=33.34 hitches50=0 gpuMs avg=1.90 p50=1.89 p95=2.05 gameMs avg=1.82 p95=2.30 renderMs avg=4.03 p95=5.18
2026.09.30-11.48.51 game -> room=cmuo1kfwj019pwiwwh3qw7v3t code=<redacted> status=IN_PROGRESS
2026.09.30-11.48.52 ARTPREVIEW selection ring shown fighter=Medusa mesh=SM_Marker_SelectionRing
2026.09.30-11.48.52 ARTPREVIEW reachable corners cells=13 placed=1
2026.09.30-11.48.52 ARTPREVIEW selection ownHero=1 selected=1 fighter=Medusa reachable=14 fighterId=f-0-hero
2026.09.30-11.48.52 INPUT select src=flag fighter=f-0-hero flag=ArtPreviewSelectOwnHero
2026.09.30-11.48.52 ARTPREVIEW camera focus requested zoom=5.00 overview=1931 target=386
2026.09.30-11.48.52 INPUT zoom src=flag zoom=5.00 flag=ArtPreviewFocusZoom
2026.09.30-11.48.52 CAMERA focus src=flag from=1930.8 to=386.2 requested=386.2 zoom=5.00 clamp=0 limit=none animMs=200
2026.09.30-11.48.52 HUD plate content fighter=f-0-hero name=Medusa hp=16/16 team=own statuses=HERO  |  MELEE teamSlot=P1 look=P1 shape=circle chip=#DAC576
2026.09.30-11.48.52 PLATE fighter=f-0-hero bbox=(1154,471,1326,525) overlapReachable=0 placement=right ring=0 gap=6 selection=f-0-hero destinations=13 clean=1 softPx2=0 tested=276 bound=1
2026.09.30-11.48.52 TAG fighter=f-0-sk0 bbox=(1529,331,1613,353) mode=compact look=P1 placement=above ring=0 hardPx2=0 softPx2=0 order=2 bound=1
2026.09.30-11.48.52 TAG fighter=f-0-sk1 bbox=(1167,7,1251,29) mode=compact look=P1 placement=right ring=13 hardPx2=0 softPx2=0 order=0 bound=1
2026.09.30-11.48.52 TAG fighter=f-0-sk2 bbox=(307,331,391,353) mode=compact look=P1 placement=above ring=0 hardPx2=0 softPx2=0 order=1 bound=1
2026.09.30-11.48.52 TAG fighter=f-1-hero bbox=(909,768,1011,790) mode=compact look=P2 placement=above ring=0 hardPx2=0 softPx2=0 order=3 bound=1
2026.09.30-11.48.52 TAG fighter=f-1-sk0 bbox=(1615,843,1699,865) mode=compact look=P2 placement=above ring=0 hardPx2=0 softPx2=0 order=4 bound=1
2026.09.30-11.48.52 CAMERA settled elapsed=34.19 dist=386.2 target=386.2 errPct=0.000 focusErr=0.00 focus=(0,-50,28)
2026.09.30-11.48.52 PLATE fighter=f-0-hero bbox=(868,851,1040,905) overlapReachable=0 placement=below ring=0 gap=6 selection=f-0-hero destinations=13 clean=1 softPx2=0 tested=344 bound=1
2026.09.30-11.48.52 TAG fighter=f-0-sk0 bbox=(1713,310,1797,332) mode=compact look=P1 placement=above ring=0 hardPx2=0 softPx2=0 order=2 bound=1
2026.09.30-11.48.52 TAG fighter=f-0-sk1 bbox=(918,222,1002,244) mode=compact look=P1 placement=below ring=0 hardPx2=0 softPx2=1246 order=0 bound=0
2026.09.30-11.48.52 TAG fighter=f-0-sk2 bbox=(123,310,207,332) mode=compact look=P1 placement=above ring=0 hardPx2=0 softPx2=0 order=1 bound=1
2026.09.30-11.48.52 TAG fighter=f-1-hero bbox=(1265,924,1367,946) mode=compact look=P2 placement=right ring=0 hardPx2=0 softPx2=0 order=3 bound=1
2026.09.30-11.48.52 TAG fighter=f-1-sk0 bbox=(1524,1023,1608,1045) mode=compact look=P2 placement=left ring=0 hardPx2=0 softPx2=0 order=4 bound=1
2026.09.30-11.48.53 PERF window t=30.2-35.2 frames=151 fps=30.00 frameMs avg=33.33 p50=33.33 p95=33.33 p99=33.35 max=33.36 hitches50=0 gpuMs avg=1.96 p50=1.94 p95=2.22 gameMs avg=2.16 p95=2.88 renderMs avg=3.75 p95=4.60
2026.09.30-11.48.54 SHOT ctx viewport=1920x1080 viewTarget=CameraActor_2147482348 cam=(0,171,344) rot=(-55,-90,0)
2026.09.30-11.48.54 RENDER tag=SHOT rhi=D3D12 featureLevel=SM6 shaderPlatform=PCD3D_SM6 lumenPlatform=1 gi=lumen giMethod=1 refl=lumen reflMethod=1 shadows=csm vsmEnable=0 sg.res=100 sg.view=2 sg.aa=2 sg.shadow=2 sg.gi=2 sg.refl=2 sg.pp=2 sg.tex=2 sg.fx=2 sg.foliage=2 sg.shading=2 sg.landscape=2 preset=High screenPct=100.0 screenPctMode=0 aa=TSR aaMethod=4 exposure=fixed-histogram expMin=4.14106 expMax=4.14106 expBias=0.000 ev100=2.05 lightUnits=candelas sky=1 skyIntensity=11.200 keyShadow=csm-3000uu-2c-contact0.000 shadowCasters=1 profile=cobble-probe profilesSha256=1ecc1e9281845655acf8b31f1dcf52a7510abfc8ba8505525ad72ee8f4ce3c4c profilesSource=pak legacyRender=0 gameLayer=unlit-eyeadaptinv tMaxFPS=30.0 vsync=0 frameRateLimit=60.0 substrate=0 nanite=1 meshDF=1 viewport=1920x1080 reference=1
2026.09.30-11.48.54 SHOT fighter f-0-hero pos=(2,2) world=(0,-50,0) screen=(960,660) projected=1 alive=1
2026.09.30-11.48.54 SHOT fighter f-0-sk0 pos=(3,2) world=(100,-50,0) screen=(1704,660) projected=1 alive=1
2026.09.30-11.48.54 SHOT fighter f-0-sk1 pos=(2,1) world=(0,-150,0) screen=(960,110) projected=1 alive=1
2026.09.30-11.48.54 SHOT fighter f-0-sk2 pos=(1,2) world=(-100,-50,0) screen=(216,660) projected=1 alive=1
2026.09.30-11.48.54 SHOT fighter f-1-hero pos=(2,3) world=(0,50,0) screen=(960,1388) projected=1 alive=1
2026.09.30-11.48.54 SHOT fighter f-1-sk0 pos=(3,3) world=(100,50,0) screen=(1826,1388) projected=1 alive=1
2026.09.30-11.48.54 SHOT camera dist=386.2 target=386.2 overview=1930.8 errPct=0.000 focusErr=0.00 settled=1 zoom=5.00
2026.09.30-11.48.54 SHOT head fighter=f-0-hero socket=Head mesh=SK_Medusa_H2LD world=(0.3,-48.7,47.1) screen=(962.2,458.5) top=(962.2,428.7) bottom=(962.2,487.6) headPx=58.8 projected=1
2026.09.30-11.48.54 SHOT head fighter=f-0-sk0 socket=Head mesh=SK_Harpy_H3LD world=(99.5,-45.1,34.3) screen=(1761.3,543.6) top=(1771.9,515.5) bottom=(1751.0,570.9) headPx=59.1 projected=1
2026.09.30-11.48.54 SHOT head fighter=f-0-sk1 socket=Head mesh=SK_Harpy_H3LD world=(-0.7,-144.7,34.0) screen=(954.9,-26.1) top=(954.8,-56.9) bottom=(955.0,4.0) headPx=60.9 projected=1
2026.09.30-11.48.54 SHOT head fighter=f-0-sk2 socket=Head mesh=SK_Harpy_H3LD world=(-100.1,-44.7,33.9) screen=(154.0,547.6) top=(143.4,519.6) bottom=(164.3,574.8) headPx=59.1 projected=1
2026.09.30-11.48.54 SHOT head fighter=f-1-hero socket=Head mesh=SK_KingArthur_H2LD world=(0.1,49.0,50.1) screen=(960.8,1209.3) top=(960.9,1185.8) bottom=(960.8,1232.0) headPx=46.2 projected=1
2026.09.30-11.48.54 SHOT head fighter=f-1-sk0 socket=Head mesh=SK_Merlin_H2LD world=(100.4,47.0,36.5) screen=(1904.4,1241.3) top=(1919.0,1219.3) bottom=(1890.3,1262.8) headPx=52.1 projected=1
2026.09.30-11.48.54 SHOT selection fighter=f-0-hero ownCell=(2,2) legal=14 destinations=13 ownCellExcluded=1 plateFighter=f-0-hero
2026.09.30-11.48.54 SHOT reachable fighter=f-0-hero n=13 cells=(1,0)(2,0)(3,0)(0,1)(1,1)(3,1)(4,1)(0,2)(4,2)(0,3)(1,3)(4,3)(1,4)
2026.09.30-11.48.54 SHOT plate fighter=f-0-hero bbox=(868,851,1040,905) overlapReachable=0 placement=below gap=6 anchor=(710,229,1210,845) planned=(868,851,1040,905) geom=painted stableFrames=54
2026.09.30-11.48.54 SHOT figure fighter=f-0-hero bbox=(710,229,1210,845) ringR=28.50 art=1 blockout=0 team=P1 look=P1 ring=1
2026.09.30-11.48.54 SHOT figure fighter=f-0-sk0 bbox=(1521,334,1988,803) ringR=22.23 art=1 blockout=0 team=P1 look=P1 ring=1
2026.09.30-11.48.54 SHOT figure fighter=f-0-sk1 bbox=(799,-200,1121,220) ringR=22.23 art=1 blockout=0 team=P1 look=P1 ring=1
2026.09.30-11.48.54 SHOT figure fighter=f-0-sk2 bbox=(-68,334,399,803) ringR=22.23 art=1 blockout=0 team=P1 look=P1 ring=1
2026.09.30-11.48.54 SHOT figure fighter=f-1-hero bbox=(657,924,1263,1641) ringR=28.50 art=1 blockout=0 team=P2 look=P2 ring=1
2026.09.30-11.48.54 SHOT figure fighter=f-1-sk0 bbox=(1610,1023,2207,1584) ringR=22.23 art=1 blockout=0 team=P2 look=P2 ring=1
2026.09.30-11.48.54 SHOT request file=phase2-board-host-1920x1080.png frame=1078
2026.09.30-11.48.54 SHOT requested: FScreenshotRequest(bShowUI) -> C:\Users\ren\AppData\Local\Temp\s08-phase2-20260930-164816-42052\phase2-board-host-1920x1080.png
2026.09.30-11.48.55 SHOT captured file=phase2-board-host-1920x1080.png frame=1078 px=1920x1080 sha256=3305d17c35815fcd994c1105f548d4ae541d32a4ec061952596b2dd1bdb2e004 order=BGRA saved=1
2026.09.30-11.48.55 SHOT late begin file=phase2-board-host-1920x1080.png frame=1078 requestFrame=1078
2026.09.30-11.48.55 SHOT iconstate visible=0 lastFighter=none frame=1078
2026.09.30-11.48.55 SHOT widget id=plate impl=umg state=own fighter=f-0-hero bbox=(868,851,1040,905) geom=painted visible=1 twin=0 source=/Game/S08/UI/ArtHud/WBP_S08ArtPlate frame=1078
2026.09.30-11.48.55 SHOT widget id=plate.marker impl=umg state=own fighter=f-0-hero bbox=(868,851,1040,854) geom=painted visible=1 twin=0 source=/Game/S08/UI/ArtHud/WBP_S08ArtPlate frame=1078
2026.09.30-11.48.55 SHOT widget id=plate.name impl=umg state=own fighter=f-0-hero bbox=(874,856,974,875) geom=painted visible=1 twin=0 source=/Game/S08/UI/ArtHud/WBP_S08ArtPlate frame=1078
2026.09.30-11.48.55 SHOT widget id=plate.team impl=umg state=own fighter=f-0-hero bbox=(974,859,1034,872) geom=painted visible=1 twin=0 source=/Game/S08/UI/ArtHud/WBP_S08ArtPlate frame=1078
2026.09.30-11.48.55 SHOT widget id=plate.hpbar impl=umg state=own fighter=f-0-hero bbox=(874,881,970,888) geom=painted visible=1 twin=0 source=/Game/S08/UI/ArtHud/WBP_S08ArtPlate frame=1078
2026.09.30-11.48.55 SHOT widget id=plate.hpfill impl=umg state=own fighter=f-0-hero bbox=(874,881,970,888) geom=painted visible=1 twin=0 source=/Game/S08/UI/ArtHud/WBP_S08ArtPlate frame=1078
2026.09.30-11.48.55 SHOT widget id=plate.hp impl=umg state=own fighter=f-0-hero bbox=(976,877,1029,892) geom=painted visible=1 twin=0 source=/Game/S08/UI/ArtHud/WBP_S08ArtPlate frame=1078
2026.09.30-11.48.55 SHOT widget id=plate.status impl=umg state=own fighter=f-0-hero bbox=(874,894,1034,907) geom=painted visible=1 twin=0 source=/Game/S08/UI/ArtHud/WBP_S08ArtPlate frame=1078
2026.09.30-11.48.55 SHOT widget id=plate.teamshape impl=umg state=own fighter=f-0-hero bbox=(978,860,990,872) geom=painted visible=1 twin=0 source=/Game/S08/UI/ArtHud/WBP_S08ArtPlate frame=1078
2026.09.30-11.48.55 SHOT widget id=board.tag impl=umg state=hidden fighter=f-0-hero bbox=(0,0,0,0) geom=unpainted visible=0 twin=0 source=/Game/S08/UI/ArtHud/WBP_S08ArtTag mode=hidden look=P1 shape=circle placement=right ring=0 order=1 bound=1 softPx2=0 planned=(1078,331,1180,353) frame=1078
2026.09.30-11.48.55 SHOT widget id=board.tag.hp impl=umg state=hidden fighter=f-0-hero bbox=(0,0,0,0) geom=unpainted visible=0 twin=0 source=/Game/S08/UI/ArtHud/WBP_S08ArtTag mode=hidden look=P1 shape=circle placement=right ring=0 order=1 bound=1 softPx2=0 planned=(1078,331,1180,353) frame=1078 font=11
2026.09.30-11.48.55 SHOT widget id=board.tag.bar impl=umg state=hidden fighter=f-0-hero bbox=(0,0,0,0) geom=unpainted visible=0 twin=0 source=/Game/S08/UI/ArtHud/WBP_S08ArtTag mode=hidden look=P1 shape=circle placement=right ring=0 order=1 bound=1 softPx2=0 planned=(1078,331,1180,353) frame=1078
2026.09.30-11.48.55 SHOT widget id=board.tag.chip impl=umg state=hidden fighter=f-0-hero bbox=(0,0,0,0) geom=unpainted visible=0 twin=0 source=/Game/S08/UI/ArtHud/WBP_S08ArtTag mode=hidden look=P1 shape=circle placement=right ring=0 order=1 bound=1 softPx2=0 planned=(1078,331,1180,353) frame=1078
2026.09.30-11.48.55 SHOT widget id=board.tag impl=umg state=compact fighter=f-0-sk0 bbox=(1713,310,1797,332) geom=painted visible=1 twin=0 source=/Game/S08/UI/ArtHud/WBP_S08ArtTag mode=compact look=P1 shape=circle placement=above ring=0 order=2 bound=1 softPx2=0 planned=(1713,310,1797,332) frame=1078
2026.09.30-11.48.55 SHOT widget id=board.tag.hp impl=umg state=compact fighter=f-0-sk0 bbox=(1769,312,1793,330) geom=painted visible=1 twin=0 source=/Game/S08/UI/ArtHud/WBP_S08ArtTag mode=compact look=P1 shape=circle placement=above ring=0 order=2 bound=1 softPx2=0 planned=(1713,310,1797,332) frame=1078 font=11
2026.09.30-11.48.55 SHOT widget id=board.tag.bar impl=umg state=compact fighter=f-0-sk0 bbox=(1732,319,1766,324) geom=painted visible=1 twin=0 source=/Game/S08/UI/ArtHud/WBP_S08ArtTag mode=compact look=P1 shape=circle placement=above ring=0 order=2 bound=1 softPx2=0 planned=(1713,310,1797,332) frame=1078
2026.09.30-11.48.55 SHOT widget id=board.tag.chip impl=umg state=compact fighter=f-0-sk0 bbox=(1717,315,1729,327) geom=painted visible=1 twin=0 source=/Game/S08/UI/ArtHud/WBP_S08ArtTag mode=compact look=P1 shape=circle placement=above ring=0 order=2 bound=1 softPx2=0 planned=(1713,310,1797,332) frame=1078
2026.09.30-11.48.55 SHOT widget id=board.tag impl=umg state=compact fighter=f-0-sk1 bbox=(918,222,1002,244) geom=painted visible=1 twin=0 source=/Game/S08/UI/ArtHud/WBP_S08ArtTag mode=compact look=P1 shape=circle placement=below ring=0 order=0 bound=0 softPx2=1246 planned=(918,222,1002,244) frame=1078
2026.09.30-11.48.55 SHOT widget id=board.tag.hp impl=umg state=compact fighter=f-0-sk1 bbox=(974,224,998,242) geom=painted visible=1 twin=0 source=/Game/S08/UI/ArtHud/WBP_S08ArtTag mode=compact look=P1 shape=circle placement=below ring=0 order=0 bound=0 softPx2=1246 planned=(918,222,1002,244) frame=1078 font=11
2026.09.30-11.48.55 SHOT widget id=board.tag.bar impl=umg state=compact fighter=f-0-sk1 bbox=(937,231,971,236) geom=painted visible=1 twin=0 source=/Game/S08/UI/ArtHud/WBP_S08ArtTag mode=compact look=P1 shape=circle placement=below ring=0 order=0 bound=0 softPx2=1246 planned=(918,222,1002,244) frame=1078
2026.09.30-11.48.55 SHOT widget id=board.tag.chip impl=umg state=compact fighter=f-0-sk1 bbox=(922,227,934,239) geom=painted visible=1 twin=0 source=/Game/S08/UI/ArtHud/WBP_S08ArtTag mode=compact look=P1 shape=circle placement=below ring=0 order=0 bound=0 softPx2=1246 planned=(918,222,1002,244) frame=1078
2026.09.30-11.48.55 SHOT widget id=board.tag impl=umg state=compact fighter=f-0-sk2 bbox=(123,310,207,332) geom=painted visible=1 twin=0 source=/Game/S08/UI/ArtHud/WBP_S08ArtTag mode=compact look=P1 shape=circle placement=above ring=0 order=1 bound=1 softPx2=0 planned=(123,310,207,332) frame=1078
2026.09.30-11.48.55 SHOT widget id=board.tag.hp impl=umg state=compact fighter=f-0-sk2 bbox=(179,312,203,330) geom=painted visible=1 twin=0 source=/Game/S08/UI/ArtHud/WBP_S08ArtTag mode=compact look=P1 shape=circle placement=above ring=0 order=1 bound=1 softPx2=0 planned=(123,310,207,332) frame=1078 font=11
2026.09.30-11.48.55 SHOT widget id=board.tag.bar impl=umg state=compact fighter=f-0-sk2 bbox=(142,319,176,324) geom=painted visible=1 twin=0 source=/Game/S08/UI/ArtHud/WBP_S08ArtTag mode=compact look=P1 shape=circle placement=above ring=0 order=1 bound=1 softPx2=0 planned=(123,310,207,332) frame=1078
2026.09.30-11.48.55 SHOT widget id=board.tag.chip impl=umg state=compact fighter=f-0-sk2 bbox=(127,315,139,327) geom=painted visible=1 twin=0 source=/Game/S08/UI/ArtHud/WBP_S08ArtTag mode=compact look=P1 shape=circle placement=above ring=0 order=1 bound=1 softPx2=0 planned=(123,310,207,332) frame=1078
2026.09.30-11.48.55 SHOT widget id=board.tag impl=umg state=compact fighter=f-1-hero bbox=(1265,924,1367,946) geom=painted visible=1 twin=0 source=/Game/S08/UI/ArtHud/WBP_S08ArtTag mode=compact look=P2 shape=hex placement=right ring=0 order=3 bound=1 softPx2=0 planned=(1265,924,1367,946) frame=1078
2026.09.30-11.48.55 SHOT widget id=board.tag.hp impl=umg state=compact fighter=f-1-hero bbox=(1321,926,1363,944) geom=painted visible=1 twin=0 source=/Game/S08/UI/ArtHud/WBP_S08ArtTag mode=compact look=P2 shape=hex placement=right ring=0 order=3 bound=1 softPx2=0 planned=(1265,924,1367,946) frame=1078 font=11
2026.09.30-11.48.55 SHOT widget id=board.tag.bar impl=umg state=compact fighter=f-1-hero bbox=(1284,933,1318,938) geom=painted visible=1 twin=0 source=/Game/S08/UI/ArtHud/WBP_S08ArtTag mode=compact look=P2 shape=hex placement=right ring=0 order=3 bound=1 softPx2=0 planned=(1265,924,1367,946) frame=1078
2026.09.30-11.48.55 SHOT widget id=board.tag.chip impl=umg state=compact fighter=f-1-hero bbox=(1269,929,1281,941) geom=painted visible=1 twin=0 source=/Game/S08/UI/ArtHud/WBP_S08ArtTag mode=compact look=P2 shape=hex placement=right ring=0 order=3 bound=1 softPx2=0 planned=(1265,924,1367,946) frame=1078
2026.09.30-11.48.55 SHOT widget id=board.tag impl=umg state=compact fighter=f-1-sk0 bbox=(1524,1023,1608,1045) geom=painted visible=1 twin=0 source=/Game/S08/UI/ArtHud/WBP_S08ArtTag mode=compact look=P2 shape=hex placement=left ring=0 order=4 bound=1 softPx2=0 planned=(1524,1023,1608,1045) frame=1078
2026.09.30-11.48.55 SHOT widget id=board.tag.hp impl=umg state=compact fighter=f-1-sk0 bbox=(1580,1025,1604,1043) geom=painted visible=1 twin=0 source=/Game/S08/UI/ArtHud/WBP_S08ArtTag mode=compact look=P2 shape=hex placement=left ring=0 order=4 bound=1 softPx2=0 planned=(1524,1023,1608,1045) frame=1078 font=11
2026.09.30-11.48.55 SHOT widget id=board.tag.bar impl=umg state=compact fighter=f-1-sk0 bbox=(1543,1032,1577,1037) geom=painted visible=1 twin=0 source=/Game/S08/UI/ArtHud/WBP_S08ArtTag mode=compact look=P2 shape=hex placement=left ring=0 order=4 bound=1 softPx2=0 planned=(1524,1023,1608,1045) frame=1078
2026.09.30-11.48.55 SHOT widget id=board.tag.chip impl=umg state=compact fighter=f-1-sk0 bbox=(1528,1028,1540,1040) geom=painted visible=1 twin=0 source=/Game/S08/UI/ArtHud/WBP_S08ArtTag mode=compact look=P2 shape=hex placement=left ring=0 order=4 bound=1 softPx2=0 planned=(1524,1023,1608,1045) frame=1078
2026.09.30-11.48.55 SHOT panel id=hud.command bbox=(0,0,601,138) geom=painted visible=1 frame=1078
2026.09.30-11.48.55 SHOT panel id=hud.side bbox=(1432,0,1920,121) geom=painted visible=1 frame=1078
2026.09.30-11.48.55 SHOT panel id=hud.hand bbox=(429,985,1492,1080) geom=painted visible=1 frame=1078
2026.09.30-11.48.55 SHOT late end file=phase2-board-host-1920x1080.png frame=1078
2026.09.30-11.48.55 game -> room=cmuo1kfwj019pwiwwh3qw7v3t code=<redacted> status=IN_PROGRESS
2026.09.30-11.48.58 game -> room=cmuo1kfwj019pwiwwh3qw7v3t code=<redacted> status=IN_PROGRESS
2026.09.30-11.48.58 PERF window t=35.2-40.2 frames=140 fps=27.98 frameMs avg=35.74 p50=33.33 p95=33.33 p99=33.40 max=370.74 hitches50=1 gpuMs avg=2.10 p50=2.07 p95=2.27 gameMs avg=4.43 p95=2.65 renderMs avg=3.77 p95=4.92
2026.09.30-11.49.01 game -> room=cmuo1kfwj019pwiwwh3qw7v3t code=<redacted> status=IN_PROGRESS
2026.09.30-11.49.03 PERF window t=40.2-45.2 frames=150 fps=29.81 frameMs avg=33.54 p50=33.33 p95=33.33 p99=33.37 max=64.75 hitches50=1 gpuMs avg=2.13 p50=2.18 p95=2.31 gameMs avg=2.20 p95=2.72 renderMs avg=4.28 p95=5.34
2026.09.30-11.49.04 game -> room=cmuo1kfwj019pwiwwh3qw7v3t code=<redacted> status=IN_PROGRESS
2026.09.30-11.49.07 game -> room=cmuo1kfwj019pwiwwh3qw7v3t code=<redacted> status=IN_PROGRESS
2026.09.30-11.49.08 PERF summary scope=afterWarmup warmup=5 elapsed=50.0 frames=1338 fps=29.71 frameMs avg=33.66 p50=33.33 p95=33.33 p99=33.37 max=370.74 hitches50=3 gpuMs avg=1.82 p50=1.89 p95=2.28 gameMs avg=2.30 p95=2.63 renderMs avg=3.94 p95=5.26
2026.09.30-11.49.08 PERF summary scope=started elapsed=50.0 frames=943 fps=29.59 frameMs avg=33.80 p50=33.33 p95=33.33 p99=33.35 max=370.74 hitches50=3 gpuMs avg=2.02 p50=1.98 p95=2.31 gameMs avg=2.52 p95=2.72 renderMs avg=4.21 p95=5.35
2026.09.30-11.49.08 PERF summary scope=artHud impl=umg elapsed=50.0 frames=469 fps=29.31 frameMs avg=34.12 p50=33.33 p95=33.33 p99=33.37 max=370.74 hitches50=2 gpuMs avg=2.15 p50=2.14 p95=2.37 gameMs avg=3.00 p95=2.93 renderMs avg=4.28 p95=5.51
2026.09.30-11.49.08 --- S08 trace close ---
