2026.09.28-10.12.06 --- S08 trace open 2026.09.28-10.12.06 ---
2026.09.28-10.12.06 LOGIN ok user=art-preview-joiner
2026.09.28-10.12.09 HEROES loaded 84
2026.09.28-10.12.09 CODE resolved -> cmul38wni00d9wi2o53qmna7v
2026.09.28-10.12.09 joinGame -> room=cmul38wni00d9wi2o53qmna7v code=<redacted> status=LOBBY
2026.09.28-10.12.11 PERF config tMaxFPS=30.0 frameRateLimit=60.0 vsync=0 smoothFrameRate=0 fixedFrameRate=0 rhi=D3D11
2026.09.28-10.12.11 PERF window t=0.0-5.0 frames=151 fps=30.00 frameMs avg=33.33 p50=33.33 p95=33.33 p99=33.35 max=33.38 hitches50=0 gpuMs avg=35.86 p50=33.34 p95=34.01 gameMs avg=1.47 p95=1.62 renderMs avg=2.02 p95=2.21
2026.09.28-10.12.12 game -> room=cmul38wni00d9wi2o53qmna7v code=<redacted> status=LOBBY
2026.09.28-10.12.12 selectHero -> room=cmul38wni00d9wi2o53qmna7v code=<redacted> status=LOBBY
2026.09.28-10.12.15 game -> room=cmul38wni00d9wi2o53qmna7v code=<redacted> status=LOBBY
2026.09.28-10.12.15 toggleReady -> room=cmul38wni00d9wi2o53qmna7v code=<redacted> status=LOBBY
2026.09.28-10.12.16 PERF window t=5.0-10.0 frames=150 fps=30.00 frameMs avg=33.34 p50=33.33 p95=33.34 p99=33.40 max=33.40 hitches50=0 gpuMs avg=32.32 p50=33.31 p95=34.21 gameMs avg=1.38 p95=1.65 renderMs avg=1.66 p95=2.15
2026.09.28-10.12.18 game -> room=cmul38wni00d9wi2o53qmna7v code=<redacted> status=LOBBY
2026.09.28-10.12.21 PERF window t=10.0-15.0 frames=150 fps=30.00 frameMs avg=33.33 p50=33.33 p95=33.33 p99=33.35 max=33.35 hitches50=0 gpuMs avg=32.94 p50=33.31 p95=34.23 gameMs avg=1.33 p95=1.46 renderMs avg=1.66 p95=2.03
2026.09.28-10.12.21 game -> room=cmul38wni00d9wi2o53qmna7v code=<redacted> status=IN_PROGRESS
2026.09.28-10.12.21 WS DROPPED (test-initiated transport loss)
2026.09.28-10.12.21 WS closed (test drop) - reconnect in 1s
2026.09.28-10.12.21 SNAPSHOT applied seq=1 phase=ACTION_MANEUVER
2026.09.28-10.12.21 HANDLE_APPLIED #1 seq=1 decision=2 fightersValid=1 boardValid=1
2026.09.28-10.12.21 MODE seq=1 mode=0 combat=0 pending=0
2026.09.28-10.12.21 HUD seq=1 phase=ACTION_MANEUVER turn=opp hand=5 oppHand=5(hidden) oppDeck=25 deck=25 discard=0
2026.09.28-10.12.21 ARTPREVIEW Cobble assets ready
2026.09.28-10.12.21 ARTPREVIEW medusa candidate variant=face-neck-v2 mesh=SK_Medusa_FaceNeck_v2Candidate requested=face-neck-v2
2026.09.28-10.12.21 ARTPREVIEW Cobble probe lights key=4.5 fill=700 warm=85
2026.09.28-10.12.21 ARTPREVIEW Cobble active 5x6 zones=30 blue=15 red=15 blueMarks=15 redMarks=45
2026.09.28-10.12.21 CAMERA dist=1931 loc=(0,1107,1582) pitch=-55 yaw=-90
2026.09.28-10.12.21 BOARD 5x6 cells | control points: (0,0)=(-200,-250,0) (4,5)=(200,250,0) | neighbor pair (dist 100 uu)
2026.09.28-10.12.21 ARTPREVIEW fighter=Medusa hero=1 eligible=1 visual=1 mesh=SK_Medusa_FaceNeck_v2Candidate
2026.09.28-10.12.21 FIGHTERS synced n=6 alive=6 own=2 enemy=4
2026.09.28-10.12.21 STATE seq=1 -> apply
2026.09.28-10.12.21 WS closed 1000 (normal closure)
2026.09.28-10.12.22 WS reconnect attempt
2026.09.28-10.12.22 SUBSCRIBED gameStateUpdated since=1
2026.09.28-10.12.22 WS reconnected - refetching gameState
2026.09.28-10.12.22 SNAPSHOT applied seq=1 phase=ACTION_MANEUVER
2026.09.28-10.12.22 HANDLE_APPLIED #2 seq=1 decision=1 fightersValid=1 boardValid=1
2026.09.28-10.12.22 MODE seq=1 mode=0 combat=0 pending=0
2026.09.28-10.12.22 HUD seq=1 phase=ACTION_MANEUVER turn=opp hand=5 oppHand=5(hidden) oppDeck=25 deck=25 discard=0
2026.09.28-10.12.22 ARTPREVIEW fighter=Medusa hero=1 eligible=1 visual=1 mesh=SK_Medusa_FaceNeck_v2Candidate
2026.09.28-10.12.22 FIGHTERS synced n=6 alive=6 own=2 enemy=4
2026.09.28-10.12.22 STATE seq=1 -> merge
2026.09.28-10.12.22 SNAPSHOT applied seq=1 phase=ACTION_MANEUVER
2026.09.28-10.12.22 HANDLE_APPLIED #3 seq=1 decision=1 fightersValid=1 boardValid=1
2026.09.28-10.12.22 MODE seq=1 mode=0 combat=0 pending=0
2026.09.28-10.12.22 HUD seq=1 phase=ACTION_MANEUVER turn=opp hand=5 oppHand=5(hidden) oppDeck=25 deck=25 discard=0
2026.09.28-10.12.22 ARTPREVIEW fighter=Medusa hero=1 eligible=1 visual=1 mesh=SK_Medusa_FaceNeck_v2Candidate
2026.09.28-10.12.22 FIGHTERS synced n=6 alive=6 own=2 enemy=4
2026.09.28-10.12.22 WS seq=1 phase=ACTION_MANEUVER (merge)
2026.09.28-10.12.24 game -> room=cmul38wni00d9wi2o53qmna7v code=<redacted> status=IN_PROGRESS
2026.09.28-10.12.26 PERF window t=15.0-20.0 frames=150 fps=30.00 frameMs avg=33.33 p50=33.33 p95=33.34 p99=33.38 max=33.39 hitches50=0 gpuMs avg=32.75 p50=33.31 p95=34.54 gameMs avg=1.60 p95=1.89 renderMs avg=2.43 p95=3.27
2026.09.28-10.12.27 game -> room=cmul38wni00d9wi2o53qmna7v code=<redacted> status=IN_PROGRESS
2026.09.28-10.12.30 game -> room=cmul38wni00d9wi2o53qmna7v code=<redacted> status=IN_PROGRESS
2026.09.28-10.12.31 PERF window t=20.0-25.1 frames=151 fps=30.00 frameMs avg=33.33 p50=33.33 p95=33.33 p99=33.33 max=33.33 hitches50=0 gpuMs avg=33.15 p50=33.31 p95=34.53 gameMs avg=1.25 p95=1.36 renderMs avg=2.27 p95=2.56
2026.09.28-10.12.33 game -> room=cmul38wni00d9wi2o53qmna7v code=<redacted> status=IN_PROGRESS
2026.09.28-10.12.36 game -> room=cmul38wni00d9wi2o53qmna7v code=<redacted> status=IN_PROGRESS
2026.09.28-10.12.36 PERF window t=25.1-30.1 frames=151 fps=30.00 frameMs avg=33.33 p50=33.33 p95=33.33 p99=33.34 max=33.38 hitches50=0 gpuMs avg=32.59 p50=33.34 p95=34.52 gameMs avg=1.25 p95=1.40 renderMs avg=2.33 p95=2.69
2026.09.28-10.12.39 game -> room=cmul38wni00d9wi2o53qmna7v code=<redacted> status=IN_PROGRESS
2026.09.28-10.12.41 PERF window t=30.1-35.1 frames=151 fps=30.00 frameMs avg=33.33 p50=33.33 p95=33.33 p99=33.35 max=33.35 hitches50=0 gpuMs avg=32.77 p50=33.33 p95=34.35 gameMs avg=1.25 p95=1.37 renderMs avg=2.37 p95=2.78
2026.09.28-10.12.42 SHOT ctx viewport=1920x1080 viewTarget=CameraActor_2147482372 cam=(0,1107,1582) rot=(-55,-90,0)
2026.09.28-10.12.42 SHOT fighter f-0-hero pos=(2,2) world=(0,-50,0) screen=(960,476) projected=1 alive=1
2026.09.28-10.12.42 SHOT fighter f-0-sk0 pos=(3,2) world=(100,-50,0) screen=(1115,476) projected=1 alive=1
2026.09.28-10.12.42 SHOT fighter f-0-sk1 pos=(2,1) world=(0,-150,0) screen=(960,355) projected=1 alive=1
2026.09.28-10.12.42 SHOT fighter f-0-sk2 pos=(1,2) world=(-100,-50,0) screen=(805,476) projected=1 alive=1
2026.09.28-10.12.42 SHOT fighter f-1-hero pos=(2,3) world=(0,50,0) screen=(960,606) projected=1 alive=1
2026.09.28-10.12.42 SHOT fighter f-1-sk0 pos=(3,3) world=(100,50,0) screen=(1120,606) projected=1 alive=1
2026.09.28-10.12.42 SHOT camera dist=1930.8 target=1930.8 overview=1930.8 errPct=0.000 focusErr=0.00 settled=1 zoom=1.00
2026.09.28-10.12.42 SHOT head fighter=f-0-hero socket=Head mesh=SK_Medusa_FaceNeck_v2Candidate world=(0.0,-46.0,38.5) screen=(960.0,445.5) top=(960.0,439.8) bottom=(960.0,451.2) headPx=11.4 projected=1
2026.09.28-10.12.42 SHOT requested: FScreenshotRequest(bShowUI) -> C:\Users\ren\AppData\Local\Temp\s08-phase2-20260928-151159-48588\phase2-board-joiner-1920x1080.png
2026.09.28-10.12.42 game -> room=cmul38wni00d9wi2o53qmna7v code=<redacted> status=IN_PROGRESS
2026.09.28-10.12.45 game -> room=cmul38wni00d9wi2o53qmna7v code=<redacted> status=IN_PROGRESS
2026.09.28-10.12.46 PERF window t=35.1-40.2 frames=147 fps=29.22 frameMs avg=34.23 p50=33.33 p95=33.33 p99=65.43 max=132.25 hitches50=2 gpuMs avg=31.07 p50=33.31 p95=34.29 gameMs avg=2.19 p95=1.53 renderMs avg=2.26 p95=2.67
2026.09.28-10.12.48 game -> room=cmul38wni00d9wi2o53qmna7v code=<redacted> status=IN_PROGRESS
2026.09.28-10.12.51 game -> room=cmul38wni00d9wi2o53qmna7v code=<redacted> status=IN_PROGRESS
2026.09.28-10.12.51 PERF window t=40.2-45.2 frames=151 fps=30.00 frameMs avg=33.33 p50=33.33 p95=33.33 p99=33.34 max=33.34 hitches50=0 gpuMs avg=30.12 p50=33.23 p95=34.87 gameMs avg=1.09 p95=1.36 renderMs avg=2.42 p95=2.87
2026.09.28-10.12.54 game -> room=cmul38wni00d9wi2o53qmna7v code=<redacted> status=IN_PROGRESS
2026.09.28-10.12.56 PERF summary scope=afterWarmup warmup=5 elapsed=50.0 frames=1348 fps=29.91 frameMs avg=33.43 p50=33.33 p95=33.33 p99=33.35 max=132.25 hitches50=2 gpuMs avg=31.82 p50=33.32 p95=34.48 gameMs avg=1.38 p95=1.46 renderMs avg=2.20 p95=2.74
2026.09.28-10.12.56 PERF summary scope=started elapsed=50.0 frames=1046 fps=29.89 frameMs avg=33.46 p50=33.33 p95=33.33 p99=33.35 max=132.25 hitches50=2 gpuMs avg=31.58 p50=33.32 p95=34.51 gameMs avg=1.39 p95=1.43 renderMs avg=2.35 p95=2.81
2026.09.28-10.12.56 --- S08 trace close ---
