2026.09.28-10.12.01 --- S08 trace open 2026.09.28-10.12.01 ---
2026.09.28-10.12.01 LOGIN ok user=art-preview-host
2026.09.28-10.12.04 HEROES loaded 84
2026.09.28-10.12.04 createGame -> room=cmul38wni00d9wi2o53qmna7v code=<redacted> status=LOBBY
2026.09.28-10.12.06 PERF config tMaxFPS=30.0 frameRateLimit=60.0 vsync=0 smoothFrameRate=0 fixedFrameRate=0 rhi=D3D11
2026.09.28-10.12.06 PERF window t=0.0-5.0 frames=151 fps=30.00 frameMs avg=33.33 p50=33.33 p95=33.33 p99=33.33 max=33.37 hitches50=0 gpuMs avg=35.28 p50=33.28 p95=34.91 gameMs avg=1.45 p95=1.60 renderMs avg=2.05 p95=2.30
2026.09.28-10.12.07 game -> room=cmul38wni00d9wi2o53qmna7v code=<redacted> status=LOBBY
2026.09.28-10.12.07 selectHero -> room=cmul38wni00d9wi2o53qmna7v code=<redacted> status=LOBBY
2026.09.28-10.12.10 game -> room=cmul38wni00d9wi2o53qmna7v code=<redacted> status=LOBBY
2026.09.28-10.12.10 toggleReady -> room=cmul38wni00d9wi2o53qmna7v code=<redacted> status=LOBBY
2026.09.28-10.12.11 PERF window t=5.0-10.0 frames=150 fps=30.00 frameMs avg=33.33 p50=33.33 p95=33.33 p99=33.34 max=33.38 hitches50=0 gpuMs avg=33.28 p50=33.28 p95=34.24 gameMs avg=1.36 p95=1.66 renderMs avg=1.72 p95=2.17
2026.09.28-10.12.13 game -> room=cmul38wni00d9wi2o53qmna7v code=<redacted> status=LOBBY
2026.09.28-10.12.16 PERF window t=10.0-15.0 frames=150 fps=30.00 frameMs avg=33.33 p50=33.33 p95=33.33 p99=33.34 max=33.35 hitches50=0 gpuMs avg=32.50 p50=33.34 p95=34.18 gameMs avg=1.35 p95=1.54 renderMs avg=1.75 p95=2.36
2026.09.28-10.12.16 game -> room=cmul38wni00d9wi2o53qmna7v code=<redacted> status=LOBBY
2026.09.28-10.12.19 game -> room=cmul38wni00d9wi2o53qmna7v code=<redacted> status=LOBBY
2026.09.28-10.12.19 startGame -> room=cmul38wni00d9wi2o53qmna7v code=<redacted> status=IN_PROGRESS
2026.09.28-10.12.19 SNAPSHOT applied seq=1 phase=ACTION_MANEUVER
2026.09.28-10.12.19 HANDLE_APPLIED #1 seq=1 decision=2 fightersValid=1 boardValid=1
2026.09.28-10.12.19 MODE seq=1 mode=0 combat=0 pending=0
2026.09.28-10.12.19 HUD seq=1 phase=ACTION_MANEUVER turn=you hand=5 oppHand=5(hidden) oppDeck=25 deck=25 discard=0
2026.09.28-10.12.19 ARTPREVIEW Cobble assets ready
2026.09.28-10.12.19 ARTPREVIEW medusa candidate variant=face-neck-v2 mesh=SK_Medusa_FaceNeck_v2Candidate requested=face-neck-v2
2026.09.28-10.12.19 ARTPREVIEW Cobble probe lights key=4.5 fill=700 warm=85
2026.09.28-10.12.19 ARTPREVIEW Cobble active 5x6 zones=30 blue=15 red=15 blueMarks=15 redMarks=45
2026.09.28-10.12.19 CAMERA dist=1931 loc=(0,1107,1582) pitch=-55 yaw=-90
2026.09.28-10.12.19 BOARD 5x6 cells | control points: (0,0)=(-200,-250,0) (4,5)=(200,250,0) | neighbor pair (dist 100 uu)
2026.09.28-10.12.19 ARTPREVIEW fighter=Medusa hero=1 eligible=1 visual=1 mesh=SK_Medusa_FaceNeck_v2Candidate
2026.09.28-10.12.19 FIGHTERS synced n=6 alive=6 own=4 enemy=2
2026.09.28-10.12.19 STATE seq=1 -> apply
2026.09.28-10.12.19 SUBSCRIBED gameStateUpdated since=1
2026.09.28-10.12.19 SNAPSHOT applied seq=1 phase=ACTION_MANEUVER
2026.09.28-10.12.19 HANDLE_APPLIED #2 seq=1 decision=1 fightersValid=1 boardValid=1
2026.09.28-10.12.19 MODE seq=1 mode=0 combat=0 pending=0
2026.09.28-10.12.19 HUD seq=1 phase=ACTION_MANEUVER turn=you hand=5 oppHand=5(hidden) oppDeck=25 deck=25 discard=0
2026.09.28-10.12.19 ARTPREVIEW fighter=Medusa hero=1 eligible=1 visual=1 mesh=SK_Medusa_FaceNeck_v2Candidate
2026.09.28-10.12.19 FIGHTERS synced n=6 alive=6 own=4 enemy=2
2026.09.28-10.12.19 WS seq=1 phase=ACTION_MANEUVER (merge)
2026.09.28-10.12.21 PERF window t=15.0-20.1 frames=151 fps=30.00 frameMs avg=33.33 p50=33.33 p95=33.33 p99=33.35 max=33.35 hitches50=0 gpuMs avg=32.71 p50=33.33 p95=35.58 gameMs avg=1.63 p95=1.75 renderMs avg=2.13 p95=2.81
2026.09.28-10.12.22 game -> room=cmul38wni00d9wi2o53qmna7v code=<redacted> status=IN_PROGRESS
2026.09.28-10.12.25 game -> room=cmul38wni00d9wi2o53qmna7v code=<redacted> status=IN_PROGRESS
2026.09.28-10.12.26 PERF window t=20.1-25.1 frames=151 fps=30.00 frameMs avg=33.33 p50=33.33 p95=33.33 p99=33.33 max=33.33 hitches50=0 gpuMs avg=29.00 p50=33.29 p95=35.45 gameMs avg=1.29 p95=1.47 renderMs avg=2.42 p95=2.89
2026.09.28-10.12.28 game -> room=cmul38wni00d9wi2o53qmna7v code=<redacted> status=IN_PROGRESS
2026.09.28-10.12.31 game -> room=cmul38wni00d9wi2o53qmna7v code=<redacted> status=IN_PROGRESS
2026.09.28-10.12.31 PERF window t=25.1-30.1 frames=151 fps=30.00 frameMs avg=33.33 p50=33.33 p95=33.33 p99=33.35 max=33.35 hitches50=0 gpuMs avg=29.22 p50=33.32 p95=35.30 gameMs avg=1.31 p95=1.56 renderMs avg=2.44 p95=2.89
2026.09.28-10.12.34 game -> room=cmul38wni00d9wi2o53qmna7v code=<redacted> status=IN_PROGRESS
2026.09.28-10.12.35 ARTPREVIEW selection ring shown fighter=Medusa mesh=SM_Marker_SelectionRing
2026.09.28-10.12.35 ARTPREVIEW reachable corners cells=13 placed=1
2026.09.28-10.12.35 ARTPREVIEW selection ownHero=1 selected=1 fighter=Medusa reachable=14 fighterId=f-0-hero
2026.09.28-10.12.35 ARTPREVIEW camera focus requested zoom=5.00 overview=1931 target=386
2026.09.28-10.12.35 CAMERA settled elapsed=34.63 dist=389.3 target=386.2 errPct=0.809 focusErr=0.12 focus=(0,-50,28)
2026.09.28-10.12.36 PERF window t=30.1-35.2 frames=151 fps=30.00 frameMs avg=33.33 p50=33.33 p95=33.33 p99=33.33 max=33.34 hitches50=0 gpuMs avg=28.27 p50=33.26 p95=35.52 gameMs avg=1.33 p95=1.57 renderMs avg=2.48 p95=3.04
2026.09.28-10.12.37 SHOT ctx viewport=1920x1080 viewTarget=CameraActor_2147482372 cam=(0,171,344) rot=(-55,-90,0)
2026.09.28-10.12.37 SHOT fighter f-0-hero pos=(2,2) world=(0,-50,0) screen=(960,660) projected=1 alive=1
2026.09.28-10.12.37 SHOT fighter f-0-sk0 pos=(3,2) world=(100,-50,0) screen=(1704,660) projected=1 alive=1
2026.09.28-10.12.37 SHOT fighter f-0-sk1 pos=(2,1) world=(0,-150,0) screen=(960,110) projected=1 alive=1
2026.09.28-10.12.37 SHOT fighter f-0-sk2 pos=(1,2) world=(-100,-50,0) screen=(216,660) projected=1 alive=1
2026.09.28-10.12.37 SHOT fighter f-1-hero pos=(2,3) world=(0,50,0) screen=(960,1388) projected=1 alive=1
2026.09.28-10.12.37 SHOT fighter f-1-sk0 pos=(3,3) world=(100,50,0) screen=(1826,1388) projected=1 alive=1
2026.09.28-10.12.37 SHOT camera dist=386.2 target=386.2 overview=1930.8 errPct=0.000 focusErr=0.00 settled=1 zoom=5.00
2026.09.28-10.12.37 SHOT head fighter=f-0-hero socket=Head mesh=SK_Medusa_FaceNeck_v2Candidate world=(0.0,-46.0,38.5) screen=(960.0,517.7) top=(960.0,489.1) bottom=(960.0,545.6) headPx=56.4 projected=1
2026.09.28-10.12.37 SHOT requested: FScreenshotRequest(bShowUI) -> C:\Users\ren\AppData\Local\Temp\s08-phase2-20260928-151159-48588\phase2-board-host-1920x1080.png
2026.09.28-10.12.37 game -> room=cmul38wni00d9wi2o53qmna7v code=<redacted> status=IN_PROGRESS
2026.09.28-10.12.40 game -> room=cmul38wni00d9wi2o53qmna7v code=<redacted> status=IN_PROGRESS
2026.09.28-10.12.41 PERF window t=35.2-40.2 frames=143 fps=28.56 frameMs avg=35.02 p50=33.33 p95=33.33 p99=33.37 max=274.47 hitches50=1 gpuMs avg=31.24 p50=33.29 p95=35.55 gameMs avg=3.06 p95=1.48 renderMs avg=2.41 p95=2.86
2026.09.28-10.12.43 game -> room=cmul38wni00d9wi2o53qmna7v code=<redacted> status=IN_PROGRESS
2026.09.28-10.12.46 game -> room=cmul38wni00d9wi2o53qmna7v code=<redacted> status=IN_PROGRESS
2026.09.28-10.12.46 PERF window t=40.2-45.2 frames=151 fps=30.00 frameMs avg=33.33 p50=33.33 p95=33.33 p99=33.33 max=33.33 hitches50=0 gpuMs avg=31.11 p50=33.32 p95=35.43 gameMs avg=1.11 p95=1.24 renderMs avg=2.41 p95=2.92
2026.09.28-10.12.49 game -> room=cmul38wni00d9wi2o53qmna7v code=<redacted> status=IN_PROGRESS
2026.09.28-10.12.51 PERF summary scope=afterWarmup warmup=5 elapsed=50.0 frames=1344 fps=29.84 frameMs avg=33.51 p50=33.33 p95=33.33 p99=33.34 max=274.47 hitches50=1 gpuMs avg=30.91 p50=33.30 p95=35.39 gameMs avg=1.49 p95=1.52 renderMs avg=2.24 p95=2.87
2026.09.28-10.12.51 PERF summary scope=started elapsed=50.0 frames=950 fps=29.77 frameMs avg=33.59 p50=33.33 p95=33.33 p99=33.34 max=274.47 hitches50=1 gpuMs avg=30.07 p50=33.30 p95=35.48 gameMs avg=1.54 p95=1.48 renderMs avg=2.45 p95=2.93
2026.09.28-10.12.51 --- S08 trace close ---
