2026.09.30-11.54.06 --- S08 trace open 2026.09.30-11.54.06 ---
2026.09.30-11.54.06 HUD team chips ready=1 mode=absolute tagNames=rule
2026.09.30-11.54.06 HUD icon texture size=32 ready=1 path=/Game/ArtTests/ARTMarkers/Textures/T_UI_Action_AttackToken_32 texture=32x32 probe=0 plate=1
2026.09.30-11.54.06 HUD art widget tag impl=umg source=/Game/S08/UI/ArtHud/WBP_S08ArtTag class=/Game/S08/UI/ArtHud/WBP_S08ArtTag.WBP_S08ArtTag_C count=8 missing=- codeDefaultTree=0
2026.09.30-11.54.06 HUD art widget plate impl=umg source=/Game/S08/UI/ArtHud/WBP_S08ArtPlate class=/Game/S08/UI/ArtHud/WBP_S08ArtPlate.WBP_S08ArtPlate_C parts=1 missing=- codeDefaultTree=0
2026.09.30-11.54.06 HUD art widget icon impl=umg source=/Game/S08/UI/ArtHud/WBP_S08ArtIcon class=/Game/S08/UI/ArtHud/WBP_S08ArtIcon.WBP_S08ArtIcon_C parts=1 missing=- codeDefaultTree=0
2026.09.30-11.54.06 HUD art widget damage impl=umg source=/Game/S08/UI/ArtHud/WBP_S08ArtDamage class=/Game/S08/UI/ArtHud/WBP_S08ArtDamage.WBP_S08ArtDamage_C parts=1 missing=- codeDefaultTree=0
2026.09.30-11.54.06 RENDER preset applied=High flag=S08RenderPreset
2026.09.30-11.54.06 LOGIN ok user=art-preview-host
2026.09.30-11.54.09 HEROES loaded 84
2026.09.30-11.54.09 createGame -> room=cmuo1rwai01bhwiwwlbezxblg code=<redacted> status=LOBBY
2026.09.30-11.54.11 PERF config tMaxFPS=30.0 frameRateLimit=60.0 vsync=0 smoothFrameRate=0 fixedFrameRate=0 rhi=D3D12
2026.09.30-11.54.11 RENDER tag=PERF rhi=D3D12 featureLevel=SM6 shaderPlatform=PCD3D_SM6 lumenPlatform=1 gi=lumen giMethod=1 refl=lumen reflMethod=1 shadows=csm vsmEnable=0 sg.res=100 sg.view=2 sg.aa=2 sg.shadow=2 sg.gi=2 sg.refl=2 sg.pp=2 sg.tex=2 sg.fx=2 sg.foliage=2 sg.shading=2 sg.landscape=2 preset=High screenPct=100.0 screenPctMode=0 aa=TSR aaMethod=4 exposure=engine-default expMin=1.00000 expMax=1.00000 expBias=1.000 ev100=0.00 lightUnits=- sky=0 skyIntensity=0.000 keyShadow=- shadowCasters=0 profile=- profilesSha256=- profilesSource=- legacyRender=0 gameLayer=unlit-eyeadaptinv tMaxFPS=30.0 vsync=0 frameRateLimit=60.0 substrate=0 nanite=1 meshDF=1 viewport=1920x1080 reference=0 notReference=noArtProfile,exposure,lightUnits,profilesSource
2026.09.30-11.54.11 PERF window t=0.0-5.0 frames=151 fps=29.94 frameMs avg=33.40 p50=33.33 p95=33.34 p99=33.42 max=43.57 hitches50=0 gpuMs avg=1.97 p50=1.45 p95=4.20 gameMs avg=1.68 p95=2.13 renderMs avg=2849.02 p95=4.22
2026.09.30-11.54.12 game -> room=cmuo1rwai01bhwiwwlbezxblg code=<redacted> status=LOBBY
2026.09.30-11.54.12 selectHero -> room=cmuo1rwai01bhwiwwlbezxblg code=<redacted> status=LOBBY
2026.09.30-11.54.15 game -> room=cmuo1rwai01bhwiwwlbezxblg code=<redacted> status=LOBBY
2026.09.30-11.54.15 toggleReady -> room=cmuo1rwai01bhwiwwlbezxblg code=<redacted> status=LOBBY
2026.09.30-11.54.16 PERF window t=5.0-10.1 frames=150 fps=29.96 frameMs avg=33.38 p50=33.33 p95=33.35 p99=34.02 max=38.73 hitches50=0 gpuMs avg=1.32 p50=1.32 p95=1.40 gameMs avg=1.63 p95=2.22 renderMs avg=3.05 p95=4.82
2026.09.30-11.54.18 game -> room=cmuo1rwai01bhwiwwlbezxblg code=<redacted> status=LOBBY
2026.09.30-11.54.21 PERF window t=10.1-15.1 frames=150 fps=30.00 frameMs avg=33.33 p50=33.33 p95=33.33 p99=33.36 max=33.39 hitches50=0 gpuMs avg=1.36 p50=1.36 p95=1.41 gameMs avg=1.46 p95=1.76 renderMs avg=2.58 p95=3.23
2026.09.30-11.54.21 game -> room=cmuo1rwai01bhwiwwlbezxblg code=<redacted> status=LOBBY
2026.09.30-11.54.24 game -> room=cmuo1rwai01bhwiwwlbezxblg code=<redacted> status=LOBBY
2026.09.30-11.54.24 startGame -> room=cmuo1rwai01bhwiwwlbezxblg code=<redacted> status=IN_PROGRESS
2026.09.30-11.54.24 SNAPSHOT applied seq=1 phase=ACTION_MANEUVER
2026.09.30-11.54.24 HANDLE_APPLIED #1 seq=1 decision=2 fightersValid=1 boardValid=1
2026.09.30-11.54.24 MODE seq=1 mode=0 combat=0 pending=0
2026.09.30-11.54.24 HUD seq=1 phase=ACTION_MANEUVER turn=you hand=5 oppHand=5(hidden) oppDeck=25 deck=25 discard=0
2026.09.30-11.54.24 ARTPREVIEW diorama requested mesh=/Game/PipelineCandidates/TableBase/20260928-table-base-tripo-h31/Meshes/SM_TableBase.SM_TableBase mi=MI_TableBase_Candidate
2026.09.30-11.54.24 ARTPREVIEW board profiles loaded=1 revision=5 boards=3 zoneStyles=11 lightProfiles=3 errors=0 path=Config/ArtBoards/S08ArtBoardProfiles.json
2026.09.30-11.54.24 ARTPREVIEW board profiles source=pak sha256=1ecc1e9281845655acf8b31f1dcf52a7510abfc8ba8505525ad72ee8f4ce3c4c
2026.09.30-11.54.24 ARTPREVIEW zone content instances=12/12 glyphMeshes=11/11
2026.09.30-11.54.24 ARTPREVIEW zone keyline content mi=MI_ART005_Zone_Keyline glyphKeyMeshes=11/11 color=#111317
2026.09.30-11.54.24 ARTPREVIEW game layer material=M_S08_GameLayerUnlit unlitEyeAdaptInv=1 legacyRender=0
2026.09.30-11.54.24 ARTPREVIEW Cobble assets ready
2026.09.30-11.54.24 ARTPREVIEW board assets ready cobbleMesh=1 tiles=1 zoneMaterials=2
2026.09.30-11.54.24 ARTPREVIEW medusa candidate variant=face-neck-v2 mesh=SK_Medusa_FaceNeck_v2Candidate requested=face-neck-v2
2026.09.30-11.54.24 ARTPREVIEW board profile=cobble-city match=boardId board=5x6 boardId=cmuhgs4b2001mwik4f2b2xtf8 surface=cobble-5x6-mesh light=cobble-probe artFixture=0
2026.09.30-11.54.24 ARTPREVIEW light profile=cobble-probe name=key role=key kind=directional at=(-350,-150,600) intensity=4.5 units=lux radius=0 color=(1.00,1.00,1.00) shadow=1
2026.09.30-11.54.24 ARTPREVIEW light profile=cobble-probe name=warm role=warm kind=point at=(260,-300,250) intensity=85 units=candelas radius=450 color=(1.00,1.00,1.00) shadow=0
2026.09.30-11.54.24 ARTPREVIEW sky profile=cobble-probe cubemap=/Game/S08/Render/TC_S08_AmbientDome loaded=1 spawned=1 intensity=11.2 color=(1.00,1.00,1.00) lowerBlack=0
2026.09.30-11.54.24 ARTPREVIEW exposure profile=cobble-probe method=histogram-fixed min=4.14106 max=4.14106 bias=0.000 ev100=2.05 volume=1
2026.09.30-11.54.24 ARTPREVIEW lights applied profile=cobble-probe directional=1 shadow=1 points=1 pointShadows=0 budgetOk=1
2026.09.30-11.54.24 ARTPREVIEW render profile=cobble-probe units=candelas sky=1 exposure=1 keyShadow=csm-3000uu-2c-contact0.000 shadowCasters=1 legacyRender=0
2026.09.30-11.54.24 ARTPREVIEW Cobble probe lights key=4.5 fill=0 warm=85
2026.09.30-11.54.24 ARTPREVIEW board zone keylines pieces=60 glyphKeys=30 glyphKeyCubePieces=0 mi=MI_ART005_Zone_Keyline growUU=1.5 edgeUU=42.0 maxOuterUU=45.0
2026.09.30-11.54.24 ARTPREVIEW board glyph meshes instances=30 keys=2/2 cubePieces=0 anchors=30
2026.09.30-11.54.24 ARTPREVIEW Cobble active 5x6 zones=30 blue=15 red=15 blueMarks=15 redMarks=45
2026.09.30-11.54.24 ARTPREVIEW board active profile=cobble-city 5x6 surface=cobble-5x6-mesh cells=30 zoneCells=30 multizone=0 triple=0 obstacles=0 zoneKeys=2 strokes=60 glyphs=45 surfaceParts=0 glyphMaterial=zone expectOk=1
2026.09.30-11.54.24 ARTPREVIEW board zone key=blue cells=15 stroke=solid glyph=diamond color=#3B78D8 ismUsage=1 strokePieces=15 glyphPieces=15 mi=MI_ART005_Zone_Blue glyphMesh=SM_ART005_ZoneGlyph_Diamond glyphInstances=15 fallback=0
2026.09.30-11.54.24 ARTPREVIEW board zone key=red cells=15 stroke=dash3 glyph=bars2 color=#EC6650 ismUsage=1 strokePieces=45 glyphPieces=30 mi=MI_ART005_Zone_Red glyphMesh=SM_ART005_ZoneGlyph_Bars2 glyphInstances=15 fallback=0
2026.09.30-11.54.24 ARTPREVIEW board multizone cells=0 zonesListed=0 zonesMarked=0
2026.09.30-11.54.24 ARTPREVIEW diorama tray=/Game/PipelineCandidates/TableBase/20260928-table-base-tripo-h31/Meshes/SM_TableBase.SM_TableBase mi=MI_TableBase_Candidate surface=cobble-5x6-mesh yaw=-90.0 scale=1.000x1.000x1.000 bounds=(-328.0,-378.0,-153.0)..(328.0,378.0,-3.0) size=656.0x756.0x150.0 topZ=-3.0 boardHalf=278.0x328.0 rimUU=50.0 collision=none
2026.09.30-11.54.24 CAMERA dist=1931 loc=(0,1107,1582) pitch=-55 yaw=-90
2026.09.30-11.54.24 CAMERA config overview=1930.8 nearest=300.0 farthest=2970.4 zoomRange=0.65-6.44 minDist=300.0 outRatio=0.650 step=1.250 animMs=200 returnMs=300 followFrom=1.20 source=defaults issues=0
2026.09.30-11.54.24 BOARD 5x6 cells | control points: (0,0)=(-200,-250,0) (4,5)=(200,250,0) | neighbor pair (dist 100 uu)
2026.09.30-11.54.24 ARTPREVIEW team mapping mode=absolute source=seatOrder viewerTeam=P1 p1=f-0-hero,f-0-sk0,f-0-sk1,f-0-sk2 p2=f-1-hero,f-1-sk0
2026.09.30-11.54.24 ARTPREVIEW heroesV2 fighter=f-0-hero mesh=/Game/PipelineCandidates/Medusa/H2LD/Meshes/SK_Medusa_H2LD mi=/Game/PipelineCandidates/Medusa/H2LD/Materials/MI_Medusa_H2LD_P1 yaw=90.0 scale=0.9998 name=Medusa hero=1 look=P1 base=/Game/PipelineCandidates/Medusa/H2LD/Meshes/SM_Medusa_H2LD_Base baseMi=/Game/PipelineCandidates/Medusa/H2LD/Materials/MI_Medusa_H2LD_Base_P1 skeleton=/Game/PipelineCandidates/Medusa/Rig/SK_Medusa_Skeleton.SK_Medusa_Skeleton clips=4/4 boundsTop=55.00 figureTop=55.00 budget=55.0
2026.09.30-11.54.24 ARTPREVIEW click capsule fighter=f-0-hero mesh=SK_Medusa_H2LD physicsAsset=0 radius=11.6 halfHeight=27.5 top=55.0 bodyCollision=0 source=meshBounds
2026.09.30-11.54.24 ARTPREVIEW fighter=Medusa hero=1 eligible=0 visual=1 mesh=SK_Medusa_H2LD
2026.09.30-11.54.24 ARTPREVIEW team ring fighter=f-0-hero team=P1 look=P1 mode=absolute shape=circle shown=1 mesh=SM_Marker_TeamRing_P1 fill=#E8C06A keyline=#111317 fillLinear=(0.8070,0.5271,0.1441) zMin=0.60 zMax=1.20 scale=1.00 base=hidden blockout=0 art=1 rim=#FFFFFF
2026.09.30-11.54.24 ARTPREVIEW anim fighter=f-0-hero clip=Idle len=2.333 event=spawn loop=1 phase=0.8071 seq=-1 asset=AM_Medusa_Idle
2026.09.30-11.54.24 ARTPREVIEW heroesV2 fighter=f-0-sk0 mesh=/Game/PipelineCandidates/Harpy/H3LD/Meshes/SK_Harpy_H3LD mi=/Game/PipelineCandidates/Harpy/H3LD/Materials/MI_Harpy_H3LD_P1 yaw=90.0 scale=1.0000 name=Harpies hero=0 look=P1 base=/Game/PipelineCandidates/Harpy/H3LD/Meshes/SM_Harpy_H3LD_Base baseMi=/Game/PipelineCandidates/Harpy/H3LD/Materials/MI_Harpy_H3LD_Base_P1 skeleton=/Game/PipelineCandidates/Harpy/Rig/SK_Harpy_Skeleton.SK_Harpy_Skeleton clips=4/4 boundsTop=42.00 figureTop=42.00 budget=42.0
2026.09.30-11.54.24 ARTPREVIEW click capsule fighter=f-0-sk0 mesh=SK_Harpy_H3LD physicsAsset=0 radius=20.0 halfHeight=21.0 top=42.0 bodyCollision=0 source=meshBounds
2026.09.30-11.54.24 ARTPREVIEW team ring fighter=f-0-sk0 team=P1 look=P1 mode=absolute shape=circle shown=1 mesh=SM_Marker_TeamRing_P1 fill=#E8C06A keyline=#111317 fillLinear=(0.8070,0.5271,0.1441) zMin=0.60 zMax=1.20 scale=0.78 base=hidden blockout=0 art=1 rim=#FFFFFF
2026.09.30-11.54.24 ARTPREVIEW anim fighter=f-0-sk0 clip=Idle len=2.000 event=spawn loop=1 phase=0.6635 seq=-1 asset=AM_Harpy_Idle
2026.09.30-11.54.24 ARTPREVIEW heroesV2 fighter=f-0-sk1 mesh=/Game/PipelineCandidates/Harpy/H3LD/Meshes/SK_Harpy_H3LD mi=/Game/PipelineCandidates/Harpy/H3LD/Materials/MI_Harpy_H3LD_P1 yaw=90.0 scale=1.0000 name=Harpies hero=0 look=P1 base=/Game/PipelineCandidates/Harpy/H3LD/Meshes/SM_Harpy_H3LD_Base baseMi=/Game/PipelineCandidates/Harpy/H3LD/Materials/MI_Harpy_H3LD_Base_P1 skeleton=/Game/PipelineCandidates/Harpy/Rig/SK_Harpy_Skeleton.SK_Harpy_Skeleton clips=4/4 boundsTop=42.00 figureTop=42.00 budget=42.0
2026.09.30-11.54.24 ARTPREVIEW click capsule fighter=f-0-sk1 mesh=SK_Harpy_H3LD physicsAsset=0 radius=20.0 halfHeight=21.0 top=42.0 bodyCollision=0 source=meshBounds
2026.09.30-11.54.24 ARTPREVIEW team ring fighter=f-0-sk1 team=P1 look=P1 mode=absolute shape=circle shown=1 mesh=SM_Marker_TeamRing_P1 fill=#E8C06A keyline=#111317 fillLinear=(0.8070,0.5271,0.1441) zMin=0.60 zMax=1.20 scale=0.78 base=hidden blockout=0 art=1 rim=#FFFFFF
2026.09.30-11.54.24 ARTPREVIEW anim fighter=f-0-sk1 clip=Idle len=2.000 event=spawn loop=1 phase=0.9016 seq=-1 asset=AM_Harpy_Idle
2026.09.30-11.54.24 ARTPREVIEW heroesV2 fighter=f-0-sk2 mesh=/Game/PipelineCandidates/Harpy/H3LD/Meshes/SK_Harpy_H3LD mi=/Game/PipelineCandidates/Harpy/H3LD/Materials/MI_Harpy_H3LD_P1 yaw=90.0 scale=1.0000 name=Harpies hero=0 look=P1 base=/Game/PipelineCandidates/Harpy/H3LD/Meshes/SM_Harpy_H3LD_Base baseMi=/Game/PipelineCandidates/Harpy/H3LD/Materials/MI_Harpy_H3LD_Base_P1 skeleton=/Game/PipelineCandidates/Harpy/Rig/SK_Harpy_Skeleton.SK_Harpy_Skeleton clips=4/4 boundsTop=42.00 figureTop=42.00 budget=42.0
2026.09.30-11.54.24 ARTPREVIEW click capsule fighter=f-0-sk2 mesh=SK_Harpy_H3LD physicsAsset=0 radius=20.0 halfHeight=21.0 top=42.0 bodyCollision=0 source=meshBounds
2026.09.30-11.54.24 ARTPREVIEW team ring fighter=f-0-sk2 team=P1 look=P1 mode=absolute shape=circle shown=1 mesh=SM_Marker_TeamRing_P1 fill=#E8C06A keyline=#111317 fillLinear=(0.8070,0.5271,0.1441) zMin=0.60 zMax=1.20 scale=0.78 base=hidden blockout=0 art=1 rim=#FFFFFF
2026.09.30-11.54.24 ARTPREVIEW anim fighter=f-0-sk2 clip=Idle len=2.000 event=spawn loop=1 phase=0.1873 seq=-1 asset=AM_Harpy_Idle
2026.09.30-11.54.24 ARTPREVIEW heroesV2 fighter=f-1-hero mesh=/Game/PipelineCandidates/KingArthur/H2LD/Meshes/SK_KingArthur_H2LD mi=/Game/PipelineCandidates/KingArthur/H2LD/Materials/MI_KingArthur_H2LD_P2 yaw=270.0 scale=1.0000 name=King Arthur hero=1 look=P2 base=/Game/PipelineCandidates/KingArthur/H2LD/Meshes/SM_KingArthur_H2LD_Base baseMi=/Game/PipelineCandidates/KingArthur/H2LD/Materials/MI_KingArthur_H2LD_Base_P2 skeleton=/Game/PipelineCandidates/KingArthur/Rig/SK_KingArthur_Skeleton.SK_KingArthur_Skeleton clips=4/4 boundsTop=60.06 figureTop=55.00 budget=55.0
2026.09.30-11.54.24 ARTPREVIEW click capsule fighter=f-1-hero mesh=SK_KingArthur_H2LD physicsAsset=0 radius=12.8 halfHeight=30.0 top=60.1 bodyCollision=0 source=meshBounds
2026.09.30-11.54.24 ARTPREVIEW team ring fighter=f-1-hero team=P2 look=P2 mode=absolute shape=hexagon shown=1 mesh=SM_Marker_TeamRing_P2 fill=#5A7F9F keyline=#111317 fillLinear=(0.1022,0.2122,0.3467) zMin=0.60 zMax=1.20 scale=1.00 base=hidden blockout=0 art=1 rim=#FFFFFF
2026.09.30-11.54.24 ARTPREVIEW anim fighter=f-1-hero clip=Idle len=2.500 event=spawn loop=1 phase=0.3470 seq=-1 asset=AM_KingArthur_Idle
2026.09.30-11.54.24 ARTPREVIEW heroesV2 fighter=f-1-sk0 mesh=/Game/PipelineCandidates/Merlin/H2LD/Meshes/SK_Merlin_H2LD mi=/Game/PipelineCandidates/Merlin/H2LD/Materials/MI_Merlin_H2LD_P2 yaw=270.0 scale=1.0003 name=Merlin hero=0 look=P2 base=/Game/PipelineCandidates/Merlin/H2LD/Meshes/SM_Merlin_H2LD_Base baseMi=/Game/PipelineCandidates/Merlin/H2LD/Materials/MI_Merlin_H2LD_Base_P2 skeleton=/Game/PipelineCandidates/Merlin/Rig/SK_Merlin_Skeleton.SK_Merlin_Skeleton clips=4/4 boundsTop=49.44 figureTop=45.00 budget=45.0
2026.09.30-11.54.24 ARTPREVIEW click capsule fighter=f-1-sk0 mesh=SK_Merlin_H2LD physicsAsset=0 radius=10.5 halfHeight=24.7 top=49.4 bodyCollision=0 source=meshBounds
2026.09.30-11.54.24 ARTPREVIEW team ring fighter=f-1-sk0 team=P2 look=P2 mode=absolute shape=hexagon shown=1 mesh=SM_Marker_TeamRing_P2 fill=#5A7F9F keyline=#111317 fillLinear=(0.1022,0.2122,0.3467) zMin=0.60 zMax=1.20 scale=0.78 base=hidden blockout=0 art=1 rim=#FFFFFF
2026.09.30-11.54.24 ARTPREVIEW anim fighter=f-1-sk0 clip=Idle len=3.000 event=spawn loop=1 phase=0.8028 seq=-1 asset=AM_Merlin_Idle
2026.09.30-11.54.24 ARTPREVIEW heroesV2 summary fighters=6 mapped=6 v2=6
2026.09.30-11.54.24 FIGHTERS synced n=6 alive=6 own=4 enemy=2
2026.09.30-11.54.24 STATE seq=1 -> apply
2026.09.30-11.54.24 HUD art layer plate=1 iconSize=32 iconTexture=1 iconProbe=0 plan=0
2026.09.30-11.54.24 HUD art impl=umg plateViews=umg:/Game/S08/UI/ArtHud/WBP_S08ArtPlate iconViews=umg:/Game/S08/UI/ArtHud/WBP_S08ArtIcon textTable=S08ArtHud entries=13 missingKeys=0
2026.09.30-11.54.24 TAG fighter=f-0-sk0 bbox=(502,127,586,149) mode=compact look=P1 placement=above ring=0 hardPx2=0 softPx2=0 order=1 bound=1
2026.09.30-11.54.24 TAG fighter=f-1-sk0 bbox=(1334,58,1418,80) mode=compact look=P2 placement=above ring=0 hardPx2=0 softPx2=0 order=0 bound=1
2026.09.30-11.54.24 ARTPREVIEW screen labels=1 (world TextRender labels and damage text hidden)
2026.09.30-11.54.24 SUBSCRIBED gameStateUpdated since=1
2026.09.30-11.54.24 TAG fighter=f-0-hero bbox=(909,389,1011,411) mode=compact look=P1 placement=inset ring=0 hardPx2=0 softPx2=0 order=1 bound=1
2026.09.30-11.54.24 TAG fighter=f-0-sk0 bbox=(1075,385,1159,407) mode=compact look=P1 placement=above ring=0 hardPx2=0 softPx2=0 order=3 bound=1
2026.09.30-11.54.24 TAG fighter=f-0-sk1 bbox=(918,264,1002,286) mode=compact look=P1 placement=above ring=0 hardPx2=0 softPx2=0 order=0 bound=1
2026.09.30-11.54.24 TAG fighter=f-0-sk2 bbox=(761,385,845,407) mode=compact look=P1 placement=above ring=0 hardPx2=0 softPx2=0 order=2 bound=1
2026.09.30-11.54.24 TAG fighter=f-1-hero bbox=(909,646,1011,668) mode=compact look=P2 placement=below ring=0 hardPx2=0 softPx2=0 order=4 bound=1
2026.09.30-11.54.24 TAG fighter=f-1-sk0 bbox=(1080,507,1164,529) mode=compact look=P2 placement=above ring=0 hardPx2=0 softPx2=0 order=5 bound=1
2026.09.30-11.54.24 SNAPSHOT applied seq=1 phase=ACTION_MANEUVER
2026.09.30-11.54.24 HANDLE_APPLIED #2 seq=1 decision=1 fightersValid=1 boardValid=1
2026.09.30-11.54.24 MODE seq=1 mode=0 combat=0 pending=0
2026.09.30-11.54.24 HUD seq=1 phase=ACTION_MANEUVER turn=you hand=5 oppHand=5(hidden) oppDeck=25 deck=25 discard=0
2026.09.30-11.54.24 ARTPREVIEW fighter=Medusa hero=1 eligible=0 visual=1 mesh=SK_Medusa_H2LD
2026.09.30-11.54.24 FIGHTERS synced n=6 alive=6 own=4 enemy=2
2026.09.30-11.54.24 WS seq=1 phase=ACTION_MANEUVER (merge)
2026.09.30-11.54.24 TAG fighter=f-0-hero bbox=(909,389,1011,411) mode=compact look=P1 placement=inset ring=0 hardPx2=0 softPx2=0 order=1 bound=1
2026.09.30-11.54.24 TAG fighter=f-0-sk0 bbox=(1075,385,1159,407) mode=compact look=P1 placement=above ring=0 hardPx2=0 softPx2=0 order=3 bound=1
2026.09.30-11.54.24 TAG fighter=f-0-sk1 bbox=(918,264,1002,286) mode=compact look=P1 placement=above ring=0 hardPx2=0 softPx2=0 order=0 bound=1
2026.09.30-11.54.24 TAG fighter=f-0-sk2 bbox=(761,385,845,407) mode=compact look=P1 placement=above ring=0 hardPx2=0 softPx2=0 order=2 bound=1
2026.09.30-11.54.24 TAG fighter=f-1-hero bbox=(909,646,1011,668) mode=compact look=P2 placement=below ring=0 hardPx2=0 softPx2=0 order=4 bound=1
2026.09.30-11.54.24 TAG fighter=f-1-sk0 bbox=(1080,507,1164,529) mode=compact look=P2 placement=above ring=0 hardPx2=0 softPx2=0 order=5 bound=1
2026.09.30-11.54.26 PERF window t=15.1-20.1 frames=148 fps=29.49 frameMs avg=33.91 p50=33.33 p95=33.33 p99=59.93 max=91.35 hitches50=2 gpuMs avg=1.57 p50=1.36 p95=1.99 gameMs avg=2.37 p95=1.95 renderMs avg=4.17 p95=4.23
2026.09.30-11.54.27 game -> room=cmuo1rwai01bhwiwwlbezxblg code=<redacted> status=IN_PROGRESS
2026.09.30-11.54.30 game -> room=cmuo1rwai01bhwiwwlbezxblg code=<redacted> status=IN_PROGRESS
2026.09.30-11.54.31 PERF window t=20.1-25.1 frames=150 fps=30.00 frameMs avg=33.33 p50=33.33 p95=33.33 p99=33.35 max=33.41 hitches50=0 gpuMs avg=1.90 p50=1.88 p95=2.08 gameMs avg=1.43 p95=1.78 renderMs avg=3.42 p95=4.24
2026.09.30-11.54.33 game -> room=cmuo1rwai01bhwiwwlbezxblg code=<redacted> status=IN_PROGRESS
2026.09.30-11.54.36 game -> room=cmuo1rwai01bhwiwwlbezxblg code=<redacted> status=IN_PROGRESS
2026.09.30-11.54.36 PERF window t=25.1-30.1 frames=151 fps=30.00 frameMs avg=33.33 p50=33.33 p95=33.33 p99=33.34 max=33.35 hitches50=0 gpuMs avg=1.88 p50=1.87 p95=2.08 gameMs avg=1.39 p95=1.67 renderMs avg=3.34 p95=4.37
2026.09.30-11.54.39 game -> room=cmuo1rwai01bhwiwwlbezxblg code=<redacted> status=IN_PROGRESS
2026.09.30-11.54.40 ARTPREVIEW selection ring shown fighter=Medusa mesh=SM_Marker_SelectionRing
2026.09.30-11.54.40 ARTPREVIEW reachable corners cells=13 placed=1
2026.09.30-11.54.40 ARTPREVIEW selection ownHero=1 selected=1 fighter=Medusa reachable=14 fighterId=f-0-hero
2026.09.30-11.54.40 INPUT select src=flag fighter=f-0-hero flag=ArtPreviewSelectOwnHero
2026.09.30-11.54.40 HUD plate content fighter=f-0-hero name=Medusa hp=16/16 team=own statuses=HERO  |  MELEE teamSlot=P1 look=P1 shape=circle chip=#DAC576
2026.09.30-11.54.40 PLATE fighter=f-0-hero bbox=(1016,638,1188,692) overlapReachable=0 placement=below ring=15 gap=126 selection=f-0-hero destinations=13 clean=0 softPx2=0 tested=18295 bound=0
2026.09.30-11.54.40 TAG fighter=f-0-hero bbox=(909,389,1011,411) mode=compact look=P1 placement=inset ring=0 hardPx2=0 softPx2=0 order=1 bound=1
2026.09.30-11.54.40 TAG fighter=f-0-sk0 bbox=(1075,385,1159,407) mode=compact look=P1 placement=above ring=0 hardPx2=0 softPx2=0 order=3 bound=1
2026.09.30-11.54.40 TAG fighter=f-0-sk1 bbox=(918,264,1002,286) mode=compact look=P1 placement=above ring=0 hardPx2=0 softPx2=0 order=0 bound=1
2026.09.30-11.54.40 TAG fighter=f-0-sk2 bbox=(761,385,845,407) mode=compact look=P1 placement=above ring=0 hardPx2=0 softPx2=0 order=2 bound=1
2026.09.30-11.54.40 TAG fighter=f-1-hero bbox=(909,646,1011,668) mode=compact look=P2 placement=below ring=0 hardPx2=0 softPx2=0 order=4 bound=1
2026.09.30-11.54.40 TAG fighter=f-1-sk0 bbox=(1080,507,1164,529) mode=compact look=P2 placement=above ring=0 hardPx2=0 softPx2=0 order=5 bound=1
2026.09.30-11.54.41 PERF window t=30.1-35.1 frames=151 fps=30.00 frameMs avg=33.33 p50=33.33 p95=33.33 p99=33.34 max=33.34 hitches50=0 gpuMs avg=1.89 p50=1.88 p95=2.12 gameMs avg=1.49 p95=1.80 renderMs avg=3.32 p95=4.22
2026.09.30-11.54.42 SHOT ctx viewport=1920x1080 viewTarget=CameraActor_2147482348 cam=(0,1107,1582) rot=(-55,-90,0)
2026.09.30-11.54.42 RENDER tag=SHOT rhi=D3D12 featureLevel=SM6 shaderPlatform=PCD3D_SM6 lumenPlatform=1 gi=lumen giMethod=1 refl=lumen reflMethod=1 shadows=csm vsmEnable=0 sg.res=100 sg.view=2 sg.aa=2 sg.shadow=2 sg.gi=2 sg.refl=2 sg.pp=2 sg.tex=2 sg.fx=2 sg.foliage=2 sg.shading=2 sg.landscape=2 preset=High screenPct=100.0 screenPctMode=0 aa=TSR aaMethod=4 exposure=fixed-histogram expMin=4.14106 expMax=4.14106 expBias=0.000 ev100=2.05 lightUnits=candelas sky=1 skyIntensity=11.200 keyShadow=csm-3000uu-2c-contact0.000 shadowCasters=1 profile=cobble-probe profilesSha256=1ecc1e9281845655acf8b31f1dcf52a7510abfc8ba8505525ad72ee8f4ce3c4c profilesSource=pak legacyRender=0 gameLayer=unlit-eyeadaptinv tMaxFPS=30.0 vsync=0 frameRateLimit=60.0 substrate=0 nanite=1 meshDF=1 viewport=1920x1080 reference=1
2026.09.30-11.54.42 SHOT fighter f-0-hero pos=(2,2) world=(0,-50,0) screen=(960,476) projected=1 alive=1
2026.09.30-11.54.42 SHOT fighter f-0-sk0 pos=(3,2) world=(100,-50,0) screen=(1115,476) projected=1 alive=1
2026.09.30-11.54.42 SHOT fighter f-0-sk1 pos=(2,1) world=(0,-150,0) screen=(960,355) projected=1 alive=1
2026.09.30-11.54.42 SHOT fighter f-0-sk2 pos=(1,2) world=(-100,-50,0) screen=(805,476) projected=1 alive=1
2026.09.30-11.54.42 SHOT fighter f-1-hero pos=(2,3) world=(0,50,0) screen=(960,606) projected=1 alive=1
2026.09.30-11.54.42 SHOT fighter f-1-sk0 pos=(3,3) world=(100,50,0) screen=(1120,606) projected=1 alive=1
2026.09.30-11.54.42 SHOT camera dist=1930.8 target=1930.8 overview=1930.8 errPct=0.000 focusErr=0.00 settled=1 zoom=1.00
2026.09.30-11.54.42 SHOT head fighter=f-0-hero socket=Head mesh=SK_Medusa_H2LD world=(0.2,-48.7,47.1) screen=(960.4,433.9) top=(960.4,428.2) bottom=(960.4,439.6) headPx=11.5 projected=1
2026.09.30-11.54.42 SHOT head fighter=f-0-sk0 socket=Head mesh=SK_Harpy_H3LD world=(99.5,-45.0,34.3) screen=(1117.1,450.7) top=(1117.5,445.0) bottom=(1116.7,456.4) headPx=11.4 projected=1
2026.09.30-11.54.42 SHOT head fighter=f-0-sk1 socket=Head mesh=SK_Harpy_H3LD world=(-0.7,-144.7,34.0) screen=(958.9,328.4) top=(958.9,322.6) bottom=(958.9,334.2) headPx=11.6 projected=1
2026.09.30-11.54.42 SHOT head fighter=f-0-sk2 socket=Head mesh=SK_Harpy_H3LD world=(-100.1,-44.7,34.0) screen=(802.0,451.5) top=(801.5,445.8) bottom=(802.4,457.1) headPx=11.3 projected=1
2026.09.30-11.54.42 SHOT head fighter=f-1-hero socket=Head mesh=SK_KingArthur_H2LD world=(0.1,49.0,50.1) screen=(960.1,558.7) top=(960.1,553.1) bottom=(960.1,564.2) headPx=11.2 projected=1
2026.09.30-11.54.42 SHOT head fighter=f-1-sk0 socket=Head mesh=SK_Merlin_H2LD world=(100.4,47.0,36.5) screen=(1123.1,568.5) top=(1123.5,562.9) bottom=(1122.6,574.0) headPx=11.1 projected=1
2026.09.30-11.54.42 SHOT selection fighter=f-0-hero ownCell=(2,2) legal=14 destinations=13 ownCellExcluded=1 plateFighter=f-0-hero
2026.09.30-11.54.42 SHOT reachable fighter=f-0-hero n=13 cells=(1,0)(2,0)(3,0)(0,1)(1,1)(3,1)(4,1)(0,2)(4,2)(0,3)(1,3)(4,3)(1,4)
2026.09.30-11.54.42 SHOT plate fighter=f-0-hero bbox=(1016,638,1188,692) overlapReachable=0 placement=below gap=126 anchor=(914,389,1006,512) planned=(1016,638,1188,692) geom=painted stableFrames=60
2026.09.30-11.54.42 SHOT figure fighter=f-0-hero bbox=(914,389,1006,512) ringR=28.50 art=1 blockout=0 team=P1 look=P1 ring=1
2026.09.30-11.54.42 SHOT figure fighter=f-0-sk0 bbox=(1080,409,1155,504) ringR=22.23 art=1 blockout=0 team=P1 look=P1 ring=1
2026.09.30-11.54.42 SHOT figure fighter=f-0-sk1 bbox=(926,288,994,381) ringR=22.23 art=1 blockout=0 team=P1 look=P1 ring=1
2026.09.30-11.54.42 SHOT figure fighter=f-0-sk2 bbox=(765,409,840,504) ringR=22.23 art=1 blockout=0 team=P1 look=P1 ring=1
2026.09.30-11.54.42 SHOT figure fighter=f-1-hero bbox=(913,513,1007,644) ringR=28.50 art=1 blockout=0 team=P2 look=P2 ring=1
2026.09.30-11.54.42 SHOT figure fighter=f-1-sk0 bbox=(1084,531,1161,635) ringR=22.23 art=1 blockout=0 team=P2 look=P2 ring=1
2026.09.30-11.54.42 SHOT request file=phase2-board-host-1920x1080.png frame=1077
2026.09.30-11.54.42 SHOT requested: FScreenshotRequest(bShowUI) -> C:\Users\ren\AppData\Local\Temp\s08-phase2-20260930-165404-41260\phase2-board-host-1920x1080.png
2026.09.30-11.54.42 SHOT captured file=phase2-board-host-1920x1080.png frame=1077 px=1920x1080 sha256=ea1e15e42c164fe2b651d1c3984113cca33b40c53f841414ac302d13dd9063d2 order=BGRA saved=1
2026.09.30-11.54.42 SHOT late begin file=phase2-board-host-1920x1080.png frame=1077 requestFrame=1077
2026.09.30-11.54.42 SHOT iconstate visible=0 lastFighter=none frame=1077
2026.09.30-11.54.42 SHOT widget id=plate impl=umg state=own fighter=f-0-hero bbox=(1016,638,1188,692) geom=painted visible=1 twin=0 source=/Game/S08/UI/ArtHud/WBP_S08ArtPlate frame=1077
2026.09.30-11.54.42 SHOT widget id=plate.marker impl=umg state=own fighter=f-0-hero bbox=(1016,638,1188,641) geom=painted visible=1 twin=0 source=/Game/S08/UI/ArtHud/WBP_S08ArtPlate frame=1077
2026.09.30-11.54.42 SHOT widget id=plate.name impl=umg state=own fighter=f-0-hero bbox=(1022,643,1122,662) geom=painted visible=1 twin=0 source=/Game/S08/UI/ArtHud/WBP_S08ArtPlate frame=1077
2026.09.30-11.54.42 SHOT widget id=plate.team impl=umg state=own fighter=f-0-hero bbox=(1122,646,1182,659) geom=painted visible=1 twin=0 source=/Game/S08/UI/ArtHud/WBP_S08ArtPlate frame=1077
2026.09.30-11.54.42 SHOT widget id=plate.hpbar impl=umg state=own fighter=f-0-hero bbox=(1022,668,1118,675) geom=painted visible=1 twin=0 source=/Game/S08/UI/ArtHud/WBP_S08ArtPlate frame=1077
2026.09.30-11.54.42 SHOT widget id=plate.hpfill impl=umg state=own fighter=f-0-hero bbox=(1022,668,1118,675) geom=painted visible=1 twin=0 source=/Game/S08/UI/ArtHud/WBP_S08ArtPlate frame=1077
2026.09.30-11.54.42 SHOT widget id=plate.hp impl=umg state=own fighter=f-0-hero bbox=(1124,664,1177,679) geom=painted visible=1 twin=0 source=/Game/S08/UI/ArtHud/WBP_S08ArtPlate frame=1077
2026.09.30-11.54.42 SHOT widget id=plate.status impl=umg state=own fighter=f-0-hero bbox=(1022,681,1182,694) geom=painted visible=1 twin=0 source=/Game/S08/UI/ArtHud/WBP_S08ArtPlate frame=1077
2026.09.30-11.54.42 SHOT widget id=plate.teamshape impl=umg state=own fighter=f-0-hero bbox=(1126,647,1138,659) geom=painted visible=1 twin=0 source=/Game/S08/UI/ArtHud/WBP_S08ArtPlate frame=1077
2026.09.30-11.54.42 SHOT widget id=board.tag impl=umg state=compact fighter=f-0-hero bbox=(909,389,1011,411) geom=painted visible=1 twin=0 source=/Game/S08/UI/ArtHud/WBP_S08ArtTag mode=compact look=P1 shape=circle placement=inset ring=0 order=1 bound=1 softPx2=0 planned=(909,389,1011,411) frame=1077
2026.09.30-11.54.42 SHOT widget id=board.tag.hp impl=umg state=compact fighter=f-0-hero bbox=(965,391,1007,409) geom=painted visible=1 twin=0 source=/Game/S08/UI/ArtHud/WBP_S08ArtTag mode=compact look=P1 shape=circle placement=inset ring=0 order=1 bound=1 softPx2=0 planned=(909,389,1011,411) frame=1077 font=11
2026.09.30-11.54.42 SHOT widget id=board.tag.bar impl=umg state=compact fighter=f-0-hero bbox=(928,398,962,403) geom=painted visible=1 twin=0 source=/Game/S08/UI/ArtHud/WBP_S08ArtTag mode=compact look=P1 shape=circle placement=inset ring=0 order=1 bound=1 softPx2=0 planned=(909,389,1011,411) frame=1077
2026.09.30-11.54.42 SHOT widget id=board.tag.chip impl=umg state=compact fighter=f-0-hero bbox=(913,394,925,406) geom=painted visible=1 twin=0 source=/Game/S08/UI/ArtHud/WBP_S08ArtTag mode=compact look=P1 shape=circle placement=inset ring=0 order=1 bound=1 softPx2=0 planned=(909,389,1011,411) frame=1077
2026.09.30-11.54.42 SHOT widget id=board.tag impl=umg state=compact fighter=f-0-sk0 bbox=(1075,385,1159,407) geom=painted visible=1 twin=0 source=/Game/S08/UI/ArtHud/WBP_S08ArtTag mode=compact look=P1 shape=circle placement=above ring=0 order=3 bound=1 softPx2=0 planned=(1075,385,1159,407) frame=1077
2026.09.30-11.54.42 SHOT widget id=board.tag.hp impl=umg state=compact fighter=f-0-sk0 bbox=(1131,387,1155,405) geom=painted visible=1 twin=0 source=/Game/S08/UI/ArtHud/WBP_S08ArtTag mode=compact look=P1 shape=circle placement=above ring=0 order=3 bound=1 softPx2=0 planned=(1075,385,1159,407) frame=1077 font=11
2026.09.30-11.54.42 SHOT widget id=board.tag.bar impl=umg state=compact fighter=f-0-sk0 bbox=(1094,394,1128,399) geom=painted visible=1 twin=0 source=/Game/S08/UI/ArtHud/WBP_S08ArtTag mode=compact look=P1 shape=circle placement=above ring=0 order=3 bound=1 softPx2=0 planned=(1075,385,1159,407) frame=1077
2026.09.30-11.54.42 SHOT widget id=board.tag.chip impl=umg state=compact fighter=f-0-sk0 bbox=(1079,390,1091,402) geom=painted visible=1 twin=0 source=/Game/S08/UI/ArtHud/WBP_S08ArtTag mode=compact look=P1 shape=circle placement=above ring=0 order=3 bound=1 softPx2=0 planned=(1075,385,1159,407) frame=1077
2026.09.30-11.54.42 SHOT widget id=board.tag impl=umg state=compact fighter=f-0-sk1 bbox=(918,264,1002,286) geom=painted visible=1 twin=0 source=/Game/S08/UI/ArtHud/WBP_S08ArtTag mode=compact look=P1 shape=circle placement=above ring=0 order=0 bound=1 softPx2=0 planned=(918,264,1002,286) frame=1077
2026.09.30-11.54.42 SHOT widget id=board.tag.hp impl=umg state=compact fighter=f-0-sk1 bbox=(974,266,998,284) geom=painted visible=1 twin=0 source=/Game/S08/UI/ArtHud/WBP_S08ArtTag mode=compact look=P1 shape=circle placement=above ring=0 order=0 bound=1 softPx2=0 planned=(918,264,1002,286) frame=1077 font=11
2026.09.30-11.54.42 SHOT widget id=board.tag.bar impl=umg state=compact fighter=f-0-sk1 bbox=(937,273,971,278) geom=painted visible=1 twin=0 source=/Game/S08/UI/ArtHud/WBP_S08ArtTag mode=compact look=P1 shape=circle placement=above ring=0 order=0 bound=1 softPx2=0 planned=(918,264,1002,286) frame=1077
2026.09.30-11.54.42 SHOT widget id=board.tag.chip impl=umg state=compact fighter=f-0-sk1 bbox=(922,269,934,281) geom=painted visible=1 twin=0 source=/Game/S08/UI/ArtHud/WBP_S08ArtTag mode=compact look=P1 shape=circle placement=above ring=0 order=0 bound=1 softPx2=0 planned=(918,264,1002,286) frame=1077
2026.09.30-11.54.42 SHOT widget id=board.tag impl=umg state=compact fighter=f-0-sk2 bbox=(761,385,845,407) geom=painted visible=1 twin=0 source=/Game/S08/UI/ArtHud/WBP_S08ArtTag mode=compact look=P1 shape=circle placement=above ring=0 order=2 bound=1 softPx2=0 planned=(761,385,845,407) frame=1077
2026.09.30-11.54.42 SHOT widget id=board.tag.hp impl=umg state=compact fighter=f-0-sk2 bbox=(817,387,841,405) geom=painted visible=1 twin=0 source=/Game/S08/UI/ArtHud/WBP_S08ArtTag mode=compact look=P1 shape=circle placement=above ring=0 order=2 bound=1 softPx2=0 planned=(761,385,845,407) frame=1077 font=11
2026.09.30-11.54.42 SHOT widget id=board.tag.bar impl=umg state=compact fighter=f-0-sk2 bbox=(780,394,814,399) geom=painted visible=1 twin=0 source=/Game/S08/UI/ArtHud/WBP_S08ArtTag mode=compact look=P1 shape=circle placement=above ring=0 order=2 bound=1 softPx2=0 planned=(761,385,845,407) frame=1077
2026.09.30-11.54.42 SHOT widget id=board.tag.chip impl=umg state=compact fighter=f-0-sk2 bbox=(765,390,777,402) geom=painted visible=1 twin=0 source=/Game/S08/UI/ArtHud/WBP_S08ArtTag mode=compact look=P1 shape=circle placement=above ring=0 order=2 bound=1 softPx2=0 planned=(761,385,845,407) frame=1077
2026.09.30-11.54.42 SHOT widget id=board.tag impl=umg state=compact fighter=f-1-hero bbox=(909,646,1011,668) geom=painted visible=1 twin=0 source=/Game/S08/UI/ArtHud/WBP_S08ArtTag mode=compact look=P2 shape=hex placement=below ring=0 order=4 bound=1 softPx2=0 planned=(909,646,1011,668) frame=1077
2026.09.30-11.54.42 SHOT widget id=board.tag.hp impl=umg state=compact fighter=f-1-hero bbox=(965,648,1007,666) geom=painted visible=1 twin=0 source=/Game/S08/UI/ArtHud/WBP_S08ArtTag mode=compact look=P2 shape=hex placement=below ring=0 order=4 bound=1 softPx2=0 planned=(909,646,1011,668) frame=1077 font=11
2026.09.30-11.54.42 SHOT widget id=board.tag.bar impl=umg state=compact fighter=f-1-hero bbox=(928,655,962,660) geom=painted visible=1 twin=0 source=/Game/S08/UI/ArtHud/WBP_S08ArtTag mode=compact look=P2 shape=hex placement=below ring=0 order=4 bound=1 softPx2=0 planned=(909,646,1011,668) frame=1077
2026.09.30-11.54.42 SHOT widget id=board.tag.chip impl=umg state=compact fighter=f-1-hero bbox=(913,651,925,663) geom=painted visible=1 twin=0 source=/Game/S08/UI/ArtHud/WBP_S08ArtTag mode=compact look=P2 shape=hex placement=below ring=0 order=4 bound=1 softPx2=0 planned=(909,646,1011,668) frame=1077
2026.09.30-11.54.42 SHOT widget id=board.tag impl=umg state=compact fighter=f-1-sk0 bbox=(1080,507,1164,529) geom=painted visible=1 twin=0 source=/Game/S08/UI/ArtHud/WBP_S08ArtTag mode=compact look=P2 shape=hex placement=above ring=0 order=5 bound=1 softPx2=0 planned=(1080,507,1164,529) frame=1077
2026.09.30-11.54.42 SHOT widget id=board.tag.hp impl=umg state=compact fighter=f-1-sk0 bbox=(1136,509,1160,527) geom=painted visible=1 twin=0 source=/Game/S08/UI/ArtHud/WBP_S08ArtTag mode=compact look=P2 shape=hex placement=above ring=0 order=5 bound=1 softPx2=0 planned=(1080,507,1164,529) frame=1077 font=11
2026.09.30-11.54.42 SHOT widget id=board.tag.bar impl=umg state=compact fighter=f-1-sk0 bbox=(1099,516,1133,521) geom=painted visible=1 twin=0 source=/Game/S08/UI/ArtHud/WBP_S08ArtTag mode=compact look=P2 shape=hex placement=above ring=0 order=5 bound=1 softPx2=0 planned=(1080,507,1164,529) frame=1077
2026.09.30-11.54.42 SHOT widget id=board.tag.chip impl=umg state=compact fighter=f-1-sk0 bbox=(1084,512,1096,524) geom=painted visible=1 twin=0 source=/Game/S08/UI/ArtHud/WBP_S08ArtTag mode=compact look=P2 shape=hex placement=above ring=0 order=5 bound=1 softPx2=0 planned=(1080,507,1164,529) frame=1077
2026.09.30-11.54.42 SHOT panel id=hud.command bbox=(0,0,601,138) geom=painted visible=1 frame=1077
2026.09.30-11.54.42 SHOT panel id=hud.side bbox=(1432,0,1920,121) geom=painted visible=1 frame=1077
2026.09.30-11.54.42 SHOT panel id=hud.hand bbox=(498,985,1422,1080) geom=painted visible=1 frame=1077
2026.09.30-11.54.42 SHOT late end file=phase2-board-host-1920x1080.png frame=1077
2026.09.30-11.54.42 game -> room=cmuo1rwai01bhwiwwlbezxblg code=<redacted> status=IN_PROGRESS
2026.09.30-11.54.45 game -> room=cmuo1rwai01bhwiwwlbezxblg code=<redacted> status=IN_PROGRESS
2026.09.30-11.54.46 PERF window t=35.1-40.2 frames=147 fps=29.27 frameMs avg=34.17 p50=33.33 p95=33.33 p99=33.34 max=155.59 hitches50=1 gpuMs avg=1.91 p50=1.89 p95=2.11 gameMs avg=2.69 p95=2.19 renderMs avg=3.37 p95=4.30
2026.09.30-11.54.48 game -> room=cmuo1rwai01bhwiwwlbezxblg code=<redacted> status=IN_PROGRESS
2026.09.30-11.54.51 PERF window t=40.2-45.2 frames=150 fps=29.99 frameMs avg=33.35 p50=33.33 p95=33.34 p99=33.40 max=35.06 hitches50=0 gpuMs avg=1.86 p50=1.84 p95=2.04 gameMs avg=1.75 p95=2.15 renderMs avg=3.47 p95=4.83
2026.09.30-11.54.51 game -> room=cmuo1rwai01bhwiwwlbezxblg code=<redacted> status=IN_PROGRESS
2026.09.30-11.54.54 game -> room=cmuo1rwai01bhwiwwlbezxblg code=<redacted> status=IN_PROGRESS
2026.09.30-11.54.56 PERF summary scope=afterWarmup warmup=5 elapsed=50.0 frames=1345 fps=29.86 frameMs avg=33.49 p50=33.33 p95=33.33 p99=33.38 max=155.59 hitches50=3 gpuMs avg=1.73 p50=1.84 p95=2.04 gameMs avg=1.75 p95=2.03 renderMs avg=3.34 p95=4.41
2026.09.30-11.54.56 PERF summary scope=started elapsed=50.0 frames=951 fps=29.80 frameMs avg=33.55 p50=33.33 p95=33.33 p99=33.36 max=155.59 hitches50=3 gpuMs avg=1.89 p50=1.87 p95=2.08 gameMs avg=1.83 p95=2.05 renderMs avg=3.57 p95=4.43
2026.09.30-11.54.56 PERF summary scope=artHud impl=umg elapsed=50.0 frames=477 fps=29.77 frameMs avg=33.59 p50=33.33 p95=33.33 p99=33.37 max=155.59 hitches50=1 gpuMs avg=1.88 p50=1.86 p95=2.06 gameMs avg=1.99 p95=2.14 renderMs avg=3.41 p95=4.60
2026.09.30-11.54.56 --- S08 trace close ---
