2026.10.01-02.51.51 --- S08 trace open 2026.10.01-02.51.51 ---
2026.10.01-02.51.51 HUD team chips ready=1 mode=absolute tagNames=rule
2026.10.01-02.51.51 HUD icon texture size=32 ready=1 path=/Game/ArtTests/ARTMarkers/Textures/T_UI_Action_AttackToken_32 texture=32x32 probe=0 plate=1
2026.10.01-02.51.51 HUD art widget tag impl=umg source=/Game/S08/UI/ArtHud/WBP_S08ArtTag class=/Game/S08/UI/ArtHud/WBP_S08ArtTag.WBP_S08ArtTag_C count=8 missing=- codeDefaultTree=0
2026.10.01-02.51.51 HUD art widget plate impl=umg source=/Game/S08/UI/ArtHud/WBP_S08ArtPlate class=/Game/S08/UI/ArtHud/WBP_S08ArtPlate.WBP_S08ArtPlate_C parts=1 missing=- codeDefaultTree=0
2026.10.01-02.51.51 HUD art widget icon impl=umg source=/Game/S08/UI/ArtHud/WBP_S08ArtIcon class=/Game/S08/UI/ArtHud/WBP_S08ArtIcon.WBP_S08ArtIcon_C parts=1 missing=- codeDefaultTree=0
2026.10.01-02.51.51 HUD art widget damage impl=umg source=/Game/S08/UI/ArtHud/WBP_S08ArtDamage class=/Game/S08/UI/ArtHud/WBP_S08ArtDamage.WBP_S08ArtDamage_C parts=1 missing=- codeDefaultTree=0
2026.10.01-02.51.52 RENDER preset applied=High flag=S08RenderPreset
2026.10.01-02.51.52 BENCH start (W4-A backend-less render bench)
2026.10.01-02.51.52 ARTPREVIEW diorama requested mesh=/Game/PipelineCandidates/TableBase/20260928-table-base-tripo-h31/Meshes/SM_TableBase.SM_TableBase mi=MI_TableBase_Candidate
2026.10.01-02.51.52 ARTPREVIEW envlayout enabled dir=Config/ArtBoards/EnvLayouts source=pak files=2 names=marmoreal.layout.json+sarpedon.layout.json
2026.10.01-02.51.52 ARTPREVIEW board profiles loaded=1 revision=9 boards=5 zoneStyles=11 lightProfiles=5 errors=0 path=Config/ArtBoards/S08ArtBoardProfiles.json
2026.10.01-02.51.52 ARTPREVIEW board profiles source=pak sha256=aae181a4e6122bbe6f49a0f11122caf379c91b78f20b97140f96277038744230
2026.10.01-02.51.52 ARTPREVIEW zone content instances=12/12 glyphMeshes=11/11
2026.10.01-02.51.52 ARTPREVIEW zone keyline content mi=MI_ART005_Zone_Keyline glyphKeyMeshes=11/11 color=#111317
2026.10.01-02.51.52 ARTPREVIEW game layer material=M_S08_GameLayerUnlit unlitEyeAdaptInv=1 legacyRender=0
2026.10.01-02.51.52 ARTPREVIEW Cobble assets ready
2026.10.01-02.51.52 ARTPREVIEW board assets ready cobbleMesh=1 tiles=1 zoneMaterials=2
2026.10.01-02.51.52 ARTPREVIEW medusa candidate variant=face-neck-v2 mesh=SK_Medusa_FaceNeck_v2Candidate requested=(default)
2026.10.01-02.51.52 ARTPREVIEW map-image assets map=Marmoreal mi=MI_Marmoreal_MapBoard material=M_MapBoard bc=T_Marmoreal_Map_BC_4K mask=T_Marmoreal_Map_GameMask_4K boundBc=1 boundMask=1 sdf=-1 id=-1
2026.10.01-02.51.52 ARTPREVIEW board profile=marmoreal-original match=boardId board=7x6 boardId=c121b47f8d6eb28daccb76d05 surface=map-image light=marmoreal-night artFixture=0 map=Marmoreal
2026.10.01-02.51.52 ARTPREVIEW light profile=marmoreal-night name=key role=key kind=directional at=(-350,-150,600) intensity=3.5 units=lux radius=0 color=(0.62,0.72,0.95) shadow=1
2026.10.01-02.51.52 ARTPREVIEW light profile=marmoreal-night name=moon-pool role=cool kind=point at=(0,0,750) intensity=260 units=candelas radius=1250 color=(0.82,0.88,1.00) shadow=0
2026.10.01-02.51.52 ARTPREVIEW sky profile=marmoreal-night cubemap=/Game/S08/Render/TC_S08_AmbientDome loaded=1 spawned=1 intensity=3 color=(0.60,0.70,1.00) lowerBlack=0
2026.10.01-02.51.52 ARTPREVIEW fog profile=marmoreal-night spawned=1 color=(0.2000,0.2550,0.4600) density=0.32 falloff=0.2 heightZ=-400 start=2900 end=6000 maxOpacity=1.00 volumetric=0
2026.10.01-02.51.52 ARTPREVIEW exposure profile=marmoreal-night method=histogram-fixed min=4.14106 max=4.14106 bias=0.000 ev100=2.05 volume=1
2026.10.01-02.51.52 ARTPREVIEW lights applied profile=marmoreal-night directional=1 shadow=1 points=1 pointShadows=0 budgetOk=1
2026.10.01-02.51.52 ARTPREVIEW render profile=marmoreal-night units=candelas sky=1 exposure=1 keyShadow=csm-3600uu-2c-contact0.000 shadowCasters=1 legacyRender=0
2026.10.01-02.51.52 ARTPREVIEW map grade profile=marmoreal-night source=profile nightEV=-0.35 nightSaturation=0.75 lift=1.50 nightTint=(0.9700,1.0000,1.0500)
2026.10.01-02.51.52 ARTPREVIEW board active profile=marmoreal-original 7x6 surface=map-image map=Marmoreal spaces=31 links=42 starts=4 zoneKeys=8 multizone=21 triple=7 obstacles=11 size=891.3x577.3 src=1337x866 uuPerPx=0.6666667 frameUU=24 surfaceParts=4 corners=4 zoneMarks=0 lattice=0 pick=445.7x288.7 mi=MI_Marmoreal_MapBoard wood=1 expectOk=1
2026.10.01-02.51.52 ARTPREVIEW board map zone key=blue spaces=14 (painted, no zone marks)
2026.10.01-02.51.52 ARTPREVIEW board map zone key=brown spaces=7 (painted, no zone marks)
2026.10.01-02.51.52 ARTPREVIEW board map zone key=gray spaces=6 (painted, no zone marks)
2026.10.01-02.51.52 ARTPREVIEW board map zone key=green spaces=14 (painted, no zone marks)
2026.10.01-02.51.52 ARTPREVIEW board map zone key=purple spaces=5 (painted, no zone marks)
2026.10.01-02.51.52 ARTPREVIEW board map zone key=red spaces=4 (painted, no zone marks)
2026.10.01-02.51.52 ARTPREVIEW board map zone key=violet spaces=4 (painted, no zone marks)
2026.10.01-02.51.52 ARTPREVIEW board map zone key=yellow spaces=5 (painted, no zone marks)
2026.10.01-02.51.52 ARTPREVIEW envlayout prop id=portal mesh=SM_Env_Portal loc=(0.0,-420.0,-3.0) yaw=90.0 scale=1.450 shadow=1 size=186.0x71.9x217.5 bounds=(-93.0,-456.0,-3.0)..(93.0,-384.0,214.5) overMap=0 onTray=1
2026.10.01-02.51.52 ARTPREVIEW envlayout prop id=arcade-w1 mesh=SM_Env_ArcadeBay loc=(-169.2,-425.0,-3.0) yaw=90.0 scale=1.450 shadow=1 size=152.3x44.6x188.5 bounds=(-245.4,-447.3,-3.0)..(-93.0,-402.7,185.5) overMap=0 onTray=1
2026.10.01-02.51.52 ARTPREVIEW envlayout prop id=arcade-w2 mesh=SM_Env_ArcadeBay loc=(-321.5,-425.0,-3.0) yaw=90.0 scale=1.450 shadow=1 size=152.3x44.6x188.5 bounds=(-397.7,-447.3,-3.0)..(-245.3,-402.7,185.5) overMap=0 onTray=1
2026.10.01-02.51.52 ARTPREVIEW envlayout prop id=arcade-e1 mesh=SM_Env_ArcadeBay loc=(169.2,-425.0,-3.0) yaw=90.0 scale=1.450 shadow=1 size=152.3x44.6x188.5 bounds=(93.0,-447.3,-3.0)..(245.4,-402.7,185.5) overMap=0 onTray=1
2026.10.01-02.51.52 ARTPREVIEW envlayout prop id=arcade-e2 mesh=SM_Env_ArcadeBay loc=(321.5,-425.0,-3.0) yaw=90.0 scale=1.450 shadow=1 size=152.3x44.6x188.5 bounds=(245.3,-447.3,-3.0)..(397.7,-402.7,185.5) overMap=0 onTray=1
2026.10.01-02.51.52 ARTPREVIEW envlayout prop id=urn-w mesh=SM_Env_Urn loc=(-118.0,-372.0,-3.0) yaw=90.0 scale=1.000 shadow=1 size=34.3x23.6x35.0 bounds=(-135.2,-383.8,-3.0)..(-100.8,-360.2,32.0) overMap=0 onTray=1
2026.10.01-02.51.52 ARTPREVIEW envlayout prop id=cypress-nw mesh=SM_Env_Cypress loc=(-427.7,-440.0,-3.0) yaw=90.0 scale=1.300 shadow=1 size=45.6x41.1x143.0 bounds=(-450.5,-460.6,-3.0)..(-404.9,-419.4,140.0) overMap=0 onTray=1
2026.10.01-02.51.52 ARTPREVIEW envlayout prop id=lamp-nw mesh=SM_Env_LanternPlinth loc=(-520.0,-365.0,-3.0) yaw=90.0 scale=1.200 shadow=1 size=30.1x30.1x84.0 bounds=(-535.0,-380.0,-3.0)..(-505.0,-350.0,81.0) overMap=0 onTray=1
2026.10.01-02.51.52 ARTPREVIEW envlayout prop id=cherry-w mesh=SM_Env_Cherry loc=(-660.0,-170.0,-3.0) yaw=0.0 scale=1.400 shadow=1 size=198.7x257.0x252.0 bounds=(-759.3,-298.5,-3.0)..(-560.7,-41.5,249.0) overMap=0 onTray=1
2026.10.01-02.51.52 ARTPREVIEW envlayout prop id=lamp-w mesh=SM_Env_LanternPlinth loc=(-520.0,130.0,-3.0) yaw=90.0 scale=1.200 shadow=1 size=30.1x30.1x84.0 bounds=(-535.0,115.0,-3.0)..(-505.0,145.0,81.0) overMap=0 onTray=1
2026.10.01-02.51.52 ARTPREVIEW envlayout prop id=plinth-sw mesh=SM_Env_PlinthBall loc=(-525.0,368.0,-3.0) yaw=90.0 scale=1.000 shadow=1 size=25.7x25.7x60.0 bounds=(-537.9,355.1,-3.0)..(-512.1,380.9,57.0) overMap=0 onTray=1
2026.10.01-02.51.52 ARTPREVIEW envlayout prop id=urn-e mesh=SM_Env_Urn loc=(118.0,-372.0,-3.0) yaw=90.0 scale=1.000 shadow=1 size=34.3x23.6x35.0 bounds=(100.8,-383.8,-3.0)..(135.2,-360.2,32.0) overMap=0 onTray=1
2026.10.01-02.51.52 ARTPREVIEW envlayout prop id=cypress-ne mesh=SM_Env_Cypress loc=(427.7,-440.0,-3.0) yaw=90.0 scale=1.300 shadow=1 size=45.6x41.1x143.0 bounds=(404.9,-460.6,-3.0)..(450.5,-419.4,140.0) overMap=0 onTray=1
2026.10.01-02.51.52 ARTPREVIEW envlayout prop id=lamp-ne mesh=SM_Env_LanternPlinth loc=(520.0,-365.0,-3.0) yaw=90.0 scale=1.200 shadow=1 size=30.1x30.1x84.0 bounds=(505.0,-380.0,-3.0)..(535.0,-350.0,81.0) overMap=0 onTray=1
2026.10.01-02.51.52 ARTPREVIEW envlayout prop id=cherry-e mesh=SM_Env_Cherry loc=(660.0,-170.0,-3.0) yaw=180.0 scale=1.400 shadow=1 size=198.7x257.0x252.0 bounds=(560.7,-298.5,-3.0)..(759.3,-41.5,249.0) overMap=0 onTray=1
2026.10.01-02.51.52 ARTPREVIEW envlayout prop id=lamp-e mesh=SM_Env_LanternPlinth loc=(520.0,130.0,-3.0) yaw=90.0 scale=1.200 shadow=1 size=30.1x30.1x84.0 bounds=(505.0,115.0,-3.0)..(535.0,145.0,81.0) overMap=0 onTray=1
2026.10.01-02.51.52 ARTPREVIEW envlayout prop id=plinth-se mesh=SM_Env_PlinthBall loc=(525.0,368.0,-3.0) yaw=90.0 scale=1.000 shadow=1 size=25.7x25.7x60.0 bounds=(512.1,355.1,-3.0)..(537.9,380.9,57.0) overMap=0 onTray=1
2026.10.01-02.51.52 ARTPREVIEW envlayout light id=lamp-nw kind=point at=(-520.0,-365.0,105.0) intensity=60 units=candelas radius=480 color=#FFA552 shadow=0
2026.10.01-02.51.52 ARTPREVIEW envlayout light id=lamp-ne kind=point at=(520.0,-365.0,105.0) intensity=60 units=candelas radius=480 color=#FFA552 shadow=0
2026.10.01-02.51.52 ARTPREVIEW envlayout light id=lamp-w kind=point at=(-520.0,130.0,105.0) intensity=55 units=candelas radius=460 color=#FFA552 shadow=0
2026.10.01-02.51.52 ARTPREVIEW envlayout light id=lamp-e kind=point at=(520.0,130.0,105.0) intensity=55 units=candelas radius=460 color=#FFA552 shadow=0
2026.10.01-02.51.52 ARTPREVIEW envlayout light id=portal-glow kind=point at=(0.0,-380.0,120.0) intensity=55 units=candelas radius=380 color=#FFB066 shadow=0
2026.10.01-02.51.52 ARTPREVIEW envlayout ground map=marmoreal mode=runtime strips=4 material=MI_EnvGround_Marmoreal z=-1.0 outer=(-780.0,-515.0)..(780.0,425.0) hole=(-467.7,-310.7)..(467.7,310.7) splatRect=(-820.0,-560.0)..(820.0,470.0) splatCovers=1 areaUU2=885246 status=ok
2026.10.01-02.51.52 ARTPREVIEW envlayout map=marmoreal props=17 lights=5 missingMeshes=0 layoutProps=17 layoutLights=5 skippedMissing=0 skippedInsideMap=0 intrusions=0 outsideTray=0 outsideKit=0 shadowCasters=17 profilePoints=1 combinedPoints=6 combinedBudgetOk=1 tray=layout trayApronMismatch=0 profile=marmoreal-original boardId=c121b47f8d6eb28daccb76d05 file=Config/ArtBoards/EnvLayouts/marmoreal.layout.json sha256=3794cddb4d27f63d690320395502bdc5dee3e42576a12daa51231f5c2ce3e51f source=pak status=ok
2026.10.01-02.51.52 ARTPREVIEW envlayout tray map=marmoreal source=layout outerHalf=780.0x470.0 offsetY=-45.0 frameHalf=469.7x312.7 mesh=T2 t2Top=780.0x470.0 mismatchUU=0.0
2026.10.01-02.51.52 ARTPREVIEW diorama tray-t2 loaded mesh=/Game/PipelineCandidates/TableBase/T2/SM_TableBase_T2 mi=MI_TableBase_T2
2026.10.01-02.51.52 ARTPREVIEW diorama tray=/Game/PipelineCandidates/TableBase/T2/SM_TableBase_T2.SM_TableBase_T2 mi=MI_TableBase_T2 surface=map-image yaw=0.0 scale=1.000x1.000x1.000 bounds=(-802.0,-530.4,-179.5)..(802.0,440.4,1.5) size=1604.0x970.8x181.0 topZ=-3.0 boardHalf=469.7x312.7 rimUU=112.3 collision=none kind=T2 topHalf=780.0x470.0 layoutHalf=780.0x470.0 offset=(0.0,-45.0) source=layout mismatchUU=0.0 match=1 anisotropy=1.000 lipTopZ=1.5 lipBandUU=20.0
2026.10.01-02.51.52 CAMERA extents source=map-image half=445.7x288.7 dist=2340.2 fit=1872.2 k1Mul=1.250
2026.10.01-02.51.52 CAMERA dist=2340 loc=(0,1342,1917) pitch=-55 yaw=-90
2026.10.01-02.51.52 CAMERA config overview=2340.2 nearest=300.0 farthest=2880.2 zoomRange=0.81-7.80 fit=1872.2 k1Mul=1.250 minDist=300.0 outRatio=0.650 step=1.250 animMs=200 returnMs=300 followFrom=1.20 source=defaults issues=0
2026.10.01-02.51.52 BOARD 7x6 cells | control points: (0,0)=(-319,-228,0) (6,5)=(300,250,0) | neighbor pair (dist 89 uu)
2026.10.01-02.51.52 BOARD topology spaces=31 links=42 starts=3:M03,4:M11,1:M13,2:M31 frame=1337x866px uuPerPx=0.6667 radius=42.0uu (default)
2026.10.01-02.51.52 ARTPREVIEW team mapping mode=absolute source=fighter-prefix viewerTeam=- p1=f-0-hero,f-0-sk0,f-0-sk1,f-0-sk2 p2=f-1-hero,f-1-sk0
2026.10.01-02.51.52 ARTPREVIEW heroesV2 fighter=f-0-hero mesh=/Game/PipelineCandidates/Medusa/H2LD/Meshes/SK_Medusa_H2LD mi=/Game/PipelineCandidates/Medusa/H2LD/Materials/MI_Medusa_H2LD_P1 yaw=90.0 scale=0.9998 name=Medusa hero=1 look=P1 base=/Game/PipelineCandidates/Medusa/H2LD/Meshes/SM_Medusa_H2LD_Base baseMi=/Game/PipelineCandidates/Medusa/H2LD/Materials/MI_Medusa_H2LD_Base_P1 skeleton=/Game/PipelineCandidates/Medusa/Rig/SK_Medusa_Skeleton.SK_Medusa_Skeleton clips=4/4 boundsTop=55.00 figureTop=55.00 budget=55.0
2026.10.01-02.51.52 ARTPREVIEW click capsule fighter=f-0-hero mesh=SK_Medusa_H2LD physicsAsset=0 radius=11.6 halfHeight=27.5 top=55.0 bodyCollision=0 source=meshBounds
2026.10.01-02.51.52 ARTPREVIEW fighter=Medusa hero=1 eligible=0 visual=1 mesh=SK_Medusa_H2LD
2026.10.01-02.51.52 ARTPREVIEW team ring fighter=f-0-hero team=P1 look=P1 mode=absolute shape=circle shown=1 mesh=SM_Marker_TeamRing_P1 fill=#E8C06A keyline=#111317 fillLinear=(0.8070,0.5271,0.1441) zMin=0.60 zMax=1.20 scale=1.00 base=hidden blockout=0 art=1 rim=#FFFFFF
2026.10.01-02.51.52 ARTPREVIEW anim fighter=f-0-hero clip=Idle len=2.333 event=spawn loop=1 phase=0.8071 seq=-1 asset=AM_Medusa_Idle
2026.10.01-02.51.52 ARTPREVIEW heroesV2 fighter=f-0-sk0 mesh=/Game/PipelineCandidates/Harpy/H3LD/Meshes/SK_Harpy_H3LD mi=/Game/PipelineCandidates/Harpy/H3LD/Materials/MI_Harpy_H3LD_P1 yaw=90.0 scale=1.0000 name=Harpies hero=0 look=P1 base=/Game/PipelineCandidates/Harpy/H3LD/Meshes/SM_Harpy_H3LD_Base baseMi=/Game/PipelineCandidates/Harpy/H3LD/Materials/MI_Harpy_H3LD_Base_P1 skeleton=/Game/PipelineCandidates/Harpy/Rig/SK_Harpy_Skeleton.SK_Harpy_Skeleton clips=4/4 boundsTop=42.00 figureTop=42.00 budget=42.0
2026.10.01-02.51.52 ARTPREVIEW click capsule fighter=f-0-sk0 mesh=SK_Harpy_H3LD physicsAsset=0 radius=20.0 halfHeight=21.0 top=42.0 bodyCollision=0 source=meshBounds
2026.10.01-02.51.52 ARTPREVIEW team ring fighter=f-0-sk0 team=P1 look=P1 mode=absolute shape=circle shown=1 mesh=SM_Marker_TeamRing_P1 fill=#E8C06A keyline=#111317 fillLinear=(0.8070,0.5271,0.1441) zMin=0.60 zMax=1.20 scale=0.78 base=hidden blockout=0 art=1 rim=#FFFFFF
2026.10.01-02.51.52 ARTPREVIEW anim fighter=f-0-sk0 clip=Idle len=2.000 event=spawn loop=1 phase=0.6635 seq=-1 asset=AM_Harpy_Idle
2026.10.01-02.51.52 ARTPREVIEW heroesV2 fighter=f-0-sk1 mesh=/Game/PipelineCandidates/Harpy/H3LD/Meshes/SK_Harpy_H3LD mi=/Game/PipelineCandidates/Harpy/H3LD/Materials/MI_Harpy_H3LD_P1 yaw=270.0 scale=1.0000 name=Harpies hero=0 look=P1 base=/Game/PipelineCandidates/Harpy/H3LD/Meshes/SM_Harpy_H3LD_Base baseMi=/Game/PipelineCandidates/Harpy/H3LD/Materials/MI_Harpy_H3LD_Base_P1 skeleton=/Game/PipelineCandidates/Harpy/Rig/SK_Harpy_Skeleton.SK_Harpy_Skeleton clips=4/4 boundsTop=42.00 figureTop=42.00 budget=42.0
2026.10.01-02.51.52 ARTPREVIEW click capsule fighter=f-0-sk1 mesh=SK_Harpy_H3LD physicsAsset=0 radius=20.0 halfHeight=21.0 top=42.0 bodyCollision=0 source=meshBounds
2026.10.01-02.51.52 ARTPREVIEW team ring fighter=f-0-sk1 team=P1 look=P1 mode=absolute shape=circle shown=1 mesh=SM_Marker_TeamRing_P1 fill=#E8C06A keyline=#111317 fillLinear=(0.8070,0.5271,0.1441) zMin=0.60 zMax=1.20 scale=0.78 base=hidden blockout=0 art=1 rim=#FFFFFF
2026.10.01-02.51.52 ARTPREVIEW anim fighter=f-0-sk1 clip=Idle len=2.000 event=spawn loop=1 phase=0.9016 seq=-1 asset=AM_Harpy_Idle
2026.10.01-02.51.52 ARTPREVIEW heroesV2 fighter=f-0-sk2 mesh=/Game/PipelineCandidates/Harpy/H3LD/Meshes/SK_Harpy_H3LD mi=/Game/PipelineCandidates/Harpy/H3LD/Materials/MI_Harpy_H3LD_P1 yaw=90.0 scale=1.0000 name=Harpies hero=0 look=P1 base=/Game/PipelineCandidates/Harpy/H3LD/Meshes/SM_Harpy_H3LD_Base baseMi=/Game/PipelineCandidates/Harpy/H3LD/Materials/MI_Harpy_H3LD_Base_P1 skeleton=/Game/PipelineCandidates/Harpy/Rig/SK_Harpy_Skeleton.SK_Harpy_Skeleton clips=4/4 boundsTop=42.00 figureTop=42.00 budget=42.0
2026.10.01-02.51.52 ARTPREVIEW click capsule fighter=f-0-sk2 mesh=SK_Harpy_H3LD physicsAsset=0 radius=20.0 halfHeight=21.0 top=42.0 bodyCollision=0 source=meshBounds
2026.10.01-02.51.52 ARTPREVIEW team ring fighter=f-0-sk2 team=P1 look=P1 mode=absolute shape=circle shown=1 mesh=SM_Marker_TeamRing_P1 fill=#E8C06A keyline=#111317 fillLinear=(0.8070,0.5271,0.1441) zMin=0.60 zMax=1.20 scale=0.78 base=hidden blockout=0 art=1 rim=#FFFFFF
2026.10.01-02.51.52 ARTPREVIEW anim fighter=f-0-sk2 clip=Idle len=2.000 event=spawn loop=1 phase=0.1873 seq=-1 asset=AM_Harpy_Idle
2026.10.01-02.51.52 ARTPREVIEW heroesV2 fighter=f-1-hero mesh=/Game/PipelineCandidates/KingArthur/H2LD/Meshes/SK_KingArthur_H2LD mi=/Game/PipelineCandidates/KingArthur/H2LD/Materials/MI_KingArthur_H2LD_P2 yaw=270.0 scale=1.0000 name=King Arthur hero=1 look=P2 base=/Game/PipelineCandidates/KingArthur/H2LD/Meshes/SM_KingArthur_H2LD_Base baseMi=/Game/PipelineCandidates/KingArthur/H2LD/Materials/MI_KingArthur_H2LD_Base_P2 skeleton=/Game/PipelineCandidates/KingArthur/Rig/SK_KingArthur_Skeleton.SK_KingArthur_Skeleton clips=4/4 boundsTop=60.06 figureTop=55.00 budget=55.0
2026.10.01-02.51.52 ARTPREVIEW click capsule fighter=f-1-hero mesh=SK_KingArthur_H2LD physicsAsset=0 radius=12.8 halfHeight=30.0 top=60.1 bodyCollision=0 source=meshBounds
2026.10.01-02.51.52 ARTPREVIEW team ring fighter=f-1-hero team=P2 look=P2 mode=absolute shape=hexagon shown=1 mesh=SM_Marker_TeamRing_P2 fill=#5A7F9F keyline=#111317 fillLinear=(0.1022,0.2122,0.3467) zMin=0.60 zMax=1.20 scale=1.00 base=hidden blockout=0 art=1 rim=#FFFFFF
2026.10.01-02.51.52 ARTPREVIEW anim fighter=f-1-hero clip=Idle len=2.500 event=spawn loop=1 phase=0.3470 seq=-1 asset=AM_KingArthur_Idle
2026.10.01-02.51.52 ARTPREVIEW heroesV2 fighter=f-1-sk0 mesh=/Game/PipelineCandidates/Merlin/H2LD/Meshes/SK_Merlin_H2LD mi=/Game/PipelineCandidates/Merlin/H2LD/Materials/MI_Merlin_H2LD_P2 yaw=270.0 scale=1.0003 name=Merlin hero=0 look=P2 base=/Game/PipelineCandidates/Merlin/H2LD/Meshes/SM_Merlin_H2LD_Base baseMi=/Game/PipelineCandidates/Merlin/H2LD/Materials/MI_Merlin_H2LD_Base_P2 skeleton=/Game/PipelineCandidates/Merlin/Rig/SK_Merlin_Skeleton.SK_Merlin_Skeleton clips=4/4 boundsTop=49.44 figureTop=45.00 budget=45.0
2026.10.01-02.51.52 ARTPREVIEW click capsule fighter=f-1-sk0 mesh=SK_Merlin_H2LD physicsAsset=0 radius=10.5 halfHeight=24.7 top=49.4 bodyCollision=0 source=meshBounds
2026.10.01-02.51.52 ARTPREVIEW team ring fighter=f-1-sk0 team=P2 look=P2 mode=absolute shape=hexagon shown=1 mesh=SM_Marker_TeamRing_P2 fill=#5A7F9F keyline=#111317 fillLinear=(0.1022,0.2122,0.3467) zMin=0.60 zMax=1.20 scale=0.78 base=hidden blockout=0 art=1 rim=#FFFFFF
2026.10.01-02.51.52 ARTPREVIEW anim fighter=f-1-sk0 clip=Idle len=3.000 event=spawn loop=1 phase=0.8028 seq=-1 asset=AM_Merlin_Idle
2026.10.01-02.51.52 ARTPREVIEW heroesV2 summary fighters=6 mapped=6 v2=6
2026.10.01-02.51.52 FIGHTERS synced n=6 alive=6 own=4 enemy=2
2026.10.01-02.51.52 BENCH scene fixture=S08BenchMarmoreal.json board=7x6 fighters=6 viewer=cmukie55u0000wiao06h107t9 hero=f-0-hero art=1 profile=marmoreal-original views=K1+K1x0.65+K2x1.6+K2x2.5 warmup=30 settle=8 measure=20 fps=0 profileGpu=1 csv=1
2026.10.01-02.52.22 BENCH warmup done elapsed=30.0
2026.10.01-02.52.22 BENCH view=K1 overview target=2340.2 fit=1872.2
2026.10.01-02.52.22 BENCH view=K1 camera settled=1 dist=2340.2 target=2340.2 zoom=1.00
2026.10.01-02.52.50 BENCH measure view=K1 window=20.0 frames=4584 fps=229.19 frameMs avg=4.36 p50=4.37 p95=5.34 p99=5.77 max=8.92 hitches50=0 gpuMs avg=2.26 p50=2.21 p95=2.46 gameMs avg=1.11 p95=1.37 renderMs avg=4.36 p95=5.33
2026.10.01-02.52.50 RENDER tag=BENCH rhi=D3D12 featureLevel=SM6 shaderPlatform=PCD3D_SM6 lumenPlatform=1 gi=lumen giMethod=1 refl=lumen reflMethod=1 shadows=csm vsmEnable=0 sg.res=100 sg.view=2 sg.aa=2 sg.shadow=2 sg.gi=2 sg.refl=2 sg.pp=2 sg.tex=2 sg.fx=2 sg.foliage=2 sg.shading=2 sg.landscape=2 preset=High screenPct=100.0 screenPctMode=0 aa=TSR aaMethod=4 exposure=fixed-histogram expMin=4.14106 expMax=4.14106 expBias=0.000 ev100=2.05 lightUnits=candelas sky=1 skyIntensity=3.000 keyShadow=csm-3600uu-2c-contact0.000 shadowCasters=1 profile=marmoreal-night profilesSha256=aae181a4e6122bbe6f49a0f11122caf379c91b78f20b97140f96277038744230 profilesSource=pak legacyRender=0 gameLayer=unlit-eyeadaptinv tMaxFPS=0.0 vsync=0 frameRateLimit=60.0 substrate=0 nanite=1 meshDF=1 viewport=1920x1080 reference=1
2026.10.01-02.52.50 BENCH profilegpu view=K1 requested (dump in Unmatched.log, LogRHI)
2026.10.01-02.52.53 SHOT ctx viewport=1920x1080 viewTarget=CameraActor_2147482310 cam=(0,1342,1917) rot=(-55,-90,0)
2026.10.01-02.52.53 RENDER tag=SHOT rhi=D3D12 featureLevel=SM6 shaderPlatform=PCD3D_SM6 lumenPlatform=1 gi=lumen giMethod=1 refl=lumen reflMethod=1 shadows=csm vsmEnable=0 sg.res=100 sg.view=2 sg.aa=2 sg.shadow=2 sg.gi=2 sg.refl=2 sg.pp=2 sg.tex=2 sg.fx=2 sg.foliage=2 sg.shading=2 sg.landscape=2 preset=High screenPct=100.0 screenPctMode=0 aa=TSR aaMethod=4 exposure=fixed-histogram expMin=4.14106 expMax=4.14106 expBias=0.000 ev100=2.05 lightUnits=candelas sky=1 skyIntensity=3.000 keyShadow=csm-3600uu-2c-contact0.000 shadowCasters=1 profile=marmoreal-night profilesSha256=aae181a4e6122bbe6f49a0f11122caf379c91b78f20b97140f96277038744230 profilesSource=pak legacyRender=0 gameLayer=unlit-eyeadaptinv tMaxFPS=0.0 vsync=0 frameRateLimit=60.0 substrate=0 nanite=1 meshDF=1 viewport=1920x1080 reference=1
2026.10.01-02.52.53 SHOT fighter f-0-hero pos=(0,2) world=(-341,-34,0) screen=(521,504) projected=1 alive=1
2026.10.01-02.52.53 SHOT fighter f-0-sk0 pos=(0,1) world=(-341,-132,0) screen=(531,403) projected=1 alive=1
2026.10.01-02.52.53 SHOT fighter f-0-sk1 pos=(0,3) world=(-328,63,0) screen=(527,608) projected=1 alive=1
2026.10.01-02.52.53 SHOT fighter f-0-sk2 pos=(0,0) world=(-319,-228,0) screen=(567,310) projected=1 alive=1
2026.10.01-02.52.53 SHOT fighter f-1-hero pos=(5,5) world=(198,194,0) screen=(1230,757) projected=1 alive=1
2026.10.01-02.52.53 SHOT fighter f-1-sk0 pos=(5,3) world=(253,91,0) screen=(1297,639) projected=1 alive=1
2026.10.01-02.52.53 SHOT camera dist=2340.2 target=2340.2 overview=2340.2 errPct=0.000 focusErr=0.00 settled=1 zoom=1.00
2026.10.01-02.52.53 SHOT head fighter=f-0-hero socket=Head mesh=SK_Medusa_H2LD world=(-340.7,-33.7,47.2) screen=(513.0,468.3) top=(512.0,463.6) bottom=(513.9,472.9) headPx=9.5 projected=1
2026.10.01-02.52.53 SHOT head fighter=f-0-sk0 socket=Head mesh=SK_Harpy_H3LD world=(-340.6,-126.9,34.0) screen=(525.2,382.4) top=(524.3,377.7) bottom=(526.1,387.1) headPx=9.6 projected=1
2026.10.01-02.52.53 SHOT head fighter=f-0-sk1 socket=Head mesh=SK_Harpy_H3LD world=(-327.8,58.2,34.3) screen=(522.1,577.4) top=(521.1,572.9) bottom=(523.0,581.9) headPx=9.2 projected=1
2026.10.01-02.52.53 SHOT head fighter=f-0-sk2 socket=Head mesh=SK_Harpy_H3LD world=(-319.5,-223.1,34.1) screen=(561.4,287.6) top=(560.6,282.8) bottom=(562.2,292.4) headPx=9.7 projected=1
2026.10.01-02.52.53 SHOT head fighter=f-1-hero socket=Head mesh=SK_KingArthur_H2LD world=(197.2,193.7,50.0) screen=(1234.4,720.8) top=(1235.0,716.4) bottom=(1233.8,725.2) headPx=8.9 projected=1
2026.10.01-02.52.53 SHOT head fighter=f-1-sk0 socket=Head mesh=SK_Merlin_H2LD world=(252.9,87.8,36.6) screen=(1300.7,608.6) top=(1301.5,604.1) bottom=(1300.0,613.1) headPx=9.1 projected=1
2026.10.01-02.52.53 SHOT figure fighter=f-0-hero bbox=(471,432,560,534) ringR=28.50 art=1 blockout=0 team=P1 look=P1 ring=1
2026.10.01-02.52.53 SHOT figure fighter=f-0-sk0 bbox=(494,348,561,426) ringR=22.23 art=1 blockout=0 team=P1 look=P1 ring=1
2026.10.01-02.52.53 SHOT figure fighter=f-0-sk1 bbox=(488,553,558,633) ringR=22.23 art=1 blockout=0 team=P1 look=P1 ring=1
2026.10.01-02.52.53 SHOT figure fighter=f-0-sk2 bbox=(532,255,597,331) ringR=22.23 art=1 blockout=0 team=P1 look=P1 ring=1
2026.10.01-02.52.53 SHOT figure fighter=f-1-hero bbox=(1190,680,1279,791) ringR=28.50 art=1 blockout=0 team=P2 look=P2 ring=1
2026.10.01-02.52.53 SHOT figure fighter=f-1-sk0 bbox=(1265,577,1335,664) ringR=22.23 art=1 blockout=0 team=P2 look=P2 ring=1
2026.10.01-02.52.53 SHOT request file=bench-K1-1920x1080.png frame=14017
2026.10.01-02.52.53 SHOT requested: FScreenshotRequest(bShowUI) -> C:\tmp\envmaps-research\p3\bench-runs\marmoreal\r2/bench-K1-1920x1080.png
2026.10.01-02.52.53 SHOT captured file=bench-K1-1920x1080.png frame=14017 px=1920x1080 sha256=45012da98a03b404a6c7309b9bd5b73485cff004bf484d4072d996626b8b12c2 order=BGRA saved=1
2026.10.01-02.52.53 SHOT late begin file=bench-K1-1920x1080.png frame=14017 requestFrame=14017
2026.10.01-02.52.53 SHOT iconstate visible=0 lastFighter=none frame=14017
2026.10.01-02.52.53 SHOT panel id=hud.command bbox=(0,0,20,20) geom=painted visible=1 frame=14017
2026.10.01-02.52.53 SHOT panel id=hud.side bbox=(1884,0,1920,28) geom=painted visible=1 frame=14017
2026.10.01-02.52.53 SHOT panel id=hud.hand bbox=(950,1060,970,1080) geom=painted visible=1 frame=14017
2026.10.01-02.52.53 SHOT label fighter=f-0-hero mode=full bbox=(469,426,546,453) frame=14017
2026.10.01-02.52.53 SHOT label fighter=f-0-sk0 mode=full bbox=(480,339,561,363) frame=14017
2026.10.01-02.52.53 SHOT label fighter=f-0-sk1 mode=full bbox=(473,547,558,570) frame=14017
2026.10.01-02.52.53 SHOT label fighter=f-0-sk2 mode=full bbox=(519,244,598,268) frame=14017
2026.10.01-02.52.53 SHOT label fighter=f-1-hero mode=full bbox=(1197,688,1280,710) frame=14017
2026.10.01-02.52.53 SHOT label fighter=f-1-sk0 mode=full bbox=(1273,577,1337,600) frame=14017
2026.10.01-02.52.53 SHOT late end file=bench-K1-1920x1080.png frame=14017
2026.10.01-02.52.53 BENCH shot view=K1 saved=1 path=C:\tmp\envmaps-research\p3\bench-runs\marmoreal\r2/bench-K1-1920x1080.png
2026.10.01-02.52.53 BENCH view=K1x0.65 zoom-out wanted=0.65 target=2880.2 zoom=0.81 limit=far
2026.10.01-02.52.53 BENCH view=K1x0.65 camera settled=1 dist=2851.9 target=2880.2 zoom=0.82
2026.10.01-02.53.21 BENCH measure view=K1x0.65 window=20.0 frames=4621 fps=231.03 frameMs avg=4.33 p50=4.24 p95=5.41 p99=6.03 max=11.30 hitches50=0 gpuMs avg=2.15 p50=2.12 p95=2.33 gameMs avg=1.24 p95=1.54 renderMs avg=4.33 p95=5.40
2026.10.01-02.53.21 RENDER tag=BENCH rhi=D3D12 featureLevel=SM6 shaderPlatform=PCD3D_SM6 lumenPlatform=1 gi=lumen giMethod=1 refl=lumen reflMethod=1 shadows=csm vsmEnable=0 sg.res=100 sg.view=2 sg.aa=2 sg.shadow=2 sg.gi=2 sg.refl=2 sg.pp=2 sg.tex=2 sg.fx=2 sg.foliage=2 sg.shading=2 sg.landscape=2 preset=High screenPct=100.0 screenPctMode=0 aa=TSR aaMethod=4 exposure=fixed-histogram expMin=4.14106 expMax=4.14106 expBias=0.000 ev100=2.05 lightUnits=candelas sky=1 skyIntensity=3.000 keyShadow=csm-3600uu-2c-contact0.000 shadowCasters=1 profile=marmoreal-night profilesSha256=aae181a4e6122bbe6f49a0f11122caf379c91b78f20b97140f96277038744230 profilesSource=pak legacyRender=0 gameLayer=unlit-eyeadaptinv tMaxFPS=0.0 vsync=0 frameRateLimit=60.0 substrate=0 nanite=1 meshDF=1 viewport=1920x1080 reference=1
2026.10.01-02.53.21 BENCH profilegpu view=K1x0.65 requested (dump in Unmatched.log, LogRHI)
2026.10.01-02.53.24 SHOT ctx viewport=1920x1080 viewTarget=CameraActor_2147482310 cam=(0,1652,2359) rot=(-55,-90,0)
2026.10.01-02.53.24 RENDER tag=SHOT rhi=D3D12 featureLevel=SM6 shaderPlatform=PCD3D_SM6 lumenPlatform=1 gi=lumen giMethod=1 refl=lumen reflMethod=1 shadows=csm vsmEnable=0 sg.res=100 sg.view=2 sg.aa=2 sg.shadow=2 sg.gi=2 sg.refl=2 sg.pp=2 sg.tex=2 sg.fx=2 sg.foliage=2 sg.shading=2 sg.landscape=2 preset=High screenPct=100.0 screenPctMode=0 aa=TSR aaMethod=4 exposure=fixed-histogram expMin=4.14106 expMax=4.14106 expBias=0.000 ev100=2.05 lightUnits=candelas sky=1 skyIntensity=3.000 keyShadow=csm-3600uu-2c-contact0.000 shadowCasters=1 profile=marmoreal-night profilesSha256=aae181a4e6122bbe6f49a0f11122caf379c91b78f20b97140f96277038744230 profilesSource=pak legacyRender=0 gameLayer=unlit-eyeadaptinv tMaxFPS=0.0 vsync=0 frameRateLimit=60.0 substrate=0 nanite=1 meshDF=1 viewport=1920x1080 reference=1
2026.10.01-02.53.24 SHOT fighter f-0-hero pos=(0,2) world=(-341,-34,0) screen=(602,511) projected=1 alive=1
2026.10.01-02.53.24 SHOT fighter f-0-sk0 pos=(0,1) world=(-341,-132,0) screen=(609,428) projected=1 alive=1
2026.10.01-02.53.24 SHOT fighter f-0-sk1 pos=(0,3) world=(-328,63,0) screen=(609,595) projected=1 alive=1
2026.10.01-02.53.24 SHOT fighter f-0-sk2 pos=(0,0) world=(-319,-228,0) screen=(638,351) projected=1 alive=1
2026.10.01-02.53.24 SHOT fighter f-1-hero pos=(5,5) world=(198,194,0) screen=(1178,715) projected=1 alive=1
2026.10.01-02.53.24 SHOT fighter f-1-sk0 pos=(5,3) world=(253,91,0) screen=(1232,620) projected=1 alive=1
2026.10.01-02.53.24 SHOT camera dist=2880.2 target=2880.2 overview=2340.2 errPct=0.000 focusErr=0.00 settled=1 zoom=0.81
2026.10.01-02.53.24 SHOT head fighter=f-0-hero socket=Head mesh=SK_Medusa_H2LD world=(-340.4,-32.9,47.1) screen=(597.7,482.6) top=(597.1,478.8) bottom=(598.3,486.4) headPx=7.6 projected=1
2026.10.01-02.53.24 SHOT head fighter=f-0-sk0 socket=Head mesh=SK_Harpy_H3LD world=(-341.2,-127.1,33.9) screen=(604.9,411.4) top=(604.3,407.6) bottom=(605.5,415.2) headPx=7.7 projected=1
2026.10.01-02.53.24 SHOT head fighter=f-0-sk1 socket=Head mesh=SK_Harpy_H3LD world=(-327.9,57.8,33.9) screen=(605.9,570.1) top=(605.2,566.4) bottom=(606.5,573.8) headPx=7.4 projected=1
2026.10.01-02.53.24 SHOT head fighter=f-0-sk2 socket=Head mesh=SK_Harpy_H3LD world=(-318.9,-223.3,34.3) screen=(634.2,333.0) top=(633.6,329.1) bottom=(634.7,336.9) headPx=7.8 projected=1
2026.10.01-02.53.24 SHOT head fighter=f-1-hero socket=Head mesh=SK_KingArthur_H2LD world=(198.2,193.3,50.1) screen=(1181.2,684.7) top=(1181.6,681.1) bottom=(1180.8,688.2) headPx=7.2 projected=1
2026.10.01-02.53.24 SHOT head fighter=f-1-sk0 socket=Head mesh=SK_Merlin_H2LD world=(253.3,87.4,36.4) screen=(1235.4,595.1) top=(1235.9,591.5) bottom=(1234.9,598.8) headPx=7.4 projected=1
2026.10.01-02.53.24 SHOT figure fighter=f-0-hero bbox=(564,452,634,535) ringR=28.50 art=1 blockout=0 team=P1 look=P1 ring=1
2026.10.01-02.53.24 SHOT figure fighter=f-0-sk0 bbox=(580,384,633,447) ringR=22.23 art=1 blockout=0 team=P1 look=P1 ring=1
2026.10.01-02.53.24 SHOT figure fighter=f-0-sk1 bbox=(579,550,634,615) ringR=22.23 art=1 blockout=0 team=P1 look=P1 ring=1
2026.10.01-02.53.24 SHOT figure fighter=f-0-sk2 bbox=(610,306,661,369) ringR=22.23 art=1 blockout=0 team=P1 look=P1 ring=1
2026.10.01-02.53.24 SHOT figure fighter=f-1-hero bbox=(1145,653,1215,742) ringR=28.50 art=1 blockout=0 team=P2 look=P2 ring=1
2026.10.01-02.53.24 SHOT figure fighter=f-1-sk0 bbox=(1207,570,1262,640) ringR=22.23 art=1 blockout=0 team=P2 look=P2 ring=1
2026.10.01-02.53.24 SHOT request file=bench-K1x0p65-1920x1080.png frame=21168
2026.10.01-02.53.24 SHOT requested: FScreenshotRequest(bShowUI) -> C:\tmp\envmaps-research\p3\bench-runs\marmoreal\r2/bench-K1x0p65-1920x1080.png
2026.10.01-02.53.24 SHOT captured file=bench-K1x0p65-1920x1080.png frame=21168 px=1920x1080 sha256=e2392de2245bde3ffae6e36adb44e60d00045258dbb022d3e04ef13e371875dc order=BGRA saved=1
2026.10.01-02.53.24 SHOT late begin file=bench-K1x0p65-1920x1080.png frame=21168 requestFrame=21168
2026.10.01-02.53.24 SHOT iconstate visible=0 lastFighter=none frame=21168
2026.10.01-02.53.24 SHOT panel id=hud.command bbox=(0,0,20,20) geom=painted visible=1 frame=21168
2026.10.01-02.53.24 SHOT panel id=hud.side bbox=(1884,0,1920,28) geom=painted visible=1 frame=21168
2026.10.01-02.53.24 SHOT panel id=hud.hand bbox=(950,1060,970,1080) geom=painted visible=1 frame=21168
2026.10.01-02.53.24 SHOT label fighter=f-0-hero mode=full bbox=(556,445,631,470) frame=21168
2026.10.01-02.53.24 SHOT label fighter=f-0-sk0 mode=full bbox=(562,374,642,396) frame=21168
2026.10.01-02.53.24 SHOT label fighter=f-0-sk1 mode=full bbox=(560,543,643,564) frame=21168
2026.10.01-02.53.24 SHOT label fighter=f-0-sk2 mode=full bbox=(592,296,670,318) frame=21168
2026.10.01-02.53.24 SHOT label fighter=f-1-hero mode=full bbox=(1143,656,1223,676) frame=21168
2026.10.01-02.53.24 SHOT label fighter=f-1-sk0 mode=full bbox=(1207,567,1269,589) frame=21168
2026.10.01-02.53.24 SHOT late end file=bench-K1x0p65-1920x1080.png frame=21168
2026.10.01-02.53.24 BENCH shot view=K1x0.65 saved=1 path=C:\tmp\envmaps-research\p3\bench-runs\marmoreal\r2/bench-K1x0p65-1920x1080.png
2026.10.01-02.53.24 ARTPREVIEW selection ring shown fighter=Medusa mesh=SM_Marker_SelectionRing
2026.10.01-02.53.24 ARTPREVIEW reachable rings cells=8 placed=1 radiusUU=36 segments=12
2026.10.01-02.53.24 BENCH view=K2x1.6 focus hero=f-0-hero zoom=1.60 target=1462.6 clamp=0
2026.10.01-02.53.25 BENCH view=K2x1.6 camera settled=1 dist=1462.7 target=1462.6 zoom=1.60
2026.10.01-02.53.53 BENCH measure view=K2x1.6 window=20.0 frames=4646 fps=232.30 frameMs avg=4.30 p50=4.35 p95=5.20 p99=5.64 max=7.72 hitches50=0 gpuMs avg=2.21 p50=2.16 p95=2.40 gameMs avg=1.10 p95=1.37 renderMs avg=4.30 p95=5.19
2026.10.01-02.53.53 RENDER tag=BENCH rhi=D3D12 featureLevel=SM6 shaderPlatform=PCD3D_SM6 lumenPlatform=1 gi=lumen giMethod=1 refl=lumen reflMethod=1 shadows=csm vsmEnable=0 sg.res=100 sg.view=2 sg.aa=2 sg.shadow=2 sg.gi=2 sg.refl=2 sg.pp=2 sg.tex=2 sg.fx=2 sg.foliage=2 sg.shading=2 sg.landscape=2 preset=High screenPct=100.0 screenPctMode=0 aa=TSR aaMethod=4 exposure=fixed-histogram expMin=4.14106 expMax=4.14106 expBias=0.000 ev100=2.05 lightUnits=candelas sky=1 skyIntensity=3.000 keyShadow=csm-3600uu-2c-contact0.000 shadowCasters=1 profile=marmoreal-night profilesSha256=aae181a4e6122bbe6f49a0f11122caf379c91b78f20b97140f96277038744230 profilesSource=pak legacyRender=0 gameLayer=unlit-eyeadaptinv tMaxFPS=0.0 vsync=0 frameRateLimit=60.0 substrate=0 nanite=1 meshDF=1 viewport=1920x1080 reference=1
2026.10.01-02.53.53 BENCH profilegpu view=K2x1.6 requested (dump in Unmatched.log, LogRHI)
2026.10.01-02.53.56 SHOT ctx viewport=1920x1080 viewTarget=CameraActor_2147482310 cam=(-341,805,1226) rot=(-55,-90,0)
2026.10.01-02.53.56 RENDER tag=SHOT rhi=D3D12 featureLevel=SM6 shaderPlatform=PCD3D_SM6 lumenPlatform=1 gi=lumen giMethod=1 refl=lumen reflMethod=1 shadows=csm vsmEnable=0 sg.res=100 sg.view=2 sg.aa=2 sg.shadow=2 sg.gi=2 sg.refl=2 sg.pp=2 sg.tex=2 sg.fx=2 sg.foliage=2 sg.shading=2 sg.landscape=2 preset=High screenPct=100.0 screenPctMode=0 aa=TSR aaMethod=4 exposure=fixed-histogram expMin=4.14106 expMax=4.14106 expBias=0.000 ev100=2.05 lightUnits=candelas sky=1 skyIntensity=3.000 keyShadow=csm-3600uu-2c-contact0.000 shadowCasters=1 profile=marmoreal-night profilesSha256=aae181a4e6122bbe6f49a0f11122caf379c91b78f20b97140f96277038744230 profilesSource=pak legacyRender=0 gameLayer=unlit-eyeadaptinv tMaxFPS=0.0 vsync=0 frameRateLimit=60.0 substrate=0 nanite=1 meshDF=1 viewport=1920x1080 reference=1
2026.10.01-02.53.56 SHOT fighter f-0-hero pos=(0,2) world=(-341,-34,0) screen=(960,573) projected=1 alive=1
2026.10.01-02.53.56 SHOT fighter f-0-sk0 pos=(0,1) world=(-341,-132,0) screen=(960,413) projected=1 alive=1
2026.10.01-02.53.56 SHOT fighter f-0-sk1 pos=(0,3) world=(-328,63,0) screen=(987,744) projected=1 alive=1
2026.10.01-02.53.56 SHOT fighter f-0-sk2 pos=(0,0) world=(-319,-228,0) screen=(1002,267) projected=1 alive=1
2026.10.01-02.53.56 SHOT fighter f-1-hero pos=(5,5) world=(198,194,0) screen=(2170,996) projected=1 alive=1
2026.10.01-02.53.56 SHOT fighter f-1-sk0 pos=(5,3) world=(253,91,0) screen=(2238,795) projected=1 alive=1
2026.10.01-02.53.56 SHOT camera dist=1462.6 target=1462.6 overview=2340.2 errPct=0.000 focusErr=0.00 settled=1 zoom=1.60
2026.10.01-02.53.56 SHOT head fighter=f-0-hero socket=Head mesh=SK_Medusa_H2LD world=(-340.8,-33.7,47.2) screen=(959.6,517.6) top=(959.6,510.3) bottom=(959.6,524.9) headPx=14.6 projected=1
2026.10.01-02.53.56 SHOT head fighter=f-0-sk0 socket=Head mesh=SK_Harpy_H3LD world=(-341.3,-127.2,34.2) screen=(958.5,379.3) top=(958.5,371.8) bottom=(958.5,386.7) headPx=14.9 projected=1
2026.10.01-02.53.56 SHOT head fighter=f-0-sk1 socket=Head mesh=SK_Harpy_H3LD world=(-327.4,57.9,34.0) screen=(988.7,696.1) top=(988.8,689.1) bottom=(988.6,703.0) headPx=13.8 projected=1
2026.10.01-02.53.56 SHOT head fighter=f-0-sk2 socket=Head mesh=SK_Harpy_H3LD world=(-318.7,-222.9,34.0) screen=(1002.6,232.7) top=(1002.7,225.0) bottom=(1002.5,240.3) headPx=15.3 projected=1
2026.10.01-02.53.56 SHOT head fighter=f-1-hero socket=Head mesh=SK_KingArthur_H2LD world=(197.6,194.4,50.1) screen=(2207.6,944.6) top=(2212.3,938.1) bottom=(2202.9,951.0) headPx=15.9 projected=1
2026.10.01-02.53.56 SHOT head fighter=f-1-sk0 socket=Head mesh=SK_Merlin_H2LD world=(252.9,87.9,36.6) screen=(2264.2,748.7) top=(2268.8,741.9) bottom=(2259.6,755.5) headPx=16.5 projected=1
2026.10.01-02.53.56 SHOT selection fighter=f-0-hero ownCell=(0,2) legal=9 destinations=8 ownCellExcluded=1 plateFighter=none
2026.10.01-02.53.56 SHOT reachable fighter=f-0-hero n=8 cells=(1,0)(1,1)(2,1)(1,2)(1,3)(2,4)(1,5)(2,5)
2026.10.01-02.53.56 SHOT figure fighter=f-0-hero bbox=(899,459,1021,622) ringR=28.50 art=1 blockout=0 team=P1 look=P1 ring=1
2026.10.01-02.53.56 SHOT figure fighter=f-0-sk0 bbox=(915,326,1005,448) ringR=22.23 art=1 blockout=0 team=P1 look=P1 ring=1
2026.10.01-02.53.56 SHOT figure fighter=f-0-sk1 bbox=(939,656,1037,785) ringR=22.23 art=1 blockout=0 team=P1 look=P1 ring=1
2026.10.01-02.53.56 SHOT figure fighter=f-0-sk2 bbox=(959,182,1047,300) ringR=22.23 art=1 blockout=0 team=P1 look=P1 ring=1
2026.10.01-02.53.56 SHOT figure fighter=f-1-hero bbox=(2092,875,2299,1055) ringR=28.50 art=1 blockout=0 team=P2 look=P2 ring=1
2026.10.01-02.53.56 SHOT figure fighter=f-1-sk0 bbox=(2179,698,2338,837) ringR=22.23 art=1 blockout=0 team=P2 look=P2 ring=1
2026.10.01-02.53.56 SHOT request file=bench-K2x1p6-1920x1080.png frame=28320
2026.10.01-02.53.56 SHOT requested: FScreenshotRequest(bShowUI) -> C:\tmp\envmaps-research\p3\bench-runs\marmoreal\r2/bench-K2x1p6-1920x1080.png
2026.10.01-02.53.56 SHOT captured file=bench-K2x1p6-1920x1080.png frame=28320 px=1920x1080 sha256=0cbe0f5fa0fd22f6a4a7a5792e758771162af7fafbbffa9ebf4282011d2cd740 order=BGRA saved=1
2026.10.01-02.53.56 SHOT late begin file=bench-K2x1p6-1920x1080.png frame=28320 requestFrame=28320
2026.10.01-02.53.56 SHOT iconstate visible=0 lastFighter=none frame=28320
2026.10.01-02.53.56 SHOT panel id=hud.command bbox=(0,0,20,20) geom=painted visible=1 frame=28320
2026.10.01-02.53.56 SHOT panel id=hud.side bbox=(1884,0,1920,28) geom=painted visible=1 frame=28320
2026.10.01-02.53.56 SHOT panel id=hud.hand bbox=(950,1060,970,1080) geom=painted visible=1 frame=28320
2026.10.01-02.53.56 SHOT label fighter=f-0-hero mode=full bbox=(924,467,996,497) frame=28320
2026.10.01-02.53.56 SHOT label fighter=f-0-sk0 mode=full bbox=(922,329,998,355) frame=28320
2026.10.01-02.53.56 SHOT label fighter=f-0-sk1 mode=full bbox=(947,667,1029,691) frame=28320
2026.10.01-02.53.56 SHOT label fighter=f-0-sk2 mode=full bbox=(966,181,1040,208) frame=28320
2026.10.01-02.53.56 SHOT label fighter=f-1-hero mode=full bbox=(2177,907,2277,929) frame=28320
2026.10.01-02.53.56 SHOT label fighter=f-1-sk0 mode=full bbox=(2244,717,2322,742) frame=28320
2026.10.01-02.53.56 SHOT late end file=bench-K2x1p6-1920x1080.png frame=28320
2026.10.01-02.53.56 BENCH shot view=K2x1.6 saved=1 path=C:\tmp\envmaps-research\p3\bench-runs\marmoreal\r2/bench-K2x1p6-1920x1080.png
2026.10.01-02.53.56 ARTPREVIEW selection ring shown fighter=Medusa mesh=SM_Marker_SelectionRing
2026.10.01-02.53.56 ARTPREVIEW reachable rings cells=8 placed=1 radiusUU=36 segments=12
2026.10.01-02.53.56 BENCH view=K2x2.5 focus hero=f-0-hero zoom=2.50 target=936.1 clamp=0
2026.10.01-02.53.56 BENCH view=K2x2.5 camera settled=1 dist=944.2 target=936.1 zoom=2.48
2026.10.01-02.54.24 BENCH measure view=K2x2.5 window=20.0 frames=4683 fps=234.12 frameMs avg=4.27 p50=4.31 p95=5.14 p99=5.56 max=9.56 hitches50=0 gpuMs avg=2.21 p50=2.16 p95=2.40 gameMs avg=1.11 p95=1.37 renderMs avg=4.27 p95=5.13
2026.10.01-02.54.24 RENDER tag=BENCH rhi=D3D12 featureLevel=SM6 shaderPlatform=PCD3D_SM6 lumenPlatform=1 gi=lumen giMethod=1 refl=lumen reflMethod=1 shadows=csm vsmEnable=0 sg.res=100 sg.view=2 sg.aa=2 sg.shadow=2 sg.gi=2 sg.refl=2 sg.pp=2 sg.tex=2 sg.fx=2 sg.foliage=2 sg.shading=2 sg.landscape=2 preset=High screenPct=100.0 screenPctMode=0 aa=TSR aaMethod=4 exposure=fixed-histogram expMin=4.14106 expMax=4.14106 expBias=0.000 ev100=2.05 lightUnits=candelas sky=1 skyIntensity=3.000 keyShadow=csm-3600uu-2c-contact0.000 shadowCasters=1 profile=marmoreal-night profilesSha256=aae181a4e6122bbe6f49a0f11122caf379c91b78f20b97140f96277038744230 profilesSource=pak legacyRender=0 gameLayer=unlit-eyeadaptinv tMaxFPS=0.0 vsync=0 frameRateLimit=60.0 substrate=0 nanite=1 meshDF=1 viewport=1920x1080 reference=1
2026.10.01-02.54.24 BENCH profilegpu view=K2x2.5 requested (dump in Unmatched.log, LogRHI)
2026.10.01-02.54.27 SHOT ctx viewport=1920x1080 viewTarget=CameraActor_2147482310 cam=(-341,503,795) rot=(-55,-90,0)
2026.10.01-02.54.27 RENDER tag=SHOT rhi=D3D12 featureLevel=SM6 shaderPlatform=PCD3D_SM6 lumenPlatform=1 gi=lumen giMethod=1 refl=lumen reflMethod=1 shadows=csm vsmEnable=0 sg.res=100 sg.view=2 sg.aa=2 sg.shadow=2 sg.gi=2 sg.refl=2 sg.pp=2 sg.tex=2 sg.fx=2 sg.foliage=2 sg.shading=2 sg.landscape=2 preset=High screenPct=100.0 screenPctMode=0 aa=TSR aaMethod=4 exposure=fixed-histogram expMin=4.14106 expMax=4.14106 expBias=0.000 ev100=2.05 lightUnits=candelas sky=1 skyIntensity=3.000 keyShadow=csm-3600uu-2c-contact0.000 shadowCasters=1 profile=marmoreal-night profilesSha256=aae181a4e6122bbe6f49a0f11122caf379c91b78f20b97140f96277038744230 profilesSource=pak legacyRender=0 gameLayer=unlit-eyeadaptinv tMaxFPS=0.0 vsync=0 frameRateLimit=60.0 substrate=0 nanite=1 meshDF=1 viewport=1920x1080 reference=1
2026.10.01-02.54.27 SHOT fighter f-0-hero pos=(0,2) world=(-341,-34,0) screen=(960,591) projected=1 alive=1
2026.10.01-02.54.27 SHOT fighter f-0-sk0 pos=(0,1) world=(-341,-132,0) screen=(960,347) projected=1 alive=1
2026.10.01-02.54.27 SHOT fighter f-0-sk1 pos=(0,3) world=(-328,63,0) screen=(1003,863) projected=1 alive=1
2026.10.01-02.54.27 SHOT fighter f-0-sk2 pos=(0,0) world=(-319,-228,0) screen=(1022,133) projected=1 alive=1
2026.10.01-02.54.27 SHOT fighter f-1-hero pos=(5,5) world=(198,194,0) screen=(2940,1287) projected=1 alive=1
2026.10.01-02.54.27 SHOT fighter f-1-sk0 pos=(5,3) world=(253,91,0) screen=(2997,946) projected=1 alive=1
2026.10.01-02.54.27 SHOT camera dist=936.1 target=936.1 overview=2340.2 errPct=0.000 focusErr=0.00 settled=1 zoom=2.50
2026.10.01-02.54.27 SHOT head fighter=f-0-hero socket=Head mesh=SK_Medusa_H2LD world=(-340.3,-32.9,47.1) screen=(960.9,507.2) top=(960.9,495.6) bottom=(960.9,518.8) headPx=23.1 projected=1
2026.10.01-02.54.27 SHOT head fighter=f-0-sk0 socket=Head mesh=SK_Harpy_H3LD world=(-340.8,-127.3,34.2) screen=(959.5,293.0) top=(959.5,281.0) bottom=(959.5,304.8) headPx=23.8 projected=1
2026.10.01-02.54.27 SHOT head fighter=f-0-sk1 socket=Head mesh=SK_Harpy_H3LD world=(-327.3,58.1,34.2) screen=(1006.1,789.7) top=(1006.3,779.1) bottom=(1005.8,800.2) headPx=21.1 projected=1
2026.10.01-02.54.27 SHOT head fighter=f-0-sk2 socket=Head mesh=SK_Harpy_H3LD world=(-319.3,-223.1,33.9) screen=(1022.5,76.7) top=(1022.8,64.3) bottom=(1022.2,88.9) headPx=24.5 projected=1
2026.10.01-02.54.27 SHOT head fighter=f-1-hero socket=Head mesh=SK_KingArthur_H2LD world=(197.7,193.1,50.1) screen=(3040.7,1210.7) top=(3053.8,1201.5) bottom=(3027.8,1219.7) headPx=31.7 projected=1
2026.10.01-02.54.27 SHOT head fighter=f-1-sk0 socket=Head mesh=SK_Merlin_H2LD world=(253.3,87.4,36.4) screen=(3063.9,875.6) top=(3076.0,865.2) bottom=(3051.9,885.8) headPx=31.6 projected=1
2026.10.01-02.54.27 SHOT selection fighter=f-0-hero ownCell=(0,2) legal=9 destinations=8 ownCellExcluded=1 plateFighter=none
2026.10.01-02.54.27 SHOT reachable fighter=f-0-hero n=8 cells=(1,0)(1,1)(2,1)(1,2)(1,3)(2,4)(1,5)(2,5)
2026.10.01-02.54.27 SHOT figure fighter=f-0-hero bbox=(863,413,1057,667) ringR=28.50 art=1 blockout=0 team=P1 look=P1 ring=1
2026.10.01-02.54.27 SHOT figure fighter=f-0-sk0 bbox=(890,213,1030,400) ringR=22.23 art=1 blockout=0 team=P1 look=P1 ring=1
2026.10.01-02.54.27 SHOT figure fighter=f-0-sk1 bbox=(926,725,1084,930) ringR=22.23 art=1 blockout=0 team=P1 look=P1 ring=1
2026.10.01-02.54.27 SHOT figure fighter=f-0-sk2 bbox=(959,2,1091,181) ringR=22.23 art=1 blockout=0 team=P1 look=P1 ring=1
2026.10.01-02.54.27 SHOT figure fighter=f-1-hero bbox=(2799,1096,3224,1389) ringR=28.50 art=1 blockout=0 team=P2 look=P2 ring=1
2026.10.01-02.54.27 SHOT figure fighter=f-1-sk0 bbox=(2893,794,3208,1015) ringR=22.23 art=1 blockout=0 team=P2 look=P2 ring=1
2026.10.01-02.54.27 SHOT request file=bench-K2x2p5-1920x1080.png frame=35520
2026.10.01-02.54.27 SHOT requested: FScreenshotRequest(bShowUI) -> C:\tmp\envmaps-research\p3\bench-runs\marmoreal\r2/bench-K2x2p5-1920x1080.png
2026.10.01-02.54.27 SHOT captured file=bench-K2x2p5-1920x1080.png frame=35520 px=1920x1080 sha256=48e0d10726a59effa6de8b2d5e048ee7f24e9da7c2898e2fc87c8e257df75564 order=BGRA saved=1
2026.10.01-02.54.27 SHOT late begin file=bench-K2x2p5-1920x1080.png frame=35520 requestFrame=35520
2026.10.01-02.54.27 SHOT iconstate visible=0 lastFighter=none frame=35520
2026.10.01-02.54.27 SHOT panel id=hud.command bbox=(0,0,20,20) geom=painted visible=1 frame=35520
2026.10.01-02.54.27 SHOT panel id=hud.side bbox=(1884,0,1920,28) geom=painted visible=1 frame=35520
2026.10.01-02.54.27 SHOT panel id=hud.hand bbox=(950,1060,970,1080) geom=painted visible=1 frame=35520
2026.10.01-02.54.27 SHOT label fighter=f-0-hero mode=full bbox=(923,441,997,474) frame=35520
2026.10.01-02.54.27 SHOT late end file=bench-K2x2p5-1920x1080.png frame=35520
2026.10.01-02.54.27 BENCH shot view=K2x2.5 saved=1 path=C:\tmp\envmaps-research\p3\bench-runs\marmoreal\r2/bench-K2x2p5-1920x1080.png
2026.10.01-02.54.27 BENCH done views=4 elapsed=155.7
2026.10.01-02.54.27 --- S08 trace close ---
