2026.09.27-14.09.53 S09AUTO config flow=1 boost=0 shotDir=C:\Users\ren\AppData\Local\Temp\s10-vsai-abort-20260927-190951-50504\human
2026.09.27-14.09.53 S10ABORTPROOF armed (opt-in packaged ABORTED harness)
2026.09.27-14.09.56 createGame -> room=cmujway7q00r2wiyk7p4m2sv3 code=<redacted> status=LOBBY
2026.09.27-14.09.59 game -> room=cmujway7q00r2wiyk7p4m2sv3 code=<redacted> status=LOBBY
2026.09.27-14.10.02 game -> room=cmujway7q00r2wiyk7p4m2sv3 code=<redacted> status=LOBBY
2026.09.27-14.10.05 game -> room=cmujway7q00r2wiyk7p4m2sv3 code=<redacted> status=LOBBY
2026.09.27-14.10.05 startGame -> room=cmujway7q00r2wiyk7p4m2sv3 code=<redacted> status=IN_PROGRESS
2026.09.27-14.10.05 S09AUTO drive mode=0 plan=[attack+scheme] phase= turn=
2026.09.27-14.10.05 SNAPSHOT applied seq=1 phase=ACTION_MANEUVER
2026.09.27-14.10.05 MODE seq=1 mode=0 combat=0 pending=0
2026.09.27-14.10.05 S09AUTO own turn #0 (turnCount=1)
2026.09.27-14.10.05 S09AUTO attack deferred - command gate closed (live stream is reconnecting - commands wait until the state stream is back); retrying when the stream is ready
2026.09.27-14.10.05 SNAPSHOT applied seq=1 phase=ACTION_MANEUVER
2026.09.27-14.10.05 MODE seq=1 mode=0 combat=0 pending=0
2026.09.27-14.10.05 S09AUTO attack deferred - no may-boost card in hand (turn#0 elapsed=12s)
2026.09.27-14.10.05 S09AUTO scheme
2026.09.27-14.10.05 SNAPSHOT applied seq=2 phase=ACTION_MANEUVER
2026.09.27-14.10.05 MODE seq=2 mode=6 combat=0 pending=1
2026.09.27-14.10.05 SCHEME done seq=2 (apply) phase=ACTION_MANEUVER
2026.09.27-14.10.05 SNAPSHOT applied seq=2 phase=ACTION_MANEUVER
2026.09.27-14.10.05 MODE seq=2 mode=6 combat=0 pending=1
2026.09.27-14.10.06 S09AUTO drive mode=6 plan=[attack+scheme] phase=ACTION_MANEUVER turn=cmujwaupj00qkwiykpcf51nw5
2026.09.27-14.10.06 S09AUTO pending-open shot (type=MOVE stage=0 mode=)
2026.09.27-14.10.06 PEND-RESOLVE sent type=MOVE stage=0 id=cmujlbmct00smwip0s6o07665-fullText-0-p0
2026.09.27-14.10.06 S09AUTO pending picked (type=MOVE stage=0)
2026.09.27-14.10.06 SNAPSHOT applied seq=3 phase=ACTION_MANEUVER
2026.09.27-14.10.06 MODE seq=3 mode=6 combat=0 pending=1
2026.09.27-14.10.06 PEND resolve done seq=3 (apply) phase=ACTION_MANEUVER
2026.09.27-14.10.06 SNAPSHOT applied seq=3 phase=ACTION_MANEUVER
2026.09.27-14.10.06 MODE seq=3 mode=6 combat=0 pending=1
2026.09.27-14.10.06 PEND-RESOLVE sent type=MOVE stage=0 id=cmujlbmct00smwip0s6o07665-fullText-0-p1
2026.09.27-14.10.06 S09AUTO pending picked (type=MOVE stage=0)
2026.09.27-14.10.06 SNAPSHOT applied seq=4 phase=ACTION_MANEUVER
2026.09.27-14.10.06 MODE seq=4 mode=6 combat=0 pending=1
2026.09.27-14.10.06 PEND resolve done seq=4 (apply) phase=ACTION_MANEUVER
2026.09.27-14.10.06 SNAPSHOT applied seq=4 phase=ACTION_MANEUVER
2026.09.27-14.10.06 MODE seq=4 mode=6 combat=0 pending=1
2026.09.27-14.10.06 PEND-RESOLVE sent type=MOVE stage=0 id=cmujlbmct00smwip0s6o07665-fullText-0-p2
2026.09.27-14.10.06 S09AUTO pending picked (type=MOVE stage=0)
2026.09.27-14.10.06 SNAPSHOT applied seq=5 phase=ACTION_MANEUVER
2026.09.27-14.10.06 MODE seq=5 mode=6 combat=0 pending=1
2026.09.27-14.10.06 PEND resolve done seq=5 (apply) phase=ACTION_MANEUVER
2026.09.27-14.10.06 SNAPSHOT applied seq=5 phase=ACTION_MANEUVER
2026.09.27-14.10.06 MODE seq=5 mode=6 combat=0 pending=1
2026.09.27-14.10.06 PEND-RESOLVE sent type=MOVE stage=0 id=cmujlbmct00smwip0s6o07665-fullText-0-p3
2026.09.27-14.10.06 S09AUTO pending picked (type=MOVE stage=0)
2026.09.27-14.10.06 SNAPSHOT applied seq=6 phase=ACTION_MANEUVER
2026.09.27-14.10.06 MODE seq=6 mode=0 combat=0 pending=0
2026.09.27-14.10.06 PEND resolve done seq=6 (apply) phase=ACTION_MANEUVER
2026.09.27-14.10.06 SNAPSHOT applied seq=6 phase=ACTION_MANEUVER
2026.09.27-14.10.06 MODE seq=6 mode=0 combat=0 pending=0
2026.09.27-14.10.06 S09AUTO drive mode=0 plan=[attack+scheme] phase=ACTION_MANEUVER turn=cmujwaupj00qkwiykpcf51nw5
2026.09.27-14.10.06 S09AUTO attack deferred - no may-boost card in hand (turn#0 elapsed=14s)
2026.09.27-14.10.07 SNAPSHOT applied seq=7 phase=ACTION_MANEUVER
2026.09.27-14.10.07 MODE seq=7 mode=1 combat=0 pending=0
2026.09.27-14.10.07 SNAPSHOT applied seq=7 phase=ACTION_MANEUVER
2026.09.27-14.10.07 MODE seq=7 mode=1 combat=0 pending=0
2026.09.27-14.10.07 S09AUTO drive mode=1 plan=[attack+scheme] phase=ACTION_MANEUVER turn=cmujwaupj00qkwiykpcf51nw5
2026.09.27-14.10.08 S09AUTO draft-open shot (maneuver marker live)
2026.09.27-14.10.08 game -> room=cmujway7q00r2wiyk7p4m2sv3 code=<redacted> status=IN_PROGRESS
2026.09.27-14.10.08 SNAPSHOT applied seq=8 phase=ACTION_MANEUVER
2026.09.27-14.10.08 MODE seq=8 mode=0 combat=0 pending=0
2026.09.27-14.10.08 SNAPSHOT applied seq=8 phase=ACTION_MANEUVER
2026.09.27-14.10.08 MODE seq=8 mode=0 combat=0 pending=0
2026.09.27-14.10.08 SNAPSHOT applied seq=9 phase=ACTION_MANEUVER
2026.09.27-14.10.08 MODE seq=9 mode=0 combat=0 pending=0
2026.09.27-14.10.08 SNAPSHOT applied seq=10 phase=ACTION_MANEUVER
2026.09.27-14.10.08 MODE seq=10 mode=0 combat=0 pending=0
2026.09.27-14.10.08 SNAPSHOT applied seq=11 phase=ACTION_MANEUVER
2026.09.27-14.10.08 MODE seq=11 mode=0 combat=0 pending=0
2026.09.27-14.10.08 SNAPSHOT applied seq=12 phase=TURN_END
2026.09.27-14.10.08 MODE seq=12 mode=0 combat=0 pending=0
2026.09.27-14.10.08 SNAPSHOT applied seq=13 phase=ACTION_MANEUVER
2026.09.27-14.10.08 MODE seq=13 mode=0 combat=0 pending=0
2026.09.27-14.10.09 S09AUTO drive mode=0 plan=[attack+scheme] phase=ACTION_MANEUVER turn=cmujwaupj00qkwiykpcf51nw5
2026.09.27-14.10.09 S09AUTO own turn #1 (turnCount=3)
2026.09.27-14.10.09 S09AUTO attack deferred - no may-boost card in hand (turn#1 elapsed=16s)
2026.09.27-14.10.09 SNAPSHOT applied seq=14 phase=ACTION_MANEUVER
2026.09.27-14.10.09 MODE seq=14 mode=1 combat=0 pending=0
2026.09.27-14.10.09 SNAPSHOT applied seq=14 phase=ACTION_MANEUVER
2026.09.27-14.10.09 MODE seq=14 mode=1 combat=0 pending=0
2026.09.27-14.10.09 S09AUTO drive mode=1 plan=[attack+scheme] phase=ACTION_MANEUVER turn=cmujwaupj00qkwiykpcf51nw5
2026.09.27-14.10.09 S09AUTO zero-move confirm (draw only, no movement)
2026.09.27-14.10.09 SNAPSHOT applied seq=15 phase=ACTION_MANEUVER
2026.09.27-14.10.09 MODE seq=15 mode=0 combat=0 pending=0
2026.09.27-14.10.09 SNAPSHOT applied seq=15 phase=ACTION_MANEUVER
2026.09.27-14.10.09 MODE seq=15 mode=0 combat=0 pending=0
2026.09.27-14.10.10 S09AUTO drive mode=0 plan=[attack+scheme] phase=ACTION_MANEUVER turn=cmujwaupj00qkwiykpcf51nw5
2026.09.27-14.10.10 S09AUTO attack deferred - no may-boost card in hand (turn#1 elapsed=18s)
2026.09.27-14.10.10 SNAPSHOT applied seq=16 phase=ACTION_MANEUVER
2026.09.27-14.10.10 MODE seq=16 mode=1 combat=0 pending=0
2026.09.27-14.10.10 SNAPSHOT applied seq=16 phase=ACTION_MANEUVER
2026.09.27-14.10.10 MODE seq=16 mode=1 combat=0 pending=0
2026.09.27-14.10.10 S09AUTO drive mode=1 plan=[attack+scheme] phase=ACTION_MANEUVER turn=cmujwaupj00qkwiykpcf51nw5
2026.09.27-14.10.11 SNAPSHOT applied seq=17 phase=ACTION_MANEUVER
2026.09.27-14.10.11 MODE seq=17 mode=0 combat=0 pending=0
2026.09.27-14.10.11 SNAPSHOT applied seq=17 phase=ACTION_MANEUVER
2026.09.27-14.10.11 MODE seq=17 mode=0 combat=0 pending=0
2026.09.27-14.10.11 SNAPSHOT applied seq=18 phase=ACTION_MANEUVER
2026.09.27-14.10.11 MODE seq=18 mode=0 combat=0 pending=0
2026.09.27-14.10.11 SNAPSHOT applied seq=19 phase=ACTION_MANEUVER
2026.09.27-14.10.11 MODE seq=19 mode=0 combat=0 pending=0
2026.09.27-14.10.11 game -> room=cmujway7q00r2wiyk7p4m2sv3 code=<redacted> status=IN_PROGRESS
2026.09.27-14.10.11 SNAPSHOT applied seq=20 phase=ACTION_MANEUVER
2026.09.27-14.10.11 MODE seq=20 mode=0 combat=0 pending=0
2026.09.27-14.10.11 SNAPSHOT applied seq=21 phase=TURN_END
2026.09.27-14.10.11 MODE seq=21 mode=0 combat=0 pending=0
2026.09.27-14.10.11 SNAPSHOT applied seq=22 phase=ACTION_MANEUVER
2026.09.27-14.10.11 MODE seq=22 mode=0 combat=0 pending=0
2026.09.27-14.10.12 S09AUTO drive mode=0 plan=[attack+scheme] phase=ACTION_MANEUVER turn=cmujwaupj00qkwiykpcf51nw5
2026.09.27-14.10.12 S09AUTO own turn #2 (turnCount=5)
2026.09.27-14.10.12 S09AUTO attack deferred - no may-boost card in hand (turn#2 elapsed=19s)
2026.09.27-14.10.12 SNAPSHOT applied seq=23 phase=ACTION_MANEUVER
2026.09.27-14.10.12 MODE seq=23 mode=1 combat=0 pending=0
2026.09.27-14.10.12 SNAPSHOT applied seq=23 phase=ACTION_MANEUVER
2026.09.27-14.10.12 MODE seq=23 mode=1 combat=0 pending=0
2026.09.27-14.10.12 S09AUTO drive mode=1 plan=[attack+scheme] phase=ACTION_MANEUVER turn=cmujwaupj00qkwiykpcf51nw5
2026.09.27-14.10.12 S09AUTO multi-fighter moves=2
2026.09.27-14.10.12 SNAPSHOT applied seq=24 phase=ACTION_MANEUVER
2026.09.27-14.10.12 MODE seq=24 mode=0 combat=0 pending=0
2026.09.27-14.10.12 SNAPSHOT applied seq=24 phase=ACTION_MANEUVER
2026.09.27-14.10.12 MODE seq=24 mode=0 combat=0 pending=0
2026.09.27-14.10.13 S09AUTO drive mode=0 plan=[attack+scheme] phase=ACTION_MANEUVER turn=cmujwaupj00qkwiykpcf51nw5
2026.09.27-14.10.13 S09AUTO attack deferred - no may-boost card in hand (turn#2 elapsed=20s)
2026.09.27-14.10.13 S09AUTO scheme
2026.09.27-14.10.13 SNAPSHOT applied seq=25 phase=ACTION_MANEUVER
2026.09.27-14.10.13 MODE seq=25 mode=6 combat=0 pending=1
2026.09.27-14.10.13 SCHEME done seq=25 (apply) phase=ACTION_MANEUVER
2026.09.27-14.10.13 SNAPSHOT applied seq=25 phase=ACTION_MANEUVER
2026.09.27-14.10.13 MODE seq=25 mode=6 combat=0 pending=1
2026.09.27-14.10.14 game -> room=cmujway7q00r2wiyk7p4m2sv3 code=<redacted> status=IN_PROGRESS
2026.09.27-14.10.14 S09AUTO drive mode=6 plan=[attack+scheme] phase=ACTION_MANEUVER turn=cmujwaupj00qkwiykpcf51nw5
2026.09.27-14.10.14 S09AUTO pending-open shot (type=TARGET_FIGHTER stage=0 mode=)
2026.09.27-14.10.14 PEND-RESOLVE sent type=TARGET_FIGHTER stage=0 id=cmujlbmcr00skwip058syb3ft-fullText-0-p0
2026.09.27-14.10.14 S09AUTO pending picked (type=TARGET_FIGHTER stage=0)
2026.09.27-14.10.14 SNAPSHOT applied seq=26 phase=ACTION_MANEUVER
2026.09.27-14.10.14 MODE seq=26 mode=0 combat=0 pending=0
2026.09.27-14.10.14 PEND resolve done seq=26 (apply) phase=ACTION_MANEUVER
2026.09.27-14.10.14 SNAPSHOT applied seq=26 phase=ACTION_MANEUVER
2026.09.27-14.10.14 MODE seq=26 mode=0 combat=0 pending=0
2026.09.27-14.10.14 S09AUTO drive mode=0 plan=[attack+scheme] phase=ACTION_MANEUVER turn=cmujlc8fd000zwi30gwyg97lq
2026.09.27-14.10.14 SNAPSHOT applied seq=27 phase=ACTION_MANEUVER
2026.09.27-14.10.14 MODE seq=27 mode=0 combat=0 pending=0
2026.09.27-14.10.14 SNAPSHOT applied seq=28 phase=ACTION_MANEUVER
2026.09.27-14.10.14 MODE seq=28 mode=0 combat=0 pending=0
2026.09.27-14.10.14 SNAPSHOT applied seq=29 phase=ACTION_MANEUVER
2026.09.27-14.10.14 MODE seq=29 mode=0 combat=0 pending=0
2026.09.27-14.10.15 SNAPSHOT applied seq=30 phase=TURN_END
2026.09.27-14.10.15 MODE seq=30 mode=0 combat=0 pending=0
2026.09.27-14.10.15 SNAPSHOT applied seq=31 phase=ACTION_MANEUVER
2026.09.27-14.10.15 MODE seq=31 mode=0 combat=0 pending=0
2026.09.27-14.10.15 S09AUTO own turn #3 (turnCount=7)
2026.09.27-14.10.15 S09AUTO attack deferred - no may-boost card in hand (turn#3 elapsed=22s)
2026.09.27-14.10.15 SNAPSHOT applied seq=32 phase=ACTION_MANEUVER
2026.09.27-14.10.15 MODE seq=32 mode=1 combat=0 pending=0
2026.09.27-14.10.15 SNAPSHOT applied seq=32 phase=ACTION_MANEUVER
2026.09.27-14.10.15 MODE seq=32 mode=1 combat=0 pending=0
2026.09.27-14.10.15 S09AUTO drive mode=1 plan=[attack+scheme] phase=ACTION_MANEUVER turn=cmujwaupj00qkwiykpcf51nw5
2026.09.27-14.10.15 SNAPSHOT applied seq=33 phase=ACTION_MANEUVER
2026.09.27-14.10.15 MODE seq=33 mode=0 combat=0 pending=0
2026.09.27-14.10.15 SNAPSHOT applied seq=33 phase=ACTION_MANEUVER
2026.09.27-14.10.15 MODE seq=33 mode=0 combat=0 pending=0
2026.09.27-14.10.16 S09AUTO drive mode=0 plan=[attack+scheme] phase=ACTION_MANEUVER turn=cmujwaupj00qkwiykpcf51nw5
2026.09.27-14.10.16 S09AUTO attack deferred - no may-boost card in hand (turn#3 elapsed=23s)
2026.09.27-14.10.16 S09AUTO scheme
2026.09.27-14.10.16 SNAPSHOT applied seq=34 phase=ACTION_MANEUVER
2026.09.27-14.10.16 MODE seq=34 mode=6 combat=0 pending=1
2026.09.27-14.10.16 SCHEME done seq=34 (apply) phase=ACTION_MANEUVER
2026.09.27-14.10.16 SNAPSHOT applied seq=34 phase=ACTION_MANEUVER
2026.09.27-14.10.16 MODE seq=34 mode=6 combat=0 pending=1
2026.09.27-14.10.17 game -> room=cmujway7q00r2wiyk7p4m2sv3 code=<redacted> status=IN_PROGRESS
2026.09.27-14.10.17 S09AUTO drive mode=6 plan=[attack+scheme] phase=ACTION_MANEUVER turn=cmujwaupj00qkwiykpcf51nw5
2026.09.27-14.10.17 PEND-RESOLVE sent type=TARGET_FIGHTER stage=0 id=cmujlbmcr00skwip058syb3ft-fullText-0-p0
2026.09.27-14.10.17 S09AUTO pending picked (type=TARGET_FIGHTER stage=0)
2026.09.27-14.10.17 SNAPSHOT applied seq=35 phase=ACTION_MANEUVER
2026.09.27-14.10.17 MODE seq=35 mode=0 combat=0 pending=0
2026.09.27-14.10.17 PEND resolve done seq=35 (apply) phase=ACTION_MANEUVER
2026.09.27-14.10.17 SNAPSHOT applied seq=35 phase=ACTION_MANEUVER
2026.09.27-14.10.17 MODE seq=35 mode=0 combat=0 pending=0
2026.09.27-14.10.17 SNAPSHOT applied seq=36 phase=ACTION_MANEUVER
2026.09.27-14.10.17 MODE seq=36 mode=0 combat=0 pending=0
2026.09.27-14.10.17 S09AUTO drive mode=0 plan=[attack+scheme] phase=ACTION_MANEUVER turn=cmujlc8fd000zwi30gwyg97lq
2026.09.27-14.10.17 SNAPSHOT applied seq=37 phase=ACTION_MANEUVER
2026.09.27-14.10.17 MODE seq=37 mode=0 combat=0 pending=0
2026.09.27-14.10.17 SNAPSHOT applied seq=38 phase=ACTION_MANEUVER
2026.09.27-14.10.17 MODE seq=38 mode=0 combat=0 pending=0
2026.09.27-14.10.17 SNAPSHOT applied seq=39 phase=TURN_END
2026.09.27-14.10.17 MODE seq=39 mode=0 combat=0 pending=0
2026.09.27-14.10.17 SNAPSHOT applied seq=40 phase=ACTION_MANEUVER
2026.09.27-14.10.17 MODE seq=40 mode=6 combat=0 pending=1
2026.09.27-14.10.17 S09AUTO drive mode=6 plan=[attack+scheme] phase=ACTION_MANEUVER turn=cmujwaupj00qkwiykpcf51nw5
2026.09.27-14.10.17 S09AUTO own turn #4 (turnCount=9)
2026.09.27-14.10.17 PEND-RESOLVE sent type=TARGET_FIGHTER stage=0 id=ability-medusa-target-p0
2026.09.27-14.10.17 S09AUTO pending picked (type=TARGET_FIGHTER stage=0)
2026.09.27-14.10.18 SNAPSHOT applied seq=41 phase=ACTION_MANEUVER
2026.09.27-14.10.18 MODE seq=41 mode=0 combat=0 pending=0
2026.09.27-14.10.18 PEND resolve done seq=41 (apply) phase=ACTION_MANEUVER
2026.09.27-14.10.18 SNAPSHOT applied seq=41 phase=ACTION_MANEUVER
2026.09.27-14.10.18 MODE seq=41 mode=0 combat=0 pending=0
2026.09.27-14.10.18 S09AUTO drive mode=0 plan=[attack+scheme] phase=ACTION_MANEUVER turn=cmujwaupj00qkwiykpcf51nw5
2026.09.27-14.10.18 S09AUTO attack (attacker=f-0-hero target-set card-set)
2026.09.27-14.10.18 ATTACK sent
2026.09.27-14.10.18 SNAPSHOT applied seq=42 phase=COMBAT
2026.09.27-14.10.18 MODE seq=42 mode=0 combat=1 pending=0
2026.09.27-14.10.18 SNAPSHOT applied seq=42 phase=COMBAT
2026.09.27-14.10.18 MODE seq=42 mode=0 combat=1 pending=0
2026.09.27-14.10.18 SNAPSHOT applied seq=43 phase=COMBAT_RESOLVE
2026.09.27-14.10.18 MODE seq=43 mode=6 combat=1 pending=1
2026.09.27-14.10.18 S09AUTO drive mode=6 plan=[attack+scheme] phase=COMBAT_RESOLVE turn=cmujwaupj00qkwiykpcf51nw5
2026.09.27-14.10.18 S09AUTO pending-open shot (type=BOOST_CHOICE stage=0 mode=)
2026.09.27-14.10.18 S09AUTO boost choice - holding 4s for the other seat's reveal capture
2026.09.27-14.10.20 game -> room=cmujway7q00r2wiyk7p4m2sv3 code=<redacted> status=IN_PROGRESS
2026.09.27-14.10.22 PEND-RESOLVE sent type=BOOST_CHOICE stage=0 id=cmujlbmcq00siwip0c9jy9x6a-during-0-boost-42
2026.09.27-14.10.22 S09AUTO pending picked (type=BOOST_CHOICE stage=0)
2026.09.27-14.10.22 SNAPSHOT applied seq=44 phase=ACTION_MANEUVER
2026.09.27-14.10.22 COMBAT-RESULT seq=44 damage=4 role=attacked
2026.09.27-14.10.22 S09AUTO combat-result shot
2026.09.27-14.10.22 SHOT requested: FScreenshotRequest(bShowUI) -> C:\Users\ren\AppData\Local\Temp\s10-vsai-abort-20260927-190951-50504\human/s09-combat-result.png
2026.09.27-14.10.22 MODE seq=44 mode=0 combat=0 pending=0
2026.09.27-14.10.22 PEND resolve done seq=44 (apply) phase=ACTION_MANEUVER
2026.09.27-14.10.22 SNAPSHOT applied seq=44 phase=ACTION_MANEUVER
2026.09.27-14.10.22 MODE seq=44 mode=0 combat=0 pending=0
2026.09.27-14.10.22 S09AUTO drive mode=0 plan=[attack+scheme] phase=ACTION_MANEUVER turn=cmujwaupj00qkwiykpcf51nw5
2026.09.27-14.10.22 S09AUTO attack deferred - no may-boost card in hand (turn#4 elapsed=29s)
2026.09.27-14.10.22 SNAPSHOT applied seq=45 phase=ACTION_MANEUVER
2026.09.27-14.10.22 MODE seq=45 mode=1 combat=0 pending=0
2026.09.27-14.10.22 SNAPSHOT applied seq=45 phase=ACTION_MANEUVER
2026.09.27-14.10.22 MODE seq=45 mode=1 combat=0 pending=0
2026.09.27-14.10.22 S09AUTO drive mode=1 plan=[attack+scheme] phase=ACTION_MANEUVER turn=cmujwaupj00qkwiykpcf51nw5
2026.09.27-14.10.22 SNAPSHOT applied seq=46 phase=ACTION_MANEUVER
2026.09.27-14.10.22 MODE seq=46 mode=0 combat=0 pending=0
2026.09.27-14.10.22 SNAPSHOT applied seq=46 phase=ACTION_MANEUVER
2026.09.27-14.10.22 MODE seq=46 mode=0 combat=0 pending=0
2026.09.27-14.10.22 SNAPSHOT applied seq=47 phase=ACTION_MANEUVER
2026.09.27-14.10.22 MODE seq=47 mode=0 combat=0 pending=0
2026.09.27-14.10.22 SNAPSHOT applied seq=48 phase=ACTION_MANEUVER
2026.09.27-14.10.22 MODE seq=48 mode=0 combat=0 pending=0
2026.09.27-14.10.22 SNAPSHOT applied seq=49 phase=ACTION_MANEUVER
2026.09.27-14.10.22 MODE seq=49 mode=0 combat=0 pending=0
2026.09.27-14.10.22 SNAPSHOT applied seq=50 phase=TURN_END
2026.09.27-14.10.22 MODE seq=50 mode=0 combat=0 pending=0
2026.09.27-14.10.22 SNAPSHOT applied seq=51 phase=ACTION_MANEUVER
2026.09.27-14.10.22 MODE seq=51 mode=0 combat=0 pending=0
2026.09.27-14.10.23 game -> room=cmujway7q00r2wiyk7p4m2sv3 code=<redacted> status=IN_PROGRESS
2026.09.27-14.10.23 S09AUTO drive mode=0 plan=[attack+scheme] phase=ACTION_MANEUVER turn=cmujwaupj00qkwiykpcf51nw5
2026.09.27-14.10.23 S09AUTO own turn #5 (turnCount=11)
2026.09.27-14.10.23 S09AUTO attack deferred - no may-boost card in hand (turn#5 elapsed=31s)
2026.09.27-14.10.23 SNAPSHOT applied seq=52 phase=ACTION_MANEUVER
2026.09.27-14.10.23 MODE seq=52 mode=1 combat=0 pending=0
2026.09.27-14.10.23 SNAPSHOT applied seq=52 phase=ACTION_MANEUVER
2026.09.27-14.10.23 MODE seq=52 mode=1 combat=0 pending=0
2026.09.27-14.10.23 S09AUTO drive mode=1 plan=[attack+scheme] phase=ACTION_MANEUVER turn=cmujwaupj00qkwiykpcf51nw5
2026.09.27-14.10.23 SNAPSHOT applied seq=53 phase=ACTION_MANEUVER
2026.09.27-14.10.23 MODE seq=53 mode=0 combat=0 pending=0
2026.09.27-14.10.23 SNAPSHOT applied seq=53 phase=ACTION_MANEUVER
2026.09.27-14.10.23 MODE seq=53 mode=0 combat=0 pending=0
2026.09.27-14.10.25 S09AUTO drive mode=0 plan=[attack+scheme] phase=ACTION_MANEUVER turn=cmujwaupj00qkwiykpcf51nw5
2026.09.27-14.10.25 S09AUTO attack deferred - no may-boost card in hand (turn#5 elapsed=32s)
2026.09.27-14.10.25 SNAPSHOT applied seq=54 phase=ACTION_MANEUVER
2026.09.27-14.10.25 MODE seq=54 mode=1 combat=0 pending=0
2026.09.27-14.10.25 SNAPSHOT applied seq=54 phase=ACTION_MANEUVER
2026.09.27-14.10.25 MODE seq=54 mode=1 combat=0 pending=0
2026.09.27-14.10.25 S09AUTO drive mode=1 plan=[attack+scheme] phase=ACTION_MANEUVER turn=cmujwaupj00qkwiykpcf51nw5
2026.09.27-14.10.25 SNAPSHOT applied seq=55 phase=TURN_END
2026.09.27-14.10.25 MODE seq=55 mode=2 combat=0 pending=0
2026.09.27-14.10.25 SNAPSHOT applied seq=55 phase=TURN_END
2026.09.27-14.10.25 MODE seq=55 mode=2 combat=0 pending=0
2026.09.27-14.10.26 game -> room=cmujway7q00r2wiyk7p4m2sv3 code=<redacted> status=IN_PROGRESS
2026.09.27-14.10.26 S09AUTO drive mode=2 plan=[attack+scheme] phase=TURN_END turn=cmujwaupj00qkwiykpcf51nw5
2026.09.27-14.10.26 S09AUTO discard picks=1
2026.09.27-14.10.26 SNAPSHOT applied seq=56 phase=ACTION_MANEUVER
2026.09.27-14.10.26 MODE seq=56 mode=0 combat=0 pending=0
2026.09.27-14.10.26 SNAPSHOT applied seq=56 phase=ACTION_MANEUVER
2026.09.27-14.10.26 MODE seq=56 mode=0 combat=0 pending=0
2026.09.27-14.10.26 SNAPSHOT applied seq=57 phase=ACTION_MANEUVER
2026.09.27-14.10.26 MODE seq=57 mode=0 combat=0 pending=0
2026.09.27-14.10.26 SNAPSHOT applied seq=58 phase=ACTION_MANEUVER
2026.09.27-14.10.26 MODE seq=58 mode=0 combat=0 pending=0
2026.09.27-14.10.26 SNAPSHOT applied seq=59 phase=ACTION_MANEUVER
2026.09.27-14.10.26 MODE seq=59 mode=0 combat=0 pending=0
2026.09.27-14.10.26 SNAPSHOT applied seq=60 phase=TURN_END
2026.09.27-14.10.26 MODE seq=60 mode=0 combat=0 pending=0
2026.09.27-14.10.26 SNAPSHOT applied seq=61 phase=ACTION_MANEUVER
2026.09.27-14.10.26 MODE seq=61 mode=0 combat=0 pending=0
2026.09.27-14.10.27 S09AUTO drive mode=0 plan=[attack+scheme] phase=ACTION_MANEUVER turn=cmujwaupj00qkwiykpcf51nw5
2026.09.27-14.10.27 S09AUTO own turn #6 (turnCount=13)
2026.09.27-14.10.27 S09AUTO attack deferred - no may-boost card in hand (turn#6 elapsed=34s)
2026.09.27-14.10.27 SNAPSHOT applied seq=62 phase=ACTION_MANEUVER
2026.09.27-14.10.27 MODE seq=62 mode=1 combat=0 pending=0
2026.09.27-14.10.27 SNAPSHOT applied seq=62 phase=ACTION_MANEUVER
2026.09.27-14.10.27 MODE seq=62 mode=1 combat=0 pending=0
2026.09.27-14.10.27 S09AUTO drive mode=1 plan=[attack+scheme] phase=ACTION_MANEUVER turn=cmujwaupj00qkwiykpcf51nw5
2026.09.27-14.10.27 SNAPSHOT applied seq=63 phase=ACTION_MANEUVER
2026.09.27-14.10.27 MODE seq=63 mode=0 combat=0 pending=0
2026.09.27-14.10.27 SNAPSHOT applied seq=63 phase=ACTION_MANEUVER
2026.09.27-14.10.27 MODE seq=63 mode=0 combat=0 pending=0
2026.09.27-14.10.28 S09AUTO drive mode=0 plan=[attack+scheme] phase=ACTION_MANEUVER turn=cmujwaupj00qkwiykpcf51nw5
2026.09.27-14.10.28 S09AUTO attack deferred - no may-boost card in hand (turn#6 elapsed=36s)
2026.09.27-14.10.28 SNAPSHOT applied seq=64 phase=ACTION_MANEUVER
2026.09.27-14.10.28 MODE seq=64 mode=1 combat=0 pending=0
2026.09.27-14.10.28 SNAPSHOT applied seq=64 phase=ACTION_MANEUVER
2026.09.27-14.10.28 MODE seq=64 mode=1 combat=0 pending=0
2026.09.27-14.10.28 S09AUTO drive mode=1 plan=[attack+scheme] phase=ACTION_MANEUVER turn=cmujwaupj00qkwiykpcf51nw5
2026.09.27-14.10.29 SNAPSHOT applied seq=65 phase=TURN_END
2026.09.27-14.10.29 MODE seq=65 mode=2 combat=0 pending=0
2026.09.27-14.10.29 SNAPSHOT applied seq=65 phase=TURN_END
2026.09.27-14.10.29 MODE seq=65 mode=2 combat=0 pending=0
2026.09.27-14.10.29 game -> room=cmujway7q00r2wiyk7p4m2sv3 code=<redacted> status=IN_PROGRESS
2026.09.27-14.10.30 S09AUTO drive mode=2 plan=[attack+scheme] phase=TURN_END turn=cmujwaupj00qkwiykpcf51nw5
2026.09.27-14.10.30 S09AUTO discard picks=2
2026.09.27-14.10.30 SNAPSHOT applied seq=66 phase=ACTION_MANEUVER
2026.09.27-14.10.30 MODE seq=66 mode=0 combat=0 pending=0
2026.09.27-14.10.30 SNAPSHOT applied seq=66 phase=ACTION_MANEUVER
2026.09.27-14.10.30 MODE seq=66 mode=0 combat=0 pending=0
2026.09.27-14.10.30 SNAPSHOT applied seq=67 phase=ACTION_MANEUVER
2026.09.27-14.10.30 MODE seq=67 mode=0 combat=0 pending=0
2026.09.27-14.10.30 SNAPSHOT applied seq=68 phase=ACTION_MANEUVER
2026.09.27-14.10.30 MODE seq=68 mode=0 combat=0 pending=0
2026.09.27-14.10.30 SNAPSHOT applied seq=69 phase=ACTION_MANEUVER
2026.09.27-14.10.30 MODE seq=69 mode=0 combat=0 pending=0
2026.09.27-14.10.30 SNAPSHOT applied seq=70 phase=TURN_END
2026.09.27-14.10.30 MODE seq=70 mode=0 combat=0 pending=0
2026.09.27-14.10.30 SNAPSHOT applied seq=71 phase=ACTION_MANEUVER
2026.09.27-14.10.30 MODE seq=71 mode=0 combat=0 pending=0
2026.09.27-14.10.31 S09AUTO drive mode=0 plan=[attack+scheme] phase=ACTION_MANEUVER turn=cmujwaupj00qkwiykpcf51nw5
2026.09.27-14.10.31 S09AUTO own turn #7 (turnCount=15)
2026.09.27-14.10.31 S09AUTO attack deferred - no may-boost card in hand (turn#7 elapsed=38s)
2026.09.27-14.10.31 S09AUTO scheme
2026.09.27-14.10.32 game -> room=cmujway7q00r2wiyk7p4m2sv3 code=<redacted> status=ABORTED
2026.09.27-14.10.32 ROOM aborted: the live match was interrupted - input disabled, leave remains
2026.09.27-14.10.32 S10ABORTPROOF authoritative ABORTED row - interruption screen (no victory/defeat is declared)
2026.09.27-14.10.34 S10ABORTPROOF aborted-screen shot (interruption panel painted)
2026.09.27-14.10.34 S10ABORTPROOF leave sent (one leaveGame - the ONLY command after the abort)
2026.09.27-14.10.34 LEFT room=cmujway7q00r2wiyk7p4m2sv3
2026.09.27-14.10.36 S10ABORTPROOF aborted-lobby shot (board torn down by the stage transition)
2026.09.27-14.10.36 S10ABORTPROOF complete (ABORTED screen -> one leaveGame -> clean lobby) - exiting
