2026.09.27-14.09.53 --- S08 trace open 2026.09.27-14.09.53 ---
2026.09.27-14.09.53 S09AUTO config flow=1 boost=0 shotDir=C:\Users\ren\AppData\Local\Temp\s10-vsai-abort-20260927-190951-50504\human
2026.09.27-14.09.53 S10ABORTPROOF armed (opt-in packaged ABORTED harness)
2026.09.27-14.09.53 LOGIN ok user=s10abortd08e36c3
2026.09.27-14.09.56 HEROES loaded 84
2026.09.27-14.09.56 createGame -> room=cmujway7q00r2wiyk7p4m2sv3 code=<redacted> status=LOBBY
2026.09.27-14.09.59 game -> room=cmujway7q00r2wiyk7p4m2sv3 code=<redacted> status=LOBBY
2026.09.27-14.09.59 selectHero -> room=cmujway7q00r2wiyk7p4m2sv3 code=<redacted> status=LOBBY
2026.09.27-14.10.02 game -> room=cmujway7q00r2wiyk7p4m2sv3 code=<redacted> status=LOBBY
2026.09.27-14.10.02 toggleReady -> room=cmujway7q00r2wiyk7p4m2sv3 code=<redacted> status=LOBBY
2026.09.27-14.10.05 game -> room=cmujway7q00r2wiyk7p4m2sv3 code=<redacted> status=LOBBY
2026.09.27-14.10.05 startGame -> room=cmujway7q00r2wiyk7p4m2sv3 code=<redacted> status=IN_PROGRESS
2026.09.27-14.10.05 S09AUTO drive mode=0 plan=[attack+scheme] phase= turn=
2026.09.27-14.10.05 SNAPSHOT applied seq=1 phase=ACTION_MANEUVER
2026.09.27-14.10.05 HANDLE_APPLIED #1 seq=1 decision=2 fightersValid=1 boardValid=1
2026.09.27-14.10.05 MODE seq=1 mode=0 combat=0 pending=0
2026.09.27-14.10.05 HUD seq=1 phase=ACTION_MANEUVER turn=you hand=5 oppHand=5(hidden) oppDeck=25 deck=25 discard=0
2026.09.27-14.10.05 CAMERA dist=2965 loc=(0,1701,2429) pitch=-55 yaw=-90
2026.09.27-14.10.05 BOARD 12x10 cells | control points: (0,0)=(-550,-450,0) (11,9)=(550,450,0) | neighbor pair (dist 100 uu)
2026.09.27-14.10.05 FIGHTERS synced n=6 alive=6 own=4 enemy=2
2026.09.27-14.10.05 STATE seq=1 -> apply
2026.09.27-14.10.05 S09AUTO own turn #0 (turnCount=1)
2026.09.27-14.10.05 S09AUTO attack deferred - command gate closed (live stream is reconnecting - commands wait until the state stream is back); retrying when the stream is ready
2026.09.27-14.10.05 SUBSCRIBED gameStateUpdated since=1
2026.09.27-14.10.05 SNAPSHOT applied seq=1 phase=ACTION_MANEUVER
2026.09.27-14.10.05 HANDLE_APPLIED #2 seq=1 decision=1 fightersValid=1 boardValid=1
2026.09.27-14.10.05 MODE seq=1 mode=0 combat=0 pending=0
2026.09.27-14.10.05 HUD seq=1 phase=ACTION_MANEUVER turn=you hand=5 oppHand=5(hidden) oppDeck=25 deck=25 discard=0
2026.09.27-14.10.05 FIGHTERS synced n=6 alive=6 own=4 enemy=2
2026.09.27-14.10.05 WS seq=1 phase=ACTION_MANEUVER (merge)
2026.09.27-14.10.05 S09AUTO attack deferred - no may-boost card in hand (turn#0 elapsed=12s)
2026.09.27-14.10.05 S09AUTO scheme
2026.09.27-14.10.05 SNAPSHOT applied seq=2 phase=ACTION_MANEUVER
2026.09.27-14.10.05 HANDLE_APPLIED #3 seq=2 decision=2 fightersValid=1 boardValid=1
2026.09.27-14.10.05 closed mode=
2026.09.27-14.10.05 MODE seq=2 mode=6 combat=0 pending=1
2026.09.27-14.10.05 HUD seq=2 phase=ACTION_MANEUVER turn=you hand=4 oppHand=5(hidden) oppDeck=25 deck=25 discard=1
2026.09.27-14.10.05 FIGHTERS synced n=6 alive=6 own=4 enemy=2
2026.09.27-14.10.05 SCHEME done seq=2 (apply) phase=ACTION_MANEUVER
2026.09.27-14.10.05 SNAPSHOT applied seq=2 phase=ACTION_MANEUVER
2026.09.27-14.10.05 HANDLE_APPLIED #4 seq=2 decision=1 fightersValid=1 boardValid=1
2026.09.27-14.10.05 MODE seq=2 mode=6 combat=0 pending=1
2026.09.27-14.10.05 HUD seq=2 phase=ACTION_MANEUVER turn=you hand=4 oppHand=5(hidden) oppDeck=25 deck=25 discard=1
2026.09.27-14.10.05 FIGHTERS synced n=6 alive=6 own=4 enemy=2
2026.09.27-14.10.05 WS seq=2 phase=ACTION_MANEUVER (merge)
2026.09.27-14.10.06 S09AUTO drive mode=6 plan=[attack+scheme] phase=ACTION_MANEUVER turn=cmujwaupj00qkwiykpcf51nw5
2026.09.27-14.10.06 S09AUTO pending-open shot (type=MOVE stage=0 mode=)
2026.09.27-14.10.06 SHOT ctx viewport=1280x720 viewTarget=CameraActor_2147482375 cam=(0,1701,2429) rot=(-55,-90,0)
2026.09.27-14.10.06 SHOT fighter f-0-hero pos=(2,2) world=(-350,-250,0) screen=(411,226) projected=1 alive=1
2026.09.27-14.10.06 SHOT fighter f-0-sk0 pos=(2,3) world=(-350,-150,0) screen=(407,278) projected=1 alive=1
2026.09.27-14.10.06 SHOT fighter f-0-sk1 pos=(2,1) world=(-350,-350,0) screen=(416,176) projected=1 alive=1
2026.09.27-14.10.06 SHOT fighter f-0-sk2 pos=(1,2) world=(-450,-250,0) screen=(346,226) projected=1 alive=1
2026.09.27-14.10.06 SHOT fighter f-1-hero pos=(9,7) world=(350,250,0) screen=(892,507) projected=1 alive=1
2026.09.27-14.10.06 SHOT fighter f-1-sk0 pos=(10,7) world=(450,250,0) screen=(964,507) projected=1 alive=1
2026.09.27-14.10.06 SHOT requested: FScreenshotRequest(bShowUI) -> C:\Users\ren\AppData\Local\Temp\s10-vsai-abort-20260927-190951-50504\human/s09-pending-MOVE.png
2026.09.27-14.10.06 PEND-RESOLVE sent type=MOVE stage=0 id=cmujlbmct00smwip0s6o07665-fullText-0-p0
2026.09.27-14.10.06 S09AUTO pending picked (type=MOVE stage=0)
2026.09.27-14.10.06 SNAPSHOT applied seq=3 phase=ACTION_MANEUVER
2026.09.27-14.10.06 HANDLE_APPLIED #5 seq=3 decision=2 fightersValid=1 boardValid=1
2026.09.27-14.10.06 MODE seq=3 mode=6 combat=0 pending=1
2026.09.27-14.10.06 HUD seq=3 phase=ACTION_MANEUVER turn=you hand=4 oppHand=5(hidden) oppDeck=25 deck=25 discard=1
2026.09.27-14.10.06 FIGHTERS synced n=6 alive=6 own=4 enemy=2
2026.09.27-14.10.06 PEND resolve done seq=3 (apply) phase=ACTION_MANEUVER
2026.09.27-14.10.06 SNAPSHOT applied seq=3 phase=ACTION_MANEUVER
2026.09.27-14.10.06 HANDLE_APPLIED #6 seq=3 decision=1 fightersValid=1 boardValid=1
2026.09.27-14.10.06 MODE seq=3 mode=6 combat=0 pending=1
2026.09.27-14.10.06 HUD seq=3 phase=ACTION_MANEUVER turn=you hand=4 oppHand=5(hidden) oppDeck=25 deck=25 discard=1
2026.09.27-14.10.06 FIGHTERS synced n=6 alive=6 own=4 enemy=2
2026.09.27-14.10.06 WS seq=3 phase=ACTION_MANEUVER (merge)
2026.09.27-14.10.06 PEND-RESOLVE sent type=MOVE stage=0 id=cmujlbmct00smwip0s6o07665-fullText-0-p1
2026.09.27-14.10.06 S09AUTO pending picked (type=MOVE stage=0)
2026.09.27-14.10.06 SNAPSHOT applied seq=4 phase=ACTION_MANEUVER
2026.09.27-14.10.06 HANDLE_APPLIED #7 seq=4 decision=2 fightersValid=1 boardValid=1
2026.09.27-14.10.06 MODE seq=4 mode=6 combat=0 pending=1
2026.09.27-14.10.06 HUD seq=4 phase=ACTION_MANEUVER turn=you hand=4 oppHand=5(hidden) oppDeck=25 deck=25 discard=1
2026.09.27-14.10.06 FIGHTERS synced n=6 alive=6 own=4 enemy=2
2026.09.27-14.10.06 PEND resolve done seq=4 (apply) phase=ACTION_MANEUVER
2026.09.27-14.10.06 SNAPSHOT applied seq=4 phase=ACTION_MANEUVER
2026.09.27-14.10.06 HANDLE_APPLIED #8 seq=4 decision=1 fightersValid=1 boardValid=1
2026.09.27-14.10.06 MODE seq=4 mode=6 combat=0 pending=1
2026.09.27-14.10.06 HUD seq=4 phase=ACTION_MANEUVER turn=you hand=4 oppHand=5(hidden) oppDeck=25 deck=25 discard=1
2026.09.27-14.10.06 FIGHTERS synced n=6 alive=6 own=4 enemy=2
2026.09.27-14.10.06 WS seq=4 phase=ACTION_MANEUVER (merge)
2026.09.27-14.10.06 PEND-RESOLVE sent type=MOVE stage=0 id=cmujlbmct00smwip0s6o07665-fullText-0-p2
2026.09.27-14.10.06 S09AUTO pending picked (type=MOVE stage=0)
2026.09.27-14.10.06 SNAPSHOT applied seq=5 phase=ACTION_MANEUVER
2026.09.27-14.10.06 HANDLE_APPLIED #9 seq=5 decision=2 fightersValid=1 boardValid=1
2026.09.27-14.10.06 MODE seq=5 mode=6 combat=0 pending=1
2026.09.27-14.10.06 HUD seq=5 phase=ACTION_MANEUVER turn=you hand=4 oppHand=5(hidden) oppDeck=25 deck=25 discard=1
2026.09.27-14.10.06 FIGHTERS synced n=6 alive=6 own=4 enemy=2
2026.09.27-14.10.06 PEND resolve done seq=5 (apply) phase=ACTION_MANEUVER
2026.09.27-14.10.06 SNAPSHOT applied seq=5 phase=ACTION_MANEUVER
2026.09.27-14.10.06 HANDLE_APPLIED #10 seq=5 decision=1 fightersValid=1 boardValid=1
2026.09.27-14.10.06 MODE seq=5 mode=6 combat=0 pending=1
2026.09.27-14.10.06 HUD seq=5 phase=ACTION_MANEUVER turn=you hand=4 oppHand=5(hidden) oppDeck=25 deck=25 discard=1
2026.09.27-14.10.06 FIGHTERS synced n=6 alive=6 own=4 enemy=2
2026.09.27-14.10.06 WS seq=5 phase=ACTION_MANEUVER (merge)
2026.09.27-14.10.06 PEND-RESOLVE sent type=MOVE stage=0 id=cmujlbmct00smwip0s6o07665-fullText-0-p3
2026.09.27-14.10.06 S09AUTO pending picked (type=MOVE stage=0)
2026.09.27-14.10.06 SNAPSHOT applied seq=6 phase=ACTION_MANEUVER
2026.09.27-14.10.06 HANDLE_APPLIED #11 seq=6 decision=2 fightersValid=1 boardValid=1
2026.09.27-14.10.06 closed mode=
2026.09.27-14.10.06 MODE seq=6 mode=0 combat=0 pending=0
2026.09.27-14.10.06 HUD seq=6 phase=ACTION_MANEUVER turn=you hand=4 oppHand=5(hidden) oppDeck=25 deck=25 discard=1
2026.09.27-14.10.06 FIGHTERS synced n=6 alive=6 own=4 enemy=2
2026.09.27-14.10.06 PEND resolve done seq=6 (apply) phase=ACTION_MANEUVER
2026.09.27-14.10.06 SNAPSHOT applied seq=6 phase=ACTION_MANEUVER
2026.09.27-14.10.06 HANDLE_APPLIED #12 seq=6 decision=1 fightersValid=1 boardValid=1
2026.09.27-14.10.06 MODE seq=6 mode=0 combat=0 pending=0
2026.09.27-14.10.06 HUD seq=6 phase=ACTION_MANEUVER turn=you hand=4 oppHand=5(hidden) oppDeck=25 deck=25 discard=1
2026.09.27-14.10.06 FIGHTERS synced n=6 alive=6 own=4 enemy=2
2026.09.27-14.10.06 WS seq=6 phase=ACTION_MANEUVER (merge)
2026.09.27-14.10.06 S09AUTO drive mode=0 plan=[attack+scheme] phase=ACTION_MANEUVER turn=cmujwaupj00qkwiykpcf51nw5
2026.09.27-14.10.06 S09AUTO attack deferred - no may-boost card in hand (turn#0 elapsed=14s)
2026.09.27-14.10.07 SNAPSHOT applied seq=7 phase=ACTION_MANEUVER
2026.09.27-14.10.07 HANDLE_APPLIED #13 seq=7 decision=2 fightersValid=1 boardValid=1
2026.09.27-14.10.07 MANEUVER-DRAFT mode=maneuver:1:6
2026.09.27-14.10.07 DRAFT-OPEN draw committed (resume instead of begin)
2026.09.27-14.10.07 MODE seq=7 mode=1 combat=0 pending=0
2026.09.27-14.10.07 HUD seq=7 phase=ACTION_MANEUVER turn=you hand=5 oppHand=5(hidden) oppDeck=25 deck=24 discard=1
2026.09.27-14.10.07 FIGHTERS synced n=6 alive=6 own=4 enemy=2
2026.09.27-14.10.07 MANEUVER begin seq=7 (apply) pending=maneuver:1:6
2026.09.27-14.10.07 SNAPSHOT applied seq=7 phase=ACTION_MANEUVER
2026.09.27-14.10.07 HANDLE_APPLIED #14 seq=7 decision=1 fightersValid=1 boardValid=1
2026.09.27-14.10.07 MODE seq=7 mode=1 combat=0 pending=0
2026.09.27-14.10.07 HUD seq=7 phase=ACTION_MANEUVER turn=you hand=5 oppHand=5(hidden) oppDeck=25 deck=24 discard=1
2026.09.27-14.10.07 FIGHTERS synced n=6 alive=6 own=4 enemy=2
2026.09.27-14.10.07 WS seq=7 phase=ACTION_MANEUVER (merge)
2026.09.27-14.10.07 S09AUTO drive mode=1 plan=[attack+scheme] phase=ACTION_MANEUVER turn=cmujwaupj00qkwiykpcf51nw5
2026.09.27-14.10.08 S09AUTO draft-open shot (maneuver marker live)
2026.09.27-14.10.08 SHOT ctx viewport=1280x720 viewTarget=CameraActor_2147482375 cam=(0,1701,2429) rot=(-55,-90,0)
2026.09.27-14.10.08 SHOT fighter f-0-hero pos=(2,2) world=(-350,-250,0) screen=(411,226) projected=1 alive=1
2026.09.27-14.10.08 SHOT fighter f-0-sk0 pos=(2,3) world=(-350,-150,0) screen=(407,278) projected=1 alive=1
2026.09.27-14.10.08 SHOT fighter f-0-sk1 pos=(2,1) world=(-350,-350,0) screen=(416,176) projected=1 alive=1
2026.09.27-14.10.08 SHOT fighter f-0-sk2 pos=(1,2) world=(-450,-250,0) screen=(346,226) projected=1 alive=1
2026.09.27-14.10.08 SHOT fighter f-1-hero pos=(9,7) world=(350,250,0) screen=(892,507) projected=1 alive=1
2026.09.27-14.10.08 SHOT fighter f-1-sk0 pos=(10,7) world=(450,250,0) screen=(964,507) projected=1 alive=1
2026.09.27-14.10.08 SHOT requested: FScreenshotRequest(bShowUI) -> C:\Users\ren\AppData\Local\Temp\s10-vsai-abort-20260927-190951-50504\human/s09-maneuver-draft-open.png
2026.09.27-14.10.08 MANEUVER-CONFIRM moves=1 boost=none
2026.09.27-14.10.08 game -> room=cmujway7q00r2wiyk7p4m2sv3 code=<redacted> status=IN_PROGRESS
2026.09.27-14.10.08 SNAPSHOT applied seq=8 phase=ACTION_MANEUVER
2026.09.27-14.10.08 HANDLE_APPLIED #15 seq=8 decision=2 fightersValid=1 boardValid=1
2026.09.27-14.10.08 closed mode=
2026.09.27-14.10.08 MODE seq=8 mode=0 combat=0 pending=0
2026.09.27-14.10.08 HUD seq=8 phase=ACTION_MANEUVER turn=opp hand=5 oppHand=5(hidden) oppDeck=25 deck=24 discard=1
2026.09.27-14.10.08 FIGHTERS synced n=6 alive=6 own=4 enemy=2
2026.09.27-14.10.08 CUE move f-0-hero (2,2)->(3,2) seq=8
2026.09.27-14.10.08 MANEUVER done seq=8 (apply) fighters=6 boost=no
2026.09.27-14.10.08 SNAPSHOT applied seq=8 phase=ACTION_MANEUVER
2026.09.27-14.10.08 HANDLE_APPLIED #16 seq=8 decision=1 fightersValid=1 boardValid=1
2026.09.27-14.10.08 MODE seq=8 mode=0 combat=0 pending=0
2026.09.27-14.10.08 HUD seq=8 phase=ACTION_MANEUVER turn=opp hand=5 oppHand=5(hidden) oppDeck=25 deck=24 discard=1
2026.09.27-14.10.08 FIGHTERS synced n=6 alive=6 own=4 enemy=2
2026.09.27-14.10.08 WS seq=8 phase=ACTION_MANEUVER (merge)
2026.09.27-14.10.08 SNAPSHOT applied seq=9 phase=ACTION_MANEUVER
2026.09.27-14.10.08 HANDLE_APPLIED #17 seq=9 decision=2 fightersValid=1 boardValid=1
2026.09.27-14.10.08 MODE seq=9 mode=0 combat=0 pending=0
2026.09.27-14.10.08 HUD seq=9 phase=ACTION_MANEUVER turn=opp hand=5 oppHand=6(hidden) oppDeck=25~ deck=24~ discard=1
2026.09.27-14.10.08 FIGHTERS synced n=6 alive=6 own=4 enemy=2
2026.09.27-14.10.08 WS seq=9 phase=ACTION_MANEUVER (apply)
2026.09.27-14.10.08 SNAPSHOT applied seq=10 phase=ACTION_MANEUVER
2026.09.27-14.10.08 HANDLE_APPLIED #18 seq=10 decision=2 fightersValid=1 boardValid=1
2026.09.27-14.10.08 MODE seq=10 mode=0 combat=0 pending=0
2026.09.27-14.10.08 HUD seq=10 phase=ACTION_MANEUVER turn=opp hand=5 oppHand=6(hidden) oppDeck=25~ deck=24~ discard=1
2026.09.27-14.10.08 FIGHTERS synced n=6 alive=6 own=4 enemy=2
2026.09.27-14.10.08 CUE move f-1-hero (9,7)->(9,6) seq=10
2026.09.27-14.10.08 WS seq=10 phase=ACTION_MANEUVER (apply)
2026.09.27-14.10.08 SNAPSHOT applied seq=11 phase=ACTION_MANEUVER
2026.09.27-14.10.08 HANDLE_APPLIED #19 seq=11 decision=2 fightersValid=1 boardValid=1
2026.09.27-14.10.08 MODE seq=11 mode=0 combat=0 pending=0
2026.09.27-14.10.08 HUD seq=11 phase=ACTION_MANEUVER turn=opp hand=5 oppHand=7(hidden) oppDeck=25~ deck=24~ discard=1
2026.09.27-14.10.08 FIGHTERS synced n=6 alive=6 own=4 enemy=2
2026.09.27-14.10.08 WS seq=11 phase=ACTION_MANEUVER (apply)
2026.09.27-14.10.08 SNAPSHOT applied seq=12 phase=TURN_END
2026.09.27-14.10.08 HANDLE_APPLIED #20 seq=12 decision=2 fightersValid=1 boardValid=1
2026.09.27-14.10.08 MODE seq=12 mode=0 combat=0 pending=0
2026.09.27-14.10.08 HUD seq=12 phase=TURN_END turn=opp hand=5 oppHand=8(hidden) oppDeck=25~ deck=24~ discard=1 pendingDiscard=1
2026.09.27-14.10.08 FIGHTERS synced n=6 alive=6 own=4 enemy=2
2026.09.27-14.10.08 CUE move f-1-hero (9,6)->(8,6) seq=12
2026.09.27-14.10.08 WS seq=12 phase=TURN_END (apply)
2026.09.27-14.10.08 SNAPSHOT applied seq=13 phase=ACTION_MANEUVER
2026.09.27-14.10.08 HANDLE_APPLIED #21 seq=13 decision=2 fightersValid=1 boardValid=1
2026.09.27-14.10.08 MODE seq=13 mode=0 combat=0 pending=0
2026.09.27-14.10.08 HUD seq=13 phase=ACTION_MANEUVER turn=you hand=5 oppHand=7(hidden) oppDeck=25~ deck=24~ discard=1
2026.09.27-14.10.08 FIGHTERS synced n=6 alive=6 own=4 enemy=2
2026.09.27-14.10.08 WS seq=13 phase=ACTION_MANEUVER (apply)
2026.09.27-14.10.09 SHOT ctx viewport=1280x720 viewTarget=CameraActor_2147482375 cam=(0,1701,2429) rot=(-55,-90,0)
2026.09.27-14.10.09 SHOT fighter f-0-hero pos=(3,2) world=(-250,-250,0) screen=(477,226) projected=1 alive=1
2026.09.27-14.10.09 SHOT fighter f-0-sk0 pos=(2,3) world=(-350,-150,0) screen=(407,278) projected=1 alive=1
2026.09.27-14.10.09 SHOT fighter f-0-sk1 pos=(2,1) world=(-350,-350,0) screen=(416,176) projected=1 alive=1
2026.09.27-14.10.09 SHOT fighter f-0-sk2 pos=(1,2) world=(-450,-250,0) screen=(346,226) projected=1 alive=1
2026.09.27-14.10.09 SHOT fighter f-1-hero pos=(8,6) world=(250,150,0) screen=(816,447) projected=1 alive=1
2026.09.27-14.10.09 SHOT fighter f-1-sk0 pos=(10,7) world=(450,250,0) screen=(964,507) projected=1 alive=1
2026.09.27-14.10.09 SHOT requested: FScreenshotRequest(bShowUI) -> C:\Users\ren\AppData\Local\Temp\s10-vsai-abort-20260927-190951-50504\human/s09-hud-after-first-maneuver.png
2026.09.27-14.10.09 S09AUTO drive mode=0 plan=[attack+scheme] phase=ACTION_MANEUVER turn=cmujwaupj00qkwiykpcf51nw5
2026.09.27-14.10.09 S09AUTO own turn #1 (turnCount=3)
2026.09.27-14.10.09 S09AUTO attack deferred - no may-boost card in hand (turn#1 elapsed=16s)
2026.09.27-14.10.09 SNAPSHOT applied seq=14 phase=ACTION_MANEUVER
2026.09.27-14.10.09 HANDLE_APPLIED #22 seq=14 decision=2 fightersValid=1 boardValid=1
2026.09.27-14.10.09 MANEUVER-DRAFT mode=maneuver:3:13
2026.09.27-14.10.09 DRAFT-OPEN draw committed (resume instead of begin)
2026.09.27-14.10.09 MODE seq=14 mode=1 combat=0 pending=0
2026.09.27-14.10.09 HUD seq=14 phase=ACTION_MANEUVER turn=you hand=6 oppHand=7(hidden) oppDeck=22 deck=23 discard=1
2026.09.27-14.10.09 FIGHTERS synced n=6 alive=6 own=4 enemy=2
2026.09.27-14.10.09 MANEUVER begin seq=14 (apply) pending=maneuver:3:13
2026.09.27-14.10.09 SNAPSHOT applied seq=14 phase=ACTION_MANEUVER
2026.09.27-14.10.09 HANDLE_APPLIED #23 seq=14 decision=1 fightersValid=1 boardValid=1
2026.09.27-14.10.09 MODE seq=14 mode=1 combat=0 pending=0
2026.09.27-14.10.09 HUD seq=14 phase=ACTION_MANEUVER turn=you hand=6 oppHand=7(hidden) oppDeck=22 deck=23 discard=1
2026.09.27-14.10.09 FIGHTERS synced n=6 alive=6 own=4 enemy=2
2026.09.27-14.10.09 WS seq=14 phase=ACTION_MANEUVER (merge)
2026.09.27-14.10.09 S09AUTO drive mode=1 plan=[attack+scheme] phase=ACTION_MANEUVER turn=cmujwaupj00qkwiykpcf51nw5
2026.09.27-14.10.09 S09AUTO zero-move confirm (draw only, no movement)
2026.09.27-14.10.09 MANEUVER-CONFIRM moves=0 boost=none
2026.09.27-14.10.09 SNAPSHOT applied seq=15 phase=ACTION_MANEUVER
2026.09.27-14.10.09 HANDLE_APPLIED #24 seq=15 decision=2 fightersValid=1 boardValid=1
2026.09.27-14.10.09 closed mode=
2026.09.27-14.10.09 MODE seq=15 mode=0 combat=0 pending=0
2026.09.27-14.10.09 HUD seq=15 phase=ACTION_MANEUVER turn=you hand=6 oppHand=7(hidden) oppDeck=22 deck=23 discard=1
2026.09.27-14.10.09 FIGHTERS synced n=6 alive=6 own=4 enemy=2
2026.09.27-14.10.09 MANEUVER done seq=15 (apply) fighters=6 boost=no
2026.09.27-14.10.09 SNAPSHOT applied seq=15 phase=ACTION_MANEUVER
2026.09.27-14.10.09 HANDLE_APPLIED #25 seq=15 decision=1 fightersValid=1 boardValid=1
2026.09.27-14.10.09 MODE seq=15 mode=0 combat=0 pending=0
2026.09.27-14.10.09 HUD seq=15 phase=ACTION_MANEUVER turn=you hand=6 oppHand=7(hidden) oppDeck=22 deck=23 discard=1
2026.09.27-14.10.09 FIGHTERS synced n=6 alive=6 own=4 enemy=2
2026.09.27-14.10.09 WS seq=15 phase=ACTION_MANEUVER (merge)
2026.09.27-14.10.10 S09AUTO drive mode=0 plan=[attack+scheme] phase=ACTION_MANEUVER turn=cmujwaupj00qkwiykpcf51nw5
2026.09.27-14.10.10 S09AUTO attack deferred - no may-boost card in hand (turn#1 elapsed=18s)
2026.09.27-14.10.10 SNAPSHOT applied seq=16 phase=ACTION_MANEUVER
2026.09.27-14.10.10 HANDLE_APPLIED #26 seq=16 decision=2 fightersValid=1 boardValid=1
2026.09.27-14.10.10 MANEUVER-DRAFT mode=maneuver:3:15
2026.09.27-14.10.10 DRAFT-OPEN draw committed (resume instead of begin)
2026.09.27-14.10.10 MODE seq=16 mode=1 combat=0 pending=0
2026.09.27-14.10.10 HUD seq=16 phase=ACTION_MANEUVER turn=you hand=7 oppHand=7(hidden) oppDeck=22 deck=22 discard=1
2026.09.27-14.10.10 FIGHTERS synced n=6 alive=6 own=4 enemy=2
2026.09.27-14.10.10 MANEUVER begin seq=16 (apply) pending=maneuver:3:15
2026.09.27-14.10.10 SNAPSHOT applied seq=16 phase=ACTION_MANEUVER
2026.09.27-14.10.10 HANDLE_APPLIED #27 seq=16 decision=1 fightersValid=1 boardValid=1
2026.09.27-14.10.10 MODE seq=16 mode=1 combat=0 pending=0
2026.09.27-14.10.10 HUD seq=16 phase=ACTION_MANEUVER turn=you hand=7 oppHand=7(hidden) oppDeck=22 deck=22 discard=1
2026.09.27-14.10.10 FIGHTERS synced n=6 alive=6 own=4 enemy=2
2026.09.27-14.10.10 WS seq=16 phase=ACTION_MANEUVER (merge)
2026.09.27-14.10.10 S09AUTO drive mode=1 plan=[attack+scheme] phase=ACTION_MANEUVER turn=cmujwaupj00qkwiykpcf51nw5
2026.09.27-14.10.10 MANEUVER-CONFIRM moves=1 boost=none
2026.09.27-14.10.11 SNAPSHOT applied seq=17 phase=ACTION_MANEUVER
2026.09.27-14.10.11 HANDLE_APPLIED #28 seq=17 decision=2 fightersValid=1 boardValid=1
2026.09.27-14.10.11 closed mode=
2026.09.27-14.10.11 MODE seq=17 mode=0 combat=0 pending=0
2026.09.27-14.10.11 HUD seq=17 phase=ACTION_MANEUVER turn=opp hand=7 oppHand=7(hidden) oppDeck=22 deck=22 discard=1
2026.09.27-14.10.11 FIGHTERS synced n=6 alive=6 own=4 enemy=2
2026.09.27-14.10.11 CUE move f-0-hero (3,2)->(4,2) seq=17
2026.09.27-14.10.11 MANEUVER done seq=17 (apply) fighters=6 boost=no
2026.09.27-14.10.11 SNAPSHOT applied seq=17 phase=ACTION_MANEUVER
2026.09.27-14.10.11 HANDLE_APPLIED #29 seq=17 decision=1 fightersValid=1 boardValid=1
2026.09.27-14.10.11 MODE seq=17 mode=0 combat=0 pending=0
2026.09.27-14.10.11 HUD seq=17 phase=ACTION_MANEUVER turn=opp hand=7 oppHand=7(hidden) oppDeck=22 deck=22 discard=1
2026.09.27-14.10.11 FIGHTERS synced n=6 alive=6 own=4 enemy=2
2026.09.27-14.10.11 WS seq=17 phase=ACTION_MANEUVER (merge)
2026.09.27-14.10.11 SNAPSHOT applied seq=18 phase=ACTION_MANEUVER
2026.09.27-14.10.11 HANDLE_APPLIED #30 seq=18 decision=2 fightersValid=1 boardValid=1
2026.09.27-14.10.11 MODE seq=18 mode=0 combat=0 pending=0
2026.09.27-14.10.11 HUD seq=18 phase=ACTION_MANEUVER turn=opp hand=7 oppHand=8(hidden) oppDeck=22~ deck=22~ discard=1
2026.09.27-14.10.11 FIGHTERS synced n=6 alive=6 own=4 enemy=2
2026.09.27-14.10.11 WS seq=18 phase=ACTION_MANEUVER (apply)
2026.09.27-14.10.11 SNAPSHOT applied seq=19 phase=ACTION_MANEUVER
2026.09.27-14.10.11 HANDLE_APPLIED #31 seq=19 decision=2 fightersValid=1 boardValid=1
2026.09.27-14.10.11 MODE seq=19 mode=0 combat=0 pending=0
2026.09.27-14.10.11 HUD seq=19 phase=ACTION_MANEUVER turn=opp hand=7 oppHand=8(hidden) oppDeck=22~ deck=22~ discard=1
2026.09.27-14.10.11 FIGHTERS synced n=6 alive=6 own=4 enemy=2
2026.09.27-14.10.11 CUE move f-1-hero (8,6)->(8,5) seq=19
2026.09.27-14.10.11 WS seq=19 phase=ACTION_MANEUVER (apply)
2026.09.27-14.10.11 game -> room=cmujway7q00r2wiyk7p4m2sv3 code=<redacted> status=IN_PROGRESS
2026.09.27-14.10.11 SNAPSHOT applied seq=20 phase=ACTION_MANEUVER
2026.09.27-14.10.11 HANDLE_APPLIED #32 seq=20 decision=2 fightersValid=1 boardValid=1
2026.09.27-14.10.11 MODE seq=20 mode=0 combat=0 pending=0
2026.09.27-14.10.11 HUD seq=20 phase=ACTION_MANEUVER turn=opp hand=7 oppHand=9(hidden) oppDeck=22~ deck=22~ discard=1
2026.09.27-14.10.11 FIGHTERS synced n=6 alive=6 own=4 enemy=2
2026.09.27-14.10.11 WS seq=20 phase=ACTION_MANEUVER (apply)
2026.09.27-14.10.11 SNAPSHOT applied seq=21 phase=TURN_END
2026.09.27-14.10.11 HANDLE_APPLIED #33 seq=21 decision=2 fightersValid=1 boardValid=1
2026.09.27-14.10.11 MODE seq=21 mode=0 combat=0 pending=0
2026.09.27-14.10.11 HUD seq=21 phase=TURN_END turn=opp hand=7 oppHand=10(hidden) oppDeck=22~ deck=22~ discard=1 pendingDiscard=3
2026.09.27-14.10.11 FIGHTERS synced n=6 alive=6 own=4 enemy=2
2026.09.27-14.10.11 CUE move f-1-hero (8,5)->(8,4) seq=21
2026.09.27-14.10.11 WS seq=21 phase=TURN_END (apply)
2026.09.27-14.10.11 SNAPSHOT applied seq=22 phase=ACTION_MANEUVER
2026.09.27-14.10.11 HANDLE_APPLIED #34 seq=22 decision=2 fightersValid=1 boardValid=1
2026.09.27-14.10.11 MODE seq=22 mode=0 combat=0 pending=0
2026.09.27-14.10.11 HUD seq=22 phase=ACTION_MANEUVER turn=you hand=7 oppHand=7(hidden) oppDeck=22~ deck=22~ discard=1
2026.09.27-14.10.11 FIGHTERS synced n=6 alive=6 own=4 enemy=2
2026.09.27-14.10.11 WS seq=22 phase=ACTION_MANEUVER (apply)
2026.09.27-14.10.12 S09AUTO drive mode=0 plan=[attack+scheme] phase=ACTION_MANEUVER turn=cmujwaupj00qkwiykpcf51nw5
2026.09.27-14.10.12 S09AUTO own turn #2 (turnCount=5)
2026.09.27-14.10.12 S09AUTO attack deferred - no may-boost card in hand (turn#2 elapsed=19s)
2026.09.27-14.10.12 SNAPSHOT applied seq=23 phase=ACTION_MANEUVER
2026.09.27-14.10.12 HANDLE_APPLIED #35 seq=23 decision=2 fightersValid=1 boardValid=1
2026.09.27-14.10.12 MANEUVER-DRAFT mode=maneuver:5:22
2026.09.27-14.10.12 DRAFT-OPEN draw committed (resume instead of begin)
2026.09.27-14.10.12 MODE seq=23 mode=1 combat=0 pending=0
2026.09.27-14.10.12 HUD seq=23 phase=ACTION_MANEUVER turn=you hand=8 oppHand=7(hidden) oppDeck=19 deck=21 discard=1
2026.09.27-14.10.12 FIGHTERS synced n=6 alive=6 own=4 enemy=2
2026.09.27-14.10.12 MANEUVER begin seq=23 (apply) pending=maneuver:5:22
2026.09.27-14.10.12 SNAPSHOT applied seq=23 phase=ACTION_MANEUVER
2026.09.27-14.10.12 HANDLE_APPLIED #36 seq=23 decision=1 fightersValid=1 boardValid=1
2026.09.27-14.10.12 MODE seq=23 mode=1 combat=0 pending=0
2026.09.27-14.10.12 HUD seq=23 phase=ACTION_MANEUVER turn=you hand=8 oppHand=7(hidden) oppDeck=19 deck=21 discard=1
2026.09.27-14.10.12 FIGHTERS synced n=6 alive=6 own=4 enemy=2
2026.09.27-14.10.12 WS seq=23 phase=ACTION_MANEUVER (merge)
2026.09.27-14.10.12 S09AUTO drive mode=1 plan=[attack+scheme] phase=ACTION_MANEUVER turn=cmujwaupj00qkwiykpcf51nw5
2026.09.27-14.10.12 S09AUTO multi-fighter moves=2
2026.09.27-14.10.12 MANEUVER-CONFIRM moves=2 boost=none
2026.09.27-14.10.12 SNAPSHOT applied seq=24 phase=ACTION_MANEUVER
2026.09.27-14.10.12 HANDLE_APPLIED #37 seq=24 decision=2 fightersValid=1 boardValid=1
2026.09.27-14.10.12 closed mode=
2026.09.27-14.10.12 MODE seq=24 mode=0 combat=0 pending=0
2026.09.27-14.10.12 HUD seq=24 phase=ACTION_MANEUVER turn=you hand=8 oppHand=7(hidden) oppDeck=19 deck=21 discard=1
2026.09.27-14.10.12 FIGHTERS synced n=6 alive=6 own=4 enemy=2
2026.09.27-14.10.12 CUE move f-0-hero (4,2)->(5,2) seq=24
2026.09.27-14.10.12 CUE move f-0-sk0 (2,3)->(3,3) seq=24
2026.09.27-14.10.12 MANEUVER done seq=24 (apply) fighters=6 boost=no
2026.09.27-14.10.12 SNAPSHOT applied seq=24 phase=ACTION_MANEUVER
2026.09.27-14.10.12 HANDLE_APPLIED #38 seq=24 decision=1 fightersValid=1 boardValid=1
2026.09.27-14.10.12 MODE seq=24 mode=0 combat=0 pending=0
2026.09.27-14.10.12 HUD seq=24 phase=ACTION_MANEUVER turn=you hand=8 oppHand=7(hidden) oppDeck=19 deck=21 discard=1
2026.09.27-14.10.12 FIGHTERS synced n=6 alive=6 own=4 enemy=2
2026.09.27-14.10.12 WS seq=24 phase=ACTION_MANEUVER (merge)
2026.09.27-14.10.13 S09AUTO drive mode=0 plan=[attack+scheme] phase=ACTION_MANEUVER turn=cmujwaupj00qkwiykpcf51nw5
2026.09.27-14.10.13 S09AUTO attack deferred - no may-boost card in hand (turn#2 elapsed=20s)
2026.09.27-14.10.13 S09AUTO scheme
2026.09.27-14.10.13 SNAPSHOT applied seq=25 phase=ACTION_MANEUVER
2026.09.27-14.10.13 HANDLE_APPLIED #39 seq=25 decision=2 fightersValid=1 boardValid=1
2026.09.27-14.10.13 closed mode=
2026.09.27-14.10.13 MODE seq=25 mode=6 combat=0 pending=1
2026.09.27-14.10.13 HUD seq=25 phase=ACTION_MANEUVER turn=you hand=7 oppHand=7(hidden) oppDeck=19 deck=21 discard=2
2026.09.27-14.10.13 FIGHTERS synced n=6 alive=6 own=4 enemy=2
2026.09.27-14.10.13 SCHEME done seq=25 (apply) phase=ACTION_MANEUVER
2026.09.27-14.10.13 SNAPSHOT applied seq=25 phase=ACTION_MANEUVER
2026.09.27-14.10.13 HANDLE_APPLIED #40 seq=25 decision=1 fightersValid=1 boardValid=1
2026.09.27-14.10.13 MODE seq=25 mode=6 combat=0 pending=1
2026.09.27-14.10.13 HUD seq=25 phase=ACTION_MANEUVER turn=you hand=7 oppHand=7(hidden) oppDeck=19 deck=21 discard=2
2026.09.27-14.10.13 FIGHTERS synced n=6 alive=6 own=4 enemy=2
2026.09.27-14.10.13 WS seq=25 phase=ACTION_MANEUVER (merge)
2026.09.27-14.10.14 game -> room=cmujway7q00r2wiyk7p4m2sv3 code=<redacted> status=IN_PROGRESS
2026.09.27-14.10.14 S09AUTO drive mode=6 plan=[attack+scheme] phase=ACTION_MANEUVER turn=cmujwaupj00qkwiykpcf51nw5
2026.09.27-14.10.14 S09AUTO pending-open shot (type=TARGET_FIGHTER stage=0 mode=)
2026.09.27-14.10.14 SHOT ctx viewport=1280x720 viewTarget=CameraActor_2147482375 cam=(0,1701,2429) rot=(-55,-90,0)
2026.09.27-14.10.14 SHOT fighter f-0-hero pos=(5,2) world=(-50,-250,0) screen=(607,226) projected=1 alive=1
2026.09.27-14.10.14 SHOT fighter f-0-sk0 pos=(3,3) world=(-250,-150,0) screen=(474,278) projected=1 alive=1
2026.09.27-14.10.14 SHOT fighter f-0-sk1 pos=(2,1) world=(-350,-350,0) screen=(416,176) projected=1 alive=1
2026.09.27-14.10.14 SHOT fighter f-0-sk2 pos=(1,2) world=(-450,-250,0) screen=(346,226) projected=1 alive=1
2026.09.27-14.10.14 SHOT fighter f-1-hero pos=(8,4) world=(250,-50,0) screen=(809,332) projected=1 alive=1
2026.09.27-14.10.14 SHOT fighter f-1-sk0 pos=(10,7) world=(450,250,0) screen=(964,507) projected=1 alive=1
2026.09.27-14.10.14 SHOT requested: FScreenshotRequest(bShowUI) -> C:\Users\ren\AppData\Local\Temp\s10-vsai-abort-20260927-190951-50504\human/s09-pending-TARGET_FIGHTER.png
2026.09.27-14.10.14 PEND-RESOLVE sent type=TARGET_FIGHTER stage=0 id=cmujlbmcr00skwip058syb3ft-fullText-0-p0
2026.09.27-14.10.14 S09AUTO pending picked (type=TARGET_FIGHTER stage=0)
2026.09.27-14.10.14 SNAPSHOT applied seq=26 phase=ACTION_MANEUVER
2026.09.27-14.10.14 HANDLE_APPLIED #41 seq=26 decision=2 fightersValid=1 boardValid=1
2026.09.27-14.10.14 closed mode=
2026.09.27-14.10.14 MODE seq=26 mode=0 combat=0 pending=0
2026.09.27-14.10.14 HUD seq=26 phase=ACTION_MANEUVER turn=opp hand=7 oppHand=7(hidden) oppDeck=19 deck=21 discard=2
2026.09.27-14.10.14 FIGHTERS synced n=6 alive=6 own=4 enemy=2
2026.09.27-14.10.14 CUE damage f-0-hero -2 seq=26
2026.09.27-14.10.14 PEND resolve done seq=26 (apply) phase=ACTION_MANEUVER
2026.09.27-14.10.14 SNAPSHOT applied seq=26 phase=ACTION_MANEUVER
2026.09.27-14.10.14 HANDLE_APPLIED #42 seq=26 decision=1 fightersValid=1 boardValid=1
2026.09.27-14.10.14 MODE seq=26 mode=0 combat=0 pending=0
2026.09.27-14.10.14 HUD seq=26 phase=ACTION_MANEUVER turn=opp hand=7 oppHand=7(hidden) oppDeck=19 deck=21 discard=2
2026.09.27-14.10.14 FIGHTERS synced n=6 alive=6 own=4 enemy=2
2026.09.27-14.10.14 WS seq=26 phase=ACTION_MANEUVER (merge)
2026.09.27-14.10.14 S09AUTO drive mode=0 plan=[attack+scheme] phase=ACTION_MANEUVER turn=cmujlc8fd000zwi30gwyg97lq
2026.09.27-14.10.14 SNAPSHOT applied seq=27 phase=ACTION_MANEUVER
2026.09.27-14.10.14 HANDLE_APPLIED #43 seq=27 decision=2 fightersValid=1 boardValid=1
2026.09.27-14.10.14 MODE seq=27 mode=0 combat=0 pending=0
2026.09.27-14.10.14 HUD seq=27 phase=ACTION_MANEUVER turn=opp hand=7 oppHand=8(hidden) oppDeck=19~ deck=21~ discard=2
2026.09.27-14.10.14 FIGHTERS synced n=6 alive=6 own=4 enemy=2
2026.09.27-14.10.14 WS seq=27 phase=ACTION_MANEUVER (apply)
2026.09.27-14.10.14 SNAPSHOT applied seq=28 phase=ACTION_MANEUVER
2026.09.27-14.10.14 HANDLE_APPLIED #44 seq=28 decision=2 fightersValid=1 boardValid=1
2026.09.27-14.10.14 MODE seq=28 mode=0 combat=0 pending=0
2026.09.27-14.10.14 HUD seq=28 phase=ACTION_MANEUVER turn=opp hand=7 oppHand=8(hidden) oppDeck=19~ deck=21~ discard=2
2026.09.27-14.10.14 FIGHTERS synced n=6 alive=6 own=4 enemy=2
2026.09.27-14.10.14 CUE move f-1-hero (8,4)->(8,3) seq=28
2026.09.27-14.10.14 WS seq=28 phase=ACTION_MANEUVER (apply)
2026.09.27-14.10.14 SNAPSHOT applied seq=29 phase=ACTION_MANEUVER
2026.09.27-14.10.14 HANDLE_APPLIED #45 seq=29 decision=2 fightersValid=1 boardValid=1
2026.09.27-14.10.14 MODE seq=29 mode=0 combat=0 pending=0
2026.09.27-14.10.14 HUD seq=29 phase=ACTION_MANEUVER turn=opp hand=7 oppHand=9(hidden) oppDeck=19~ deck=21~ discard=2
2026.09.27-14.10.14 FIGHTERS synced n=6 alive=6 own=4 enemy=2
2026.09.27-14.10.14 WS seq=29 phase=ACTION_MANEUVER (apply)
2026.09.27-14.10.15 SNAPSHOT applied seq=30 phase=TURN_END
2026.09.27-14.10.15 HANDLE_APPLIED #46 seq=30 decision=2 fightersValid=1 boardValid=1
2026.09.27-14.10.15 MODE seq=30 mode=0 combat=0 pending=0
2026.09.27-14.10.15 HUD seq=30 phase=TURN_END turn=opp hand=7 oppHand=10(hidden) oppDeck=19~ deck=21~ discard=2 pendingDiscard=3
2026.09.27-14.10.15 FIGHTERS synced n=6 alive=6 own=4 enemy=2
2026.09.27-14.10.15 CUE move f-1-hero (8,3)->(8,2) seq=30
2026.09.27-14.10.15 WS seq=30 phase=TURN_END (apply)
2026.09.27-14.10.15 SNAPSHOT applied seq=31 phase=ACTION_MANEUVER
2026.09.27-14.10.15 HANDLE_APPLIED #47 seq=31 decision=2 fightersValid=1 boardValid=1
2026.09.27-14.10.15 MODE seq=31 mode=0 combat=0 pending=0
2026.09.27-14.10.15 HUD seq=31 phase=ACTION_MANEUVER turn=you hand=7 oppHand=7(hidden) oppDeck=19~ deck=21~ discard=2
2026.09.27-14.10.15 FIGHTERS synced n=6 alive=6 own=4 enemy=2
2026.09.27-14.10.15 WS seq=31 phase=ACTION_MANEUVER (apply)
2026.09.27-14.10.15 S09AUTO own turn #3 (turnCount=7)
2026.09.27-14.10.15 S09AUTO attack deferred - no may-boost card in hand (turn#3 elapsed=22s)
2026.09.27-14.10.15 SNAPSHOT applied seq=32 phase=ACTION_MANEUVER
2026.09.27-14.10.15 HANDLE_APPLIED #48 seq=32 decision=2 fightersValid=1 boardValid=1
2026.09.27-14.10.15 MANEUVER-DRAFT mode=maneuver:7:31
2026.09.27-14.10.15 DRAFT-OPEN draw committed (resume instead of begin)
2026.09.27-14.10.15 MODE seq=32 mode=1 combat=0 pending=0
2026.09.27-14.10.15 HUD seq=32 phase=ACTION_MANEUVER turn=you hand=8 oppHand=7(hidden) oppDeck=16 deck=20 discard=2
2026.09.27-14.10.15 FIGHTERS synced n=6 alive=6 own=4 enemy=2
2026.09.27-14.10.15 MANEUVER begin seq=32 (apply) pending=maneuver:7:31
2026.09.27-14.10.15 SNAPSHOT applied seq=32 phase=ACTION_MANEUVER
2026.09.27-14.10.15 HANDLE_APPLIED #49 seq=32 decision=1 fightersValid=1 boardValid=1
2026.09.27-14.10.15 MODE seq=32 mode=1 combat=0 pending=0
2026.09.27-14.10.15 HUD seq=32 phase=ACTION_MANEUVER turn=you hand=8 oppHand=7(hidden) oppDeck=16 deck=20 discard=2
2026.09.27-14.10.15 FIGHTERS synced n=6 alive=6 own=4 enemy=2
2026.09.27-14.10.15 WS seq=32 phase=ACTION_MANEUVER (merge)
2026.09.27-14.10.15 S09AUTO drive mode=1 plan=[attack+scheme] phase=ACTION_MANEUVER turn=cmujwaupj00qkwiykpcf51nw5
2026.09.27-14.10.15 MANEUVER-CONFIRM moves=1 boost=none
2026.09.27-14.10.15 SNAPSHOT applied seq=33 phase=ACTION_MANEUVER
2026.09.27-14.10.15 HANDLE_APPLIED #50 seq=33 decision=2 fightersValid=1 boardValid=1
2026.09.27-14.10.15 closed mode=
2026.09.27-14.10.15 MODE seq=33 mode=0 combat=0 pending=0
2026.09.27-14.10.15 HUD seq=33 phase=ACTION_MANEUVER turn=you hand=8 oppHand=7(hidden) oppDeck=16 deck=20 discard=2
2026.09.27-14.10.15 FIGHTERS synced n=6 alive=6 own=4 enemy=2
2026.09.27-14.10.15 CUE move f-0-hero (5,2)->(6,2) seq=33
2026.09.27-14.10.15 MANEUVER done seq=33 (apply) fighters=6 boost=no
2026.09.27-14.10.15 SNAPSHOT applied seq=33 phase=ACTION_MANEUVER
2026.09.27-14.10.15 HANDLE_APPLIED #51 seq=33 decision=1 fightersValid=1 boardValid=1
2026.09.27-14.10.15 MODE seq=33 mode=0 combat=0 pending=0
2026.09.27-14.10.15 HUD seq=33 phase=ACTION_MANEUVER turn=you hand=8 oppHand=7(hidden) oppDeck=16 deck=20 discard=2
2026.09.27-14.10.15 FIGHTERS synced n=6 alive=6 own=4 enemy=2
2026.09.27-14.10.15 WS seq=33 phase=ACTION_MANEUVER (merge)
2026.09.27-14.10.16 S09AUTO drive mode=0 plan=[attack+scheme] phase=ACTION_MANEUVER turn=cmujwaupj00qkwiykpcf51nw5
2026.09.27-14.10.16 S09AUTO attack deferred - no may-boost card in hand (turn#3 elapsed=23s)
2026.09.27-14.10.16 S09AUTO scheme
2026.09.27-14.10.16 SNAPSHOT applied seq=34 phase=ACTION_MANEUVER
2026.09.27-14.10.16 HANDLE_APPLIED #52 seq=34 decision=2 fightersValid=1 boardValid=1
2026.09.27-14.10.16 closed mode=
2026.09.27-14.10.16 MODE seq=34 mode=6 combat=0 pending=1
2026.09.27-14.10.16 HUD seq=34 phase=ACTION_MANEUVER turn=you hand=7 oppHand=7(hidden) oppDeck=16 deck=20 discard=3
2026.09.27-14.10.16 FIGHTERS synced n=6 alive=6 own=4 enemy=2
2026.09.27-14.10.16 SCHEME done seq=34 (apply) phase=ACTION_MANEUVER
2026.09.27-14.10.16 SNAPSHOT applied seq=34 phase=ACTION_MANEUVER
2026.09.27-14.10.16 HANDLE_APPLIED #53 seq=34 decision=1 fightersValid=1 boardValid=1
2026.09.27-14.10.16 MODE seq=34 mode=6 combat=0 pending=1
2026.09.27-14.10.16 HUD seq=34 phase=ACTION_MANEUVER turn=you hand=7 oppHand=7(hidden) oppDeck=16 deck=20 discard=3
2026.09.27-14.10.16 FIGHTERS synced n=6 alive=6 own=4 enemy=2
2026.09.27-14.10.16 WS seq=34 phase=ACTION_MANEUVER (merge)
2026.09.27-14.10.17 game -> room=cmujway7q00r2wiyk7p4m2sv3 code=<redacted> status=IN_PROGRESS
2026.09.27-14.10.17 S09AUTO drive mode=6 plan=[attack+scheme] phase=ACTION_MANEUVER turn=cmujwaupj00qkwiykpcf51nw5
2026.09.27-14.10.17 PEND-RESOLVE sent type=TARGET_FIGHTER stage=0 id=cmujlbmcr00skwip058syb3ft-fullText-0-p0
2026.09.27-14.10.17 S09AUTO pending picked (type=TARGET_FIGHTER stage=0)
2026.09.27-14.10.17 SNAPSHOT applied seq=35 phase=ACTION_MANEUVER
2026.09.27-14.10.17 HANDLE_APPLIED #54 seq=35 decision=2 fightersValid=1 boardValid=1
2026.09.27-14.10.17 closed mode=
2026.09.27-14.10.17 MODE seq=35 mode=0 combat=0 pending=0
2026.09.27-14.10.17 HUD seq=35 phase=ACTION_MANEUVER turn=opp hand=7 oppHand=7(hidden) oppDeck=16 deck=20 discard=3
2026.09.27-14.10.17 FIGHTERS synced n=6 alive=6 own=4 enemy=2
2026.09.27-14.10.17 CUE damage f-0-hero -2 seq=35
2026.09.27-14.10.17 PEND resolve done seq=35 (apply) phase=ACTION_MANEUVER
2026.09.27-14.10.17 SNAPSHOT applied seq=35 phase=ACTION_MANEUVER
2026.09.27-14.10.17 HANDLE_APPLIED #55 seq=35 decision=1 fightersValid=1 boardValid=1
2026.09.27-14.10.17 MODE seq=35 mode=0 combat=0 pending=0
2026.09.27-14.10.17 HUD seq=35 phase=ACTION_MANEUVER turn=opp hand=7 oppHand=7(hidden) oppDeck=16 deck=20 discard=3
2026.09.27-14.10.17 FIGHTERS synced n=6 alive=6 own=4 enemy=2
2026.09.27-14.10.17 WS seq=35 phase=ACTION_MANEUVER (merge)
2026.09.27-14.10.17 SNAPSHOT applied seq=36 phase=ACTION_MANEUVER
2026.09.27-14.10.17 HANDLE_APPLIED #56 seq=36 decision=2 fightersValid=1 boardValid=1
2026.09.27-14.10.17 MODE seq=36 mode=0 combat=0 pending=0
2026.09.27-14.10.17 HUD seq=36 phase=ACTION_MANEUVER turn=opp hand=7 oppHand=8(hidden) oppDeck=16~ deck=20~ discard=3
2026.09.27-14.10.17 FIGHTERS synced n=6 alive=6 own=4 enemy=2
2026.09.27-14.10.17 WS seq=36 phase=ACTION_MANEUVER (apply)
2026.09.27-14.10.17 S09AUTO drive mode=0 plan=[attack+scheme] phase=ACTION_MANEUVER turn=cmujlc8fd000zwi30gwyg97lq
2026.09.27-14.10.17 SNAPSHOT applied seq=37 phase=ACTION_MANEUVER
2026.09.27-14.10.17 HANDLE_APPLIED #57 seq=37 decision=2 fightersValid=1 boardValid=1
2026.09.27-14.10.17 MODE seq=37 mode=0 combat=0 pending=0
2026.09.27-14.10.17 HUD seq=37 phase=ACTION_MANEUVER turn=opp hand=7 oppHand=8(hidden) oppDeck=16~ deck=20~ discard=3
2026.09.27-14.10.17 FIGHTERS synced n=6 alive=6 own=4 enemy=2
2026.09.27-14.10.17 CUE move f-1-hero (8,2)->(7,2) seq=37
2026.09.27-14.10.17 WS seq=37 phase=ACTION_MANEUVER (apply)
2026.09.27-14.10.17 SNAPSHOT applied seq=38 phase=ACTION_MANEUVER
2026.09.27-14.10.17 HANDLE_APPLIED #58 seq=38 decision=2 fightersValid=1 boardValid=1
2026.09.27-14.10.17 MODE seq=38 mode=0 combat=0 pending=0
2026.09.27-14.10.17 HUD seq=38 phase=ACTION_MANEUVER turn=opp hand=7 oppHand=9(hidden) oppDeck=16~ deck=20~ discard=3
2026.09.27-14.10.17 FIGHTERS synced n=6 alive=6 own=4 enemy=2
2026.09.27-14.10.17 WS seq=38 phase=ACTION_MANEUVER (apply)
2026.09.27-14.10.17 SNAPSHOT applied seq=39 phase=TURN_END
2026.09.27-14.10.17 HANDLE_APPLIED #59 seq=39 decision=2 fightersValid=1 boardValid=1
2026.09.27-14.10.17 MODE seq=39 mode=0 combat=0 pending=0
2026.09.27-14.10.17 HUD seq=39 phase=TURN_END turn=opp hand=7 oppHand=10(hidden) oppDeck=16~ deck=20~ discard=3 pendingDiscard=3
2026.09.27-14.10.17 FIGHTERS synced n=6 alive=6 own=4 enemy=2
2026.09.27-14.10.17 WS seq=39 phase=TURN_END (apply)
2026.09.27-14.10.17 SNAPSHOT applied seq=40 phase=ACTION_MANEUVER
2026.09.27-14.10.17 HANDLE_APPLIED #60 seq=40 decision=2 fightersValid=1 boardValid=1
2026.09.27-14.10.17 closed mode=
2026.09.27-14.10.17 MODE seq=40 mode=6 combat=0 pending=1
2026.09.27-14.10.17 HUD seq=40 phase=ACTION_MANEUVER turn=you hand=7 oppHand=7(hidden) oppDeck=16~ deck=20~ discard=3
2026.09.27-14.10.17 FIGHTERS synced n=6 alive=6 own=4 enemy=2
2026.09.27-14.10.17 WS seq=40 phase=ACTION_MANEUVER (apply)
2026.09.27-14.10.17 S09AUTO drive mode=6 plan=[attack+scheme] phase=ACTION_MANEUVER turn=cmujwaupj00qkwiykpcf51nw5
2026.09.27-14.10.17 S09AUTO own turn #4 (turnCount=9)
2026.09.27-14.10.17 PEND-RESOLVE sent type=TARGET_FIGHTER stage=0 id=ability-medusa-target-p0
2026.09.27-14.10.17 S09AUTO pending picked (type=TARGET_FIGHTER stage=0)
2026.09.27-14.10.18 SNAPSHOT applied seq=41 phase=ACTION_MANEUVER
2026.09.27-14.10.18 HANDLE_APPLIED #61 seq=41 decision=2 fightersValid=1 boardValid=1
2026.09.27-14.10.18 closed mode=
2026.09.27-14.10.18 MODE seq=41 mode=0 combat=0 pending=0
2026.09.27-14.10.18 HUD seq=41 phase=ACTION_MANEUVER turn=you hand=7 oppHand=7(hidden) oppDeck=13 deck=20 discard=3
2026.09.27-14.10.18 FIGHTERS synced n=6 alive=6 own=4 enemy=2
2026.09.27-14.10.18 CUE damage f-1-hero -1 seq=41
2026.09.27-14.10.18 PEND resolve done seq=41 (apply) phase=ACTION_MANEUVER
2026.09.27-14.10.18 SNAPSHOT applied seq=41 phase=ACTION_MANEUVER
2026.09.27-14.10.18 HANDLE_APPLIED #62 seq=41 decision=1 fightersValid=1 boardValid=1
2026.09.27-14.10.18 MODE seq=41 mode=0 combat=0 pending=0
2026.09.27-14.10.18 HUD seq=41 phase=ACTION_MANEUVER turn=you hand=7 oppHand=7(hidden) oppDeck=13 deck=20 discard=3
2026.09.27-14.10.18 FIGHTERS synced n=6 alive=6 own=4 enemy=2
2026.09.27-14.10.18 WS seq=41 phase=ACTION_MANEUVER (merge)
2026.09.27-14.10.18 S09AUTO drive mode=0 plan=[attack+scheme] phase=ACTION_MANEUVER turn=cmujwaupj00qkwiykpcf51nw5
2026.09.27-14.10.18 S09AUTO attack (attacker=f-0-hero target-set card-set)
2026.09.27-14.10.18 ATTACK sent
2026.09.27-14.10.18 SNAPSHOT applied seq=42 phase=COMBAT
2026.09.27-14.10.18 HANDLE_APPLIED #63 seq=42 decision=2 fightersValid=1 boardValid=1
2026.09.27-14.10.18 closed mode=
2026.09.27-14.10.18 MODE seq=42 mode=0 combat=1 pending=0
2026.09.27-14.10.18 HUD seq=42 phase=COMBAT turn=you hand=6 oppHand=7(hidden) oppDeck=13 deck=20 discard=4
2026.09.27-14.10.18 FIGHTERS synced n=6 alive=6 own=4 enemy=2
2026.09.27-14.10.18 ATTACK done seq=42 (apply) phase=COMBAT
2026.09.27-14.10.18 SNAPSHOT applied seq=42 phase=COMBAT
2026.09.27-14.10.18 HANDLE_APPLIED #64 seq=42 decision=1 fightersValid=1 boardValid=1
2026.09.27-14.10.18 MODE seq=42 mode=0 combat=1 pending=0
2026.09.27-14.10.18 HUD seq=42 phase=COMBAT turn=you hand=6 oppHand=7(hidden) oppDeck=13 deck=20 discard=4
2026.09.27-14.10.18 FIGHTERS synced n=6 alive=6 own=4 enemy=2
2026.09.27-14.10.18 WS seq=42 phase=COMBAT (merge)
2026.09.27-14.10.18 SNAPSHOT applied seq=43 phase=COMBAT_RESOLVE
2026.09.27-14.10.18 HANDLE_APPLIED #65 seq=43 decision=2 fightersValid=1 boardValid=1
2026.09.27-14.10.18 closed mode=
2026.09.27-14.10.18 MODE seq=43 mode=6 combat=1 pending=1
2026.09.27-14.10.18 HUD seq=43 phase=COMBAT_RESOLVE turn=you hand=6 oppHand=7(hidden) oppDeck=13~ deck=20~ discard=4
2026.09.27-14.10.18 FIGHTERS synced n=6 alive=6 own=4 enemy=2
2026.09.27-14.10.18 WS seq=43 phase=COMBAT_RESOLVE (apply)
2026.09.27-14.10.18 S09AUTO drive mode=6 plan=[attack+scheme] phase=COMBAT_RESOLVE turn=cmujwaupj00qkwiykpcf51nw5
2026.09.27-14.10.18 S09AUTO pending-open shot (type=BOOST_CHOICE stage=0 mode=)
2026.09.27-14.10.18 SHOT ctx viewport=1280x720 viewTarget=CameraActor_2147482375 cam=(0,1701,2429) rot=(-55,-90,0)
2026.09.27-14.10.18 SHOT fighter f-0-hero pos=(6,2) world=(50,-250,0) screen=(673,226) projected=1 alive=1
2026.09.27-14.10.18 SHOT fighter f-0-sk0 pos=(3,3) world=(-250,-150,0) screen=(474,278) projected=1 alive=1
2026.09.27-14.10.18 SHOT fighter f-0-sk1 pos=(2,1) world=(-350,-350,0) screen=(416,176) projected=1 alive=1
2026.09.27-14.10.18 SHOT fighter f-0-sk2 pos=(1,2) world=(-450,-250,0) screen=(346,226) projected=1 alive=1
2026.09.27-14.10.18 SHOT fighter f-1-hero pos=(7,2) world=(150,-250,0) screen=(738,226) projected=1 alive=1
2026.09.27-14.10.18 SHOT fighter f-1-sk0 pos=(10,7) world=(450,250,0) screen=(964,507) projected=1 alive=1
2026.09.27-14.10.18 SHOT requested: FScreenshotRequest(bShowUI) -> C:\Users\ren\AppData\Local\Temp\s10-vsai-abort-20260927-190951-50504\human/s09-pending-BOOST_CHOICE.png
2026.09.27-14.10.18 S09AUTO boost choice - holding 4s for the other seat's reveal capture
2026.09.27-14.10.20 game -> room=cmujway7q00r2wiyk7p4m2sv3 code=<redacted> status=IN_PROGRESS
2026.09.27-14.10.22 PEND-RESOLVE sent type=BOOST_CHOICE stage=0 id=cmujlbmcq00siwip0c9jy9x6a-during-0-boost-42
2026.09.27-14.10.22 S09AUTO pending picked (type=BOOST_CHOICE stage=0)
2026.09.27-14.10.22 SNAPSHOT applied seq=44 phase=ACTION_MANEUVER
2026.09.27-14.10.22 HANDLE_APPLIED #66 seq=44 decision=2 fightersValid=1 boardValid=1
2026.09.27-14.10.22 COMBAT-RESULT seq=44 damage=4 role=attacked
2026.09.27-14.10.22 S09AUTO combat-result shot
2026.09.27-14.10.22 SHOT ctx viewport=1280x720 viewTarget=CameraActor_2147482375 cam=(0,1701,2429) rot=(-55,-90,0)
2026.09.27-14.10.22 SHOT fighter f-0-hero pos=(6,2) world=(50,-250,0) screen=(673,226) projected=1 alive=1
2026.09.27-14.10.22 SHOT fighter f-0-sk0 pos=(3,3) world=(-250,-150,0) screen=(474,278) projected=1 alive=1
2026.09.27-14.10.22 SHOT fighter f-0-sk1 pos=(2,1) world=(-350,-350,0) screen=(416,176) projected=1 alive=1
2026.09.27-14.10.22 SHOT fighter f-0-sk2 pos=(1,2) world=(-450,-250,0) screen=(346,226) projected=1 alive=1
2026.09.27-14.10.22 SHOT fighter f-1-hero pos=(7,2) world=(150,-250,0) screen=(738,226) projected=1 alive=1
2026.09.27-14.10.22 SHOT fighter f-1-sk0 pos=(10,7) world=(450,250,0) screen=(964,507) projected=1 alive=1
2026.09.27-14.10.22 SHOT requested: FScreenshotRequest(bShowUI) -> C:\Users\ren\AppData\Local\Temp\s10-vsai-abort-20260927-190951-50504\human/s09-combat-result.png
2026.09.27-14.10.22 closed mode=
2026.09.27-14.10.22 MODE seq=44 mode=0 combat=0 pending=0
2026.09.27-14.10.22 HUD seq=44 phase=ACTION_MANEUVER turn=you hand=5 oppHand=7(hidden) oppDeck=13 deck=20 discard=5
2026.09.27-14.10.22 FIGHTERS synced n=6 alive=6 own=4 enemy=2
2026.09.27-14.10.22 CUE damage f-1-hero -4 seq=44
2026.09.27-14.10.22 PEND resolve done seq=44 (apply) phase=ACTION_MANEUVER
2026.09.27-14.10.22 SNAPSHOT applied seq=44 phase=ACTION_MANEUVER
2026.09.27-14.10.22 HANDLE_APPLIED #67 seq=44 decision=1 fightersValid=1 boardValid=1
2026.09.27-14.10.22 MODE seq=44 mode=0 combat=0 pending=0
2026.09.27-14.10.22 HUD seq=44 phase=ACTION_MANEUVER turn=you hand=5 oppHand=7(hidden) oppDeck=13 deck=20 discard=5
2026.09.27-14.10.22 FIGHTERS synced n=6 alive=6 own=4 enemy=2
2026.09.27-14.10.22 WS seq=44 phase=ACTION_MANEUVER (merge)
2026.09.27-14.10.22 S09AUTO drive mode=0 plan=[attack+scheme] phase=ACTION_MANEUVER turn=cmujwaupj00qkwiykpcf51nw5
2026.09.27-14.10.22 S09AUTO attack deferred - no may-boost card in hand (turn#4 elapsed=29s)
2026.09.27-14.10.22 SNAPSHOT applied seq=45 phase=ACTION_MANEUVER
2026.09.27-14.10.22 HANDLE_APPLIED #68 seq=45 decision=2 fightersValid=1 boardValid=1
2026.09.27-14.10.22 MANEUVER-DRAFT mode=maneuver:9:44
2026.09.27-14.10.22 DRAFT-OPEN draw committed (resume instead of begin)
2026.09.27-14.10.22 MODE seq=45 mode=1 combat=0 pending=0
2026.09.27-14.10.22 HUD seq=45 phase=ACTION_MANEUVER turn=you hand=6 oppHand=7(hidden) oppDeck=13 deck=19 discard=5
2026.09.27-14.10.22 FIGHTERS synced n=6 alive=6 own=4 enemy=2
2026.09.27-14.10.22 MANEUVER begin seq=45 (apply) pending=maneuver:9:44
2026.09.27-14.10.22 SNAPSHOT applied seq=45 phase=ACTION_MANEUVER
2026.09.27-14.10.22 HANDLE_APPLIED #69 seq=45 decision=1 fightersValid=1 boardValid=1
2026.09.27-14.10.22 MODE seq=45 mode=1 combat=0 pending=0
2026.09.27-14.10.22 HUD seq=45 phase=ACTION_MANEUVER turn=you hand=6 oppHand=7(hidden) oppDeck=13 deck=19 discard=5
2026.09.27-14.10.22 FIGHTERS synced n=6 alive=6 own=4 enemy=2
2026.09.27-14.10.22 WS seq=45 phase=ACTION_MANEUVER (merge)
2026.09.27-14.10.22 S09AUTO drive mode=1 plan=[attack+scheme] phase=ACTION_MANEUVER turn=cmujwaupj00qkwiykpcf51nw5
2026.09.27-14.10.22 MANEUVER-CONFIRM moves=1 boost=none
2026.09.27-14.10.22 SNAPSHOT applied seq=46 phase=ACTION_MANEUVER
2026.09.27-14.10.22 HANDLE_APPLIED #70 seq=46 decision=2 fightersValid=1 boardValid=1
2026.09.27-14.10.22 closed mode=
2026.09.27-14.10.22 MODE seq=46 mode=0 combat=0 pending=0
2026.09.27-14.10.22 HUD seq=46 phase=ACTION_MANEUVER turn=opp hand=6 oppHand=7(hidden) oppDeck=13 deck=19 discard=5
2026.09.27-14.10.22 FIGHTERS synced n=6 alive=6 own=4 enemy=2
2026.09.27-14.10.22 CUE move f-0-hero (6,2)->(5,2) seq=46
2026.09.27-14.10.22 MANEUVER done seq=46 (apply) fighters=6 boost=no
2026.09.27-14.10.22 SNAPSHOT applied seq=46 phase=ACTION_MANEUVER
2026.09.27-14.10.22 HANDLE_APPLIED #71 seq=46 decision=1 fightersValid=1 boardValid=1
2026.09.27-14.10.22 MODE seq=46 mode=0 combat=0 pending=0
2026.09.27-14.10.22 HUD seq=46 phase=ACTION_MANEUVER turn=opp hand=6 oppHand=7(hidden) oppDeck=13 deck=19 discard=5
2026.09.27-14.10.22 FIGHTERS synced n=6 alive=6 own=4 enemy=2
2026.09.27-14.10.22 WS seq=46 phase=ACTION_MANEUVER (merge)
2026.09.27-14.10.22 SNAPSHOT applied seq=47 phase=ACTION_MANEUVER
2026.09.27-14.10.22 HANDLE_APPLIED #72 seq=47 decision=2 fightersValid=1 boardValid=1
2026.09.27-14.10.22 MODE seq=47 mode=0 combat=0 pending=0
2026.09.27-14.10.22 HUD seq=47 phase=ACTION_MANEUVER turn=opp hand=6 oppHand=8(hidden) oppDeck=13~ deck=19~ discard=5
2026.09.27-14.10.22 FIGHTERS synced n=6 alive=6 own=4 enemy=2
2026.09.27-14.10.22 WS seq=47 phase=ACTION_MANEUVER (apply)
2026.09.27-14.10.22 SNAPSHOT applied seq=48 phase=ACTION_MANEUVER
2026.09.27-14.10.22 HANDLE_APPLIED #73 seq=48 decision=2 fightersValid=1 boardValid=1
2026.09.27-14.10.22 MODE seq=48 mode=0 combat=0 pending=0
2026.09.27-14.10.22 HUD seq=48 phase=ACTION_MANEUVER turn=opp hand=6 oppHand=8(hidden) oppDeck=13~ deck=19~ discard=5
2026.09.27-14.10.22 FIGHTERS synced n=6 alive=6 own=4 enemy=2
2026.09.27-14.10.22 CUE move f-1-hero (7,2)->(6,2) seq=48
2026.09.27-14.10.22 WS seq=48 phase=ACTION_MANEUVER (apply)
2026.09.27-14.10.22 SNAPSHOT applied seq=49 phase=ACTION_MANEUVER
2026.09.27-14.10.22 HANDLE_APPLIED #74 seq=49 decision=2 fightersValid=1 boardValid=1
2026.09.27-14.10.22 MODE seq=49 mode=0 combat=0 pending=0
2026.09.27-14.10.22 HUD seq=49 phase=ACTION_MANEUVER turn=opp hand=6 oppHand=9(hidden) oppDeck=13~ deck=19~ discard=5
2026.09.27-14.10.22 FIGHTERS synced n=6 alive=6 own=4 enemy=2
2026.09.27-14.10.22 WS seq=49 phase=ACTION_MANEUVER (apply)
2026.09.27-14.10.22 SNAPSHOT applied seq=50 phase=TURN_END
2026.09.27-14.10.22 HANDLE_APPLIED #75 seq=50 decision=2 fightersValid=1 boardValid=1
2026.09.27-14.10.22 MODE seq=50 mode=0 combat=0 pending=0
2026.09.27-14.10.22 HUD seq=50 phase=TURN_END turn=opp hand=6 oppHand=10(hidden) oppDeck=13~ deck=19~ discard=5 pendingDiscard=3
2026.09.27-14.10.22 FIGHTERS synced n=6 alive=6 own=4 enemy=2
2026.09.27-14.10.22 WS seq=50 phase=TURN_END (apply)
2026.09.27-14.10.22 SNAPSHOT applied seq=51 phase=ACTION_MANEUVER
2026.09.27-14.10.22 HANDLE_APPLIED #76 seq=51 decision=2 fightersValid=1 boardValid=1
2026.09.27-14.10.22 MODE seq=51 mode=0 combat=0 pending=0
2026.09.27-14.10.22 HUD seq=51 phase=ACTION_MANEUVER turn=you hand=6 oppHand=7(hidden) oppDeck=13~ deck=19~ discard=5
2026.09.27-14.10.22 FIGHTERS synced n=6 alive=6 own=4 enemy=2
2026.09.27-14.10.22 WS seq=51 phase=ACTION_MANEUVER (apply)
2026.09.27-14.10.23 game -> room=cmujway7q00r2wiyk7p4m2sv3 code=<redacted> status=IN_PROGRESS
2026.09.27-14.10.23 S09AUTO drive mode=0 plan=[attack+scheme] phase=ACTION_MANEUVER turn=cmujwaupj00qkwiykpcf51nw5
2026.09.27-14.10.23 S09AUTO own turn #5 (turnCount=11)
2026.09.27-14.10.23 S09AUTO attack deferred - no may-boost card in hand (turn#5 elapsed=31s)
2026.09.27-14.10.23 SNAPSHOT applied seq=52 phase=ACTION_MANEUVER
2026.09.27-14.10.23 HANDLE_APPLIED #77 seq=52 decision=2 fightersValid=1 boardValid=1
2026.09.27-14.10.23 MANEUVER-DRAFT mode=maneuver:11:51
2026.09.27-14.10.23 DRAFT-OPEN draw committed (resume instead of begin)
2026.09.27-14.10.23 MODE seq=52 mode=1 combat=0 pending=0
2026.09.27-14.10.23 HUD seq=52 phase=ACTION_MANEUVER turn=you hand=7 oppHand=7(hidden) oppDeck=10 deck=18 discard=5
2026.09.27-14.10.23 FIGHTERS synced n=6 alive=6 own=4 enemy=2
2026.09.27-14.10.23 MANEUVER begin seq=52 (apply) pending=maneuver:11:51
2026.09.27-14.10.23 SNAPSHOT applied seq=52 phase=ACTION_MANEUVER
2026.09.27-14.10.23 HANDLE_APPLIED #78 seq=52 decision=1 fightersValid=1 boardValid=1
2026.09.27-14.10.23 MODE seq=52 mode=1 combat=0 pending=0
2026.09.27-14.10.23 HUD seq=52 phase=ACTION_MANEUVER turn=you hand=7 oppHand=7(hidden) oppDeck=10 deck=18 discard=5
2026.09.27-14.10.23 FIGHTERS synced n=6 alive=6 own=4 enemy=2
2026.09.27-14.10.23 WS seq=52 phase=ACTION_MANEUVER (merge)
2026.09.27-14.10.23 S09AUTO drive mode=1 plan=[attack+scheme] phase=ACTION_MANEUVER turn=cmujwaupj00qkwiykpcf51nw5
2026.09.27-14.10.23 MANEUVER-CONFIRM moves=1 boost=none
2026.09.27-14.10.23 SNAPSHOT applied seq=53 phase=ACTION_MANEUVER
2026.09.27-14.10.23 HANDLE_APPLIED #79 seq=53 decision=2 fightersValid=1 boardValid=1
2026.09.27-14.10.23 closed mode=
2026.09.27-14.10.23 MODE seq=53 mode=0 combat=0 pending=0
2026.09.27-14.10.23 HUD seq=53 phase=ACTION_MANEUVER turn=you hand=7 oppHand=7(hidden) oppDeck=10 deck=18 discard=5
2026.09.27-14.10.23 FIGHTERS synced n=6 alive=6 own=4 enemy=2
2026.09.27-14.10.23 CUE move f-0-hero (5,2)->(4,2) seq=53
2026.09.27-14.10.23 MANEUVER done seq=53 (apply) fighters=6 boost=no
2026.09.27-14.10.23 SNAPSHOT applied seq=53 phase=ACTION_MANEUVER
2026.09.27-14.10.23 HANDLE_APPLIED #80 seq=53 decision=1 fightersValid=1 boardValid=1
2026.09.27-14.10.23 MODE seq=53 mode=0 combat=0 pending=0
2026.09.27-14.10.23 HUD seq=53 phase=ACTION_MANEUVER turn=you hand=7 oppHand=7(hidden) oppDeck=10 deck=18 discard=5
2026.09.27-14.10.23 FIGHTERS synced n=6 alive=6 own=4 enemy=2
2026.09.27-14.10.23 WS seq=53 phase=ACTION_MANEUVER (merge)
2026.09.27-14.10.25 S09AUTO drive mode=0 plan=[attack+scheme] phase=ACTION_MANEUVER turn=cmujwaupj00qkwiykpcf51nw5
2026.09.27-14.10.25 S09AUTO attack deferred - no may-boost card in hand (turn#5 elapsed=32s)
2026.09.27-14.10.25 SNAPSHOT applied seq=54 phase=ACTION_MANEUVER
2026.09.27-14.10.25 HANDLE_APPLIED #81 seq=54 decision=2 fightersValid=1 boardValid=1
2026.09.27-14.10.25 MANEUVER-DRAFT mode=maneuver:11:53
2026.09.27-14.10.25 DRAFT-OPEN draw committed (resume instead of begin)
2026.09.27-14.10.25 MODE seq=54 mode=1 combat=0 pending=0
2026.09.27-14.10.25 HUD seq=54 phase=ACTION_MANEUVER turn=you hand=8 oppHand=7(hidden) oppDeck=10 deck=17 discard=5
2026.09.27-14.10.25 FIGHTERS synced n=6 alive=6 own=4 enemy=2
2026.09.27-14.10.25 MANEUVER begin seq=54 (apply) pending=maneuver:11:53
2026.09.27-14.10.25 SNAPSHOT applied seq=54 phase=ACTION_MANEUVER
2026.09.27-14.10.25 HANDLE_APPLIED #82 seq=54 decision=1 fightersValid=1 boardValid=1
2026.09.27-14.10.25 MODE seq=54 mode=1 combat=0 pending=0
2026.09.27-14.10.25 HUD seq=54 phase=ACTION_MANEUVER turn=you hand=8 oppHand=7(hidden) oppDeck=10 deck=17 discard=5
2026.09.27-14.10.25 FIGHTERS synced n=6 alive=6 own=4 enemy=2
2026.09.27-14.10.25 WS seq=54 phase=ACTION_MANEUVER (merge)
2026.09.27-14.10.25 S09AUTO drive mode=1 plan=[attack+scheme] phase=ACTION_MANEUVER turn=cmujwaupj00qkwiykpcf51nw5
2026.09.27-14.10.25 MANEUVER-CONFIRM moves=1 boost=none
2026.09.27-14.10.25 SNAPSHOT applied seq=55 phase=TURN_END
2026.09.27-14.10.25 HANDLE_APPLIED #83 seq=55 decision=2 fightersValid=1 boardValid=1
2026.09.27-14.10.25 DISCARD-DRAFT count=1 pending=discard:11:55
2026.09.27-14.10.25 MODE seq=55 mode=2 combat=0 pending=0
2026.09.27-14.10.25 HUD seq=55 phase=TURN_END turn=you hand=8 oppHand=7(hidden) oppDeck=10 deck=17 discard=5 pendingDiscard=1
2026.09.27-14.10.25 FIGHTERS synced n=6 alive=6 own=4 enemy=2
2026.09.27-14.10.25 CUE move f-0-hero (4,2)->(5,2) seq=55
2026.09.27-14.10.25 MANEUVER done seq=55 (apply) fighters=6 boost=no
2026.09.27-14.10.25 SNAPSHOT applied seq=55 phase=TURN_END
2026.09.27-14.10.25 HANDLE_APPLIED #84 seq=55 decision=1 fightersValid=1 boardValid=1
2026.09.27-14.10.25 MODE seq=55 mode=2 combat=0 pending=0
2026.09.27-14.10.25 HUD seq=55 phase=TURN_END turn=you hand=8 oppHand=7(hidden) oppDeck=10 deck=17 discard=5 pendingDiscard=1
2026.09.27-14.10.25 FIGHTERS synced n=6 alive=6 own=4 enemy=2
2026.09.27-14.10.25 WS seq=55 phase=TURN_END (merge)
2026.09.27-14.10.26 SHOT ctx viewport=1280x720 viewTarget=CameraActor_2147482375 cam=(0,1701,2429) rot=(-55,-90,0)
2026.09.27-14.10.26 SHOT fighter f-0-hero pos=(5,2) world=(-50,-250,0) screen=(607,226) projected=1 alive=1
2026.09.27-14.10.26 SHOT fighter f-0-sk0 pos=(3,3) world=(-250,-150,0) screen=(474,278) projected=1 alive=1
2026.09.27-14.10.26 SHOT fighter f-0-sk1 pos=(2,1) world=(-350,-350,0) screen=(416,176) projected=1 alive=1
2026.09.27-14.10.26 SHOT fighter f-0-sk2 pos=(1,2) world=(-450,-250,0) screen=(346,226) projected=1 alive=1
2026.09.27-14.10.26 SHOT fighter f-1-hero pos=(6,2) world=(50,-250,0) screen=(673,226) projected=1 alive=1
2026.09.27-14.10.26 SHOT fighter f-1-sk0 pos=(10,7) world=(450,250,0) screen=(964,507) projected=1 alive=1
2026.09.27-14.10.26 SHOT requested: FScreenshotRequest(bShowUI) -> C:\Users\ren\AppData\Local\Temp\s10-vsai-abort-20260927-190951-50504\human/s09-discard-open.png
2026.09.27-14.10.26 game -> room=cmujway7q00r2wiyk7p4m2sv3 code=<redacted> status=IN_PROGRESS
2026.09.27-14.10.26 S09AUTO drive mode=2 plan=[attack+scheme] phase=TURN_END turn=cmujwaupj00qkwiykpcf51nw5
2026.09.27-14.10.26 S09AUTO discard picks=1
2026.09.27-14.10.26 DISCARD-CONFIRM pending=discard:11:55 count=1 ids=cmujlbmcw00sswip07p3x0c49::1
2026.09.27-14.10.26 SNAPSHOT applied seq=56 phase=ACTION_MANEUVER
2026.09.27-14.10.26 HANDLE_APPLIED #85 seq=56 decision=2 fightersValid=1 boardValid=1
2026.09.27-14.10.26 closed mode=
2026.09.27-14.10.26 MODE seq=56 mode=0 combat=0 pending=0
2026.09.27-14.10.26 HUD seq=56 phase=ACTION_MANEUVER turn=opp hand=7 oppHand=7(hidden) oppDeck=10 deck=17 discard=6
2026.09.27-14.10.26 FIGHTERS synced n=6 alive=6 own=4 enemy=2
2026.09.27-14.10.26 DISCARD done seq=56 phase=ACTION_MANEUVER count=1
2026.09.27-14.10.26 SNAPSHOT applied seq=56 phase=ACTION_MANEUVER
2026.09.27-14.10.26 HANDLE_APPLIED #86 seq=56 decision=1 fightersValid=1 boardValid=1
2026.09.27-14.10.26 MODE seq=56 mode=0 combat=0 pending=0
2026.09.27-14.10.26 HUD seq=56 phase=ACTION_MANEUVER turn=opp hand=7 oppHand=7(hidden) oppDeck=10 deck=17 discard=6
2026.09.27-14.10.26 FIGHTERS synced n=6 alive=6 own=4 enemy=2
2026.09.27-14.10.26 WS seq=56 phase=ACTION_MANEUVER (merge)
2026.09.27-14.10.26 SNAPSHOT applied seq=57 phase=ACTION_MANEUVER
2026.09.27-14.10.26 HANDLE_APPLIED #87 seq=57 decision=2 fightersValid=1 boardValid=1
2026.09.27-14.10.26 MODE seq=57 mode=0 combat=0 pending=0
2026.09.27-14.10.26 HUD seq=57 phase=ACTION_MANEUVER turn=opp hand=7 oppHand=8(hidden) oppDeck=10~ deck=17~ discard=6
2026.09.27-14.10.26 FIGHTERS synced n=6 alive=6 own=4 enemy=2
2026.09.27-14.10.26 WS seq=57 phase=ACTION_MANEUVER (apply)
2026.09.27-14.10.26 SNAPSHOT applied seq=58 phase=ACTION_MANEUVER
2026.09.27-14.10.26 HANDLE_APPLIED #88 seq=58 decision=2 fightersValid=1 boardValid=1
2026.09.27-14.10.26 MODE seq=58 mode=0 combat=0 pending=0
2026.09.27-14.10.26 HUD seq=58 phase=ACTION_MANEUVER turn=opp hand=7 oppHand=8(hidden) oppDeck=10~ deck=17~ discard=6
2026.09.27-14.10.26 FIGHTERS synced n=6 alive=6 own=4 enemy=2
2026.09.27-14.10.26 WS seq=58 phase=ACTION_MANEUVER (apply)
2026.09.27-14.10.26 SNAPSHOT applied seq=59 phase=ACTION_MANEUVER
2026.09.27-14.10.26 HANDLE_APPLIED #89 seq=59 decision=2 fightersValid=1 boardValid=1
2026.09.27-14.10.26 MODE seq=59 mode=0 combat=0 pending=0
2026.09.27-14.10.26 HUD seq=59 phase=ACTION_MANEUVER turn=opp hand=7 oppHand=9(hidden) oppDeck=10~ deck=17~ discard=6
2026.09.27-14.10.26 FIGHTERS synced n=6 alive=6 own=4 enemy=2
2026.09.27-14.10.26 WS seq=59 phase=ACTION_MANEUVER (apply)
2026.09.27-14.10.26 SNAPSHOT applied seq=60 phase=TURN_END
2026.09.27-14.10.26 HANDLE_APPLIED #90 seq=60 decision=2 fightersValid=1 boardValid=1
2026.09.27-14.10.26 MODE seq=60 mode=0 combat=0 pending=0
2026.09.27-14.10.26 HUD seq=60 phase=TURN_END turn=opp hand=7 oppHand=10(hidden) oppDeck=10~ deck=17~ discard=6 pendingDiscard=3
2026.09.27-14.10.26 FIGHTERS synced n=6 alive=6 own=4 enemy=2
2026.09.27-14.10.26 WS seq=60 phase=TURN_END (apply)
2026.09.27-14.10.26 SNAPSHOT applied seq=61 phase=ACTION_MANEUVER
2026.09.27-14.10.26 HANDLE_APPLIED #91 seq=61 decision=2 fightersValid=1 boardValid=1
2026.09.27-14.10.26 MODE seq=61 mode=0 combat=0 pending=0
2026.09.27-14.10.26 HUD seq=61 phase=ACTION_MANEUVER turn=you hand=7 oppHand=7(hidden) oppDeck=10~ deck=17~ discard=6
2026.09.27-14.10.26 FIGHTERS synced n=6 alive=6 own=4 enemy=2
2026.09.27-14.10.26 WS seq=61 phase=ACTION_MANEUVER (apply)
2026.09.27-14.10.27 S09AUTO drive mode=0 plan=[attack+scheme] phase=ACTION_MANEUVER turn=cmujwaupj00qkwiykpcf51nw5
2026.09.27-14.10.27 S09AUTO own turn #6 (turnCount=13)
2026.09.27-14.10.27 S09AUTO attack deferred - no may-boost card in hand (turn#6 elapsed=34s)
2026.09.27-14.10.27 SNAPSHOT applied seq=62 phase=ACTION_MANEUVER
2026.09.27-14.10.27 HANDLE_APPLIED #92 seq=62 decision=2 fightersValid=1 boardValid=1
2026.09.27-14.10.27 MANEUVER-DRAFT mode=maneuver:13:61
2026.09.27-14.10.27 DRAFT-OPEN draw committed (resume instead of begin)
2026.09.27-14.10.27 MODE seq=62 mode=1 combat=0 pending=0
2026.09.27-14.10.27 HUD seq=62 phase=ACTION_MANEUVER turn=you hand=8 oppHand=7(hidden) oppDeck=7 deck=16 discard=6
2026.09.27-14.10.27 FIGHTERS synced n=6 alive=6 own=4 enemy=2
2026.09.27-14.10.27 MANEUVER begin seq=62 (apply) pending=maneuver:13:61
2026.09.27-14.10.27 SNAPSHOT applied seq=62 phase=ACTION_MANEUVER
2026.09.27-14.10.27 HANDLE_APPLIED #93 seq=62 decision=1 fightersValid=1 boardValid=1
2026.09.27-14.10.27 MODE seq=62 mode=1 combat=0 pending=0
2026.09.27-14.10.27 HUD seq=62 phase=ACTION_MANEUVER turn=you hand=8 oppHand=7(hidden) oppDeck=7 deck=16 discard=6
2026.09.27-14.10.27 FIGHTERS synced n=6 alive=6 own=4 enemy=2
2026.09.27-14.10.27 WS seq=62 phase=ACTION_MANEUVER (merge)
2026.09.27-14.10.27 S09AUTO drive mode=1 plan=[attack+scheme] phase=ACTION_MANEUVER turn=cmujwaupj00qkwiykpcf51nw5
2026.09.27-14.10.27 MANEUVER-CONFIRM moves=1 boost=none
2026.09.27-14.10.27 SNAPSHOT applied seq=63 phase=ACTION_MANEUVER
2026.09.27-14.10.27 HANDLE_APPLIED #94 seq=63 decision=2 fightersValid=1 boardValid=1
2026.09.27-14.10.27 closed mode=
2026.09.27-14.10.27 MODE seq=63 mode=0 combat=0 pending=0
2026.09.27-14.10.27 HUD seq=63 phase=ACTION_MANEUVER turn=you hand=8 oppHand=7(hidden) oppDeck=7 deck=16 discard=6
2026.09.27-14.10.27 FIGHTERS synced n=6 alive=6 own=4 enemy=2
2026.09.27-14.10.27 CUE move f-0-hero (5,2)->(4,2) seq=63
2026.09.27-14.10.27 MANEUVER done seq=63 (apply) fighters=6 boost=no
2026.09.27-14.10.27 SNAPSHOT applied seq=63 phase=ACTION_MANEUVER
2026.09.27-14.10.27 HANDLE_APPLIED #95 seq=63 decision=1 fightersValid=1 boardValid=1
2026.09.27-14.10.27 MODE seq=63 mode=0 combat=0 pending=0
2026.09.27-14.10.27 HUD seq=63 phase=ACTION_MANEUVER turn=you hand=8 oppHand=7(hidden) oppDeck=7 deck=16 discard=6
2026.09.27-14.10.27 FIGHTERS synced n=6 alive=6 own=4 enemy=2
2026.09.27-14.10.27 WS seq=63 phase=ACTION_MANEUVER (merge)
2026.09.27-14.10.28 S09AUTO drive mode=0 plan=[attack+scheme] phase=ACTION_MANEUVER turn=cmujwaupj00qkwiykpcf51nw5
2026.09.27-14.10.28 S09AUTO attack deferred - no may-boost card in hand (turn#6 elapsed=36s)
2026.09.27-14.10.28 SNAPSHOT applied seq=64 phase=ACTION_MANEUVER
2026.09.27-14.10.28 HANDLE_APPLIED #96 seq=64 decision=2 fightersValid=1 boardValid=1
2026.09.27-14.10.28 MANEUVER-DRAFT mode=maneuver:13:63
2026.09.27-14.10.28 DRAFT-OPEN draw committed (resume instead of begin)
2026.09.27-14.10.28 MODE seq=64 mode=1 combat=0 pending=0
2026.09.27-14.10.28 HUD seq=64 phase=ACTION_MANEUVER turn=you hand=9 oppHand=7(hidden) oppDeck=7 deck=15 discard=6
2026.09.27-14.10.28 FIGHTERS synced n=6 alive=6 own=4 enemy=2
2026.09.27-14.10.28 MANEUVER begin seq=64 (apply) pending=maneuver:13:63
2026.09.27-14.10.28 SNAPSHOT applied seq=64 phase=ACTION_MANEUVER
2026.09.27-14.10.28 HANDLE_APPLIED #97 seq=64 decision=1 fightersValid=1 boardValid=1
2026.09.27-14.10.28 MODE seq=64 mode=1 combat=0 pending=0
2026.09.27-14.10.28 HUD seq=64 phase=ACTION_MANEUVER turn=you hand=9 oppHand=7(hidden) oppDeck=7 deck=15 discard=6
2026.09.27-14.10.28 FIGHTERS synced n=6 alive=6 own=4 enemy=2
2026.09.27-14.10.28 WS seq=64 phase=ACTION_MANEUVER (merge)
2026.09.27-14.10.28 S09AUTO drive mode=1 plan=[attack+scheme] phase=ACTION_MANEUVER turn=cmujwaupj00qkwiykpcf51nw5
2026.09.27-14.10.28 MANEUVER-CONFIRM moves=1 boost=none
2026.09.27-14.10.29 SNAPSHOT applied seq=65 phase=TURN_END
2026.09.27-14.10.29 HANDLE_APPLIED #98 seq=65 decision=2 fightersValid=1 boardValid=1
2026.09.27-14.10.29 DISCARD-DRAFT count=2 pending=discard:13:65
2026.09.27-14.10.29 MODE seq=65 mode=2 combat=0 pending=0
2026.09.27-14.10.29 HUD seq=65 phase=TURN_END turn=you hand=9 oppHand=7(hidden) oppDeck=7 deck=15 discard=6 pendingDiscard=2
2026.09.27-14.10.29 FIGHTERS synced n=6 alive=6 own=4 enemy=2
2026.09.27-14.10.29 CUE move f-0-hero (4,2)->(5,2) seq=65
2026.09.27-14.10.29 MANEUVER done seq=65 (apply) fighters=6 boost=no
2026.09.27-14.10.29 SNAPSHOT applied seq=65 phase=TURN_END
2026.09.27-14.10.29 HANDLE_APPLIED #99 seq=65 decision=1 fightersValid=1 boardValid=1
2026.09.27-14.10.29 MODE seq=65 mode=2 combat=0 pending=0
2026.09.27-14.10.29 HUD seq=65 phase=TURN_END turn=you hand=9 oppHand=7(hidden) oppDeck=7 deck=15 discard=6 pendingDiscard=2
2026.09.27-14.10.29 FIGHTERS synced n=6 alive=6 own=4 enemy=2
2026.09.27-14.10.29 WS seq=65 phase=TURN_END (merge)
2026.09.27-14.10.29 game -> room=cmujway7q00r2wiyk7p4m2sv3 code=<redacted> status=IN_PROGRESS
2026.09.27-14.10.30 S09AUTO drive mode=2 plan=[attack+scheme] phase=TURN_END turn=cmujwaupj00qkwiykpcf51nw5
2026.09.27-14.10.30 S09AUTO discard picks=2
2026.09.27-14.10.30 DISCARD-CONFIRM pending=discard:13:65 count=2 ids=cmujlbmcz00swwip072px8g30::1,cmujlbmcz00swwip072px8g30::0
2026.09.27-14.10.30 SNAPSHOT applied seq=66 phase=ACTION_MANEUVER
2026.09.27-14.10.30 HANDLE_APPLIED #100 seq=66 decision=2 fightersValid=1 boardValid=1
2026.09.27-14.10.30 closed mode=
2026.09.27-14.10.30 MODE seq=66 mode=0 combat=0 pending=0
2026.09.27-14.10.30 HUD seq=66 phase=ACTION_MANEUVER turn=opp hand=7 oppHand=7(hidden) oppDeck=7 deck=15 discard=8
2026.09.27-14.10.30 FIGHTERS synced n=6 alive=6 own=4 enemy=2
2026.09.27-14.10.30 DISCARD done seq=66 phase=ACTION_MANEUVER count=2
2026.09.27-14.10.30 SNAPSHOT applied seq=66 phase=ACTION_MANEUVER
2026.09.27-14.10.30 HANDLE_APPLIED #101 seq=66 decision=1 fightersValid=1 boardValid=1
2026.09.27-14.10.30 MODE seq=66 mode=0 combat=0 pending=0
2026.09.27-14.10.30 HUD seq=66 phase=ACTION_MANEUVER turn=opp hand=7 oppHand=7(hidden) oppDeck=7 deck=15 discard=8
2026.09.27-14.10.30 FIGHTERS synced n=6 alive=6 own=4 enemy=2
2026.09.27-14.10.30 WS seq=66 phase=ACTION_MANEUVER (merge)
2026.09.27-14.10.30 SNAPSHOT applied seq=67 phase=ACTION_MANEUVER
2026.09.27-14.10.30 HANDLE_APPLIED #102 seq=67 decision=2 fightersValid=1 boardValid=1
2026.09.27-14.10.30 MODE seq=67 mode=0 combat=0 pending=0
2026.09.27-14.10.30 HUD seq=67 phase=ACTION_MANEUVER turn=opp hand=7 oppHand=8(hidden) oppDeck=7~ deck=15~ discard=8
2026.09.27-14.10.30 FIGHTERS synced n=6 alive=6 own=4 enemy=2
2026.09.27-14.10.30 WS seq=67 phase=ACTION_MANEUVER (apply)
2026.09.27-14.10.30 SNAPSHOT applied seq=68 phase=ACTION_MANEUVER
2026.09.27-14.10.30 HANDLE_APPLIED #103 seq=68 decision=2 fightersValid=1 boardValid=1
2026.09.27-14.10.30 MODE seq=68 mode=0 combat=0 pending=0
2026.09.27-14.10.30 HUD seq=68 phase=ACTION_MANEUVER turn=opp hand=7 oppHand=8(hidden) oppDeck=7~ deck=15~ discard=8
2026.09.27-14.10.30 FIGHTERS synced n=6 alive=6 own=4 enemy=2
2026.09.27-14.10.30 WS seq=68 phase=ACTION_MANEUVER (apply)
2026.09.27-14.10.30 SNAPSHOT applied seq=69 phase=ACTION_MANEUVER
2026.09.27-14.10.30 HANDLE_APPLIED #104 seq=69 decision=2 fightersValid=1 boardValid=1
2026.09.27-14.10.30 MODE seq=69 mode=0 combat=0 pending=0
2026.09.27-14.10.30 HUD seq=69 phase=ACTION_MANEUVER turn=opp hand=7 oppHand=9(hidden) oppDeck=7~ deck=15~ discard=8
2026.09.27-14.10.30 FIGHTERS synced n=6 alive=6 own=4 enemy=2
2026.09.27-14.10.30 WS seq=69 phase=ACTION_MANEUVER (apply)
2026.09.27-14.10.30 SNAPSHOT applied seq=70 phase=TURN_END
2026.09.27-14.10.30 HANDLE_APPLIED #105 seq=70 decision=2 fightersValid=1 boardValid=1
2026.09.27-14.10.30 MODE seq=70 mode=0 combat=0 pending=0
2026.09.27-14.10.30 HUD seq=70 phase=TURN_END turn=opp hand=7 oppHand=10(hidden) oppDeck=7~ deck=15~ discard=8 pendingDiscard=3
2026.09.27-14.10.30 FIGHTERS synced n=6 alive=6 own=4 enemy=2
2026.09.27-14.10.30 WS seq=70 phase=TURN_END (apply)
2026.09.27-14.10.30 SNAPSHOT applied seq=71 phase=ACTION_MANEUVER
2026.09.27-14.10.30 HANDLE_APPLIED #106 seq=71 decision=2 fightersValid=1 boardValid=1
2026.09.27-14.10.30 MODE seq=71 mode=0 combat=0 pending=0
2026.09.27-14.10.30 HUD seq=71 phase=ACTION_MANEUVER turn=you hand=7 oppHand=7(hidden) oppDeck=7~ deck=15~ discard=8
2026.09.27-14.10.30 FIGHTERS synced n=6 alive=6 own=4 enemy=2
2026.09.27-14.10.30 WS seq=71 phase=ACTION_MANEUVER (apply)
2026.09.27-14.10.31 S09AUTO drive mode=0 plan=[attack+scheme] phase=ACTION_MANEUVER turn=cmujwaupj00qkwiykpcf51nw5
2026.09.27-14.10.31 S09AUTO own turn #7 (turnCount=15)
2026.09.27-14.10.31 S09AUTO attack deferred - no may-boost card in hand (turn#7 elapsed=38s)
2026.09.27-14.10.31 S09AUTO scheme
2026.09.27-14.10.31 SCHEME failed: Game status is ABORTED. Required: IN_PROGRESS
2026.09.27-14.10.32 game -> room=cmujway7q00r2wiyk7p4m2sv3 code=<redacted> status=ABORTED
2026.09.27-14.10.32 ROOM aborted: the live match was interrupted - input disabled, leave remains
2026.09.27-14.10.32 S10ABORTPROOF authoritative ABORTED row - interruption screen (no victory/defeat is declared)
2026.09.27-14.10.34 S10ABORTPROOF aborted-screen shot (interruption panel painted)
2026.09.27-14.10.34 SHOT ctx viewport=1280x720 viewTarget=CameraActor_2147482375 cam=(0,1701,2429) rot=(-55,-90,0)
2026.09.27-14.10.34 SHOT fighter f-0-hero pos=(5,2) world=(-50,-250,0) screen=(607,226) projected=1 alive=1
2026.09.27-14.10.34 SHOT fighter f-0-sk0 pos=(3,3) world=(-250,-150,0) screen=(474,278) projected=1 alive=1
2026.09.27-14.10.34 SHOT fighter f-0-sk1 pos=(2,1) world=(-350,-350,0) screen=(416,176) projected=1 alive=1
2026.09.27-14.10.34 SHOT fighter f-0-sk2 pos=(1,2) world=(-450,-250,0) screen=(346,226) projected=1 alive=1
2026.09.27-14.10.34 SHOT fighter f-1-hero pos=(6,2) world=(50,-250,0) screen=(673,226) projected=1 alive=1
2026.09.27-14.10.34 SHOT fighter f-1-sk0 pos=(10,7) world=(450,250,0) screen=(964,507) projected=1 alive=1
2026.09.27-14.10.34 SHOT requested: FScreenshotRequest(bShowUI) -> C:\Users\ren\AppData\Local\Temp\s10-vsai-abort-20260927-190951-50504\human/s10-aborted-screen.png
2026.09.27-14.10.34 S10ABORTPROOF leave sent (one leaveGame - the ONLY command after the abort)
2026.09.27-14.10.34 LEFT room=cmujway7q00r2wiyk7p4m2sv3
2026.09.27-14.10.34 GAMEPLAY HUD cleared (left Started)
2026.09.27-14.10.34 STREAM torn down (left match)
2026.09.27-14.10.36 S10ABORTPROOF aborted-lobby shot (board torn down by the stage transition)
2026.09.27-14.10.36 SHOT ctx viewport=1280x720 viewTarget=CameraActor_2147482375 cam=(0,1701,2429) rot=(-55,-90,0)
2026.09.27-14.10.36 SHOT requested: FScreenshotRequest(bShowUI) -> C:\Users\ren\AppData\Local\Temp\s10-vsai-abort-20260927-190951-50504\human/s10-aborted-lobby.png
2026.09.27-14.10.36 S10ABORTPROOF complete (ABORTED screen -> one leaveGame -> clean lobby) - exiting
2026.09.27-14.10.36 --- S08 trace close ---
