2026.09.29-05.25.19 --- S08 trace open 2026.09.29-05.25.19 ---
2026.09.29-05.25.19 HUD icon texture size=32 ready=1 path=/Game/ArtTests/ARTMarkers/Textures/T_UI_Action_Attack_32 texture=32x32 probe=0 plate=1
2026.09.29-05.25.19 HUD alternate config periodS=3.0 startAt=34.0 first=umg
2026.09.29-05.25.19 HUD art widget plate impl=umg source=/Game/S08/UI/ArtHud/WBP_S08ArtPlate class=/Game/S08/UI/ArtHud/WBP_S08ArtPlate.WBP_S08ArtPlate_C parts=1 missing=- codeDefaultTree=0
2026.09.29-05.25.19 HUD art widget icon impl=umg source=/Game/S08/UI/ArtHud/WBP_S08ArtIcon class=/Game/S08/UI/ArtHud/WBP_S08ArtIcon.WBP_S08ArtIcon_C parts=1 missing=- codeDefaultTree=0
2026.09.29-05.25.19 RENDER preset applied=High flag=S08RenderPreset
2026.09.29-05.25.19 LOGIN ok user=art-preview-joiner
2026.09.29-05.25.22 HEROES loaded 84
2026.09.29-05.25.22 CODE resolved -> cmum8fwwx00ulwilktdapieom
2026.09.29-05.25.22 joinGame -> room=cmum8fwwx00ulwilktdapieom code=<redacted> status=LOBBY
2026.09.29-05.25.24 PERF config tMaxFPS=30.0 frameRateLimit=60.0 vsync=0 smoothFrameRate=0 fixedFrameRate=0 rhi=D3D12
2026.09.29-05.25.24 RENDER tag=PERF rhi=D3D12 featureLevel=SM6 shaderPlatform=PCD3D_SM6 lumenPlatform=1 gi=lumen giMethod=1 refl=lumen reflMethod=1 shadows=csm vsmEnable=0 sg.res=100 sg.view=2 sg.aa=2 sg.shadow=2 sg.gi=2 sg.refl=2 sg.pp=2 sg.tex=2 sg.fx=2 sg.foliage=2 sg.shading=2 sg.landscape=2 preset=High screenPct=100.0 screenPctMode=0 aa=TSR aaMethod=4 exposure=engine-default expMin=1.00000 expMax=1.00000 expBias=1.000 ev100=0.00 lightUnits=- sky=0 skyIntensity=0.000 keyShadow=- shadowCasters=0 profile=- profilesSha256=- profilesSource=- legacyRender=0 gameLayer=unlit-eyeadaptinv tMaxFPS=30.0 vsync=0 frameRateLimit=60.0 substrate=0 nanite=1 meshDF=1 viewport=1920x1080 reference=0 notReference=noArtProfile,exposure,lightUnits,profilesSource
2026.09.29-05.25.24 PERF window t=0.0-5.1 frames=150 fps=29.65 frameMs avg=33.73 p50=33.33 p95=34.68 p99=43.93 max=46.63 hitches50=0 gpuMs avg=1.28 p50=1.30 p95=1.44 gameMs avg=2.43 p95=3.07 renderMs avg=2869.76 p95=5.72
2026.09.29-05.25.25 game -> room=cmum8fwwx00ulwilktdapieom code=<redacted> status=LOBBY
2026.09.29-05.25.25 selectHero -> room=cmum8fwwx00ulwilktdapieom code=<redacted> status=LOBBY
2026.09.29-05.25.28 game -> room=cmum8fwwx00ulwilktdapieom code=<redacted> status=LOBBY
2026.09.29-05.25.28 toggleReady -> room=cmum8fwwx00ulwilktdapieom code=<redacted> status=LOBBY
2026.09.29-05.25.29 PERF window t=5.1-10.1 frames=150 fps=29.82 frameMs avg=33.53 p50=33.33 p95=34.12 p99=37.26 max=42.41 hitches50=0 gpuMs avg=1.30 p50=1.29 p95=1.38 gameMs avg=2.03 p95=3.62 renderMs avg=4.15 p95=5.36
2026.09.29-05.25.31 game -> room=cmum8fwwx00ulwilktdapieom code=<redacted> status=LOBBY
2026.09.29-05.25.34 PERF window t=10.1-15.1 frames=150 fps=29.87 frameMs avg=33.48 p50=33.33 p95=34.30 p99=36.79 max=37.47 hitches50=0 gpuMs avg=1.33 p50=1.31 p95=1.45 gameMs avg=2.16 p95=4.61 renderMs avg=3.93 p95=5.17
2026.09.29-05.25.34 game -> room=cmum8fwwx00ulwilktdapieom code=<redacted> status=IN_PROGRESS
2026.09.29-05.25.34 WS DROPPED (test-initiated transport loss)
2026.09.29-05.25.34 WS closed (test drop) - reconnect in 1s
2026.09.29-05.25.34 SNAPSHOT applied seq=1 phase=ACTION_MANEUVER
2026.09.29-05.25.34 HANDLE_APPLIED #1 seq=1 decision=2 fightersValid=1 boardValid=1
2026.09.29-05.25.34 MODE seq=1 mode=0 combat=0 pending=0
2026.09.29-05.25.34 HUD seq=1 phase=ACTION_MANEUVER turn=opp hand=5 oppHand=5(hidden) oppDeck=25 deck=25 discard=0
2026.09.29-05.25.34 ARTPREVIEW board profiles loaded=1 revision=2 boards=3 zoneStyles=11 lightProfiles=3 errors=0 path=Config/ArtBoards/S08ArtBoardProfiles.json
2026.09.29-05.25.34 ARTPREVIEW board profiles source=pak sha256=91ea86be522212fc770a33e3c9ac66f1cfde90c720c609bdc6bd29589965eaa5
2026.09.29-05.25.34 ARTPREVIEW game layer material=M_S08_GameLayerUnlit unlitEyeAdaptInv=1 legacyRender=0
2026.09.29-05.25.34 ARTPREVIEW Cobble assets ready
2026.09.29-05.25.34 ARTPREVIEW board assets ready cobbleMesh=1 tiles=1 zoneMaterials=2
2026.09.29-05.25.34 ARTPREVIEW medusa candidate variant=face-neck-v2 mesh=SK_Medusa_FaceNeck_v2Candidate requested=face-neck-v2
2026.09.29-05.25.34 ARTPREVIEW board profile=cobble-city match=boardId board=5x6 boardId=cmuhgs4b2001mwik4f2b2xtf8 surface=cobble-5x6-mesh light=cobble-probe artFixture=0
2026.09.29-05.25.34 ARTPREVIEW light profile=cobble-probe name=key role=key kind=directional at=(-350,-150,600) intensity=4.5 units=lux radius=0 color=(1.00,1.00,1.00) shadow=1
2026.09.29-05.25.34 ARTPREVIEW light profile=cobble-probe name=warm role=warm kind=point at=(260,-300,250) intensity=85 units=candelas radius=450 color=(1.00,1.00,1.00) shadow=0
2026.09.29-05.25.34 ARTPREVIEW sky profile=cobble-probe cubemap=/Game/S08/Render/TC_S08_AmbientDome loaded=1 spawned=1 intensity=11.2 color=(1.00,1.00,1.00) lowerBlack=0
2026.09.29-05.25.34 ARTPREVIEW exposure profile=cobble-probe method=histogram-fixed min=2.46229 max=2.46229 bias=0.000 ev100=1.30 volume=1
2026.09.29-05.25.34 ARTPREVIEW lights applied profile=cobble-probe directional=1 shadow=1 points=1 pointShadows=0 budgetOk=1
2026.09.29-05.25.34 ARTPREVIEW render profile=cobble-probe units=candelas sky=1 exposure=1 keyShadow=csm-3000uu-2c-contact0.000 shadowCasters=1 legacyRender=0
2026.09.29-05.25.34 ARTPREVIEW Cobble probe lights key=4.5 fill=0 warm=85
2026.09.29-05.25.34 ARTPREVIEW Cobble active 5x6 zones=30 blue=15 red=15 blueMarks=15 redMarks=45
2026.09.29-05.25.34 ARTPREVIEW board active profile=cobble-city 5x6 surface=cobble-5x6-mesh cells=30 zoneCells=30 multizone=0 triple=0 obstacles=0 zoneKeys=2 strokes=60 glyphs=45 surfaceParts=0 glyphMaterial=zone expectOk=1
2026.09.29-05.25.34 ARTPREVIEW board zone key=blue cells=15 stroke=solid glyph=diamond color=#3B78D8 ismUsage=1 strokePieces=15 glyphPieces=15 fallback=0
2026.09.29-05.25.34 ARTPREVIEW board zone key=red cells=15 stroke=dash3 glyph=bars2 color=#D8453B ismUsage=1 strokePieces=45 glyphPieces=30 fallback=0
2026.09.29-05.25.34 ARTPREVIEW board multizone cells=0 zonesListed=0 zonesMarked=0
2026.09.29-05.25.34 CAMERA dist=1931 loc=(0,1107,1582) pitch=-55 yaw=-90
2026.09.29-05.25.34 CAMERA config overview=1930.8 nearest=300.0 farthest=2970.4 zoomRange=0.65-6.44 minDist=300.0 outRatio=0.650 step=1.250 animMs=200 returnMs=300 followFrom=1.20 source=defaults issues=0
2026.09.29-05.25.34 BOARD 5x6 cells | control points: (0,0)=(-200,-250,0) (4,5)=(200,250,0) | neighbor pair (dist 100 uu)
2026.09.29-05.25.34 ARTPREVIEW click capsule fighter=f-0-hero mesh=SK_Medusa_FaceNeck_v2Candidate physicsAsset=0 radius=12.5 halfHeight=27.5 top=55.0 bodyCollision=0 source=meshBounds
2026.09.29-05.25.34 ARTPREVIEW fighter=Medusa hero=1 eligible=1 visual=1 mesh=SK_Medusa_FaceNeck_v2Candidate
2026.09.29-05.25.34 ARTPREVIEW click capsule fighter=f-0-sk0 mesh=SM_ART003_Harpy physicsAsset=0 radius=20.0 halfHeight=21.0 top=42.0 bodyCollision=0 source=meshBounds
2026.09.29-05.25.34 ARTPREVIEW click capsule fighter=f-0-sk1 mesh=SM_ART003_Harpy physicsAsset=0 radius=20.0 halfHeight=21.0 top=42.0 bodyCollision=0 source=meshBounds
2026.09.29-05.25.34 ARTPREVIEW click capsule fighter=f-0-sk2 mesh=SM_ART003_Harpy physicsAsset=0 radius=20.0 halfHeight=21.0 top=42.0 bodyCollision=0 source=meshBounds
2026.09.29-05.25.34 ARTPREVIEW click capsule fighter=f-1-hero mesh=SM_ART003_Arthur physicsAsset=0 radius=17.8 halfHeight=28.0 top=56.0 bodyCollision=0 source=meshBounds
2026.09.29-05.25.34 ARTPREVIEW click capsule fighter=f-1-sk0 mesh=SM_ART003_Merlin physicsAsset=0 radius=14.7 halfHeight=30.8 top=61.5 bodyCollision=0 source=meshBounds
2026.09.29-05.25.34 FIGHTERS synced n=6 alive=6 own=2 enemy=4
2026.09.29-05.25.34 STATE seq=1 -> apply
2026.09.29-05.25.34 WS closed 1000 (normal closure)
2026.09.29-05.25.34 HUD art layer plate=1 iconSize=32 iconTexture=1 iconProbe=0 plan=0
2026.09.29-05.25.34 HUD art impl=alternate plateViews=umg:/Game/S08/UI/ArtHud/WBP_S08ArtPlate,slate:slate iconViews=umg:/Game/S08/UI/ArtHud/WBP_S08ArtIcon,slate:slate textTable=S08ArtHud entries=13 missingKeys=0
2026.09.29-05.25.35 WS reconnect attempt
2026.09.29-05.25.35 SUBSCRIBED gameStateUpdated since=1
2026.09.29-05.25.35 WS reconnected - refetching gameState
2026.09.29-05.25.35 SNAPSHOT applied seq=1 phase=ACTION_MANEUVER
2026.09.29-05.25.35 HANDLE_APPLIED #2 seq=1 decision=1 fightersValid=1 boardValid=1
2026.09.29-05.25.35 MODE seq=1 mode=0 combat=0 pending=0
2026.09.29-05.25.35 HUD seq=1 phase=ACTION_MANEUVER turn=opp hand=5 oppHand=5(hidden) oppDeck=25 deck=25 discard=0
2026.09.29-05.25.35 ARTPREVIEW fighter=Medusa hero=1 eligible=1 visual=1 mesh=SK_Medusa_FaceNeck_v2Candidate
2026.09.29-05.25.35 FIGHTERS synced n=6 alive=6 own=2 enemy=4
2026.09.29-05.25.35 STATE seq=1 -> merge
2026.09.29-05.25.35 SNAPSHOT applied seq=1 phase=ACTION_MANEUVER
2026.09.29-05.25.35 HANDLE_APPLIED #3 seq=1 decision=1 fightersValid=1 boardValid=1
2026.09.29-05.25.35 MODE seq=1 mode=0 combat=0 pending=0
2026.09.29-05.25.35 HUD seq=1 phase=ACTION_MANEUVER turn=opp hand=5 oppHand=5(hidden) oppDeck=25 deck=25 discard=0
2026.09.29-05.25.35 ARTPREVIEW fighter=Medusa hero=1 eligible=1 visual=1 mesh=SK_Medusa_FaceNeck_v2Candidate
2026.09.29-05.25.35 FIGHTERS synced n=6 alive=6 own=2 enemy=4
2026.09.29-05.25.35 WS seq=1 phase=ACTION_MANEUVER (merge)
2026.09.29-05.25.37 game -> room=cmum8fwwx00ulwilktdapieom code=<redacted> status=IN_PROGRESS
2026.09.29-05.25.39 PERF window t=15.1-20.1 frames=147 fps=29.35 frameMs avg=34.07 p50=33.33 p95=37.66 p99=47.09 max=74.54 hitches50=1 gpuMs avg=1.90 p50=1.88 p95=2.17 gameMs avg=2.33 p95=4.09 renderMs avg=5.62 p95=6.82
2026.09.29-05.25.40 game -> room=cmum8fwwx00ulwilktdapieom code=<redacted> status=IN_PROGRESS
2026.09.29-05.25.43 game -> room=cmum8fwwx00ulwilktdapieom code=<redacted> status=IN_PROGRESS
2026.09.29-05.25.44 PERF window t=20.1-25.1 frames=149 fps=29.69 frameMs avg=33.68 p50=33.34 p95=34.83 p99=39.78 max=47.06 hitches50=0 gpuMs avg=1.91 p50=1.87 p95=2.12 gameMs avg=1.95 p95=3.14 renderMs avg=5.14 p95=6.86
2026.09.29-05.25.46 game -> room=cmum8fwwx00ulwilktdapieom code=<redacted> status=IN_PROGRESS
2026.09.29-05.25.49 SHOT ctx viewport=1920x1080 viewTarget=CameraActor_2147482364 cam=(0,1107,1582) rot=(-55,-90,0)
2026.09.29-05.25.49 RENDER tag=SHOT rhi=D3D12 featureLevel=SM6 shaderPlatform=PCD3D_SM6 lumenPlatform=1 gi=lumen giMethod=1 refl=lumen reflMethod=1 shadows=csm vsmEnable=0 sg.res=100 sg.view=2 sg.aa=2 sg.shadow=2 sg.gi=2 sg.refl=2 sg.pp=2 sg.tex=2 sg.fx=2 sg.foliage=2 sg.shading=2 sg.landscape=2 preset=High screenPct=100.0 screenPctMode=0 aa=TSR aaMethod=4 exposure=fixed-histogram expMin=2.46229 expMax=2.46229 expBias=0.000 ev100=1.30 lightUnits=candelas sky=1 skyIntensity=11.200 keyShadow=csm-3000uu-2c-contact0.000 shadowCasters=1 profile=cobble-probe profilesSha256=91ea86be522212fc770a33e3c9ac66f1cfde90c720c609bdc6bd29589965eaa5 profilesSource=pak legacyRender=0 gameLayer=unlit-eyeadaptinv tMaxFPS=30.0 vsync=0 frameRateLimit=60.0 substrate=0 nanite=1 meshDF=1 viewport=1920x1080 reference=1
2026.09.29-05.25.49 SHOT fighter f-0-hero pos=(2,2) world=(0,-50,0) screen=(960,476) projected=1 alive=1
2026.09.29-05.25.49 SHOT fighter f-0-sk0 pos=(3,2) world=(100,-50,0) screen=(1115,476) projected=1 alive=1
2026.09.29-05.25.49 SHOT fighter f-0-sk1 pos=(2,1) world=(0,-150,0) screen=(960,355) projected=1 alive=1
2026.09.29-05.25.49 SHOT fighter f-0-sk2 pos=(1,2) world=(-100,-50,0) screen=(805,476) projected=1 alive=1
2026.09.29-05.25.49 SHOT fighter f-1-hero pos=(2,3) world=(0,50,0) screen=(960,606) projected=1 alive=1
2026.09.29-05.25.49 SHOT fighter f-1-sk0 pos=(3,3) world=(100,50,0) screen=(1120,606) projected=1 alive=1
2026.09.29-05.25.49 SHOT camera dist=1930.8 target=1930.8 overview=1930.8 errPct=0.000 focusErr=0.00 settled=1 zoom=1.00
2026.09.29-05.25.49 SHOT head fighter=f-0-hero socket=Head mesh=SK_Medusa_FaceNeck_v2Candidate world=(0.0,-46.0,38.5) screen=(960.0,445.5) top=(960.0,439.8) bottom=(960.0,451.2) headPx=11.4 projected=1
2026.09.29-05.25.49 SHOT label fighter=f-0-hero mode=full bbox=(916,381,1004,414)
2026.09.29-05.25.49 SHOT label fighter=f-0-sk0 mode=full bbox=(1072,399,1169,428)
2026.09.29-05.25.49 SHOT label fighter=f-0-sk1 mode=full bbox=(914,276,1006,305)
2026.09.29-05.25.49 SHOT label fighter=f-0-sk2 mode=full bbox=(751,399,848,428)
2026.09.29-05.25.49 SHOT label fighter=f-1-hero mode=full bbox=(913,517,1007,545)
2026.09.29-05.25.49 SHOT label fighter=f-1-sk0 mode=full bbox=(1088,529,1162,558)
2026.09.29-05.25.49 SHOT requested: FScreenshotRequest(bShowUI) -> C:\Users\ren\AppData\Local\Temp\s08-phase2-20260929-102509-1680\phase2-board-joiner-1920x1080.png
2026.09.29-05.25.49 PERF window t=25.1-30.2 frames=146 fps=29.07 frameMs avg=34.40 p50=33.33 p95=34.74 p99=49.09 max=128.27 hitches50=1 gpuMs avg=1.89 p50=1.86 p95=2.11 gameMs avg=1.98 p95=3.37 renderMs avg=4.76 p95=6.83
2026.09.29-05.25.49 game -> room=cmum8fwwx00ulwilktdapieom code=<redacted> status=IN_PROGRESS
2026.09.29-05.25.52 game -> room=cmum8fwwx00ulwilktdapieom code=<redacted> status=IN_PROGRESS
2026.09.29-05.25.54 PERF window t=30.2-35.2 frames=150 fps=29.83 frameMs avg=33.52 p50=33.33 p95=33.88 p99=39.52 max=41.34 hitches50=0 gpuMs avg=1.90 p50=1.86 p95=2.16 gameMs avg=2.48 p95=2.79 renderMs avg=4.94 p95=7.09
2026.09.29-05.25.55 game -> room=cmum8fwwx00ulwilktdapieom code=<redacted> status=IN_PROGRESS
2026.09.29-05.25.58 game -> room=cmum8fwwx00ulwilktdapieom code=<redacted> status=IN_PROGRESS
2026.09.29-05.25.59 PERF window t=35.2-40.2 frames=149 fps=29.78 frameMs avg=33.58 p50=33.33 p95=33.71 p99=42.62 max=48.10 hitches50=0 gpuMs avg=1.96 p50=1.96 p95=2.21 gameMs avg=1.87 p95=2.65 renderMs avg=5.02 p95=6.73
2026.09.29-05.26.01 game -> room=cmum8fwwx00ulwilktdapieom code=<redacted> status=IN_PROGRESS
2026.09.29-05.26.04 PERF window t=40.2-45.2 frames=146 fps=29.17 frameMs avg=34.29 p50=33.33 p95=33.74 p99=38.39 max=153.52 hitches50=1 gpuMs avg=1.93 p50=1.92 p95=2.11 gameMs avg=2.11 p95=2.71 renderMs avg=5.41 p95=6.54
2026.09.29-05.26.04 game -> room=cmum8fwwx00ulwilktdapieom code=<redacted> status=IN_PROGRESS
2026.09.29-05.26.07 game -> room=cmum8fwwx00ulwilktdapieom code=<redacted> status=IN_PROGRESS
2026.09.29-05.26.09 PERF window t=45.2-50.2 frames=149 fps=29.73 frameMs avg=33.64 p50=33.33 p95=34.40 p99=42.55 max=44.09 hitches50=0 gpuMs avg=1.93 p50=1.91 p95=2.14 gameMs avg=1.86 p95=2.74 renderMs avg=5.29 p95=6.58
2026.09.29-05.26.10 game -> room=cmum8fwwx00ulwilktdapieom code=<redacted> status=IN_PROGRESS
2026.09.29-05.26.13 game -> room=cmum8fwwx00ulwilktdapieom code=<redacted> status=IN_PROGRESS
2026.09.29-05.26.14 PERF window t=50.2-55.2 frames=150 fps=29.84 frameMs avg=33.51 p50=33.33 p95=34.11 p99=37.22 max=40.07 hitches50=0 gpuMs avg=1.91 p50=1.87 p95=2.09 gameMs avg=1.79 p95=2.56 renderMs avg=5.27 p95=6.57
2026.09.29-05.26.16 game -> room=cmum8fwwx00ulwilktdapieom code=<redacted> status=IN_PROGRESS
2026.09.29-05.26.19 PERF window t=55.2-60.2 frames=149 fps=29.80 frameMs avg=33.56 p50=33.33 p95=34.30 p99=37.83 max=41.69 hitches50=0 gpuMs avg=1.86 p50=1.84 p95=2.04 gameMs avg=1.74 p95=2.67 renderMs avg=5.06 p95=6.47
2026.09.29-05.26.19 game -> room=cmum8fwwx00ulwilktdapieom code=<redacted> status=IN_PROGRESS
2026.09.29-05.26.22 game -> room=cmum8fwwx00ulwilktdapieom code=<redacted> status=IN_PROGRESS
2026.09.29-05.26.24 PERF window t=60.2-65.3 frames=150 fps=29.83 frameMs avg=33.52 p50=33.33 p95=33.95 p99=38.37 max=39.58 hitches50=0 gpuMs avg=1.91 p50=1.88 p95=2.07 gameMs avg=1.89 p95=4.25 renderMs avg=5.41 p95=7.62
2026.09.29-05.26.25 game -> room=cmum8fwwx00ulwilktdapieom code=<redacted> status=IN_PROGRESS
2026.09.29-05.26.28 game -> room=cmum8fwwx00ulwilktdapieom code=<redacted> status=IN_PROGRESS
2026.09.29-05.26.29 PERF window t=65.3-70.3 frames=149 fps=29.74 frameMs avg=33.62 p50=33.33 p95=34.66 p99=41.49 max=44.30 hitches50=0 gpuMs avg=1.90 p50=1.86 p95=2.19 gameMs avg=1.77 p95=3.02 renderMs avg=4.81 p95=6.64
2026.09.29-05.26.31 game -> room=cmum8fwwx00ulwilktdapieom code=<redacted> status=IN_PROGRESS
2026.09.29-05.26.34 PERF window t=70.3-75.3 frames=149 fps=29.79 frameMs avg=33.56 p50=33.33 p95=34.15 p99=38.97 max=41.98 hitches50=0 gpuMs avg=1.85 p50=1.82 p95=2.04 gameMs avg=1.84 p95=2.53 renderMs avg=5.01 p95=6.88
2026.09.29-05.26.34 game -> room=cmum8fwwx00ulwilktdapieom code=<redacted> status=IN_PROGRESS
2026.09.29-05.26.37 game -> room=cmum8fwwx00ulwilktdapieom code=<redacted> status=IN_PROGRESS
2026.09.29-05.26.39 PERF window t=75.3-80.3 frames=150 fps=29.82 frameMs avg=33.53 p50=33.35 p95=33.97 p99=37.01 max=41.46 hitches50=0 gpuMs avg=1.88 p50=1.85 p95=2.03 gameMs avg=1.77 p95=3.11 renderMs avg=5.57 p95=6.50
2026.09.29-05.26.40 game -> room=cmum8fwwx00ulwilktdapieom code=<redacted> status=IN_PROGRESS
2026.09.29-05.26.43 game -> room=cmum8fwwx00ulwilktdapieom code=<redacted> status=IN_PROGRESS
2026.09.29-05.26.44 PERF window t=80.3-85.3 frames=149 fps=29.78 frameMs avg=33.58 p50=33.34 p95=34.69 p99=39.58 max=40.17 hitches50=0 gpuMs avg=1.90 p50=1.86 p95=2.11 gameMs avg=1.79 p95=3.55 renderMs avg=5.08 p95=6.52
2026.09.29-05.26.46 game -> room=cmum8fwwx00ulwilktdapieom code=<redacted> status=IN_PROGRESS
2026.09.29-05.26.49 PERF window t=85.3-90.3 frames=149 fps=29.77 frameMs avg=33.60 p50=33.34 p95=34.14 p99=38.54 max=41.07 hitches50=0 gpuMs avg=1.89 p50=1.85 p95=2.09 gameMs avg=1.73 p95=3.46 renderMs avg=5.32 p95=6.56
2026.09.29-05.26.49 game -> room=cmum8fwwx00ulwilktdapieom code=<redacted> status=IN_PROGRESS
2026.09.29-05.26.52 game -> room=cmum8fwwx00ulwilktdapieom code=<redacted> status=IN_PROGRESS
2026.09.29-05.26.54 PERF window t=90.3-95.3 frames=149 fps=29.61 frameMs avg=33.78 p50=33.34 p95=36.67 p99=41.91 max=45.73 hitches50=0 gpuMs avg=1.83 p50=1.82 p95=1.96 gameMs avg=1.92 p95=3.96 renderMs avg=4.86 p95=6.47
2026.09.29-05.26.55 game -> room=cmum8fwwx00ulwilktdapieom code=<redacted> status=IN_PROGRESS
2026.09.29-05.26.58 game -> room=cmum8fwwx00ulwilktdapieom code=<redacted> status=IN_PROGRESS
2026.09.29-05.26.59 PERF summary scope=afterWarmup warmup=5 elapsed=100.0 frames=2820 fps=29.68 frameMs avg=33.70 p50=33.33 p95=34.40 p99=40.97 max=153.52 hitches50=3 gpuMs avg=1.83 p50=1.85 p95=2.09 gameMs avg=1.94 p95=3.10 renderMs avg=5.04 p95=6.64
2026.09.29-05.26.59 PERF summary scope=started elapsed=100.0 frames=2518 fps=29.66 frameMs avg=33.72 p50=33.33 p95=34.45 p99=41.34 max=153.52 hitches50=3 gpuMs avg=1.89 p50=1.86 p95=2.11 gameMs avg=1.92 p95=3.06 renderMs avg=5.16 p95=6.69
2026.09.29-05.26.59 PERF summary scope=artHud impl=alternate elapsed=100.0 frames=0 fps=0.00 frameMs avg=0.00 p50=0.00 p95=0.00 p99=0.00 max=0.00 hitches50=0 gpuMs avg=0.00 p50=0.00 p95=0.00 gameMs avg=0.00 p95=0.00 renderMs avg=0.00 p95=0.00
2026.09.29-05.26.59 PERF summary scope=artHudUmg impl=umg swaps=0 periodS=3.0 elapsed=100.0 frames=0 fps=0.00 frameMs avg=0.00 p50=0.00 p95=0.00 p99=0.00 max=0.00 hitches50=0 gpuMs avg=0.00 p50=0.00 p95=0.00 gameMs avg=0.00 p95=0.00 renderMs avg=0.00 p95=0.00 gameP50=0.000 gameP99=0.000
2026.09.29-05.26.59 PERF summary scope=artHudSlate impl=slate swaps=0 periodS=3.0 elapsed=100.0 frames=0 fps=0.00 frameMs avg=0.00 p50=0.00 p95=0.00 p99=0.00 max=0.00 hitches50=0 gpuMs avg=0.00 p50=0.00 p95=0.00 gameMs avg=0.00 p95=0.00 renderMs avg=0.00 p95=0.00 gameP50=0.000 gameP99=0.000
2026.09.29-05.26.59 --- S08 trace close ---
