2026.09.29-05.25.12 --- S08 trace open 2026.09.29-05.25.12 ---
2026.09.29-05.25.12 HUD icon texture size=48 ready=1 path=/Game/ArtTests/ARTMarkers/Textures/T_UI_Action_Attack_48 texture=48x48 probe=1 plate=1
2026.09.29-05.25.12 HUD alternate config periodS=3.0 startAt=34.0 first=umg
2026.09.29-05.25.12 HUD art widget plate impl=umg source=/Game/S08/UI/ArtHud/WBP_S08ArtPlate class=/Game/S08/UI/ArtHud/WBP_S08ArtPlate.WBP_S08ArtPlate_C parts=1 missing=- codeDefaultTree=0
2026.09.29-05.25.12 HUD art widget icon impl=umg source=/Game/S08/UI/ArtHud/WBP_S08ArtIcon class=/Game/S08/UI/ArtHud/WBP_S08ArtIcon.WBP_S08ArtIcon_C parts=1 missing=- codeDefaultTree=0
2026.09.29-05.25.12 RENDER preset applied=High flag=S08RenderPreset
2026.09.29-05.25.12 LOGIN ok user=art-preview-host
2026.09.29-05.25.15 HEROES loaded 84
2026.09.29-05.25.15 createGame -> room=cmum8fwwx00ulwilktdapieom code=<redacted> status=LOBBY
2026.09.29-05.25.17 PERF config tMaxFPS=30.0 frameRateLimit=60.0 vsync=0 smoothFrameRate=0 fixedFrameRate=0 rhi=D3D12
2026.09.29-05.25.17 RENDER tag=PERF rhi=D3D12 featureLevel=SM6 shaderPlatform=PCD3D_SM6 lumenPlatform=1 gi=lumen giMethod=1 refl=lumen reflMethod=1 shadows=csm vsmEnable=0 sg.res=100 sg.view=2 sg.aa=2 sg.shadow=2 sg.gi=2 sg.refl=2 sg.pp=2 sg.tex=2 sg.fx=2 sg.foliage=2 sg.shading=2 sg.landscape=2 preset=High screenPct=100.0 screenPctMode=0 aa=TSR aaMethod=4 exposure=engine-default expMin=1.00000 expMax=1.00000 expBias=1.000 ev100=0.00 lightUnits=- sky=0 skyIntensity=0.000 keyShadow=- shadowCasters=0 profile=- profilesSha256=- profilesSource=- legacyRender=0 gameLayer=unlit-eyeadaptinv tMaxFPS=30.0 vsync=0 frameRateLimit=60.0 substrate=0 nanite=1 meshDF=1 viewport=1920x1080 reference=0 notReference=noArtProfile,exposure,lightUnits,profilesSource
2026.09.29-05.25.17 PERF window t=0.0-5.0 frames=150 fps=29.74 frameMs avg=33.63 p50=33.33 p95=34.16 p99=41.99 max=42.48 hitches50=0 gpuMs avg=1.28 p50=1.28 p95=1.43 gameMs avg=2.36 p95=3.49 renderMs avg=2869.99 p95=5.52
2026.09.29-05.25.18 game -> room=cmum8fwwx00ulwilktdapieom code=<redacted> status=LOBBY
2026.09.29-05.25.18 selectHero -> room=cmum8fwwx00ulwilktdapieom code=<redacted> status=LOBBY
2026.09.29-05.25.21 game -> room=cmum8fwwx00ulwilktdapieom code=<redacted> status=LOBBY
2026.09.29-05.25.21 toggleReady -> room=cmum8fwwx00ulwilktdapieom code=<redacted> status=LOBBY
2026.09.29-05.25.22 PERF window t=5.0-10.1 frames=149 fps=29.60 frameMs avg=33.78 p50=33.33 p95=36.66 p99=45.60 max=47.73 hitches50=0 gpuMs avg=1.31 p50=1.30 p95=1.41 gameMs avg=2.34 p95=3.95 renderMs avg=4.22 p95=5.41
2026.09.29-05.25.24 game -> room=cmum8fwwx00ulwilktdapieom code=<redacted> status=LOBBY
2026.09.29-05.25.27 PERF window t=10.1-15.1 frames=150 fps=29.86 frameMs avg=33.49 p50=33.33 p95=33.89 p99=37.95 max=41.24 hitches50=0 gpuMs avg=1.33 p50=1.31 p95=1.46 gameMs avg=1.93 p95=2.74 renderMs avg=4.01 p95=5.41
2026.09.29-05.25.27 game -> room=cmum8fwwx00ulwilktdapieom code=<redacted> status=LOBBY
2026.09.29-05.25.30 game -> room=cmum8fwwx00ulwilktdapieom code=<redacted> status=LOBBY
2026.09.29-05.25.32 PERF window t=15.1-20.1 frames=149 fps=29.75 frameMs avg=33.61 p50=33.33 p95=34.28 p99=37.74 max=49.54 hitches50=0 gpuMs avg=1.32 p50=1.31 p95=1.45 gameMs avg=2.24 p95=3.60 renderMs avg=3.84 p95=5.23
2026.09.29-05.25.33 game -> room=cmum8fwwx00ulwilktdapieom code=<redacted> status=LOBBY
2026.09.29-05.25.33 startGame -> room=cmum8fwwx00ulwilktdapieom code=<redacted> status=IN_PROGRESS
2026.09.29-05.25.33 SNAPSHOT applied seq=1 phase=ACTION_MANEUVER
2026.09.29-05.25.33 HANDLE_APPLIED #1 seq=1 decision=2 fightersValid=1 boardValid=1
2026.09.29-05.25.33 MODE seq=1 mode=0 combat=0 pending=0
2026.09.29-05.25.33 HUD seq=1 phase=ACTION_MANEUVER turn=you hand=5 oppHand=5(hidden) oppDeck=25 deck=25 discard=0
2026.09.29-05.25.33 ARTPREVIEW board profiles loaded=1 revision=2 boards=3 zoneStyles=11 lightProfiles=3 errors=0 path=Config/ArtBoards/S08ArtBoardProfiles.json
2026.09.29-05.25.33 ARTPREVIEW board profiles source=pak sha256=91ea86be522212fc770a33e3c9ac66f1cfde90c720c609bdc6bd29589965eaa5
2026.09.29-05.25.33 ARTPREVIEW game layer material=M_S08_GameLayerUnlit unlitEyeAdaptInv=1 legacyRender=0
2026.09.29-05.25.33 ARTPREVIEW Cobble assets ready
2026.09.29-05.25.33 ARTPREVIEW board assets ready cobbleMesh=1 tiles=1 zoneMaterials=2
2026.09.29-05.25.33 ARTPREVIEW medusa candidate variant=face-neck-v2 mesh=SK_Medusa_FaceNeck_v2Candidate requested=face-neck-v2
2026.09.29-05.25.33 ARTPREVIEW board profile=cobble-city match=boardId board=5x6 boardId=cmuhgs4b2001mwik4f2b2xtf8 surface=cobble-5x6-mesh light=cobble-probe artFixture=0
2026.09.29-05.25.33 ARTPREVIEW light profile=cobble-probe name=key role=key kind=directional at=(-350,-150,600) intensity=4.5 units=lux radius=0 color=(1.00,1.00,1.00) shadow=1
2026.09.29-05.25.33 ARTPREVIEW light profile=cobble-probe name=warm role=warm kind=point at=(260,-300,250) intensity=85 units=candelas radius=450 color=(1.00,1.00,1.00) shadow=0
2026.09.29-05.25.33 ARTPREVIEW sky profile=cobble-probe cubemap=/Game/S08/Render/TC_S08_AmbientDome loaded=1 spawned=1 intensity=11.2 color=(1.00,1.00,1.00) lowerBlack=0
2026.09.29-05.25.33 ARTPREVIEW exposure profile=cobble-probe method=histogram-fixed min=2.46229 max=2.46229 bias=0.000 ev100=1.30 volume=1
2026.09.29-05.25.33 ARTPREVIEW lights applied profile=cobble-probe directional=1 shadow=1 points=1 pointShadows=0 budgetOk=1
2026.09.29-05.25.33 ARTPREVIEW render profile=cobble-probe units=candelas sky=1 exposure=1 keyShadow=csm-3000uu-2c-contact0.000 shadowCasters=1 legacyRender=0
2026.09.29-05.25.33 ARTPREVIEW Cobble probe lights key=4.5 fill=0 warm=85
2026.09.29-05.25.33 ARTPREVIEW Cobble active 5x6 zones=30 blue=15 red=15 blueMarks=15 redMarks=45
2026.09.29-05.25.33 ARTPREVIEW board active profile=cobble-city 5x6 surface=cobble-5x6-mesh cells=30 zoneCells=30 multizone=0 triple=0 obstacles=0 zoneKeys=2 strokes=60 glyphs=45 surfaceParts=0 glyphMaterial=zone expectOk=1
2026.09.29-05.25.33 ARTPREVIEW board zone key=blue cells=15 stroke=solid glyph=diamond color=#3B78D8 ismUsage=1 strokePieces=15 glyphPieces=15 fallback=0
2026.09.29-05.25.33 ARTPREVIEW board zone key=red cells=15 stroke=dash3 glyph=bars2 color=#D8453B ismUsage=1 strokePieces=45 glyphPieces=30 fallback=0
2026.09.29-05.25.33 ARTPREVIEW board multizone cells=0 zonesListed=0 zonesMarked=0
2026.09.29-05.25.33 CAMERA dist=1931 loc=(0,1107,1582) pitch=-55 yaw=-90
2026.09.29-05.25.33 CAMERA config overview=1930.8 nearest=300.0 farthest=2970.4 zoomRange=0.65-6.44 minDist=300.0 outRatio=0.650 step=1.250 animMs=200 returnMs=300 followFrom=1.20 source=defaults issues=0
2026.09.29-05.25.33 BOARD 5x6 cells | control points: (0,0)=(-200,-250,0) (4,5)=(200,250,0) | neighbor pair (dist 100 uu)
2026.09.29-05.25.33 ARTPREVIEW click capsule fighter=f-0-hero mesh=SK_Medusa_FaceNeck_v2Candidate physicsAsset=0 radius=12.5 halfHeight=27.5 top=55.0 bodyCollision=0 source=meshBounds
2026.09.29-05.25.33 ARTPREVIEW fighter=Medusa hero=1 eligible=1 visual=1 mesh=SK_Medusa_FaceNeck_v2Candidate
2026.09.29-05.25.33 ARTPREVIEW click capsule fighter=f-0-sk0 mesh=SM_ART003_Harpy physicsAsset=0 radius=20.0 halfHeight=21.0 top=42.0 bodyCollision=0 source=meshBounds
2026.09.29-05.25.33 ARTPREVIEW click capsule fighter=f-0-sk1 mesh=SM_ART003_Harpy physicsAsset=0 radius=20.0 halfHeight=21.0 top=42.0 bodyCollision=0 source=meshBounds
2026.09.29-05.25.33 ARTPREVIEW click capsule fighter=f-0-sk2 mesh=SM_ART003_Harpy physicsAsset=0 radius=20.0 halfHeight=21.0 top=42.0 bodyCollision=0 source=meshBounds
2026.09.29-05.25.33 ARTPREVIEW click capsule fighter=f-1-hero mesh=SM_ART003_Arthur physicsAsset=0 radius=17.8 halfHeight=28.0 top=56.0 bodyCollision=0 source=meshBounds
2026.09.29-05.25.33 ARTPREVIEW click capsule fighter=f-1-sk0 mesh=SM_ART003_Merlin physicsAsset=0 radius=14.7 halfHeight=30.8 top=61.5 bodyCollision=0 source=meshBounds
2026.09.29-05.25.33 FIGHTERS synced n=6 alive=6 own=4 enemy=2
2026.09.29-05.25.33 STATE seq=1 -> apply
2026.09.29-05.25.33 HUD art layer plate=1 iconSize=48 iconTexture=1 iconProbe=1 plan=0
2026.09.29-05.25.33 HUD art impl=alternate plateViews=umg:/Game/S08/UI/ArtHud/WBP_S08ArtPlate,slate:slate iconViews=umg:/Game/S08/UI/ArtHud/WBP_S08ArtIcon,slate:slate textTable=S08ArtHud entries=13 missingKeys=0
2026.09.29-05.25.33 SUBSCRIBED gameStateUpdated since=1
2026.09.29-05.25.33 ARTPREVIEW icon probe src=flag target=f-1-hero size=48
2026.09.29-05.25.33 ICON fighter=f-1-hero bbox=(936,465,984,513) size=48 src=flag labelAvoid=1 hudAvoid=0
2026.09.29-05.25.33 SNAPSHOT applied seq=1 phase=ACTION_MANEUVER
2026.09.29-05.25.33 HANDLE_APPLIED #2 seq=1 decision=1 fightersValid=1 boardValid=1
2026.09.29-05.25.33 MODE seq=1 mode=0 combat=0 pending=0
2026.09.29-05.25.33 HUD seq=1 phase=ACTION_MANEUVER turn=you hand=5 oppHand=5(hidden) oppDeck=25 deck=25 discard=0
2026.09.29-05.25.33 ARTPREVIEW fighter=Medusa hero=1 eligible=1 visual=1 mesh=SK_Medusa_FaceNeck_v2Candidate
2026.09.29-05.25.33 FIGHTERS synced n=6 alive=6 own=4 enemy=2
2026.09.29-05.25.33 WS seq=1 phase=ACTION_MANEUVER (merge)
2026.09.29-05.25.36 game -> room=cmum8fwwx00ulwilktdapieom code=<redacted> status=IN_PROGRESS
2026.09.29-05.25.37 PERF window t=20.1-25.1 frames=149 fps=29.60 frameMs avg=33.79 p50=33.33 p95=34.11 p99=45.84 max=63.91 hitches50=1 gpuMs avg=1.73 p50=1.81 p95=2.09 gameMs avg=2.60 p95=3.91 renderMs avg=4.77 p95=6.37
2026.09.29-05.25.39 game -> room=cmum8fwwx00ulwilktdapieom code=<redacted> status=IN_PROGRESS
2026.09.29-05.25.40 ARTPREVIEW selection ring shown fighter=Medusa mesh=SM_Marker_SelectionRing
2026.09.29-05.25.40 ARTPREVIEW reachable corners cells=13 placed=1
2026.09.29-05.25.40 ARTPREVIEW selection ownHero=1 selected=1 fighter=Medusa reachable=14 fighterId=f-0-hero
2026.09.29-05.25.40 INPUT select src=flag fighter=f-0-hero flag=ArtPreviewSelectOwnHero
2026.09.29-05.25.40 ARTPREVIEW camera focus requested zoom=5.00 overview=1931 target=386
2026.09.29-05.25.40 INPUT zoom src=flag zoom=5.00 flag=ArtPreviewFocusZoom
2026.09.29-05.25.40 CAMERA focus src=flag from=1930.8 to=386.2 requested=386.2 zoom=5.00 clamp=0 limit=none animMs=200
2026.09.29-05.25.40 HUD plate content fighter=f-0-hero name=Medusa hp=16/16 team=own statuses=HERO  |  MELEE
2026.09.29-05.25.40 ICON fighter=f-1-hero bbox=(936,805,984,853) size=48 src=flag labelAvoid=0 hudAvoid=0
2026.09.29-05.25.40 PLATE fighter=f-0-hero bbox=(1096,472,1268,526) overlapReachable=0 placement=right ring=0 gap=6 selection=f-0-hero destinations=13 clean=1 softPx2=0 tested=228
2026.09.29-05.25.40 CAMERA settled elapsed=28.18 dist=386.2 target=386.2 errPct=0.000 focusErr=0.00 focus=(0,-50,28)
2026.09.29-05.25.40 ICON fighter=f-1-hero bbox=(936,933,984,981) size=48 src=flag labelAvoid=0 hudAvoid=1
2026.09.29-05.25.40 PLATE fighter=f-0-hero bbox=(1139,494,1311,548) overlapReachable=0 placement=right ring=0 gap=6 selection=f-0-hero destinations=13 clean=1 softPx2=0 tested=278
2026.09.29-05.25.42 SHOT ctx viewport=1920x1080 viewTarget=CameraActor_2147482364 cam=(0,171,344) rot=(-55,-90,0)
2026.09.29-05.25.42 RENDER tag=SHOT rhi=D3D12 featureLevel=SM6 shaderPlatform=PCD3D_SM6 lumenPlatform=1 gi=lumen giMethod=1 refl=lumen reflMethod=1 shadows=csm vsmEnable=0 sg.res=100 sg.view=2 sg.aa=2 sg.shadow=2 sg.gi=2 sg.refl=2 sg.pp=2 sg.tex=2 sg.fx=2 sg.foliage=2 sg.shading=2 sg.landscape=2 preset=High screenPct=100.0 screenPctMode=0 aa=TSR aaMethod=4 exposure=fixed-histogram expMin=2.46229 expMax=2.46229 expBias=0.000 ev100=1.30 lightUnits=candelas sky=1 skyIntensity=11.200 keyShadow=csm-3000uu-2c-contact0.000 shadowCasters=1 profile=cobble-probe profilesSha256=91ea86be522212fc770a33e3c9ac66f1cfde90c720c609bdc6bd29589965eaa5 profilesSource=pak legacyRender=0 gameLayer=unlit-eyeadaptinv tMaxFPS=30.0 vsync=0 frameRateLimit=60.0 substrate=0 nanite=1 meshDF=1 viewport=1920x1080 reference=1
2026.09.29-05.25.42 SHOT fighter f-0-hero pos=(2,2) world=(0,-50,0) screen=(960,660) projected=1 alive=1
2026.09.29-05.25.42 SHOT fighter f-0-sk0 pos=(3,2) world=(100,-50,0) screen=(1704,660) projected=1 alive=1
2026.09.29-05.25.42 SHOT fighter f-0-sk1 pos=(2,1) world=(0,-150,0) screen=(960,110) projected=1 alive=1
2026.09.29-05.25.42 SHOT fighter f-0-sk2 pos=(1,2) world=(-100,-50,0) screen=(216,660) projected=1 alive=1
2026.09.29-05.25.42 SHOT fighter f-1-hero pos=(2,3) world=(0,50,0) screen=(960,1388) projected=1 alive=1
2026.09.29-05.25.42 SHOT fighter f-1-sk0 pos=(3,3) world=(100,50,0) screen=(1826,1388) projected=1 alive=1
2026.09.29-05.25.42 SHOT camera dist=386.2 target=386.2 overview=1930.8 errPct=0.000 focusErr=0.00 settled=1 zoom=5.00
2026.09.29-05.25.42 SHOT head fighter=f-0-hero socket=Head mesh=SK_Medusa_FaceNeck_v2Candidate world=(0.0,-46.0,38.5) screen=(960.0,517.7) top=(960.0,489.1) bottom=(960.0,545.6) headPx=56.4 projected=1
2026.09.29-05.25.42 SHOT selection fighter=f-0-hero ownCell=(2,2) legal=14 destinations=13 ownCellExcluded=1 plateFighter=f-0-hero
2026.09.29-05.25.42 SHOT reachable fighter=f-0-hero n=13 cells=(1,0)(2,0)(3,0)(0,1)(1,1)(3,1)(4,1)(0,2)(4,2)(0,3)(1,3)(4,3)(1,4)
2026.09.29-05.25.42 SHOT plate fighter=f-0-hero bbox=(1139,494,1311,548) overlapReachable=0 placement=right gap=6 anchor=(787,282,1133,788) planned=(1139,494,1311,548) geom=painted stableFrames=53
2026.09.29-05.25.42 SHOT icon fighter=f-1-hero bbox=(936,933,984,981) size=48 src=flag planned=(936,933,984,981) geom=painted
2026.09.29-05.25.42 SHOT widget id=plate impl=umg state=own fighter=f-0-hero bbox=(1139,494,1311,548) geom=painted visible=1 twin=0 source=/Game/S08/UI/ArtHud/WBP_S08ArtPlate
2026.09.29-05.25.42 SHOT widget id=plate.marker impl=umg state=own fighter=f-0-hero bbox=(1139,494,1311,497) geom=painted visible=1 twin=0 source=/Game/S08/UI/ArtHud/WBP_S08ArtPlate
2026.09.29-05.25.42 SHOT widget id=plate.name impl=umg state=own fighter=f-0-hero bbox=(1145,499,1260,518) geom=painted visible=1 twin=0 source=/Game/S08/UI/ArtHud/WBP_S08ArtPlate
2026.09.29-05.25.42 SHOT widget id=plate.team impl=umg state=own fighter=f-0-hero bbox=(1260,502,1305,515) geom=painted visible=1 twin=0 source=/Game/S08/UI/ArtHud/WBP_S08ArtPlate
2026.09.29-05.25.42 SHOT widget id=plate.hpbar impl=umg state=own fighter=f-0-hero bbox=(1145,524,1241,531) geom=painted visible=1 twin=0 source=/Game/S08/UI/ArtHud/WBP_S08ArtPlate
2026.09.29-05.25.42 SHOT widget id=plate.hpfill impl=umg state=own fighter=f-0-hero bbox=(1145,524,1241,531) geom=painted visible=1 twin=0 source=/Game/S08/UI/ArtHud/WBP_S08ArtPlate
2026.09.29-05.25.42 SHOT widget id=plate.hp impl=umg state=own fighter=f-0-hero bbox=(1247,520,1300,535) geom=painted visible=1 twin=0 source=/Game/S08/UI/ArtHud/WBP_S08ArtPlate
2026.09.29-05.25.42 SHOT widget id=plate.status impl=umg state=own fighter=f-0-hero bbox=(1145,537,1305,550) geom=painted visible=1 twin=0 source=/Game/S08/UI/ArtHud/WBP_S08ArtPlate
2026.09.29-05.25.42 SHOT widget id=icon impl=umg state=flag fighter=f-1-hero bbox=(936,933,984,981) geom=painted visible=1 twin=0 source=/Game/S08/UI/ArtHud/WBP_S08ArtIcon
2026.09.29-05.25.42 SHOT label fighter=f-0-sk0 mode=compact bbox=(1724,432,1848,446)
2026.09.29-05.25.42 SHOT label fighter=f-0-sk1 mode=compact bbox=(908,-140,1012,-126)
2026.09.29-05.25.42 SHOT label fighter=f-0-sk2 mode=compact bbox=(72,432,196,446)
2026.09.29-05.25.42 SHOT label fighter=f-1-hero mode=compact bbox=(880,1137,1040,1147)
2026.09.29-05.25.42 SHOT label fighter=f-1-sk0 mode=compact bbox=(1875,1215,2003,1227)
2026.09.29-05.25.42 SHOT requested: FScreenshotRequest(bShowUI) -> C:\Users\ren\AppData\Local\Temp\s08-phase2-20260929-102509-1680\phase2-board-host-1920x1080.png
2026.09.29-05.25.42 PERF window t=25.1-30.3 frames=145 fps=27.92 frameMs avg=35.82 p50=33.33 p95=36.58 p99=49.44 max=306.50 hitches50=1 gpuMs avg=2.01 p50=1.98 p95=2.32 gameMs avg=2.39 p95=4.28 renderMs avg=5.14 p95=6.96
2026.09.29-05.25.42 game -> room=cmum8fwwx00ulwilktdapieom code=<redacted> status=IN_PROGRESS
2026.09.29-05.25.45 game -> room=cmum8fwwx00ulwilktdapieom code=<redacted> status=IN_PROGRESS
2026.09.29-05.25.46 HUD alternate swap=1 active=umg elapsed=34.03
2026.09.29-05.25.47 PERF window t=30.3-35.4 frames=149 fps=29.70 frameMs avg=33.67 p50=33.33 p95=35.06 p99=38.91 max=40.25 hitches50=0 gpuMs avg=2.08 p50=2.04 p95=2.44 gameMs avg=4.43 p95=4.25 renderMs avg=5.06 p95=7.59
2026.09.29-05.25.48 game -> room=cmum8fwwx00ulwilktdapieom code=<redacted> status=IN_PROGRESS
2026.09.29-05.25.49 HUD alternate period=1 impl=umg frames=84 gameAvg=2.574 gameP50=1.932 gameP95=3.876 gpuP95=2.451
2026.09.29-05.25.49 HUD alternate swap=2 active=slate elapsed=37.06
2026.09.29-05.25.51 game -> room=cmum8fwwx00ulwilktdapieom code=<redacted> status=IN_PROGRESS
2026.09.29-05.25.52 HUD alternate period=2 impl=slate frames=83 gameAvg=2.608 gameP50=2.281 gameP95=4.340 gpuP95=2.329
2026.09.29-05.25.52 HUD alternate swap=3 active=umg elapsed=40.09
2026.09.29-05.25.52 PERF window t=35.4-40.4 frames=149 fps=29.61 frameMs avg=33.77 p50=33.33 p95=34.47 p99=44.03 max=45.19 hitches50=0 gpuMs avg=2.11 p50=2.05 p95=2.45 gameMs avg=2.54 p95=4.30 renderMs avg=5.11 p95=7.11
2026.09.29-05.25.54 game -> room=cmum8fwwx00ulwilktdapieom code=<redacted> status=IN_PROGRESS
2026.09.29-05.25.55 HUD alternate period=3 impl=umg frames=74 gameAvg=2.766 gameP50=2.059 gameP95=4.502 gpuP95=2.261
2026.09.29-05.25.55 HUD alternate swap=4 active=slate elapsed=43.10
2026.09.29-05.25.57 PERF window t=40.4-45.4 frames=140 fps=27.82 frameMs avg=35.94 p50=33.33 p95=33.81 p99=43.92 max=369.54 hitches50=1 gpuMs avg=2.11 p50=2.05 p95=2.31 gameMs avg=2.53 p95=3.85 renderMs avg=5.18 p95=7.01
2026.09.29-05.25.58 game -> room=cmum8fwwx00ulwilktdapieom code=<redacted> status=IN_PROGRESS
2026.09.29-05.25.58 HUD alternate period=4 impl=slate frames=84 gameAvg=2.437 gameP50=2.242 gameP95=3.597 gpuP95=2.381
2026.09.29-05.25.58 HUD alternate swap=5 active=umg elapsed=46.12
2026.09.29-05.26.00 game -> room=cmum8fwwx00ulwilktdapieom code=<redacted> status=IN_PROGRESS
2026.09.29-05.26.01 HUD alternate period=5 impl=umg frames=83 gameAvg=2.348 gameP50=2.105 gameP95=4.313 gpuP95=2.308
2026.09.29-05.26.01 HUD alternate swap=6 active=slate elapsed=49.13
2026.09.29-05.26.02 PERF window t=45.4-50.4 frames=149 fps=29.72 frameMs avg=33.64 p50=33.34 p95=34.34 p99=42.16 max=42.48 hitches50=0 gpuMs avg=2.06 p50=2.02 p95=2.25 gameMs avg=2.62 p95=4.31 renderMs avg=5.76 p95=7.26
2026.09.29-05.26.03 game -> room=cmum8fwwx00ulwilktdapieom code=<redacted> status=IN_PROGRESS
2026.09.29-05.26.04 HUD alternate period=6 impl=slate frames=84 gameAvg=2.741 gameP50=2.459 gameP95=3.560 gpuP95=2.388
2026.09.29-05.26.04 HUD alternate swap=7 active=umg elapsed=52.13
2026.09.29-05.26.06 game -> room=cmum8fwwx00ulwilktdapieom code=<redacted> status=IN_PROGRESS
2026.09.29-05.26.07 HUD alternate period=7 impl=umg frames=83 gameAvg=2.639 gameP50=2.237 gameP95=4.375 gpuP95=2.287
2026.09.29-05.26.07 HUD alternate swap=8 active=slate elapsed=55.14
2026.09.29-05.26.07 PERF window t=50.4-55.4 frames=149 fps=29.71 frameMs avg=33.66 p50=33.33 p95=34.16 p99=44.03 max=44.08 hitches50=0 gpuMs avg=2.11 p50=2.07 p95=2.42 gameMs avg=2.56 p95=4.01 renderMs avg=5.49 p95=7.20
2026.09.29-05.26.10 game -> room=cmum8fwwx00ulwilktdapieom code=<redacted> status=IN_PROGRESS
2026.09.29-05.26.10 HUD alternate period=8 impl=slate frames=84 gameAvg=2.615 gameP50=2.514 gameP95=3.409 gpuP95=2.234
2026.09.29-05.26.10 HUD alternate swap=9 active=umg elapsed=58.17
2026.09.29-05.26.12 PERF window t=55.4-60.5 frames=149 fps=29.65 frameMs avg=33.72 p50=33.33 p95=35.41 p99=41.97 max=46.87 hitches50=0 gpuMs avg=2.09 p50=2.04 p95=2.32 gameMs avg=2.60 p95=3.35 renderMs avg=5.53 p95=7.27
2026.09.29-05.26.12 game -> room=cmum8fwwx00ulwilktdapieom code=<redacted> status=IN_PROGRESS
2026.09.29-05.26.13 HUD alternate period=9 impl=umg frames=84 gameAvg=2.458 gameP50=2.066 gameP95=3.598 gpuP95=2.628
2026.09.29-05.26.13 HUD alternate swap=10 active=slate elapsed=61.21
2026.09.29-05.26.15 game -> room=cmum8fwwx00ulwilktdapieom code=<redacted> status=IN_PROGRESS
2026.09.29-05.26.16 HUD alternate period=10 impl=slate frames=83 gameAvg=2.623 gameP50=2.382 gameP95=3.748 gpuP95=2.231
2026.09.29-05.26.16 HUD alternate swap=11 active=umg elapsed=64.21
2026.09.29-05.26.17 PERF window t=60.5-65.5 frames=149 fps=29.64 frameMs avg=33.74 p50=33.34 p95=35.34 p99=43.54 max=45.75 hitches50=0 gpuMs avg=2.06 p50=2.01 p95=2.35 gameMs avg=2.59 p95=3.78 renderMs avg=5.36 p95=7.24
2026.09.29-05.26.18 game -> room=cmum8fwwx00ulwilktdapieom code=<redacted> status=IN_PROGRESS
2026.09.29-05.26.19 HUD alternate period=11 impl=umg frames=84 gameAvg=2.329 gameP50=2.438 gameP95=3.149 gpuP95=2.492
2026.09.29-05.26.19 HUD alternate swap=12 active=slate elapsed=67.24
2026.09.29-05.26.22 game -> room=cmum8fwwx00ulwilktdapieom code=<redacted> status=IN_PROGRESS
2026.09.29-05.26.22 HUD alternate period=12 impl=slate frames=84 gameAvg=2.199 gameP50=2.069 gameP95=3.650 gpuP95=2.369
2026.09.29-05.26.22 HUD alternate swap=13 active=umg elapsed=70.26
2026.09.29-05.26.22 PERF window t=65.5-70.5 frames=149 fps=29.80 frameMs avg=33.56 p50=33.33 p95=34.03 p99=39.01 max=39.25 hitches50=0 gpuMs avg=2.09 p50=2.05 p95=2.40 gameMs avg=2.21 p95=3.64 renderMs avg=5.23 p95=7.24
2026.09.29-05.26.25 game -> room=cmum8fwwx00ulwilktdapieom code=<redacted> status=IN_PROGRESS
2026.09.29-05.26.25 HUD alternate period=13 impl=umg frames=84 gameAvg=2.611 gameP50=2.427 gameP95=3.998 gpuP95=2.233
2026.09.29-05.26.25 HUD alternate swap=14 active=slate elapsed=73.29
2026.09.29-05.26.27 PERF window t=70.5-75.5 frames=149 fps=29.70 frameMs avg=33.67 p50=33.34 p95=34.58 p99=42.85 max=43.84 hitches50=0 gpuMs avg=2.07 p50=2.03 p95=2.27 gameMs avg=2.63 p95=4.57 renderMs avg=5.51 p95=7.22
2026.09.29-05.26.28 game -> room=cmum8fwwx00ulwilktdapieom code=<redacted> status=IN_PROGRESS
2026.09.29-05.26.28 HUD alternate period=14 impl=slate frames=84 gameAvg=2.447 gameP50=1.841 gameP95=4.884 gpuP95=2.328
2026.09.29-05.26.28 HUD alternate swap=15 active=umg elapsed=76.31
2026.09.29-05.26.31 game -> room=cmum8fwwx00ulwilktdapieom code=<redacted> status=IN_PROGRESS
2026.09.29-05.26.31 HUD alternate period=15 impl=umg frames=84 gameAvg=2.592 gameP50=2.273 gameP95=4.133 gpuP95=2.256
2026.09.29-05.26.31 HUD alternate swap=16 active=slate elapsed=79.34
2026.09.29-05.26.32 PERF window t=75.5-80.5 frames=149 fps=29.78 frameMs avg=33.58 p50=33.33 p95=34.43 p99=39.13 max=39.27 hitches50=0 gpuMs avg=2.05 p50=2.00 p95=2.31 gameMs avg=2.46 p95=3.72 renderMs avg=5.13 p95=7.20
2026.09.29-05.26.34 game -> room=cmum8fwwx00ulwilktdapieom code=<redacted> status=IN_PROGRESS
2026.09.29-05.26.34 HUD alternate period=16 impl=slate frames=84 gameAvg=2.706 gameP50=2.530 gameP95=3.869 gpuP95=2.312
2026.09.29-05.26.34 HUD alternate swap=17 active=umg elapsed=82.37
2026.09.29-05.26.37 game -> room=cmum8fwwx00ulwilktdapieom code=<redacted> status=IN_PROGRESS
2026.09.29-05.26.37 HUD alternate period=17 impl=umg frames=84 gameAvg=2.517 gameP50=2.438 gameP95=4.294 gpuP95=2.269
2026.09.29-05.26.37 HUD alternate swap=18 active=slate elapsed=85.40
2026.09.29-05.26.37 PERF window t=80.5-85.5 frames=149 fps=29.70 frameMs avg=33.67 p50=33.33 p95=34.57 p99=42.41 max=45.09 hitches50=0 gpuMs avg=2.08 p50=2.05 p95=2.26 gameMs avg=2.63 p95=4.53 renderMs avg=5.47 p95=8.33
2026.09.29-05.26.40 game -> room=cmum8fwwx00ulwilktdapieom code=<redacted> status=IN_PROGRESS
2026.09.29-05.26.40 HUD alternate period=18 impl=slate frames=84 gameAvg=2.655 gameP50=2.584 gameP95=3.446 gpuP95=2.442
2026.09.29-05.26.40 HUD alternate swap=19 active=umg elapsed=88.42
2026.09.29-05.26.42 PERF window t=85.5-90.5 frames=149 fps=29.76 frameMs avg=33.60 p50=33.34 p95=34.36 p99=40.15 max=42.99 hitches50=0 gpuMs avg=2.10 p50=2.06 p95=2.39 gameMs avg=2.69 p95=3.69 renderMs avg=5.98 p95=7.36
2026.09.29-05.26.43 game -> room=cmum8fwwx00ulwilktdapieom code=<redacted> status=IN_PROGRESS
2026.09.29-05.26.43 HUD alternate period=19 impl=umg frames=84 gameAvg=2.650 gameP50=2.463 gameP95=3.612 gpuP95=2.240
2026.09.29-05.26.43 HUD alternate swap=20 active=slate elapsed=91.44
2026.09.29-05.26.46 game -> room=cmum8fwwx00ulwilktdapieom code=<redacted> status=IN_PROGRESS
2026.09.29-05.26.46 HUD alternate period=20 impl=slate frames=84 gameAvg=2.453 gameP50=2.439 gameP95=3.324 gpuP95=2.334
2026.09.29-05.26.46 HUD alternate swap=21 active=umg elapsed=94.45
2026.09.29-05.26.48 PERF window t=90.5-95.6 frames=150 fps=29.88 frameMs avg=33.46 p50=33.33 p95=34.24 p99=37.03 max=37.64 hitches50=0 gpuMs avg=2.10 p50=2.07 p95=2.37 gameMs avg=2.42 p95=3.32 renderMs avg=5.32 p95=7.19
2026.09.29-05.26.49 game -> room=cmum8fwwx00ulwilktdapieom code=<redacted> status=IN_PROGRESS
2026.09.29-05.26.49 HUD alternate period=21 impl=umg frames=84 gameAvg=2.679 gameP50=2.257 gameP95=4.221 gpuP95=2.309
2026.09.29-05.26.49 HUD alternate swap=22 active=slate elapsed=97.48
2026.09.29-05.26.52 game -> room=cmum8fwwx00ulwilktdapieom code=<redacted> status=IN_PROGRESS
2026.09.29-05.26.52 PERF summary scope=afterWarmup warmup=5 elapsed=100.0 frames=2805 fps=29.52 frameMs avg=33.88 p50=33.33 p95=34.54 p99=42.16 max=369.54 hitches50=3 gpuMs avg=1.94 p50=2.01 p95=2.31 gameMs avg=2.58 p95=3.89 renderMs avg=5.13 p95=7.16
2026.09.29-05.26.52 PERF summary scope=started elapsed=100.0 frames=2319 fps=29.47 frameMs avg=33.93 p50=33.33 p95=34.58 p99=42.48 max=369.54 hitches50=3 gpuMs avg=2.07 p50=2.03 p95=2.34 gameMs avg=2.66 p95=4.00 renderMs avg=5.36 p95=7.24
2026.09.29-05.26.52 PERF summary scope=artHud impl=alternate elapsed=100.0 frames=2121 fps=29.46 frameMs avg=33.94 p50=33.33 p95=34.58 p99=42.41 max=369.54 hitches50=2 gpuMs avg=2.08 p50=2.04 p95=2.36 gameMs avg=2.69 p95=4.00 renderMs avg=5.40 p95=7.26
2026.09.29-05.26.52 PERF summary scope=artHudUmg impl=umg swaps=22 periodS=3.0 elapsed=100.0 frames=912 fps=29.40 frameMs avg=34.02 p50=33.33 p95=34.54 p99=41.97 max=369.54 hitches50=1 gpuMs avg=2.09 p50=2.05 p95=2.34 gameMs avg=2.56 p95=4.02 renderMs avg=5.33 p95=7.20 gameP50=2.290 gameP99=10.064
2026.09.29-05.26.52 PERF summary scope=artHudSlate impl=slate swaps=22 periodS=3.0 elapsed=100.0 frames=907 fps=29.73 frameMs avg=33.64 p50=33.33 p95=34.32 p99=42.85 max=46.87 hitches50=0 gpuMs avg=2.08 p50=2.03 p95=2.35 gameMs avg=2.56 p95=3.74 renderMs avg=5.53 p95=7.29 gameP50=2.401 gameP99=10.236
2026.09.29-05.26.52 --- S08 trace close ---
