2026.09.27-12.36.43 S09AUTO config flow=1 boost=0 shotDir=C:\Users\ren\AppData\Local\Temp\s09-duel-20260927-173637-45088\joiner
2026.09.27-12.36.58 S09AUTO drive mode=0 plan=[defend+resolve+scheme] phase= turn=
2026.09.27-12.36.58 SNAPSHOT applied seq=2 phase=COMBAT
2026.09.27-12.36.58 MODE seq=2 mode=4 combat=1 pending=0
2026.09.27-12.36.58 S09AUTO drive mode=4 plan=[defend+resolve+scheme] phase=COMBAT turn=cmuhntivg0000wib0anhqyswc
2026.09.27-12.36.58 S09AUTO defense-window shot
2026.09.27-12.36.58 S09AUTO defense card picked
2026.09.27-12.36.58 S09AUTO defense card picked
2026.09.27-12.36.58 SNAPSHOT applied seq=2 phase=COMBAT
2026.09.27-12.36.58 MODE seq=2 mode=4 combat=1 pending=0
2026.09.27-12.36.58 S09AUTO defense card picked
2026.09.27-12.36.58 DEFENSE sent
2026.09.27-12.36.58 SNAPSHOT applied seq=3 phase=COMBAT_RESOLVE
2026.09.27-12.36.58 MODE seq=3 mode=5 combat=1 pending=0
2026.09.27-12.36.58 SNAPSHOT applied seq=3 phase=COMBAT_RESOLVE
2026.09.27-12.36.58 MODE seq=3 mode=5 combat=1 pending=0
2026.09.27-12.36.58 S09AUTO drive mode=5 plan=[defend+resolve+scheme] phase=COMBAT_RESOLVE turn=cmuhntivg0000wib0anhqyswc
2026.09.27-12.36.58 S09AUTO resolve-window shot
2026.09.27-12.36.58 S09AUTO resolve
2026.09.27-12.36.58 RESOLVE sent
2026.09.27-12.36.58 SNAPSHOT applied seq=4 phase=COMBAT_RESOLVE
2026.09.27-12.36.58 MODE seq=4 mode=5 combat=1 pending=1
2026.09.27-12.36.58 RESOLVE panel revealed: A3+B0 vs D3
2026.09.27-12.36.58 RESOLVE panel blocked by pending (type=BOOST_CHOICE id=cmuhgvgkf00smwi9gaeymh3ur-during-0-boost-3)
2026.09.27-12.36.58 SNAPSHOT applied seq=4 phase=COMBAT_RESOLVE
2026.09.27-12.36.58 MODE seq=4 mode=5 combat=1 pending=1
2026.09.27-12.36.58 S09AUTO resolve-revealed shot
2026.09.27-12.36.58 S09AUTO resolve-blocked shot (type=BOOST_CHOICE)
2026.09.27-12.37.02 SNAPSHOT applied seq=5 phase=ACTION_MANEUVER
2026.09.27-12.37.02 COMBAT-RESULT seq=5 damage=3 role=defended
2026.09.27-12.37.02 S09AUTO combat-result shot
2026.09.27-12.37.02 SHOT requested: FScreenshotRequest(bShowUI) -> C:\Users\ren\AppData\Local\Temp\s09-duel-20260927-173637-45088\joiner/s09-combat-result.png
2026.09.27-12.37.02 RESOLVE panel revealed: A3+B0 vs D3
2026.09.27-12.37.02 MODE seq=5 mode=0 combat=0 pending=0
2026.09.27-12.37.02 S09AUTO drive mode=0 plan=[defend+resolve+scheme] phase=ACTION_MANEUVER turn=cmuhntivg0000wib0anhqyswc
2026.09.27-12.37.02 SNAPSHOT applied seq=6 phase=ACTION_MANEUVER
2026.09.27-12.37.02 MODE seq=6 mode=0 combat=0 pending=0
2026.09.27-12.37.04 SNAPSHOT applied seq=7 phase=ACTION_MANEUVER
2026.09.27-12.37.04 MODE seq=7 mode=0 combat=0 pending=0
2026.09.27-12.37.04 S09AUTO own turn #0 (turnCount=2)
2026.09.27-12.37.04 SNAPSHOT applied seq=8 phase=ACTION_MANEUVER
2026.09.27-12.37.04 MODE seq=8 mode=1 combat=0 pending=0
2026.09.27-12.37.04 SNAPSHOT applied seq=8 phase=ACTION_MANEUVER
2026.09.27-12.37.04 MODE seq=8 mode=1 combat=0 pending=0
2026.09.27-12.37.04 S09AUTO drive mode=1 plan=[defend+resolve+scheme] phase=ACTION_MANEUVER turn=cmuhntiwu0001wib0z281rpa8
2026.09.27-12.37.05 S09AUTO draft-open shot (maneuver marker live)
2026.09.27-12.37.05 SNAPSHOT applied seq=9 phase=ACTION_MANEUVER
2026.09.27-12.37.05 MODE seq=9 mode=0 combat=0 pending=0
2026.09.27-12.37.05 SNAPSHOT applied seq=9 phase=ACTION_MANEUVER
2026.09.27-12.37.05 MODE seq=9 mode=0 combat=0 pending=0
2026.09.27-12.37.06 S09AUTO drive mode=0 plan=[defend+resolve+scheme] phase=ACTION_MANEUVER turn=cmuhntiwu0001wib0z281rpa8
2026.09.27-12.37.06 SNAPSHOT applied seq=10 phase=ACTION_MANEUVER
2026.09.27-12.37.06 MODE seq=10 mode=1 combat=0 pending=0
2026.09.27-12.37.06 SNAPSHOT applied seq=10 phase=ACTION_MANEUVER
2026.09.27-12.37.06 MODE seq=10 mode=1 combat=0 pending=0
2026.09.27-12.37.06 S09AUTO drive mode=1 plan=[defend+resolve+scheme] phase=ACTION_MANEUVER turn=cmuhntiwu0001wib0z281rpa8
2026.09.27-12.37.06 SNAPSHOT applied seq=11 phase=ACTION_MANEUVER
2026.09.27-12.37.06 MODE seq=11 mode=0 combat=0 pending=0
2026.09.27-12.37.06 SNAPSHOT applied seq=11 phase=ACTION_MANEUVER
2026.09.27-12.37.06 MODE seq=11 mode=0 combat=0 pending=0
2026.09.27-12.37.06 SNAPSHOT applied seq=12 phase=ACTION_MANEUVER
2026.09.27-12.37.06 MODE seq=12 mode=0 combat=0 pending=0
2026.09.27-12.37.07 SNAPSHOT applied seq=13 phase=ACTION_MANEUVER
2026.09.27-12.37.07 MODE seq=13 mode=0 combat=0 pending=0
2026.09.27-12.37.08 S09AUTO drive mode=0 plan=[defend+resolve+scheme] phase=ACTION_MANEUVER turn=cmuhntivg0000wib0anhqyswc
2026.09.27-12.37.08 SNAPSHOT applied seq=14 phase=ACTION_MANEUVER
2026.09.27-12.37.08 MODE seq=14 mode=0 combat=0 pending=0
2026.09.27-12.37.08 SNAPSHOT applied seq=15 phase=ACTION_MANEUVER
2026.09.27-12.37.08 MODE seq=15 mode=0 combat=0 pending=0
2026.09.27-12.37.08 S09AUTO own turn #1 (turnCount=4)
2026.09.27-12.37.08 SNAPSHOT applied seq=16 phase=ACTION_MANEUVER
2026.09.27-12.37.08 MODE seq=16 mode=1 combat=0 pending=0
2026.09.27-12.37.08 SNAPSHOT applied seq=16 phase=ACTION_MANEUVER
2026.09.27-12.37.08 MODE seq=16 mode=1 combat=0 pending=0
2026.09.27-12.37.08 S09AUTO drive mode=1 plan=[defend+resolve+scheme] phase=ACTION_MANEUVER turn=cmuhntiwu0001wib0z281rpa8
2026.09.27-12.37.08 S09AUTO zero-move confirm (draw only, no movement)
2026.09.27-12.37.08 SNAPSHOT applied seq=17 phase=ACTION_MANEUVER
2026.09.27-12.37.08 MODE seq=17 mode=0 combat=0 pending=0
2026.09.27-12.37.08 SNAPSHOT applied seq=17 phase=ACTION_MANEUVER
2026.09.27-12.37.08 MODE seq=17 mode=0 combat=0 pending=0
2026.09.27-12.37.09 S09AUTO drive mode=0 plan=[defend+resolve+scheme] phase=ACTION_MANEUVER turn=cmuhntiwu0001wib0z281rpa8
2026.09.27-12.37.09 SNAPSHOT applied seq=18 phase=ACTION_MANEUVER
2026.09.27-12.37.09 MODE seq=18 mode=1 combat=0 pending=0
2026.09.27-12.37.09 SNAPSHOT applied seq=18 phase=ACTION_MANEUVER
2026.09.27-12.37.09 MODE seq=18 mode=1 combat=0 pending=0
2026.09.27-12.37.09 S09AUTO drive mode=1 plan=[defend+resolve+scheme] phase=ACTION_MANEUVER turn=cmuhntiwu0001wib0z281rpa8
2026.09.27-12.37.09 SNAPSHOT applied seq=19 phase=TURN_END
2026.09.27-12.37.09 MODE seq=19 mode=2 combat=0 pending=0
2026.09.27-12.37.09 SNAPSHOT applied seq=19 phase=TURN_END
2026.09.27-12.37.09 MODE seq=19 mode=2 combat=0 pending=0
2026.09.27-12.37.10 S09AUTO drive mode=2 plan=[defend+resolve+scheme] phase=TURN_END turn=cmuhntiwu0001wib0z281rpa8
2026.09.27-12.37.10 S09AUTO discard picks=1
2026.09.27-12.37.11 SNAPSHOT applied seq=20 phase=ACTION_MANEUVER
2026.09.27-12.37.11 MODE seq=20 mode=0 combat=0 pending=0
2026.09.27-12.37.11 SNAPSHOT applied seq=20 phase=ACTION_MANEUVER
2026.09.27-12.37.11 MODE seq=20 mode=0 combat=0 pending=0
2026.09.27-12.37.11 SNAPSHOT applied seq=21 phase=ACTION_MANEUVER
2026.09.27-12.37.11 MODE seq=21 mode=0 combat=0 pending=0
2026.09.27-12.37.11 SNAPSHOT applied seq=22 phase=ACTION_MANEUVER
2026.09.27-12.37.11 MODE seq=22 mode=0 combat=0 pending=0
2026.09.27-12.37.12 S09AUTO drive mode=0 plan=[defend+resolve+scheme] phase=ACTION_MANEUVER turn=cmuhntivg0000wib0anhqyswc
2026.09.27-12.37.12 SNAPSHOT applied seq=23 phase=ACTION_MANEUVER
2026.09.27-12.37.12 MODE seq=23 mode=0 combat=0 pending=0
2026.09.27-12.37.12 SNAPSHOT applied seq=24 phase=TURN_END
2026.09.27-12.37.12 MODE seq=24 mode=0 combat=0 pending=0
2026.09.27-12.37.13 SNAPSHOT applied seq=25 phase=ACTION_MANEUVER
2026.09.27-12.37.13 MODE seq=25 mode=0 combat=0 pending=0
2026.09.27-12.37.13 S09AUTO own turn #2 (turnCount=6)
2026.09.27-12.37.13 SNAPSHOT applied seq=26 phase=ACTION_MANEUVER
2026.09.27-12.37.13 MODE seq=26 mode=1 combat=0 pending=0
2026.09.27-12.37.13 SNAPSHOT applied seq=26 phase=ACTION_MANEUVER
2026.09.27-12.37.13 MODE seq=26 mode=1 combat=0 pending=0
2026.09.27-12.37.13 S09AUTO drive mode=1 plan=[defend+resolve+scheme] phase=ACTION_MANEUVER turn=cmuhntiwu0001wib0z281rpa8
2026.09.27-12.37.13 S09AUTO multi-fighter moves=2
2026.09.27-12.37.13 SNAPSHOT applied seq=27 phase=ACTION_MANEUVER
2026.09.27-12.37.13 MODE seq=27 mode=0 combat=0 pending=0
2026.09.27-12.37.13 SNAPSHOT applied seq=27 phase=ACTION_MANEUVER
2026.09.27-12.37.13 MODE seq=27 mode=0 combat=0 pending=0
2026.09.27-12.37.15 S09AUTO drive mode=0 plan=[defend+resolve+scheme] phase=ACTION_MANEUVER turn=cmuhntiwu0001wib0z281rpa8
2026.09.27-12.37.15 SNAPSHOT applied seq=28 phase=ACTION_MANEUVER
2026.09.27-12.37.15 MODE seq=28 mode=1 combat=0 pending=0
2026.09.27-12.37.15 SNAPSHOT applied seq=28 phase=ACTION_MANEUVER
2026.09.27-12.37.15 MODE seq=28 mode=1 combat=0 pending=0
2026.09.27-12.37.15 S09AUTO drive mode=1 plan=[defend+resolve+scheme] phase=ACTION_MANEUVER turn=cmuhntiwu0001wib0z281rpa8
2026.09.27-12.37.15 SNAPSHOT applied seq=29 phase=TURN_END
2026.09.27-12.37.15 MODE seq=29 mode=2 combat=0 pending=0
2026.09.27-12.37.15 SNAPSHOT applied seq=29 phase=TURN_END
2026.09.27-12.37.15 MODE seq=29 mode=2 combat=0 pending=0
2026.09.27-12.37.16 S09AUTO drive mode=2 plan=[defend+resolve+scheme] phase=TURN_END turn=cmuhntiwu0001wib0z281rpa8
2026.09.27-12.37.16 S09AUTO discard picks=2
2026.09.27-12.37.16 SNAPSHOT applied seq=30 phase=ACTION_MANEUVER
2026.09.27-12.37.16 MODE seq=30 mode=0 combat=0 pending=1
2026.09.27-12.37.16 SNAPSHOT applied seq=30 phase=ACTION_MANEUVER
2026.09.27-12.37.16 MODE seq=30 mode=0 combat=0 pending=1
2026.09.27-12.37.16 SNAPSHOT applied seq=31 phase=ACTION_MANEUVER
2026.09.27-12.37.16 MODE seq=31 mode=0 combat=0 pending=0
2026.09.27-12.37.16 SNAPSHOT applied seq=32 phase=ACTION_MANEUVER
2026.09.27-12.37.16 MODE seq=32 mode=0 combat=0 pending=0
2026.09.27-12.37.16 SNAPSHOT applied seq=33 phase=ACTION_MANEUVER
2026.09.27-12.37.16 MODE seq=33 mode=0 combat=0 pending=0
2026.09.27-12.37.17 S09AUTO drive mode=0 plan=[defend+resolve+scheme] phase=ACTION_MANEUVER turn=cmuhntivg0000wib0anhqyswc
2026.09.27-12.37.18 SNAPSHOT applied seq=34 phase=ACTION_MANEUVER
2026.09.27-12.37.18 MODE seq=34 mode=0 combat=0 pending=0
2026.09.27-12.37.18 SNAPSHOT applied seq=35 phase=TURN_END
2026.09.27-12.37.18 MODE seq=35 mode=0 combat=0 pending=0
2026.09.27-12.37.19 SNAPSHOT applied seq=36 phase=ACTION_MANEUVER
2026.09.27-12.37.19 MODE seq=36 mode=0 combat=0 pending=0
2026.09.27-12.37.19 S09AUTO own turn #3 (turnCount=8)
2026.09.27-12.37.19 SNAPSHOT applied seq=37 phase=ACTION_MANEUVER
2026.09.27-12.37.19 MODE seq=37 mode=1 combat=0 pending=0
2026.09.27-12.37.19 SNAPSHOT applied seq=37 phase=ACTION_MANEUVER
2026.09.27-12.37.19 MODE seq=37 mode=1 combat=0 pending=0
2026.09.27-12.37.19 S09AUTO drive mode=1 plan=[defend+resolve+scheme] phase=ACTION_MANEUVER turn=cmuhntiwu0001wib0z281rpa8
2026.09.27-12.37.19 SNAPSHOT applied seq=38 phase=ACTION_MANEUVER
2026.09.27-12.37.19 MODE seq=38 mode=0 combat=0 pending=0
2026.09.27-12.37.19 SNAPSHOT applied seq=38 phase=ACTION_MANEUVER
2026.09.27-12.37.19 MODE seq=38 mode=0 combat=0 pending=0
2026.09.27-12.37.20 S09AUTO drive mode=0 plan=[defend+resolve+scheme] phase=ACTION_MANEUVER turn=cmuhntiwu0001wib0z281rpa8
2026.09.27-12.37.20 SNAPSHOT applied seq=39 phase=ACTION_MANEUVER
2026.09.27-12.37.20 MODE seq=39 mode=1 combat=0 pending=0
2026.09.27-12.37.20 SNAPSHOT applied seq=39 phase=ACTION_MANEUVER
2026.09.27-12.37.20 MODE seq=39 mode=1 combat=0 pending=0
2026.09.27-12.37.20 S09AUTO drive mode=1 plan=[defend+resolve+scheme] phase=ACTION_MANEUVER turn=cmuhntiwu0001wib0z281rpa8
2026.09.27-12.37.20 SNAPSHOT applied seq=40 phase=TURN_END
2026.09.27-12.37.20 MODE seq=40 mode=2 combat=0 pending=0
2026.09.27-12.37.20 SNAPSHOT applied seq=40 phase=TURN_END
2026.09.27-12.37.20 MODE seq=40 mode=2 combat=0 pending=0
2026.09.27-12.37.22 S09AUTO drive mode=2 plan=[defend+resolve+scheme] phase=TURN_END turn=cmuhntiwu0001wib0z281rpa8
2026.09.27-12.37.22 S09AUTO discard picks=2
2026.09.27-12.37.22 SNAPSHOT applied seq=41 phase=ACTION_MANEUVER
2026.09.27-12.37.22 MODE seq=41 mode=0 combat=0 pending=1
2026.09.27-12.37.22 SNAPSHOT applied seq=41 phase=ACTION_MANEUVER
2026.09.27-12.37.22 MODE seq=41 mode=0 combat=0 pending=1
2026.09.27-12.37.22 SNAPSHOT applied seq=42 phase=ACTION_MANEUVER
2026.09.27-12.37.22 MODE seq=42 mode=0 combat=0 pending=0
2026.09.27-12.37.22 SNAPSHOT applied seq=43 phase=ACTION_MANEUVER
2026.09.27-12.37.22 MODE seq=43 mode=0 combat=0 pending=0
2026.09.27-12.37.22 SNAPSHOT applied seq=44 phase=ACTION_MANEUVER
2026.09.27-12.37.22 MODE seq=44 mode=0 combat=0 pending=0
2026.09.27-12.37.23 S09AUTO drive mode=0 plan=[defend+resolve+scheme] phase=ACTION_MANEUVER turn=cmuhntivg0000wib0anhqyswc
2026.09.27-12.37.23 SNAPSHOT applied seq=45 phase=ACTION_MANEUVER
2026.09.27-12.37.23 MODE seq=45 mode=0 combat=0 pending=0
2026.09.27-12.37.23 SNAPSHOT applied seq=46 phase=TURN_END
2026.09.27-12.37.23 MODE seq=46 mode=0 combat=0 pending=0
2026.09.27-12.37.24 SNAPSHOT applied seq=47 phase=ACTION_MANEUVER
2026.09.27-12.37.24 MODE seq=47 mode=0 combat=0 pending=0
2026.09.27-12.37.25 S09AUTO own turn #4 (turnCount=10)
2026.09.27-12.37.25 S09AUTO scheme
2026.09.27-12.37.25 SNAPSHOT applied seq=48 phase=ACTION_MANEUVER
2026.09.27-12.37.25 MODE seq=48 mode=6 combat=0 pending=1
2026.09.27-12.37.25 SCHEME done seq=48 (apply) phase=ACTION_MANEUVER
2026.09.27-12.37.25 SNAPSHOT applied seq=48 phase=ACTION_MANEUVER
2026.09.27-12.37.25 MODE seq=48 mode=6 combat=0 pending=1
2026.09.27-12.37.26 S09AUTO drive mode=6 plan=[defend+resolve+scheme] phase=ACTION_MANEUVER turn=cmuhntiwu0001wib0z281rpa8
2026.09.27-12.37.26 S09AUTO pending-open shot (type=MOVE stage=0 mode=)
2026.09.27-12.37.26 PEND-RESOLVE sent type=MOVE stage=0 id=cmuhgvgi100oowi9gxm86n50b-fullText-0-p0
2026.09.27-12.37.26 SNAPSHOT applied seq=49 phase=ACTION_MANEUVER
2026.09.27-12.37.26 MODE seq=49 mode=6 combat=0 pending=1
2026.09.27-12.37.26 PEND resolve done seq=49 (apply) phase=ACTION_MANEUVER
2026.09.27-12.37.26 SNAPSHOT applied seq=49 phase=ACTION_MANEUVER
2026.09.27-12.37.26 MODE seq=49 mode=6 combat=0 pending=1
2026.09.27-12.37.26 PEND-RESOLVE sent type=MOVE stage=0 id=cmuhgvgi100oowi9gxm86n50b-fullText-0-p1
2026.09.27-12.37.26 S09AUTO pending picked (type=MOVE stage=0)
2026.09.27-12.37.26 SNAPSHOT applied seq=50 phase=ACTION_MANEUVER
2026.09.27-12.37.26 MODE seq=50 mode=6 combat=0 pending=1
2026.09.27-12.37.26 SNAPSHOT applied seq=50 phase=ACTION_MANEUVER
2026.09.27-12.37.26 MODE seq=50 mode=6 combat=0 pending=1
2026.09.27-12.37.26 PEND resolve done seq=50 (merge) phase=ACTION_MANEUVER
2026.09.27-12.37.26 PEND-RESOLVE sent type=MOVE stage=0 id=cmuhgvgi100oowi9gxm86n50b-fullText-0-p2
2026.09.27-12.37.26 S09AUTO pending picked (type=MOVE stage=0)
2026.09.27-12.37.26 SNAPSHOT applied seq=51 phase=ACTION_MANEUVER
2026.09.27-12.37.26 MODE seq=51 mode=6 combat=0 pending=1
2026.09.27-12.37.26 SNAPSHOT applied seq=51 phase=ACTION_MANEUVER
2026.09.27-12.37.26 MODE seq=51 mode=6 combat=0 pending=1
2026.09.27-12.37.26 PEND resolve done seq=51 (merge) phase=ACTION_MANEUVER
2026.09.27-12.37.26 PEND-RESOLVE sent type=MOVE stage=0 id=cmuhgvgi100oowi9gxm86n50b-fullText-0-p3
2026.09.27-12.37.26 S09AUTO pending picked (type=MOVE stage=0)
2026.09.27-12.37.26 SNAPSHOT applied seq=52 phase=ACTION_MANEUVER
2026.09.27-12.37.26 MODE seq=52 mode=6 combat=0 pending=1
2026.09.27-12.37.26 PEND resolve done seq=52 (apply) phase=ACTION_MANEUVER
2026.09.27-12.37.26 SNAPSHOT applied seq=52 phase=ACTION_MANEUVER
2026.09.27-12.37.26 MODE seq=52 mode=6 combat=0 pending=1
2026.09.27-12.37.26 PEND-RESOLVE sent type=MOVE stage=0 id=cmuhgvgi100oowi9gxm86n50b-fullText-0-p4
2026.09.27-12.37.26 S09AUTO pending picked (type=MOVE stage=0)
2026.09.27-12.37.26 SNAPSHOT applied seq=53 phase=ACTION_MANEUVER
2026.09.27-12.37.26 MODE seq=53 mode=6 combat=0 pending=1
2026.09.27-12.37.26 SNAPSHOT applied seq=53 phase=ACTION_MANEUVER
2026.09.27-12.37.26 MODE seq=53 mode=6 combat=0 pending=1
2026.09.27-12.37.26 PEND resolve done seq=53 (merge) phase=ACTION_MANEUVER
2026.09.27-12.37.26 PEND-RESOLVE sent type=MOVE stage=0 id=cmuhgvgi100oowi9gxm86n50b-fullText-0-p5
2026.09.27-12.37.26 S09AUTO pending picked (type=MOVE stage=0)
2026.09.27-12.37.26 SNAPSHOT applied seq=54 phase=ACTION_MANEUVER
2026.09.27-12.37.26 MODE seq=54 mode=0 combat=0 pending=0
2026.09.27-12.37.26 SNAPSHOT applied seq=54 phase=ACTION_MANEUVER
2026.09.27-12.37.26 MODE seq=54 mode=0 combat=0 pending=0
2026.09.27-12.37.26 PEND resolve done seq=54 (merge) phase=ACTION_MANEUVER
2026.09.27-12.37.26 S09AUTO drive mode=0 plan=[defend+resolve+scheme] phase=ACTION_MANEUVER turn=cmuhntiwu0001wib0z281rpa8
2026.09.27-12.37.26 SNAPSHOT applied seq=55 phase=ACTION_MANEUVER
2026.09.27-12.37.26 MODE seq=55 mode=1 combat=0 pending=0
2026.09.27-12.37.27 SNAPSHOT applied seq=55 phase=ACTION_MANEUVER
2026.09.27-12.37.27 MODE seq=55 mode=1 combat=0 pending=0
2026.09.27-12.37.27 S09AUTO drive mode=1 plan=[defend+resolve+scheme] phase=ACTION_MANEUVER turn=cmuhntiwu0001wib0z281rpa8
2026.09.27-12.37.27 SNAPSHOT applied seq=56 phase=ACTION_MANEUVER
2026.09.27-12.37.27 MODE seq=56 mode=0 combat=0 pending=1
2026.09.27-12.37.27 SNAPSHOT applied seq=56 phase=ACTION_MANEUVER
2026.09.27-12.37.27 MODE seq=56 mode=0 combat=0 pending=1
2026.09.27-12.37.27 SNAPSHOT applied seq=57 phase=ACTION_MANEUVER
2026.09.27-12.37.27 MODE seq=57 mode=0 combat=0 pending=0
2026.09.27-12.37.27 SNAPSHOT applied seq=58 phase=ACTION_MANEUVER
2026.09.27-12.37.27 MODE seq=58 mode=0 combat=0 pending=1
2026.09.27-12.37.28 S09AUTO drive mode=0 plan=[defend+resolve+scheme] phase=ACTION_MANEUVER turn=cmuhntivg0000wib0anhqyswc
2026.09.27-12.37.28 SNAPSHOT applied seq=59 phase=ACTION_MANEUVER
2026.09.27-12.37.28 MODE seq=59 mode=0 combat=0 pending=1
2026.09.27-12.37.28 SNAPSHOT applied seq=60 phase=ACTION_MANEUVER
2026.09.27-12.37.28 MODE seq=60 mode=0 combat=0 pending=1
2026.09.27-12.37.28 SNAPSHOT applied seq=61 phase=ACTION_MANEUVER
2026.09.27-12.37.28 MODE seq=61 mode=0 combat=0 pending=1
2026.09.27-12.37.28 SNAPSHOT applied seq=62 phase=ACTION_MANEUVER
2026.09.27-12.37.28 MODE seq=62 mode=0 combat=0 pending=0
2026.09.27-12.37.29 SNAPSHOT applied seq=63 phase=ACTION_MANEUVER
2026.09.27-12.37.29 MODE seq=63 mode=0 combat=0 pending=0
2026.09.27-12.37.29 SNAPSHOT applied seq=64 phase=ACTION_MANEUVER
2026.09.27-12.37.29 MODE seq=64 mode=0 combat=0 pending=0
2026.09.27-12.37.29 S09AUTO own turn #5 (turnCount=12)
2026.09.27-12.37.29 SNAPSHOT applied seq=65 phase=ACTION_MANEUVER
2026.09.27-12.37.29 MODE seq=65 mode=1 combat=0 pending=0
2026.09.27-12.37.29 SNAPSHOT applied seq=65 phase=ACTION_MANEUVER
2026.09.27-12.37.29 MODE seq=65 mode=1 combat=0 pending=0
2026.09.27-12.37.29 S09AUTO drive mode=1 plan=[defend+resolve+scheme] phase=ACTION_MANEUVER turn=cmuhntiwu0001wib0z281rpa8
2026.09.27-12.37.29 SNAPSHOT applied seq=66 phase=ACTION_MANEUVER
2026.09.27-12.37.29 MODE seq=66 mode=0 combat=0 pending=0
2026.09.27-12.37.29 SNAPSHOT applied seq=66 phase=ACTION_MANEUVER
2026.09.27-12.37.29 MODE seq=66 mode=0 combat=0 pending=0
2026.09.27-12.37.30 S09AUTO drive mode=0 plan=[defend+resolve+scheme] phase=ACTION_MANEUVER turn=cmuhntiwu0001wib0z281rpa8
2026.09.27-12.37.30 SNAPSHOT applied seq=67 phase=ACTION_MANEUVER
2026.09.27-12.37.30 MODE seq=67 mode=1 combat=0 pending=0
2026.09.27-12.37.30 SNAPSHOT applied seq=67 phase=ACTION_MANEUVER
2026.09.27-12.37.30 MODE seq=67 mode=1 combat=0 pending=0
2026.09.27-12.37.30 S09AUTO drive mode=1 plan=[defend+resolve+scheme] phase=ACTION_MANEUVER turn=cmuhntiwu0001wib0z281rpa8
2026.09.27-12.37.30 SNAPSHOT applied seq=68 phase=TURN_END
2026.09.27-12.37.30 MODE seq=68 mode=2 combat=0 pending=0
2026.09.27-12.37.30 SNAPSHOT applied seq=68 phase=TURN_END
2026.09.27-12.37.30 MODE seq=68 mode=2 combat=0 pending=0
2026.09.27-12.37.31 S09AUTO drive mode=2 plan=[defend+resolve+scheme] phase=TURN_END turn=cmuhntiwu0001wib0z281rpa8
2026.09.27-12.37.31 S09AUTO discard picks=2
2026.09.27-12.37.31 SNAPSHOT applied seq=69 phase=ACTION_MANEUVER
2026.09.27-12.37.31 MODE seq=69 mode=0 combat=0 pending=1
2026.09.27-12.37.31 SNAPSHOT applied seq=69 phase=ACTION_MANEUVER
2026.09.27-12.37.31 MODE seq=69 mode=0 combat=0 pending=1
2026.09.27-12.37.31 SNAPSHOT applied seq=70 phase=ACTION_MANEUVER
2026.09.27-12.37.31 MODE seq=70 mode=0 combat=0 pending=0
2026.09.27-12.37.32 SNAPSHOT applied seq=71 phase=ACTION_MANEUVER
2026.09.27-12.37.32 MODE seq=71 mode=0 combat=0 pending=0
2026.09.27-12.37.32 SNAPSHOT applied seq=72 phase=ACTION_MANEUVER
2026.09.27-12.37.32 MODE seq=72 mode=0 combat=0 pending=0
2026.09.27-12.37.33 S09AUTO drive mode=0 plan=[defend+resolve+scheme] phase=ACTION_MANEUVER turn=cmuhntivg0000wib0anhqyswc
2026.09.27-12.37.33 SNAPSHOT applied seq=73 phase=ACTION_MANEUVER
2026.09.27-12.37.33 MODE seq=73 mode=0 combat=0 pending=0
2026.09.27-12.37.33 SNAPSHOT applied seq=74 phase=TURN_END
2026.09.27-12.37.33 MODE seq=74 mode=0 combat=0 pending=0
2026.09.27-12.37.34 SNAPSHOT applied seq=75 phase=ACTION_MANEUVER
2026.09.27-12.37.34 MODE seq=75 mode=0 combat=0 pending=0
2026.09.27-12.37.34 S09AUTO own turn #6 (turnCount=14)
2026.09.27-12.37.34 SNAPSHOT applied seq=76 phase=ACTION_MANEUVER
2026.09.27-12.37.34 MODE seq=76 mode=1 combat=0 pending=0
2026.09.27-12.37.34 SNAPSHOT applied seq=76 phase=ACTION_MANEUVER
2026.09.27-12.37.34 MODE seq=76 mode=1 combat=0 pending=0
2026.09.27-12.37.34 S09AUTO drive mode=1 plan=[defend+resolve+scheme] phase=ACTION_MANEUVER turn=cmuhntiwu0001wib0z281rpa8
2026.09.27-12.37.34 SNAPSHOT applied seq=77 phase=ACTION_MANEUVER
2026.09.27-12.37.34 MODE seq=77 mode=0 combat=0 pending=0
2026.09.27-12.37.34 SNAPSHOT applied seq=77 phase=ACTION_MANEUVER
2026.09.27-12.37.34 MODE seq=77 mode=0 combat=0 pending=0
2026.09.27-12.37.36 S09AUTO drive mode=0 plan=[defend+resolve+scheme] phase=ACTION_MANEUVER turn=cmuhntiwu0001wib0z281rpa8
2026.09.27-12.37.36 SNAPSHOT applied seq=78 phase=ACTION_MANEUVER
2026.09.27-12.37.36 MODE seq=78 mode=1 combat=0 pending=0
2026.09.27-12.37.36 SNAPSHOT applied seq=78 phase=ACTION_MANEUVER
2026.09.27-12.37.36 MODE seq=78 mode=1 combat=0 pending=0
2026.09.27-12.37.36 S09AUTO drive mode=1 plan=[defend+resolve+scheme] phase=ACTION_MANEUVER turn=cmuhntiwu0001wib0z281rpa8
2026.09.27-12.37.36 SNAPSHOT applied seq=79 phase=TURN_END
2026.09.27-12.37.36 MODE seq=79 mode=2 combat=0 pending=0
2026.09.27-12.37.36 SNAPSHOT applied seq=79 phase=TURN_END
2026.09.27-12.37.36 MODE seq=79 mode=2 combat=0 pending=0
2026.09.27-12.37.37 S09AUTO drive mode=2 plan=[defend+resolve+scheme] phase=TURN_END turn=cmuhntiwu0001wib0z281rpa8
2026.09.27-12.37.37 S09AUTO discard picks=2
2026.09.27-12.37.37 SNAPSHOT applied seq=80 phase=ACTION_MANEUVER
2026.09.27-12.37.37 MODE seq=80 mode=0 combat=0 pending=1
2026.09.27-12.37.37 SNAPSHOT applied seq=80 phase=ACTION_MANEUVER
2026.09.27-12.37.37 MODE seq=80 mode=0 combat=0 pending=1
2026.09.27-12.37.37 SNAPSHOT applied seq=81 phase=ACTION_MANEUVER
2026.09.27-12.37.37 MODE seq=81 mode=0 combat=0 pending=0
2026.09.27-12.37.37 SNAPSHOT applied seq=82 phase=ACTION_MANEUVER
2026.09.27-12.37.37 MODE seq=82 mode=0 combat=0 pending=0
2026.09.27-12.37.37 SNAPSHOT applied seq=83 phase=ACTION_MANEUVER
2026.09.27-12.37.37 MODE seq=83 mode=0 combat=0 pending=0
2026.09.27-12.37.38 S09AUTO drive mode=0 plan=[defend+resolve+scheme] phase=ACTION_MANEUVER turn=cmuhntivg0000wib0anhqyswc
2026.09.27-12.37.39 SNAPSHOT applied seq=84 phase=COMBAT
2026.09.27-12.37.39 MODE seq=84 mode=4 combat=1 pending=0
2026.09.27-12.37.39 S09AUTO drive mode=4 plan=[defend+resolve+scheme] phase=COMBAT turn=cmuhntivg0000wib0anhqyswc
2026.09.27-12.37.39 S09AUTO defense card picked
2026.09.27-12.37.39 DEFENSE sent
2026.09.27-12.37.39 SNAPSHOT applied seq=85 phase=COMBAT_RESOLVE
2026.09.27-12.37.39 MODE seq=85 mode=5 combat=1 pending=0
2026.09.27-12.37.39 SNAPSHOT applied seq=85 phase=COMBAT_RESOLVE
2026.09.27-12.37.39 MODE seq=85 mode=5 combat=1 pending=0
2026.09.27-12.37.39 S09AUTO drive mode=5 plan=[defend+resolve+scheme] phase=COMBAT_RESOLVE turn=cmuhntivg0000wib0anhqyswc
2026.09.27-12.37.39 S09AUTO resolve
2026.09.27-12.37.39 RESOLVE sent
2026.09.27-12.37.39 SNAPSHOT applied seq=86 phase=COMBAT_RESOLVE
2026.09.27-12.37.39 MODE seq=86 mode=5 combat=1 pending=1
2026.09.27-12.37.39 RESOLVE panel revealed: A3+B0 vs D4
2026.09.27-12.37.39 RESOLVE panel blocked by pending (type=BOOST_CHOICE id=cmuhgvgkf00smwi9gaeymh3ur-during-0-boost-85)
2026.09.27-12.37.39 SNAPSHOT applied seq=86 phase=COMBAT_RESOLVE
2026.09.27-12.37.39 MODE seq=86 mode=5 combat=1 pending=1
2026.09.27-12.37.39 S09AUTO resolve-blocked shot (type=BOOST_CHOICE)
2026.09.27-12.37.43 SNAPSHOT applied seq=87 phase=ACTION_MANEUVER
2026.09.27-12.37.43 COMBAT-RESULT seq=87 damage=2 role=defended
2026.09.27-12.37.43 RESOLVE panel revealed: A3+B0 vs D4
2026.09.27-12.37.43 MODE seq=87 mode=0 combat=0 pending=0
2026.09.27-12.37.43 S09AUTO drive mode=0 plan=[defend+resolve+scheme] phase=ACTION_MANEUVER turn=cmuhntiwu0001wib0z281rpa8
2026.09.27-12.37.43 S09AUTO own turn #7 (turnCount=16)
2026.09.27-12.37.43 SNAPSHOT applied seq=88 phase=ACTION_MANEUVER
2026.09.27-12.37.43 MODE seq=88 mode=1 combat=0 pending=0
2026.09.27-12.37.43 SNAPSHOT applied seq=88 phase=ACTION_MANEUVER
2026.09.27-12.37.43 MODE seq=88 mode=1 combat=0 pending=0
2026.09.27-12.37.43 S09AUTO drive mode=1 plan=[defend+resolve+scheme] phase=ACTION_MANEUVER turn=cmuhntiwu0001wib0z281rpa8
2026.09.27-12.37.43 SNAPSHOT applied seq=89 phase=ACTION_MANEUVER
2026.09.27-12.37.43 MODE seq=89 mode=0 combat=0 pending=0
2026.09.27-12.37.43 SNAPSHOT applied seq=89 phase=ACTION_MANEUVER
2026.09.27-12.37.43 MODE seq=89 mode=0 combat=0 pending=0
2026.09.27-12.37.44 S09AUTO drive mode=0 plan=[defend+resolve+scheme] phase=ACTION_MANEUVER turn=cmuhntiwu0001wib0z281rpa8
2026.09.27-12.37.45 SNAPSHOT applied seq=90 phase=ACTION_MANEUVER
2026.09.27-12.37.45 MODE seq=90 mode=1 combat=0 pending=0
2026.09.27-12.37.45 SNAPSHOT applied seq=90 phase=ACTION_MANEUVER
2026.09.27-12.37.45 MODE seq=90 mode=1 combat=0 pending=0
2026.09.27-12.37.45 S09AUTO drive mode=1 plan=[defend+resolve+scheme] phase=ACTION_MANEUVER turn=cmuhntiwu0001wib0z281rpa8
2026.09.27-12.37.45 SNAPSHOT applied seq=91 phase=TURN_END
2026.09.27-12.37.45 MODE seq=91 mode=2 combat=0 pending=0
2026.09.27-12.37.45 SNAPSHOT applied seq=91 phase=TURN_END
2026.09.27-12.37.45 MODE seq=91 mode=2 combat=0 pending=0
2026.09.27-12.37.46 S09AUTO drive mode=2 plan=[defend+resolve+scheme] phase=TURN_END turn=cmuhntiwu0001wib0z281rpa8
2026.09.27-12.37.46 S09AUTO discard picks=1
2026.09.27-12.37.46 SNAPSHOT applied seq=92 phase=ACTION_MANEUVER
2026.09.27-12.37.46 MODE seq=92 mode=0 combat=0 pending=1
2026.09.27-12.37.46 SNAPSHOT applied seq=92 phase=ACTION_MANEUVER
2026.09.27-12.37.46 MODE seq=92 mode=0 combat=0 pending=1
2026.09.27-12.37.46 SNAPSHOT applied seq=93 phase=ACTION_MANEUVER
2026.09.27-12.37.46 MODE seq=93 mode=0 combat=0 pending=0
2026.09.27-12.37.46 SNAPSHOT applied seq=94 phase=COMBAT
2026.09.27-12.37.46 MODE seq=94 mode=4 combat=1 pending=0
2026.09.27-12.37.47 S09AUTO drive mode=4 plan=[defend+resolve+scheme] phase=COMBAT turn=cmuhntivg0000wib0anhqyswc
2026.09.27-12.37.47 S09AUTO defense card picked
2026.09.27-12.37.47 DEFENSE sent
2026.09.27-12.37.47 SNAPSHOT applied seq=95 phase=COMBAT_RESOLVE
2026.09.27-12.37.47 MODE seq=95 mode=5 combat=1 pending=0
2026.09.27-12.37.47 SNAPSHOT applied seq=95 phase=COMBAT_RESOLVE
2026.09.27-12.37.47 MODE seq=95 mode=5 combat=1 pending=0
2026.09.27-12.37.47 S09AUTO drive mode=5 plan=[defend+resolve+scheme] phase=COMBAT_RESOLVE turn=cmuhntivg0000wib0anhqyswc
2026.09.27-12.37.47 S09AUTO resolve
2026.09.27-12.37.47 RESOLVE sent
2026.09.27-12.37.47 SNAPSHOT applied seq=96 phase=COMBAT_RESOLVE
2026.09.27-12.37.47 MODE seq=96 mode=6 combat=1 pending=1
2026.09.27-12.37.47 PENDING panel revealed: attack A2+B0 vs D4
2026.09.27-12.37.47 SNAPSHOT applied seq=96 phase=COMBAT_RESOLVE
2026.09.27-12.37.47 MODE seq=96 mode=6 combat=1 pending=1
2026.09.27-12.37.47 S09AUTO drive mode=6 plan=[defend+resolve+scheme] phase=COMBAT_RESOLVE turn=cmuhntivg0000wib0anhqyswc
2026.09.27-12.37.47 PEND-RESOLVE sent type=MOVE stage=0 id=cmuhgvgi800p4wi9greokvfle-after-0-p0
2026.09.27-12.37.47 S09AUTO pending picked (type=MOVE stage=0)
2026.09.27-12.37.47 SNAPSHOT applied seq=97 phase=ACTION_MANEUVER
2026.09.27-12.37.47 COMBAT-RESULT seq=97 damage=0 role=defended
2026.09.27-12.37.47 PENDING panel revealed: attack A2+B0 vs D4
2026.09.27-12.37.47 MODE seq=97 mode=0 combat=0 pending=0
2026.09.27-12.37.47 SNAPSHOT applied seq=97 phase=ACTION_MANEUVER
2026.09.27-12.37.47 MODE seq=97 mode=0 combat=0 pending=0
2026.09.27-12.37.47 PEND resolve done seq=97 (merge) phase=ACTION_MANEUVER
2026.09.27-12.37.47 S09AUTO drive mode=0 plan=[defend+resolve+scheme] phase=ACTION_MANEUVER turn=cmuhntivg0000wib0anhqyswc
2026.09.27-12.37.47 SNAPSHOT applied seq=98 phase=COMBAT
2026.09.27-12.37.47 MODE seq=98 mode=4 combat=1 pending=0
2026.09.27-12.37.47 S09AUTO drive mode=4 plan=[defend+resolve+scheme] phase=COMBAT turn=cmuhntivg0000wib0anhqyswc
2026.09.27-12.37.47 S09AUTO defense card picked
2026.09.27-12.37.47 DEFENSE sent
2026.09.27-12.37.47 SNAPSHOT applied seq=99 phase=COMBAT_RESOLVE
2026.09.27-12.37.47 MODE seq=99 mode=5 combat=1 pending=0
2026.09.27-12.37.47 SNAPSHOT applied seq=99 phase=COMBAT_RESOLVE
2026.09.27-12.37.47 MODE seq=99 mode=5 combat=1 pending=0
2026.09.27-12.37.47 S09AUTO drive mode=5 plan=[defend+resolve+scheme] phase=COMBAT_RESOLVE turn=cmuhntivg0000wib0anhqyswc
2026.09.27-12.37.47 S09AUTO resolve
2026.09.27-12.37.47 RESOLVE sent
2026.09.27-12.37.48 SNAPSHOT applied seq=100 phase=ACTION_MANEUVER
2026.09.27-12.37.48 COMBAT-RESULT seq=100 damage=1 role=defended
2026.09.27-12.37.48 MODE seq=100 mode=0 combat=0 pending=0
2026.09.27-12.37.48 SNAPSHOT applied seq=100 phase=ACTION_MANEUVER
2026.09.27-12.37.48 MODE seq=100 mode=0 combat=0 pending=0
2026.09.27-12.37.48 S09AUTO drive mode=0 plan=[defend+resolve+scheme] phase=ACTION_MANEUVER turn=cmuhntiwu0001wib0z281rpa8
2026.09.27-12.37.48 S09AUTO own turn #8 (turnCount=18)
2026.09.27-12.37.48 S09AUTO scheme
2026.09.27-12.37.48 SNAPSHOT applied seq=101 phase=ACTION_MANEUVER
2026.09.27-12.37.48 MODE seq=101 mode=6 combat=0 pending=1
2026.09.27-12.37.48 SCHEME done seq=101 (apply) phase=ACTION_MANEUVER
2026.09.27-12.37.48 SNAPSHOT applied seq=101 phase=ACTION_MANEUVER
2026.09.27-12.37.48 MODE seq=101 mode=6 combat=0 pending=1
2026.09.27-12.37.49 S09AUTO drive mode=6 plan=[defend+resolve+scheme] phase=ACTION_MANEUVER turn=cmuhntiwu0001wib0z281rpa8
2026.09.27-12.37.49 PEND-RESOLVE sent type=MOVE stage=0 id=cmuhgvgi100oowi9gxm86n50b-fullText-0-p0
2026.09.27-12.37.49 S09AUTO pending picked (type=MOVE stage=0)
2026.09.27-12.37.49 SNAPSHOT applied seq=102 phase=ACTION_MANEUVER
2026.09.27-12.37.49 MODE seq=102 mode=6 combat=0 pending=1
2026.09.27-12.37.49 PEND resolve done seq=102 (apply) phase=ACTION_MANEUVER
2026.09.27-12.37.49 SNAPSHOT applied seq=102 phase=ACTION_MANEUVER
2026.09.27-12.37.49 MODE seq=102 mode=6 combat=0 pending=1
2026.09.27-12.37.49 PEND-RESOLVE sent type=MOVE stage=0 id=cmuhgvgi100oowi9gxm86n50b-fullText-0-p1
2026.09.27-12.37.49 S09AUTO pending picked (type=MOVE stage=0)
2026.09.27-12.37.49 SNAPSHOT applied seq=103 phase=ACTION_MANEUVER
2026.09.27-12.37.49 MODE seq=103 mode=6 combat=0 pending=1
2026.09.27-12.37.49 PEND resolve done seq=103 (apply) phase=ACTION_MANEUVER
2026.09.27-12.37.49 SNAPSHOT applied seq=103 phase=ACTION_MANEUVER
2026.09.27-12.37.49 MODE seq=103 mode=6 combat=0 pending=1
2026.09.27-12.37.49 PEND-RESOLVE sent type=MOVE stage=0 id=cmuhgvgi100oowi9gxm86n50b-fullText-0-p2
2026.09.27-12.37.49 S09AUTO pending picked (type=MOVE stage=0)
2026.09.27-12.37.49 SNAPSHOT applied seq=104 phase=ACTION_MANEUVER
2026.09.27-12.37.49 MODE seq=104 mode=6 combat=0 pending=1
2026.09.27-12.37.49 PEND resolve done seq=104 (apply) phase=ACTION_MANEUVER
2026.09.27-12.37.49 SNAPSHOT applied seq=104 phase=ACTION_MANEUVER
2026.09.27-12.37.49 MODE seq=104 mode=6 combat=0 pending=1
2026.09.27-12.37.49 PEND-RESOLVE sent type=MOVE stage=0 id=cmuhgvgi100oowi9gxm86n50b-fullText-0-p3
2026.09.27-12.37.49 S09AUTO pending picked (type=MOVE stage=0)
2026.09.27-12.37.49 SNAPSHOT applied seq=105 phase=ACTION_MANEUVER
2026.09.27-12.37.49 MODE seq=105 mode=6 combat=0 pending=1
2026.09.27-12.37.49 PEND resolve done seq=105 (apply) phase=ACTION_MANEUVER
2026.09.27-12.37.49 SNAPSHOT applied seq=105 phase=ACTION_MANEUVER
2026.09.27-12.37.49 MODE seq=105 mode=6 combat=0 pending=1
2026.09.27-12.37.49 PEND-RESOLVE sent type=MOVE stage=0 id=cmuhgvgi100oowi9gxm86n50b-fullText-0-p4
2026.09.27-12.37.49 S09AUTO pending picked (type=MOVE stage=0)
2026.09.27-12.37.49 SNAPSHOT applied seq=106 phase=ACTION_MANEUVER
2026.09.27-12.37.49 MODE seq=106 mode=6 combat=0 pending=1
2026.09.27-12.37.49 PEND resolve done seq=106 (apply) phase=ACTION_MANEUVER
2026.09.27-12.37.49 SNAPSHOT applied seq=106 phase=ACTION_MANEUVER
2026.09.27-12.37.49 MODE seq=106 mode=6 combat=0 pending=1
2026.09.27-12.37.49 PEND-RESOLVE sent type=MOVE stage=0 id=cmuhgvgi100oowi9gxm86n50b-fullText-0-p5
2026.09.27-12.37.49 S09AUTO pending picked (type=MOVE stage=0)
2026.09.27-12.37.49 SNAPSHOT applied seq=107 phase=ACTION_MANEUVER
2026.09.27-12.37.49 MODE seq=107 mode=0 combat=0 pending=0
2026.09.27-12.37.49 PEND resolve done seq=107 (apply) phase=ACTION_MANEUVER
2026.09.27-12.37.49 SNAPSHOT applied seq=107 phase=ACTION_MANEUVER
2026.09.27-12.37.49 MODE seq=107 mode=0 combat=0 pending=0
2026.09.27-12.37.49 S09AUTO drive mode=0 plan=[defend+resolve+scheme] phase=ACTION_MANEUVER turn=cmuhntiwu0001wib0z281rpa8
2026.09.27-12.37.50 SNAPSHOT applied seq=108 phase=ACTION_MANEUVER
2026.09.27-12.37.50 MODE seq=108 mode=1 combat=0 pending=0
2026.09.27-12.37.50 SNAPSHOT applied seq=108 phase=ACTION_MANEUVER
2026.09.27-12.37.50 MODE seq=108 mode=1 combat=0 pending=0
2026.09.27-12.37.50 S09AUTO drive mode=1 plan=[defend+resolve+scheme] phase=ACTION_MANEUVER turn=cmuhntiwu0001wib0z281rpa8
2026.09.27-12.37.50 SNAPSHOT applied seq=109 phase=ACTION_MANEUVER
2026.09.27-12.37.50 MODE seq=109 mode=0 combat=0 pending=1
2026.09.27-12.37.50 SNAPSHOT applied seq=109 phase=ACTION_MANEUVER
2026.09.27-12.37.50 MODE seq=109 mode=0 combat=0 pending=1
2026.09.27-12.37.50 SNAPSHOT applied seq=110 phase=ACTION_MANEUVER
2026.09.27-12.37.50 MODE seq=110 mode=0 combat=0 pending=0
2026.09.27-12.37.50 SNAPSHOT applied seq=111 phase=COMBAT
2026.09.27-12.37.50 MODE seq=111 mode=4 combat=1 pending=0
2026.09.27-12.37.51 S09AUTO drive mode=4 plan=[defend+resolve+scheme] phase=COMBAT turn=cmuhntivg0000wib0anhqyswc
2026.09.27-12.37.51 S09AUTO defense card picked
2026.09.27-12.37.51 DEFENSE sent
2026.09.27-12.37.51 SNAPSHOT applied seq=112 phase=COMBAT_RESOLVE
2026.09.27-12.37.51 MODE seq=112 mode=5 combat=1 pending=0
2026.09.27-12.37.51 SNAPSHOT applied seq=112 phase=COMBAT_RESOLVE
2026.09.27-12.37.51 MODE seq=112 mode=5 combat=1 pending=0
2026.09.27-12.37.51 S09AUTO drive mode=5 plan=[defend+resolve+scheme] phase=COMBAT_RESOLVE turn=cmuhntivg0000wib0anhqyswc
2026.09.27-12.37.51 S09AUTO resolve
2026.09.27-12.37.51 RESOLVE sent
2026.09.27-12.37.51 SNAPSHOT applied seq=113 phase=COMBAT_RESOLVE
2026.09.27-12.37.51 MODE seq=113 mode=6 combat=1 pending=1
2026.09.27-12.37.51 PENDING panel revealed: attack A2+B0 vs D0
2026.09.27-12.37.51 SNAPSHOT applied seq=113 phase=COMBAT_RESOLVE
2026.09.27-12.37.51 MODE seq=113 mode=6 combat=1 pending=1
2026.09.27-12.37.51 S09AUTO drive mode=6 plan=[defend+resolve+scheme] phase=COMBAT_RESOLVE turn=cmuhntivg0000wib0anhqyswc
2026.09.27-12.37.51 S09AUTO pending-open shot (type=PLACE stage=0 mode=)
2026.09.27-12.37.51 PEND-RESOLVE sent type=PLACE stage=0 id=cmuhgvgi000omwi9gbn3wr8kb-after-0-p0
2026.09.27-12.37.51 S09AUTO pending picked (type=PLACE stage=0)
2026.09.27-12.37.51 SNAPSHOT applied seq=114 phase=ACTION_MANEUVER
2026.09.27-12.37.51 COMBAT-RESULT seq=114 damage=0 role=defended
2026.09.27-12.37.51 PENDING panel revealed: attack A2+B0 vs D0
2026.09.27-12.37.51 MODE seq=114 mode=0 combat=0 pending=0
2026.09.27-12.37.51 SNAPSHOT applied seq=114 phase=ACTION_MANEUVER
2026.09.27-12.37.51 MODE seq=114 mode=0 combat=0 pending=0
2026.09.27-12.37.51 PEND resolve done seq=114 (merge) phase=ACTION_MANEUVER
2026.09.27-12.37.51 S09AUTO drive mode=0 plan=[defend+resolve+scheme] phase=ACTION_MANEUVER turn=cmuhntivg0000wib0anhqyswc
2026.09.27-12.37.51 SNAPSHOT applied seq=115 phase=ACTION_MANEUVER
2026.09.27-12.37.51 MODE seq=115 mode=0 combat=0 pending=0
2026.09.27-12.37.51 SNAPSHOT applied seq=116 phase=ACTION_MANEUVER
2026.09.27-12.37.51 MODE seq=116 mode=0 combat=0 pending=0
2026.09.27-12.37.51 S09AUTO own turn #9 (turnCount=20)
2026.09.27-12.37.51 SNAPSHOT applied seq=117 phase=ACTION_MANEUVER
2026.09.27-12.37.51 MODE seq=117 mode=1 combat=0 pending=0
2026.09.27-12.37.51 SNAPSHOT applied seq=117 phase=ACTION_MANEUVER
2026.09.27-12.37.51 MODE seq=117 mode=1 combat=0 pending=0
2026.09.27-12.37.51 S09AUTO drive mode=1 plan=[defend+resolve+scheme] phase=ACTION_MANEUVER turn=cmuhntiwu0001wib0z281rpa8
2026.09.27-12.37.51 SNAPSHOT applied seq=118 phase=ACTION_MANEUVER
2026.09.27-12.37.51 MODE seq=118 mode=0 combat=0 pending=0
2026.09.27-12.37.51 SNAPSHOT applied seq=118 phase=ACTION_MANEUVER
2026.09.27-12.37.51 MODE seq=118 mode=0 combat=0 pending=0
2026.09.27-12.37.53 S09AUTO drive mode=0 plan=[defend+resolve+scheme] phase=ACTION_MANEUVER turn=cmuhntiwu0001wib0z281rpa8
2026.09.27-12.37.53 SNAPSHOT applied seq=119 phase=ACTION_MANEUVER
2026.09.27-12.37.53 MODE seq=119 mode=1 combat=0 pending=0
2026.09.27-12.37.53 SNAPSHOT applied seq=119 phase=ACTION_MANEUVER
2026.09.27-12.37.53 MODE seq=119 mode=1 combat=0 pending=0
2026.09.27-12.37.53 S09AUTO drive mode=1 plan=[defend+resolve+scheme] phase=ACTION_MANEUVER turn=cmuhntiwu0001wib0z281rpa8
2026.09.27-12.37.53 SNAPSHOT applied seq=120 phase=ACTION_MANEUVER
2026.09.27-12.37.53 MODE seq=120 mode=0 combat=0 pending=1
2026.09.27-12.37.53 SNAPSHOT applied seq=120 phase=ACTION_MANEUVER
2026.09.27-12.37.53 MODE seq=120 mode=0 combat=0 pending=1
2026.09.27-12.37.53 SNAPSHOT applied seq=121 phase=ACTION_MANEUVER
2026.09.27-12.37.53 MODE seq=121 mode=0 combat=0 pending=0
2026.09.27-12.37.53 SNAPSHOT applied seq=122 phase=COMBAT
2026.09.27-12.37.53 MODE seq=122 mode=4 combat=1 pending=0
2026.09.27-12.37.54 S09AUTO drive mode=4 plan=[defend+resolve+scheme] phase=COMBAT turn=cmuhntivg0000wib0anhqyswc
2026.09.27-12.37.54 S09AUTO defense card picked
2026.09.27-12.37.54 DEFENSE sent
2026.09.27-12.37.54 SNAPSHOT applied seq=123 phase=COMBAT_RESOLVE
2026.09.27-12.37.54 MODE seq=123 mode=5 combat=1 pending=0
2026.09.27-12.37.54 SNAPSHOT applied seq=123 phase=COMBAT_RESOLVE
2026.09.27-12.37.54 MODE seq=123 mode=5 combat=1 pending=0
2026.09.27-12.37.54 S09AUTO drive mode=5 plan=[defend+resolve+scheme] phase=COMBAT_RESOLVE turn=cmuhntivg0000wib0anhqyswc
2026.09.27-12.37.54 S09AUTO resolve
2026.09.27-12.37.54 RESOLVE sent
2026.09.27-12.37.54 SNAPSHOT applied seq=124 phase=ACTION_MANEUVER
2026.09.27-12.37.54 COMBAT-RESULT seq=124 damage=0 role=defended
2026.09.27-12.37.54 MODE seq=124 mode=0 combat=0 pending=0
2026.09.27-12.37.54 SNAPSHOT applied seq=124 phase=ACTION_MANEUVER
2026.09.27-12.37.54 MODE seq=124 mode=0 combat=0 pending=0
2026.09.27-12.37.54 S09AUTO drive mode=0 plan=[defend+resolve+scheme] phase=ACTION_MANEUVER turn=cmuhntivg0000wib0anhqyswc
2026.09.27-12.37.54 SNAPSHOT applied seq=125 phase=COMBAT
2026.09.27-12.37.54 MODE seq=125 mode=4 combat=1 pending=0
2026.09.27-12.37.54 S09AUTO drive mode=4 plan=[defend+resolve+scheme] phase=COMBAT turn=cmuhntivg0000wib0anhqyswc
2026.09.27-12.37.54 S09AUTO defense card picked
2026.09.27-12.37.54 DEFENSE sent
2026.09.27-12.37.54 SNAPSHOT applied seq=126 phase=COMBAT_RESOLVE
2026.09.27-12.37.54 MODE seq=126 mode=5 combat=1 pending=0
2026.09.27-12.37.54 SNAPSHOT applied seq=126 phase=COMBAT_RESOLVE
2026.09.27-12.37.54 MODE seq=126 mode=5 combat=1 pending=0
2026.09.27-12.37.54 S09AUTO drive mode=5 plan=[defend+resolve+scheme] phase=COMBAT_RESOLVE turn=cmuhntivg0000wib0anhqyswc
2026.09.27-12.37.54 S09AUTO resolve
2026.09.27-12.37.54 RESOLVE sent
2026.09.27-12.37.54 SNAPSHOT applied seq=127 phase=ACTION_MANEUVER
2026.09.27-12.37.54 COMBAT-RESULT seq=127 damage=0 role=defended
2026.09.27-12.37.54 MODE seq=127 mode=0 combat=0 pending=0
2026.09.27-12.37.54 SNAPSHOT applied seq=127 phase=ACTION_MANEUVER
2026.09.27-12.37.54 MODE seq=127 mode=0 combat=0 pending=0
2026.09.27-12.37.54 S09AUTO drive mode=0 plan=[defend+resolve+scheme] phase=ACTION_MANEUVER turn=cmuhntiwu0001wib0z281rpa8
2026.09.27-12.37.54 S09AUTO own turn #10 (turnCount=22)
2026.09.27-12.37.54 SNAPSHOT applied seq=128 phase=ACTION_MANEUVER
2026.09.27-12.37.54 MODE seq=128 mode=1 combat=0 pending=0
2026.09.27-12.37.54 SNAPSHOT applied seq=128 phase=ACTION_MANEUVER
2026.09.27-12.37.54 MODE seq=128 mode=1 combat=0 pending=0
2026.09.27-12.37.54 S09AUTO drive mode=1 plan=[defend+resolve+scheme] phase=ACTION_MANEUVER turn=cmuhntiwu0001wib0z281rpa8
2026.09.27-12.37.55 SNAPSHOT applied seq=129 phase=ACTION_MANEUVER
2026.09.27-12.37.55 MODE seq=129 mode=0 combat=0 pending=0
2026.09.27-12.37.55 SNAPSHOT applied seq=129 phase=ACTION_MANEUVER
2026.09.27-12.37.55 MODE seq=129 mode=0 combat=0 pending=0
2026.09.27-12.37.56 S09AUTO drive mode=0 plan=[defend+resolve+scheme] phase=ACTION_MANEUVER turn=cmuhntiwu0001wib0z281rpa8
2026.09.27-12.37.56 S09AUTO scheme
2026.09.27-12.37.56 SNAPSHOT applied seq=130 phase=ACTION_MANEUVER
2026.09.27-12.37.56 MODE seq=130 mode=0 combat=0 pending=1
2026.09.27-12.37.56 SCHEME done seq=130 (apply) phase=ACTION_MANEUVER
2026.09.27-12.37.56 SNAPSHOT applied seq=130 phase=ACTION_MANEUVER
2026.09.27-12.37.56 MODE seq=130 mode=0 combat=0 pending=1
2026.09.27-12.37.56 SNAPSHOT applied seq=131 phase=ACTION_MANEUVER
2026.09.27-12.37.56 MODE seq=131 mode=0 combat=0 pending=0
2026.09.27-12.37.56 SNAPSHOT applied seq=132 phase=COMBAT
2026.09.27-12.37.56 MODE seq=132 mode=4 combat=1 pending=0
2026.09.27-12.37.57 S09AUTO drive mode=4 plan=[defend+resolve+scheme] phase=COMBAT turn=cmuhntivg0000wib0anhqyswc
2026.09.27-12.37.57 S09AUTO defense card picked
2026.09.27-12.37.57 DEFENSE sent
2026.09.27-12.37.57 SNAPSHOT applied seq=133 phase=COMBAT_RESOLVE
2026.09.27-12.37.57 MODE seq=133 mode=5 combat=1 pending=0
2026.09.27-12.37.57 SNAPSHOT applied seq=133 phase=COMBAT_RESOLVE
2026.09.27-12.37.57 MODE seq=133 mode=5 combat=1 pending=0
2026.09.27-12.37.57 S09AUTO drive mode=5 plan=[defend+resolve+scheme] phase=COMBAT_RESOLVE turn=cmuhntivg0000wib0anhqyswc
2026.09.27-12.37.57 S09AUTO resolve
2026.09.27-12.37.57 RESOLVE sent
2026.09.27-12.37.57 SNAPSHOT applied seq=134 phase=ACTION_MANEUVER
2026.09.27-12.37.57 COMBAT-RESULT seq=134 damage=0 role=defended
2026.09.27-12.37.57 MODE seq=134 mode=0 combat=0 pending=0
2026.09.27-12.37.57 SNAPSHOT applied seq=134 phase=ACTION_MANEUVER
2026.09.27-12.37.57 MODE seq=134 mode=0 combat=0 pending=0
2026.09.27-12.37.57 S09AUTO drive mode=0 plan=[defend+resolve+scheme] phase=ACTION_MANEUVER turn=cmuhntivg0000wib0anhqyswc
2026.09.27-12.37.57 SNAPSHOT applied seq=135 phase=ACTION_MANEUVER
2026.09.27-12.37.57 MODE seq=135 mode=0 combat=0 pending=0
2026.09.27-12.37.57 SNAPSHOT applied seq=136 phase=ACTION_MANEUVER
2026.09.27-12.37.57 MODE seq=136 mode=0 combat=0 pending=0
2026.09.27-12.37.57 S09AUTO own turn #11 (turnCount=24)
2026.09.27-12.37.57 SNAPSHOT applied seq=137 phase=ACTION_MANEUVER
2026.09.27-12.37.57 MODE seq=137 mode=1 combat=0 pending=0
2026.09.27-12.37.57 SNAPSHOT applied seq=137 phase=ACTION_MANEUVER
2026.09.27-12.37.57 MODE seq=137 mode=1 combat=0 pending=0
2026.09.27-12.37.57 S09AUTO drive mode=1 plan=[defend+resolve+scheme] phase=ACTION_MANEUVER turn=cmuhntiwu0001wib0z281rpa8
2026.09.27-12.37.57 SNAPSHOT applied seq=138 phase=ACTION_MANEUVER
2026.09.27-12.37.57 MODE seq=138 mode=0 combat=0 pending=0
2026.09.27-12.37.58 SNAPSHOT applied seq=138 phase=ACTION_MANEUVER
2026.09.27-12.37.58 MODE seq=138 mode=0 combat=0 pending=0
2026.09.27-12.37.59 S09AUTO drive mode=0 plan=[defend+resolve+scheme] phase=ACTION_MANEUVER turn=cmuhntiwu0001wib0z281rpa8
2026.09.27-12.37.59 SNAPSHOT applied seq=139 phase=ACTION_MANEUVER
2026.09.27-12.37.59 MODE seq=139 mode=1 combat=0 pending=0
2026.09.27-12.37.59 SNAPSHOT applied seq=139 phase=ACTION_MANEUVER
2026.09.27-12.37.59 MODE seq=139 mode=1 combat=0 pending=0
2026.09.27-12.37.59 S09AUTO drive mode=1 plan=[defend+resolve+scheme] phase=ACTION_MANEUVER turn=cmuhntiwu0001wib0z281rpa8
2026.09.27-12.37.59 SNAPSHOT applied seq=140 phase=ACTION_MANEUVER
2026.09.27-12.37.59 MODE seq=140 mode=0 combat=0 pending=1
2026.09.27-12.37.59 SNAPSHOT applied seq=140 phase=ACTION_MANEUVER
2026.09.27-12.37.59 MODE seq=140 mode=0 combat=0 pending=1
2026.09.27-12.37.59 SNAPSHOT applied seq=141 phase=ACTION_MANEUVER
2026.09.27-12.37.59 MODE seq=141 mode=0 combat=0 pending=0
2026.09.27-12.37.59 SNAPSHOT applied seq=142 phase=COMBAT
2026.09.27-12.37.59 MODE seq=142 mode=4 combat=1 pending=0
2026.09.27-12.38.00 S09AUTO drive mode=4 plan=[defend+resolve+scheme] phase=COMBAT turn=cmuhntivg0000wib0anhqyswc
2026.09.27-12.38.00 S09AUTO defense card picked
2026.09.27-12.38.00 DEFENSE sent
2026.09.27-12.38.00 SNAPSHOT applied seq=143 phase=COMBAT_RESOLVE
2026.09.27-12.38.00 MODE seq=143 mode=5 combat=1 pending=0
2026.09.27-12.38.00 SNAPSHOT applied seq=143 phase=COMBAT_RESOLVE
2026.09.27-12.38.00 MODE seq=143 mode=5 combat=1 pending=0
2026.09.27-12.38.00 S09AUTO drive mode=5 plan=[defend+resolve+scheme] phase=COMBAT_RESOLVE turn=cmuhntivg0000wib0anhqyswc
2026.09.27-12.38.00 S09AUTO resolve
2026.09.27-12.38.00 RESOLVE sent
2026.09.27-12.38.00 SNAPSHOT applied seq=144 phase=COMBAT_RESOLVE
2026.09.27-12.38.00 MODE seq=144 mode=5 combat=1 pending=1
2026.09.27-12.38.00 RESOLVE panel revealed: A3+B0 vs D3
2026.09.27-12.38.00 RESOLVE panel blocked by pending (type=BOOST_CHOICE id=cmuhgvgkf00smwi9gaeymh3ur-during-0-boost-143)
2026.09.27-12.38.00 SNAPSHOT applied seq=144 phase=COMBAT_RESOLVE
2026.09.27-12.38.00 MODE seq=144 mode=5 combat=1 pending=1
2026.09.27-12.38.00 S09AUTO resolve-blocked shot (type=BOOST_CHOICE)
2026.09.27-12.38.04 SNAPSHOT applied seq=145 phase=GAME_OVER
2026.09.27-12.38.04 COMBAT-RESULT seq=145 damage=2 role=defended
2026.09.27-12.38.04 RESOLVE panel revealed: A3+B0 vs D3
2026.09.27-12.38.04 MODE seq=145 mode=0 combat=1 pending=1
2026.09.27-12.38.04 RESULT seq=145 outcome=DEFEAT winner=Medusa
2026.09.27-12.38.06 S09AUTO result-screen shot
2026.09.27-12.38.06 RESULT lobby-return sent (leaveGame)
2026.09.27-12.38.06 LEFT room=cmujsz1pw00arwi6cgx8jvluz
2026.09.27-12.38.10 S09AUTO lobby-return shot
2026.09.27-12.38.10 S09AUTO duel flow complete (GAME_OVER -> result shown -> lobby return) - exiting
