2026.09.27-12.36.38 S09AUTO config flow=1 boost=0 shotDir=C:\Users\ren\AppData\Local\Temp\s09-duel-20260927-173637-45088\host
2026.09.27-12.36.57 S09AUTO drive mode=0 plan=[attack+scheme] phase= turn=
2026.09.27-12.36.57 SNAPSHOT applied seq=1 phase=ACTION_MANEUVER
2026.09.27-12.36.57 MODE seq=1 mode=0 combat=0 pending=0
2026.09.27-12.36.57 SNAPSHOT applied seq=1 phase=ACTION_MANEUVER
2026.09.27-12.36.57 MODE seq=1 mode=0 combat=0 pending=0
2026.09.27-12.36.57 S09AUTO own turn #0 (turnCount=1)
2026.09.27-12.36.57 S09AUTO attack deferred - command gate closed (live stream is reconnecting - commands wait until the state stream is back); retrying when the stream is ready
2026.09.27-12.36.57 SNAPSHOT applied seq=1 phase=ACTION_MANEUVER
2026.09.27-12.36.57 MODE seq=1 mode=0 combat=0 pending=0
2026.09.27-12.36.57 S09AUTO attack (attacker=f-0-hero target-set card-set)
2026.09.27-12.36.57 ATTACK sent
2026.09.27-12.36.57 SNAPSHOT applied seq=2 phase=COMBAT
2026.09.27-12.36.57 MODE seq=2 mode=0 combat=1 pending=0
2026.09.27-12.36.57 SNAPSHOT applied seq=2 phase=COMBAT
2026.09.27-12.36.57 MODE seq=2 mode=0 combat=1 pending=0
2026.09.27-12.36.58 SNAPSHOT applied seq=3 phase=COMBAT_RESOLVE
2026.09.27-12.36.58 MODE seq=3 mode=5 combat=1 pending=0
2026.09.27-12.36.58 S09AUTO drive mode=5 plan=[attack+scheme] phase=COMBAT_RESOLVE turn=cmuhntivg0000wib0anhqyswc
2026.09.27-12.36.58 SNAPSHOT applied seq=4 phase=COMBAT_RESOLVE
2026.09.27-12.36.58 MODE seq=4 mode=6 combat=1 pending=1
2026.09.27-12.36.58 PENDING panel revealed: attack A3+B0 vs D3
2026.09.27-12.36.58 S09AUTO drive mode=6 plan=[attack+scheme] phase=COMBAT_RESOLVE turn=cmuhntivg0000wib0anhqyswc
2026.09.27-12.36.58 S09AUTO pending-open shot (type=BOOST_CHOICE stage=0 mode=)
2026.09.27-12.36.58 S09AUTO boost choice - holding 4s for the other seat's reveal capture
2026.09.27-12.37.02 PEND-RESOLVE sent type=BOOST_CHOICE stage=0 id=cmuhgvgkf00smwi9gaeymh3ur-during-0-boost-3
2026.09.27-12.37.02 S09AUTO pending picked (type=BOOST_CHOICE stage=0)
2026.09.27-12.37.02 PEND resolve failed: outcome unknown - outcome unknown: input locked, refetching authoritative state (no resend)
2026.09.27-12.37.02 SNAPSHOT applied seq=5 phase=ACTION_MANEUVER
2026.09.27-12.37.02 COMBAT-RESULT seq=5 damage=3 role=attacked
2026.09.27-12.37.02 S09AUTO combat-result shot
2026.09.27-12.37.02 SHOT requested: FScreenshotRequest(bShowUI) -> C:\Users\ren\AppData\Local\Temp\s09-duel-20260927-173637-45088\host/s09-combat-result.png
2026.09.27-12.37.02 PENDING panel revealed: attack A3+B0 vs D3
2026.09.27-12.37.02 MODE seq=5 mode=0 combat=0 pending=0
2026.09.27-12.37.02 SNAPSHOT applied seq=5 phase=ACTION_MANEUVER
2026.09.27-12.37.02 MODE seq=5 mode=0 combat=0 pending=0
2026.09.27-12.37.02 S09AUTO drive mode=0 plan=[attack+scheme] phase=ACTION_MANEUVER turn=cmuhntivg0000wib0anhqyswc
2026.09.27-12.37.02 S09AUTO attack deferred - no may-boost card in hand (turn#0 elapsed=24s)
2026.09.27-12.37.02 SNAPSHOT applied seq=6 phase=ACTION_MANEUVER
2026.09.27-12.37.02 MODE seq=6 mode=1 combat=0 pending=0
2026.09.27-12.37.02 SNAPSHOT applied seq=6 phase=ACTION_MANEUVER
2026.09.27-12.37.02 MODE seq=6 mode=1 combat=0 pending=0
2026.09.27-12.37.03 S09AUTO drive mode=1 plan=[attack+scheme] phase=ACTION_MANEUVER turn=cmuhntivg0000wib0anhqyswc
2026.09.27-12.37.04 S09AUTO draft-open shot (maneuver marker live)
2026.09.27-12.37.04 S09AUTO approach: no improving legal step
2026.09.27-12.37.04 SNAPSHOT applied seq=7 phase=ACTION_MANEUVER
2026.09.27-12.37.04 MODE seq=7 mode=0 combat=0 pending=0
2026.09.27-12.37.04 SNAPSHOT applied seq=7 phase=ACTION_MANEUVER
2026.09.27-12.37.04 MODE seq=7 mode=0 combat=0 pending=0
2026.09.27-12.37.04 SNAPSHOT applied seq=8 phase=ACTION_MANEUVER
2026.09.27-12.37.04 MODE seq=8 mode=0 combat=0 pending=0
2026.09.27-12.37.05 S09AUTO drive mode=0 plan=[attack+scheme] phase=ACTION_MANEUVER turn=cmuhntiwu0001wib0z281rpa8
2026.09.27-12.37.05 SNAPSHOT applied seq=9 phase=ACTION_MANEUVER
2026.09.27-12.37.05 MODE seq=9 mode=0 combat=0 pending=0
2026.09.27-12.37.06 SNAPSHOT applied seq=10 phase=ACTION_MANEUVER
2026.09.27-12.37.06 MODE seq=10 mode=0 combat=0 pending=0
2026.09.27-12.37.06 SNAPSHOT applied seq=11 phase=ACTION_MANEUVER
2026.09.27-12.37.06 MODE seq=11 mode=0 combat=0 pending=0
2026.09.27-12.37.06 S09AUTO own turn #1 (turnCount=3)
2026.09.27-12.37.06 S09AUTO attack deferred - no may-boost card in hand (turn#1 elapsed=28s)
2026.09.27-12.37.06 SNAPSHOT applied seq=12 phase=ACTION_MANEUVER
2026.09.27-12.37.06 MODE seq=12 mode=1 combat=0 pending=0
2026.09.27-12.37.06 SNAPSHOT applied seq=12 phase=ACTION_MANEUVER
2026.09.27-12.37.06 MODE seq=12 mode=1 combat=0 pending=0
2026.09.27-12.37.06 S09AUTO drive mode=1 plan=[attack+scheme] phase=ACTION_MANEUVER turn=cmuhntivg0000wib0anhqyswc
2026.09.27-12.37.06 S09AUTO zero-move confirm (draw only, no movement)
2026.09.27-12.37.07 SNAPSHOT applied seq=13 phase=ACTION_MANEUVER
2026.09.27-12.37.07 MODE seq=13 mode=0 combat=0 pending=0
2026.09.27-12.37.07 SNAPSHOT applied seq=13 phase=ACTION_MANEUVER
2026.09.27-12.37.07 MODE seq=13 mode=0 combat=0 pending=0
2026.09.27-12.37.08 S09AUTO drive mode=0 plan=[attack+scheme] phase=ACTION_MANEUVER turn=cmuhntivg0000wib0anhqyswc
2026.09.27-12.37.08 S09AUTO attack deferred - no may-boost card in hand (turn#1 elapsed=29s)
2026.09.27-12.37.08 SNAPSHOT applied seq=14 phase=ACTION_MANEUVER
2026.09.27-12.37.08 MODE seq=14 mode=1 combat=0 pending=0
2026.09.27-12.37.08 SNAPSHOT applied seq=14 phase=ACTION_MANEUVER
2026.09.27-12.37.08 MODE seq=14 mode=1 combat=0 pending=0
2026.09.27-12.37.08 S09AUTO drive mode=1 plan=[attack+scheme] phase=ACTION_MANEUVER turn=cmuhntivg0000wib0anhqyswc
2026.09.27-12.37.08 S09AUTO approach: no improving legal step
2026.09.27-12.37.08 SNAPSHOT applied seq=15 phase=ACTION_MANEUVER
2026.09.27-12.37.08 MODE seq=15 mode=0 combat=0 pending=0
2026.09.27-12.37.08 SNAPSHOT applied seq=15 phase=ACTION_MANEUVER
2026.09.27-12.37.08 MODE seq=15 mode=0 combat=0 pending=0
2026.09.27-12.37.08 SNAPSHOT applied seq=16 phase=ACTION_MANEUVER
2026.09.27-12.37.08 MODE seq=16 mode=0 combat=0 pending=0
2026.09.27-12.37.08 SNAPSHOT applied seq=17 phase=ACTION_MANEUVER
2026.09.27-12.37.08 MODE seq=17 mode=0 combat=0 pending=0
2026.09.27-12.37.09 S09AUTO drive mode=0 plan=[attack+scheme] phase=ACTION_MANEUVER turn=cmuhntiwu0001wib0z281rpa8
2026.09.27-12.37.09 SNAPSHOT applied seq=18 phase=ACTION_MANEUVER
2026.09.27-12.37.09 MODE seq=18 mode=0 combat=0 pending=0
2026.09.27-12.37.09 SNAPSHOT applied seq=19 phase=TURN_END
2026.09.27-12.37.09 MODE seq=19 mode=0 combat=0 pending=0
2026.09.27-12.37.11 SNAPSHOT applied seq=20 phase=ACTION_MANEUVER
2026.09.27-12.37.11 MODE seq=20 mode=0 combat=0 pending=0
2026.09.27-12.37.11 S09AUTO own turn #2 (turnCount=5)
2026.09.27-12.37.11 S09AUTO attack deferred - no may-boost card in hand (turn#2 elapsed=32s)
2026.09.27-12.37.11 SNAPSHOT applied seq=21 phase=ACTION_MANEUVER
2026.09.27-12.37.11 MODE seq=21 mode=1 combat=0 pending=0
2026.09.27-12.37.11 SNAPSHOT applied seq=21 phase=ACTION_MANEUVER
2026.09.27-12.37.11 MODE seq=21 mode=1 combat=0 pending=0
2026.09.27-12.37.11 S09AUTO drive mode=1 plan=[attack+scheme] phase=ACTION_MANEUVER turn=cmuhntivg0000wib0anhqyswc
2026.09.27-12.37.11 S09AUTO multi-fighter moves=2
2026.09.27-12.37.11 SNAPSHOT applied seq=22 phase=ACTION_MANEUVER
2026.09.27-12.37.11 MODE seq=22 mode=0 combat=0 pending=0
2026.09.27-12.37.11 SNAPSHOT applied seq=22 phase=ACTION_MANEUVER
2026.09.27-12.37.11 MODE seq=22 mode=0 combat=0 pending=0
2026.09.27-12.37.12 S09AUTO drive mode=0 plan=[attack+scheme] phase=ACTION_MANEUVER turn=cmuhntivg0000wib0anhqyswc
2026.09.27-12.37.12 S09AUTO attack deferred - no may-boost card in hand (turn#2 elapsed=33s)
2026.09.27-12.37.12 SNAPSHOT applied seq=23 phase=ACTION_MANEUVER
2026.09.27-12.37.12 MODE seq=23 mode=1 combat=0 pending=0
2026.09.27-12.37.12 SNAPSHOT applied seq=23 phase=ACTION_MANEUVER
2026.09.27-12.37.12 MODE seq=23 mode=1 combat=0 pending=0
2026.09.27-12.37.12 S09AUTO drive mode=1 plan=[attack+scheme] phase=ACTION_MANEUVER turn=cmuhntivg0000wib0anhqyswc
2026.09.27-12.37.12 SNAPSHOT applied seq=24 phase=TURN_END
2026.09.27-12.37.12 MODE seq=24 mode=2 combat=0 pending=0
2026.09.27-12.37.12 SNAPSHOT applied seq=24 phase=TURN_END
2026.09.27-12.37.12 MODE seq=24 mode=2 combat=0 pending=0
2026.09.27-12.37.13 S09AUTO drive mode=2 plan=[attack+scheme] phase=TURN_END turn=cmuhntivg0000wib0anhqyswc
2026.09.27-12.37.13 S09AUTO discard picks=1
2026.09.27-12.37.13 SNAPSHOT applied seq=25 phase=ACTION_MANEUVER
2026.09.27-12.37.13 MODE seq=25 mode=0 combat=0 pending=0
2026.09.27-12.37.13 SNAPSHOT applied seq=25 phase=ACTION_MANEUVER
2026.09.27-12.37.13 MODE seq=25 mode=0 combat=0 pending=0
2026.09.27-12.37.13 SNAPSHOT applied seq=26 phase=ACTION_MANEUVER
2026.09.27-12.37.13 MODE seq=26 mode=0 combat=0 pending=0
2026.09.27-12.37.13 SNAPSHOT applied seq=27 phase=ACTION_MANEUVER
2026.09.27-12.37.13 MODE seq=27 mode=0 combat=0 pending=0
2026.09.27-12.37.14 S09AUTO drive mode=0 plan=[attack+scheme] phase=ACTION_MANEUVER turn=cmuhntiwu0001wib0z281rpa8
2026.09.27-12.37.15 SNAPSHOT applied seq=28 phase=ACTION_MANEUVER
2026.09.27-12.37.15 MODE seq=28 mode=0 combat=0 pending=0
2026.09.27-12.37.15 SNAPSHOT applied seq=29 phase=TURN_END
2026.09.27-12.37.15 MODE seq=29 mode=0 combat=0 pending=0
2026.09.27-12.37.16 SNAPSHOT applied seq=30 phase=ACTION_MANEUVER
2026.09.27-12.37.16 MODE seq=30 mode=6 combat=0 pending=1
2026.09.27-12.37.16 S09AUTO drive mode=6 plan=[attack+scheme] phase=ACTION_MANEUVER turn=cmuhntivg0000wib0anhqyswc
2026.09.27-12.37.16 S09AUTO own turn #3 (turnCount=7)
2026.09.27-12.37.16 S09AUTO pending-open shot (type=TARGET_FIGHTER stage=0 mode=)
2026.09.27-12.37.16 PEND-RESOLVE sent type=TARGET_FIGHTER stage=0 id=ability-medusa-target-p0
2026.09.27-12.37.16 S09AUTO pending picked (type=TARGET_FIGHTER stage=0)
2026.09.27-12.37.16 SNAPSHOT applied seq=31 phase=ACTION_MANEUVER
2026.09.27-12.37.16 MODE seq=31 mode=0 combat=0 pending=0
2026.09.27-12.37.16 PEND resolve done seq=31 (apply) phase=ACTION_MANEUVER
2026.09.27-12.37.16 SNAPSHOT applied seq=31 phase=ACTION_MANEUVER
2026.09.27-12.37.16 MODE seq=31 mode=0 combat=0 pending=0
2026.09.27-12.37.16 S09AUTO drive mode=0 plan=[attack+scheme] phase=ACTION_MANEUVER turn=cmuhntivg0000wib0anhqyswc
2026.09.27-12.37.16 S09AUTO attack deferred - no may-boost card in hand (turn#3 elapsed=38s)
2026.09.27-12.37.16 SNAPSHOT applied seq=32 phase=ACTION_MANEUVER
2026.09.27-12.37.16 MODE seq=32 mode=1 combat=0 pending=0
2026.09.27-12.37.16 SNAPSHOT applied seq=32 phase=ACTION_MANEUVER
2026.09.27-12.37.16 MODE seq=32 mode=1 combat=0 pending=0
2026.09.27-12.37.16 S09AUTO drive mode=1 plan=[attack+scheme] phase=ACTION_MANEUVER turn=cmuhntivg0000wib0anhqyswc
2026.09.27-12.37.16 SNAPSHOT applied seq=33 phase=ACTION_MANEUVER
2026.09.27-12.37.16 MODE seq=33 mode=0 combat=0 pending=0
2026.09.27-12.37.16 SNAPSHOT applied seq=33 phase=ACTION_MANEUVER
2026.09.27-12.37.16 MODE seq=33 mode=0 combat=0 pending=0
2026.09.27-12.37.18 S09AUTO drive mode=0 plan=[attack+scheme] phase=ACTION_MANEUVER turn=cmuhntivg0000wib0anhqyswc
2026.09.27-12.37.18 S09AUTO attack deferred - no may-boost card in hand (turn#3 elapsed=39s)
2026.09.27-12.37.18 SNAPSHOT applied seq=34 phase=ACTION_MANEUVER
2026.09.27-12.37.18 MODE seq=34 mode=1 combat=0 pending=0
2026.09.27-12.37.18 SNAPSHOT applied seq=34 phase=ACTION_MANEUVER
2026.09.27-12.37.18 MODE seq=34 mode=1 combat=0 pending=0
2026.09.27-12.37.18 S09AUTO drive mode=1 plan=[attack+scheme] phase=ACTION_MANEUVER turn=cmuhntivg0000wib0anhqyswc
2026.09.27-12.37.18 SNAPSHOT applied seq=35 phase=TURN_END
2026.09.27-12.37.18 MODE seq=35 mode=2 combat=0 pending=0
2026.09.27-12.37.18 SNAPSHOT applied seq=35 phase=TURN_END
2026.09.27-12.37.18 MODE seq=35 mode=2 combat=0 pending=0
2026.09.27-12.37.19 S09AUTO drive mode=2 plan=[attack+scheme] phase=TURN_END turn=cmuhntivg0000wib0anhqyswc
2026.09.27-12.37.19 S09AUTO discard picks=2
2026.09.27-12.37.19 SNAPSHOT applied seq=36 phase=ACTION_MANEUVER
2026.09.27-12.37.19 MODE seq=36 mode=0 combat=0 pending=0
2026.09.27-12.37.19 SNAPSHOT applied seq=36 phase=ACTION_MANEUVER
2026.09.27-12.37.19 MODE seq=36 mode=0 combat=0 pending=0
2026.09.27-12.37.19 SNAPSHOT applied seq=37 phase=ACTION_MANEUVER
2026.09.27-12.37.19 MODE seq=37 mode=0 combat=0 pending=0
2026.09.27-12.37.19 SNAPSHOT applied seq=38 phase=ACTION_MANEUVER
2026.09.27-12.37.19 MODE seq=38 mode=0 combat=0 pending=0
2026.09.27-12.37.20 S09AUTO drive mode=0 plan=[attack+scheme] phase=ACTION_MANEUVER turn=cmuhntiwu0001wib0z281rpa8
2026.09.27-12.37.20 SNAPSHOT applied seq=39 phase=ACTION_MANEUVER
2026.09.27-12.37.20 MODE seq=39 mode=0 combat=0 pending=0
2026.09.27-12.37.20 SNAPSHOT applied seq=40 phase=TURN_END
2026.09.27-12.37.20 MODE seq=40 mode=0 combat=0 pending=0
2026.09.27-12.37.22 SNAPSHOT applied seq=41 phase=ACTION_MANEUVER
2026.09.27-12.37.22 MODE seq=41 mode=6 combat=0 pending=1
2026.09.27-12.37.22 S09AUTO drive mode=6 plan=[attack+scheme] phase=ACTION_MANEUVER turn=cmuhntivg0000wib0anhqyswc
2026.09.27-12.37.22 S09AUTO own turn #4 (turnCount=9)
2026.09.27-12.37.22 PEND-RESOLVE sent type=TARGET_FIGHTER stage=0 id=ability-medusa-target-p0
2026.09.27-12.37.22 S09AUTO pending picked (type=TARGET_FIGHTER stage=0)
2026.09.27-12.37.22 SNAPSHOT applied seq=42 phase=ACTION_MANEUVER
2026.09.27-12.37.22 MODE seq=42 mode=0 combat=0 pending=0
2026.09.27-12.37.22 PEND resolve done seq=42 (apply) phase=ACTION_MANEUVER
2026.09.27-12.37.22 SNAPSHOT applied seq=42 phase=ACTION_MANEUVER
2026.09.27-12.37.22 MODE seq=42 mode=0 combat=0 pending=0
2026.09.27-12.37.22 S09AUTO drive mode=0 plan=[attack+scheme] phase=ACTION_MANEUVER turn=cmuhntivg0000wib0anhqyswc
2026.09.27-12.37.22 S09AUTO attack deferred - no may-boost card in hand (turn#4 elapsed=43s)
2026.09.27-12.37.22 SNAPSHOT applied seq=43 phase=ACTION_MANEUVER
2026.09.27-12.37.22 MODE seq=43 mode=1 combat=0 pending=0
2026.09.27-12.37.22 SNAPSHOT applied seq=43 phase=ACTION_MANEUVER
2026.09.27-12.37.22 MODE seq=43 mode=1 combat=0 pending=0
2026.09.27-12.37.22 S09AUTO drive mode=1 plan=[attack+scheme] phase=ACTION_MANEUVER turn=cmuhntivg0000wib0anhqyswc
2026.09.27-12.37.22 SNAPSHOT applied seq=44 phase=ACTION_MANEUVER
2026.09.27-12.37.22 MODE seq=44 mode=0 combat=0 pending=0
2026.09.27-12.37.22 SNAPSHOT applied seq=44 phase=ACTION_MANEUVER
2026.09.27-12.37.22 MODE seq=44 mode=0 combat=0 pending=0
2026.09.27-12.37.23 S09AUTO drive mode=0 plan=[attack+scheme] phase=ACTION_MANEUVER turn=cmuhntivg0000wib0anhqyswc
2026.09.27-12.37.23 S09AUTO attack deferred - no may-boost card in hand (turn#4 elapsed=45s)
2026.09.27-12.37.23 SNAPSHOT applied seq=45 phase=ACTION_MANEUVER
2026.09.27-12.37.23 MODE seq=45 mode=1 combat=0 pending=0
2026.09.27-12.37.23 SNAPSHOT applied seq=45 phase=ACTION_MANEUVER
2026.09.27-12.37.23 MODE seq=45 mode=1 combat=0 pending=0
2026.09.27-12.37.23 S09AUTO drive mode=1 plan=[attack+scheme] phase=ACTION_MANEUVER turn=cmuhntivg0000wib0anhqyswc
2026.09.27-12.37.23 SNAPSHOT applied seq=46 phase=TURN_END
2026.09.27-12.37.23 MODE seq=46 mode=2 combat=0 pending=0
2026.09.27-12.37.23 SNAPSHOT applied seq=46 phase=TURN_END
2026.09.27-12.37.23 MODE seq=46 mode=2 combat=0 pending=0
2026.09.27-12.37.24 S09AUTO drive mode=2 plan=[attack+scheme] phase=TURN_END turn=cmuhntivg0000wib0anhqyswc
2026.09.27-12.37.24 S09AUTO discard picks=2
2026.09.27-12.37.25 SNAPSHOT applied seq=47 phase=ACTION_MANEUVER
2026.09.27-12.37.25 MODE seq=47 mode=0 combat=0 pending=0
2026.09.27-12.37.25 SNAPSHOT applied seq=47 phase=ACTION_MANEUVER
2026.09.27-12.37.25 MODE seq=47 mode=0 combat=0 pending=0
2026.09.27-12.37.25 SNAPSHOT applied seq=48 phase=ACTION_MANEUVER
2026.09.27-12.37.25 MODE seq=48 mode=0 combat=0 pending=1
2026.09.27-12.37.26 S09AUTO drive mode=0 plan=[attack+scheme] phase=ACTION_MANEUVER turn=cmuhntiwu0001wib0z281rpa8
2026.09.27-12.37.26 SNAPSHOT applied seq=49 phase=ACTION_MANEUVER
2026.09.27-12.37.26 MODE seq=49 mode=0 combat=0 pending=1
2026.09.27-12.37.26 SNAPSHOT applied seq=50 phase=ACTION_MANEUVER
2026.09.27-12.37.26 MODE seq=50 mode=0 combat=0 pending=1
2026.09.27-12.37.26 SNAPSHOT applied seq=51 phase=ACTION_MANEUVER
2026.09.27-12.37.26 MODE seq=51 mode=0 combat=0 pending=1
2026.09.27-12.37.26 SNAPSHOT applied seq=52 phase=ACTION_MANEUVER
2026.09.27-12.37.26 MODE seq=52 mode=0 combat=0 pending=1
2026.09.27-12.37.26 SNAPSHOT applied seq=53 phase=ACTION_MANEUVER
2026.09.27-12.37.26 MODE seq=53 mode=0 combat=0 pending=1
2026.09.27-12.37.26 SNAPSHOT applied seq=54 phase=ACTION_MANEUVER
2026.09.27-12.37.26 MODE seq=54 mode=0 combat=0 pending=0
2026.09.27-12.37.26 SNAPSHOT applied seq=55 phase=ACTION_MANEUVER
2026.09.27-12.37.26 MODE seq=55 mode=0 combat=0 pending=0
2026.09.27-12.37.27 SNAPSHOT applied seq=56 phase=ACTION_MANEUVER
2026.09.27-12.37.27 MODE seq=56 mode=6 combat=0 pending=1
2026.09.27-12.37.27 S09AUTO drive mode=6 plan=[attack+scheme] phase=ACTION_MANEUVER turn=cmuhntivg0000wib0anhqyswc
2026.09.27-12.37.27 S09AUTO own turn #5 (turnCount=11)
2026.09.27-12.37.27 PEND-RESOLVE sent type=TARGET_FIGHTER stage=0 id=ability-medusa-target-p0
2026.09.27-12.37.27 S09AUTO pending picked (type=TARGET_FIGHTER stage=0)
2026.09.27-12.37.27 SNAPSHOT applied seq=57 phase=ACTION_MANEUVER
2026.09.27-12.37.27 MODE seq=57 mode=0 combat=0 pending=0
2026.09.27-12.37.27 PEND resolve done seq=57 (apply) phase=ACTION_MANEUVER
2026.09.27-12.37.27 SNAPSHOT applied seq=57 phase=ACTION_MANEUVER
2026.09.27-12.37.27 MODE seq=57 mode=0 combat=0 pending=0
2026.09.27-12.37.27 S09AUTO drive mode=0 plan=[attack+scheme] phase=ACTION_MANEUVER turn=cmuhntivg0000wib0anhqyswc
2026.09.27-12.37.27 S09AUTO attack deferred - no may-boost card in hand (turn#5 elapsed=48s)
2026.09.27-12.37.27 S09AUTO scheme
2026.09.27-12.37.27 SNAPSHOT applied seq=58 phase=ACTION_MANEUVER
2026.09.27-12.37.27 MODE seq=58 mode=6 combat=0 pending=1
2026.09.27-12.37.27 SCHEME done seq=58 (apply) phase=ACTION_MANEUVER
2026.09.27-12.37.27 SNAPSHOT applied seq=58 phase=ACTION_MANEUVER
2026.09.27-12.37.27 MODE seq=58 mode=6 combat=0 pending=1
2026.09.27-12.37.28 S09AUTO drive mode=6 plan=[attack+scheme] phase=ACTION_MANEUVER turn=cmuhntivg0000wib0anhqyswc
2026.09.27-12.37.28 S09AUTO pending-open shot (type=MOVE stage=0 mode=)
2026.09.27-12.37.28 PEND-RESOLVE sent type=MOVE stage=0 id=cmuhgvgkh00sqwi9gondxt3f1-fullText-0-p0
2026.09.27-12.37.28 S09AUTO pending picked (type=MOVE stage=0)
2026.09.27-12.37.28 SNAPSHOT applied seq=59 phase=ACTION_MANEUVER
2026.09.27-12.37.28 MODE seq=59 mode=6 combat=0 pending=1
2026.09.27-12.37.28 PEND resolve done seq=59 (apply) phase=ACTION_MANEUVER
2026.09.27-12.37.28 SNAPSHOT applied seq=59 phase=ACTION_MANEUVER
2026.09.27-12.37.28 MODE seq=59 mode=6 combat=0 pending=1
2026.09.27-12.37.28 PEND-RESOLVE sent type=MOVE stage=0 id=cmuhgvgkh00sqwi9gondxt3f1-fullText-0-p1
2026.09.27-12.37.28 S09AUTO pending picked (type=MOVE stage=0)
2026.09.27-12.37.28 SNAPSHOT applied seq=60 phase=ACTION_MANEUVER
2026.09.27-12.37.28 MODE seq=60 mode=6 combat=0 pending=1
2026.09.27-12.37.28 SNAPSHOT applied seq=60 phase=ACTION_MANEUVER
2026.09.27-12.37.28 MODE seq=60 mode=6 combat=0 pending=1
2026.09.27-12.37.28 PEND resolve done seq=60 (merge) phase=ACTION_MANEUVER
2026.09.27-12.37.28 PEND-RESOLVE sent type=MOVE stage=0 id=cmuhgvgkh00sqwi9gondxt3f1-fullText-0-p2
2026.09.27-12.37.28 S09AUTO pending picked (type=MOVE stage=0)
2026.09.27-12.37.28 SNAPSHOT applied seq=61 phase=ACTION_MANEUVER
2026.09.27-12.37.28 MODE seq=61 mode=6 combat=0 pending=1
2026.09.27-12.37.28 PEND resolve done seq=61 (apply) phase=ACTION_MANEUVER
2026.09.27-12.37.28 SNAPSHOT applied seq=61 phase=ACTION_MANEUVER
2026.09.27-12.37.28 MODE seq=61 mode=6 combat=0 pending=1
2026.09.27-12.37.28 PEND-RESOLVE sent type=MOVE stage=0 id=cmuhgvgkh00sqwi9gondxt3f1-fullText-0-p3
2026.09.27-12.37.28 S09AUTO pending picked (type=MOVE stage=0)
2026.09.27-12.37.28 SNAPSHOT applied seq=62 phase=ACTION_MANEUVER
2026.09.27-12.37.28 MODE seq=62 mode=0 combat=0 pending=0
2026.09.27-12.37.28 SNAPSHOT applied seq=62 phase=ACTION_MANEUVER
2026.09.27-12.37.28 MODE seq=62 mode=0 combat=0 pending=0
2026.09.27-12.37.28 PEND resolve done seq=62 (merge) phase=ACTION_MANEUVER
2026.09.27-12.37.28 S09AUTO drive mode=0 plan=[attack+scheme] phase=ACTION_MANEUVER turn=cmuhntivg0000wib0anhqyswc
2026.09.27-12.37.28 S09AUTO attack deferred - no may-boost card in hand (turn#5 elapsed=50s)
2026.09.27-12.37.29 SNAPSHOT applied seq=63 phase=ACTION_MANEUVER
2026.09.27-12.37.29 MODE seq=63 mode=1 combat=0 pending=0
2026.09.27-12.37.29 SNAPSHOT applied seq=63 phase=ACTION_MANEUVER
2026.09.27-12.37.29 MODE seq=63 mode=1 combat=0 pending=0
2026.09.27-12.37.29 S09AUTO drive mode=1 plan=[attack+scheme] phase=ACTION_MANEUVER turn=cmuhntivg0000wib0anhqyswc
2026.09.27-12.37.29 SNAPSHOT applied seq=64 phase=ACTION_MANEUVER
2026.09.27-12.37.29 MODE seq=64 mode=0 combat=0 pending=0
2026.09.27-12.37.29 SNAPSHOT applied seq=64 phase=ACTION_MANEUVER
2026.09.27-12.37.29 MODE seq=64 mode=0 combat=0 pending=0
2026.09.27-12.37.29 SNAPSHOT applied seq=65 phase=ACTION_MANEUVER
2026.09.27-12.37.29 MODE seq=65 mode=0 combat=0 pending=0
2026.09.27-12.37.29 SNAPSHOT applied seq=66 phase=ACTION_MANEUVER
2026.09.27-12.37.29 MODE seq=66 mode=0 combat=0 pending=0
2026.09.27-12.37.30 S09AUTO drive mode=0 plan=[attack+scheme] phase=ACTION_MANEUVER turn=cmuhntiwu0001wib0z281rpa8
2026.09.27-12.37.30 SNAPSHOT applied seq=67 phase=ACTION_MANEUVER
2026.09.27-12.37.30 MODE seq=67 mode=0 combat=0 pending=0
2026.09.27-12.37.30 SNAPSHOT applied seq=68 phase=TURN_END
2026.09.27-12.37.30 MODE seq=68 mode=0 combat=0 pending=0
2026.09.27-12.37.31 SNAPSHOT applied seq=69 phase=ACTION_MANEUVER
2026.09.27-12.37.31 MODE seq=69 mode=6 combat=0 pending=1
2026.09.27-12.37.31 S09AUTO drive mode=6 plan=[attack+scheme] phase=ACTION_MANEUVER turn=cmuhntivg0000wib0anhqyswc
2026.09.27-12.37.31 S09AUTO own turn #6 (turnCount=13)
2026.09.27-12.37.31 PEND-RESOLVE sent type=TARGET_FIGHTER stage=0 id=ability-medusa-target-p0
2026.09.27-12.37.31 S09AUTO pending picked (type=TARGET_FIGHTER stage=0)
2026.09.27-12.37.31 SNAPSHOT applied seq=70 phase=ACTION_MANEUVER
2026.09.27-12.37.31 MODE seq=70 mode=0 combat=0 pending=0
2026.09.27-12.37.31 SNAPSHOT applied seq=70 phase=ACTION_MANEUVER
2026.09.27-12.37.31 MODE seq=70 mode=0 combat=0 pending=0
2026.09.27-12.37.31 PEND resolve done seq=70 (merge) phase=ACTION_MANEUVER
2026.09.27-12.37.32 S09AUTO drive mode=0 plan=[attack+scheme] phase=ACTION_MANEUVER turn=cmuhntivg0000wib0anhqyswc
2026.09.27-12.37.32 S09AUTO attack deferred - no may-boost card in hand (turn#6 elapsed=53s)
2026.09.27-12.37.32 SNAPSHOT applied seq=71 phase=ACTION_MANEUVER
2026.09.27-12.37.32 MODE seq=71 mode=1 combat=0 pending=0
2026.09.27-12.37.32 SNAPSHOT applied seq=71 phase=ACTION_MANEUVER
2026.09.27-12.37.32 MODE seq=71 mode=1 combat=0 pending=0
2026.09.27-12.37.32 S09AUTO drive mode=1 plan=[attack+scheme] phase=ACTION_MANEUVER turn=cmuhntivg0000wib0anhqyswc
2026.09.27-12.37.32 SNAPSHOT applied seq=72 phase=ACTION_MANEUVER
2026.09.27-12.37.32 MODE seq=72 mode=0 combat=0 pending=0
2026.09.27-12.37.32 SNAPSHOT applied seq=72 phase=ACTION_MANEUVER
2026.09.27-12.37.32 MODE seq=72 mode=0 combat=0 pending=0
2026.09.27-12.37.33 S09AUTO drive mode=0 plan=[attack+scheme] phase=ACTION_MANEUVER turn=cmuhntivg0000wib0anhqyswc
2026.09.27-12.37.33 S09AUTO attack deferred - no may-boost card in hand (turn#6 elapsed=54s)
2026.09.27-12.37.33 SNAPSHOT applied seq=73 phase=ACTION_MANEUVER
2026.09.27-12.37.33 MODE seq=73 mode=1 combat=0 pending=0
2026.09.27-12.37.33 SNAPSHOT applied seq=73 phase=ACTION_MANEUVER
2026.09.27-12.37.33 MODE seq=73 mode=1 combat=0 pending=0
2026.09.27-12.37.33 S09AUTO drive mode=1 plan=[attack+scheme] phase=ACTION_MANEUVER turn=cmuhntivg0000wib0anhqyswc
2026.09.27-12.37.33 SNAPSHOT applied seq=74 phase=TURN_END
2026.09.27-12.37.33 MODE seq=74 mode=2 combat=0 pending=0
2026.09.27-12.37.33 SNAPSHOT applied seq=74 phase=TURN_END
2026.09.27-12.37.33 MODE seq=74 mode=2 combat=0 pending=0
2026.09.27-12.37.34 S09AUTO drive mode=2 plan=[attack+scheme] phase=TURN_END turn=cmuhntivg0000wib0anhqyswc
2026.09.27-12.37.34 S09AUTO discard picks=2
2026.09.27-12.37.34 SNAPSHOT applied seq=75 phase=ACTION_MANEUVER
2026.09.27-12.37.34 MODE seq=75 mode=0 combat=0 pending=0
2026.09.27-12.37.34 SNAPSHOT applied seq=75 phase=ACTION_MANEUVER
2026.09.27-12.37.34 MODE seq=75 mode=0 combat=0 pending=0
2026.09.27-12.37.34 SNAPSHOT applied seq=76 phase=ACTION_MANEUVER
2026.09.27-12.37.34 MODE seq=76 mode=0 combat=0 pending=0
2026.09.27-12.37.34 SNAPSHOT applied seq=77 phase=ACTION_MANEUVER
2026.09.27-12.37.34 MODE seq=77 mode=0 combat=0 pending=0
2026.09.27-12.37.35 S09AUTO drive mode=0 plan=[attack+scheme] phase=ACTION_MANEUVER turn=cmuhntiwu0001wib0z281rpa8
2026.09.27-12.37.36 SNAPSHOT applied seq=78 phase=ACTION_MANEUVER
2026.09.27-12.37.36 MODE seq=78 mode=0 combat=0 pending=0
2026.09.27-12.37.36 SNAPSHOT applied seq=79 phase=TURN_END
2026.09.27-12.37.36 MODE seq=79 mode=0 combat=0 pending=0
2026.09.27-12.37.37 SNAPSHOT applied seq=80 phase=ACTION_MANEUVER
2026.09.27-12.37.37 MODE seq=80 mode=6 combat=0 pending=1
2026.09.27-12.37.37 S09AUTO drive mode=6 plan=[attack+scheme] phase=ACTION_MANEUVER turn=cmuhntivg0000wib0anhqyswc
2026.09.27-12.37.37 S09AUTO own turn #7 (turnCount=15)
2026.09.27-12.37.37 PEND-RESOLVE sent type=TARGET_FIGHTER stage=0 id=ability-medusa-target-p0
2026.09.27-12.37.37 S09AUTO pending picked (type=TARGET_FIGHTER stage=0)
2026.09.27-12.37.37 SNAPSHOT applied seq=81 phase=ACTION_MANEUVER
2026.09.27-12.37.37 MODE seq=81 mode=0 combat=0 pending=0
2026.09.27-12.37.37 SNAPSHOT applied seq=81 phase=ACTION_MANEUVER
2026.09.27-12.37.37 MODE seq=81 mode=0 combat=0 pending=0
2026.09.27-12.37.37 PEND resolve done seq=81 (merge) phase=ACTION_MANEUVER
2026.09.27-12.37.37 S09AUTO drive mode=0 plan=[attack+scheme] phase=ACTION_MANEUVER turn=cmuhntivg0000wib0anhqyswc
2026.09.27-12.37.37 S09AUTO attack deferred - no may-boost card in hand (turn#7 elapsed=59s)
2026.09.27-12.37.37 SNAPSHOT applied seq=82 phase=ACTION_MANEUVER
2026.09.27-12.37.37 MODE seq=82 mode=1 combat=0 pending=0
2026.09.27-12.37.37 SNAPSHOT applied seq=82 phase=ACTION_MANEUVER
2026.09.27-12.37.37 MODE seq=82 mode=1 combat=0 pending=0
2026.09.27-12.37.37 S09AUTO drive mode=1 plan=[attack+scheme] phase=ACTION_MANEUVER turn=cmuhntivg0000wib0anhqyswc
2026.09.27-12.37.37 SNAPSHOT applied seq=83 phase=ACTION_MANEUVER
2026.09.27-12.37.37 MODE seq=83 mode=0 combat=0 pending=0
2026.09.27-12.37.37 SNAPSHOT applied seq=83 phase=ACTION_MANEUVER
2026.09.27-12.37.37 MODE seq=83 mode=0 combat=0 pending=0
2026.09.27-12.37.39 S09AUTO drive mode=0 plan=[attack+scheme] phase=ACTION_MANEUVER turn=cmuhntivg0000wib0anhqyswc
2026.09.27-12.37.39 S09AUTO attack (attacker=f-0-hero target-set card-set)
2026.09.27-12.37.39 ATTACK sent
2026.09.27-12.37.39 SNAPSHOT applied seq=84 phase=COMBAT
2026.09.27-12.37.39 MODE seq=84 mode=0 combat=1 pending=0
2026.09.27-12.37.39 SNAPSHOT applied seq=84 phase=COMBAT
2026.09.27-12.37.39 MODE seq=84 mode=0 combat=1 pending=0
2026.09.27-12.37.39 SNAPSHOT applied seq=85 phase=COMBAT_RESOLVE
2026.09.27-12.37.39 MODE seq=85 mode=5 combat=1 pending=0
2026.09.27-12.37.39 S09AUTO drive mode=5 plan=[attack+scheme] phase=COMBAT_RESOLVE turn=cmuhntivg0000wib0anhqyswc
2026.09.27-12.37.39 SNAPSHOT applied seq=86 phase=COMBAT_RESOLVE
2026.09.27-12.37.39 MODE seq=86 mode=6 combat=1 pending=1
2026.09.27-12.37.39 PENDING panel revealed: attack A3+B0 vs D4
2026.09.27-12.37.39 S09AUTO drive mode=6 plan=[attack+scheme] phase=COMBAT_RESOLVE turn=cmuhntivg0000wib0anhqyswc
2026.09.27-12.37.39 S09AUTO boost choice - holding 4s for the other seat's reveal capture
2026.09.27-12.37.43 PEND-RESOLVE sent type=BOOST_CHOICE stage=0 id=cmuhgvgkf00smwi9gaeymh3ur-during-0-boost-85
2026.09.27-12.37.43 S09AUTO pending picked (type=BOOST_CHOICE stage=0)
2026.09.27-12.37.43 SNAPSHOT applied seq=87 phase=ACTION_MANEUVER
2026.09.27-12.37.43 COMBAT-RESULT seq=87 damage=2 role=attacked
2026.09.27-12.37.43 PENDING panel revealed: attack A3+B0 vs D4
2026.09.27-12.37.43 MODE seq=87 mode=0 combat=0 pending=0
2026.09.27-12.37.43 PEND resolve done seq=87 (apply) phase=ACTION_MANEUVER
2026.09.27-12.37.43 SNAPSHOT applied seq=87 phase=ACTION_MANEUVER
2026.09.27-12.37.43 MODE seq=87 mode=0 combat=0 pending=0
2026.09.27-12.37.43 S09AUTO drive mode=0 plan=[attack+scheme] phase=ACTION_MANEUVER turn=cmuhntiwu0001wib0z281rpa8
2026.09.27-12.37.43 SNAPSHOT applied seq=88 phase=ACTION_MANEUVER
2026.09.27-12.37.43 MODE seq=88 mode=0 combat=0 pending=0
2026.09.27-12.37.43 SNAPSHOT applied seq=89 phase=ACTION_MANEUVER
2026.09.27-12.37.43 MODE seq=89 mode=0 combat=0 pending=0
2026.09.27-12.37.45 SNAPSHOT applied seq=90 phase=ACTION_MANEUVER
2026.09.27-12.37.45 MODE seq=90 mode=0 combat=0 pending=0
2026.09.27-12.37.45 SNAPSHOT applied seq=91 phase=TURN_END
2026.09.27-12.37.45 MODE seq=91 mode=0 combat=0 pending=0
2026.09.27-12.37.46 SNAPSHOT applied seq=92 phase=ACTION_MANEUVER
2026.09.27-12.37.46 MODE seq=92 mode=6 combat=0 pending=1
2026.09.27-12.37.46 S09AUTO drive mode=6 plan=[attack+scheme] phase=ACTION_MANEUVER turn=cmuhntivg0000wib0anhqyswc
2026.09.27-12.37.46 S09AUTO own turn #8 (turnCount=17)
2026.09.27-12.37.46 PEND-RESOLVE sent type=TARGET_FIGHTER stage=0 id=ability-medusa-target-p0
2026.09.27-12.37.46 S09AUTO pending picked (type=TARGET_FIGHTER stage=0)
2026.09.27-12.37.46 SNAPSHOT applied seq=93 phase=ACTION_MANEUVER
2026.09.27-12.37.46 MODE seq=93 mode=0 combat=0 pending=0
2026.09.27-12.37.46 PEND resolve done seq=93 (apply) phase=ACTION_MANEUVER
2026.09.27-12.37.46 SNAPSHOT applied seq=93 phase=ACTION_MANEUVER
2026.09.27-12.37.46 MODE seq=93 mode=0 combat=0 pending=0
2026.09.27-12.37.46 S09AUTO drive mode=0 plan=[attack+scheme] phase=ACTION_MANEUVER turn=cmuhntivg0000wib0anhqyswc
2026.09.27-12.37.46 S09AUTO attack (attacker=f-0-hero target-set card-set)
2026.09.27-12.37.46 ATTACK sent
2026.09.27-12.37.46 SNAPSHOT applied seq=94 phase=COMBAT
2026.09.27-12.37.46 MODE seq=94 mode=0 combat=1 pending=0
2026.09.27-12.37.46 SNAPSHOT applied seq=94 phase=COMBAT
2026.09.27-12.37.46 MODE seq=94 mode=0 combat=1 pending=0
2026.09.27-12.37.47 SNAPSHOT applied seq=95 phase=COMBAT_RESOLVE
2026.09.27-12.37.47 MODE seq=95 mode=5 combat=1 pending=0
2026.09.27-12.37.47 S09AUTO drive mode=5 plan=[attack+scheme] phase=COMBAT_RESOLVE turn=cmuhntivg0000wib0anhqyswc
2026.09.27-12.37.47 SNAPSHOT applied seq=96 phase=COMBAT_RESOLVE
2026.09.27-12.37.47 MODE seq=96 mode=5 combat=1 pending=1
2026.09.27-12.37.47 RESOLVE panel revealed: A2+B0 vs D4
2026.09.27-12.37.47 RESOLVE panel blocked by pending (type=MOVE id=cmuhgvgi800p4wi9greokvfle-after-0-p0)
2026.09.27-12.37.47 S09AUTO resolve-revealed shot
2026.09.27-12.37.47 S09AUTO resolve-blocked shot (type=MOVE)
2026.09.27-12.37.47 SNAPSHOT applied seq=97 phase=ACTION_MANEUVER
2026.09.27-12.37.47 COMBAT-RESULT seq=97 damage=0 role=attacked
2026.09.27-12.37.47 RESOLVE panel revealed: A2+B0 vs D4
2026.09.27-12.37.47 MODE seq=97 mode=0 combat=0 pending=0
2026.09.27-12.37.47 S09AUTO drive mode=0 plan=[attack+scheme] phase=ACTION_MANEUVER turn=cmuhntivg0000wib0anhqyswc
2026.09.27-12.37.47 S09AUTO attack (attacker=f-0-hero target-set card-set)
2026.09.27-12.37.47 ATTACK sent
2026.09.27-12.37.47 SNAPSHOT applied seq=98 phase=COMBAT
2026.09.27-12.37.47 MODE seq=98 mode=0 combat=1 pending=0
2026.09.27-12.37.47 SNAPSHOT applied seq=98 phase=COMBAT
2026.09.27-12.37.47 MODE seq=98 mode=0 combat=1 pending=0
2026.09.27-12.37.47 SNAPSHOT applied seq=99 phase=COMBAT_RESOLVE
2026.09.27-12.37.47 MODE seq=99 mode=5 combat=1 pending=0
2026.09.27-12.37.47 S09AUTO drive mode=5 plan=[attack+scheme] phase=COMBAT_RESOLVE turn=cmuhntivg0000wib0anhqyswc
2026.09.27-12.37.48 SNAPSHOT applied seq=100 phase=ACTION_MANEUVER
2026.09.27-12.37.48 COMBAT-RESULT seq=100 damage=1 role=attacked
2026.09.27-12.37.48 MODE seq=100 mode=0 combat=0 pending=0
2026.09.27-12.37.48 S09AUTO drive mode=0 plan=[attack+scheme] phase=ACTION_MANEUVER turn=cmuhntiwu0001wib0z281rpa8
2026.09.27-12.37.48 SNAPSHOT applied seq=101 phase=ACTION_MANEUVER
2026.09.27-12.37.48 MODE seq=101 mode=0 combat=0 pending=1
2026.09.27-12.37.49 SNAPSHOT applied seq=102 phase=ACTION_MANEUVER
2026.09.27-12.37.49 MODE seq=102 mode=0 combat=0 pending=1
2026.09.27-12.37.49 SNAPSHOT applied seq=103 phase=ACTION_MANEUVER
2026.09.27-12.37.49 MODE seq=103 mode=0 combat=0 pending=1
2026.09.27-12.37.49 SNAPSHOT applied seq=104 phase=ACTION_MANEUVER
2026.09.27-12.37.49 MODE seq=104 mode=0 combat=0 pending=1
2026.09.27-12.37.49 SNAPSHOT applied seq=105 phase=ACTION_MANEUVER
2026.09.27-12.37.49 MODE seq=105 mode=0 combat=0 pending=1
2026.09.27-12.37.49 SNAPSHOT applied seq=106 phase=ACTION_MANEUVER
2026.09.27-12.37.49 MODE seq=106 mode=0 combat=0 pending=1
2026.09.27-12.37.49 SNAPSHOT applied seq=107 phase=ACTION_MANEUVER
2026.09.27-12.37.49 MODE seq=107 mode=0 combat=0 pending=0
2026.09.27-12.37.50 SNAPSHOT applied seq=108 phase=ACTION_MANEUVER
2026.09.27-12.37.50 MODE seq=108 mode=0 combat=0 pending=0
2026.09.27-12.37.50 SNAPSHOT applied seq=109 phase=ACTION_MANEUVER
2026.09.27-12.37.50 MODE seq=109 mode=6 combat=0 pending=1
2026.09.27-12.37.50 S09AUTO drive mode=6 plan=[attack+scheme] phase=ACTION_MANEUVER turn=cmuhntivg0000wib0anhqyswc
2026.09.27-12.37.50 S09AUTO own turn #9 (turnCount=19)
2026.09.27-12.37.50 PEND-RESOLVE sent type=TARGET_FIGHTER stage=0 id=ability-medusa-target-p0
2026.09.27-12.37.50 S09AUTO pending picked (type=TARGET_FIGHTER stage=0)
2026.09.27-12.37.50 SNAPSHOT applied seq=110 phase=ACTION_MANEUVER
2026.09.27-12.37.50 MODE seq=110 mode=0 combat=0 pending=0
2026.09.27-12.37.50 PEND resolve done seq=110 (apply) phase=ACTION_MANEUVER
2026.09.27-12.37.50 SNAPSHOT applied seq=110 phase=ACTION_MANEUVER
2026.09.27-12.37.50 MODE seq=110 mode=0 combat=0 pending=0
2026.09.27-12.37.50 S09AUTO drive mode=0 plan=[attack+scheme] phase=ACTION_MANEUVER turn=cmuhntivg0000wib0anhqyswc
2026.09.27-12.37.50 S09AUTO attack (attacker=f-0-sk0 target-set card-set)
2026.09.27-12.37.50 ATTACK sent
2026.09.27-12.37.50 SNAPSHOT applied seq=111 phase=COMBAT
2026.09.27-12.37.50 MODE seq=111 mode=0 combat=1 pending=0
2026.09.27-12.37.50 SNAPSHOT applied seq=111 phase=COMBAT
2026.09.27-12.37.50 MODE seq=111 mode=0 combat=1 pending=0
2026.09.27-12.37.51 SNAPSHOT applied seq=112 phase=COMBAT_RESOLVE
2026.09.27-12.37.51 MODE seq=112 mode=5 combat=1 pending=0
2026.09.27-12.37.51 S09AUTO drive mode=5 plan=[attack+scheme] phase=COMBAT_RESOLVE turn=cmuhntivg0000wib0anhqyswc
2026.09.27-12.37.51 SNAPSHOT applied seq=113 phase=COMBAT_RESOLVE
2026.09.27-12.37.51 MODE seq=113 mode=5 combat=1 pending=1
2026.09.27-12.37.51 RESOLVE panel revealed: A2+B0 vs D0
2026.09.27-12.37.51 RESOLVE panel blocked by pending (type=PLACE id=cmuhgvgi000omwi9gbn3wr8kb-after-0-p0)
2026.09.27-12.37.51 S09AUTO resolve-blocked shot (type=PLACE)
2026.09.27-12.37.51 SNAPSHOT applied seq=114 phase=ACTION_MANEUVER
2026.09.27-12.37.51 COMBAT-RESULT seq=114 damage=0 role=attacked
2026.09.27-12.37.51 RESOLVE panel revealed: A2+B0 vs D0
2026.09.27-12.37.51 MODE seq=114 mode=0 combat=0 pending=0
2026.09.27-12.37.51 S09AUTO drive mode=0 plan=[attack+scheme] phase=ACTION_MANEUVER turn=cmuhntivg0000wib0anhqyswc
2026.09.27-12.37.51 SNAPSHOT applied seq=115 phase=ACTION_MANEUVER
2026.09.27-12.37.51 MODE seq=115 mode=1 combat=0 pending=0
2026.09.27-12.37.51 SNAPSHOT applied seq=115 phase=ACTION_MANEUVER
2026.09.27-12.37.51 MODE seq=115 mode=1 combat=0 pending=0
2026.09.27-12.37.51 S09AUTO drive mode=1 plan=[attack+scheme] phase=ACTION_MANEUVER turn=cmuhntivg0000wib0anhqyswc
2026.09.27-12.37.51 SNAPSHOT applied seq=116 phase=ACTION_MANEUVER
2026.09.27-12.37.51 MODE seq=116 mode=0 combat=0 pending=0
2026.09.27-12.37.51 SNAPSHOT applied seq=116 phase=ACTION_MANEUVER
2026.09.27-12.37.51 MODE seq=116 mode=0 combat=0 pending=0
2026.09.27-12.37.51 MODE seq=117 mode=0 combat=0 pending=0
2026.09.27-12.37.51 SNAPSHOT applied seq=118 phase=ACTION_MANEUVER
2026.09.27-12.37.51 MODE seq=118 mode=0 combat=0 pending=0
2026.09.27-12.37.52 S09AUTO drive mode=0 plan=[attack+scheme] phase=ACTION_MANEUVER turn=cmuhntiwu0001wib0z281rpa8
2026.09.27-12.37.53 SNAPSHOT applied seq=119 phase=ACTION_MANEUVER
2026.09.27-12.37.53 MODE seq=119 mode=0 combat=0 pending=0
2026.09.27-12.37.53 SNAPSHOT applied seq=120 phase=ACTION_MANEUVER
2026.09.27-12.37.53 MODE seq=120 mode=6 combat=0 pending=1
2026.09.27-12.37.53 S09AUTO drive mode=6 plan=[attack+scheme] phase=ACTION_MANEUVER turn=cmuhntivg0000wib0anhqyswc
2026.09.27-12.37.53 S09AUTO own turn #10 (turnCount=21)
2026.09.27-12.37.53 PEND-RESOLVE sent type=TARGET_FIGHTER stage=0 id=ability-medusa-target-p0
2026.09.27-12.37.53 S09AUTO pending picked (type=TARGET_FIGHTER stage=0)
2026.09.27-12.37.53 SNAPSHOT applied seq=121 phase=ACTION_MANEUVER
2026.09.27-12.37.53 MODE seq=121 mode=0 combat=0 pending=0
2026.09.27-12.37.53 PEND resolve done seq=121 (apply) phase=ACTION_MANEUVER
2026.09.27-12.37.53 SNAPSHOT applied seq=121 phase=ACTION_MANEUVER
2026.09.27-12.37.53 MODE seq=121 mode=0 combat=0 pending=0
2026.09.27-12.37.53 S09AUTO drive mode=0 plan=[attack+scheme] phase=ACTION_MANEUVER turn=cmuhntivg0000wib0anhqyswc
2026.09.27-12.37.53 S09AUTO attack (attacker=f-0-hero target-set card-set)
2026.09.27-12.37.53 ATTACK sent
2026.09.27-12.37.53 SNAPSHOT applied seq=122 phase=COMBAT
2026.09.27-12.37.53 MODE seq=122 mode=0 combat=1 pending=0
2026.09.27-12.37.53 SNAPSHOT applied seq=122 phase=COMBAT
2026.09.27-12.37.53 MODE seq=122 mode=0 combat=1 pending=0
2026.09.27-12.37.54 SNAPSHOT applied seq=123 phase=COMBAT_RESOLVE
2026.09.27-12.37.54 MODE seq=123 mode=5 combat=1 pending=0
2026.09.27-12.37.54 S09AUTO drive mode=5 plan=[attack+scheme] phase=COMBAT_RESOLVE turn=cmuhntivg0000wib0anhqyswc
2026.09.27-12.37.54 SNAPSHOT applied seq=124 phase=ACTION_MANEUVER
2026.09.27-12.37.54 COMBAT-RESULT seq=124 damage=0 role=attacked
2026.09.27-12.37.54 MODE seq=124 mode=0 combat=0 pending=0
2026.09.27-12.37.54 S09AUTO drive mode=0 plan=[attack+scheme] phase=ACTION_MANEUVER turn=cmuhntivg0000wib0anhqyswc
2026.09.27-12.37.54 S09AUTO attack (attacker=f-0-hero target-set card-set)
2026.09.27-12.37.54 ATTACK sent
2026.09.27-12.37.54 SNAPSHOT applied seq=125 phase=COMBAT
2026.09.27-12.37.54 MODE seq=125 mode=0 combat=1 pending=0
2026.09.27-12.37.54 SNAPSHOT applied seq=125 phase=COMBAT
2026.09.27-12.37.54 MODE seq=125 mode=0 combat=1 pending=0
2026.09.27-12.37.54 SNAPSHOT applied seq=126 phase=COMBAT_RESOLVE
2026.09.27-12.37.54 MODE seq=126 mode=5 combat=1 pending=0
2026.09.27-12.37.54 S09AUTO drive mode=5 plan=[attack+scheme] phase=COMBAT_RESOLVE turn=cmuhntivg0000wib0anhqyswc
2026.09.27-12.37.54 SNAPSHOT applied seq=127 phase=ACTION_MANEUVER
2026.09.27-12.37.54 COMBAT-RESULT seq=127 damage=0 role=attacked
2026.09.27-12.37.54 MODE seq=127 mode=0 combat=0 pending=0
2026.09.27-12.37.54 S09AUTO drive mode=0 plan=[attack+scheme] phase=ACTION_MANEUVER turn=cmuhntiwu0001wib0z281rpa8
2026.09.27-12.37.54 SNAPSHOT applied seq=128 phase=ACTION_MANEUVER
2026.09.27-12.37.54 MODE seq=128 mode=0 combat=0 pending=0
2026.09.27-12.37.55 SNAPSHOT applied seq=129 phase=ACTION_MANEUVER
2026.09.27-12.37.55 MODE seq=129 mode=0 combat=0 pending=0
2026.09.27-12.37.56 SNAPSHOT applied seq=130 phase=ACTION_MANEUVER
2026.09.27-12.37.56 MODE seq=130 mode=6 combat=0 pending=1
2026.09.27-12.37.56 S09AUTO drive mode=6 plan=[attack+scheme] phase=ACTION_MANEUVER turn=cmuhntivg0000wib0anhqyswc
2026.09.27-12.37.56 S09AUTO own turn #11 (turnCount=23)
2026.09.27-12.37.56 PEND-RESOLVE sent type=TARGET_FIGHTER stage=0 id=ability-medusa-target-p0
2026.09.27-12.37.56 S09AUTO pending picked (type=TARGET_FIGHTER stage=0)
2026.09.27-12.37.56 SNAPSHOT applied seq=131 phase=ACTION_MANEUVER
2026.09.27-12.37.56 MODE seq=131 mode=0 combat=0 pending=0
2026.09.27-12.37.56 PEND resolve done seq=131 (apply) phase=ACTION_MANEUVER
2026.09.27-12.37.56 SNAPSHOT applied seq=131 phase=ACTION_MANEUVER
2026.09.27-12.37.56 MODE seq=131 mode=0 combat=0 pending=0
2026.09.27-12.37.56 S09AUTO drive mode=0 plan=[attack+scheme] phase=ACTION_MANEUVER turn=cmuhntivg0000wib0anhqyswc
2026.09.27-12.37.56 S09AUTO attack (attacker=f-0-sk0 target-set card-set)
2026.09.27-12.37.56 ATTACK sent
2026.09.27-12.37.56 SNAPSHOT applied seq=132 phase=COMBAT
2026.09.27-12.37.56 MODE seq=132 mode=0 combat=1 pending=0
2026.09.27-12.37.56 SNAPSHOT applied seq=132 phase=COMBAT
2026.09.27-12.37.56 MODE seq=132 mode=0 combat=1 pending=0
2026.09.27-12.37.57 SNAPSHOT applied seq=133 phase=COMBAT_RESOLVE
2026.09.27-12.37.57 MODE seq=133 mode=5 combat=1 pending=0
2026.09.27-12.37.57 S09AUTO drive mode=5 plan=[attack+scheme] phase=COMBAT_RESOLVE turn=cmuhntivg0000wib0anhqyswc
2026.09.27-12.37.57 SNAPSHOT applied seq=134 phase=ACTION_MANEUVER
2026.09.27-12.37.57 COMBAT-RESULT seq=134 damage=0 role=attacked
2026.09.27-12.37.57 MODE seq=134 mode=0 combat=0 pending=0
2026.09.27-12.37.57 S09AUTO drive mode=0 plan=[attack+scheme] phase=ACTION_MANEUVER turn=cmuhntivg0000wib0anhqyswc
2026.09.27-12.37.57 SNAPSHOT applied seq=135 phase=ACTION_MANEUVER
2026.09.27-12.37.57 MODE seq=135 mode=1 combat=0 pending=0
2026.09.27-12.37.57 SNAPSHOT applied seq=135 phase=ACTION_MANEUVER
2026.09.27-12.37.57 MODE seq=135 mode=1 combat=0 pending=0
2026.09.27-12.37.57 S09AUTO drive mode=1 plan=[attack+scheme] phase=ACTION_MANEUVER turn=cmuhntivg0000wib0anhqyswc
2026.09.27-12.37.57 SNAPSHOT applied seq=136 phase=ACTION_MANEUVER
2026.09.27-12.37.57 MODE seq=136 mode=0 combat=0 pending=0
2026.09.27-12.37.57 SNAPSHOT applied seq=136 phase=ACTION_MANEUVER
2026.09.27-12.37.57 MODE seq=136 mode=0 combat=0 pending=0
2026.09.27-12.37.57 SNAPSHOT applied seq=137 phase=ACTION_MANEUVER
2026.09.27-12.37.57 MODE seq=137 mode=0 combat=0 pending=0
2026.09.27-12.37.57 SNAPSHOT applied seq=138 phase=ACTION_MANEUVER
2026.09.27-12.37.57 MODE seq=138 mode=0 combat=0 pending=0
2026.09.27-12.37.58 S09AUTO drive mode=0 plan=[attack+scheme] phase=ACTION_MANEUVER turn=cmuhntiwu0001wib0z281rpa8
2026.09.27-12.37.59 SNAPSHOT applied seq=139 phase=ACTION_MANEUVER
2026.09.27-12.37.59 MODE seq=139 mode=0 combat=0 pending=0
2026.09.27-12.37.59 SNAPSHOT applied seq=140 phase=ACTION_MANEUVER
2026.09.27-12.37.59 MODE seq=140 mode=6 combat=0 pending=1
2026.09.27-12.37.59 S09AUTO drive mode=6 plan=[attack+scheme] phase=ACTION_MANEUVER turn=cmuhntivg0000wib0anhqyswc
2026.09.27-12.37.59 S09AUTO own turn #12 (turnCount=25)
2026.09.27-12.37.59 PEND-RESOLVE sent type=TARGET_FIGHTER stage=0 id=ability-medusa-target-p0
2026.09.27-12.37.59 S09AUTO pending picked (type=TARGET_FIGHTER stage=0)
2026.09.27-12.37.59 SNAPSHOT applied seq=141 phase=ACTION_MANEUVER
2026.09.27-12.37.59 MODE seq=141 mode=0 combat=0 pending=0
2026.09.27-12.37.59 SNAPSHOT applied seq=141 phase=ACTION_MANEUVER
2026.09.27-12.37.59 MODE seq=141 mode=0 combat=0 pending=0
2026.09.27-12.37.59 PEND resolve done seq=141 (merge) phase=ACTION_MANEUVER
2026.09.27-12.37.59 S09AUTO drive mode=0 plan=[attack+scheme] phase=ACTION_MANEUVER turn=cmuhntivg0000wib0anhqyswc
2026.09.27-12.37.59 S09AUTO attack (attacker=f-0-hero target-set card-set)
2026.09.27-12.37.59 ATTACK sent
2026.09.27-12.37.59 SNAPSHOT applied seq=142 phase=COMBAT
2026.09.27-12.37.59 MODE seq=142 mode=0 combat=1 pending=0
2026.09.27-12.37.59 SNAPSHOT applied seq=142 phase=COMBAT
2026.09.27-12.37.59 MODE seq=142 mode=0 combat=1 pending=0
2026.09.27-12.38.00 SNAPSHOT applied seq=143 phase=COMBAT_RESOLVE
2026.09.27-12.38.00 MODE seq=143 mode=5 combat=1 pending=0
2026.09.27-12.38.00 S09AUTO drive mode=5 plan=[attack+scheme] phase=COMBAT_RESOLVE turn=cmuhntivg0000wib0anhqyswc
2026.09.27-12.38.00 SNAPSHOT applied seq=144 phase=COMBAT_RESOLVE
2026.09.27-12.38.00 MODE seq=144 mode=6 combat=1 pending=1
2026.09.27-12.38.00 PENDING panel revealed: attack A3+B0 vs D3
2026.09.27-12.38.00 S09AUTO drive mode=6 plan=[attack+scheme] phase=COMBAT_RESOLVE turn=cmuhntivg0000wib0anhqyswc
2026.09.27-12.38.00 S09AUTO boost choice - holding 4s for the other seat's reveal capture
2026.09.27-12.38.04 PEND-RESOLVE sent type=BOOST_CHOICE stage=0 id=cmuhgvgkf00smwi9gaeymh3ur-during-0-boost-143
2026.09.27-12.38.04 S09AUTO pending picked (type=BOOST_CHOICE stage=0)
2026.09.27-12.38.04 SNAPSHOT applied seq=145 phase=GAME_OVER
2026.09.27-12.38.04 COMBAT-RESULT seq=145 damage=2 role=attacked
2026.09.27-12.38.04 PENDING panel revealed: attack A3+B0 vs D3
2026.09.27-12.38.04 MODE seq=145 mode=0 combat=1 pending=1
2026.09.27-12.38.04 RESULT seq=145 outcome=VICTORY winner=Medusa
2026.09.27-12.38.04 PEND resolve done seq=145 (apply) phase=GAME_OVER
2026.09.27-12.38.04 SNAPSHOT applied seq=145 phase=GAME_OVER
2026.09.27-12.38.04 MODE seq=145 mode=0 combat=1 pending=1
2026.09.27-12.38.06 S09AUTO result-screen shot
2026.09.27-12.38.06 RESULT lobby-return sent (leaveGame)
2026.09.27-12.38.06 LEFT room=cmujsz1pw00arwi6cgx8jvluz
2026.09.27-12.38.10 S09AUTO lobby-return shot
2026.09.27-12.38.10 S09AUTO duel flow complete (GAME_OVER -> result shown -> lobby return) - exiting
