2026.10.01-20.25.14 --- S08 trace open 2026.10.01-20.25.14 ---
2026.10.01-20.25.14 HUD team chips ready=1 mode=absolute tagNames=rule
2026.10.01-20.25.14 HUD icon texture size=32 ready=1 path=/Game/ArtTests/ARTMarkers/Textures/T_UI_Action_AttackToken_32 texture=32x32 probe=0 plate=1
2026.10.01-20.25.14 HUD art widget tag impl=umg source=/Game/S08/UI/ArtHud/WBP_S08ArtTag class=/Game/S08/UI/ArtHud/WBP_S08ArtTag.WBP_S08ArtTag_C count=8 missing=- codeDefaultTree=0
2026.10.01-20.25.14 HUD art widget plate impl=umg source=/Game/S08/UI/ArtHud/WBP_S08ArtPlate class=/Game/S08/UI/ArtHud/WBP_S08ArtPlate.WBP_S08ArtPlate_C parts=1 missing=- codeDefaultTree=0
2026.10.01-20.25.14 HUD art widget icon impl=umg source=/Game/S08/UI/ArtHud/WBP_S08ArtIcon class=/Game/S08/UI/ArtHud/WBP_S08ArtIcon.WBP_S08ArtIcon_C parts=1 missing=- codeDefaultTree=0
2026.10.01-20.25.14 HUD art widget damage impl=umg source=/Game/S08/UI/ArtHud/WBP_S08ArtDamage class=/Game/S08/UI/ArtHud/WBP_S08ArtDamage.WBP_S08ArtDamage_C parts=1 missing=- codeDefaultTree=0
2026.10.01-20.25.14 RENDER preset applied=High flag=S08RenderPreset
2026.10.01-20.25.14 BENCH start (W4-A backend-less render bench)
2026.10.01-20.25.14 ARTPREVIEW diorama requested mesh=/Game/PipelineCandidates/TableBase/20260928-table-base-tripo-h31/Meshes/SM_TableBase.SM_TableBase mi=MI_TableBase_Candidate
2026.10.01-20.25.14 ARTPREVIEW envlayout enabled dir=Config/ArtBoards/EnvLayouts source=pak files=2 names=marmoreal.layout.json+sarpedon.layout.json overlays=marmoreal.concept.layout.json+marmoreal.user.layout.json+sarpedon.concept.layout.json+sarpedon.user.layout.json
2026.10.01-20.25.14 ARTPREVIEW board profiles loaded=1 revision=16 boards=5 zoneStyles=11 lightProfiles=5 errors=0 path=Config/ArtBoards/S08ArtBoardProfiles.json
2026.10.01-20.25.14 ARTPREVIEW board profiles source=pak sha256=80e2a2c59b64ecebdb70086801e5ed1f556392439af6eb4da84abb0785268142
2026.10.01-20.25.15 ARTPREVIEW zone content instances=12/12 glyphMeshes=11/11
2026.10.01-20.25.15 ARTPREVIEW zone keyline content mi=MI_ART005_Zone_Keyline glyphKeyMeshes=11/11 color=#111317
2026.10.01-20.25.15 ARTPREVIEW game layer material=M_S08_GameLayerUnlit unlitEyeAdaptInv=1 legacyRender=0
2026.10.01-20.25.15 ARTPREVIEW Cobble assets ready
2026.10.01-20.25.15 ARTPREVIEW board assets ready cobbleMesh=1 tiles=1 zoneMaterials=2
2026.10.01-20.25.15 ARTPREVIEW medusa candidate variant=face-neck-v2 mesh=SK_Medusa_FaceNeck_v2Candidate requested=(default)
2026.10.01-20.25.15 ARTPREVIEW map-image assets map=Sarpedon mi=MI_Sarpedon_MapBoard material=M_MapBoard bc=T_Sarpedon_Map_BC_4K mask=T_Sarpedon_Map_GameMask_4K boundBc=1 boundMask=1 sdf=-1 id=-1
2026.10.01-20.25.15 ARTPREVIEW board profile=sarpedon-original match=boardId board=9x6 boardId=c7fa64a26c29a0835f2383e63 surface=map-image light=sarpedon-night artFixture=0 map=Sarpedon
2026.10.01-20.25.15 ARTPREVIEW light profile=sarpedon-night name=key role=key kind=directional at=(-350,-150,600) intensity=3.5 units=lux radius=0 color=(0.60,0.71,0.97) shadow=1
2026.10.01-20.25.15 ARTPREVIEW light profile=sarpedon-night name=moon-pool role=cool kind=point at=(0,0,750) intensity=260 units=candelas radius=1250 color=(0.82,0.88,1.00) shadow=0
2026.10.01-20.25.15 ARTPREVIEW sky profile=sarpedon-night cubemap=/Game/S08/Render/TC_S08_AmbientDome loaded=1 spawned=1 intensity=3 color=(0.58,0.70,1.00) lowerBlack=0
2026.10.01-20.25.15 ARTPREVIEW fog profile=sarpedon-night spawned=1 color=(0.2000,0.2550,0.4600) density=0.32 falloff=0.2 heightZ=-400 start=2900 end=6000 maxOpacity=1.00 volumetric=0
2026.10.01-20.25.15 ARTPREVIEW exposure profile=sarpedon-night method=histogram-fixed min=4.14106 max=4.14106 bias=0.000 ev100=2.05 volume=1
2026.10.01-20.25.15 ARTPREVIEW lights applied profile=sarpedon-night directional=1 shadow=1 points=1 pointShadows=0 budgetOk=1
2026.10.01-20.25.15 ARTPREVIEW render profile=sarpedon-night units=candelas sky=1 exposure=1 keyShadow=csm-3600uu-2c-contact0.000 shadowCasters=1 legacyRender=0
2026.10.01-20.25.15 ARTPREVIEW map grade profile=sarpedon-night source=profile nightEV=-0.35 nightSaturation=0.75 lift=1.70 nightTint=(0.9700,1.0000,1.0500) maskSaturation=1.07 liftSaturation=1.10 maskInverseTint=(1.0500,0.9960,0.8910) graph=v2 maskTerms=1
2026.10.01-20.25.15 ARTPREVIEW map frame wood=frame-wood material=M_MapFrameWood valueScaleSrgb=0.70 valueScaleLinear=0.4563 saturation=0.75
2026.10.01-20.25.15 ARTPREVIEW map frame kit=frame-002 parts=20 corner=4 a=4 b=8 mid=4 segments=5x3 stretch=1.000000x1.000000 exactFit=1 woodSlots=20/20 ironSlots=8 wood=MID_M_MapFrameWood_2147482344 iron=MI_MapFrame002_Iron ironProudUU=2.0 replaces=bars+corners
2026.10.01-20.25.15 ARTPREVIEW board active profile=sarpedon-original 9x6 surface=map-image map=Sarpedon spaces=38 links=61 starts=4 zoneKeys=6 multizone=4 triple=2 obstacles=16 size=891.3x577.3 src=1337x866 uuPerPx=0.6666667 frameUU=24 surfaceParts=0 corners=0 zoneMarks=0 lattice=0 pick=445.7x288.7 mi=MI_Sarpedon_MapBoard wood=1 expectOk=1
2026.10.01-20.25.15 ARTPREVIEW board map zone key=blue spaces=6 (painted, no zone marks)
2026.10.01-20.25.15 ARTPREVIEW board map zone key=brown spaces=5 (painted, no zone marks)
2026.10.01-20.25.15 ARTPREVIEW board map zone key=green spaces=8 (painted, no zone marks)
2026.10.01-20.25.15 ARTPREVIEW board map zone key=purple spaces=11 (painted, no zone marks)
2026.10.01-20.25.15 ARTPREVIEW board map zone key=red spaces=6 (painted, no zone marks)
2026.10.01-20.25.15 ARTPREVIEW board map zone key=yellow spaces=8 (painted, no zone marks)
2026.10.01-20.25.15 ARTPREVIEW envlayout variant=concept map=sarpedon status=ok file=sarpedon.concept.layout.json sha256=0956fee749ed401d8bc1b53e74a6d3bfb33a805f1ae7eeb466c61cfe852b3abb propsRemoved=54 propsReplaced=0 propsAdded=10 fxRemoved=1 fxRemovedWithAnchor=5 fxReplaced=2 fxAdded=8 errors=0
2026.10.01-20.25.15 ARTPREVIEW envlayout prop id=lantern-bay mesh=SM_EnvCP_LanternHead loc=(-130.3,-395.8,174.5) yaw=90.0 scale=2.098 shadow=0 size=39.0x32.4x80.0 bounds=(-149.8,-412.0,174.5)..(-110.8,-379.6,254.4) overMap=0 onTray=1
2026.10.01-20.25.15 ARTPREVIEW envlayout prop id=lantern-left mesh=SM_EnvCP_LanternHead loc=(-566.5,-44.2,132.7) yaw=90.0 scale=2.053 shadow=0 size=38.2x31.7x78.2 bounds=(-585.6,-60.1,132.7)..(-547.4,-28.4,210.9) overMap=0 onTray=1
2026.10.01-20.25.15 ARTPREVIEW envlayout prop id=lantern-stern mesh=SM_EnvCP_LanternHead loc=(417.5,-425.5,123.9) yaw=90.0 scale=1.970 shadow=0 size=36.6x30.4x75.1 bounds=(399.2,-440.7,123.9)..(435.8,-410.3,199.0) overMap=0 onTray=1
2026.10.01-20.25.15 ARTPREVIEW envlayout prop id=lantern-rail mesh=SM_EnvCP_LanternHead loc=(736.3,-219.5,114.8) yaw=90.0 scale=2.466 shadow=0 size=45.8x38.1x94.0 bounds=(713.4,-238.5,114.8)..(759.2,-200.5,208.8) overMap=0 onTray=1
2026.10.01-20.25.15 ARTPREVIEW envlayout prop id=lantern-deck-n mesh=SM_EnvCP_LanternHead loc=(521.8,-155.6,61.5) yaw=90.0 scale=1.984 shadow=0 size=36.9x30.6x75.6 bounds=(503.4,-170.9,61.5)..(540.3,-140.3,137.1) overMap=0 onTray=1
2026.10.01-20.25.15 ARTPREVIEW envlayout prop id=lantern-deck-se mesh=SM_EnvCP_LanternHead loc=(622.2,230.3,77.8) yaw=90.0 scale=2.489 shadow=0 size=46.3x38.4x94.9 bounds=(599.0,211.1,77.8)..(645.3,249.5,172.6) overMap=0 onTray=1
2026.10.01-20.25.15 ARTPREVIEW envlayout prop id=cannon-1 mesh=SM_EnvCP_Cannon loc=(587.6,-333.2,-35.6) yaw=158.0 scale=2.562 shadow=0 size=137.2x118.3x68.8 bounds=(519.0,-392.4,-35.6)..(656.2,-274.0,33.2) overMap=0 onTray=1
2026.10.01-20.25.15 ARTPREVIEW envlayout prop id=cannon-2 mesh=SM_EnvCP_Cannon loc=(643.2,-214.1,-34.3) yaw=158.0 scale=2.502 shadow=0 size=134.0x115.5x67.2 bounds=(576.2,-271.9,-34.3)..(710.2,-156.3,32.9) overMap=0 onTray=1
2026.10.01-20.25.15 ARTPREVIEW envlayout prop id=cannon-3 mesh=SM_EnvCP_Cannon loc=(721.5,-34.7,-38.1) yaw=158.0 scale=2.679 shadow=0 size=143.5x123.7x71.9 bounds=(649.7,-96.6,-38.1)..(793.3,27.2,33.8) overMap=0 onTray=1
2026.10.01-20.25.15 ARTPREVIEW envlayout prop id=banner-ship mesh=SM_EnvCP_BannerCloth loc=(798.6,45.8,-66.5) yaw=133.2 scale=1.962 shadow=0 size=311.4x308.3x191.2 bounds=(642.9,-108.3,-66.5)..(954.3,199.9,124.7) overMap=0 onTray=0
2026.10.01-20.25.15 ARTPREVIEW envlayout light id=campfire-nw kind=point at=(-548.0,-352.0,60.0) intensity=65 units=candelas radius=460 color=#FF8A3D shadow=0
2026.10.01-20.25.15 ARTPREVIEW envlayout light id=campfire-w kind=point at=(-560.0,85.0,60.0) intensity=55 units=candelas radius=420 color=#FF9A4A shadow=0
2026.10.01-20.25.15 ARTPREVIEW envlayout light id=ship-lantern-n kind=point at=(598.0,-225.0,150.0) intensity=95 units=candelas radius=420 color=#FFA552 shadow=0
2026.10.01-20.25.15 ARTPREVIEW envlayout light id=ship-lantern-s kind=point at=(592.0,0.0,145.0) intensity=90 units=candelas radius=400 color=#FFA552 shadow=0
2026.10.01-20.25.15 ARTPREVIEW envlayout light id=ship-lantern-stern kind=point at=(585.0,225.0,140.0) intensity=75 units=candelas radius=380 color=#FFA552 shadow=0
2026.10.01-20.25.15 ARTPREVIEW envlayout ground map=sarpedon mode=runtime strips=4 material=MI_EnvGround_Sarpedon z=-1.0 outer=(-780.0,-515.0)..(780.0,425.0) hole=(-467.7,-310.7)..(467.7,310.7) splatRect=(-820.0,-560.0)..(820.0,470.0) splatCovers=1 areaUU2=885246 falls=1/1 fallCards=1 status=ok fallMeshes=1 fallMeshParts=3 sea=ok
2026.10.01-20.25.15 ARTPREVIEW envlayout fx id=fireflies-forest-n system=NS_Env_Fireflies anchor=- at=(-707.6,-118.9,150.0) yaw=0.0 scale=1.000 seed=1725416364 warmup=3.50s ticks=105 mode=frozen particles=14 emitters=1 gpuEmitters=0 deterministic=1 nearBand=0 user=-
2026.10.01-20.25.15 ARTPREVIEW envlayout fx id=fireflies-forest-s system=NS_Env_Fireflies anchor=- at=(-695.2,125.2,150.0) yaw=0.0 scale=1.000 seed=97628021 warmup=3.50s ticks=105 mode=frozen particles=13 emitters=1 gpuEmitters=0 deterministic=1 nearBand=0 user=-
2026.10.01-20.25.15 ARTPREVIEW envlayout fx id=flame-lantern-bay system=NS_Env_LanternFlame anchor=lantern-bay at=(-129.7,-397.7,196.6) yaw=90.0 scale=2.098 seed=2080362060 warmup=1.50s ticks=45 mode=frozen particles=46 emitters=3 gpuEmitters=0 deterministic=1 nearBand=0 user=-
2026.10.01-20.25.15 ARTPREVIEW envlayout fx id=flame-lantern-left system=NS_Env_LanternFlame anchor=lantern-left at=(-565.9,-46.1,154.3) yaw=90.0 scale=2.053 seed=1350007212 warmup=1.50s ticks=45 mode=frozen particles=44 emitters=3 gpuEmitters=0 deterministic=1 nearBand=0 user=-
2026.10.01-20.25.15 ARTPREVIEW envlayout fx id=flame-lantern-stern system=NS_Env_LanternFlame anchor=lantern-stern at=(418.1,-427.3,144.7) yaw=90.0 scale=1.970 seed=2041647646 warmup=1.50s ticks=45 mode=frozen particles=48 emitters=3 gpuEmitters=0 deterministic=1 nearBand=0 user=-
2026.10.01-20.25.15 ARTPREVIEW envlayout fx id=flame-lantern-rail system=NS_Env_LanternFlame anchor=lantern-rail at=(737.0,-221.7,140.8) yaw=90.0 scale=2.466 seed=1934390597 warmup=1.50s ticks=45 mode=frozen particles=43 emitters=3 gpuEmitters=0 deterministic=1 nearBand=0 user=-
2026.10.01-20.25.15 ARTPREVIEW envlayout fx id=flame-lantern-deck-n system=NS_Env_LanternFlame anchor=lantern-deck-n at=(522.4,-157.4,82.4) yaw=90.0 scale=1.984 seed=744847447 warmup=1.50s ticks=45 mode=frozen particles=47 emitters=3 gpuEmitters=0 deterministic=1 nearBand=0 user=-
2026.10.01-20.25.15 ARTPREVIEW envlayout fx id=flame-lantern-deck-se system=NS_Env_LanternFlame anchor=lantern-deck-se at=(622.9,228.1,104.0) yaw=90.0 scale=2.489 seed=1704310633 warmup=1.50s ticks=45 mode=frozen particles=48 emitters=3 gpuEmitters=0 deterministic=1 nearBand=0 user=-
2026.10.01-20.25.15 ARTPREVIEW envlayout fx id=fire-fort system=NS_Env_ConceptFire anchor=- at=(-492.3,-427.3,-1.0) yaw=0.0 scale=1.400 seed=200042973 warmup=1.50s ticks=45 mode=frozen particles=74 emitters=3 gpuEmitters=0 deterministic=1 nearBand=0 user=-
2026.10.01-20.25.15 ARTPREVIEW envlayout fx id=fire-brazier system=NS_Env_ConceptFire anchor=- at=(-555.1,194.3,106.1) yaw=0.0 scale=0.850 seed=177000877 warmup=1.50s ticks=45 mode=frozen particles=73 emitters=3 gpuEmitters=0 deterministic=1 nearBand=0 user=-
2026.10.01-20.25.15 ARTPREVIEW envlayout fx map=sarpedon fx=10 layoutFx=10 missingSystems=0 skippedMissing=0 skippedDisabled=0 skippedAnchor=0 skippedInsideMap=0 skippedLightRenderer=0 nearBand=0 gpuEmitters=0 nonDeterministic=0 particles=450 userSet=0 userMissing=0 mode=frozen still=10
2026.10.01-20.25.15 ARTPREVIEW envlayout map=sarpedon props=10 lights=5 missingMeshes=0 layoutProps=10 layoutLights=5 skippedMissing=0 skippedInsideMap=0 intrusions=0 outsideTray=1 outsideKit=0 shadowCasters=0 profilePoints=1 combinedPoints=6 combinedBudgetOk=1 tray=layout trayApronMismatch=0 profile=sarpedon-original boardId=c7fa64a26c29a0835f2383e63 file=Config/ArtBoards/EnvLayouts/sarpedon.layout.json sha256=89a3cfb965c134557d7a5e2733bd89562321ddf1c61d428dc8952d7fc4006c78 source=pak status=ok
2026.10.01-20.25.15 ARTPREVIEW concept-paste mode=on profile=sarpedon-original map=sarpedon reason=default default=on flag=- cmdVariant=- envVariant=concept:ok overlay=sarpedon.concept.layout.json overlaySha256=0956fee749ed401d8bc1b53e74a6d3bfb33a805f1ae7eeb466c61cfe852b3abb spec=tools/art/concept_paste/sarpedon.paste.json manifest=tools/art/concept_paste/manifest.sarpedon.json hide=tray+ground+sea+waterfalls+backdrop+fog+baseProps+baseFx+layoutLights
2026.10.01-20.25.15 ARTPREVIEW concept-paste sheet profile=sarpedon-original mesh=SM_Sarpedon_ConceptSheet triangles=10564 bounds=(-1278.5,-1021.5,-300.0)..(1242.2,585.5,820.3) slots=1 plateA=T_Sarpedon_ConceptPlateA plateB=T_Sarpedon_ConceptPlateB mask=- cut=(467.67,310.67) minZ=-60.0 outside=clip
2026.10.01-20.25.15 ARTPREVIEW concept-paste sea profile=sarpedon-original plate=T_Sarpedon_ConceptSea z=-300 centre=(0,-45) radius=1900 skyTopZ=600 skySegments=48
2026.10.01-20.25.15 ARTPREVIEW concept-paste light id=fire-fort kind=point at=(-492.3,-427.3,54.0) intensity=65 units=candelas radius=460 color=#FF8A3D shadow=0 flicker=0.18@6.0Hz
2026.10.01-20.25.15 ARTPREVIEW concept-paste light id=fire-brazier kind=point at=(-555.1,194.3,141.1) intensity=40 units=candelas radius=420 color=#FF9A4A shadow=0 flicker=0.06@6.5Hz
2026.10.01-20.25.15 ARTPREVIEW concept-paste light id=lantern-left kind=point at=(-565.9,-46.1,154.3) intensity=30 units=candelas radius=300 color=#FFA552 shadow=0 flicker=0.04@4.0Hz
2026.10.01-20.25.15 ARTPREVIEW concept-paste light id=lantern-deck-n kind=point at=(522.4,-157.4,82.4) intensity=95 units=candelas radius=420 color=#FFA552 shadow=0 flicker=0.08@4.5Hz
2026.10.01-20.25.15 ARTPREVIEW concept-paste light id=lantern-deck-se kind=point at=(622.9,228.1,104.0) intensity=90 units=candelas radius=400 color=#FFA552 shadow=0 flicker=0.08@5.0Hz
2026.10.01-20.25.15 ARTPREVIEW concept-paste blob id=cannon-1 at=(587.6,-333.2,-3.0) diameterUU=70 strength=0.35 softness=0.60
2026.10.01-20.25.15 ARTPREVIEW concept-paste blob id=cannon-2 at=(643.2,-214.1,-3.0) diameterUU=70 strength=0.35 softness=0.60
2026.10.01-20.25.15 ARTPREVIEW concept-paste blob id=cannon-3 at=(721.5,-34.7,-3.0) diameterUU=70 strength=0.35 softness=0.60
2026.10.01-20.25.15 ARTPREVIEW concept-paste status=ok profile=sarpedon-original sheet=1 sea=49 lights=5 blobs=3 flows=2 seaFlow=1 flowFrozen=1 water=1 grade=aces-inverse gainLinear=0.9638 emissiveScale=1.0000(block) devignette=0.400 fit=(3.0302,2.8923,3.1758)^(1.0578,1.0701,1.0398) calib=0 camera=(-0.0,1557.0,2223.7) pitch=-55 yaw=-90 hfov=35 size=1920x1080 homography=identity rectA=(0.0,0.0,1920.0,1080.0) rectB=(-384.0,-216.0,2688.0,1512.0) cut=(467.67,310.67) lit=0 lumenGI=0 shadow=0
2026.10.01-20.25.15 ARTPREVIEW concept-paste hide profile=sarpedon-original props=0 fx=0 layoutLights=5 ground=4 sea=1 waterfalls=4 fog=1 backdrop=0 overlayProps=10 overlayFx=10
2026.10.01-20.25.15 ARTPREVIEW concept-paste budget profile=sarpedon-original profilePoints=1 conceptLights=5 layoutLightsVisible=0 combinedPoints=6 combinedBudgetOk=1
2026.10.01-20.25.15 ARTPREVIEW concept-paste anim profile=sarpedon-original mode=frozen flickers=0 sways=0 winds=0/1 missingProps=0
2026.10.01-20.25.15 ARTPREVIEW envlayout tray map=sarpedon source=layout outerHalf=780.0x470.0 offsetY=-45.0 frameHalf=469.7x312.7 mesh=T2 t2Top=780.0x470.0 mismatchUU=0.0
2026.10.01-20.25.15 ARTPREVIEW diorama tray-t2 loaded mesh=/Game/PipelineCandidates/TableBase/T2b/SM_TableBase_T2b mi=MI_TableBase_T2b_Sarpedon kind=T2b
2026.10.01-20.25.15 ARTPREVIEW diorama tray=/Game/PipelineCandidates/TableBase/T2b/SM_TableBase_T2b.SM_TableBase_T2b mi=MI_TableBase_T2b_Sarpedon surface=map-image yaw=0.0 scale=1.000x1.000x1.000 bounds=(-815.7,-546.3,-215.7)..(815.7,456.3,1.7) size=1631.4x1002.6x217.5 topZ=-3.0 boardHalf=469.7x312.7 rimUU=112.3 collision=none kind=T2b topHalf=780.0x470.0 layoutHalf=780.0x470.0 offset=(0.0,-45.0) source=layout mismatchUU=0.0 match=1 anisotropy=1.000 lipTopZ=1.7 lipBandUU=20.0
2026.10.01-20.25.15 ARTPREVIEW concept-paste tray hidden profile=sarpedon-original mesh=SM_TableBase_T2b (the painted island replaces it)
2026.10.01-20.25.15 CAMERA extents source=map-image half=445.7x288.7 dist=2340.2 fit=1872.2 k1Mul=1.250
2026.10.01-20.25.15 CAMERA dist=2340 loc=(0,1342,1917) pitch=-55 yaw=-90
2026.10.01-20.25.15 CAMERA config overview=2340.2 nearest=300.0 farthest=2880.2 zoomRange=0.81-7.80 fit=1872.2 k1Mul=1.250 minDist=300.0 outRatio=0.650 step=1.250 animMs=200 returnMs=300 followFrom=1.20 source=defaults issues=0
2026.10.01-20.25.15 BOARD 9x6 cells | control points: (0,0)=(-393,-219,0) (8,5)=(400,250,0) | neighbor pair (dist 140 uu)
2026.10.01-20.25.15 BOARD topology spaces=38 links=61 starts=3:S03,4:S14,1:S20,2:S32 frame=1337x866px uuPerPx=0.6667 radius=42.0uu (default)
2026.10.01-20.25.15 ARTPREVIEW team mapping mode=absolute source=fighter-prefix viewerTeam=- p1=f-0-hero,f-0-sk0,f-0-sk1,f-0-sk2 p2=f-1-hero,f-1-sk0
2026.10.01-20.25.15 ARTPREVIEW heroesV2 fighter=f-0-hero mesh=/Game/PipelineCandidates/Medusa/H2LD/Meshes/SK_Medusa_H2LD mi=/Game/PipelineCandidates/Medusa/H2LD/Materials/MI_Medusa_H2LD_P1 yaw=90.0 scale=0.9998 name=Medusa hero=1 look=P1 base=/Game/PipelineCandidates/Medusa/H2LD/Meshes/SM_Medusa_H2LD_Base baseMi=/Game/PipelineCandidates/Medusa/H2LD/Materials/MI_Medusa_H2LD_Base_P1 skeleton=/Game/PipelineCandidates/Medusa/Rig/SK_Medusa_Skeleton.SK_Medusa_Skeleton clips=4/4 boundsTop=55.00 figureTop=55.00 budget=55.0
2026.10.01-20.25.15 ARTPREVIEW click capsule fighter=f-0-hero mesh=SK_Medusa_H2LD physicsAsset=0 radius=11.6 halfHeight=27.5 top=55.0 bodyCollision=0 source=meshBounds
2026.10.01-20.25.15 ARTPREVIEW fighter=Medusa hero=1 eligible=0 visual=1 mesh=SK_Medusa_H2LD
2026.10.01-20.25.15 ARTPREVIEW team ring fighter=f-0-hero team=P1 look=P1 mode=absolute shape=circle shown=1 mesh=SM_Marker_TeamRing_P1 fill=#E8C06A keyline=#111317 fillLinear=(0.8070,0.5271,0.1441) zMin=0.60 zMax=1.20 scale=1.00 base=hidden blockout=0 art=1 rim=#FFFFFF
2026.10.01-20.25.15 ARTPREVIEW anim fighter=f-0-hero clip=Idle len=2.333 event=spawn loop=1 phase=0.8071 seq=-1 asset=AM_Medusa_Idle
2026.10.01-20.25.15 ARTPREVIEW readability contact shadow material=/Game/EnvMaps/M_MapContactShadow.M_MapContactShadow loaded=1
2026.10.01-20.25.15 ARTPREVIEW readability fighter=f-0-hero hero=1 contactShadow=1 diameterUU=52.0 strength=0.25 leaderPip=1 look=P1 ringScale=1.00
2026.10.01-20.25.15 ARTPREVIEW heroesV2 fighter=f-0-sk0 mesh=/Game/PipelineCandidates/Harpy/H3LD/Meshes/SK_Harpy_H3LD mi=/Game/PipelineCandidates/Harpy/H3LD/Materials/MI_Harpy_H3LD_P1 yaw=270.0 scale=1.0000 name=Harpies hero=0 look=P1 base=/Game/PipelineCandidates/Harpy/H3LD/Meshes/SM_Harpy_H3LD_Base baseMi=/Game/PipelineCandidates/Harpy/H3LD/Materials/MI_Harpy_H3LD_Base_P1 skeleton=/Game/PipelineCandidates/Harpy/Rig/SK_Harpy_Skeleton.SK_Harpy_Skeleton clips=4/4 boundsTop=42.00 figureTop=42.00 budget=42.0
2026.10.01-20.25.15 ARTPREVIEW click capsule fighter=f-0-sk0 mesh=SK_Harpy_H3LD physicsAsset=0 radius=20.0 halfHeight=21.0 top=42.0 bodyCollision=0 source=meshBounds
2026.10.01-20.25.15 ARTPREVIEW team ring fighter=f-0-sk0 team=P1 look=P1 mode=absolute shape=circle shown=1 mesh=SM_Marker_TeamRing_P1 fill=#E8C06A keyline=#111317 fillLinear=(0.8070,0.5271,0.1441) zMin=0.60 zMax=1.20 scale=0.78 base=hidden blockout=0 art=1 rim=#FFFFFF
2026.10.01-20.25.15 ARTPREVIEW anim fighter=f-0-sk0 clip=Idle len=2.000 event=spawn loop=1 phase=0.6635 seq=-1 asset=AM_Harpy_Idle
2026.10.01-20.25.15 ARTPREVIEW readability fighter=f-0-sk0 hero=0 contactShadow=1 diameterUU=40.6 strength=0.25 leaderPip=0 look=P1 ringScale=0.78
2026.10.01-20.25.15 ARTPREVIEW heroesV2 fighter=f-0-sk1 mesh=/Game/PipelineCandidates/Harpy/H3LD/Meshes/SK_Harpy_H3LD mi=/Game/PipelineCandidates/Harpy/H3LD/Materials/MI_Harpy_H3LD_P1 yaw=90.0 scale=1.0000 name=Harpies hero=0 look=P1 base=/Game/PipelineCandidates/Harpy/H3LD/Meshes/SM_Harpy_H3LD_Base baseMi=/Game/PipelineCandidates/Harpy/H3LD/Materials/MI_Harpy_H3LD_Base_P1 skeleton=/Game/PipelineCandidates/Harpy/Rig/SK_Harpy_Skeleton.SK_Harpy_Skeleton clips=4/4 boundsTop=42.00 figureTop=42.00 budget=42.0
2026.10.01-20.25.15 ARTPREVIEW click capsule fighter=f-0-sk1 mesh=SK_Harpy_H3LD physicsAsset=0 radius=20.0 halfHeight=21.0 top=42.0 bodyCollision=0 source=meshBounds
2026.10.01-20.25.15 ARTPREVIEW team ring fighter=f-0-sk1 team=P1 look=P1 mode=absolute shape=circle shown=1 mesh=SM_Marker_TeamRing_P1 fill=#E8C06A keyline=#111317 fillLinear=(0.8070,0.5271,0.1441) zMin=0.60 zMax=1.20 scale=0.78 base=hidden blockout=0 art=1 rim=#FFFFFF
2026.10.01-20.25.15 ARTPREVIEW anim fighter=f-0-sk1 clip=Idle len=2.000 event=spawn loop=1 phase=0.9016 seq=-1 asset=AM_Harpy_Idle
2026.10.01-20.25.15 ARTPREVIEW readability fighter=f-0-sk1 hero=0 contactShadow=1 diameterUU=40.6 strength=0.25 leaderPip=0 look=P1 ringScale=0.78
2026.10.01-20.25.15 ARTPREVIEW heroesV2 fighter=f-0-sk2 mesh=/Game/PipelineCandidates/Harpy/H3LD/Meshes/SK_Harpy_H3LD mi=/Game/PipelineCandidates/Harpy/H3LD/Materials/MI_Harpy_H3LD_P1 yaw=270.0 scale=1.0000 name=Harpies hero=0 look=P1 base=/Game/PipelineCandidates/Harpy/H3LD/Meshes/SM_Harpy_H3LD_Base baseMi=/Game/PipelineCandidates/Harpy/H3LD/Materials/MI_Harpy_H3LD_Base_P1 skeleton=/Game/PipelineCandidates/Harpy/Rig/SK_Harpy_Skeleton.SK_Harpy_Skeleton clips=4/4 boundsTop=42.00 figureTop=42.00 budget=42.0
2026.10.01-20.25.15 ARTPREVIEW click capsule fighter=f-0-sk2 mesh=SK_Harpy_H3LD physicsAsset=0 radius=20.0 halfHeight=21.0 top=42.0 bodyCollision=0 source=meshBounds
2026.10.01-20.25.15 ARTPREVIEW team ring fighter=f-0-sk2 team=P1 look=P1 mode=absolute shape=circle shown=1 mesh=SM_Marker_TeamRing_P1 fill=#E8C06A keyline=#111317 fillLinear=(0.8070,0.5271,0.1441) zMin=0.60 zMax=1.20 scale=0.78 base=hidden blockout=0 art=1 rim=#FFFFFF
2026.10.01-20.25.15 ARTPREVIEW anim fighter=f-0-sk2 clip=Idle len=2.000 event=spawn loop=1 phase=0.1873 seq=-1 asset=AM_Harpy_Idle
2026.10.01-20.25.15 ARTPREVIEW readability fighter=f-0-sk2 hero=0 contactShadow=1 diameterUU=40.6 strength=0.25 leaderPip=0 look=P1 ringScale=0.78
2026.10.01-20.25.15 ARTPREVIEW heroesV2 fighter=f-1-hero mesh=/Game/PipelineCandidates/KingArthur/H2LD/Meshes/SK_KingArthur_H2LD mi=/Game/PipelineCandidates/KingArthur/H2LD/Materials/MI_KingArthur_H2LD_P2 yaw=270.0 scale=1.0000 name=King Arthur hero=1 look=P2 base=/Game/PipelineCandidates/KingArthur/H2LD/Meshes/SM_KingArthur_H2LD_Base baseMi=/Game/PipelineCandidates/KingArthur/H2LD/Materials/MI_KingArthur_H2LD_Base_P2 skeleton=/Game/PipelineCandidates/KingArthur/Rig/SK_KingArthur_Skeleton.SK_KingArthur_Skeleton clips=4/4 boundsTop=60.06 figureTop=55.00 budget=55.0
2026.10.01-20.25.15 ARTPREVIEW click capsule fighter=f-1-hero mesh=SK_KingArthur_H2LD physicsAsset=0 radius=12.8 halfHeight=30.0 top=60.1 bodyCollision=0 source=meshBounds
2026.10.01-20.25.15 ARTPREVIEW team ring fighter=f-1-hero team=P2 look=P2 mode=absolute shape=hexagon shown=1 mesh=SM_Marker_TeamRing_P2 fill=#5A7F9F keyline=#111317 fillLinear=(0.1022,0.2122,0.3467) zMin=0.60 zMax=1.20 scale=1.00 base=hidden blockout=0 art=1 rim=#FFFFFF
2026.10.01-20.25.15 ARTPREVIEW anim fighter=f-1-hero clip=Idle len=2.500 event=spawn loop=1 phase=0.3470 seq=-1 asset=AM_KingArthur_Idle
2026.10.01-20.25.15 ARTPREVIEW readability fighter=f-1-hero hero=1 contactShadow=1 diameterUU=52.0 strength=0.25 leaderPip=1 look=P2 ringScale=1.00
2026.10.01-20.25.15 ARTPREVIEW heroesV2 fighter=f-1-sk0 mesh=/Game/PipelineCandidates/Merlin/H2LD/Meshes/SK_Merlin_H2LD mi=/Game/PipelineCandidates/Merlin/H2LD/Materials/MI_Merlin_H2LD_P2 yaw=270.0 scale=1.0003 name=Merlin hero=0 look=P2 base=/Game/PipelineCandidates/Merlin/H2LD/Meshes/SM_Merlin_H2LD_Base baseMi=/Game/PipelineCandidates/Merlin/H2LD/Materials/MI_Merlin_H2LD_Base_P2 skeleton=/Game/PipelineCandidates/Merlin/Rig/SK_Merlin_Skeleton.SK_Merlin_Skeleton clips=4/4 boundsTop=49.44 figureTop=45.00 budget=45.0
2026.10.01-20.25.15 ARTPREVIEW click capsule fighter=f-1-sk0 mesh=SK_Merlin_H2LD physicsAsset=0 radius=10.5 halfHeight=24.7 top=49.4 bodyCollision=0 source=meshBounds
2026.10.01-20.25.15 ARTPREVIEW team ring fighter=f-1-sk0 team=P2 look=P2 mode=absolute shape=hexagon shown=1 mesh=SM_Marker_TeamRing_P2 fill=#5A7F9F keyline=#111317 fillLinear=(0.1022,0.2122,0.3467) zMin=0.60 zMax=1.20 scale=0.78 base=hidden blockout=0 art=1 rim=#FFFFFF
2026.10.01-20.25.15 ARTPREVIEW anim fighter=f-1-sk0 clip=Idle len=3.000 event=spawn loop=1 phase=0.8028 seq=-1 asset=AM_Merlin_Idle
2026.10.01-20.25.15 ARTPREVIEW readability fighter=f-1-sk0 hero=0 contactShadow=1 diameterUU=40.6 strength=0.25 leaderPip=0 look=P2 ringScale=0.78
2026.10.01-20.25.15 ARTPREVIEW heroesV2 summary fighters=6 mapped=6 v2=6
2026.10.01-20.25.15 FIGHTERS synced n=6 alive=6 own=4 enemy=2
2026.10.01-20.25.15 BENCH scene fixture=S08BenchSarpedon.json board=9x6 fighters=6 viewer=cmukie55u0000wiao06h107t9 hero=f-0-hero art=1 profile=sarpedon-original views=Fitx1.45+K1+K1x0.65 warmup=60 settle=6 measure=3 fps=60 profileGpu=0 csv=0
2026.10.01-20.26.14 BENCH warmup done elapsed=60.0
2026.10.01-20.26.14 BENCH view=Fitx1.45 centred fit-mul=1.450 target=2714.6 fit=1872.2 clamp=0
2026.10.01-20.26.15 BENCH view=Fitx1.45 camera settled=1 dist=2707.3 target=2714.6 zoom=0.86
2026.10.01-20.26.24 BENCH measure view=Fitx1.45 window=3.0 frames=180 fps=60.00 frameMs avg=16.67 p50=16.67 p95=16.67 p99=16.67 max=16.67 hitches50=0 gpuMs avg=3.71 p50=3.68 p95=4.28 gameMs avg=0.84 p95=0.89 renderMs avg=2.40 p95=2.60
2026.10.01-20.26.24 RENDER tag=BENCH rhi=D3D12 featureLevel=SM6 shaderPlatform=PCD3D_SM6 lumenPlatform=1 gi=lumen giMethod=1 refl=lumen reflMethod=1 shadows=csm vsmEnable=0 sg.res=100 sg.view=2 sg.aa=2 sg.shadow=2 sg.gi=2 sg.refl=2 sg.pp=2 sg.tex=2 sg.fx=2 sg.foliage=2 sg.shading=2 sg.landscape=2 preset=High screenPct=100.0 screenPctMode=0 aa=TSR aaMethod=4 exposure=fixed-histogram expMin=4.14106 expMax=4.14106 expBias=0.000 ev100=2.05 lightUnits=candelas sky=1 skyIntensity=3.000 keyShadow=csm-3600uu-2c-contact0.000 shadowCasters=1 profile=sarpedon-night profilesSha256=80e2a2c59b64ecebdb70086801e5ed1f556392439af6eb4da84abb0785268142 profilesSource=pak legacyRender=0 gameLayer=unlit-eyeadaptinv tMaxFPS=60.0 vsync=0 frameRateLimit=60.0 substrate=0 nanite=1 meshDF=1 viewport=1920x1080 reference=1
2026.10.01-20.26.27 BENCH view=Fitx1.45 shot-camera dist=2714.6 target=2714.6 exact=1 focus=V(0)
2026.10.01-20.26.27 SHOT ctx viewport=1920x1080 viewTarget=CameraActor_2147482216 cam=(0,1557,2224) rot=(-55,-90,0)
2026.10.01-20.26.27 RENDER tag=SHOT rhi=D3D12 featureLevel=SM6 shaderPlatform=PCD3D_SM6 lumenPlatform=1 gi=lumen giMethod=1 refl=lumen reflMethod=1 shadows=csm vsmEnable=0 sg.res=100 sg.view=2 sg.aa=2 sg.shadow=2 sg.gi=2 sg.refl=2 sg.pp=2 sg.tex=2 sg.fx=2 sg.foliage=2 sg.shading=2 sg.landscape=2 preset=High screenPct=100.0 screenPctMode=0 aa=TSR aaMethod=4 exposure=fixed-histogram expMin=4.14106 expMax=4.14106 expBias=0.000 ev100=2.05 lightUnits=candelas sky=1 skyIntensity=3.000 keyShadow=csm-3600uu-2c-contact0.000 shadowCasters=1 profile=sarpedon-night profilesSha256=80e2a2c59b64ecebdb70086801e5ed1f556392439af6eb4da84abb0785268142 profilesSource=pak legacyRender=0 gameLayer=unlit-eyeadaptinv tMaxFPS=60.0 vsync=0 frameRateLimit=60.0 substrate=0 nanite=1 meshDF=1 viewport=1920x1080 reference=1
2026.10.01-20.26.27 SHOT fighter f-0-hero pos=(2,2) world=(-218,-13,0) screen=(717,528) projected=1 alive=1
2026.10.01-20.26.27 SHOT fighter f-0-sk0 pos=(1,3) world=(-309,33,0) screen=(611,571) projected=1 alive=1
2026.10.01-20.26.27 SHOT fighter f-0-sk1 pos=(0,2) world=(-398,-3,0) screen=(513,538) projected=1 alive=1
2026.10.01-20.26.27 SHOT fighter f-0-sk2 pos=(0,3) world=(-394,92,0) screen=(509,626) projected=1 alive=1
2026.10.01-20.26.27 SHOT fighter f-1-hero pos=(5,4) world=(119,141,0) screen=(1098,673) projected=1 alive=1
2026.10.01-20.26.27 SHOT fighter f-1-sk0 pos=(6,3) world=(159,52,0) screen=(1140,588) projected=1 alive=1
2026.10.01-20.26.27 SHOT camera dist=2714.6 target=2714.6 overview=2340.2 errPct=0.000 focusErr=0.00 settled=1 zoom=0.86
2026.10.01-20.26.27 SHOT head fighter=f-0-hero socket=Head mesh=SK_Medusa_H2LD world=(-218.4,-11.7,47.0) screen=(712.2,498.5) top=(711.7,494.5) bottom=(712.6,502.5) headPx=8.0 projected=1
2026.10.01-20.26.27 SHOT head fighter=f-0-sk0 socket=Head mesh=SK_Harpy_H3LD world=(-308.3,28.0,34.0) screen=(608.6,543.9) top=(607.9,540.0) bottom=(609.2,547.9) headPx=7.9 projected=1
2026.10.01-20.26.27 SHOT head fighter=f-0-sk1 socket=Head mesh=SK_Harpy_H3LD world=(-398.7,2.6,34.0) screen=(508.0,520.3) top=(507.2,516.4) bottom=(508.8,524.2) headPx=8.0 projected=1
2026.10.01-20.26.27 SHOT head fighter=f-0-sk2 socket=Head mesh=SK_Harpy_H3LD world=(-394.4,86.7,34.1) screen=(504.6,599.4) top=(503.8,595.5) bottom=(505.5,603.2) headPx=7.9 projected=1
2026.10.01-20.26.27 SHOT head fighter=f-1-hero socket=Head mesh=SK_KingArthur_H2LD world=(119.6,140.2,50.0) screen=(1100.4,641.2) top=(1100.6,637.3) bottom=(1100.1,645.0) headPx=7.7 projected=1
2026.10.01-20.26.27 SHOT head fighter=f-1-sk0 socket=Head mesh=SK_Merlin_H2LD world=(159.2,49.0,36.7) screen=(1142.4,561.9) top=(1142.8,558.0) bottom=(1142.1,565.8) headPx=7.8 projected=1
2026.10.01-20.26.27 SHOT figure fighter=f-0-hero bbox=(678,466,750,555) ringR=28.50 art=1 blockout=0 team=P1 look=P1 ring=1
2026.10.01-20.26.27 SHOT figure fighter=f-0-sk0 bbox=(579,523,638,592) ringR=22.23 art=1 blockout=0 team=P1 look=P1 ring=1
2026.10.01-20.26.27 SHOT figure fighter=f-0-sk1 bbox=(480,490,540,558) ringR=22.23 art=1 blockout=0 team=P1 look=P1 ring=1
2026.10.01-20.26.27 SHOT figure fighter=f-0-sk2 bbox=(475,578,536,648) ringR=22.23 art=1 blockout=0 team=P1 look=P1 ring=1
2026.10.01-20.26.27 SHOT figure fighter=f-1-hero bbox=(1064,607,1135,701) ringR=28.50 art=1 blockout=0 team=P2 look=P2 ring=1
2026.10.01-20.26.27 SHOT figure fighter=f-1-sk0 bbox=(1114,535,1170,609) ringR=22.23 art=1 blockout=0 team=P2 look=P2 ring=1
2026.10.01-20.26.27 SHOT request file=bench-Fitx1p45-1920x1080.png frame=4317
2026.10.01-20.26.27 SHOT requested: FScreenshotRequest(bShowUI) -> C:\tmp\envmaps-research\p7c\pk2\sarp/bench-Fitx1p45-1920x1080.png
2026.10.01-20.26.27 SHOT captured file=bench-Fitx1p45-1920x1080.png frame=4317 px=1920x1080 sha256=3909f09c45ca273b3d019fcca57d527fbfc03a4329296ffdbe0ea68e84cd02ad order=BGRA saved=1
2026.10.01-20.26.27 SHOT late begin file=bench-Fitx1p45-1920x1080.png frame=4317 requestFrame=4317
2026.10.01-20.26.27 SHOT iconstate visible=0 lastFighter=none frame=4317
2026.10.01-20.26.27 SHOT panel id=hud.command bbox=(0,0,20,20) geom=painted visible=1 frame=4317
2026.10.01-20.26.27 SHOT panel id=hud.side bbox=(1884,0,1920,28) geom=painted visible=1 frame=4317
2026.10.01-20.26.27 SHOT panel id=hud.hand bbox=(950,1060,970,1080) geom=painted visible=1 frame=4317
2026.10.01-20.26.27 SHOT label fighter=f-0-hero mode=full bbox=(673,460,747,485) frame=4317
2026.10.01-20.26.27 SHOT label fighter=f-0-sk0 mode=full bbox=(562,516,645,537) frame=4317
2026.10.01-20.26.27 SHOT label fighter=f-0-sk1 mode=full bbox=(462,482,546,504) frame=4317
2026.10.01-20.26.27 SHOT label fighter=f-0-sk2 mode=full bbox=(457,572,542,593) frame=4317
2026.10.01-20.26.27 SHOT label fighter=f-1-hero mode=full bbox=(1062,611,1141,631) frame=4317
2026.10.01-20.26.27 SHOT label fighter=f-1-sk0 mode=full bbox=(1114,532,1174,555) frame=4317
2026.10.01-20.26.27 SHOT late end file=bench-Fitx1p45-1920x1080.png frame=4317
2026.10.01-20.26.27 BENCH shot view=Fitx1.45 saved=1 path=C:\tmp\envmaps-research\p7c\pk2\sarp/bench-Fitx1p45-1920x1080.png
2026.10.01-20.26.27 BENCH view=K1 overview target=2340.2 fit=1872.2
2026.10.01-20.26.27 BENCH view=K1 camera settled=1 dist=2353.0 target=2340.2 zoom=0.99
2026.10.01-20.26.36 BENCH measure view=K1 window=3.0 frames=180 fps=60.00 frameMs avg=16.67 p50=16.67 p95=16.67 p99=16.67 max=16.67 hitches50=0 gpuMs avg=2.20 p50=2.17 p95=2.26 gameMs avg=0.84 p95=0.92 renderMs avg=2.47 p95=2.71
2026.10.01-20.26.36 RENDER tag=BENCH rhi=D3D12 featureLevel=SM6 shaderPlatform=PCD3D_SM6 lumenPlatform=1 gi=lumen giMethod=1 refl=lumen reflMethod=1 shadows=csm vsmEnable=0 sg.res=100 sg.view=2 sg.aa=2 sg.shadow=2 sg.gi=2 sg.refl=2 sg.pp=2 sg.tex=2 sg.fx=2 sg.foliage=2 sg.shading=2 sg.landscape=2 preset=High screenPct=100.0 screenPctMode=0 aa=TSR aaMethod=4 exposure=fixed-histogram expMin=4.14106 expMax=4.14106 expBias=0.000 ev100=2.05 lightUnits=candelas sky=1 skyIntensity=3.000 keyShadow=csm-3600uu-2c-contact0.000 shadowCasters=1 profile=sarpedon-night profilesSha256=80e2a2c59b64ecebdb70086801e5ed1f556392439af6eb4da84abb0785268142 profilesSource=pak legacyRender=0 gameLayer=unlit-eyeadaptinv tMaxFPS=60.0 vsync=0 frameRateLimit=60.0 substrate=0 nanite=1 meshDF=1 viewport=1920x1080 reference=1
2026.10.01-20.26.39 BENCH view=K1 shot-camera dist=2340.2 target=2340.2 exact=1 focus=V(0)
2026.10.01-20.26.39 SHOT ctx viewport=1920x1080 viewTarget=CameraActor_2147482216 cam=(0,1342,1917) rot=(-55,-90,0)
2026.10.01-20.26.39 RENDER tag=SHOT rhi=D3D12 featureLevel=SM6 shaderPlatform=PCD3D_SM6 lumenPlatform=1 gi=lumen giMethod=1 refl=lumen reflMethod=1 shadows=csm vsmEnable=0 sg.res=100 sg.view=2 sg.aa=2 sg.shadow=2 sg.gi=2 sg.refl=2 sg.pp=2 sg.tex=2 sg.fx=2 sg.foliage=2 sg.shading=2 sg.landscape=2 preset=High screenPct=100.0 screenPctMode=0 aa=TSR aaMethod=4 exposure=fixed-histogram expMin=4.14106 expMax=4.14106 expBias=0.000 ev100=2.05 lightUnits=candelas sky=1 skyIntensity=3.000 keyShadow=csm-3600uu-2c-contact0.000 shadowCasters=1 profile=sarpedon-night profilesSha256=80e2a2c59b64ecebdb70086801e5ed1f556392439af6eb4da84abb0785268142 profilesSource=pak legacyRender=0 gameLayer=unlit-eyeadaptinv tMaxFPS=60.0 vsync=0 frameRateLimit=60.0 substrate=0 nanite=1 meshDF=1 viewport=1920x1080 reference=1
2026.10.01-20.26.39 SHOT fighter f-0-hero pos=(2,2) world=(-218,-13,0) screen=(678,527) projected=1 alive=1
2026.10.01-20.26.39 SHOT fighter f-0-sk0 pos=(1,3) world=(-309,33,0) screen=(555,576) projected=1 alive=1
2026.10.01-20.26.39 SHOT fighter f-0-sk1 pos=(0,2) world=(-398,-3,0) screen=(442,537) projected=1 alive=1
2026.10.01-20.26.39 SHOT fighter f-0-sk2 pos=(0,3) world=(-394,92,0) screen=(435,640) projected=1 alive=1
2026.10.01-20.26.39 SHOT fighter f-1-hero pos=(5,4) world=(119,141,0) screen=(1120,695) projected=1 alive=1
2026.10.01-20.26.39 SHOT fighter f-1-sk0 pos=(6,3) world=(159,52,0) screen=(1169,596) projected=1 alive=1
2026.10.01-20.26.39 SHOT camera dist=2340.2 target=2340.2 overview=2340.2 errPct=0.000 focusErr=0.00 settled=1 zoom=1.00
2026.10.01-20.26.39 SHOT head fighter=f-0-hero socket=Head mesh=SK_Medusa_H2LD world=(-217.2,-12.1,47.1) screen=(673.5,491.3) top=(672.9,486.6) bottom=(674.1,495.9) headPx=9.4 projected=1
2026.10.01-20.26.39 SHOT head fighter=f-0-sk0 socket=Head mesh=SK_Harpy_H3LD world=(-308.7,28.1,34.0) screen=(550.7,544.7) top=(549.8,540.1) bottom=(551.5,549.2) headPx=9.3 projected=1
2026.10.01-20.26.39 SHOT head fighter=f-0-sk1 socket=Head mesh=SK_Harpy_H3LD world=(-398.2,2.7,34.0) screen=(435.3,517.2) top=(434.1,512.6) bottom=(436.4,521.8) headPx=9.4 projected=1
2026.10.01-20.26.39 SHOT head fighter=f-0-sk2 socket=Head mesh=SK_Harpy_H3LD world=(-393.9,87.1,34.3) screen=(429.8,609.5) top=(428.7,605.0) bottom=(431.0,614.0) headPx=9.3 projected=1
2026.10.01-20.26.39 SHOT head fighter=f-1-hero socket=Head mesh=SK_KingArthur_H2LD world=(119.6,140.2,50.0) screen=(1124.1,658.2) top=(1124.4,653.8) bottom=(1123.7,662.7) headPx=9.0 projected=1
2026.10.01-20.26.39 SHOT head fighter=f-1-sk0 socket=Head mesh=SK_Merlin_H2LD world=(158.9,49.1,36.7) screen=(1172.0,565.6) top=(1172.5,561.0) bottom=(1171.6,570.1) headPx=9.1 projected=1
2026.10.01-20.26.39 SHOT figure fighter=f-0-hero bbox=(632,454,716,557) ringR=28.50 art=1 blockout=0 team=P1 look=P1 ring=1
2026.10.01-20.26.39 SHOT figure fighter=f-0-sk0 bbox=(516,520,586,600) ringR=22.23 art=1 blockout=0 team=P1 look=P1 ring=1
2026.10.01-20.26.39 SHOT figure fighter=f-0-sk1 bbox=(402,482,474,561) ringR=22.23 art=1 blockout=0 team=P1 look=P1 ring=1
2026.10.01-20.26.39 SHOT figure fighter=f-0-sk2 bbox=(394,584,467,665) ringR=22.23 art=1 blockout=0 team=P1 look=P1 ring=1
2026.10.01-20.26.39 SHOT figure fighter=f-1-hero bbox=(1081,619,1165,728) ringR=28.50 art=1 blockout=0 team=P2 look=P2 ring=1
2026.10.01-20.26.39 SHOT figure fighter=f-1-sk0 bbox=(1139,534,1204,620) ringR=22.23 art=1 blockout=0 team=P2 look=P2 ring=1
2026.10.01-20.26.39 SHOT request file=bench-K1-1920x1080.png frame=5055
2026.10.01-20.26.39 SHOT requested: FScreenshotRequest(bShowUI) -> C:\tmp\envmaps-research\p7c\pk2\sarp/bench-K1-1920x1080.png
2026.10.01-20.26.39 SHOT captured file=bench-K1-1920x1080.png frame=5055 px=1920x1080 sha256=d7befa7eb899fc7dc7c14bdb174dcac2d7b791d1d569e687e8f39b8a761cc86f order=BGRA saved=1
2026.10.01-20.26.39 SHOT late begin file=bench-K1-1920x1080.png frame=5055 requestFrame=5055
2026.10.01-20.26.39 SHOT iconstate visible=0 lastFighter=none frame=5055
2026.10.01-20.26.39 SHOT panel id=hud.command bbox=(0,0,20,20) geom=painted visible=1 frame=5055
2026.10.01-20.26.39 SHOT panel id=hud.side bbox=(1884,0,1920,28) geom=painted visible=1 frame=5055
2026.10.01-20.26.39 SHOT panel id=hud.hand bbox=(950,1060,970,1080) geom=painted visible=1 frame=5055
2026.10.01-20.26.39 SHOT label fighter=f-0-hero mode=full bbox=(631,449,707,476) frame=5055
2026.10.01-20.26.39 SHOT label fighter=f-0-sk0 mode=full bbox=(503,514,587,537) frame=5055
2026.10.01-20.26.39 SHOT label fighter=f-0-sk1 mode=full bbox=(387,475,472,498) frame=5055
2026.10.01-20.26.39 SHOT label fighter=f-0-sk2 mode=full bbox=(379,580,466,602) frame=5055
2026.10.01-20.26.39 SHOT label fighter=f-1-hero mode=full bbox=(1085,625,1166,647) frame=5055
2026.10.01-20.26.39 SHOT label fighter=f-1-sk0 mode=full bbox=(1144,533,1205,557) frame=5055
2026.10.01-20.26.39 SHOT late end file=bench-K1-1920x1080.png frame=5055
2026.10.01-20.26.39 BENCH shot view=K1 saved=1 path=C:\tmp\envmaps-research\p7c\pk2\sarp/bench-K1-1920x1080.png
2026.10.01-20.26.39 BENCH view=K1x0.65 zoom-out wanted=0.65 target=2880.2 zoom=0.81 limit=far
2026.10.01-20.26.40 BENCH view=K1x0.65 camera settled=1 dist=2869.6 target=2880.2 zoom=0.82
2026.10.01-20.26.49 BENCH measure view=K1x0.65 window=3.0 frames=180 fps=60.00 frameMs avg=16.67 p50=16.67 p95=16.67 p99=16.67 max=16.67 hitches50=0 gpuMs avg=4.83 p50=6.84 p95=6.98 gameMs avg=0.86 p95=0.91 renderMs avg=2.43 p95=2.64
2026.10.01-20.26.49 RENDER tag=BENCH rhi=D3D12 featureLevel=SM6 shaderPlatform=PCD3D_SM6 lumenPlatform=1 gi=lumen giMethod=1 refl=lumen reflMethod=1 shadows=csm vsmEnable=0 sg.res=100 sg.view=2 sg.aa=2 sg.shadow=2 sg.gi=2 sg.refl=2 sg.pp=2 sg.tex=2 sg.fx=2 sg.foliage=2 sg.shading=2 sg.landscape=2 preset=High screenPct=100.0 screenPctMode=0 aa=TSR aaMethod=4 exposure=fixed-histogram expMin=4.14106 expMax=4.14106 expBias=0.000 ev100=2.05 lightUnits=candelas sky=1 skyIntensity=3.000 keyShadow=csm-3600uu-2c-contact0.000 shadowCasters=1 profile=sarpedon-night profilesSha256=80e2a2c59b64ecebdb70086801e5ed1f556392439af6eb4da84abb0785268142 profilesSource=pak legacyRender=0 gameLayer=unlit-eyeadaptinv tMaxFPS=60.0 vsync=0 frameRateLimit=60.0 substrate=0 nanite=1 meshDF=1 viewport=1920x1080 reference=1
2026.10.01-20.26.52 BENCH view=K1x0.65 shot-camera dist=2880.2 target=2880.2 exact=1 focus=V(0)
2026.10.01-20.26.52 SHOT ctx viewport=1920x1080 viewTarget=CameraActor_2147482216 cam=(0,1652,2359) rot=(-55,-90,0)
2026.10.01-20.26.52 RENDER tag=SHOT rhi=D3D12 featureLevel=SM6 shaderPlatform=PCD3D_SM6 lumenPlatform=1 gi=lumen giMethod=1 refl=lumen reflMethod=1 shadows=csm vsmEnable=0 sg.res=100 sg.view=2 sg.aa=2 sg.shadow=2 sg.gi=2 sg.refl=2 sg.pp=2 sg.tex=2 sg.fx=2 sg.foliage=2 sg.shading=2 sg.landscape=2 preset=High screenPct=100.0 screenPctMode=0 aa=TSR aaMethod=4 exposure=fixed-histogram expMin=4.14106 expMax=4.14106 expBias=0.000 ev100=2.05 lightUnits=candelas sky=1 skyIntensity=3.000 keyShadow=csm-3600uu-2c-contact0.000 shadowCasters=1 profile=sarpedon-night profilesSha256=80e2a2c59b64ecebdb70086801e5ed1f556392439af6eb4da84abb0785268142 profilesSource=pak legacyRender=0 gameLayer=unlit-eyeadaptinv tMaxFPS=60.0 vsync=0 frameRateLimit=60.0 substrate=0 nanite=1 meshDF=1 viewport=1920x1080 reference=1
2026.10.01-20.26.52 SHOT fighter f-0-hero pos=(2,2) world=(-218,-13,0) screen=(730,529) projected=1 alive=1
2026.10.01-20.26.52 SHOT fighter f-0-sk0 pos=(1,3) world=(-309,33,0) screen=(631,569) projected=1 alive=1
2026.10.01-20.26.52 SHOT fighter f-0-sk1 pos=(0,2) world=(-398,-3,0) screen=(539,538) projected=1 alive=1
2026.10.01-20.26.52 SHOT fighter f-0-sk2 pos=(0,3) world=(-394,92,0) screen=(535,621) projected=1 alive=1
2026.10.01-20.26.52 SHOT fighter f-1-hero pos=(5,4) world=(119,141,0) screen=(1089,665) projected=1 alive=1
2026.10.01-20.26.52 SHOT fighter f-1-sk0 pos=(6,3) world=(159,52,0) screen=(1130,585) projected=1 alive=1
2026.10.01-20.26.52 SHOT camera dist=2880.2 target=2880.2 overview=2340.2 errPct=0.000 focusErr=0.00 settled=1 zoom=0.81
2026.10.01-20.26.52 SHOT head fighter=f-0-hero socket=Head mesh=SK_Medusa_H2LD world=(-217.4,-11.4,47.1) screen=(727.6,501.2) top=(727.2,497.4) bottom=(728.0,504.9) headPx=7.5 projected=1
2026.10.01-20.26.52 SHOT head fighter=f-0-sk0 socket=Head mesh=SK_Harpy_H3LD world=(-309.1,27.9,34.0) screen=(628.2,543.6) top=(627.6,539.9) bottom=(628.8,547.3) headPx=7.5 projected=1
2026.10.01-20.26.52 SHOT head fighter=f-0-sk1 socket=Head mesh=SK_Harpy_H3LD world=(-398.6,2.3,34.3) screen=(534.3,521.0) top=(533.5,517.2) bottom=(535.0,524.7) headPx=7.6 projected=1
2026.10.01-20.26.52 SHOT head fighter=f-0-sk2 socket=Head mesh=SK_Harpy_H3LD world=(-393.6,86.7,34.0) screen=(532.4,596.0) top=(531.7,592.3) bottom=(533.2,599.6) headPx=7.4 projected=1
2026.10.01-20.26.52 SHOT head fighter=f-1-hero socket=Head mesh=SK_KingArthur_H2LD world=(119.5,140.4,50.0) screen=(1091.9,635.2) top=(1092.2,631.6) bottom=(1091.7,638.8) headPx=7.3 projected=1
2026.10.01-20.26.52 SHOT head fighter=f-1-sk0 socket=Head mesh=SK_Merlin_H2LD world=(158.7,48.9,36.6) screen=(1131.2,560.6) top=(1131.5,556.9) bottom=(1130.9,564.2) headPx=7.4 projected=1
2026.10.01-20.26.52 SHOT figure fighter=f-0-hero bbox=(695,470,762,554) ringR=28.50 art=1 blockout=0 team=P1 look=P1 ring=1
2026.10.01-20.26.52 SHOT figure fighter=f-0-sk0 bbox=(602,524,656,589) ringR=22.23 art=1 blockout=0 team=P1 look=P1 ring=1
2026.10.01-20.26.52 SHOT figure fighter=f-0-sk1 bbox=(508,493,564,557) ringR=22.23 art=1 blockout=0 team=P1 look=P1 ring=1
2026.10.01-20.26.52 SHOT figure fighter=f-0-sk2 bbox=(504,576,561,641) ringR=22.23 art=1 blockout=0 team=P1 look=P1 ring=1
2026.10.01-20.26.52 SHOT figure fighter=f-1-hero bbox=(1058,603,1124,692) ringR=28.50 art=1 blockout=0 team=P2 look=P2 ring=1
2026.10.01-20.26.52 SHOT figure fighter=f-1-sk0 bbox=(1105,536,1157,605) ringR=22.23 art=1 blockout=0 team=P2 look=P2 ring=1
2026.10.01-20.26.52 SHOT request file=bench-K1x0p65-1920x1080.png frame=5788
2026.10.01-20.26.52 SHOT requested: FScreenshotRequest(bShowUI) -> C:\tmp\envmaps-research\p7c\pk2\sarp/bench-K1x0p65-1920x1080.png
2026.10.01-20.26.52 SHOT captured file=bench-K1x0p65-1920x1080.png frame=5788 px=1920x1080 sha256=a4239fa88072664b21bbf818cd334cc36df968461dd43bd1bbde09c2d97aa8da order=BGRA saved=1
2026.10.01-20.26.52 SHOT late begin file=bench-K1x0p65-1920x1080.png frame=5788 requestFrame=5788
2026.10.01-20.26.52 SHOT iconstate visible=0 lastFighter=none frame=5788
2026.10.01-20.26.52 SHOT panel id=hud.command bbox=(0,0,20,20) geom=painted visible=1 frame=5788
2026.10.01-20.26.52 SHOT panel id=hud.side bbox=(1884,0,1920,28) geom=painted visible=1 frame=5788
2026.10.01-20.26.52 SHOT panel id=hud.hand bbox=(950,1060,970,1080) geom=painted visible=1 frame=5788
2026.10.01-20.26.52 SHOT label fighter=f-0-hero mode=full bbox=(688,464,762,488) frame=5788
2026.10.01-20.26.52 SHOT label fighter=f-0-sk0 mode=full bbox=(583,517,666,537) frame=5788
2026.10.01-20.26.52 SHOT label fighter=f-0-sk1 mode=full bbox=(489,485,572,506) frame=5788
2026.10.01-20.26.52 SHOT label fighter=f-0-sk2 mode=full bbox=(484,570,569,590) frame=5788
2026.10.01-20.26.52 SHOT label fighter=f-1-hero mode=full bbox=(1053,606,1132,626) frame=5788
2026.10.01-20.26.52 SHOT label fighter=f-1-sk0 mode=full bbox=(1103,532,1163,554) frame=5788
2026.10.01-20.26.52 SHOT late end file=bench-K1x0p65-1920x1080.png frame=5788
2026.10.01-20.26.52 BENCH shot view=K1x0.65 saved=1 path=C:\tmp\envmaps-research\p7c\pk2\sarp/bench-K1x0p65-1920x1080.png
2026.10.01-20.26.52 BENCH done views=3 elapsed=97.4
2026.10.01-20.26.52 --- S08 trace close ---
