2026.09.30-16.25.42 --- S08 trace open 2026.09.30-16.25.42 ---
2026.09.30-16.25.42 HUD team chips ready=1 mode=absolute tagNames=rule
2026.09.30-16.25.42 HUD icon texture size=32 ready=1 path=/Game/ArtTests/ARTMarkers/Textures/T_UI_Action_AttackToken_32 texture=32x32 probe=0 plate=1
2026.09.30-16.25.42 HUD art widget tag impl=umg source=/Game/S08/UI/ArtHud/WBP_S08ArtTag class=/Game/S08/UI/ArtHud/WBP_S08ArtTag.WBP_S08ArtTag_C count=8 missing=- codeDefaultTree=0
2026.09.30-16.25.42 HUD art widget plate impl=umg source=/Game/S08/UI/ArtHud/WBP_S08ArtPlate class=/Game/S08/UI/ArtHud/WBP_S08ArtPlate.WBP_S08ArtPlate_C parts=1 missing=- codeDefaultTree=0
2026.09.30-16.25.42 HUD art widget icon impl=umg source=/Game/S08/UI/ArtHud/WBP_S08ArtIcon class=/Game/S08/UI/ArtHud/WBP_S08ArtIcon.WBP_S08ArtIcon_C parts=1 missing=- codeDefaultTree=0
2026.09.30-16.25.42 HUD art widget damage impl=umg source=/Game/S08/UI/ArtHud/WBP_S08ArtDamage class=/Game/S08/UI/ArtHud/WBP_S08ArtDamage.WBP_S08ArtDamage_C parts=1 missing=- codeDefaultTree=0
2026.09.30-16.25.42 RENDER preset applied=High flag=S08RenderPreset
2026.09.30-16.25.42 LOGIN ok user=art-preview-host
2026.09.30-16.25.45 HEROES loaded 84
2026.09.30-16.25.45 createGame -> room=cmuobh65k01d7wircascoovil code=<redacted> status=LOBBY
2026.09.30-16.25.47 PERF config tMaxFPS=30.0 frameRateLimit=60.0 vsync=0 smoothFrameRate=0 fixedFrameRate=0 rhi=D3D12
2026.09.30-16.25.47 RENDER tag=PERF rhi=D3D12 featureLevel=SM6 shaderPlatform=PCD3D_SM6 lumenPlatform=1 gi=lumen giMethod=1 refl=lumen reflMethod=1 shadows=csm vsmEnable=0 sg.res=100 sg.view=2 sg.aa=2 sg.shadow=2 sg.gi=2 sg.refl=2 sg.pp=2 sg.tex=2 sg.fx=2 sg.foliage=2 sg.shading=2 sg.landscape=2 preset=High screenPct=100.0 screenPctMode=0 aa=TSR aaMethod=4 exposure=engine-default expMin=1.00000 expMax=1.00000 expBias=1.000 ev100=0.00 lightUnits=- sky=0 skyIntensity=0.000 keyShadow=- shadowCasters=0 profile=- profilesSha256=- profilesSource=- legacyRender=0 gameLayer=unlit-eyeadaptinv tMaxFPS=30.0 vsync=0 frameRateLimit=60.0 substrate=0 nanite=1 meshDF=1 viewport=1920x1080 reference=0 notReference=noArtProfile,exposure,lightUnits,profilesSource
2026.09.30-16.25.47 PERF window t=0.0-5.0 frames=151 fps=29.96 frameMs avg=33.38 p50=33.33 p95=33.33 p99=35.21 max=38.08 hitches50=0 gpuMs avg=1.38 p50=1.34 p95=1.60 gameMs avg=1.59 p95=1.93 renderMs avg=2849.12 p95=4.06
2026.09.30-16.25.48 game -> room=cmuobh65k01d7wircascoovil code=<redacted> status=LOBBY
2026.09.30-16.25.48 selectHero -> room=cmuobh65k01d7wircascoovil code=<redacted> status=LOBBY
2026.09.30-16.25.51 game -> room=cmuobh65k01d7wircascoovil code=<redacted> status=LOBBY
2026.09.30-16.25.51 toggleReady -> room=cmuobh65k01d7wircascoovil code=<redacted> status=LOBBY
2026.09.30-16.25.52 PERF window t=5.0-10.0 frames=150 fps=30.00 frameMs avg=33.33 p50=33.33 p95=33.33 p99=33.39 max=33.43 hitches50=0 gpuMs avg=1.28 p50=1.28 p95=1.36 gameMs avg=1.44 p95=2.09 renderMs avg=2.81 p95=4.78
2026.09.30-16.25.54 game -> room=cmuobh65k01d7wircascoovil code=<redacted> status=LOBBY
2026.09.30-16.25.57 PERF window t=10.0-15.0 frames=150 fps=30.00 frameMs avg=33.33 p50=33.33 p95=33.33 p99=33.35 max=33.39 hitches50=0 gpuMs avg=1.28 p50=1.29 p95=1.35 gameMs avg=1.25 p95=1.43 renderMs avg=2.46 p95=3.05
2026.09.30-16.25.57 game -> room=cmuobh65k01d7wircascoovil code=<redacted> status=LOBBY
2026.09.30-16.26.00 game -> room=cmuobh65k01d7wircascoovil code=<redacted> status=LOBBY
2026.09.30-16.26.00 startGame -> room=cmuobh65k01d7wircascoovil code=<redacted> status=IN_PROGRESS
2026.09.30-16.26.00 SNAPSHOT applied seq=1 phase=ACTION_MANEUVER
2026.09.30-16.26.00 HANDLE_APPLIED #1 seq=1 decision=2 fightersValid=1 boardValid=1
2026.09.30-16.26.00 MODE seq=1 mode=0 combat=0 pending=0
2026.09.30-16.26.00 HUD seq=1 phase=ACTION_MANEUVER turn=you hand=5 oppHand=5(hidden) oppDeck=25 deck=25 discard=0
2026.09.30-16.26.00 ARTPREVIEW diorama requested mesh=/Game/PipelineCandidates/TableBase/20260928-table-base-tripo-h31/Meshes/SM_TableBase.SM_TableBase mi=MI_TableBase_Candidate
2026.09.30-16.26.00 ARTPREVIEW board profiles loaded=1 revision=5 boards=3 zoneStyles=11 lightProfiles=3 errors=0 path=Config/ArtBoards/S08ArtBoardProfiles.json
2026.09.30-16.26.00 ARTPREVIEW board profiles source=pak sha256=1ecc1e9281845655acf8b31f1dcf52a7510abfc8ba8505525ad72ee8f4ce3c4c
2026.09.30-16.26.00 ARTPREVIEW zone content instances=12/12 glyphMeshes=11/11
2026.09.30-16.26.00 ARTPREVIEW zone keyline content mi=MI_ART005_Zone_Keyline glyphKeyMeshes=11/11 color=#111317
2026.09.30-16.26.00 ARTPREVIEW game layer material=M_S08_GameLayerUnlit unlitEyeAdaptInv=1 legacyRender=0
2026.09.30-16.26.00 ARTPREVIEW Cobble assets ready
2026.09.30-16.26.00 ARTPREVIEW board assets ready cobbleMesh=1 tiles=1 zoneMaterials=2
2026.09.30-16.26.00 ARTPREVIEW medusa candidate variant=face-neck-v2 mesh=SK_Medusa_FaceNeck_v2Candidate requested=face-neck-v2
2026.09.30-16.26.00 ARTPREVIEW board profile=t-rex-paddock-art-fixture match=boardId board=7x5 boardId=c70e9f624617750c2a2b856fd surface=tiles light=paddock-probe artFixture=1
2026.09.30-16.26.00 ARTPREVIEW light profile=paddock-probe name=key role=key kind=directional at=(-350,-150,600) intensity=3.5 units=lux radius=0 color=(0.62,0.69,0.88) shadow=1
2026.09.30-16.26.00 ARTPREVIEW light profile=paddock-probe name=warm-practical role=warm kind=point at=(105,-225,250) intensity=130 units=candelas radius=430 color=(1.00,0.59,0.30) shadow=0
2026.09.30-16.26.00 ARTPREVIEW light profile=paddock-probe name=cyan-rim role=cool kind=point at=(-315,-225,250) intensity=85 units=candelas radius=420 color=(0.55,0.80,1.00) shadow=0
2026.09.30-16.26.00 ARTPREVIEW light profile=paddock-probe name=indigo-pool role=cool kind=point at=(245,200,240) intensity=70 units=candelas radius=360 color=(0.45,0.50,0.95) shadow=0
2026.09.30-16.26.00 ARTPREVIEW sky profile=paddock-probe cubemap=/Game/S08/Render/TC_S08_AmbientDome loaded=1 spawned=1 intensity=14.1 color=(0.84,0.88,0.96) lowerBlack=0
2026.09.30-16.26.00 ARTPREVIEW exposure profile=paddock-probe method=histogram-fixed min=4.14106 max=4.14106 bias=0.000 ev100=2.05 volume=1
2026.09.30-16.26.00 ARTPREVIEW lights applied profile=paddock-probe directional=1 shadow=1 points=3 pointShadows=0 budgetOk=1
2026.09.30-16.26.00 ARTPREVIEW render profile=paddock-probe units=candelas sky=1 exposure=1 keyShadow=csm-3000uu-2c-contact0.000 shadowCasters=1 legacyRender=0
2026.09.30-16.26.00 ARTPREVIEW board zone keylines pieces=111 glyphKeys=39 glyphKeyCubePieces=0 mi=MI_ART005_Zone_Keyline growUU=1.5 edgeUU=42.0 maxOuterUU=45.0
2026.09.30-16.26.00 ARTPREVIEW board glyph meshes instances=39 keys=6/6 cubePieces=0 anchors=39
2026.09.30-16.26.00 ARTPREVIEW board active profile=t-rex-paddock-art-fixture 7x5 surface=tiles cells=35 zoneCells=26 multizone=13 triple=0 obstacles=9 zoneKeys=6 strokes=111 glyphs=80 surfaceParts=30 glyphMaterial=zone expectOk=1
2026.09.30-16.26.00 ARTPREVIEW board zone key=blue cells=6 stroke=solid glyph=diamond color=#3B78D8 ismUsage=1 strokePieces=6 glyphPieces=6 mi=MI_ART005_Zone_Blue glyphMesh=SM_ART005_ZoneGlyph_Diamond glyphInstances=6 fallback=0
2026.09.30-16.26.00 ARTPREVIEW board zone key=blue-green cells=7 stroke=double glyph=bars3 color=#34C3B6 ismUsage=1 strokePieces=14 glyphPieces=21 mi=MI_ART005_Zone_BlueGreen glyphMesh=SM_ART005_ZoneGlyph_Bars3 glyphInstances=7 fallback=0
2026.09.30-16.26.00 ARTPREVIEW board zone key=gray cells=7 stroke=dots5 glyph=square color=#6B727A ismUsage=1 strokePieces=35 glyphPieces=7 mi=MI_ART005_Zone_Gray glyphMesh=SM_ART005_ZoneGlyph_Square glyphInstances=7 fallback=0
2026.09.30-16.26.00 ARTPREVIEW board zone key=green cells=8 stroke=dash2 glyph=cross color=#46B45A ismUsage=1 strokePieces=16 glyphPieces=16 mi=MI_ART005_Zone_Green glyphMesh=SM_ART005_ZoneGlyph_Cross glyphInstances=8 fallback=0
2026.09.30-16.26.00 ARTPREVIEW board zone key=purple cells=4 stroke=dashdot glyph=ring color=#A070DC ismUsage=1 strokePieces=12 glyphPieces=16 mi=MI_ART005_Zone_Purple glyphMesh=SM_ART005_ZoneGlyph_Ring glyphInstances=4 fallback=0
2026.09.30-16.26.00 ARTPREVIEW board zone key=yellow cells=7 stroke=dash4 glyph=chevron color=#F4D24A ismUsage=1 strokePieces=28 glyphPieces=14 mi=MI_ART005_Zone_Yellow glyphMesh=SM_ART005_ZoneGlyph_Chevron glyphInstances=7 fallback=0
2026.09.30-16.26.00 ARTPREVIEW board multizone cells=13 zonesListed=26 zonesMarked=26
2026.09.30-16.26.00 ARTPREVIEW board multizone cell=(0,0) blue+green strokeSides=0+1 glyphSlots=0+1 marked=2/2
2026.09.30-16.26.00 ARTPREVIEW board multizone cell=(3,0) green+yellow strokeSides=0+1 glyphSlots=0+1 marked=2/2
2026.09.30-16.26.00 ARTPREVIEW board multizone cell=(2,1) green+yellow strokeSides=0+1 glyphSlots=0+1 marked=2/2
2026.09.30-16.26.00 ARTPREVIEW board multizone cell=(3,1) green+yellow strokeSides=0+1 glyphSlots=0+1 marked=2/2
2026.09.30-16.26.00 ARTPREVIEW board multizone cell=(5,1) gray+blue-green strokeSides=0+1 glyphSlots=0+1 marked=2/2
2026.09.30-16.26.00 ARTPREVIEW board multizone cell=(1,2) blue+yellow strokeSides=0+1 glyphSlots=0+1 marked=2/2
2026.09.30-16.26.00 ARTPREVIEW board multizone cell=(2,2) green+yellow strokeSides=0+1 glyphSlots=0+1 marked=2/2
2026.09.30-16.26.00 ARTPREVIEW board multizone cell=(4,2) gray+green strokeSides=0+1 glyphSlots=0+1 marked=2/2
2026.09.30-16.26.00 ARTPREVIEW board multizone cell=(5,2) gray+blue-green strokeSides=0+1 glyphSlots=0+1 marked=2/2
2026.09.30-16.26.00 ARTPREVIEW board multizone cell=(0,4) blue+purple strokeSides=0+1 glyphSlots=0+1 marked=2/2
2026.09.30-16.26.00 ARTPREVIEW board multizone cell=(2,4) purple+yellow strokeSides=0+1 glyphSlots=0+1 marked=2/2
2026.09.30-16.26.00 ARTPREVIEW board multizone cell=(3,4) gray+purple strokeSides=0+1 glyphSlots=0+1 marked=2/2
2026.09.30-16.26.00 ARTPREVIEW board multizone cell=(5,4) gray+blue-green strokeSides=0+1 glyphSlots=0+1 marked=2/2
2026.09.30-16.26.00 ARTPREVIEW diorama tray=/Game/PipelineCandidates/TableBase/20260928-table-base-tripo-h31/Meshes/SM_TableBase.SM_TableBase mi=MI_TableBase_Candidate surface=tiles yaw=0.0 scale=1.122x0.988x1.000 bounds=(-424.0,-324.0,-153.0)..(424.0,324.0,-3.0) size=848.0x648.0x150.0 topZ=-3.0 boardHalf=374.0x274.0 rimUU=50.0 collision=none
2026.09.30-16.26.00 CAMERA dist=1672 loc=(0,959,1370) pitch=-55 yaw=-90
2026.09.30-16.26.00 CAMERA config overview=1672.1 nearest=300.0 farthest=2572.5 zoomRange=0.65-5.57 minDist=300.0 outRatio=0.650 step=1.250 animMs=200 returnMs=300 followFrom=1.20 source=defaults issues=0
2026.09.30-16.26.00 BOARD 7x5 cells | control points: (0,0)=(-300,-200,0) (6,4)=(300,200,0) | neighbor pair (dist 100 uu)
2026.09.30-16.26.00 ARTPREVIEW team mapping mode=absolute source=seatOrder viewerTeam=P1 p1=f-0-hero,f-0-sk0,f-0-sk1,f-0-sk2 p2=f-1-hero,f-1-sk0
2026.09.30-16.26.00 ARTPREVIEW heroesV2 fighter=f-0-hero mesh=/Game/PipelineCandidates/Medusa/H2LD/Meshes/SK_Medusa_H2LD mi=/Game/PipelineCandidates/Medusa/H2LD/Materials/MI_Medusa_H2LD_P1 yaw=270.0 scale=0.9998 name=Medusa hero=1 look=P1 base=/Game/PipelineCandidates/Medusa/H2LD/Meshes/SM_Medusa_H2LD_Base baseMi=/Game/PipelineCandidates/Medusa/H2LD/Materials/MI_Medusa_H2LD_Base_P1 skeleton=/Game/PipelineCandidates/Medusa/Rig/SK_Medusa_Skeleton.SK_Medusa_Skeleton clips=4/4 boundsTop=55.00 figureTop=55.00 budget=55.0
2026.09.30-16.26.00 ARTPREVIEW click capsule fighter=f-0-hero mesh=SK_Medusa_H2LD physicsAsset=0 radius=11.6 halfHeight=27.5 top=55.0 bodyCollision=0 source=meshBounds
2026.09.30-16.26.00 ARTPREVIEW fighter=Medusa hero=1 eligible=0 visual=1 mesh=SK_Medusa_H2LD
2026.09.30-16.26.00 ARTPREVIEW team ring fighter=f-0-hero team=P1 look=P1 mode=absolute shape=circle shown=1 mesh=SM_Marker_TeamRing_P1 fill=#E8C06A keyline=#111317 fillLinear=(0.8070,0.5271,0.1441) zMin=0.60 zMax=1.20 scale=1.00 base=hidden blockout=0 art=1 rim=#FFFFFF
2026.09.30-16.26.00 ARTPREVIEW anim fighter=f-0-hero clip=Idle len=2.333 event=spawn loop=1 phase=0.8071 seq=-1 asset=AM_Medusa_Idle
2026.09.30-16.26.00 ARTPREVIEW heroesV2 fighter=f-0-sk0 mesh=/Game/PipelineCandidates/Harpy/H3LD/Meshes/SK_Harpy_H3LD mi=/Game/PipelineCandidates/Harpy/H3LD/Materials/MI_Harpy_H3LD_P1 yaw=270.0 scale=1.0000 name=Harpies hero=0 look=P1 base=/Game/PipelineCandidates/Harpy/H3LD/Meshes/SM_Harpy_H3LD_Base baseMi=/Game/PipelineCandidates/Harpy/H3LD/Materials/MI_Harpy_H3LD_Base_P1 skeleton=/Game/PipelineCandidates/Harpy/Rig/SK_Harpy_Skeleton.SK_Harpy_Skeleton clips=4/4 boundsTop=42.00 figureTop=42.00 budget=42.0
2026.09.30-16.26.00 ARTPREVIEW click capsule fighter=f-0-sk0 mesh=SK_Harpy_H3LD physicsAsset=0 radius=20.0 halfHeight=21.0 top=42.0 bodyCollision=0 source=meshBounds
2026.09.30-16.26.00 ARTPREVIEW team ring fighter=f-0-sk0 team=P1 look=P1 mode=absolute shape=circle shown=1 mesh=SM_Marker_TeamRing_P1 fill=#E8C06A keyline=#111317 fillLinear=(0.8070,0.5271,0.1441) zMin=0.60 zMax=1.20 scale=0.78 base=hidden blockout=0 art=1 rim=#FFFFFF
2026.09.30-16.26.00 ARTPREVIEW anim fighter=f-0-sk0 clip=Idle len=2.000 event=spawn loop=1 phase=0.6635 seq=-1 asset=AM_Harpy_Idle
2026.09.30-16.26.00 ARTPREVIEW heroesV2 fighter=f-0-sk1 mesh=/Game/PipelineCandidates/Harpy/H3LD/Meshes/SK_Harpy_H3LD mi=/Game/PipelineCandidates/Harpy/H3LD/Materials/MI_Harpy_H3LD_P1 yaw=90.0 scale=1.0000 name=Harpies hero=0 look=P1 base=/Game/PipelineCandidates/Harpy/H3LD/Meshes/SM_Harpy_H3LD_Base baseMi=/Game/PipelineCandidates/Harpy/H3LD/Materials/MI_Harpy_H3LD_Base_P1 skeleton=/Game/PipelineCandidates/Harpy/Rig/SK_Harpy_Skeleton.SK_Harpy_Skeleton clips=4/4 boundsTop=42.00 figureTop=42.00 budget=42.0
2026.09.30-16.26.00 ARTPREVIEW click capsule fighter=f-0-sk1 mesh=SK_Harpy_H3LD physicsAsset=0 radius=20.0 halfHeight=21.0 top=42.0 bodyCollision=0 source=meshBounds
2026.09.30-16.26.00 ARTPREVIEW team ring fighter=f-0-sk1 team=P1 look=P1 mode=absolute shape=circle shown=1 mesh=SM_Marker_TeamRing_P1 fill=#E8C06A keyline=#111317 fillLinear=(0.8070,0.5271,0.1441) zMin=0.60 zMax=1.20 scale=0.78 base=hidden blockout=0 art=1 rim=#FFFFFF
2026.09.30-16.26.00 ARTPREVIEW anim fighter=f-0-sk1 clip=Idle len=2.000 event=spawn loop=1 phase=0.9016 seq=-1 asset=AM_Harpy_Idle
2026.09.30-16.26.00 ARTPREVIEW heroesV2 fighter=f-0-sk2 mesh=/Game/PipelineCandidates/Harpy/H3LD/Meshes/SK_Harpy_H3LD mi=/Game/PipelineCandidates/Harpy/H3LD/Materials/MI_Harpy_H3LD_P1 yaw=270.0 scale=1.0000 name=Harpies hero=0 look=P1 base=/Game/PipelineCandidates/Harpy/H3LD/Meshes/SM_Harpy_H3LD_Base baseMi=/Game/PipelineCandidates/Harpy/H3LD/Materials/MI_Harpy_H3LD_Base_P1 skeleton=/Game/PipelineCandidates/Harpy/Rig/SK_Harpy_Skeleton.SK_Harpy_Skeleton clips=4/4 boundsTop=42.00 figureTop=42.00 budget=42.0
2026.09.30-16.26.00 ARTPREVIEW click capsule fighter=f-0-sk2 mesh=SK_Harpy_H3LD physicsAsset=0 radius=20.0 halfHeight=21.0 top=42.0 bodyCollision=0 source=meshBounds
2026.09.30-16.26.00 ARTPREVIEW team ring fighter=f-0-sk2 team=P1 look=P1 mode=absolute shape=circle shown=1 mesh=SM_Marker_TeamRing_P1 fill=#E8C06A keyline=#111317 fillLinear=(0.8070,0.5271,0.1441) zMin=0.60 zMax=1.20 scale=0.78 base=hidden blockout=0 art=1 rim=#FFFFFF
2026.09.30-16.26.00 ARTPREVIEW anim fighter=f-0-sk2 clip=Idle len=2.000 event=spawn loop=1 phase=0.1873 seq=-1 asset=AM_Harpy_Idle
2026.09.30-16.26.00 ARTPREVIEW heroesV2 fighter=f-1-hero mesh=/Game/PipelineCandidates/KingArthur/H2LD/Meshes/SK_KingArthur_H2LD mi=/Game/PipelineCandidates/KingArthur/H2LD/Materials/MI_KingArthur_H2LD_P2 yaw=270.0 scale=1.0000 name=King Arthur hero=1 look=P2 base=/Game/PipelineCandidates/KingArthur/H2LD/Meshes/SM_KingArthur_H2LD_Base baseMi=/Game/PipelineCandidates/KingArthur/H2LD/Materials/MI_KingArthur_H2LD_Base_P2 skeleton=/Game/PipelineCandidates/KingArthur/Rig/SK_KingArthur_Skeleton.SK_KingArthur_Skeleton clips=4/4 boundsTop=60.06 figureTop=55.00 budget=55.0
2026.09.30-16.26.00 ARTPREVIEW click capsule fighter=f-1-hero mesh=SK_KingArthur_H2LD physicsAsset=0 radius=12.8 halfHeight=30.0 top=60.1 bodyCollision=0 source=meshBounds
2026.09.30-16.26.00 ARTPREVIEW team ring fighter=f-1-hero team=P2 look=P2 mode=absolute shape=hexagon shown=1 mesh=SM_Marker_TeamRing_P2 fill=#5A7F9F keyline=#111317 fillLinear=(0.1022,0.2122,0.3467) zMin=0.60 zMax=1.20 scale=1.00 base=hidden blockout=0 art=1 rim=#FFFFFF
2026.09.30-16.26.00 ARTPREVIEW anim fighter=f-1-hero clip=Idle len=2.500 event=spawn loop=1 phase=0.3470 seq=-1 asset=AM_KingArthur_Idle
2026.09.30-16.26.00 ARTPREVIEW heroesV2 fighter=f-1-sk0 mesh=/Game/PipelineCandidates/Merlin/H2LD/Meshes/SK_Merlin_H2LD mi=/Game/PipelineCandidates/Merlin/H2LD/Materials/MI_Merlin_H2LD_P2 yaw=270.0 scale=1.0003 name=Merlin hero=0 look=P2 base=/Game/PipelineCandidates/Merlin/H2LD/Meshes/SM_Merlin_H2LD_Base baseMi=/Game/PipelineCandidates/Merlin/H2LD/Materials/MI_Merlin_H2LD_Base_P2 skeleton=/Game/PipelineCandidates/Merlin/Rig/SK_Merlin_Skeleton.SK_Merlin_Skeleton clips=4/4 boundsTop=49.44 figureTop=45.00 budget=45.0
2026.09.30-16.26.00 ARTPREVIEW click capsule fighter=f-1-sk0 mesh=SK_Merlin_H2LD physicsAsset=0 radius=10.5 halfHeight=24.7 top=49.4 bodyCollision=0 source=meshBounds
2026.09.30-16.26.00 ARTPREVIEW team ring fighter=f-1-sk0 team=P2 look=P2 mode=absolute shape=hexagon shown=1 mesh=SM_Marker_TeamRing_P2 fill=#5A7F9F keyline=#111317 fillLinear=(0.1022,0.2122,0.3467) zMin=0.60 zMax=1.20 scale=0.78 base=hidden blockout=0 art=1 rim=#FFFFFF
2026.09.30-16.26.00 ARTPREVIEW anim fighter=f-1-sk0 clip=Idle len=3.000 event=spawn loop=1 phase=0.8028 seq=-1 asset=AM_Merlin_Idle
2026.09.30-16.26.00 ARTPREVIEW heroesV2 summary fighters=6 mapped=6 v2=6
2026.09.30-16.26.00 FIGHTERS synced n=6 alive=6 own=4 enemy=2
2026.09.30-16.26.00 STATE seq=1 -> apply
2026.09.30-16.26.00 HUD art layer plate=1 iconSize=32 iconTexture=1 iconProbe=0 plan=0
2026.09.30-16.26.00 HUD art impl=umg plateViews=umg:/Game/S08/UI/ArtHud/WBP_S08ArtPlate iconViews=umg:/Game/S08/UI/ArtHud/WBP_S08ArtIcon textTable=S08ArtHud entries=13 missingKeys=0
2026.09.30-16.26.00 TAG fighter=f-1-hero bbox=(1321,7,1423,29) mode=compact look=P2 placement=right ring=12 hardPx2=0 softPx2=0 order=0 bound=1
2026.09.30-16.26.00 TAG fighter=f-1-sk0 bbox=(918,542,1002,564) mode=compact look=P2 placement=below ring=0 hardPx2=0 softPx2=0 order=1 bound=0
2026.09.30-16.26.00 ARTPREVIEW screen labels=1 (world TextRender labels and damage text hidden)
2026.09.30-16.26.00 SUBSCRIBED gameStateUpdated since=1
2026.09.30-16.26.00 TAG fighter=f-0-hero bbox=(833,438,935,460) mode=compact look=P1 placement=right ring=0 hardPx2=0 softPx2=0 order=2 bound=1
2026.09.30-16.26.00 TAG fighter=f-0-sk0 bbox=(727,592,811,614) mode=compact look=P1 placement=above ring=0 hardPx2=0 softPx2=0 order=5 bound=1
2026.09.30-16.26.00 TAG fighter=f-0-sk1 bbox=(739,295,823,317) mode=compact look=P1 placement=above ring=0 hardPx2=0 softPx2=0 order=0 bound=1
2026.09.30-16.26.00 TAG fighter=f-0-sk2 bbox=(549,438,633,460) mode=compact look=P1 placement=above ring=0 hardPx2=0 softPx2=0 order=4 bound=1
2026.09.30-16.26.00 TAG fighter=f-1-hero bbox=(1095,409,1197,431) mode=compact look=P2 placement=above ring=0 hardPx2=0 softPx2=0 order=1 bound=1
2026.09.30-16.26.00 TAG fighter=f-1-sk0 bbox=(1288,430,1372,452) mode=compact look=P2 placement=above ring=0 hardPx2=0 softPx2=0 order=3 bound=1
2026.09.30-16.26.00 SNAPSHOT applied seq=1 phase=ACTION_MANEUVER
2026.09.30-16.26.00 HANDLE_APPLIED #2 seq=1 decision=1 fightersValid=1 boardValid=1
2026.09.30-16.26.00 MODE seq=1 mode=0 combat=0 pending=0
2026.09.30-16.26.00 HUD seq=1 phase=ACTION_MANEUVER turn=you hand=5 oppHand=5(hidden) oppDeck=25 deck=25 discard=0
2026.09.30-16.26.00 ARTPREVIEW fighter=Medusa hero=1 eligible=0 visual=1 mesh=SK_Medusa_H2LD
2026.09.30-16.26.00 FIGHTERS synced n=6 alive=6 own=4 enemy=2
2026.09.30-16.26.00 WS seq=1 phase=ACTION_MANEUVER (merge)
2026.09.30-16.26.00 TAG fighter=f-0-hero bbox=(833,438,935,460) mode=compact look=P1 placement=right ring=0 hardPx2=0 softPx2=0 order=2 bound=1
2026.09.30-16.26.00 TAG fighter=f-0-sk0 bbox=(727,592,811,614) mode=compact look=P1 placement=above ring=0 hardPx2=0 softPx2=0 order=5 bound=1
2026.09.30-16.26.00 TAG fighter=f-0-sk1 bbox=(739,295,823,317) mode=compact look=P1 placement=above ring=0 hardPx2=0 softPx2=0 order=0 bound=1
2026.09.30-16.26.00 TAG fighter=f-0-sk2 bbox=(549,438,633,460) mode=compact look=P1 placement=above ring=0 hardPx2=0 softPx2=0 order=4 bound=1
2026.09.30-16.26.00 TAG fighter=f-1-hero bbox=(1095,409,1197,431) mode=compact look=P2 placement=above ring=0 hardPx2=0 softPx2=0 order=1 bound=1
2026.09.30-16.26.00 TAG fighter=f-1-sk0 bbox=(1288,430,1372,452) mode=compact look=P2 placement=above ring=0 hardPx2=0 softPx2=0 order=3 bound=1
2026.09.30-16.26.02 PERF window t=15.0-20.0 frames=149 fps=29.77 frameMs avg=33.60 p50=33.33 p95=33.33 p99=33.34 max=72.51 hitches50=1 gpuMs avg=1.57 p50=1.31 p95=2.07 gameMs avg=1.99 p95=1.87 renderMs avg=3.48 p95=3.58
2026.09.30-16.26.03 game -> room=cmuobh65k01d7wircascoovil code=<redacted> status=IN_PROGRESS
2026.09.30-16.26.06 game -> room=cmuobh65k01d7wircascoovil code=<redacted> status=IN_PROGRESS
2026.09.30-16.26.07 PERF window t=20.0-25.1 frames=151 fps=30.00 frameMs avg=33.33 p50=33.33 p95=33.33 p99=33.33 max=33.35 hitches50=0 gpuMs avg=2.03 p50=1.99 p95=2.23 gameMs avg=1.52 p95=1.81 renderMs avg=3.15 p95=3.94
2026.09.30-16.26.09 game -> room=cmuobh65k01d7wircascoovil code=<redacted> status=IN_PROGRESS
2026.09.30-16.26.12 game -> room=cmuobh65k01d7wircascoovil code=<redacted> status=IN_PROGRESS
2026.09.30-16.26.12 PERF window t=25.1-30.1 frames=151 fps=30.00 frameMs avg=33.33 p50=33.33 p95=33.33 p99=33.34 max=33.34 hitches50=0 gpuMs avg=2.02 p50=1.98 p95=2.21 gameMs avg=1.48 p95=1.78 renderMs avg=3.11 p95=3.88
2026.09.30-16.26.15 game -> room=cmuobh65k01d7wircascoovil code=<redacted> status=IN_PROGRESS
2026.09.30-16.26.16 ARTPREVIEW selection ring shown fighter=Medusa mesh=SM_Marker_SelectionRing
2026.09.30-16.26.16 ARTPREVIEW reachable corners cells=10 placed=1
2026.09.30-16.26.16 ARTPREVIEW selection ownHero=1 selected=1 fighter=Medusa reachable=11 fighterId=f-0-hero
2026.09.30-16.26.16 INPUT select src=flag fighter=f-0-hero flag=ArtPreviewSelectOwnHero
2026.09.30-16.26.16 HUD plate content fighter=f-0-hero name=Medusa hp=16/16 team=own statuses=HERO  |  MELEE teamSlot=P1 look=P1 shape=circle chip=#DAC576
2026.09.30-16.26.16 PLATE fighter=f-0-hero bbox=(837,474,1009,528) overlapReachable=0 placement=right ring=0 gap=6 selection=f-0-hero destinations=10 clean=1 softPx2=0 tested=130 bound=1
2026.09.30-16.26.16 TAG fighter=f-0-sk0 bbox=(727,592,811,614) mode=compact look=P1 placement=above ring=0 hardPx2=0 softPx2=0 order=4 bound=1
2026.09.30-16.26.16 TAG fighter=f-0-sk1 bbox=(739,295,823,317) mode=compact look=P1 placement=above ring=0 hardPx2=0 softPx2=0 order=0 bound=1
2026.09.30-16.26.16 TAG fighter=f-0-sk2 bbox=(549,438,633,460) mode=compact look=P1 placement=above ring=0 hardPx2=0 softPx2=0 order=3 bound=1
2026.09.30-16.26.16 TAG fighter=f-1-hero bbox=(1095,409,1197,431) mode=compact look=P2 placement=above ring=0 hardPx2=0 softPx2=0 order=1 bound=1
2026.09.30-16.26.16 TAG fighter=f-1-sk0 bbox=(1288,430,1372,452) mode=compact look=P2 placement=above ring=0 hardPx2=0 softPx2=0 order=2 bound=1
2026.09.30-16.26.17 PERF window t=30.1-35.1 frames=150 fps=30.00 frameMs avg=33.33 p50=33.33 p95=33.33 p99=33.38 max=33.38 hitches50=0 gpuMs avg=2.01 p50=1.98 p95=2.18 gameMs avg=1.53 p95=1.96 renderMs avg=3.20 p95=4.20
2026.09.30-16.26.18 SHOT ctx viewport=1920x1080 viewTarget=CameraActor_2147482316 cam=(0,959,1370) rot=(-55,-90,0)
2026.09.30-16.26.18 RENDER tag=SHOT rhi=D3D12 featureLevel=SM6 shaderPlatform=PCD3D_SM6 lumenPlatform=1 gi=lumen giMethod=1 refl=lumen reflMethod=1 shadows=csm vsmEnable=0 sg.res=100 sg.view=2 sg.aa=2 sg.shadow=2 sg.gi=2 sg.refl=2 sg.pp=2 sg.tex=2 sg.fx=2 sg.foliage=2 sg.shading=2 sg.landscape=2 preset=High screenPct=100.0 screenPctMode=0 aa=TSR aaMethod=4 exposure=fixed-histogram expMin=4.14106 expMax=4.14106 expBias=0.000 ev100=2.05 lightUnits=candelas sky=1 skyIntensity=14.100 keyShadow=csm-3000uu-2c-contact0.000 shadowCasters=1 profile=paddock-probe profilesSha256=1ecc1e9281845655acf8b31f1dcf52a7510abfc8ba8505525ad72ee8f4ce3c4c profilesSource=pak legacyRender=0 gameLayer=unlit-eyeadaptinv tMaxFPS=30.0 vsync=0 frameRateLimit=60.0 substrate=0 nanite=1 meshDF=1 viewport=1920x1080 reference=1
2026.09.30-16.26.18 SHOT fighter f-0-hero pos=(2,2) world=(-100,0,0) screen=(778,540) projected=1 alive=1
2026.09.30-16.26.18 SHOT fighter f-0-sk0 pos=(2,3) world=(-100,100,0) screen=(771,694) projected=1 alive=1
2026.09.30-16.26.18 SHOT fighter f-0-sk1 pos=(2,1) world=(-100,-100,0) screen=(784,396) projected=1 alive=1
2026.09.30-16.26.18 SHOT fighter f-0-sk2 pos=(1,2) world=(-200,0,0) screen=(596,540) projected=1 alive=1
2026.09.30-16.26.18 SHOT fighter f-1-hero pos=(4,2) world=(100,0,0) screen=(1142,540) projected=1 alive=1
2026.09.30-16.26.18 SHOT fighter f-1-sk0 pos=(5,2) world=(200,0,0) screen=(1324,540) projected=1 alive=1
2026.09.30-16.26.18 SHOT camera dist=1672.1 target=1672.1 overview=1672.1 errPct=0.000 focusErr=0.00 settled=1 zoom=1.00
2026.09.30-16.26.18 SHOT head fighter=f-0-hero socket=Head mesh=SK_Medusa_H2LD world=(-100.2,-1.3,47.1) screen=(773.3,487.7) top=(772.8,481.1) bottom=(773.9,494.3) headPx=13.2 projected=1
2026.09.30-16.26.18 SHOT head fighter=f-0-sk0 socket=Head mesh=SK_Harpy_H3LD world=(-99.5,95.0,34.3) screen=(769.5,651.5) top=(768.9,645.2) bottom=(770.0,657.7) headPx=12.6 projected=1
2026.09.30-16.26.18 SHOT head fighter=f-0-sk1 socket=Head mesh=SK_Harpy_H3LD world=(-100.7,-94.7,34.0) screen=(779.5,366.0) top=(779.0,359.4) bottom=(780.0,372.7) headPx=13.4 projected=1
2026.09.30-16.26.18 SHOT head fighter=f-0-sk2 socket=Head mesh=SK_Harpy_H3LD world=(-199.9,-5.3,34.0) screen=(590.5,495.9) top=(589.4,489.4) bottom=(591.6,502.4) headPx=13.2 projected=1
2026.09.30-16.26.18 SHOT head fighter=f-1-hero socket=Head mesh=SK_KingArthur_H2LD world=(100.0,-1.0,50.1) screen=(1146.7,484.8) top=(1147.2,478.2) bottom=(1146.1,491.4) headPx=13.2 projected=1
2026.09.30-16.26.18 SHOT head fighter=f-1-sk0 socket=Head mesh=SK_Merlin_H2LD world=(200.4,-3.0,36.5) screen=(1331.1,496.6) top=(1332.2,490.1) bottom=(1330.0,503.1) headPx=13.2 projected=1
2026.09.30-16.26.18 SHOT selection fighter=f-0-hero ownCell=(2,2) legal=11 destinations=10 ownCellExcluded=1 plateFighter=f-0-hero
2026.09.30-16.26.18 SHOT reachable fighter=f-0-hero n=10 cells=(1,0)(2,0)(3,0)(0,1)(3,1)(0,2)(0,3)(1,4)(2,4)(3,4)
2026.09.30-16.26.18 SHOT plate fighter=f-0-hero bbox=(837,474,1009,528) overlapReachable=0 placement=right gap=6 anchor=(717,438,831,583) planned=(837,474,1009,528) geom=painted stableFrames=60
2026.09.30-16.26.18 SHOT figure fighter=f-0-hero bbox=(717,438,831,583) ringR=28.50 art=1 blockout=0 team=P1 look=P1 ring=1
2026.09.30-16.26.18 SHOT figure fighter=f-0-sk0 bbox=(723,616,815,730) ringR=22.23 art=1 blockout=0 team=P1 look=P1 ring=1
2026.09.30-16.26.18 SHOT figure fighter=f-0-sk1 bbox=(739,319,824,427) ringR=22.23 art=1 blockout=0 team=P1 look=P1 ring=1
2026.09.30-16.26.18 SHOT figure fighter=f-0-sk2 bbox=(544,462,639,573) ringR=22.23 art=1 blockout=0 team=P1 look=P1 ring=1
2026.09.30-16.26.18 SHOT figure fighter=f-1-hero bbox=(1089,433,1204,583) ringR=28.50 art=1 blockout=0 team=P2 look=P2 ring=1
2026.09.30-16.26.18 SHOT figure fighter=f-1-sk0 bbox=(1281,454,1378,573) ringR=22.23 art=1 blockout=0 team=P2 look=P2 ring=1
2026.09.30-16.26.18 SHOT request file=phase2-board-host-1920x1080.png frame=1079
2026.09.30-16.26.18 SHOT requested: FScreenshotRequest(bShowUI) -> C:\Users\ren\AppData\Local\Temp\s08-phase2-20260930-212540-53736\phase2-board-host-1920x1080.png
2026.09.30-16.26.18 SHOT captured file=phase2-board-host-1920x1080.png frame=1079 px=1920x1080 sha256=c54d80008d8e4ae7659de8b8b9419e35a1edf8ad450e3b6b05c4929194060463 order=BGRA saved=1
2026.09.30-16.26.18 SHOT late begin file=phase2-board-host-1920x1080.png frame=1079 requestFrame=1079
2026.09.30-16.26.18 SHOT iconstate visible=0 lastFighter=none frame=1079
2026.09.30-16.26.18 SHOT widget id=plate impl=umg state=own fighter=f-0-hero bbox=(837,474,1009,528) geom=painted visible=1 twin=0 source=/Game/S08/UI/ArtHud/WBP_S08ArtPlate frame=1079
2026.09.30-16.26.18 SHOT widget id=plate.marker impl=umg state=own fighter=f-0-hero bbox=(837,474,1009,477) geom=painted visible=1 twin=0 source=/Game/S08/UI/ArtHud/WBP_S08ArtPlate frame=1079
2026.09.30-16.26.18 SHOT widget id=plate.name impl=umg state=own fighter=f-0-hero bbox=(843,479,943,498) geom=painted visible=1 twin=0 source=/Game/S08/UI/ArtHud/WBP_S08ArtPlate frame=1079
2026.09.30-16.26.18 SHOT widget id=plate.team impl=umg state=own fighter=f-0-hero bbox=(943,482,1003,495) geom=painted visible=1 twin=0 source=/Game/S08/UI/ArtHud/WBP_S08ArtPlate frame=1079
2026.09.30-16.26.18 SHOT widget id=plate.hpbar impl=umg state=own fighter=f-0-hero bbox=(843,504,939,511) geom=painted visible=1 twin=0 source=/Game/S08/UI/ArtHud/WBP_S08ArtPlate frame=1079
2026.09.30-16.26.18 SHOT widget id=plate.hpfill impl=umg state=own fighter=f-0-hero bbox=(843,504,939,511) geom=painted visible=1 twin=0 source=/Game/S08/UI/ArtHud/WBP_S08ArtPlate frame=1079
2026.09.30-16.26.18 SHOT widget id=plate.hp impl=umg state=own fighter=f-0-hero bbox=(945,500,998,515) geom=painted visible=1 twin=0 source=/Game/S08/UI/ArtHud/WBP_S08ArtPlate frame=1079
2026.09.30-16.26.18 SHOT widget id=plate.status impl=umg state=own fighter=f-0-hero bbox=(843,517,1003,530) geom=painted visible=1 twin=0 source=/Game/S08/UI/ArtHud/WBP_S08ArtPlate frame=1079
2026.09.30-16.26.18 SHOT widget id=plate.teamshape impl=umg state=own fighter=f-0-hero bbox=(947,483,959,495) geom=painted visible=1 twin=0 source=/Game/S08/UI/ArtHud/WBP_S08ArtPlate frame=1079
2026.09.30-16.26.18 SHOT widget id=board.tag impl=umg state=hidden fighter=f-0-hero bbox=(0,0,0,0) geom=unpainted visible=0 twin=0 source=/Game/S08/UI/ArtHud/WBP_S08ArtTag mode=hidden look=P1 shape=circle placement=right ring=0 order=2 bound=1 softPx2=0 planned=(833,438,935,460) frame=1079
2026.09.30-16.26.18 SHOT widget id=board.tag.hp impl=umg state=hidden fighter=f-0-hero bbox=(0,0,0,0) geom=unpainted visible=0 twin=0 source=/Game/S08/UI/ArtHud/WBP_S08ArtTag mode=hidden look=P1 shape=circle placement=right ring=0 order=2 bound=1 softPx2=0 planned=(833,438,935,460) frame=1079 font=11
2026.09.30-16.26.18 SHOT widget id=board.tag.bar impl=umg state=hidden fighter=f-0-hero bbox=(0,0,0,0) geom=unpainted visible=0 twin=0 source=/Game/S08/UI/ArtHud/WBP_S08ArtTag mode=hidden look=P1 shape=circle placement=right ring=0 order=2 bound=1 softPx2=0 planned=(833,438,935,460) frame=1079
2026.09.30-16.26.18 SHOT widget id=board.tag.chip impl=umg state=hidden fighter=f-0-hero bbox=(0,0,0,0) geom=unpainted visible=0 twin=0 source=/Game/S08/UI/ArtHud/WBP_S08ArtTag mode=hidden look=P1 shape=circle placement=right ring=0 order=2 bound=1 softPx2=0 planned=(833,438,935,460) frame=1079
2026.09.30-16.26.18 SHOT widget id=board.tag impl=umg state=compact fighter=f-0-sk0 bbox=(727,592,811,614) geom=painted visible=1 twin=0 source=/Game/S08/UI/ArtHud/WBP_S08ArtTag mode=compact look=P1 shape=circle placement=above ring=0 order=4 bound=1 softPx2=0 planned=(727,592,811,614) frame=1079
2026.09.30-16.26.18 SHOT widget id=board.tag.hp impl=umg state=compact fighter=f-0-sk0 bbox=(783,594,807,612) geom=painted visible=1 twin=0 source=/Game/S08/UI/ArtHud/WBP_S08ArtTag mode=compact look=P1 shape=circle placement=above ring=0 order=4 bound=1 softPx2=0 planned=(727,592,811,614) frame=1079 font=11
2026.09.30-16.26.18 SHOT widget id=board.tag.bar impl=umg state=compact fighter=f-0-sk0 bbox=(746,601,780,606) geom=painted visible=1 twin=0 source=/Game/S08/UI/ArtHud/WBP_S08ArtTag mode=compact look=P1 shape=circle placement=above ring=0 order=4 bound=1 softPx2=0 planned=(727,592,811,614) frame=1079
2026.09.30-16.26.18 SHOT widget id=board.tag.chip impl=umg state=compact fighter=f-0-sk0 bbox=(731,597,743,609) geom=painted visible=1 twin=0 source=/Game/S08/UI/ArtHud/WBP_S08ArtTag mode=compact look=P1 shape=circle placement=above ring=0 order=4 bound=1 softPx2=0 planned=(727,592,811,614) frame=1079
2026.09.30-16.26.18 SHOT widget id=board.tag impl=umg state=compact fighter=f-0-sk1 bbox=(739,295,823,317) geom=painted visible=1 twin=0 source=/Game/S08/UI/ArtHud/WBP_S08ArtTag mode=compact look=P1 shape=circle placement=above ring=0 order=0 bound=1 softPx2=0 planned=(739,295,823,317) frame=1079
2026.09.30-16.26.18 SHOT widget id=board.tag.hp impl=umg state=compact fighter=f-0-sk1 bbox=(795,297,819,315) geom=painted visible=1 twin=0 source=/Game/S08/UI/ArtHud/WBP_S08ArtTag mode=compact look=P1 shape=circle placement=above ring=0 order=0 bound=1 softPx2=0 planned=(739,295,823,317) frame=1079 font=11
2026.09.30-16.26.18 SHOT widget id=board.tag.bar impl=umg state=compact fighter=f-0-sk1 bbox=(758,304,792,309) geom=painted visible=1 twin=0 source=/Game/S08/UI/ArtHud/WBP_S08ArtTag mode=compact look=P1 shape=circle placement=above ring=0 order=0 bound=1 softPx2=0 planned=(739,295,823,317) frame=1079
2026.09.30-16.26.18 SHOT widget id=board.tag.chip impl=umg state=compact fighter=f-0-sk1 bbox=(743,300,755,312) geom=painted visible=1 twin=0 source=/Game/S08/UI/ArtHud/WBP_S08ArtTag mode=compact look=P1 shape=circle placement=above ring=0 order=0 bound=1 softPx2=0 planned=(739,295,823,317) frame=1079
2026.09.30-16.26.18 SHOT widget id=board.tag impl=umg state=compact fighter=f-0-sk2 bbox=(549,438,633,460) geom=painted visible=1 twin=0 source=/Game/S08/UI/ArtHud/WBP_S08ArtTag mode=compact look=P1 shape=circle placement=above ring=0 order=3 bound=1 softPx2=0 planned=(549,438,633,460) frame=1079
2026.09.30-16.26.18 SHOT widget id=board.tag.hp impl=umg state=compact fighter=f-0-sk2 bbox=(605,440,629,458) geom=painted visible=1 twin=0 source=/Game/S08/UI/ArtHud/WBP_S08ArtTag mode=compact look=P1 shape=circle placement=above ring=0 order=3 bound=1 softPx2=0 planned=(549,438,633,460) frame=1079 font=11
2026.09.30-16.26.18 SHOT widget id=board.tag.bar impl=umg state=compact fighter=f-0-sk2 bbox=(568,447,602,452) geom=painted visible=1 twin=0 source=/Game/S08/UI/ArtHud/WBP_S08ArtTag mode=compact look=P1 shape=circle placement=above ring=0 order=3 bound=1 softPx2=0 planned=(549,438,633,460) frame=1079
2026.09.30-16.26.18 SHOT widget id=board.tag.chip impl=umg state=compact fighter=f-0-sk2 bbox=(553,443,565,455) geom=painted visible=1 twin=0 source=/Game/S08/UI/ArtHud/WBP_S08ArtTag mode=compact look=P1 shape=circle placement=above ring=0 order=3 bound=1 softPx2=0 planned=(549,438,633,460) frame=1079
2026.09.30-16.26.18 SHOT widget id=board.tag impl=umg state=compact fighter=f-1-hero bbox=(1095,409,1197,431) geom=painted visible=1 twin=0 source=/Game/S08/UI/ArtHud/WBP_S08ArtTag mode=compact look=P2 shape=hex placement=above ring=0 order=1 bound=1 softPx2=0 planned=(1095,409,1197,431) frame=1079
2026.09.30-16.26.18 SHOT widget id=board.tag.hp impl=umg state=compact fighter=f-1-hero bbox=(1151,411,1193,429) geom=painted visible=1 twin=0 source=/Game/S08/UI/ArtHud/WBP_S08ArtTag mode=compact look=P2 shape=hex placement=above ring=0 order=1 bound=1 softPx2=0 planned=(1095,409,1197,431) frame=1079 font=11
2026.09.30-16.26.18 SHOT widget id=board.tag.bar impl=umg state=compact fighter=f-1-hero bbox=(1114,418,1148,423) geom=painted visible=1 twin=0 source=/Game/S08/UI/ArtHud/WBP_S08ArtTag mode=compact look=P2 shape=hex placement=above ring=0 order=1 bound=1 softPx2=0 planned=(1095,409,1197,431) frame=1079
2026.09.30-16.26.18 SHOT widget id=board.tag.chip impl=umg state=compact fighter=f-1-hero bbox=(1099,414,1111,426) geom=painted visible=1 twin=0 source=/Game/S08/UI/ArtHud/WBP_S08ArtTag mode=compact look=P2 shape=hex placement=above ring=0 order=1 bound=1 softPx2=0 planned=(1095,409,1197,431) frame=1079
2026.09.30-16.26.18 SHOT widget id=board.tag impl=umg state=compact fighter=f-1-sk0 bbox=(1288,430,1372,452) geom=painted visible=1 twin=0 source=/Game/S08/UI/ArtHud/WBP_S08ArtTag mode=compact look=P2 shape=hex placement=above ring=0 order=2 bound=1 softPx2=0 planned=(1288,430,1372,452) frame=1079
2026.09.30-16.26.18 SHOT widget id=board.tag.hp impl=umg state=compact fighter=f-1-sk0 bbox=(1344,432,1368,450) geom=painted visible=1 twin=0 source=/Game/S08/UI/ArtHud/WBP_S08ArtTag mode=compact look=P2 shape=hex placement=above ring=0 order=2 bound=1 softPx2=0 planned=(1288,430,1372,452) frame=1079 font=11
2026.09.30-16.26.18 SHOT widget id=board.tag.bar impl=umg state=compact fighter=f-1-sk0 bbox=(1307,439,1341,444) geom=painted visible=1 twin=0 source=/Game/S08/UI/ArtHud/WBP_S08ArtTag mode=compact look=P2 shape=hex placement=above ring=0 order=2 bound=1 softPx2=0 planned=(1288,430,1372,452) frame=1079
2026.09.30-16.26.18 SHOT widget id=board.tag.chip impl=umg state=compact fighter=f-1-sk0 bbox=(1292,435,1304,447) geom=painted visible=1 twin=0 source=/Game/S08/UI/ArtHud/WBP_S08ArtTag mode=compact look=P2 shape=hex placement=above ring=0 order=2 bound=1 softPx2=0 planned=(1288,430,1372,452) frame=1079
2026.09.30-16.26.18 SHOT panel id=hud.command bbox=(0,0,601,138) geom=painted visible=1 frame=1079
2026.09.30-16.26.18 SHOT panel id=hud.side bbox=(1432,0,1920,121) geom=painted visible=1 frame=1079
2026.09.30-16.26.18 SHOT panel id=hud.hand bbox=(423,985,1498,1080) geom=painted visible=1 frame=1079
2026.09.30-16.26.18 SHOT late end file=phase2-board-host-1920x1080.png frame=1079
2026.09.30-16.26.18 game -> room=cmuobh65k01d7wircascoovil code=<redacted> status=IN_PROGRESS
2026.09.30-16.26.21 game -> room=cmuobh65k01d7wircascoovil code=<redacted> status=IN_PROGRESS
2026.09.30-16.26.22 PERF window t=35.1-40.1 frames=145 fps=28.91 frameMs avg=34.59 p50=33.33 p95=33.33 p99=33.41 max=215.36 hitches50=1 gpuMs avg=1.98 p50=1.95 p95=2.22 gameMs avg=2.97 p95=2.05 renderMs avg=3.23 p95=3.78
2026.09.30-16.26.24 game -> room=cmuobh65k01d7wircascoovil code=<redacted> status=IN_PROGRESS
2026.09.30-16.26.27 game -> room=cmuobh65k01d7wircascoovil code=<redacted> status=IN_PROGRESS
2026.09.30-16.26.27 PERF window t=40.1-45.1 frames=150 fps=29.94 frameMs avg=33.39 p50=33.33 p95=33.33 p99=33.36 max=42.48 hitches50=0 gpuMs avg=2.08 p50=2.03 p95=2.28 gameMs avg=1.65 p95=1.99 renderMs avg=3.13 p95=3.88
2026.09.30-16.26.30 game -> room=cmuobh65k01d7wircascoovil code=<redacted> status=IN_PROGRESS
2026.09.30-16.26.32 PERF summary scope=afterWarmup warmup=5 elapsed=50.0 frames=1344 fps=29.85 frameMs avg=33.51 p50=33.33 p95=33.33 p99=33.35 max=215.36 hitches50=2 gpuMs avg=1.80 p50=1.94 p95=2.22 gameMs avg=1.70 p95=1.91 renderMs avg=3.07 p95=3.94
2026.09.30-16.26.32 PERF summary scope=started elapsed=50.0 frames=950 fps=29.78 frameMs avg=33.58 p50=33.33 p95=33.33 p99=33.35 max=215.36 hitches50=2 gpuMs avg=2.02 p50=1.97 p95=2.24 gameMs avg=1.85 p95=1.91 renderMs avg=3.28 p95=3.93
2026.09.30-16.26.32 PERF summary scope=artHud impl=umg elapsed=50.0 frames=474 fps=29.64 frameMs avg=33.74 p50=33.33 p95=33.33 p99=33.36 max=215.36 hitches50=1 gpuMs avg=2.01 p50=1.96 p95=2.27 gameMs avg=2.00 p95=1.99 renderMs avg=3.15 p95=3.90
2026.09.30-16.26.32 --- S08 trace close ---
