2026.09.30-16.25.47 --- S08 trace open 2026.09.30-16.25.47 ---
2026.09.30-16.25.47 HUD team chips ready=1 mode=absolute tagNames=rule
2026.09.30-16.25.47 HUD icon texture size=32 ready=1 path=/Game/ArtTests/ARTMarkers/Textures/T_UI_Action_AttackToken_32 texture=32x32 probe=0 plate=1
2026.09.30-16.25.47 HUD art widget tag impl=umg source=/Game/S08/UI/ArtHud/WBP_S08ArtTag class=/Game/S08/UI/ArtHud/WBP_S08ArtTag.WBP_S08ArtTag_C count=8 missing=- codeDefaultTree=0
2026.09.30-16.25.47 HUD art widget plate impl=umg source=/Game/S08/UI/ArtHud/WBP_S08ArtPlate class=/Game/S08/UI/ArtHud/WBP_S08ArtPlate.WBP_S08ArtPlate_C parts=1 missing=- codeDefaultTree=0
2026.09.30-16.25.47 HUD art widget icon impl=umg source=/Game/S08/UI/ArtHud/WBP_S08ArtIcon class=/Game/S08/UI/ArtHud/WBP_S08ArtIcon.WBP_S08ArtIcon_C parts=1 missing=- codeDefaultTree=0
2026.09.30-16.25.47 HUD art widget damage impl=umg source=/Game/S08/UI/ArtHud/WBP_S08ArtDamage class=/Game/S08/UI/ArtHud/WBP_S08ArtDamage.WBP_S08ArtDamage_C parts=1 missing=- codeDefaultTree=0
2026.09.30-16.25.47 RENDER preset applied=High flag=S08RenderPreset
2026.09.30-16.25.48 LOGIN ok user=art-preview-joiner
2026.09.30-16.25.50 HEROES loaded 84
2026.09.30-16.25.50 CODE resolved -> cmuobh65k01d7wircascoovil
2026.09.30-16.25.51 joinGame -> room=cmuobh65k01d7wircascoovil code=<redacted> status=LOBBY
2026.09.30-16.25.52 PERF config tMaxFPS=30.0 frameRateLimit=60.0 vsync=0 smoothFrameRate=0 fixedFrameRate=0 rhi=D3D12
2026.09.30-16.25.52 RENDER tag=PERF rhi=D3D12 featureLevel=SM6 shaderPlatform=PCD3D_SM6 lumenPlatform=1 gi=lumen giMethod=1 refl=lumen reflMethod=1 shadows=csm vsmEnable=0 sg.res=100 sg.view=2 sg.aa=2 sg.shadow=2 sg.gi=2 sg.refl=2 sg.pp=2 sg.tex=2 sg.fx=2 sg.foliage=2 sg.shading=2 sg.landscape=2 preset=High screenPct=100.0 screenPctMode=0 aa=TSR aaMethod=4 exposure=engine-default expMin=1.00000 expMax=1.00000 expBias=1.000 ev100=0.00 lightUnits=- sky=0 skyIntensity=0.000 keyShadow=- shadowCasters=0 profile=- profilesSha256=- profilesSource=- legacyRender=0 gameLayer=unlit-eyeadaptinv tMaxFPS=30.0 vsync=0 frameRateLimit=60.0 substrate=0 nanite=1 meshDF=1 viewport=1920x1080 reference=0 notReference=noArtProfile,exposure,lightUnits,profilesSource
2026.09.30-16.25.52 PERF window t=0.0-5.0 frames=151 fps=29.97 frameMs avg=33.37 p50=33.33 p95=33.33 p99=34.56 max=37.76 hitches50=0 gpuMs avg=1.22 p50=1.28 p95=1.41 gameMs avg=1.59 p95=2.11 renderMs avg=2848.95 p95=4.17
2026.09.30-16.25.53 game -> room=cmuobh65k01d7wircascoovil code=<redacted> status=LOBBY
2026.09.30-16.25.53 selectHero -> room=cmuobh65k01d7wircascoovil code=<redacted> status=LOBBY
2026.09.30-16.25.56 game -> room=cmuobh65k01d7wircascoovil code=<redacted> status=LOBBY
2026.09.30-16.25.56 toggleReady -> room=cmuobh65k01d7wircascoovil code=<redacted> status=LOBBY
2026.09.30-16.25.57 PERF window t=5.0-10.0 frames=150 fps=30.00 frameMs avg=33.33 p50=33.33 p95=33.33 p99=33.33 max=33.33 hitches50=0 gpuMs avg=1.27 p50=1.28 p95=1.35 gameMs avg=1.30 p95=1.40 renderMs avg=2.40 p95=2.78
2026.09.30-16.25.59 game -> room=cmuobh65k01d7wircascoovil code=<redacted> status=LOBBY
2026.09.30-16.26.02 PERF window t=10.0-15.0 frames=150 fps=30.00 frameMs avg=33.33 p50=33.33 p95=33.33 p99=33.33 max=33.34 hitches50=0 gpuMs avg=1.26 p50=1.27 p95=1.32 gameMs avg=1.29 p95=1.44 renderMs avg=2.37 p95=2.67
2026.09.30-16.26.02 game -> room=cmuobh65k01d7wircascoovil code=<redacted> status=IN_PROGRESS
2026.09.30-16.26.02 WS DROPPED (test-initiated transport loss)
2026.09.30-16.26.02 WS closed (test drop) - reconnect in 1s
2026.09.30-16.26.02 SNAPSHOT applied seq=1 phase=ACTION_MANEUVER
2026.09.30-16.26.02 HANDLE_APPLIED #1 seq=1 decision=2 fightersValid=1 boardValid=1
2026.09.30-16.26.02 MODE seq=1 mode=0 combat=0 pending=0
2026.09.30-16.26.02 HUD seq=1 phase=ACTION_MANEUVER turn=opp hand=5 oppHand=5(hidden) oppDeck=25 deck=25 discard=0
2026.09.30-16.26.02 ARTPREVIEW diorama requested mesh=/Game/PipelineCandidates/TableBase/20260928-table-base-tripo-h31/Meshes/SM_TableBase.SM_TableBase mi=MI_TableBase_Candidate
2026.09.30-16.26.02 ARTPREVIEW board profiles loaded=1 revision=5 boards=3 zoneStyles=11 lightProfiles=3 errors=0 path=Config/ArtBoards/S08ArtBoardProfiles.json
2026.09.30-16.26.02 ARTPREVIEW board profiles source=pak sha256=1ecc1e9281845655acf8b31f1dcf52a7510abfc8ba8505525ad72ee8f4ce3c4c
2026.09.30-16.26.02 ARTPREVIEW zone content instances=12/12 glyphMeshes=11/11
2026.09.30-16.26.03 ARTPREVIEW zone keyline content mi=MI_ART005_Zone_Keyline glyphKeyMeshes=11/11 color=#111317
2026.09.30-16.26.03 ARTPREVIEW game layer material=M_S08_GameLayerUnlit unlitEyeAdaptInv=1 legacyRender=0
2026.09.30-16.26.03 ARTPREVIEW Cobble assets ready
2026.09.30-16.26.03 ARTPREVIEW board assets ready cobbleMesh=1 tiles=1 zoneMaterials=2
2026.09.30-16.26.03 ARTPREVIEW medusa candidate variant=face-neck-v2 mesh=SK_Medusa_FaceNeck_v2Candidate requested=face-neck-v2
2026.09.30-16.26.03 ARTPREVIEW board profile=t-rex-paddock-art-fixture match=boardId board=7x5 boardId=c70e9f624617750c2a2b856fd surface=tiles light=paddock-probe artFixture=1
2026.09.30-16.26.03 ARTPREVIEW light profile=paddock-probe name=key role=key kind=directional at=(-350,-150,600) intensity=3.5 units=lux radius=0 color=(0.62,0.69,0.88) shadow=1
2026.09.30-16.26.03 ARTPREVIEW light profile=paddock-probe name=warm-practical role=warm kind=point at=(105,-225,250) intensity=130 units=candelas radius=430 color=(1.00,0.59,0.30) shadow=0
2026.09.30-16.26.03 ARTPREVIEW light profile=paddock-probe name=cyan-rim role=cool kind=point at=(-315,-225,250) intensity=85 units=candelas radius=420 color=(0.55,0.80,1.00) shadow=0
2026.09.30-16.26.03 ARTPREVIEW light profile=paddock-probe name=indigo-pool role=cool kind=point at=(245,200,240) intensity=70 units=candelas radius=360 color=(0.45,0.50,0.95) shadow=0
2026.09.30-16.26.03 ARTPREVIEW sky profile=paddock-probe cubemap=/Game/S08/Render/TC_S08_AmbientDome loaded=1 spawned=1 intensity=14.1 color=(0.84,0.88,0.96) lowerBlack=0
2026.09.30-16.26.03 ARTPREVIEW exposure profile=paddock-probe method=histogram-fixed min=4.14106 max=4.14106 bias=0.000 ev100=2.05 volume=1
2026.09.30-16.26.03 ARTPREVIEW lights applied profile=paddock-probe directional=1 shadow=1 points=3 pointShadows=0 budgetOk=1
2026.09.30-16.26.03 ARTPREVIEW render profile=paddock-probe units=candelas sky=1 exposure=1 keyShadow=csm-3000uu-2c-contact0.000 shadowCasters=1 legacyRender=0
2026.09.30-16.26.03 ARTPREVIEW board zone keylines pieces=111 glyphKeys=39 glyphKeyCubePieces=0 mi=MI_ART005_Zone_Keyline growUU=1.5 edgeUU=42.0 maxOuterUU=45.0
2026.09.30-16.26.03 ARTPREVIEW board glyph meshes instances=39 keys=6/6 cubePieces=0 anchors=39
2026.09.30-16.26.03 ARTPREVIEW board active profile=t-rex-paddock-art-fixture 7x5 surface=tiles cells=35 zoneCells=26 multizone=13 triple=0 obstacles=9 zoneKeys=6 strokes=111 glyphs=80 surfaceParts=30 glyphMaterial=zone expectOk=1
2026.09.30-16.26.03 ARTPREVIEW board zone key=blue cells=6 stroke=solid glyph=diamond color=#3B78D8 ismUsage=1 strokePieces=6 glyphPieces=6 mi=MI_ART005_Zone_Blue glyphMesh=SM_ART005_ZoneGlyph_Diamond glyphInstances=6 fallback=0
2026.09.30-16.26.03 ARTPREVIEW board zone key=blue-green cells=7 stroke=double glyph=bars3 color=#34C3B6 ismUsage=1 strokePieces=14 glyphPieces=21 mi=MI_ART005_Zone_BlueGreen glyphMesh=SM_ART005_ZoneGlyph_Bars3 glyphInstances=7 fallback=0
2026.09.30-16.26.03 ARTPREVIEW board zone key=gray cells=7 stroke=dots5 glyph=square color=#6B727A ismUsage=1 strokePieces=35 glyphPieces=7 mi=MI_ART005_Zone_Gray glyphMesh=SM_ART005_ZoneGlyph_Square glyphInstances=7 fallback=0
2026.09.30-16.26.03 ARTPREVIEW board zone key=green cells=8 stroke=dash2 glyph=cross color=#46B45A ismUsage=1 strokePieces=16 glyphPieces=16 mi=MI_ART005_Zone_Green glyphMesh=SM_ART005_ZoneGlyph_Cross glyphInstances=8 fallback=0
2026.09.30-16.26.03 ARTPREVIEW board zone key=purple cells=4 stroke=dashdot glyph=ring color=#A070DC ismUsage=1 strokePieces=12 glyphPieces=16 mi=MI_ART005_Zone_Purple glyphMesh=SM_ART005_ZoneGlyph_Ring glyphInstances=4 fallback=0
2026.09.30-16.26.03 ARTPREVIEW board zone key=yellow cells=7 stroke=dash4 glyph=chevron color=#F4D24A ismUsage=1 strokePieces=28 glyphPieces=14 mi=MI_ART005_Zone_Yellow glyphMesh=SM_ART005_ZoneGlyph_Chevron glyphInstances=7 fallback=0
2026.09.30-16.26.03 ARTPREVIEW board multizone cells=13 zonesListed=26 zonesMarked=26
2026.09.30-16.26.03 ARTPREVIEW board multizone cell=(0,0) blue+green strokeSides=0+1 glyphSlots=0+1 marked=2/2
2026.09.30-16.26.03 ARTPREVIEW board multizone cell=(3,0) green+yellow strokeSides=0+1 glyphSlots=0+1 marked=2/2
2026.09.30-16.26.03 ARTPREVIEW board multizone cell=(2,1) green+yellow strokeSides=0+1 glyphSlots=0+1 marked=2/2
2026.09.30-16.26.03 ARTPREVIEW board multizone cell=(3,1) green+yellow strokeSides=0+1 glyphSlots=0+1 marked=2/2
2026.09.30-16.26.03 ARTPREVIEW board multizone cell=(5,1) gray+blue-green strokeSides=0+1 glyphSlots=0+1 marked=2/2
2026.09.30-16.26.03 ARTPREVIEW board multizone cell=(1,2) blue+yellow strokeSides=0+1 glyphSlots=0+1 marked=2/2
2026.09.30-16.26.03 ARTPREVIEW board multizone cell=(2,2) green+yellow strokeSides=0+1 glyphSlots=0+1 marked=2/2
2026.09.30-16.26.03 ARTPREVIEW board multizone cell=(4,2) gray+green strokeSides=0+1 glyphSlots=0+1 marked=2/2
2026.09.30-16.26.03 ARTPREVIEW board multizone cell=(5,2) gray+blue-green strokeSides=0+1 glyphSlots=0+1 marked=2/2
2026.09.30-16.26.03 ARTPREVIEW board multizone cell=(0,4) blue+purple strokeSides=0+1 glyphSlots=0+1 marked=2/2
2026.09.30-16.26.03 ARTPREVIEW board multizone cell=(2,4) purple+yellow strokeSides=0+1 glyphSlots=0+1 marked=2/2
2026.09.30-16.26.03 ARTPREVIEW board multizone cell=(3,4) gray+purple strokeSides=0+1 glyphSlots=0+1 marked=2/2
2026.09.30-16.26.03 ARTPREVIEW board multizone cell=(5,4) gray+blue-green strokeSides=0+1 glyphSlots=0+1 marked=2/2
2026.09.30-16.26.03 ARTPREVIEW diorama tray=/Game/PipelineCandidates/TableBase/20260928-table-base-tripo-h31/Meshes/SM_TableBase.SM_TableBase mi=MI_TableBase_Candidate surface=tiles yaw=0.0 scale=1.122x0.988x1.000 bounds=(-424.0,-324.0,-153.0)..(424.0,324.0,-3.0) size=848.0x648.0x150.0 topZ=-3.0 boardHalf=374.0x274.0 rimUU=50.0 collision=none
2026.09.30-16.26.03 CAMERA dist=1672 loc=(0,959,1370) pitch=-55 yaw=-90
2026.09.30-16.26.03 CAMERA config overview=1672.1 nearest=300.0 farthest=2572.5 zoomRange=0.65-5.57 minDist=300.0 outRatio=0.650 step=1.250 animMs=200 returnMs=300 followFrom=1.20 source=defaults issues=0
2026.09.30-16.26.03 BOARD 7x5 cells | control points: (0,0)=(-300,-200,0) (6,4)=(300,200,0) | neighbor pair (dist 100 uu)
2026.09.30-16.26.03 ARTPREVIEW team mapping mode=absolute source=seatOrder viewerTeam=P2 p1=f-0-hero,f-0-sk0,f-0-sk1,f-0-sk2 p2=f-1-hero,f-1-sk0
2026.09.30-16.26.03 ARTPREVIEW heroesV2 fighter=f-0-hero mesh=/Game/PipelineCandidates/Medusa/H2LD/Meshes/SK_Medusa_H2LD mi=/Game/PipelineCandidates/Medusa/H2LD/Materials/MI_Medusa_H2LD_P1 yaw=270.0 scale=0.9998 name=Medusa hero=1 look=P1 base=/Game/PipelineCandidates/Medusa/H2LD/Meshes/SM_Medusa_H2LD_Base baseMi=/Game/PipelineCandidates/Medusa/H2LD/Materials/MI_Medusa_H2LD_Base_P1 skeleton=/Game/PipelineCandidates/Medusa/Rig/SK_Medusa_Skeleton.SK_Medusa_Skeleton clips=4/4 boundsTop=55.00 figureTop=55.00 budget=55.0
2026.09.30-16.26.03 ARTPREVIEW click capsule fighter=f-0-hero mesh=SK_Medusa_H2LD physicsAsset=0 radius=11.6 halfHeight=27.5 top=55.0 bodyCollision=0 source=meshBounds
2026.09.30-16.26.03 ARTPREVIEW fighter=Medusa hero=1 eligible=0 visual=1 mesh=SK_Medusa_H2LD
2026.09.30-16.26.03 ARTPREVIEW team ring fighter=f-0-hero team=P1 look=P1 mode=absolute shape=circle shown=1 mesh=SM_Marker_TeamRing_P1 fill=#E8C06A keyline=#111317 fillLinear=(0.8070,0.5271,0.1441) zMin=0.60 zMax=1.20 scale=1.00 base=hidden blockout=0 art=1 rim=#FFFFFF
2026.09.30-16.26.03 ARTPREVIEW anim fighter=f-0-hero clip=Idle len=2.333 event=spawn loop=1 phase=0.8071 seq=-1 asset=AM_Medusa_Idle
2026.09.30-16.26.03 ARTPREVIEW heroesV2 fighter=f-0-sk0 mesh=/Game/PipelineCandidates/Harpy/H3LD/Meshes/SK_Harpy_H3LD mi=/Game/PipelineCandidates/Harpy/H3LD/Materials/MI_Harpy_H3LD_P1 yaw=270.0 scale=1.0000 name=Harpies hero=0 look=P1 base=/Game/PipelineCandidates/Harpy/H3LD/Meshes/SM_Harpy_H3LD_Base baseMi=/Game/PipelineCandidates/Harpy/H3LD/Materials/MI_Harpy_H3LD_Base_P1 skeleton=/Game/PipelineCandidates/Harpy/Rig/SK_Harpy_Skeleton.SK_Harpy_Skeleton clips=4/4 boundsTop=42.00 figureTop=42.00 budget=42.0
2026.09.30-16.26.03 ARTPREVIEW click capsule fighter=f-0-sk0 mesh=SK_Harpy_H3LD physicsAsset=0 radius=20.0 halfHeight=21.0 top=42.0 bodyCollision=0 source=meshBounds
2026.09.30-16.26.03 ARTPREVIEW team ring fighter=f-0-sk0 team=P1 look=P1 mode=absolute shape=circle shown=1 mesh=SM_Marker_TeamRing_P1 fill=#E8C06A keyline=#111317 fillLinear=(0.8070,0.5271,0.1441) zMin=0.60 zMax=1.20 scale=0.78 base=hidden blockout=0 art=1 rim=#FFFFFF
2026.09.30-16.26.03 ARTPREVIEW anim fighter=f-0-sk0 clip=Idle len=2.000 event=spawn loop=1 phase=0.6635 seq=-1 asset=AM_Harpy_Idle
2026.09.30-16.26.03 ARTPREVIEW heroesV2 fighter=f-0-sk1 mesh=/Game/PipelineCandidates/Harpy/H3LD/Meshes/SK_Harpy_H3LD mi=/Game/PipelineCandidates/Harpy/H3LD/Materials/MI_Harpy_H3LD_P1 yaw=90.0 scale=1.0000 name=Harpies hero=0 look=P1 base=/Game/PipelineCandidates/Harpy/H3LD/Meshes/SM_Harpy_H3LD_Base baseMi=/Game/PipelineCandidates/Harpy/H3LD/Materials/MI_Harpy_H3LD_Base_P1 skeleton=/Game/PipelineCandidates/Harpy/Rig/SK_Harpy_Skeleton.SK_Harpy_Skeleton clips=4/4 boundsTop=42.00 figureTop=42.00 budget=42.0
2026.09.30-16.26.03 ARTPREVIEW click capsule fighter=f-0-sk1 mesh=SK_Harpy_H3LD physicsAsset=0 radius=20.0 halfHeight=21.0 top=42.0 bodyCollision=0 source=meshBounds
2026.09.30-16.26.03 ARTPREVIEW team ring fighter=f-0-sk1 team=P1 look=P1 mode=absolute shape=circle shown=1 mesh=SM_Marker_TeamRing_P1 fill=#E8C06A keyline=#111317 fillLinear=(0.8070,0.5271,0.1441) zMin=0.60 zMax=1.20 scale=0.78 base=hidden blockout=0 art=1 rim=#FFFFFF
2026.09.30-16.26.03 ARTPREVIEW anim fighter=f-0-sk1 clip=Idle len=2.000 event=spawn loop=1 phase=0.9016 seq=-1 asset=AM_Harpy_Idle
2026.09.30-16.26.03 ARTPREVIEW heroesV2 fighter=f-0-sk2 mesh=/Game/PipelineCandidates/Harpy/H3LD/Meshes/SK_Harpy_H3LD mi=/Game/PipelineCandidates/Harpy/H3LD/Materials/MI_Harpy_H3LD_P1 yaw=270.0 scale=1.0000 name=Harpies hero=0 look=P1 base=/Game/PipelineCandidates/Harpy/H3LD/Meshes/SM_Harpy_H3LD_Base baseMi=/Game/PipelineCandidates/Harpy/H3LD/Materials/MI_Harpy_H3LD_Base_P1 skeleton=/Game/PipelineCandidates/Harpy/Rig/SK_Harpy_Skeleton.SK_Harpy_Skeleton clips=4/4 boundsTop=42.00 figureTop=42.00 budget=42.0
2026.09.30-16.26.03 ARTPREVIEW click capsule fighter=f-0-sk2 mesh=SK_Harpy_H3LD physicsAsset=0 radius=20.0 halfHeight=21.0 top=42.0 bodyCollision=0 source=meshBounds
2026.09.30-16.26.03 ARTPREVIEW team ring fighter=f-0-sk2 team=P1 look=P1 mode=absolute shape=circle shown=1 mesh=SM_Marker_TeamRing_P1 fill=#E8C06A keyline=#111317 fillLinear=(0.8070,0.5271,0.1441) zMin=0.60 zMax=1.20 scale=0.78 base=hidden blockout=0 art=1 rim=#FFFFFF
2026.09.30-16.26.03 ARTPREVIEW anim fighter=f-0-sk2 clip=Idle len=2.000 event=spawn loop=1 phase=0.1873 seq=-1 asset=AM_Harpy_Idle
2026.09.30-16.26.03 ARTPREVIEW heroesV2 fighter=f-1-hero mesh=/Game/PipelineCandidates/KingArthur/H2LD/Meshes/SK_KingArthur_H2LD mi=/Game/PipelineCandidates/KingArthur/H2LD/Materials/MI_KingArthur_H2LD_P2 yaw=270.0 scale=1.0000 name=King Arthur hero=1 look=P2 base=/Game/PipelineCandidates/KingArthur/H2LD/Meshes/SM_KingArthur_H2LD_Base baseMi=/Game/PipelineCandidates/KingArthur/H2LD/Materials/MI_KingArthur_H2LD_Base_P2 skeleton=/Game/PipelineCandidates/KingArthur/Rig/SK_KingArthur_Skeleton.SK_KingArthur_Skeleton clips=4/4 boundsTop=60.06 figureTop=55.00 budget=55.0
2026.09.30-16.26.03 ARTPREVIEW click capsule fighter=f-1-hero mesh=SK_KingArthur_H2LD physicsAsset=0 radius=12.8 halfHeight=30.0 top=60.1 bodyCollision=0 source=meshBounds
2026.09.30-16.26.03 ARTPREVIEW team ring fighter=f-1-hero team=P2 look=P2 mode=absolute shape=hexagon shown=1 mesh=SM_Marker_TeamRing_P2 fill=#5A7F9F keyline=#111317 fillLinear=(0.1022,0.2122,0.3467) zMin=0.60 zMax=1.20 scale=1.00 base=hidden blockout=0 art=1 rim=#FFFFFF
2026.09.30-16.26.03 ARTPREVIEW anim fighter=f-1-hero clip=Idle len=2.500 event=spawn loop=1 phase=0.3470 seq=-1 asset=AM_KingArthur_Idle
2026.09.30-16.26.03 ARTPREVIEW heroesV2 fighter=f-1-sk0 mesh=/Game/PipelineCandidates/Merlin/H2LD/Meshes/SK_Merlin_H2LD mi=/Game/PipelineCandidates/Merlin/H2LD/Materials/MI_Merlin_H2LD_P2 yaw=270.0 scale=1.0003 name=Merlin hero=0 look=P2 base=/Game/PipelineCandidates/Merlin/H2LD/Meshes/SM_Merlin_H2LD_Base baseMi=/Game/PipelineCandidates/Merlin/H2LD/Materials/MI_Merlin_H2LD_Base_P2 skeleton=/Game/PipelineCandidates/Merlin/Rig/SK_Merlin_Skeleton.SK_Merlin_Skeleton clips=4/4 boundsTop=49.44 figureTop=45.00 budget=45.0
2026.09.30-16.26.03 ARTPREVIEW click capsule fighter=f-1-sk0 mesh=SK_Merlin_H2LD physicsAsset=0 radius=10.5 halfHeight=24.7 top=49.4 bodyCollision=0 source=meshBounds
2026.09.30-16.26.03 ARTPREVIEW team ring fighter=f-1-sk0 team=P2 look=P2 mode=absolute shape=hexagon shown=1 mesh=SM_Marker_TeamRing_P2 fill=#5A7F9F keyline=#111317 fillLinear=(0.1022,0.2122,0.3467) zMin=0.60 zMax=1.20 scale=0.78 base=hidden blockout=0 art=1 rim=#FFFFFF
2026.09.30-16.26.03 ARTPREVIEW anim fighter=f-1-sk0 clip=Idle len=3.000 event=spawn loop=1 phase=0.8028 seq=-1 asset=AM_Merlin_Idle
2026.09.30-16.26.03 ARTPREVIEW heroesV2 summary fighters=6 mapped=6 v2=6
2026.09.30-16.26.03 FIGHTERS synced n=6 alive=6 own=2 enemy=4
2026.09.30-16.26.03 STATE seq=1 -> apply
2026.09.30-16.26.03 WS closed 1000 (normal closure)
2026.09.30-16.26.03 HUD art layer plate=1 iconSize=32 iconTexture=1 iconProbe=0 plan=0
2026.09.30-16.26.03 HUD art impl=umg plateViews=umg:/Game/S08/UI/ArtHud/WBP_S08ArtPlate iconViews=umg:/Game/S08/UI/ArtHud/WBP_S08ArtIcon textTable=S08ArtHud entries=13 missingKeys=0
2026.09.30-16.26.03 TAG fighter=f-1-hero bbox=(1321,7,1423,29) mode=compact look=P2 placement=right ring=12 hardPx2=0 softPx2=0 order=0 bound=1
2026.09.30-16.26.03 TAG fighter=f-1-sk0 bbox=(918,542,1002,564) mode=compact look=P2 placement=below ring=0 hardPx2=0 softPx2=0 order=1 bound=0
2026.09.30-16.26.03 ARTPREVIEW screen labels=1 (world TextRender labels and damage text hidden)
2026.09.30-16.26.03 TAG fighter=f-0-hero bbox=(833,438,935,460) mode=compact look=P1 placement=right ring=0 hardPx2=0 softPx2=0 order=2 bound=1
2026.09.30-16.26.03 TAG fighter=f-0-sk0 bbox=(727,592,811,614) mode=compact look=P1 placement=above ring=0 hardPx2=0 softPx2=0 order=5 bound=1
2026.09.30-16.26.03 TAG fighter=f-0-sk1 bbox=(739,295,823,317) mode=compact look=P1 placement=above ring=0 hardPx2=0 softPx2=0 order=0 bound=1
2026.09.30-16.26.03 TAG fighter=f-0-sk2 bbox=(549,438,633,460) mode=compact look=P1 placement=above ring=0 hardPx2=0 softPx2=0 order=4 bound=1
2026.09.30-16.26.03 TAG fighter=f-1-hero bbox=(1095,409,1197,431) mode=compact look=P2 placement=above ring=0 hardPx2=0 softPx2=0 order=1 bound=1
2026.09.30-16.26.03 TAG fighter=f-1-sk0 bbox=(1288,430,1372,452) mode=compact look=P2 placement=above ring=0 hardPx2=0 softPx2=0 order=3 bound=1
2026.09.30-16.26.03 WS reconnect attempt
2026.09.30-16.26.04 SUBSCRIBED gameStateUpdated since=1
2026.09.30-16.26.04 WS reconnected - refetching gameState
2026.09.30-16.26.04 SNAPSHOT applied seq=1 phase=ACTION_MANEUVER
2026.09.30-16.26.04 HANDLE_APPLIED #2 seq=1 decision=1 fightersValid=1 boardValid=1
2026.09.30-16.26.04 MODE seq=1 mode=0 combat=0 pending=0
2026.09.30-16.26.04 HUD seq=1 phase=ACTION_MANEUVER turn=opp hand=5 oppHand=5(hidden) oppDeck=25 deck=25 discard=0
2026.09.30-16.26.04 ARTPREVIEW fighter=Medusa hero=1 eligible=0 visual=1 mesh=SK_Medusa_H2LD
2026.09.30-16.26.04 FIGHTERS synced n=6 alive=6 own=2 enemy=4
2026.09.30-16.26.04 STATE seq=1 -> merge
2026.09.30-16.26.04 SNAPSHOT applied seq=1 phase=ACTION_MANEUVER
2026.09.30-16.26.04 HANDLE_APPLIED #3 seq=1 decision=1 fightersValid=1 boardValid=1
2026.09.30-16.26.04 MODE seq=1 mode=0 combat=0 pending=0
2026.09.30-16.26.04 HUD seq=1 phase=ACTION_MANEUVER turn=opp hand=5 oppHand=5(hidden) oppDeck=25 deck=25 discard=0
2026.09.30-16.26.04 ARTPREVIEW fighter=Medusa hero=1 eligible=0 visual=1 mesh=SK_Medusa_H2LD
2026.09.30-16.26.04 FIGHTERS synced n=6 alive=6 own=2 enemy=4
2026.09.30-16.26.04 WS seq=1 phase=ACTION_MANEUVER (merge)
2026.09.30-16.26.04 TAG fighter=f-0-hero bbox=(833,438,935,460) mode=compact look=P1 placement=right ring=0 hardPx2=0 softPx2=0 order=2 bound=1
2026.09.30-16.26.04 TAG fighter=f-0-sk0 bbox=(727,592,811,614) mode=compact look=P1 placement=above ring=0 hardPx2=0 softPx2=0 order=5 bound=1
2026.09.30-16.26.04 TAG fighter=f-0-sk1 bbox=(739,295,823,317) mode=compact look=P1 placement=above ring=0 hardPx2=0 softPx2=0 order=0 bound=1
2026.09.30-16.26.04 TAG fighter=f-0-sk2 bbox=(549,438,633,460) mode=compact look=P1 placement=above ring=0 hardPx2=0 softPx2=0 order=4 bound=1
2026.09.30-16.26.04 TAG fighter=f-1-hero bbox=(1095,409,1197,431) mode=compact look=P2 placement=above ring=0 hardPx2=0 softPx2=0 order=1 bound=1
2026.09.30-16.26.04 TAG fighter=f-1-sk0 bbox=(1288,430,1372,452) mode=compact look=P2 placement=above ring=0 hardPx2=0 softPx2=0 order=3 bound=1
2026.09.30-16.26.05 game -> room=cmuobh65k01d7wircascoovil code=<redacted> status=IN_PROGRESS
2026.09.30-16.26.07 PERF window t=15.0-20.0 frames=149 fps=29.74 frameMs avg=33.63 p50=33.33 p95=33.33 p99=33.34 max=77.21 hitches50=1 gpuMs avg=2.04 p50=1.99 p95=2.24 gameMs avg=2.11 p95=2.06 renderMs avg=3.70 p95=4.10
2026.09.30-16.26.08 game -> room=cmuobh65k01d7wircascoovil code=<redacted> status=IN_PROGRESS
2026.09.30-16.26.11 game -> room=cmuobh65k01d7wircascoovil code=<redacted> status=IN_PROGRESS
2026.09.30-16.26.12 PERF window t=20.0-25.1 frames=151 fps=30.00 frameMs avg=33.33 p50=33.33 p95=33.33 p99=33.34 max=33.34 hitches50=0 gpuMs avg=2.02 p50=1.98 p95=2.18 gameMs avg=1.38 p95=1.74 renderMs avg=3.07 p95=3.62
2026.09.30-16.26.14 game -> room=cmuobh65k01d7wircascoovil code=<redacted> status=IN_PROGRESS
2026.09.30-16.26.17 game -> room=cmuobh65k01d7wircascoovil code=<redacted> status=IN_PROGRESS
2026.09.30-16.26.17 PERF window t=25.1-30.1 frames=150 fps=30.00 frameMs avg=33.33 p50=33.33 p95=33.33 p99=33.36 max=33.38 hitches50=0 gpuMs avg=2.02 p50=1.99 p95=2.18 gameMs avg=1.39 p95=1.69 renderMs avg=3.16 p95=3.94
2026.09.30-16.26.20 game -> room=cmuobh65k01d7wircascoovil code=<redacted> status=IN_PROGRESS
2026.09.30-16.26.23 PERF window t=30.1-35.1 frames=151 fps=30.00 frameMs avg=33.33 p50=33.33 p95=33.33 p99=33.34 max=33.34 hitches50=0 gpuMs avg=1.94 p50=1.93 p95=2.05 gameMs avg=1.45 p95=1.73 renderMs avg=3.11 p95=3.71
2026.09.30-16.26.23 SHOT ctx viewport=1920x1080 viewTarget=CameraActor_2147482316 cam=(0,959,1370) rot=(-55,-90,0)
2026.09.30-16.26.23 RENDER tag=SHOT rhi=D3D12 featureLevel=SM6 shaderPlatform=PCD3D_SM6 lumenPlatform=1 gi=lumen giMethod=1 refl=lumen reflMethod=1 shadows=csm vsmEnable=0 sg.res=100 sg.view=2 sg.aa=2 sg.shadow=2 sg.gi=2 sg.refl=2 sg.pp=2 sg.tex=2 sg.fx=2 sg.foliage=2 sg.shading=2 sg.landscape=2 preset=High screenPct=100.0 screenPctMode=0 aa=TSR aaMethod=4 exposure=fixed-histogram expMin=4.14106 expMax=4.14106 expBias=0.000 ev100=2.05 lightUnits=candelas sky=1 skyIntensity=14.100 keyShadow=csm-3000uu-2c-contact0.000 shadowCasters=1 profile=paddock-probe profilesSha256=1ecc1e9281845655acf8b31f1dcf52a7510abfc8ba8505525ad72ee8f4ce3c4c profilesSource=pak legacyRender=0 gameLayer=unlit-eyeadaptinv tMaxFPS=30.0 vsync=0 frameRateLimit=60.0 substrate=0 nanite=1 meshDF=1 viewport=1920x1080 reference=1
2026.09.30-16.26.23 SHOT fighter f-0-hero pos=(2,2) world=(-100,0,0) screen=(778,540) projected=1 alive=1
2026.09.30-16.26.23 SHOT fighter f-0-sk0 pos=(2,3) world=(-100,100,0) screen=(771,694) projected=1 alive=1
2026.09.30-16.26.23 SHOT fighter f-0-sk1 pos=(2,1) world=(-100,-100,0) screen=(784,396) projected=1 alive=1
2026.09.30-16.26.23 SHOT fighter f-0-sk2 pos=(1,2) world=(-200,0,0) screen=(596,540) projected=1 alive=1
2026.09.30-16.26.23 SHOT fighter f-1-hero pos=(4,2) world=(100,0,0) screen=(1142,540) projected=1 alive=1
2026.09.30-16.26.23 SHOT fighter f-1-sk0 pos=(5,2) world=(200,0,0) screen=(1324,540) projected=1 alive=1
2026.09.30-16.26.23 SHOT camera dist=1672.1 target=1672.1 overview=1672.1 errPct=0.000 focusErr=0.00 settled=1 zoom=1.00
2026.09.30-16.26.23 SHOT head fighter=f-0-hero socket=Head mesh=SK_Medusa_H2LD world=(-99.3,-0.9,47.0) screen=(775.0,488.3) top=(774.5,481.7) bottom=(775.6,494.8) headPx=13.2 projected=1
2026.09.30-16.26.23 SHOT head fighter=f-0-sk0 socket=Head mesh=SK_Harpy_H3LD world=(-99.9,94.7,34.0) screen=(768.6,651.2) top=(768.0,644.9) bottom=(769.2,657.4) headPx=12.5 projected=1
2026.09.30-16.26.23 SHOT head fighter=f-0-sk1 socket=Head mesh=SK_Harpy_H3LD world=(-100.0,-94.8,34.2) screen=(780.7,365.6) top=(780.2,359.0) bottom=(781.2,372.3) headPx=13.4 projected=1
2026.09.30-16.26.23 SHOT head fighter=f-0-sk2 socket=Head mesh=SK_Harpy_H3LD world=(-199.4,-5.1,34.2) screen=(591.5,496.0) top=(590.4,489.5) bottom=(592.6,502.5) headPx=13.2 projected=1
2026.09.30-16.26.23 SHOT head fighter=f-1-hero socket=Head mesh=SK_KingArthur_H2LD world=(99.4,-0.7,50.1) screen=(1145.5,485.4) top=(1146.1,478.8) bottom=(1145.0,492.0) headPx=13.2 projected=1
2026.09.30-16.26.23 SHOT head fighter=f-1-sk0 socket=Head mesh=SK_Merlin_H2LD world=(200.4,-3.0,36.6) screen=(1331.1,496.7) top=(1332.2,490.1) bottom=(1330.0,503.2) headPx=13.2 projected=1
2026.09.30-16.26.23 SHOT figure fighter=f-0-hero bbox=(717,438,831,583) ringR=28.50 art=1 blockout=0 team=P1 look=P1 ring=1
2026.09.30-16.26.23 SHOT figure fighter=f-0-sk0 bbox=(723,616,815,730) ringR=22.23 art=1 blockout=0 team=P1 look=P1 ring=1
2026.09.30-16.26.23 SHOT figure fighter=f-0-sk1 bbox=(739,319,824,427) ringR=22.23 art=1 blockout=0 team=P1 look=P1 ring=1
2026.09.30-16.26.23 SHOT figure fighter=f-0-sk2 bbox=(544,462,639,573) ringR=22.23 art=1 blockout=0 team=P1 look=P1 ring=1
2026.09.30-16.26.23 SHOT figure fighter=f-1-hero bbox=(1089,433,1204,583) ringR=28.50 art=1 blockout=0 team=P2 look=P2 ring=1
2026.09.30-16.26.23 SHOT figure fighter=f-1-sk0 bbox=(1281,454,1378,573) ringR=22.23 art=1 blockout=0 team=P2 look=P2 ring=1
2026.09.30-16.26.23 SHOT request file=phase2-board-joiner-1920x1080.png frame=1079
2026.09.30-16.26.23 SHOT requested: FScreenshotRequest(bShowUI) -> C:\Users\ren\AppData\Local\Temp\s08-phase2-20260930-212540-53736\phase2-board-joiner-1920x1080.png
2026.09.30-16.26.24 SHOT captured file=phase2-board-joiner-1920x1080.png frame=1079 px=1920x1080 sha256=3f9f392452c6cd12ee4a54f1017440ffc7b7ad32d4b8a88d774971158f31114a order=BGRA saved=1
2026.09.30-16.26.24 SHOT late begin file=phase2-board-joiner-1920x1080.png frame=1079 requestFrame=1079
2026.09.30-16.26.24 SHOT iconstate visible=0 lastFighter=none frame=1079
2026.09.30-16.26.24 SHOT widget id=board.tag impl=umg state=compact fighter=f-0-hero bbox=(833,438,935,460) geom=painted visible=1 twin=0 source=/Game/S08/UI/ArtHud/WBP_S08ArtTag mode=compact look=P1 shape=circle placement=right ring=0 order=2 bound=1 softPx2=0 planned=(833,438,935,460) frame=1079
2026.09.30-16.26.24 SHOT widget id=board.tag.hp impl=umg state=compact fighter=f-0-hero bbox=(889,440,931,458) geom=painted visible=1 twin=0 source=/Game/S08/UI/ArtHud/WBP_S08ArtTag mode=compact look=P1 shape=circle placement=right ring=0 order=2 bound=1 softPx2=0 planned=(833,438,935,460) frame=1079 font=11
2026.09.30-16.26.24 SHOT widget id=board.tag.bar impl=umg state=compact fighter=f-0-hero bbox=(852,447,886,452) geom=painted visible=1 twin=0 source=/Game/S08/UI/ArtHud/WBP_S08ArtTag mode=compact look=P1 shape=circle placement=right ring=0 order=2 bound=1 softPx2=0 planned=(833,438,935,460) frame=1079
2026.09.30-16.26.24 SHOT widget id=board.tag.chip impl=umg state=compact fighter=f-0-hero bbox=(837,443,849,455) geom=painted visible=1 twin=0 source=/Game/S08/UI/ArtHud/WBP_S08ArtTag mode=compact look=P1 shape=circle placement=right ring=0 order=2 bound=1 softPx2=0 planned=(833,438,935,460) frame=1079
2026.09.30-16.26.24 SHOT widget id=board.tag impl=umg state=compact fighter=f-0-sk0 bbox=(727,592,811,614) geom=painted visible=1 twin=0 source=/Game/S08/UI/ArtHud/WBP_S08ArtTag mode=compact look=P1 shape=circle placement=above ring=0 order=5 bound=1 softPx2=0 planned=(727,592,811,614) frame=1079
2026.09.30-16.26.24 SHOT widget id=board.tag.hp impl=umg state=compact fighter=f-0-sk0 bbox=(783,594,807,612) geom=painted visible=1 twin=0 source=/Game/S08/UI/ArtHud/WBP_S08ArtTag mode=compact look=P1 shape=circle placement=above ring=0 order=5 bound=1 softPx2=0 planned=(727,592,811,614) frame=1079 font=11
2026.09.30-16.26.24 SHOT widget id=board.tag.bar impl=umg state=compact fighter=f-0-sk0 bbox=(746,601,780,606) geom=painted visible=1 twin=0 source=/Game/S08/UI/ArtHud/WBP_S08ArtTag mode=compact look=P1 shape=circle placement=above ring=0 order=5 bound=1 softPx2=0 planned=(727,592,811,614) frame=1079
2026.09.30-16.26.24 SHOT widget id=board.tag.chip impl=umg state=compact fighter=f-0-sk0 bbox=(731,597,743,609) geom=painted visible=1 twin=0 source=/Game/S08/UI/ArtHud/WBP_S08ArtTag mode=compact look=P1 shape=circle placement=above ring=0 order=5 bound=1 softPx2=0 planned=(727,592,811,614) frame=1079
2026.09.30-16.26.24 SHOT widget id=board.tag impl=umg state=compact fighter=f-0-sk1 bbox=(739,295,823,317) geom=painted visible=1 twin=0 source=/Game/S08/UI/ArtHud/WBP_S08ArtTag mode=compact look=P1 shape=circle placement=above ring=0 order=0 bound=1 softPx2=0 planned=(739,295,823,317) frame=1079
2026.09.30-16.26.24 SHOT widget id=board.tag.hp impl=umg state=compact fighter=f-0-sk1 bbox=(795,297,819,315) geom=painted visible=1 twin=0 source=/Game/S08/UI/ArtHud/WBP_S08ArtTag mode=compact look=P1 shape=circle placement=above ring=0 order=0 bound=1 softPx2=0 planned=(739,295,823,317) frame=1079 font=11
2026.09.30-16.26.24 SHOT widget id=board.tag.bar impl=umg state=compact fighter=f-0-sk1 bbox=(758,304,792,309) geom=painted visible=1 twin=0 source=/Game/S08/UI/ArtHud/WBP_S08ArtTag mode=compact look=P1 shape=circle placement=above ring=0 order=0 bound=1 softPx2=0 planned=(739,295,823,317) frame=1079
2026.09.30-16.26.24 SHOT widget id=board.tag.chip impl=umg state=compact fighter=f-0-sk1 bbox=(743,300,755,312) geom=painted visible=1 twin=0 source=/Game/S08/UI/ArtHud/WBP_S08ArtTag mode=compact look=P1 shape=circle placement=above ring=0 order=0 bound=1 softPx2=0 planned=(739,295,823,317) frame=1079
2026.09.30-16.26.24 SHOT widget id=board.tag impl=umg state=compact fighter=f-0-sk2 bbox=(549,438,633,460) geom=painted visible=1 twin=0 source=/Game/S08/UI/ArtHud/WBP_S08ArtTag mode=compact look=P1 shape=circle placement=above ring=0 order=4 bound=1 softPx2=0 planned=(549,438,633,460) frame=1079
2026.09.30-16.26.24 SHOT widget id=board.tag.hp impl=umg state=compact fighter=f-0-sk2 bbox=(605,440,629,458) geom=painted visible=1 twin=0 source=/Game/S08/UI/ArtHud/WBP_S08ArtTag mode=compact look=P1 shape=circle placement=above ring=0 order=4 bound=1 softPx2=0 planned=(549,438,633,460) frame=1079 font=11
2026.09.30-16.26.24 SHOT widget id=board.tag.bar impl=umg state=compact fighter=f-0-sk2 bbox=(568,447,602,452) geom=painted visible=1 twin=0 source=/Game/S08/UI/ArtHud/WBP_S08ArtTag mode=compact look=P1 shape=circle placement=above ring=0 order=4 bound=1 softPx2=0 planned=(549,438,633,460) frame=1079
2026.09.30-16.26.24 SHOT widget id=board.tag.chip impl=umg state=compact fighter=f-0-sk2 bbox=(553,443,565,455) geom=painted visible=1 twin=0 source=/Game/S08/UI/ArtHud/WBP_S08ArtTag mode=compact look=P1 shape=circle placement=above ring=0 order=4 bound=1 softPx2=0 planned=(549,438,633,460) frame=1079
2026.09.30-16.26.24 SHOT widget id=board.tag impl=umg state=compact fighter=f-1-hero bbox=(1095,409,1197,431) geom=painted visible=1 twin=0 source=/Game/S08/UI/ArtHud/WBP_S08ArtTag mode=compact look=P2 shape=hex placement=above ring=0 order=1 bound=1 softPx2=0 planned=(1095,409,1197,431) frame=1079
2026.09.30-16.26.24 SHOT widget id=board.tag.hp impl=umg state=compact fighter=f-1-hero bbox=(1151,411,1193,429) geom=painted visible=1 twin=0 source=/Game/S08/UI/ArtHud/WBP_S08ArtTag mode=compact look=P2 shape=hex placement=above ring=0 order=1 bound=1 softPx2=0 planned=(1095,409,1197,431) frame=1079 font=11
2026.09.30-16.26.24 SHOT widget id=board.tag.bar impl=umg state=compact fighter=f-1-hero bbox=(1114,418,1148,423) geom=painted visible=1 twin=0 source=/Game/S08/UI/ArtHud/WBP_S08ArtTag mode=compact look=P2 shape=hex placement=above ring=0 order=1 bound=1 softPx2=0 planned=(1095,409,1197,431) frame=1079
2026.09.30-16.26.24 SHOT widget id=board.tag.chip impl=umg state=compact fighter=f-1-hero bbox=(1099,414,1111,426) geom=painted visible=1 twin=0 source=/Game/S08/UI/ArtHud/WBP_S08ArtTag mode=compact look=P2 shape=hex placement=above ring=0 order=1 bound=1 softPx2=0 planned=(1095,409,1197,431) frame=1079
2026.09.30-16.26.24 SHOT widget id=board.tag impl=umg state=compact fighter=f-1-sk0 bbox=(1288,430,1372,452) geom=painted visible=1 twin=0 source=/Game/S08/UI/ArtHud/WBP_S08ArtTag mode=compact look=P2 shape=hex placement=above ring=0 order=3 bound=1 softPx2=0 planned=(1288,430,1372,452) frame=1079
2026.09.30-16.26.24 SHOT widget id=board.tag.hp impl=umg state=compact fighter=f-1-sk0 bbox=(1344,432,1368,450) geom=painted visible=1 twin=0 source=/Game/S08/UI/ArtHud/WBP_S08ArtTag mode=compact look=P2 shape=hex placement=above ring=0 order=3 bound=1 softPx2=0 planned=(1288,430,1372,452) frame=1079 font=11
2026.09.30-16.26.24 SHOT widget id=board.tag.bar impl=umg state=compact fighter=f-1-sk0 bbox=(1307,439,1341,444) geom=painted visible=1 twin=0 source=/Game/S08/UI/ArtHud/WBP_S08ArtTag mode=compact look=P2 shape=hex placement=above ring=0 order=3 bound=1 softPx2=0 planned=(1288,430,1372,452) frame=1079
2026.09.30-16.26.24 SHOT widget id=board.tag.chip impl=umg state=compact fighter=f-1-sk0 bbox=(1292,435,1304,447) geom=painted visible=1 twin=0 source=/Game/S08/UI/ArtHud/WBP_S08ArtTag mode=compact look=P2 shape=hex placement=above ring=0 order=3 bound=1 softPx2=0 planned=(1288,430,1372,452) frame=1079
2026.09.30-16.26.24 SHOT panel id=hud.command bbox=(0,0,393,69) geom=painted visible=1 frame=1079
2026.09.30-16.26.24 SHOT panel id=hud.side bbox=(1431,0,1920,121) geom=painted visible=1 frame=1079
2026.09.30-16.26.24 SHOT panel id=hud.hand bbox=(448,985,1473,1080) geom=painted visible=1 frame=1079
2026.09.30-16.26.24 SHOT late end file=phase2-board-joiner-1920x1080.png frame=1079
2026.09.30-16.26.24 game -> room=cmuobh65k01d7wircascoovil code=<redacted> status=IN_PROGRESS
2026.09.30-16.26.26 game -> room=cmuobh65k01d7wircascoovil code=<redacted> status=IN_PROGRESS
2026.09.30-16.26.28 PERF window t=35.1-40.1 frames=146 fps=29.05 frameMs avg=34.43 p50=33.33 p95=33.33 p99=33.34 max=193.07 hitches50=1 gpuMs avg=1.99 p50=1.96 p95=2.18 gameMs avg=2.46 p95=1.72 renderMs avg=3.26 p95=3.92
2026.09.30-16.26.29 game -> room=cmuobh65k01d7wircascoovil code=<redacted> status=IN_PROGRESS
2026.09.30-16.26.32 game -> room=cmuobh65k01d7wircascoovil code=<redacted> status=IN_PROGRESS
2026.09.30-16.26.33 PERF window t=40.1-45.1 frames=150 fps=29.97 frameMs avg=33.36 p50=33.33 p95=33.33 p99=33.34 max=38.05 hitches50=0 gpuMs avg=1.94 p50=1.93 p95=2.00 gameMs avg=1.33 p95=1.40 renderMs avg=3.15 p95=3.80
2026.09.30-16.26.35 game -> room=cmuobh65k01d7wircascoovil code=<redacted> status=IN_PROGRESS
2026.09.30-16.26.37 PERF summary scope=afterWarmup warmup=5 elapsed=50.0 frames=1345 fps=29.86 frameMs avg=33.49 p50=33.33 p95=33.33 p99=33.34 max=193.07 hitches50=2 gpuMs avg=1.87 p50=1.95 p95=2.40 gameMs avg=1.54 p95=1.66 renderMs avg=3.04 p95=3.76
2026.09.30-16.26.37 PERF summary scope=started elapsed=50.0 frames=1043 fps=29.82 frameMs avg=33.53 p50=33.33 p95=33.33 p99=33.34 max=193.07 hitches50=2 gpuMs avg=2.05 p50=1.98 p95=2.43 gameMs avg=1.61 p95=1.69 renderMs avg=3.23 p95=3.82
2026.09.30-16.26.37 PERF summary scope=artHud impl=umg elapsed=50.0 frames=0 fps=0.00 frameMs avg=0.00 p50=0.00 p95=0.00 p99=0.00 max=0.00 hitches50=0 gpuMs avg=0.00 p50=0.00 p95=0.00 gameMs avg=0.00 p95=0.00 renderMs avg=0.00 p95=0.00
2026.09.30-16.26.37 --- S08 trace close ---
