2026.09.28-10.08.48 --- S08 trace open 2026.09.28-10.08.48 ---
2026.09.28-10.08.48 LOGIN ok user=art-preview-joiner
2026.09.28-10.08.51 HEROES loaded 84
2026.09.28-10.08.51 CODE resolved -> cmul34nx900alwi2oejjla9xs
2026.09.28-10.08.51 joinGame -> room=cmul34nx900alwi2oejjla9xs code=<redacted> status=LOBBY
2026.09.28-10.08.53 PERF config tMaxFPS=30.0 frameRateLimit=60.0 vsync=0 smoothFrameRate=0 fixedFrameRate=0 rhi=D3D11
2026.09.28-10.08.53 PERF window t=0.0-5.0 frames=151 fps=30.00 frameMs avg=33.33 p50=33.33 p95=33.33 p99=33.34 max=33.35 hitches50=0 gpuMs avg=35.16 p50=33.27 p95=35.00 gameMs avg=1.46 p95=1.67 renderMs avg=2.14 p95=2.41
2026.09.28-10.08.54 game -> room=cmul34nx900alwi2oejjla9xs code=<redacted> status=LOBBY
2026.09.28-10.08.54 selectHero -> room=cmul34nx900alwi2oejjla9xs code=<redacted> status=LOBBY
2026.09.28-10.08.57 game -> room=cmul34nx900alwi2oejjla9xs code=<redacted> status=LOBBY
2026.09.28-10.08.57 toggleReady -> room=cmul34nx900alwi2oejjla9xs code=<redacted> status=LOBBY
2026.09.28-10.08.58 PERF window t=5.0-10.0 frames=150 fps=30.00 frameMs avg=33.33 p50=33.33 p95=33.33 p99=33.33 max=33.37 hitches50=0 gpuMs avg=33.02 p50=33.31 p95=35.16 gameMs avg=1.37 p95=1.67 renderMs avg=1.79 p95=2.31
2026.09.28-10.09.00 game -> room=cmul34nx900alwi2oejjla9xs code=<redacted> status=LOBBY
2026.09.28-10.09.03 PERF window t=10.0-15.0 frames=150 fps=30.00 frameMs avg=33.33 p50=33.33 p95=33.33 p99=33.38 max=33.39 hitches50=0 gpuMs avg=32.23 p50=33.28 p95=35.27 gameMs avg=1.37 p95=1.63 renderMs avg=2.00 p95=2.39
2026.09.28-10.09.03 game -> room=cmul34nx900alwi2oejjla9xs code=<redacted> status=IN_PROGRESS
2026.09.28-10.09.03 WS DROPPED (test-initiated transport loss)
2026.09.28-10.09.03 WS closed (test drop) - reconnect in 1s
2026.09.28-10.09.03 SNAPSHOT applied seq=1 phase=ACTION_MANEUVER
2026.09.28-10.09.03 HANDLE_APPLIED #1 seq=1 decision=2 fightersValid=1 boardValid=1
2026.09.28-10.09.03 MODE seq=1 mode=0 combat=0 pending=0
2026.09.28-10.09.03 HUD seq=1 phase=ACTION_MANEUVER turn=opp hand=5 oppHand=5(hidden) oppDeck=25 deck=25 discard=0
2026.09.28-10.09.03 ARTPREVIEW Cobble assets ready
2026.09.28-10.09.03 ARTPREVIEW medusa candidate variant=face-neck-v2 mesh=SK_Medusa_FaceNeck_v2Candidate requested=(default)
2026.09.28-10.09.03 ARTPREVIEW Cobble probe lights key=4.5 fill=700 warm=85
2026.09.28-10.09.03 ARTPREVIEW Cobble active 5x6 zones=30 blue=15 red=15 blueMarks=15 redMarks=45
2026.09.28-10.09.03 CAMERA dist=1931 loc=(0,1107,1582) pitch=-55 yaw=-90
2026.09.28-10.09.03 BOARD 5x6 cells | control points: (0,0)=(-200,-250,0) (4,5)=(200,250,0) | neighbor pair (dist 100 uu)
2026.09.28-10.09.03 ARTPREVIEW fighter=Medusa hero=1 eligible=1 visual=1 mesh=SK_Medusa_FaceNeck_v2Candidate
2026.09.28-10.09.03 FIGHTERS synced n=6 alive=6 own=2 enemy=4
2026.09.28-10.09.03 STATE seq=1 -> apply
2026.09.28-10.09.03 WS closed 1000 (normal closure)
2026.09.28-10.09.04 WS reconnect attempt
2026.09.28-10.09.04 SUBSCRIBED gameStateUpdated since=1
2026.09.28-10.09.04 WS reconnected - refetching gameState
2026.09.28-10.09.04 SNAPSHOT applied seq=1 phase=ACTION_MANEUVER
2026.09.28-10.09.04 HANDLE_APPLIED #2 seq=1 decision=1 fightersValid=1 boardValid=1
2026.09.28-10.09.04 MODE seq=1 mode=0 combat=0 pending=0
2026.09.28-10.09.04 HUD seq=1 phase=ACTION_MANEUVER turn=opp hand=5 oppHand=5(hidden) oppDeck=25 deck=25 discard=0
2026.09.28-10.09.04 ARTPREVIEW fighter=Medusa hero=1 eligible=1 visual=1 mesh=SK_Medusa_FaceNeck_v2Candidate
2026.09.28-10.09.04 FIGHTERS synced n=6 alive=6 own=2 enemy=4
2026.09.28-10.09.04 STATE seq=1 -> merge
2026.09.28-10.09.04 SNAPSHOT applied seq=1 phase=ACTION_MANEUVER
2026.09.28-10.09.04 HANDLE_APPLIED #3 seq=1 decision=1 fightersValid=1 boardValid=1
2026.09.28-10.09.04 MODE seq=1 mode=0 combat=0 pending=0
2026.09.28-10.09.04 HUD seq=1 phase=ACTION_MANEUVER turn=opp hand=5 oppHand=5(hidden) oppDeck=25 deck=25 discard=0
2026.09.28-10.09.04 ARTPREVIEW fighter=Medusa hero=1 eligible=1 visual=1 mesh=SK_Medusa_FaceNeck_v2Candidate
2026.09.28-10.09.04 FIGHTERS synced n=6 alive=6 own=2 enemy=4
2026.09.28-10.09.04 WS seq=1 phase=ACTION_MANEUVER (merge)
2026.09.28-10.09.06 game -> room=cmul34nx900alwi2oejjla9xs code=<redacted> status=IN_PROGRESS
2026.09.28-10.09.08 PERF window t=15.0-20.0 frames=150 fps=29.97 frameMs avg=33.36 p50=33.33 p95=33.34 p99=33.37 max=37.69 hitches50=0 gpuMs avg=32.51 p50=33.34 p95=36.93 gameMs avg=1.62 p95=1.86 renderMs avg=2.84 p95=3.33
2026.09.28-10.09.09 game -> room=cmul34nx900alwi2oejjla9xs code=<redacted> status=IN_PROGRESS
2026.09.28-10.09.12 game -> room=cmul34nx900alwi2oejjla9xs code=<redacted> status=IN_PROGRESS
2026.09.28-10.09.13 PERF window t=20.0-25.0 frames=150 fps=30.00 frameMs avg=33.33 p50=33.33 p95=33.34 p99=33.35 max=33.36 hitches50=0 gpuMs avg=32.55 p50=33.25 p95=34.86 gameMs avg=1.24 p95=1.52 renderMs avg=2.76 p95=3.38
2026.09.28-10.09.15 game -> room=cmul34nx900alwi2oejjla9xs code=<redacted> status=IN_PROGRESS
2026.09.28-10.09.18 PERF window t=25.0-30.0 frames=150 fps=30.00 frameMs avg=33.33 p50=33.33 p95=33.34 p99=33.38 max=33.43 hitches50=0 gpuMs avg=31.60 p50=33.17 p95=35.27 gameMs avg=1.24 p95=1.55 renderMs avg=2.72 p95=3.42
2026.09.28-10.09.18 game -> room=cmul34nx900alwi2oejjla9xs code=<redacted> status=IN_PROGRESS
2026.09.28-10.09.21 game -> room=cmul34nx900alwi2oejjla9xs code=<redacted> status=IN_PROGRESS
2026.09.28-10.09.23 PERF window t=30.0-35.0 frames=150 fps=30.00 frameMs avg=33.33 p50=33.33 p95=33.34 p99=33.36 max=33.37 hitches50=0 gpuMs avg=32.43 p50=33.29 p95=34.64 gameMs avg=1.31 p95=1.64 renderMs avg=2.72 p95=3.25
2026.09.28-10.09.24 SHOT ctx viewport=1920x1080 viewTarget=CameraActor_2147482372 cam=(0,1107,1582) rot=(-55,-90,0)
2026.09.28-10.09.24 SHOT fighter f-0-hero pos=(2,2) world=(0,-50,0) screen=(960,476) projected=1 alive=1
2026.09.28-10.09.24 SHOT fighter f-0-sk0 pos=(3,2) world=(100,-50,0) screen=(1115,476) projected=1 alive=1
2026.09.28-10.09.24 SHOT fighter f-0-sk1 pos=(2,1) world=(0,-150,0) screen=(960,355) projected=1 alive=1
2026.09.28-10.09.24 SHOT fighter f-0-sk2 pos=(1,2) world=(-100,-50,0) screen=(805,476) projected=1 alive=1
2026.09.28-10.09.24 SHOT fighter f-1-hero pos=(2,3) world=(0,50,0) screen=(960,606) projected=1 alive=1
2026.09.28-10.09.24 SHOT fighter f-1-sk0 pos=(3,3) world=(100,50,0) screen=(1120,606) projected=1 alive=1
2026.09.28-10.09.24 SHOT camera dist=1930.8 target=1930.8 overview=1930.8 errPct=0.000 focusErr=0.00 settled=1 zoom=1.00
2026.09.28-10.09.24 SHOT head fighter=f-0-hero socket=Head mesh=SK_Medusa_FaceNeck_v2Candidate world=(0.0,-46.0,38.5) screen=(960.0,445.5) top=(960.0,439.8) bottom=(960.0,451.2) headPx=11.4 projected=1
2026.09.28-10.09.24 SHOT requested: FScreenshotRequest(bShowUI) -> C:\Users\ren\AppData\Local\Temp\s08-phase2-20260928-150841-46828\phase2-board-joiner-1920x1080.png
2026.09.28-10.09.24 game -> room=cmul34nx900alwi2oejjla9xs code=<redacted> status=IN_PROGRESS
2026.09.28-10.09.27 game -> room=cmul34nx900alwi2oejjla9xs code=<redacted> status=IN_PROGRESS
2026.09.28-10.09.28 PERF window t=35.0-40.1 frames=146 fps=29.10 frameMs avg=34.36 p50=33.33 p95=33.35 p99=33.40 max=183.61 hitches50=1 gpuMs avg=33.78 p50=33.36 p95=34.56 gameMs avg=2.40 p95=1.60 renderMs avg=2.58 p95=3.00
2026.09.28-10.09.30 game -> room=cmul34nx900alwi2oejjla9xs code=<redacted> status=IN_PROGRESS
2026.09.28-10.09.33 PERF window t=40.1-45.1 frames=149 fps=29.76 frameMs avg=33.60 p50=33.33 p95=33.33 p99=33.34 max=72.51 hitches50=1 gpuMs avg=32.63 p50=33.32 p95=35.82 gameMs avg=1.22 p95=1.25 renderMs avg=2.57 p95=3.27
2026.09.28-10.09.33 game -> room=cmul34nx900alwi2oejjla9xs code=<redacted> status=IN_PROGRESS
2026.09.28-10.09.36 game -> room=cmul34nx900alwi2oejjla9xs code=<redacted> status=IN_PROGRESS
2026.09.28-10.09.38 PERF summary scope=afterWarmup warmup=5 elapsed=50.0 frames=1346 fps=29.87 frameMs avg=33.48 p50=33.33 p95=33.34 p99=33.37 max=183.61 hitches50=2 gpuMs avg=32.61 p50=33.30 p95=35.31 gameMs avg=1.43 p95=1.58 renderMs avg=2.52 p95=3.28
2026.09.28-10.09.38 PERF summary scope=started elapsed=50.0 frames=1044 fps=29.83 frameMs avg=33.52 p50=33.33 p95=33.34 p99=33.37 max=183.61 hitches50=2 gpuMs avg=32.60 p50=33.31 p95=35.42 gameMs avg=1.44 p95=1.54 renderMs avg=2.70 p95=3.36
2026.09.28-10.09.38 --- S08 trace close ---
