2026.09.28-10.08.43 --- S08 trace open 2026.09.28-10.08.43 ---
2026.09.28-10.08.43 LOGIN ok user=art-preview-host
2026.09.28-10.08.46 HEROES loaded 84
2026.09.28-10.08.46 createGame -> room=cmul34nx900alwi2oejjla9xs code=<redacted> status=LOBBY
2026.09.28-10.08.48 PERF config tMaxFPS=30.0 frameRateLimit=60.0 vsync=0 smoothFrameRate=0 fixedFrameRate=0 rhi=D3D11
2026.09.28-10.08.48 PERF window t=0.0-5.0 frames=151 fps=30.00 frameMs avg=33.33 p50=33.33 p95=33.33 p99=33.33 max=33.39 hitches50=0 gpuMs avg=35.19 p50=33.31 p95=34.46 gameMs avg=1.60 p95=1.82 renderMs avg=2.32 p95=2.59
2026.09.28-10.08.49 game -> room=cmul34nx900alwi2oejjla9xs code=<redacted> status=LOBBY
2026.09.28-10.08.49 selectHero -> room=cmul34nx900alwi2oejjla9xs code=<redacted> status=LOBBY
2026.09.28-10.08.52 game -> room=cmul34nx900alwi2oejjla9xs code=<redacted> status=LOBBY
2026.09.28-10.08.52 toggleReady -> room=cmul34nx900alwi2oejjla9xs code=<redacted> status=LOBBY
2026.09.28-10.08.53 PERF window t=5.0-10.0 frames=150 fps=30.00 frameMs avg=33.33 p50=33.33 p95=33.33 p99=33.33 max=33.34 hitches50=0 gpuMs avg=32.90 p50=33.35 p95=34.38 gameMs avg=1.54 p95=1.86 renderMs avg=1.98 p95=2.47
2026.09.28-10.08.55 game -> room=cmul34nx900alwi2oejjla9xs code=<redacted> status=LOBBY
2026.09.28-10.08.58 PERF window t=10.0-15.0 frames=150 fps=30.00 frameMs avg=33.33 p50=33.33 p95=33.33 p99=33.34 max=33.34 hitches50=0 gpuMs avg=32.03 p50=33.25 p95=34.42 gameMs avg=1.49 p95=1.84 renderMs avg=1.95 p95=2.41
2026.09.28-10.08.58 game -> room=cmul34nx900alwi2oejjla9xs code=<redacted> status=LOBBY
2026.09.28-10.09.01 game -> room=cmul34nx900alwi2oejjla9xs code=<redacted> status=LOBBY
2026.09.28-10.09.01 startGame -> room=cmul34nx900alwi2oejjla9xs code=<redacted> status=IN_PROGRESS
2026.09.28-10.09.01 SNAPSHOT applied seq=1 phase=ACTION_MANEUVER
2026.09.28-10.09.01 HANDLE_APPLIED #1 seq=1 decision=2 fightersValid=1 boardValid=1
2026.09.28-10.09.01 MODE seq=1 mode=0 combat=0 pending=0
2026.09.28-10.09.01 HUD seq=1 phase=ACTION_MANEUVER turn=you hand=5 oppHand=5(hidden) oppDeck=25 deck=25 discard=0
2026.09.28-10.09.01 ARTPREVIEW Cobble assets ready
2026.09.28-10.09.01 ARTPREVIEW medusa candidate variant=face-neck-v2 mesh=SK_Medusa_FaceNeck_v2Candidate requested=(default)
2026.09.28-10.09.01 ARTPREVIEW Cobble probe lights key=4.5 fill=700 warm=85
2026.09.28-10.09.01 ARTPREVIEW Cobble active 5x6 zones=30 blue=15 red=15 blueMarks=15 redMarks=45
2026.09.28-10.09.01 CAMERA dist=1931 loc=(0,1107,1582) pitch=-55 yaw=-90
2026.09.28-10.09.01 BOARD 5x6 cells | control points: (0,0)=(-200,-250,0) (4,5)=(200,250,0) | neighbor pair (dist 100 uu)
2026.09.28-10.09.01 ARTPREVIEW fighter=Medusa hero=1 eligible=1 visual=1 mesh=SK_Medusa_FaceNeck_v2Candidate
2026.09.28-10.09.01 FIGHTERS synced n=6 alive=6 own=4 enemy=2
2026.09.28-10.09.01 STATE seq=1 -> apply
2026.09.28-10.09.01 SUBSCRIBED gameStateUpdated since=1
2026.09.28-10.09.01 SNAPSHOT applied seq=1 phase=ACTION_MANEUVER
2026.09.28-10.09.01 HANDLE_APPLIED #2 seq=1 decision=1 fightersValid=1 boardValid=1
2026.09.28-10.09.01 MODE seq=1 mode=0 combat=0 pending=0
2026.09.28-10.09.01 HUD seq=1 phase=ACTION_MANEUVER turn=you hand=5 oppHand=5(hidden) oppDeck=25 deck=25 discard=0
2026.09.28-10.09.01 ARTPREVIEW fighter=Medusa hero=1 eligible=1 visual=1 mesh=SK_Medusa_FaceNeck_v2Candidate
2026.09.28-10.09.01 FIGHTERS synced n=6 alive=6 own=4 enemy=2
2026.09.28-10.09.01 WS seq=1 phase=ACTION_MANEUVER (merge)
2026.09.28-10.09.03 PERF window t=15.0-20.0 frames=150 fps=29.95 frameMs avg=33.38 p50=33.33 p95=33.33 p99=33.45 max=40.88 hitches50=0 gpuMs avg=32.16 p50=33.25 p95=34.98 gameMs avg=1.78 p95=2.31 renderMs avg=2.46 p95=3.19
2026.09.28-10.09.04 game -> room=cmul34nx900alwi2oejjla9xs code=<redacted> status=IN_PROGRESS
2026.09.28-10.09.07 game -> room=cmul34nx900alwi2oejjla9xs code=<redacted> status=IN_PROGRESS
2026.09.28-10.09.08 PERF window t=20.0-25.0 frames=150 fps=30.00 frameMs avg=33.33 p50=33.33 p95=33.34 p99=33.39 max=33.39 hitches50=0 gpuMs avg=32.06 p50=33.14 p95=36.55 gameMs avg=1.29 p95=1.57 renderMs avg=2.90 p95=3.58
2026.09.28-10.09.10 game -> room=cmul34nx900alwi2oejjla9xs code=<redacted> status=IN_PROGRESS
2026.09.28-10.09.13 PERF window t=25.0-30.0 frames=150 fps=30.00 frameMs avg=33.33 p50=33.33 p95=33.34 p99=33.36 max=33.40 hitches50=0 gpuMs avg=30.93 p50=33.36 p95=36.26 gameMs avg=1.35 p95=1.55 renderMs avg=2.92 p95=3.52
2026.09.28-10.09.13 game -> room=cmul34nx900alwi2oejjla9xs code=<redacted> status=IN_PROGRESS
2026.09.28-10.09.16 game -> room=cmul34nx900alwi2oejjla9xs code=<redacted> status=IN_PROGRESS
2026.09.28-10.09.17 ARTPREVIEW selection ring shown fighter=Medusa mesh=SM_Marker_SelectionRing
2026.09.28-10.09.17 ARTPREVIEW reachable corners cells=13 placed=1
2026.09.28-10.09.17 ARTPREVIEW selection ownHero=1 selected=1 fighter=Medusa reachable=14 fighterId=f-0-hero
2026.09.28-10.09.17 ARTPREVIEW camera focus requested zoom=5.00 overview=1931 target=386
2026.09.28-10.09.17 CAMERA settled elapsed=34.64 dist=389.3 target=386.2 errPct=0.809 focusErr=0.12 focus=(0,-50,28)
2026.09.28-10.09.18 PERF window t=30.0-35.1 frames=151 fps=30.00 frameMs avg=33.33 p50=33.33 p95=33.34 p99=33.34 max=33.36 hitches50=0 gpuMs avg=32.76 p50=33.16 p95=35.48 gameMs avg=1.43 p95=1.69 renderMs avg=2.86 p95=3.52
2026.09.28-10.09.19 SHOT ctx viewport=1920x1080 viewTarget=CameraActor_2147482372 cam=(0,171,344) rot=(-55,-90,0)
2026.09.28-10.09.19 SHOT fighter f-0-hero pos=(2,2) world=(0,-50,0) screen=(960,660) projected=1 alive=1
2026.09.28-10.09.19 SHOT fighter f-0-sk0 pos=(3,2) world=(100,-50,0) screen=(1704,660) projected=1 alive=1
2026.09.28-10.09.19 SHOT fighter f-0-sk1 pos=(2,1) world=(0,-150,0) screen=(960,110) projected=1 alive=1
2026.09.28-10.09.19 SHOT fighter f-0-sk2 pos=(1,2) world=(-100,-50,0) screen=(216,660) projected=1 alive=1
2026.09.28-10.09.19 SHOT fighter f-1-hero pos=(2,3) world=(0,50,0) screen=(960,1388) projected=1 alive=1
2026.09.28-10.09.19 SHOT fighter f-1-sk0 pos=(3,3) world=(100,50,0) screen=(1826,1388) projected=1 alive=1
2026.09.28-10.09.19 SHOT camera dist=386.2 target=386.2 overview=1930.8 errPct=0.000 focusErr=0.00 settled=1 zoom=5.00
2026.09.28-10.09.19 SHOT head fighter=f-0-hero socket=Head mesh=SK_Medusa_FaceNeck_v2Candidate world=(0.0,-46.0,38.5) screen=(960.0,517.7) top=(960.0,489.1) bottom=(960.0,545.6) headPx=56.4 projected=1
2026.09.28-10.09.19 SHOT requested: FScreenshotRequest(bShowUI) -> C:\Users\ren\AppData\Local\Temp\s08-phase2-20260928-150841-46828\phase2-board-host-1920x1080.png
2026.09.28-10.09.19 game -> room=cmul34nx900alwi2oejjla9xs code=<redacted> status=IN_PROGRESS
2026.09.28-10.09.22 game -> room=cmul34nx900alwi2oejjla9xs code=<redacted> status=IN_PROGRESS
2026.09.28-10.09.23 PERF window t=35.1-40.1 frames=142 fps=28.36 frameMs avg=35.26 p50=33.33 p95=33.33 p99=33.35 max=307.38 hitches50=1 gpuMs avg=33.99 p50=33.32 p95=35.67 gameMs avg=3.27 p95=1.56 renderMs avg=2.76 p95=3.38
2026.09.28-10.09.25 game -> room=cmul34nx900alwi2oejjla9xs code=<redacted> status=IN_PROGRESS
2026.09.28-10.09.28 game -> room=cmul34nx900alwi2oejjla9xs code=<redacted> status=IN_PROGRESS
2026.09.28-10.09.28 PERF window t=40.1-45.1 frames=150 fps=29.86 frameMs avg=33.49 p50=33.33 p95=33.35 p99=33.55 max=55.95 hitches50=1 gpuMs avg=32.52 p50=33.33 p95=34.63 gameMs avg=1.34 p95=1.51 renderMs avg=2.62 p95=3.53
2026.09.28-10.09.31 game -> room=cmul34nx900alwi2oejjla9xs code=<redacted> status=IN_PROGRESS
2026.09.28-10.09.33 PERF summary scope=afterWarmup warmup=5 elapsed=50.0 frames=1342 fps=29.80 frameMs avg=33.56 p50=33.33 p95=33.33 p99=33.38 max=307.38 hitches50=2 gpuMs avg=32.36 p50=33.29 p95=35.26 gameMs avg=1.61 p95=1.78 renderMs avg=2.54 p95=3.38
2026.09.28-10.09.33 PERF summary scope=started elapsed=50.0 frames=947 fps=29.71 frameMs avg=33.66 p50=33.33 p95=33.34 p99=33.39 max=307.38 hitches50=2 gpuMs avg=32.33 p50=33.29 p95=35.72 gameMs avg=1.65 p95=1.57 renderMs avg=2.78 p95=3.47
2026.09.28-10.09.33 --- S08 trace close ---
