2026.09.29-05.32.24 --- S08 trace open 2026.09.29-05.32.24 ---
2026.09.29-05.32.24 HUD icon texture size=32 ready=1 path=/Game/ArtTests/ARTMarkers/Textures/T_UI_Action_Attack_32 texture=32x32 probe=0 plate=1
2026.09.29-05.32.24 HUD alternate config periodS=3.0 startAt=34.0 first=umg
2026.09.29-05.32.24 HUD art widget plate impl=umg source=/Game/S08/UI/ArtHud/WBP_S08ArtPlate class=/Game/S08/UI/ArtHud/WBP_S08ArtPlate.WBP_S08ArtPlate_C parts=1 missing=- codeDefaultTree=0
2026.09.29-05.32.24 HUD art widget icon impl=umg source=/Game/S08/UI/ArtHud/WBP_S08ArtIcon class=/Game/S08/UI/ArtHud/WBP_S08ArtIcon.WBP_S08ArtIcon_C parts=1 missing=- codeDefaultTree=0
2026.09.29-05.32.24 RENDER preset applied=High flag=S08RenderPreset
2026.09.29-05.32.24 LOGIN ok user=art-preview-joiner
2026.09.29-05.32.27 HEROES loaded 84
2026.09.29-05.32.27 CODE resolved -> cmum8p1r800y5wilkittjmiq8
2026.09.29-05.32.27 joinGame -> room=cmum8p1r800y5wilkittjmiq8 code=<redacted> status=LOBBY
2026.09.29-05.32.29 PERF config tMaxFPS=30.0 frameRateLimit=60.0 vsync=0 smoothFrameRate=0 fixedFrameRate=0 rhi=D3D12
2026.09.29-05.32.29 RENDER tag=PERF rhi=D3D12 featureLevel=SM6 shaderPlatform=PCD3D_SM6 lumenPlatform=1 gi=lumen giMethod=1 refl=lumen reflMethod=1 shadows=csm vsmEnable=0 sg.res=100 sg.view=2 sg.aa=2 sg.shadow=2 sg.gi=2 sg.refl=2 sg.pp=2 sg.tex=2 sg.fx=2 sg.foliage=2 sg.shading=2 sg.landscape=2 preset=High screenPct=100.0 screenPctMode=0 aa=TSR aaMethod=4 exposure=engine-default expMin=1.00000 expMax=1.00000 expBias=1.000 ev100=0.00 lightUnits=- sky=0 skyIntensity=0.000 keyShadow=- shadowCasters=0 profile=- profilesSha256=- profilesSource=- legacyRender=0 gameLayer=unlit-eyeadaptinv tMaxFPS=30.0 vsync=0 frameRateLimit=60.0 substrate=0 nanite=1 meshDF=1 viewport=1920x1080 reference=0 notReference=noArtProfile,exposure,lightUnits,profilesSource
2026.09.29-05.32.29 PERF window t=0.0-5.0 frames=151 fps=29.95 frameMs avg=33.39 p50=33.33 p95=33.33 p99=34.20 max=41.12 hitches50=0 gpuMs avg=1.20 p50=1.25 p95=1.37 gameMs avg=1.63 p95=2.26 renderMs avg=2849.50 p95=4.67
2026.09.29-05.32.30 game -> room=cmum8p1r800y5wilkittjmiq8 code=<redacted> status=LOBBY
2026.09.29-05.32.30 selectHero -> room=cmum8p1r800y5wilkittjmiq8 code=<redacted> status=LOBBY
2026.09.29-05.32.33 game -> room=cmum8p1r800y5wilkittjmiq8 code=<redacted> status=LOBBY
2026.09.29-05.32.33 toggleReady -> room=cmum8p1r800y5wilkittjmiq8 code=<redacted> status=LOBBY
2026.09.29-05.32.34 PERF window t=5.0-10.0 frames=150 fps=30.00 frameMs avg=33.33 p50=33.33 p95=33.33 p99=33.34 max=33.35 hitches50=0 gpuMs avg=1.39 p50=1.38 p95=1.47 gameMs avg=1.41 p95=1.68 renderMs avg=2.66 p95=3.32
2026.09.29-05.32.36 game -> room=cmum8p1r800y5wilkittjmiq8 code=<redacted> status=LOBBY
2026.09.29-05.32.39 PERF window t=10.0-15.0 frames=150 fps=30.00 frameMs avg=33.34 p50=33.33 p95=33.33 p99=33.34 max=33.65 hitches50=0 gpuMs avg=1.32 p50=1.31 p95=1.41 gameMs avg=1.40 p95=1.64 renderMs avg=2.74 p95=3.44
2026.09.29-05.32.39 game -> room=cmum8p1r800y5wilkittjmiq8 code=<redacted> status=IN_PROGRESS
2026.09.29-05.32.39 WS DROPPED (test-initiated transport loss)
2026.09.29-05.32.39 WS closed (test drop) - reconnect in 1s
2026.09.29-05.32.39 SNAPSHOT applied seq=1 phase=ACTION_MANEUVER
2026.09.29-05.32.39 HANDLE_APPLIED #1 seq=1 decision=2 fightersValid=1 boardValid=1
2026.09.29-05.32.39 MODE seq=1 mode=0 combat=0 pending=0
2026.09.29-05.32.39 HUD seq=1 phase=ACTION_MANEUVER turn=opp hand=5 oppHand=5(hidden) oppDeck=25 deck=25 discard=0
2026.09.29-05.32.39 ARTPREVIEW board profiles loaded=1 revision=2 boards=3 zoneStyles=11 lightProfiles=3 errors=0 path=Config/ArtBoards/S08ArtBoardProfiles.json
2026.09.29-05.32.39 ARTPREVIEW board profiles source=pak sha256=91ea86be522212fc770a33e3c9ac66f1cfde90c720c609bdc6bd29589965eaa5
2026.09.29-05.32.39 ARTPREVIEW game layer material=M_S08_GameLayerUnlit unlitEyeAdaptInv=1 legacyRender=0
2026.09.29-05.32.39 ARTPREVIEW Cobble assets ready
2026.09.29-05.32.39 ARTPREVIEW board assets ready cobbleMesh=1 tiles=1 zoneMaterials=2
2026.09.29-05.32.39 ARTPREVIEW medusa candidate variant=face-neck-v2 mesh=SK_Medusa_FaceNeck_v2Candidate requested=face-neck-v2
2026.09.29-05.32.39 ARTPREVIEW board profile=cobble-city match=boardId board=5x6 boardId=cmuhgs4b2001mwik4f2b2xtf8 surface=cobble-5x6-mesh light=cobble-probe artFixture=0
2026.09.29-05.32.39 ARTPREVIEW light profile=cobble-probe name=key role=key kind=directional at=(-350,-150,600) intensity=4.5 units=lux radius=0 color=(1.00,1.00,1.00) shadow=1
2026.09.29-05.32.39 ARTPREVIEW light profile=cobble-probe name=warm role=warm kind=point at=(260,-300,250) intensity=85 units=candelas radius=450 color=(1.00,1.00,1.00) shadow=0
2026.09.29-05.32.39 ARTPREVIEW sky profile=cobble-probe cubemap=/Game/S08/Render/TC_S08_AmbientDome loaded=1 spawned=1 intensity=11.2 color=(1.00,1.00,1.00) lowerBlack=0
2026.09.29-05.32.39 ARTPREVIEW exposure profile=cobble-probe method=histogram-fixed min=2.46229 max=2.46229 bias=0.000 ev100=1.30 volume=1
2026.09.29-05.32.39 ARTPREVIEW lights applied profile=cobble-probe directional=1 shadow=1 points=1 pointShadows=0 budgetOk=1
2026.09.29-05.32.39 ARTPREVIEW render profile=cobble-probe units=candelas sky=1 exposure=1 keyShadow=csm-3000uu-2c-contact0.000 shadowCasters=1 legacyRender=0
2026.09.29-05.32.39 ARTPREVIEW Cobble probe lights key=4.5 fill=0 warm=85
2026.09.29-05.32.39 ARTPREVIEW Cobble active 5x6 zones=30 blue=15 red=15 blueMarks=15 redMarks=45
2026.09.29-05.32.39 ARTPREVIEW board active profile=cobble-city 5x6 surface=cobble-5x6-mesh cells=30 zoneCells=30 multizone=0 triple=0 obstacles=0 zoneKeys=2 strokes=60 glyphs=45 surfaceParts=0 glyphMaterial=zone expectOk=1
2026.09.29-05.32.39 ARTPREVIEW board zone key=blue cells=15 stroke=solid glyph=diamond color=#3B78D8 ismUsage=1 strokePieces=15 glyphPieces=15 fallback=0
2026.09.29-05.32.39 ARTPREVIEW board zone key=red cells=15 stroke=dash3 glyph=bars2 color=#D8453B ismUsage=1 strokePieces=45 glyphPieces=30 fallback=0
2026.09.29-05.32.39 ARTPREVIEW board multizone cells=0 zonesListed=0 zonesMarked=0
2026.09.29-05.32.39 CAMERA dist=1931 loc=(0,1107,1582) pitch=-55 yaw=-90
2026.09.29-05.32.39 CAMERA config overview=1930.8 nearest=300.0 farthest=2970.4 zoomRange=0.65-6.44 minDist=300.0 outRatio=0.650 step=1.250 animMs=200 returnMs=300 followFrom=1.20 source=defaults issues=0
2026.09.29-05.32.39 BOARD 5x6 cells | control points: (0,0)=(-200,-250,0) (4,5)=(200,250,0) | neighbor pair (dist 100 uu)
2026.09.29-05.32.39 ARTPREVIEW click capsule fighter=f-0-hero mesh=SK_Medusa_FaceNeck_v2Candidate physicsAsset=0 radius=12.5 halfHeight=27.5 top=55.0 bodyCollision=0 source=meshBounds
2026.09.29-05.32.39 ARTPREVIEW fighter=Medusa hero=1 eligible=1 visual=1 mesh=SK_Medusa_FaceNeck_v2Candidate
2026.09.29-05.32.39 ARTPREVIEW click capsule fighter=f-0-sk0 mesh=SM_ART003_Harpy physicsAsset=0 radius=20.0 halfHeight=21.0 top=42.0 bodyCollision=0 source=meshBounds
2026.09.29-05.32.39 ARTPREVIEW click capsule fighter=f-0-sk1 mesh=SM_ART003_Harpy physicsAsset=0 radius=20.0 halfHeight=21.0 top=42.0 bodyCollision=0 source=meshBounds
2026.09.29-05.32.39 ARTPREVIEW click capsule fighter=f-0-sk2 mesh=SM_ART003_Harpy physicsAsset=0 radius=20.0 halfHeight=21.0 top=42.0 bodyCollision=0 source=meshBounds
2026.09.29-05.32.39 ARTPREVIEW click capsule fighter=f-1-hero mesh=SM_ART003_Arthur physicsAsset=0 radius=17.8 halfHeight=28.0 top=56.0 bodyCollision=0 source=meshBounds
2026.09.29-05.32.39 ARTPREVIEW click capsule fighter=f-1-sk0 mesh=SM_ART003_Merlin physicsAsset=0 radius=14.7 halfHeight=30.8 top=61.5 bodyCollision=0 source=meshBounds
2026.09.29-05.32.39 FIGHTERS synced n=6 alive=6 own=2 enemy=4
2026.09.29-05.32.39 STATE seq=1 -> apply
2026.09.29-05.32.39 WS closed 1000 (normal closure)
2026.09.29-05.32.39 HUD art layer plate=1 iconSize=32 iconTexture=1 iconProbe=0 plan=0
2026.09.29-05.32.39 HUD art impl=alternate plateViews=umg:/Game/S08/UI/ArtHud/WBP_S08ArtPlate,slate:slate iconViews=umg:/Game/S08/UI/ArtHud/WBP_S08ArtIcon,slate:slate textTable=S08ArtHud entries=13 missingKeys=0
2026.09.29-05.32.40 WS reconnect attempt
2026.09.29-05.32.40 SUBSCRIBED gameStateUpdated since=1
2026.09.29-05.32.40 WS reconnected - refetching gameState
2026.09.29-05.32.40 SNAPSHOT applied seq=1 phase=ACTION_MANEUVER
2026.09.29-05.32.40 HANDLE_APPLIED #2 seq=1 decision=1 fightersValid=1 boardValid=1
2026.09.29-05.32.40 MODE seq=1 mode=0 combat=0 pending=0
2026.09.29-05.32.40 HUD seq=1 phase=ACTION_MANEUVER turn=opp hand=5 oppHand=5(hidden) oppDeck=25 deck=25 discard=0
2026.09.29-05.32.40 ARTPREVIEW fighter=Medusa hero=1 eligible=1 visual=1 mesh=SK_Medusa_FaceNeck_v2Candidate
2026.09.29-05.32.40 FIGHTERS synced n=6 alive=6 own=2 enemy=4
2026.09.29-05.32.40 STATE seq=1 -> merge
2026.09.29-05.32.40 SNAPSHOT applied seq=1 phase=ACTION_MANEUVER
2026.09.29-05.32.40 HANDLE_APPLIED #3 seq=1 decision=1 fightersValid=1 boardValid=1
2026.09.29-05.32.40 MODE seq=1 mode=0 combat=0 pending=0
2026.09.29-05.32.40 HUD seq=1 phase=ACTION_MANEUVER turn=opp hand=5 oppHand=5(hidden) oppDeck=25 deck=25 discard=0
2026.09.29-05.32.40 ARTPREVIEW fighter=Medusa hero=1 eligible=1 visual=1 mesh=SK_Medusa_FaceNeck_v2Candidate
2026.09.29-05.32.40 FIGHTERS synced n=6 alive=6 own=2 enemy=4
2026.09.29-05.32.40 WS seq=1 phase=ACTION_MANEUVER (merge)
2026.09.29-05.32.42 game -> room=cmum8p1r800y5wilkittjmiq8 code=<redacted> status=IN_PROGRESS
2026.09.29-05.32.44 PERF window t=15.0-20.0 frames=150 fps=29.96 frameMs avg=33.38 p50=33.33 p95=33.34 p99=33.41 max=40.23 hitches50=0 gpuMs avg=1.78 p50=1.77 p95=1.88 gameMs avg=1.71 p95=1.90 renderMs avg=3.65 p95=4.13
2026.09.29-05.32.45 game -> room=cmum8p1r800y5wilkittjmiq8 code=<redacted> status=IN_PROGRESS
2026.09.29-05.32.48 game -> room=cmum8p1r800y5wilkittjmiq8 code=<redacted> status=IN_PROGRESS
2026.09.29-05.32.49 PERF window t=20.0-25.1 frames=150 fps=30.00 frameMs avg=33.34 p50=33.33 p95=33.33 p99=33.45 max=33.69 hitches50=0 gpuMs avg=1.82 p50=1.81 p95=1.93 gameMs avg=1.33 p95=1.58 renderMs avg=3.55 p95=4.27
2026.09.29-05.32.51 game -> room=cmum8p1r800y5wilkittjmiq8 code=<redacted> status=IN_PROGRESS
2026.09.29-05.32.54 SHOT ctx viewport=1920x1080 viewTarget=CameraActor_2147482364 cam=(0,1107,1582) rot=(-55,-90,0)
2026.09.29-05.32.54 RENDER tag=SHOT rhi=D3D12 featureLevel=SM6 shaderPlatform=PCD3D_SM6 lumenPlatform=1 gi=lumen giMethod=1 refl=lumen reflMethod=1 shadows=csm vsmEnable=0 sg.res=100 sg.view=2 sg.aa=2 sg.shadow=2 sg.gi=2 sg.refl=2 sg.pp=2 sg.tex=2 sg.fx=2 sg.foliage=2 sg.shading=2 sg.landscape=2 preset=High screenPct=100.0 screenPctMode=0 aa=TSR aaMethod=4 exposure=fixed-histogram expMin=2.46229 expMax=2.46229 expBias=0.000 ev100=1.30 lightUnits=candelas sky=1 skyIntensity=11.200 keyShadow=csm-3000uu-2c-contact0.000 shadowCasters=1 profile=cobble-probe profilesSha256=91ea86be522212fc770a33e3c9ac66f1cfde90c720c609bdc6bd29589965eaa5 profilesSource=pak legacyRender=0 gameLayer=unlit-eyeadaptinv tMaxFPS=30.0 vsync=0 frameRateLimit=60.0 substrate=0 nanite=1 meshDF=1 viewport=1920x1080 reference=1
2026.09.29-05.32.54 SHOT fighter f-0-hero pos=(2,2) world=(0,-50,0) screen=(960,476) projected=1 alive=1
2026.09.29-05.32.54 SHOT fighter f-0-sk0 pos=(3,2) world=(100,-50,0) screen=(1115,476) projected=1 alive=1
2026.09.29-05.32.54 SHOT fighter f-0-sk1 pos=(2,1) world=(0,-150,0) screen=(960,355) projected=1 alive=1
2026.09.29-05.32.54 SHOT fighter f-0-sk2 pos=(1,2) world=(-100,-50,0) screen=(805,476) projected=1 alive=1
2026.09.29-05.32.54 SHOT fighter f-1-hero pos=(2,3) world=(0,50,0) screen=(960,606) projected=1 alive=1
2026.09.29-05.32.54 SHOT fighter f-1-sk0 pos=(3,3) world=(100,50,0) screen=(1120,606) projected=1 alive=1
2026.09.29-05.32.54 SHOT camera dist=1930.8 target=1930.8 overview=1930.8 errPct=0.000 focusErr=0.00 settled=1 zoom=1.00
2026.09.29-05.32.54 SHOT head fighter=f-0-hero socket=Head mesh=SK_Medusa_FaceNeck_v2Candidate world=(0.0,-46.0,38.5) screen=(960.0,445.5) top=(960.0,439.8) bottom=(960.0,451.2) headPx=11.4 projected=1
2026.09.29-05.32.54 SHOT label fighter=f-0-hero mode=full bbox=(916,381,1004,414)
2026.09.29-05.32.54 SHOT label fighter=f-0-sk0 mode=full bbox=(1072,399,1169,428)
2026.09.29-05.32.54 SHOT label fighter=f-0-sk1 mode=full bbox=(914,276,1006,305)
2026.09.29-05.32.54 SHOT label fighter=f-0-sk2 mode=full bbox=(751,399,848,428)
2026.09.29-05.32.54 SHOT label fighter=f-1-hero mode=full bbox=(913,517,1007,545)
2026.09.29-05.32.54 SHOT label fighter=f-1-sk0 mode=full bbox=(1088,529,1162,558)
2026.09.29-05.32.54 SHOT requested: FScreenshotRequest(bShowUI) -> C:\Users\ren\AppData\Local\Temp\s08-phase2-20260929-103216-57124\phase2-board-joiner-1920x1080.png
2026.09.29-05.32.54 game -> room=cmum8p1r800y5wilkittjmiq8 code=<redacted> status=IN_PROGRESS
2026.09.29-05.32.54 PERF window t=25.1-30.2 frames=150 fps=29.30 frameMs avg=34.13 p50=33.33 p95=33.35 p99=34.62 max=149.71 hitches50=1 gpuMs avg=1.87 p50=1.84 p95=1.99 gameMs avg=1.35 p95=1.68 renderMs avg=3.63 p95=4.64
2026.09.29-05.32.57 game -> room=cmum8p1r800y5wilkittjmiq8 code=<redacted> status=IN_PROGRESS
2026.09.29-05.32.59 PERF window t=30.2-35.2 frames=151 fps=30.00 frameMs avg=33.33 p50=33.33 p95=33.33 p99=33.34 max=33.34 hitches50=0 gpuMs avg=1.77 p50=1.77 p95=1.82 gameMs avg=2.10 p95=1.68 renderMs avg=3.19 p95=3.95
2026.09.29-05.33.00 game -> room=cmum8p1r800y5wilkittjmiq8 code=<redacted> status=IN_PROGRESS
2026.09.29-05.33.03 game -> room=cmum8p1r800y5wilkittjmiq8 code=<redacted> status=IN_PROGRESS
2026.09.29-05.33.04 PERF window t=35.2-40.2 frames=149 fps=29.72 frameMs avg=33.65 p50=33.33 p95=33.33 p99=33.34 max=80.14 hitches50=1 gpuMs avg=1.78 p50=1.77 p95=1.89 gameMs avg=1.60 p95=1.76 renderMs avg=3.63 p95=4.89
2026.09.29-05.33.06 game -> room=cmum8p1r800y5wilkittjmiq8 code=<redacted> status=IN_PROGRESS
2026.09.29-05.33.09 game -> room=cmum8p1r800y5wilkittjmiq8 code=<redacted> status=IN_PROGRESS
2026.09.29-05.33.09 PERF window t=40.2-45.2 frames=151 fps=30.00 frameMs avg=33.33 p50=33.33 p95=33.33 p99=33.35 max=33.36 hitches50=0 gpuMs avg=1.88 p50=1.85 p95=2.04 gameMs avg=1.16 p95=1.42 renderMs avg=3.55 p95=4.77
2026.09.29-05.33.12 game -> room=cmum8p1r800y5wilkittjmiq8 code=<redacted> status=IN_PROGRESS
2026.09.29-05.33.14 PERF window t=45.2-50.2 frames=150 fps=30.00 frameMs avg=33.33 p50=33.33 p95=33.33 p99=33.35 max=33.45 hitches50=0 gpuMs avg=1.89 p50=1.87 p95=2.02 gameMs avg=1.15 p95=1.38 renderMs avg=3.72 p95=4.68
2026.09.29-05.33.15 game -> room=cmum8p1r800y5wilkittjmiq8 code=<redacted> status=IN_PROGRESS
2026.09.29-05.33.18 game -> room=cmum8p1r800y5wilkittjmiq8 code=<redacted> status=IN_PROGRESS
2026.09.29-05.33.19 PERF window t=50.2-55.3 frames=151 fps=30.00 frameMs avg=33.33 p50=33.33 p95=33.33 p99=33.34 max=33.36 hitches50=0 gpuMs avg=1.89 p50=1.88 p95=2.05 gameMs avg=1.19 p95=1.38 renderMs avg=3.80 p95=4.92
2026.09.29-05.33.21 game -> room=cmum8p1r800y5wilkittjmiq8 code=<redacted> status=IN_PROGRESS
2026.09.29-05.33.24 game -> room=cmum8p1r800y5wilkittjmiq8 code=<redacted> status=IN_PROGRESS
2026.09.29-05.33.24 PERF window t=55.3-60.3 frames=151 fps=30.00 frameMs avg=33.33 p50=33.33 p95=33.33 p99=33.34 max=33.34 hitches50=0 gpuMs avg=1.87 p50=1.84 p95=2.01 gameMs avg=1.09 p95=1.28 renderMs avg=3.35 p95=4.25
2026.09.29-05.33.27 game -> room=cmum8p1r800y5wilkittjmiq8 code=<redacted> status=IN_PROGRESS
2026.09.29-05.33.29 PERF window t=60.3-65.3 frames=151 fps=30.00 frameMs avg=33.33 p50=33.33 p95=33.33 p99=33.33 max=33.36 hitches50=0 gpuMs avg=1.85 p50=1.83 p95=1.99 gameMs avg=1.10 p95=1.29 renderMs avg=3.36 p95=4.08
2026.09.29-05.33.30 game -> room=cmum8p1r800y5wilkittjmiq8 code=<redacted> status=IN_PROGRESS
2026.09.29-05.33.33 game -> room=cmum8p1r800y5wilkittjmiq8 code=<redacted> status=IN_PROGRESS
2026.09.29-05.33.34 PERF window t=65.3-70.4 frames=151 fps=30.00 frameMs avg=33.33 p50=33.33 p95=33.33 p99=33.34 max=33.36 hitches50=0 gpuMs avg=1.86 p50=1.84 p95=1.99 gameMs avg=1.08 p95=1.27 renderMs avg=3.33 p95=4.12
2026.09.29-05.33.36 game -> room=cmum8p1r800y5wilkittjmiq8 code=<redacted> status=IN_PROGRESS
2026.09.29-05.33.39 game -> room=cmum8p1r800y5wilkittjmiq8 code=<redacted> status=IN_PROGRESS
2026.09.29-05.33.39 PERF window t=70.4-75.4 frames=151 fps=30.00 frameMs avg=33.33 p50=33.33 p95=33.33 p99=33.35 max=33.35 hitches50=0 gpuMs avg=1.84 p50=1.82 p95=1.98 gameMs avg=1.07 p95=1.20 renderMs avg=3.34 p95=3.98
2026.09.29-05.33.42 game -> room=cmum8p1r800y5wilkittjmiq8 code=<redacted> status=IN_PROGRESS
2026.09.29-05.33.44 PERF window t=75.4-80.4 frames=151 fps=30.00 frameMs avg=33.33 p50=33.33 p95=33.33 p99=33.34 max=33.35 hitches50=0 gpuMs avg=1.82 p50=1.81 p95=1.96 gameMs avg=1.03 p95=1.12 renderMs avg=3.28 p95=3.84
2026.09.29-05.33.45 game -> room=cmum8p1r800y5wilkittjmiq8 code=<redacted> status=IN_PROGRESS
2026.09.29-05.33.48 game -> room=cmum8p1r800y5wilkittjmiq8 code=<redacted> status=IN_PROGRESS
2026.09.29-05.33.49 PERF window t=80.4-85.5 frames=151 fps=30.00 frameMs avg=33.33 p50=33.33 p95=33.33 p99=33.33 max=33.34 hitches50=0 gpuMs avg=1.84 p50=1.82 p95=2.01 gameMs avg=1.07 p95=1.24 renderMs avg=3.35 p95=4.14
2026.09.29-05.33.51 game -> room=cmum8p1r800y5wilkittjmiq8 code=<redacted> status=IN_PROGRESS
2026.09.29-05.33.54 game -> room=cmum8p1r800y5wilkittjmiq8 code=<redacted> status=IN_PROGRESS
2026.09.29-05.33.54 PERF window t=85.5-90.5 frames=151 fps=30.00 frameMs avg=33.33 p50=33.33 p95=33.33 p99=33.33 max=33.34 hitches50=0 gpuMs avg=1.80 p50=1.79 p95=1.93 gameMs avg=1.05 p95=1.16 renderMs avg=3.12 p95=3.85
2026.09.29-05.33.57 game -> room=cmum8p1r800y5wilkittjmiq8 code=<redacted> status=IN_PROGRESS
2026.09.29-05.33.59 PERF window t=90.5-95.5 frames=149 fps=29.71 frameMs avg=33.66 p50=33.33 p95=33.34 p99=55.69 max=58.99 hitches50=2 gpuMs avg=1.82 p50=1.81 p95=1.92 gameMs avg=1.17 p95=1.69 renderMs avg=3.54 p95=5.59
2026.09.29-05.34.00 game -> room=cmum8p1r800y5wilkittjmiq8 code=<redacted> status=IN_PROGRESS
2026.09.29-05.34.03 game -> room=cmum8p1r800y5wilkittjmiq8 code=<redacted> status=IN_PROGRESS
2026.09.29-05.34.04 PERF summary scope=afterWarmup warmup=5 elapsed=100.0 frames=2844 fps=29.92 frameMs avg=33.42 p50=33.33 p95=33.33 p99=33.37 max=149.71 hitches50=4 gpuMs avg=1.79 p50=1.81 p95=1.98 gameMs avg=1.29 p95=1.60 renderMs avg=3.40 p95=4.52
2026.09.29-05.34.04 PERF summary scope=started elapsed=100.0 frames=2542 fps=29.91 frameMs avg=33.43 p50=33.33 p95=33.33 p99=33.38 max=149.71 hitches50=4 gpuMs avg=1.84 p50=1.82 p95=1.99 gameMs avg=1.27 p95=1.60 renderMs avg=3.48 p95=4.58
2026.09.29-05.34.04 PERF summary scope=artHud impl=alternate elapsed=100.0 frames=0 fps=0.00 frameMs avg=0.00 p50=0.00 p95=0.00 p99=0.00 max=0.00 hitches50=0 gpuMs avg=0.00 p50=0.00 p95=0.00 gameMs avg=0.00 p95=0.00 renderMs avg=0.00 p95=0.00
2026.09.29-05.34.04 PERF summary scope=artHudUmg impl=umg swaps=0 periodS=3.0 elapsed=100.0 frames=0 fps=0.00 frameMs avg=0.00 p50=0.00 p95=0.00 p99=0.00 max=0.00 hitches50=0 gpuMs avg=0.00 p50=0.00 p95=0.00 gameMs avg=0.00 p95=0.00 renderMs avg=0.00 p95=0.00 gameP50=0.000 gameP99=0.000
2026.09.29-05.34.04 PERF summary scope=artHudSlate impl=slate swaps=0 periodS=3.0 elapsed=100.0 frames=0 fps=0.00 frameMs avg=0.00 p50=0.00 p95=0.00 p99=0.00 max=0.00 hitches50=0 gpuMs avg=0.00 p50=0.00 p95=0.00 gameMs avg=0.00 p95=0.00 renderMs avg=0.00 p95=0.00 gameP50=0.000 gameP99=0.000
2026.09.29-05.34.04 --- S08 trace close ---
