2026.09.29-05.32.18 --- S08 trace open 2026.09.29-05.32.18 ---
2026.09.29-05.32.18 HUD icon texture size=48 ready=1 path=/Game/ArtTests/ARTMarkers/Textures/T_UI_Action_Attack_48 texture=48x48 probe=1 plate=1
2026.09.29-05.32.18 HUD alternate config periodS=3.0 startAt=34.0 first=umg
2026.09.29-05.32.18 HUD art widget plate impl=umg source=/Game/S08/UI/ArtHud/WBP_S08ArtPlate class=/Game/S08/UI/ArtHud/WBP_S08ArtPlate.WBP_S08ArtPlate_C parts=1 missing=- codeDefaultTree=0
2026.09.29-05.32.18 HUD art widget icon impl=umg source=/Game/S08/UI/ArtHud/WBP_S08ArtIcon class=/Game/S08/UI/ArtHud/WBP_S08ArtIcon.WBP_S08ArtIcon_C parts=1 missing=- codeDefaultTree=0
2026.09.29-05.32.18 RENDER preset applied=High flag=S08RenderPreset
2026.09.29-05.32.18 LOGIN ok user=art-preview-host
2026.09.29-05.32.21 HEROES loaded 84
2026.09.29-05.32.21 createGame -> room=cmum8p1r800y5wilkittjmiq8 code=<redacted> status=LOBBY
2026.09.29-05.32.23 PERF config tMaxFPS=30.0 frameRateLimit=60.0 vsync=0 smoothFrameRate=0 fixedFrameRate=0 rhi=D3D12
2026.09.29-05.32.23 RENDER tag=PERF rhi=D3D12 featureLevel=SM6 shaderPlatform=PCD3D_SM6 lumenPlatform=1 gi=lumen giMethod=1 refl=lumen reflMethod=1 shadows=csm vsmEnable=0 sg.res=100 sg.view=2 sg.aa=2 sg.shadow=2 sg.gi=2 sg.refl=2 sg.pp=2 sg.tex=2 sg.fx=2 sg.foliage=2 sg.shading=2 sg.landscape=2 preset=High screenPct=100.0 screenPctMode=0 aa=TSR aaMethod=4 exposure=engine-default expMin=1.00000 expMax=1.00000 expBias=1.000 ev100=0.00 lightUnits=- sky=0 skyIntensity=0.000 keyShadow=- shadowCasters=0 profile=- profilesSha256=- profilesSource=- legacyRender=0 gameLayer=unlit-eyeadaptinv tMaxFPS=30.0 vsync=0 frameRateLimit=60.0 substrate=0 nanite=1 meshDF=1 viewport=1920x1080 reference=0 notReference=noArtProfile,exposure,lightUnits,profilesSource
2026.09.29-05.32.23 PERF window t=0.0-5.0 frames=151 fps=29.95 frameMs avg=33.39 p50=33.33 p95=33.34 p99=33.41 max=41.30 hitches50=0 gpuMs avg=1.26 p50=1.28 p95=1.39 gameMs avg=1.71 p95=2.10 renderMs avg=2849.45 p95=4.66
2026.09.29-05.32.24 game -> room=cmum8p1r800y5wilkittjmiq8 code=<redacted> status=LOBBY
2026.09.29-05.32.24 selectHero -> room=cmum8p1r800y5wilkittjmiq8 code=<redacted> status=LOBBY
2026.09.29-05.32.27 game -> room=cmum8p1r800y5wilkittjmiq8 code=<redacted> status=LOBBY
2026.09.29-05.32.27 toggleReady -> room=cmum8p1r800y5wilkittjmiq8 code=<redacted> status=LOBBY
2026.09.29-05.32.28 PERF window t=5.0-10.0 frames=150 fps=29.97 frameMs avg=33.36 p50=33.33 p95=33.35 p99=34.06 max=36.59 hitches50=0 gpuMs avg=1.26 p50=1.26 p95=1.32 gameMs avg=1.57 p95=2.11 renderMs avg=3.10 p95=4.94
2026.09.29-05.32.30 game -> room=cmum8p1r800y5wilkittjmiq8 code=<redacted> status=LOBBY
2026.09.29-05.32.33 PERF window t=10.0-15.0 frames=150 fps=30.00 frameMs avg=33.33 p50=33.33 p95=33.33 p99=33.35 max=33.50 hitches50=0 gpuMs avg=1.39 p50=1.39 p95=1.46 gameMs avg=1.36 p95=1.54 renderMs avg=2.57 p95=3.16
2026.09.29-05.32.33 game -> room=cmum8p1r800y5wilkittjmiq8 code=<redacted> status=LOBBY
2026.09.29-05.32.36 game -> room=cmum8p1r800y5wilkittjmiq8 code=<redacted> status=LOBBY
2026.09.29-05.32.36 startGame -> room=cmum8p1r800y5wilkittjmiq8 code=<redacted> status=IN_PROGRESS
2026.09.29-05.32.36 SNAPSHOT applied seq=1 phase=ACTION_MANEUVER
2026.09.29-05.32.36 HANDLE_APPLIED #1 seq=1 decision=2 fightersValid=1 boardValid=1
2026.09.29-05.32.36 MODE seq=1 mode=0 combat=0 pending=0
2026.09.29-05.32.36 HUD seq=1 phase=ACTION_MANEUVER turn=you hand=5 oppHand=5(hidden) oppDeck=25 deck=25 discard=0
2026.09.29-05.32.36 ARTPREVIEW board profiles loaded=1 revision=2 boards=3 zoneStyles=11 lightProfiles=3 errors=0 path=Config/ArtBoards/S08ArtBoardProfiles.json
2026.09.29-05.32.36 ARTPREVIEW board profiles source=pak sha256=91ea86be522212fc770a33e3c9ac66f1cfde90c720c609bdc6bd29589965eaa5
2026.09.29-05.32.36 ARTPREVIEW game layer material=M_S08_GameLayerUnlit unlitEyeAdaptInv=1 legacyRender=0
2026.09.29-05.32.36 ARTPREVIEW Cobble assets ready
2026.09.29-05.32.36 ARTPREVIEW board assets ready cobbleMesh=1 tiles=1 zoneMaterials=2
2026.09.29-05.32.36 ARTPREVIEW medusa candidate variant=face-neck-v2 mesh=SK_Medusa_FaceNeck_v2Candidate requested=face-neck-v2
2026.09.29-05.32.36 ARTPREVIEW board profile=cobble-city match=boardId board=5x6 boardId=cmuhgs4b2001mwik4f2b2xtf8 surface=cobble-5x6-mesh light=cobble-probe artFixture=0
2026.09.29-05.32.36 ARTPREVIEW light profile=cobble-probe name=key role=key kind=directional at=(-350,-150,600) intensity=4.5 units=lux radius=0 color=(1.00,1.00,1.00) shadow=1
2026.09.29-05.32.36 ARTPREVIEW light profile=cobble-probe name=warm role=warm kind=point at=(260,-300,250) intensity=85 units=candelas radius=450 color=(1.00,1.00,1.00) shadow=0
2026.09.29-05.32.36 ARTPREVIEW sky profile=cobble-probe cubemap=/Game/S08/Render/TC_S08_AmbientDome loaded=1 spawned=1 intensity=11.2 color=(1.00,1.00,1.00) lowerBlack=0
2026.09.29-05.32.36 ARTPREVIEW exposure profile=cobble-probe method=histogram-fixed min=2.46229 max=2.46229 bias=0.000 ev100=1.30 volume=1
2026.09.29-05.32.36 ARTPREVIEW lights applied profile=cobble-probe directional=1 shadow=1 points=1 pointShadows=0 budgetOk=1
2026.09.29-05.32.36 ARTPREVIEW render profile=cobble-probe units=candelas sky=1 exposure=1 keyShadow=csm-3000uu-2c-contact0.000 shadowCasters=1 legacyRender=0
2026.09.29-05.32.36 ARTPREVIEW Cobble probe lights key=4.5 fill=0 warm=85
2026.09.29-05.32.36 ARTPREVIEW Cobble active 5x6 zones=30 blue=15 red=15 blueMarks=15 redMarks=45
2026.09.29-05.32.36 ARTPREVIEW board active profile=cobble-city 5x6 surface=cobble-5x6-mesh cells=30 zoneCells=30 multizone=0 triple=0 obstacles=0 zoneKeys=2 strokes=60 glyphs=45 surfaceParts=0 glyphMaterial=zone expectOk=1
2026.09.29-05.32.36 ARTPREVIEW board zone key=blue cells=15 stroke=solid glyph=diamond color=#3B78D8 ismUsage=1 strokePieces=15 glyphPieces=15 fallback=0
2026.09.29-05.32.36 ARTPREVIEW board zone key=red cells=15 stroke=dash3 glyph=bars2 color=#D8453B ismUsage=1 strokePieces=45 glyphPieces=30 fallback=0
2026.09.29-05.32.36 ARTPREVIEW board multizone cells=0 zonesListed=0 zonesMarked=0
2026.09.29-05.32.36 CAMERA dist=1931 loc=(0,1107,1582) pitch=-55 yaw=-90
2026.09.29-05.32.36 CAMERA config overview=1930.8 nearest=300.0 farthest=2970.4 zoomRange=0.65-6.44 minDist=300.0 outRatio=0.650 step=1.250 animMs=200 returnMs=300 followFrom=1.20 source=defaults issues=0
2026.09.29-05.32.36 BOARD 5x6 cells | control points: (0,0)=(-200,-250,0) (4,5)=(200,250,0) | neighbor pair (dist 100 uu)
2026.09.29-05.32.36 ARTPREVIEW click capsule fighter=f-0-hero mesh=SK_Medusa_FaceNeck_v2Candidate physicsAsset=0 radius=12.5 halfHeight=27.5 top=55.0 bodyCollision=0 source=meshBounds
2026.09.29-05.32.36 ARTPREVIEW fighter=Medusa hero=1 eligible=1 visual=1 mesh=SK_Medusa_FaceNeck_v2Candidate
2026.09.29-05.32.36 ARTPREVIEW click capsule fighter=f-0-sk0 mesh=SM_ART003_Harpy physicsAsset=0 radius=20.0 halfHeight=21.0 top=42.0 bodyCollision=0 source=meshBounds
2026.09.29-05.32.36 ARTPREVIEW click capsule fighter=f-0-sk1 mesh=SM_ART003_Harpy physicsAsset=0 radius=20.0 halfHeight=21.0 top=42.0 bodyCollision=0 source=meshBounds
2026.09.29-05.32.36 ARTPREVIEW click capsule fighter=f-0-sk2 mesh=SM_ART003_Harpy physicsAsset=0 radius=20.0 halfHeight=21.0 top=42.0 bodyCollision=0 source=meshBounds
2026.09.29-05.32.36 ARTPREVIEW click capsule fighter=f-1-hero mesh=SM_ART003_Arthur physicsAsset=0 radius=17.8 halfHeight=28.0 top=56.0 bodyCollision=0 source=meshBounds
2026.09.29-05.32.36 ARTPREVIEW click capsule fighter=f-1-sk0 mesh=SM_ART003_Merlin physicsAsset=0 radius=14.7 halfHeight=30.8 top=61.5 bodyCollision=0 source=meshBounds
2026.09.29-05.32.36 FIGHTERS synced n=6 alive=6 own=4 enemy=2
2026.09.29-05.32.36 STATE seq=1 -> apply
2026.09.29-05.32.36 HUD art layer plate=1 iconSize=48 iconTexture=1 iconProbe=1 plan=0
2026.09.29-05.32.36 HUD art impl=alternate plateViews=umg:/Game/S08/UI/ArtHud/WBP_S08ArtPlate,slate:slate iconViews=umg:/Game/S08/UI/ArtHud/WBP_S08ArtIcon,slate:slate textTable=S08ArtHud entries=13 missingKeys=0
2026.09.29-05.32.36 SUBSCRIBED gameStateUpdated since=1
2026.09.29-05.32.36 ARTPREVIEW icon probe src=flag target=f-1-hero size=48
2026.09.29-05.32.36 ICON fighter=f-1-hero bbox=(936,465,984,513) size=48 src=flag labelAvoid=1 hudAvoid=0
2026.09.29-05.32.36 SNAPSHOT applied seq=1 phase=ACTION_MANEUVER
2026.09.29-05.32.36 HANDLE_APPLIED #2 seq=1 decision=1 fightersValid=1 boardValid=1
2026.09.29-05.32.36 MODE seq=1 mode=0 combat=0 pending=0
2026.09.29-05.32.36 HUD seq=1 phase=ACTION_MANEUVER turn=you hand=5 oppHand=5(hidden) oppDeck=25 deck=25 discard=0
2026.09.29-05.32.36 ARTPREVIEW fighter=Medusa hero=1 eligible=1 visual=1 mesh=SK_Medusa_FaceNeck_v2Candidate
2026.09.29-05.32.36 FIGHTERS synced n=6 alive=6 own=4 enemy=2
2026.09.29-05.32.36 WS seq=1 phase=ACTION_MANEUVER (merge)
2026.09.29-05.32.38 PERF window t=15.0-20.1 frames=150 fps=29.94 frameMs avg=33.40 p50=33.33 p95=33.33 p99=34.07 max=41.90 hitches50=0 gpuMs avg=1.57 p50=1.40 p95=1.91 gameMs avg=1.79 p95=1.98 renderMs avg=3.32 p95=4.10
2026.09.29-05.32.39 game -> room=cmum8p1r800y5wilkittjmiq8 code=<redacted> status=IN_PROGRESS
2026.09.29-05.32.42 game -> room=cmum8p1r800y5wilkittjmiq8 code=<redacted> status=IN_PROGRESS
2026.09.29-05.32.43 PERF window t=20.1-25.1 frames=150 fps=30.00 frameMs avg=33.33 p50=33.33 p95=33.33 p99=33.40 max=33.41 hitches50=0 gpuMs avg=1.82 p50=1.81 p95=1.93 gameMs avg=1.35 p95=1.51 renderMs avg=3.44 p95=4.36
2026.09.29-05.32.45 game -> room=cmum8p1r800y5wilkittjmiq8 code=<redacted> status=IN_PROGRESS
2026.09.29-05.32.46 ARTPREVIEW selection ring shown fighter=Medusa mesh=SM_Marker_SelectionRing
2026.09.29-05.32.46 ARTPREVIEW reachable corners cells=13 placed=1
2026.09.29-05.32.46 ARTPREVIEW selection ownHero=1 selected=1 fighter=Medusa reachable=14 fighterId=f-0-hero
2026.09.29-05.32.46 INPUT select src=flag fighter=f-0-hero flag=ArtPreviewSelectOwnHero
2026.09.29-05.32.46 ARTPREVIEW camera focus requested zoom=5.00 overview=1931 target=386
2026.09.29-05.32.46 INPUT zoom src=flag zoom=5.00 flag=ArtPreviewFocusZoom
2026.09.29-05.32.46 CAMERA focus src=flag from=1930.8 to=386.2 requested=386.2 zoom=5.00 clamp=0 limit=none animMs=200
2026.09.29-05.32.46 HUD plate content fighter=f-0-hero name=Medusa hp=16/16 team=own statuses=HERO  |  MELEE
2026.09.29-05.32.46 ICON fighter=f-1-hero bbox=(936,807,984,855) size=48 src=flag labelAvoid=0 hudAvoid=0
2026.09.29-05.32.46 PLATE fighter=f-0-hero bbox=(1097,471,1269,525) overlapReachable=0 placement=right ring=0 gap=6 selection=f-0-hero destinations=13 clean=1 softPx2=0 tested=228
2026.09.29-05.32.46 CAMERA settled elapsed=28.19 dist=386.2 target=386.2 errPct=0.000 focusErr=0.00 focus=(0,-50,28)
2026.09.29-05.32.46 ICON fighter=f-1-hero bbox=(936,933,984,981) size=48 src=flag labelAvoid=0 hudAvoid=1
2026.09.29-05.32.46 PLATE fighter=f-0-hero bbox=(1139,494,1311,548) overlapReachable=0 placement=right ring=0 gap=6 selection=f-0-hero destinations=13 clean=1 softPx2=0 tested=278
2026.09.29-05.32.48 SHOT ctx viewport=1920x1080 viewTarget=CameraActor_2147482364 cam=(0,171,344) rot=(-55,-90,0)
2026.09.29-05.32.48 RENDER tag=SHOT rhi=D3D12 featureLevel=SM6 shaderPlatform=PCD3D_SM6 lumenPlatform=1 gi=lumen giMethod=1 refl=lumen reflMethod=1 shadows=csm vsmEnable=0 sg.res=100 sg.view=2 sg.aa=2 sg.shadow=2 sg.gi=2 sg.refl=2 sg.pp=2 sg.tex=2 sg.fx=2 sg.foliage=2 sg.shading=2 sg.landscape=2 preset=High screenPct=100.0 screenPctMode=0 aa=TSR aaMethod=4 exposure=fixed-histogram expMin=2.46229 expMax=2.46229 expBias=0.000 ev100=1.30 lightUnits=candelas sky=1 skyIntensity=11.200 keyShadow=csm-3000uu-2c-contact0.000 shadowCasters=1 profile=cobble-probe profilesSha256=91ea86be522212fc770a33e3c9ac66f1cfde90c720c609bdc6bd29589965eaa5 profilesSource=pak legacyRender=0 gameLayer=unlit-eyeadaptinv tMaxFPS=30.0 vsync=0 frameRateLimit=60.0 substrate=0 nanite=1 meshDF=1 viewport=1920x1080 reference=1
2026.09.29-05.32.48 SHOT fighter f-0-hero pos=(2,2) world=(0,-50,0) screen=(960,660) projected=1 alive=1
2026.09.29-05.32.48 SHOT fighter f-0-sk0 pos=(3,2) world=(100,-50,0) screen=(1704,660) projected=1 alive=1
2026.09.29-05.32.48 SHOT fighter f-0-sk1 pos=(2,1) world=(0,-150,0) screen=(960,110) projected=1 alive=1
2026.09.29-05.32.48 SHOT fighter f-0-sk2 pos=(1,2) world=(-100,-50,0) screen=(216,660) projected=1 alive=1
2026.09.29-05.32.48 SHOT fighter f-1-hero pos=(2,3) world=(0,50,0) screen=(960,1388) projected=1 alive=1
2026.09.29-05.32.48 SHOT fighter f-1-sk0 pos=(3,3) world=(100,50,0) screen=(1826,1388) projected=1 alive=1
2026.09.29-05.32.48 SHOT camera dist=386.2 target=386.2 overview=1930.8 errPct=0.000 focusErr=0.00 settled=1 zoom=5.00
2026.09.29-05.32.48 SHOT head fighter=f-0-hero socket=Head mesh=SK_Medusa_FaceNeck_v2Candidate world=(0.0,-46.0,38.5) screen=(960.0,517.7) top=(960.0,489.1) bottom=(960.0,545.6) headPx=56.4 projected=1
2026.09.29-05.32.48 SHOT selection fighter=f-0-hero ownCell=(2,2) legal=14 destinations=13 ownCellExcluded=1 plateFighter=f-0-hero
2026.09.29-05.32.48 SHOT reachable fighter=f-0-hero n=13 cells=(1,0)(2,0)(3,0)(0,1)(1,1)(3,1)(4,1)(0,2)(4,2)(0,3)(1,3)(4,3)(1,4)
2026.09.29-05.32.48 SHOT plate fighter=f-0-hero bbox=(1139,494,1311,548) overlapReachable=0 placement=right gap=6 anchor=(787,282,1133,788) planned=(1139,494,1311,548) geom=painted stableFrames=54
2026.09.29-05.32.48 SHOT icon fighter=f-1-hero bbox=(936,933,984,981) size=48 src=flag planned=(936,933,984,981) geom=painted
2026.09.29-05.32.48 SHOT widget id=plate impl=umg state=own fighter=f-0-hero bbox=(1139,494,1311,548) geom=painted visible=1 twin=0 source=/Game/S08/UI/ArtHud/WBP_S08ArtPlate
2026.09.29-05.32.48 SHOT widget id=plate.marker impl=umg state=own fighter=f-0-hero bbox=(1139,494,1311,497) geom=painted visible=1 twin=0 source=/Game/S08/UI/ArtHud/WBP_S08ArtPlate
2026.09.29-05.32.48 SHOT widget id=plate.name impl=umg state=own fighter=f-0-hero bbox=(1145,499,1260,518) geom=painted visible=1 twin=0 source=/Game/S08/UI/ArtHud/WBP_S08ArtPlate
2026.09.29-05.32.48 SHOT widget id=plate.team impl=umg state=own fighter=f-0-hero bbox=(1260,502,1305,515) geom=painted visible=1 twin=0 source=/Game/S08/UI/ArtHud/WBP_S08ArtPlate
2026.09.29-05.32.48 SHOT widget id=plate.hpbar impl=umg state=own fighter=f-0-hero bbox=(1145,524,1241,531) geom=painted visible=1 twin=0 source=/Game/S08/UI/ArtHud/WBP_S08ArtPlate
2026.09.29-05.32.48 SHOT widget id=plate.hpfill impl=umg state=own fighter=f-0-hero bbox=(1145,524,1241,531) geom=painted visible=1 twin=0 source=/Game/S08/UI/ArtHud/WBP_S08ArtPlate
2026.09.29-05.32.48 SHOT widget id=plate.hp impl=umg state=own fighter=f-0-hero bbox=(1247,520,1300,535) geom=painted visible=1 twin=0 source=/Game/S08/UI/ArtHud/WBP_S08ArtPlate
2026.09.29-05.32.48 SHOT widget id=plate.status impl=umg state=own fighter=f-0-hero bbox=(1145,537,1305,550) geom=painted visible=1 twin=0 source=/Game/S08/UI/ArtHud/WBP_S08ArtPlate
2026.09.29-05.32.48 SHOT widget id=icon impl=umg state=flag fighter=f-1-hero bbox=(936,933,984,981) geom=painted visible=1 twin=0 source=/Game/S08/UI/ArtHud/WBP_S08ArtIcon
2026.09.29-05.32.48 SHOT label fighter=f-0-sk0 mode=compact bbox=(1724,432,1848,446)
2026.09.29-05.32.48 SHOT label fighter=f-0-sk1 mode=compact bbox=(908,-140,1012,-126)
2026.09.29-05.32.48 SHOT label fighter=f-0-sk2 mode=compact bbox=(72,432,196,446)
2026.09.29-05.32.48 SHOT label fighter=f-1-hero mode=compact bbox=(880,1137,1040,1147)
2026.09.29-05.32.48 SHOT label fighter=f-1-sk0 mode=compact bbox=(1875,1215,2003,1227)
2026.09.29-05.32.48 SHOT requested: FScreenshotRequest(bShowUI) -> C:\Users\ren\AppData\Local\Temp\s08-phase2-20260929-103216-57124\phase2-board-host-1920x1080.png
2026.09.29-05.32.48 game -> room=cmum8p1r800y5wilkittjmiq8 code=<redacted> status=IN_PROGRESS
2026.09.29-05.32.48 PERF window t=25.1-30.3 frames=150 fps=28.58 frameMs avg=34.98 p50=33.33 p95=33.33 p99=33.65 max=280.52 hitches50=1 gpuMs avg=1.94 p50=1.90 p95=2.21 gameMs avg=1.64 p95=2.13 renderMs avg=3.75 p95=4.62
2026.09.29-05.32.51 game -> room=cmum8p1r800y5wilkittjmiq8 code=<redacted> status=IN_PROGRESS
2026.09.29-05.32.52 HUD alternate swap=1 active=umg elapsed=34.00
2026.09.29-05.32.53 PERF window t=30.3-35.3 frames=150 fps=29.99 frameMs avg=33.34 p50=33.33 p95=33.34 p99=33.48 max=34.34 hitches50=0 gpuMs avg=2.11 p50=2.06 p95=2.38 gameMs avg=3.46 p95=2.25 renderMs avg=3.83 p95=5.01
2026.09.29-05.32.54 game -> room=cmum8p1r800y5wilkittjmiq8 code=<redacted> status=IN_PROGRESS
2026.09.29-05.32.55 HUD alternate period=1 impl=umg frames=84 gameAvg=1.825 gameP50=1.712 gameP95=2.413 gpuP95=2.282
2026.09.29-05.32.55 HUD alternate swap=2 active=slate elapsed=37.00
2026.09.29-05.32.57 game -> room=cmum8p1r800y5wilkittjmiq8 code=<redacted> status=IN_PROGRESS
2026.09.29-05.32.58 HUD alternate period=2 impl=slate frames=85 gameAvg=1.655 gameP50=1.617 gameP95=1.851 gpuP95=2.136
2026.09.29-05.32.58 HUD alternate swap=3 active=umg elapsed=40.04
2026.09.29-05.32.58 PERF window t=35.3-40.3 frames=150 fps=29.98 frameMs avg=33.35 p50=33.33 p95=33.33 p99=33.34 max=36.17 hitches50=0 gpuMs avg=1.99 p50=1.95 p95=2.18 gameMs avg=1.89 p95=2.15 renderMs avg=3.57 p95=4.33
2026.09.29-05.33.00 game -> room=cmum8p1r800y5wilkittjmiq8 code=<redacted> status=IN_PROGRESS
2026.09.29-05.33.01 HUD alternate period=3 impl=umg frames=84 gameAvg=1.818 gameP50=1.463 gameP95=1.865 gpuP95=2.165
2026.09.29-05.33.01 HUD alternate swap=4 active=slate elapsed=43.04
2026.09.29-05.33.03 game -> room=cmum8p1r800y5wilkittjmiq8 code=<redacted> status=IN_PROGRESS
2026.09.29-05.33.03 PERF window t=40.3-45.3 frames=151 fps=30.00 frameMs avg=33.33 p50=33.33 p95=33.33 p99=33.33 max=33.36 hitches50=0 gpuMs avg=2.00 p50=1.96 p95=2.17 gameMs avg=1.66 p95=2.30 renderMs avg=3.82 p95=5.30
2026.09.29-05.33.04 HUD alternate period=4 impl=slate frames=85 gameAvg=1.872 gameP50=1.766 gameP95=2.443 gpuP95=2.187
2026.09.29-05.33.04 HUD alternate swap=5 active=umg elapsed=46.07
2026.09.29-05.33.06 game -> room=cmum8p1r800y5wilkittjmiq8 code=<redacted> status=IN_PROGRESS
2026.09.29-05.33.07 HUD alternate period=5 impl=umg frames=84 gameAvg=1.727 gameP50=1.685 gameP95=2.071 gpuP95=2.200
2026.09.29-05.33.07 HUD alternate swap=6 active=slate elapsed=49.07
2026.09.29-05.33.08 PERF window t=45.3-50.3 frames=150 fps=30.00 frameMs avg=33.34 p50=33.33 p95=33.34 p99=33.40 max=33.41 hitches50=0 gpuMs avg=2.01 p50=1.98 p95=2.19 gameMs avg=1.78 p95=2.20 renderMs avg=4.03 p95=5.16
2026.09.29-05.33.09 game -> room=cmum8p1r800y5wilkittjmiq8 code=<redacted> status=IN_PROGRESS
2026.09.29-05.33.10 HUD alternate period=6 impl=slate frames=84 gameAvg=1.732 gameP50=1.678 gameP95=2.066 gpuP95=2.204
2026.09.29-05.33.10 HUD alternate swap=7 active=umg elapsed=52.07
2026.09.29-05.33.12 game -> room=cmum8p1r800y5wilkittjmiq8 code=<redacted> status=IN_PROGRESS
2026.09.29-05.33.13 HUD alternate period=7 impl=umg frames=84 gameAvg=1.774 gameP50=1.700 gameP95=2.162 gpuP95=2.237
2026.09.29-05.33.13 HUD alternate swap=8 active=slate elapsed=55.07
2026.09.29-05.33.13 PERF window t=50.3-55.3 frames=150 fps=30.00 frameMs avg=33.34 p50=33.33 p95=33.35 p99=33.40 max=33.41 hitches50=0 gpuMs avg=2.03 p50=1.99 p95=2.23 gameMs avg=1.76 p95=2.11 renderMs avg=3.93 p95=4.92
2026.09.29-05.33.15 game -> room=cmum8p1r800y5wilkittjmiq8 code=<redacted> status=IN_PROGRESS
2026.09.29-05.33.16 HUD alternate period=8 impl=slate frames=84 gameAvg=1.809 gameP50=1.754 gameP95=2.280 gpuP95=2.180
2026.09.29-05.33.16 HUD alternate swap=9 active=umg elapsed=58.07
2026.09.29-05.33.18 game -> room=cmum8p1r800y5wilkittjmiq8 code=<redacted> status=IN_PROGRESS
2026.09.29-05.33.18 PERF window t=55.3-60.3 frames=150 fps=30.00 frameMs avg=33.34 p50=33.33 p95=33.35 p99=33.40 max=33.41 hitches50=0 gpuMs avg=2.02 p50=2.00 p95=2.19 gameMs avg=1.80 p95=2.28 renderMs avg=4.15 p95=5.19
2026.09.29-05.33.19 HUD alternate period=9 impl=umg frames=84 gameAvg=1.724 gameP50=1.657 gameP95=2.129 gpuP95=2.200
2026.09.29-05.33.19 HUD alternate swap=10 active=slate elapsed=61.07
2026.09.29-05.33.21 game -> room=cmum8p1r800y5wilkittjmiq8 code=<redacted> status=IN_PROGRESS
2026.09.29-05.33.22 HUD alternate period=10 impl=slate frames=84 gameAvg=1.589 gameP50=1.550 gameP95=1.866 gpuP95=2.192
2026.09.29-05.33.22 HUD alternate swap=11 active=umg elapsed=64.07
2026.09.29-05.33.23 PERF window t=60.3-65.3 frames=150 fps=30.00 frameMs avg=33.34 p50=33.33 p95=33.35 p99=33.39 max=33.41 hitches50=0 gpuMs avg=2.01 p50=1.98 p95=2.20 gameMs avg=1.64 p95=2.03 renderMs avg=3.65 p95=4.44
2026.09.29-05.33.24 game -> room=cmum8p1r800y5wilkittjmiq8 code=<redacted> status=IN_PROGRESS
2026.09.29-05.33.25 HUD alternate period=11 impl=umg frames=84 gameAvg=1.622 gameP50=1.576 gameP95=1.983 gpuP95=2.162
2026.09.29-05.33.25 HUD alternate swap=12 active=slate elapsed=67.07
2026.09.29-05.33.27 game -> room=cmum8p1r800y5wilkittjmiq8 code=<redacted> status=IN_PROGRESS
2026.09.29-05.33.28 HUD alternate period=12 impl=slate frames=84 gameAvg=1.619 gameP50=1.551 gameP95=2.036 gpuP95=2.160
2026.09.29-05.33.28 HUD alternate swap=13 active=umg elapsed=70.07
2026.09.29-05.33.28 PERF window t=65.3-70.3 frames=150 fps=30.00 frameMs avg=33.33 p50=33.33 p95=33.35 p99=33.37 max=33.38 hitches50=0 gpuMs avg=2.00 p50=1.97 p95=2.20 gameMs avg=1.63 p95=2.04 renderMs avg=3.57 p95=4.32
2026.09.29-05.33.30 game -> room=cmum8p1r800y5wilkittjmiq8 code=<redacted> status=IN_PROGRESS
2026.09.29-05.33.31 HUD alternate period=13 impl=umg frames=84 gameAvg=1.534 gameP50=1.478 gameP95=1.921 gpuP95=2.149
2026.09.29-05.33.31 HUD alternate swap=14 active=slate elapsed=73.07
2026.09.29-05.33.33 game -> room=cmum8p1r800y5wilkittjmiq8 code=<redacted> status=IN_PROGRESS
2026.09.29-05.33.33 PERF window t=70.3-75.3 frames=150 fps=30.00 frameMs avg=33.33 p50=33.33 p95=33.33 p99=33.35 max=33.37 hitches50=0 gpuMs avg=2.00 p50=1.96 p95=2.19 gameMs avg=1.54 p95=1.91 renderMs avg=3.56 p95=4.43
2026.09.29-05.33.34 HUD alternate period=14 impl=slate frames=84 gameAvg=1.547 gameP50=1.517 gameP95=1.862 gpuP95=2.215
2026.09.29-05.33.34 HUD alternate swap=15 active=umg elapsed=76.07
2026.09.29-05.33.36 game -> room=cmum8p1r800y5wilkittjmiq8 code=<redacted> status=IN_PROGRESS
2026.09.29-05.33.37 HUD alternate period=15 impl=umg frames=84 gameAvg=1.499 gameP50=1.385 gameP95=1.983 gpuP95=2.173
2026.09.29-05.33.37 HUD alternate swap=16 active=slate elapsed=79.08
2026.09.29-05.33.38 PERF window t=75.3-80.3 frames=150 fps=30.00 frameMs avg=33.33 p50=33.33 p95=33.35 p99=33.38 max=33.38 hitches50=0 gpuMs avg=1.99 p50=1.97 p95=2.17 gameMs avg=1.53 p95=1.98 renderMs avg=3.44 p95=4.40
2026.09.29-05.33.39 game -> room=cmum8p1r800y5wilkittjmiq8 code=<redacted> status=IN_PROGRESS
2026.09.29-05.33.40 HUD alternate period=16 impl=slate frames=84 gameAvg=1.506 gameP50=1.445 gameP95=1.863 gpuP95=2.108
2026.09.29-05.33.40 HUD alternate swap=17 active=umg elapsed=82.08
2026.09.29-05.33.42 game -> room=cmum8p1r800y5wilkittjmiq8 code=<redacted> status=IN_PROGRESS
2026.09.29-05.33.43 HUD alternate period=17 impl=umg frames=84 gameAvg=1.477 gameP50=1.418 gameP95=1.860 gpuP95=2.170
2026.09.29-05.33.43 HUD alternate swap=18 active=slate elapsed=85.08
2026.09.29-05.33.43 PERF window t=80.3-85.3 frames=150 fps=30.00 frameMs avg=33.33 p50=33.33 p95=33.34 p99=33.35 max=33.37 hitches50=0 gpuMs avg=1.98 p50=1.96 p95=2.17 gameMs avg=1.49 p95=1.86 renderMs avg=3.34 p95=4.05
2026.09.29-05.33.45 game -> room=cmum8p1r800y5wilkittjmiq8 code=<redacted> status=IN_PROGRESS
2026.09.29-05.33.46 HUD alternate period=18 impl=slate frames=84 gameAvg=1.536 gameP50=1.480 gameP95=1.859 gpuP95=2.201
2026.09.29-05.33.46 HUD alternate swap=19 active=umg elapsed=88.08
2026.09.29-05.33.48 game -> room=cmum8p1r800y5wilkittjmiq8 code=<redacted> status=IN_PROGRESS
2026.09.29-05.33.48 PERF window t=85.3-90.3 frames=150 fps=30.00 frameMs avg=33.33 p50=33.33 p95=33.33 p99=33.35 max=33.36 hitches50=0 gpuMs avg=1.99 p50=1.96 p95=2.20 gameMs avg=1.54 p95=1.97 renderMs avg=3.58 p95=4.40
2026.09.29-05.33.49 HUD alternate period=19 impl=umg frames=84 gameAvg=1.475 gameP50=1.391 gameP95=1.945 gpuP95=2.198
2026.09.29-05.33.49 HUD alternate swap=20 active=slate elapsed=91.08
2026.09.29-05.33.51 game -> room=cmum8p1r800y5wilkittjmiq8 code=<redacted> status=IN_PROGRESS
2026.09.29-05.33.52 HUD alternate period=20 impl=slate frames=84 gameAvg=1.452 gameP50=1.399 gameP95=1.760 gpuP95=2.194
2026.09.29-05.33.52 HUD alternate swap=21 active=umg elapsed=94.08
2026.09.29-05.33.53 PERF window t=90.3-95.3 frames=150 fps=30.00 frameMs avg=33.33 p50=33.33 p95=33.33 p99=33.36 max=33.39 hitches50=0 gpuMs avg=2.00 p50=1.98 p95=2.19 gameMs avg=1.44 p95=1.78 renderMs avg=3.32 p95=4.13
2026.09.29-05.33.54 game -> room=cmum8p1r800y5wilkittjmiq8 code=<redacted> status=IN_PROGRESS
2026.09.29-05.33.55 HUD alternate period=21 impl=umg frames=85 gameAvg=1.423 gameP50=1.362 gameP95=1.751 gpuP95=2.173
2026.09.29-05.33.55 HUD alternate swap=22 active=slate elapsed=97.11
2026.09.29-05.33.57 game -> room=cmum8p1r800y5wilkittjmiq8 code=<redacted> status=IN_PROGRESS
2026.09.29-05.33.58 PERF summary scope=afterWarmup warmup=5 elapsed=100.0 frames=2843 fps=29.91 frameMs avg=33.43 p50=33.33 p95=33.34 p99=33.38 max=280.52 hitches50=1 gpuMs avg=1.90 p50=1.96 p95=2.19 gameMs avg=1.71 p95=2.08 renderMs avg=3.55 p95=4.67
2026.09.29-05.33.58 PERF summary scope=started elapsed=100.0 frames=2449 fps=29.90 frameMs avg=33.44 p50=33.33 p95=33.34 p99=33.38 max=280.52 hitches50=1 gpuMs avg=1.99 p50=1.97 p95=2.20 gameMs avg=1.75 p95=2.10 renderMs avg=3.67 p95=4.70
2026.09.29-05.33.58 PERF summary scope=artHud impl=alternate elapsed=100.0 frames=2152 fps=29.89 frameMs avg=33.45 p50=33.33 p95=33.34 p99=33.38 max=280.52 hitches50=1 gpuMs avg=2.01 p50=1.98 p95=2.21 gameMs avg=1.77 p95=2.11 renderMs avg=3.67 p95=4.73
2026.09.29-05.33.58 PERF summary scope=artHudUmg impl=umg swaps=22 periodS=3.0 elapsed=100.0 frames=925 fps=29.99 frameMs avg=33.34 p50=33.33 p95=33.34 p99=33.38 max=36.17 hitches50=0 gpuMs avg=2.01 p50=1.98 p95=2.20 gameMs avg=1.63 p95=2.05 renderMs avg=3.59 p95=4.57 gameP50=1.551 gameP99=3.235
2026.09.29-05.33.58 PERF summary scope=artHudSlate impl=slate swaps=22 periodS=3.0 elapsed=100.0 frames=923 fps=30.00 frameMs avg=33.34 p50=33.33 p95=33.34 p99=33.36 max=34.64 hitches50=0 gpuMs avg=2.00 p50=1.97 p95=2.18 gameMs avg=1.63 p95=2.11 renderMs avg=3.70 p95=4.73 gameP50=1.568 gameP99=3.094
2026.09.29-05.33.58 --- S08 trace close ---
