2026.09.29-14.33.08 --- S08 trace open 2026.09.29-14.33.08 ---
2026.09.29-14.33.08 HUD team chips ready=1 mode=absolute tagNames=rule
2026.09.29-14.33.08 HUD icon texture size=24 ready=1 path=/Game/ArtTests/ARTMarkers/Textures/T_UI_Action_AttackToken_24 texture=24x24 probe=1 plate=1
2026.09.29-14.33.08 HUD art widget tag impl=umg source=/Game/S08/UI/ArtHud/WBP_S08ArtTag class=/Game/S08/UI/ArtHud/WBP_S08ArtTag.WBP_S08ArtTag_C count=8 missing=- codeDefaultTree=0
2026.09.29-14.33.08 HUD art widget plate impl=umg source=/Game/S08/UI/ArtHud/WBP_S08ArtPlate class=/Game/S08/UI/ArtHud/WBP_S08ArtPlate.WBP_S08ArtPlate_C parts=1 missing=- codeDefaultTree=0
2026.09.29-14.33.08 HUD art widget icon impl=umg source=/Game/S08/UI/ArtHud/WBP_S08ArtIcon class=/Game/S08/UI/ArtHud/WBP_S08ArtIcon.WBP_S08ArtIcon_C parts=1 missing=- codeDefaultTree=0
2026.09.29-14.33.08 HUD art widget damage impl=umg source=/Game/S08/UI/ArtHud/WBP_S08ArtDamage class=/Game/S08/UI/ArtHud/WBP_S08ArtDamage.WBP_S08ArtDamage_C parts=1 missing=- codeDefaultTree=0
2026.09.29-14.33.08 RENDER preset applied=High flag=S08RenderPreset
2026.09.29-14.33.08 LOGIN ok user=art-preview-host
2026.09.29-14.33.11 HEROES loaded 84
2026.09.29-14.33.11 createGame -> room=cmums0k5n00j7wivcrvfw98ug code=<redacted> status=LOBBY
2026.09.29-14.33.13 PERF config tMaxFPS=30.0 frameRateLimit=60.0 vsync=0 smoothFrameRate=0 fixedFrameRate=0 rhi=D3D12
2026.09.29-14.33.13 RENDER tag=PERF rhi=D3D12 featureLevel=SM6 shaderPlatform=PCD3D_SM6 lumenPlatform=1 gi=lumen giMethod=1 refl=lumen reflMethod=1 shadows=csm vsmEnable=0 sg.res=100 sg.view=2 sg.aa=2 sg.shadow=2 sg.gi=2 sg.refl=2 sg.pp=2 sg.tex=2 sg.fx=2 sg.foliage=2 sg.shading=2 sg.landscape=2 preset=High screenPct=100.0 screenPctMode=0 aa=TSR aaMethod=4 exposure=engine-default expMin=1.00000 expMax=1.00000 expBias=1.000 ev100=0.00 lightUnits=- sky=0 skyIntensity=0.000 keyShadow=- shadowCasters=0 profile=- profilesSha256=- profilesSource=- legacyRender=0 gameLayer=unlit-eyeadaptinv tMaxFPS=30.0 vsync=0 frameRateLimit=60.0 substrate=0 nanite=1 meshDF=1 viewport=1920x1080 reference=0 notReference=noArtProfile,exposure,lightUnits,profilesSource
2026.09.29-14.33.13 PERF window t=0.0-5.0 frames=151 fps=29.94 frameMs avg=33.40 p50=33.33 p95=33.35 p99=33.58 max=42.92 hitches50=0 gpuMs avg=1.22 p50=1.26 p95=1.33 gameMs avg=1.72 p95=2.08 renderMs avg=2849.45 p95=4.35
2026.09.29-14.33.14 game -> room=cmums0k5n00j7wivcrvfw98ug code=<redacted> status=LOBBY
2026.09.29-14.33.14 selectHero -> room=cmums0k5n00j7wivcrvfw98ug code=<redacted> status=LOBBY
2026.09.29-14.33.17 game -> room=cmums0k5n00j7wivcrvfw98ug code=<redacted> status=LOBBY
2026.09.29-14.33.17 toggleReady -> room=cmums0k5n00j7wivcrvfw98ug code=<redacted> status=LOBBY
2026.09.29-14.33.18 PERF window t=5.0-10.0 frames=150 fps=29.99 frameMs avg=33.34 p50=33.33 p95=33.34 p99=33.49 max=34.10 hitches50=0 gpuMs avg=1.27 p50=1.26 p95=1.32 gameMs avg=1.64 p95=2.39 renderMs avg=3.39 p95=4.99
2026.09.29-14.33.20 game -> room=cmums0k5n00j7wivcrvfw98ug code=<redacted> status=LOBBY
2026.09.29-14.33.23 PERF window t=10.0-15.0 frames=150 fps=30.00 frameMs avg=33.33 p50=33.33 p95=33.33 p99=33.34 max=33.35 hitches50=0 gpuMs avg=1.27 p50=1.26 p95=1.33 gameMs avg=1.53 p95=1.84 renderMs avg=3.40 p95=4.34
2026.09.29-14.33.23 game -> room=cmums0k5n00j7wivcrvfw98ug code=<redacted> status=LOBBY
2026.09.29-14.33.26 game -> room=cmums0k5n00j7wivcrvfw98ug code=<redacted> status=LOBBY
2026.09.29-14.33.26 startGame -> room=cmums0k5n00j7wivcrvfw98ug code=<redacted> status=IN_PROGRESS
2026.09.29-14.33.26 SNAPSHOT applied seq=1 phase=ACTION_MANEUVER
2026.09.29-14.33.26 HANDLE_APPLIED #1 seq=1 decision=2 fightersValid=1 boardValid=1
2026.09.29-14.33.26 MODE seq=1 mode=0 combat=0 pending=0
2026.09.29-14.33.26 HUD seq=1 phase=ACTION_MANEUVER turn=you hand=5 oppHand=5(hidden) oppDeck=25 deck=25 discard=0
2026.09.29-14.33.26 ARTPREVIEW board profiles loaded=1 revision=4 boards=3 zoneStyles=11 lightProfiles=3 errors=0 path=Config/ArtBoards/S08ArtBoardProfiles.json
2026.09.29-14.33.26 ARTPREVIEW board profiles source=pak sha256=c66a8d573d029f413e1a759d70e1ec2d1105fe836a7feabb6a3f07b09250b64b
2026.09.29-14.33.26 ARTPREVIEW zone content instances=12/12 glyphMeshes=11/11
2026.09.29-14.33.26 ARTPREVIEW zone keyline content mi=MI_ART005_Zone_Keyline glyphKeyMeshes=11/11 color=#111317
2026.09.29-14.33.26 ARTPREVIEW game layer material=M_S08_GameLayerUnlit unlitEyeAdaptInv=1 legacyRender=0
2026.09.29-14.33.26 ARTPREVIEW Cobble assets ready
2026.09.29-14.33.26 ARTPREVIEW board assets ready cobbleMesh=1 tiles=1 zoneMaterials=2
2026.09.29-14.33.26 ARTPREVIEW medusa candidate variant=face-neck-v2 mesh=SK_Medusa_FaceNeck_v2Candidate requested=face-neck-v2
2026.09.29-14.33.26 ARTPREVIEW board profile=sherwood-forest-art-fixture match=boardId board=8x5 boardId=c37a3b6643a96c45fa71f10de surface=tiles light=forest-probe artFixture=1
2026.09.29-14.33.26 ARTPREVIEW light profile=forest-probe name=key role=key kind=directional at=(-350,-150,600) intensity=4 units=lux radius=0 color=(0.73,0.82,0.74) shadow=1
2026.09.29-14.33.26 ARTPREVIEW light profile=forest-probe name=warm-pool-a role=warm kind=point at=(-240,-150,250) intensity=150 units=candelas radius=430 color=(1.00,0.62,0.32) shadow=0
2026.09.29-14.33.26 ARTPREVIEW light profile=forest-probe name=warm-pool-b role=warm kind=point at=(240,25,230) intensity=110 units=candelas radius=330 color=(1.00,0.67,0.35) shadow=0
2026.09.29-14.33.26 ARTPREVIEW light profile=forest-probe name=canopy-shade role=cool kind=point at=(-160,175,260) intensity=80 units=candelas radius=380 color=(0.55,0.80,0.60) shadow=0
2026.09.29-14.33.26 ARTPREVIEW sky profile=forest-probe cubemap=/Game/S08/Render/TC_S08_AmbientDome loaded=1 spawned=1 intensity=11.8 color=(0.88,0.94,0.88) lowerBlack=0
2026.09.29-14.33.26 ARTPREVIEW exposure profile=forest-probe method=histogram-fixed min=2.46229 max=2.46229 bias=0.000 ev100=1.30 volume=1
2026.09.29-14.33.26 ARTPREVIEW lights applied profile=forest-probe directional=1 shadow=1 points=3 pointShadows=0 budgetOk=1
2026.09.29-14.33.26 ARTPREVIEW render profile=forest-probe units=candelas sky=1 exposure=1 keyShadow=csm-3000uu-2c-contact0.000 shadowCasters=1 legacyRender=0
2026.09.29-14.33.26 ARTPREVIEW board zone keylines pieces=142 glyphKeys=47 glyphKeyCubePieces=0 mi=MI_ART005_Zone_Keyline growUU=1.5 edgeUU=42.0 maxOuterUU=45.0
2026.09.29-14.33.26 ARTPREVIEW board glyph meshes instances=47 keys=7/7 cubePieces=0 anchors=47
2026.09.29-14.33.26 ARTPREVIEW board active profile=sherwood-forest-art-fixture 8x5 surface=tiles cells=40 zoneCells=30 multizone=14 triple=3 obstacles=10 zoneKeys=7 strokes=142 glyphs=82 surfaceParts=34 glyphMaterial=zone expectOk=1
2026.09.29-14.33.26 ARTPREVIEW board zone key=brown cells=6 stroke=solid glyph=x color=#B9784A ismUsage=1 strokePieces=6 glyphPieces=12 mi=MI_ART005_Zone_Brown glyphMesh=SM_ART005_ZoneGlyph_X glyphInstances=6 fallback=0
2026.09.29-14.33.26 ARTPREVIEW board zone key=gray cells=6 stroke=dots5 glyph=square color=#7F868E ismUsage=1 strokePieces=30 glyphPieces=6 mi=MI_ART005_Zone_Gray glyphMesh=SM_ART005_ZoneGlyph_Square glyphInstances=6 fallback=0
2026.09.29-14.33.26 ARTPREVIEW board zone key=green cells=6 stroke=dash2 glyph=cross color=#46B45A ismUsage=1 strokePieces=12 glyphPieces=12 mi=MI_ART005_Zone_Green glyphMesh=SM_ART005_ZoneGlyph_Cross glyphInstances=6 fallback=0
2026.09.29-14.33.26 ARTPREVIEW board zone key=light-gray cells=5 stroke=double glyph=hbars2 color=#F1E8D2 ismUsage=1 strokePieces=10 glyphPieces=10 mi=MI_ART005_Zone_LightGray glyphMesh=SM_ART005_ZoneGlyph_HBars2 glyphInstances=5 fallback=0
2026.09.29-14.33.26 ARTPREVIEW board zone key=light-green cells=6 stroke=dashdot glyph=bar1 color=#A6DC66 ismUsage=1 strokePieces=18 glyphPieces=6 mi=MI_ART005_Zone_LightGreen glyphMesh=SM_ART005_ZoneGlyph_Bar1 glyphInstances=6 fallback=0
2026.09.29-14.33.26 ARTPREVIEW board zone key=orange cells=6 stroke=dash3 glyph=tee color=#F2933A ismUsage=1 strokePieces=18 glyphPieces=12 mi=MI_ART005_Zone_Orange glyphMesh=SM_ART005_ZoneGlyph_Tee glyphInstances=6 fallback=0
2026.09.29-14.33.26 ARTPREVIEW board zone key=yellow cells=12 stroke=dash4 glyph=chevron color=#F4D24A ismUsage=1 strokePieces=48 glyphPieces=24 mi=MI_ART005_Zone_Yellow glyphMesh=SM_ART005_ZoneGlyph_Chevron glyphInstances=12 fallback=0
2026.09.29-14.33.26 ARTPREVIEW board multizone cells=14 zonesListed=31 zonesMarked=31
2026.09.29-14.33.26 ARTPREVIEW board multizone cell=(1,0) light-green+orange strokeSides=0+1 glyphSlots=0+1 marked=2/2
2026.09.29-14.33.26 ARTPREVIEW board multizone cell=(3,0) gray+orange strokeSides=0+1 glyphSlots=0+1 marked=2/2
2026.09.29-14.33.26 ARTPREVIEW board multizone cell=(4,0) green+orange strokeSides=0+1 glyphSlots=0+1 marked=2/2
2026.09.29-14.33.26 ARTPREVIEW board multizone cell=(5,0) green+orange strokeSides=0+1 glyphSlots=0+1 marked=2/2
2026.09.29-14.33.26 ARTPREVIEW board multizone cell=(6,0) light-gray+green+orange strokeSides=0+1+2 glyphSlots=0+1+2 marked=3/3
2026.09.29-14.33.26 ARTPREVIEW board multizone cell=(1,1) brown+light-green strokeSides=0+1 glyphSlots=0+1 marked=2/2
2026.09.29-14.33.26 ARTPREVIEW board multizone cell=(7,1) light-gray+green strokeSides=0+1 glyphSlots=0+1 marked=2/2
2026.09.29-14.33.26 ARTPREVIEW board multizone cell=(3,2) brown+yellow strokeSides=0+1 glyphSlots=0+1 marked=2/2
2026.09.29-14.33.26 ARTPREVIEW board multizone cell=(4,2) gray+brown+yellow strokeSides=0+1+2 glyphSlots=0+1+2 marked=3/3
2026.09.29-14.33.26 ARTPREVIEW board multizone cell=(7,2) light-gray+green strokeSides=0+1 glyphSlots=0+1 marked=2/2
2026.09.29-14.33.26 ARTPREVIEW board multizone cell=(5,3) gray+brown+yellow strokeSides=0+1+2 glyphSlots=0+1+2 marked=3/3
2026.09.29-14.33.26 ARTPREVIEW board multizone cell=(7,3) light-gray+yellow strokeSides=0+1 glyphSlots=0+1 marked=2/2
2026.09.29-14.33.26 ARTPREVIEW board multizone cell=(2,4) light-green+yellow strokeSides=0+1 glyphSlots=0+1 marked=2/2
2026.09.29-14.33.26 ARTPREVIEW board multizone cell=(7,4) light-gray+yellow strokeSides=0+1 glyphSlots=0+1 marked=2/2
2026.09.29-14.33.26 CAMERA dist=1672 loc=(0,959,1370) pitch=-55 yaw=-90
2026.09.29-14.33.26 CAMERA config overview=1672.1 nearest=300.0 farthest=2572.5 zoomRange=0.65-5.57 minDist=300.0 outRatio=0.650 step=1.250 animMs=200 returnMs=300 followFrom=1.20 source=defaults issues=0
2026.09.29-14.33.26 BOARD 8x5 cells | control points: (0,0)=(-350,-200,0) (7,4)=(350,200,0) | neighbor pair (dist 100 uu)
2026.09.29-14.33.26 ARTPREVIEW team mapping mode=absolute source=seatOrder viewerTeam=P1 p1=f-0-hero,f-0-sk0,f-0-sk1,f-0-sk2 p2=f-1-hero,f-1-sk0
2026.09.29-14.33.26 ARTPREVIEW medusa materials fighter=f-0-hero team=own mesh=SK_Medusa_FaceNeck_v2Candidate slots=2 mi=/Game/ArtPreview/Medusa/Materials/MI_Medusa_P1.MI_Medusa_P1 slot1=/Game/ArtPreview/Medusa/Materials/MI_Medusa_P1.MI_Medusa_P1 base=/Game/ArtPreview/Medusa/Materials/MI_Medusa_P1.MI_Medusa_P1 parent=/Game/ArtPreview/Medusa/Materials/M_Medusa_Atlas.M_Medusa_Atlas params=1 miSha256=82a4841cddb2a2412b85684e27e6076e0fb1f55fdffe60c830a10c2454cfd971 teamSlot=P1 look=P1 mode=absolute
2026.09.29-14.33.26 ARTPREVIEW click capsule fighter=f-0-hero mesh=SK_Medusa_FaceNeck_v2Candidate physicsAsset=0 radius=12.5 halfHeight=27.5 top=55.0 bodyCollision=0 source=meshBounds
2026.09.29-14.33.26 ARTPREVIEW fighter=Medusa hero=1 eligible=1 visual=1 mesh=SK_Medusa_FaceNeck_v2Candidate
2026.09.29-14.33.26 ARTPREVIEW team ring fighter=f-0-hero team=P1 look=P1 mode=absolute shape=circle shown=1 mesh=SM_Marker_TeamRing_P1 fill=#E8C06A keyline=#111317 fillLinear=(0.8070,0.5271,0.1441) zMin=0.60 zMax=1.20 scale=1.00 base=hidden blockout=0 art=1
2026.09.29-14.33.26 ARTPREVIEW click capsule fighter=f-0-sk0 mesh=SM_ART003_Harpy physicsAsset=0 radius=20.0 halfHeight=21.0 top=42.0 bodyCollision=0 source=meshBounds
2026.09.29-14.33.26 ARTPREVIEW team ring fighter=f-0-sk0 team=P1 look=P1 mode=absolute shape=circle shown=1 mesh=SM_Marker_TeamRing_P1 fill=#E8C06A keyline=#111317 fillLinear=(0.8070,0.5271,0.1441) zMin=0.60 zMax=1.20 scale=0.78 base=hidden blockout=1 art=0
2026.09.29-14.33.26 ARTPREVIEW click capsule fighter=f-0-sk1 mesh=SM_ART003_Harpy physicsAsset=0 radius=20.0 halfHeight=21.0 top=42.0 bodyCollision=0 source=meshBounds
2026.09.29-14.33.26 ARTPREVIEW team ring fighter=f-0-sk1 team=P1 look=P1 mode=absolute shape=circle shown=1 mesh=SM_Marker_TeamRing_P1 fill=#E8C06A keyline=#111317 fillLinear=(0.8070,0.5271,0.1441) zMin=0.60 zMax=1.20 scale=0.78 base=hidden blockout=1 art=0
2026.09.29-14.33.26 ARTPREVIEW click capsule fighter=f-0-sk2 mesh=SM_ART003_Harpy physicsAsset=0 radius=20.0 halfHeight=21.0 top=42.0 bodyCollision=0 source=meshBounds
2026.09.29-14.33.26 ARTPREVIEW team ring fighter=f-0-sk2 team=P1 look=P1 mode=absolute shape=circle shown=1 mesh=SM_Marker_TeamRing_P1 fill=#E8C06A keyline=#111317 fillLinear=(0.8070,0.5271,0.1441) zMin=0.60 zMax=1.20 scale=0.78 base=hidden blockout=1 art=0
2026.09.29-14.33.26 ARTPREVIEW click capsule fighter=f-1-hero mesh=SM_ART003_Arthur physicsAsset=0 radius=17.8 halfHeight=28.0 top=56.0 bodyCollision=0 source=meshBounds
2026.09.29-14.33.26 ARTPREVIEW team ring fighter=f-1-hero team=P2 look=P2 mode=absolute shape=hexagon shown=1 mesh=SM_Marker_TeamRing_P2 fill=#5A7F9F keyline=#111317 fillLinear=(0.1022,0.2122,0.3467) zMin=0.60 zMax=1.20 scale=1.00 base=hidden blockout=1 art=0
2026.09.29-14.33.26 ARTPREVIEW click capsule fighter=f-1-sk0 mesh=SM_ART003_Merlin physicsAsset=0 radius=14.7 halfHeight=30.8 top=61.5 bodyCollision=0 source=meshBounds
2026.09.29-14.33.26 ARTPREVIEW team ring fighter=f-1-sk0 team=P2 look=P2 mode=absolute shape=hexagon shown=1 mesh=SM_Marker_TeamRing_P2 fill=#5A7F9F keyline=#111317 fillLinear=(0.1022,0.2122,0.3467) zMin=0.60 zMax=1.20 scale=0.78 base=hidden blockout=1 art=0
2026.09.29-14.33.26 FIGHTERS synced n=6 alive=6 own=4 enemy=2
2026.09.29-14.33.26 STATE seq=1 -> apply
2026.09.29-14.33.26 HUD art layer plate=1 iconSize=24 iconTexture=1 iconProbe=1 plan=0
2026.09.29-14.33.26 HUD art impl=umg plateViews=umg:/Game/S08/UI/ArtHud/WBP_S08ArtPlate iconViews=umg:/Game/S08/UI/ArtHud/WBP_S08ArtIcon textTable=S08ArtHud entries=13 missingKeys=0
2026.09.29-14.33.26 TAG fighter=f-0-sk2 bbox=(915,584,1006,625) mode=full look=P1 placement=below ring=7 hardPx2=0 softPx2=0 order=1 bound=0
2026.09.29-14.33.26 TAG fighter=f-1-hero bbox=(908,542,1013,583) mode=full look=P2 placement=below ring=0 hardPx2=0 softPx2=0 order=0 bound=0
2026.09.29-14.33.26 TAG fighter=f-1-sk0 bbox=(1646,194,1730,235) mode=full look=P2 placement=right ring=0 hardPx2=0 softPx2=0 order=2 bound=1
2026.09.29-14.33.26 ICON fighter=f-1-hero bbox=(948,183,972,207) size=24 src=flag anchor=above fallback=1 overlapPx2=576 texture=/Game/ArtTests/ARTMarkers/Textures/T_UI_Action_AttackToken_24
2026.09.29-14.33.26 ARTPREVIEW icon probe src=flag target=f-1-hero size=24
2026.09.29-14.33.26 ARTPREVIEW screen labels=1 (world TextRender labels and damage text hidden)
2026.09.29-14.33.26 SUBSCRIBED gameStateUpdated since=1
2026.09.29-14.33.26 TAG fighter=f-0-hero bbox=(631,415,733,437) mode=compact look=P1 placement=above ring=0 hardPx2=0 softPx2=0 order=1 bound=1
2026.09.29-14.33.26 TAG fighter=f-0-sk0 bbox=(822,420,913,461) mode=full look=P1 placement=above ring=0 hardPx2=0 softPx2=0 order=2 bound=1
2026.09.29-14.33.26 TAG fighter=f-0-sk1 bbox=(454,420,545,461) mode=full look=P1 placement=above ring=0 hardPx2=0 softPx2=0 order=3 bound=1
2026.09.29-14.33.26 TAG fighter=f-0-sk2 bbox=(1007,420,1098,461) mode=full look=P1 placement=above ring=0 hardPx2=0 softPx2=0 order=4 bound=1
2026.09.29-14.33.26 TAG fighter=f-1-hero bbox=(1186,395,1291,436) mode=full look=P2 placement=above ring=0 hardPx2=0 softPx2=0 order=0 bound=1
2026.09.29-14.33.26 TAG fighter=f-1-sk0 bbox=(1299,596,1383,637) mode=full look=P2 placement=right ring=0 hardPx2=0 softPx2=0 order=5 bound=1
2026.09.29-14.33.26 ICON fighter=f-1-hero bbox=(1300,476,1324,500) size=24 src=flag anchor=right fallback=0 overlapPx2=0 texture=/Game/ArtTests/ARTMarkers/Textures/T_UI_Action_AttackToken_24
2026.09.29-14.33.26 SNAPSHOT applied seq=1 phase=ACTION_MANEUVER
2026.09.29-14.33.26 HANDLE_APPLIED #2 seq=1 decision=1 fightersValid=1 boardValid=1
2026.09.29-14.33.26 MODE seq=1 mode=0 combat=0 pending=0
2026.09.29-14.33.26 HUD seq=1 phase=ACTION_MANEUVER turn=you hand=5 oppHand=5(hidden) oppDeck=25 deck=25 discard=0
2026.09.29-14.33.26 ARTPREVIEW fighter=Medusa hero=1 eligible=1 visual=1 mesh=SK_Medusa_FaceNeck_v2Candidate
2026.09.29-14.33.26 FIGHTERS synced n=6 alive=6 own=4 enemy=2
2026.09.29-14.33.26 WS seq=1 phase=ACTION_MANEUVER (merge)
2026.09.29-14.33.26 TAG fighter=f-0-hero bbox=(631,415,733,437) mode=compact look=P1 placement=above ring=0 hardPx2=0 softPx2=0 order=1 bound=1
2026.09.29-14.33.26 TAG fighter=f-0-sk0 bbox=(822,420,913,461) mode=full look=P1 placement=above ring=0 hardPx2=0 softPx2=0 order=2 bound=1
2026.09.29-14.33.26 TAG fighter=f-0-sk1 bbox=(454,420,545,461) mode=full look=P1 placement=above ring=0 hardPx2=0 softPx2=0 order=3 bound=1
2026.09.29-14.33.26 TAG fighter=f-0-sk2 bbox=(1007,420,1098,461) mode=full look=P1 placement=above ring=0 hardPx2=0 softPx2=0 order=4 bound=1
2026.09.29-14.33.26 TAG fighter=f-1-hero bbox=(1186,395,1291,436) mode=full look=P2 placement=above ring=0 hardPx2=0 softPx2=0 order=0 bound=1
2026.09.29-14.33.26 TAG fighter=f-1-sk0 bbox=(1299,596,1383,637) mode=full look=P2 placement=right ring=0 hardPx2=0 softPx2=0 order=5 bound=1
2026.09.29-14.33.26 ICON fighter=f-1-hero bbox=(1300,476,1324,500) size=24 src=flag anchor=right fallback=0 overlapPx2=0 texture=/Game/ArtTests/ARTMarkers/Textures/T_UI_Action_AttackToken_24
2026.09.29-14.33.28 PERF window t=15.0-20.1 frames=149 fps=29.65 frameMs avg=33.73 p50=33.33 p95=33.35 p99=54.09 max=70.06 hitches50=2 gpuMs avg=1.53 p50=1.30 p95=2.02 gameMs avg=2.35 p95=2.49 renderMs avg=4.78 p95=5.53
2026.09.29-14.33.29 game -> room=cmums0k5n00j7wivcrvfw98ug code=<redacted> status=IN_PROGRESS
2026.09.29-14.33.32 game -> room=cmums0k5n00j7wivcrvfw98ug code=<redacted> status=IN_PROGRESS
2026.09.29-14.33.33 PERF window t=20.1-25.1 frames=151 fps=30.00 frameMs avg=33.33 p50=33.33 p95=33.33 p99=33.35 max=33.35 hitches50=0 gpuMs avg=1.94 p50=1.93 p95=2.09 gameMs avg=1.68 p95=2.07 renderMs avg=4.10 p95=4.90
2026.09.29-14.33.35 game -> room=cmums0k5n00j7wivcrvfw98ug code=<redacted> status=IN_PROGRESS
2026.09.29-14.33.38 game -> room=cmums0k5n00j7wivcrvfw98ug code=<redacted> status=IN_PROGRESS
2026.09.29-14.33.38 PERF window t=25.1-30.1 frames=150 fps=30.00 frameMs avg=33.33 p50=33.33 p95=33.33 p99=33.37 max=33.39 hitches50=0 gpuMs avg=1.95 p50=1.94 p95=2.08 gameMs avg=1.65 p95=2.02 renderMs avg=4.11 p95=5.01
2026.09.29-14.33.41 game -> room=cmums0k5n00j7wivcrvfw98ug code=<redacted> status=IN_PROGRESS
2026.09.29-14.33.42 ARTPREVIEW selection ring shown fighter=Medusa mesh=SM_Marker_SelectionRing
2026.09.29-14.33.42 ARTPREVIEW reachable corners cells=9 placed=1
2026.09.29-14.33.42 ARTPREVIEW selection ownHero=1 selected=1 fighter=Medusa reachable=10 fighterId=f-0-hero
2026.09.29-14.33.42 INPUT select src=flag fighter=f-0-hero flag=ArtPreviewSelectOwnHero
2026.09.29-14.33.42 HUD plate content fighter=f-0-hero name=Medusa hp=16/16 team=own statuses=HERO  |  MELEE teamSlot=P1 look=P1 shape=circle chip=#DAC576
2026.09.29-14.33.42 PLATE fighter=f-0-hero bbox=(590,588,762,642) overlapReachable=0 placement=below ring=0 gap=6 selection=f-0-hero destinations=9 clean=1 softPx2=0 tested=130 bound=1
2026.09.29-14.33.42 TAG fighter=f-0-sk0 bbox=(822,420,913,461) mode=full look=P1 placement=above ring=0 hardPx2=0 softPx2=0 order=1 bound=1
2026.09.29-14.33.42 TAG fighter=f-0-sk1 bbox=(454,420,545,461) mode=full look=P1 placement=above ring=0 hardPx2=0 softPx2=0 order=2 bound=1
2026.09.29-14.33.42 TAG fighter=f-0-sk2 bbox=(1007,420,1098,461) mode=full look=P1 placement=above ring=0 hardPx2=0 softPx2=0 order=3 bound=1
2026.09.29-14.33.42 TAG fighter=f-1-hero bbox=(1186,395,1291,436) mode=full look=P2 placement=above ring=0 hardPx2=0 softPx2=0 order=0 bound=1
2026.09.29-14.33.42 TAG fighter=f-1-sk0 bbox=(1299,596,1383,637) mode=full look=P2 placement=right ring=0 hardPx2=0 softPx2=0 order=4 bound=1
2026.09.29-14.33.42 ICON fighter=f-1-hero bbox=(1300,476,1324,500) size=24 src=flag anchor=right fallback=0 overlapPx2=0 texture=/Game/ArtTests/ARTMarkers/Textures/T_UI_Action_AttackToken_24
2026.09.29-14.33.43 PERF window t=30.1-35.1 frames=151 fps=30.00 frameMs avg=33.33 p50=33.33 p95=33.33 p99=33.35 max=33.36 hitches50=0 gpuMs avg=1.94 p50=1.93 p95=2.08 gameMs avg=1.75 p95=2.14 renderMs avg=4.00 p95=4.84
2026.09.29-14.33.44 SHOT ctx viewport=1920x1080 viewTarget=CameraActor_2147482312 cam=(0,959,1370) rot=(-55,-90,0)
2026.09.29-14.33.44 RENDER tag=SHOT rhi=D3D12 featureLevel=SM6 shaderPlatform=PCD3D_SM6 lumenPlatform=1 gi=lumen giMethod=1 refl=lumen reflMethod=1 shadows=csm vsmEnable=0 sg.res=100 sg.view=2 sg.aa=2 sg.shadow=2 sg.gi=2 sg.refl=2 sg.pp=2 sg.tex=2 sg.fx=2 sg.foliage=2 sg.shading=2 sg.landscape=2 preset=High screenPct=100.0 screenPctMode=0 aa=TSR aaMethod=4 exposure=fixed-histogram expMin=2.46229 expMax=2.46229 expBias=0.000 ev100=1.30 lightUnits=candelas sky=1 skyIntensity=11.800 keyShadow=csm-3000uu-2c-contact0.000 shadowCasters=1 profile=forest-probe profilesSha256=c66a8d573d029f413e1a759d70e1ec2d1105fe836a7feabb6a3f07b09250b64b profilesSource=pak legacyRender=0 gameLayer=unlit-eyeadaptinv tMaxFPS=30.0 vsync=0 frameRateLimit=60.0 substrate=0 nanite=1 meshDF=1 viewport=1920x1080 reference=1
2026.09.29-14.33.44 SHOT fighter f-0-hero pos=(2,2) world=(-150,0,0) screen=(687,540) projected=1 alive=1
2026.09.29-14.33.44 SHOT fighter f-0-sk0 pos=(3,2) world=(-50,0,0) screen=(869,540) projected=1 alive=1
2026.09.29-14.33.44 SHOT fighter f-0-sk1 pos=(1,2) world=(-250,0,0) screen=(505,540) projected=1 alive=1
2026.09.29-14.33.44 SHOT fighter f-0-sk2 pos=(4,2) world=(50,0,0) screen=(1051,540) projected=1 alive=1
2026.09.29-14.33.44 SHOT fighter f-1-hero pos=(5,2) world=(150,0,0) screen=(1233,540) projected=1 alive=1
2026.09.29-14.33.44 SHOT fighter f-1-sk0 pos=(5,3) world=(150,100,0) screen=(1243,694) projected=1 alive=1
2026.09.29-14.33.44 SHOT camera dist=1672.1 target=1672.1 overview=1672.1 errPct=0.000 focusErr=0.00 settled=1 zoom=1.00
2026.09.29-14.33.44 SHOT head fighter=f-0-hero socket=Head mesh=SK_Medusa_FaceNeck_v2Candidate world=(-150.0,-4.0,38.5) screen=(682.0,493.0) top=(681.2,486.5) bottom=(682.8,499.5) headPx=13.1 projected=1
2026.09.29-14.33.44 SHOT selection fighter=f-0-hero ownCell=(2,2) legal=10 destinations=9 ownCellExcluded=1 plateFighter=f-0-hero
2026.09.29-14.33.44 SHOT reachable fighter=f-0-hero n=9 cells=(1,0)(3,0)(1,1)(3,1)(4,1)(0,2)(0,3)(3,3)(3,4)
2026.09.29-14.33.44 SHOT plate fighter=f-0-hero bbox=(590,588,762,642) overlapReachable=0 placement=below gap=6 anchor=(624,439,740,582) planned=(590,588,762,642) geom=painted stableFrames=60
2026.09.29-14.33.44 SHOT figure fighter=f-0-hero bbox=(624,439,740,582) ringR=28.00 art=1 blockout=0 team=P1 look=P1 ring=1
2026.09.29-14.33.44 SHOT figure fighter=f-0-sk0 bbox=(825,463,909,573) ringR=21.84 art=1 blockout=1 team=P1 look=P1 ring=1
2026.09.29-14.33.44 SHOT figure fighter=f-0-sk1 bbox=(451,463,548,573) ringR=21.84 art=1 blockout=1 team=P1 look=P1 ring=1
2026.09.29-14.33.44 SHOT figure fighter=f-0-sk2 bbox=(1011,463,1095,573) ringR=21.84 art=1 blockout=1 team=P1 look=P1 ring=1
2026.09.29-14.33.44 SHOT figure fighter=f-1-hero bbox=(1180,438,1297,582) ringR=28.00 art=1 blockout=1 team=P2 look=P2 ring=1
2026.09.29-14.33.44 SHOT figure fighter=f-1-sk0 bbox=(1200,596,1297,730) ringR=21.84 art=1 blockout=1 team=P2 look=P2 ring=1
2026.09.29-14.33.44 SHOT request file=phase2-board-host-1920x1080.png frame=1078
2026.09.29-14.33.44 SHOT requested: FScreenshotRequest(bShowUI) -> C:\Users\ren\AppData\Local\Temp\s08-phase2-20260929-193306-57868\phase2-board-host-1920x1080.png
2026.09.29-14.33.44 SHOT captured file=phase2-board-host-1920x1080.png frame=1078 px=1920x1080 sha256=0d5abb81b1d44ccab2193e5f21708b0b7af0de47b8ac4709a173cee14c18c512 order=BGRA saved=1
2026.09.29-14.33.44 SHOT late begin file=phase2-board-host-1920x1080.png frame=1078 requestFrame=1078
2026.09.29-14.33.44 SHOT icon fighter=f-1-hero bbox=(1300,476,1324,500) size=24 src=flag planned=(1300,476,1324,500) geom=painted visible=1 anchor=right fallback=0 overlapPx2=0 texture=/Game/ArtTests/ARTMarkers/Textures/T_UI_Action_AttackToken_24 frame=1078
2026.09.29-14.33.44 SHOT widget id=plate impl=umg state=own fighter=f-0-hero bbox=(590,588,762,642) geom=painted visible=1 twin=0 source=/Game/S08/UI/ArtHud/WBP_S08ArtPlate frame=1078
2026.09.29-14.33.44 SHOT widget id=plate.marker impl=umg state=own fighter=f-0-hero bbox=(590,588,762,591) geom=painted visible=1 twin=0 source=/Game/S08/UI/ArtHud/WBP_S08ArtPlate frame=1078
2026.09.29-14.33.44 SHOT widget id=plate.name impl=umg state=own fighter=f-0-hero bbox=(596,593,696,612) geom=painted visible=1 twin=0 source=/Game/S08/UI/ArtHud/WBP_S08ArtPlate frame=1078
2026.09.29-14.33.44 SHOT widget id=plate.team impl=umg state=own fighter=f-0-hero bbox=(696,596,756,609) geom=painted visible=1 twin=0 source=/Game/S08/UI/ArtHud/WBP_S08ArtPlate frame=1078
2026.09.29-14.33.44 SHOT widget id=plate.hpbar impl=umg state=own fighter=f-0-hero bbox=(596,618,692,625) geom=painted visible=1 twin=0 source=/Game/S08/UI/ArtHud/WBP_S08ArtPlate frame=1078
2026.09.29-14.33.44 SHOT widget id=plate.hpfill impl=umg state=own fighter=f-0-hero bbox=(596,618,692,625) geom=painted visible=1 twin=0 source=/Game/S08/UI/ArtHud/WBP_S08ArtPlate frame=1078
2026.09.29-14.33.44 SHOT widget id=plate.hp impl=umg state=own fighter=f-0-hero bbox=(698,614,751,629) geom=painted visible=1 twin=0 source=/Game/S08/UI/ArtHud/WBP_S08ArtPlate frame=1078
2026.09.29-14.33.44 SHOT widget id=plate.status impl=umg state=own fighter=f-0-hero bbox=(596,631,756,644) geom=painted visible=1 twin=0 source=/Game/S08/UI/ArtHud/WBP_S08ArtPlate frame=1078
2026.09.29-14.33.44 SHOT widget id=plate.teamshape impl=umg state=own fighter=f-0-hero bbox=(700,597,712,609) geom=painted visible=1 twin=0 source=/Game/S08/UI/ArtHud/WBP_S08ArtPlate frame=1078
2026.09.29-14.33.44 SHOT widget id=icon impl=umg state=flag fighter=f-1-hero bbox=(1300,476,1324,500) geom=painted visible=1 twin=0 source=/Game/S08/UI/ArtHud/WBP_S08ArtIcon frame=1078
2026.09.29-14.33.44 SHOT widget id=board.tag impl=umg state=hidden fighter=f-0-hero bbox=(0,0,0,0) geom=unpainted visible=0 twin=0 source=/Game/S08/UI/ArtHud/WBP_S08ArtTag mode=hidden look=P1 shape=circle placement=above ring=0 order=1 bound=1 softPx2=0 planned=(631,415,733,437) frame=1078
2026.09.29-14.33.44 SHOT widget id=board.tag.hp impl=umg state=hidden fighter=f-0-hero bbox=(0,0,0,0) geom=unpainted visible=0 twin=0 source=/Game/S08/UI/ArtHud/WBP_S08ArtTag mode=hidden look=P1 shape=circle placement=above ring=0 order=1 bound=1 softPx2=0 planned=(631,415,733,437) frame=1078 font=11
2026.09.29-14.33.44 SHOT widget id=board.tag.bar impl=umg state=hidden fighter=f-0-hero bbox=(0,0,0,0) geom=unpainted visible=0 twin=0 source=/Game/S08/UI/ArtHud/WBP_S08ArtTag mode=hidden look=P1 shape=circle placement=above ring=0 order=1 bound=1 softPx2=0 planned=(631,415,733,437) frame=1078
2026.09.29-14.33.44 SHOT widget id=board.tag.chip impl=umg state=hidden fighter=f-0-hero bbox=(0,0,0,0) geom=unpainted visible=0 twin=0 source=/Game/S08/UI/ArtHud/WBP_S08ArtTag mode=hidden look=P1 shape=circle placement=above ring=0 order=1 bound=1 softPx2=0 planned=(631,415,733,437) frame=1078
2026.09.29-14.33.44 SHOT widget id=board.tag impl=umg state=full fighter=f-0-sk0 bbox=(822,420,913,461) geom=painted visible=1 twin=0 source=/Game/S08/UI/ArtHud/WBP_S08ArtTag mode=full look=P1 shape=circle placement=above ring=0 order=1 bound=1 softPx2=0 planned=(822,420,913,461) frame=1078
2026.09.29-14.33.44 SHOT widget id=board.tag.name impl=umg state=full fighter=f-0-sk0 bbox=(841,422,909,441) geom=painted visible=1 twin=0 source=/Game/S08/UI/ArtHud/WBP_S08ArtTag mode=full look=P1 shape=circle placement=above ring=0 order=1 bound=1 softPx2=0 planned=(822,420,913,461) frame=1078 font=12
2026.09.29-14.33.44 SHOT widget id=board.tag.hp impl=umg state=full fighter=f-0-sk0 bbox=(878,441,902,459) geom=painted visible=1 twin=0 source=/Game/S08/UI/ArtHud/WBP_S08ArtTag mode=full look=P1 shape=circle placement=above ring=0 order=1 bound=1 softPx2=0 planned=(822,420,913,461) frame=1078 font=11
2026.09.29-14.33.44 SHOT widget id=board.tag.bar impl=umg state=full fighter=f-0-sk0 bbox=(841,448,875,453) geom=painted visible=1 twin=0 source=/Game/S08/UI/ArtHud/WBP_S08ArtTag mode=full look=P1 shape=circle placement=above ring=0 order=1 bound=1 softPx2=0 planned=(822,420,913,461) frame=1078
2026.09.29-14.33.44 SHOT widget id=board.tag.chip impl=umg state=full fighter=f-0-sk0 bbox=(826,435,838,447) geom=painted visible=1 twin=0 source=/Game/S08/UI/ArtHud/WBP_S08ArtTag mode=full look=P1 shape=circle placement=above ring=0 order=1 bound=1 softPx2=0 planned=(822,420,913,461) frame=1078
2026.09.29-14.33.44 SHOT widget id=board.tag impl=umg state=full fighter=f-0-sk1 bbox=(454,420,545,461) geom=painted visible=1 twin=0 source=/Game/S08/UI/ArtHud/WBP_S08ArtTag mode=full look=P1 shape=circle placement=above ring=0 order=2 bound=1 softPx2=0 planned=(454,420,545,461) frame=1078
2026.09.29-14.33.44 SHOT widget id=board.tag.name impl=umg state=full fighter=f-0-sk1 bbox=(473,422,541,441) geom=painted visible=1 twin=0 source=/Game/S08/UI/ArtHud/WBP_S08ArtTag mode=full look=P1 shape=circle placement=above ring=0 order=2 bound=1 softPx2=0 planned=(454,420,545,461) frame=1078 font=12
2026.09.29-14.33.44 SHOT widget id=board.tag.hp impl=umg state=full fighter=f-0-sk1 bbox=(510,441,534,459) geom=painted visible=1 twin=0 source=/Game/S08/UI/ArtHud/WBP_S08ArtTag mode=full look=P1 shape=circle placement=above ring=0 order=2 bound=1 softPx2=0 planned=(454,420,545,461) frame=1078 font=11
2026.09.29-14.33.44 SHOT widget id=board.tag.bar impl=umg state=full fighter=f-0-sk1 bbox=(473,448,507,453) geom=painted visible=1 twin=0 source=/Game/S08/UI/ArtHud/WBP_S08ArtTag mode=full look=P1 shape=circle placement=above ring=0 order=2 bound=1 softPx2=0 planned=(454,420,545,461) frame=1078
2026.09.29-14.33.44 SHOT widget id=board.tag.chip impl=umg state=full fighter=f-0-sk1 bbox=(458,435,470,447) geom=painted visible=1 twin=0 source=/Game/S08/UI/ArtHud/WBP_S08ArtTag mode=full look=P1 shape=circle placement=above ring=0 order=2 bound=1 softPx2=0 planned=(454,420,545,461) frame=1078
2026.09.29-14.33.44 SHOT widget id=board.tag impl=umg state=full fighter=f-0-sk2 bbox=(1007,420,1098,461) geom=painted visible=1 twin=0 source=/Game/S08/UI/ArtHud/WBP_S08ArtTag mode=full look=P1 shape=circle placement=above ring=0 order=3 bound=1 softPx2=0 planned=(1007,420,1098,461) frame=1078
2026.09.29-14.33.44 SHOT widget id=board.tag.name impl=umg state=full fighter=f-0-sk2 bbox=(1026,422,1094,441) geom=painted visible=1 twin=0 source=/Game/S08/UI/ArtHud/WBP_S08ArtTag mode=full look=P1 shape=circle placement=above ring=0 order=3 bound=1 softPx2=0 planned=(1007,420,1098,461) frame=1078 font=12
2026.09.29-14.33.44 SHOT widget id=board.tag.hp impl=umg state=full fighter=f-0-sk2 bbox=(1063,441,1087,459) geom=painted visible=1 twin=0 source=/Game/S08/UI/ArtHud/WBP_S08ArtTag mode=full look=P1 shape=circle placement=above ring=0 order=3 bound=1 softPx2=0 planned=(1007,420,1098,461) frame=1078 font=11
2026.09.29-14.33.44 SHOT widget id=board.tag.bar impl=umg state=full fighter=f-0-sk2 bbox=(1026,448,1060,453) geom=painted visible=1 twin=0 source=/Game/S08/UI/ArtHud/WBP_S08ArtTag mode=full look=P1 shape=circle placement=above ring=0 order=3 bound=1 softPx2=0 planned=(1007,420,1098,461) frame=1078
2026.09.29-14.33.44 SHOT widget id=board.tag.chip impl=umg state=full fighter=f-0-sk2 bbox=(1011,435,1023,447) geom=painted visible=1 twin=0 source=/Game/S08/UI/ArtHud/WBP_S08ArtTag mode=full look=P1 shape=circle placement=above ring=0 order=3 bound=1 softPx2=0 planned=(1007,420,1098,461) frame=1078
2026.09.29-14.33.44 SHOT widget id=board.tag impl=umg state=full fighter=f-1-hero bbox=(1186,395,1291,436) geom=painted visible=1 twin=0 source=/Game/S08/UI/ArtHud/WBP_S08ArtTag mode=full look=P2 shape=hex placement=above ring=0 order=0 bound=1 softPx2=0 planned=(1186,395,1291,436) frame=1078
2026.09.29-14.33.44 SHOT widget id=board.tag.name impl=umg state=full fighter=f-1-hero bbox=(1205,397,1287,416) geom=painted visible=1 twin=0 source=/Game/S08/UI/ArtHud/WBP_S08ArtTag mode=full look=P2 shape=hex placement=above ring=0 order=0 bound=1 softPx2=0 planned=(1186,395,1291,436) frame=1078 font=12
2026.09.29-14.33.44 SHOT widget id=board.tag.hp impl=umg state=full fighter=f-1-hero bbox=(1242,416,1284,434) geom=painted visible=1 twin=0 source=/Game/S08/UI/ArtHud/WBP_S08ArtTag mode=full look=P2 shape=hex placement=above ring=0 order=0 bound=1 softPx2=0 planned=(1186,395,1291,436) frame=1078 font=11
2026.09.29-14.33.44 SHOT widget id=board.tag.bar impl=umg state=full fighter=f-1-hero bbox=(1205,423,1239,428) geom=painted visible=1 twin=0 source=/Game/S08/UI/ArtHud/WBP_S08ArtTag mode=full look=P2 shape=hex placement=above ring=0 order=0 bound=1 softPx2=0 planned=(1186,395,1291,436) frame=1078
2026.09.29-14.33.44 SHOT widget id=board.tag.chip impl=umg state=full fighter=f-1-hero bbox=(1190,410,1202,422) geom=painted visible=1 twin=0 source=/Game/S08/UI/ArtHud/WBP_S08ArtTag mode=full look=P2 shape=hex placement=above ring=0 order=0 bound=1 softPx2=0 planned=(1186,395,1291,436) frame=1078
2026.09.29-14.33.44 SHOT widget id=board.tag impl=umg state=full fighter=f-1-sk0 bbox=(1299,596,1383,637) geom=painted visible=1 twin=0 source=/Game/S08/UI/ArtHud/WBP_S08ArtTag mode=full look=P2 shape=hex placement=right ring=0 order=4 bound=1 softPx2=0 planned=(1299,596,1383,637) frame=1078
2026.09.29-14.33.44 SHOT widget id=board.tag.name impl=umg state=full fighter=f-1-sk0 bbox=(1318,598,1363,617) geom=painted visible=1 twin=0 source=/Game/S08/UI/ArtHud/WBP_S08ArtTag mode=full look=P2 shape=hex placement=right ring=0 order=4 bound=1 softPx2=0 planned=(1299,596,1383,637) frame=1078 font=12
2026.09.29-14.33.44 SHOT widget id=board.tag.hp impl=umg state=full fighter=f-1-sk0 bbox=(1355,617,1379,635) geom=painted visible=1 twin=0 source=/Game/S08/UI/ArtHud/WBP_S08ArtTag mode=full look=P2 shape=hex placement=right ring=0 order=4 bound=1 softPx2=0 planned=(1299,596,1383,637) frame=1078 font=11
2026.09.29-14.33.44 SHOT widget id=board.tag.bar impl=umg state=full fighter=f-1-sk0 bbox=(1318,624,1352,629) geom=painted visible=1 twin=0 source=/Game/S08/UI/ArtHud/WBP_S08ArtTag mode=full look=P2 shape=hex placement=right ring=0 order=4 bound=1 softPx2=0 planned=(1299,596,1383,637) frame=1078
2026.09.29-14.33.44 SHOT widget id=board.tag.chip impl=umg state=full fighter=f-1-sk0 bbox=(1303,611,1315,623) geom=painted visible=1 twin=0 source=/Game/S08/UI/ArtHud/WBP_S08ArtTag mode=full look=P2 shape=hex placement=right ring=0 order=4 bound=1 softPx2=0 planned=(1299,596,1383,637) frame=1078
2026.09.29-14.33.44 SHOT panel id=hud.command bbox=(0,0,601,138) geom=painted visible=1 frame=1078
2026.09.29-14.33.44 SHOT panel id=hud.side bbox=(1432,0,1920,121) geom=painted visible=1 frame=1078
2026.09.29-14.33.44 SHOT panel id=hud.hand bbox=(502,985,1419,1080) geom=painted visible=1 frame=1078
2026.09.29-14.33.44 SHOT late end file=phase2-board-host-1920x1080.png frame=1078
2026.09.29-14.33.44 game -> room=cmums0k5n00j7wivcrvfw98ug code=<redacted> status=IN_PROGRESS
2026.09.29-14.33.47 game -> room=cmums0k5n00j7wivcrvfw98ug code=<redacted> status=IN_PROGRESS
2026.09.29-14.33.48 PERF window t=35.1-40.2 frames=145 fps=28.87 frameMs avg=34.63 p50=33.33 p95=33.33 p99=33.41 max=221.69 hitches50=1 gpuMs avg=1.96 p50=1.95 p95=2.12 gameMs avg=3.24 p95=2.25 renderMs avg=3.68 p95=4.50
2026.09.29-14.33.50 game -> room=cmums0k5n00j7wivcrvfw98ug code=<redacted> status=IN_PROGRESS
2026.09.29-14.33.53 PERF window t=40.2-45.2 frames=149 fps=29.70 frameMs avg=33.67 p50=33.33 p95=33.33 p99=33.34 max=82.80 hitches50=1 gpuMs avg=1.93 p50=1.91 p95=2.12 gameMs avg=1.87 p95=2.03 renderMs avg=3.66 p95=4.32
2026.09.29-14.33.53 game -> room=cmums0k5n00j7wivcrvfw98ug code=<redacted> status=IN_PROGRESS
2026.09.29-14.33.56 game -> room=cmums0k5n00j7wivcrvfw98ug code=<redacted> status=IN_PROGRESS
2026.09.29-14.33.58 PERF summary scope=afterWarmup warmup=5 elapsed=50.0 frames=1342 fps=29.80 frameMs avg=33.56 p50=33.33 p95=33.33 p99=33.37 max=221.69 hitches50=4 gpuMs avg=1.75 p50=1.91 p95=2.09 gameMs avg=1.93 p95=2.15 renderMs avg=3.88 p95=4.87
2026.09.29-14.33.58 PERF summary scope=started elapsed=50.0 frames=946 fps=29.72 frameMs avg=33.65 p50=33.33 p95=33.33 p99=33.37 max=221.69 hitches50=4 gpuMs avg=1.95 p50=1.93 p95=2.11 gameMs avg=2.07 p95=2.17 renderMs avg=4.06 p95=4.91
2026.09.29-14.33.58 PERF summary scope=artHud impl=umg elapsed=50.0 frames=473 fps=29.55 frameMs avg=33.84 p50=33.33 p95=33.33 p99=33.35 max=221.69 hitches50=2 gpuMs avg=1.96 p50=1.94 p95=2.12 gameMs avg=2.25 p95=2.21 renderMs avg=3.72 p95=4.52
2026.09.29-14.33.58 --- S08 trace close ---
