2026.09.28-10.13.09 --- S08 trace open 2026.09.28-10.13.09 ---
2026.09.28-10.13.09 LOGIN ok user=art-preview-host
2026.09.28-10.13.12 HEROES loaded 84
2026.09.28-10.13.12 createGame -> room=cmul3aczy00e5wi2osrc8f3dy code=<redacted> status=LOBBY
2026.09.28-10.13.14 PERF config tMaxFPS=30.0 frameRateLimit=60.0 vsync=0 smoothFrameRate=0 fixedFrameRate=0 rhi=D3D11
2026.09.28-10.13.14 PERF window t=0.0-5.0 frames=151 fps=30.00 frameMs avg=33.33 p50=33.33 p95=33.33 p99=33.33 max=33.34 hitches50=0 gpuMs avg=34.86 p50=33.28 p95=35.54 gameMs avg=1.54 p95=1.63 renderMs avg=2.19 p95=2.45
2026.09.28-10.13.15 game -> room=cmul3aczy00e5wi2osrc8f3dy code=<redacted> status=LOBBY
2026.09.28-10.13.15 selectHero -> room=cmul3aczy00e5wi2osrc8f3dy code=<redacted> status=LOBBY
2026.09.28-10.13.18 game -> room=cmul3aczy00e5wi2osrc8f3dy code=<redacted> status=LOBBY
2026.09.28-10.13.18 toggleReady -> room=cmul3aczy00e5wi2osrc8f3dy code=<redacted> status=LOBBY
2026.09.28-10.13.19 PERF window t=5.0-10.0 frames=150 fps=30.00 frameMs avg=33.33 p50=33.33 p95=33.33 p99=33.34 max=33.34 hitches50=0 gpuMs avg=32.45 p50=33.30 p95=34.22 gameMs avg=1.37 p95=1.68 renderMs avg=1.71 p95=2.15
2026.09.28-10.13.21 game -> room=cmul3aczy00e5wi2osrc8f3dy code=<redacted> status=LOBBY
2026.09.28-10.13.24 PERF window t=10.0-15.0 frames=150 fps=30.00 frameMs avg=33.33 p50=33.33 p95=33.33 p99=33.34 max=33.36 hitches50=0 gpuMs avg=32.48 p50=33.27 p95=34.51 gameMs avg=1.42 p95=1.68 renderMs avg=1.82 p95=2.37
2026.09.28-10.13.24 game -> room=cmul3aczy00e5wi2osrc8f3dy code=<redacted> status=LOBBY
2026.09.28-10.13.27 game -> room=cmul3aczy00e5wi2osrc8f3dy code=<redacted> status=LOBBY
2026.09.28-10.13.27 startGame -> room=cmul3aczy00e5wi2osrc8f3dy code=<redacted> status=IN_PROGRESS
2026.09.28-10.13.27 SNAPSHOT applied seq=1 phase=ACTION_MANEUVER
2026.09.28-10.13.27 HANDLE_APPLIED #1 seq=1 decision=2 fightersValid=1 boardValid=1
2026.09.28-10.13.27 MODE seq=1 mode=0 combat=0 pending=0
2026.09.28-10.13.27 HUD seq=1 phase=ACTION_MANEUVER turn=you hand=5 oppHand=5(hidden) oppDeck=25 deck=25 discard=0
2026.09.28-10.13.27 ARTPREVIEW Cobble assets ready
2026.09.28-10.13.27 ARTPREVIEW medusa candidate variant=head-tilt-v3 mesh=SK_Medusa_HeadTilt_v3Candidate requested=head-tilt-v3
2026.09.28-10.13.27 ARTPREVIEW Cobble probe lights key=4.5 fill=700 warm=85
2026.09.28-10.13.27 ARTPREVIEW Cobble active 5x6 zones=30 blue=15 red=15 blueMarks=15 redMarks=45
2026.09.28-10.13.27 CAMERA dist=1931 loc=(0,1107,1582) pitch=-55 yaw=-90
2026.09.28-10.13.27 BOARD 5x6 cells | control points: (0,0)=(-200,-250,0) (4,5)=(200,250,0) | neighbor pair (dist 100 uu)
2026.09.28-10.13.27 ARTPREVIEW fighter=Medusa hero=1 eligible=1 visual=1 mesh=SK_Medusa_HeadTilt_v3Candidate
2026.09.28-10.13.27 FIGHTERS synced n=6 alive=6 own=4 enemy=2
2026.09.28-10.13.27 STATE seq=1 -> apply
2026.09.28-10.13.27 SUBSCRIBED gameStateUpdated since=1
2026.09.28-10.13.27 SNAPSHOT applied seq=1 phase=ACTION_MANEUVER
2026.09.28-10.13.27 HANDLE_APPLIED #2 seq=1 decision=1 fightersValid=1 boardValid=1
2026.09.28-10.13.27 MODE seq=1 mode=0 combat=0 pending=0
2026.09.28-10.13.27 HUD seq=1 phase=ACTION_MANEUVER turn=you hand=5 oppHand=5(hidden) oppDeck=25 deck=25 discard=0
2026.09.28-10.13.27 ARTPREVIEW fighter=Medusa hero=1 eligible=1 visual=1 mesh=SK_Medusa_HeadTilt_v3Candidate
2026.09.28-10.13.27 FIGHTERS synced n=6 alive=6 own=4 enemy=2
2026.09.28-10.13.27 WS seq=1 phase=ACTION_MANEUVER (merge)
2026.09.28-10.13.29 PERF window t=15.0-20.1 frames=151 fps=30.00 frameMs avg=33.33 p50=33.33 p95=33.33 p99=33.33 max=33.34 hitches50=0 gpuMs avg=31.32 p50=33.27 p95=35.70 gameMs avg=1.71 p95=2.02 renderMs avg=2.26 p95=2.78
2026.09.28-10.13.30 game -> room=cmul3aczy00e5wi2osrc8f3dy code=<redacted> status=IN_PROGRESS
2026.09.28-10.13.33 game -> room=cmul3aczy00e5wi2osrc8f3dy code=<redacted> status=IN_PROGRESS
2026.09.28-10.13.34 PERF window t=20.1-25.1 frames=151 fps=30.00 frameMs avg=33.33 p50=33.33 p95=33.33 p99=33.33 max=33.34 hitches50=0 gpuMs avg=28.82 p50=33.27 p95=35.45 gameMs avg=1.33 p95=1.55 renderMs avg=2.44 p95=2.86
2026.09.28-10.13.36 game -> room=cmul3aczy00e5wi2osrc8f3dy code=<redacted> status=IN_PROGRESS
2026.09.28-10.13.39 game -> room=cmul3aczy00e5wi2osrc8f3dy code=<redacted> status=IN_PROGRESS
2026.09.28-10.13.39 PERF window t=25.1-30.1 frames=151 fps=30.00 frameMs avg=33.33 p50=33.33 p95=33.33 p99=33.34 max=33.34 hitches50=0 gpuMs avg=30.22 p50=33.29 p95=35.57 gameMs avg=1.37 p95=1.59 renderMs avg=2.61 p95=3.24
2026.09.28-10.13.42 game -> room=cmul3aczy00e5wi2osrc8f3dy code=<redacted> status=IN_PROGRESS
2026.09.28-10.13.43 ARTPREVIEW selection ring shown fighter=Medusa mesh=SM_Marker_SelectionRing
2026.09.28-10.13.43 ARTPREVIEW reachable corners cells=13 placed=1
2026.09.28-10.13.43 ARTPREVIEW selection ownHero=1 selected=1 fighter=Medusa reachable=14 fighterId=f-0-hero
2026.09.28-10.13.43 ARTPREVIEW camera focus requested zoom=5.00 overview=1931 target=386
2026.09.28-10.13.43 CAMERA settled elapsed=34.63 dist=389.3 target=386.2 errPct=0.809 focusErr=0.12 focus=(0,-50,28)
2026.09.28-10.13.44 PERF window t=30.1-35.1 frames=150 fps=30.00 frameMs avg=33.33 p50=33.33 p95=33.33 p99=33.34 max=33.43 hitches50=0 gpuMs avg=30.09 p50=33.25 p95=35.34 gameMs avg=1.36 p95=1.58 renderMs avg=2.55 p95=3.15
2026.09.28-10.13.45 SHOT ctx viewport=1920x1080 viewTarget=CameraActor_2147482372 cam=(0,171,344) rot=(-55,-90,0)
2026.09.28-10.13.45 SHOT fighter f-0-hero pos=(2,2) world=(0,-50,0) screen=(960,660) projected=1 alive=1
2026.09.28-10.13.45 SHOT fighter f-0-sk0 pos=(3,2) world=(100,-50,0) screen=(1704,660) projected=1 alive=1
2026.09.28-10.13.45 SHOT fighter f-0-sk1 pos=(2,1) world=(0,-150,0) screen=(960,110) projected=1 alive=1
2026.09.28-10.13.45 SHOT fighter f-0-sk2 pos=(1,2) world=(-100,-50,0) screen=(216,660) projected=1 alive=1
2026.09.28-10.13.45 SHOT fighter f-1-hero pos=(2,3) world=(0,50,0) screen=(960,1388) projected=1 alive=1
2026.09.28-10.13.45 SHOT fighter f-1-sk0 pos=(3,3) world=(100,50,0) screen=(1826,1388) projected=1 alive=1
2026.09.28-10.13.45 SHOT camera dist=386.2 target=386.2 overview=1930.8 errPct=0.000 focusErr=0.00 settled=1 zoom=5.00
2026.09.28-10.13.45 SHOT head fighter=f-0-hero socket=Head mesh=SK_Medusa_HeadTilt_v3Candidate world=(0.0,-46.0,38.5) screen=(960.0,517.7) top=(960.0,489.1) bottom=(960.0,545.6) headPx=56.4 projected=1
2026.09.28-10.13.45 SHOT requested: FScreenshotRequest(bShowUI) -> C:\Users\ren\AppData\Local\Temp\s08-phase2-20260928-151307-16292\phase2-board-host-1920x1080.png
2026.09.28-10.13.45 game -> room=cmul3aczy00e5wi2osrc8f3dy code=<redacted> status=IN_PROGRESS
2026.09.28-10.13.48 game -> room=cmul3aczy00e5wi2osrc8f3dy code=<redacted> status=IN_PROGRESS
2026.09.28-10.13.49 PERF window t=35.1-40.2 frames=143 fps=28.50 frameMs avg=35.09 p50=33.33 p95=33.33 p99=33.37 max=284.63 hitches50=1 gpuMs avg=34.53 p50=33.31 p95=34.53 gameMs avg=3.15 p95=1.55 renderMs avg=2.35 p95=2.83
2026.09.28-10.13.51 game -> room=cmul3aczy00e5wi2osrc8f3dy code=<redacted> status=IN_PROGRESS
2026.09.28-10.13.54 game -> room=cmul3aczy00e5wi2osrc8f3dy code=<redacted> status=IN_PROGRESS
2026.09.28-10.13.54 PERF window t=40.2-45.2 frames=150 fps=29.98 frameMs avg=33.36 p50=33.33 p95=33.34 p99=33.40 max=36.58 hitches50=0 gpuMs avg=32.21 p50=33.17 p95=35.30 gameMs avg=1.23 p95=1.44 renderMs avg=2.22 p95=2.66
2026.09.28-10.13.57 game -> room=cmul3aczy00e5wi2osrc8f3dy code=<redacted> status=IN_PROGRESS
2026.09.28-10.13.59 PERF summary scope=afterWarmup warmup=5 elapsed=50.0 frames=1344 fps=29.83 frameMs avg=33.52 p50=33.33 p95=33.33 p99=33.34 max=284.63 hitches50=1 gpuMs avg=31.57 p50=33.28 p95=35.21 gameMs avg=1.56 p95=1.63 renderMs avg=2.26 p95=2.88
2026.09.28-10.13.59 PERF summary scope=started elapsed=50.0 frames=950 fps=29.76 frameMs avg=33.60 p50=33.33 p95=33.33 p99=33.35 max=284.63 hitches50=1 gpuMs avg=31.24 p50=33.27 p95=35.21 gameMs avg=1.62 p95=1.57 renderMs avg=2.44 p95=2.95
2026.09.28-10.13.59 --- S08 trace close ---
