2026.09.28-10.13.14 --- S08 trace open 2026.09.28-10.13.14 ---
2026.09.28-10.13.14 LOGIN ok user=art-preview-joiner
2026.09.28-10.13.17 HEROES loaded 84
2026.09.28-10.13.17 CODE resolved -> cmul3aczy00e5wi2osrc8f3dy
2026.09.28-10.13.17 joinGame -> room=cmul3aczy00e5wi2osrc8f3dy code=<redacted> status=LOBBY
2026.09.28-10.13.19 PERF config tMaxFPS=30.0 frameRateLimit=60.0 vsync=0 smoothFrameRate=0 fixedFrameRate=0 rhi=D3D11
2026.09.28-10.13.19 PERF window t=0.0-5.0 frames=151 fps=30.00 frameMs avg=33.33 p50=33.33 p95=33.33 p99=33.34 max=33.35 hitches50=0 gpuMs avg=35.71 p50=33.33 p95=34.01 gameMs avg=1.44 p95=1.67 renderMs avg=1.95 p95=2.33
2026.09.28-10.13.20 game -> room=cmul3aczy00e5wi2osrc8f3dy code=<redacted> status=LOBBY
2026.09.28-10.13.20 selectHero -> room=cmul3aczy00e5wi2osrc8f3dy code=<redacted> status=LOBBY
2026.09.28-10.13.23 game -> room=cmul3aczy00e5wi2osrc8f3dy code=<redacted> status=LOBBY
2026.09.28-10.13.23 toggleReady -> room=cmul3aczy00e5wi2osrc8f3dy code=<redacted> status=LOBBY
2026.09.28-10.13.24 PERF window t=5.0-10.0 frames=150 fps=30.00 frameMs avg=33.33 p50=33.33 p95=33.33 p99=33.34 max=33.34 hitches50=0 gpuMs avg=32.94 p50=33.34 p95=34.12 gameMs avg=1.36 p95=1.62 renderMs avg=1.73 p95=2.23
2026.09.28-10.13.26 game -> room=cmul3aczy00e5wi2osrc8f3dy code=<redacted> status=LOBBY
2026.09.28-10.13.29 PERF window t=10.0-15.0 frames=150 fps=29.99 frameMs avg=33.34 p50=33.33 p95=33.33 p99=33.34 max=35.03 hitches50=0 gpuMs avg=33.13 p50=33.28 p95=34.71 gameMs avg=1.42 p95=1.74 renderMs avg=1.92 p95=2.38
2026.09.28-10.13.29 game -> room=cmul3aczy00e5wi2osrc8f3dy code=<redacted> status=IN_PROGRESS
2026.09.28-10.13.29 WS DROPPED (test-initiated transport loss)
2026.09.28-10.13.29 WS closed (test drop) - reconnect in 1s
2026.09.28-10.13.29 SNAPSHOT applied seq=1 phase=ACTION_MANEUVER
2026.09.28-10.13.29 HANDLE_APPLIED #1 seq=1 decision=2 fightersValid=1 boardValid=1
2026.09.28-10.13.29 MODE seq=1 mode=0 combat=0 pending=0
2026.09.28-10.13.29 HUD seq=1 phase=ACTION_MANEUVER turn=opp hand=5 oppHand=5(hidden) oppDeck=25 deck=25 discard=0
2026.09.28-10.13.29 ARTPREVIEW Cobble assets ready
2026.09.28-10.13.29 ARTPREVIEW medusa candidate variant=head-tilt-v3 mesh=SK_Medusa_HeadTilt_v3Candidate requested=head-tilt-v3
2026.09.28-10.13.29 ARTPREVIEW Cobble probe lights key=4.5 fill=700 warm=85
2026.09.28-10.13.29 ARTPREVIEW Cobble active 5x6 zones=30 blue=15 red=15 blueMarks=15 redMarks=45
2026.09.28-10.13.29 CAMERA dist=1931 loc=(0,1107,1582) pitch=-55 yaw=-90
2026.09.28-10.13.29 BOARD 5x6 cells | control points: (0,0)=(-200,-250,0) (4,5)=(200,250,0) | neighbor pair (dist 100 uu)
2026.09.28-10.13.29 ARTPREVIEW fighter=Medusa hero=1 eligible=1 visual=1 mesh=SK_Medusa_HeadTilt_v3Candidate
2026.09.28-10.13.29 FIGHTERS synced n=6 alive=6 own=2 enemy=4
2026.09.28-10.13.29 STATE seq=1 -> apply
2026.09.28-10.13.29 WS closed 1000 (normal closure)
2026.09.28-10.13.30 WS reconnect attempt
2026.09.28-10.13.30 SUBSCRIBED gameStateUpdated since=1
2026.09.28-10.13.30 WS reconnected - refetching gameState
2026.09.28-10.13.30 SNAPSHOT applied seq=1 phase=ACTION_MANEUVER
2026.09.28-10.13.30 HANDLE_APPLIED #2 seq=1 decision=1 fightersValid=1 boardValid=1
2026.09.28-10.13.30 MODE seq=1 mode=0 combat=0 pending=0
2026.09.28-10.13.30 HUD seq=1 phase=ACTION_MANEUVER turn=opp hand=5 oppHand=5(hidden) oppDeck=25 deck=25 discard=0
2026.09.28-10.13.30 ARTPREVIEW fighter=Medusa hero=1 eligible=1 visual=1 mesh=SK_Medusa_HeadTilt_v3Candidate
2026.09.28-10.13.30 FIGHTERS synced n=6 alive=6 own=2 enemy=4
2026.09.28-10.13.30 STATE seq=1 -> merge
2026.09.28-10.13.30 SNAPSHOT applied seq=1 phase=ACTION_MANEUVER
2026.09.28-10.13.30 HANDLE_APPLIED #3 seq=1 decision=1 fightersValid=1 boardValid=1
2026.09.28-10.13.30 MODE seq=1 mode=0 combat=0 pending=0
2026.09.28-10.13.30 HUD seq=1 phase=ACTION_MANEUVER turn=opp hand=5 oppHand=5(hidden) oppDeck=25 deck=25 discard=0
2026.09.28-10.13.30 ARTPREVIEW fighter=Medusa hero=1 eligible=1 visual=1 mesh=SK_Medusa_HeadTilt_v3Candidate
2026.09.28-10.13.30 FIGHTERS synced n=6 alive=6 own=2 enemy=4
2026.09.28-10.13.30 WS seq=1 phase=ACTION_MANEUVER (merge)
2026.09.28-10.13.32 game -> room=cmul3aczy00e5wi2osrc8f3dy code=<redacted> status=IN_PROGRESS
2026.09.28-10.13.34 PERF window t=15.0-20.0 frames=150 fps=30.00 frameMs avg=33.33 p50=33.33 p95=33.33 p99=33.34 max=33.36 hitches50=0 gpuMs avg=30.08 p50=33.34 p95=34.51 gameMs avg=1.65 p95=1.71 renderMs avg=2.54 p95=2.91
2026.09.28-10.13.35 game -> room=cmul3aczy00e5wi2osrc8f3dy code=<redacted> status=IN_PROGRESS
2026.09.28-10.13.38 game -> room=cmul3aczy00e5wi2osrc8f3dy code=<redacted> status=IN_PROGRESS
2026.09.28-10.13.39 PERF window t=20.0-25.1 frames=151 fps=30.00 frameMs avg=33.33 p50=33.33 p95=33.33 p99=33.33 max=33.33 hitches50=0 gpuMs avg=30.93 p50=33.29 p95=34.46 gameMs avg=1.38 p95=1.75 renderMs avg=2.58 p95=3.10
2026.09.28-10.13.41 game -> room=cmul3aczy00e5wi2osrc8f3dy code=<redacted> status=IN_PROGRESS
2026.09.28-10.13.44 game -> room=cmul3aczy00e5wi2osrc8f3dy code=<redacted> status=IN_PROGRESS
2026.09.28-10.13.44 PERF window t=25.1-30.1 frames=151 fps=30.00 frameMs avg=33.33 p50=33.33 p95=33.33 p99=33.33 max=33.33 hitches50=0 gpuMs avg=31.49 p50=33.27 p95=34.67 gameMs avg=1.36 p95=1.63 renderMs avg=2.48 p95=3.09
2026.09.28-10.13.47 game -> room=cmul3aczy00e5wi2osrc8f3dy code=<redacted> status=IN_PROGRESS
2026.09.28-10.13.49 PERF window t=30.1-35.1 frames=150 fps=30.00 frameMs avg=33.33 p50=33.33 p95=33.33 p99=33.36 max=33.36 hitches50=0 gpuMs avg=31.06 p50=33.23 p95=34.71 gameMs avg=1.34 p95=1.60 renderMs avg=2.42 p95=2.95
2026.09.28-10.13.50 SHOT ctx viewport=1920x1080 viewTarget=CameraActor_2147482372 cam=(0,1107,1582) rot=(-55,-90,0)
2026.09.28-10.13.50 SHOT fighter f-0-hero pos=(2,2) world=(0,-50,0) screen=(960,476) projected=1 alive=1
2026.09.28-10.13.50 SHOT fighter f-0-sk0 pos=(3,2) world=(100,-50,0) screen=(1115,476) projected=1 alive=1
2026.09.28-10.13.50 SHOT fighter f-0-sk1 pos=(2,1) world=(0,-150,0) screen=(960,355) projected=1 alive=1
2026.09.28-10.13.50 SHOT fighter f-0-sk2 pos=(1,2) world=(-100,-50,0) screen=(805,476) projected=1 alive=1
2026.09.28-10.13.50 SHOT fighter f-1-hero pos=(2,3) world=(0,50,0) screen=(960,606) projected=1 alive=1
2026.09.28-10.13.50 SHOT fighter f-1-sk0 pos=(3,3) world=(100,50,0) screen=(1120,606) projected=1 alive=1
2026.09.28-10.13.50 SHOT camera dist=1930.8 target=1930.8 overview=1930.8 errPct=0.000 focusErr=0.00 settled=1 zoom=1.00
2026.09.28-10.13.50 SHOT head fighter=f-0-hero socket=Head mesh=SK_Medusa_HeadTilt_v3Candidate world=(0.0,-46.0,38.5) screen=(960.0,445.5) top=(960.0,439.8) bottom=(960.0,451.2) headPx=11.4 projected=1
2026.09.28-10.13.50 SHOT requested: FScreenshotRequest(bShowUI) -> C:\Users\ren\AppData\Local\Temp\s08-phase2-20260928-151307-16292\phase2-board-joiner-1920x1080.png
2026.09.28-10.13.50 game -> room=cmul3aczy00e5wi2osrc8f3dy code=<redacted> status=IN_PROGRESS
2026.09.28-10.13.53 game -> room=cmul3aczy00e5wi2osrc8f3dy code=<redacted> status=IN_PROGRESS
2026.09.28-10.13.54 PERF window t=35.1-40.1 frames=147 fps=29.15 frameMs avg=34.31 p50=33.33 p95=33.33 p99=77.51 max=132.77 hitches50=2 gpuMs avg=33.84 p50=33.14 p95=37.38 gameMs avg=2.08 p95=1.58 renderMs avg=2.50 p95=3.03
2026.09.28-10.13.56 game -> room=cmul3aczy00e5wi2osrc8f3dy code=<redacted> status=IN_PROGRESS
2026.09.28-10.13.59 game -> room=cmul3aczy00e5wi2osrc8f3dy code=<redacted> status=IN_PROGRESS
2026.09.28-10.13.59 PERF window t=40.1-45.2 frames=151 fps=30.00 frameMs avg=33.33 p50=33.33 p95=33.33 p99=33.34 max=33.35 hitches50=0 gpuMs avg=32.35 p50=33.34 p95=34.52 gameMs avg=1.22 p95=1.27 renderMs avg=2.44 p95=3.15
2026.09.28-10.14.02 game -> room=cmul3aczy00e5wi2osrc8f3dy code=<redacted> status=IN_PROGRESS
2026.09.28-10.14.04 PERF summary scope=afterWarmup warmup=5 elapsed=50.0 frames=1347 fps=29.90 frameMs avg=33.44 p50=33.33 p95=33.33 p99=33.34 max=132.77 hitches50=2 gpuMs avg=32.08 p50=33.31 p95=34.79 gameMs avg=1.43 p95=1.63 renderMs avg=2.33 p95=2.95
2026.09.28-10.14.04 PERF summary scope=started elapsed=50.0 frames=1045 fps=29.88 frameMs avg=33.47 p50=33.33 p95=33.33 p99=33.34 max=132.77 hitches50=2 gpuMs avg=31.80 p50=33.31 p95=34.85 gameMs avg=1.44 p95=1.61 renderMs avg=2.48 p95=3.03
2026.09.28-10.14.04 --- S08 trace close ---
