2026.09.28-00.53.23 --- S08 trace open 2026.09.28-00.53.23 ---
2026.09.28-00.53.23 LOGIN ok user=art-preview-joiner
2026.09.28-00.53.26 HEROES loaded 84
2026.09.28-00.53.26 CODE resolved -> cmukjaepq0049wia07vqbzjsb
2026.09.28-00.53.26 joinGame -> room=cmukjaepq0049wia07vqbzjsb code=<redacted> status=LOBBY
2026.09.28-00.53.29 game -> room=cmukjaepq0049wia07vqbzjsb code=<redacted> status=LOBBY
2026.09.28-00.53.29 selectHero -> room=cmukjaepq0049wia07vqbzjsb code=<redacted> status=LOBBY
2026.09.28-00.53.32 game -> room=cmukjaepq0049wia07vqbzjsb code=<redacted> status=LOBBY
2026.09.28-00.53.32 toggleReady -> room=cmukjaepq0049wia07vqbzjsb code=<redacted> status=LOBBY
2026.09.28-00.53.35 game -> room=cmukjaepq0049wia07vqbzjsb code=<redacted> status=LOBBY
2026.09.28-00.53.38 game -> room=cmukjaepq0049wia07vqbzjsb code=<redacted> status=IN_PROGRESS
2026.09.28-00.53.38 WS DROPPED (test-initiated transport loss)
2026.09.28-00.53.38 WS closed (test drop) - reconnect in 1s
2026.09.28-00.53.38 SNAPSHOT applied seq=1 phase=ACTION_MANEUVER
2026.09.28-00.53.38 HANDLE_APPLIED #1 seq=1 decision=2 fightersValid=1 boardValid=1
2026.09.28-00.53.38 MODE seq=1 mode=0 combat=0 pending=0
2026.09.28-00.53.38 HUD seq=1 phase=ACTION_MANEUVER turn=opp hand=5 oppHand=5(hidden) oppDeck=25 deck=25 discard=0
2026.09.28-00.53.38 ARTPREVIEW Cobble assets ready
2026.09.28-00.53.38 ARTPREVIEW Cobble probe lights key=4.5 fill=700 warm=85
2026.09.28-00.53.38 ARTPREVIEW Cobble active 5x6 zones=30
2026.09.28-00.53.38 CAMERA dist=1931 loc=(0,1107,1582) pitch=-55 yaw=-90
2026.09.28-00.53.38 BOARD 5x6 cells | control points: (0,0)=(-200,-250,0) (4,5)=(200,250,0) | neighbor pair (dist 100 uu)
2026.09.28-00.53.38 ARTPREVIEW fighter=Medusa hero=1 eligible=1 visual=1 mesh=SK_Medusa_FaceNeck_v2Candidate
2026.09.28-00.53.38 FIGHTERS synced n=6 alive=6 own=2 enemy=4
2026.09.28-00.53.38 STATE seq=1 -> apply
2026.09.28-00.53.38 WS closed 1000 (normal closure)
2026.09.28-00.53.39 WS reconnect attempt
2026.09.28-00.53.39 SUBSCRIBED gameStateUpdated since=1
2026.09.28-00.53.39 WS reconnected - refetching gameState
2026.09.28-00.53.39 SNAPSHOT applied seq=1 phase=ACTION_MANEUVER
2026.09.28-00.53.39 HANDLE_APPLIED #2 seq=1 decision=1 fightersValid=1 boardValid=1
2026.09.28-00.53.39 MODE seq=1 mode=0 combat=0 pending=0
2026.09.28-00.53.39 HUD seq=1 phase=ACTION_MANEUVER turn=opp hand=5 oppHand=5(hidden) oppDeck=25 deck=25 discard=0
2026.09.28-00.53.39 ARTPREVIEW fighter=Medusa hero=1 eligible=1 visual=1 mesh=SK_Medusa_FaceNeck_v2Candidate
2026.09.28-00.53.39 FIGHTERS synced n=6 alive=6 own=2 enemy=4
2026.09.28-00.53.39 STATE seq=1 -> merge
2026.09.28-00.53.39 SNAPSHOT applied seq=1 phase=ACTION_MANEUVER
2026.09.28-00.53.39 HANDLE_APPLIED #3 seq=1 decision=1 fightersValid=1 boardValid=1
2026.09.28-00.53.39 MODE seq=1 mode=0 combat=0 pending=0
2026.09.28-00.53.39 HUD seq=1 phase=ACTION_MANEUVER turn=opp hand=5 oppHand=5(hidden) oppDeck=25 deck=25 discard=0
2026.09.28-00.53.39 ARTPREVIEW fighter=Medusa hero=1 eligible=1 visual=1 mesh=SK_Medusa_FaceNeck_v2Candidate
2026.09.28-00.53.39 FIGHTERS synced n=6 alive=6 own=2 enemy=4
2026.09.28-00.53.39 WS seq=1 phase=ACTION_MANEUVER (merge)
2026.09.28-00.53.41 game -> room=cmukjaepq0049wia07vqbzjsb code=<redacted> status=IN_PROGRESS
2026.09.28-00.53.44 game -> room=cmukjaepq0049wia07vqbzjsb code=<redacted> status=IN_PROGRESS
2026.09.28-00.53.47 game -> room=cmukjaepq0049wia07vqbzjsb code=<redacted> status=IN_PROGRESS
2026.09.28-00.53.50 game -> room=cmukjaepq0049wia07vqbzjsb code=<redacted> status=IN_PROGRESS
2026.09.28-00.53.53 SHOT ctx viewport=1920x1080 viewTarget=CameraActor_2147482372 cam=(0,1107,1582) rot=(-55,-90,0)
2026.09.28-00.53.53 SHOT fighter f-0-hero pos=(2,2) world=(0,-50,0) screen=(960,476) projected=1 alive=1
2026.09.28-00.53.53 SHOT fighter f-0-sk0 pos=(3,2) world=(100,-50,0) screen=(1115,476) projected=1 alive=1
2026.09.28-00.53.53 SHOT fighter f-0-sk1 pos=(2,1) world=(0,-150,0) screen=(960,355) projected=1 alive=1
2026.09.28-00.53.53 SHOT fighter f-0-sk2 pos=(1,2) world=(-100,-50,0) screen=(805,476) projected=1 alive=1
2026.09.28-00.53.53 SHOT fighter f-1-hero pos=(2,3) world=(0,50,0) screen=(960,606) projected=1 alive=1
2026.09.28-00.53.53 SHOT fighter f-1-sk0 pos=(3,3) world=(100,50,0) screen=(1120,606) projected=1 alive=1
2026.09.28-00.53.53 SHOT requested: FScreenshotRequest(bShowUI) -> C:\Users\ren\AppData\Local\Temp\s08-phase2-20260928-055317-28868\phase2-board-joiner-1920x1080.png
2026.09.28-00.53.53 game -> room=cmukjaepq0049wia07vqbzjsb code=<redacted> status=IN_PROGRESS
2026.09.28-00.53.56 game -> room=cmukjaepq0049wia07vqbzjsb code=<redacted> status=IN_PROGRESS
2026.09.28-00.53.59 game -> room=cmukjaepq0049wia07vqbzjsb code=<redacted> status=IN_PROGRESS
2026.09.28-00.54.02 game -> room=cmukjaepq0049wia07vqbzjsb code=<redacted> status=IN_PROGRESS
2026.09.28-00.54.05 --- S08 trace close ---
