2026.09.30-17.22.29 --- S08 trace open 2026.09.30-17.22.29 ---
2026.09.30-17.22.29 HUD team chips ready=1 mode=absolute tagNames=rule
2026.09.30-17.22.29 HUD icon texture size=32 ready=1 path=/Game/ArtTests/ARTMarkers/Textures/T_UI_Action_AttackToken_32 texture=32x32 probe=0 plate=1
2026.09.30-17.22.29 HUD art widget tag impl=umg source=/Game/S08/UI/ArtHud/WBP_S08ArtTag class=/Game/S08/UI/ArtHud/WBP_S08ArtTag.WBP_S08ArtTag_C count=8 missing=- codeDefaultTree=0
2026.09.30-17.22.29 HUD art widget plate impl=umg source=/Game/S08/UI/ArtHud/WBP_S08ArtPlate class=/Game/S08/UI/ArtHud/WBP_S08ArtPlate.WBP_S08ArtPlate_C parts=1 missing=- codeDefaultTree=0
2026.09.30-17.22.29 HUD art widget icon impl=umg source=/Game/S08/UI/ArtHud/WBP_S08ArtIcon class=/Game/S08/UI/ArtHud/WBP_S08ArtIcon.WBP_S08ArtIcon_C parts=1 missing=- codeDefaultTree=0
2026.09.30-17.22.29 HUD art widget damage impl=umg source=/Game/S08/UI/ArtHud/WBP_S08ArtDamage class=/Game/S08/UI/ArtHud/WBP_S08ArtDamage.WBP_S08ArtDamage_C parts=1 missing=- codeDefaultTree=0
2026.09.30-17.22.29 RENDER preset applied=High flag=S08RenderPreset
2026.09.30-17.22.29 BENCH start (W4-A backend-less render bench)
2026.09.30-17.22.30 ARTPREVIEW diorama requested mesh=/Game/PipelineCandidates/TableBase/20260928-table-base-tripo-h31/Meshes/SM_TableBase.SM_TableBase mi=MI_TableBase_Candidate
2026.09.30-17.22.30 ARTPREVIEW envlayout enabled dir=Config/ArtBoards/EnvLayouts source=pak files=2 names=marmoreal.layout.json+sarpedon.layout.json
2026.09.30-17.22.30 ARTPREVIEW board profiles loaded=1 revision=7 boards=5 zoneStyles=11 lightProfiles=5 errors=0 path=Config/ArtBoards/S08ArtBoardProfiles.json
2026.09.30-17.22.30 ARTPREVIEW board profiles source=pak sha256=0e8981d443496a85b921ea799235271a9e24de07dab25a862f7546b91d9fe25b
2026.09.30-17.22.30 ARTPREVIEW zone content instances=12/12 glyphMeshes=11/11
2026.09.30-17.22.30 ARTPREVIEW zone keyline content mi=MI_ART005_Zone_Keyline glyphKeyMeshes=11/11 color=#111317
2026.09.30-17.22.30 ARTPREVIEW game layer material=M_S08_GameLayerUnlit unlitEyeAdaptInv=1 legacyRender=0
2026.09.30-17.22.30 ARTPREVIEW Cobble assets ready
2026.09.30-17.22.30 ARTPREVIEW board assets ready cobbleMesh=1 tiles=1 zoneMaterials=2
2026.09.30-17.22.30 ARTPREVIEW medusa candidate variant=face-neck-v2 mesh=SK_Medusa_FaceNeck_v2Candidate requested=(default)
2026.09.30-17.22.30 ARTPREVIEW map-image assets map=Sarpedon mi=MI_Sarpedon_MapBoard material=M_MapBoard bc=T_Sarpedon_Map_BC_4K mask=T_Sarpedon_Map_GameMask_4K boundBc=1 boundMask=1 sdf=1 id=1
2026.09.30-17.22.30 ARTPREVIEW board profile=sarpedon-original match=boardId board=9x6 boardId=c7fa64a26c29a0835f2383e63 surface=map-image light=sarpedon-night artFixture=0 map=Sarpedon
2026.09.30-17.22.30 ARTPREVIEW light profile=sarpedon-night name=key role=key kind=directional at=(-350,-150,600) intensity=3 units=lux radius=0 color=(0.60,0.70,0.92) shadow=1
2026.09.30-17.22.30 ARTPREVIEW light profile=sarpedon-night name=water-rim role=cool kind=point at=(89,-312,260) intensity=70 units=candelas radius=440 color=(0.50,0.72,1.00) shadow=0
2026.09.30-17.22.30 ARTPREVIEW sky profile=sarpedon-night cubemap=/Game/S08/Render/TC_S08_AmbientDome loaded=1 spawned=1 intensity=13 color=(0.78,0.86,0.98) lowerBlack=0
2026.09.30-17.22.30 ARTPREVIEW exposure profile=sarpedon-night method=histogram-fixed min=4.14106 max=4.14106 bias=0.000 ev100=2.05 volume=1
2026.09.30-17.22.30 ARTPREVIEW lights applied profile=sarpedon-night directional=1 shadow=1 points=1 pointShadows=0 budgetOk=1
2026.09.30-17.22.30 ARTPREVIEW render profile=sarpedon-night units=candelas sky=1 exposure=1 keyShadow=csm-3600uu-2c-contact0.000 shadowCasters=1 legacyRender=0
2026.09.30-17.22.30 ARTPREVIEW board active profile=sarpedon-original 9x6 surface=map-image map=Sarpedon spaces=38 links=61 starts=4 zoneKeys=6 multizone=4 triple=2 obstacles=16 size=891.3x577.3 src=1337x866 uuPerPx=0.6666667 frameUU=24 surfaceParts=4 corners=4 zoneMarks=0 lattice=0 pick=445.7x288.7 mi=MI_Sarpedon_MapBoard wood=1 expectOk=1
2026.09.30-17.22.30 ARTPREVIEW board map zone key=blue spaces=6 (painted, no zone marks)
2026.09.30-17.22.30 ARTPREVIEW board map zone key=brown spaces=5 (painted, no zone marks)
2026.09.30-17.22.30 ARTPREVIEW board map zone key=green spaces=8 (painted, no zone marks)
2026.09.30-17.22.30 ARTPREVIEW board map zone key=purple spaces=11 (painted, no zone marks)
2026.09.30-17.22.30 ARTPREVIEW board map zone key=red spaces=6 (painted, no zone marks)
2026.09.30-17.22.30 ARTPREVIEW board map zone key=yellow spaces=8 (painted, no zone marks)
2026.09.30-17.22.30 ARTPREVIEW envlayout prop id=fort-nw mesh=SM_Env_FortRuin loc=(-575.0,-418.0,-3.0) yaw=82.0 scale=1.000 shadow=1 size=169.4x73.3x110.0 bounds=(-659.7,-454.7,-3.0)..(-490.3,-381.3,107.0) overMap=0 onTray=1
2026.09.30-17.22.30 ARTPREVIEW envlayout prop id=campfire-nw mesh=SM_Env_Campfire loc=(-548.0,-352.0,-3.0) yaw=90.0 scale=1.200 shadow=1 size=47.8x48.0x20.2 bounds=(-571.9,-376.0,-3.0)..(-524.1,-328.0,17.2) overMap=0 onTray=1
2026.09.30-17.22.30 ARTPREVIEW envlayout prop id=tree-nw mesh=SM_Env_Tree loc=(-700.0,-318.0,-3.0) yaw=110.0 scale=1.050 shadow=1 size=247.9x214.3x199.5 bounds=(-824.0,-425.2,-3.0)..(-576.0,-210.8,196.5) overMap=0 onTray=1
2026.09.30-17.22.30 ARTPREVIEW envlayout prop id=tree-w mesh=SM_Env_Tree loc=(-690.0,-30.0,-3.0) yaw=70.0 scale=1.000 shadow=1 size=236.1x204.1x190.0 bounds=(-808.1,-132.0,-3.0)..(-571.9,72.0,187.0) overMap=0 onTray=1
2026.09.30-17.22.30 ARTPREVIEW envlayout prop id=palisade-n1 mesh=SM_Env_Palisade loc=(-440.0,-392.0,-3.0) yaw=90.0 scale=1.100 shadow=1 size=79.8x16.1x77.0 bounds=(-479.9,-400.0,-3.0)..(-400.1,-384.0,74.0) overMap=0 onTray=1
2026.09.30-17.22.30 ARTPREVIEW envlayout prop id=palisade-n2 mesh=SM_Env_Palisade loc=(-361.0,-390.0,-3.0) yaw=94.0 scale=1.100 shadow=1 size=80.7x21.6x77.0 bounds=(-401.4,-400.8,-3.0)..(-320.6,-379.2,74.0) overMap=0 onTray=1
2026.09.30-17.22.30 ARTPREVIEW envlayout prop id=palisade-w1 mesh=SM_Env_Palisade loc=(-556.7,-72.7,-3.0) yaw=15.0 scale=1.100 shadow=1 size=36.2x81.3x77.0 bounds=(-574.8,-113.3,-3.0)..(-538.6,-32.1,74.0) overMap=0 onTray=1
2026.09.30-17.22.30 ARTPREVIEW envlayout prop id=palisade-w2 mesh=SM_Env_Palisade loc=(-536.0,-150.0,-3.0) yaw=15.0 scale=1.100 shadow=1 size=36.2x81.3x77.0 bounds=(-554.1,-190.6,-3.0)..(-517.9,-109.4,74.0) overMap=0 onTray=1
2026.09.30-17.22.30 ARTPREVIEW envlayout prop id=palisade-w3 mesh=SM_Env_Palisade loc=(-540.0,205.0,-3.0) yaw=20.0 scale=1.100 shadow=1 size=42.4x80.5x77.0 bounds=(-561.2,164.7,-3.0)..(-518.8,245.3,74.0) overMap=0 onTray=1
2026.09.30-17.22.30 ARTPREVIEW envlayout prop id=campfire-w mesh=SM_Env_Campfire loc=(-560.0,85.0,-3.0) yaw=90.0 scale=1.000 shadow=1 size=39.8x40.0x16.8 bounds=(-579.9,65.0,-3.0)..(-540.1,105.0,13.8) overMap=0 onTray=1
2026.09.30-17.22.30 ARTPREVIEW envlayout prop id=hull-e1 mesh=SM_Env_Hull loc=(600.0,-370.0,-3.0) yaw=152.0 scale=0.850 shadow=1 size=167.9x250.8x217.9 bounds=(516.0,-495.4,-3.0)..(684.0,-244.6,214.9) overMap=0 onTray=1
2026.09.30-17.22.30 ARTPREVIEW envlayout prop id=hull-e2 mesh=SM_Env_Hull loc=(692.9,-134.3,-3.0) yaw=165.0 scale=0.850 shadow=1 size=118.7x260.4x217.9 bounds=(633.5,-264.5,-3.0)..(752.3,-4.1,214.9) overMap=0 onTray=1
2026.09.30-17.22.30 ARTPREVIEW envlayout prop id=cannon-e1 mesh=SM_Env_Cannon loc=(517.6,-371.5,-3.0) yaw=152.0 scale=1.400 shadow=1 size=76.4x68.7x37.6 bounds=(479.4,-405.8,-3.0)..(555.8,-337.2,34.6) overMap=0 onTray=1
2026.09.30-17.22.30 ARTPREVIEW envlayout prop id=cannon-e2 mesh=SM_Env_Cannon loc=(571.6,-270.0,-3.0) yaw=152.0 scale=1.400 shadow=1 size=76.4x68.7x37.6 bounds=(533.4,-304.3,-3.0)..(609.8,-235.7,34.6) overMap=0 onTray=1
2026.09.30-17.22.30 ARTPREVIEW envlayout prop id=cannon-e3 mesh=SM_Env_Cannon loc=(628.5,-96.3,-3.0) yaw=165.0 scale=1.400 shadow=1 size=72.3x59.1x37.6 bounds=(592.3,-125.8,-3.0)..(664.7,-66.8,34.6) overMap=0 onTray=1
2026.09.30-17.22.30 ARTPREVIEW envlayout prop id=cannon-e4 mesh=SM_Env_Cannon loc=(560.0,190.0,-3.0) yaw=-170.0 scale=1.400 shadow=1 size=69.7x54.5x37.6 bounds=(525.1,162.7,-3.0)..(594.9,217.3,34.6) overMap=0 onTray=1
2026.09.30-17.22.30 ARTPREVIEW envlayout prop id=rope-ne mesh=SM_Env_Rope loc=(425.0,-385.0,-3.0) yaw=90.0 scale=1.800 shadow=1 size=39.6x38.4x18.8 bounds=(405.2,-404.2,-3.0)..(444.8,-365.8,15.8) overMap=0 onTray=1
2026.09.30-17.22.30 ARTPREVIEW envlayout prop id=rope-se mesh=SM_Env_Rope loc=(575.0,320.0,-3.0) yaw=90.0 scale=1.800 shadow=1 size=39.6x38.4x18.8 bounds=(555.2,300.8,-3.0)..(594.8,339.2,15.8) overMap=0 onTray=1
2026.09.30-17.22.30 ARTPREVIEW envlayout light id=campfire-nw kind=point at=(-548.0,-352.0,28.0) intensity=80 units=candelas radius=380 color=#FF8A3D shadow=0
2026.09.30-17.22.30 ARTPREVIEW envlayout light id=campfire-w kind=point at=(-560.0,85.0,25.0) intensity=60 units=candelas radius=330 color=#FF9A4A shadow=0
2026.09.30-17.22.30 ARTPREVIEW envlayout light id=ship-lantern-n kind=point at=(571.7,-355.0,150.0) intensity=45 units=candelas radius=340 color=#FFB870 shadow=0
2026.09.30-17.22.30 ARTPREVIEW envlayout light id=ship-lantern-s kind=point at=(661.9,-126.0,140.0) intensity=40 units=candelas radius=320 color=#FFB870 shadow=0
2026.09.30-17.22.30 ARTPREVIEW envlayout map=sarpedon props=18 lights=4 missingMeshes=0 layoutProps=18 layoutLights=4 skippedMissing=0 skippedInsideMap=0 intrusions=0 outsideTray=0 outsideKit=0 shadowCasters=18 profilePoints=1 combinedPoints=5 combinedBudgetOk=1 tray=layout trayApronMismatch=0 profile=sarpedon-original boardId=c7fa64a26c29a0835f2383e63 file=Config/ArtBoards/EnvLayouts/sarpedon.layout.json sha256=973856b281d3c4a92626238fc768267898c847986e5de3ef1a4dc04d7c7f0a16 source=pak status=ok
2026.09.30-17.22.30 ARTPREVIEW envlayout tray map=sarpedon source=layout outerHalf=769.7x462.7 offsetY=-50.0 frameHalf=469.7x312.7 fitBoardHalf=719.7x362.7 anisotropy=1.443
2026.09.30-17.22.30 ARTPREVIEW diorama tray=/Game/PipelineCandidates/TableBase/20260928-table-base-tripo-h31/Meshes/SM_TableBase.SM_TableBase mi=MI_TableBase_Candidate surface=map-image yaw=0.0 scale=2.036x1.411x1.000 bounds=(-769.7,-512.7,-153.0)..(769.7,412.7,-3.0) size=1539.3x925.3x150.0 topZ=-3.0 boardHalf=719.7x362.7 rimUU=50.0 collision=none offset=(0.0,-50.0) anisotropy=1.443 waiver=T1-placeholder
2026.09.30-17.22.30 CAMERA extents source=map-image half=445.7x288.7 dist=1872.2
2026.09.30-17.22.30 CAMERA dist=1872 loc=(0,1074,1534) pitch=-55 yaw=-90
2026.09.30-17.22.30 CAMERA config overview=1872.2 nearest=300.0 farthest=2880.2 zoomRange=0.65-6.24 minDist=300.0 outRatio=0.650 step=1.250 animMs=200 returnMs=300 followFrom=1.20 source=defaults issues=0
2026.09.30-17.22.30 BOARD 9x6 cells | control points: (0,0)=(-393,-219,0) (8,5)=(400,250,0) | neighbor pair (dist 140 uu)
2026.09.30-17.22.30 BOARD topology spaces=38 links=61 starts=3:S03,4:S14,1:S20,2:S32 frame=1337x866px uuPerPx=0.6667 radius=42.0uu (default)
2026.09.30-17.22.30 ARTPREVIEW team mapping mode=absolute source=fighter-prefix viewerTeam=- p1=f-0-hero,f-0-sk0,f-0-sk1,f-0-sk2 p2=f-1-hero,f-1-sk0
2026.09.30-17.22.30 ARTPREVIEW heroesV2 fighter=f-0-hero mesh=/Game/PipelineCandidates/Medusa/H2LD/Meshes/SK_Medusa_H2LD mi=/Game/PipelineCandidates/Medusa/H2LD/Materials/MI_Medusa_H2LD_P1 yaw=90.0 scale=0.9998 name=Medusa hero=1 look=P1 base=/Game/PipelineCandidates/Medusa/H2LD/Meshes/SM_Medusa_H2LD_Base baseMi=/Game/PipelineCandidates/Medusa/H2LD/Materials/MI_Medusa_H2LD_Base_P1 skeleton=/Game/PipelineCandidates/Medusa/Rig/SK_Medusa_Skeleton.SK_Medusa_Skeleton clips=4/4 boundsTop=55.00 figureTop=55.00 budget=55.0
2026.09.30-17.22.30 ARTPREVIEW click capsule fighter=f-0-hero mesh=SK_Medusa_H2LD physicsAsset=0 radius=11.6 halfHeight=27.5 top=55.0 bodyCollision=0 source=meshBounds
2026.09.30-17.22.30 ARTPREVIEW fighter=Medusa hero=1 eligible=0 visual=1 mesh=SK_Medusa_H2LD
2026.09.30-17.22.30 ARTPREVIEW team ring fighter=f-0-hero team=P1 look=P1 mode=absolute shape=circle shown=1 mesh=SM_Marker_TeamRing_P1 fill=#E8C06A keyline=#111317 fillLinear=(0.8070,0.5271,0.1441) zMin=0.60 zMax=1.20 scale=1.00 base=hidden blockout=0 art=1 rim=#FFFFFF
2026.09.30-17.22.30 ARTPREVIEW anim fighter=f-0-hero clip=Idle len=2.333 event=spawn loop=1 phase=0.8071 seq=-1 asset=AM_Medusa_Idle
2026.09.30-17.22.30 ARTPREVIEW heroesV2 fighter=f-0-sk0 mesh=/Game/PipelineCandidates/Harpy/H3LD/Meshes/SK_Harpy_H3LD mi=/Game/PipelineCandidates/Harpy/H3LD/Materials/MI_Harpy_H3LD_P1 yaw=270.0 scale=1.0000 name=Harpies hero=0 look=P1 base=/Game/PipelineCandidates/Harpy/H3LD/Meshes/SM_Harpy_H3LD_Base baseMi=/Game/PipelineCandidates/Harpy/H3LD/Materials/MI_Harpy_H3LD_Base_P1 skeleton=/Game/PipelineCandidates/Harpy/Rig/SK_Harpy_Skeleton.SK_Harpy_Skeleton clips=4/4 boundsTop=42.00 figureTop=42.00 budget=42.0
2026.09.30-17.22.30 ARTPREVIEW click capsule fighter=f-0-sk0 mesh=SK_Harpy_H3LD physicsAsset=0 radius=20.0 halfHeight=21.0 top=42.0 bodyCollision=0 source=meshBounds
2026.09.30-17.22.30 ARTPREVIEW team ring fighter=f-0-sk0 team=P1 look=P1 mode=absolute shape=circle shown=1 mesh=SM_Marker_TeamRing_P1 fill=#E8C06A keyline=#111317 fillLinear=(0.8070,0.5271,0.1441) zMin=0.60 zMax=1.20 scale=0.78 base=hidden blockout=0 art=1 rim=#FFFFFF
2026.09.30-17.22.30 ARTPREVIEW anim fighter=f-0-sk0 clip=Idle len=2.000 event=spawn loop=1 phase=0.6635 seq=-1 asset=AM_Harpy_Idle
2026.09.30-17.22.30 ARTPREVIEW heroesV2 fighter=f-0-sk1 mesh=/Game/PipelineCandidates/Harpy/H3LD/Meshes/SK_Harpy_H3LD mi=/Game/PipelineCandidates/Harpy/H3LD/Materials/MI_Harpy_H3LD_P1 yaw=90.0 scale=1.0000 name=Harpies hero=0 look=P1 base=/Game/PipelineCandidates/Harpy/H3LD/Meshes/SM_Harpy_H3LD_Base baseMi=/Game/PipelineCandidates/Harpy/H3LD/Materials/MI_Harpy_H3LD_Base_P1 skeleton=/Game/PipelineCandidates/Harpy/Rig/SK_Harpy_Skeleton.SK_Harpy_Skeleton clips=4/4 boundsTop=42.00 figureTop=42.00 budget=42.0
2026.09.30-17.22.30 ARTPREVIEW click capsule fighter=f-0-sk1 mesh=SK_Harpy_H3LD physicsAsset=0 radius=20.0 halfHeight=21.0 top=42.0 bodyCollision=0 source=meshBounds
2026.09.30-17.22.30 ARTPREVIEW team ring fighter=f-0-sk1 team=P1 look=P1 mode=absolute shape=circle shown=1 mesh=SM_Marker_TeamRing_P1 fill=#E8C06A keyline=#111317 fillLinear=(0.8070,0.5271,0.1441) zMin=0.60 zMax=1.20 scale=0.78 base=hidden blockout=0 art=1 rim=#FFFFFF
2026.09.30-17.22.30 ARTPREVIEW anim fighter=f-0-sk1 clip=Idle len=2.000 event=spawn loop=1 phase=0.9016 seq=-1 asset=AM_Harpy_Idle
2026.09.30-17.22.30 ARTPREVIEW heroesV2 fighter=f-0-sk2 mesh=/Game/PipelineCandidates/Harpy/H3LD/Meshes/SK_Harpy_H3LD mi=/Game/PipelineCandidates/Harpy/H3LD/Materials/MI_Harpy_H3LD_P1 yaw=270.0 scale=1.0000 name=Harpies hero=0 look=P1 base=/Game/PipelineCandidates/Harpy/H3LD/Meshes/SM_Harpy_H3LD_Base baseMi=/Game/PipelineCandidates/Harpy/H3LD/Materials/MI_Harpy_H3LD_Base_P1 skeleton=/Game/PipelineCandidates/Harpy/Rig/SK_Harpy_Skeleton.SK_Harpy_Skeleton clips=4/4 boundsTop=42.00 figureTop=42.00 budget=42.0
2026.09.30-17.22.30 ARTPREVIEW click capsule fighter=f-0-sk2 mesh=SK_Harpy_H3LD physicsAsset=0 radius=20.0 halfHeight=21.0 top=42.0 bodyCollision=0 source=meshBounds
2026.09.30-17.22.30 ARTPREVIEW team ring fighter=f-0-sk2 team=P1 look=P1 mode=absolute shape=circle shown=1 mesh=SM_Marker_TeamRing_P1 fill=#E8C06A keyline=#111317 fillLinear=(0.8070,0.5271,0.1441) zMin=0.60 zMax=1.20 scale=0.78 base=hidden blockout=0 art=1 rim=#FFFFFF
2026.09.30-17.22.30 ARTPREVIEW anim fighter=f-0-sk2 clip=Idle len=2.000 event=spawn loop=1 phase=0.1873 seq=-1 asset=AM_Harpy_Idle
2026.09.30-17.22.30 ARTPREVIEW heroesV2 fighter=f-1-hero mesh=/Game/PipelineCandidates/KingArthur/H2LD/Meshes/SK_KingArthur_H2LD mi=/Game/PipelineCandidates/KingArthur/H2LD/Materials/MI_KingArthur_H2LD_P2 yaw=270.0 scale=1.0000 name=King Arthur hero=1 look=P2 base=/Game/PipelineCandidates/KingArthur/H2LD/Meshes/SM_KingArthur_H2LD_Base baseMi=/Game/PipelineCandidates/KingArthur/H2LD/Materials/MI_KingArthur_H2LD_Base_P2 skeleton=/Game/PipelineCandidates/KingArthur/Rig/SK_KingArthur_Skeleton.SK_KingArthur_Skeleton clips=4/4 boundsTop=60.06 figureTop=55.00 budget=55.0
2026.09.30-17.22.30 ARTPREVIEW click capsule fighter=f-1-hero mesh=SK_KingArthur_H2LD physicsAsset=0 radius=12.8 halfHeight=30.0 top=60.1 bodyCollision=0 source=meshBounds
2026.09.30-17.22.30 ARTPREVIEW team ring fighter=f-1-hero team=P2 look=P2 mode=absolute shape=hexagon shown=1 mesh=SM_Marker_TeamRing_P2 fill=#5A7F9F keyline=#111317 fillLinear=(0.1022,0.2122,0.3467) zMin=0.60 zMax=1.20 scale=1.00 base=hidden blockout=0 art=1 rim=#FFFFFF
2026.09.30-17.22.30 ARTPREVIEW anim fighter=f-1-hero clip=Idle len=2.500 event=spawn loop=1 phase=0.3470 seq=-1 asset=AM_KingArthur_Idle
2026.09.30-17.22.30 ARTPREVIEW heroesV2 fighter=f-1-sk0 mesh=/Game/PipelineCandidates/Merlin/H2LD/Meshes/SK_Merlin_H2LD mi=/Game/PipelineCandidates/Merlin/H2LD/Materials/MI_Merlin_H2LD_P2 yaw=270.0 scale=1.0003 name=Merlin hero=0 look=P2 base=/Game/PipelineCandidates/Merlin/H2LD/Meshes/SM_Merlin_H2LD_Base baseMi=/Game/PipelineCandidates/Merlin/H2LD/Materials/MI_Merlin_H2LD_Base_P2 skeleton=/Game/PipelineCandidates/Merlin/Rig/SK_Merlin_Skeleton.SK_Merlin_Skeleton clips=4/4 boundsTop=49.44 figureTop=45.00 budget=45.0
2026.09.30-17.22.30 ARTPREVIEW click capsule fighter=f-1-sk0 mesh=SK_Merlin_H2LD physicsAsset=0 radius=10.5 halfHeight=24.7 top=49.4 bodyCollision=0 source=meshBounds
2026.09.30-17.22.30 ARTPREVIEW team ring fighter=f-1-sk0 team=P2 look=P2 mode=absolute shape=hexagon shown=1 mesh=SM_Marker_TeamRing_P2 fill=#5A7F9F keyline=#111317 fillLinear=(0.1022,0.2122,0.3467) zMin=0.60 zMax=1.20 scale=0.78 base=hidden blockout=0 art=1 rim=#FFFFFF
2026.09.30-17.22.30 ARTPREVIEW anim fighter=f-1-sk0 clip=Idle len=3.000 event=spawn loop=1 phase=0.8028 seq=-1 asset=AM_Merlin_Idle
2026.09.30-17.22.30 ARTPREVIEW heroesV2 summary fighters=6 mapped=6 v2=6
2026.09.30-17.22.30 FIGHTERS synced n=6 alive=6 own=4 enemy=2
2026.09.30-17.22.30 BENCH scene fixture=S08BenchSarpedon.json board=9x6 fighters=6 viewer=cmukie55u0000wiao06h107t9 hero=f-0-hero art=1 profile=sarpedon-original views=K1+K1x0.65+K2x1.6 warmup=45 settle=6 measure=5 fps=60 profileGpu=0 csv=0
2026.09.30-17.23.15 BENCH warmup done elapsed=45.1
2026.09.30-17.23.15 BENCH view=K1 overview target=1872.2
2026.09.30-17.23.15 BENCH view=K1 camera settled=1 dist=1872.2 target=1872.2 zoom=1.00
2026.09.30-17.23.26 BENCH measure view=K1 window=5.0 frames=300 fps=60.00 frameMs avg=16.67 p50=16.67 p95=16.67 p99=16.67 max=16.73 hitches50=0 gpuMs avg=2.12 p50=2.06 p95=2.27 gameMs avg=1.20 p95=1.42 renderMs avg=3.37 p95=4.15
2026.09.30-17.23.26 RENDER tag=BENCH rhi=D3D12 featureLevel=SM6 shaderPlatform=PCD3D_SM6 lumenPlatform=1 gi=lumen giMethod=1 refl=lumen reflMethod=1 shadows=csm vsmEnable=0 sg.res=100 sg.view=2 sg.aa=2 sg.shadow=2 sg.gi=2 sg.refl=2 sg.pp=2 sg.tex=2 sg.fx=2 sg.foliage=2 sg.shading=2 sg.landscape=2 preset=High screenPct=100.0 screenPctMode=0 aa=TSR aaMethod=4 exposure=fixed-histogram expMin=4.14106 expMax=4.14106 expBias=0.000 ev100=2.05 lightUnits=candelas sky=1 skyIntensity=13.000 keyShadow=csm-3600uu-2c-contact0.000 shadowCasters=1 profile=sarpedon-night profilesSha256=0e8981d443496a85b921ea799235271a9e24de07dab25a862f7546b91d9fe25b profilesSource=pak legacyRender=0 gameLayer=unlit-eyeadaptinv tMaxFPS=60.0 vsync=0 frameRateLimit=60.0 substrate=0 nanite=1 meshDF=1 viewport=1920x1080 reference=1
2026.09.30-17.23.29 SHOT ctx viewport=1920x1080 viewTarget=CameraActor_0 cam=(0,1074,1534) rot=(-55,-90,-0)
2026.09.30-17.23.29 RENDER tag=SHOT rhi=D3D12 featureLevel=SM6 shaderPlatform=PCD3D_SM6 lumenPlatform=1 gi=lumen giMethod=1 refl=lumen reflMethod=1 shadows=csm vsmEnable=0 sg.res=100 sg.view=2 sg.aa=2 sg.shadow=2 sg.gi=2 sg.refl=2 sg.pp=2 sg.tex=2 sg.fx=2 sg.foliage=2 sg.shading=2 sg.landscape=2 preset=High screenPct=100.0 screenPctMode=0 aa=TSR aaMethod=4 exposure=fixed-histogram expMin=4.14106 expMax=4.14106 expBias=0.000 ev100=2.05 lightUnits=candelas sky=1 skyIntensity=13.000 keyShadow=csm-3600uu-2c-contact0.000 shadowCasters=1 profile=sarpedon-night profilesSha256=0e8981d443496a85b921ea799235271a9e24de07dab25a862f7546b91d9fe25b profilesSource=pak legacyRender=0 gameLayer=unlit-eyeadaptinv tMaxFPS=60.0 vsync=0 frameRateLimit=60.0 substrate=0 nanite=1 meshDF=1 viewport=1920x1080 reference=1
2026.09.30-17.23.29 SHOT fighter f-0-hero pos=(2,2) world=(-218,-13,0) screen=(607,523) projected=1 alive=1
2026.09.30-17.23.29 SHOT fighter f-0-sk0 pos=(1,3) world=(-309,33,0) screen=(452,585) projected=1 alive=1
2026.09.30-17.23.29 SHOT fighter f-0-sk1 pos=(0,2) world=(-398,-3,0) screen=(313,536) projected=1 alive=1
2026.09.30-17.23.29 SHOT fighter f-0-sk2 pos=(0,3) world=(-394,92,0) screen=(300,666) projected=1 alive=1
2026.09.30-17.23.29 SHOT fighter f-1-hero pos=(5,4) world=(119,141,0) screen=(1162,736) projected=1 alive=1
2026.09.30-17.23.29 SHOT fighter f-1-sk0 pos=(6,3) world=(159,52,0) screen=(1223,610) projected=1 alive=1
2026.09.30-17.23.29 SHOT camera dist=1872.2 target=1872.2 overview=1872.2 errPct=0.000 focusErr=0.00 settled=1 zoom=1.00
2026.09.30-17.23.29 SHOT head fighter=f-0-hero socket=Head mesh=SK_Medusa_H2LD world=(-217.1,-12.0,47.1) screen=(600.9,479.1) top=(599.9,473.2) bottom=(601.8,484.9) headPx=11.9 projected=1
2026.09.30-17.23.29 SHOT head fighter=f-0-sk0 socket=Head mesh=SK_Harpy_H3LD world=(-309.1,27.9,34.0) screen=(445.3,545.6) top=(443.9,539.9) bottom=(446.6,551.3) headPx=11.8 projected=1
2026.09.30-17.23.29 SHOT head fighter=f-0-sk1 socket=Head mesh=SK_Harpy_H3LD world=(-398.6,2.3,34.3) screen=(301.4,510.6) top=(299.6,504.8) bottom=(303.2,516.3) headPx=12.1 projected=1
2026.09.30-17.23.29 SHOT head fighter=f-0-sk2 socket=Head mesh=SK_Harpy_H3LD world=(-393.6,86.7,34.0) screen=(292.2,627.4) top=(290.4,621.8) bottom=(294.1,633.0) headPx=11.8 projected=1
2026.09.30-17.23.29 SHOT head fighter=f-1-hero socket=Head mesh=SK_KingArthur_H2LD world=(119.0,141.0,50.1) screen=(1167.0,690.9) top=(1167.5,685.4) bottom=(1166.4,696.5) headPx=11.2 projected=1
2026.09.30-17.23.29 SHOT head fighter=f-1-sk0 socket=Head mesh=SK_Merlin_H2LD world=(159.0,48.4,36.4) screen=(1226.8,571.5) top=(1227.5,565.8) bottom=(1226.1,577.2) headPx=11.5 projected=1
2026.09.30-17.23.29 SHOT figure fighter=f-0-hero bbox=(548,433,656,561) ringR=28.50 art=1 blockout=0 team=P1 look=P1 ring=1
2026.09.30-17.23.29 SHOT figure fighter=f-0-sk0 bbox=(402,515,492,615) ringR=22.23 art=1 blockout=0 team=P1 look=P1 ring=1
2026.09.30-17.23.29 SHOT figure fighter=f-0-sk1 bbox=(259,467,353,566) ringR=22.23 art=1 blockout=0 team=P1 look=P1 ring=1
2026.09.30-17.23.29 SHOT figure fighter=f-0-sk2 bbox=(244,596,342,698) ringR=22.23 art=1 blockout=0 team=P1 look=P1 ring=1
2026.09.30-17.23.29 SHOT figure fighter=f-1-hero bbox=(1112,639,1220,778) ringR=28.50 art=1 blockout=0 team=P2 look=P2 ring=1
2026.09.30-17.23.29 SHOT figure fighter=f-1-sk0 bbox=(1184,533,1268,641) ringR=22.23 art=1 blockout=0 team=P2 look=P2 ring=1
2026.09.30-17.23.29 SHOT request file=bench-K1-1920x1080.png frame=3519
2026.09.30-17.23.29 SHOT requested: FScreenshotRequest(bShowUI) -> C:\tmp\envmaps-research\p1b-ue\frames\s1/bench-K1-1920x1080.png
2026.09.30-17.23.30 SHOT captured file=bench-K1-1920x1080.png frame=3519 px=1920x1080 sha256=289a45d357f78412c91f8f16390e995c8b52202adc112659d94b911ffd1fd5bd order=BGRA saved=1
2026.09.30-17.23.30 SHOT late begin file=bench-K1-1920x1080.png frame=3519 requestFrame=3519
2026.09.30-17.23.30 SHOT iconstate visible=0 lastFighter=none frame=3519
2026.09.30-17.23.30 SHOT panel id=hud.command bbox=(0,0,20,20) geom=painted visible=1 frame=3519
2026.09.30-17.23.30 SHOT panel id=hud.side bbox=(1884,0,1920,28) geom=painted visible=1 frame=3519
2026.09.30-17.23.30 SHOT panel id=hud.hand bbox=(950,1060,970,1080) geom=painted visible=1 frame=3519
2026.09.30-17.23.30 SHOT label fighter=f-0-hero mode=full bbox=(546,425,642,460) frame=3519
2026.09.30-17.23.30 SHOT label fighter=f-0-sk0 mode=full bbox=(383,507,490,536) frame=3519
2026.09.30-17.23.30 SHOT label fighter=f-0-sk1 mode=full bbox=(239,458,347,487) frame=3519
2026.09.30-17.23.30 SHOT label fighter=f-0-sk2 mode=full bbox=(223,590,335,618) frame=3519
2026.09.30-17.23.30 SHOT label fighter=f-1-hero mode=full bbox=(1119,648,1222,676) frame=3519
2026.09.30-17.23.30 SHOT label fighter=f-1-sk0 mode=full bbox=(1192,531,1270,561) frame=3519
2026.09.30-17.23.30 SHOT late end file=bench-K1-1920x1080.png frame=3519
2026.09.30-17.23.30 BENCH shot view=K1 saved=1 path=C:\tmp\envmaps-research\p1b-ue\frames\s1/bench-K1-1920x1080.png
2026.09.30-17.23.30 BENCH view=K1x0.65 zoom-out wanted=0.65 target=2880.2 zoom=0.65 limit=far
2026.09.30-17.23.30 BENCH view=K1x0.65 camera settled=1 dist=2860.4 target=2880.2 zoom=0.65
2026.09.30-17.23.41 BENCH measure view=K1x0.65 window=5.0 frames=300 fps=60.00 frameMs avg=16.67 p50=16.67 p95=16.67 p99=16.67 max=16.67 hitches50=0 gpuMs avg=2.03 p50=1.96 p95=2.23 gameMs avg=1.36 p95=1.68 renderMs avg=3.54 p95=4.93
2026.09.30-17.23.41 RENDER tag=BENCH rhi=D3D12 featureLevel=SM6 shaderPlatform=PCD3D_SM6 lumenPlatform=1 gi=lumen giMethod=1 refl=lumen reflMethod=1 shadows=csm vsmEnable=0 sg.res=100 sg.view=2 sg.aa=2 sg.shadow=2 sg.gi=2 sg.refl=2 sg.pp=2 sg.tex=2 sg.fx=2 sg.foliage=2 sg.shading=2 sg.landscape=2 preset=High screenPct=100.0 screenPctMode=0 aa=TSR aaMethod=4 exposure=fixed-histogram expMin=4.14106 expMax=4.14106 expBias=0.000 ev100=2.05 lightUnits=candelas sky=1 skyIntensity=13.000 keyShadow=csm-3600uu-2c-contact0.000 shadowCasters=1 profile=sarpedon-night profilesSha256=0e8981d443496a85b921ea799235271a9e24de07dab25a862f7546b91d9fe25b profilesSource=pak legacyRender=0 gameLayer=unlit-eyeadaptinv tMaxFPS=60.0 vsync=0 frameRateLimit=60.0 substrate=0 nanite=1 meshDF=1 viewport=1920x1080 reference=1
2026.09.30-17.23.44 SHOT ctx viewport=1920x1080 viewTarget=CameraActor_0 cam=(0,1652,2359) rot=(-55,-90,-0)
2026.09.30-17.23.44 RENDER tag=SHOT rhi=D3D12 featureLevel=SM6 shaderPlatform=PCD3D_SM6 lumenPlatform=1 gi=lumen giMethod=1 refl=lumen reflMethod=1 shadows=csm vsmEnable=0 sg.res=100 sg.view=2 sg.aa=2 sg.shadow=2 sg.gi=2 sg.refl=2 sg.pp=2 sg.tex=2 sg.fx=2 sg.foliage=2 sg.shading=2 sg.landscape=2 preset=High screenPct=100.0 screenPctMode=0 aa=TSR aaMethod=4 exposure=fixed-histogram expMin=4.14106 expMax=4.14106 expBias=0.000 ev100=2.05 lightUnits=candelas sky=1 skyIntensity=13.000 keyShadow=csm-3600uu-2c-contact0.000 shadowCasters=1 profile=sarpedon-night profilesSha256=0e8981d443496a85b921ea799235271a9e24de07dab25a862f7546b91d9fe25b profilesSource=pak legacyRender=0 gameLayer=unlit-eyeadaptinv tMaxFPS=60.0 vsync=0 frameRateLimit=60.0 substrate=0 nanite=1 meshDF=1 viewport=1920x1080 reference=1
2026.09.30-17.23.44 SHOT fighter f-0-hero pos=(2,2) world=(-218,-13,0) screen=(730,529) projected=1 alive=1
2026.09.30-17.23.44 SHOT fighter f-0-sk0 pos=(1,3) world=(-309,33,0) screen=(631,569) projected=1 alive=1
2026.09.30-17.23.44 SHOT fighter f-0-sk1 pos=(0,2) world=(-398,-3,0) screen=(539,538) projected=1 alive=1
2026.09.30-17.23.44 SHOT fighter f-0-sk2 pos=(0,3) world=(-394,92,0) screen=(535,621) projected=1 alive=1
2026.09.30-17.23.44 SHOT fighter f-1-hero pos=(5,4) world=(119,141,0) screen=(1089,665) projected=1 alive=1
2026.09.30-17.23.44 SHOT fighter f-1-sk0 pos=(6,3) world=(159,52,0) screen=(1130,585) projected=1 alive=1
2026.09.30-17.23.44 SHOT camera dist=2880.2 target=2880.2 overview=1872.2 errPct=0.000 focusErr=0.00 settled=1 zoom=0.65
2026.09.30-17.23.44 SHOT head fighter=f-0-hero socket=Head mesh=SK_Medusa_H2LD world=(-217.3,-11.4,47.1) screen=(727.7,501.2) top=(727.3,497.4) bottom=(728.1,504.9) headPx=7.5 projected=1
2026.09.30-17.23.44 SHOT head fighter=f-0-sk0 socket=Head mesh=SK_Harpy_H3LD world=(-308.6,28.4,34.3) screen=(628.7,543.9) top=(628.1,540.2) bottom=(629.2,547.5) headPx=7.5 projected=1
2026.09.30-17.23.44 SHOT head fighter=f-0-sk1 socket=Head mesh=SK_Harpy_H3LD world=(-399.1,2.6,34.0) screen=(533.8,521.5) top=(533.0,517.8) bottom=(534.5,525.2) headPx=7.6 projected=1
2026.09.30-17.23.44 SHOT head fighter=f-0-sk2 socket=Head mesh=SK_Harpy_H3LD world=(-394.1,86.7,33.9) screen=(531.8,596.0) top=(531.1,592.4) bottom=(532.6,599.7) headPx=7.4 projected=1
2026.09.30-17.23.44 SHOT head fighter=f-1-hero socket=Head mesh=SK_KingArthur_H2LD world=(118.5,140.6,50.0) screen=(1090.8,635.4) top=(1091.0,631.8) bottom=(1090.5,639.0) headPx=7.3 projected=1
2026.09.30-17.23.44 SHOT head fighter=f-1-sk0 socket=Head mesh=SK_Merlin_H2LD world=(158.8,48.5,36.4) screen=(1131.3,560.3) top=(1131.6,556.6) bottom=(1131.0,564.0) headPx=7.4 projected=1
2026.09.30-17.23.44 SHOT figure fighter=f-0-hero bbox=(695,470,762,554) ringR=28.50 art=1 blockout=0 team=P1 look=P1 ring=1
2026.09.30-17.23.44 SHOT figure fighter=f-0-sk0 bbox=(602,524,656,589) ringR=22.23 art=1 blockout=0 team=P1 look=P1 ring=1
2026.09.30-17.23.44 SHOT figure fighter=f-0-sk1 bbox=(508,493,564,557) ringR=22.23 art=1 blockout=0 team=P1 look=P1 ring=1
2026.09.30-17.23.44 SHOT figure fighter=f-0-sk2 bbox=(504,576,561,641) ringR=22.23 art=1 blockout=0 team=P1 look=P1 ring=1
2026.09.30-17.23.44 SHOT figure fighter=f-1-hero bbox=(1058,603,1124,692) ringR=28.50 art=1 blockout=0 team=P2 look=P2 ring=1
2026.09.30-17.23.44 SHOT figure fighter=f-1-sk0 bbox=(1105,536,1157,605) ringR=22.23 art=1 blockout=0 team=P2 look=P2 ring=1
2026.09.30-17.23.44 SHOT request file=bench-K1x0p65-1920x1080.png frame=4372
2026.09.30-17.23.44 SHOT requested: FScreenshotRequest(bShowUI) -> C:\tmp\envmaps-research\p1b-ue\frames\s1/bench-K1x0p65-1920x1080.png
2026.09.30-17.23.44 SHOT captured file=bench-K1x0p65-1920x1080.png frame=4372 px=1920x1080 sha256=5663cf627a75fa44c2a2d0e8f6cafb00f3029c79f863ed574c8ddfe840131f30 order=BGRA saved=1
2026.09.30-17.23.44 SHOT late begin file=bench-K1x0p65-1920x1080.png frame=4372 requestFrame=4372
2026.09.30-17.23.44 SHOT iconstate visible=0 lastFighter=none frame=4372
2026.09.30-17.23.44 SHOT panel id=hud.command bbox=(0,0,20,20) geom=painted visible=1 frame=4372
2026.09.30-17.23.44 SHOT panel id=hud.side bbox=(1884,0,1920,28) geom=painted visible=1 frame=4372
2026.09.30-17.23.44 SHOT panel id=hud.hand bbox=(950,1060,970,1080) geom=painted visible=1 frame=4372
2026.09.30-17.23.44 SHOT label fighter=f-0-hero mode=full bbox=(679,461,770,488) frame=4372
2026.09.30-17.23.44 SHOT label fighter=f-0-sk0 mode=full bbox=(574,514,674,537) frame=4372
2026.09.30-17.23.44 SHOT label fighter=f-0-sk1 mode=full bbox=(480,482,581,506) frame=4372
2026.09.30-17.23.44 SHOT label fighter=f-0-sk2 mode=full bbox=(475,567,578,590) frame=4372
2026.09.30-17.23.44 SHOT label fighter=f-1-hero mode=full bbox=(1045,604,1141,626) frame=4372
2026.09.30-17.23.44 SHOT label fighter=f-1-sk0 mode=full bbox=(1097,529,1170,554) frame=4372
2026.09.30-17.23.44 SHOT late end file=bench-K1x0p65-1920x1080.png frame=4372
2026.09.30-17.23.44 BENCH shot view=K1x0.65 saved=1 path=C:\tmp\envmaps-research\p1b-ue\frames\s1/bench-K1x0p65-1920x1080.png
2026.09.30-17.23.44 ARTPREVIEW selection ring shown fighter=Medusa mesh=SM_Marker_SelectionRing
2026.09.30-17.23.44 ARTPREVIEW reachable rings cells=19 placed=1 radiusUU=36 segments=12
2026.09.30-17.23.44 BENCH view=K2x1.6 focus hero=f-0-hero zoom=1.60 target=1170.1 clamp=0
2026.09.30-17.23.44 BENCH view=K2x1.6 camera settled=1 dist=1170.1 target=1170.1 zoom=1.60
2026.09.30-17.23.55 BENCH measure view=K2x1.6 window=5.0 frames=300 fps=60.00 frameMs avg=16.67 p50=16.67 p95=16.67 p99=16.68 max=16.72 hitches50=0 gpuMs avg=2.08 p50=2.04 p95=2.27 gameMs avg=1.29 p95=1.64 renderMs avg=3.35 p95=4.70
2026.09.30-17.23.55 RENDER tag=BENCH rhi=D3D12 featureLevel=SM6 shaderPlatform=PCD3D_SM6 lumenPlatform=1 gi=lumen giMethod=1 refl=lumen reflMethod=1 shadows=csm vsmEnable=0 sg.res=100 sg.view=2 sg.aa=2 sg.shadow=2 sg.gi=2 sg.refl=2 sg.pp=2 sg.tex=2 sg.fx=2 sg.foliage=2 sg.shading=2 sg.landscape=2 preset=High screenPct=100.0 screenPctMode=0 aa=TSR aaMethod=4 exposure=fixed-histogram expMin=4.14106 expMax=4.14106 expBias=0.000 ev100=2.05 lightUnits=candelas sky=1 skyIntensity=13.000 keyShadow=csm-3600uu-2c-contact0.000 shadowCasters=1 profile=sarpedon-night profilesSha256=0e8981d443496a85b921ea799235271a9e24de07dab25a862f7546b91d9fe25b profilesSource=pak legacyRender=0 gameLayer=unlit-eyeadaptinv tMaxFPS=60.0 vsync=0 frameRateLimit=60.0 substrate=0 nanite=1 meshDF=1 viewport=1920x1080 reference=1
2026.09.30-17.23.58 SHOT ctx viewport=1920x1080 viewTarget=CameraActor_0 cam=(-218,658,986) rot=(-55,-90,-0)
2026.09.30-17.23.58 RENDER tag=SHOT rhi=D3D12 featureLevel=SM6 shaderPlatform=PCD3D_SM6 lumenPlatform=1 gi=lumen giMethod=1 refl=lumen reflMethod=1 shadows=csm vsmEnable=0 sg.res=100 sg.view=2 sg.aa=2 sg.shadow=2 sg.gi=2 sg.refl=2 sg.pp=2 sg.tex=2 sg.fx=2 sg.foliage=2 sg.shading=2 sg.landscape=2 preset=High screenPct=100.0 screenPctMode=0 aa=TSR aaMethod=4 exposure=fixed-histogram expMin=4.14106 expMax=4.14106 expBias=0.000 ev100=2.05 lightUnits=candelas sky=1 skyIntensity=13.000 keyShadow=csm-3600uu-2c-contact0.000 shadowCasters=1 profile=sarpedon-night profilesSha256=0e8981d443496a85b921ea799235271a9e24de07dab25a862f7546b91d9fe25b profilesSource=pak legacyRender=0 gameLayer=unlit-eyeadaptinv tMaxFPS=60.0 vsync=0 frameRateLimit=60.0 substrate=0 nanite=1 meshDF=1 viewport=1920x1080 reference=1
2026.09.30-17.23.58 SHOT fighter f-0-hero pos=(2,2) world=(-218,-13,0) screen=(960,581) projected=1 alive=1
2026.09.30-17.23.58 SHOT fighter f-0-sk0 pos=(1,3) world=(-309,33,0) screen=(722,680) projected=1 alive=1
2026.09.30-17.23.58 SHOT fighter f-0-sk1 pos=(0,2) world=(-398,-3,0) screen=(497,602) projected=1 alive=1
2026.09.30-17.23.58 SHOT fighter f-0-sk2 pos=(0,3) world=(-394,92,0) screen=(485,814) projected=1 alive=1
2026.09.30-17.23.58 SHOT fighter f-1-hero pos=(5,4) world=(119,141,0) screen=(1888,930) projected=1 alive=1
2026.09.30-17.23.58 SHOT fighter f-1-sk0 pos=(6,3) world=(159,52,0) screen=(1952,721) projected=1 alive=1
2026.09.30-17.23.58 SHOT camera dist=1170.1 target=1170.1 overview=1872.2 errPct=0.000 focusErr=0.00 settled=1 zoom=1.60
2026.09.30-17.23.58 SHOT head fighter=f-0-hero socket=Head mesh=SK_Medusa_H2LD world=(-218.0,-11.4,47.1) screen=(959.1,513.9) top=(959.1,504.6) bottom=(959.1,523.0) headPx=18.4 projected=1
2026.09.30-17.23.58 SHOT head fighter=f-0-sk0 socket=Head mesh=SK_Harpy_H3LD world=(-308.3,28.1,34.0) screen=(718.4,619.7) top=(717.4,610.9) bottom=(719.5,628.5) headPx=17.8 projected=1
2026.09.30-17.23.58 SHOT head fighter=f-0-sk1 socket=Head mesh=SK_Harpy_H3LD world=(-398.7,2.5,34.0) screen=(483.3,563.8) top=(481.3,554.8) bottom=(485.4,572.7) headPx=18.4 projected=1
2026.09.30-17.23.58 SHOT head fighter=f-0-sk2 socket=Head mesh=SK_Harpy_H3LD world=(-394.4,86.6,34.0) screen=(474.4,753.9) top=(472.2,745.4) bottom=(476.5,762.4) headPx=17.6 projected=1
2026.09.30-17.23.58 SHOT head fighter=f-1-hero socket=Head mesh=SK_KingArthur_H2LD world=(118.6,139.7,50.1) screen=(1921.8,860.8) top=(1926.2,852.4) bottom=(1917.4,869.2) headPx=18.9 projected=1
2026.09.30-17.23.58 SHOT head fighter=f-1-sk0 socket=Head mesh=SK_Merlin_H2LD world=(158.7,48.9,36.6) screen=(1976.1,662.9) top=(1980.5,654.1) bottom=(1971.7,671.6) headPx=19.6 projected=1
2026.09.30-17.23.58 SHOT selection fighter=f-0-hero ownCell=(2,2) legal=20 destinations=19 ownCellExcluded=1 plateFighter=none
2026.09.30-17.23.58 SHOT reachable fighter=f-0-hero n=19 cells=(0,0)(1,0)(2,0)(3,0)(4,0)(0,1)(1,1)(2,1)(3,1)(4,1)(5,1)(3,2)(2,3)(0,4)(1,4)(2,4)(3,4)(4,4)(1,5)
2026.09.30-17.23.58 SHOT figure fighter=f-0-hero bbox=(883,438,1037,642) ringR=28.50 art=1 blockout=0 team=P1 look=P1 ring=1
2026.09.30-17.23.58 SHOT figure fighter=f-0-sk0 bbox=(651,570,782,730) ringR=22.23 art=1 blockout=0 team=P1 look=P1 ring=1
2026.09.30-17.23.58 SHOT figure fighter=f-0-sk1 bbox=(418,493,558,650) ringR=22.23 art=1 blockout=0 team=P1 look=P1 ring=1
2026.09.30-17.23.58 SHOT figure fighter=f-0-sk2 bbox=(402,703,550,866) ringR=22.23 art=1 blockout=0 team=P1 look=P1 ring=1
2026.09.30-17.23.58 SHOT figure fighter=f-1-hero bbox=(1797,778,2030,1001) ringR=28.50 art=1 blockout=0 team=P2 look=P2 ring=1
2026.09.30-17.23.58 SHOT figure fighter=f-1-sk0 bbox=(1883,600,2061,772) ringR=22.23 art=1 blockout=0 team=P2 look=P2 ring=1
2026.09.30-17.23.58 SHOT request file=bench-K2x1p6-1920x1080.png frame=5226
2026.09.30-17.23.58 SHOT requested: FScreenshotRequest(bShowUI) -> C:\tmp\envmaps-research\p1b-ue\frames\s1/bench-K2x1p6-1920x1080.png
2026.09.30-17.23.58 SHOT captured file=bench-K2x1p6-1920x1080.png frame=5226 px=1920x1080 sha256=bf353e34e8d74a53793eb455df43884a9b2f554df5bf933f4b3cb56b4d68376d order=BGRA saved=1
2026.09.30-17.23.58 SHOT late begin file=bench-K2x1p6-1920x1080.png frame=5226 requestFrame=5226
2026.09.30-17.23.58 SHOT iconstate visible=0 lastFighter=none frame=5226
2026.09.30-17.23.58 SHOT panel id=hud.command bbox=(0,0,20,20) geom=painted visible=1 frame=5226
2026.09.30-17.23.58 SHOT panel id=hud.side bbox=(1884,0,1920,28) geom=painted visible=1 frame=5226
2026.09.30-17.23.58 SHOT panel id=hud.hand bbox=(950,1060,970,1080) geom=painted visible=1 frame=5226
2026.09.30-17.23.58 SHOT label fighter=f-0-hero mode=full bbox=(914,449,1006,485) frame=5226
2026.09.30-17.23.58 SHOT label fighter=f-0-sk0 mode=full bbox=(659,582,764,613) frame=5226
2026.09.30-17.23.58 SHOT label fighter=f-0-sk1 mode=full bbox=(424,502,530,533) frame=5226
2026.09.30-17.23.58 SHOT label fighter=f-0-sk2 mode=full bbox=(409,719,520,748) frame=5226
2026.09.30-17.23.58 SHOT label fighter=f-1-hero mode=full bbox=(1882,815,2001,844) frame=5226
2026.09.30-17.23.58 SHOT label fighter=f-1-sk0 mode=full bbox=(1949,622,2040,654) frame=5226
2026.09.30-17.23.58 SHOT late end file=bench-K2x1p6-1920x1080.png frame=5226
2026.09.30-17.23.58 BENCH shot view=K2x1.6 saved=1 path=C:\tmp\envmaps-research\p1b-ue\frames\s1/bench-K2x1p6-1920x1080.png
2026.09.30-17.23.58 BENCH done views=3 elapsed=88.4
2026.09.30-17.23.58 --- S08 trace close ---
