2026.09.30-16.41.05 --- S08 trace open 2026.09.30-16.41.05 ---
2026.09.30-16.41.05 HUD team chips ready=1 mode=absolute tagNames=rule
2026.09.30-16.41.05 HUD icon texture size=32 ready=1 path=/Game/ArtTests/ARTMarkers/Textures/T_UI_Action_AttackToken_32 texture=32x32 probe=0 plate=1
2026.09.30-16.41.05 HUD art widget tag impl=umg source=/Game/S08/UI/ArtHud/WBP_S08ArtTag class=/Game/S08/UI/ArtHud/WBP_S08ArtTag.WBP_S08ArtTag_C count=8 missing=- codeDefaultTree=0
2026.09.30-16.41.05 HUD art widget plate impl=umg source=/Game/S08/UI/ArtHud/WBP_S08ArtPlate class=/Game/S08/UI/ArtHud/WBP_S08ArtPlate.WBP_S08ArtPlate_C parts=1 missing=- codeDefaultTree=0
2026.09.30-16.41.05 HUD art widget icon impl=umg source=/Game/S08/UI/ArtHud/WBP_S08ArtIcon class=/Game/S08/UI/ArtHud/WBP_S08ArtIcon.WBP_S08ArtIcon_C parts=1 missing=- codeDefaultTree=0
2026.09.30-16.41.05 HUD art widget damage impl=umg source=/Game/S08/UI/ArtHud/WBP_S08ArtDamage class=/Game/S08/UI/ArtHud/WBP_S08ArtDamage.WBP_S08ArtDamage_C parts=1 missing=- codeDefaultTree=0
2026.09.30-16.41.05 RENDER preset applied=High flag=S08RenderPreset
2026.09.30-16.41.05 BENCH start (W4-A backend-less render bench)
2026.09.30-16.41.05 ARTPREVIEW board profiles loaded=1 revision=5 boards=3 zoneStyles=11 lightProfiles=3 errors=0 path=Config/ArtBoards/S08ArtBoardProfiles.json
2026.09.30-16.41.05 ARTPREVIEW board profiles source=pak sha256=1ecc1e9281845655acf8b31f1dcf52a7510abfc8ba8505525ad72ee8f4ce3c4c
2026.09.30-16.41.05 ARTPREVIEW zone content instances=12/12 glyphMeshes=11/11
2026.09.30-16.41.05 ARTPREVIEW zone keyline content mi=MI_ART005_Zone_Keyline glyphKeyMeshes=11/11 color=#111317
2026.09.30-16.41.05 ARTPREVIEW game layer material=M_S08_GameLayerUnlit unlitEyeAdaptInv=1 legacyRender=0
2026.09.30-16.41.05 ARTPREVIEW Cobble assets ready
2026.09.30-16.41.05 ARTPREVIEW board assets ready cobbleMesh=1 tiles=1 zoneMaterials=2
2026.09.30-16.41.05 ARTPREVIEW medusa candidate variant=face-neck-v2 mesh=SK_Medusa_FaceNeck_v2Candidate requested=(default)
2026.09.30-16.41.05 ARTPREVIEW board profile=cobble-city match=boardId board=5x6 boardId=cmuhgs4b2001mwik4f2b2xtf8 surface=cobble-5x6-mesh light=cobble-probe artFixture=0
2026.09.30-16.41.05 ARTPREVIEW light profile=cobble-probe name=key role=key kind=directional at=(-350,-150,600) intensity=4.5 units=lux radius=0 color=(1.00,1.00,1.00) shadow=1
2026.09.30-16.41.05 ARTPREVIEW light profile=cobble-probe name=warm role=warm kind=point at=(260,-300,250) intensity=85 units=candelas radius=450 color=(1.00,1.00,1.00) shadow=0
2026.09.30-16.41.05 ARTPREVIEW sky profile=cobble-probe cubemap=/Game/S08/Render/TC_S08_AmbientDome loaded=1 spawned=1 intensity=11.2 color=(1.00,1.00,1.00) lowerBlack=0
2026.09.30-16.41.05 ARTPREVIEW exposure profile=cobble-probe method=histogram-fixed min=4.14106 max=4.14106 bias=0.000 ev100=2.05 volume=1
2026.09.30-16.41.05 ARTPREVIEW lights applied profile=cobble-probe directional=1 shadow=1 points=1 pointShadows=0 budgetOk=1
2026.09.30-16.41.05 ARTPREVIEW render profile=cobble-probe units=candelas sky=1 exposure=1 keyShadow=csm-3000uu-2c-contact0.000 shadowCasters=1 legacyRender=0
2026.09.30-16.41.05 ARTPREVIEW Cobble probe lights key=4.5 fill=0 warm=85
2026.09.30-16.41.05 ARTPREVIEW board zone keylines pieces=60 glyphKeys=30 glyphKeyCubePieces=0 mi=MI_ART005_Zone_Keyline growUU=1.5 edgeUU=42.0 maxOuterUU=45.0
2026.09.30-16.41.05 ARTPREVIEW board glyph meshes instances=30 keys=2/2 cubePieces=0 anchors=30
2026.09.30-16.41.05 ARTPREVIEW Cobble active 5x6 zones=30 blue=15 red=15 blueMarks=15 redMarks=45
2026.09.30-16.41.05 ARTPREVIEW board active profile=cobble-city 5x6 surface=cobble-5x6-mesh cells=30 zoneCells=30 multizone=0 triple=0 obstacles=0 zoneKeys=2 strokes=60 glyphs=45 surfaceParts=0 glyphMaterial=zone expectOk=1
2026.09.30-16.41.05 ARTPREVIEW board zone key=blue cells=15 stroke=solid glyph=diamond color=#3B78D8 ismUsage=1 strokePieces=15 glyphPieces=15 mi=MI_ART005_Zone_Blue glyphMesh=SM_ART005_ZoneGlyph_Diamond glyphInstances=15 fallback=0
2026.09.30-16.41.05 ARTPREVIEW board zone key=red cells=15 stroke=dash3 glyph=bars2 color=#EC6650 ismUsage=1 strokePieces=45 glyphPieces=30 mi=MI_ART005_Zone_Red glyphMesh=SM_ART005_ZoneGlyph_Bars2 glyphInstances=15 fallback=0
2026.09.30-16.41.05 ARTPREVIEW board multizone cells=0 zonesListed=0 zonesMarked=0
2026.09.30-16.41.05 CAMERA dist=1931 loc=(0,1107,1582) pitch=-55 yaw=-90
2026.09.30-16.41.05 CAMERA config overview=1930.8 nearest=300.0 farthest=2970.4 zoomRange=0.65-6.44 minDist=300.0 outRatio=0.650 step=1.250 animMs=200 returnMs=300 followFrom=1.20 source=defaults issues=0
2026.09.30-16.41.05 BOARD 5x6 cells | control points: (0,0)=(-200,-250,0) (4,5)=(200,250,0) | neighbor pair (dist 100 uu)
2026.09.30-16.41.05 ARTPREVIEW team mapping mode=absolute source=fighter-prefix viewerTeam=- p1=f-0-hero,f-0-sk0,f-0-sk1,f-0-sk2 p2=f-1-hero,f-1-sk0
2026.09.30-16.41.05 ARTPREVIEW medusa materials fighter=f-0-hero team=own mesh=SK_Medusa_FaceNeck_v2Candidate slots=2 mi=/Game/ArtPreview/Medusa/Materials/MI_Medusa_P1.MI_Medusa_P1 slot1=/Game/ArtPreview/Medusa/Materials/MI_Medusa_P1.MI_Medusa_P1 base=/Game/ArtPreview/Medusa/Materials/MI_Medusa_P1.MI_Medusa_P1 parent=/Game/ArtPreview/Medusa/Materials/M_Medusa_Atlas.M_Medusa_Atlas params=1 miSha256=605ba81410e062e55aec4bd1d157eadbdab662c6339073f40948e13dc3b47df0 teamSlot=P1 look=P1 mode=absolute
2026.09.30-16.41.05 ARTPREVIEW click capsule fighter=f-0-hero mesh=SK_Medusa_FaceNeck_v2Candidate physicsAsset=0 radius=12.5 halfHeight=27.5 top=55.0 bodyCollision=0 source=meshBounds
2026.09.30-16.41.05 ARTPREVIEW fighter=Medusa hero=1 eligible=1 visual=1 mesh=SK_Medusa_FaceNeck_v2Candidate
2026.09.30-16.41.05 ARTPREVIEW team ring fighter=f-0-hero team=P1 look=P1 mode=absolute shape=circle shown=1 mesh=SM_Marker_TeamRing_P1 fill=#E8C06A keyline=#111317 fillLinear=(0.8070,0.5271,0.1441) zMin=0.60 zMax=1.20 scale=1.00 base=hidden blockout=0 art=1 rim=#FFFFFF
2026.09.30-16.41.05 ARTPREVIEW click capsule fighter=f-0-sk0 mesh=SM_ART003_Harpy physicsAsset=0 radius=20.0 halfHeight=21.0 top=42.0 bodyCollision=0 source=meshBounds
2026.09.30-16.41.05 ARTPREVIEW team ring fighter=f-0-sk0 team=P1 look=P1 mode=absolute shape=circle shown=1 mesh=SM_Marker_TeamRing_P1 fill=#E8C06A keyline=#111317 fillLinear=(0.8070,0.5271,0.1441) zMin=0.60 zMax=1.20 scale=0.78 base=hidden blockout=1 art=0 rim=#FFFFFF
2026.09.30-16.41.05 ARTPREVIEW click capsule fighter=f-0-sk1 mesh=SM_ART003_Harpy physicsAsset=0 radius=20.0 halfHeight=21.0 top=42.0 bodyCollision=0 source=meshBounds
2026.09.30-16.41.05 ARTPREVIEW team ring fighter=f-0-sk1 team=P1 look=P1 mode=absolute shape=circle shown=1 mesh=SM_Marker_TeamRing_P1 fill=#E8C06A keyline=#111317 fillLinear=(0.8070,0.5271,0.1441) zMin=0.60 zMax=1.20 scale=0.78 base=hidden blockout=1 art=0 rim=#FFFFFF
2026.09.30-16.41.05 ARTPREVIEW click capsule fighter=f-0-sk2 mesh=SM_ART003_Harpy physicsAsset=0 radius=20.0 halfHeight=21.0 top=42.0 bodyCollision=0 source=meshBounds
2026.09.30-16.41.05 ARTPREVIEW team ring fighter=f-0-sk2 team=P1 look=P1 mode=absolute shape=circle shown=1 mesh=SM_Marker_TeamRing_P1 fill=#E8C06A keyline=#111317 fillLinear=(0.8070,0.5271,0.1441) zMin=0.60 zMax=1.20 scale=0.78 base=hidden blockout=1 art=0 rim=#FFFFFF
2026.09.30-16.41.05 ARTPREVIEW click capsule fighter=f-1-hero mesh=SM_ART003_Arthur physicsAsset=0 radius=17.8 halfHeight=28.0 top=56.0 bodyCollision=0 source=meshBounds
2026.09.30-16.41.05 ARTPREVIEW team ring fighter=f-1-hero team=P2 look=P2 mode=absolute shape=hexagon shown=1 mesh=SM_Marker_TeamRing_P2 fill=#5A7F9F keyline=#111317 fillLinear=(0.1022,0.2122,0.3467) zMin=0.60 zMax=1.20 scale=1.00 base=hidden blockout=1 art=0 rim=#FFFFFF
2026.09.30-16.41.05 ARTPREVIEW click capsule fighter=f-1-sk0 mesh=SM_ART003_Merlin physicsAsset=0 radius=14.7 halfHeight=30.8 top=61.5 bodyCollision=0 source=meshBounds
2026.09.30-16.41.05 ARTPREVIEW team ring fighter=f-1-sk0 team=P2 look=P2 mode=absolute shape=hexagon shown=1 mesh=SM_Marker_TeamRing_P2 fill=#5A7F9F keyline=#111317 fillLinear=(0.1022,0.2122,0.3467) zMin=0.60 zMax=1.20 scale=0.78 base=hidden blockout=1 art=0 rim=#FFFFFF
2026.09.30-16.41.05 FIGHTERS synced n=6 alive=6 own=4 enemy=2
2026.09.30-16.41.05 BENCH scene fixture=S08BenchCobble.json board=5x6 fighters=6 viewer=cmukie55u0000wiao06h107t9 hero=f-0-hero art=1 profile=cobble-city views=K1+K2x5 warmup=30 settle=8 measure=20 fps=0 profileGpu=1 csv=1
2026.09.30-16.41.35 BENCH warmup done elapsed=30.0
2026.09.30-16.41.35 BENCH view=K1 overview target=1930.8
2026.09.30-16.41.35 BENCH view=K1 camera settled=1 dist=1930.8 target=1930.8 zoom=1.00
2026.09.30-16.42.03 BENCH measure view=K1 window=20.0 frames=3693 fps=184.60 frameMs avg=5.42 p50=5.39 p95=6.54 p99=7.13 max=9.39 hitches50=0 gpuMs avg=1.76 p50=1.75 p95=1.83 gameMs avg=1.26 p95=1.55 renderMs avg=5.42 p95=6.52
2026.09.30-16.42.03 RENDER tag=BENCH rhi=D3D12 featureLevel=SM6 shaderPlatform=PCD3D_SM6 lumenPlatform=1 gi=lumen giMethod=1 refl=lumen reflMethod=1 shadows=csm vsmEnable=0 sg.res=100 sg.view=2 sg.aa=2 sg.shadow=2 sg.gi=2 sg.refl=2 sg.pp=2 sg.tex=2 sg.fx=2 sg.foliage=2 sg.shading=2 sg.landscape=2 preset=High screenPct=100.0 screenPctMode=0 aa=TSR aaMethod=4 exposure=fixed-histogram expMin=4.14106 expMax=4.14106 expBias=0.000 ev100=2.05 lightUnits=candelas sky=1 skyIntensity=11.200 keyShadow=csm-3000uu-2c-contact0.000 shadowCasters=1 profile=cobble-probe profilesSha256=1ecc1e9281845655acf8b31f1dcf52a7510abfc8ba8505525ad72ee8f4ce3c4c profilesSource=pak legacyRender=0 gameLayer=unlit-eyeadaptinv tMaxFPS=0.0 vsync=0 frameRateLimit=60.0 substrate=0 nanite=1 meshDF=1 viewport=1920x1080 reference=1
2026.09.30-16.42.03 BENCH profilegpu view=K1 requested (dump in Unmatched.log, LogRHI)
2026.09.30-16.42.06 SHOT ctx viewport=1920x1080 viewTarget=CameraActor_2147482348 cam=(0,1107,1582) rot=(-55,-90,0)
2026.09.30-16.42.06 RENDER tag=SHOT rhi=D3D12 featureLevel=SM6 shaderPlatform=PCD3D_SM6 lumenPlatform=1 gi=lumen giMethod=1 refl=lumen reflMethod=1 shadows=csm vsmEnable=0 sg.res=100 sg.view=2 sg.aa=2 sg.shadow=2 sg.gi=2 sg.refl=2 sg.pp=2 sg.tex=2 sg.fx=2 sg.foliage=2 sg.shading=2 sg.landscape=2 preset=High screenPct=100.0 screenPctMode=0 aa=TSR aaMethod=4 exposure=fixed-histogram expMin=4.14106 expMax=4.14106 expBias=0.000 ev100=2.05 lightUnits=candelas sky=1 skyIntensity=11.200 keyShadow=csm-3000uu-2c-contact0.000 shadowCasters=1 profile=cobble-probe profilesSha256=1ecc1e9281845655acf8b31f1dcf52a7510abfc8ba8505525ad72ee8f4ce3c4c profilesSource=pak legacyRender=0 gameLayer=unlit-eyeadaptinv tMaxFPS=0.0 vsync=0 frameRateLimit=60.0 substrate=0 nanite=1 meshDF=1 viewport=1920x1080 reference=1
2026.09.30-16.42.06 SHOT fighter f-0-hero pos=(2,2) world=(0,-50,0) screen=(960,476) projected=1 alive=1
2026.09.30-16.42.06 SHOT fighter f-0-sk0 pos=(3,2) world=(100,-50,0) screen=(1115,476) projected=1 alive=1
2026.09.30-16.42.06 SHOT fighter f-0-sk1 pos=(2,1) world=(0,-150,0) screen=(960,355) projected=1 alive=1
2026.09.30-16.42.06 SHOT fighter f-0-sk2 pos=(1,2) world=(-100,-50,0) screen=(805,476) projected=1 alive=1
2026.09.30-16.42.06 SHOT fighter f-1-hero pos=(2,3) world=(0,50,0) screen=(960,606) projected=1 alive=1
2026.09.30-16.42.06 SHOT fighter f-1-sk0 pos=(3,3) world=(100,50,0) screen=(1120,606) projected=1 alive=1
2026.09.30-16.42.06 SHOT camera dist=1930.8 target=1930.8 overview=1930.8 errPct=0.000 focusErr=0.00 settled=1 zoom=1.00
2026.09.30-16.42.06 SHOT head fighter=f-0-hero socket=Head mesh=SK_Medusa_FaceNeck_v2Candidate world=(0.0,-46.0,38.5) screen=(960.0,445.5) top=(960.0,439.8) bottom=(960.0,451.2) headPx=11.4 projected=1
2026.09.30-16.42.06 SHOT figure fighter=f-0-hero bbox=(914,389,1006,512) ringR=28.50 art=1 blockout=0 team=P1 look=P1 ring=1
2026.09.30-16.42.06 SHOT figure fighter=f-0-sk0 bbox=(1080,409,1155,504) ringR=22.23 art=1 blockout=1 team=P1 look=P1 ring=1
2026.09.30-16.42.06 SHOT figure fighter=f-0-sk1 bbox=(926,288,994,381) ringR=22.23 art=1 blockout=1 team=P1 look=P1 ring=1
2026.09.30-16.42.06 SHOT figure fighter=f-0-sk2 bbox=(765,409,840,504) ringR=22.23 art=1 blockout=1 team=P1 look=P1 ring=1
2026.09.30-16.42.06 SHOT figure fighter=f-1-hero bbox=(913,516,1007,644) ringR=28.50 art=1 blockout=1 team=P2 look=P2 ring=1
2026.09.30-16.42.06 SHOT figure fighter=f-1-sk0 bbox=(1084,520,1162,635) ringR=22.23 art=1 blockout=1 team=P2 look=P2 ring=1
2026.09.30-16.42.06 SHOT request file=bench-K1-1920x1080.png frame=11219
2026.09.30-16.42.06 SHOT requested: FScreenshotRequest(bShowUI) -> C:\Users\ren\WebstormProjects\unmached\unmached\docs\game-design\evidence\GD-058\interim-2026-09-30\packaged\perf\bench\dx12-lumen-high\r1/bench-K1-1920x1080.png
2026.09.30-16.42.06 SHOT captured file=bench-K1-1920x1080.png frame=11219 px=1920x1080 sha256=75597fe2f838969012ea8a241ea8e066142f1787061e8a5445c3c525efea3f88 order=BGRA saved=1
2026.09.30-16.42.06 SHOT late begin file=bench-K1-1920x1080.png frame=11219 requestFrame=11219
2026.09.30-16.42.06 SHOT iconstate visible=0 lastFighter=none frame=11219
2026.09.30-16.42.06 SHOT panel id=hud.command bbox=(0,0,20,20) geom=painted visible=1 frame=11219
2026.09.30-16.42.06 SHOT panel id=hud.side bbox=(1884,0,1920,28) geom=painted visible=1 frame=11219
2026.09.30-16.42.06 SHOT panel id=hud.hand bbox=(950,1060,970,1080) geom=painted visible=1 frame=11219
2026.09.30-16.42.06 SHOT label fighter=f-0-hero mode=full bbox=(916,381,1004,414) frame=11219
2026.09.30-16.42.06 SHOT label fighter=f-0-sk0 mode=full bbox=(1072,399,1169,428) frame=11219
2026.09.30-16.42.06 SHOT label fighter=f-0-sk1 mode=full bbox=(914,276,1006,305) frame=11219
2026.09.30-16.42.06 SHOT label fighter=f-0-sk2 mode=full bbox=(751,399,848,428) frame=11219
2026.09.30-16.42.06 SHOT label fighter=f-1-hero mode=full bbox=(913,517,1007,545) frame=11219
2026.09.30-16.42.06 SHOT label fighter=f-1-sk0 mode=full bbox=(1088,529,1162,558) frame=11219
2026.09.30-16.42.06 SHOT late end file=bench-K1-1920x1080.png frame=11219
2026.09.30-16.42.06 BENCH shot view=K1 saved=1 path=C:\Users\ren\WebstormProjects\unmached\unmached\docs\game-design\evidence\GD-058\interim-2026-09-30\packaged\perf\bench\dx12-lumen-high\r1/bench-K1-1920x1080.png
2026.09.30-16.42.06 ARTPREVIEW selection ring shown fighter=Medusa mesh=SM_Marker_SelectionRing
2026.09.30-16.42.06 ARTPREVIEW reachable corners cells=13 placed=1
2026.09.30-16.42.06 BENCH view=K2x5 focus hero=f-0-hero zoom=5.00 target=386.2 clamp=0
2026.09.30-16.42.06 BENCH view=K2x5 camera settled=1 dist=386.2 target=386.2 zoom=5.00
2026.09.30-16.42.34 BENCH measure view=K2x5 window=20.0 frames=3505 fps=175.20 frameMs avg=5.71 p50=5.71 p95=6.91 p99=7.60 max=9.93 hitches50=0 gpuMs avg=1.93 p50=1.90 p95=2.14 gameMs avg=1.25 p95=1.52 renderMs avg=5.71 p95=6.91
2026.09.30-16.42.34 RENDER tag=BENCH rhi=D3D12 featureLevel=SM6 shaderPlatform=PCD3D_SM6 lumenPlatform=1 gi=lumen giMethod=1 refl=lumen reflMethod=1 shadows=csm vsmEnable=0 sg.res=100 sg.view=2 sg.aa=2 sg.shadow=2 sg.gi=2 sg.refl=2 sg.pp=2 sg.tex=2 sg.fx=2 sg.foliage=2 sg.shading=2 sg.landscape=2 preset=High screenPct=100.0 screenPctMode=0 aa=TSR aaMethod=4 exposure=fixed-histogram expMin=4.14106 expMax=4.14106 expBias=0.000 ev100=2.05 lightUnits=candelas sky=1 skyIntensity=11.200 keyShadow=csm-3000uu-2c-contact0.000 shadowCasters=1 profile=cobble-probe profilesSha256=1ecc1e9281845655acf8b31f1dcf52a7510abfc8ba8505525ad72ee8f4ce3c4c profilesSource=pak legacyRender=0 gameLayer=unlit-eyeadaptinv tMaxFPS=0.0 vsync=0 frameRateLimit=60.0 substrate=0 nanite=1 meshDF=1 viewport=1920x1080 reference=1
2026.09.30-16.42.34 BENCH profilegpu view=K2x5 requested (dump in Unmatched.log, LogRHI)
2026.09.30-16.42.37 SHOT ctx viewport=1920x1080 viewTarget=CameraActor_2147482348 cam=(0,171,344) rot=(-55,-90,0)
2026.09.30-16.42.37 RENDER tag=SHOT rhi=D3D12 featureLevel=SM6 shaderPlatform=PCD3D_SM6 lumenPlatform=1 gi=lumen giMethod=1 refl=lumen reflMethod=1 shadows=csm vsmEnable=0 sg.res=100 sg.view=2 sg.aa=2 sg.shadow=2 sg.gi=2 sg.refl=2 sg.pp=2 sg.tex=2 sg.fx=2 sg.foliage=2 sg.shading=2 sg.landscape=2 preset=High screenPct=100.0 screenPctMode=0 aa=TSR aaMethod=4 exposure=fixed-histogram expMin=4.14106 expMax=4.14106 expBias=0.000 ev100=2.05 lightUnits=candelas sky=1 skyIntensity=11.200 keyShadow=csm-3000uu-2c-contact0.000 shadowCasters=1 profile=cobble-probe profilesSha256=1ecc1e9281845655acf8b31f1dcf52a7510abfc8ba8505525ad72ee8f4ce3c4c profilesSource=pak legacyRender=0 gameLayer=unlit-eyeadaptinv tMaxFPS=0.0 vsync=0 frameRateLimit=60.0 substrate=0 nanite=1 meshDF=1 viewport=1920x1080 reference=1
2026.09.30-16.42.37 SHOT fighter f-0-hero pos=(2,2) world=(0,-50,0) screen=(960,660) projected=1 alive=1
2026.09.30-16.42.37 SHOT fighter f-0-sk0 pos=(3,2) world=(100,-50,0) screen=(1704,660) projected=1 alive=1
2026.09.30-16.42.37 SHOT fighter f-0-sk1 pos=(2,1) world=(0,-150,0) screen=(960,110) projected=1 alive=1
2026.09.30-16.42.37 SHOT fighter f-0-sk2 pos=(1,2) world=(-100,-50,0) screen=(216,660) projected=1 alive=1
2026.09.30-16.42.37 SHOT fighter f-1-hero pos=(2,3) world=(0,50,0) screen=(960,1388) projected=1 alive=1
2026.09.30-16.42.37 SHOT fighter f-1-sk0 pos=(3,3) world=(100,50,0) screen=(1826,1388) projected=1 alive=1
2026.09.30-16.42.37 SHOT camera dist=386.2 target=386.2 overview=1930.8 errPct=0.000 focusErr=0.00 settled=1 zoom=5.00
2026.09.30-16.42.37 SHOT head fighter=f-0-hero socket=Head mesh=SK_Medusa_FaceNeck_v2Candidate world=(0.0,-46.0,38.5) screen=(960.0,517.7) top=(960.0,489.1) bottom=(960.0,545.6) headPx=56.4 projected=1
2026.09.30-16.42.37 SHOT selection fighter=f-0-hero ownCell=(2,2) legal=14 destinations=13 ownCellExcluded=1 plateFighter=none
2026.09.30-16.42.37 SHOT reachable fighter=f-0-hero n=13 cells=(1,0)(2,0)(3,0)(0,1)(1,1)(3,1)(4,1)(0,2)(4,2)(0,3)(1,3)(4,3)(1,4)
2026.09.30-16.42.37 SHOT figure fighter=f-0-hero bbox=(710,229,1210,845) ringR=28.50 art=1 blockout=0 team=P1 look=P1 ring=1
2026.09.30-16.42.37 SHOT figure fighter=f-0-sk0 bbox=(1521,334,1988,803) ringR=22.23 art=1 blockout=1 team=P1 look=P1 ring=1
2026.09.30-16.42.37 SHOT figure fighter=f-0-sk1 bbox=(799,-200,1121,220) ringR=22.23 art=1 blockout=1 team=P1 look=P1 ring=1
2026.09.30-16.42.37 SHOT figure fighter=f-0-sk2 bbox=(-68,334,399,803) ringR=22.23 art=1 blockout=1 team=P1 look=P1 ring=1
2026.09.30-16.42.37 SHOT figure fighter=f-1-hero bbox=(660,942,1260,1641) ringR=28.50 art=1 blockout=1 team=P2 look=P2 ring=1
2026.09.30-16.42.37 SHOT figure fighter=f-1-sk0 bbox=(1610,971,2249,1584) ringR=22.23 art=1 blockout=1 team=P2 look=P2 ring=1
2026.09.30-16.42.37 SHOT request file=bench-K2x5-1920x1080.png frame=16651
2026.09.30-16.42.37 SHOT requested: FScreenshotRequest(bShowUI) -> C:\Users\ren\WebstormProjects\unmached\unmached\docs\game-design\evidence\GD-058\interim-2026-09-30\packaged\perf\bench\dx12-lumen-high\r1/bench-K2x5-1920x1080.png
2026.09.30-16.42.37 SHOT captured file=bench-K2x5-1920x1080.png frame=16651 px=1920x1080 sha256=c3785e12a02e02d08cd543626c2d92cc4693547155a91e4735278eb6a67470f5 order=BGRA saved=1
2026.09.30-16.42.37 SHOT late begin file=bench-K2x5-1920x1080.png frame=16651 requestFrame=16651
2026.09.30-16.42.37 SHOT iconstate visible=0 lastFighter=none frame=16651
2026.09.30-16.42.37 SHOT panel id=hud.command bbox=(0,0,20,20) geom=painted visible=1 frame=16651
2026.09.30-16.42.37 SHOT panel id=hud.side bbox=(1884,0,1920,28) geom=painted visible=1 frame=16651
2026.09.30-16.42.37 SHOT panel id=hud.hand bbox=(950,1060,970,1080) geom=painted visible=1 frame=16651
2026.09.30-16.42.37 SHOT label fighter=f-0-hero mode=full bbox=(912,322,1008,379) frame=16651
2026.09.30-16.42.37 SHOT late end file=bench-K2x5-1920x1080.png frame=16651
2026.09.30-16.42.37 BENCH shot view=K2x5 saved=1 path=C:\Users\ren\WebstormProjects\unmached\unmached\docs\game-design\evidence\GD-058\interim-2026-09-30\packaged\perf\bench\dx12-lumen-high\r1/bench-K2x5-1920x1080.png
2026.09.30-16.42.37 BENCH done views=2 elapsed=92.8
2026.09.30-16.42.37 --- S08 trace close ---
