2026.09.28-10.16.47 --- S08 trace open 2026.09.28-10.16.47 ---
2026.09.28-10.16.47 LOGIN ok user=art-preview-joiner
2026.09.28-10.16.50 HEROES loaded 84
2026.09.28-10.16.50 CODE resolved -> cmul3ex8m00gtwi2ok6jsatmv
2026.09.28-10.16.50 joinGame -> room=cmul3ex8m00gtwi2ok6jsatmv code=<redacted> status=LOBBY
2026.09.28-10.16.52 PERF config tMaxFPS=30.0 frameRateLimit=60.0 vsync=0 smoothFrameRate=0 fixedFrameRate=0 rhi=D3D11
2026.09.28-10.16.52 PERF window t=0.0-5.0 frames=151 fps=30.00 frameMs avg=33.34 p50=33.33 p95=33.35 p99=33.38 max=33.40 hitches50=0 gpuMs avg=34.62 p50=33.35 p95=34.32 gameMs avg=1.52 p95=1.74 renderMs avg=2.10 p95=2.30
2026.09.28-10.16.53 game -> room=cmul3ex8m00gtwi2ok6jsatmv code=<redacted> status=LOBBY
2026.09.28-10.16.53 selectHero -> room=cmul3ex8m00gtwi2ok6jsatmv code=<redacted> status=LOBBY
2026.09.28-10.16.56 game -> room=cmul3ex8m00gtwi2ok6jsatmv code=<redacted> status=LOBBY
2026.09.28-10.16.56 toggleReady -> room=cmul3ex8m00gtwi2ok6jsatmv code=<redacted> status=LOBBY
2026.09.28-10.16.57 PERF window t=5.0-10.0 frames=150 fps=30.00 frameMs avg=33.33 p50=33.33 p95=33.33 p99=33.36 max=33.40 hitches50=0 gpuMs avg=32.95 p50=33.29 p95=34.22 gameMs avg=1.43 p95=1.77 renderMs avg=1.77 p95=2.21
2026.09.28-10.16.59 game -> room=cmul3ex8m00gtwi2ok6jsatmv code=<redacted> status=LOBBY
2026.09.28-10.17.02 PERF window t=10.0-15.0 frames=150 fps=30.00 frameMs avg=33.33 p50=33.33 p95=33.34 p99=33.37 max=33.38 hitches50=0 gpuMs avg=33.11 p50=33.29 p95=34.16 gameMs avg=1.39 p95=1.70 renderMs avg=1.71 p95=2.15
2026.09.28-10.17.02 game -> room=cmul3ex8m00gtwi2ok6jsatmv code=<redacted> status=IN_PROGRESS
2026.09.28-10.17.02 WS DROPPED (test-initiated transport loss)
2026.09.28-10.17.02 WS closed (test drop) - reconnect in 1s
2026.09.28-10.17.02 SNAPSHOT applied seq=1 phase=ACTION_MANEUVER
2026.09.28-10.17.02 HANDLE_APPLIED #1 seq=1 decision=2 fightersValid=1 boardValid=1
2026.09.28-10.17.02 MODE seq=1 mode=0 combat=0 pending=0
2026.09.28-10.17.02 HUD seq=1 phase=ACTION_MANEUVER turn=opp hand=5 oppHand=5(hidden) oppDeck=25 deck=25 discard=0
2026.09.28-10.17.02 ARTPREVIEW Cobble assets ready
2026.09.28-10.17.02 ARTPREVIEW medusa candidate variant=face-neck-v2 mesh=SK_Medusa_FaceNeck_v2Candidate requested=face-neck-v2
2026.09.28-10.17.02 ARTPREVIEW Cobble probe lights key=4.5 fill=700 warm=85
2026.09.28-10.17.02 ARTPREVIEW Cobble active 5x6 zones=30 blue=15 red=15 blueMarks=15 redMarks=45
2026.09.28-10.17.02 CAMERA dist=1931 loc=(0,1107,1582) pitch=-55 yaw=-90
2026.09.28-10.17.02 BOARD 5x6 cells | control points: (0,0)=(-200,-250,0) (4,5)=(200,250,0) | neighbor pair (dist 100 uu)
2026.09.28-10.17.02 ARTPREVIEW fighter=Medusa hero=1 eligible=1 visual=1 mesh=SK_Medusa_FaceNeck_v2Candidate
2026.09.28-10.17.02 FIGHTERS synced n=6 alive=6 own=2 enemy=4
2026.09.28-10.17.02 STATE seq=1 -> apply
2026.09.28-10.17.02 WS closed 1000 (normal closure)
2026.09.28-10.17.03 WS reconnect attempt
2026.09.28-10.17.03 SUBSCRIBED gameStateUpdated since=1
2026.09.28-10.17.03 WS reconnected - refetching gameState
2026.09.28-10.17.03 SNAPSHOT applied seq=1 phase=ACTION_MANEUVER
2026.09.28-10.17.03 HANDLE_APPLIED #2 seq=1 decision=1 fightersValid=1 boardValid=1
2026.09.28-10.17.03 MODE seq=1 mode=0 combat=0 pending=0
2026.09.28-10.17.03 HUD seq=1 phase=ACTION_MANEUVER turn=opp hand=5 oppHand=5(hidden) oppDeck=25 deck=25 discard=0
2026.09.28-10.17.03 ARTPREVIEW fighter=Medusa hero=1 eligible=1 visual=1 mesh=SK_Medusa_FaceNeck_v2Candidate
2026.09.28-10.17.03 FIGHTERS synced n=6 alive=6 own=2 enemy=4
2026.09.28-10.17.03 STATE seq=1 -> merge
2026.09.28-10.17.03 SNAPSHOT applied seq=1 phase=ACTION_MANEUVER
2026.09.28-10.17.03 HANDLE_APPLIED #3 seq=1 decision=1 fightersValid=1 boardValid=1
2026.09.28-10.17.03 MODE seq=1 mode=0 combat=0 pending=0
2026.09.28-10.17.03 HUD seq=1 phase=ACTION_MANEUVER turn=opp hand=5 oppHand=5(hidden) oppDeck=25 deck=25 discard=0
2026.09.28-10.17.03 ARTPREVIEW fighter=Medusa hero=1 eligible=1 visual=1 mesh=SK_Medusa_FaceNeck_v2Candidate
2026.09.28-10.17.03 FIGHTERS synced n=6 alive=6 own=2 enemy=4
2026.09.28-10.17.03 WS seq=1 phase=ACTION_MANEUVER (merge)
2026.09.28-10.17.05 game -> room=cmul3ex8m00gtwi2ok6jsatmv code=<redacted> status=IN_PROGRESS
2026.09.28-10.17.07 PERF window t=15.0-20.0 frames=150 fps=29.99 frameMs avg=33.35 p50=33.33 p95=33.34 p99=33.58 max=34.91 hitches50=0 gpuMs avg=32.12 p50=33.28 p95=35.83 gameMs avg=1.71 p95=1.98 renderMs avg=3.12 p95=4.76
2026.09.28-10.17.08 game -> room=cmul3ex8m00gtwi2ok6jsatmv code=<redacted> status=IN_PROGRESS
2026.09.28-10.17.11 game -> room=cmul3ex8m00gtwi2ok6jsatmv code=<redacted> status=IN_PROGRESS
2026.09.28-10.17.12 PERF window t=20.0-25.1 frames=151 fps=30.00 frameMs avg=33.33 p50=33.33 p95=33.33 p99=33.34 max=33.34 hitches50=0 gpuMs avg=31.06 p50=33.34 p95=35.81 gameMs avg=1.25 p95=1.45 renderMs avg=2.60 p95=3.31
2026.09.28-10.17.14 game -> room=cmul3ex8m00gtwi2ok6jsatmv code=<redacted> status=IN_PROGRESS
2026.09.28-10.17.17 game -> room=cmul3ex8m00gtwi2ok6jsatmv code=<redacted> status=IN_PROGRESS
2026.09.28-10.17.17 PERF window t=25.1-30.1 frames=150 fps=30.00 frameMs avg=33.33 p50=33.33 p95=33.33 p99=33.36 max=33.45 hitches50=0 gpuMs avg=29.91 p50=33.30 p95=35.62 gameMs avg=1.22 p95=1.35 renderMs avg=2.52 p95=3.10
2026.09.28-10.17.20 game -> room=cmul3ex8m00gtwi2ok6jsatmv code=<redacted> status=IN_PROGRESS
2026.09.28-10.17.22 PERF window t=30.1-35.1 frames=151 fps=30.00 frameMs avg=33.33 p50=33.33 p95=33.33 p99=33.33 max=33.33 hitches50=0 gpuMs avg=31.17 p50=33.30 p95=35.72 gameMs avg=1.32 p95=1.85 renderMs avg=2.84 p95=4.50
2026.09.28-10.17.23 SHOT ctx viewport=1920x1080 viewTarget=CameraActor_2147482372 cam=(0,1107,1582) rot=(-55,-90,0)
2026.09.28-10.17.23 SHOT fighter f-0-hero pos=(2,2) world=(0,-50,0) screen=(960,476) projected=1 alive=1
2026.09.28-10.17.23 SHOT fighter f-0-sk0 pos=(3,2) world=(100,-50,0) screen=(1115,476) projected=1 alive=1
2026.09.28-10.17.23 SHOT fighter f-0-sk1 pos=(2,1) world=(0,-150,0) screen=(960,355) projected=1 alive=1
2026.09.28-10.17.23 SHOT fighter f-0-sk2 pos=(1,2) world=(-100,-50,0) screen=(805,476) projected=1 alive=1
2026.09.28-10.17.23 SHOT fighter f-1-hero pos=(2,3) world=(0,50,0) screen=(960,606) projected=1 alive=1
2026.09.28-10.17.23 SHOT fighter f-1-sk0 pos=(3,3) world=(100,50,0) screen=(1120,606) projected=1 alive=1
2026.09.28-10.17.23 SHOT camera dist=1930.8 target=1930.8 overview=1930.8 errPct=0.000 focusErr=0.00 settled=1 zoom=1.00
2026.09.28-10.17.23 SHOT head fighter=f-0-hero socket=Head mesh=SK_Medusa_FaceNeck_v2Candidate world=(0.0,-46.0,38.5) screen=(960.0,445.5) top=(960.0,439.8) bottom=(960.0,451.2) headPx=11.4 projected=1
2026.09.28-10.17.23 SHOT requested: FScreenshotRequest(bShowUI) -> C:\Users\ren\AppData\Local\Temp\s08-phase2-20260928-151640-48704\phase2-board-joiner-1920x1080.png
2026.09.28-10.17.23 game -> room=cmul3ex8m00gtwi2ok6jsatmv code=<redacted> status=IN_PROGRESS
2026.09.28-10.17.26 game -> room=cmul3ex8m00gtwi2ok6jsatmv code=<redacted> status=IN_PROGRESS
2026.09.28-10.17.27 PERF window t=35.1-40.1 frames=147 fps=29.37 frameMs avg=34.05 p50=33.33 p95=33.33 p99=42.64 max=129.84 hitches50=1 gpuMs avg=31.97 p50=33.33 p95=34.63 gameMs avg=2.12 p95=1.73 renderMs avg=2.62 p95=3.30
2026.09.28-10.17.29 game -> room=cmul3ex8m00gtwi2ok6jsatmv code=<redacted> status=IN_PROGRESS
2026.09.28-10.17.32 game -> room=cmul3ex8m00gtwi2ok6jsatmv code=<redacted> status=IN_PROGRESS
2026.09.28-10.17.32 PERF window t=40.1-45.1 frames=150 fps=30.00 frameMs avg=33.33 p50=33.33 p95=33.34 p99=33.37 max=33.43 hitches50=0 gpuMs avg=32.94 p50=33.38 p95=35.57 gameMs avg=1.36 p95=1.42 renderMs avg=2.71 p95=3.43
2026.09.28-10.17.35 game -> room=cmul3ex8m00gtwi2ok6jsatmv code=<redacted> status=IN_PROGRESS
2026.09.28-10.17.37 PERF summary scope=afterWarmup warmup=5 elapsed=50.0 frames=1348 fps=29.93 frameMs avg=33.41 p50=33.33 p95=33.33 p99=33.36 max=129.84 hitches50=1 gpuMs avg=31.96 p50=33.30 p95=35.45 gameMs avg=1.43 p95=1.71 renderMs avg=2.50 p95=3.52
2026.09.28-10.17.37 PERF summary scope=started elapsed=50.0 frames=1046 fps=29.91 frameMs avg=33.44 p50=33.33 p95=33.33 p99=33.36 max=129.84 hitches50=1 gpuMs avg=31.65 p50=33.31 p95=35.57 gameMs avg=1.44 p95=1.70 renderMs avg=2.72 p95=3.71
2026.09.28-10.17.37 --- S08 trace close ---
