2026.09.28-10.16.41 --- S08 trace open 2026.09.28-10.16.41 ---
2026.09.28-10.16.42 LOGIN ok user=art-preview-host
2026.09.28-10.16.45 HEROES loaded 84
2026.09.28-10.16.45 createGame -> room=cmul3ex8m00gtwi2ok6jsatmv code=<redacted> status=LOBBY
2026.09.28-10.16.47 PERF config tMaxFPS=30.0 frameRateLimit=60.0 vsync=0 smoothFrameRate=0 fixedFrameRate=0 rhi=D3D11
2026.09.28-10.16.47 PERF window t=0.0-5.0 frames=151 fps=30.00 frameMs avg=33.33 p50=33.33 p95=33.33 p99=33.33 max=33.34 hitches50=0 gpuMs avg=32.32 p50=33.31 p95=35.22 gameMs avg=1.45 p95=1.64 renderMs avg=2.25 p95=2.63
2026.09.28-10.16.48 game -> room=cmul3ex8m00gtwi2ok6jsatmv code=<redacted> status=LOBBY
2026.09.28-10.16.48 selectHero -> room=cmul3ex8m00gtwi2ok6jsatmv code=<redacted> status=LOBBY
2026.09.28-10.16.51 game -> room=cmul3ex8m00gtwi2ok6jsatmv code=<redacted> status=LOBBY
2026.09.28-10.16.51 toggleReady -> room=cmul3ex8m00gtwi2ok6jsatmv code=<redacted> status=LOBBY
2026.09.28-10.16.52 PERF window t=5.0-10.0 frames=150 fps=30.00 frameMs avg=33.33 p50=33.33 p95=33.33 p99=33.34 max=33.34 hitches50=0 gpuMs avg=32.25 p50=33.28 p95=34.37 gameMs avg=1.32 p95=1.59 renderMs avg=1.72 p95=2.28
2026.09.28-10.16.54 game -> room=cmul3ex8m00gtwi2ok6jsatmv code=<redacted> status=LOBBY
2026.09.28-10.16.57 PERF window t=10.0-15.0 frames=150 fps=30.00 frameMs avg=33.33 p50=33.33 p95=33.33 p99=33.34 max=33.34 hitches50=0 gpuMs avg=32.70 p50=33.28 p95=34.47 gameMs avg=1.32 p95=1.48 renderMs avg=1.74 p95=2.27
2026.09.28-10.16.57 game -> room=cmul3ex8m00gtwi2ok6jsatmv code=<redacted> status=LOBBY
2026.09.28-10.17.00 game -> room=cmul3ex8m00gtwi2ok6jsatmv code=<redacted> status=LOBBY
2026.09.28-10.17.00 startGame -> room=cmul3ex8m00gtwi2ok6jsatmv code=<redacted> status=IN_PROGRESS
2026.09.28-10.17.00 SNAPSHOT applied seq=1 phase=ACTION_MANEUVER
2026.09.28-10.17.00 HANDLE_APPLIED #1 seq=1 decision=2 fightersValid=1 boardValid=1
2026.09.28-10.17.00 MODE seq=1 mode=0 combat=0 pending=0
2026.09.28-10.17.00 HUD seq=1 phase=ACTION_MANEUVER turn=you hand=5 oppHand=5(hidden) oppDeck=25 deck=25 discard=0
2026.09.28-10.17.00 ARTPREVIEW Cobble assets ready
2026.09.28-10.17.00 ARTPREVIEW medusa candidate variant=face-neck-v2 mesh=SK_Medusa_FaceNeck_v2Candidate requested=face-neck-v2
2026.09.28-10.17.00 ARTPREVIEW Cobble probe lights key=4.5 fill=700 warm=85
2026.09.28-10.17.00 ARTPREVIEW Cobble active 5x6 zones=30 blue=15 red=15 blueMarks=15 redMarks=45
2026.09.28-10.17.00 CAMERA dist=1931 loc=(0,1107,1582) pitch=-55 yaw=-90
2026.09.28-10.17.00 BOARD 5x6 cells | control points: (0,0)=(-200,-250,0) (4,5)=(200,250,0) | neighbor pair (dist 100 uu)
2026.09.28-10.17.00 ARTPREVIEW fighter=Medusa hero=1 eligible=1 visual=1 mesh=SK_Medusa_FaceNeck_v2Candidate
2026.09.28-10.17.00 FIGHTERS synced n=6 alive=6 own=4 enemy=2
2026.09.28-10.17.00 STATE seq=1 -> apply
2026.09.28-10.17.00 SUBSCRIBED gameStateUpdated since=1
2026.09.28-10.17.00 SNAPSHOT applied seq=1 phase=ACTION_MANEUVER
2026.09.28-10.17.00 HANDLE_APPLIED #2 seq=1 decision=1 fightersValid=1 boardValid=1
2026.09.28-10.17.00 MODE seq=1 mode=0 combat=0 pending=0
2026.09.28-10.17.00 HUD seq=1 phase=ACTION_MANEUVER turn=you hand=5 oppHand=5(hidden) oppDeck=25 deck=25 discard=0
2026.09.28-10.17.00 ARTPREVIEW fighter=Medusa hero=1 eligible=1 visual=1 mesh=SK_Medusa_FaceNeck_v2Candidate
2026.09.28-10.17.00 FIGHTERS synced n=6 alive=6 own=4 enemy=2
2026.09.28-10.17.00 WS seq=1 phase=ACTION_MANEUVER (merge)
2026.09.28-10.17.02 PERF window t=15.0-20.0 frames=150 fps=30.00 frameMs avg=33.34 p50=33.33 p95=33.33 p99=33.33 max=34.15 hitches50=0 gpuMs avg=32.17 p50=33.20 p95=34.32 gameMs avg=1.66 p95=1.69 renderMs avg=2.12 p95=2.74
2026.09.28-10.17.03 game -> room=cmul3ex8m00gtwi2ok6jsatmv code=<redacted> status=IN_PROGRESS
2026.09.28-10.17.06 game -> room=cmul3ex8m00gtwi2ok6jsatmv code=<redacted> status=IN_PROGRESS
2026.09.28-10.17.07 PERF window t=20.0-25.1 frames=151 fps=30.00 frameMs avg=33.33 p50=33.33 p95=33.33 p99=33.36 max=33.37 hitches50=0 gpuMs avg=30.30 p50=33.22 p95=34.58 gameMs avg=1.52 p95=1.93 renderMs avg=2.78 p95=4.41
2026.09.28-10.17.09 game -> room=cmul3ex8m00gtwi2ok6jsatmv code=<redacted> status=IN_PROGRESS
2026.09.28-10.17.12 game -> room=cmul3ex8m00gtwi2ok6jsatmv code=<redacted> status=IN_PROGRESS
2026.09.28-10.17.12 PERF window t=25.1-30.1 frames=151 fps=30.00 frameMs avg=33.33 p50=33.33 p95=33.33 p99=33.33 max=33.34 hitches50=0 gpuMs avg=28.11 p50=33.17 p95=34.10 gameMs avg=1.39 p95=1.72 renderMs avg=2.49 p95=3.00
2026.09.28-10.17.15 game -> room=cmul3ex8m00gtwi2ok6jsatmv code=<redacted> status=IN_PROGRESS
2026.09.28-10.17.15 ARTPREVIEW selection ring shown fighter=Medusa mesh=SM_Marker_SelectionRing
2026.09.28-10.17.15 ARTPREVIEW reachable corners cells=13 placed=1
2026.09.28-10.17.15 ARTPREVIEW selection ownHero=1 selected=1 fighter=Medusa reachable=14 fighterId=f-0-hero
2026.09.28-10.17.15 ARTPREVIEW camera focus requested zoom=1.60 overview=1931 target=1207
2026.09.28-10.17.16 CAMERA settled elapsed=34.43 dist=1216.2 target=1206.7 errPct=0.780 focusErr=0.75 focus=(0,-49,28)
2026.09.28-10.17.17 PERF window t=30.1-35.1 frames=151 fps=30.00 frameMs avg=33.33 p50=33.33 p95=33.33 p99=33.33 max=33.33 hitches50=0 gpuMs avg=27.42 p50=33.23 p95=33.99 gameMs avg=1.41 p95=1.68 renderMs avg=2.40 p95=3.02
2026.09.28-10.17.17 SHOT ctx viewport=1920x1080 viewTarget=CameraActor_2147482372 cam=(0,642,1017) rot=(-55,-90,0)
2026.09.28-10.17.17 SHOT fighter f-0-hero pos=(2,2) world=(0,-50,0) screen=(960,580) projected=1 alive=1
2026.09.28-10.17.17 SHOT fighter f-0-sk0 pos=(3,2) world=(100,-50,0) screen=(1208,580) projected=1 alive=1
2026.09.28-10.17.17 SHOT fighter f-0-sk1 pos=(2,1) world=(0,-150,0) screen=(960,384) projected=1 alive=1
2026.09.28-10.17.17 SHOT fighter f-0-sk2 pos=(1,2) world=(-100,-50,0) screen=(712,580) projected=1 alive=1
2026.09.28-10.17.17 SHOT fighter f-1-hero pos=(2,3) world=(0,50,0) screen=(960,794) projected=1 alive=1
2026.09.28-10.17.17 SHOT fighter f-1-sk0 pos=(3,3) world=(100,50,0) screen=(1220,794) projected=1 alive=1
2026.09.28-10.17.17 SHOT camera dist=1206.7 target=1206.7 overview=1930.8 errPct=0.000 focusErr=0.00 settled=1 zoom=1.60
2026.09.28-10.17.17 SHOT head fighter=f-0-hero socket=Head mesh=SK_Medusa_FaceNeck_v2Candidate world=(0.0,-46.0,38.5) screen=(960.0,533.0) top=(960.0,524.2) bottom=(960.0,541.8) headPx=17.6 projected=1
2026.09.28-10.17.17 SHOT requested: FScreenshotRequest(bShowUI) -> C:\Users\ren\AppData\Local\Temp\s08-phase2-20260928-151640-48704\phase2-board-host-1920x1080.png
2026.09.28-10.17.18 game -> room=cmul3ex8m00gtwi2ok6jsatmv code=<redacted> status=IN_PROGRESS
2026.09.28-10.17.21 game -> room=cmul3ex8m00gtwi2ok6jsatmv code=<redacted> status=IN_PROGRESS
2026.09.28-10.17.22 PERF window t=35.1-40.1 frames=141 fps=28.18 frameMs avg=35.48 p50=33.33 p95=33.33 p99=33.42 max=336.04 hitches50=1 gpuMs avg=32.10 p50=33.32 p95=35.91 gameMs avg=3.52 p95=1.69 renderMs avg=2.68 p95=3.78
2026.09.28-10.17.24 game -> room=cmul3ex8m00gtwi2ok6jsatmv code=<redacted> status=IN_PROGRESS
2026.09.28-10.17.27 game -> room=cmul3ex8m00gtwi2ok6jsatmv code=<redacted> status=IN_PROGRESS
2026.09.28-10.17.27 PERF window t=40.1-45.1 frames=150 fps=29.93 frameMs avg=33.41 p50=33.33 p95=33.33 p99=33.35 max=45.15 hitches50=0 gpuMs avg=32.52 p50=33.31 p95=34.94 gameMs avg=1.24 p95=1.41 renderMs avg=2.51 p95=3.24
2026.09.28-10.17.30 game -> room=cmul3ex8m00gtwi2ok6jsatmv code=<redacted> status=IN_PROGRESS
2026.09.28-10.17.31 PERF summary scope=afterWarmup warmup=5 elapsed=50.0 frames=1342 fps=29.79 frameMs avg=33.57 p50=33.33 p95=33.33 p99=33.34 max=336.04 hitches50=1 gpuMs avg=30.90 p50=33.27 p95=34.72 gameMs avg=1.60 p95=1.69 renderMs avg=2.35 p95=3.36
2026.09.28-10.17.31 PERF summary scope=started elapsed=50.0 frames=947 fps=29.70 frameMs avg=33.67 p50=33.33 p95=33.33 p99=33.35 max=336.04 hitches50=1 gpuMs avg=30.16 p50=33.27 p95=34.77 gameMs avg=1.71 p95=1.73 renderMs avg=2.61 p95=3.60
2026.09.28-10.17.31 --- S08 trace close ---
