2026.09.29-05.28.55 --- S08 trace open 2026.09.29-05.28.55 ---
2026.09.29-05.28.55 HUD icon texture size=32 ready=1 path=/Game/ArtTests/ARTMarkers/Textures/T_UI_Action_Attack_32 texture=32x32 probe=0 plate=1
2026.09.29-05.28.55 HUD alternate config periodS=3.0 startAt=34.0 first=slate
2026.09.29-05.28.55 HUD art widget plate impl=umg source=/Game/S08/UI/ArtHud/WBP_S08ArtPlate class=/Game/S08/UI/ArtHud/WBP_S08ArtPlate.WBP_S08ArtPlate_C parts=1 missing=- codeDefaultTree=0
2026.09.29-05.28.55 HUD art widget icon impl=umg source=/Game/S08/UI/ArtHud/WBP_S08ArtIcon class=/Game/S08/UI/ArtHud/WBP_S08ArtIcon.WBP_S08ArtIcon_C parts=1 missing=- codeDefaultTree=0
2026.09.29-05.28.55 RENDER preset applied=High flag=S08RenderPreset
2026.09.29-05.28.56 LOGIN ok user=art-preview-joiner
2026.09.29-05.28.59 HEROES loaded 84
2026.09.29-05.28.59 CODE resolved -> cmum8kk0i00wdwilkmzg73wqz
2026.09.29-05.28.59 joinGame -> room=cmum8kk0i00wdwilkmzg73wqz code=<redacted> status=LOBBY
2026.09.29-05.29.01 PERF config tMaxFPS=30.0 frameRateLimit=60.0 vsync=0 smoothFrameRate=0 fixedFrameRate=0 rhi=D3D12
2026.09.29-05.29.01 RENDER tag=PERF rhi=D3D12 featureLevel=SM6 shaderPlatform=PCD3D_SM6 lumenPlatform=1 gi=lumen giMethod=1 refl=lumen reflMethod=1 shadows=csm vsmEnable=0 sg.res=100 sg.view=2 sg.aa=2 sg.shadow=2 sg.gi=2 sg.refl=2 sg.pp=2 sg.tex=2 sg.fx=2 sg.foliage=2 sg.shading=2 sg.landscape=2 preset=High screenPct=100.0 screenPctMode=0 aa=TSR aaMethod=4 exposure=engine-default expMin=1.00000 expMax=1.00000 expBias=1.000 ev100=0.00 lightUnits=- sky=0 skyIntensity=0.000 keyShadow=- shadowCasters=0 profile=- profilesSha256=- profilesSource=- legacyRender=0 gameLayer=unlit-eyeadaptinv tMaxFPS=30.0 vsync=0 frameRateLimit=60.0 substrate=0 nanite=1 meshDF=1 viewport=1920x1080 reference=0 notReference=noArtProfile,exposure,lightUnits,profilesSource
2026.09.29-05.29.01 PERF window t=0.0-5.1 frames=150 fps=29.68 frameMs avg=33.69 p50=33.33 p95=34.91 p99=44.95 max=46.36 hitches50=0 gpuMs avg=1.23 p50=1.30 p95=1.37 gameMs avg=2.08 p95=2.75 renderMs avg=2869.54 p95=5.66
2026.09.29-05.29.02 game -> room=cmum8kk0i00wdwilkmzg73wqz code=<redacted> status=LOBBY
2026.09.29-05.29.02 selectHero -> room=cmum8kk0i00wdwilkmzg73wqz code=<redacted> status=LOBBY
2026.09.29-05.29.05 game -> room=cmum8kk0i00wdwilkmzg73wqz code=<redacted> status=LOBBY
2026.09.29-05.29.05 toggleReady -> room=cmum8kk0i00wdwilkmzg73wqz code=<redacted> status=LOBBY
2026.09.29-05.29.06 PERF window t=5.1-10.1 frames=150 fps=29.90 frameMs avg=33.45 p50=33.33 p95=33.85 p99=35.21 max=36.87 hitches50=0 gpuMs avg=1.31 p50=1.30 p95=1.36 gameMs avg=1.94 p95=2.96 renderMs avg=3.82 p95=5.13
2026.09.29-05.29.08 game -> room=cmum8kk0i00wdwilkmzg73wqz code=<redacted> status=LOBBY
2026.09.29-05.29.11 PERF window t=10.1-15.1 frames=149 fps=29.73 frameMs avg=33.64 p50=33.33 p95=34.68 p99=41.29 max=41.59 hitches50=0 gpuMs avg=1.28 p50=1.28 p95=1.35 gameMs avg=1.83 p95=2.71 renderMs avg=3.64 p95=4.97
2026.09.29-05.29.11 game -> room=cmum8kk0i00wdwilkmzg73wqz code=<redacted> status=IN_PROGRESS
2026.09.29-05.29.11 WS DROPPED (test-initiated transport loss)
2026.09.29-05.29.11 WS closed (test drop) - reconnect in 1s
2026.09.29-05.29.11 SNAPSHOT applied seq=1 phase=ACTION_MANEUVER
2026.09.29-05.29.11 HANDLE_APPLIED #1 seq=1 decision=2 fightersValid=1 boardValid=1
2026.09.29-05.29.11 MODE seq=1 mode=0 combat=0 pending=0
2026.09.29-05.29.11 HUD seq=1 phase=ACTION_MANEUVER turn=opp hand=5 oppHand=5(hidden) oppDeck=25 deck=25 discard=0
2026.09.29-05.29.11 ARTPREVIEW board profiles loaded=1 revision=2 boards=3 zoneStyles=11 lightProfiles=3 errors=0 path=Config/ArtBoards/S08ArtBoardProfiles.json
2026.09.29-05.29.11 ARTPREVIEW board profiles source=pak sha256=91ea86be522212fc770a33e3c9ac66f1cfde90c720c609bdc6bd29589965eaa5
2026.09.29-05.29.11 ARTPREVIEW game layer material=M_S08_GameLayerUnlit unlitEyeAdaptInv=1 legacyRender=0
2026.09.29-05.29.11 ARTPREVIEW Cobble assets ready
2026.09.29-05.29.11 ARTPREVIEW board assets ready cobbleMesh=1 tiles=1 zoneMaterials=2
2026.09.29-05.29.11 ARTPREVIEW medusa candidate variant=face-neck-v2 mesh=SK_Medusa_FaceNeck_v2Candidate requested=face-neck-v2
2026.09.29-05.29.11 ARTPREVIEW board profile=cobble-city match=boardId board=5x6 boardId=cmuhgs4b2001mwik4f2b2xtf8 surface=cobble-5x6-mesh light=cobble-probe artFixture=0
2026.09.29-05.29.11 ARTPREVIEW light profile=cobble-probe name=key role=key kind=directional at=(-350,-150,600) intensity=4.5 units=lux radius=0 color=(1.00,1.00,1.00) shadow=1
2026.09.29-05.29.11 ARTPREVIEW light profile=cobble-probe name=warm role=warm kind=point at=(260,-300,250) intensity=85 units=candelas radius=450 color=(1.00,1.00,1.00) shadow=0
2026.09.29-05.29.11 ARTPREVIEW sky profile=cobble-probe cubemap=/Game/S08/Render/TC_S08_AmbientDome loaded=1 spawned=1 intensity=11.2 color=(1.00,1.00,1.00) lowerBlack=0
2026.09.29-05.29.11 ARTPREVIEW exposure profile=cobble-probe method=histogram-fixed min=2.46229 max=2.46229 bias=0.000 ev100=1.30 volume=1
2026.09.29-05.29.11 ARTPREVIEW lights applied profile=cobble-probe directional=1 shadow=1 points=1 pointShadows=0 budgetOk=1
2026.09.29-05.29.11 ARTPREVIEW render profile=cobble-probe units=candelas sky=1 exposure=1 keyShadow=csm-3000uu-2c-contact0.000 shadowCasters=1 legacyRender=0
2026.09.29-05.29.11 ARTPREVIEW Cobble probe lights key=4.5 fill=0 warm=85
2026.09.29-05.29.11 ARTPREVIEW Cobble active 5x6 zones=30 blue=15 red=15 blueMarks=15 redMarks=45
2026.09.29-05.29.11 ARTPREVIEW board active profile=cobble-city 5x6 surface=cobble-5x6-mesh cells=30 zoneCells=30 multizone=0 triple=0 obstacles=0 zoneKeys=2 strokes=60 glyphs=45 surfaceParts=0 glyphMaterial=zone expectOk=1
2026.09.29-05.29.11 ARTPREVIEW board zone key=blue cells=15 stroke=solid glyph=diamond color=#3B78D8 ismUsage=1 strokePieces=15 glyphPieces=15 fallback=0
2026.09.29-05.29.11 ARTPREVIEW board zone key=red cells=15 stroke=dash3 glyph=bars2 color=#D8453B ismUsage=1 strokePieces=45 glyphPieces=30 fallback=0
2026.09.29-05.29.11 ARTPREVIEW board multizone cells=0 zonesListed=0 zonesMarked=0
2026.09.29-05.29.11 CAMERA dist=1931 loc=(0,1107,1582) pitch=-55 yaw=-90
2026.09.29-05.29.11 CAMERA config overview=1930.8 nearest=300.0 farthest=2970.4 zoomRange=0.65-6.44 minDist=300.0 outRatio=0.650 step=1.250 animMs=200 returnMs=300 followFrom=1.20 source=defaults issues=0
2026.09.29-05.29.11 BOARD 5x6 cells | control points: (0,0)=(-200,-250,0) (4,5)=(200,250,0) | neighbor pair (dist 100 uu)
2026.09.29-05.29.11 ARTPREVIEW click capsule fighter=f-0-hero mesh=SK_Medusa_FaceNeck_v2Candidate physicsAsset=0 radius=12.5 halfHeight=27.5 top=55.0 bodyCollision=0 source=meshBounds
2026.09.29-05.29.11 ARTPREVIEW fighter=Medusa hero=1 eligible=1 visual=1 mesh=SK_Medusa_FaceNeck_v2Candidate
2026.09.29-05.29.11 ARTPREVIEW click capsule fighter=f-0-sk0 mesh=SM_ART003_Harpy physicsAsset=0 radius=20.0 halfHeight=21.0 top=42.0 bodyCollision=0 source=meshBounds
2026.09.29-05.29.11 ARTPREVIEW click capsule fighter=f-0-sk1 mesh=SM_ART003_Harpy physicsAsset=0 radius=20.0 halfHeight=21.0 top=42.0 bodyCollision=0 source=meshBounds
2026.09.29-05.29.11 ARTPREVIEW click capsule fighter=f-0-sk2 mesh=SM_ART003_Harpy physicsAsset=0 radius=20.0 halfHeight=21.0 top=42.0 bodyCollision=0 source=meshBounds
2026.09.29-05.29.11 ARTPREVIEW click capsule fighter=f-1-hero mesh=SM_ART003_Arthur physicsAsset=0 radius=17.8 halfHeight=28.0 top=56.0 bodyCollision=0 source=meshBounds
2026.09.29-05.29.11 ARTPREVIEW click capsule fighter=f-1-sk0 mesh=SM_ART003_Merlin physicsAsset=0 radius=14.7 halfHeight=30.8 top=61.5 bodyCollision=0 source=meshBounds
2026.09.29-05.29.11 FIGHTERS synced n=6 alive=6 own=2 enemy=4
2026.09.29-05.29.11 STATE seq=1 -> apply
2026.09.29-05.29.11 WS closed 1000 (normal closure)
2026.09.29-05.29.11 HUD art layer plate=1 iconSize=32 iconTexture=1 iconProbe=0 plan=0
2026.09.29-05.29.11 HUD art impl=alternate plateViews=umg:/Game/S08/UI/ArtHud/WBP_S08ArtPlate,slate:slate iconViews=umg:/Game/S08/UI/ArtHud/WBP_S08ArtIcon,slate:slate textTable=S08ArtHud entries=13 missingKeys=0
2026.09.29-05.29.12 WS reconnect attempt
2026.09.29-05.29.12 SUBSCRIBED gameStateUpdated since=1
2026.09.29-05.29.12 WS reconnected - refetching gameState
2026.09.29-05.29.12 SNAPSHOT applied seq=1 phase=ACTION_MANEUVER
2026.09.29-05.29.12 HANDLE_APPLIED #2 seq=1 decision=1 fightersValid=1 boardValid=1
2026.09.29-05.29.12 MODE seq=1 mode=0 combat=0 pending=0
2026.09.29-05.29.12 HUD seq=1 phase=ACTION_MANEUVER turn=opp hand=5 oppHand=5(hidden) oppDeck=25 deck=25 discard=0
2026.09.29-05.29.12 ARTPREVIEW fighter=Medusa hero=1 eligible=1 visual=1 mesh=SK_Medusa_FaceNeck_v2Candidate
2026.09.29-05.29.12 FIGHTERS synced n=6 alive=6 own=2 enemy=4
2026.09.29-05.29.12 STATE seq=1 -> merge
2026.09.29-05.29.12 SNAPSHOT applied seq=1 phase=ACTION_MANEUVER
2026.09.29-05.29.12 HANDLE_APPLIED #3 seq=1 decision=1 fightersValid=1 boardValid=1
2026.09.29-05.29.12 MODE seq=1 mode=0 combat=0 pending=0
2026.09.29-05.29.12 HUD seq=1 phase=ACTION_MANEUVER turn=opp hand=5 oppHand=5(hidden) oppDeck=25 deck=25 discard=0
2026.09.29-05.29.12 ARTPREVIEW fighter=Medusa hero=1 eligible=1 visual=1 mesh=SK_Medusa_FaceNeck_v2Candidate
2026.09.29-05.29.12 FIGHTERS synced n=6 alive=6 own=2 enemy=4
2026.09.29-05.29.12 WS seq=1 phase=ACTION_MANEUVER (merge)
2026.09.29-05.29.14 game -> room=cmum8kk0i00wdwilkmzg73wqz code=<redacted> status=IN_PROGRESS
2026.09.29-05.29.16 PERF window t=15.1-20.1 frames=148 fps=29.51 frameMs avg=33.89 p50=33.33 p95=34.27 p99=60.34 max=62.53 hitches50=2 gpuMs avg=1.85 p50=1.84 p95=2.00 gameMs avg=2.46 p95=8.49 renderMs avg=5.81 p95=7.45
2026.09.29-05.29.17 game -> room=cmum8kk0i00wdwilkmzg73wqz code=<redacted> status=IN_PROGRESS
2026.09.29-05.29.20 game -> room=cmum8kk0i00wdwilkmzg73wqz code=<redacted> status=IN_PROGRESS
2026.09.29-05.29.21 PERF window t=20.1-25.1 frames=150 fps=29.94 frameMs avg=33.41 p50=33.33 p95=33.80 p99=34.81 max=35.03 hitches50=0 gpuMs avg=1.84 p50=1.83 p95=1.98 gameMs avg=1.70 p95=2.65 renderMs avg=4.75 p95=6.45
2026.09.29-05.29.23 game -> room=cmum8kk0i00wdwilkmzg73wqz code=<redacted> status=IN_PROGRESS
2026.09.29-05.29.26 SHOT ctx viewport=1920x1080 viewTarget=CameraActor_2147482364 cam=(0,1107,1582) rot=(-55,-90,0)
2026.09.29-05.29.26 RENDER tag=SHOT rhi=D3D12 featureLevel=SM6 shaderPlatform=PCD3D_SM6 lumenPlatform=1 gi=lumen giMethod=1 refl=lumen reflMethod=1 shadows=csm vsmEnable=0 sg.res=100 sg.view=2 sg.aa=2 sg.shadow=2 sg.gi=2 sg.refl=2 sg.pp=2 sg.tex=2 sg.fx=2 sg.foliage=2 sg.shading=2 sg.landscape=2 preset=High screenPct=100.0 screenPctMode=0 aa=TSR aaMethod=4 exposure=fixed-histogram expMin=2.46229 expMax=2.46229 expBias=0.000 ev100=1.30 lightUnits=candelas sky=1 skyIntensity=11.200 keyShadow=csm-3000uu-2c-contact0.000 shadowCasters=1 profile=cobble-probe profilesSha256=91ea86be522212fc770a33e3c9ac66f1cfde90c720c609bdc6bd29589965eaa5 profilesSource=pak legacyRender=0 gameLayer=unlit-eyeadaptinv tMaxFPS=30.0 vsync=0 frameRateLimit=60.0 substrate=0 nanite=1 meshDF=1 viewport=1920x1080 reference=1
2026.09.29-05.29.26 SHOT fighter f-0-hero pos=(2,2) world=(0,-50,0) screen=(960,476) projected=1 alive=1
2026.09.29-05.29.26 SHOT fighter f-0-sk0 pos=(3,2) world=(100,-50,0) screen=(1115,476) projected=1 alive=1
2026.09.29-05.29.26 SHOT fighter f-0-sk1 pos=(2,1) world=(0,-150,0) screen=(960,355) projected=1 alive=1
2026.09.29-05.29.26 SHOT fighter f-0-sk2 pos=(1,2) world=(-100,-50,0) screen=(805,476) projected=1 alive=1
2026.09.29-05.29.26 SHOT fighter f-1-hero pos=(2,3) world=(0,50,0) screen=(960,606) projected=1 alive=1
2026.09.29-05.29.26 SHOT fighter f-1-sk0 pos=(3,3) world=(100,50,0) screen=(1120,606) projected=1 alive=1
2026.09.29-05.29.26 SHOT camera dist=1930.8 target=1930.8 overview=1930.8 errPct=0.000 focusErr=0.00 settled=1 zoom=1.00
2026.09.29-05.29.26 SHOT head fighter=f-0-hero socket=Head mesh=SK_Medusa_FaceNeck_v2Candidate world=(0.0,-46.0,38.5) screen=(960.0,445.5) top=(960.0,439.8) bottom=(960.0,451.2) headPx=11.4 projected=1
2026.09.29-05.29.26 SHOT label fighter=f-0-hero mode=full bbox=(916,381,1004,414)
2026.09.29-05.29.26 SHOT label fighter=f-0-sk0 mode=full bbox=(1072,399,1169,428)
2026.09.29-05.29.26 SHOT label fighter=f-0-sk1 mode=full bbox=(914,276,1006,305)
2026.09.29-05.29.26 SHOT label fighter=f-0-sk2 mode=full bbox=(751,399,848,428)
2026.09.29-05.29.26 SHOT label fighter=f-1-hero mode=full bbox=(913,517,1007,545)
2026.09.29-05.29.26 SHOT label fighter=f-1-sk0 mode=full bbox=(1088,529,1162,558)
2026.09.29-05.29.26 SHOT requested: FScreenshotRequest(bShowUI) -> C:\Users\ren\AppData\Local\Temp\s08-phase2-20260929-102845-50292\phase2-board-joiner-1920x1080.png
2026.09.29-05.29.26 PERF window t=25.1-30.2 frames=146 fps=28.74 frameMs avg=34.79 p50=33.33 p95=35.66 p99=48.93 max=177.53 hitches50=1 gpuMs avg=1.88 p50=1.87 p95=2.06 gameMs avg=1.82 p95=2.52 renderMs avg=4.69 p95=6.57
2026.09.29-05.29.26 game -> room=cmum8kk0i00wdwilkmzg73wqz code=<redacted> status=IN_PROGRESS
2026.09.29-05.29.29 game -> room=cmum8kk0i00wdwilkmzg73wqz code=<redacted> status=IN_PROGRESS
2026.09.29-05.29.31 PERF window t=30.2-35.2 frames=149 fps=29.80 frameMs avg=33.56 p50=33.33 p95=34.31 p99=41.19 max=42.52 hitches50=0 gpuMs avg=1.87 p50=1.85 p95=2.02 gameMs avg=2.68 p95=2.66 renderMs avg=4.44 p95=6.36
2026.09.29-05.29.32 game -> room=cmum8kk0i00wdwilkmzg73wqz code=<redacted> status=IN_PROGRESS
2026.09.29-05.29.35 game -> room=cmum8kk0i00wdwilkmzg73wqz code=<redacted> status=IN_PROGRESS
2026.09.29-05.29.36 PERF window t=35.2-40.2 frames=149 fps=29.70 frameMs avg=33.67 p50=33.33 p95=34.57 p99=44.20 max=47.24 hitches50=0 gpuMs avg=1.86 p50=1.84 p95=2.02 gameMs avg=1.64 p95=2.36 renderMs avg=4.59 p95=6.42
2026.09.29-05.29.38 game -> room=cmum8kk0i00wdwilkmzg73wqz code=<redacted> status=IN_PROGRESS
2026.09.29-05.29.41 PERF window t=40.2-45.2 frames=146 fps=29.09 frameMs avg=34.37 p50=33.33 p95=33.87 p99=42.92 max=156.54 hitches50=1 gpuMs avg=1.89 p50=1.86 p95=2.04 gameMs avg=1.80 p95=2.40 renderMs avg=4.85 p95=6.28
2026.09.29-05.29.41 game -> room=cmum8kk0i00wdwilkmzg73wqz code=<redacted> status=IN_PROGRESS
2026.09.29-05.29.44 game -> room=cmum8kk0i00wdwilkmzg73wqz code=<redacted> status=IN_PROGRESS
2026.09.29-05.29.46 PERF window t=45.2-50.2 frames=149 fps=29.76 frameMs avg=33.60 p50=33.33 p95=34.73 p99=40.95 max=44.95 hitches50=0 gpuMs avg=1.84 p50=1.83 p95=2.01 gameMs avg=1.69 p95=2.39 renderMs avg=4.42 p95=6.25
2026.09.29-05.29.47 game -> room=cmum8kk0i00wdwilkmzg73wqz code=<redacted> status=IN_PROGRESS
2026.09.29-05.29.50 game -> room=cmum8kk0i00wdwilkmzg73wqz code=<redacted> status=IN_PROGRESS
2026.09.29-05.29.51 PERF window t=50.2-55.3 frames=150 fps=29.87 frameMs avg=33.48 p50=33.33 p95=33.77 p99=39.14 max=39.66 hitches50=0 gpuMs avg=1.88 p50=1.87 p95=2.04 gameMs avg=1.69 p95=2.84 renderMs avg=4.68 p95=6.40
2026.09.29-05.29.53 game -> room=cmum8kk0i00wdwilkmzg73wqz code=<redacted> status=IN_PROGRESS
2026.09.29-05.29.56 PERF window t=55.3-60.3 frames=148 fps=29.58 frameMs avg=33.81 p50=33.33 p95=35.57 p99=42.85 max=43.22 hitches50=0 gpuMs avg=1.84 p50=1.81 p95=2.02 gameMs avg=1.57 p95=2.40 renderMs avg=4.51 p95=6.47
2026.09.29-05.29.56 game -> room=cmum8kk0i00wdwilkmzg73wqz code=<redacted> status=IN_PROGRESS
2026.09.29-05.29.59 game -> room=cmum8kk0i00wdwilkmzg73wqz code=<redacted> status=IN_PROGRESS
2026.09.29-05.30.01 PERF window t=60.3-65.3 frames=149 fps=29.62 frameMs avg=33.76 p50=33.33 p95=35.40 p99=41.79 max=46.85 hitches50=0 gpuMs avg=1.88 p50=1.85 p95=2.04 gameMs avg=1.70 p95=2.76 renderMs avg=4.51 p95=6.23
2026.09.29-05.30.02 game -> room=cmum8kk0i00wdwilkmzg73wqz code=<redacted> status=IN_PROGRESS
2026.09.29-05.30.05 game -> room=cmum8kk0i00wdwilkmzg73wqz code=<redacted> status=IN_PROGRESS
2026.09.29-05.30.06 PERF window t=65.3-70.3 frames=150 fps=29.85 frameMs avg=33.50 p50=33.33 p95=33.80 p99=36.33 max=45.28 hitches50=0 gpuMs avg=1.89 p50=1.88 p95=2.03 gameMs avg=1.52 p95=2.10 renderMs avg=4.59 p95=6.38
2026.09.29-05.30.08 game -> room=cmum8kk0i00wdwilkmzg73wqz code=<redacted> status=IN_PROGRESS
2026.09.29-05.30.11 PERF window t=70.3-75.3 frames=149 fps=29.72 frameMs avg=33.65 p50=33.33 p95=34.30 p99=41.99 max=46.62 hitches50=0 gpuMs avg=1.83 p50=1.81 p95=1.97 gameMs avg=1.56 p95=2.23 renderMs avg=4.66 p95=6.36
2026.09.29-05.30.11 game -> room=cmum8kk0i00wdwilkmzg73wqz code=<redacted> status=IN_PROGRESS
2026.09.29-05.30.14 game -> room=cmum8kk0i00wdwilkmzg73wqz code=<redacted> status=IN_PROGRESS
2026.09.29-05.30.16 PERF window t=75.3-80.4 frames=149 fps=29.62 frameMs avg=33.76 p50=33.33 p95=34.77 p99=47.42 max=48.82 hitches50=0 gpuMs avg=1.83 p50=1.80 p95=2.01 gameMs avg=1.75 p95=2.69 renderMs avg=4.75 p95=6.30
2026.09.29-05.30.17 game -> room=cmum8kk0i00wdwilkmzg73wqz code=<redacted> status=IN_PROGRESS
2026.09.29-05.30.20 game -> room=cmum8kk0i00wdwilkmzg73wqz code=<redacted> status=IN_PROGRESS
2026.09.29-05.30.21 PERF window t=80.4-85.4 frames=149 fps=29.71 frameMs avg=33.66 p50=33.33 p95=34.69 p99=44.17 max=46.02 hitches50=0 gpuMs avg=1.87 p50=1.85 p95=2.03 gameMs avg=1.52 p95=3.19 renderMs avg=4.44 p95=6.19
2026.09.29-05.30.23 game -> room=cmum8kk0i00wdwilkmzg73wqz code=<redacted> status=IN_PROGRESS
2026.09.29-05.30.26 PERF window t=85.4-90.4 frames=149 fps=29.73 frameMs avg=33.64 p50=33.33 p95=34.29 p99=42.81 max=45.80 hitches50=0 gpuMs avg=1.86 p50=1.84 p95=2.01 gameMs avg=1.50 p95=2.14 renderMs avg=4.80 p95=6.23
2026.09.29-05.30.26 game -> room=cmum8kk0i00wdwilkmzg73wqz code=<redacted> status=IN_PROGRESS
2026.09.29-05.30.29 game -> room=cmum8kk0i00wdwilkmzg73wqz code=<redacted> status=IN_PROGRESS
2026.09.29-05.30.31 PERF window t=90.4-95.4 frames=149 fps=29.68 frameMs avg=33.69 p50=33.33 p95=34.31 p99=41.77 max=50.02 hitches50=1 gpuMs avg=1.85 p50=1.82 p95=2.13 gameMs avg=1.58 p95=2.48 renderMs avg=4.65 p95=6.53
2026.09.29-05.30.32 game -> room=cmum8kk0i00wdwilkmzg73wqz code=<redacted> status=IN_PROGRESS
2026.09.29-05.30.35 game -> room=cmum8kk0i00wdwilkmzg73wqz code=<redacted> status=IN_PROGRESS
2026.09.29-05.30.36 PERF summary scope=afterWarmup warmup=5 elapsed=100.0 frames=2817 fps=29.64 frameMs avg=33.74 p50=33.33 p95=34.32 p99=42.16 max=177.53 hitches50=5 gpuMs avg=1.83 p50=1.83 p95=2.05 gameMs avg=1.77 p95=2.65 renderMs avg=4.60 p95=6.37
2026.09.29-05.30.36 PERF summary scope=started elapsed=100.0 frames=2514 fps=29.62 frameMs avg=33.76 p50=33.33 p95=34.34 p99=42.52 max=177.53 hitches50=5 gpuMs avg=1.89 p50=1.84 p95=2.07 gameMs avg=1.75 p95=2.55 renderMs avg=4.70 p95=6.42
2026.09.29-05.30.36 PERF summary scope=artHud impl=alternate elapsed=100.0 frames=0 fps=0.00 frameMs avg=0.00 p50=0.00 p95=0.00 p99=0.00 max=0.00 hitches50=0 gpuMs avg=0.00 p50=0.00 p95=0.00 gameMs avg=0.00 p95=0.00 renderMs avg=0.00 p95=0.00
2026.09.29-05.30.36 PERF summary scope=artHudUmg impl=umg swaps=0 periodS=3.0 elapsed=100.0 frames=0 fps=0.00 frameMs avg=0.00 p50=0.00 p95=0.00 p99=0.00 max=0.00 hitches50=0 gpuMs avg=0.00 p50=0.00 p95=0.00 gameMs avg=0.00 p95=0.00 renderMs avg=0.00 p95=0.00 gameP50=0.000 gameP99=0.000
2026.09.29-05.30.36 PERF summary scope=artHudSlate impl=slate swaps=0 periodS=3.0 elapsed=100.0 frames=0 fps=0.00 frameMs avg=0.00 p50=0.00 p95=0.00 p99=0.00 max=0.00 hitches50=0 gpuMs avg=0.00 p50=0.00 p95=0.00 gameMs avg=0.00 p95=0.00 renderMs avg=0.00 p95=0.00 gameP50=0.000 gameP99=0.000
2026.09.29-05.30.36 --- S08 trace close ---
