2026.09.29-05.28.48 --- S08 trace open 2026.09.29-05.28.48 ---
2026.09.29-05.28.48 HUD icon texture size=48 ready=1 path=/Game/ArtTests/ARTMarkers/Textures/T_UI_Action_Attack_48 texture=48x48 probe=1 plate=1
2026.09.29-05.28.48 HUD alternate config periodS=3.0 startAt=34.0 first=slate
2026.09.29-05.28.48 HUD art widget plate impl=umg source=/Game/S08/UI/ArtHud/WBP_S08ArtPlate class=/Game/S08/UI/ArtHud/WBP_S08ArtPlate.WBP_S08ArtPlate_C parts=1 missing=- codeDefaultTree=0
2026.09.29-05.28.48 HUD art widget icon impl=umg source=/Game/S08/UI/ArtHud/WBP_S08ArtIcon class=/Game/S08/UI/ArtHud/WBP_S08ArtIcon.WBP_S08ArtIcon_C parts=1 missing=- codeDefaultTree=0
2026.09.29-05.28.48 RENDER preset applied=High flag=S08RenderPreset
2026.09.29-05.28.49 LOGIN ok user=art-preview-host
2026.09.29-05.28.52 HEROES loaded 84
2026.09.29-05.28.52 createGame -> room=cmum8kk0i00wdwilkmzg73wqz code=<redacted> status=LOBBY
2026.09.29-05.28.54 PERF config tMaxFPS=30.0 frameRateLimit=60.0 vsync=0 smoothFrameRate=0 fixedFrameRate=0 rhi=D3D12
2026.09.29-05.28.54 RENDER tag=PERF rhi=D3D12 featureLevel=SM6 shaderPlatform=PCD3D_SM6 lumenPlatform=1 gi=lumen giMethod=1 refl=lumen reflMethod=1 shadows=csm vsmEnable=0 sg.res=100 sg.view=2 sg.aa=2 sg.shadow=2 sg.gi=2 sg.refl=2 sg.pp=2 sg.tex=2 sg.fx=2 sg.foliage=2 sg.shading=2 sg.landscape=2 preset=High screenPct=100.0 screenPctMode=0 aa=TSR aaMethod=4 exposure=engine-default expMin=1.00000 expMax=1.00000 expBias=1.000 ev100=0.00 lightUnits=- sky=0 skyIntensity=0.000 keyShadow=- shadowCasters=0 profile=- profilesSha256=- profilesSource=- legacyRender=0 gameLayer=unlit-eyeadaptinv tMaxFPS=30.0 vsync=0 frameRateLimit=60.0 substrate=0 nanite=1 meshDF=1 viewport=1920x1080 reference=0 notReference=noArtProfile,exposure,lightUnits,profilesSource
2026.09.29-05.28.54 PERF window t=0.0-5.0 frames=150 fps=29.77 frameMs avg=33.59 p50=33.34 p95=33.98 p99=40.80 max=42.50 hitches50=0 gpuMs avg=2.26 p50=1.55 p95=3.88 gameMs avg=2.24 p95=2.93 renderMs avg=2869.40 p95=5.30
2026.09.29-05.28.55 game -> room=cmum8kk0i00wdwilkmzg73wqz code=<redacted> status=LOBBY
2026.09.29-05.28.55 selectHero -> room=cmum8kk0i00wdwilkmzg73wqz code=<redacted> status=LOBBY
2026.09.29-05.28.58 game -> room=cmum8kk0i00wdwilkmzg73wqz code=<redacted> status=LOBBY
2026.09.29-05.28.58 toggleReady -> room=cmum8kk0i00wdwilkmzg73wqz code=<redacted> status=LOBBY
2026.09.29-05.28.59 PERF window t=5.0-10.1 frames=150 fps=29.82 frameMs avg=33.54 p50=33.34 p95=34.28 p99=37.64 max=39.57 hitches50=0 gpuMs avg=1.31 p50=1.32 p95=1.38 gameMs avg=2.01 p95=2.92 renderMs avg=4.26 p95=5.26
2026.09.29-05.29.01 game -> room=cmum8kk0i00wdwilkmzg73wqz code=<redacted> status=LOBBY
2026.09.29-05.29.04 PERF window t=10.1-15.1 frames=149 fps=29.79 frameMs avg=33.57 p50=33.33 p95=34.14 p99=42.64 max=45.30 hitches50=0 gpuMs avg=1.30 p50=1.30 p95=1.38 gameMs avg=1.85 p95=2.52 renderMs avg=3.72 p95=5.27
2026.09.29-05.29.04 game -> room=cmum8kk0i00wdwilkmzg73wqz code=<redacted> status=LOBBY
2026.09.29-05.29.07 game -> room=cmum8kk0i00wdwilkmzg73wqz code=<redacted> status=LOBBY
2026.09.29-05.29.09 PERF window t=15.1-20.1 frames=149 fps=29.78 frameMs avg=33.58 p50=33.33 p95=33.78 p99=41.97 max=43.17 hitches50=0 gpuMs avg=1.31 p50=1.31 p95=1.38 gameMs avg=1.84 p95=2.85 renderMs avg=3.81 p95=5.16
2026.09.29-05.29.10 game -> room=cmum8kk0i00wdwilkmzg73wqz code=<redacted> status=LOBBY
2026.09.29-05.29.10 startGame -> room=cmum8kk0i00wdwilkmzg73wqz code=<redacted> status=IN_PROGRESS
2026.09.29-05.29.10 SNAPSHOT applied seq=1 phase=ACTION_MANEUVER
2026.09.29-05.29.10 HANDLE_APPLIED #1 seq=1 decision=2 fightersValid=1 boardValid=1
2026.09.29-05.29.10 MODE seq=1 mode=0 combat=0 pending=0
2026.09.29-05.29.10 HUD seq=1 phase=ACTION_MANEUVER turn=you hand=5 oppHand=5(hidden) oppDeck=25 deck=25 discard=0
2026.09.29-05.29.10 ARTPREVIEW board profiles loaded=1 revision=2 boards=3 zoneStyles=11 lightProfiles=3 errors=0 path=Config/ArtBoards/S08ArtBoardProfiles.json
2026.09.29-05.29.10 ARTPREVIEW board profiles source=pak sha256=91ea86be522212fc770a33e3c9ac66f1cfde90c720c609bdc6bd29589965eaa5
2026.09.29-05.29.10 ARTPREVIEW game layer material=M_S08_GameLayerUnlit unlitEyeAdaptInv=1 legacyRender=0
2026.09.29-05.29.10 ARTPREVIEW Cobble assets ready
2026.09.29-05.29.10 ARTPREVIEW board assets ready cobbleMesh=1 tiles=1 zoneMaterials=2
2026.09.29-05.29.10 ARTPREVIEW medusa candidate variant=face-neck-v2 mesh=SK_Medusa_FaceNeck_v2Candidate requested=face-neck-v2
2026.09.29-05.29.10 ARTPREVIEW board profile=cobble-city match=boardId board=5x6 boardId=cmuhgs4b2001mwik4f2b2xtf8 surface=cobble-5x6-mesh light=cobble-probe artFixture=0
2026.09.29-05.29.10 ARTPREVIEW light profile=cobble-probe name=key role=key kind=directional at=(-350,-150,600) intensity=4.5 units=lux radius=0 color=(1.00,1.00,1.00) shadow=1
2026.09.29-05.29.10 ARTPREVIEW light profile=cobble-probe name=warm role=warm kind=point at=(260,-300,250) intensity=85 units=candelas radius=450 color=(1.00,1.00,1.00) shadow=0
2026.09.29-05.29.10 ARTPREVIEW sky profile=cobble-probe cubemap=/Game/S08/Render/TC_S08_AmbientDome loaded=1 spawned=1 intensity=11.2 color=(1.00,1.00,1.00) lowerBlack=0
2026.09.29-05.29.10 ARTPREVIEW exposure profile=cobble-probe method=histogram-fixed min=2.46229 max=2.46229 bias=0.000 ev100=1.30 volume=1
2026.09.29-05.29.10 ARTPREVIEW lights applied profile=cobble-probe directional=1 shadow=1 points=1 pointShadows=0 budgetOk=1
2026.09.29-05.29.10 ARTPREVIEW render profile=cobble-probe units=candelas sky=1 exposure=1 keyShadow=csm-3000uu-2c-contact0.000 shadowCasters=1 legacyRender=0
2026.09.29-05.29.10 ARTPREVIEW Cobble probe lights key=4.5 fill=0 warm=85
2026.09.29-05.29.10 ARTPREVIEW Cobble active 5x6 zones=30 blue=15 red=15 blueMarks=15 redMarks=45
2026.09.29-05.29.10 ARTPREVIEW board active profile=cobble-city 5x6 surface=cobble-5x6-mesh cells=30 zoneCells=30 multizone=0 triple=0 obstacles=0 zoneKeys=2 strokes=60 glyphs=45 surfaceParts=0 glyphMaterial=zone expectOk=1
2026.09.29-05.29.10 ARTPREVIEW board zone key=blue cells=15 stroke=solid glyph=diamond color=#3B78D8 ismUsage=1 strokePieces=15 glyphPieces=15 fallback=0
2026.09.29-05.29.10 ARTPREVIEW board zone key=red cells=15 stroke=dash3 glyph=bars2 color=#D8453B ismUsage=1 strokePieces=45 glyphPieces=30 fallback=0
2026.09.29-05.29.10 ARTPREVIEW board multizone cells=0 zonesListed=0 zonesMarked=0
2026.09.29-05.29.10 CAMERA dist=1931 loc=(0,1107,1582) pitch=-55 yaw=-90
2026.09.29-05.29.10 CAMERA config overview=1930.8 nearest=300.0 farthest=2970.4 zoomRange=0.65-6.44 minDist=300.0 outRatio=0.650 step=1.250 animMs=200 returnMs=300 followFrom=1.20 source=defaults issues=0
2026.09.29-05.29.10 BOARD 5x6 cells | control points: (0,0)=(-200,-250,0) (4,5)=(200,250,0) | neighbor pair (dist 100 uu)
2026.09.29-05.29.10 ARTPREVIEW click capsule fighter=f-0-hero mesh=SK_Medusa_FaceNeck_v2Candidate physicsAsset=0 radius=12.5 halfHeight=27.5 top=55.0 bodyCollision=0 source=meshBounds
2026.09.29-05.29.10 ARTPREVIEW fighter=Medusa hero=1 eligible=1 visual=1 mesh=SK_Medusa_FaceNeck_v2Candidate
2026.09.29-05.29.10 ARTPREVIEW click capsule fighter=f-0-sk0 mesh=SM_ART003_Harpy physicsAsset=0 radius=20.0 halfHeight=21.0 top=42.0 bodyCollision=0 source=meshBounds
2026.09.29-05.29.10 ARTPREVIEW click capsule fighter=f-0-sk1 mesh=SM_ART003_Harpy physicsAsset=0 radius=20.0 halfHeight=21.0 top=42.0 bodyCollision=0 source=meshBounds
2026.09.29-05.29.10 ARTPREVIEW click capsule fighter=f-0-sk2 mesh=SM_ART003_Harpy physicsAsset=0 radius=20.0 halfHeight=21.0 top=42.0 bodyCollision=0 source=meshBounds
2026.09.29-05.29.10 ARTPREVIEW click capsule fighter=f-1-hero mesh=SM_ART003_Arthur physicsAsset=0 radius=17.8 halfHeight=28.0 top=56.0 bodyCollision=0 source=meshBounds
2026.09.29-05.29.10 ARTPREVIEW click capsule fighter=f-1-sk0 mesh=SM_ART003_Merlin physicsAsset=0 radius=14.7 halfHeight=30.8 top=61.5 bodyCollision=0 source=meshBounds
2026.09.29-05.29.10 FIGHTERS synced n=6 alive=6 own=4 enemy=2
2026.09.29-05.29.10 STATE seq=1 -> apply
2026.09.29-05.29.10 HUD art layer plate=1 iconSize=48 iconTexture=1 iconProbe=1 plan=0
2026.09.29-05.29.10 HUD art impl=alternate plateViews=umg:/Game/S08/UI/ArtHud/WBP_S08ArtPlate,slate:slate iconViews=umg:/Game/S08/UI/ArtHud/WBP_S08ArtIcon,slate:slate textTable=S08ArtHud entries=13 missingKeys=0
2026.09.29-05.29.10 SUBSCRIBED gameStateUpdated since=1
2026.09.29-05.29.10 ARTPREVIEW icon probe src=flag target=f-1-hero size=48
2026.09.29-05.29.10 ICON fighter=f-1-hero bbox=(936,465,984,513) size=48 src=flag labelAvoid=1 hudAvoid=0
2026.09.29-05.29.10 SNAPSHOT applied seq=1 phase=ACTION_MANEUVER
2026.09.29-05.29.10 HANDLE_APPLIED #2 seq=1 decision=1 fightersValid=1 boardValid=1
2026.09.29-05.29.10 MODE seq=1 mode=0 combat=0 pending=0
2026.09.29-05.29.10 HUD seq=1 phase=ACTION_MANEUVER turn=you hand=5 oppHand=5(hidden) oppDeck=25 deck=25 discard=0
2026.09.29-05.29.10 ARTPREVIEW fighter=Medusa hero=1 eligible=1 visual=1 mesh=SK_Medusa_FaceNeck_v2Candidate
2026.09.29-05.29.10 FIGHTERS synced n=6 alive=6 own=4 enemy=2
2026.09.29-05.29.10 WS seq=1 phase=ACTION_MANEUVER (merge)
2026.09.29-05.29.13 game -> room=cmum8kk0i00wdwilkmzg73wqz code=<redacted> status=IN_PROGRESS
2026.09.29-05.29.14 PERF window t=20.1-25.1 frames=146 fps=29.08 frameMs avg=34.39 p50=33.33 p95=34.17 p99=78.89 max=114.37 hitches50=2 gpuMs avg=1.73 p50=1.83 p95=2.01 gameMs avg=2.64 p95=4.36 renderMs avg=4.97 p95=7.34
2026.09.29-05.29.16 game -> room=cmum8kk0i00wdwilkmzg73wqz code=<redacted> status=IN_PROGRESS
2026.09.29-05.29.17 ARTPREVIEW selection ring shown fighter=Medusa mesh=SM_Marker_SelectionRing
2026.09.29-05.29.17 ARTPREVIEW reachable corners cells=13 placed=1
2026.09.29-05.29.17 ARTPREVIEW selection ownHero=1 selected=1 fighter=Medusa reachable=14 fighterId=f-0-hero
2026.09.29-05.29.17 INPUT select src=flag fighter=f-0-hero flag=ArtPreviewSelectOwnHero
2026.09.29-05.29.17 ARTPREVIEW camera focus requested zoom=5.00 overview=1931 target=386
2026.09.29-05.29.17 INPUT zoom src=flag zoom=5.00 flag=ArtPreviewFocusZoom
2026.09.29-05.29.17 CAMERA focus src=flag from=1930.8 to=386.2 requested=386.2 zoom=5.00 clamp=0 limit=none animMs=200
2026.09.29-05.29.17 HUD plate content fighter=f-0-hero name=Medusa hp=16/16 team=own statuses=HERO  |  MELEE
2026.09.29-05.29.17 ICON fighter=f-1-hero bbox=(936,805,984,853) size=48 src=flag labelAvoid=0 hudAvoid=0
2026.09.29-05.29.17 PLATE fighter=f-0-hero bbox=(1096,472,1268,526) overlapReachable=0 placement=right ring=0 gap=6 selection=f-0-hero destinations=13 clean=1 softPx2=0 tested=228
2026.09.29-05.29.17 CAMERA settled elapsed=28.18 dist=386.2 target=386.2 errPct=0.000 focusErr=0.00 focus=(0,-50,28)
2026.09.29-05.29.17 ICON fighter=f-1-hero bbox=(936,933,984,981) size=48 src=flag labelAvoid=0 hudAvoid=1
2026.09.29-05.29.17 PLATE fighter=f-0-hero bbox=(1139,494,1311,548) overlapReachable=0 placement=right ring=0 gap=6 selection=f-0-hero destinations=13 clean=1 softPx2=0 tested=278
2026.09.29-05.29.19 SHOT ctx viewport=1920x1080 viewTarget=CameraActor_2147482364 cam=(0,171,344) rot=(-55,-90,0)
2026.09.29-05.29.19 RENDER tag=SHOT rhi=D3D12 featureLevel=SM6 shaderPlatform=PCD3D_SM6 lumenPlatform=1 gi=lumen giMethod=1 refl=lumen reflMethod=1 shadows=csm vsmEnable=0 sg.res=100 sg.view=2 sg.aa=2 sg.shadow=2 sg.gi=2 sg.refl=2 sg.pp=2 sg.tex=2 sg.fx=2 sg.foliage=2 sg.shading=2 sg.landscape=2 preset=High screenPct=100.0 screenPctMode=0 aa=TSR aaMethod=4 exposure=fixed-histogram expMin=2.46229 expMax=2.46229 expBias=0.000 ev100=1.30 lightUnits=candelas sky=1 skyIntensity=11.200 keyShadow=csm-3000uu-2c-contact0.000 shadowCasters=1 profile=cobble-probe profilesSha256=91ea86be522212fc770a33e3c9ac66f1cfde90c720c609bdc6bd29589965eaa5 profilesSource=pak legacyRender=0 gameLayer=unlit-eyeadaptinv tMaxFPS=30.0 vsync=0 frameRateLimit=60.0 substrate=0 nanite=1 meshDF=1 viewport=1920x1080 reference=1
2026.09.29-05.29.19 SHOT fighter f-0-hero pos=(2,2) world=(0,-50,0) screen=(960,660) projected=1 alive=1
2026.09.29-05.29.19 SHOT fighter f-0-sk0 pos=(3,2) world=(100,-50,0) screen=(1704,660) projected=1 alive=1
2026.09.29-05.29.19 SHOT fighter f-0-sk1 pos=(2,1) world=(0,-150,0) screen=(960,110) projected=1 alive=1
2026.09.29-05.29.19 SHOT fighter f-0-sk2 pos=(1,2) world=(-100,-50,0) screen=(216,660) projected=1 alive=1
2026.09.29-05.29.19 SHOT fighter f-1-hero pos=(2,3) world=(0,50,0) screen=(960,1388) projected=1 alive=1
2026.09.29-05.29.19 SHOT fighter f-1-sk0 pos=(3,3) world=(100,50,0) screen=(1826,1388) projected=1 alive=1
2026.09.29-05.29.19 SHOT camera dist=386.2 target=386.2 overview=1930.8 errPct=0.000 focusErr=0.00 settled=1 zoom=5.00
2026.09.29-05.29.19 SHOT head fighter=f-0-hero socket=Head mesh=SK_Medusa_FaceNeck_v2Candidate world=(0.0,-46.0,38.5) screen=(960.0,517.7) top=(960.0,489.1) bottom=(960.0,545.6) headPx=56.4 projected=1
2026.09.29-05.29.19 SHOT selection fighter=f-0-hero ownCell=(2,2) legal=14 destinations=13 ownCellExcluded=1 plateFighter=f-0-hero
2026.09.29-05.29.19 SHOT reachable fighter=f-0-hero n=13 cells=(1,0)(2,0)(3,0)(0,1)(1,1)(3,1)(4,1)(0,2)(4,2)(0,3)(1,3)(4,3)(1,4)
2026.09.29-05.29.19 SHOT plate fighter=f-0-hero bbox=(1139,494,1311,548) overlapReachable=0 placement=right gap=6 anchor=(787,282,1133,788) planned=(1139,494,1311,548) geom=painted stableFrames=53
2026.09.29-05.29.19 SHOT icon fighter=f-1-hero bbox=(936,933,984,981) size=48 src=flag planned=(936,933,984,981) geom=painted
2026.09.29-05.29.19 SHOT widget id=plate impl=umg state=own fighter=f-0-hero bbox=(1139,494,1311,548) geom=painted visible=1 twin=0 source=/Game/S08/UI/ArtHud/WBP_S08ArtPlate
2026.09.29-05.29.19 SHOT widget id=plate.marker impl=umg state=own fighter=f-0-hero bbox=(1139,494,1311,497) geom=painted visible=1 twin=0 source=/Game/S08/UI/ArtHud/WBP_S08ArtPlate
2026.09.29-05.29.19 SHOT widget id=plate.name impl=umg state=own fighter=f-0-hero bbox=(1145,499,1260,518) geom=painted visible=1 twin=0 source=/Game/S08/UI/ArtHud/WBP_S08ArtPlate
2026.09.29-05.29.19 SHOT widget id=plate.team impl=umg state=own fighter=f-0-hero bbox=(1260,502,1305,515) geom=painted visible=1 twin=0 source=/Game/S08/UI/ArtHud/WBP_S08ArtPlate
2026.09.29-05.29.19 SHOT widget id=plate.hpbar impl=umg state=own fighter=f-0-hero bbox=(1145,524,1241,531) geom=painted visible=1 twin=0 source=/Game/S08/UI/ArtHud/WBP_S08ArtPlate
2026.09.29-05.29.19 SHOT widget id=plate.hpfill impl=umg state=own fighter=f-0-hero bbox=(1145,524,1241,531) geom=painted visible=1 twin=0 source=/Game/S08/UI/ArtHud/WBP_S08ArtPlate
2026.09.29-05.29.19 SHOT widget id=plate.hp impl=umg state=own fighter=f-0-hero bbox=(1247,520,1300,535) geom=painted visible=1 twin=0 source=/Game/S08/UI/ArtHud/WBP_S08ArtPlate
2026.09.29-05.29.19 SHOT widget id=plate.status impl=umg state=own fighter=f-0-hero bbox=(1145,537,1305,550) geom=painted visible=1 twin=0 source=/Game/S08/UI/ArtHud/WBP_S08ArtPlate
2026.09.29-05.29.19 SHOT widget id=icon impl=umg state=flag fighter=f-1-hero bbox=(936,933,984,981) geom=painted visible=1 twin=0 source=/Game/S08/UI/ArtHud/WBP_S08ArtIcon
2026.09.29-05.29.19 SHOT label fighter=f-0-sk0 mode=compact bbox=(1724,432,1848,446)
2026.09.29-05.29.19 SHOT label fighter=f-0-sk1 mode=compact bbox=(908,-140,1012,-126)
2026.09.29-05.29.19 SHOT label fighter=f-0-sk2 mode=compact bbox=(72,432,196,446)
2026.09.29-05.29.19 SHOT label fighter=f-1-hero mode=compact bbox=(880,1137,1040,1147)
2026.09.29-05.29.19 SHOT label fighter=f-1-sk0 mode=compact bbox=(1875,1215,2003,1227)
2026.09.29-05.29.19 SHOT requested: FScreenshotRequest(bShowUI) -> C:\Users\ren\AppData\Local\Temp\s08-phase2-20260929-102845-50292\phase2-board-host-1920x1080.png
2026.09.29-05.29.19 PERF window t=25.1-30.3 frames=147 fps=28.37 frameMs avg=35.25 p50=33.33 p95=36.98 p99=42.95 max=260.66 hitches50=1 gpuMs avg=1.95 p50=1.94 p95=2.21 gameMs avg=2.35 p95=4.49 renderMs avg=4.88 p95=7.20
2026.09.29-05.29.19 game -> room=cmum8kk0i00wdwilkmzg73wqz code=<redacted> status=IN_PROGRESS
2026.09.29-05.29.22 game -> room=cmum8kk0i00wdwilkmzg73wqz code=<redacted> status=IN_PROGRESS
2026.09.29-05.29.23 HUD alternate swap=1 active=slate elapsed=34.02
2026.09.29-05.29.24 PERF window t=30.3-35.3 frames=149 fps=29.75 frameMs avg=33.61 p50=33.33 p95=33.93 p99=42.40 max=44.85 hitches50=0 gpuMs avg=2.03 p50=2.00 p95=2.24 gameMs avg=3.87 p95=3.43 renderMs avg=4.99 p95=6.84
2026.09.29-05.29.25 game -> room=cmum8kk0i00wdwilkmzg73wqz code=<redacted> status=IN_PROGRESS
2026.09.29-05.29.26 HUD alternate period=1 impl=slate frames=84 gameAvg=2.702 gameP50=2.349 gameP95=3.897 gpuP95=2.231
2026.09.29-05.29.26 HUD alternate swap=2 active=umg elapsed=37.04
2026.09.29-05.29.28 game -> room=cmum8kk0i00wdwilkmzg73wqz code=<redacted> status=IN_PROGRESS
2026.09.29-05.29.29 HUD alternate period=2 impl=umg frames=84 gameAvg=2.248 gameP50=1.999 gameP95=3.104 gpuP95=2.187
2026.09.29-05.29.29 HUD alternate swap=3 active=slate elapsed=40.04
2026.09.29-05.29.29 PERF window t=35.3-40.3 frames=150 fps=29.81 frameMs avg=33.54 p50=33.33 p95=33.79 p99=40.34 max=42.33 hitches50=0 gpuMs avg=2.04 p50=2.00 p95=2.23 gameMs avg=2.58 p95=4.02 renderMs avg=5.08 p95=8.82
2026.09.29-05.29.31 game -> room=cmum8kk0i00wdwilkmzg73wqz code=<redacted> status=IN_PROGRESS
2026.09.29-05.29.32 HUD alternate period=3 impl=slate frames=82 gameAvg=2.519 gameP50=2.098 gameP95=3.648 gpuP95=2.197
2026.09.29-05.29.32 HUD alternate swap=4 active=umg elapsed=43.05
2026.09.29-05.29.34 PERF window t=40.3-45.3 frames=148 fps=29.43 frameMs avg=33.98 p50=33.33 p95=36.11 p99=45.09 max=65.19 hitches50=1 gpuMs avg=2.01 p50=1.99 p95=2.20 gameMs avg=2.31 p95=3.43 renderMs avg=4.72 p95=6.75
2026.09.29-05.29.34 game -> room=cmum8kk0i00wdwilkmzg73wqz code=<redacted> status=IN_PROGRESS
2026.09.29-05.29.35 HUD alternate period=4 impl=umg frames=84 gameAvg=2.142 gameP50=2.055 gameP95=2.983 gpuP95=2.211
2026.09.29-05.29.35 HUD alternate swap=5 active=slate elapsed=46.08
2026.09.29-05.29.37 game -> room=cmum8kk0i00wdwilkmzg73wqz code=<redacted> status=IN_PROGRESS
2026.09.29-05.29.38 HUD alternate period=5 impl=slate frames=84 gameAvg=2.164 gameP50=1.975 gameP95=3.651 gpuP95=2.235
2026.09.29-05.29.38 HUD alternate swap=6 active=umg elapsed=49.11
2026.09.29-05.29.39 PERF window t=45.3-50.4 frames=150 fps=29.84 frameMs avg=33.51 p50=33.33 p95=33.66 p99=38.21 max=42.70 hitches50=0 gpuMs avg=2.05 p50=2.02 p95=2.23 gameMs avg=2.13 p95=3.06 renderMs avg=4.86 p95=6.86
2026.09.29-05.29.40 game -> room=cmum8kk0i00wdwilkmzg73wqz code=<redacted> status=IN_PROGRESS
2026.09.29-05.29.41 HUD alternate period=6 impl=umg frames=84 gameAvg=2.458 gameP50=2.113 gameP95=3.287 gpuP95=2.210
2026.09.29-05.29.41 HUD alternate swap=7 active=slate elapsed=52.12
2026.09.29-05.29.43 game -> room=cmum8kk0i00wdwilkmzg73wqz code=<redacted> status=IN_PROGRESS
2026.09.29-05.29.44 HUD alternate period=7 impl=slate frames=84 gameAvg=2.159 gameP50=1.853 gameP95=3.221 gpuP95=2.185
2026.09.29-05.29.44 HUD alternate swap=8 active=umg elapsed=55.13
2026.09.29-05.29.44 PERF window t=50.4-55.4 frames=150 fps=29.81 frameMs avg=33.54 p50=33.33 p95=34.11 p99=38.01 max=42.55 hitches50=0 gpuMs avg=2.02 p50=1.99 p95=2.22 gameMs avg=2.44 p95=3.81 renderMs avg=5.08 p95=7.15
2026.09.29-05.29.46 game -> room=cmum8kk0i00wdwilkmzg73wqz code=<redacted> status=IN_PROGRESS
2026.09.29-05.29.47 HUD alternate period=8 impl=umg frames=84 gameAvg=2.272 gameP50=1.966 gameP95=3.419 gpuP95=2.229
2026.09.29-05.29.47 HUD alternate swap=9 active=slate elapsed=58.15
2026.09.29-05.29.49 PERF window t=55.4-60.4 frames=150 fps=29.82 frameMs avg=33.54 p50=33.33 p95=34.39 p99=37.63 max=38.76 hitches50=0 gpuMs avg=2.05 p50=2.01 p95=2.23 gameMs avg=2.18 p95=3.34 renderMs avg=4.90 p95=6.94
2026.09.29-05.29.49 game -> room=cmum8kk0i00wdwilkmzg73wqz code=<redacted> status=IN_PROGRESS
2026.09.29-05.29.50 HUD alternate period=9 impl=slate frames=84 gameAvg=2.089 gameP50=1.764 gameP95=3.881 gpuP95=2.380
2026.09.29-05.29.50 HUD alternate swap=10 active=umg elapsed=61.17
2026.09.29-05.29.52 game -> room=cmum8kk0i00wdwilkmzg73wqz code=<redacted> status=IN_PROGRESS
2026.09.29-05.29.53 HUD alternate period=10 impl=umg frames=84 gameAvg=2.564 gameP50=2.181 gameP95=4.162 gpuP95=2.220
2026.09.29-05.29.53 HUD alternate swap=11 active=slate elapsed=64.20
2026.09.29-05.29.54 PERF window t=60.4-65.4 frames=149 fps=29.77 frameMs avg=33.59 p50=33.33 p95=33.99 p99=42.07 max=47.40 hitches50=0 gpuMs avg=2.03 p50=2.00 p95=2.23 gameMs avg=2.39 p95=4.16 renderMs avg=4.77 p95=7.27
2026.09.29-05.29.55 game -> room=cmum8kk0i00wdwilkmzg73wqz code=<redacted> status=IN_PROGRESS
2026.09.29-05.29.56 HUD alternate period=11 impl=slate frames=84 gameAvg=2.142 gameP50=1.815 gameP95=3.470 gpuP95=2.197
2026.09.29-05.29.56 HUD alternate swap=12 active=umg elapsed=67.22
2026.09.29-05.29.58 game -> room=cmum8kk0i00wdwilkmzg73wqz code=<redacted> status=IN_PROGRESS
2026.09.29-05.29.59 HUD alternate period=12 impl=umg frames=84 gameAvg=2.212 gameP50=1.944 gameP95=3.372 gpuP95=2.189
2026.09.29-05.29.59 HUD alternate swap=13 active=slate elapsed=70.23
2026.09.29-05.29.59 PERF window t=65.4-70.5 frames=150 fps=29.83 frameMs avg=33.52 p50=33.33 p95=33.95 p99=37.61 max=45.00 hitches50=0 gpuMs avg=2.02 p50=2.00 p95=2.19 gameMs avg=2.21 p95=3.52 renderMs avg=4.72 p95=6.76
2026.09.29-05.30.01 game -> room=cmum8kk0i00wdwilkmzg73wqz code=<redacted> status=IN_PROGRESS
2026.09.29-05.30.02 HUD alternate period=13 impl=slate frames=83 gameAvg=2.118 gameP50=1.930 gameP95=3.343 gpuP95=2.397
2026.09.29-05.30.02 HUD alternate swap=14 active=umg elapsed=73.24
2026.09.29-05.30.04 PERF window t=70.5-75.5 frames=149 fps=29.66 frameMs avg=33.71 p50=33.33 p95=35.96 p99=41.56 max=45.20 hitches50=0 gpuMs avg=2.06 p50=2.02 p95=2.24 gameMs avg=2.19 p95=3.34 renderMs avg=5.22 p95=7.07
2026.09.29-05.30.04 game -> room=cmum8kk0i00wdwilkmzg73wqz code=<redacted> status=IN_PROGRESS
2026.09.29-05.30.05 HUD alternate period=14 impl=umg frames=84 gameAvg=2.125 gameP50=1.835 gameP95=3.303 gpuP95=2.240
2026.09.29-05.30.05 HUD alternate swap=15 active=slate elapsed=76.26
2026.09.29-05.30.07 game -> room=cmum8kk0i00wdwilkmzg73wqz code=<redacted> status=IN_PROGRESS
2026.09.29-05.30.08 HUD alternate period=15 impl=slate frames=83 gameAvg=2.164 gameP50=2.107 gameP95=3.210 gpuP95=2.234
2026.09.29-05.30.08 HUD alternate swap=16 active=umg elapsed=79.26
2026.09.29-05.30.09 PERF window t=75.5-80.5 frames=149 fps=29.67 frameMs avg=33.71 p50=33.33 p95=33.80 p99=45.94 max=47.93 hitches50=0 gpuMs avg=2.06 p50=2.02 p95=2.24 gameMs avg=2.04 p95=3.21 renderMs avg=4.84 p95=7.00
2026.09.29-05.30.10 game -> room=cmum8kk0i00wdwilkmzg73wqz code=<redacted> status=IN_PROGRESS
2026.09.29-05.30.11 HUD alternate period=16 impl=umg frames=84 gameAvg=2.125 gameP50=1.898 gameP95=3.480 gpuP95=2.204
2026.09.29-05.30.11 HUD alternate swap=17 active=slate elapsed=82.29
2026.09.29-05.30.13 game -> room=cmum8kk0i00wdwilkmzg73wqz code=<redacted> status=IN_PROGRESS
2026.09.29-05.30.14 HUD alternate period=17 impl=slate frames=84 gameAvg=2.261 gameP50=2.083 gameP95=3.417 gpuP95=2.215
2026.09.29-05.30.14 HUD alternate swap=18 active=umg elapsed=85.31
2026.09.29-05.30.14 PERF window t=80.5-85.5 frames=150 fps=29.81 frameMs avg=33.55 p50=33.33 p95=33.79 p99=40.64 max=45.20 hitches50=0 gpuMs avg=2.03 p50=2.00 p95=2.21 gameMs avg=2.21 p95=3.42 renderMs avg=5.17 p95=7.01
2026.09.29-05.30.16 game -> room=cmum8kk0i00wdwilkmzg73wqz code=<redacted> status=IN_PROGRESS
2026.09.29-05.30.17 HUD alternate period=18 impl=umg frames=83 gameAvg=2.267 gameP50=1.978 gameP95=2.940 gpuP95=2.390
2026.09.29-05.30.17 HUD alternate swap=19 active=slate elapsed=88.33
2026.09.29-05.30.19 PERF window t=85.5-90.6 frames=149 fps=29.66 frameMs avg=33.72 p50=33.33 p95=34.65 p99=45.77 max=46.11 hitches50=0 gpuMs avg=2.09 p50=2.05 p95=2.39 gameMs avg=2.25 p95=3.10 renderMs avg=4.92 p95=6.97
2026.09.29-05.30.19 game -> room=cmum8kk0i00wdwilkmzg73wqz code=<redacted> status=IN_PROGRESS
2026.09.29-05.30.20 HUD alternate period=19 impl=slate frames=84 gameAvg=2.373 gameP50=2.066 gameP95=4.919 gpuP95=2.297
2026.09.29-05.30.20 HUD alternate swap=20 active=umg elapsed=91.34
2026.09.29-05.30.22 game -> room=cmum8kk0i00wdwilkmzg73wqz code=<redacted> status=IN_PROGRESS
2026.09.29-05.30.23 HUD alternate period=20 impl=umg frames=83 gameAvg=2.316 gameP50=1.897 gameP95=3.359 gpuP95=2.266
2026.09.29-05.30.23 HUD alternate swap=21 active=slate elapsed=94.34
2026.09.29-05.30.24 PERF window t=90.6-95.6 frames=149 fps=29.63 frameMs avg=33.75 p50=33.33 p95=34.63 p99=45.56 max=47.62 hitches50=0 gpuMs avg=2.08 p50=2.04 p95=2.28 gameMs avg=2.30 p95=3.45 renderMs avg=4.98 p95=7.18
2026.09.29-05.30.25 game -> room=cmum8kk0i00wdwilkmzg73wqz code=<redacted> status=IN_PROGRESS
2026.09.29-05.30.26 HUD alternate period=21 impl=slate frames=84 gameAvg=2.283 gameP50=1.869 gameP95=3.013 gpuP95=2.280
2026.09.29-05.30.26 HUD alternate swap=22 active=umg elapsed=97.36
2026.09.29-05.30.28 game -> room=cmum8kk0i00wdwilkmzg73wqz code=<redacted> status=IN_PROGRESS
2026.09.29-05.30.29 PERF summary scope=afterWarmup warmup=5 elapsed=100.0 frames=2817 fps=29.64 frameMs avg=33.74 p50=33.33 p95=34.16 p99=42.67 max=260.66 hitches50=4 gpuMs avg=1.91 p50=1.99 p95=2.22 gameMs avg=2.32 p95=3.42 renderMs avg=4.79 p95=6.91
2026.09.29-05.30.29 PERF summary scope=started elapsed=100.0 frames=2330 fps=29.61 frameMs avg=33.78 p50=33.33 p95=34.19 p99=42.77 max=260.66 hitches50=4 gpuMs avg=2.03 p50=2.00 p95=2.23 gameMs avg=2.41 p95=3.50 renderMs avg=4.97 p95=7.00
2026.09.29-05.30.29 PERF summary scope=artHud impl=alternate elapsed=100.0 frames=2134 fps=29.64 frameMs avg=33.74 p50=33.33 p95=34.16 p99=42.72 max=260.66 hitches50=2 gpuMs avg=2.05 p50=2.01 p95=2.24 gameMs avg=2.41 p95=3.48 renderMs avg=4.96 p95=7.00
2026.09.29-05.30.29 PERF summary scope=artHudUmg impl=umg swaps=22 periodS=3.0 elapsed=100.0 frames=911 fps=29.78 frameMs avg=33.58 p50=33.33 p95=33.83 p99=42.94 max=47.62 hitches50=0 gpuMs avg=2.05 p50=2.01 p95=2.23 gameMs avg=2.28 p95=3.42 renderMs avg=4.92 p95=7.00 gameP50=2.013 gameP99=8.213
2026.09.29-05.30.29 PERF summary scope=artHudSlate impl=slate swaps=22 periodS=3.0 elapsed=100.0 frames=920 fps=29.72 frameMs avg=33.64 p50=33.33 p95=34.35 p99=42.10 max=65.19 hitches50=1 gpuMs avg=2.05 p50=2.01 p95=2.23 gameMs avg=2.27 p95=3.52 renderMs avg=5.00 p95=7.02 gameP50=2.005 gameP99=7.274
2026.09.29-05.30.29 --- S08 trace close ---
