2026.09.30-11.47.11 --- S08 trace open 2026.09.30-11.47.11 ---
2026.09.30-11.47.11 HUD team chips ready=1 mode=absolute tagNames=rule
2026.09.30-11.47.11 HUD icon texture size=32 ready=1 path=/Game/ArtTests/ARTMarkers/Textures/T_UI_Action_AttackToken_32 texture=32x32 probe=0 plate=1
2026.09.30-11.47.11 HUD art widget tag impl=umg source=/Game/S08/UI/ArtHud/WBP_S08ArtTag class=/Game/S08/UI/ArtHud/WBP_S08ArtTag.WBP_S08ArtTag_C count=8 missing=- codeDefaultTree=0
2026.09.30-11.47.11 HUD art widget plate impl=umg source=/Game/S08/UI/ArtHud/WBP_S08ArtPlate class=/Game/S08/UI/ArtHud/WBP_S08ArtPlate.WBP_S08ArtPlate_C parts=1 missing=- codeDefaultTree=0
2026.09.30-11.47.11 HUD art widget icon impl=umg source=/Game/S08/UI/ArtHud/WBP_S08ArtIcon class=/Game/S08/UI/ArtHud/WBP_S08ArtIcon.WBP_S08ArtIcon_C parts=1 missing=- codeDefaultTree=0
2026.09.30-11.47.11 HUD art widget damage impl=umg source=/Game/S08/UI/ArtHud/WBP_S08ArtDamage class=/Game/S08/UI/ArtHud/WBP_S08ArtDamage.WBP_S08ArtDamage_C parts=1 missing=- codeDefaultTree=0
2026.09.30-11.47.11 RENDER preset applied=High flag=S08RenderPreset
2026.09.30-11.47.11 LOGIN ok user=art-preview-host
2026.09.30-11.47.14 HEROES loaded 84
2026.09.30-11.47.14 createGame -> room=cmuo1izpf018twiwwnrsvemxf code=<redacted> status=LOBBY
2026.09.30-11.47.16 PERF config tMaxFPS=30.0 frameRateLimit=60.0 vsync=0 smoothFrameRate=0 fixedFrameRate=0 rhi=D3D12
2026.09.30-11.47.16 RENDER tag=PERF rhi=D3D12 featureLevel=SM6 shaderPlatform=PCD3D_SM6 lumenPlatform=1 gi=lumen giMethod=1 refl=lumen reflMethod=1 shadows=csm vsmEnable=0 sg.res=100 sg.view=2 sg.aa=2 sg.shadow=2 sg.gi=2 sg.refl=2 sg.pp=2 sg.tex=2 sg.fx=2 sg.foliage=2 sg.shading=2 sg.landscape=2 preset=High screenPct=100.0 screenPctMode=0 aa=TSR aaMethod=4 exposure=engine-default expMin=1.00000 expMax=1.00000 expBias=1.000 ev100=0.00 lightUnits=- sky=0 skyIntensity=0.000 keyShadow=- shadowCasters=0 profile=- profilesSha256=- profilesSource=- legacyRender=0 gameLayer=unlit-eyeadaptinv tMaxFPS=30.0 vsync=0 frameRateLimit=60.0 substrate=0 nanite=1 meshDF=1 viewport=1920x1080 reference=0 notReference=noArtProfile,exposure,lightUnits,profilesSource
2026.09.30-11.47.16 PERF window t=0.0-5.0 frames=151 fps=29.93 frameMs avg=33.41 p50=33.33 p95=33.33 p99=33.75 max=43.81 hitches50=0 gpuMs avg=1.81 p50=1.54 p95=3.99 gameMs avg=1.76 p95=2.11 renderMs avg=2849.20 p95=3.82
2026.09.30-11.47.17 game -> room=cmuo1izpf018twiwwnrsvemxf code=<redacted> status=LOBBY
2026.09.30-11.47.17 selectHero -> room=cmuo1izpf018twiwwnrsvemxf code=<redacted> status=LOBBY
2026.09.30-11.47.20 game -> room=cmuo1izpf018twiwwnrsvemxf code=<redacted> status=LOBBY
2026.09.30-11.47.20 toggleReady -> room=cmuo1izpf018twiwwnrsvemxf code=<redacted> status=LOBBY
2026.09.30-11.47.21 PERF window t=5.0-10.0 frames=150 fps=30.00 frameMs avg=33.34 p50=33.33 p95=33.35 p99=33.42 max=33.78 hitches50=0 gpuMs avg=1.32 p50=1.33 p95=1.41 gameMs avg=1.63 p95=2.35 renderMs avg=3.06 p95=5.01
2026.09.30-11.47.23 game -> room=cmuo1izpf018twiwwnrsvemxf code=<redacted> status=LOBBY
2026.09.30-11.47.26 PERF window t=10.0-15.0 frames=150 fps=30.00 frameMs avg=33.33 p50=33.33 p95=33.33 p99=33.34 max=33.35 hitches50=0 gpuMs avg=1.51 p50=1.41 p95=1.84 gameMs avg=1.38 p95=1.68 renderMs avg=2.41 p95=3.04
2026.09.30-11.47.26 game -> room=cmuo1izpf018twiwwnrsvemxf code=<redacted> status=LOBBY
2026.09.30-11.47.29 game -> room=cmuo1izpf018twiwwnrsvemxf code=<redacted> status=LOBBY
2026.09.30-11.47.29 startGame -> room=cmuo1izpf018twiwwnrsvemxf code=<redacted> status=IN_PROGRESS
2026.09.30-11.47.29 SNAPSHOT applied seq=1 phase=ACTION_MANEUVER
2026.09.30-11.47.29 HANDLE_APPLIED #1 seq=1 decision=2 fightersValid=1 boardValid=1
2026.09.30-11.47.29 MODE seq=1 mode=0 combat=0 pending=0
2026.09.30-11.47.29 HUD seq=1 phase=ACTION_MANEUVER turn=you hand=5 oppHand=5(hidden) oppDeck=25 deck=25 discard=0
2026.09.30-11.47.29 ARTPREVIEW diorama requested mesh=/Game/PipelineCandidates/TableBase/20260928-table-base-tripo-h31/Meshes/SM_TableBase.SM_TableBase mi=MI_TableBase_Candidate
2026.09.30-11.47.29 ARTPREVIEW board profiles loaded=1 revision=5 boards=3 zoneStyles=11 lightProfiles=3 errors=0 path=Config/ArtBoards/S08ArtBoardProfiles.json
2026.09.30-11.47.29 ARTPREVIEW board profiles source=pak sha256=1ecc1e9281845655acf8b31f1dcf52a7510abfc8ba8505525ad72ee8f4ce3c4c
2026.09.30-11.47.29 ARTPREVIEW zone content instances=12/12 glyphMeshes=11/11
2026.09.30-11.47.29 ARTPREVIEW zone keyline content mi=MI_ART005_Zone_Keyline glyphKeyMeshes=11/11 color=#111317
2026.09.30-11.47.29 ARTPREVIEW game layer material=M_S08_GameLayerUnlit unlitEyeAdaptInv=1 legacyRender=0
2026.09.30-11.47.29 ARTPREVIEW Cobble assets ready
2026.09.30-11.47.29 ARTPREVIEW board assets ready cobbleMesh=1 tiles=1 zoneMaterials=2
2026.09.30-11.47.29 ARTPREVIEW medusa candidate variant=face-neck-v2 mesh=SK_Medusa_FaceNeck_v2Candidate requested=face-neck-v2
2026.09.30-11.47.29 ARTPREVIEW board profile=cobble-city match=boardId board=5x6 boardId=cmuhgs4b2001mwik4f2b2xtf8 surface=cobble-5x6-mesh light=cobble-probe artFixture=0
2026.09.30-11.47.29 ARTPREVIEW light profile=cobble-probe name=key role=key kind=directional at=(-350,-150,600) intensity=4.5 units=lux radius=0 color=(1.00,1.00,1.00) shadow=1
2026.09.30-11.47.29 ARTPREVIEW light profile=cobble-probe name=warm role=warm kind=point at=(260,-300,250) intensity=85 units=candelas radius=450 color=(1.00,1.00,1.00) shadow=0
2026.09.30-11.47.29 ARTPREVIEW sky profile=cobble-probe cubemap=/Game/S08/Render/TC_S08_AmbientDome loaded=1 spawned=1 intensity=11.2 color=(1.00,1.00,1.00) lowerBlack=0
2026.09.30-11.47.29 ARTPREVIEW exposure profile=cobble-probe method=histogram-fixed min=4.14106 max=4.14106 bias=0.000 ev100=2.05 volume=1
2026.09.30-11.47.29 ARTPREVIEW lights applied profile=cobble-probe directional=1 shadow=1 points=1 pointShadows=0 budgetOk=1
2026.09.30-11.47.29 ARTPREVIEW render profile=cobble-probe units=candelas sky=1 exposure=1 keyShadow=csm-3000uu-2c-contact0.000 shadowCasters=1 legacyRender=0
2026.09.30-11.47.29 ARTPREVIEW Cobble probe lights key=4.5 fill=0 warm=85
2026.09.30-11.47.29 ARTPREVIEW board zone keylines pieces=60 glyphKeys=30 glyphKeyCubePieces=0 mi=MI_ART005_Zone_Keyline growUU=1.5 edgeUU=42.0 maxOuterUU=45.0
2026.09.30-11.47.29 ARTPREVIEW board glyph meshes instances=30 keys=2/2 cubePieces=0 anchors=30
2026.09.30-11.47.29 ARTPREVIEW Cobble active 5x6 zones=30 blue=15 red=15 blueMarks=15 redMarks=45
2026.09.30-11.47.29 ARTPREVIEW board active profile=cobble-city 5x6 surface=cobble-5x6-mesh cells=30 zoneCells=30 multizone=0 triple=0 obstacles=0 zoneKeys=2 strokes=60 glyphs=45 surfaceParts=0 glyphMaterial=zone expectOk=1
2026.09.30-11.47.29 ARTPREVIEW board zone key=blue cells=15 stroke=solid glyph=diamond color=#3B78D8 ismUsage=1 strokePieces=15 glyphPieces=15 mi=MI_ART005_Zone_Blue glyphMesh=SM_ART005_ZoneGlyph_Diamond glyphInstances=15 fallback=0
2026.09.30-11.47.29 ARTPREVIEW board zone key=red cells=15 stroke=dash3 glyph=bars2 color=#EC6650 ismUsage=1 strokePieces=45 glyphPieces=30 mi=MI_ART005_Zone_Red glyphMesh=SM_ART005_ZoneGlyph_Bars2 glyphInstances=15 fallback=0
2026.09.30-11.47.29 ARTPREVIEW board multizone cells=0 zonesListed=0 zonesMarked=0
2026.09.30-11.47.29 ARTPREVIEW diorama tray=/Game/PipelineCandidates/TableBase/20260928-table-base-tripo-h31/Meshes/SM_TableBase.SM_TableBase mi=MI_TableBase_Candidate surface=cobble-5x6-mesh yaw=-90.0 scale=1.000x1.000x1.000 bounds=(-328.0,-378.0,-153.0)..(328.0,378.0,-3.0) size=656.0x756.0x150.0 topZ=-3.0 boardHalf=278.0x328.0 rimUU=50.0 collision=none
2026.09.30-11.47.29 CAMERA dist=1931 loc=(0,1107,1582) pitch=-55 yaw=-90
2026.09.30-11.47.29 CAMERA config overview=1930.8 nearest=300.0 farthest=2970.4 zoomRange=0.65-6.44 minDist=300.0 outRatio=0.650 step=1.250 animMs=200 returnMs=300 followFrom=1.20 source=defaults issues=0
2026.09.30-11.47.29 BOARD 5x6 cells | control points: (0,0)=(-200,-250,0) (4,5)=(200,250,0) | neighbor pair (dist 100 uu)
2026.09.30-11.47.29 ARTPREVIEW team mapping mode=absolute source=seatOrder viewerTeam=P1 p1=f-0-hero,f-0-sk0,f-0-sk1,f-0-sk2 p2=f-1-hero,f-1-sk0
2026.09.30-11.47.29 ARTPREVIEW heroesV2 fighter=f-0-hero mesh=/Game/PipelineCandidates/Medusa/H2LD/Meshes/SK_Medusa_H2LD mi=/Game/PipelineCandidates/Medusa/H2LD/Materials/MI_Medusa_H2LD_P1 yaw=90.0 scale=0.9998 name=Medusa hero=1 look=P1 base=/Game/PipelineCandidates/Medusa/H2LD/Meshes/SM_Medusa_H2LD_Base baseMi=/Game/PipelineCandidates/Medusa/H2LD/Materials/MI_Medusa_H2LD_Base_P1 skeleton=/Game/PipelineCandidates/Medusa/Rig/SK_Medusa_Skeleton.SK_Medusa_Skeleton clips=4/4 boundsTop=55.00 figureTop=55.00 budget=55.0
2026.09.30-11.47.29 ARTPREVIEW click capsule fighter=f-0-hero mesh=SK_Medusa_H2LD physicsAsset=0 radius=11.6 halfHeight=27.5 top=55.0 bodyCollision=0 source=meshBounds
2026.09.30-11.47.29 ARTPREVIEW fighter=Medusa hero=1 eligible=0 visual=1 mesh=SK_Medusa_H2LD
2026.09.30-11.47.29 ARTPREVIEW team ring fighter=f-0-hero team=P1 look=P1 mode=absolute shape=circle shown=1 mesh=SM_Marker_TeamRing_P1 fill=#E8C06A keyline=#111317 fillLinear=(0.8070,0.5271,0.1441) zMin=0.60 zMax=1.20 scale=1.00 base=hidden blockout=0 art=1 rim=#FFFFFF
2026.09.30-11.47.29 ARTPREVIEW anim fighter=f-0-hero clip=Idle len=2.333 event=spawn loop=1 phase=0.8071 seq=-1 asset=AM_Medusa_Idle
2026.09.30-11.47.29 ARTPREVIEW heroesV2 fighter=f-0-sk0 mesh=/Game/PipelineCandidates/Harpy/H3LD/Meshes/SK_Harpy_H3LD mi=/Game/PipelineCandidates/Harpy/H3LD/Materials/MI_Harpy_H3LD_P1 yaw=90.0 scale=1.0000 name=Harpies hero=0 look=P1 base=/Game/PipelineCandidates/Harpy/H3LD/Meshes/SM_Harpy_H3LD_Base baseMi=/Game/PipelineCandidates/Harpy/H3LD/Materials/MI_Harpy_H3LD_Base_P1 skeleton=/Game/PipelineCandidates/Harpy/Rig/SK_Harpy_Skeleton.SK_Harpy_Skeleton clips=4/4 boundsTop=42.00 figureTop=42.00 budget=42.0
2026.09.30-11.47.29 ARTPREVIEW click capsule fighter=f-0-sk0 mesh=SK_Harpy_H3LD physicsAsset=0 radius=20.0 halfHeight=21.0 top=42.0 bodyCollision=0 source=meshBounds
2026.09.30-11.47.29 ARTPREVIEW team ring fighter=f-0-sk0 team=P1 look=P1 mode=absolute shape=circle shown=1 mesh=SM_Marker_TeamRing_P1 fill=#E8C06A keyline=#111317 fillLinear=(0.8070,0.5271,0.1441) zMin=0.60 zMax=1.20 scale=0.78 base=hidden blockout=0 art=1 rim=#FFFFFF
2026.09.30-11.47.29 ARTPREVIEW anim fighter=f-0-sk0 clip=Idle len=2.000 event=spawn loop=1 phase=0.6635 seq=-1 asset=AM_Harpy_Idle
2026.09.30-11.47.29 ARTPREVIEW heroesV2 fighter=f-0-sk1 mesh=/Game/PipelineCandidates/Harpy/H3LD/Meshes/SK_Harpy_H3LD mi=/Game/PipelineCandidates/Harpy/H3LD/Materials/MI_Harpy_H3LD_P1 yaw=90.0 scale=1.0000 name=Harpies hero=0 look=P1 base=/Game/PipelineCandidates/Harpy/H3LD/Meshes/SM_Harpy_H3LD_Base baseMi=/Game/PipelineCandidates/Harpy/H3LD/Materials/MI_Harpy_H3LD_Base_P1 skeleton=/Game/PipelineCandidates/Harpy/Rig/SK_Harpy_Skeleton.SK_Harpy_Skeleton clips=4/4 boundsTop=42.00 figureTop=42.00 budget=42.0
2026.09.30-11.47.29 ARTPREVIEW click capsule fighter=f-0-sk1 mesh=SK_Harpy_H3LD physicsAsset=0 radius=20.0 halfHeight=21.0 top=42.0 bodyCollision=0 source=meshBounds
2026.09.30-11.47.29 ARTPREVIEW team ring fighter=f-0-sk1 team=P1 look=P1 mode=absolute shape=circle shown=1 mesh=SM_Marker_TeamRing_P1 fill=#E8C06A keyline=#111317 fillLinear=(0.8070,0.5271,0.1441) zMin=0.60 zMax=1.20 scale=0.78 base=hidden blockout=0 art=1 rim=#FFFFFF
2026.09.30-11.47.29 ARTPREVIEW anim fighter=f-0-sk1 clip=Idle len=2.000 event=spawn loop=1 phase=0.9016 seq=-1 asset=AM_Harpy_Idle
2026.09.30-11.47.29 ARTPREVIEW heroesV2 fighter=f-0-sk2 mesh=/Game/PipelineCandidates/Harpy/H3LD/Meshes/SK_Harpy_H3LD mi=/Game/PipelineCandidates/Harpy/H3LD/Materials/MI_Harpy_H3LD_P1 yaw=90.0 scale=1.0000 name=Harpies hero=0 look=P1 base=/Game/PipelineCandidates/Harpy/H3LD/Meshes/SM_Harpy_H3LD_Base baseMi=/Game/PipelineCandidates/Harpy/H3LD/Materials/MI_Harpy_H3LD_Base_P1 skeleton=/Game/PipelineCandidates/Harpy/Rig/SK_Harpy_Skeleton.SK_Harpy_Skeleton clips=4/4 boundsTop=42.00 figureTop=42.00 budget=42.0
2026.09.30-11.47.29 ARTPREVIEW click capsule fighter=f-0-sk2 mesh=SK_Harpy_H3LD physicsAsset=0 radius=20.0 halfHeight=21.0 top=42.0 bodyCollision=0 source=meshBounds
2026.09.30-11.47.29 ARTPREVIEW team ring fighter=f-0-sk2 team=P1 look=P1 mode=absolute shape=circle shown=1 mesh=SM_Marker_TeamRing_P1 fill=#E8C06A keyline=#111317 fillLinear=(0.8070,0.5271,0.1441) zMin=0.60 zMax=1.20 scale=0.78 base=hidden blockout=0 art=1 rim=#FFFFFF
2026.09.30-11.47.29 ARTPREVIEW anim fighter=f-0-sk2 clip=Idle len=2.000 event=spawn loop=1 phase=0.1873 seq=-1 asset=AM_Harpy_Idle
2026.09.30-11.47.29 ARTPREVIEW heroesV2 fighter=f-1-hero mesh=/Game/PipelineCandidates/KingArthur/H2LD/Meshes/SK_KingArthur_H2LD mi=/Game/PipelineCandidates/KingArthur/H2LD/Materials/MI_KingArthur_H2LD_P2 yaw=270.0 scale=1.0000 name=King Arthur hero=1 look=P2 base=/Game/PipelineCandidates/KingArthur/H2LD/Meshes/SM_KingArthur_H2LD_Base baseMi=/Game/PipelineCandidates/KingArthur/H2LD/Materials/MI_KingArthur_H2LD_Base_P2 skeleton=/Game/PipelineCandidates/KingArthur/Rig/SK_KingArthur_Skeleton.SK_KingArthur_Skeleton clips=4/4 boundsTop=60.06 figureTop=55.00 budget=55.0
2026.09.30-11.47.29 ARTPREVIEW click capsule fighter=f-1-hero mesh=SK_KingArthur_H2LD physicsAsset=0 radius=12.8 halfHeight=30.0 top=60.1 bodyCollision=0 source=meshBounds
2026.09.30-11.47.29 ARTPREVIEW team ring fighter=f-1-hero team=P2 look=P2 mode=absolute shape=hexagon shown=1 mesh=SM_Marker_TeamRing_P2 fill=#5A7F9F keyline=#111317 fillLinear=(0.1022,0.2122,0.3467) zMin=0.60 zMax=1.20 scale=1.00 base=hidden blockout=0 art=1 rim=#FFFFFF
2026.09.30-11.47.29 ARTPREVIEW anim fighter=f-1-hero clip=Idle len=2.500 event=spawn loop=1 phase=0.3470 seq=-1 asset=AM_KingArthur_Idle
2026.09.30-11.47.29 ARTPREVIEW heroesV2 fighter=f-1-sk0 mesh=/Game/PipelineCandidates/Merlin/H2LD/Meshes/SK_Merlin_H2LD mi=/Game/PipelineCandidates/Merlin/H2LD/Materials/MI_Merlin_H2LD_P2 yaw=270.0 scale=1.0003 name=Merlin hero=0 look=P2 base=/Game/PipelineCandidates/Merlin/H2LD/Meshes/SM_Merlin_H2LD_Base baseMi=/Game/PipelineCandidates/Merlin/H2LD/Materials/MI_Merlin_H2LD_Base_P2 skeleton=/Game/PipelineCandidates/Merlin/Rig/SK_Merlin_Skeleton.SK_Merlin_Skeleton clips=4/4 boundsTop=49.44 figureTop=45.00 budget=45.0
2026.09.30-11.47.29 ARTPREVIEW click capsule fighter=f-1-sk0 mesh=SK_Merlin_H2LD physicsAsset=0 radius=10.5 halfHeight=24.7 top=49.4 bodyCollision=0 source=meshBounds
2026.09.30-11.47.29 ARTPREVIEW team ring fighter=f-1-sk0 team=P2 look=P2 mode=absolute shape=hexagon shown=1 mesh=SM_Marker_TeamRing_P2 fill=#5A7F9F keyline=#111317 fillLinear=(0.1022,0.2122,0.3467) zMin=0.60 zMax=1.20 scale=0.78 base=hidden blockout=0 art=1 rim=#FFFFFF
2026.09.30-11.47.29 ARTPREVIEW anim fighter=f-1-sk0 clip=Idle len=3.000 event=spawn loop=1 phase=0.8028 seq=-1 asset=AM_Merlin_Idle
2026.09.30-11.47.29 ARTPREVIEW heroesV2 summary fighters=6 mapped=6 v2=6
2026.09.30-11.47.29 FIGHTERS synced n=6 alive=6 own=4 enemy=2
2026.09.30-11.47.29 STATE seq=1 -> apply
2026.09.30-11.47.29 HUD art layer plate=1 iconSize=32 iconTexture=1 iconProbe=0 plan=0
2026.09.30-11.47.29 HUD art impl=umg plateViews=umg:/Game/S08/UI/ArtHud/WBP_S08ArtPlate iconViews=umg:/Game/S08/UI/ArtHud/WBP_S08ArtIcon textTable=S08ArtHud entries=13 missingKeys=0
2026.09.30-11.47.29 TAG fighter=f-0-sk0 bbox=(502,127,586,149) mode=compact look=P1 placement=above ring=0 hardPx2=0 softPx2=0 order=1 bound=1
2026.09.30-11.47.29 TAG fighter=f-1-sk0 bbox=(1334,58,1418,80) mode=compact look=P2 placement=above ring=0 hardPx2=0 softPx2=0 order=0 bound=1
2026.09.30-11.47.29 ARTPREVIEW screen labels=1 (world TextRender labels and damage text hidden)
2026.09.30-11.47.29 SUBSCRIBED gameStateUpdated since=1
2026.09.30-11.47.29 TAG fighter=f-0-hero bbox=(909,389,1011,411) mode=compact look=P1 placement=inset ring=0 hardPx2=0 softPx2=0 order=1 bound=1
2026.09.30-11.47.29 TAG fighter=f-0-sk0 bbox=(1075,385,1159,407) mode=compact look=P1 placement=above ring=0 hardPx2=0 softPx2=0 order=3 bound=1
2026.09.30-11.47.29 TAG fighter=f-0-sk1 bbox=(918,264,1002,286) mode=compact look=P1 placement=above ring=0 hardPx2=0 softPx2=0 order=0 bound=1
2026.09.30-11.47.29 TAG fighter=f-0-sk2 bbox=(761,385,845,407) mode=compact look=P1 placement=above ring=0 hardPx2=0 softPx2=0 order=2 bound=1
2026.09.30-11.47.29 TAG fighter=f-1-hero bbox=(909,646,1011,668) mode=compact look=P2 placement=below ring=0 hardPx2=0 softPx2=0 order=4 bound=1
2026.09.30-11.47.29 TAG fighter=f-1-sk0 bbox=(1080,507,1164,529) mode=compact look=P2 placement=above ring=0 hardPx2=0 softPx2=0 order=5 bound=1
2026.09.30-11.47.29 SNAPSHOT applied seq=1 phase=ACTION_MANEUVER
2026.09.30-11.47.29 HANDLE_APPLIED #2 seq=1 decision=1 fightersValid=1 boardValid=1
2026.09.30-11.47.29 MODE seq=1 mode=0 combat=0 pending=0
2026.09.30-11.47.29 HUD seq=1 phase=ACTION_MANEUVER turn=you hand=5 oppHand=5(hidden) oppDeck=25 deck=25 discard=0
2026.09.30-11.47.29 ARTPREVIEW fighter=Medusa hero=1 eligible=0 visual=1 mesh=SK_Medusa_H2LD
2026.09.30-11.47.29 FIGHTERS synced n=6 alive=6 own=4 enemy=2
2026.09.30-11.47.29 WS seq=1 phase=ACTION_MANEUVER (merge)
2026.09.30-11.47.29 TAG fighter=f-0-hero bbox=(909,389,1011,411) mode=compact look=P1 placement=inset ring=0 hardPx2=0 softPx2=0 order=1 bound=1
2026.09.30-11.47.29 TAG fighter=f-0-sk0 bbox=(1075,385,1159,407) mode=compact look=P1 placement=above ring=0 hardPx2=0 softPx2=0 order=3 bound=1
2026.09.30-11.47.29 TAG fighter=f-0-sk1 bbox=(918,264,1002,286) mode=compact look=P1 placement=above ring=0 hardPx2=0 softPx2=0 order=0 bound=1
2026.09.30-11.47.29 TAG fighter=f-0-sk2 bbox=(761,385,845,407) mode=compact look=P1 placement=above ring=0 hardPx2=0 softPx2=0 order=2 bound=1
2026.09.30-11.47.29 TAG fighter=f-1-hero bbox=(909,646,1011,668) mode=compact look=P2 placement=below ring=0 hardPx2=0 softPx2=0 order=4 bound=1
2026.09.30-11.47.29 TAG fighter=f-1-sk0 bbox=(1080,507,1164,529) mode=compact look=P2 placement=above ring=0 hardPx2=0 softPx2=0 order=5 bound=1
2026.09.30-11.47.31 PERF window t=15.0-20.0 frames=149 fps=29.77 frameMs avg=33.59 p50=33.33 p95=33.33 p99=33.40 max=70.82 hitches50=1 gpuMs avg=1.67 p50=1.48 p95=2.18 gameMs avg=2.06 p95=1.99 renderMs avg=3.68 p95=5.05
2026.09.30-11.47.32 game -> room=cmuo1izpf018twiwwnrsvemxf code=<redacted> status=IN_PROGRESS
2026.09.30-11.47.35 game -> room=cmuo1izpf018twiwwnrsvemxf code=<redacted> status=IN_PROGRESS
2026.09.30-11.47.36 PERF window t=20.0-25.0 frames=150 fps=30.00 frameMs avg=33.33 p50=33.33 p95=33.33 p99=33.35 max=33.36 hitches50=0 gpuMs avg=1.89 p50=1.86 p95=2.08 gameMs avg=1.62 p95=2.05 renderMs avg=3.56 p95=4.73
2026.09.30-11.47.38 game -> room=cmuo1izpf018twiwwnrsvemxf code=<redacted> status=IN_PROGRESS
2026.09.30-11.47.41 PERF window t=25.0-30.0 frames=150 fps=30.00 frameMs avg=33.33 p50=33.33 p95=33.33 p99=33.34 max=33.46 hitches50=0 gpuMs avg=1.89 p50=1.88 p95=2.03 gameMs avg=1.76 p95=2.23 renderMs avg=3.98 p95=5.33
2026.09.30-11.47.41 game -> room=cmuo1izpf018twiwwnrsvemxf code=<redacted> status=IN_PROGRESS
2026.09.30-11.47.44 game -> room=cmuo1izpf018twiwwnrsvemxf code=<redacted> status=IN_PROGRESS
2026.09.30-11.47.45 ARTPREVIEW selection ring shown fighter=Medusa mesh=SM_Marker_SelectionRing
2026.09.30-11.47.45 ARTPREVIEW reachable corners cells=13 placed=1
2026.09.30-11.47.45 ARTPREVIEW selection ownHero=1 selected=1 fighter=Medusa reachable=14 fighterId=f-0-hero
2026.09.30-11.47.45 INPUT select src=flag fighter=f-0-hero flag=ArtPreviewSelectOwnHero
2026.09.30-11.47.45 ARTPREVIEW camera focus requested zoom=3.50 overview=1931 target=552
2026.09.30-11.47.45 INPUT zoom src=flag zoom=3.50 flag=ArtPreviewFocusZoom
2026.09.30-11.47.45 CAMERA focus src=flag from=1930.8 to=551.7 requested=551.7 zoom=3.50 clamp=0 limit=none animMs=200
2026.09.30-11.47.45 HUD plate content fighter=f-0-hero name=Medusa hp=16/16 team=own statuses=HERO  |  MELEE teamSlot=P1 look=P1 shape=circle chip=#DAC576
2026.09.30-11.47.45 PLATE fighter=f-0-hero bbox=(1107,478,1279,532) overlapReachable=0 placement=right ring=0 gap=6 selection=f-0-hero destinations=13 clean=1 softPx2=0 tested=226 bound=1
2026.09.30-11.47.45 TAG fighter=f-0-sk0 bbox=(1385,375,1469,397) mode=compact look=P1 placement=above ring=0 hardPx2=0 softPx2=0 order=2 bound=1
2026.09.30-11.47.45 TAG fighter=f-0-sk1 bbox=(918,36,1002,58) mode=compact look=P1 placement=above ring=0 hardPx2=0 softPx2=0 order=0 bound=1
2026.09.30-11.47.45 TAG fighter=f-0-sk2 bbox=(451,375,535,397) mode=compact look=P1 placement=above ring=0 hardPx2=0 softPx2=0 order=1 bound=1
2026.09.30-11.47.45 TAG fighter=f-1-hero bbox=(1119,727,1221,749) mode=compact look=P2 placement=right ring=0 hardPx2=0 softPx2=0 order=3 bound=1
2026.09.30-11.47.45 TAG fighter=f-1-sk0 bbox=(1434,759,1518,781) mode=compact look=P2 placement=above ring=0 hardPx2=0 softPx2=0 order=4 bound=1
2026.09.30-11.47.45 CAMERA settled elapsed=34.18 dist=551.7 target=551.7 errPct=0.000 focusErr=0.00 focus=(0,-50,28)
2026.09.30-11.47.45 PLATE fighter=f-0-hero bbox=(1135,511,1307,565) overlapReachable=0 placement=right ring=0 gap=6 selection=f-0-hero destinations=13 clean=1 softPx2=0 tested=258 bound=1
2026.09.30-11.47.45 TAG fighter=f-0-sk0 bbox=(1472,372,1556,394) mode=compact look=P1 placement=above ring=0 hardPx2=0 softPx2=0 order=2 bound=1
2026.09.30-11.47.45 TAG fighter=f-0-sk1 bbox=(1084,6,1168,28) mode=compact look=P1 placement=right ring=1 hardPx2=0 softPx2=0 order=0 bound=1
2026.09.30-11.47.45 TAG fighter=f-0-sk2 bbox=(364,372,448,394) mode=compact look=P1 placement=above ring=0 hardPx2=0 softPx2=0 order=1 bound=1
2026.09.30-11.47.45 TAG fighter=f-1-hero bbox=(909,769,1011,791) mode=compact look=P2 placement=above ring=0 hardPx2=0 softPx2=0 order=3 bound=1
2026.09.30-11.47.45 TAG fighter=f-1-sk0 bbox=(1542,836,1626,858) mode=compact look=P2 placement=above ring=0 hardPx2=0 softPx2=0 order=4 bound=1
2026.09.30-11.47.46 PERF window t=30.0-35.1 frames=150 fps=30.00 frameMs avg=33.34 p50=33.33 p95=33.35 p99=33.44 max=33.69 hitches50=0 gpuMs avg=1.93 p50=1.88 p95=2.28 gameMs avg=2.25 p95=2.94 renderMs avg=4.07 p95=5.69
2026.09.30-11.47.47 SHOT ctx viewport=1920x1080 viewTarget=CameraActor_2147482348 cam=(0,266,480) rot=(-55,-90,0)
2026.09.30-11.47.47 RENDER tag=SHOT rhi=D3D12 featureLevel=SM6 shaderPlatform=PCD3D_SM6 lumenPlatform=1 gi=lumen giMethod=1 refl=lumen reflMethod=1 shadows=csm vsmEnable=0 sg.res=100 sg.view=2 sg.aa=2 sg.shadow=2 sg.gi=2 sg.refl=2 sg.pp=2 sg.tex=2 sg.fx=2 sg.foliage=2 sg.shading=2 sg.landscape=2 preset=High screenPct=100.0 screenPctMode=0 aa=TSR aaMethod=4 exposure=fixed-histogram expMin=4.14106 expMax=4.14106 expBias=0.000 ev100=2.05 lightUnits=candelas sky=1 skyIntensity=11.200 keyShadow=csm-3000uu-2c-contact0.000 shadowCasters=1 profile=cobble-probe profilesSha256=1ecc1e9281845655acf8b31f1dcf52a7510abfc8ba8505525ad72ee8f4ce3c4c profilesSource=pak legacyRender=0 gameLayer=unlit-eyeadaptinv tMaxFPS=30.0 vsync=0 frameRateLimit=60.0 substrate=0 nanite=1 meshDF=1 viewport=1920x1080 reference=1
2026.09.30-11.47.47 SHOT fighter f-0-hero pos=(2,2) world=(0,-50,0) screen=(960,625) projected=1 alive=1
2026.09.30-11.47.47 SHOT fighter f-0-sk0 pos=(3,2) world=(100,-50,0) screen=(1490,625) projected=1 alive=1
2026.09.30-11.47.47 SHOT fighter f-0-sk1 pos=(2,1) world=(0,-150,0) screen=(960,223) projected=1 alive=1
2026.09.30-11.47.47 SHOT fighter f-0-sk2 pos=(1,2) world=(-100,-50,0) screen=(430,625) projected=1 alive=1
2026.09.30-11.47.47 SHOT fighter f-1-hero pos=(2,3) world=(0,50,0) screen=(960,1117) projected=1 alive=1
2026.09.30-11.47.47 SHOT fighter f-1-sk0 pos=(3,3) world=(100,50,0) screen=(1549,1117) projected=1 alive=1
2026.09.30-11.47.47 SHOT camera dist=551.7 target=551.7 overview=1930.8 errPct=0.000 focusErr=0.00 settled=1 zoom=3.50
2026.09.30-11.47.47 SHOT head fighter=f-0-hero socket=Head mesh=SK_Medusa_H2LD world=(0.2,-48.7,47.1) screen=(961.2,483.8) top=(961.2,463.5) bottom=(961.1,503.7) headPx=40.2 projected=1
2026.09.30-11.47.47 SHOT head fighter=f-0-sk0 socket=Head mesh=SK_Harpy_H3LD world=(99.5,-45.0,34.3) screen=(1517.1,542.7) top=(1522.2,523.3) bottom=(1512.1,561.8) headPx=39.8 projected=1
2026.09.30-11.47.47 SHOT head fighter=f-0-sk1 socket=Head mesh=SK_Harpy_H3LD world=(-0.7,-144.7,34.0) screen=(956.4,129.8) top=(956.4,108.8) bottom=(956.4,150.4) headPx=41.6 projected=1
2026.09.30-11.47.47 SHOT head fighter=f-0-sk2 socket=Head mesh=SK_Harpy_H3LD world=(-100.1,-44.7,34.0) screen=(399.5,545.4) top=(394.4,526.0) bottom=(404.5,564.4) headPx=39.8 projected=1
2026.09.30-11.47.47 SHOT head fighter=f-1-hero socket=Head mesh=SK_KingArthur_H2LD world=(0.0,49.0,50.1) screen=(960.2,976.9) top=(960.2,959.3) bottom=(960.2,994.2) headPx=35.0 projected=1
2026.09.30-11.47.47 SHOT head fighter=f-1-sk0 socket=Head mesh=SK_Merlin_H2LD world=(100.4,47.0,36.5) screen=(1584.9,1004.1) top=(1591.2,987.2) bottom=(1578.7,1020.7) headPx=35.8 projected=1
2026.09.30-11.47.47 SHOT selection fighter=f-0-hero ownCell=(2,2) legal=14 destinations=13 ownCellExcluded=1 plateFighter=f-0-hero
2026.09.30-11.47.47 SHOT reachable fighter=f-0-hero n=13 cells=(1,0)(2,0)(3,0)(0,1)(1,1)(3,1)(4,1)(0,2)(4,2)(0,3)(1,3)(4,3)(1,4)
2026.09.30-11.47.47 SHOT plate fighter=f-0-hero bbox=(1135,511,1307,565) overlapReachable=0 placement=right gap=6 anchor=(791,323,1129,755) planned=(1135,511,1307,565) geom=painted stableFrames=54
2026.09.30-11.47.47 SHOT figure fighter=f-0-hero bbox=(791,323,1129,755) ringR=28.50 art=1 blockout=0 team=P1 look=P1 ring=1
2026.09.30-11.47.47 SHOT figure fighter=f-0-sk0 bbox=(1363,396,1666,726) ringR=22.23 art=1 blockout=0 team=P1 look=P1 ring=1
2026.09.30-11.47.47 SHOT figure fighter=f-0-sk1 bbox=(844,0,1076,306) ringR=22.23 art=1 blockout=0 team=P1 look=P1 ring=1
2026.09.30-11.47.47 SHOT figure fighter=f-0-sk2 bbox=(254,396,557,726) ringR=22.23 art=1 blockout=0 team=P1 look=P1 ring=1
2026.09.30-11.47.47 SHOT figure fighter=f-1-hero bbox=(768,793,1152,1277) ringR=28.50 art=1 blockout=0 team=P2 look=P2 ring=1
2026.09.30-11.47.47 SHOT figure fighter=f-1-sk0 bbox=(1407,860,1762,1241) ringR=22.23 art=1 blockout=0 team=P2 look=P2 ring=1
2026.09.30-11.47.47 SHOT request file=phase2-board-host-1920x1080.png frame=1079
2026.09.30-11.47.47 SHOT requested: FScreenshotRequest(bShowUI) -> C:\Users\ren\AppData\Local\Temp\s08-phase2-20260930-164709-53952\phase2-board-host-1920x1080.png
2026.09.30-11.47.47 SHOT captured file=phase2-board-host-1920x1080.png frame=1079 px=1920x1080 sha256=23dfc0f6ce0be1cd0548aab379be9add286f2fd05062fe7eb4ce2315ff63cfe0 order=BGRA saved=1
2026.09.30-11.47.47 SHOT late begin file=phase2-board-host-1920x1080.png frame=1079 requestFrame=1079
2026.09.30-11.47.47 SHOT iconstate visible=0 lastFighter=none frame=1079
2026.09.30-11.47.47 SHOT widget id=plate impl=umg state=own fighter=f-0-hero bbox=(1135,511,1307,565) geom=painted visible=1 twin=0 source=/Game/S08/UI/ArtHud/WBP_S08ArtPlate frame=1079
2026.09.30-11.47.47 SHOT widget id=plate.marker impl=umg state=own fighter=f-0-hero bbox=(1135,511,1307,514) geom=painted visible=1 twin=0 source=/Game/S08/UI/ArtHud/WBP_S08ArtPlate frame=1079
2026.09.30-11.47.47 SHOT widget id=plate.name impl=umg state=own fighter=f-0-hero bbox=(1141,516,1241,535) geom=painted visible=1 twin=0 source=/Game/S08/UI/ArtHud/WBP_S08ArtPlate frame=1079
2026.09.30-11.47.47 SHOT widget id=plate.team impl=umg state=own fighter=f-0-hero bbox=(1241,519,1301,532) geom=painted visible=1 twin=0 source=/Game/S08/UI/ArtHud/WBP_S08ArtPlate frame=1079
2026.09.30-11.47.47 SHOT widget id=plate.hpbar impl=umg state=own fighter=f-0-hero bbox=(1141,541,1237,548) geom=painted visible=1 twin=0 source=/Game/S08/UI/ArtHud/WBP_S08ArtPlate frame=1079
2026.09.30-11.47.47 SHOT widget id=plate.hpfill impl=umg state=own fighter=f-0-hero bbox=(1141,541,1237,548) geom=painted visible=1 twin=0 source=/Game/S08/UI/ArtHud/WBP_S08ArtPlate frame=1079
2026.09.30-11.47.47 SHOT widget id=plate.hp impl=umg state=own fighter=f-0-hero bbox=(1243,537,1296,552) geom=painted visible=1 twin=0 source=/Game/S08/UI/ArtHud/WBP_S08ArtPlate frame=1079
2026.09.30-11.47.47 SHOT widget id=plate.status impl=umg state=own fighter=f-0-hero bbox=(1141,554,1301,567) geom=painted visible=1 twin=0 source=/Game/S08/UI/ArtHud/WBP_S08ArtPlate frame=1079
2026.09.30-11.47.47 SHOT widget id=plate.teamshape impl=umg state=own fighter=f-0-hero bbox=(1245,520,1257,532) geom=painted visible=1 twin=0 source=/Game/S08/UI/ArtHud/WBP_S08ArtPlate frame=1079
2026.09.30-11.47.47 SHOT widget id=board.tag impl=umg state=hidden fighter=f-0-hero bbox=(0,0,0,0) geom=unpainted visible=0 twin=0 source=/Game/S08/UI/ArtHud/WBP_S08ArtTag mode=hidden look=P1 shape=circle placement=right ring=0 order=1 bound=1 softPx2=0 planned=(1061,360,1163,382) frame=1079
2026.09.30-11.47.47 SHOT widget id=board.tag.hp impl=umg state=hidden fighter=f-0-hero bbox=(0,0,0,0) geom=unpainted visible=0 twin=0 source=/Game/S08/UI/ArtHud/WBP_S08ArtTag mode=hidden look=P1 shape=circle placement=right ring=0 order=1 bound=1 softPx2=0 planned=(1061,360,1163,382) frame=1079 font=11
2026.09.30-11.47.47 SHOT widget id=board.tag.bar impl=umg state=hidden fighter=f-0-hero bbox=(0,0,0,0) geom=unpainted visible=0 twin=0 source=/Game/S08/UI/ArtHud/WBP_S08ArtTag mode=hidden look=P1 shape=circle placement=right ring=0 order=1 bound=1 softPx2=0 planned=(1061,360,1163,382) frame=1079
2026.09.30-11.47.47 SHOT widget id=board.tag.chip impl=umg state=hidden fighter=f-0-hero bbox=(0,0,0,0) geom=unpainted visible=0 twin=0 source=/Game/S08/UI/ArtHud/WBP_S08ArtTag mode=hidden look=P1 shape=circle placement=right ring=0 order=1 bound=1 softPx2=0 planned=(1061,360,1163,382) frame=1079
2026.09.30-11.47.47 SHOT widget id=board.tag impl=umg state=compact fighter=f-0-sk0 bbox=(1472,372,1556,394) geom=painted visible=1 twin=0 source=/Game/S08/UI/ArtHud/WBP_S08ArtTag mode=compact look=P1 shape=circle placement=above ring=0 order=2 bound=1 softPx2=0 planned=(1472,372,1556,394) frame=1079
2026.09.30-11.47.47 SHOT widget id=board.tag.hp impl=umg state=compact fighter=f-0-sk0 bbox=(1528,374,1552,392) geom=painted visible=1 twin=0 source=/Game/S08/UI/ArtHud/WBP_S08ArtTag mode=compact look=P1 shape=circle placement=above ring=0 order=2 bound=1 softPx2=0 planned=(1472,372,1556,394) frame=1079 font=11
2026.09.30-11.47.47 SHOT widget id=board.tag.bar impl=umg state=compact fighter=f-0-sk0 bbox=(1491,381,1525,386) geom=painted visible=1 twin=0 source=/Game/S08/UI/ArtHud/WBP_S08ArtTag mode=compact look=P1 shape=circle placement=above ring=0 order=2 bound=1 softPx2=0 planned=(1472,372,1556,394) frame=1079
2026.09.30-11.47.47 SHOT widget id=board.tag.chip impl=umg state=compact fighter=f-0-sk0 bbox=(1476,377,1488,389) geom=painted visible=1 twin=0 source=/Game/S08/UI/ArtHud/WBP_S08ArtTag mode=compact look=P1 shape=circle placement=above ring=0 order=2 bound=1 softPx2=0 planned=(1472,372,1556,394) frame=1079
2026.09.30-11.47.47 SHOT widget id=board.tag impl=umg state=compact fighter=f-0-sk1 bbox=(1084,6,1168,28) geom=painted visible=1 twin=0 source=/Game/S08/UI/ArtHud/WBP_S08ArtTag mode=compact look=P1 shape=circle placement=right ring=1 order=0 bound=1 softPx2=0 planned=(1084,6,1168,28) frame=1079
2026.09.30-11.47.47 SHOT widget id=board.tag.hp impl=umg state=compact fighter=f-0-sk1 bbox=(1140,8,1164,26) geom=painted visible=1 twin=0 source=/Game/S08/UI/ArtHud/WBP_S08ArtTag mode=compact look=P1 shape=circle placement=right ring=1 order=0 bound=1 softPx2=0 planned=(1084,6,1168,28) frame=1079 font=11
2026.09.30-11.47.47 SHOT widget id=board.tag.bar impl=umg state=compact fighter=f-0-sk1 bbox=(1103,15,1137,20) geom=painted visible=1 twin=0 source=/Game/S08/UI/ArtHud/WBP_S08ArtTag mode=compact look=P1 shape=circle placement=right ring=1 order=0 bound=1 softPx2=0 planned=(1084,6,1168,28) frame=1079
2026.09.30-11.47.47 SHOT widget id=board.tag.chip impl=umg state=compact fighter=f-0-sk1 bbox=(1088,11,1100,23) geom=painted visible=1 twin=0 source=/Game/S08/UI/ArtHud/WBP_S08ArtTag mode=compact look=P1 shape=circle placement=right ring=1 order=0 bound=1 softPx2=0 planned=(1084,6,1168,28) frame=1079
2026.09.30-11.47.47 SHOT widget id=board.tag impl=umg state=compact fighter=f-0-sk2 bbox=(364,372,448,394) geom=painted visible=1 twin=0 source=/Game/S08/UI/ArtHud/WBP_S08ArtTag mode=compact look=P1 shape=circle placement=above ring=0 order=1 bound=1 softPx2=0 planned=(364,372,448,394) frame=1079
2026.09.30-11.47.47 SHOT widget id=board.tag.hp impl=umg state=compact fighter=f-0-sk2 bbox=(420,374,444,392) geom=painted visible=1 twin=0 source=/Game/S08/UI/ArtHud/WBP_S08ArtTag mode=compact look=P1 shape=circle placement=above ring=0 order=1 bound=1 softPx2=0 planned=(364,372,448,394) frame=1079 font=11
2026.09.30-11.47.47 SHOT widget id=board.tag.bar impl=umg state=compact fighter=f-0-sk2 bbox=(383,381,417,386) geom=painted visible=1 twin=0 source=/Game/S08/UI/ArtHud/WBP_S08ArtTag mode=compact look=P1 shape=circle placement=above ring=0 order=1 bound=1 softPx2=0 planned=(364,372,448,394) frame=1079
2026.09.30-11.47.47 SHOT widget id=board.tag.chip impl=umg state=compact fighter=f-0-sk2 bbox=(368,377,380,389) geom=painted visible=1 twin=0 source=/Game/S08/UI/ArtHud/WBP_S08ArtTag mode=compact look=P1 shape=circle placement=above ring=0 order=1 bound=1 softPx2=0 planned=(364,372,448,394) frame=1079
2026.09.30-11.47.47 SHOT widget id=board.tag impl=umg state=compact fighter=f-1-hero bbox=(909,769,1011,791) geom=painted visible=1 twin=0 source=/Game/S08/UI/ArtHud/WBP_S08ArtTag mode=compact look=P2 shape=hex placement=above ring=0 order=3 bound=1 softPx2=0 planned=(909,769,1011,791) frame=1079
2026.09.30-11.47.47 SHOT widget id=board.tag.hp impl=umg state=compact fighter=f-1-hero bbox=(965,771,1007,789) geom=painted visible=1 twin=0 source=/Game/S08/UI/ArtHud/WBP_S08ArtTag mode=compact look=P2 shape=hex placement=above ring=0 order=3 bound=1 softPx2=0 planned=(909,769,1011,791) frame=1079 font=11
2026.09.30-11.47.47 SHOT widget id=board.tag.bar impl=umg state=compact fighter=f-1-hero bbox=(928,778,962,783) geom=painted visible=1 twin=0 source=/Game/S08/UI/ArtHud/WBP_S08ArtTag mode=compact look=P2 shape=hex placement=above ring=0 order=3 bound=1 softPx2=0 planned=(909,769,1011,791) frame=1079
2026.09.30-11.47.47 SHOT widget id=board.tag.chip impl=umg state=compact fighter=f-1-hero bbox=(913,774,925,786) geom=painted visible=1 twin=0 source=/Game/S08/UI/ArtHud/WBP_S08ArtTag mode=compact look=P2 shape=hex placement=above ring=0 order=3 bound=1 softPx2=0 planned=(909,769,1011,791) frame=1079
2026.09.30-11.47.47 SHOT widget id=board.tag impl=umg state=compact fighter=f-1-sk0 bbox=(1542,836,1626,858) geom=painted visible=1 twin=0 source=/Game/S08/UI/ArtHud/WBP_S08ArtTag mode=compact look=P2 shape=hex placement=above ring=0 order=4 bound=1 softPx2=0 planned=(1542,836,1626,858) frame=1079
2026.09.30-11.47.47 SHOT widget id=board.tag.hp impl=umg state=compact fighter=f-1-sk0 bbox=(1598,838,1622,856) geom=painted visible=1 twin=0 source=/Game/S08/UI/ArtHud/WBP_S08ArtTag mode=compact look=P2 shape=hex placement=above ring=0 order=4 bound=1 softPx2=0 planned=(1542,836,1626,858) frame=1079 font=11
2026.09.30-11.47.47 SHOT widget id=board.tag.bar impl=umg state=compact fighter=f-1-sk0 bbox=(1561,845,1595,850) geom=painted visible=1 twin=0 source=/Game/S08/UI/ArtHud/WBP_S08ArtTag mode=compact look=P2 shape=hex placement=above ring=0 order=4 bound=1 softPx2=0 planned=(1542,836,1626,858) frame=1079
2026.09.30-11.47.47 SHOT widget id=board.tag.chip impl=umg state=compact fighter=f-1-sk0 bbox=(1546,841,1558,853) geom=painted visible=1 twin=0 source=/Game/S08/UI/ArtHud/WBP_S08ArtTag mode=compact look=P2 shape=hex placement=above ring=0 order=4 bound=1 softPx2=0 planned=(1542,836,1626,858) frame=1079
2026.09.30-11.47.47 SHOT panel id=hud.command bbox=(0,0,601,138) geom=painted visible=1 frame=1079
2026.09.30-11.47.47 SHOT panel id=hud.side bbox=(1432,0,1920,121) geom=painted visible=1 frame=1079
2026.09.30-11.47.47 SHOT panel id=hud.hand bbox=(517,985,1403,1080) geom=painted visible=1 frame=1079
2026.09.30-11.47.47 SHOT late end file=phase2-board-host-1920x1080.png frame=1079
2026.09.30-11.47.47 game -> room=cmuo1izpf018twiwwnrsvemxf code=<redacted> status=IN_PROGRESS
2026.09.30-11.47.50 game -> room=cmuo1izpf018twiwwnrsvemxf code=<redacted> status=IN_PROGRESS
2026.09.30-11.47.51 PERF window t=35.1-40.1 frames=141 fps=28.04 frameMs avg=35.66 p50=33.33 p95=33.33 p99=33.42 max=360.99 hitches50=1 gpuMs avg=2.17 p50=2.10 p95=2.50 gameMs avg=4.33 p95=2.58 renderMs avg=3.67 p95=4.54
2026.09.30-11.47.53 game -> room=cmuo1izpf018twiwwnrsvemxf code=<redacted> status=IN_PROGRESS
2026.09.30-11.47.56 PERF window t=40.1-45.1 frames=149 fps=29.71 frameMs avg=33.66 p50=33.33 p95=33.33 p99=33.34 max=82.13 hitches50=1 gpuMs avg=2.17 p50=2.21 p95=2.34 gameMs avg=1.86 p95=2.11 renderMs avg=3.46 p95=4.17
2026.09.30-11.47.56 game -> room=cmuo1izpf018twiwwnrsvemxf code=<redacted> status=IN_PROGRESS
2026.09.30-11.47.59 game -> room=cmuo1izpf018twiwwnrsvemxf code=<redacted> status=IN_PROGRESS
2026.09.30-11.48.01 PERF summary scope=afterWarmup warmup=5 elapsed=50.0 frames=1339 fps=29.72 frameMs avg=33.64 p50=33.33 p95=33.33 p99=33.38 max=360.99 hitches50=3 gpuMs avg=1.85 p50=1.90 p95=2.31 gameMs avg=2.06 p95=2.42 renderMs avg=3.51 p95=4.91
2026.09.30-11.48.01 PERF summary scope=started elapsed=50.0 frames=945 fps=29.61 frameMs avg=33.77 p50=33.33 p95=33.33 p99=33.36 max=360.99 hitches50=3 gpuMs avg=2.04 p50=2.01 p95=2.33 gameMs avg=2.30 p95=2.53 renderMs avg=3.86 p95=5.01
2026.09.30-11.48.01 PERF summary scope=artHud impl=umg elapsed=50.0 frames=469 fps=29.29 frameMs avg=34.14 p50=33.33 p95=33.33 p99=33.36 max=360.99 hitches50=2 gpuMs avg=2.17 p50=2.19 p95=2.39 gameMs avg=2.72 p95=2.66 renderMs avg=3.65 p95=4.64
2026.09.30-11.48.01 --- S08 trace close ---
