2026.09.27-08.24.47 S09AUTO config flow=1 boost=0 shotDir=C:\Users\ren\AppData\Local\Temp\s09-duel-20260927-132445-18360\host
2026.09.27-08.25.05 S09AUTO drive mode=0 plan=[attack+scheme] phase= turn=
2026.09.27-08.25.05 SNAPSHOT applied seq=1 phase=ACTION_MANEUVER
2026.09.27-08.25.05 MODE seq=1 mode=0 combat=0 pending=0
2026.09.27-08.25.05 SNAPSHOT applied seq=1 phase=ACTION_MANEUVER
2026.09.27-08.25.05 MODE seq=1 mode=0 combat=0 pending=0
2026.09.27-08.25.05 S09AUTO own turn #0 (turnCount=1)
2026.09.27-08.25.05 S09AUTO attack (attacker=f-0-hero target-set card-set)
2026.09.27-08.25.05 ATTACK sent
2026.09.27-08.25.05 SNAPSHOT applied seq=2 phase=COMBAT
2026.09.27-08.25.05 MODE seq=2 mode=0 combat=1 pending=0
2026.09.27-08.25.05 SNAPSHOT applied seq=2 phase=COMBAT
2026.09.27-08.25.05 MODE seq=2 mode=0 combat=1 pending=0
2026.09.27-08.25.06 SNAPSHOT applied seq=3 phase=COMBAT_RESOLVE
2026.09.27-08.25.06 MODE seq=3 mode=5 combat=1 pending=0
2026.09.27-08.25.06 S09AUTO drive mode=5 plan=[attack+scheme] phase=COMBAT_RESOLVE turn=cmuhntivg0000wib0anhqyswc
2026.09.27-08.25.07 SNAPSHOT applied seq=4 phase=COMBAT_RESOLVE
2026.09.27-08.25.07 MODE seq=4 mode=6 combat=1 pending=1
2026.09.27-08.25.07 PENDING panel revealed: attack A3+B0 vs D3
2026.09.27-08.25.07 S09AUTO drive mode=6 plan=[attack+scheme] phase=COMBAT_RESOLVE turn=cmuhntivg0000wib0anhqyswc
2026.09.27-08.25.07 S09AUTO pending-open shot (type=BOOST_CHOICE stage=0 mode=)
2026.09.27-08.25.07 S09AUTO boost choice - holding 4s for the other seat's reveal capture
2026.09.27-08.25.11 S09AUTO pending picked (type=BOOST_CHOICE stage=0)
2026.09.27-08.25.11 PEND-RESOLVE sent type=BOOST_CHOICE stage=0 id=cmuhgvgkf00smwi9gaeymh3ur-during-0-boost-3
2026.09.27-08.25.11 SNAPSHOT applied seq=5 phase=COMBAT_RESOLVE
2026.09.27-08.25.11 MODE seq=5 mode=5 combat=1 pending=1
2026.09.27-08.25.11 RESOLVE panel revealed: A3+B2 vs D3
2026.09.27-08.25.11 RESOLVE panel blocked by pending (type=MOVE id=cmuhgvgi500owwi9gnmn59wun-after-0-p0)
2026.09.27-08.25.11 PEND resolve done seq=5 (apply) phase=COMBAT_RESOLVE
2026.09.27-08.25.11 SNAPSHOT applied seq=5 phase=COMBAT_RESOLVE
2026.09.27-08.25.11 MODE seq=5 mode=5 combat=1 pending=1
2026.09.27-08.25.11 S09AUTO drive mode=5 plan=[attack+scheme] phase=COMBAT_RESOLVE turn=cmuhntivg0000wib0anhqyswc
2026.09.27-08.25.11 S09AUTO resolve-revealed shot
2026.09.27-08.25.11 S09AUTO resolve-blocked shot (type=MOVE)
2026.09.27-08.25.11 SNAPSHOT applied seq=6 phase=ACTION_MANEUVER
2026.09.27-08.25.11 COMBAT-RESULT seq=6 damage=0 role=attacked
2026.09.27-08.25.11 S09AUTO combat-result shot
2026.09.27-08.25.11 SHOT requested: FScreenshotRequest(bShowUI) -> C:\Users\ren\AppData\Local\Temp\s09-duel-20260927-132445-18360\host/s09-combat-result.png
2026.09.27-08.25.11 RESOLVE panel revealed: A3+B2 vs D3
2026.09.27-08.25.11 MODE seq=6 mode=0 combat=0 pending=0
2026.09.27-08.25.11 S09AUTO drive mode=0 plan=[attack+scheme] phase=ACTION_MANEUVER turn=cmuhntivg0000wib0anhqyswc
2026.09.27-08.25.11 S09AUTO attack (attacker=f-0-hero target-set card-set)
2026.09.27-08.25.11 ATTACK sent
2026.09.27-08.25.11 SNAPSHOT applied seq=7 phase=COMBAT
2026.09.27-08.25.11 MODE seq=7 mode=0 combat=1 pending=0
2026.09.27-08.25.11 SNAPSHOT applied seq=7 phase=COMBAT
2026.09.27-08.25.11 MODE seq=7 mode=0 combat=1 pending=0
2026.09.27-08.25.11 SNAPSHOT applied seq=8 phase=ACTION_MANEUVER
2026.09.27-08.25.11 COMBAT-RESULT seq=8 damage=2 role=attacked
2026.09.27-08.25.11 MODE seq=8 mode=0 combat=0 pending=0
2026.09.27-08.25.11 SNAPSHOT applied seq=9 phase=ACTION_MANEUVER
2026.09.27-08.25.11 MODE seq=9 mode=0 combat=0 pending=1
2026.09.27-08.25.13 SNAPSHOT applied seq=10 phase=ACTION_MANEUVER
2026.09.27-08.25.13 MODE seq=10 mode=0 combat=0 pending=1
2026.09.27-08.25.13 SNAPSHOT applied seq=11 phase=ACTION_MANEUVER
2026.09.27-08.25.13 MODE seq=11 mode=0 combat=0 pending=0
2026.09.27-08.25.13 SNAPSHOT applied seq=12 phase=ACTION_MANEUVER
2026.09.27-08.25.13 MODE seq=12 mode=0 combat=0 pending=0
2026.09.27-08.25.14 SNAPSHOT applied seq=13 phase=ACTION_MANEUVER
2026.09.27-08.25.14 MODE seq=13 mode=0 combat=0 pending=0
2026.09.27-08.25.14 S09AUTO own turn #1 (turnCount=3)
2026.09.27-08.25.14 S09AUTO attack (attacker=f-0-sk0 target-set card-set)
2026.09.27-08.25.14 ATTACK sent
2026.09.27-08.25.14 SNAPSHOT applied seq=14 phase=COMBAT
2026.09.27-08.25.14 MODE seq=14 mode=0 combat=1 pending=0
2026.09.27-08.25.14 SNAPSHOT applied seq=14 phase=COMBAT
2026.09.27-08.25.14 MODE seq=14 mode=0 combat=1 pending=0
2026.09.27-08.25.15 SNAPSHOT applied seq=15 phase=COMBAT_RESOLVE
2026.09.27-08.25.15 MODE seq=15 mode=5 combat=1 pending=0
2026.09.27-08.25.15 S09AUTO drive mode=5 plan=[attack+scheme] phase=COMBAT_RESOLVE turn=cmuhntivg0000wib0anhqyswc
2026.09.27-08.25.15 SNAPSHOT applied seq=16 phase=ACTION_MANEUVER
2026.09.27-08.25.15 COMBAT-RESULT seq=16 damage=0 role=attacked
2026.09.27-08.25.15 MODE seq=16 mode=0 combat=0 pending=0
2026.09.27-08.25.15 S09AUTO drive mode=0 plan=[attack+scheme] phase=ACTION_MANEUVER turn=cmuhntivg0000wib0anhqyswc
2026.09.27-08.25.15 S09AUTO attack (attacker=f-0-sk0 target-set card-set)
2026.09.27-08.25.15 ATTACK sent
2026.09.27-08.25.15 SNAPSHOT applied seq=17 phase=COMBAT
2026.09.27-08.25.15 MODE seq=17 mode=0 combat=1 pending=0
2026.09.27-08.25.15 SNAPSHOT applied seq=17 phase=COMBAT
2026.09.27-08.25.15 MODE seq=17 mode=0 combat=1 pending=0
2026.09.27-08.25.16 SNAPSHOT applied seq=18 phase=COMBAT_RESOLVE
2026.09.27-08.25.16 MODE seq=18 mode=5 combat=1 pending=0
2026.09.27-08.25.16 S09AUTO drive mode=5 plan=[attack+scheme] phase=COMBAT_RESOLVE turn=cmuhntivg0000wib0anhqyswc
2026.09.27-08.25.16 SNAPSHOT applied seq=19 phase=ACTION_MANEUVER
2026.09.27-08.25.16 COMBAT-RESULT seq=19 damage=0 role=attacked
2026.09.27-08.25.16 MODE seq=19 mode=0 combat=0 pending=0
2026.09.27-08.25.16 S09AUTO drive mode=0 plan=[attack+scheme] phase=ACTION_MANEUVER turn=cmuhntiwu0001wib0z281rpa8
2026.09.27-08.25.16 SNAPSHOT applied seq=20 phase=ACTION_MANEUVER
2026.09.27-08.25.16 MODE seq=20 mode=0 combat=0 pending=0
2026.09.27-08.25.16 SNAPSHOT applied seq=21 phase=ACTION_MANEUVER
2026.09.27-08.25.16 MODE seq=21 mode=0 combat=0 pending=0
2026.09.27-08.25.17 SNAPSHOT applied seq=22 phase=ACTION_MANEUVER
2026.09.27-08.25.17 MODE seq=22 mode=0 combat=0 pending=0
2026.09.27-08.25.17 SNAPSHOT applied seq=23 phase=TURN_END
2026.09.27-08.25.17 MODE seq=23 mode=0 combat=0 pending=0
2026.09.27-08.25.18 SNAPSHOT applied seq=24 phase=ACTION_MANEUVER
2026.09.27-08.25.18 MODE seq=24 mode=0 combat=0 pending=0
2026.09.27-08.25.18 S09AUTO own turn #2 (turnCount=5)
2026.09.27-08.25.18 S09AUTO scheme
2026.09.27-08.25.18 SNAPSHOT applied seq=25 phase=ACTION_MANEUVER
2026.09.27-08.25.18 MODE seq=25 mode=6 combat=0 pending=1
2026.09.27-08.25.18 SNAPSHOT applied seq=25 phase=ACTION_MANEUVER
2026.09.27-08.25.18 MODE seq=25 mode=6 combat=0 pending=1
2026.09.27-08.25.18 SCHEME done seq=25 (merge) phase=ACTION_MANEUVER
2026.09.27-08.25.20 S09AUTO drive mode=6 plan=[attack+scheme] phase=ACTION_MANEUVER turn=cmuhntivg0000wib0anhqyswc
2026.09.27-08.25.20 S09AUTO pending-open shot (type=TARGET_FIGHTER stage=0 mode=)
2026.09.27-08.25.20 S09AUTO pending picked (type=TARGET_FIGHTER stage=0)
2026.09.27-08.25.20 PEND-RESOLVE sent type=TARGET_FIGHTER stage=0 id=cmuhgvgkg00sowi9giqzfy1hf-fullText-0-p0
2026.09.27-08.25.20 SNAPSHOT applied seq=26 phase=ACTION_MANEUVER
2026.09.27-08.25.20 MODE seq=26 mode=0 combat=0 pending=0
2026.09.27-08.25.20 PEND resolve done seq=26 (apply) phase=ACTION_MANEUVER
2026.09.27-08.25.20 SNAPSHOT applied seq=26 phase=ACTION_MANEUVER
2026.09.27-08.25.20 MODE seq=26 mode=0 combat=0 pending=0
2026.09.27-08.25.20 S09AUTO drive mode=0 plan=[attack+scheme] phase=ACTION_MANEUVER turn=cmuhntivg0000wib0anhqyswc
2026.09.27-08.25.20 SNAPSHOT applied seq=27 phase=ACTION_MANEUVER
2026.09.27-08.25.20 MODE seq=27 mode=1 combat=0 pending=0
2026.09.27-08.25.20 SNAPSHOT applied seq=27 phase=ACTION_MANEUVER
2026.09.27-08.25.20 MODE seq=27 mode=1 combat=0 pending=0
2026.09.27-08.25.20 S09AUTO drive mode=1 plan=[attack+scheme] phase=ACTION_MANEUVER turn=cmuhntivg0000wib0anhqyswc
2026.09.27-08.25.21 S09AUTO draft-open shot (maneuver marker live)
2026.09.27-08.25.21 S09AUTO approach: no improving legal step
2026.09.27-08.25.21 SNAPSHOT applied seq=28 phase=ACTION_MANEUVER
2026.09.27-08.25.21 MODE seq=28 mode=0 combat=0 pending=0
2026.09.27-08.25.21 SNAPSHOT applied seq=28 phase=ACTION_MANEUVER
2026.09.27-08.25.21 MODE seq=28 mode=0 combat=0 pending=0
2026.09.27-08.25.21 SNAPSHOT applied seq=29 phase=ACTION_MANEUVER
2026.09.27-08.25.21 MODE seq=29 mode=0 combat=0 pending=0
2026.09.27-08.25.21 SNAPSHOT applied seq=30 phase=ACTION_MANEUVER
2026.09.27-08.25.21 MODE seq=30 mode=0 combat=0 pending=0
2026.09.27-08.25.22 S09AUTO drive mode=0 plan=[attack+scheme] phase=ACTION_MANEUVER turn=cmuhntiwu0001wib0z281rpa8
2026.09.27-08.25.22 SNAPSHOT applied seq=31 phase=ACTION_MANEUVER
2026.09.27-08.25.22 MODE seq=31 mode=0 combat=0 pending=1
2026.09.27-08.25.24 SNAPSHOT applied seq=32 phase=ACTION_MANEUVER
2026.09.27-08.25.24 MODE seq=32 mode=0 combat=0 pending=1
2026.09.27-08.25.24 SNAPSHOT applied seq=33 phase=ACTION_MANEUVER
2026.09.27-08.25.24 MODE seq=33 mode=0 combat=0 pending=1
2026.09.27-08.25.24 SNAPSHOT applied seq=34 phase=ACTION_MANEUVER
2026.09.27-08.25.24 MODE seq=34 mode=0 combat=0 pending=1
2026.09.27-08.25.24 SNAPSHOT applied seq=35 phase=ACTION_MANEUVER
2026.09.27-08.25.24 MODE seq=35 mode=0 combat=0 pending=1
2026.09.27-08.25.24 SNAPSHOT applied seq=36 phase=ACTION_MANEUVER
2026.09.27-08.25.24 MODE seq=36 mode=0 combat=0 pending=1
2026.09.27-08.25.24 SNAPSHOT applied seq=37 phase=ACTION_MANEUVER
2026.09.27-08.25.24 MODE seq=37 mode=0 combat=0 pending=0
2026.09.27-08.25.24 S09AUTO own turn #3 (turnCount=7)
2026.09.27-08.25.24 SNAPSHOT applied seq=38 phase=ACTION_MANEUVER
2026.09.27-08.25.24 MODE seq=38 mode=1 combat=0 pending=0
2026.09.27-08.25.24 SNAPSHOT applied seq=38 phase=ACTION_MANEUVER
2026.09.27-08.25.24 MODE seq=38 mode=1 combat=0 pending=0
2026.09.27-08.25.24 S09AUTO drive mode=1 plan=[attack+scheme] phase=ACTION_MANEUVER turn=cmuhntivg0000wib0anhqyswc
2026.09.27-08.25.24 SNAPSHOT applied seq=39 phase=ACTION_MANEUVER
2026.09.27-08.25.24 MODE seq=39 mode=0 combat=0 pending=0
2026.09.27-08.25.24 SNAPSHOT applied seq=39 phase=ACTION_MANEUVER
2026.09.27-08.25.24 MODE seq=39 mode=0 combat=0 pending=0
2026.09.27-08.25.26 S09AUTO drive mode=0 plan=[attack+scheme] phase=ACTION_MANEUVER turn=cmuhntivg0000wib0anhqyswc
2026.09.27-08.25.26 S09AUTO attack (attacker=f-0-hero target-set card-set)
2026.09.27-08.25.26 ATTACK sent
2026.09.27-08.25.26 SNAPSHOT applied seq=40 phase=COMBAT
2026.09.27-08.25.26 MODE seq=40 mode=0 combat=1 pending=0
2026.09.27-08.25.26 SNAPSHOT applied seq=40 phase=COMBAT
2026.09.27-08.25.26 MODE seq=40 mode=0 combat=1 pending=0
2026.09.27-08.25.26 SNAPSHOT applied seq=41 phase=COMBAT_RESOLVE
2026.09.27-08.25.26 MODE seq=41 mode=5 combat=1 pending=0
2026.09.27-08.25.26 S09AUTO drive mode=5 plan=[attack+scheme] phase=COMBAT_RESOLVE turn=cmuhntivg0000wib0anhqyswc
2026.09.27-08.25.26 SNAPSHOT applied seq=42 phase=COMBAT_RESOLVE
2026.09.27-08.25.26 MODE seq=42 mode=6 combat=1 pending=1
2026.09.27-08.25.26 PENDING panel revealed: attack A3+B0 vs D1
2026.09.27-08.25.26 S09AUTO drive mode=6 plan=[attack+scheme] phase=COMBAT_RESOLVE turn=cmuhntivg0000wib0anhqyswc
2026.09.27-08.25.26 S09AUTO boost choice - holding 4s for the other seat's reveal capture
2026.09.27-08.25.30 S09AUTO pending picked (type=BOOST_CHOICE stage=0)
2026.09.27-08.25.30 PEND-RESOLVE sent type=BOOST_CHOICE stage=0 id=cmuhgvgkf00smwi9gaeymh3ur-during-0-boost-41
2026.09.27-08.25.30 SNAPSHOT applied seq=43 phase=ACTION_MANEUVER
2026.09.27-08.25.30 COMBAT-RESULT seq=43 damage=3 role=attacked
2026.09.27-08.25.30 PENDING panel revealed: attack A3+B0 vs D1
2026.09.27-08.25.30 MODE seq=43 mode=0 combat=0 pending=0
2026.09.27-08.25.30 PEND resolve done seq=43 (apply) phase=ACTION_MANEUVER
2026.09.27-08.25.30 SNAPSHOT applied seq=43 phase=ACTION_MANEUVER
2026.09.27-08.25.30 MODE seq=43 mode=0 combat=0 pending=0
2026.09.27-08.25.30 S09AUTO drive mode=0 plan=[attack+scheme] phase=ACTION_MANEUVER turn=cmuhntiwu0001wib0z281rpa8
2026.09.27-08.25.30 SNAPSHOT applied seq=44 phase=ACTION_MANEUVER
2026.09.27-08.25.30 MODE seq=44 mode=0 combat=0 pending=0
2026.09.27-08.25.30 SNAPSHOT applied seq=45 phase=ACTION_MANEUVER
2026.09.27-08.25.30 MODE seq=45 mode=0 combat=0 pending=0
2026.09.27-08.25.31 SNAPSHOT applied seq=46 phase=ACTION_MANEUVER
2026.09.27-08.25.31 MODE seq=46 mode=0 combat=0 pending=0
2026.09.27-08.25.31 SNAPSHOT applied seq=47 phase=TURN_END
2026.09.27-08.25.31 MODE seq=47 mode=0 combat=0 pending=0
2026.09.27-08.25.33 SNAPSHOT applied seq=48 phase=ACTION_MANEUVER
2026.09.27-08.25.33 MODE seq=48 mode=6 combat=0 pending=1
2026.09.27-08.25.33 S09AUTO drive mode=6 plan=[attack+scheme] phase=ACTION_MANEUVER turn=cmuhntivg0000wib0anhqyswc
2026.09.27-08.25.33 S09AUTO own turn #4 (turnCount=9)
2026.09.27-08.25.33 S09AUTO pending picked (type=TARGET_FIGHTER stage=0)
2026.09.27-08.25.33 PEND-RESOLVE sent type=TARGET_FIGHTER stage=0 id=ability-medusa-target-p0
2026.09.27-08.25.33 SNAPSHOT applied seq=49 phase=ACTION_MANEUVER
2026.09.27-08.25.33 MODE seq=49 mode=0 combat=0 pending=0
2026.09.27-08.25.33 SNAPSHOT applied seq=49 phase=ACTION_MANEUVER
2026.09.27-08.25.33 MODE seq=49 mode=0 combat=0 pending=0
2026.09.27-08.25.33 PEND resolve done seq=49 (merge) phase=ACTION_MANEUVER
2026.09.27-08.25.33 S09AUTO drive mode=0 plan=[attack+scheme] phase=ACTION_MANEUVER turn=cmuhntivg0000wib0anhqyswc
2026.09.27-08.25.33 SNAPSHOT applied seq=50 phase=ACTION_MANEUVER
2026.09.27-08.25.33 MODE seq=50 mode=1 combat=0 pending=0
2026.09.27-08.25.33 SNAPSHOT applied seq=50 phase=ACTION_MANEUVER
2026.09.27-08.25.33 MODE seq=50 mode=1 combat=0 pending=0
2026.09.27-08.25.33 S09AUTO drive mode=1 plan=[attack+scheme] phase=ACTION_MANEUVER turn=cmuhntivg0000wib0anhqyswc
2026.09.27-08.25.33 SNAPSHOT applied seq=51 phase=ACTION_MANEUVER
2026.09.27-08.25.33 MODE seq=51 mode=0 combat=0 pending=0
2026.09.27-08.25.33 SNAPSHOT applied seq=51 phase=ACTION_MANEUVER
2026.09.27-08.25.33 MODE seq=51 mode=0 combat=0 pending=0
2026.09.27-08.25.34 S09AUTO drive mode=0 plan=[attack+scheme] phase=ACTION_MANEUVER turn=cmuhntivg0000wib0anhqyswc
2026.09.27-08.25.34 S09AUTO attack (attacker=f-0-hero target-set card-set)
2026.09.27-08.25.34 ATTACK sent
2026.09.27-08.25.34 SNAPSHOT applied seq=52 phase=COMBAT
2026.09.27-08.25.34 MODE seq=52 mode=0 combat=1 pending=0
2026.09.27-08.25.34 SNAPSHOT applied seq=52 phase=COMBAT
2026.09.27-08.25.34 MODE seq=52 mode=0 combat=1 pending=0
2026.09.27-08.25.34 SNAPSHOT applied seq=53 phase=COMBAT_RESOLVE
2026.09.27-08.25.34 MODE seq=53 mode=5 combat=1 pending=0
2026.09.27-08.25.34 S09AUTO drive mode=5 plan=[attack+scheme] phase=COMBAT_RESOLVE turn=cmuhntivg0000wib0anhqyswc
2026.09.27-08.25.34 SNAPSHOT applied seq=54 phase=ACTION_MANEUVER
2026.09.27-08.25.34 COMBAT-RESULT seq=54 damage=0 role=attacked
2026.09.27-08.25.34 MODE seq=54 mode=0 combat=0 pending=0
2026.09.27-08.25.34 S09AUTO drive mode=0 plan=[attack+scheme] phase=ACTION_MANEUVER turn=cmuhntiwu0001wib0z281rpa8
2026.09.27-08.25.35 SNAPSHOT applied seq=55 phase=ACTION_MANEUVER
2026.09.27-08.25.35 MODE seq=55 mode=0 combat=0 pending=0
2026.09.27-08.25.35 SNAPSHOT applied seq=56 phase=ACTION_MANEUVER
2026.09.27-08.25.35 MODE seq=56 mode=0 combat=0 pending=0
2026.09.27-08.25.36 SNAPSHOT applied seq=57 phase=ACTION_MANEUVER
2026.09.27-08.25.36 MODE seq=57 mode=0 combat=0 pending=0
2026.09.27-08.25.36 SNAPSHOT applied seq=58 phase=TURN_END
2026.09.27-08.25.36 MODE seq=58 mode=0 combat=0 pending=0
2026.09.27-08.25.37 SNAPSHOT applied seq=59 phase=ACTION_MANEUVER
2026.09.27-08.25.37 MODE seq=59 mode=6 combat=0 pending=1
2026.09.27-08.25.37 S09AUTO drive mode=6 plan=[attack+scheme] phase=ACTION_MANEUVER turn=cmuhntivg0000wib0anhqyswc
2026.09.27-08.25.37 S09AUTO own turn #5 (turnCount=11)
2026.09.27-08.25.37 S09AUTO pending picked (type=TARGET_FIGHTER stage=0)
2026.09.27-08.25.37 PEND-RESOLVE sent type=TARGET_FIGHTER stage=0 id=ability-medusa-target-p0
2026.09.27-08.25.37 SNAPSHOT applied seq=60 phase=ACTION_MANEUVER
2026.09.27-08.25.37 MODE seq=60 mode=0 combat=0 pending=0
2026.09.27-08.25.37 SNAPSHOT applied seq=60 phase=ACTION_MANEUVER
2026.09.27-08.25.37 MODE seq=60 mode=0 combat=0 pending=0
2026.09.27-08.25.37 PEND resolve done seq=60 (merge) phase=ACTION_MANEUVER
2026.09.27-08.25.37 S09AUTO drive mode=0 plan=[attack+scheme] phase=ACTION_MANEUVER turn=cmuhntivg0000wib0anhqyswc
2026.09.27-08.25.37 SNAPSHOT applied seq=61 phase=ACTION_MANEUVER
2026.09.27-08.25.37 MODE seq=61 mode=1 combat=0 pending=0
2026.09.27-08.25.38 SNAPSHOT applied seq=61 phase=ACTION_MANEUVER
2026.09.27-08.25.38 MODE seq=61 mode=1 combat=0 pending=0
2026.09.27-08.25.38 S09AUTO drive mode=1 plan=[attack+scheme] phase=ACTION_MANEUVER turn=cmuhntivg0000wib0anhqyswc
2026.09.27-08.25.38 SNAPSHOT applied seq=62 phase=ACTION_MANEUVER
2026.09.27-08.25.38 MODE seq=62 mode=0 combat=0 pending=0
2026.09.27-08.25.38 SNAPSHOT applied seq=62 phase=ACTION_MANEUVER
2026.09.27-08.25.38 MODE seq=62 mode=0 combat=0 pending=0
2026.09.27-08.25.39 S09AUTO drive mode=0 plan=[attack+scheme] phase=ACTION_MANEUVER turn=cmuhntivg0000wib0anhqyswc
2026.09.27-08.25.39 S09AUTO attack (attacker=f-0-hero target-set card-set)
2026.09.27-08.25.39 ATTACK sent
2026.09.27-08.25.39 SNAPSHOT applied seq=63 phase=COMBAT
2026.09.27-08.25.39 MODE seq=63 mode=0 combat=1 pending=0
2026.09.27-08.25.39 SNAPSHOT applied seq=63 phase=COMBAT
2026.09.27-08.25.39 MODE seq=63 mode=0 combat=1 pending=0
2026.09.27-08.25.39 SNAPSHOT applied seq=64 phase=COMBAT_RESOLVE
2026.09.27-08.25.39 MODE seq=64 mode=5 combat=1 pending=0
2026.09.27-08.25.39 S09AUTO drive mode=5 plan=[attack+scheme] phase=COMBAT_RESOLVE turn=cmuhntivg0000wib0anhqyswc
2026.09.27-08.25.39 SNAPSHOT applied seq=65 phase=COMBAT_RESOLVE
2026.09.27-08.25.39 MODE seq=65 mode=5 combat=1 pending=1
2026.09.27-08.25.39 RESOLVE panel revealed: A1+B0 vs D4
2026.09.27-08.25.39 RESOLVE panel blocked by pending (type=MOVE id=cmuhgvgi800p4wi9greokvfle-after-0-p0)
2026.09.27-08.25.39 S09AUTO resolve-blocked shot (type=MOVE)
2026.09.27-08.25.39 SNAPSHOT applied seq=66 phase=ACTION_MANEUVER
2026.09.27-08.25.39 COMBAT-RESULT seq=66 damage=0 role=attacked
2026.09.27-08.25.39 RESOLVE panel revealed: A1+B0 vs D4
2026.09.27-08.25.39 MODE seq=66 mode=0 combat=0 pending=0
2026.09.27-08.25.39 S09AUTO drive mode=0 plan=[attack+scheme] phase=ACTION_MANEUVER turn=cmuhntiwu0001wib0z281rpa8
2026.09.27-08.25.39 SNAPSHOT applied seq=67 phase=ACTION_MANEUVER
2026.09.27-08.25.39 MODE seq=67 mode=0 combat=0 pending=1
2026.09.27-08.25.40 SNAPSHOT applied seq=68 phase=ACTION_MANEUVER
2026.09.27-08.25.40 MODE seq=68 mode=0 combat=0 pending=1
2026.09.27-08.25.41 SNAPSHOT applied seq=69 phase=ACTION_MANEUVER
2026.09.27-08.25.41 MODE seq=69 mode=0 combat=0 pending=1
2026.09.27-08.25.41 SNAPSHOT applied seq=70 phase=ACTION_MANEUVER
2026.09.27-08.25.41 MODE seq=70 mode=0 combat=0 pending=1
2026.09.27-08.25.41 SNAPSHOT applied seq=71 phase=ACTION_MANEUVER
2026.09.27-08.25.41 MODE seq=71 mode=0 combat=0 pending=1
2026.09.27-08.25.41 SNAPSHOT applied seq=72 phase=ACTION_MANEUVER
2026.09.27-08.25.41 MODE seq=72 mode=0 combat=0 pending=1
2026.09.27-08.25.41 SNAPSHOT applied seq=73 phase=ACTION_MANEUVER
2026.09.27-08.25.41 MODE seq=73 mode=0 combat=0 pending=0
2026.09.27-08.25.41 SNAPSHOT applied seq=74 phase=ACTION_MANEUVER
2026.09.27-08.25.41 MODE seq=74 mode=0 combat=0 pending=0
2026.09.27-08.25.41 SNAPSHOT applied seq=75 phase=ACTION_MANEUVER
2026.09.27-08.25.41 MODE seq=75 mode=6 combat=0 pending=1
2026.09.27-08.25.41 S09AUTO drive mode=6 plan=[attack+scheme] phase=ACTION_MANEUVER turn=cmuhntivg0000wib0anhqyswc
2026.09.27-08.25.41 S09AUTO own turn #6 (turnCount=13)
2026.09.27-08.25.41 S09AUTO pending picked (type=TARGET_FIGHTER stage=0)
2026.09.27-08.25.41 PEND-RESOLVE sent type=TARGET_FIGHTER stage=0 id=ability-medusa-target-p0
2026.09.27-08.25.41 SNAPSHOT applied seq=76 phase=ACTION_MANEUVER
2026.09.27-08.25.41 MODE seq=76 mode=0 combat=0 pending=0
2026.09.27-08.25.41 PEND resolve done seq=76 (apply) phase=ACTION_MANEUVER
2026.09.27-08.25.41 SNAPSHOT applied seq=76 phase=ACTION_MANEUVER
2026.09.27-08.25.41 MODE seq=76 mode=0 combat=0 pending=0
2026.09.27-08.25.42 S09AUTO drive mode=0 plan=[attack+scheme] phase=ACTION_MANEUVER turn=cmuhntivg0000wib0anhqyswc
2026.09.27-08.25.42 SNAPSHOT applied seq=77 phase=ACTION_MANEUVER
2026.09.27-08.25.42 MODE seq=77 mode=1 combat=0 pending=0
2026.09.27-08.25.42 SNAPSHOT applied seq=77 phase=ACTION_MANEUVER
2026.09.27-08.25.42 MODE seq=77 mode=1 combat=0 pending=0
2026.09.27-08.25.42 S09AUTO drive mode=1 plan=[attack+scheme] phase=ACTION_MANEUVER turn=cmuhntivg0000wib0anhqyswc
2026.09.27-08.25.42 SNAPSHOT applied seq=78 phase=ACTION_MANEUVER
2026.09.27-08.25.42 MODE seq=78 mode=0 combat=0 pending=0
2026.09.27-08.25.42 SNAPSHOT applied seq=78 phase=ACTION_MANEUVER
2026.09.27-08.25.42 MODE seq=78 mode=0 combat=0 pending=0
2026.09.27-08.25.43 S09AUTO drive mode=0 plan=[attack+scheme] phase=ACTION_MANEUVER turn=cmuhntivg0000wib0anhqyswc
2026.09.27-08.25.43 S09AUTO attack (attacker=f-0-hero target-set card-set)
2026.09.27-08.25.43 ATTACK sent
2026.09.27-08.25.43 SNAPSHOT applied seq=79 phase=COMBAT
2026.09.27-08.25.43 MODE seq=79 mode=0 combat=1 pending=0
2026.09.27-08.25.43 SNAPSHOT applied seq=79 phase=COMBAT
2026.09.27-08.25.43 MODE seq=79 mode=0 combat=1 pending=0
2026.09.27-08.25.43 SNAPSHOT applied seq=80 phase=COMBAT_RESOLVE
2026.09.27-08.25.43 MODE seq=80 mode=5 combat=1 pending=0
2026.09.27-08.25.43 S09AUTO drive mode=5 plan=[attack+scheme] phase=COMBAT_RESOLVE turn=cmuhntivg0000wib0anhqyswc
2026.09.27-08.25.43 SNAPSHOT applied seq=81 phase=COMBAT_RESOLVE
2026.09.27-08.25.43 MODE seq=81 mode=6 combat=1 pending=1
2026.09.27-08.25.43 PENDING panel revealed: attack A3+B0 vs D1
2026.09.27-08.25.43 S09AUTO drive mode=6 plan=[attack+scheme] phase=COMBAT_RESOLVE turn=cmuhntivg0000wib0anhqyswc
2026.09.27-08.25.43 S09AUTO pending-open shot (type=MOVE stage=0 mode=)
2026.09.27-08.25.43 S09AUTO pending picked (type=MOVE stage=0)
2026.09.27-08.25.43 PEND-RESOLVE sent type=MOVE stage=0 id=cmuhgvgko00t6wi9gliac8gv6-after-0-p0
2026.09.27-08.25.43 SNAPSHOT applied seq=82 phase=ACTION_MANEUVER
2026.09.27-08.25.43 COMBAT-RESULT seq=82 damage=0 role=attacked
2026.09.27-08.25.43 PENDING panel revealed: attack A3+B0 vs D1
2026.09.27-08.25.43 MODE seq=82 mode=0 combat=0 pending=0
2026.09.27-08.25.43 SNAPSHOT applied seq=82 phase=ACTION_MANEUVER
2026.09.27-08.25.43 MODE seq=82 mode=0 combat=0 pending=0
2026.09.27-08.25.43 PEND resolve done seq=82 (merge) phase=ACTION_MANEUVER
2026.09.27-08.25.43 S09AUTO drive mode=0 plan=[attack+scheme] phase=ACTION_MANEUVER turn=cmuhntiwu0001wib0z281rpa8
2026.09.27-08.25.43 SNAPSHOT applied seq=83 phase=ACTION_MANEUVER
2026.09.27-08.25.43 MODE seq=83 mode=0 combat=0 pending=0
2026.09.27-08.25.43 SNAPSHOT applied seq=84 phase=ACTION_MANEUVER
2026.09.27-08.25.43 MODE seq=84 mode=0 combat=0 pending=0
2026.09.27-08.25.45 SNAPSHOT applied seq=85 phase=ACTION_MANEUVER
2026.09.27-08.25.45 MODE seq=85 mode=6 combat=0 pending=1
2026.09.27-08.25.45 S09AUTO drive mode=6 plan=[attack+scheme] phase=ACTION_MANEUVER turn=cmuhntivg0000wib0anhqyswc
2026.09.27-08.25.45 S09AUTO own turn #7 (turnCount=15)
2026.09.27-08.25.45 S09AUTO pending picked (type=TARGET_FIGHTER stage=0)
2026.09.27-08.25.45 PEND-RESOLVE sent type=TARGET_FIGHTER stage=0 id=ability-medusa-target-p0
2026.09.27-08.25.45 SNAPSHOT applied seq=86 phase=ACTION_MANEUVER
2026.09.27-08.25.45 MODE seq=86 mode=0 combat=0 pending=0
2026.09.27-08.25.45 SNAPSHOT applied seq=86 phase=ACTION_MANEUVER
2026.09.27-08.25.45 MODE seq=86 mode=0 combat=0 pending=0
2026.09.27-08.25.45 PEND resolve done seq=86 (merge) phase=ACTION_MANEUVER
2026.09.27-08.25.45 S09AUTO drive mode=0 plan=[attack+scheme] phase=ACTION_MANEUVER turn=cmuhntivg0000wib0anhqyswc
2026.09.27-08.25.45 SNAPSHOT applied seq=87 phase=ACTION_MANEUVER
2026.09.27-08.25.45 MODE seq=87 mode=1 combat=0 pending=0
2026.09.27-08.25.45 SNAPSHOT applied seq=87 phase=ACTION_MANEUVER
2026.09.27-08.25.45 MODE seq=87 mode=1 combat=0 pending=0
2026.09.27-08.25.45 S09AUTO drive mode=1 plan=[attack+scheme] phase=ACTION_MANEUVER turn=cmuhntivg0000wib0anhqyswc
2026.09.27-08.25.45 SNAPSHOT applied seq=88 phase=ACTION_MANEUVER
2026.09.27-08.25.45 MODE seq=88 mode=0 combat=0 pending=0
2026.09.27-08.25.45 SNAPSHOT applied seq=88 phase=ACTION_MANEUVER
2026.09.27-08.25.45 MODE seq=88 mode=0 combat=0 pending=0
2026.09.27-08.25.46 S09AUTO drive mode=0 plan=[attack+scheme] phase=ACTION_MANEUVER turn=cmuhntivg0000wib0anhqyswc
2026.09.27-08.25.46 SNAPSHOT applied seq=89 phase=ACTION_MANEUVER
2026.09.27-08.25.46 MODE seq=89 mode=1 combat=0 pending=0
2026.09.27-08.25.46 SNAPSHOT applied seq=89 phase=ACTION_MANEUVER
2026.09.27-08.25.46 MODE seq=89 mode=1 combat=0 pending=0
2026.09.27-08.25.46 S09AUTO drive mode=1 plan=[attack+scheme] phase=ACTION_MANEUVER turn=cmuhntivg0000wib0anhqyswc
2026.09.27-08.25.46 SNAPSHOT applied seq=90 phase=ACTION_MANEUVER
2026.09.27-08.25.46 MODE seq=90 mode=0 combat=0 pending=0
2026.09.27-08.25.46 SNAPSHOT applied seq=90 phase=ACTION_MANEUVER
2026.09.27-08.25.46 MODE seq=90 mode=0 combat=0 pending=0
2026.09.27-08.25.46 SNAPSHOT applied seq=91 phase=ACTION_MANEUVER
2026.09.27-08.25.46 MODE seq=91 mode=0 combat=0 pending=0
2026.09.27-08.25.46 SNAPSHOT applied seq=92 phase=ACTION_MANEUVER
2026.09.27-08.25.46 MODE seq=92 mode=0 combat=0 pending=0
2026.09.27-08.25.47 S09AUTO drive mode=0 plan=[attack+scheme] phase=ACTION_MANEUVER turn=cmuhntiwu0001wib0z281rpa8
2026.09.27-08.25.48 SNAPSHOT applied seq=93 phase=ACTION_MANEUVER
2026.09.27-08.25.48 MODE seq=93 mode=0 combat=0 pending=0
2026.09.27-08.25.48 SNAPSHOT applied seq=94 phase=TURN_END
2026.09.27-08.25.48 MODE seq=94 mode=0 combat=0 pending=0
2026.09.27-08.25.49 SNAPSHOT applied seq=95 phase=ACTION_MANEUVER
2026.09.27-08.25.49 MODE seq=95 mode=6 combat=0 pending=1
2026.09.27-08.25.49 S09AUTO drive mode=6 plan=[attack+scheme] phase=ACTION_MANEUVER turn=cmuhntivg0000wib0anhqyswc
2026.09.27-08.25.49 S09AUTO own turn #8 (turnCount=17)
2026.09.27-08.25.49 S09AUTO pending picked (type=TARGET_FIGHTER stage=0)
2026.09.27-08.25.49 PEND-RESOLVE sent type=TARGET_FIGHTER stage=0 id=ability-medusa-target-p0
2026.09.27-08.25.49 SNAPSHOT applied seq=96 phase=ACTION_MANEUVER
2026.09.27-08.25.49 MODE seq=96 mode=0 combat=0 pending=0
2026.09.27-08.25.49 PEND resolve done seq=96 (apply) phase=ACTION_MANEUVER
2026.09.27-08.25.49 SNAPSHOT applied seq=96 phase=ACTION_MANEUVER
2026.09.27-08.25.49 MODE seq=96 mode=0 combat=0 pending=0
2026.09.27-08.25.49 S09AUTO drive mode=0 plan=[attack+scheme] phase=ACTION_MANEUVER turn=cmuhntivg0000wib0anhqyswc
2026.09.27-08.25.49 SNAPSHOT applied seq=97 phase=ACTION_MANEUVER
2026.09.27-08.25.49 MODE seq=97 mode=1 combat=0 pending=0
2026.09.27-08.25.49 SNAPSHOT applied seq=97 phase=ACTION_MANEUVER
2026.09.27-08.25.49 MODE seq=97 mode=1 combat=0 pending=0
2026.09.27-08.25.49 S09AUTO drive mode=1 plan=[attack+scheme] phase=ACTION_MANEUVER turn=cmuhntivg0000wib0anhqyswc
2026.09.27-08.25.49 SNAPSHOT applied seq=98 phase=ACTION_MANEUVER
2026.09.27-08.25.49 MODE seq=98 mode=0 combat=0 pending=0
2026.09.27-08.25.49 SNAPSHOT applied seq=98 phase=ACTION_MANEUVER
2026.09.27-08.25.49 MODE seq=98 mode=0 combat=0 pending=0
2026.09.27-08.25.51 S09AUTO drive mode=0 plan=[attack+scheme] phase=ACTION_MANEUVER turn=cmuhntivg0000wib0anhqyswc
2026.09.27-08.25.51 S09AUTO attack (attacker=f-0-hero target-set card-set)
2026.09.27-08.25.51 ATTACK sent
2026.09.27-08.25.51 SNAPSHOT applied seq=99 phase=COMBAT
2026.09.27-08.25.51 MODE seq=99 mode=0 combat=1 pending=0
2026.09.27-08.25.51 SNAPSHOT applied seq=99 phase=COMBAT
2026.09.27-08.25.51 MODE seq=99 mode=0 combat=1 pending=0
2026.09.27-08.25.51 SNAPSHOT applied seq=100 phase=COMBAT_RESOLVE
2026.09.27-08.25.51 MODE seq=100 mode=5 combat=1 pending=0
2026.09.27-08.25.51 S09AUTO drive mode=5 plan=[attack+scheme] phase=COMBAT_RESOLVE turn=cmuhntivg0000wib0anhqyswc
2026.09.27-08.25.51 SNAPSHOT applied seq=101 phase=COMBAT_RESOLVE
2026.09.27-08.25.51 MODE seq=101 mode=6 combat=1 pending=1
2026.09.27-08.25.51 PENDING panel revealed: attack A3+B0 vs D3
2026.09.27-08.25.51 S09AUTO drive mode=6 plan=[attack+scheme] phase=COMBAT_RESOLVE turn=cmuhntivg0000wib0anhqyswc
2026.09.27-08.25.51 S09AUTO boost choice - holding 4s for the other seat's reveal capture
2026.09.27-08.25.55 S09AUTO pending picked (type=BOOST_CHOICE stage=0)
2026.09.27-08.25.55 PEND-RESOLVE sent type=BOOST_CHOICE stage=0 id=cmuhgvgkf00smwi9gaeymh3ur-during-0-boost-100
2026.09.27-08.25.55 SNAPSHOT applied seq=102 phase=ACTION_MANEUVER
2026.09.27-08.25.55 COMBAT-RESULT seq=102 damage=2 role=attacked
2026.09.27-08.25.55 PENDING panel revealed: attack A3+B0 vs D3
2026.09.27-08.25.55 MODE seq=102 mode=0 combat=0 pending=0
2026.09.27-08.25.55 PEND resolve done seq=102 (apply) phase=ACTION_MANEUVER
2026.09.27-08.25.55 SNAPSHOT applied seq=102 phase=ACTION_MANEUVER
2026.09.27-08.25.55 MODE seq=102 mode=0 combat=0 pending=0
2026.09.27-08.25.55 S09AUTO drive mode=0 plan=[attack+scheme] phase=ACTION_MANEUVER turn=cmuhntiwu0001wib0z281rpa8
2026.09.27-08.25.55 SNAPSHOT applied seq=103 phase=ACTION_MANEUVER
2026.09.27-08.25.55 MODE seq=103 mode=0 combat=0 pending=0
2026.09.27-08.25.55 SNAPSHOT applied seq=104 phase=ACTION_MANEUVER
2026.09.27-08.25.55 MODE seq=104 mode=0 combat=0 pending=0
2026.09.27-08.25.56 SNAPSHOT applied seq=105 phase=ACTION_MANEUVER
2026.09.27-08.25.56 MODE seq=105 mode=0 combat=0 pending=0
2026.09.27-08.25.56 SNAPSHOT applied seq=106 phase=TURN_END
2026.09.27-08.25.56 MODE seq=106 mode=0 combat=0 pending=0
2026.09.27-08.25.58 SNAPSHOT applied seq=107 phase=ACTION_MANEUVER
2026.09.27-08.25.58 MODE seq=107 mode=6 combat=0 pending=1
2026.09.27-08.25.58 S09AUTO drive mode=6 plan=[attack+scheme] phase=ACTION_MANEUVER turn=cmuhntivg0000wib0anhqyswc
2026.09.27-08.25.58 S09AUTO own turn #9 (turnCount=19)
2026.09.27-08.25.58 S09AUTO pending picked (type=TARGET_FIGHTER stage=0)
2026.09.27-08.25.58 PEND-RESOLVE sent type=TARGET_FIGHTER stage=0 id=ability-medusa-target-p0
2026.09.27-08.25.58 SNAPSHOT applied seq=108 phase=ACTION_MANEUVER
2026.09.27-08.25.58 MODE seq=108 mode=0 combat=0 pending=0
2026.09.27-08.25.58 SNAPSHOT applied seq=108 phase=ACTION_MANEUVER
2026.09.27-08.25.58 MODE seq=108 mode=0 combat=0 pending=0
2026.09.27-08.25.58 PEND resolve done seq=108 (merge) phase=ACTION_MANEUVER
2026.09.27-08.25.58 S09AUTO drive mode=0 plan=[attack+scheme] phase=ACTION_MANEUVER turn=cmuhntivg0000wib0anhqyswc
2026.09.27-08.25.58 SNAPSHOT applied seq=109 phase=ACTION_MANEUVER
2026.09.27-08.25.58 MODE seq=109 mode=1 combat=0 pending=0
2026.09.27-08.25.58 SNAPSHOT applied seq=109 phase=ACTION_MANEUVER
2026.09.27-08.25.58 MODE seq=109 mode=1 combat=0 pending=0
2026.09.27-08.25.58 S09AUTO drive mode=1 plan=[attack+scheme] phase=ACTION_MANEUVER turn=cmuhntivg0000wib0anhqyswc
2026.09.27-08.25.58 SNAPSHOT applied seq=110 phase=ACTION_MANEUVER
2026.09.27-08.25.58 MODE seq=110 mode=0 combat=0 pending=0
2026.09.27-08.25.58 SNAPSHOT applied seq=110 phase=ACTION_MANEUVER
2026.09.27-08.25.58 MODE seq=110 mode=0 combat=0 pending=0
2026.09.27-08.25.59 S09AUTO drive mode=0 plan=[attack+scheme] phase=ACTION_MANEUVER turn=cmuhntivg0000wib0anhqyswc
2026.09.27-08.25.59 S09AUTO attack (attacker=f-0-hero target-set card-set)
2026.09.27-08.25.59 ATTACK sent
2026.09.27-08.25.59 SNAPSHOT applied seq=111 phase=COMBAT
2026.09.27-08.25.59 MODE seq=111 mode=0 combat=1 pending=0
2026.09.27-08.25.59 SNAPSHOT applied seq=111 phase=COMBAT
2026.09.27-08.25.59 MODE seq=111 mode=0 combat=1 pending=0
2026.09.27-08.25.59 SNAPSHOT applied seq=112 phase=COMBAT_RESOLVE
2026.09.27-08.25.59 MODE seq=112 mode=5 combat=1 pending=0
2026.09.27-08.25.59 S09AUTO drive mode=5 plan=[attack+scheme] phase=COMBAT_RESOLVE turn=cmuhntivg0000wib0anhqyswc
2026.09.27-08.25.59 SNAPSHOT applied seq=113 phase=COMBAT_RESOLVE
2026.09.27-08.25.59 MODE seq=113 mode=5 combat=1 pending=1
2026.09.27-08.25.59 RESOLVE panel revealed: A3+B0 vs D0
2026.09.27-08.25.59 RESOLVE panel blocked by pending (type=PLACE id=cmuhgvgi000omwi9gbn3wr8kb-after-0-p0)
2026.09.27-08.25.59 S09AUTO resolve-blocked shot (type=PLACE)
2026.09.27-08.26.00 SNAPSHOT applied seq=114 phase=ACTION_MANEUVER
2026.09.27-08.26.00 COMBAT-RESULT seq=114 damage=0 role=attacked
2026.09.27-08.26.00 RESOLVE panel revealed: A3+B0 vs D0
2026.09.27-08.26.00 MODE seq=114 mode=0 combat=0 pending=0
2026.09.27-08.26.00 S09AUTO drive mode=0 plan=[attack+scheme] phase=ACTION_MANEUVER turn=cmuhntiwu0001wib0z281rpa8
2026.09.27-08.26.00 SNAPSHOT applied seq=115 phase=ACTION_MANEUVER
2026.09.27-08.26.00 MODE seq=115 mode=0 combat=0 pending=0
2026.09.27-08.26.00 SNAPSHOT applied seq=116 phase=ACTION_MANEUVER
2026.09.27-08.26.00 MODE seq=116 mode=0 combat=0 pending=0
2026.09.27-08.26.01 SNAPSHOT applied seq=117 phase=ACTION_MANEUVER
2026.09.27-08.26.01 MODE seq=117 mode=0 combat=0 pending=0
2026.09.27-08.26.01 SNAPSHOT applied seq=118 phase=TURN_END
2026.09.27-08.26.01 MODE seq=118 mode=0 combat=0 pending=0
2026.09.27-08.26.02 SNAPSHOT applied seq=119 phase=ACTION_MANEUVER
2026.09.27-08.26.02 MODE seq=119 mode=6 combat=0 pending=1
2026.09.27-08.26.02 S09AUTO drive mode=6 plan=[attack+scheme] phase=ACTION_MANEUVER turn=cmuhntivg0000wib0anhqyswc
2026.09.27-08.26.02 S09AUTO own turn #10 (turnCount=21)
2026.09.27-08.26.02 S09AUTO pending picked (type=TARGET_FIGHTER stage=0)
2026.09.27-08.26.02 PEND-RESOLVE sent type=TARGET_FIGHTER stage=0 id=ability-medusa-target-p0
2026.09.27-08.26.02 SNAPSHOT applied seq=120 phase=GAME_OVER
2026.09.27-08.26.02 MODE seq=120 mode=0 combat=0 pending=1
2026.09.27-08.26.02 RESULT seq=120 outcome=VICTORY winner=Medusa
2026.09.27-08.26.02 PEND resolve done seq=120 (apply) phase=GAME_OVER
2026.09.27-08.26.02 SNAPSHOT applied seq=120 phase=GAME_OVER
2026.09.27-08.26.02 MODE seq=120 mode=0 combat=0 pending=1
2026.09.27-08.26.04 S09AUTO result-screen shot
2026.09.27-08.26.04 RESULT lobby-return sent (leaveGame)
2026.09.27-08.26.04 LEFT room=cmujjz5mr007nwil8bbyvf4pe
2026.09.27-08.26.08 S09AUTO lobby-return shot
2026.09.27-08.26.08 S09AUTO duel flow complete (GAME_OVER -> result shown -> lobby return) - exiting
