2026.09.26-04.22.41 --- S08 trace open 2026.09.26-04.22.41 ---
2026.09.26-04.22.41 S09AUTO config flow=1 boost=0 shotDir=C:\Users\ren\AppData\Local\Temp\s09-combat-20260926-092234-73528\joiner
2026.09.26-04.22.41 LOGIN ok user=s09-gd034-joiner
2026.09.26-04.22.44 HEROES loaded 84
2026.09.26-04.22.44 CODE resolved -> cmuhvvubh000dwi7sss23an3h
2026.09.26-04.22.44 joinGame -> room=cmuhvvubh000dwi7sss23an3h code=<redacted> status=LOBBY
2026.09.26-04.22.47 game -> room=cmuhvvubh000dwi7sss23an3h code=<redacted> status=LOBBY
2026.09.26-04.22.47 selectHero -> room=cmuhvvubh000dwi7sss23an3h code=<redacted> status=LOBBY
2026.09.26-04.22.50 game -> room=cmuhvvubh000dwi7sss23an3h code=<redacted> status=LOBBY
2026.09.26-04.22.50 toggleReady -> room=cmuhvvubh000dwi7sss23an3h code=<redacted> status=LOBBY
2026.09.26-04.22.53 game -> room=cmuhvvubh000dwi7sss23an3h code=<redacted> status=LOBBY
2026.09.26-04.22.56 game -> room=cmuhvvubh000dwi7sss23an3h code=<redacted> status=IN_PROGRESS
2026.09.26-04.22.56 S09AUTO drive mode=0 plan=[defend+resolve] phase= turn=
2026.09.26-04.22.56 SNAPSHOT applied seq=2 phase=COMBAT
2026.09.26-04.22.56 HANDLE_APPLIED #1 seq=2 decision=2 fightersValid=1 boardValid=1
2026.09.26-04.22.56 closed mode=
2026.09.26-04.22.56 MODE seq=2 mode=4 combat=1 pending=0
2026.09.26-04.22.56 HUD seq=2 phase=COMBAT turn=opp hand=5 oppHand=4(hidden) oppDeck=25 deck=25 discard=0
2026.09.26-04.22.56 CAMERA dist=1931 loc=(0,1107,1582) pitch=-55 yaw=-90
2026.09.26-04.22.56 BOARD 5x6 cells | control points: (0,0)=(-200,-250,0) (4,5)=(200,250,0) | neighbor pair (dist 100 uu)
2026.09.26-04.22.56 FIGHTERS synced n=6 alive=6 own=2 enemy=4
2026.09.26-04.22.56 STATE seq=2 -> apply
2026.09.26-04.22.56 S09AUTO drive mode=4 plan=[defend+resolve] phase=COMBAT turn=cmuhntivg0000wib0anhqyswc
2026.09.26-04.22.56 S09AUTO defense-window shot
2026.09.26-04.22.56 SHOT ctx viewport=1280x720 viewTarget=CameraActor_2147482375 cam=(0,0,0) rot=(0,0,0)
2026.09.26-04.22.56 SHOT fighter f-0-hero pos=(2,2) world=(0,-50,0) screen=(0,0) projected=0 alive=1
2026.09.26-04.22.56 SHOT fighter f-0-sk0 pos=(3,2) world=(100,-50,0) screen=(400,360) projected=1 alive=1
2026.09.26-04.22.56 SHOT fighter f-0-sk1 pos=(2,1) world=(0,-150,0) screen=(0,0) projected=0 alive=1
2026.09.26-04.22.56 SHOT fighter f-0-sk2 pos=(1,2) world=(-100,-50,0) screen=(0,0) projected=0 alive=1
2026.09.26-04.22.56 SHOT fighter f-1-hero pos=(2,3) world=(0,50,0) screen=(0,0) projected=0 alive=1
2026.09.26-04.22.56 SHOT fighter f-1-sk0 pos=(3,3) world=(100,50,0) screen=(880,360) projected=1 alive=1
2026.09.26-04.22.56 SHOT requested: FScreenshotRequest(bShowUI) -> C:\Users\ren\AppData\Local\Temp\s09-combat-20260926-092234-73528\joiner/s09-combat-defense-open.png
2026.09.26-04.22.56 SUBSCRIBED gameStateUpdated since=2
2026.09.26-04.22.56 S09AUTO defense card picked
2026.09.26-04.22.56 DEFENSE sent
2026.09.26-04.22.56 SNAPSHOT applied seq=3 phase=COMBAT_RESOLVE
2026.09.26-04.22.56 HANDLE_APPLIED #2 seq=3 decision=2 fightersValid=1 boardValid=1
2026.09.26-04.22.56 closed mode=
2026.09.26-04.22.56 MODE seq=3 mode=5 combat=1 pending=0
2026.09.26-04.22.56 HUD seq=3 phase=COMBAT_RESOLVE turn=opp hand=4 oppHand=4(hidden) oppDeck=25~ deck=25~ discard=1
2026.09.26-04.22.56 FIGHTERS synced n=6 alive=6 own=2 enemy=4
2026.09.26-04.22.56 WS seq=3 phase=COMBAT_RESOLVE (apply)
2026.09.26-04.22.56 SNAPSHOT applied seq=3 phase=COMBAT_RESOLVE
2026.09.26-04.22.56 HANDLE_APPLIED #3 seq=3 decision=1 fightersValid=1 boardValid=1
2026.09.26-04.22.56 MODE seq=3 mode=5 combat=1 pending=0
2026.09.26-04.22.56 HUD seq=3 phase=COMBAT_RESOLVE turn=opp hand=4 oppHand=4(hidden) oppDeck=25 deck=25 discard=1
2026.09.26-04.22.56 FIGHTERS synced n=6 alive=6 own=2 enemy=4
2026.09.26-04.22.56 DEFENSE done seq=3 (merge) phase=COMBAT_RESOLVE
2026.09.26-04.22.56 S09AUTO drive mode=5 plan=[defend+resolve] phase=COMBAT_RESOLVE turn=cmuhntivg0000wib0anhqyswc
2026.09.26-04.22.56 S09AUTO resolve-window shot
2026.09.26-04.22.56 SHOT ctx viewport=1280x720 viewTarget=CameraActor_2147482375 cam=(0,1107,1582) rot=(-55,-90,0)
2026.09.26-04.22.56 SHOT fighter f-0-hero pos=(2,2) world=(0,-50,0) screen=(640,318) projected=1 alive=1
2026.09.26-04.22.56 SHOT fighter f-0-sk0 pos=(3,2) world=(100,-50,0) screen=(744,318) projected=1 alive=1
2026.09.26-04.22.56 SHOT fighter f-0-sk1 pos=(2,1) world=(0,-150,0) screen=(640,236) projected=1 alive=1
2026.09.26-04.22.56 SHOT fighter f-0-sk2 pos=(1,2) world=(-100,-50,0) screen=(536,318) projected=1 alive=1
2026.09.26-04.22.56 SHOT fighter f-1-hero pos=(2,3) world=(0,50,0) screen=(640,404) projected=1 alive=1
2026.09.26-04.22.56 SHOT fighter f-1-sk0 pos=(3,3) world=(100,50,0) screen=(747,404) projected=1 alive=1
2026.09.26-04.22.56 SHOT requested: FScreenshotRequest(bShowUI) -> C:\Users\ren\AppData\Local\Temp\s09-combat-20260926-092234-73528\joiner/s09-combat-resolve-window.png
2026.09.26-04.22.56 S09AUTO resolve
2026.09.26-04.22.56 RESOLVE sent
2026.09.26-04.22.56 SNAPSHOT applied seq=4 phase=COMBAT_RESOLVE
2026.09.26-04.22.56 HANDLE_APPLIED #4 seq=4 decision=2 fightersValid=1 boardValid=1
2026.09.26-04.22.56 closed mode=
2026.09.26-04.22.56 MODE seq=4 mode=0 combat=1 pending=1
2026.09.26-04.22.56 HUD seq=4 phase=COMBAT_RESOLVE turn=opp hand=4 oppHand=4(hidden) oppDeck=25~ deck=25~ discard=1
2026.09.26-04.22.56 FIGHTERS synced n=6 alive=6 own=2 enemy=4
2026.09.26-04.22.56 WS seq=4 phase=COMBAT_RESOLVE (apply)
2026.09.26-04.22.56 SNAPSHOT applied seq=4 phase=COMBAT_RESOLVE
2026.09.26-04.22.56 HANDLE_APPLIED #5 seq=4 decision=1 fightersValid=1 boardValid=1
2026.09.26-04.22.56 MODE seq=4 mode=0 combat=1 pending=1
2026.09.26-04.22.56 HUD seq=4 phase=COMBAT_RESOLVE turn=opp hand=4 oppHand=4(hidden) oppDeck=25 deck=25 discard=1
2026.09.26-04.22.56 FIGHTERS synced n=6 alive=6 own=2 enemy=4
2026.09.26-04.22.56 RESOLVE done seq=4 (merge) phase=COMBAT_RESOLVE
2026.09.26-04.22.56 S09AUTO drive mode=0 plan=[defend+resolve] phase=COMBAT_RESOLVE turn=cmuhntivg0000wib0anhqyswc
2026.09.26-04.23.00 SNAPSHOT applied seq=5 phase=ACTION_MANEUVER
2026.09.26-04.23.00 HANDLE_APPLIED #6 seq=5 decision=2 fightersValid=1 boardValid=1
2026.09.26-04.23.00 COMBAT-RESULT seq=5 damage=3 role=defended
2026.09.26-04.23.00 S09AUTO combat-result shot
2026.09.26-04.23.00 SHOT ctx viewport=1280x720 viewTarget=CameraActor_2147482375 cam=(0,1107,1582) rot=(-55,-90,0)
2026.09.26-04.23.00 SHOT fighter f-0-hero pos=(2,2) world=(0,-50,0) screen=(640,318) projected=1 alive=1
2026.09.26-04.23.00 SHOT fighter f-0-sk0 pos=(3,2) world=(100,-50,0) screen=(744,318) projected=1 alive=1
2026.09.26-04.23.00 SHOT fighter f-0-sk1 pos=(2,1) world=(0,-150,0) screen=(640,236) projected=1 alive=1
2026.09.26-04.23.00 SHOT fighter f-0-sk2 pos=(1,2) world=(-100,-50,0) screen=(536,318) projected=1 alive=1
2026.09.26-04.23.00 SHOT fighter f-1-hero pos=(2,3) world=(0,50,0) screen=(640,404) projected=1 alive=1
2026.09.26-04.23.00 SHOT fighter f-1-sk0 pos=(3,3) world=(100,50,0) screen=(747,404) projected=1 alive=1
2026.09.26-04.23.00 SHOT requested: FScreenshotRequest(bShowUI) -> C:\Users\ren\AppData\Local\Temp\s09-combat-20260926-092234-73528\joiner/s09-combat-result.png
2026.09.26-04.23.00 MODE seq=5 mode=0 combat=0 pending=0
2026.09.26-04.23.00 HUD seq=5 phase=ACTION_MANEUVER turn=opp hand=4 oppHand=3(hidden) oppDeck=25~ deck=25~ discard=1
2026.09.26-04.23.00 FIGHTERS synced n=6 alive=6 own=2 enemy=4
2026.09.26-04.23.00 CUE damage f-1-hero -3 seq=5
2026.09.26-04.23.00 WS seq=5 phase=ACTION_MANEUVER (apply)
2026.09.26-04.23.00 SNAPSHOT applied seq=6 phase=COMBAT
2026.09.26-04.23.00 HANDLE_APPLIED #7 seq=6 decision=2 fightersValid=1 boardValid=1
2026.09.26-04.23.00 closed mode=
2026.09.26-04.23.00 MODE seq=6 mode=4 combat=1 pending=0
2026.09.26-04.23.00 HUD seq=6 phase=COMBAT turn=opp hand=4 oppHand=2(hidden) oppDeck=25~ deck=25~ discard=1
2026.09.26-04.23.00 FIGHTERS synced n=6 alive=6 own=2 enemy=4
2026.09.26-04.23.00 WS seq=6 phase=COMBAT (apply)
2026.09.26-04.23.00 S09AUTO drive mode=4 plan=[defend+resolve] phase=COMBAT turn=cmuhntivg0000wib0anhqyswc
2026.09.26-04.23.00 S09AUTO defense card picked
2026.09.26-04.23.00 DEFENSE sent
2026.09.26-04.23.00 SNAPSHOT applied seq=7 phase=COMBAT_RESOLVE
2026.09.26-04.23.00 HANDLE_APPLIED #8 seq=7 decision=2 fightersValid=1 boardValid=1
2026.09.26-04.23.00 closed mode=
2026.09.26-04.23.00 MODE seq=7 mode=5 combat=1 pending=0
2026.09.26-04.23.00 HUD seq=7 phase=COMBAT_RESOLVE turn=opp hand=3 oppHand=2(hidden) oppDeck=25~ deck=25~ discard=2
2026.09.26-04.23.00 FIGHTERS synced n=6 alive=6 own=2 enemy=4
2026.09.26-04.23.00 WS seq=7 phase=COMBAT_RESOLVE (apply)
2026.09.26-04.23.00 SNAPSHOT applied seq=7 phase=COMBAT_RESOLVE
2026.09.26-04.23.00 HANDLE_APPLIED #9 seq=7 decision=1 fightersValid=1 boardValid=1
2026.09.26-04.23.00 MODE seq=7 mode=5 combat=1 pending=0
2026.09.26-04.23.00 HUD seq=7 phase=COMBAT_RESOLVE turn=opp hand=3 oppHand=2(hidden) oppDeck=25 deck=25 discard=2
2026.09.26-04.23.00 FIGHTERS synced n=6 alive=6 own=2 enemy=4
2026.09.26-04.23.00 DEFENSE done seq=7 (merge) phase=COMBAT_RESOLVE
2026.09.26-04.23.00 S09AUTO drive mode=5 plan=[defend+resolve] phase=COMBAT_RESOLVE turn=cmuhntivg0000wib0anhqyswc
2026.09.26-04.23.00 S09AUTO resolve
2026.09.26-04.23.00 RESOLVE sent
2026.09.26-04.23.00 SNAPSHOT applied seq=8 phase=ACTION_MANEUVER
2026.09.26-04.23.00 HANDLE_APPLIED #10 seq=8 decision=2 fightersValid=1 boardValid=1
2026.09.26-04.23.00 COMBAT-RESULT seq=8 damage=0 role=defended
2026.09.26-04.23.00 closed mode=
2026.09.26-04.23.00 MODE seq=8 mode=0 combat=0 pending=0
2026.09.26-04.23.00 HUD seq=8 phase=ACTION_MANEUVER turn=you hand=3 oppHand=2(hidden) oppDeck=25~ deck=25~ discard=2
2026.09.26-04.23.00 FIGHTERS synced n=6 alive=6 own=2 enemy=4
2026.09.26-04.23.00 WS seq=8 phase=ACTION_MANEUVER (apply)
2026.09.26-04.23.00 SNAPSHOT applied seq=8 phase=ACTION_MANEUVER
2026.09.26-04.23.00 HANDLE_APPLIED #11 seq=8 decision=1 fightersValid=1 boardValid=1
2026.09.26-04.23.00 MODE seq=8 mode=0 combat=0 pending=0
2026.09.26-04.23.00 HUD seq=8 phase=ACTION_MANEUVER turn=you hand=3 oppHand=2(hidden) oppDeck=25 deck=25 discard=2
2026.09.26-04.23.00 FIGHTERS synced n=6 alive=6 own=2 enemy=4
2026.09.26-04.23.00 RESOLVE done seq=8 (merge) phase=ACTION_MANEUVER
2026.09.26-04.23.00 S09AUTO drive mode=0 plan=[defend+resolve] phase=ACTION_MANEUVER turn=cmuhntiwu0001wib0z281rpa8
2026.09.26-04.23.00 S09AUTO own turn #0 (turnCount=2)
2026.09.26-04.23.00 SNAPSHOT applied seq=9 phase=ACTION_MANEUVER
2026.09.26-04.23.00 HANDLE_APPLIED #12 seq=9 decision=2 fightersValid=1 boardValid=1
2026.09.26-04.23.00 MANEUVER-DRAFT mode=maneuver:2:8
2026.09.26-04.23.00 DRAFT-OPEN draw committed (resume instead of begin)
2026.09.26-04.23.00 MODE seq=9 mode=1 combat=0 pending=0
2026.09.26-04.23.00 HUD seq=9 phase=ACTION_MANEUVER turn=you hand=4 oppHand=2(hidden) oppDeck=25~ deck=25~ discard=2
2026.09.26-04.23.00 FIGHTERS synced n=6 alive=6 own=2 enemy=4
2026.09.26-04.23.00 WS seq=9 phase=ACTION_MANEUVER (apply)
2026.09.26-04.23.00 SNAPSHOT applied seq=9 phase=ACTION_MANEUVER
2026.09.26-04.23.00 HANDLE_APPLIED #13 seq=9 decision=1 fightersValid=1 boardValid=1
2026.09.26-04.23.00 MODE seq=9 mode=1 combat=0 pending=0
2026.09.26-04.23.00 HUD seq=9 phase=ACTION_MANEUVER turn=you hand=4 oppHand=2(hidden) oppDeck=25 deck=24 discard=2
2026.09.26-04.23.00 FIGHTERS synced n=6 alive=6 own=2 enemy=4
2026.09.26-04.23.00 MANEUVER begin seq=9 (merge) pending=maneuver:2:8
2026.09.26-04.23.00 S09AUTO drive mode=1 plan=[defend+resolve] phase=ACTION_MANEUVER turn=cmuhntiwu0001wib0z281rpa8
2026.09.26-04.23.01 S09AUTO draft-open shot (maneuver marker live)
2026.09.26-04.23.01 SHOT ctx viewport=1280x720 viewTarget=CameraActor_2147482375 cam=(0,1107,1582) rot=(-55,-90,0)
2026.09.26-04.23.01 SHOT fighter f-0-hero pos=(2,2) world=(0,-50,0) screen=(640,318) projected=1 alive=1
2026.09.26-04.23.01 SHOT fighter f-0-sk0 pos=(3,2) world=(100,-50,0) screen=(744,318) projected=1 alive=1
2026.09.26-04.23.01 SHOT fighter f-0-sk1 pos=(2,1) world=(0,-150,0) screen=(640,236) projected=1 alive=1
2026.09.26-04.23.01 SHOT fighter f-0-sk2 pos=(1,2) world=(-100,-50,0) screen=(536,318) projected=1 alive=1
2026.09.26-04.23.01 SHOT fighter f-1-hero pos=(2,3) world=(0,50,0) screen=(640,404) projected=1 alive=1
2026.09.26-04.23.01 SHOT fighter f-1-sk0 pos=(3,3) world=(100,50,0) screen=(747,404) projected=1 alive=1
2026.09.26-04.23.01 SHOT requested: FScreenshotRequest(bShowUI) -> C:\Users\ren\AppData\Local\Temp\s09-combat-20260926-092234-73528\joiner/s09-maneuver-draft-open.png
2026.09.26-04.23.01 MANEUVER-CONFIRM moves=1 boost=none
2026.09.26-04.23.01 SNAPSHOT applied seq=10 phase=ACTION_MANEUVER
2026.09.26-04.23.01 HANDLE_APPLIED #14 seq=10 decision=2 fightersValid=1 boardValid=1
2026.09.26-04.23.01 closed mode=
2026.09.26-04.23.01 MODE seq=10 mode=0 combat=0 pending=0
2026.09.26-04.23.01 HUD seq=10 phase=ACTION_MANEUVER turn=you hand=4 oppHand=2(hidden) oppDeck=25~ deck=24~ discard=2
2026.09.26-04.23.01 FIGHTERS synced n=6 alive=6 own=2 enemy=4
2026.09.26-04.23.01 CUE move f-1-hero (2,3)->(1,3) seq=10
2026.09.26-04.23.01 WS seq=10 phase=ACTION_MANEUVER (apply)
2026.09.26-04.23.01 SNAPSHOT applied seq=10 phase=ACTION_MANEUVER
2026.09.26-04.23.01 HANDLE_APPLIED #15 seq=10 decision=1 fightersValid=1 boardValid=1
2026.09.26-04.23.01 MODE seq=10 mode=0 combat=0 pending=0
2026.09.26-04.23.01 HUD seq=10 phase=ACTION_MANEUVER turn=you hand=4 oppHand=2(hidden) oppDeck=25 deck=24 discard=2
2026.09.26-04.23.01 FIGHTERS synced n=6 alive=6 own=2 enemy=4
2026.09.26-04.23.01 MANEUVER done seq=10 (merge) fighters=6 boost=no
2026.09.26-04.23.02 SHOT ctx viewport=1280x720 viewTarget=CameraActor_2147482375 cam=(0,1107,1582) rot=(-55,-90,0)
2026.09.26-04.23.02 SHOT fighter f-0-hero pos=(2,2) world=(0,-50,0) screen=(640,318) projected=1 alive=1
2026.09.26-04.23.02 SHOT fighter f-0-sk0 pos=(3,2) world=(100,-50,0) screen=(744,318) projected=1 alive=1
2026.09.26-04.23.02 SHOT fighter f-0-sk1 pos=(2,1) world=(0,-150,0) screen=(640,236) projected=1 alive=1
2026.09.26-04.23.02 SHOT fighter f-0-sk2 pos=(1,2) world=(-100,-50,0) screen=(536,318) projected=1 alive=1
2026.09.26-04.23.02 SHOT fighter f-1-hero pos=(1,3) world=(-100,50,0) screen=(533,404) projected=1 alive=1
2026.09.26-04.23.02 SHOT fighter f-1-sk0 pos=(3,3) world=(100,50,0) screen=(747,404) projected=1 alive=1
2026.09.26-04.23.02 SHOT requested: FScreenshotRequest(bShowUI) -> C:\Users\ren\AppData\Local\Temp\s09-combat-20260926-092234-73528\joiner/s09-hud-after-first-maneuver.png
2026.09.26-04.23.03 S09AUTO drive mode=0 plan=[defend+resolve] phase=ACTION_MANEUVER turn=cmuhntiwu0001wib0z281rpa8
2026.09.26-04.23.03 SNAPSHOT applied seq=11 phase=ACTION_MANEUVER
2026.09.26-04.23.03 HANDLE_APPLIED #16 seq=11 decision=2 fightersValid=1 boardValid=1
2026.09.26-04.23.03 MANEUVER-DRAFT mode=maneuver:2:10
2026.09.26-04.23.03 DRAFT-OPEN draw committed (resume instead of begin)
2026.09.26-04.23.03 MODE seq=11 mode=1 combat=0 pending=0
2026.09.26-04.23.03 HUD seq=11 phase=ACTION_MANEUVER turn=you hand=5 oppHand=2(hidden) oppDeck=25~ deck=24~ discard=2
2026.09.26-04.23.03 FIGHTERS synced n=6 alive=6 own=2 enemy=4
2026.09.26-04.23.03 WS seq=11 phase=ACTION_MANEUVER (apply)
2026.09.26-04.23.03 SNAPSHOT applied seq=11 phase=ACTION_MANEUVER
2026.09.26-04.23.03 HANDLE_APPLIED #17 seq=11 decision=1 fightersValid=1 boardValid=1
2026.09.26-04.23.03 MODE seq=11 mode=1 combat=0 pending=0
2026.09.26-04.23.03 HUD seq=11 phase=ACTION_MANEUVER turn=you hand=5 oppHand=2(hidden) oppDeck=25 deck=23 discard=2
2026.09.26-04.23.03 FIGHTERS synced n=6 alive=6 own=2 enemy=4
2026.09.26-04.23.03 MANEUVER begin seq=11 (merge) pending=maneuver:2:10
2026.09.26-04.23.03 S09AUTO drive mode=1 plan=[defend+resolve] phase=ACTION_MANEUVER turn=cmuhntiwu0001wib0z281rpa8
2026.09.26-04.23.03 MANEUVER-CONFIRM moves=1 boost=none
2026.09.26-04.23.03 SNAPSHOT applied seq=12 phase=ACTION_MANEUVER
2026.09.26-04.23.03 HANDLE_APPLIED #18 seq=12 decision=2 fightersValid=1 boardValid=1
2026.09.26-04.23.03 closed mode=
2026.09.26-04.23.03 MODE seq=12 mode=0 combat=0 pending=0
2026.09.26-04.23.03 HUD seq=12 phase=ACTION_MANEUVER turn=opp hand=5 oppHand=2(hidden) oppDeck=25~ deck=23~ discard=2
2026.09.26-04.23.03 FIGHTERS synced n=6 alive=6 own=2 enemy=4
2026.09.26-04.23.03 CUE move f-1-hero (1,3)->(2,3) seq=12
2026.09.26-04.23.03 WS seq=12 phase=ACTION_MANEUVER (apply)
2026.09.26-04.23.03 SNAPSHOT applied seq=12 phase=ACTION_MANEUVER
2026.09.26-04.23.03 HANDLE_APPLIED #19 seq=12 decision=1 fightersValid=1 boardValid=1
2026.09.26-04.23.03 MODE seq=12 mode=0 combat=0 pending=0
2026.09.26-04.23.03 HUD seq=12 phase=ACTION_MANEUVER turn=opp hand=5 oppHand=2(hidden) oppDeck=25 deck=23 discard=2
2026.09.26-04.23.03 FIGHTERS synced n=6 alive=6 own=2 enemy=4
2026.09.26-04.23.03 MANEUVER done seq=12 (merge) fighters=6 boost=no
2026.09.26-04.23.03 SNAPSHOT applied seq=13 phase=COMBAT
2026.09.26-04.23.03 HANDLE_APPLIED #20 seq=13 decision=2 fightersValid=1 boardValid=1
2026.09.26-04.23.03 closed mode=
2026.09.26-04.23.03 MODE seq=13 mode=4 combat=1 pending=0
2026.09.26-04.23.03 HUD seq=13 phase=COMBAT turn=opp hand=5 oppHand=1(hidden) oppDeck=25~ deck=23~ discard=2
2026.09.26-04.23.03 FIGHTERS synced n=6 alive=6 own=2 enemy=4
2026.09.26-04.23.03 WS seq=13 phase=COMBAT (apply)
2026.09.26-04.23.04 S09AUTO drive mode=4 plan=[defend+resolve] phase=COMBAT turn=cmuhntivg0000wib0anhqyswc
2026.09.26-04.23.04 S09AUTO defense card picked
2026.09.26-04.23.04 DEFENSE sent
2026.09.26-04.23.04 SNAPSHOT applied seq=14 phase=COMBAT_RESOLVE
2026.09.26-04.23.04 HANDLE_APPLIED #21 seq=14 decision=2 fightersValid=1 boardValid=1
2026.09.26-04.23.04 closed mode=
2026.09.26-04.23.04 MODE seq=14 mode=5 combat=1 pending=0
2026.09.26-04.23.04 HUD seq=14 phase=COMBAT_RESOLVE turn=opp hand=4 oppHand=1(hidden) oppDeck=25~ deck=23~ discard=3
2026.09.26-04.23.04 FIGHTERS synced n=6 alive=6 own=2 enemy=4
2026.09.26-04.23.04 WS seq=14 phase=COMBAT_RESOLVE (apply)
2026.09.26-04.23.04 SNAPSHOT applied seq=14 phase=COMBAT_RESOLVE
2026.09.26-04.23.04 HANDLE_APPLIED #22 seq=14 decision=1 fightersValid=1 boardValid=1
2026.09.26-04.23.04 MODE seq=14 mode=5 combat=1 pending=0
2026.09.26-04.23.04 HUD seq=14 phase=COMBAT_RESOLVE turn=opp hand=4 oppHand=1(hidden) oppDeck=25 deck=23 discard=3
2026.09.26-04.23.04 FIGHTERS synced n=6 alive=6 own=2 enemy=4
2026.09.26-04.23.04 DEFENSE done seq=14 (merge) phase=COMBAT_RESOLVE
2026.09.26-04.23.04 S09AUTO drive mode=5 plan=[defend+resolve] phase=COMBAT_RESOLVE turn=cmuhntivg0000wib0anhqyswc
2026.09.26-04.23.04 S09AUTO resolve
2026.09.26-04.23.04 RESOLVE sent
2026.09.26-04.23.04 SNAPSHOT applied seq=15 phase=COMBAT_RESOLVE
2026.09.26-04.23.04 HANDLE_APPLIED #23 seq=15 decision=2 fightersValid=1 boardValid=1
2026.09.26-04.23.04 closed mode=
2026.09.26-04.23.04 MODE seq=15 mode=0 combat=1 pending=1
2026.09.26-04.23.04 HUD seq=15 phase=COMBAT_RESOLVE turn=opp hand=4 oppHand=1(hidden) oppDeck=25~ deck=23~ discard=3
2026.09.26-04.23.04 FIGHTERS synced n=6 alive=6 own=2 enemy=4
2026.09.26-04.23.04 WS seq=15 phase=COMBAT_RESOLVE (apply)
2026.09.26-04.23.04 SNAPSHOT applied seq=15 phase=COMBAT_RESOLVE
2026.09.26-04.23.04 HANDLE_APPLIED #24 seq=15 decision=1 fightersValid=1 boardValid=1
2026.09.26-04.23.04 MODE seq=15 mode=0 combat=1 pending=1
2026.09.26-04.23.04 HUD seq=15 phase=COMBAT_RESOLVE turn=opp hand=4 oppHand=1(hidden) oppDeck=25 deck=23 discard=3
2026.09.26-04.23.04 FIGHTERS synced n=6 alive=6 own=2 enemy=4
2026.09.26-04.23.04 RESOLVE done seq=15 (merge) phase=COMBAT_RESOLVE
2026.09.26-04.23.04 S09AUTO drive mode=0 plan=[defend+resolve] phase=COMBAT_RESOLVE turn=cmuhntivg0000wib0anhqyswc
2026.09.26-04.23.08 SNAPSHOT applied seq=16 phase=ACTION_MANEUVER
2026.09.26-04.23.08 HANDLE_APPLIED #25 seq=16 decision=2 fightersValid=1 boardValid=1
2026.09.26-04.23.08 COMBAT-RESULT seq=16 damage=3 role=defended
2026.09.26-04.23.08 MODE seq=16 mode=0 combat=0 pending=0
2026.09.26-04.23.08 HUD seq=16 phase=ACTION_MANEUVER turn=opp hand=4 oppHand=0(hidden) oppDeck=25~ deck=23~ discard=3
2026.09.26-04.23.08 FIGHTERS synced n=6 alive=6 own=2 enemy=4
2026.09.26-04.23.08 CUE damage f-1-hero -3 seq=16
2026.09.26-04.23.08 WS seq=16 phase=ACTION_MANEUVER (apply)
2026.09.26-04.23.08 SNAPSHOT applied seq=17 phase=ACTION_MANEUVER
2026.09.26-04.23.08 HANDLE_APPLIED #26 seq=17 decision=2 fightersValid=1 boardValid=1
2026.09.26-04.23.08 MODE seq=17 mode=0 combat=0 pending=0
2026.09.26-04.23.08 HUD seq=17 phase=ACTION_MANEUVER turn=opp hand=4 oppHand=1(hidden) oppDeck=25~ deck=23~ discard=3
2026.09.26-04.23.08 FIGHTERS synced n=6 alive=6 own=2 enemy=4
2026.09.26-04.23.08 WS seq=17 phase=ACTION_MANEUVER (apply)
2026.09.26-04.23.09 SNAPSHOT applied seq=18 phase=ACTION_MANEUVER
2026.09.26-04.23.09 HANDLE_APPLIED #27 seq=18 decision=2 fightersValid=1 boardValid=1
2026.09.26-04.23.09 MODE seq=18 mode=0 combat=0 pending=0
2026.09.26-04.23.09 HUD seq=18 phase=ACTION_MANEUVER turn=you hand=4 oppHand=1(hidden) oppDeck=25~ deck=23~ discard=3
2026.09.26-04.23.09 FIGHTERS synced n=6 alive=6 own=2 enemy=4
2026.09.26-04.23.09 WS seq=18 phase=ACTION_MANEUVER (apply)
2026.09.26-04.23.09 S09AUTO own turn #1 (turnCount=4)
2026.09.26-04.23.09 SNAPSHOT applied seq=19 phase=ACTION_MANEUVER
2026.09.26-04.23.09 HANDLE_APPLIED #28 seq=19 decision=2 fightersValid=1 boardValid=1
2026.09.26-04.23.09 MANEUVER-DRAFT mode=maneuver:4:18
2026.09.26-04.23.09 DRAFT-OPEN draw committed (resume instead of begin)
2026.09.26-04.23.09 MODE seq=19 mode=1 combat=0 pending=0
2026.09.26-04.23.09 HUD seq=19 phase=ACTION_MANEUVER turn=you hand=5 oppHand=1(hidden) oppDeck=25~ deck=23~ discard=3
2026.09.26-04.23.09 FIGHTERS synced n=6 alive=6 own=2 enemy=4
2026.09.26-04.23.09 WS seq=19 phase=ACTION_MANEUVER (apply)
2026.09.26-04.23.09 SNAPSHOT applied seq=19 phase=ACTION_MANEUVER
2026.09.26-04.23.09 HANDLE_APPLIED #29 seq=19 decision=1 fightersValid=1 boardValid=1
2026.09.26-04.23.09 MODE seq=19 mode=1 combat=0 pending=0
2026.09.26-04.23.09 HUD seq=19 phase=ACTION_MANEUVER turn=you hand=5 oppHand=1(hidden) oppDeck=24 deck=22 discard=3
2026.09.26-04.23.09 FIGHTERS synced n=6 alive=6 own=2 enemy=4
2026.09.26-04.23.09 MANEUVER begin seq=19 (merge) pending=maneuver:4:18
2026.09.26-04.23.09 S09AUTO drive mode=1 plan=[defend+resolve] phase=ACTION_MANEUVER turn=cmuhntiwu0001wib0z281rpa8
2026.09.26-04.23.09 S09AUTO zero-move confirm (draw only, no movement)
2026.09.26-04.23.09 MANEUVER-CONFIRM moves=0 boost=none
2026.09.26-04.23.10 SNAPSHOT applied seq=20 phase=ACTION_MANEUVER
2026.09.26-04.23.10 HANDLE_APPLIED #30 seq=20 decision=2 fightersValid=1 boardValid=1
2026.09.26-04.23.10 closed mode=
2026.09.26-04.23.10 MODE seq=20 mode=0 combat=0 pending=0
2026.09.26-04.23.10 HUD seq=20 phase=ACTION_MANEUVER turn=you hand=5 oppHand=1(hidden) oppDeck=24~ deck=22~ discard=3
2026.09.26-04.23.10 FIGHTERS synced n=6 alive=6 own=2 enemy=4
2026.09.26-04.23.10 WS seq=20 phase=ACTION_MANEUVER (apply)
2026.09.26-04.23.10 SNAPSHOT applied seq=20 phase=ACTION_MANEUVER
2026.09.26-04.23.10 HANDLE_APPLIED #31 seq=20 decision=1 fightersValid=1 boardValid=1
2026.09.26-04.23.10 MODE seq=20 mode=0 combat=0 pending=0
2026.09.26-04.23.10 HUD seq=20 phase=ACTION_MANEUVER turn=you hand=5 oppHand=1(hidden) oppDeck=24 deck=22 discard=3
2026.09.26-04.23.10 FIGHTERS synced n=6 alive=6 own=2 enemy=4
2026.09.26-04.23.10 MANEUVER done seq=20 (merge) fighters=6 boost=no
2026.09.26-04.23.11 S09AUTO drive mode=0 plan=[defend+resolve] phase=ACTION_MANEUVER turn=cmuhntiwu0001wib0z281rpa8
2026.09.26-04.23.11 SNAPSHOT applied seq=21 phase=ACTION_MANEUVER
2026.09.26-04.23.11 HANDLE_APPLIED #32 seq=21 decision=2 fightersValid=1 boardValid=1
2026.09.26-04.23.11 MANEUVER-DRAFT mode=maneuver:4:20
2026.09.26-04.23.11 DRAFT-OPEN draw committed (resume instead of begin)
2026.09.26-04.23.11 MODE seq=21 mode=1 combat=0 pending=0
2026.09.26-04.23.11 HUD seq=21 phase=ACTION_MANEUVER turn=you hand=6 oppHand=1(hidden) oppDeck=24~ deck=22~ discard=3
2026.09.26-04.23.11 FIGHTERS synced n=6 alive=6 own=2 enemy=4
2026.09.26-04.23.11 WS seq=21 phase=ACTION_MANEUVER (apply)
2026.09.26-04.23.11 SNAPSHOT applied seq=21 phase=ACTION_MANEUVER
2026.09.26-04.23.11 HANDLE_APPLIED #33 seq=21 decision=1 fightersValid=1 boardValid=1
2026.09.26-04.23.11 MODE seq=21 mode=1 combat=0 pending=0
2026.09.26-04.23.11 HUD seq=21 phase=ACTION_MANEUVER turn=you hand=6 oppHand=1(hidden) oppDeck=24 deck=21 discard=3
2026.09.26-04.23.11 FIGHTERS synced n=6 alive=6 own=2 enemy=4
2026.09.26-04.23.11 MANEUVER begin seq=21 (merge) pending=maneuver:4:20
2026.09.26-04.23.11 S09AUTO drive mode=1 plan=[defend+resolve] phase=ACTION_MANEUVER turn=cmuhntiwu0001wib0z281rpa8
2026.09.26-04.23.11 MANEUVER-CONFIRM moves=1 boost=none
2026.09.26-04.23.11 SNAPSHOT applied seq=22 phase=ACTION_MANEUVER
2026.09.26-04.23.11 HANDLE_APPLIED #34 seq=22 decision=2 fightersValid=1 boardValid=1
2026.09.26-04.23.11 closed mode=
2026.09.26-04.23.11 MODE seq=22 mode=0 combat=0 pending=0
2026.09.26-04.23.11 HUD seq=22 phase=ACTION_MANEUVER turn=opp hand=6 oppHand=1(hidden) oppDeck=24~ deck=21~ discard=3
2026.09.26-04.23.11 FIGHTERS synced n=6 alive=6 own=2 enemy=4
2026.09.26-04.23.11 CUE move f-1-hero (2,3)->(1,3) seq=22
2026.09.26-04.23.11 WS seq=22 phase=ACTION_MANEUVER (apply)
2026.09.26-04.23.11 SNAPSHOT applied seq=22 phase=ACTION_MANEUVER
2026.09.26-04.23.11 HANDLE_APPLIED #35 seq=22 decision=1 fightersValid=1 boardValid=1
2026.09.26-04.23.11 MODE seq=22 mode=0 combat=0 pending=0
2026.09.26-04.23.11 HUD seq=22 phase=ACTION_MANEUVER turn=opp hand=6 oppHand=1(hidden) oppDeck=24 deck=21 discard=3
2026.09.26-04.23.11 FIGHTERS synced n=6 alive=6 own=2 enemy=4
2026.09.26-04.23.11 MANEUVER done seq=22 (merge) fighters=6 boost=no
2026.09.26-04.23.11 SNAPSHOT applied seq=23 phase=ACTION_MANEUVER
2026.09.26-04.23.11 HANDLE_APPLIED #36 seq=23 decision=2 fightersValid=1 boardValid=1
2026.09.26-04.23.11 MODE seq=23 mode=0 combat=0 pending=0
2026.09.26-04.23.11 HUD seq=23 phase=ACTION_MANEUVER turn=opp hand=6 oppHand=2(hidden) oppDeck=24~ deck=21~ discard=3
2026.09.26-04.23.11 FIGHTERS synced n=6 alive=6 own=2 enemy=4
2026.09.26-04.23.11 WS seq=23 phase=ACTION_MANEUVER (apply)
2026.09.26-04.23.11 SNAPSHOT applied seq=24 phase=ACTION_MANEUVER
2026.09.26-04.23.11 HANDLE_APPLIED #37 seq=24 decision=2 fightersValid=1 boardValid=1
2026.09.26-04.23.11 MODE seq=24 mode=0 combat=0 pending=0
2026.09.26-04.23.11 HUD seq=24 phase=ACTION_MANEUVER turn=opp hand=6 oppHand=2(hidden) oppDeck=24~ deck=21~ discard=3
2026.09.26-04.23.11 FIGHTERS synced n=6 alive=6 own=2 enemy=4
2026.09.26-04.23.11 CUE move f-0-hero (2,2)->(2,3) seq=24
2026.09.26-04.23.11 CUE move f-0-sk0 (3,2)->(4,2) seq=24
2026.09.26-04.23.11 WS seq=24 phase=ACTION_MANEUVER (apply)
2026.09.26-04.23.12 S09AUTO drive mode=0 plan=[defend+resolve] phase=ACTION_MANEUVER turn=cmuhntivg0000wib0anhqyswc
2026.09.26-04.23.12 SNAPSHOT applied seq=25 phase=ACTION_MANEUVER
2026.09.26-04.23.12 HANDLE_APPLIED #38 seq=25 decision=2 fightersValid=1 boardValid=1
2026.09.26-04.23.12 MODE seq=25 mode=0 combat=0 pending=0
2026.09.26-04.23.12 HUD seq=25 phase=ACTION_MANEUVER turn=opp hand=6 oppHand=3(hidden) oppDeck=24~ deck=21~ discard=3
2026.09.26-04.23.12 FIGHTERS synced n=6 alive=6 own=2 enemy=4
2026.09.26-04.23.12 WS seq=25 phase=ACTION_MANEUVER (apply)
2026.09.26-04.23.12 SNAPSHOT applied seq=26 phase=ACTION_MANEUVER
2026.09.26-04.23.12 HANDLE_APPLIED #39 seq=26 decision=2 fightersValid=1 boardValid=1
2026.09.26-04.23.12 MODE seq=26 mode=0 combat=0 pending=0
2026.09.26-04.23.12 HUD seq=26 phase=ACTION_MANEUVER turn=you hand=6 oppHand=3(hidden) oppDeck=24~ deck=21~ discard=3
2026.09.26-04.23.12 FIGHTERS synced n=6 alive=6 own=2 enemy=4
2026.09.26-04.23.12 CUE move f-0-hero (2,3)->(2,4) seq=26
2026.09.26-04.23.12 WS seq=26 phase=ACTION_MANEUVER (apply)
2026.09.26-04.23.12 S09AUTO own turn #2 (turnCount=6)
2026.09.26-04.23.12 SNAPSHOT applied seq=27 phase=ACTION_MANEUVER
2026.09.26-04.23.12 HANDLE_APPLIED #40 seq=27 decision=2 fightersValid=1 boardValid=1
2026.09.26-04.23.12 MANEUVER-DRAFT mode=maneuver:6:26
2026.09.26-04.23.12 DRAFT-OPEN draw committed (resume instead of begin)
2026.09.26-04.23.12 MODE seq=27 mode=1 combat=0 pending=0
2026.09.26-04.23.12 HUD seq=27 phase=ACTION_MANEUVER turn=you hand=7 oppHand=3(hidden) oppDeck=24~ deck=21~ discard=3
2026.09.26-04.23.12 FIGHTERS synced n=6 alive=6 own=2 enemy=4
2026.09.26-04.23.12 WS seq=27 phase=ACTION_MANEUVER (apply)
2026.09.26-04.23.12 SNAPSHOT applied seq=27 phase=ACTION_MANEUVER
2026.09.26-04.23.12 HANDLE_APPLIED #41 seq=27 decision=1 fightersValid=1 boardValid=1
2026.09.26-04.23.12 MODE seq=27 mode=1 combat=0 pending=0
2026.09.26-04.23.12 HUD seq=27 phase=ACTION_MANEUVER turn=you hand=7 oppHand=3(hidden) oppDeck=22 deck=20 discard=3
2026.09.26-04.23.12 FIGHTERS synced n=6 alive=6 own=2 enemy=4
2026.09.26-04.23.12 MANEUVER begin seq=27 (merge) pending=maneuver:6:26
2026.09.26-04.23.12 S09AUTO drive mode=1 plan=[defend+resolve] phase=ACTION_MANEUVER turn=cmuhntiwu0001wib0z281rpa8
2026.09.26-04.23.12 S09AUTO multi-fighter moves=2
2026.09.26-04.23.12 MANEUVER-CONFIRM moves=2 boost=none
2026.09.26-04.23.12 SNAPSHOT applied seq=28 phase=ACTION_MANEUVER
2026.09.26-04.23.12 HANDLE_APPLIED #42 seq=28 decision=2 fightersValid=1 boardValid=1
2026.09.26-04.23.12 closed mode=
2026.09.26-04.23.12 MODE seq=28 mode=0 combat=0 pending=0
2026.09.26-04.23.12 HUD seq=28 phase=ACTION_MANEUVER turn=you hand=7 oppHand=3(hidden) oppDeck=22~ deck=20~ discard=3
2026.09.26-04.23.12 FIGHTERS synced n=6 alive=6 own=2 enemy=4
2026.09.26-04.23.12 CUE move f-1-hero (1,3)->(2,3) seq=28
2026.09.26-04.23.12 CUE move f-1-sk0 (3,3)->(4,3) seq=28
2026.09.26-04.23.12 WS seq=28 phase=ACTION_MANEUVER (apply)
2026.09.26-04.23.12 SNAPSHOT applied seq=28 phase=ACTION_MANEUVER
2026.09.26-04.23.12 HANDLE_APPLIED #43 seq=28 decision=1 fightersValid=1 boardValid=1
2026.09.26-04.23.12 MODE seq=28 mode=0 combat=0 pending=0
2026.09.26-04.23.12 HUD seq=28 phase=ACTION_MANEUVER turn=you hand=7 oppHand=3(hidden) oppDeck=22 deck=20 discard=3
2026.09.26-04.23.12 FIGHTERS synced n=6 alive=6 own=2 enemy=4
2026.09.26-04.23.12 MANEUVER done seq=28 (merge) fighters=6 boost=no
2026.09.26-04.23.14 S09AUTO drive mode=0 plan=[defend+resolve] phase=ACTION_MANEUVER turn=cmuhntiwu0001wib0z281rpa8
2026.09.26-04.23.14 SNAPSHOT applied seq=29 phase=ACTION_MANEUVER
2026.09.26-04.23.14 HANDLE_APPLIED #44 seq=29 decision=2 fightersValid=1 boardValid=1
2026.09.26-04.23.14 MANEUVER-DRAFT mode=maneuver:6:28
2026.09.26-04.23.14 DRAFT-OPEN draw committed (resume instead of begin)
2026.09.26-04.23.14 MODE seq=29 mode=1 combat=0 pending=0
2026.09.26-04.23.14 HUD seq=29 phase=ACTION_MANEUVER turn=you hand=8 oppHand=3(hidden) oppDeck=22~ deck=20~ discard=3
2026.09.26-04.23.14 FIGHTERS synced n=6 alive=6 own=2 enemy=4
2026.09.26-04.23.14 WS seq=29 phase=ACTION_MANEUVER (apply)
2026.09.26-04.23.14 SNAPSHOT applied seq=29 phase=ACTION_MANEUVER
2026.09.26-04.23.14 HANDLE_APPLIED #45 seq=29 decision=1 fightersValid=1 boardValid=1
2026.09.26-04.23.14 MODE seq=29 mode=1 combat=0 pending=0
2026.09.26-04.23.14 HUD seq=29 phase=ACTION_MANEUVER turn=you hand=8 oppHand=3(hidden) oppDeck=22 deck=19 discard=3
2026.09.26-04.23.14 FIGHTERS synced n=6 alive=6 own=2 enemy=4
2026.09.26-04.23.14 MANEUVER begin seq=29 (merge) pending=maneuver:6:28
2026.09.26-04.23.14 S09AUTO drive mode=1 plan=[defend+resolve] phase=ACTION_MANEUVER turn=cmuhntiwu0001wib0z281rpa8
2026.09.26-04.23.14 MANEUVER-CONFIRM moves=1 boost=none
2026.09.26-04.23.14 SNAPSHOT applied seq=30 phase=TURN_END
2026.09.26-04.23.14 HANDLE_APPLIED #46 seq=30 decision=2 fightersValid=1 boardValid=1
2026.09.26-04.23.14 DISCARD-DRAFT count=1 pending=discard:6:30
2026.09.26-04.23.14 MODE seq=30 mode=2 combat=0 pending=0
2026.09.26-04.23.14 HUD seq=30 phase=TURN_END turn=you hand=8 oppHand=3(hidden) oppDeck=22~ deck=19~ discard=3 pendingDiscard=1
2026.09.26-04.23.14 FIGHTERS synced n=6 alive=6 own=2 enemy=4
2026.09.26-04.23.14 CUE move f-1-hero (2,3)->(3,3) seq=30
2026.09.26-04.23.14 WS seq=30 phase=TURN_END (apply)
2026.09.26-04.23.14 SNAPSHOT applied seq=30 phase=TURN_END
2026.09.26-04.23.14 HANDLE_APPLIED #47 seq=30 decision=1 fightersValid=1 boardValid=1
2026.09.26-04.23.14 MODE seq=30 mode=2 combat=0 pending=0
2026.09.26-04.23.14 HUD seq=30 phase=TURN_END turn=you hand=8 oppHand=3(hidden) oppDeck=22 deck=19 discard=3 pendingDiscard=1
2026.09.26-04.23.14 FIGHTERS synced n=6 alive=6 own=2 enemy=4
2026.09.26-04.23.14 MANEUVER done seq=30 (merge) fighters=6 boost=no
2026.09.26-04.23.15 SHOT ctx viewport=1280x720 viewTarget=CameraActor_2147482375 cam=(0,1107,1582) rot=(-55,-90,0)
2026.09.26-04.23.15 SHOT fighter f-0-hero pos=(2,4) world=(0,150,0) screen=(640,495) projected=1 alive=1
2026.09.26-04.23.15 SHOT fighter f-0-sk0 pos=(4,2) world=(200,-50,0) screen=(847,318) projected=1 alive=1
2026.09.26-04.23.15 SHOT fighter f-0-sk1 pos=(2,1) world=(0,-150,0) screen=(640,236) projected=1 alive=1
2026.09.26-04.23.15 SHOT fighter f-0-sk2 pos=(1,2) world=(-100,-50,0) screen=(536,318) projected=1 alive=1
2026.09.26-04.23.15 SHOT fighter f-1-hero pos=(3,3) world=(100,50,0) screen=(747,404) projected=1 alive=1
2026.09.26-04.23.15 SHOT fighter f-1-sk0 pos=(4,3) world=(200,50,0) screen=(853,404) projected=1 alive=1
2026.09.26-04.23.15 SHOT requested: FScreenshotRequest(bShowUI) -> C:\Users\ren\AppData\Local\Temp\s09-combat-20260926-092234-73528\joiner/s09-discard-open.png
2026.09.26-04.23.15 S09AUTO drive mode=2 plan=[defend+resolve] phase=TURN_END turn=cmuhntiwu0001wib0z281rpa8
2026.09.26-04.23.15 S09AUTO discard picks=1
2026.09.26-04.23.15 DISCARD-CONFIRM pending=discard:6:30 count=1 ids=cmuhgvgi400ouwi9gf4p16bon::0
2026.09.26-04.23.15 SNAPSHOT applied seq=31 phase=ACTION_MANEUVER
2026.09.26-04.23.15 HANDLE_APPLIED #48 seq=31 decision=2 fightersValid=1 boardValid=1
2026.09.26-04.23.15 closed mode=
2026.09.26-04.23.15 MODE seq=31 mode=0 combat=0 pending=1
2026.09.26-04.23.15 HUD seq=31 phase=ACTION_MANEUVER turn=opp hand=7 oppHand=3(hidden) oppDeck=22~ deck=19~ discard=4
2026.09.26-04.23.15 FIGHTERS synced n=6 alive=6 own=2 enemy=4
2026.09.26-04.23.15 WS seq=31 phase=ACTION_MANEUVER (apply)
2026.09.26-04.23.15 SNAPSHOT applied seq=31 phase=ACTION_MANEUVER
2026.09.26-04.23.15 HANDLE_APPLIED #49 seq=31 decision=1 fightersValid=1 boardValid=1
2026.09.26-04.23.15 MODE seq=31 mode=0 combat=0 pending=1
2026.09.26-04.23.15 HUD seq=31 phase=ACTION_MANEUVER turn=opp hand=7 oppHand=3(hidden) oppDeck=22 deck=19 discard=4
2026.09.26-04.23.15 FIGHTERS synced n=6 alive=6 own=2 enemy=4
2026.09.26-04.23.15 DISCARD done seq=31 phase=ACTION_MANEUVER count=1
2026.09.26-04.23.15 SNAPSHOT applied seq=32 phase=ACTION_MANEUVER
2026.09.26-04.23.15 HANDLE_APPLIED #50 seq=32 decision=2 fightersValid=1 boardValid=1
2026.09.26-04.23.15 MODE seq=32 mode=0 combat=0 pending=0
2026.09.26-04.23.15 HUD seq=32 phase=ACTION_MANEUVER turn=opp hand=7 oppHand=3(hidden) oppDeck=22~ deck=19~ discard=4
2026.09.26-04.23.15 FIGHTERS synced n=6 alive=6 own=2 enemy=4
2026.09.26-04.23.15 CUE damage f-1-hero -1 seq=32
2026.09.26-04.23.15 WS seq=32 phase=ACTION_MANEUVER (apply)
2026.09.26-04.23.15 SNAPSHOT applied seq=33 phase=ACTION_MANEUVER
2026.09.26-04.23.15 HANDLE_APPLIED #51 seq=33 decision=2 fightersValid=1 boardValid=1
2026.09.26-04.23.15 MODE seq=33 mode=0 combat=0 pending=0
2026.09.26-04.23.15 HUD seq=33 phase=ACTION_MANEUVER turn=opp hand=7 oppHand=4(hidden) oppDeck=22~ deck=19~ discard=4
2026.09.26-04.23.15 FIGHTERS synced n=6 alive=6 own=2 enemy=4
2026.09.26-04.23.15 WS seq=33 phase=ACTION_MANEUVER (apply)
2026.09.26-04.23.15 SNAPSHOT applied seq=34 phase=ACTION_MANEUVER
2026.09.26-04.23.15 HANDLE_APPLIED #52 seq=34 decision=2 fightersValid=1 boardValid=1
2026.09.26-04.23.15 MODE seq=34 mode=0 combat=0 pending=0
2026.09.26-04.23.15 HUD seq=34 phase=ACTION_MANEUVER turn=opp hand=7 oppHand=4(hidden) oppDeck=22~ deck=19~ discard=4
2026.09.26-04.23.15 FIGHTERS synced n=6 alive=6 own=2 enemy=4
2026.09.26-04.23.15 CUE move f-0-hero (2,4)->(3,4) seq=34
2026.09.26-04.23.15 WS seq=34 phase=ACTION_MANEUVER (apply)
2026.09.26-04.23.16 S09AUTO drive mode=0 plan=[defend+resolve] phase=ACTION_MANEUVER turn=cmuhntivg0000wib0anhqyswc
2026.09.26-04.23.16 SNAPSHOT applied seq=35 phase=COMBAT
2026.09.26-04.23.16 HANDLE_APPLIED #53 seq=35 decision=2 fightersValid=1 boardValid=1
2026.09.26-04.23.16 closed mode=
2026.09.26-04.23.16 MODE seq=35 mode=4 combat=1 pending=0
2026.09.26-04.23.16 HUD seq=35 phase=COMBAT turn=opp hand=7 oppHand=3(hidden) oppDeck=22~ deck=19~ discard=4
2026.09.26-04.23.16 FIGHTERS synced n=6 alive=6 own=2 enemy=4
2026.09.26-04.23.16 WS seq=35 phase=COMBAT (apply)
2026.09.26-04.23.16 S09AUTO drive mode=4 plan=[defend+resolve] phase=COMBAT turn=cmuhntivg0000wib0anhqyswc
2026.09.26-04.23.16 S09AUTO defense card picked
2026.09.26-04.23.16 DEFENSE sent
2026.09.26-04.23.16 SNAPSHOT applied seq=36 phase=COMBAT_RESOLVE
2026.09.26-04.23.16 HANDLE_APPLIED #54 seq=36 decision=2 fightersValid=1 boardValid=1
2026.09.26-04.23.16 closed mode=
2026.09.26-04.23.16 MODE seq=36 mode=5 combat=1 pending=0
2026.09.26-04.23.16 HUD seq=36 phase=COMBAT_RESOLVE turn=opp hand=6 oppHand=3(hidden) oppDeck=22~ deck=19~ discard=5
2026.09.26-04.23.16 FIGHTERS synced n=6 alive=6 own=2 enemy=4
2026.09.26-04.23.16 WS seq=36 phase=COMBAT_RESOLVE (apply)
2026.09.26-04.23.16 SNAPSHOT applied seq=36 phase=COMBAT_RESOLVE
2026.09.26-04.23.16 HANDLE_APPLIED #55 seq=36 decision=1 fightersValid=1 boardValid=1
2026.09.26-04.23.16 MODE seq=36 mode=5 combat=1 pending=0
2026.09.26-04.23.16 HUD seq=36 phase=COMBAT_RESOLVE turn=opp hand=6 oppHand=3(hidden) oppDeck=21 deck=19 discard=5
2026.09.26-04.23.16 FIGHTERS synced n=6 alive=6 own=2 enemy=4
2026.09.26-04.23.16 DEFENSE done seq=36 (merge) phase=COMBAT_RESOLVE
2026.09.26-04.23.16 S09AUTO drive mode=5 plan=[defend+resolve] phase=COMBAT_RESOLVE turn=cmuhntivg0000wib0anhqyswc
2026.09.26-04.23.16 S09AUTO resolve
2026.09.26-04.23.16 RESOLVE sent
2026.09.26-04.23.17 SNAPSHOT applied seq=37 phase=ACTION_MANEUVER
2026.09.26-04.23.17 HANDLE_APPLIED #56 seq=37 decision=2 fightersValid=1 boardValid=1
2026.09.26-04.23.17 COMBAT-RESULT seq=37 damage=1 role=defended
2026.09.26-04.23.17 closed mode=
2026.09.26-04.23.17 MODE seq=37 mode=0 combat=0 pending=0
2026.09.26-04.23.17 HUD seq=37 phase=ACTION_MANEUVER turn=you hand=6 oppHand=3(hidden) oppDeck=21~ deck=19~ discard=5
2026.09.26-04.23.17 FIGHTERS synced n=6 alive=6 own=2 enemy=4
2026.09.26-04.23.17 CUE damage f-1-hero -1 seq=37
2026.09.26-04.23.17 WS seq=37 phase=ACTION_MANEUVER (apply)
2026.09.26-04.23.17 SNAPSHOT applied seq=37 phase=ACTION_MANEUVER
2026.09.26-04.23.17 HANDLE_APPLIED #57 seq=37 decision=1 fightersValid=1 boardValid=1
2026.09.26-04.23.17 MODE seq=37 mode=0 combat=0 pending=0
2026.09.26-04.23.17 HUD seq=37 phase=ACTION_MANEUVER turn=you hand=6 oppHand=3(hidden) oppDeck=21 deck=19 discard=5
2026.09.26-04.23.17 FIGHTERS synced n=6 alive=6 own=2 enemy=4
2026.09.26-04.23.17 RESOLVE done seq=37 (merge) phase=ACTION_MANEUVER
2026.09.26-04.23.17 S09AUTO drive mode=0 plan=[defend+resolve] phase=ACTION_MANEUVER turn=cmuhntiwu0001wib0z281rpa8
2026.09.26-04.23.17 S09AUTO own turn #3 (turnCount=8)
2026.09.26-04.23.17 SNAPSHOT applied seq=38 phase=ACTION_MANEUVER
2026.09.26-04.23.17 HANDLE_APPLIED #58 seq=38 decision=2 fightersValid=1 boardValid=1
2026.09.26-04.23.17 MANEUVER-DRAFT mode=maneuver:8:37
2026.09.26-04.23.17 DRAFT-OPEN draw committed (resume instead of begin)
2026.09.26-04.23.17 MODE seq=38 mode=1 combat=0 pending=0
2026.09.26-04.23.17 HUD seq=38 phase=ACTION_MANEUVER turn=you hand=7 oppHand=3(hidden) oppDeck=21~ deck=19~ discard=5
2026.09.26-04.23.17 FIGHTERS synced n=6 alive=6 own=2 enemy=4
2026.09.26-04.23.17 WS seq=38 phase=ACTION_MANEUVER (apply)
2026.09.26-04.23.17 SNAPSHOT applied seq=38 phase=ACTION_MANEUVER
2026.09.26-04.23.17 HANDLE_APPLIED #59 seq=38 decision=1 fightersValid=1 boardValid=1
2026.09.26-04.23.17 MODE seq=38 mode=1 combat=0 pending=0
2026.09.26-04.23.17 HUD seq=38 phase=ACTION_MANEUVER turn=you hand=7 oppHand=3(hidden) oppDeck=21 deck=18 discard=5
2026.09.26-04.23.17 FIGHTERS synced n=6 alive=6 own=2 enemy=4
2026.09.26-04.23.17 MANEUVER begin seq=38 (merge) pending=maneuver:8:37
2026.09.26-04.23.17 S09AUTO drive mode=1 plan=[defend+resolve] phase=ACTION_MANEUVER turn=cmuhntiwu0001wib0z281rpa8
2026.09.26-04.23.17 MANEUVER-CONFIRM moves=1 boost=none
2026.09.26-04.23.17 SNAPSHOT applied seq=39 phase=ACTION_MANEUVER
2026.09.26-04.23.17 HANDLE_APPLIED #60 seq=39 decision=2 fightersValid=1 boardValid=1
2026.09.26-04.23.17 closed mode=
2026.09.26-04.23.17 MODE seq=39 mode=0 combat=0 pending=0
2026.09.26-04.23.17 HUD seq=39 phase=ACTION_MANEUVER turn=you hand=7 oppHand=3(hidden) oppDeck=21~ deck=18~ discard=5
2026.09.26-04.23.17 FIGHTERS synced n=6 alive=6 own=2 enemy=4
2026.09.26-04.23.17 CUE move f-1-hero (3,3)->(2,3) seq=39
2026.09.26-04.23.17 WS seq=39 phase=ACTION_MANEUVER (apply)
2026.09.26-04.23.17 SNAPSHOT applied seq=39 phase=ACTION_MANEUVER
2026.09.26-04.23.17 HANDLE_APPLIED #61 seq=39 decision=1 fightersValid=1 boardValid=1
2026.09.26-04.23.17 MODE seq=39 mode=0 combat=0 pending=0
2026.09.26-04.23.17 HUD seq=39 phase=ACTION_MANEUVER turn=you hand=7 oppHand=3(hidden) oppDeck=21 deck=18 discard=5
2026.09.26-04.23.17 FIGHTERS synced n=6 alive=6 own=2 enemy=4
2026.09.26-04.23.17 MANEUVER done seq=39 (merge) fighters=6 boost=no
2026.09.26-04.23.18 S09AUTO drive mode=0 plan=[defend+resolve] phase=ACTION_MANEUVER turn=cmuhntiwu0001wib0z281rpa8
2026.09.26-04.23.18 SNAPSHOT applied seq=40 phase=ACTION_MANEUVER
2026.09.26-04.23.18 HANDLE_APPLIED #62 seq=40 decision=2 fightersValid=1 boardValid=1
2026.09.26-04.23.18 MANEUVER-DRAFT mode=maneuver:8:39
2026.09.26-04.23.18 DRAFT-OPEN draw committed (resume instead of begin)
2026.09.26-04.23.18 MODE seq=40 mode=1 combat=0 pending=0
2026.09.26-04.23.18 HUD seq=40 phase=ACTION_MANEUVER turn=you hand=8 oppHand=3(hidden) oppDeck=21~ deck=18~ discard=5
2026.09.26-04.23.18 FIGHTERS synced n=6 alive=6 own=2 enemy=4
2026.09.26-04.23.18 WS seq=40 phase=ACTION_MANEUVER (apply)
2026.09.26-04.23.18 SNAPSHOT applied seq=40 phase=ACTION_MANEUVER
2026.09.26-04.23.18 HANDLE_APPLIED #63 seq=40 decision=1 fightersValid=1 boardValid=1
2026.09.26-04.23.18 MODE seq=40 mode=1 combat=0 pending=0
2026.09.26-04.23.18 HUD seq=40 phase=ACTION_MANEUVER turn=you hand=8 oppHand=3(hidden) oppDeck=21 deck=17 discard=5
2026.09.26-04.23.18 FIGHTERS synced n=6 alive=6 own=2 enemy=4
2026.09.26-04.23.18 MANEUVER begin seq=40 (merge) pending=maneuver:8:39
2026.09.26-04.23.18 S09AUTO drive mode=1 plan=[defend+resolve] phase=ACTION_MANEUVER turn=cmuhntiwu0001wib0z281rpa8
2026.09.26-04.23.18 MANEUVER-CONFIRM moves=1 boost=none
2026.09.26-04.23.18 SNAPSHOT applied seq=41 phase=TURN_END
2026.09.26-04.23.18 HANDLE_APPLIED #64 seq=41 decision=2 fightersValid=1 boardValid=1
2026.09.26-04.23.18 DISCARD-DRAFT count=1 pending=discard:8:41
2026.09.26-04.23.18 MODE seq=41 mode=2 combat=0 pending=0
2026.09.26-04.23.18 HUD seq=41 phase=TURN_END turn=you hand=8 oppHand=3(hidden) oppDeck=21~ deck=17~ discard=5 pendingDiscard=1
2026.09.26-04.23.18 FIGHTERS synced n=6 alive=6 own=2 enemy=4
2026.09.26-04.23.18 CUE move f-1-hero (2,3)->(3,3) seq=41
2026.09.26-04.23.18 WS seq=41 phase=TURN_END (apply)
2026.09.26-04.23.18 SNAPSHOT applied seq=41 phase=TURN_END
2026.09.26-04.23.18 HANDLE_APPLIED #65 seq=41 decision=1 fightersValid=1 boardValid=1
2026.09.26-04.23.18 MODE seq=41 mode=2 combat=0 pending=0
2026.09.26-04.23.18 HUD seq=41 phase=TURN_END turn=you hand=8 oppHand=3(hidden) oppDeck=21 deck=17 discard=5 pendingDiscard=1
2026.09.26-04.23.18 FIGHTERS synced n=6 alive=6 own=2 enemy=4
2026.09.26-04.23.18 MANEUVER done seq=41 (merge) fighters=6 boost=no
2026.09.26-04.23.19 S09AUTO drive mode=2 plan=[defend+resolve] phase=TURN_END turn=cmuhntiwu0001wib0z281rpa8
2026.09.26-04.23.19 S09AUTO discard picks=1
2026.09.26-04.23.19 DISCARD-CONFIRM pending=discard:8:41 count=1 ids=cmuhgvgi300oswi9gm8lj3wbw::1
2026.09.26-04.23.19 SNAPSHOT applied seq=42 phase=ACTION_MANEUVER
2026.09.26-04.23.19 HANDLE_APPLIED #66 seq=42 decision=2 fightersValid=1 boardValid=1
2026.09.26-04.23.19 closed mode=
2026.09.26-04.23.19 MODE seq=42 mode=0 combat=0 pending=1
2026.09.26-04.23.19 HUD seq=42 phase=ACTION_MANEUVER turn=opp hand=7 oppHand=3(hidden) oppDeck=21~ deck=17~ discard=6
2026.09.26-04.23.19 FIGHTERS synced n=6 alive=6 own=2 enemy=4
2026.09.26-04.23.19 WS seq=42 phase=ACTION_MANEUVER (apply)
2026.09.26-04.23.19 SNAPSHOT applied seq=42 phase=ACTION_MANEUVER
2026.09.26-04.23.19 HANDLE_APPLIED #67 seq=42 decision=1 fightersValid=1 boardValid=1
2026.09.26-04.23.19 MODE seq=42 mode=0 combat=0 pending=1
2026.09.26-04.23.19 HUD seq=42 phase=ACTION_MANEUVER turn=opp hand=7 oppHand=3(hidden) oppDeck=21 deck=17 discard=6
2026.09.26-04.23.19 FIGHTERS synced n=6 alive=6 own=2 enemy=4
2026.09.26-04.23.19 DISCARD done seq=42 phase=ACTION_MANEUVER count=1
2026.09.26-04.23.19 SNAPSHOT applied seq=43 phase=ACTION_MANEUVER
2026.09.26-04.23.19 HANDLE_APPLIED #68 seq=43 decision=2 fightersValid=1 boardValid=1
2026.09.26-04.23.19 MODE seq=43 mode=0 combat=0 pending=0
2026.09.26-04.23.19 HUD seq=43 phase=ACTION_MANEUVER turn=opp hand=7 oppHand=3(hidden) oppDeck=21~ deck=17~ discard=6
2026.09.26-04.23.19 FIGHTERS synced n=6 alive=6 own=2 enemy=4
2026.09.26-04.23.19 CUE damage f-1-hero -1 seq=43
2026.09.26-04.23.19 WS seq=43 phase=ACTION_MANEUVER (apply)
2026.09.26-04.23.19 SNAPSHOT applied seq=44 phase=COMBAT
2026.09.26-04.23.19 HANDLE_APPLIED #69 seq=44 decision=2 fightersValid=1 boardValid=1
2026.09.26-04.23.19 closed mode=
2026.09.26-04.23.19 MODE seq=44 mode=4 combat=1 pending=0
2026.09.26-04.23.19 HUD seq=44 phase=COMBAT turn=opp hand=7 oppHand=2(hidden) oppDeck=21~ deck=17~ discard=6
2026.09.26-04.23.19 FIGHTERS synced n=6 alive=6 own=2 enemy=4
2026.09.26-04.23.19 WS seq=44 phase=COMBAT (apply)
2026.09.26-04.23.20 S09AUTO drive mode=4 plan=[defend+resolve] phase=COMBAT turn=cmuhntivg0000wib0anhqyswc
2026.09.26-04.23.20 S09AUTO defense card picked
2026.09.26-04.23.20 DEFENSE sent
2026.09.26-04.23.20 SNAPSHOT applied seq=45 phase=COMBAT_RESOLVE
2026.09.26-04.23.20 HANDLE_APPLIED #70 seq=45 decision=2 fightersValid=1 boardValid=1
2026.09.26-04.23.20 closed mode=
2026.09.26-04.23.20 MODE seq=45 mode=5 combat=1 pending=0
2026.09.26-04.23.20 HUD seq=45 phase=COMBAT_RESOLVE turn=opp hand=6 oppHand=2(hidden) oppDeck=21~ deck=17~ discard=7
2026.09.26-04.23.20 FIGHTERS synced n=6 alive=6 own=2 enemy=4
2026.09.26-04.23.20 WS seq=45 phase=COMBAT_RESOLVE (apply)
2026.09.26-04.23.20 SNAPSHOT applied seq=45 phase=COMBAT_RESOLVE
2026.09.26-04.23.21 HANDLE_APPLIED #71 seq=45 decision=1 fightersValid=1 boardValid=1
2026.09.26-04.23.21 MODE seq=45 mode=5 combat=1 pending=0
2026.09.26-04.23.21 HUD seq=45 phase=COMBAT_RESOLVE turn=opp hand=6 oppHand=2(hidden) oppDeck=21 deck=17 discard=7
2026.09.26-04.23.21 FIGHTERS synced n=6 alive=6 own=2 enemy=4
2026.09.26-04.23.21 DEFENSE done seq=45 (merge) phase=COMBAT_RESOLVE
2026.09.26-04.23.21 S09AUTO drive mode=5 plan=[defend+resolve] phase=COMBAT_RESOLVE turn=cmuhntivg0000wib0anhqyswc
2026.09.26-04.23.21 S09AUTO resolve
2026.09.26-04.23.21 RESOLVE sent
2026.09.26-04.23.21 SNAPSHOT applied seq=46 phase=COMBAT_RESOLVE
2026.09.26-04.23.21 HANDLE_APPLIED #72 seq=46 decision=2 fightersValid=1 boardValid=1
2026.09.26-04.23.21 closed mode=
2026.09.26-04.23.21 MODE seq=46 mode=0 combat=1 pending=1
2026.09.26-04.23.21 HUD seq=46 phase=COMBAT_RESOLVE turn=opp hand=6 oppHand=2(hidden) oppDeck=21~ deck=17~ discard=7
2026.09.26-04.23.21 FIGHTERS synced n=6 alive=6 own=2 enemy=4
2026.09.26-04.23.21 WS seq=46 phase=COMBAT_RESOLVE (apply)
2026.09.26-04.23.21 SNAPSHOT applied seq=46 phase=COMBAT_RESOLVE
2026.09.26-04.23.21 HANDLE_APPLIED #73 seq=46 decision=1 fightersValid=1 boardValid=1
2026.09.26-04.23.21 MODE seq=46 mode=0 combat=1 pending=1
2026.09.26-04.23.21 HUD seq=46 phase=COMBAT_RESOLVE turn=opp hand=6 oppHand=2(hidden) oppDeck=21 deck=17 discard=7
2026.09.26-04.23.21 FIGHTERS synced n=6 alive=6 own=2 enemy=4
2026.09.26-04.23.21 RESOLVE done seq=46 (merge) phase=COMBAT_RESOLVE
2026.09.26-04.23.21 S09AUTO drive mode=0 plan=[defend+resolve] phase=COMBAT_RESOLVE turn=cmuhntivg0000wib0anhqyswc
2026.09.26-04.23.25 SNAPSHOT applied seq=47 phase=ACTION_MANEUVER
2026.09.26-04.23.25 HANDLE_APPLIED #74 seq=47 decision=2 fightersValid=1 boardValid=1
2026.09.26-04.23.25 COMBAT-RESULT seq=47 damage=4 role=defended
2026.09.26-04.23.25 MODE seq=47 mode=0 combat=0 pending=0
2026.09.26-04.23.25 HUD seq=47 phase=ACTION_MANEUVER turn=opp hand=6 oppHand=1(hidden) oppDeck=21~ deck=17~ discard=7
2026.09.26-04.23.25 FIGHTERS synced n=6 alive=6 own=2 enemy=4
2026.09.26-04.23.25 CUE damage f-1-hero -4 seq=47
2026.09.26-04.23.25 WS seq=47 phase=ACTION_MANEUVER (apply)
2026.09.26-04.23.25 SNAPSHOT applied seq=48 phase=ACTION_MANEUVER
2026.09.26-04.23.25 HANDLE_APPLIED #75 seq=48 decision=2 fightersValid=1 boardValid=1
2026.09.26-04.23.25 MODE seq=48 mode=0 combat=0 pending=0
2026.09.26-04.23.25 HUD seq=48 phase=ACTION_MANEUVER turn=opp hand=6 oppHand=2(hidden) oppDeck=21~ deck=17~ discard=7
2026.09.26-04.23.25 FIGHTERS synced n=6 alive=6 own=2 enemy=4
2026.09.26-04.23.25 WS seq=48 phase=ACTION_MANEUVER (apply)
2026.09.26-04.23.25 SNAPSHOT applied seq=49 phase=ACTION_MANEUVER
2026.09.26-04.23.25 HANDLE_APPLIED #76 seq=49 decision=2 fightersValid=1 boardValid=1
2026.09.26-04.23.25 MODE seq=49 mode=0 combat=0 pending=0
2026.09.26-04.23.25 HUD seq=49 phase=ACTION_MANEUVER turn=you hand=6 oppHand=2(hidden) oppDeck=21~ deck=17~ discard=7
2026.09.26-04.23.25 FIGHTERS synced n=6 alive=6 own=2 enemy=4
2026.09.26-04.23.25 CUE move f-0-hero (3,4)->(4,4) seq=49
2026.09.26-04.23.25 WS seq=49 phase=ACTION_MANEUVER (apply)
2026.09.26-04.23.25 S09AUTO own turn #4 (turnCount=10)
2026.09.26-04.23.25 SNAPSHOT applied seq=50 phase=ACTION_MANEUVER
2026.09.26-04.23.25 HANDLE_APPLIED #77 seq=50 decision=2 fightersValid=1 boardValid=1
2026.09.26-04.23.25 MANEUVER-DRAFT mode=maneuver:10:49
2026.09.26-04.23.25 DRAFT-OPEN draw committed (resume instead of begin)
2026.09.26-04.23.25 MODE seq=50 mode=1 combat=0 pending=0
2026.09.26-04.23.25 HUD seq=50 phase=ACTION_MANEUVER turn=you hand=7 oppHand=2(hidden) oppDeck=21~ deck=17~ discard=7
2026.09.26-04.23.25 FIGHTERS synced n=6 alive=6 own=2 enemy=4
2026.09.26-04.23.25 WS seq=50 phase=ACTION_MANEUVER (apply)
2026.09.26-04.23.25 SNAPSHOT applied seq=50 phase=ACTION_MANEUVER
2026.09.26-04.23.25 HANDLE_APPLIED #78 seq=50 decision=1 fightersValid=1 boardValid=1
2026.09.26-04.23.25 MODE seq=50 mode=1 combat=0 pending=0
2026.09.26-04.23.25 HUD seq=50 phase=ACTION_MANEUVER turn=you hand=7 oppHand=2(hidden) oppDeck=20 deck=16 discard=7
2026.09.26-04.23.25 FIGHTERS synced n=6 alive=6 own=2 enemy=4
2026.09.26-04.23.25 MANEUVER begin seq=50 (merge) pending=maneuver:10:49
2026.09.26-04.23.25 S09AUTO drive mode=1 plan=[defend+resolve] phase=ACTION_MANEUVER turn=cmuhntiwu0001wib0z281rpa8
2026.09.26-04.23.25 MANEUVER-CONFIRM moves=1 boost=none
2026.09.26-04.23.25 SNAPSHOT applied seq=51 phase=ACTION_MANEUVER
2026.09.26-04.23.25 HANDLE_APPLIED #79 seq=51 decision=2 fightersValid=1 boardValid=1
2026.09.26-04.23.25 closed mode=
2026.09.26-04.23.25 MODE seq=51 mode=0 combat=0 pending=0
2026.09.26-04.23.25 HUD seq=51 phase=ACTION_MANEUVER turn=you hand=7 oppHand=2(hidden) oppDeck=20~ deck=16~ discard=7
2026.09.26-04.23.25 FIGHTERS synced n=6 alive=6 own=2 enemy=4
2026.09.26-04.23.25 CUE move f-1-hero (3,3)->(2,3) seq=51
2026.09.26-04.23.25 WS seq=51 phase=ACTION_MANEUVER (apply)
2026.09.26-04.23.25 SNAPSHOT applied seq=51 phase=ACTION_MANEUVER
2026.09.26-04.23.25 HANDLE_APPLIED #80 seq=51 decision=1 fightersValid=1 boardValid=1
2026.09.26-04.23.25 MODE seq=51 mode=0 combat=0 pending=0
2026.09.26-04.23.25 HUD seq=51 phase=ACTION_MANEUVER turn=you hand=7 oppHand=2(hidden) oppDeck=20 deck=16 discard=7
2026.09.26-04.23.25 FIGHTERS synced n=6 alive=6 own=2 enemy=4
2026.09.26-04.23.25 MANEUVER done seq=51 (merge) fighters=6 boost=no
2026.09.26-04.23.26 S09AUTO drive mode=0 plan=[defend+resolve] phase=ACTION_MANEUVER turn=cmuhntiwu0001wib0z281rpa8
2026.09.26-04.23.26 SNAPSHOT applied seq=52 phase=ACTION_MANEUVER
2026.09.26-04.23.26 HANDLE_APPLIED #81 seq=52 decision=2 fightersValid=1 boardValid=1
2026.09.26-04.23.26 MANEUVER-DRAFT mode=maneuver:10:51
2026.09.26-04.23.26 DRAFT-OPEN draw committed (resume instead of begin)
2026.09.26-04.23.26 MODE seq=52 mode=1 combat=0 pending=0
2026.09.26-04.23.26 HUD seq=52 phase=ACTION_MANEUVER turn=you hand=8 oppHand=2(hidden) oppDeck=20~ deck=16~ discard=7
2026.09.26-04.23.26 FIGHTERS synced n=6 alive=6 own=2 enemy=4
2026.09.26-04.23.26 WS seq=52 phase=ACTION_MANEUVER (apply)
2026.09.26-04.23.26 SNAPSHOT applied seq=52 phase=ACTION_MANEUVER
2026.09.26-04.23.26 HANDLE_APPLIED #82 seq=52 decision=1 fightersValid=1 boardValid=1
2026.09.26-04.23.26 MODE seq=52 mode=1 combat=0 pending=0
2026.09.26-04.23.26 HUD seq=52 phase=ACTION_MANEUVER turn=you hand=8 oppHand=2(hidden) oppDeck=20 deck=15 discard=7
2026.09.26-04.23.26 FIGHTERS synced n=6 alive=6 own=2 enemy=4
2026.09.26-04.23.26 MANEUVER begin seq=52 (merge) pending=maneuver:10:51
2026.09.26-04.23.26 S09AUTO drive mode=1 plan=[defend+resolve] phase=ACTION_MANEUVER turn=cmuhntiwu0001wib0z281rpa8
2026.09.26-04.23.26 MANEUVER-CONFIRM moves=1 boost=none
2026.09.26-04.23.26 SNAPSHOT applied seq=53 phase=TURN_END
2026.09.26-04.23.26 HANDLE_APPLIED #83 seq=53 decision=2 fightersValid=1 boardValid=1
2026.09.26-04.23.26 DISCARD-DRAFT count=1 pending=discard:10:53
2026.09.26-04.23.26 MODE seq=53 mode=2 combat=0 pending=0
2026.09.26-04.23.26 HUD seq=53 phase=TURN_END turn=you hand=8 oppHand=2(hidden) oppDeck=20~ deck=15~ discard=7 pendingDiscard=1
2026.09.26-04.23.26 FIGHTERS synced n=6 alive=6 own=2 enemy=4
2026.09.26-04.23.26 CUE move f-1-hero (2,3)->(3,3) seq=53
2026.09.26-04.23.26 WS seq=53 phase=TURN_END (apply)
2026.09.26-04.23.26 SNAPSHOT applied seq=53 phase=TURN_END
2026.09.26-04.23.26 HANDLE_APPLIED #84 seq=53 decision=1 fightersValid=1 boardValid=1
2026.09.26-04.23.26 MODE seq=53 mode=2 combat=0 pending=0
2026.09.26-04.23.26 HUD seq=53 phase=TURN_END turn=you hand=8 oppHand=2(hidden) oppDeck=20 deck=15 discard=7 pendingDiscard=1
2026.09.26-04.23.26 FIGHTERS synced n=6 alive=6 own=2 enemy=4
2026.09.26-04.23.26 MANEUVER done seq=53 (merge) fighters=6 boost=no
2026.09.26-04.23.27 S09AUTO drive mode=2 plan=[defend+resolve] phase=TURN_END turn=cmuhntiwu0001wib0z281rpa8
2026.09.26-04.23.27 S09AUTO discard picks=1
2026.09.26-04.23.27 DISCARD-CONFIRM pending=discard:10:53 count=1 ids=cmuhgvghw00oewi9gm7pt0c36::0
2026.09.26-04.23.27 SNAPSHOT applied seq=54 phase=ACTION_MANEUVER
2026.09.26-04.23.27 HANDLE_APPLIED #85 seq=54 decision=2 fightersValid=1 boardValid=1
2026.09.26-04.23.27 closed mode=
2026.09.26-04.23.27 MODE seq=54 mode=0 combat=0 pending=1
2026.09.26-04.23.27 HUD seq=54 phase=ACTION_MANEUVER turn=opp hand=7 oppHand=2(hidden) oppDeck=20~ deck=15~ discard=8
2026.09.26-04.23.27 FIGHTERS synced n=6 alive=6 own=2 enemy=4
2026.09.26-04.23.27 WS seq=54 phase=ACTION_MANEUVER (apply)
2026.09.26-04.23.27 SNAPSHOT applied seq=54 phase=ACTION_MANEUVER
2026.09.26-04.23.27 HANDLE_APPLIED #86 seq=54 decision=1 fightersValid=1 boardValid=1
2026.09.26-04.23.27 MODE seq=54 mode=0 combat=0 pending=1
2026.09.26-04.23.27 HUD seq=54 phase=ACTION_MANEUVER turn=opp hand=7 oppHand=2(hidden) oppDeck=20 deck=15 discard=8
2026.09.26-04.23.27 FIGHTERS synced n=6 alive=6 own=2 enemy=4
2026.09.26-04.23.27 DISCARD done seq=54 phase=ACTION_MANEUVER count=1
2026.09.26-04.23.27 SNAPSHOT applied seq=55 phase=ACTION_MANEUVER
2026.09.26-04.23.27 HANDLE_APPLIED #87 seq=55 decision=2 fightersValid=1 boardValid=1
2026.09.26-04.23.27 MODE seq=55 mode=0 combat=0 pending=0
2026.09.26-04.23.27 HUD seq=55 phase=ACTION_MANEUVER turn=opp hand=7 oppHand=2(hidden) oppDeck=20~ deck=15~ discard=8
2026.09.26-04.23.27 FIGHTERS synced n=6 alive=6 own=2 enemy=4
2026.09.26-04.23.27 CUE damage f-1-hero -1 seq=55
2026.09.26-04.23.27 WS seq=55 phase=ACTION_MANEUVER (apply)
2026.09.26-04.23.28 SNAPSHOT applied seq=56 phase=ACTION_MANEUVER
2026.09.26-04.23.28 HANDLE_APPLIED #88 seq=56 decision=2 fightersValid=1 boardValid=1
2026.09.26-04.23.28 MODE seq=56 mode=0 combat=0 pending=0
2026.09.26-04.23.28 HUD seq=56 phase=ACTION_MANEUVER turn=opp hand=7 oppHand=3(hidden) oppDeck=20~ deck=15~ discard=8
2026.09.26-04.23.28 FIGHTERS synced n=6 alive=6 own=2 enemy=4
2026.09.26-04.23.28 WS seq=56 phase=ACTION_MANEUVER (apply)
2026.09.26-04.23.28 SNAPSHOT applied seq=57 phase=ACTION_MANEUVER
2026.09.26-04.23.28 HANDLE_APPLIED #89 seq=57 decision=2 fightersValid=1 boardValid=1
2026.09.26-04.23.28 MODE seq=57 mode=0 combat=0 pending=0
2026.09.26-04.23.28 HUD seq=57 phase=ACTION_MANEUVER turn=opp hand=7 oppHand=3(hidden) oppDeck=20~ deck=15~ discard=8
2026.09.26-04.23.28 FIGHTERS synced n=6 alive=6 own=2 enemy=4
2026.09.26-04.23.28 CUE move f-0-hero (4,4)->(3,4) seq=57
2026.09.26-04.23.28 WS seq=57 phase=ACTION_MANEUVER (apply)
2026.09.26-04.23.29 S09AUTO drive mode=0 plan=[defend+resolve] phase=ACTION_MANEUVER turn=cmuhntivg0000wib0anhqyswc
2026.09.26-04.23.29 SNAPSHOT applied seq=58 phase=ACTION_MANEUVER
2026.09.26-04.23.29 HANDLE_APPLIED #90 seq=58 decision=2 fightersValid=1 boardValid=1
2026.09.26-04.23.29 MODE seq=58 mode=0 combat=0 pending=0
2026.09.26-04.23.29 HUD seq=58 phase=ACTION_MANEUVER turn=opp hand=7 oppHand=4(hidden) oppDeck=20~ deck=15~ discard=8
2026.09.26-04.23.29 FIGHTERS synced n=6 alive=6 own=2 enemy=4
2026.09.26-04.23.29 WS seq=58 phase=ACTION_MANEUVER (apply)
2026.09.26-04.23.29 SNAPSHOT applied seq=59 phase=ACTION_MANEUVER
2026.09.26-04.23.29 HANDLE_APPLIED #91 seq=59 decision=2 fightersValid=1 boardValid=1
2026.09.26-04.23.29 MODE seq=59 mode=0 combat=0 pending=0
2026.09.26-04.23.29 HUD seq=59 phase=ACTION_MANEUVER turn=you hand=7 oppHand=4(hidden) oppDeck=20~ deck=15~ discard=8
2026.09.26-04.23.29 FIGHTERS synced n=6 alive=6 own=2 enemy=4
2026.09.26-04.23.29 CUE move f-0-hero (3,4)->(4,4) seq=59
2026.09.26-04.23.29 WS seq=59 phase=ACTION_MANEUVER (apply)
2026.09.26-04.23.29 S09AUTO own turn #5 (turnCount=12)
2026.09.26-04.23.29 SNAPSHOT applied seq=60 phase=ACTION_MANEUVER
2026.09.26-04.23.29 HANDLE_APPLIED #92 seq=60 decision=2 fightersValid=1 boardValid=1
2026.09.26-04.23.29 MANEUVER-DRAFT mode=maneuver:12:59
2026.09.26-04.23.29 DRAFT-OPEN draw committed (resume instead of begin)
2026.09.26-04.23.29 MODE seq=60 mode=1 combat=0 pending=0
2026.09.26-04.23.29 HUD seq=60 phase=ACTION_MANEUVER turn=you hand=8 oppHand=4(hidden) oppDeck=20~ deck=15~ discard=8
2026.09.26-04.23.29 FIGHTERS synced n=6 alive=6 own=2 enemy=4
2026.09.26-04.23.29 WS seq=60 phase=ACTION_MANEUVER (apply)
2026.09.26-04.23.29 SNAPSHOT applied seq=60 phase=ACTION_MANEUVER
2026.09.26-04.23.29 HANDLE_APPLIED #93 seq=60 decision=1 fightersValid=1 boardValid=1
2026.09.26-04.23.29 MODE seq=60 mode=1 combat=0 pending=0
2026.09.26-04.23.29 HUD seq=60 phase=ACTION_MANEUVER turn=you hand=8 oppHand=4(hidden) oppDeck=18 deck=14 discard=8
2026.09.26-04.23.29 FIGHTERS synced n=6 alive=6 own=2 enemy=4
2026.09.26-04.23.29 MANEUVER begin seq=60 (merge) pending=maneuver:12:59
2026.09.26-04.23.29 S09AUTO drive mode=1 plan=[defend+resolve] phase=ACTION_MANEUVER turn=cmuhntiwu0001wib0z281rpa8
2026.09.26-04.23.29 MANEUVER-CONFIRM moves=1 boost=none
2026.09.26-04.23.29 SNAPSHOT applied seq=61 phase=ACTION_MANEUVER
2026.09.26-04.23.29 HANDLE_APPLIED #94 seq=61 decision=2 fightersValid=1 boardValid=1
2026.09.26-04.23.29 closed mode=
2026.09.26-04.23.29 MODE seq=61 mode=0 combat=0 pending=0
2026.09.26-04.23.29 HUD seq=61 phase=ACTION_MANEUVER turn=you hand=8 oppHand=4(hidden) oppDeck=18~ deck=14~ discard=8
2026.09.26-04.23.29 FIGHTERS synced n=6 alive=6 own=2 enemy=4
2026.09.26-04.23.29 CUE move f-1-hero (3,3)->(2,3) seq=61
2026.09.26-04.23.29 WS seq=61 phase=ACTION_MANEUVER (apply)
2026.09.26-04.23.29 SNAPSHOT applied seq=61 phase=ACTION_MANEUVER
2026.09.26-04.23.29 HANDLE_APPLIED #95 seq=61 decision=1 fightersValid=1 boardValid=1
2026.09.26-04.23.29 MODE seq=61 mode=0 combat=0 pending=0
2026.09.26-04.23.29 HUD seq=61 phase=ACTION_MANEUVER turn=you hand=8 oppHand=4(hidden) oppDeck=18 deck=14 discard=8
2026.09.26-04.23.29 FIGHTERS synced n=6 alive=6 own=2 enemy=4
2026.09.26-04.23.29 MANEUVER done seq=61 (merge) fighters=6 boost=no
2026.09.26-04.23.30 S09AUTO drive mode=0 plan=[defend+resolve] phase=ACTION_MANEUVER turn=cmuhntiwu0001wib0z281rpa8
2026.09.26-04.23.30 SNAPSHOT applied seq=62 phase=ACTION_MANEUVER
2026.09.26-04.23.30 HANDLE_APPLIED #96 seq=62 decision=2 fightersValid=1 boardValid=1
2026.09.26-04.23.30 MANEUVER-DRAFT mode=maneuver:12:61
2026.09.26-04.23.30 DRAFT-OPEN draw committed (resume instead of begin)
2026.09.26-04.23.30 MODE seq=62 mode=1 combat=0 pending=0
2026.09.26-04.23.30 HUD seq=62 phase=ACTION_MANEUVER turn=you hand=9 oppHand=4(hidden) oppDeck=18~ deck=14~ discard=8
2026.09.26-04.23.30 FIGHTERS synced n=6 alive=6 own=2 enemy=4
2026.09.26-04.23.30 WS seq=62 phase=ACTION_MANEUVER (apply)
2026.09.26-04.23.30 SNAPSHOT applied seq=62 phase=ACTION_MANEUVER
2026.09.26-04.23.30 HANDLE_APPLIED #97 seq=62 decision=1 fightersValid=1 boardValid=1
2026.09.26-04.23.30 MODE seq=62 mode=1 combat=0 pending=0
2026.09.26-04.23.30 HUD seq=62 phase=ACTION_MANEUVER turn=you hand=9 oppHand=4(hidden) oppDeck=18 deck=13 discard=8
2026.09.26-04.23.30 FIGHTERS synced n=6 alive=6 own=2 enemy=4
2026.09.26-04.23.30 MANEUVER begin seq=62 (merge) pending=maneuver:12:61
2026.09.26-04.23.30 S09AUTO drive mode=1 plan=[defend+resolve] phase=ACTION_MANEUVER turn=cmuhntiwu0001wib0z281rpa8
2026.09.26-04.23.30 MANEUVER-CONFIRM moves=1 boost=none
2026.09.26-04.23.30 SNAPSHOT applied seq=63 phase=TURN_END
2026.09.26-04.23.30 HANDLE_APPLIED #98 seq=63 decision=2 fightersValid=1 boardValid=1
2026.09.26-04.23.30 DISCARD-DRAFT count=2 pending=discard:12:63
2026.09.26-04.23.30 MODE seq=63 mode=2 combat=0 pending=0
2026.09.26-04.23.30 HUD seq=63 phase=TURN_END turn=you hand=9 oppHand=4(hidden) oppDeck=18~ deck=13~ discard=8 pendingDiscard=2
2026.09.26-04.23.30 FIGHTERS synced n=6 alive=6 own=2 enemy=4
2026.09.26-04.23.30 CUE move f-1-hero (2,3)->(3,3) seq=63
2026.09.26-04.23.30 WS seq=63 phase=TURN_END (apply)
2026.09.26-04.23.30 SNAPSHOT applied seq=63 phase=TURN_END
2026.09.26-04.23.30 HANDLE_APPLIED #99 seq=63 decision=1 fightersValid=1 boardValid=1
2026.09.26-04.23.30 MODE seq=63 mode=2 combat=0 pending=0
2026.09.26-04.23.30 HUD seq=63 phase=TURN_END turn=you hand=9 oppHand=4(hidden) oppDeck=18 deck=13 discard=8 pendingDiscard=2
2026.09.26-04.23.30 FIGHTERS synced n=6 alive=6 own=2 enemy=4
2026.09.26-04.23.30 MANEUVER done seq=63 (merge) fighters=6 boost=no
2026.09.26-04.23.32 S09AUTO drive mode=2 plan=[defend+resolve] phase=TURN_END turn=cmuhntiwu0001wib0z281rpa8
2026.09.26-04.23.32 S09AUTO discard picks=2
2026.09.26-04.23.32 DISCARD-CONFIRM pending=discard:12:63 count=2 ids=cmuhgvghy00oiwi9gajndiaba::0,cmuhgvghv00ocwi9gjsemjpqr::0
2026.09.26-04.23.32 SNAPSHOT applied seq=64 phase=ACTION_MANEUVER
2026.09.26-04.23.32 HANDLE_APPLIED #100 seq=64 decision=2 fightersValid=1 boardValid=1
2026.09.26-04.23.32 closed mode=
2026.09.26-04.23.32 MODE seq=64 mode=0 combat=0 pending=1
2026.09.26-04.23.32 HUD seq=64 phase=ACTION_MANEUVER turn=opp hand=7 oppHand=4(hidden) oppDeck=18~ deck=13~ discard=10
2026.09.26-04.23.32 FIGHTERS synced n=6 alive=6 own=2 enemy=4
2026.09.26-04.23.32 WS seq=64 phase=ACTION_MANEUVER (apply)
2026.09.26-04.23.32 SNAPSHOT applied seq=64 phase=ACTION_MANEUVER
2026.09.26-04.23.32 HANDLE_APPLIED #101 seq=64 decision=1 fightersValid=1 boardValid=1
2026.09.26-04.23.32 MODE seq=64 mode=0 combat=0 pending=1
2026.09.26-04.23.32 HUD seq=64 phase=ACTION_MANEUVER turn=opp hand=7 oppHand=4(hidden) oppDeck=18 deck=13 discard=10
2026.09.26-04.23.32 FIGHTERS synced n=6 alive=6 own=2 enemy=4
2026.09.26-04.23.32 DISCARD done seq=64 phase=ACTION_MANEUVER count=2
2026.09.26-04.23.32 SNAPSHOT applied seq=65 phase=ACTION_MANEUVER
2026.09.26-04.23.32 HANDLE_APPLIED #102 seq=65 decision=2 fightersValid=1 boardValid=1
2026.09.26-04.23.32 MODE seq=65 mode=0 combat=0 pending=0
2026.09.26-04.23.32 HUD seq=65 phase=ACTION_MANEUVER turn=opp hand=7 oppHand=4(hidden) oppDeck=18~ deck=13~ discard=10
2026.09.26-04.23.32 FIGHTERS synced n=6 alive=6 own=2 enemy=4
2026.09.26-04.23.32 CUE damage f-1-hero -1 seq=65
2026.09.26-04.23.32 WS seq=65 phase=ACTION_MANEUVER (apply)
2026.09.26-04.23.32 SNAPSHOT applied seq=66 phase=ACTION_MANEUVER
2026.09.26-04.23.32 HANDLE_APPLIED #103 seq=66 decision=2 fightersValid=1 boardValid=1
2026.09.26-04.23.32 MODE seq=66 mode=0 combat=0 pending=0
2026.09.26-04.23.32 HUD seq=66 phase=ACTION_MANEUVER turn=opp hand=7 oppHand=5(hidden) oppDeck=18~ deck=13~ discard=10
2026.09.26-04.23.32 FIGHTERS synced n=6 alive=6 own=2 enemy=4
2026.09.26-04.23.32 WS seq=66 phase=ACTION_MANEUVER (apply)
2026.09.26-04.23.32 SNAPSHOT applied seq=67 phase=ACTION_MANEUVER
2026.09.26-04.23.32 HANDLE_APPLIED #104 seq=67 decision=2 fightersValid=1 boardValid=1
2026.09.26-04.23.32 MODE seq=67 mode=0 combat=0 pending=0
2026.09.26-04.23.32 HUD seq=67 phase=ACTION_MANEUVER turn=opp hand=7 oppHand=5(hidden) oppDeck=18~ deck=13~ discard=10
2026.09.26-04.23.32 FIGHTERS synced n=6 alive=6 own=2 enemy=4
2026.09.26-04.23.32 CUE move f-0-hero (4,4)->(3,4) seq=67
2026.09.26-04.23.32 WS seq=67 phase=ACTION_MANEUVER (apply)
2026.09.26-04.23.33 S09AUTO drive mode=0 plan=[defend+resolve] phase=ACTION_MANEUVER turn=cmuhntivg0000wib0anhqyswc
2026.09.26-04.23.33 SNAPSHOT applied seq=68 phase=ACTION_MANEUVER
2026.09.26-04.23.33 HANDLE_APPLIED #105 seq=68 decision=2 fightersValid=1 boardValid=1
2026.09.26-04.23.33 MODE seq=68 mode=0 combat=0 pending=0
2026.09.26-04.23.33 HUD seq=68 phase=ACTION_MANEUVER turn=opp hand=7 oppHand=6(hidden) oppDeck=18~ deck=13~ discard=10
2026.09.26-04.23.33 FIGHTERS synced n=6 alive=6 own=2 enemy=4
2026.09.26-04.23.33 WS seq=68 phase=ACTION_MANEUVER (apply)
2026.09.26-04.23.33 SNAPSHOT applied seq=69 phase=ACTION_MANEUVER
2026.09.26-04.23.33 HANDLE_APPLIED #106 seq=69 decision=2 fightersValid=1 boardValid=1
2026.09.26-04.23.33 MODE seq=69 mode=0 combat=0 pending=0
2026.09.26-04.23.33 HUD seq=69 phase=ACTION_MANEUVER turn=you hand=7 oppHand=6(hidden) oppDeck=18~ deck=13~ discard=10
2026.09.26-04.23.33 FIGHTERS synced n=6 alive=6 own=2 enemy=4
2026.09.26-04.23.33 CUE move f-0-hero (3,4)->(4,4) seq=69
2026.09.26-04.23.33 WS seq=69 phase=ACTION_MANEUVER (apply)
2026.09.26-04.23.33 S09AUTO own turn #6 (turnCount=14)
2026.09.26-04.23.33 SNAPSHOT applied seq=70 phase=ACTION_MANEUVER
2026.09.26-04.23.33 HANDLE_APPLIED #107 seq=70 decision=2 fightersValid=1 boardValid=1
2026.09.26-04.23.33 MANEUVER-DRAFT mode=maneuver:14:69
2026.09.26-04.23.33 DRAFT-OPEN draw committed (resume instead of begin)
2026.09.26-04.23.33 MODE seq=70 mode=1 combat=0 pending=0
2026.09.26-04.23.33 HUD seq=70 phase=ACTION_MANEUVER turn=you hand=8 oppHand=6(hidden) oppDeck=18~ deck=13~ discard=10
2026.09.26-04.23.33 FIGHTERS synced n=6 alive=6 own=2 enemy=4
2026.09.26-04.23.33 WS seq=70 phase=ACTION_MANEUVER (apply)
2026.09.26-04.23.33 SNAPSHOT applied seq=70 phase=ACTION_MANEUVER
2026.09.26-04.23.33 HANDLE_APPLIED #108 seq=70 decision=1 fightersValid=1 boardValid=1
2026.09.26-04.23.33 MODE seq=70 mode=1 combat=0 pending=0
2026.09.26-04.23.33 HUD seq=70 phase=ACTION_MANEUVER turn=you hand=8 oppHand=6(hidden) oppDeck=16 deck=12 discard=10
2026.09.26-04.23.33 FIGHTERS synced n=6 alive=6 own=2 enemy=4
2026.09.26-04.23.33 MANEUVER begin seq=70 (merge) pending=maneuver:14:69
2026.09.26-04.23.33 S09AUTO drive mode=1 plan=[defend+resolve] phase=ACTION_MANEUVER turn=cmuhntiwu0001wib0z281rpa8
2026.09.26-04.23.33 MANEUVER-CONFIRM moves=1 boost=none
2026.09.26-04.23.33 SNAPSHOT applied seq=71 phase=ACTION_MANEUVER
2026.09.26-04.23.33 HANDLE_APPLIED #109 seq=71 decision=2 fightersValid=1 boardValid=1
2026.09.26-04.23.33 closed mode=
2026.09.26-04.23.33 MODE seq=71 mode=0 combat=0 pending=0
2026.09.26-04.23.33 HUD seq=71 phase=ACTION_MANEUVER turn=you hand=8 oppHand=6(hidden) oppDeck=16~ deck=12~ discard=10
2026.09.26-04.23.33 FIGHTERS synced n=6 alive=6 own=2 enemy=4
2026.09.26-04.23.33 CUE move f-1-hero (3,3)->(2,3) seq=71
2026.09.26-04.23.33 WS seq=71 phase=ACTION_MANEUVER (apply)
2026.09.26-04.23.33 SNAPSHOT applied seq=71 phase=ACTION_MANEUVER
2026.09.26-04.23.33 HANDLE_APPLIED #110 seq=71 decision=1 fightersValid=1 boardValid=1
2026.09.26-04.23.33 MODE seq=71 mode=0 combat=0 pending=0
2026.09.26-04.23.33 HUD seq=71 phase=ACTION_MANEUVER turn=you hand=8 oppHand=6(hidden) oppDeck=16 deck=12 discard=10
2026.09.26-04.23.33 FIGHTERS synced n=6 alive=6 own=2 enemy=4
2026.09.26-04.23.33 MANEUVER done seq=71 (merge) fighters=6 boost=no
2026.09.26-04.23.34 S09AUTO drive mode=0 plan=[defend+resolve] phase=ACTION_MANEUVER turn=cmuhntiwu0001wib0z281rpa8
2026.09.26-04.23.35 SNAPSHOT applied seq=72 phase=ACTION_MANEUVER
2026.09.26-04.23.35 HANDLE_APPLIED #111 seq=72 decision=2 fightersValid=1 boardValid=1
2026.09.26-04.23.35 MANEUVER-DRAFT mode=maneuver:14:71
2026.09.26-04.23.35 DRAFT-OPEN draw committed (resume instead of begin)
2026.09.26-04.23.35 MODE seq=72 mode=1 combat=0 pending=0
2026.09.26-04.23.35 HUD seq=72 phase=ACTION_MANEUVER turn=you hand=9 oppHand=6(hidden) oppDeck=16~ deck=12~ discard=10
2026.09.26-04.23.35 FIGHTERS synced n=6 alive=6 own=2 enemy=4
2026.09.26-04.23.35 WS seq=72 phase=ACTION_MANEUVER (apply)
2026.09.26-04.23.35 SNAPSHOT applied seq=72 phase=ACTION_MANEUVER
2026.09.26-04.23.35 HANDLE_APPLIED #112 seq=72 decision=1 fightersValid=1 boardValid=1
2026.09.26-04.23.35 MODE seq=72 mode=1 combat=0 pending=0
2026.09.26-04.23.35 HUD seq=72 phase=ACTION_MANEUVER turn=you hand=9 oppHand=6(hidden) oppDeck=16 deck=11 discard=10
2026.09.26-04.23.35 FIGHTERS synced n=6 alive=6 own=2 enemy=4
2026.09.26-04.23.35 MANEUVER begin seq=72 (merge) pending=maneuver:14:71
2026.09.26-04.23.35 S09AUTO drive mode=1 plan=[defend+resolve] phase=ACTION_MANEUVER turn=cmuhntiwu0001wib0z281rpa8
2026.09.26-04.23.35 MANEUVER-CONFIRM moves=1 boost=none
2026.09.26-04.23.35 SNAPSHOT applied seq=73 phase=TURN_END
2026.09.26-04.23.35 HANDLE_APPLIED #113 seq=73 decision=2 fightersValid=1 boardValid=1
2026.09.26-04.23.35 DISCARD-DRAFT count=2 pending=discard:14:73
2026.09.26-04.23.35 MODE seq=73 mode=2 combat=0 pending=0
2026.09.26-04.23.35 HUD seq=73 phase=TURN_END turn=you hand=9 oppHand=6(hidden) oppDeck=16~ deck=11~ discard=10 pendingDiscard=2
2026.09.26-04.23.35 FIGHTERS synced n=6 alive=6 own=2 enemy=4
2026.09.26-04.23.35 CUE move f-1-hero (2,3)->(3,3) seq=73
2026.09.26-04.23.35 WS seq=73 phase=TURN_END (apply)
2026.09.26-04.23.35 SNAPSHOT applied seq=73 phase=TURN_END
2026.09.26-04.23.35 HANDLE_APPLIED #114 seq=73 decision=1 fightersValid=1 boardValid=1
2026.09.26-04.23.35 MODE seq=73 mode=2 combat=0 pending=0
2026.09.26-04.23.35 HUD seq=73 phase=TURN_END turn=you hand=9 oppHand=6(hidden) oppDeck=16 deck=11 discard=10 pendingDiscard=2
2026.09.26-04.23.35 FIGHTERS synced n=6 alive=6 own=2 enemy=4
2026.09.26-04.23.35 MANEUVER done seq=73 (merge) fighters=6 boost=no
2026.09.26-04.23.36 S09AUTO drive mode=2 plan=[defend+resolve] phase=TURN_END turn=cmuhntiwu0001wib0z281rpa8
2026.09.26-04.23.36 S09AUTO discard picks=2
2026.09.26-04.23.36 DISCARD-CONFIRM pending=discard:14:73 count=2 ids=cmuhgvgi600p0wi9gzhz8rkin::1,cmuhgvgi600p0wi9gzhz8rkin::0
2026.09.26-04.23.36 SNAPSHOT applied seq=74 phase=ACTION_MANEUVER
2026.09.26-04.23.36 HANDLE_APPLIED #115 seq=74 decision=2 fightersValid=1 boardValid=1
2026.09.26-04.23.36 closed mode=
2026.09.26-04.23.36 MODE seq=74 mode=0 combat=0 pending=1
2026.09.26-04.23.36 HUD seq=74 phase=ACTION_MANEUVER turn=opp hand=7 oppHand=6(hidden) oppDeck=16~ deck=11~ discard=12
2026.09.26-04.23.36 FIGHTERS synced n=6 alive=6 own=2 enemy=4
2026.09.26-04.23.36 WS seq=74 phase=ACTION_MANEUVER (apply)
2026.09.26-04.23.36 SNAPSHOT applied seq=74 phase=ACTION_MANEUVER
2026.09.26-04.23.36 HANDLE_APPLIED #116 seq=74 decision=1 fightersValid=1 boardValid=1
2026.09.26-04.23.36 MODE seq=74 mode=0 combat=0 pending=1
2026.09.26-04.23.36 HUD seq=74 phase=ACTION_MANEUVER turn=opp hand=7 oppHand=6(hidden) oppDeck=16 deck=11 discard=12
2026.09.26-04.23.36 FIGHTERS synced n=6 alive=6 own=2 enemy=4
2026.09.26-04.23.36 DISCARD done seq=74 phase=ACTION_MANEUVER count=2
2026.09.26-04.23.36 SNAPSHOT applied seq=75 phase=ACTION_MANEUVER
2026.09.26-04.23.36 HANDLE_APPLIED #117 seq=75 decision=2 fightersValid=1 boardValid=1
2026.09.26-04.23.36 MODE seq=75 mode=0 combat=0 pending=0
2026.09.26-04.23.36 HUD seq=75 phase=ACTION_MANEUVER turn=opp hand=7 oppHand=6(hidden) oppDeck=16~ deck=11~ discard=12
2026.09.26-04.23.36 FIGHTERS synced n=6 alive=6 own=2 enemy=4
2026.09.26-04.23.36 CUE damage f-1-hero -1 seq=75
2026.09.26-04.23.36 WS seq=75 phase=ACTION_MANEUVER (apply)
2026.09.26-04.23.36 SNAPSHOT applied seq=76 phase=ACTION_MANEUVER
2026.09.26-04.23.36 HANDLE_APPLIED #118 seq=76 decision=2 fightersValid=1 boardValid=1
2026.09.26-04.23.36 MODE seq=76 mode=0 combat=0 pending=0
2026.09.26-04.23.36 HUD seq=76 phase=ACTION_MANEUVER turn=opp hand=7 oppHand=7(hidden) oppDeck=16~ deck=11~ discard=12
2026.09.26-04.23.36 FIGHTERS synced n=6 alive=6 own=2 enemy=4
2026.09.26-04.23.36 WS seq=76 phase=ACTION_MANEUVER (apply)
2026.09.26-04.23.36 SNAPSHOT applied seq=77 phase=ACTION_MANEUVER
2026.09.26-04.23.36 HANDLE_APPLIED #119 seq=77 decision=2 fightersValid=1 boardValid=1
2026.09.26-04.23.36 MODE seq=77 mode=0 combat=0 pending=0
2026.09.26-04.23.36 HUD seq=77 phase=ACTION_MANEUVER turn=opp hand=7 oppHand=7(hidden) oppDeck=16~ deck=11~ discard=12
2026.09.26-04.23.36 FIGHTERS synced n=6 alive=6 own=2 enemy=4
2026.09.26-04.23.36 CUE move f-0-hero (4,4)->(3,4) seq=77
2026.09.26-04.23.36 WS seq=77 phase=ACTION_MANEUVER (apply)
2026.09.26-04.23.37 S09AUTO drive mode=0 plan=[defend+resolve] phase=ACTION_MANEUVER turn=cmuhntivg0000wib0anhqyswc
2026.09.26-04.23.37 SNAPSHOT applied seq=78 phase=ACTION_MANEUVER
2026.09.26-04.23.37 HANDLE_APPLIED #120 seq=78 decision=2 fightersValid=1 boardValid=1
2026.09.26-04.23.37 MODE seq=78 mode=0 combat=0 pending=0
2026.09.26-04.23.37 HUD seq=78 phase=ACTION_MANEUVER turn=opp hand=7 oppHand=8(hidden) oppDeck=16~ deck=11~ discard=12
2026.09.26-04.23.37 FIGHTERS synced n=6 alive=6 own=2 enemy=4
2026.09.26-04.23.37 WS seq=78 phase=ACTION_MANEUVER (apply)
2026.09.26-04.23.37 SNAPSHOT applied seq=79 phase=TURN_END
2026.09.26-04.23.37 HANDLE_APPLIED #121 seq=79 decision=2 fightersValid=1 boardValid=1
2026.09.26-04.23.37 MODE seq=79 mode=0 combat=0 pending=0
2026.09.26-04.23.37 HUD seq=79 phase=TURN_END turn=opp hand=7 oppHand=8(hidden) oppDeck=16~ deck=11~ discard=12 pendingDiscard=1
2026.09.26-04.23.37 FIGHTERS synced n=6 alive=6 own=2 enemy=4
2026.09.26-04.23.37 CUE move f-0-hero (3,4)->(4,4) seq=79
2026.09.26-04.23.37 WS seq=79 phase=TURN_END (apply)
2026.09.26-04.23.39 SNAPSHOT applied seq=80 phase=ACTION_MANEUVER
2026.09.26-04.23.39 HANDLE_APPLIED #122 seq=80 decision=2 fightersValid=1 boardValid=1
2026.09.26-04.23.39 MODE seq=80 mode=0 combat=0 pending=0
2026.09.26-04.23.39 HUD seq=80 phase=ACTION_MANEUVER turn=you hand=7 oppHand=7(hidden) oppDeck=16~ deck=11~ discard=12
2026.09.26-04.23.39 FIGHTERS synced n=6 alive=6 own=2 enemy=4
2026.09.26-04.23.39 WS seq=80 phase=ACTION_MANEUVER (apply)
2026.09.26-04.23.39 S09AUTO own turn #7 (turnCount=16)
2026.09.26-04.23.39 SNAPSHOT applied seq=81 phase=ACTION_MANEUVER
2026.09.26-04.23.39 HANDLE_APPLIED #123 seq=81 decision=2 fightersValid=1 boardValid=1
2026.09.26-04.23.39 MANEUVER-DRAFT mode=maneuver:16:80
2026.09.26-04.23.39 DRAFT-OPEN draw committed (resume instead of begin)
2026.09.26-04.23.39 MODE seq=81 mode=1 combat=0 pending=0
2026.09.26-04.23.39 HUD seq=81 phase=ACTION_MANEUVER turn=you hand=8 oppHand=7(hidden) oppDeck=16~ deck=11~ discard=12
2026.09.26-04.23.39 FIGHTERS synced n=6 alive=6 own=2 enemy=4
2026.09.26-04.23.39 WS seq=81 phase=ACTION_MANEUVER (apply)
2026.09.26-04.23.39 SNAPSHOT applied seq=81 phase=ACTION_MANEUVER
2026.09.26-04.23.39 HANDLE_APPLIED #124 seq=81 decision=1 fightersValid=1 boardValid=1
2026.09.26-04.23.39 MODE seq=81 mode=1 combat=0 pending=0
2026.09.26-04.23.39 HUD seq=81 phase=ACTION_MANEUVER turn=you hand=8 oppHand=7(hidden) oppDeck=14 deck=10 discard=12
2026.09.26-04.23.39 FIGHTERS synced n=6 alive=6 own=2 enemy=4
2026.09.26-04.23.39 MANEUVER begin seq=81 (merge) pending=maneuver:16:80
2026.09.26-04.23.39 S09AUTO drive mode=1 plan=[defend+resolve] phase=ACTION_MANEUVER turn=cmuhntiwu0001wib0z281rpa8
2026.09.26-04.23.39 MANEUVER-CONFIRM moves=1 boost=none
2026.09.26-04.23.39 SNAPSHOT applied seq=82 phase=ACTION_MANEUVER
2026.09.26-04.23.39 HANDLE_APPLIED #125 seq=82 decision=2 fightersValid=1 boardValid=1
2026.09.26-04.23.39 closed mode=
2026.09.26-04.23.39 MODE seq=82 mode=0 combat=0 pending=0
2026.09.26-04.23.39 HUD seq=82 phase=ACTION_MANEUVER turn=you hand=8 oppHand=7(hidden) oppDeck=14~ deck=10~ discard=12
2026.09.26-04.23.39 FIGHTERS synced n=6 alive=6 own=2 enemy=4
2026.09.26-04.23.39 CUE move f-1-hero (3,3)->(2,3) seq=82
2026.09.26-04.23.39 WS seq=82 phase=ACTION_MANEUVER (apply)
2026.09.26-04.23.39 SNAPSHOT applied seq=82 phase=ACTION_MANEUVER
2026.09.26-04.23.39 HANDLE_APPLIED #126 seq=82 decision=1 fightersValid=1 boardValid=1
2026.09.26-04.23.39 MODE seq=82 mode=0 combat=0 pending=0
2026.09.26-04.23.39 HUD seq=82 phase=ACTION_MANEUVER turn=you hand=8 oppHand=7(hidden) oppDeck=14 deck=10 discard=12
2026.09.26-04.23.39 FIGHTERS synced n=6 alive=6 own=2 enemy=4
2026.09.26-04.23.39 MANEUVER done seq=82 (merge) fighters=6 boost=no
2026.09.26-04.23.40 S09AUTO drive mode=0 plan=[defend+resolve] phase=ACTION_MANEUVER turn=cmuhntiwu0001wib0z281rpa8
2026.09.26-04.23.40 SNAPSHOT applied seq=83 phase=ACTION_MANEUVER
2026.09.26-04.23.40 HANDLE_APPLIED #127 seq=83 decision=2 fightersValid=1 boardValid=1
2026.09.26-04.23.40 MANEUVER-DRAFT mode=maneuver:16:82
2026.09.26-04.23.40 DRAFT-OPEN draw committed (resume instead of begin)
2026.09.26-04.23.40 MODE seq=83 mode=1 combat=0 pending=0
2026.09.26-04.23.40 HUD seq=83 phase=ACTION_MANEUVER turn=you hand=9 oppHand=7(hidden) oppDeck=14~ deck=10~ discard=12
2026.09.26-04.23.40 FIGHTERS synced n=6 alive=6 own=2 enemy=4
2026.09.26-04.23.40 WS seq=83 phase=ACTION_MANEUVER (apply)
2026.09.26-04.23.40 SNAPSHOT applied seq=83 phase=ACTION_MANEUVER
2026.09.26-04.23.40 HANDLE_APPLIED #128 seq=83 decision=1 fightersValid=1 boardValid=1
2026.09.26-04.23.40 MODE seq=83 mode=1 combat=0 pending=0
2026.09.26-04.23.40 HUD seq=83 phase=ACTION_MANEUVER turn=you hand=9 oppHand=7(hidden) oppDeck=14 deck=9 discard=12
2026.09.26-04.23.40 FIGHTERS synced n=6 alive=6 own=2 enemy=4
2026.09.26-04.23.40 MANEUVER begin seq=83 (merge) pending=maneuver:16:82
2026.09.26-04.23.40 S09AUTO drive mode=1 plan=[defend+resolve] phase=ACTION_MANEUVER turn=cmuhntiwu0001wib0z281rpa8
2026.09.26-04.23.40 MANEUVER-CONFIRM moves=1 boost=none
2026.09.26-04.23.40 SNAPSHOT applied seq=84 phase=TURN_END
2026.09.26-04.23.40 HANDLE_APPLIED #129 seq=84 decision=2 fightersValid=1 boardValid=1
2026.09.26-04.23.40 DISCARD-DRAFT count=2 pending=discard:16:84
2026.09.26-04.23.40 MODE seq=84 mode=2 combat=0 pending=0
2026.09.26-04.23.40 HUD seq=84 phase=TURN_END turn=you hand=9 oppHand=7(hidden) oppDeck=14~ deck=9~ discard=12 pendingDiscard=2
2026.09.26-04.23.40 FIGHTERS synced n=6 alive=6 own=2 enemy=4
2026.09.26-04.23.40 CUE move f-1-hero (2,3)->(3,3) seq=84
2026.09.26-04.23.40 WS seq=84 phase=TURN_END (apply)
2026.09.26-04.23.40 SNAPSHOT applied seq=84 phase=TURN_END
2026.09.26-04.23.40 HANDLE_APPLIED #130 seq=84 decision=1 fightersValid=1 boardValid=1
2026.09.26-04.23.40 MODE seq=84 mode=2 combat=0 pending=0
2026.09.26-04.23.40 HUD seq=84 phase=TURN_END turn=you hand=9 oppHand=7(hidden) oppDeck=14 deck=9 discard=12 pendingDiscard=2
2026.09.26-04.23.40 FIGHTERS synced n=6 alive=6 own=2 enemy=4
2026.09.26-04.23.40 MANEUVER done seq=84 (merge) fighters=6 boost=no
2026.09.26-04.23.41 S09AUTO drive mode=2 plan=[defend+resolve] phase=TURN_END turn=cmuhntiwu0001wib0z281rpa8
2026.09.26-04.23.41 S09AUTO discard picks=2
2026.09.26-04.23.41 DISCARD-CONFIRM pending=discard:16:84 count=2 ids=cmuhgvgi300oswi9gm8lj3wbw::0,cmuhgvgi800p4wi9greokvfle::2
2026.09.26-04.23.41 SNAPSHOT applied seq=85 phase=ACTION_MANEUVER
2026.09.26-04.23.41 HANDLE_APPLIED #131 seq=85 decision=2 fightersValid=1 boardValid=1
2026.09.26-04.23.41 closed mode=
2026.09.26-04.23.41 MODE seq=85 mode=0 combat=0 pending=1
2026.09.26-04.23.41 HUD seq=85 phase=ACTION_MANEUVER turn=opp hand=7 oppHand=7(hidden) oppDeck=14~ deck=9~ discard=14
2026.09.26-04.23.41 FIGHTERS synced n=6 alive=6 own=2 enemy=4
2026.09.26-04.23.41 WS seq=85 phase=ACTION_MANEUVER (apply)
2026.09.26-04.23.41 SNAPSHOT applied seq=85 phase=ACTION_MANEUVER
2026.09.26-04.23.41 HANDLE_APPLIED #132 seq=85 decision=1 fightersValid=1 boardValid=1
2026.09.26-04.23.41 MODE seq=85 mode=0 combat=0 pending=1
2026.09.26-04.23.41 HUD seq=85 phase=ACTION_MANEUVER turn=opp hand=7 oppHand=7(hidden) oppDeck=14 deck=9 discard=14
2026.09.26-04.23.41 FIGHTERS synced n=6 alive=6 own=2 enemy=4
2026.09.26-04.23.41 DISCARD done seq=85 phase=ACTION_MANEUVER count=2
2026.09.26-04.23.41 SNAPSHOT applied seq=86 phase=ACTION_MANEUVER
2026.09.26-04.23.41 HANDLE_APPLIED #133 seq=86 decision=2 fightersValid=1 boardValid=1
2026.09.26-04.23.41 MODE seq=86 mode=0 combat=0 pending=0
2026.09.26-04.23.41 HUD seq=86 phase=ACTION_MANEUVER turn=opp hand=7 oppHand=7(hidden) oppDeck=14~ deck=9~ discard=14
2026.09.26-04.23.41 FIGHTERS synced n=6 alive=6 own=2 enemy=4
2026.09.26-04.23.41 CUE damage f-1-hero -1 seq=86
2026.09.26-04.23.41 WS seq=86 phase=ACTION_MANEUVER (apply)
2026.09.26-04.23.41 SNAPSHOT applied seq=87 phase=COMBAT
2026.09.26-04.23.41 HANDLE_APPLIED #134 seq=87 decision=2 fightersValid=1 boardValid=1
2026.09.26-04.23.41 closed mode=
2026.09.26-04.23.41 MODE seq=87 mode=4 combat=1 pending=0
2026.09.26-04.23.41 HUD seq=87 phase=COMBAT turn=opp hand=7 oppHand=6(hidden) oppDeck=14~ deck=9~ discard=14
2026.09.26-04.23.41 FIGHTERS synced n=6 alive=6 own=2 enemy=4
2026.09.26-04.23.41 WS seq=87 phase=COMBAT (apply)
2026.09.26-04.23.42 S09AUTO drive mode=4 plan=[defend+resolve] phase=COMBAT turn=cmuhntivg0000wib0anhqyswc
2026.09.26-04.23.42 S09AUTO defense card picked
2026.09.26-04.23.42 DEFENSE sent
2026.09.26-04.23.42 SNAPSHOT applied seq=88 phase=COMBAT_RESOLVE
2026.09.26-04.23.42 HANDLE_APPLIED #135 seq=88 decision=2 fightersValid=1 boardValid=1
2026.09.26-04.23.42 closed mode=
2026.09.26-04.23.42 MODE seq=88 mode=5 combat=1 pending=0
2026.09.26-04.23.42 HUD seq=88 phase=COMBAT_RESOLVE turn=opp hand=6 oppHand=6(hidden) oppDeck=14~ deck=9~ discard=15
2026.09.26-04.23.42 FIGHTERS synced n=6 alive=6 own=2 enemy=4
2026.09.26-04.23.42 WS seq=88 phase=COMBAT_RESOLVE (apply)
2026.09.26-04.23.42 SNAPSHOT applied seq=88 phase=COMBAT_RESOLVE
2026.09.26-04.23.42 HANDLE_APPLIED #136 seq=88 decision=1 fightersValid=1 boardValid=1
2026.09.26-04.23.42 MODE seq=88 mode=5 combat=1 pending=0
2026.09.26-04.23.42 HUD seq=88 phase=COMBAT_RESOLVE turn=opp hand=6 oppHand=6(hidden) oppDeck=14 deck=9 discard=15
2026.09.26-04.23.42 FIGHTERS synced n=6 alive=6 own=2 enemy=4
2026.09.26-04.23.42 DEFENSE done seq=88 (merge) phase=COMBAT_RESOLVE
2026.09.26-04.23.42 S09AUTO drive mode=5 plan=[defend+resolve] phase=COMBAT_RESOLVE turn=cmuhntivg0000wib0anhqyswc
2026.09.26-04.23.42 S09AUTO resolve
2026.09.26-04.23.42 RESOLVE sent
2026.09.26-04.23.42 SNAPSHOT applied seq=89 phase=ACTION_MANEUVER
2026.09.26-04.23.42 HANDLE_APPLIED #137 seq=89 decision=2 fightersValid=1 boardValid=1
2026.09.26-04.23.42 COMBAT-RESULT seq=89 damage=0 role=defended
2026.09.26-04.23.42 closed mode=
2026.09.26-04.23.42 MODE seq=89 mode=0 combat=0 pending=0
2026.09.26-04.23.42 HUD seq=89 phase=ACTION_MANEUVER turn=opp hand=6 oppHand=6(hidden) oppDeck=14~ deck=9~ discard=15
2026.09.26-04.23.42 FIGHTERS synced n=6 alive=6 own=2 enemy=4
2026.09.26-04.23.42 WS seq=89 phase=ACTION_MANEUVER (apply)
2026.09.26-04.23.43 SNAPSHOT applied seq=89 phase=ACTION_MANEUVER
2026.09.26-04.23.43 HANDLE_APPLIED #138 seq=89 decision=1 fightersValid=1 boardValid=1
2026.09.26-04.23.43 MODE seq=89 mode=0 combat=0 pending=0
2026.09.26-04.23.43 HUD seq=89 phase=ACTION_MANEUVER turn=opp hand=6 oppHand=6(hidden) oppDeck=14 deck=9 discard=15
2026.09.26-04.23.43 FIGHTERS synced n=6 alive=6 own=2 enemy=4
2026.09.26-04.23.43 RESOLVE done seq=89 (merge) phase=ACTION_MANEUVER
2026.09.26-04.23.43 S09AUTO drive mode=0 plan=[defend+resolve] phase=ACTION_MANEUVER turn=cmuhntivg0000wib0anhqyswc
2026.09.26-04.23.43 SNAPSHOT applied seq=90 phase=COMBAT
2026.09.26-04.23.43 HANDLE_APPLIED #139 seq=90 decision=2 fightersValid=1 boardValid=1
2026.09.26-04.23.43 closed mode=
2026.09.26-04.23.43 MODE seq=90 mode=4 combat=1 pending=0
2026.09.26-04.23.43 HUD seq=90 phase=COMBAT turn=opp hand=6 oppHand=5(hidden) oppDeck=14~ deck=9~ discard=15
2026.09.26-04.23.43 FIGHTERS synced n=6 alive=6 own=2 enemy=4
2026.09.26-04.23.43 WS seq=90 phase=COMBAT (apply)
2026.09.26-04.23.43 S09AUTO drive mode=4 plan=[defend+resolve] phase=COMBAT turn=cmuhntivg0000wib0anhqyswc
2026.09.26-04.23.43 S09AUTO defense card picked
2026.09.26-04.23.43 DEFENSE sent
2026.09.26-04.23.43 SNAPSHOT applied seq=91 phase=COMBAT_RESOLVE
2026.09.26-04.23.43 HANDLE_APPLIED #140 seq=91 decision=2 fightersValid=1 boardValid=1
2026.09.26-04.23.43 closed mode=
2026.09.26-04.23.43 MODE seq=91 mode=5 combat=1 pending=0
2026.09.26-04.23.43 HUD seq=91 phase=COMBAT_RESOLVE turn=opp hand=5 oppHand=5(hidden) oppDeck=14~ deck=9~ discard=16
2026.09.26-04.23.43 FIGHTERS synced n=6 alive=6 own=2 enemy=4
2026.09.26-04.23.43 WS seq=91 phase=COMBAT_RESOLVE (apply)
2026.09.26-04.23.43 SNAPSHOT applied seq=91 phase=COMBAT_RESOLVE
2026.09.26-04.23.43 HANDLE_APPLIED #141 seq=91 decision=1 fightersValid=1 boardValid=1
2026.09.26-04.23.43 MODE seq=91 mode=5 combat=1 pending=0
2026.09.26-04.23.43 HUD seq=91 phase=COMBAT_RESOLVE turn=opp hand=5 oppHand=5(hidden) oppDeck=14 deck=9 discard=16
2026.09.26-04.23.43 FIGHTERS synced n=6 alive=6 own=2 enemy=4
2026.09.26-04.23.43 DEFENSE done seq=91 (merge) phase=COMBAT_RESOLVE
2026.09.26-04.23.43 S09AUTO drive mode=5 plan=[defend+resolve] phase=COMBAT_RESOLVE turn=cmuhntivg0000wib0anhqyswc
2026.09.26-04.23.43 S09AUTO resolve
2026.09.26-04.23.43 RESOLVE sent
2026.09.26-04.23.43 SNAPSHOT applied seq=92 phase=ACTION_MANEUVER
2026.09.26-04.23.43 HANDLE_APPLIED #142 seq=92 decision=2 fightersValid=1 boardValid=1
2026.09.26-04.23.43 COMBAT-RESULT seq=92 damage=1 role=defended
2026.09.26-04.23.43 closed mode=
2026.09.26-04.23.43 MODE seq=92 mode=0 combat=0 pending=0
2026.09.26-04.23.43 HUD seq=92 phase=ACTION_MANEUVER turn=you hand=5 oppHand=5(hidden) oppDeck=14~ deck=9~ discard=16
2026.09.26-04.23.43 FIGHTERS synced n=6 alive=6 own=2 enemy=4
2026.09.26-04.23.43 CUE damage f-1-sk0 -1 seq=92
2026.09.26-04.23.43 WS seq=92 phase=ACTION_MANEUVER (apply)
2026.09.26-04.23.43 SNAPSHOT applied seq=92 phase=ACTION_MANEUVER
2026.09.26-04.23.43 HANDLE_APPLIED #143 seq=92 decision=1 fightersValid=1 boardValid=1
2026.09.26-04.23.43 MODE seq=92 mode=0 combat=0 pending=0
2026.09.26-04.23.43 HUD seq=92 phase=ACTION_MANEUVER turn=you hand=5 oppHand=5(hidden) oppDeck=14 deck=9 discard=16
2026.09.26-04.23.43 FIGHTERS synced n=6 alive=6 own=2 enemy=4
2026.09.26-04.23.43 RESOLVE done seq=92 (merge) phase=ACTION_MANEUVER
2026.09.26-04.23.43 S09AUTO drive mode=0 plan=[defend+resolve] phase=ACTION_MANEUVER turn=cmuhntiwu0001wib0z281rpa8
2026.09.26-04.23.43 S09AUTO own turn #8 (turnCount=18)
2026.09.26-04.23.43 SNAPSHOT applied seq=93 phase=ACTION_MANEUVER
2026.09.26-04.23.43 HANDLE_APPLIED #144 seq=93 decision=2 fightersValid=1 boardValid=1
2026.09.26-04.23.43 MANEUVER-DRAFT mode=maneuver:18:92
2026.09.26-04.23.43 DRAFT-OPEN draw committed (resume instead of begin)
2026.09.26-04.23.43 MODE seq=93 mode=1 combat=0 pending=0
2026.09.26-04.23.43 HUD seq=93 phase=ACTION_MANEUVER turn=you hand=6 oppHand=5(hidden) oppDeck=14~ deck=9~ discard=16
2026.09.26-04.23.43 FIGHTERS synced n=6 alive=6 own=2 enemy=4
2026.09.26-04.23.43 WS seq=93 phase=ACTION_MANEUVER (apply)
2026.09.26-04.23.43 SNAPSHOT applied seq=93 phase=ACTION_MANEUVER
2026.09.26-04.23.43 HANDLE_APPLIED #145 seq=93 decision=1 fightersValid=1 boardValid=1
2026.09.26-04.23.43 MODE seq=93 mode=1 combat=0 pending=0
2026.09.26-04.23.43 HUD seq=93 phase=ACTION_MANEUVER turn=you hand=6 oppHand=5(hidden) oppDeck=14 deck=8 discard=16
2026.09.26-04.23.43 FIGHTERS synced n=6 alive=6 own=2 enemy=4
2026.09.26-04.23.43 MANEUVER begin seq=93 (merge) pending=maneuver:18:92
2026.09.26-04.23.43 S09AUTO drive mode=1 plan=[defend+resolve] phase=ACTION_MANEUVER turn=cmuhntiwu0001wib0z281rpa8
2026.09.26-04.23.43 MANEUVER-CONFIRM moves=1 boost=none
2026.09.26-04.23.43 SNAPSHOT applied seq=94 phase=ACTION_MANEUVER
2026.09.26-04.23.43 HANDLE_APPLIED #146 seq=94 decision=2 fightersValid=1 boardValid=1
2026.09.26-04.23.43 closed mode=
2026.09.26-04.23.43 MODE seq=94 mode=0 combat=0 pending=0
2026.09.26-04.23.43 HUD seq=94 phase=ACTION_MANEUVER turn=you hand=6 oppHand=5(hidden) oppDeck=14~ deck=8~ discard=16
2026.09.26-04.23.43 FIGHTERS synced n=6 alive=6 own=2 enemy=4
2026.09.26-04.23.43 CUE move f-1-hero (3,3)->(2,3) seq=94
2026.09.26-04.23.43 WS seq=94 phase=ACTION_MANEUVER (apply)
2026.09.26-04.23.43 SNAPSHOT applied seq=94 phase=ACTION_MANEUVER
2026.09.26-04.23.43 HANDLE_APPLIED #147 seq=94 decision=1 fightersValid=1 boardValid=1
2026.09.26-04.23.43 MODE seq=94 mode=0 combat=0 pending=0
2026.09.26-04.23.43 HUD seq=94 phase=ACTION_MANEUVER turn=you hand=6 oppHand=5(hidden) oppDeck=14 deck=8 discard=16
2026.09.26-04.23.43 FIGHTERS synced n=6 alive=6 own=2 enemy=4
2026.09.26-04.23.43 MANEUVER done seq=94 (merge) fighters=6 boost=no
2026.09.26-04.23.44 S09AUTO drive mode=0 plan=[defend+resolve] phase=ACTION_MANEUVER turn=cmuhntiwu0001wib0z281rpa8
2026.09.26-04.23.44 SNAPSHOT applied seq=95 phase=ACTION_MANEUVER
2026.09.26-04.23.44 HANDLE_APPLIED #148 seq=95 decision=2 fightersValid=1 boardValid=1
2026.09.26-04.23.44 MANEUVER-DRAFT mode=maneuver:18:94
2026.09.26-04.23.44 DRAFT-OPEN draw committed (resume instead of begin)
2026.09.26-04.23.44 MODE seq=95 mode=1 combat=0 pending=0
2026.09.26-04.23.44 HUD seq=95 phase=ACTION_MANEUVER turn=you hand=7 oppHand=5(hidden) oppDeck=14~ deck=8~ discard=16
2026.09.26-04.23.44 FIGHTERS synced n=6 alive=6 own=2 enemy=4
2026.09.26-04.23.44 WS seq=95 phase=ACTION_MANEUVER (apply)
2026.09.26-04.23.44 SNAPSHOT applied seq=95 phase=ACTION_MANEUVER
2026.09.26-04.23.44 HANDLE_APPLIED #149 seq=95 decision=1 fightersValid=1 boardValid=1
2026.09.26-04.23.44 MODE seq=95 mode=1 combat=0 pending=0
2026.09.26-04.23.44 HUD seq=95 phase=ACTION_MANEUVER turn=you hand=7 oppHand=5(hidden) oppDeck=14 deck=7 discard=16
2026.09.26-04.23.44 FIGHTERS synced n=6 alive=6 own=2 enemy=4
2026.09.26-04.23.44 MANEUVER begin seq=95 (merge) pending=maneuver:18:94
2026.09.26-04.23.44 S09AUTO drive mode=1 plan=[defend+resolve] phase=ACTION_MANEUVER turn=cmuhntiwu0001wib0z281rpa8
2026.09.26-04.23.44 MANEUVER-CONFIRM moves=1 boost=none
2026.09.26-04.23.44 SNAPSHOT applied seq=96 phase=ACTION_MANEUVER
2026.09.26-04.23.44 HANDLE_APPLIED #150 seq=96 decision=2 fightersValid=1 boardValid=1
2026.09.26-04.23.44 closed mode=
2026.09.26-04.23.44 MODE seq=96 mode=0 combat=0 pending=1
2026.09.26-04.23.44 HUD seq=96 phase=ACTION_MANEUVER turn=opp hand=7 oppHand=5(hidden) oppDeck=14~ deck=7~ discard=16
2026.09.26-04.23.44 FIGHTERS synced n=6 alive=6 own=2 enemy=4
2026.09.26-04.23.44 CUE move f-1-hero (2,3)->(3,3) seq=96
2026.09.26-04.23.44 WS seq=96 phase=ACTION_MANEUVER (apply)
2026.09.26-04.23.44 SNAPSHOT applied seq=96 phase=ACTION_MANEUVER
2026.09.26-04.23.44 HANDLE_APPLIED #151 seq=96 decision=1 fightersValid=1 boardValid=1
2026.09.26-04.23.44 MODE seq=96 mode=0 combat=0 pending=1
2026.09.26-04.23.44 HUD seq=96 phase=ACTION_MANEUVER turn=opp hand=7 oppHand=5(hidden) oppDeck=14 deck=7 discard=16
2026.09.26-04.23.44 FIGHTERS synced n=6 alive=6 own=2 enemy=4
2026.09.26-04.23.44 MANEUVER done seq=96 (merge) fighters=6 boost=no
2026.09.26-04.23.44 SNAPSHOT applied seq=97 phase=GAME_OVER
2026.09.26-04.23.44 HANDLE_APPLIED #152 seq=97 decision=2 fightersValid=1 boardValid=1
2026.09.26-04.23.44 MODE seq=97 mode=0 combat=0 pending=0
2026.09.26-04.23.44 HUD seq=97 phase=GAME_OVER turn=opp hand=7 oppHand=5(hidden) oppDeck=14~ deck=7~ discard=16
2026.09.26-04.23.44 FIGHTERS synced n=6 alive=5 own=1 enemy=4
2026.09.26-04.23.44 CUE damage f-1-hero -1 seq=97
2026.09.26-04.23.44 WS seq=97 phase=GAME_OVER (apply)
2026.09.26-04.26.41 --- S08 trace close ---
