20:52:46 | INFO: Data are loaded, start creating Blender stuff
20:52:46 | INFO: Blender create Mesh node meshes[0]
20:52:46 | INFO: Blender create Mesh node meshes[1]
20:52:47 | INFO: Blender create Mesh node meshes[2]
20:52:47 | INFO: Blender create Mesh node meshes[3]
20:52:47 | INFO: Blender create Mesh node meshes[4]
20:52:47 | INFO: Blender create Mesh node meshes[5]
20:52:47 | INFO: Blender create Mesh node meshes[6]
20:52:47 | INFO: Blender create Mesh node meshes[7]
20:52:48 | INFO: Blender create Mesh node meshes[8]
20:52:48 | INFO: Blender create Mesh node meshes[9]
20:52:48 | INFO: Blender create Mesh node meshes[10]
20:52:48 | INFO: Blender create Mesh node meshes[11]
20:52:48 | INFO: Blender create Mesh node meshes[12]
20:52:48 | INFO: Blender create Mesh node meshes[13]
20:52:48 | INFO: Blender create Mesh node meshes[14]
20:52:48 | INFO: Blender create Mesh node meshes[15]
20:52:48 | INFO: Blender create Mesh node meshes[16]
20:52:48 | INFO: Blender create Mesh node meshes[17]
20:52:48 | INFO: Blender create Mesh node meshes[18]
20:52:48 | INFO: glTF import finished in 2.53s
20:52:48 | INFO: Data are loaded, start creating Blender stuff
20:52:48 | INFO: Blender create Mesh node meshes[0]
20:52:49 | INFO: Blender create Mesh node meshes[1]
20:52:49 | INFO: Blender create Mesh node meshes[2]
20:52:49 | INFO: Blender create Mesh node meshes[3]
20:52:50 | INFO: Blender create Mesh node meshes[4]
20:52:50 | INFO: Blender create Mesh node meshes[5]
20:52:50 | INFO: Blender create Mesh node meshes[6]
20:52:50 | INFO: Blender create Mesh node meshes[7]
20:52:50 | INFO: Blender create Mesh node meshes[8]
20:52:50 | INFO: Blender create Mesh node meshes[9]
20:52:50 | INFO: Blender create Mesh node meshes[10]
20:52:50 | INFO: Blender create Mesh node meshes[11]
20:52:51 | INFO: Blender create Mesh node meshes[12]
20:52:51 | INFO: Blender create Mesh node meshes[13]
20:52:51 | INFO: Blender create Mesh node meshes[14]
20:52:51 | INFO: Blender create Mesh node meshes[15]
20:52:51 | INFO: Blender create Mesh node meshes[16]
20:52:51 | INFO: Blender create Mesh node meshes[17]
20:52:51 | INFO: Blender create Mesh node meshes[18]
20:52:51 | INFO: glTF import finished in 2.55s
C:\Users\ren\WebstormProjects\unmached\unmached\tools\tripo-pipeline\blender\h2_bake_harpy\stage_import.py:214: DeprecationWarning: 'Material.use_nodes' is expected to be removed in Blender 6.0
  if not m.use_nodes:
part tripo_part_0 342761 1.0
part tripo_part_1 328729 1.0
part tripo_part_2 283133 1.0
part tripo_part_3 149939 1.0
part tripo_part_4 79243 1.0
part tripo_part_5 119976 1.0
part tripo_part_6 76848 1.0
part tripo_part_7 143344 1.0
part tripo_part_8 67756 1.0
part tripo_part_9 64331 1.0
part tripo_part_10 65811 1.0
part tripo_part_11 21962 1.0
part tripo_part_12 54901 1.0
part tripo_part_13 13577 1.0
part tripo_part_14 69676 1.0
part tripo_part_15 18980 1.0
part tripo_part_16 13616 1.0
part tripo_part_17 8211 1.0
part tripo_part_18 7862 1.0
Info: Saved as "h2-highpoly.blend"
H2_BAKE_STAGE_OK import
Blender 5.2.2 LTS (hash d13f752e3b9c built 2026-09-15 01:37:04)

Blender quit
