00:00.500  blend            | Read blend: "C:\Users\ren\WebstormProjects\unmached\unmached\art\pipeline-candidates\ASSET-HARPY-001\20260929-h3-bake\work\h2-highpoly.blend"
lowpoly tripo_part_0 4495 {'p50_mm': 0.202, 'p95_mm': 0.71, 'p99_mm': 0.982, 'max_mm': 2.718}
lowpoly tripo_part_1 4482 {'p50_mm': 0.202, 'p95_mm': 0.709, 'p99_mm': 1.01, 'max_mm': 1.656}
lowpoly tripo_part_2 6570 {'p50_mm': 0.181, 'p95_mm': 0.631, 'p99_mm': 0.875, 'max_mm': 1.752}
lowpoly tripo_part_3 3112 {'p50_mm': 0.132, 'p95_mm': 0.478, 'p99_mm': 0.691, 'max_mm': 1.928}
lowpoly tripo_part_4 1667 {'p50_mm': 0.19, 'p95_mm': 0.607, 'p99_mm': 0.841, 'max_mm': 1.563}
lowpoly tripo_part_5 2923 {'p50_mm': 0.205, 'p95_mm': 0.663, 'p99_mm': 0.89, 'max_mm': 1.983}
lowpoly tripo_part_7 3089 {'p50_mm': 0.128, 'p95_mm': 0.45, 'p99_mm': 0.643, 'max_mm': 1.351}
lowpoly tripo_part_8 1479 {'p50_mm': 0.266, 'p95_mm': 0.767, 'p99_mm': 1.012, 'max_mm': 1.665}
lowpoly tripo_part_9 1532 {'p50_mm': 0.249, 'p95_mm': 0.716, 'p99_mm': 0.896, 'max_mm': 1.544}
lowpoly tripo_part_10 1423 {'p50_mm': 0.312, 'p95_mm': 0.874, 'p99_mm': 1.172, 'max_mm': 2.038}
lowpoly tripo_part_11 542 {'p50_mm': 0.201, 'p95_mm': 0.701, 'p99_mm': 0.993, 'max_mm': 2.084}
lowpoly tripo_part_12 1408 {'p50_mm': 0.27, 'p95_mm': 0.817, 'p99_mm': 1.034, 'max_mm': 1.933}
lowpoly tripo_part_13 390 {'p50_mm': 0.266, 'p95_mm': 0.905, 'p99_mm': 1.21, 'max_mm': 2.698}
lowpoly tripo_part_14 1706 {'p50_mm': 0.177, 'p95_mm': 0.564, 'p99_mm': 0.802, 'max_mm': 1.631}
lowpoly tripo_part_15 539 {'p50_mm': 0.221, 'p95_mm': 0.648, 'p99_mm': 0.883, 'max_mm': 1.312}
lowpoly tripo_part_16 435 {'p50_mm': 0.154, 'p95_mm': 0.509, 'p99_mm': 0.759, 'max_mm': 1.442}
lowpoly tripo_part_17 323 {'p50_mm': 0.13, 'p95_mm': 0.43, 'p99_mm': 0.595, 'max_mm': 0.873}
lowpoly tripo_part_18 329 {'p50_mm': 0.131, 'p95_mm': 0.425, 'p99_mm': 0.604, 'max_mm': 1.14}
Info: Saved as "h2-lowpoly.blend"
H2_BAKE_STAGE_OK lowpoly 36444
Blender 5.2.2 LTS (hash d13f752e3b9c built 2026-09-15 01:37:04)

Blender quit
