00:00.609  blend            | Read blend: "C:\Users\ren\WebstormProjects\unmached\unmached\art\pipeline-candidates\ASSET-HARPY-001\20260929-h3-bake\work\h2-lowpoly.blend"
00:04.047  render           | Saved: 'C:\Users\ren\WebstormProjects\unmached\unmached\art\pipeline-candidates\ASSET-HARPY-001\20260929-h3-bake\preview\shape\front_hp.png'
00:04.203  render           | Saved: 'C:\Users\ren\WebstormProjects\unmached\unmached\art\pipeline-candidates\ASSET-HARPY-001\20260929-h3-bake\preview\shape\front_lp.png'
00:04.406  render           | Saved: 'C:\Users\ren\WebstormProjects\unmached\unmached\art\pipeline-candidates\ASSET-HARPY-001\20260929-h3-bake\preview\shape\side_left_hp.png'
00:04.547  render           | Saved: 'C:\Users\ren\WebstormProjects\unmached\unmached\art\pipeline-candidates\ASSET-HARPY-001\20260929-h3-bake\preview\shape\side_left_lp.png'
00:04.734  render           | Saved: 'C:\Users\ren\WebstormProjects\unmached\unmached\art\pipeline-candidates\ASSET-HARPY-001\20260929-h3-bake\preview\shape\back_hp.png'
00:04.906  render           | Saved: 'C:\Users\ren\WebstormProjects\unmached\unmached\art\pipeline-candidates\ASSET-HARPY-001\20260929-h3-bake\preview\shape\back_lp.png'
00:05.094  render           | Saved: 'C:\Users\ren\WebstormProjects\unmached\unmached\art\pipeline-candidates\ASSET-HARPY-001\20260929-h3-bake\preview\shape\top_hp.png'
00:05.219  render           | Saved: 'C:\Users\ren\WebstormProjects\unmached\unmached\art\pipeline-candidates\ASSET-HARPY-001\20260929-h3-bake\preview\shape\top_lp.png'
00:05.422  render           | Saved: 'C:\Users\ren\WebstormProjects\unmached\unmached\art\pipeline-candidates\ASSET-HARPY-001\20260929-h3-bake\preview\shape\head_front_hp.png'
00:05.562  render           | Saved: 'C:\Users\ren\WebstormProjects\unmached\unmached\art\pipeline-candidates\ASSET-HARPY-001\20260929-h3-bake\preview\shape\head_front_lp.png'
00:05.750  render           | Saved: 'C:\Users\ren\WebstormProjects\unmached\unmached\art\pipeline-candidates\ASSET-HARPY-001\20260929-h3-bake\preview\shape\head_3q_hp.png'
00:05.891  render           | Saved: 'C:\Users\ren\WebstormProjects\unmached\unmached\art\pipeline-candidates\ASSET-HARPY-001\20260929-h3-bake\preview\shape\head_3q_lp.png'
00:06.047  render           | Saved: 'C:\Users\ren\WebstormProjects\unmached\unmached\art\pipeline-candidates\ASSET-HARPY-001\20260929-h3-bake\preview\shape\feet_front_hp.png'
00:06.156  render           | Saved: 'C:\Users\ren\WebstormProjects\unmached\unmached\art\pipeline-candidates\ASSET-HARPY-001\20260929-h3-bake\preview\shape\feet_front_lp.png'
00:06.328  render           | Saved: 'C:\Users\ren\WebstormProjects\unmached\unmached\art\pipeline-candidates\ASSET-HARPY-001\20260929-h3-bake\preview\shape\wing_tip_back_hp.png'
00:06.453  render           | Saved: 'C:\Users\ren\WebstormProjects\unmached\unmached\art\pipeline-candidates\ASSET-HARPY-001\20260929-h3-bake\preview\shape\wing_tip_back_lp.png'
H2_BAKE_STAGE_OK preview_lowpoly {'front': {'iou': 0.98676, 'hp_px': 592764, 'lp_px': 591261, 'xor_px': 7893}, 'side_left': {'iou': 0.98933, 'hp_px': 407767, 'lp_px': 407260, 'xor_px': 4371}, 'back': {'iou': 0.98862, 'hp_px': 593239, 'lp_px': 592469, 'xor_px': 6786}, 'top': {'iou': 0.98392, 'hp_px': 286857, 'lp_px': 285840, 'xor_px': 4643}, 'head_front': {'iou': 0.93376, 'hp_px': 785685, 'lp_px': 778832, 'xor_px': 53595}, 'head_3q': {'iou': 0.93824, 'hp_px': 785666, 'lp_px': 779704, 'xor_px': 49882}, 'feet_front': {'iou': 0.97314, 'hp_px': 321626, 'lp_px': 319855, 'xor_px': 8731}, 'wing_tip_back': {'iou': 0.94617, 'hp_px': 488636, 'lp_px': 488878, 'xor_px': 27040}}
Blender 5.2.2 LTS (hash d13f752e3b9c built 2026-09-15 01:37:04)

Blender quit
