00:00.578  blend            | Read blend: "C:\Users\ren\WebstormProjects\unmached\unmached\art\pipeline-candidates\ASSET-HARPY-001\20260929-h3-bake\work\h2-candidate.blend"
00:04.359  render           | Saved: 'C:\Users\ren\WebstormProjects\unmached\unmached\art\pipeline-candidates\ASSET-HARPY-001\20260929-h3-bake\preview\review\concept_frame_front.png'
00:04.703  render           | Saved: 'C:\Users\ren\WebstormProjects\unmached\unmached\art\pipeline-candidates\ASSET-HARPY-001\20260929-h3-bake\preview\review\concept_frame_side.png'
00:05.031  render           | Saved: 'C:\Users\ren\WebstormProjects\unmached\unmached\art\pipeline-candidates\ASSET-HARPY-001\20260929-h3-bake\preview\review\concept_frame_back.png'
00:05.469  render           | Saved: 'C:\Users\ren\WebstormProjects\unmached\unmached\art\pipeline-candidates\ASSET-HARPY-001\20260929-h3-bake\preview\review\closeup_face_front.png'
00:06.719  render           | Saved: 'C:\Users\ren\WebstormProjects\unmached\unmached\art\pipeline-candidates\ASSET-HARPY-001\20260929-h3-bake\preview\review\closeup_face_front_highpoly.png'
00:07.047  render           | Saved: 'C:\Users\ren\WebstormProjects\unmached\unmached\art\pipeline-candidates\ASSET-HARPY-001\20260929-h3-bake\preview\review\closeup_face_3q.png'
00:07.797  render           | Saved: 'C:\Users\ren\WebstormProjects\unmached\unmached\art\pipeline-candidates\ASSET-HARPY-001\20260929-h3-bake\preview\review\closeup_face_3q_highpoly.png'
00:08.141  render           | Saved: 'C:\Users\ren\WebstormProjects\unmached\unmached\art\pipeline-candidates\ASSET-HARPY-001\20260929-h3-bake\preview\review\closeup_talons_front.png'
00:08.844  render           | Saved: 'C:\Users\ren\WebstormProjects\unmached\unmached\art\pipeline-candidates\ASSET-HARPY-001\20260929-h3-bake\preview\review\closeup_talons_front_highpoly.png'
00:09.188  render           | Saved: 'C:\Users\ren\WebstormProjects\unmached\unmached\art\pipeline-candidates\ASSET-HARPY-001\20260929-h3-bake\preview\review\closeup_talons_3q_left.png'
00:09.875  render           | Saved: 'C:\Users\ren\WebstormProjects\unmached\unmached\art\pipeline-candidates\ASSET-HARPY-001\20260929-h3-bake\preview\review\closeup_talons_3q_left_highpoly.png'
00:10.266  render           | Saved: 'C:\Users\ren\WebstormProjects\unmached\unmached\art\pipeline-candidates\ASSET-HARPY-001\20260929-h3-bake\preview\review\closeup_wing_primaries_left_back.png'
00:10.969  render           | Saved: 'C:\Users\ren\WebstormProjects\unmached\unmached\art\pipeline-candidates\ASSET-HARPY-001\20260929-h3-bake\preview\review\closeup_wing_primaries_left_back_highpoly.png'
00:11.328  render           | Saved: 'C:\Users\ren\WebstormProjects\unmached\unmached\art\pipeline-candidates\ASSET-HARPY-001\20260929-h3-bake\preview\review\closeup_wing_front_left.png'
00:12.000  render           | Saved: 'C:\Users\ren\WebstormProjects\unmached\unmached\art\pipeline-candidates\ASSET-HARPY-001\20260929-h3-bake\preview\review\closeup_wing_front_left_highpoly.png'
00:12.375  render           | Saved: 'C:\Users\ren\WebstormProjects\unmached\unmached\art\pipeline-candidates\ASSET-HARPY-001\20260929-h3-bake\preview\review\closeup_neck_back.png'
00:13.094  render           | Saved: 'C:\Users\ren\WebstormProjects\unmached\unmached\art\pipeline-candidates\ASSET-HARPY-001\20260929-h3-bake\preview\review\closeup_neck_back_highpoly.png'
00:13.453  render           | Saved: 'C:\Users\ren\WebstormProjects\unmached\unmached\art\pipeline-candidates\ASSET-HARPY-001\20260929-h3-bake\preview\review\closeup_nape_back_game.png'
00:14.203  render           | Saved: 'C:\Users\ren\WebstormProjects\unmached\unmached\art\pipeline-candidates\ASSET-HARPY-001\20260929-h3-bake\preview\review\closeup_nape_back_game_highpoly.png'
00:14.594  render           | Saved: 'C:\Users\ren\WebstormProjects\unmached\unmached\art\pipeline-candidates\ASSET-HARPY-001\20260929-h3-bake\preview\review\closeup_nape_back3q_game.png'
00:15.328  render           | Saved: 'C:\Users\ren\WebstormProjects\unmached\unmached\art\pipeline-candidates\ASSET-HARPY-001\20260929-h3-bake\preview\review\closeup_nape_back3q_game_highpoly.png'
00:15.672  render           | Saved: 'C:\Users\ren\WebstormProjects\unmached\unmached\art\pipeline-candidates\ASSET-HARPY-001\20260929-h3-bake\preview\review\closeup_crest_front_game.png'
00:16.359  render           | Saved: 'C:\Users\ren\WebstormProjects\unmached\unmached\art\pipeline-candidates\ASSET-HARPY-001\20260929-h3-bake\preview\review\closeup_crest_front_game_highpoly.png'
00:16.797  render           | Saved: 'C:\Users\ren\WebstormProjects\unmached\unmached\art\pipeline-candidates\ASSET-HARPY-001\20260929-h3-bake\preview\review\teamcolor_gold_front.png'
00:17.156  render           | Saved: 'C:\Users\ren\WebstormProjects\unmached\unmached\art\pipeline-candidates\ASSET-HARPY-001\20260929-h3-bake\preview\review\teamcolor_gold_game3q.png'
00:17.438  render           | Saved: 'C:\Users\ren\WebstormProjects\unmached\unmached\art\pipeline-candidates\ASSET-HARPY-001\20260929-h3-bake\preview\review\teamcolor_silver_front.png'
00:17.750  render           | Saved: 'C:\Users\ren\WebstormProjects\unmached\unmached\art\pipeline-candidates\ASSET-HARPY-001\20260929-h3-bake\preview\review\teamcolor_silver_game3q.png'
H2_BAKE_STAGE_OK review concept 27
Blender 5.2.2 LTS (hash d13f752e3b9c built 2026-09-15 01:37:04)

Blender quit
