00:00.515  blend            | Read blend: "C:\Users\ren\WebstormProjects\unmached\unmached\art\pipeline-candidates\ASSET-HARPY-001\20260929-h3-bake\work\h2-candidate.blend"
00:03.875  render           | Saved: 'C:\Users\ren\WebstormProjects\unmached\unmached\art\pipeline-candidates\ASSET-HARPY-001\20260929-h3-bake\work\h3-frames\h3_concept_front.png'
00:04.156  render           | Saved: 'C:\Users\ren\WebstormProjects\unmached\unmached\art\pipeline-candidates\ASSET-HARPY-001\20260929-h3-bake\work\h3-frames\h3_concept_side.png'
00:04.437  render           | Saved: 'C:\Users\ren\WebstormProjects\unmached\unmached\art\pipeline-candidates\ASSET-HARPY-001\20260929-h3-bake\work\h3-frames\h3_concept_back.png'
00:04.734  render           | Saved: 'C:\Users\ren\WebstormProjects\unmached\unmached\art\pipeline-candidates\ASSET-HARPY-001\20260929-h3-bake\work\h3-frames\h3_close_face_front.png'
00:05.046  render           | Saved: 'C:\Users\ren\WebstormProjects\unmached\unmached\art\pipeline-candidates\ASSET-HARPY-001\20260929-h3-bake\work\h3-frames\h3_close_face_game.png'
00:05.328  render           | Saved: 'C:\Users\ren\WebstormProjects\unmached\unmached\art\pipeline-candidates\ASSET-HARPY-001\20260929-h3-bake\work\h3-frames\h3_close_nape_back.png'
00:05.593  render           | Saved: 'C:\Users\ren\WebstormProjects\unmached\unmached\art\pipeline-candidates\ASSET-HARPY-001\20260929-h3-bake\work\h3-frames\h3_close_nape_game.png'
00:05.890  render           | Saved: 'C:\Users\ren\WebstormProjects\unmached\unmached\art\pipeline-candidates\ASSET-HARPY-001\20260929-h3-bake\work\h3-frames\h3_close_talons_3q.png'
00:06.187  render           | Saved: 'C:\Users\ren\WebstormProjects\unmached\unmached\art\pipeline-candidates\ASSET-HARPY-001\20260929-h3-bake\work\h3-frames\h3_close_talons_front.png'
00:06.484  render           | Saved: 'C:\Users\ren\WebstormProjects\unmached\unmached\art\pipeline-candidates\ASSET-HARPY-001\20260929-h3-bake\work\h3-frames\h3_close_base_band.png'
00:06.843  render           | Saved: 'C:\Users\ren\WebstormProjects\unmached\unmached\art\pipeline-candidates\ASSET-HARPY-001\20260929-h3-bake\work\h3-frames\h3_k2_1p6x_az000.png'
00:07.203  render           | Saved: 'C:\Users\ren\WebstormProjects\unmached\unmached\art\pipeline-candidates\ASSET-HARPY-001\20260929-h3-bake\work\h3-frames\h3_k2_1p6x_az040.png'
00:07.531  render           | Saved: 'C:\Users\ren\WebstormProjects\unmached\unmached\art\pipeline-candidates\ASSET-HARPY-001\20260929-h3-bake\work\h3-frames\h3_k2_1p6x_az140.png'
00:07.859  render           | Saved: 'C:\Users\ren\WebstormProjects\unmached\unmached\art\pipeline-candidates\ASSET-HARPY-001\20260929-h3-bake\work\h3-frames\h3_k2_1p6x_az180.png'
00:08.203  render           | Saved: 'C:\Users\ren\WebstormProjects\unmached\unmached\art\pipeline-candidates\ASSET-HARPY-001\20260929-h3-bake\work\h3-frames\h3_k2_5x_az000.png'
00:08.546  render           | Saved: 'C:\Users\ren\WebstormProjects\unmached\unmached\art\pipeline-candidates\ASSET-HARPY-001\20260929-h3-bake\work\h3-frames\h3_k2_5x_az040.png'
00:08.890  render           | Saved: 'C:\Users\ren\WebstormProjects\unmached\unmached\art\pipeline-candidates\ASSET-HARPY-001\20260929-h3-bake\work\h3-frames\h3_k2_5x_az140.png'
00:09.234  render           | Saved: 'C:\Users\ren\WebstormProjects\unmached\unmached\art\pipeline-candidates\ASSET-HARPY-001\20260929-h3-bake\work\h3-frames\h3_k2_5x_az180.png'
00:09.578  render           | Saved: 'C:\Users\ren\WebstormProjects\unmached\unmached\art\pipeline-candidates\ASSET-HARPY-001\20260929-h3-bake\work\h3-frames\h3_team_gold_k2_5x.png'
00:09.906  render           | Saved: 'C:\Users\ren\WebstormProjects\unmached\unmached\art\pipeline-candidates\ASSET-HARPY-001\20260929-h3-bake\work\h3-frames\h3_team_silver_k2_5x.png'
C:\Users\ren\WebstormProjects\unmached\unmached\tools\tripo-pipeline\blender\h2_bake_harpy\review_h3.py:123: DeprecationWarning: 'World.use_nodes' is expected to be removed in Blender 6.0
  w.use_nodes = True
C:\Users\ren\WebstormProjects\unmached\unmached\tools\tripo-pipeline\blender\h2_bake_harpy\review_h3.py:157: DeprecationWarning: 'Material.use_nodes' is expected to be removed in Blender 6.0
  bm.use_nodes = True
00:10.609  render           | Saved: 'C:\Users\ren\WebstormProjects\unmached\unmached\art\pipeline-candidates\ASSET-HARPY-001\20260929-h3-bake\work\cobble-calibration\k1_board_lo.png'
00:11.187  render           | Saved: 'C:\Users\ren\WebstormProjects\unmached\unmached\art\pipeline-candidates\ASSET-HARPY-001\20260929-h3-bake\work\cobble-calibration\k1_board_hi.png'
00:11.765  render           | Saved: 'C:\Users\ren\WebstormProjects\unmached\unmached\art\pipeline-candidates\ASSET-HARPY-001\20260929-h3-bake\work\cobble-calibration\k1_board_i00.png'
00:12.343  render           | Saved: 'C:\Users\ren\WebstormProjects\unmached\unmached\art\pipeline-candidates\ASSET-HARPY-001\20260929-h3-bake\work\cobble-calibration\k1_board_final.png'
COBBLE_CALIBRATION offset -1.0000 stops -> K1 board p50 131.00 (target 131.2)
00:12.968  render           | Saved: 'C:\Users\ren\WebstormProjects\unmached\unmached\art\pipeline-candidates\ASSET-HARPY-001\20260929-h3-bake\work\h3-frames\h3_cobble_k2_5x_az000.png'
00:13.500  render           | Saved: 'C:\Users\ren\WebstormProjects\unmached\unmached\art\pipeline-candidates\ASSET-HARPY-001\20260929-h3-bake\work\h3-frames\h3_cobble_k2_5x_az040.png'
00:14.015  render           | Saved: 'C:\Users\ren\WebstormProjects\unmached\unmached\art\pipeline-candidates\ASSET-HARPY-001\20260929-h3-bake\work\h3-frames\h3_cobble_k2_5x_az180.png'
00:14.546  render           | Saved: 'C:\Users\ren\WebstormProjects\unmached\unmached\art\pipeline-candidates\ASSET-HARPY-001\20260929-h3-bake\work\h3-frames\h3_cobble_k2_1p6x_az040.png'
00:14.984  render           | Saved: 'C:\Users\ren\WebstormProjects\unmached\unmached\art\pipeline-candidates\ASSET-HARPY-001\20260929-h3-bake\work\h3-frames\h3_cobble_close_face_game.png'
00:15.375  render           | Saved: 'C:\Users\ren\WebstormProjects\unmached\unmached\art\pipeline-candidates\ASSET-HARPY-001\20260929-h3-bake\work\h3-frames\h3_cobble_close_nape_game.png'
00:15.765  render           | Saved: 'C:\Users\ren\WebstormProjects\unmached\unmached\art\pipeline-candidates\ASSET-HARPY-001\20260929-h3-bake\work\h3-frames\h3_cobble_close_talons_3q.png'
00:16.328  render           | Saved: 'C:\Users\ren\WebstormProjects\unmached\unmached\art\pipeline-candidates\ASSET-HARPY-001\20260929-h3-bake\work\h3-frames\h3_cobble_board_k2_5x_az000.png'
00:16.843  render           | Saved: 'C:\Users\ren\WebstormProjects\unmached\unmached\art\pipeline-candidates\ASSET-HARPY-001\20260929-h3-bake\work\h3-frames\h3_cobble_board_k2_5x_az040.png'
00:17.203  render           | Saved: 'C:\Users\ren\WebstormProjects\unmached\unmached\art\pipeline-candidates\ASSET-HARPY-001\20260929-h3-bake\work\h3-frames\h3_cobble_mask_body_k2_5x_az000.png'
00:17.531  render           | Saved: 'C:\Users\ren\WebstormProjects\unmached\unmached\art\pipeline-candidates\ASSET-HARPY-001\20260929-h3-bake\work\h3-frames\h3_cobble_mask_body_k2_5x_az040.png'
00:18.109  render           | Saved: 'C:\Users\ren\WebstormProjects\unmached\unmached\art\pipeline-candidates\ASSET-HARPY-001\20260929-h3-bake\work\cobble-calibration\k1_board_khronos_pbr_neutral_lo.png'
00:18.625  render           | Saved: 'C:\Users\ren\WebstormProjects\unmached\unmached\art\pipeline-candidates\ASSET-HARPY-001\20260929-h3-bake\work\cobble-calibration\k1_board_khronos_pbr_neutral_hi.png'
00:19.171  render           | Saved: 'C:\Users\ren\WebstormProjects\unmached\unmached\art\pipeline-candidates\ASSET-HARPY-001\20260929-h3-bake\work\cobble-calibration\k1_board_khronos_pbr_neutral_i00.png'
00:19.718  render           | Saved: 'C:\Users\ren\WebstormProjects\unmached\unmached\art\pipeline-candidates\ASSET-HARPY-001\20260929-h3-bake\work\cobble-calibration\k1_board_khronos_pbr_neutral_i01.png'
00:20.250  render           | Saved: 'C:\Users\ren\WebstormProjects\unmached\unmached\art\pipeline-candidates\ASSET-HARPY-001\20260929-h3-bake\work\cobble-calibration\k1_board_khronos_pbr_neutral_i02.png'
00:20.765  render           | Saved: 'C:\Users\ren\WebstormProjects\unmached\unmached\art\pipeline-candidates\ASSET-HARPY-001\20260929-h3-bake\work\cobble-calibration\k1_board_khronos_pbr_neutral_i03.png'
00:21.281  render           | Saved: 'C:\Users\ren\WebstormProjects\unmached\unmached\art\pipeline-candidates\ASSET-HARPY-001\20260929-h3-bake\work\cobble-calibration\k1_board_khronos_pbr_neutral_i04.png'
00:21.843  render           | Saved: 'C:\Users\ren\WebstormProjects\unmached\unmached\art\pipeline-candidates\ASSET-HARPY-001\20260929-h3-bake\work\cobble-calibration\k1_board_khronos_pbr_neutral_i05.png'
00:22.390  render           | Saved: 'C:\Users\ren\WebstormProjects\unmached\unmached\art\pipeline-candidates\ASSET-HARPY-001\20260929-h3-bake\work\cobble-calibration\k1_board_khronos_pbr_neutral_i06.png'
00:22.906  render           | Saved: 'C:\Users\ren\WebstormProjects\unmached\unmached\art\pipeline-candidates\ASSET-HARPY-001\20260929-h3-bake\work\cobble-calibration\k1_board_khronos_pbr_neutral_final.png'
00:23.328  render           | Saved: 'C:\Users\ren\WebstormProjects\unmached\unmached\art\pipeline-candidates\ASSET-HARPY-001\20260929-h3-bake\work\h3-frames\h3_cobvt_khronos_pbr_neutral_close_talons_3q.png'
00:23.703  render           | Saved: 'C:\Users\ren\WebstormProjects\unmached\unmached\art\pipeline-candidates\ASSET-HARPY-001\20260929-h3-bake\work\h3-frames\h3_cobvt_khronos_pbr_neutral_close_face_game.png'
00:24.250  render           | Saved: 'C:\Users\ren\WebstormProjects\unmached\unmached\art\pipeline-candidates\ASSET-HARPY-001\20260929-h3-bake\work\h3-frames\h3_cobvt_khronos_pbr_neutral_k2_5x_az000.png'
00:24.781  render           | Saved: 'C:\Users\ren\WebstormProjects\unmached\unmached\art\pipeline-candidates\ASSET-HARPY-001\20260929-h3-bake\work\cobble-calibration\k1_board_filmic_lo.png'
00:25.359  render           | Saved: 'C:\Users\ren\WebstormProjects\unmached\unmached\art\pipeline-candidates\ASSET-HARPY-001\20260929-h3-bake\work\cobble-calibration\k1_board_filmic_hi.png'
00:25.921  render           | Saved: 'C:\Users\ren\WebstormProjects\unmached\unmached\art\pipeline-candidates\ASSET-HARPY-001\20260929-h3-bake\work\cobble-calibration\k1_board_filmic_i00.png'
00:26.484  render           | Saved: 'C:\Users\ren\WebstormProjects\unmached\unmached\art\pipeline-candidates\ASSET-HARPY-001\20260929-h3-bake\work\cobble-calibration\k1_board_filmic_i01.png'
00:27.015  render           | Saved: 'C:\Users\ren\WebstormProjects\unmached\unmached\art\pipeline-candidates\ASSET-HARPY-001\20260929-h3-bake\work\cobble-calibration\k1_board_filmic_i02.png'
00:27.578  render           | Saved: 'C:\Users\ren\WebstormProjects\unmached\unmached\art\pipeline-candidates\ASSET-HARPY-001\20260929-h3-bake\work\cobble-calibration\k1_board_filmic_i03.png'
00:28.140  render           | Saved: 'C:\Users\ren\WebstormProjects\unmached\unmached\art\pipeline-candidates\ASSET-HARPY-001\20260929-h3-bake\work\cobble-calibration\k1_board_filmic_i04.png'
00:28.718  render           | Saved: 'C:\Users\ren\WebstormProjects\unmached\unmached\art\pipeline-candidates\ASSET-HARPY-001\20260929-h3-bake\work\cobble-calibration\k1_board_filmic_i05.png'
00:29.265  render           | Saved: 'C:\Users\ren\WebstormProjects\unmached\unmached\art\pipeline-candidates\ASSET-HARPY-001\20260929-h3-bake\work\cobble-calibration\k1_board_filmic_i06.png'
00:29.828  render           | Saved: 'C:\Users\ren\WebstormProjects\unmached\unmached\art\pipeline-candidates\ASSET-HARPY-001\20260929-h3-bake\work\cobble-calibration\k1_board_filmic_final.png'
00:30.234  render           | Saved: 'C:\Users\ren\WebstormProjects\unmached\unmached\art\pipeline-candidates\ASSET-HARPY-001\20260929-h3-bake\work\h3-frames\h3_cobvt_filmic_close_talons_3q.png'
00:30.625  render           | Saved: 'C:\Users\ren\WebstormProjects\unmached\unmached\art\pipeline-candidates\ASSET-HARPY-001\20260929-h3-bake\work\h3-frames\h3_cobvt_filmic_close_face_game.png'
00:31.171  render           | Saved: 'C:\Users\ren\WebstormProjects\unmached\unmached\art\pipeline-candidates\ASSET-HARPY-001\20260929-h3-bake\work\h3-frames\h3_cobvt_filmic_k2_5x_az000.png'
00:31.671  render           | Saved: 'C:\Users\ren\WebstormProjects\unmached\unmached\art\pipeline-candidates\ASSET-HARPY-001\20260929-h3-bake\work\cobble-calibration\k1_board_standard_lo.png'
00:32.140  render           | Saved: 'C:\Users\ren\WebstormProjects\unmached\unmached\art\pipeline-candidates\ASSET-HARPY-001\20260929-h3-bake\work\cobble-calibration\k1_board_standard_hi.png'
00:32.656  render           | Saved: 'C:\Users\ren\WebstormProjects\unmached\unmached\art\pipeline-candidates\ASSET-HARPY-001\20260929-h3-bake\work\cobble-calibration\k1_board_standard_i00.png'
00:33.187  render           | Saved: 'C:\Users\ren\WebstormProjects\unmached\unmached\art\pipeline-candidates\ASSET-HARPY-001\20260929-h3-bake\work\cobble-calibration\k1_board_standard_final.png'
00:33.625  render           | Saved: 'C:\Users\ren\WebstormProjects\unmached\unmached\art\pipeline-candidates\ASSET-HARPY-001\20260929-h3-bake\work\h3-frames\h3_cobvt_standard_close_talons_3q.png'
00:34.015  render           | Saved: 'C:\Users\ren\WebstormProjects\unmached\unmached\art\pipeline-candidates\ASSET-HARPY-001\20260929-h3-bake\work\h3-frames\h3_cobvt_standard_close_face_game.png'
00:34.531  render           | Saved: 'C:\Users\ren\WebstormProjects\unmached\unmached\art\pipeline-candidates\ASSET-HARPY-001\20260929-h3-bake\work\h3-frames\h3_cobvt_standard_k2_5x_az000.png'
00:35.078  render           | Saved: 'C:\Users\ren\WebstormProjects\unmached\unmached\art\pipeline-candidates\ASSET-HARPY-001\20260929-h3-bake\work\h3-frames\h3_cobwarm_k2_5x_az000.png'
00:35.671  render           | Saved: 'C:\Users\ren\WebstormProjects\unmached\unmached\art\pipeline-candidates\ASSET-HARPY-001\20260929-h3-bake\work\h3-frames\h3_cobwarm_k2_5x_az040.png'
00:35.671  blend            | Read blend: "C:\Users\ren\WebstormProjects\unmached\unmached\art\pipeline-candidates\ASSET-HARPY-001\20260929-h2-bake\work\h2-candidate.blend"
00:36.437  render           | Saved: 'C:\Users\ren\WebstormProjects\unmached\unmached\art\pipeline-candidates\ASSET-HARPY-001\20260929-h3-bake\work\h3-frames\h21_concept_front.png'
00:36.765  render           | Saved: 'C:\Users\ren\WebstormProjects\unmached\unmached\art\pipeline-candidates\ASSET-HARPY-001\20260929-h3-bake\work\h3-frames\h21_concept_side.png'
00:37.093  render           | Saved: 'C:\Users\ren\WebstormProjects\unmached\unmached\art\pipeline-candidates\ASSET-HARPY-001\20260929-h3-bake\work\h3-frames\h21_concept_back.png'
00:37.375  render           | Saved: 'C:\Users\ren\WebstormProjects\unmached\unmached\art\pipeline-candidates\ASSET-HARPY-001\20260929-h3-bake\work\h3-frames\h21_close_face_front.png'
00:37.656  render           | Saved: 'C:\Users\ren\WebstormProjects\unmached\unmached\art\pipeline-candidates\ASSET-HARPY-001\20260929-h3-bake\work\h3-frames\h21_close_face_game.png'
00:37.921  render           | Saved: 'C:\Users\ren\WebstormProjects\unmached\unmached\art\pipeline-candidates\ASSET-HARPY-001\20260929-h3-bake\work\h3-frames\h21_close_nape_back.png'
00:38.203  render           | Saved: 'C:\Users\ren\WebstormProjects\unmached\unmached\art\pipeline-candidates\ASSET-HARPY-001\20260929-h3-bake\work\h3-frames\h21_close_nape_game.png'
00:38.515  render           | Saved: 'C:\Users\ren\WebstormProjects\unmached\unmached\art\pipeline-candidates\ASSET-HARPY-001\20260929-h3-bake\work\h3-frames\h21_close_talons_3q.png'
00:38.796  render           | Saved: 'C:\Users\ren\WebstormProjects\unmached\unmached\art\pipeline-candidates\ASSET-HARPY-001\20260929-h3-bake\work\h3-frames\h21_close_talons_front.png'
00:39.062  render           | Saved: 'C:\Users\ren\WebstormProjects\unmached\unmached\art\pipeline-candidates\ASSET-HARPY-001\20260929-h3-bake\work\h3-frames\h21_close_base_band.png'
00:39.359  render           | Saved: 'C:\Users\ren\WebstormProjects\unmached\unmached\art\pipeline-candidates\ASSET-HARPY-001\20260929-h3-bake\work\h3-frames\h21_k2_1p6x_az000.png'
00:39.718  render           | Saved: 'C:\Users\ren\WebstormProjects\unmached\unmached\art\pipeline-candidates\ASSET-HARPY-001\20260929-h3-bake\work\h3-frames\h21_k2_1p6x_az040.png'
00:40.062  render           | Saved: 'C:\Users\ren\WebstormProjects\unmached\unmached\art\pipeline-candidates\ASSET-HARPY-001\20260929-h3-bake\work\h3-frames\h21_k2_1p6x_az140.png'
00:40.359  render           | Saved: 'C:\Users\ren\WebstormProjects\unmached\unmached\art\pipeline-candidates\ASSET-HARPY-001\20260929-h3-bake\work\h3-frames\h21_k2_1p6x_az180.png'
00:40.687  render           | Saved: 'C:\Users\ren\WebstormProjects\unmached\unmached\art\pipeline-candidates\ASSET-HARPY-001\20260929-h3-bake\work\h3-frames\h21_k2_5x_az000.png'
00:41.093  render           | Saved: 'C:\Users\ren\WebstormProjects\unmached\unmached\art\pipeline-candidates\ASSET-HARPY-001\20260929-h3-bake\work\h3-frames\h21_k2_5x_az040.png'
00:41.453  render           | Saved: 'C:\Users\ren\WebstormProjects\unmached\unmached\art\pipeline-candidates\ASSET-HARPY-001\20260929-h3-bake\work\h3-frames\h21_k2_5x_az140.png'
00:41.812  render           | Saved: 'C:\Users\ren\WebstormProjects\unmached\unmached\art\pipeline-candidates\ASSET-HARPY-001\20260929-h3-bake\work\h3-frames\h21_k2_5x_az180.png'
00:42.375  render           | Saved: 'C:\Users\ren\WebstormProjects\unmached\unmached\art\pipeline-candidates\ASSET-HARPY-001\20260929-h3-bake\work\h3-frames\h21_cobble_k2_5x_az000.png'
00:42.937  render           | Saved: 'C:\Users\ren\WebstormProjects\unmached\unmached\art\pipeline-candidates\ASSET-HARPY-001\20260929-h3-bake\work\h3-frames\h21_cobble_k2_5x_az040.png'
00:43.453  render           | Saved: 'C:\Users\ren\WebstormProjects\unmached\unmached\art\pipeline-candidates\ASSET-HARPY-001\20260929-h3-bake\work\h3-frames\h21_cobble_k2_5x_az180.png'
00:43.937  render           | Saved: 'C:\Users\ren\WebstormProjects\unmached\unmached\art\pipeline-candidates\ASSET-HARPY-001\20260929-h3-bake\work\h3-frames\h21_cobble_k2_1p6x_az040.png'
00:44.359  render           | Saved: 'C:\Users\ren\WebstormProjects\unmached\unmached\art\pipeline-candidates\ASSET-HARPY-001\20260929-h3-bake\work\h3-frames\h21_cobble_close_face_game.png'
00:44.703  render           | Saved: 'C:\Users\ren\WebstormProjects\unmached\unmached\art\pipeline-candidates\ASSET-HARPY-001\20260929-h3-bake\work\h3-frames\h21_cobble_close_nape_game.png'
00:45.062  render           | Saved: 'C:\Users\ren\WebstormProjects\unmached\unmached\art\pipeline-candidates\ASSET-HARPY-001\20260929-h3-bake\work\h3-frames\h21_cobble_close_talons_3q.png'
00:45.468  render           | Saved: 'C:\Users\ren\WebstormProjects\unmached\unmached\art\pipeline-candidates\ASSET-HARPY-001\20260929-h3-bake\work\h3-frames\h21_cobble_mask_body_k2_5x_az000.png'
00:45.812  render           | Saved: 'C:\Users\ren\WebstormProjects\unmached\unmached\art\pipeline-candidates\ASSET-HARPY-001\20260929-h3-bake\work\h3-frames\h21_cobble_mask_body_k2_5x_az040.png'
00:46.187  render           | Saved: 'C:\Users\ren\WebstormProjects\unmached\unmached\art\pipeline-candidates\ASSET-HARPY-001\20260929-h3-bake\work\h3-frames\h21_cobvt_khronos_pbr_neutral_close_talons_3q.png'
00:46.531  render           | Saved: 'C:\Users\ren\WebstormProjects\unmached\unmached\art\pipeline-candidates\ASSET-HARPY-001\20260929-h3-bake\work\h3-frames\h21_cobvt_khronos_pbr_neutral_close_face_game.png'
00:47.093  render           | Saved: 'C:\Users\ren\WebstormProjects\unmached\unmached\art\pipeline-candidates\ASSET-HARPY-001\20260929-h3-bake\work\h3-frames\h21_cobvt_khronos_pbr_neutral_k2_5x_az000.png'
00:47.453  render           | Saved: 'C:\Users\ren\WebstormProjects\unmached\unmached\art\pipeline-candidates\ASSET-HARPY-001\20260929-h3-bake\work\h3-frames\h21_cobvt_filmic_close_talons_3q.png'
00:47.796  render           | Saved: 'C:\Users\ren\WebstormProjects\unmached\unmached\art\pipeline-candidates\ASSET-HARPY-001\20260929-h3-bake\work\h3-frames\h21_cobvt_filmic_close_face_game.png'
00:48.343  render           | Saved: 'C:\Users\ren\WebstormProjects\unmached\unmached\art\pipeline-candidates\ASSET-HARPY-001\20260929-h3-bake\work\h3-frames\h21_cobvt_filmic_k2_5x_az000.png'
00:48.718  render           | Saved: 'C:\Users\ren\WebstormProjects\unmached\unmached\art\pipeline-candidates\ASSET-HARPY-001\20260929-h3-bake\work\h3-frames\h21_cobvt_standard_close_talons_3q.png'
00:49.093  render           | Saved: 'C:\Users\ren\WebstormProjects\unmached\unmached\art\pipeline-candidates\ASSET-HARPY-001\20260929-h3-bake\work\h3-frames\h21_cobvt_standard_close_face_game.png'
00:49.625  render           | Saved: 'C:\Users\ren\WebstormProjects\unmached\unmached\art\pipeline-candidates\ASSET-HARPY-001\20260929-h3-bake\work\h3-frames\h21_cobvt_standard_k2_5x_az000.png'
00:50.171  render           | Saved: 'C:\Users\ren\WebstormProjects\unmached\unmached\art\pipeline-candidates\ASSET-HARPY-001\20260929-h3-bake\work\h3-frames\h21_cobwarm_k2_5x_az000.png'
00:50.671  render           | Saved: 'C:\Users\ren\WebstormProjects\unmached\unmached\art\pipeline-candidates\ASSET-HARPY-001\20260929-h3-bake\work\h3-frames\h21_cobwarm_k2_5x_az040.png'
H2_BAKE_STAGE_OK review_h3 83
Blender 5.2.2 LTS (hash d13f752e3b9c built 2026-09-15 01:37:04)

Blender quit
