00:00.750  blend            | Read blend: "C:\Users\ren\WebstormProjects\unmached\unmached\art\pipeline-candidates\ASSET-HARPY-001\20260929-h3-bake\work\h2-candidate.blend"
00:04.140  render           | Saved: 'C:\Users\ren\WebstormProjects\unmached\unmached\art\pipeline-candidates\ASSET-HARPY-001\20260929-h3-bake\work\see-through-tmp\two.png'
00:04.265  render           | Saved: 'C:\Users\ren\WebstormProjects\unmached\unmached\art\pipeline-candidates\ASSET-HARPY-001\20260929-h3-bake\work\see-through-tmp\one.png'
see-through  3.86 0 0
00:04.390  render           | Saved: 'C:\Users\ren\WebstormProjects\unmached\unmached\art\pipeline-candidates\ASSET-HARPY-001\20260929-h3-bake\work\see-through-tmp\two.png'
00:04.515  render           | Saved: 'C:\Users\ren\WebstormProjects\unmached\unmached\art\pipeline-candidates\ASSET-HARPY-001\20260929-h3-bake\work\see-through-tmp\one.png'
see-through  3.86 20 0
00:04.656  render           | Saved: 'C:\Users\ren\WebstormProjects\unmached\unmached\art\pipeline-candidates\ASSET-HARPY-001\20260929-h3-bake\work\see-through-tmp\two.png'
00:04.781  render           | Saved: 'C:\Users\ren\WebstormProjects\unmached\unmached\art\pipeline-candidates\ASSET-HARPY-001\20260929-h3-bake\work\see-through-tmp\one.png'
see-through  3.86 40 0
00:04.921  render           | Saved: 'C:\Users\ren\WebstormProjects\unmached\unmached\art\pipeline-candidates\ASSET-HARPY-001\20260929-h3-bake\work\see-through-tmp\two.png'
00:05.046  render           | Saved: 'C:\Users\ren\WebstormProjects\unmached\unmached\art\pipeline-candidates\ASSET-HARPY-001\20260929-h3-bake\work\see-through-tmp\one.png'
see-through  3.86 60 0
00:05.156  render           | Saved: 'C:\Users\ren\WebstormProjects\unmached\unmached\art\pipeline-candidates\ASSET-HARPY-001\20260929-h3-bake\work\see-through-tmp\two.png'
00:05.265  render           | Saved: 'C:\Users\ren\WebstormProjects\unmached\unmached\art\pipeline-candidates\ASSET-HARPY-001\20260929-h3-bake\work\see-through-tmp\one.png'
see-through  3.86 80 0
00:05.390  render           | Saved: 'C:\Users\ren\WebstormProjects\unmached\unmached\art\pipeline-candidates\ASSET-HARPY-001\20260929-h3-bake\work\see-through-tmp\two.png'
00:05.500  render           | Saved: 'C:\Users\ren\WebstormProjects\unmached\unmached\art\pipeline-candidates\ASSET-HARPY-001\20260929-h3-bake\work\see-through-tmp\one.png'
see-through  3.86 100 0
00:05.625  render           | Saved: 'C:\Users\ren\WebstormProjects\unmached\unmached\art\pipeline-candidates\ASSET-HARPY-001\20260929-h3-bake\work\see-through-tmp\two.png'
00:05.750  render           | Saved: 'C:\Users\ren\WebstormProjects\unmached\unmached\art\pipeline-candidates\ASSET-HARPY-001\20260929-h3-bake\work\see-through-tmp\one.png'
see-through  3.86 120 0
00:05.875  render           | Saved: 'C:\Users\ren\WebstormProjects\unmached\unmached\art\pipeline-candidates\ASSET-HARPY-001\20260929-h3-bake\work\see-through-tmp\two.png'
00:06.000  render           | Saved: 'C:\Users\ren\WebstormProjects\unmached\unmached\art\pipeline-candidates\ASSET-HARPY-001\20260929-h3-bake\work\see-through-tmp\one.png'
see-through  3.86 140 0
00:06.140  render           | Saved: 'C:\Users\ren\WebstormProjects\unmached\unmached\art\pipeline-candidates\ASSET-HARPY-001\20260929-h3-bake\work\see-through-tmp\two.png'
00:06.265  render           | Saved: 'C:\Users\ren\WebstormProjects\unmached\unmached\art\pipeline-candidates\ASSET-HARPY-001\20260929-h3-bake\work\see-through-tmp\one.png'
see-through  3.86 160 0
00:06.390  render           | Saved: 'C:\Users\ren\WebstormProjects\unmached\unmached\art\pipeline-candidates\ASSET-HARPY-001\20260929-h3-bake\work\see-through-tmp\two.png'
00:06.500  render           | Saved: 'C:\Users\ren\WebstormProjects\unmached\unmached\art\pipeline-candidates\ASSET-HARPY-001\20260929-h3-bake\work\see-through-tmp\one.png'
see-through  3.86 180 0
00:06.640  render           | Saved: 'C:\Users\ren\WebstormProjects\unmached\unmached\art\pipeline-candidates\ASSET-HARPY-001\20260929-h3-bake\work\see-through-tmp\two.png'
00:06.765  render           | Saved: 'C:\Users\ren\WebstormProjects\unmached\unmached\art\pipeline-candidates\ASSET-HARPY-001\20260929-h3-bake\work\see-through-tmp\one.png'
see-through  3.86 200 0
00:06.890  render           | Saved: 'C:\Users\ren\WebstormProjects\unmached\unmached\art\pipeline-candidates\ASSET-HARPY-001\20260929-h3-bake\work\see-through-tmp\two.png'
00:07.015  render           | Saved: 'C:\Users\ren\WebstormProjects\unmached\unmached\art\pipeline-candidates\ASSET-HARPY-001\20260929-h3-bake\work\see-through-tmp\one.png'
see-through  3.86 220 0
00:07.140  render           | Saved: 'C:\Users\ren\WebstormProjects\unmached\unmached\art\pipeline-candidates\ASSET-HARPY-001\20260929-h3-bake\work\see-through-tmp\two.png'
00:07.265  render           | Saved: 'C:\Users\ren\WebstormProjects\unmached\unmached\art\pipeline-candidates\ASSET-HARPY-001\20260929-h3-bake\work\see-through-tmp\one.png'
see-through  3.86 240 0
00:07.390  render           | Saved: 'C:\Users\ren\WebstormProjects\unmached\unmached\art\pipeline-candidates\ASSET-HARPY-001\20260929-h3-bake\work\see-through-tmp\two.png'
00:07.500  render           | Saved: 'C:\Users\ren\WebstormProjects\unmached\unmached\art\pipeline-candidates\ASSET-HARPY-001\20260929-h3-bake\work\see-through-tmp\one.png'
see-through  3.86 260 0
00:07.656  render           | Saved: 'C:\Users\ren\WebstormProjects\unmached\unmached\art\pipeline-candidates\ASSET-HARPY-001\20260929-h3-bake\work\see-through-tmp\two.png'
00:07.781  render           | Saved: 'C:\Users\ren\WebstormProjects\unmached\unmached\art\pipeline-candidates\ASSET-HARPY-001\20260929-h3-bake\work\see-through-tmp\one.png'
see-through  3.86 280 0
00:07.906  render           | Saved: 'C:\Users\ren\WebstormProjects\unmached\unmached\art\pipeline-candidates\ASSET-HARPY-001\20260929-h3-bake\work\see-through-tmp\two.png'
00:08.031  render           | Saved: 'C:\Users\ren\WebstormProjects\unmached\unmached\art\pipeline-candidates\ASSET-HARPY-001\20260929-h3-bake\work\see-through-tmp\one.png'
see-through  3.86 300 0
00:08.156  render           | Saved: 'C:\Users\ren\WebstormProjects\unmached\unmached\art\pipeline-candidates\ASSET-HARPY-001\20260929-h3-bake\work\see-through-tmp\two.png'
00:08.281  render           | Saved: 'C:\Users\ren\WebstormProjects\unmached\unmached\art\pipeline-candidates\ASSET-HARPY-001\20260929-h3-bake\work\see-through-tmp\one.png'
see-through  3.86 320 0
00:08.421  render           | Saved: 'C:\Users\ren\WebstormProjects\unmached\unmached\art\pipeline-candidates\ASSET-HARPY-001\20260929-h3-bake\work\see-through-tmp\two.png'
00:08.531  render           | Saved: 'C:\Users\ren\WebstormProjects\unmached\unmached\art\pipeline-candidates\ASSET-HARPY-001\20260929-h3-bake\work\see-through-tmp\one.png'
see-through  3.86 340 0
00:08.656  render           | Saved: 'C:\Users\ren\WebstormProjects\unmached\unmached\art\pipeline-candidates\ASSET-HARPY-001\20260929-h3-bake\work\see-through-tmp\two.png'
00:08.781  render           | Saved: 'C:\Users\ren\WebstormProjects\unmached\unmached\art\pipeline-candidates\ASSET-HARPY-001\20260929-h3-bake\work\see-through-tmp\one.png'
see-through  4.8 0 0
00:08.906  render           | Saved: 'C:\Users\ren\WebstormProjects\unmached\unmached\art\pipeline-candidates\ASSET-HARPY-001\20260929-h3-bake\work\see-through-tmp\two.png'
00:09.031  render           | Saved: 'C:\Users\ren\WebstormProjects\unmached\unmached\art\pipeline-candidates\ASSET-HARPY-001\20260929-h3-bake\work\see-through-tmp\one.png'
see-through  4.8 20 0
00:09.171  render           | Saved: 'C:\Users\ren\WebstormProjects\unmached\unmached\art\pipeline-candidates\ASSET-HARPY-001\20260929-h3-bake\work\see-through-tmp\two.png'
00:09.296  render           | Saved: 'C:\Users\ren\WebstormProjects\unmached\unmached\art\pipeline-candidates\ASSET-HARPY-001\20260929-h3-bake\work\see-through-tmp\one.png'
see-through  4.8 40 0
00:09.421  render           | Saved: 'C:\Users\ren\WebstormProjects\unmached\unmached\art\pipeline-candidates\ASSET-HARPY-001\20260929-h3-bake\work\see-through-tmp\two.png'
00:09.531  render           | Saved: 'C:\Users\ren\WebstormProjects\unmached\unmached\art\pipeline-candidates\ASSET-HARPY-001\20260929-h3-bake\work\see-through-tmp\one.png'
see-through  4.8 60 0
00:09.656  render           | Saved: 'C:\Users\ren\WebstormProjects\unmached\unmached\art\pipeline-candidates\ASSET-HARPY-001\20260929-h3-bake\work\see-through-tmp\two.png'
00:09.796  render           | Saved: 'C:\Users\ren\WebstormProjects\unmached\unmached\art\pipeline-candidates\ASSET-HARPY-001\20260929-h3-bake\work\see-through-tmp\one.png'
see-through  4.8 80 0
00:09.937  render           | Saved: 'C:\Users\ren\WebstormProjects\unmached\unmached\art\pipeline-candidates\ASSET-HARPY-001\20260929-h3-bake\work\see-through-tmp\two.png'
00:10.062  render           | Saved: 'C:\Users\ren\WebstormProjects\unmached\unmached\art\pipeline-candidates\ASSET-HARPY-001\20260929-h3-bake\work\see-through-tmp\one.png'
see-through  4.8 100 0
00:10.187  render           | Saved: 'C:\Users\ren\WebstormProjects\unmached\unmached\art\pipeline-candidates\ASSET-HARPY-001\20260929-h3-bake\work\see-through-tmp\two.png'
00:10.296  render           | Saved: 'C:\Users\ren\WebstormProjects\unmached\unmached\art\pipeline-candidates\ASSET-HARPY-001\20260929-h3-bake\work\see-through-tmp\one.png'
see-through  4.8 120 0
00:10.421  render           | Saved: 'C:\Users\ren\WebstormProjects\unmached\unmached\art\pipeline-candidates\ASSET-HARPY-001\20260929-h3-bake\work\see-through-tmp\two.png'
00:10.531  render           | Saved: 'C:\Users\ren\WebstormProjects\unmached\unmached\art\pipeline-candidates\ASSET-HARPY-001\20260929-h3-bake\work\see-through-tmp\one.png'
see-through  4.8 140 0
00:10.656  render           | Saved: 'C:\Users\ren\WebstormProjects\unmached\unmached\art\pipeline-candidates\ASSET-HARPY-001\20260929-h3-bake\work\see-through-tmp\two.png'
00:10.781  render           | Saved: 'C:\Users\ren\WebstormProjects\unmached\unmached\art\pipeline-candidates\ASSET-HARPY-001\20260929-h3-bake\work\see-through-tmp\one.png'
see-through  4.8 160 0
00:10.906  render           | Saved: 'C:\Users\ren\WebstormProjects\unmached\unmached\art\pipeline-candidates\ASSET-HARPY-001\20260929-h3-bake\work\see-through-tmp\two.png'
00:11.015  render           | Saved: 'C:\Users\ren\WebstormProjects\unmached\unmached\art\pipeline-candidates\ASSET-HARPY-001\20260929-h3-bake\work\see-through-tmp\one.png'
see-through  4.8 180 0
00:11.156  render           | Saved: 'C:\Users\ren\WebstormProjects\unmached\unmached\art\pipeline-candidates\ASSET-HARPY-001\20260929-h3-bake\work\see-through-tmp\two.png'
00:11.265  render           | Saved: 'C:\Users\ren\WebstormProjects\unmached\unmached\art\pipeline-candidates\ASSET-HARPY-001\20260929-h3-bake\work\see-through-tmp\one.png'
see-through  4.8 200 0
00:11.390  render           | Saved: 'C:\Users\ren\WebstormProjects\unmached\unmached\art\pipeline-candidates\ASSET-HARPY-001\20260929-h3-bake\work\see-through-tmp\two.png'
00:11.515  render           | Saved: 'C:\Users\ren\WebstormProjects\unmached\unmached\art\pipeline-candidates\ASSET-HARPY-001\20260929-h3-bake\work\see-through-tmp\one.png'
see-through  4.8 220 0
00:11.656  render           | Saved: 'C:\Users\ren\WebstormProjects\unmached\unmached\art\pipeline-candidates\ASSET-HARPY-001\20260929-h3-bake\work\see-through-tmp\two.png'
00:11.781  render           | Saved: 'C:\Users\ren\WebstormProjects\unmached\unmached\art\pipeline-candidates\ASSET-HARPY-001\20260929-h3-bake\work\see-through-tmp\one.png'
see-through  4.8 240 0
00:11.921  render           | Saved: 'C:\Users\ren\WebstormProjects\unmached\unmached\art\pipeline-candidates\ASSET-HARPY-001\20260929-h3-bake\work\see-through-tmp\two.png'
00:12.078  render           | Saved: 'C:\Users\ren\WebstormProjects\unmached\unmached\art\pipeline-candidates\ASSET-HARPY-001\20260929-h3-bake\work\see-through-tmp\one.png'
see-through  4.8 260 0
00:12.218  render           | Saved: 'C:\Users\ren\WebstormProjects\unmached\unmached\art\pipeline-candidates\ASSET-HARPY-001\20260929-h3-bake\work\see-through-tmp\two.png'
00:12.359  render           | Saved: 'C:\Users\ren\WebstormProjects\unmached\unmached\art\pipeline-candidates\ASSET-HARPY-001\20260929-h3-bake\work\see-through-tmp\one.png'
see-through  4.8 280 0
00:12.500  render           | Saved: 'C:\Users\ren\WebstormProjects\unmached\unmached\art\pipeline-candidates\ASSET-HARPY-001\20260929-h3-bake\work\see-through-tmp\two.png'
00:12.640  render           | Saved: 'C:\Users\ren\WebstormProjects\unmached\unmached\art\pipeline-candidates\ASSET-HARPY-001\20260929-h3-bake\work\see-through-tmp\one.png'
see-through  4.8 300 0
00:12.812  render           | Saved: 'C:\Users\ren\WebstormProjects\unmached\unmached\art\pipeline-candidates\ASSET-HARPY-001\20260929-h3-bake\work\see-through-tmp\two.png'
00:12.953  render           | Saved: 'C:\Users\ren\WebstormProjects\unmached\unmached\art\pipeline-candidates\ASSET-HARPY-001\20260929-h3-bake\work\see-through-tmp\one.png'
see-through  4.8 320 0
00:13.109  render           | Saved: 'C:\Users\ren\WebstormProjects\unmached\unmached\art\pipeline-candidates\ASSET-HARPY-001\20260929-h3-bake\work\see-through-tmp\two.png'
00:13.250  render           | Saved: 'C:\Users\ren\WebstormProjects\unmached\unmached\art\pipeline-candidates\ASSET-HARPY-001\20260929-h3-bake\work\see-through-tmp\one.png'
see-through  4.8 340 0
00:13.390  render           | Saved: 'C:\Users\ren\WebstormProjects\unmached\unmached\art\pipeline-candidates\ASSET-HARPY-001\20260929-h3-bake\work\see-through-tmp\two.png'
00:13.531  render           | Saved: 'C:\Users\ren\WebstormProjects\unmached\unmached\art\pipeline-candidates\ASSET-HARPY-001\20260929-h3-bake\work\see-through-tmp\one.png'
see-through  7.5 0 0
00:13.656  render           | Saved: 'C:\Users\ren\WebstormProjects\unmached\unmached\art\pipeline-candidates\ASSET-HARPY-001\20260929-h3-bake\work\see-through-tmp\two.png'
00:13.781  render           | Saved: 'C:\Users\ren\WebstormProjects\unmached\unmached\art\pipeline-candidates\ASSET-HARPY-001\20260929-h3-bake\work\see-through-tmp\one.png'
see-through  7.5 20 0
00:13.937  render           | Saved: 'C:\Users\ren\WebstormProjects\unmached\unmached\art\pipeline-candidates\ASSET-HARPY-001\20260929-h3-bake\work\see-through-tmp\two.png'
00:14.093  render           | Saved: 'C:\Users\ren\WebstormProjects\unmached\unmached\art\pipeline-candidates\ASSET-HARPY-001\20260929-h3-bake\work\see-through-tmp\one.png'
see-through  7.5 40 0
00:14.234  render           | Saved: 'C:\Users\ren\WebstormProjects\unmached\unmached\art\pipeline-candidates\ASSET-HARPY-001\20260929-h3-bake\work\see-through-tmp\two.png'
00:14.375  render           | Saved: 'C:\Users\ren\WebstormProjects\unmached\unmached\art\pipeline-candidates\ASSET-HARPY-001\20260929-h3-bake\work\see-through-tmp\one.png'
see-through  7.5 60 0
00:14.484  render           | Saved: 'C:\Users\ren\WebstormProjects\unmached\unmached\art\pipeline-candidates\ASSET-HARPY-001\20260929-h3-bake\work\see-through-tmp\two.png'
00:14.593  render           | Saved: 'C:\Users\ren\WebstormProjects\unmached\unmached\art\pipeline-candidates\ASSET-HARPY-001\20260929-h3-bake\work\see-through-tmp\one.png'
see-through  7.5 80 0
00:14.718  render           | Saved: 'C:\Users\ren\WebstormProjects\unmached\unmached\art\pipeline-candidates\ASSET-HARPY-001\20260929-h3-bake\work\see-through-tmp\two.png'
00:14.828  render           | Saved: 'C:\Users\ren\WebstormProjects\unmached\unmached\art\pipeline-candidates\ASSET-HARPY-001\20260929-h3-bake\work\see-through-tmp\one.png'
see-through  7.5 100 0
00:14.953  render           | Saved: 'C:\Users\ren\WebstormProjects\unmached\unmached\art\pipeline-candidates\ASSET-HARPY-001\20260929-h3-bake\work\see-through-tmp\two.png'
00:15.078  render           | Saved: 'C:\Users\ren\WebstormProjects\unmached\unmached\art\pipeline-candidates\ASSET-HARPY-001\20260929-h3-bake\work\see-through-tmp\one.png'
see-through  7.5 120 0
00:15.203  render           | Saved: 'C:\Users\ren\WebstormProjects\unmached\unmached\art\pipeline-candidates\ASSET-HARPY-001\20260929-h3-bake\work\see-through-tmp\two.png'
00:15.343  render           | Saved: 'C:\Users\ren\WebstormProjects\unmached\unmached\art\pipeline-candidates\ASSET-HARPY-001\20260929-h3-bake\work\see-through-tmp\one.png'
see-through  7.5 140 0
00:15.453  render           | Saved: 'C:\Users\ren\WebstormProjects\unmached\unmached\art\pipeline-candidates\ASSET-HARPY-001\20260929-h3-bake\work\see-through-tmp\two.png'
00:15.562  render           | Saved: 'C:\Users\ren\WebstormProjects\unmached\unmached\art\pipeline-candidates\ASSET-HARPY-001\20260929-h3-bake\work\see-through-tmp\one.png'
see-through  7.5 160 0
00:15.671  render           | Saved: 'C:\Users\ren\WebstormProjects\unmached\unmached\art\pipeline-candidates\ASSET-HARPY-001\20260929-h3-bake\work\see-through-tmp\two.png'
00:15.796  render           | Saved: 'C:\Users\ren\WebstormProjects\unmached\unmached\art\pipeline-candidates\ASSET-HARPY-001\20260929-h3-bake\work\see-through-tmp\one.png'
see-through  7.5 180 0
00:15.921  render           | Saved: 'C:\Users\ren\WebstormProjects\unmached\unmached\art\pipeline-candidates\ASSET-HARPY-001\20260929-h3-bake\work\see-through-tmp\two.png'
00:16.031  render           | Saved: 'C:\Users\ren\WebstormProjects\unmached\unmached\art\pipeline-candidates\ASSET-HARPY-001\20260929-h3-bake\work\see-through-tmp\one.png'
see-through  7.5 200 0
00:16.156  render           | Saved: 'C:\Users\ren\WebstormProjects\unmached\unmached\art\pipeline-candidates\ASSET-HARPY-001\20260929-h3-bake\work\see-through-tmp\two.png'
00:16.281  render           | Saved: 'C:\Users\ren\WebstormProjects\unmached\unmached\art\pipeline-candidates\ASSET-HARPY-001\20260929-h3-bake\work\see-through-tmp\one.png'
see-through  7.5 220 0
00:16.421  render           | Saved: 'C:\Users\ren\WebstormProjects\unmached\unmached\art\pipeline-candidates\ASSET-HARPY-001\20260929-h3-bake\work\see-through-tmp\two.png'
00:16.546  render           | Saved: 'C:\Users\ren\WebstormProjects\unmached\unmached\art\pipeline-candidates\ASSET-HARPY-001\20260929-h3-bake\work\see-through-tmp\one.png'
see-through  7.5 240 0
00:16.656  render           | Saved: 'C:\Users\ren\WebstormProjects\unmached\unmached\art\pipeline-candidates\ASSET-HARPY-001\20260929-h3-bake\work\see-through-tmp\two.png'
00:16.765  render           | Saved: 'C:\Users\ren\WebstormProjects\unmached\unmached\art\pipeline-candidates\ASSET-HARPY-001\20260929-h3-bake\work\see-through-tmp\one.png'
see-through  7.5 260 0
00:16.890  render           | Saved: 'C:\Users\ren\WebstormProjects\unmached\unmached\art\pipeline-candidates\ASSET-HARPY-001\20260929-h3-bake\work\see-through-tmp\two.png'
00:17.015  render           | Saved: 'C:\Users\ren\WebstormProjects\unmached\unmached\art\pipeline-candidates\ASSET-HARPY-001\20260929-h3-bake\work\see-through-tmp\one.png'
see-through  7.5 280 0
00:17.125  render           | Saved: 'C:\Users\ren\WebstormProjects\unmached\unmached\art\pipeline-candidates\ASSET-HARPY-001\20260929-h3-bake\work\see-through-tmp\two.png'
00:17.250  render           | Saved: 'C:\Users\ren\WebstormProjects\unmached\unmached\art\pipeline-candidates\ASSET-HARPY-001\20260929-h3-bake\work\see-through-tmp\one.png'
see-through  7.5 300 0
00:17.375  render           | Saved: 'C:\Users\ren\WebstormProjects\unmached\unmached\art\pipeline-candidates\ASSET-HARPY-001\20260929-h3-bake\work\see-through-tmp\two.png'
00:17.500  render           | Saved: 'C:\Users\ren\WebstormProjects\unmached\unmached\art\pipeline-candidates\ASSET-HARPY-001\20260929-h3-bake\work\see-through-tmp\one.png'
see-through  7.5 320 0
00:17.625  render           | Saved: 'C:\Users\ren\WebstormProjects\unmached\unmached\art\pipeline-candidates\ASSET-HARPY-001\20260929-h3-bake\work\see-through-tmp\two.png'
00:17.734  render           | Saved: 'C:\Users\ren\WebstormProjects\unmached\unmached\art\pipeline-candidates\ASSET-HARPY-001\20260929-h3-bake\work\see-through-tmp\one.png'
see-through  7.5 340 0
00:17.859  render           | Saved: 'C:\Users\ren\WebstormProjects\unmached\unmached\art\pipeline-candidates\ASSET-HARPY-001\20260929-h3-bake\work\see-through-tmp\two.png'
00:17.953  render           | Saved: 'C:\Users\ren\WebstormProjects\unmached\unmached\art\pipeline-candidates\ASSET-HARPY-001\20260929-h3-bake\work\see-through-tmp\one.png'
see-through  12.07 0 0
00:18.078  render           | Saved: 'C:\Users\ren\WebstormProjects\unmached\unmached\art\pipeline-candidates\ASSET-HARPY-001\20260929-h3-bake\work\see-through-tmp\two.png'
00:18.187  render           | Saved: 'C:\Users\ren\WebstormProjects\unmached\unmached\art\pipeline-candidates\ASSET-HARPY-001\20260929-h3-bake\work\see-through-tmp\one.png'
see-through  12.07 20 0
00:18.312  render           | Saved: 'C:\Users\ren\WebstormProjects\unmached\unmached\art\pipeline-candidates\ASSET-HARPY-001\20260929-h3-bake\work\see-through-tmp\two.png'
00:18.437  render           | Saved: 'C:\Users\ren\WebstormProjects\unmached\unmached\art\pipeline-candidates\ASSET-HARPY-001\20260929-h3-bake\work\see-through-tmp\one.png'
see-through  12.07 40 0
00:18.578  render           | Saved: 'C:\Users\ren\WebstormProjects\unmached\unmached\art\pipeline-candidates\ASSET-HARPY-001\20260929-h3-bake\work\see-through-tmp\two.png'
00:18.703  render           | Saved: 'C:\Users\ren\WebstormProjects\unmached\unmached\art\pipeline-candidates\ASSET-HARPY-001\20260929-h3-bake\work\see-through-tmp\one.png'
see-through  12.07 60 0
00:18.828  render           | Saved: 'C:\Users\ren\WebstormProjects\unmached\unmached\art\pipeline-candidates\ASSET-HARPY-001\20260929-h3-bake\work\see-through-tmp\two.png'
00:18.953  render           | Saved: 'C:\Users\ren\WebstormProjects\unmached\unmached\art\pipeline-candidates\ASSET-HARPY-001\20260929-h3-bake\work\see-through-tmp\one.png'
see-through  12.07 80 0
00:19.062  render           | Saved: 'C:\Users\ren\WebstormProjects\unmached\unmached\art\pipeline-candidates\ASSET-HARPY-001\20260929-h3-bake\work\see-through-tmp\two.png'
00:19.171  render           | Saved: 'C:\Users\ren\WebstormProjects\unmached\unmached\art\pipeline-candidates\ASSET-HARPY-001\20260929-h3-bake\work\see-through-tmp\one.png'
see-through  12.07 100 0
00:19.296  render           | Saved: 'C:\Users\ren\WebstormProjects\unmached\unmached\art\pipeline-candidates\ASSET-HARPY-001\20260929-h3-bake\work\see-through-tmp\two.png'
00:19.406  render           | Saved: 'C:\Users\ren\WebstormProjects\unmached\unmached\art\pipeline-candidates\ASSET-HARPY-001\20260929-h3-bake\work\see-through-tmp\one.png'
see-through  12.07 120 0
00:19.531  render           | Saved: 'C:\Users\ren\WebstormProjects\unmached\unmached\art\pipeline-candidates\ASSET-HARPY-001\20260929-h3-bake\work\see-through-tmp\two.png'
00:19.671  render           | Saved: 'C:\Users\ren\WebstormProjects\unmached\unmached\art\pipeline-candidates\ASSET-HARPY-001\20260929-h3-bake\work\see-through-tmp\one.png'
see-through  12.07 140 0
00:19.812  render           | Saved: 'C:\Users\ren\WebstormProjects\unmached\unmached\art\pipeline-candidates\ASSET-HARPY-001\20260929-h3-bake\work\see-through-tmp\two.png'
00:19.921  render           | Saved: 'C:\Users\ren\WebstormProjects\unmached\unmached\art\pipeline-candidates\ASSET-HARPY-001\20260929-h3-bake\work\see-through-tmp\one.png'
see-through  12.07 160 0
00:20.031  render           | Saved: 'C:\Users\ren\WebstormProjects\unmached\unmached\art\pipeline-candidates\ASSET-HARPY-001\20260929-h3-bake\work\see-through-tmp\two.png'
00:20.140  render           | Saved: 'C:\Users\ren\WebstormProjects\unmached\unmached\art\pipeline-candidates\ASSET-HARPY-001\20260929-h3-bake\work\see-through-tmp\one.png'
see-through  12.07 180 0
00:20.250  render           | Saved: 'C:\Users\ren\WebstormProjects\unmached\unmached\art\pipeline-candidates\ASSET-HARPY-001\20260929-h3-bake\work\see-through-tmp\two.png'
00:20.359  render           | Saved: 'C:\Users\ren\WebstormProjects\unmached\unmached\art\pipeline-candidates\ASSET-HARPY-001\20260929-h3-bake\work\see-through-tmp\one.png'
see-through  12.07 200 0
00:20.468  render           | Saved: 'C:\Users\ren\WebstormProjects\unmached\unmached\art\pipeline-candidates\ASSET-HARPY-001\20260929-h3-bake\work\see-through-tmp\two.png'
00:20.593  render           | Saved: 'C:\Users\ren\WebstormProjects\unmached\unmached\art\pipeline-candidates\ASSET-HARPY-001\20260929-h3-bake\work\see-through-tmp\one.png'
see-through  12.07 220 0
00:20.718  render           | Saved: 'C:\Users\ren\WebstormProjects\unmached\unmached\art\pipeline-candidates\ASSET-HARPY-001\20260929-h3-bake\work\see-through-tmp\two.png'
00:20.828  render           | Saved: 'C:\Users\ren\WebstormProjects\unmached\unmached\art\pipeline-candidates\ASSET-HARPY-001\20260929-h3-bake\work\see-through-tmp\one.png'
see-through  12.07 240 0
00:20.953  render           | Saved: 'C:\Users\ren\WebstormProjects\unmached\unmached\art\pipeline-candidates\ASSET-HARPY-001\20260929-h3-bake\work\see-through-tmp\two.png'
00:21.078  render           | Saved: 'C:\Users\ren\WebstormProjects\unmached\unmached\art\pipeline-candidates\ASSET-HARPY-001\20260929-h3-bake\work\see-through-tmp\one.png'
see-through  12.07 260 0
00:21.203  render           | Saved: 'C:\Users\ren\WebstormProjects\unmached\unmached\art\pipeline-candidates\ASSET-HARPY-001\20260929-h3-bake\work\see-through-tmp\two.png'
00:21.328  render           | Saved: 'C:\Users\ren\WebstormProjects\unmached\unmached\art\pipeline-candidates\ASSET-HARPY-001\20260929-h3-bake\work\see-through-tmp\one.png'
see-through  12.07 280 0
00:21.453  render           | Saved: 'C:\Users\ren\WebstormProjects\unmached\unmached\art\pipeline-candidates\ASSET-HARPY-001\20260929-h3-bake\work\see-through-tmp\two.png'
00:21.562  render           | Saved: 'C:\Users\ren\WebstormProjects\unmached\unmached\art\pipeline-candidates\ASSET-HARPY-001\20260929-h3-bake\work\see-through-tmp\one.png'
see-through  12.07 300 0
00:21.687  render           | Saved: 'C:\Users\ren\WebstormProjects\unmached\unmached\art\pipeline-candidates\ASSET-HARPY-001\20260929-h3-bake\work\see-through-tmp\two.png'
00:21.812  render           | Saved: 'C:\Users\ren\WebstormProjects\unmached\unmached\art\pipeline-candidates\ASSET-HARPY-001\20260929-h3-bake\work\see-through-tmp\one.png'
see-through  12.07 320 0
00:21.921  render           | Saved: 'C:\Users\ren\WebstormProjects\unmached\unmached\art\pipeline-candidates\ASSET-HARPY-001\20260929-h3-bake\work\see-through-tmp\two.png'
00:22.031  render           | Saved: 'C:\Users\ren\WebstormProjects\unmached\unmached\art\pipeline-candidates\ASSET-HARPY-001\20260929-h3-bake\work\see-through-tmp\one.png'
see-through  12.07 340 0
see-through gate {'azimuth_range_deg': [0, 360], 'distances_m': [3.86, 4.8, 7.5, 12.07], 'hole_min_px': 4, 'max_holes': 0, 'holes': 0, 'largest_component_px': 0, 'pass': True} strict {'azimuth_range_deg': [0, 360], 'distances_m': [4.8, 7.5], 'max_px': 0, 'worst_px': 0, 'pass': True}
H2_BAKE_STAGE_OK see-through 0 0
Blender 5.2.2 LTS (hash d13f752e3b9c built 2026-09-15 01:37:04)

Blender quit
