2026.09.29-05.39.11 --- S08 trace open 2026.09.29-05.39.11 ---
2026.09.29-05.39.11 HUD icon texture size=32 ready=1 path=/Game/ArtTests/ARTMarkers/Textures/T_UI_Action_Attack_32 texture=32x32 probe=0 plate=1
2026.09.29-05.39.11 HUD art widget plate impl=umg source=/Game/S08/UI/ArtHud/WBP_S08ArtPlate class=/Game/S08/UI/ArtHud/WBP_S08ArtPlate.WBP_S08ArtPlate_C parts=1 missing=- codeDefaultTree=0
2026.09.29-05.39.11 HUD art widget icon impl=umg source=/Game/S08/UI/ArtHud/WBP_S08ArtIcon class=/Game/S08/UI/ArtHud/WBP_S08ArtIcon.WBP_S08ArtIcon_C parts=1 missing=- codeDefaultTree=0
2026.09.29-05.39.11 RENDER preset applied=High flag=S08RenderPreset
2026.09.29-05.39.11 LOGIN ok user=art-preview-joiner
2026.09.29-05.39.14 HEROES loaded 84
2026.09.29-05.39.14 CODE resolved -> cmum8xs8e00zxwilk4gkchkfx
2026.09.29-05.39.14 joinGame -> room=cmum8xs8e00zxwilk4gkchkfx code=<redacted> status=LOBBY
2026.09.29-05.39.16 PERF config tMaxFPS=30.0 frameRateLimit=60.0 vsync=0 smoothFrameRate=0 fixedFrameRate=0 rhi=D3D12
2026.09.29-05.39.16 RENDER tag=PERF rhi=D3D12 featureLevel=SM6 shaderPlatform=PCD3D_SM6 lumenPlatform=1 gi=lumen giMethod=1 refl=lumen reflMethod=1 shadows=csm vsmEnable=0 sg.res=100 sg.view=2 sg.aa=2 sg.shadow=2 sg.gi=2 sg.refl=2 sg.pp=2 sg.tex=2 sg.fx=2 sg.foliage=2 sg.shading=2 sg.landscape=2 preset=High screenPct=100.0 screenPctMode=0 aa=TSR aaMethod=4 exposure=engine-default expMin=1.00000 expMax=1.00000 expBias=1.000 ev100=0.00 lightUnits=- sky=0 skyIntensity=0.000 keyShadow=- shadowCasters=0 profile=- profilesSha256=- profilesSource=- legacyRender=0 gameLayer=unlit-eyeadaptinv tMaxFPS=30.0 vsync=0 frameRateLimit=60.0 substrate=0 nanite=1 meshDF=1 viewport=1920x1080 reference=0 notReference=noArtProfile,exposure,lightUnits,profilesSource
2026.09.29-05.39.16 PERF window t=0.0-5.1 frames=150 fps=29.65 frameMs avg=33.73 p50=33.33 p95=33.35 p99=33.36 max=92.47 hitches50=1 gpuMs avg=1.24 p50=1.30 p95=1.38 gameMs avg=1.69 p95=2.20 renderMs avg=2868.70 p95=4.04
2026.09.29-05.39.17 game -> room=cmum8xs8e00zxwilk4gkchkfx code=<redacted> status=LOBBY
2026.09.29-05.39.17 selectHero -> room=cmum8xs8e00zxwilk4gkchkfx code=<redacted> status=LOBBY
2026.09.29-05.39.20 game -> room=cmum8xs8e00zxwilk4gkchkfx code=<redacted> status=LOBBY
2026.09.29-05.39.20 toggleReady -> room=cmum8xs8e00zxwilk4gkchkfx code=<redacted> status=LOBBY
2026.09.29-05.39.21 PERF window t=5.1-10.1 frames=150 fps=30.00 frameMs avg=33.34 p50=33.33 p95=33.34 p99=33.54 max=33.54 hitches50=0 gpuMs avg=1.30 p50=1.29 p95=1.36 gameMs avg=1.40 p95=1.64 renderMs avg=2.66 p95=3.47
2026.09.29-05.39.23 game -> room=cmum8xs8e00zxwilk4gkchkfx code=<redacted> status=LOBBY
2026.09.29-05.39.26 PERF window t=10.1-15.1 frames=150 fps=29.99 frameMs avg=33.34 p50=33.33 p95=33.33 p99=33.39 max=34.56 hitches50=0 gpuMs avg=1.33 p50=1.33 p95=1.40 gameMs avg=1.32 p95=1.76 renderMs avg=2.67 p95=3.37
2026.09.29-05.39.26 game -> room=cmum8xs8e00zxwilk4gkchkfx code=<redacted> status=IN_PROGRESS
2026.09.29-05.39.26 WS DROPPED (test-initiated transport loss)
2026.09.29-05.39.26 WS closed (test drop) - reconnect in 1s
2026.09.29-05.39.26 SNAPSHOT applied seq=1 phase=ACTION_MANEUVER
2026.09.29-05.39.26 HANDLE_APPLIED #1 seq=1 decision=2 fightersValid=1 boardValid=1
2026.09.29-05.39.26 MODE seq=1 mode=0 combat=0 pending=0
2026.09.29-05.39.26 HUD seq=1 phase=ACTION_MANEUVER turn=opp hand=5 oppHand=5(hidden) oppDeck=25 deck=25 discard=0
2026.09.29-05.39.26 ARTPREVIEW board profiles loaded=1 revision=2 boards=3 zoneStyles=11 lightProfiles=3 errors=0 path=Config/ArtBoards/S08ArtBoardProfiles.json
2026.09.29-05.39.26 ARTPREVIEW board profiles source=pak sha256=91ea86be522212fc770a33e3c9ac66f1cfde90c720c609bdc6bd29589965eaa5
2026.09.29-05.39.26 ARTPREVIEW game layer material=M_S08_GameLayerUnlit unlitEyeAdaptInv=1 legacyRender=0
2026.09.29-05.39.26 ARTPREVIEW Cobble assets ready
2026.09.29-05.39.26 ARTPREVIEW board assets ready cobbleMesh=1 tiles=1 zoneMaterials=2
2026.09.29-05.39.26 ARTPREVIEW medusa candidate variant=face-neck-v2 mesh=SK_Medusa_FaceNeck_v2Candidate requested=face-neck-v2
2026.09.29-05.39.26 ARTPREVIEW board profile=cobble-city match=boardId board=5x6 boardId=cmuhgs4b2001mwik4f2b2xtf8 surface=cobble-5x6-mesh light=cobble-probe artFixture=0
2026.09.29-05.39.26 ARTPREVIEW light profile=cobble-probe name=key role=key kind=directional at=(-350,-150,600) intensity=4.5 units=lux radius=0 color=(1.00,1.00,1.00) shadow=1
2026.09.29-05.39.26 ARTPREVIEW light profile=cobble-probe name=warm role=warm kind=point at=(260,-300,250) intensity=85 units=candelas radius=450 color=(1.00,1.00,1.00) shadow=0
2026.09.29-05.39.26 ARTPREVIEW sky profile=cobble-probe cubemap=/Game/S08/Render/TC_S08_AmbientDome loaded=1 spawned=1 intensity=11.2 color=(1.00,1.00,1.00) lowerBlack=0
2026.09.29-05.39.26 ARTPREVIEW exposure profile=cobble-probe method=histogram-fixed min=2.46229 max=2.46229 bias=0.000 ev100=1.30 volume=1
2026.09.29-05.39.26 ARTPREVIEW lights applied profile=cobble-probe directional=1 shadow=1 points=1 pointShadows=0 budgetOk=1
2026.09.29-05.39.26 ARTPREVIEW render profile=cobble-probe units=candelas sky=1 exposure=1 keyShadow=csm-3000uu-2c-contact0.000 shadowCasters=1 legacyRender=0
2026.09.29-05.39.26 ARTPREVIEW Cobble probe lights key=4.5 fill=0 warm=85
2026.09.29-05.39.26 ARTPREVIEW Cobble active 5x6 zones=30 blue=15 red=15 blueMarks=15 redMarks=45
2026.09.29-05.39.26 ARTPREVIEW board active profile=cobble-city 5x6 surface=cobble-5x6-mesh cells=30 zoneCells=30 multizone=0 triple=0 obstacles=0 zoneKeys=2 strokes=60 glyphs=45 surfaceParts=0 glyphMaterial=zone expectOk=1
2026.09.29-05.39.26 ARTPREVIEW board zone key=blue cells=15 stroke=solid glyph=diamond color=#3B78D8 ismUsage=1 strokePieces=15 glyphPieces=15 fallback=0
2026.09.29-05.39.26 ARTPREVIEW board zone key=red cells=15 stroke=dash3 glyph=bars2 color=#D8453B ismUsage=1 strokePieces=45 glyphPieces=30 fallback=0
2026.09.29-05.39.26 ARTPREVIEW board multizone cells=0 zonesListed=0 zonesMarked=0
2026.09.29-05.39.26 CAMERA dist=1931 loc=(0,1107,1582) pitch=-55 yaw=-90
2026.09.29-05.39.26 CAMERA config overview=1930.8 nearest=300.0 farthest=2970.4 zoomRange=0.65-6.44 minDist=300.0 outRatio=0.650 step=1.250 animMs=200 returnMs=300 followFrom=1.20 source=defaults issues=0
2026.09.29-05.39.26 BOARD 5x6 cells | control points: (0,0)=(-200,-250,0) (4,5)=(200,250,0) | neighbor pair (dist 100 uu)
2026.09.29-05.39.26 ARTPREVIEW click capsule fighter=f-0-hero mesh=SK_Medusa_FaceNeck_v2Candidate physicsAsset=0 radius=12.5 halfHeight=27.5 top=55.0 bodyCollision=0 source=meshBounds
2026.09.29-05.39.26 ARTPREVIEW fighter=Medusa hero=1 eligible=1 visual=1 mesh=SK_Medusa_FaceNeck_v2Candidate
2026.09.29-05.39.26 ARTPREVIEW click capsule fighter=f-0-sk0 mesh=SM_ART003_Harpy physicsAsset=0 radius=20.0 halfHeight=21.0 top=42.0 bodyCollision=0 source=meshBounds
2026.09.29-05.39.26 ARTPREVIEW click capsule fighter=f-0-sk1 mesh=SM_ART003_Harpy physicsAsset=0 radius=20.0 halfHeight=21.0 top=42.0 bodyCollision=0 source=meshBounds
2026.09.29-05.39.26 ARTPREVIEW click capsule fighter=f-0-sk2 mesh=SM_ART003_Harpy physicsAsset=0 radius=20.0 halfHeight=21.0 top=42.0 bodyCollision=0 source=meshBounds
2026.09.29-05.39.26 ARTPREVIEW click capsule fighter=f-1-hero mesh=SM_ART003_Arthur physicsAsset=0 radius=17.8 halfHeight=28.0 top=56.0 bodyCollision=0 source=meshBounds
2026.09.29-05.39.26 ARTPREVIEW click capsule fighter=f-1-sk0 mesh=SM_ART003_Merlin physicsAsset=0 radius=14.7 halfHeight=30.8 top=61.5 bodyCollision=0 source=meshBounds
2026.09.29-05.39.26 FIGHTERS synced n=6 alive=6 own=2 enemy=4
2026.09.29-05.39.26 STATE seq=1 -> apply
2026.09.29-05.39.26 WS closed 1000 (normal closure)
2026.09.29-05.39.26 HUD art layer plate=1 iconSize=32 iconTexture=1 iconProbe=0 plan=0
2026.09.29-05.39.26 HUD art impl=compare plateViews=umg:/Game/S08/UI/ArtHud/WBP_S08ArtPlate,slate(twin):slate iconViews=umg:/Game/S08/UI/ArtHud/WBP_S08ArtIcon,slate(twin):slate textTable=S08ArtHud entries=13 missingKeys=0
2026.09.29-05.39.27 WS reconnect attempt
2026.09.29-05.39.27 SUBSCRIBED gameStateUpdated since=1
2026.09.29-05.39.27 WS reconnected - refetching gameState
2026.09.29-05.39.27 SNAPSHOT applied seq=1 phase=ACTION_MANEUVER
2026.09.29-05.39.27 HANDLE_APPLIED #2 seq=1 decision=1 fightersValid=1 boardValid=1
2026.09.29-05.39.27 MODE seq=1 mode=0 combat=0 pending=0
2026.09.29-05.39.27 HUD seq=1 phase=ACTION_MANEUVER turn=opp hand=5 oppHand=5(hidden) oppDeck=25 deck=25 discard=0
2026.09.29-05.39.27 ARTPREVIEW fighter=Medusa hero=1 eligible=1 visual=1 mesh=SK_Medusa_FaceNeck_v2Candidate
2026.09.29-05.39.27 FIGHTERS synced n=6 alive=6 own=2 enemy=4
2026.09.29-05.39.27 STATE seq=1 -> merge
2026.09.29-05.39.27 SNAPSHOT applied seq=1 phase=ACTION_MANEUVER
2026.09.29-05.39.27 HANDLE_APPLIED #3 seq=1 decision=1 fightersValid=1 boardValid=1
2026.09.29-05.39.27 MODE seq=1 mode=0 combat=0 pending=0
2026.09.29-05.39.27 HUD seq=1 phase=ACTION_MANEUVER turn=opp hand=5 oppHand=5(hidden) oppDeck=25 deck=25 discard=0
2026.09.29-05.39.27 ARTPREVIEW fighter=Medusa hero=1 eligible=1 visual=1 mesh=SK_Medusa_FaceNeck_v2Candidate
2026.09.29-05.39.27 FIGHTERS synced n=6 alive=6 own=2 enemy=4
2026.09.29-05.39.27 WS seq=1 phase=ACTION_MANEUVER (merge)
2026.09.29-05.39.29 game -> room=cmum8xs8e00zxwilk4gkchkfx code=<redacted> status=IN_PROGRESS
2026.09.29-05.39.31 PERF window t=15.1-20.1 frames=150 fps=29.92 frameMs avg=33.42 p50=33.33 p95=33.33 p99=33.36 max=46.87 hitches50=0 gpuMs avg=1.88 p50=1.87 p95=2.06 gameMs avg=1.81 p95=1.71 renderMs avg=3.82 p95=3.88
2026.09.29-05.39.32 game -> room=cmum8xs8e00zxwilk4gkchkfx code=<redacted> status=IN_PROGRESS
2026.09.29-05.39.35 game -> room=cmum8xs8e00zxwilk4gkchkfx code=<redacted> status=IN_PROGRESS
2026.09.29-05.39.36 PERF window t=20.1-25.1 frames=151 fps=30.00 frameMs avg=33.33 p50=33.33 p95=33.33 p99=33.34 max=33.40 hitches50=0 gpuMs avg=1.91 p50=1.88 p95=2.15 gameMs avg=1.32 p95=1.54 renderMs avg=3.42 p95=4.04
2026.09.29-05.39.38 game -> room=cmum8xs8e00zxwilk4gkchkfx code=<redacted> status=IN_PROGRESS
2026.09.29-05.39.41 game -> room=cmum8xs8e00zxwilk4gkchkfx code=<redacted> status=IN_PROGRESS
2026.09.29-05.39.41 PERF window t=25.1-30.1 frames=150 fps=30.00 frameMs avg=33.34 p50=33.33 p95=33.34 p99=33.51 max=33.56 hitches50=0 gpuMs avg=1.91 p50=1.89 p95=2.16 gameMs avg=1.35 p95=1.66 renderMs avg=3.23 p95=4.21
2026.09.29-05.39.44 game -> room=cmum8xs8e00zxwilk4gkchkfx code=<redacted> status=IN_PROGRESS
2026.09.29-05.39.46 PERF window t=30.1-35.1 frames=151 fps=30.00 frameMs avg=33.33 p50=33.33 p95=33.33 p99=33.35 max=33.38 hitches50=0 gpuMs avg=1.91 p50=1.88 p95=2.16 gameMs avg=1.35 p95=1.67 renderMs avg=3.11 p95=3.62
2026.09.29-05.39.47 game -> room=cmum8xs8e00zxwilk4gkchkfx code=<redacted> status=IN_PROGRESS
2026.09.29-05.39.50 game -> room=cmum8xs8e00zxwilk4gkchkfx code=<redacted> status=IN_PROGRESS
2026.09.29-05.39.51 SHOT ctx viewport=1920x1080 viewTarget=CameraActor_2147482364 cam=(0,1107,1582) rot=(-55,-90,0)
2026.09.29-05.39.51 RENDER tag=SHOT rhi=D3D12 featureLevel=SM6 shaderPlatform=PCD3D_SM6 lumenPlatform=1 gi=lumen giMethod=1 refl=lumen reflMethod=1 shadows=csm vsmEnable=0 sg.res=100 sg.view=2 sg.aa=2 sg.shadow=2 sg.gi=2 sg.refl=2 sg.pp=2 sg.tex=2 sg.fx=2 sg.foliage=2 sg.shading=2 sg.landscape=2 preset=High screenPct=100.0 screenPctMode=0 aa=TSR aaMethod=4 exposure=fixed-histogram expMin=2.46229 expMax=2.46229 expBias=0.000 ev100=1.30 lightUnits=candelas sky=1 skyIntensity=11.200 keyShadow=csm-3000uu-2c-contact0.000 shadowCasters=1 profile=cobble-probe profilesSha256=91ea86be522212fc770a33e3c9ac66f1cfde90c720c609bdc6bd29589965eaa5 profilesSource=pak legacyRender=0 gameLayer=unlit-eyeadaptinv tMaxFPS=30.0 vsync=0 frameRateLimit=60.0 substrate=0 nanite=1 meshDF=1 viewport=1920x1080 reference=1
2026.09.29-05.39.51 SHOT fighter f-0-hero pos=(2,2) world=(0,-50,0) screen=(960,476) projected=1 alive=1
2026.09.29-05.39.51 SHOT fighter f-0-sk0 pos=(3,2) world=(100,-50,0) screen=(1115,476) projected=1 alive=1
2026.09.29-05.39.51 SHOT fighter f-0-sk1 pos=(2,1) world=(0,-150,0) screen=(960,355) projected=1 alive=1
2026.09.29-05.39.51 SHOT fighter f-0-sk2 pos=(1,2) world=(-100,-50,0) screen=(805,476) projected=1 alive=1
2026.09.29-05.39.51 SHOT fighter f-1-hero pos=(2,3) world=(0,50,0) screen=(960,606) projected=1 alive=1
2026.09.29-05.39.51 SHOT fighter f-1-sk0 pos=(3,3) world=(100,50,0) screen=(1120,606) projected=1 alive=1
2026.09.29-05.39.51 SHOT camera dist=1930.8 target=1930.8 overview=1930.8 errPct=0.000 focusErr=0.00 settled=1 zoom=1.00
2026.09.29-05.39.51 SHOT head fighter=f-0-hero socket=Head mesh=SK_Medusa_FaceNeck_v2Candidate world=(0.0,-46.0,38.5) screen=(960.0,445.5) top=(960.0,439.8) bottom=(960.0,451.2) headPx=11.4 projected=1
2026.09.29-05.39.51 SHOT label fighter=f-0-hero mode=full bbox=(916,381,1004,414)
2026.09.29-05.39.51 SHOT label fighter=f-0-sk0 mode=full bbox=(1072,399,1169,428)
2026.09.29-05.39.51 SHOT label fighter=f-0-sk1 mode=full bbox=(914,276,1006,305)
2026.09.29-05.39.51 SHOT label fighter=f-0-sk2 mode=full bbox=(751,399,848,428)
2026.09.29-05.39.51 SHOT label fighter=f-1-hero mode=full bbox=(913,517,1007,545)
2026.09.29-05.39.51 SHOT label fighter=f-1-sk0 mode=full bbox=(1088,529,1162,558)
2026.09.29-05.39.51 SHOT requested: FScreenshotRequest(bShowUI) -> C:\Users\ren\AppData\Local\Temp\s08-phase2-20260929-103903-18360\phase2-board-joiner-1920x1080.png
2026.09.29-05.39.51 PERF window t=35.1-40.2 frames=148 fps=29.42 frameMs avg=33.99 p50=33.33 p95=33.33 p99=41.13 max=123.20 hitches50=1 gpuMs avg=1.91 p50=1.90 p95=2.05 gameMs avg=2.00 p95=1.61 renderMs avg=3.14 p95=3.70
2026.09.29-05.39.53 game -> room=cmum8xs8e00zxwilk4gkchkfx code=<redacted> status=IN_PROGRESS
2026.09.29-05.39.56 game -> room=cmum8xs8e00zxwilk4gkchkfx code=<redacted> status=IN_PROGRESS
2026.09.29-05.39.56 PERF window t=40.2-45.2 frames=151 fps=30.00 frameMs avg=33.33 p50=33.33 p95=33.33 p99=33.35 max=33.36 hitches50=0 gpuMs avg=1.89 p50=1.88 p95=2.02 gameMs avg=1.20 p95=1.25 renderMs avg=3.25 p95=3.99
2026.09.29-05.39.59 game -> room=cmum8xs8e00zxwilk4gkchkfx code=<redacted> status=IN_PROGRESS
2026.09.29-05.40.01 PERF window t=45.2-50.2 frames=150 fps=29.99 frameMs avg=33.35 p50=33.33 p95=33.33 p99=33.44 max=35.00 hitches50=0 gpuMs avg=1.89 p50=1.88 p95=2.03 gameMs avg=1.09 p95=1.32 renderMs avg=3.29 p95=3.84
2026.09.29-05.40.02 game -> room=cmum8xs8e00zxwilk4gkchkfx code=<redacted> status=IN_PROGRESS
2026.09.29-05.40.05 game -> room=cmum8xs8e00zxwilk4gkchkfx code=<redacted> status=IN_PROGRESS
2026.09.29-05.40.06 PERF window t=50.2-55.2 frames=151 fps=30.00 frameMs avg=33.33 p50=33.33 p95=33.33 p99=33.34 max=33.35 hitches50=0 gpuMs avg=1.93 p50=1.93 p95=2.07 gameMs avg=1.20 p95=1.48 renderMs avg=3.43 p95=4.33
2026.09.29-05.40.08 game -> room=cmum8xs8e00zxwilk4gkchkfx code=<redacted> status=IN_PROGRESS
2026.09.29-05.40.11 game -> room=cmum8xs8e00zxwilk4gkchkfx code=<redacted> status=IN_PROGRESS
2026.09.29-05.40.11 PERF window t=55.2-60.2 frames=150 fps=30.00 frameMs avg=33.33 p50=33.33 p95=33.33 p99=33.35 max=33.40 hitches50=0 gpuMs avg=1.92 p50=1.91 p95=2.07 gameMs avg=1.15 p95=1.43 renderMs avg=3.28 p95=4.04
2026.09.29-05.40.14 game -> room=cmum8xs8e00zxwilk4gkchkfx code=<redacted> status=IN_PROGRESS
2026.09.29-05.40.16 PERF window t=60.2-65.3 frames=151 fps=30.00 frameMs avg=33.33 p50=33.33 p95=33.33 p99=33.34 max=33.34 hitches50=0 gpuMs avg=1.89 p50=1.87 p95=2.04 gameMs avg=1.14 p95=1.33 renderMs avg=3.13 p95=4.04
2026.09.29-05.40.17 game -> room=cmum8xs8e00zxwilk4gkchkfx code=<redacted> status=IN_PROGRESS
2026.09.29-05.40.20 game -> room=cmum8xs8e00zxwilk4gkchkfx code=<redacted> status=IN_PROGRESS
2026.09.29-05.40.21 PERF summary scope=afterWarmup warmup=5 elapsed=70.0 frames=1947 fps=29.95 frameMs avg=33.39 p50=33.33 p95=33.33 p99=33.35 max=123.20 hitches50=1 gpuMs avg=1.84 p50=1.87 p95=2.15 gameMs avg=1.34 p95=1.59 renderMs avg=3.19 p95=3.95
2026.09.29-05.40.21 PERF summary scope=started elapsed=70.0 frames=1645 fps=29.94 frameMs avg=33.40 p50=33.33 p95=33.33 p99=33.35 max=123.20 hitches50=1 gpuMs avg=1.94 p50=1.89 p95=2.17 gameMs avg=1.34 p95=1.54 renderMs avg=3.29 p95=3.99
2026.09.29-05.40.21 PERF summary scope=artHud impl=compare elapsed=70.0 frames=0 fps=0.00 frameMs avg=0.00 p50=0.00 p95=0.00 p99=0.00 max=0.00 hitches50=0 gpuMs avg=0.00 p50=0.00 p95=0.00 gameMs avg=0.00 p95=0.00 renderMs avg=0.00 p95=0.00
2026.09.29-05.40.21 --- S08 trace close ---
