2026.09.26-04.48.21 --- S08 trace open 2026.09.26-04.48.21 ---
2026.09.26-04.48.21 S09AUTO config flow=1 boost=0 shotDir=C:\Users\ren\AppData\Local\Temp\s09-pending-20260926-094820-114352\host
2026.09.26-04.48.21 LOGIN ok user=s09-gd034-host
2026.09.26-04.48.24 HEROES loaded 84
2026.09.26-04.48.24 createGame -> room=cmuhwsz4t000dwi2gjrcmtpff code=<redacted> status=LOBBY
2026.09.26-04.48.27 game -> room=cmuhwsz4t000dwi2gjrcmtpff code=<redacted> status=LOBBY
2026.09.26-04.48.27 selectHero -> room=cmuhwsz4t000dwi2gjrcmtpff code=<redacted> status=LOBBY
2026.09.26-04.48.30 game -> room=cmuhwsz4t000dwi2gjrcmtpff code=<redacted> status=LOBBY
2026.09.26-04.48.30 toggleReady -> room=cmuhwsz4t000dwi2gjrcmtpff code=<redacted> status=LOBBY
2026.09.26-04.48.33 game -> room=cmuhwsz4t000dwi2gjrcmtpff code=<redacted> status=LOBBY
2026.09.26-04.48.36 game -> room=cmuhwsz4t000dwi2gjrcmtpff code=<redacted> status=LOBBY
2026.09.26-04.48.39 game -> room=cmuhwsz4t000dwi2gjrcmtpff code=<redacted> status=LOBBY
2026.09.26-04.48.39 startGame -> room=cmuhwsz4t000dwi2gjrcmtpff code=<redacted> status=IN_PROGRESS
2026.09.26-04.48.39 S09AUTO drive mode=0 plan=[attack+scheme] phase= turn=
2026.09.26-04.48.39 SNAPSHOT applied seq=1 phase=ACTION_MANEUVER
2026.09.26-04.48.39 HANDLE_APPLIED #1 seq=1 decision=2 fightersValid=1 boardValid=1
2026.09.26-04.48.39 MODE seq=1 mode=0 combat=0 pending=0
2026.09.26-04.48.39 HUD seq=1 phase=ACTION_MANEUVER turn=you hand=5 oppHand=5(hidden) oppDeck=25 deck=25 discard=0
2026.09.26-04.48.39 CAMERA dist=1931 loc=(0,1107,1582) pitch=-55 yaw=-90
2026.09.26-04.48.39 BOARD 5x6 cells | control points: (0,0)=(-200,-250,0) (4,5)=(200,250,0) | neighbor pair (dist 100 uu)
2026.09.26-04.48.39 FIGHTERS synced n=6 alive=6 own=4 enemy=2
2026.09.26-04.48.39 STATE seq=1 -> apply
2026.09.26-04.48.39 S09AUTO own turn #0 (turnCount=1)
2026.09.26-04.48.39 S09AUTO attack deferred - no may-boost card in hand (turn#0 elapsed=18s)
2026.09.26-04.48.39 SNAPSHOT applied seq=1 phase=ACTION_MANEUVER
2026.09.26-04.48.39 HANDLE_APPLIED #2 seq=1 decision=1 fightersValid=1 boardValid=1
2026.09.26-04.48.39 MODE seq=1 mode=0 combat=0 pending=0
2026.09.26-04.48.39 HUD seq=1 phase=ACTION_MANEUVER turn=you hand=5 oppHand=5(hidden) oppDeck=25 deck=25 discard=0
2026.09.26-04.48.39 FIGHTERS synced n=6 alive=6 own=4 enemy=2
2026.09.26-04.48.39 STATE seq=1 -> merge
2026.09.26-04.48.39 SUBSCRIBED gameStateUpdated since=1
2026.09.26-04.48.40 SNAPSHOT applied seq=2 phase=ACTION_MANEUVER
2026.09.26-04.48.40 HANDLE_APPLIED #3 seq=2 decision=2 fightersValid=1 boardValid=1
2026.09.26-04.48.40 MANEUVER-DRAFT mode=maneuver:1:1
2026.09.26-04.48.40 DRAFT-OPEN draw committed (resume instead of begin)
2026.09.26-04.48.40 MODE seq=2 mode=1 combat=0 pending=0
2026.09.26-04.48.40 HUD seq=2 phase=ACTION_MANEUVER turn=you hand=6 oppHand=5(hidden) oppDeck=25 deck=24 discard=0
2026.09.26-04.48.40 FIGHTERS synced n=6 alive=6 own=4 enemy=2
2026.09.26-04.48.40 MANEUVER begin seq=2 (apply) pending=maneuver:1:1
2026.09.26-04.48.40 SNAPSHOT applied seq=2 phase=ACTION_MANEUVER
2026.09.26-04.48.40 HANDLE_APPLIED #4 seq=2 decision=1 fightersValid=1 boardValid=1
2026.09.26-04.48.40 MODE seq=2 mode=1 combat=0 pending=0
2026.09.26-04.48.40 HUD seq=2 phase=ACTION_MANEUVER turn=you hand=6 oppHand=5(hidden) oppDeck=25 deck=24 discard=0
2026.09.26-04.48.40 FIGHTERS synced n=6 alive=6 own=4 enemy=2
2026.09.26-04.48.40 WS seq=2 phase=ACTION_MANEUVER (merge)
2026.09.26-04.48.40 S09AUTO drive mode=1 plan=[attack+scheme] phase=ACTION_MANEUVER turn=cmuhntivg0000wib0anhqyswc
2026.09.26-04.48.41 S09AUTO draft-open shot (maneuver marker live)
2026.09.26-04.48.41 SHOT ctx viewport=1280x720 viewTarget=CameraActor_2147482375 cam=(0,1107,1582) rot=(-55,-90,0)
2026.09.26-04.48.41 SHOT fighter f-0-hero pos=(2,2) world=(0,-50,0) screen=(640,318) projected=1 alive=1
2026.09.26-04.48.41 SHOT fighter f-0-sk0 pos=(3,2) world=(100,-50,0) screen=(744,318) projected=1 alive=1
2026.09.26-04.48.41 SHOT fighter f-0-sk1 pos=(2,1) world=(0,-150,0) screen=(640,236) projected=1 alive=1
2026.09.26-04.48.41 SHOT fighter f-0-sk2 pos=(1,2) world=(-100,-50,0) screen=(536,318) projected=1 alive=1
2026.09.26-04.48.41 SHOT fighter f-1-hero pos=(2,3) world=(0,50,0) screen=(640,404) projected=1 alive=1
2026.09.26-04.48.41 SHOT fighter f-1-sk0 pos=(3,3) world=(100,50,0) screen=(747,404) projected=1 alive=1
2026.09.26-04.48.41 SHOT requested: FScreenshotRequest(bShowUI) -> C:\Users\ren\AppData\Local\Temp\s09-pending-20260926-094820-114352\host/s09-maneuver-draft-open.png
2026.09.26-04.48.41 S09AUTO approach: no improving legal step
2026.09.26-04.48.41 MANEUVER-CONFIRM moves=0 boost=none
2026.09.26-04.48.41 SNAPSHOT applied seq=3 phase=ACTION_MANEUVER
2026.09.26-04.48.41 HANDLE_APPLIED #5 seq=3 decision=2 fightersValid=1 boardValid=1
2026.09.26-04.48.41 closed mode=
2026.09.26-04.48.41 MODE seq=3 mode=0 combat=0 pending=0
2026.09.26-04.48.41 HUD seq=3 phase=ACTION_MANEUVER turn=you hand=6 oppHand=5(hidden) oppDeck=25~ deck=24~ discard=0
2026.09.26-04.48.41 FIGHTERS synced n=6 alive=6 own=4 enemy=2
2026.09.26-04.48.41 WS seq=3 phase=ACTION_MANEUVER (apply)
2026.09.26-04.48.41 SNAPSHOT applied seq=3 phase=ACTION_MANEUVER
2026.09.26-04.48.41 HANDLE_APPLIED #6 seq=3 decision=1 fightersValid=1 boardValid=1
2026.09.26-04.48.41 MODE seq=3 mode=0 combat=0 pending=0
2026.09.26-04.48.41 HUD seq=3 phase=ACTION_MANEUVER turn=you hand=6 oppHand=5(hidden) oppDeck=25 deck=24 discard=0
2026.09.26-04.48.41 FIGHTERS synced n=6 alive=6 own=4 enemy=2
2026.09.26-04.48.41 MANEUVER done seq=3 (merge) fighters=6 boost=no
2026.09.26-04.48.42 SHOT ctx viewport=1280x720 viewTarget=CameraActor_2147482375 cam=(0,1107,1582) rot=(-55,-90,0)
2026.09.26-04.48.42 SHOT fighter f-0-hero pos=(2,2) world=(0,-50,0) screen=(640,318) projected=1 alive=1
2026.09.26-04.48.42 SHOT fighter f-0-sk0 pos=(3,2) world=(100,-50,0) screen=(744,318) projected=1 alive=1
2026.09.26-04.48.42 SHOT fighter f-0-sk1 pos=(2,1) world=(0,-150,0) screen=(640,236) projected=1 alive=1
2026.09.26-04.48.42 SHOT fighter f-0-sk2 pos=(1,2) world=(-100,-50,0) screen=(536,318) projected=1 alive=1
2026.09.26-04.48.42 SHOT fighter f-1-hero pos=(2,3) world=(0,50,0) screen=(640,404) projected=1 alive=1
2026.09.26-04.48.42 SHOT fighter f-1-sk0 pos=(3,3) world=(100,50,0) screen=(747,404) projected=1 alive=1
2026.09.26-04.48.42 SHOT requested: FScreenshotRequest(bShowUI) -> C:\Users\ren\AppData\Local\Temp\s09-pending-20260926-094820-114352\host/s09-hud-after-first-maneuver.png
2026.09.26-04.48.42 S09AUTO drive mode=0 plan=[attack+scheme] phase=ACTION_MANEUVER turn=cmuhntivg0000wib0anhqyswc
2026.09.26-04.48.42 S09AUTO attack deferred - no may-boost card in hand (turn#0 elapsed=21s)
2026.09.26-04.48.42 SNAPSHOT applied seq=4 phase=ACTION_MANEUVER
2026.09.26-04.48.42 HANDLE_APPLIED #7 seq=4 decision=2 fightersValid=1 boardValid=1
2026.09.26-04.48.42 MANEUVER-DRAFT mode=maneuver:1:3
2026.09.26-04.48.42 DRAFT-OPEN draw committed (resume instead of begin)
2026.09.26-04.48.42 MODE seq=4 mode=1 combat=0 pending=0
2026.09.26-04.48.42 HUD seq=4 phase=ACTION_MANEUVER turn=you hand=7 oppHand=5(hidden) oppDeck=25~ deck=24~ discard=0
2026.09.26-04.48.42 FIGHTERS synced n=6 alive=6 own=4 enemy=2
2026.09.26-04.48.42 WS seq=4 phase=ACTION_MANEUVER (apply)
2026.09.26-04.48.42 SNAPSHOT applied seq=4 phase=ACTION_MANEUVER
2026.09.26-04.48.42 HANDLE_APPLIED #8 seq=4 decision=1 fightersValid=1 boardValid=1
2026.09.26-04.48.42 MODE seq=4 mode=1 combat=0 pending=0
2026.09.26-04.48.42 HUD seq=4 phase=ACTION_MANEUVER turn=you hand=7 oppHand=5(hidden) oppDeck=25 deck=23 discard=0
2026.09.26-04.48.42 FIGHTERS synced n=6 alive=6 own=4 enemy=2
2026.09.26-04.48.42 MANEUVER begin seq=4 (merge) pending=maneuver:1:3
2026.09.26-04.48.42 S09AUTO drive mode=1 plan=[attack+scheme] phase=ACTION_MANEUVER turn=cmuhntivg0000wib0anhqyswc
2026.09.26-04.48.42 S09AUTO approach: no improving legal step
2026.09.26-04.48.42 MANEUVER-CONFIRM moves=0 boost=none
2026.09.26-04.48.42 SNAPSHOT applied seq=5 phase=ACTION_MANEUVER
2026.09.26-04.48.42 HANDLE_APPLIED #9 seq=5 decision=2 fightersValid=1 boardValid=1
2026.09.26-04.48.42 closed mode=
2026.09.26-04.48.42 MODE seq=5 mode=0 combat=0 pending=0
2026.09.26-04.48.42 HUD seq=5 phase=ACTION_MANEUVER turn=opp hand=7 oppHand=5(hidden) oppDeck=25~ deck=23~ discard=0
2026.09.26-04.48.42 FIGHTERS synced n=6 alive=6 own=4 enemy=2
2026.09.26-04.48.42 WS seq=5 phase=ACTION_MANEUVER (apply)
2026.09.26-04.48.42 SNAPSHOT applied seq=5 phase=ACTION_MANEUVER
2026.09.26-04.48.42 HANDLE_APPLIED #10 seq=5 decision=1 fightersValid=1 boardValid=1
2026.09.26-04.48.42 MODE seq=5 mode=0 combat=0 pending=0
2026.09.26-04.48.42 HUD seq=5 phase=ACTION_MANEUVER turn=opp hand=7 oppHand=5(hidden) oppDeck=25 deck=23 discard=0
2026.09.26-04.48.42 FIGHTERS synced n=6 alive=6 own=4 enemy=2
2026.09.26-04.48.42 MANEUVER done seq=5 (merge) fighters=6 boost=no
2026.09.26-04.48.42 SNAPSHOT applied seq=6 phase=ACTION_MANEUVER
2026.09.26-04.48.42 HANDLE_APPLIED #11 seq=6 decision=2 fightersValid=1 boardValid=1
2026.09.26-04.48.42 MODE seq=6 mode=0 combat=0 pending=0
2026.09.26-04.48.42 HUD seq=6 phase=ACTION_MANEUVER turn=opp hand=7 oppHand=6(hidden) oppDeck=25~ deck=23~ discard=0
2026.09.26-04.48.42 FIGHTERS synced n=6 alive=6 own=4 enemy=2
2026.09.26-04.48.42 WS seq=6 phase=ACTION_MANEUVER (apply)
2026.09.26-04.48.43 S09AUTO drive mode=0 plan=[attack+scheme] phase=ACTION_MANEUVER turn=cmuhntiwu0001wib0z281rpa8
2026.09.26-04.48.43 SNAPSHOT applied seq=7 phase=ACTION_MANEUVER
2026.09.26-04.48.43 HANDLE_APPLIED #12 seq=7 decision=2 fightersValid=1 boardValid=1
2026.09.26-04.48.43 MODE seq=7 mode=0 combat=0 pending=0
2026.09.26-04.48.43 HUD seq=7 phase=ACTION_MANEUVER turn=opp hand=7 oppHand=6(hidden) oppDeck=25~ deck=23~ discard=0
2026.09.26-04.48.43 FIGHTERS synced n=6 alive=6 own=4 enemy=2
2026.09.26-04.48.43 CUE move f-1-hero (2,3)->(1,3) seq=7
2026.09.26-04.48.43 WS seq=7 phase=ACTION_MANEUVER (apply)
2026.09.26-04.48.44 SNAPSHOT applied seq=8 phase=ACTION_MANEUVER
2026.09.26-04.48.44 HANDLE_APPLIED #13 seq=8 decision=2 fightersValid=1 boardValid=1
2026.09.26-04.48.44 MODE seq=8 mode=0 combat=0 pending=0
2026.09.26-04.48.44 HUD seq=8 phase=ACTION_MANEUVER turn=opp hand=7 oppHand=7(hidden) oppDeck=25~ deck=23~ discard=0
2026.09.26-04.48.44 FIGHTERS synced n=6 alive=6 own=4 enemy=2
2026.09.26-04.48.44 WS seq=8 phase=ACTION_MANEUVER (apply)
2026.09.26-04.48.44 SNAPSHOT applied seq=9 phase=ACTION_MANEUVER
2026.09.26-04.48.44 HANDLE_APPLIED #14 seq=9 decision=2 fightersValid=1 boardValid=1
2026.09.26-04.48.44 MODE seq=9 mode=0 combat=0 pending=0
2026.09.26-04.48.44 HUD seq=9 phase=ACTION_MANEUVER turn=you hand=7 oppHand=7(hidden) oppDeck=25~ deck=23~ discard=0
2026.09.26-04.48.44 FIGHTERS synced n=6 alive=6 own=4 enemy=2
2026.09.26-04.48.44 CUE move f-1-hero (1,3)->(2,3) seq=9
2026.09.26-04.48.44 WS seq=9 phase=ACTION_MANEUVER (apply)
2026.09.26-04.48.44 S09AUTO own turn #1 (turnCount=3)
2026.09.26-04.48.44 S09AUTO attack deferred - no may-boost card in hand (turn#1 elapsed=23s)
2026.09.26-04.48.44 SNAPSHOT applied seq=10 phase=ACTION_MANEUVER
2026.09.26-04.48.44 HANDLE_APPLIED #15 seq=10 decision=2 fightersValid=1 boardValid=1
2026.09.26-04.48.44 MANEUVER-DRAFT mode=maneuver:3:9
2026.09.26-04.48.44 DRAFT-OPEN draw committed (resume instead of begin)
2026.09.26-04.48.44 MODE seq=10 mode=1 combat=0 pending=0
2026.09.26-04.48.44 HUD seq=10 phase=ACTION_MANEUVER turn=you hand=8 oppHand=7(hidden) oppDeck=25~ deck=23~ discard=0
2026.09.26-04.48.44 FIGHTERS synced n=6 alive=6 own=4 enemy=2
2026.09.26-04.48.44 WS seq=10 phase=ACTION_MANEUVER (apply)
2026.09.26-04.48.44 SNAPSHOT applied seq=10 phase=ACTION_MANEUVER
2026.09.26-04.48.44 HANDLE_APPLIED #16 seq=10 decision=1 fightersValid=1 boardValid=1
2026.09.26-04.48.44 MODE seq=10 mode=1 combat=0 pending=0
2026.09.26-04.48.44 HUD seq=10 phase=ACTION_MANEUVER turn=you hand=8 oppHand=7(hidden) oppDeck=23 deck=22 discard=0
2026.09.26-04.48.44 FIGHTERS synced n=6 alive=6 own=4 enemy=2
2026.09.26-04.48.44 MANEUVER begin seq=10 (merge) pending=maneuver:3:9
2026.09.26-04.48.44 S09AUTO drive mode=1 plan=[attack+scheme] phase=ACTION_MANEUVER turn=cmuhntivg0000wib0anhqyswc
2026.09.26-04.48.44 S09AUTO zero-move confirm (draw only, no movement)
2026.09.26-04.48.44 MANEUVER-CONFIRM moves=0 boost=none
2026.09.26-04.48.45 SNAPSHOT applied seq=11 phase=ACTION_MANEUVER
2026.09.26-04.48.45 HANDLE_APPLIED #17 seq=11 decision=2 fightersValid=1 boardValid=1
2026.09.26-04.48.45 closed mode=
2026.09.26-04.48.45 MODE seq=11 mode=0 combat=0 pending=0
2026.09.26-04.48.45 HUD seq=11 phase=ACTION_MANEUVER turn=you hand=8 oppHand=7(hidden) oppDeck=23~ deck=22~ discard=0
2026.09.26-04.48.45 FIGHTERS synced n=6 alive=6 own=4 enemy=2
2026.09.26-04.48.45 WS seq=11 phase=ACTION_MANEUVER (apply)
2026.09.26-04.48.45 SNAPSHOT applied seq=11 phase=ACTION_MANEUVER
2026.09.26-04.48.45 HANDLE_APPLIED #18 seq=11 decision=1 fightersValid=1 boardValid=1
2026.09.26-04.48.45 MODE seq=11 mode=0 combat=0 pending=0
2026.09.26-04.48.45 HUD seq=11 phase=ACTION_MANEUVER turn=you hand=8 oppHand=7(hidden) oppDeck=23 deck=22 discard=0
2026.09.26-04.48.45 FIGHTERS synced n=6 alive=6 own=4 enemy=2
2026.09.26-04.48.45 MANEUVER done seq=11 (merge) fighters=6 boost=no
2026.09.26-04.48.46 S09AUTO drive mode=0 plan=[attack+scheme] phase=ACTION_MANEUVER turn=cmuhntivg0000wib0anhqyswc
2026.09.26-04.48.46 S09AUTO attack deferred - no may-boost card in hand (turn#1 elapsed=24s)
2026.09.26-04.48.46 SNAPSHOT applied seq=12 phase=ACTION_MANEUVER
2026.09.26-04.48.46 HANDLE_APPLIED #19 seq=12 decision=2 fightersValid=1 boardValid=1
2026.09.26-04.48.46 MANEUVER-DRAFT mode=maneuver:3:11
2026.09.26-04.48.46 DRAFT-OPEN draw committed (resume instead of begin)
2026.09.26-04.48.46 MODE seq=12 mode=1 combat=0 pending=0
2026.09.26-04.48.46 HUD seq=12 phase=ACTION_MANEUVER turn=you hand=9 oppHand=7(hidden) oppDeck=23~ deck=22~ discard=0
2026.09.26-04.48.46 FIGHTERS synced n=6 alive=6 own=4 enemy=2
2026.09.26-04.48.46 WS seq=12 phase=ACTION_MANEUVER (apply)
2026.09.26-04.48.46 SNAPSHOT applied seq=12 phase=ACTION_MANEUVER
2026.09.26-04.48.46 HANDLE_APPLIED #20 seq=12 decision=1 fightersValid=1 boardValid=1
2026.09.26-04.48.46 MODE seq=12 mode=1 combat=0 pending=0
2026.09.26-04.48.46 HUD seq=12 phase=ACTION_MANEUVER turn=you hand=9 oppHand=7(hidden) oppDeck=23 deck=21 discard=0
2026.09.26-04.48.46 FIGHTERS synced n=6 alive=6 own=4 enemy=2
2026.09.26-04.48.46 MANEUVER begin seq=12 (merge) pending=maneuver:3:11
2026.09.26-04.48.46 S09AUTO drive mode=1 plan=[attack+scheme] phase=ACTION_MANEUVER turn=cmuhntivg0000wib0anhqyswc
2026.09.26-04.48.46 S09AUTO approach: no improving legal step
2026.09.26-04.48.46 MANEUVER-CONFIRM moves=0 boost=none
2026.09.26-04.48.46 SNAPSHOT applied seq=13 phase=TURN_END
2026.09.26-04.48.46 HANDLE_APPLIED #21 seq=13 decision=2 fightersValid=1 boardValid=1
2026.09.26-04.48.46 DISCARD-DRAFT count=2 pending=discard:3:13
2026.09.26-04.48.46 MODE seq=13 mode=2 combat=0 pending=0
2026.09.26-04.48.46 HUD seq=13 phase=TURN_END turn=you hand=9 oppHand=7(hidden) oppDeck=23~ deck=21~ discard=0 pendingDiscard=2
2026.09.26-04.48.46 FIGHTERS synced n=6 alive=6 own=4 enemy=2
2026.09.26-04.48.46 WS seq=13 phase=TURN_END (apply)
2026.09.26-04.48.46 SNAPSHOT applied seq=13 phase=TURN_END
2026.09.26-04.48.46 HANDLE_APPLIED #22 seq=13 decision=1 fightersValid=1 boardValid=1
2026.09.26-04.48.46 MODE seq=13 mode=2 combat=0 pending=0
2026.09.26-04.48.46 HUD seq=13 phase=TURN_END turn=you hand=9 oppHand=7(hidden) oppDeck=23 deck=21 discard=0 pendingDiscard=2
2026.09.26-04.48.46 FIGHTERS synced n=6 alive=6 own=4 enemy=2
2026.09.26-04.48.46 MANEUVER done seq=13 (merge) fighters=6 boost=no
2026.09.26-04.48.47 SHOT ctx viewport=1280x720 viewTarget=CameraActor_2147482375 cam=(0,1107,1582) rot=(-55,-90,0)
2026.09.26-04.48.47 SHOT fighter f-0-hero pos=(2,2) world=(0,-50,0) screen=(640,318) projected=1 alive=1
2026.09.26-04.48.47 SHOT fighter f-0-sk0 pos=(3,2) world=(100,-50,0) screen=(744,318) projected=1 alive=1
2026.09.26-04.48.47 SHOT fighter f-0-sk1 pos=(2,1) world=(0,-150,0) screen=(640,236) projected=1 alive=1
2026.09.26-04.48.47 SHOT fighter f-0-sk2 pos=(1,2) world=(-100,-50,0) screen=(536,318) projected=1 alive=1
2026.09.26-04.48.47 SHOT fighter f-1-hero pos=(2,3) world=(0,50,0) screen=(640,404) projected=1 alive=1
2026.09.26-04.48.47 SHOT fighter f-1-sk0 pos=(3,3) world=(100,50,0) screen=(747,404) projected=1 alive=1
2026.09.26-04.48.47 SHOT requested: FScreenshotRequest(bShowUI) -> C:\Users\ren\AppData\Local\Temp\s09-pending-20260926-094820-114352\host/s09-discard-open.png
2026.09.26-04.48.47 S09AUTO drive mode=2 plan=[attack+scheme] phase=TURN_END turn=cmuhntivg0000wib0anhqyswc
2026.09.26-04.48.47 S09AUTO discard picks=2
2026.09.26-04.48.47 DISCARD-CONFIRM pending=discard:3:13 count=2 ids=cmuhgvgkn00t4wi9g8rrkx4it::1,cmuhgvgkl00t0wi9g1inbvf80::2
2026.09.26-04.48.47 SNAPSHOT applied seq=14 phase=ACTION_MANEUVER
2026.09.26-04.48.47 HANDLE_APPLIED #23 seq=14 decision=2 fightersValid=1 boardValid=1
2026.09.26-04.48.47 closed mode=
2026.09.26-04.48.47 MODE seq=14 mode=0 combat=0 pending=0
2026.09.26-04.48.47 HUD seq=14 phase=ACTION_MANEUVER turn=opp hand=7 oppHand=7(hidden) oppDeck=23~ deck=21~ discard=2
2026.09.26-04.48.47 FIGHTERS synced n=6 alive=6 own=4 enemy=2
2026.09.26-04.48.47 WS seq=14 phase=ACTION_MANEUVER (apply)
2026.09.26-04.48.47 SNAPSHOT applied seq=14 phase=ACTION_MANEUVER
2026.09.26-04.48.47 HANDLE_APPLIED #24 seq=14 decision=1 fightersValid=1 boardValid=1
2026.09.26-04.48.47 MODE seq=14 mode=0 combat=0 pending=0
2026.09.26-04.48.47 HUD seq=14 phase=ACTION_MANEUVER turn=opp hand=7 oppHand=7(hidden) oppDeck=23 deck=21 discard=2
2026.09.26-04.48.47 FIGHTERS synced n=6 alive=6 own=4 enemy=2
2026.09.26-04.48.47 DISCARD done seq=14 phase=ACTION_MANEUVER count=2
2026.09.26-04.48.47 SNAPSHOT applied seq=15 phase=ACTION_MANEUVER
2026.09.26-04.48.47 HANDLE_APPLIED #25 seq=15 decision=2 fightersValid=1 boardValid=1
2026.09.26-04.48.47 MODE seq=15 mode=0 combat=0 pending=0
2026.09.26-04.48.47 HUD seq=15 phase=ACTION_MANEUVER turn=opp hand=7 oppHand=8(hidden) oppDeck=23~ deck=21~ discard=2
2026.09.26-04.48.47 FIGHTERS synced n=6 alive=6 own=4 enemy=2
2026.09.26-04.48.47 WS seq=15 phase=ACTION_MANEUVER (apply)
2026.09.26-04.48.47 SNAPSHOT applied seq=16 phase=ACTION_MANEUVER
2026.09.26-04.48.47 HANDLE_APPLIED #26 seq=16 decision=2 fightersValid=1 boardValid=1
2026.09.26-04.48.47 MODE seq=16 mode=0 combat=0 pending=0
2026.09.26-04.48.47 HUD seq=16 phase=ACTION_MANEUVER turn=opp hand=7 oppHand=8(hidden) oppDeck=23~ deck=21~ discard=2
2026.09.26-04.48.47 FIGHTERS synced n=6 alive=6 own=4 enemy=2
2026.09.26-04.48.47 WS seq=16 phase=ACTION_MANEUVER (apply)
2026.09.26-04.48.48 S09AUTO drive mode=0 plan=[attack+scheme] phase=ACTION_MANEUVER turn=cmuhntiwu0001wib0z281rpa8
2026.09.26-04.48.48 SNAPSHOT applied seq=17 phase=ACTION_MANEUVER
2026.09.26-04.48.48 HANDLE_APPLIED #27 seq=17 decision=2 fightersValid=1 boardValid=1
2026.09.26-04.48.48 MODE seq=17 mode=0 combat=0 pending=0
2026.09.26-04.48.48 HUD seq=17 phase=ACTION_MANEUVER turn=opp hand=7 oppHand=9(hidden) oppDeck=23~ deck=21~ discard=2
2026.09.26-04.48.48 FIGHTERS synced n=6 alive=6 own=4 enemy=2
2026.09.26-04.48.48 WS seq=17 phase=ACTION_MANEUVER (apply)
2026.09.26-04.48.48 SNAPSHOT applied seq=18 phase=TURN_END
2026.09.26-04.48.48 HANDLE_APPLIED #28 seq=18 decision=2 fightersValid=1 boardValid=1
2026.09.26-04.48.48 MODE seq=18 mode=0 combat=0 pending=0
2026.09.26-04.48.48 HUD seq=18 phase=TURN_END turn=opp hand=7 oppHand=9(hidden) oppDeck=23~ deck=21~ discard=2 pendingDiscard=2
2026.09.26-04.48.48 FIGHTERS synced n=6 alive=6 own=4 enemy=2
2026.09.26-04.48.48 CUE move f-1-hero (2,3)->(1,3) seq=18
2026.09.26-04.48.48 WS seq=18 phase=TURN_END (apply)
2026.09.26-04.48.50 SNAPSHOT applied seq=19 phase=ACTION_MANEUVER
2026.09.26-04.48.50 HANDLE_APPLIED #29 seq=19 decision=2 fightersValid=1 boardValid=1
2026.09.26-04.48.50 MODE seq=19 mode=0 combat=0 pending=0
2026.09.26-04.48.50 HUD seq=19 phase=ACTION_MANEUVER turn=you hand=7 oppHand=7(hidden) oppDeck=23~ deck=21~ discard=2
2026.09.26-04.48.50 FIGHTERS synced n=6 alive=6 own=4 enemy=2
2026.09.26-04.48.50 WS seq=19 phase=ACTION_MANEUVER (apply)
2026.09.26-04.48.50 S09AUTO own turn #2 (turnCount=5)
2026.09.26-04.48.50 S09AUTO attack deferred - no may-boost card in hand (turn#2 elapsed=28s)
2026.09.26-04.48.50 SNAPSHOT applied seq=20 phase=ACTION_MANEUVER
2026.09.26-04.48.50 HANDLE_APPLIED #30 seq=20 decision=2 fightersValid=1 boardValid=1
2026.09.26-04.48.50 MANEUVER-DRAFT mode=maneuver:5:19
2026.09.26-04.48.50 DRAFT-OPEN draw committed (resume instead of begin)
2026.09.26-04.48.50 MODE seq=20 mode=1 combat=0 pending=0
2026.09.26-04.48.50 HUD seq=20 phase=ACTION_MANEUVER turn=you hand=8 oppHand=7(hidden) oppDeck=23~ deck=21~ discard=2
2026.09.26-04.48.50 FIGHTERS synced n=6 alive=6 own=4 enemy=2
2026.09.26-04.48.50 WS seq=20 phase=ACTION_MANEUVER (apply)
2026.09.26-04.48.50 SNAPSHOT applied seq=20 phase=ACTION_MANEUVER
2026.09.26-04.48.50 HANDLE_APPLIED #31 seq=20 decision=1 fightersValid=1 boardValid=1
2026.09.26-04.48.50 MODE seq=20 mode=1 combat=0 pending=0
2026.09.26-04.48.50 HUD seq=20 phase=ACTION_MANEUVER turn=you hand=8 oppHand=7(hidden) oppDeck=21 deck=20 discard=2
2026.09.26-04.48.50 FIGHTERS synced n=6 alive=6 own=4 enemy=2
2026.09.26-04.48.50 MANEUVER begin seq=20 (merge) pending=maneuver:5:19
2026.09.26-04.48.50 S09AUTO drive mode=1 plan=[attack+scheme] phase=ACTION_MANEUVER turn=cmuhntivg0000wib0anhqyswc
2026.09.26-04.48.50 S09AUTO multi-fighter moves=2
2026.09.26-04.48.50 MANEUVER-CONFIRM moves=2 boost=none
2026.09.26-04.48.50 SNAPSHOT applied seq=21 phase=ACTION_MANEUVER
2026.09.26-04.48.50 HANDLE_APPLIED #32 seq=21 decision=2 fightersValid=1 boardValid=1
2026.09.26-04.48.50 closed mode=
2026.09.26-04.48.50 MODE seq=21 mode=0 combat=0 pending=0
2026.09.26-04.48.50 HUD seq=21 phase=ACTION_MANEUVER turn=you hand=8 oppHand=7(hidden) oppDeck=21~ deck=20~ discard=2
2026.09.26-04.48.50 FIGHTERS synced n=6 alive=6 own=4 enemy=2
2026.09.26-04.48.50 CUE move f-0-hero (2,2)->(2,3) seq=21
2026.09.26-04.48.50 CUE move f-0-sk0 (3,2)->(4,2) seq=21
2026.09.26-04.48.50 WS seq=21 phase=ACTION_MANEUVER (apply)
2026.09.26-04.48.50 SNAPSHOT applied seq=21 phase=ACTION_MANEUVER
2026.09.26-04.48.50 HANDLE_APPLIED #33 seq=21 decision=1 fightersValid=1 boardValid=1
2026.09.26-04.48.50 MODE seq=21 mode=0 combat=0 pending=0
2026.09.26-04.48.50 HUD seq=21 phase=ACTION_MANEUVER turn=you hand=8 oppHand=7(hidden) oppDeck=21 deck=20 discard=2
2026.09.26-04.48.50 FIGHTERS synced n=6 alive=6 own=4 enemy=2
2026.09.26-04.48.50 MANEUVER done seq=21 (merge) fighters=6 boost=no
2026.09.26-04.48.51 S09AUTO drive mode=0 plan=[attack+scheme] phase=ACTION_MANEUVER turn=cmuhntivg0000wib0anhqyswc
2026.09.26-04.48.51 S09AUTO attack deferred - no may-boost card in hand (turn#2 elapsed=30s)
2026.09.26-04.48.51 SNAPSHOT applied seq=22 phase=ACTION_MANEUVER
2026.09.26-04.48.51 HANDLE_APPLIED #34 seq=22 decision=2 fightersValid=1 boardValid=1
2026.09.26-04.48.51 MANEUVER-DRAFT mode=maneuver:5:21
2026.09.26-04.48.51 DRAFT-OPEN draw committed (resume instead of begin)
2026.09.26-04.48.51 MODE seq=22 mode=1 combat=0 pending=0
2026.09.26-04.48.51 HUD seq=22 phase=ACTION_MANEUVER turn=you hand=9 oppHand=7(hidden) oppDeck=21~ deck=20~ discard=2
2026.09.26-04.48.51 FIGHTERS synced n=6 alive=6 own=4 enemy=2
2026.09.26-04.48.51 WS seq=22 phase=ACTION_MANEUVER (apply)
2026.09.26-04.48.51 SNAPSHOT applied seq=22 phase=ACTION_MANEUVER
2026.09.26-04.48.51 HANDLE_APPLIED #35 seq=22 decision=1 fightersValid=1 boardValid=1
2026.09.26-04.48.51 MODE seq=22 mode=1 combat=0 pending=0
2026.09.26-04.48.51 HUD seq=22 phase=ACTION_MANEUVER turn=you hand=9 oppHand=7(hidden) oppDeck=21 deck=19 discard=2
2026.09.26-04.48.51 FIGHTERS synced n=6 alive=6 own=4 enemy=2
2026.09.26-04.48.51 MANEUVER begin seq=22 (merge) pending=maneuver:5:21
2026.09.26-04.48.51 S09AUTO drive mode=1 plan=[attack+scheme] phase=ACTION_MANEUVER turn=cmuhntivg0000wib0anhqyswc
2026.09.26-04.48.51 MANEUVER-CONFIRM moves=1 boost=none
2026.09.26-04.48.51 SNAPSHOT applied seq=23 phase=TURN_END
2026.09.26-04.48.51 HANDLE_APPLIED #36 seq=23 decision=2 fightersValid=1 boardValid=1
2026.09.26-04.48.51 DISCARD-DRAFT count=2 pending=discard:5:23
2026.09.26-04.48.51 MODE seq=23 mode=2 combat=0 pending=0
2026.09.26-04.48.51 HUD seq=23 phase=TURN_END turn=you hand=9 oppHand=7(hidden) oppDeck=21~ deck=19~ discard=2 pendingDiscard=2
2026.09.26-04.48.51 FIGHTERS synced n=6 alive=6 own=4 enemy=2
2026.09.26-04.48.51 CUE move f-0-hero (2,3)->(2,4) seq=23
2026.09.26-04.48.51 WS seq=23 phase=TURN_END (apply)
2026.09.26-04.48.51 SNAPSHOT applied seq=23 phase=TURN_END
2026.09.26-04.48.51 HANDLE_APPLIED #37 seq=23 decision=1 fightersValid=1 boardValid=1
2026.09.26-04.48.51 MODE seq=23 mode=2 combat=0 pending=0
2026.09.26-04.48.51 HUD seq=23 phase=TURN_END turn=you hand=9 oppHand=7(hidden) oppDeck=21 deck=19 discard=2 pendingDiscard=2
2026.09.26-04.48.51 FIGHTERS synced n=6 alive=6 own=4 enemy=2
2026.09.26-04.48.51 MANEUVER done seq=23 (merge) fighters=6 boost=no
2026.09.26-04.48.52 S09AUTO drive mode=2 plan=[attack+scheme] phase=TURN_END turn=cmuhntivg0000wib0anhqyswc
2026.09.26-04.48.52 S09AUTO discard picks=2
2026.09.26-04.48.52 DISCARD-CONFIRM pending=discard:5:23 count=2 ids=cmuhgvgkj00suwi9g4v5uc11k::0,cmuhgvgko00t6wi9gliac8gv6::1
2026.09.26-04.48.52 SNAPSHOT applied seq=24 phase=ACTION_MANEUVER
2026.09.26-04.48.52 HANDLE_APPLIED #38 seq=24 decision=2 fightersValid=1 boardValid=1
2026.09.26-04.48.52 closed mode=
2026.09.26-04.48.52 MODE seq=24 mode=0 combat=0 pending=0
2026.09.26-04.48.52 HUD seq=24 phase=ACTION_MANEUVER turn=opp hand=7 oppHand=7(hidden) oppDeck=21~ deck=19~ discard=4
2026.09.26-04.48.52 FIGHTERS synced n=6 alive=6 own=4 enemy=2
2026.09.26-04.48.52 WS seq=24 phase=ACTION_MANEUVER (apply)
2026.09.26-04.48.52 SNAPSHOT applied seq=24 phase=ACTION_MANEUVER
2026.09.26-04.48.52 HANDLE_APPLIED #39 seq=24 decision=1 fightersValid=1 boardValid=1
2026.09.26-04.48.52 MODE seq=24 mode=0 combat=0 pending=0
2026.09.26-04.48.52 HUD seq=24 phase=ACTION_MANEUVER turn=opp hand=7 oppHand=7(hidden) oppDeck=21 deck=19 discard=4
2026.09.26-04.48.52 FIGHTERS synced n=6 alive=6 own=4 enemy=2
2026.09.26-04.48.52 DISCARD done seq=24 phase=ACTION_MANEUVER count=2
2026.09.26-04.48.52 SNAPSHOT applied seq=25 phase=ACTION_MANEUVER
2026.09.26-04.48.52 HANDLE_APPLIED #40 seq=25 decision=2 fightersValid=1 boardValid=1
2026.09.26-04.48.52 MODE seq=25 mode=0 combat=0 pending=0
2026.09.26-04.48.52 HUD seq=25 phase=ACTION_MANEUVER turn=opp hand=7 oppHand=8(hidden) oppDeck=21~ deck=19~ discard=4
2026.09.26-04.48.52 FIGHTERS synced n=6 alive=6 own=4 enemy=2
2026.09.26-04.48.52 WS seq=25 phase=ACTION_MANEUVER (apply)
2026.09.26-04.48.52 SNAPSHOT applied seq=26 phase=ACTION_MANEUVER
2026.09.26-04.48.52 HANDLE_APPLIED #41 seq=26 decision=2 fightersValid=1 boardValid=1
2026.09.26-04.48.52 MODE seq=26 mode=0 combat=0 pending=0
2026.09.26-04.48.52 HUD seq=26 phase=ACTION_MANEUVER turn=opp hand=7 oppHand=8(hidden) oppDeck=21~ deck=19~ discard=4
2026.09.26-04.48.52 FIGHTERS synced n=6 alive=6 own=4 enemy=2
2026.09.26-04.48.52 CUE move f-1-hero (1,3)->(2,3) seq=26
2026.09.26-04.48.52 CUE move f-1-sk0 (3,3)->(4,3) seq=26
2026.09.26-04.48.52 WS seq=26 phase=ACTION_MANEUVER (apply)
2026.09.26-04.48.53 S09AUTO drive mode=0 plan=[attack+scheme] phase=ACTION_MANEUVER turn=cmuhntiwu0001wib0z281rpa8
2026.09.26-04.48.53 SNAPSHOT applied seq=27 phase=ACTION_MANEUVER
2026.09.26-04.48.53 HANDLE_APPLIED #42 seq=27 decision=2 fightersValid=1 boardValid=1
2026.09.26-04.48.53 MODE seq=27 mode=0 combat=0 pending=0
2026.09.26-04.48.53 HUD seq=27 phase=ACTION_MANEUVER turn=opp hand=7 oppHand=9(hidden) oppDeck=21~ deck=19~ discard=4
2026.09.26-04.48.53 FIGHTERS synced n=6 alive=6 own=4 enemy=2
2026.09.26-04.48.53 WS seq=27 phase=ACTION_MANEUVER (apply)
2026.09.26-04.48.54 SNAPSHOT applied seq=28 phase=TURN_END
2026.09.26-04.48.54 HANDLE_APPLIED #43 seq=28 decision=2 fightersValid=1 boardValid=1
2026.09.26-04.48.54 MODE seq=28 mode=0 combat=0 pending=0
2026.09.26-04.48.54 HUD seq=28 phase=TURN_END turn=opp hand=7 oppHand=9(hidden) oppDeck=21~ deck=19~ discard=4 pendingDiscard=2
2026.09.26-04.48.54 FIGHTERS synced n=6 alive=6 own=4 enemy=2
2026.09.26-04.48.54 CUE move f-1-hero (2,3)->(3,3) seq=28
2026.09.26-04.48.54 WS seq=28 phase=TURN_END (apply)
2026.09.26-04.48.55 SNAPSHOT applied seq=29 phase=ACTION_MANEUVER
2026.09.26-04.48.55 HANDLE_APPLIED #44 seq=29 decision=2 fightersValid=1 boardValid=1
2026.09.26-04.48.55 closed mode=
2026.09.26-04.48.55 MODE seq=29 mode=6 combat=0 pending=1
2026.09.26-04.48.55 HUD seq=29 phase=ACTION_MANEUVER turn=you hand=7 oppHand=7(hidden) oppDeck=21~ deck=19~ discard=4
2026.09.26-04.48.55 FIGHTERS synced n=6 alive=6 own=4 enemy=2
2026.09.26-04.48.55 WS seq=29 phase=ACTION_MANEUVER (apply)
2026.09.26-04.48.55 S09AUTO drive mode=6 plan=[attack+scheme] phase=ACTION_MANEUVER turn=cmuhntivg0000wib0anhqyswc
2026.09.26-04.48.55 S09AUTO own turn #3 (turnCount=7)
2026.09.26-04.48.55 S09AUTO pending-open shot (type=TARGET_FIGHTER)
2026.09.26-04.48.55 SHOT ctx viewport=1280x720 viewTarget=CameraActor_2147482375 cam=(0,1107,1582) rot=(-55,-90,0)
2026.09.26-04.48.55 SHOT fighter f-0-hero pos=(2,4) world=(0,150,0) screen=(640,495) projected=1 alive=1
2026.09.26-04.48.55 SHOT fighter f-0-sk0 pos=(4,2) world=(200,-50,0) screen=(847,318) projected=1 alive=1
2026.09.26-04.48.55 SHOT fighter f-0-sk1 pos=(2,1) world=(0,-150,0) screen=(640,236) projected=1 alive=1
2026.09.26-04.48.55 SHOT fighter f-0-sk2 pos=(1,2) world=(-100,-50,0) screen=(536,318) projected=1 alive=1
2026.09.26-04.48.55 SHOT fighter f-1-hero pos=(3,3) world=(100,50,0) screen=(747,404) projected=1 alive=1
2026.09.26-04.48.55 SHOT fighter f-1-sk0 pos=(4,3) world=(200,50,0) screen=(853,404) projected=1 alive=1
2026.09.26-04.48.55 SHOT requested: FScreenshotRequest(bShowUI) -> C:\Users\ren\AppData\Local\Temp\s09-pending-20260926-094820-114352\host/s09-pending-TARGET_FIGHTER.png
2026.09.26-04.48.55 S09AUTO pending picked (type=TARGET_FIGHTER)
2026.09.26-04.48.55 PEND-RESOLVE sent type=TARGET_FIGHTER
2026.09.26-04.48.55 SNAPSHOT applied seq=30 phase=ACTION_MANEUVER
2026.09.26-04.48.55 HANDLE_APPLIED #45 seq=30 decision=2 fightersValid=1 boardValid=1
2026.09.26-04.48.55 closed mode=
2026.09.26-04.48.55 MODE seq=30 mode=0 combat=0 pending=0
2026.09.26-04.48.55 HUD seq=30 phase=ACTION_MANEUVER turn=you hand=7 oppHand=7(hidden) oppDeck=21~ deck=19~ discard=4
2026.09.26-04.48.55 FIGHTERS synced n=6 alive=6 own=4 enemy=2
2026.09.26-04.48.55 CUE damage f-1-hero -1 seq=30
2026.09.26-04.48.55 WS seq=30 phase=ACTION_MANEUVER (apply)
2026.09.26-04.48.55 SNAPSHOT applied seq=30 phase=ACTION_MANEUVER
2026.09.26-04.48.55 HANDLE_APPLIED #46 seq=30 decision=1 fightersValid=1 boardValid=1
2026.09.26-04.48.55 MODE seq=30 mode=0 combat=0 pending=0
2026.09.26-04.48.55 HUD seq=30 phase=ACTION_MANEUVER turn=you hand=7 oppHand=7(hidden) oppDeck=19 deck=19 discard=4
2026.09.26-04.48.55 FIGHTERS synced n=6 alive=6 own=4 enemy=2
2026.09.26-04.48.55 PEND resolve done seq=30 (merge) phase=ACTION_MANEUVER
2026.09.26-04.48.55 S09AUTO drive mode=0 plan=[attack+scheme] phase=ACTION_MANEUVER turn=cmuhntivg0000wib0anhqyswc
2026.09.26-04.48.55 S09AUTO attack deferred - no may-boost card in hand (turn#3 elapsed=34s)
2026.09.26-04.48.55 S09AUTO scheme
2026.09.26-04.48.55 SNAPSHOT applied seq=31 phase=ACTION_MANEUVER
2026.09.26-04.48.55 HANDLE_APPLIED #47 seq=31 decision=2 fightersValid=1 boardValid=1
2026.09.26-04.48.55 closed mode=
2026.09.26-04.48.55 MODE seq=31 mode=6 combat=0 pending=1
2026.09.26-04.48.55 HUD seq=31 phase=ACTION_MANEUVER turn=you hand=6 oppHand=7(hidden) oppDeck=19~ deck=19~ discard=5
2026.09.26-04.48.55 FIGHTERS synced n=6 alive=6 own=4 enemy=2
2026.09.26-04.48.55 WS seq=31 phase=ACTION_MANEUVER (apply)
2026.09.26-04.48.55 SNAPSHOT applied seq=31 phase=ACTION_MANEUVER
2026.09.26-04.48.55 HANDLE_APPLIED #48 seq=31 decision=1 fightersValid=1 boardValid=1
2026.09.26-04.48.55 MODE seq=31 mode=6 combat=0 pending=1
2026.09.26-04.48.55 HUD seq=31 phase=ACTION_MANEUVER turn=you hand=6 oppHand=7(hidden) oppDeck=19 deck=19 discard=5
2026.09.26-04.48.55 FIGHTERS synced n=6 alive=6 own=4 enemy=2
2026.09.26-04.48.55 SCHEME done seq=31 (merge) phase=ACTION_MANEUVER
2026.09.26-04.48.56 S09AUTO drive mode=6 plan=[attack+scheme] phase=ACTION_MANEUVER turn=cmuhntivg0000wib0anhqyswc
2026.09.26-04.48.56 S09AUTO pending picked (type=TARGET_FIGHTER)
2026.09.26-04.48.56 PEND-RESOLVE sent type=TARGET_FIGHTER
2026.09.26-04.48.56 SNAPSHOT applied seq=32 phase=ACTION_MANEUVER
2026.09.26-04.48.56 HANDLE_APPLIED #49 seq=32 decision=2 fightersValid=1 boardValid=1
2026.09.26-04.48.56 closed mode=
2026.09.26-04.48.56 MODE seq=32 mode=0 combat=0 pending=0
2026.09.26-04.48.56 HUD seq=32 phase=ACTION_MANEUVER turn=you hand=6 oppHand=7(hidden) oppDeck=19~ deck=19~ discard=5
2026.09.26-04.48.56 FIGHTERS synced n=6 alive=6 own=4 enemy=2
2026.09.26-04.48.56 CUE damage f-0-hero -2 seq=32
2026.09.26-04.48.56 WS seq=32 phase=ACTION_MANEUVER (apply)
2026.09.26-04.48.56 SNAPSHOT applied seq=32 phase=ACTION_MANEUVER
2026.09.26-04.48.56 HANDLE_APPLIED #50 seq=32 decision=1 fightersValid=1 boardValid=1
2026.09.26-04.48.56 MODE seq=32 mode=0 combat=0 pending=0
2026.09.26-04.48.56 HUD seq=32 phase=ACTION_MANEUVER turn=you hand=6 oppHand=7(hidden) oppDeck=19 deck=19 discard=5
2026.09.26-04.48.56 FIGHTERS synced n=6 alive=6 own=4 enemy=2
2026.09.26-04.48.56 PEND resolve done seq=32 (merge) phase=ACTION_MANEUVER
2026.09.26-04.48.56 S09AUTO drive mode=0 plan=[attack+scheme] phase=ACTION_MANEUVER turn=cmuhntivg0000wib0anhqyswc
2026.09.26-04.48.56 S09AUTO attack deferred - no may-boost card in hand (turn#3 elapsed=35s)
2026.09.26-04.48.56 SNAPSHOT applied seq=33 phase=ACTION_MANEUVER
2026.09.26-04.48.56 HANDLE_APPLIED #51 seq=33 decision=2 fightersValid=1 boardValid=1
2026.09.26-04.48.56 MANEUVER-DRAFT mode=maneuver:7:32
2026.09.26-04.48.56 DRAFT-OPEN draw committed (resume instead of begin)
2026.09.26-04.48.56 MODE seq=33 mode=1 combat=0 pending=0
2026.09.26-04.48.56 HUD seq=33 phase=ACTION_MANEUVER turn=you hand=7 oppHand=7(hidden) oppDeck=19~ deck=19~ discard=5
2026.09.26-04.48.56 FIGHTERS synced n=6 alive=6 own=4 enemy=2
2026.09.26-04.48.56 WS seq=33 phase=ACTION_MANEUVER (apply)
2026.09.26-04.48.56 SNAPSHOT applied seq=33 phase=ACTION_MANEUVER
2026.09.26-04.48.56 HANDLE_APPLIED #52 seq=33 decision=1 fightersValid=1 boardValid=1
2026.09.26-04.48.56 MODE seq=33 mode=1 combat=0 pending=0
2026.09.26-04.48.56 HUD seq=33 phase=ACTION_MANEUVER turn=you hand=7 oppHand=7(hidden) oppDeck=19 deck=18 discard=5
2026.09.26-04.48.56 FIGHTERS synced n=6 alive=6 own=4 enemy=2
2026.09.26-04.48.56 MANEUVER begin seq=33 (merge) pending=maneuver:7:32
2026.09.26-04.48.56 S09AUTO drive mode=1 plan=[attack+scheme] phase=ACTION_MANEUVER turn=cmuhntivg0000wib0anhqyswc
2026.09.26-04.48.56 MANEUVER-CONFIRM moves=1 boost=none
2026.09.26-04.48.56 SNAPSHOT applied seq=34 phase=ACTION_MANEUVER
2026.09.26-04.48.56 HANDLE_APPLIED #53 seq=34 decision=2 fightersValid=1 boardValid=1
2026.09.26-04.48.56 closed mode=
2026.09.26-04.48.56 MODE seq=34 mode=0 combat=0 pending=0
2026.09.26-04.48.56 HUD seq=34 phase=ACTION_MANEUVER turn=opp hand=7 oppHand=7(hidden) oppDeck=19~ deck=18~ discard=5
2026.09.26-04.48.56 FIGHTERS synced n=6 alive=6 own=4 enemy=2
2026.09.26-04.48.56 CUE move f-0-hero (2,4)->(3,4) seq=34
2026.09.26-04.48.56 WS seq=34 phase=ACTION_MANEUVER (apply)
2026.09.26-04.48.56 SNAPSHOT applied seq=34 phase=ACTION_MANEUVER
2026.09.26-04.48.56 HANDLE_APPLIED #54 seq=34 decision=1 fightersValid=1 boardValid=1
2026.09.26-04.48.56 MODE seq=34 mode=0 combat=0 pending=0
2026.09.26-04.48.56 HUD seq=34 phase=ACTION_MANEUVER turn=opp hand=7 oppHand=7(hidden) oppDeck=19 deck=18 discard=5
2026.09.26-04.48.56 FIGHTERS synced n=6 alive=6 own=4 enemy=2
2026.09.26-04.48.56 MANEUVER done seq=34 (merge) fighters=6 boost=no
2026.09.26-04.48.56 SNAPSHOT applied seq=35 phase=ACTION_MANEUVER
2026.09.26-04.48.56 HANDLE_APPLIED #55 seq=35 decision=2 fightersValid=1 boardValid=1
2026.09.26-04.48.56 MODE seq=35 mode=0 combat=0 pending=0
2026.09.26-04.48.56 HUD seq=35 phase=ACTION_MANEUVER turn=opp hand=7 oppHand=8(hidden) oppDeck=19~ deck=18~ discard=5
2026.09.26-04.48.56 FIGHTERS synced n=6 alive=6 own=4 enemy=2
2026.09.26-04.48.56 WS seq=35 phase=ACTION_MANEUVER (apply)
2026.09.26-04.48.56 SNAPSHOT applied seq=36 phase=ACTION_MANEUVER
2026.09.26-04.48.56 HANDLE_APPLIED #56 seq=36 decision=2 fightersValid=1 boardValid=1
2026.09.26-04.48.56 MODE seq=36 mode=0 combat=0 pending=0
2026.09.26-04.48.56 HUD seq=36 phase=ACTION_MANEUVER turn=opp hand=7 oppHand=8(hidden) oppDeck=19~ deck=18~ discard=5
2026.09.26-04.48.56 FIGHTERS synced n=6 alive=6 own=4 enemy=2
2026.09.26-04.48.56 CUE move f-1-hero (3,3)->(2,3) seq=36
2026.09.26-04.48.56 WS seq=36 phase=ACTION_MANEUVER (apply)
2026.09.26-04.48.57 S09AUTO drive mode=0 plan=[attack+scheme] phase=ACTION_MANEUVER turn=cmuhntiwu0001wib0z281rpa8
2026.09.26-04.48.58 SNAPSHOT applied seq=37 phase=ACTION_MANEUVER
2026.09.26-04.48.58 HANDLE_APPLIED #57 seq=37 decision=2 fightersValid=1 boardValid=1
2026.09.26-04.48.58 MODE seq=37 mode=0 combat=0 pending=1
2026.09.26-04.48.58 HUD seq=37 phase=ACTION_MANEUVER turn=opp hand=7 oppHand=7(hidden) oppDeck=19~ deck=18~ discard=5
2026.09.26-04.48.58 FIGHTERS synced n=6 alive=6 own=4 enemy=2
2026.09.26-04.48.58 WS seq=37 phase=ACTION_MANEUVER (apply)
2026.09.26-04.48.59 SNAPSHOT applied seq=38 phase=ACTION_MANEUVER
2026.09.26-04.48.59 HANDLE_APPLIED #58 seq=38 decision=2 fightersValid=1 boardValid=1
2026.09.26-04.48.59 MODE seq=38 mode=0 combat=0 pending=1
2026.09.26-04.48.59 HUD seq=38 phase=ACTION_MANEUVER turn=opp hand=7 oppHand=7(hidden) oppDeck=19~ deck=18~ discard=5
2026.09.26-04.48.59 FIGHTERS synced n=6 alive=6 own=4 enemy=2
2026.09.26-04.48.59 WS seq=38 phase=ACTION_MANEUVER (apply)
2026.09.26-04.48.59 SNAPSHOT applied seq=39 phase=ACTION_MANEUVER
2026.09.26-04.48.59 HANDLE_APPLIED #59 seq=39 decision=2 fightersValid=1 boardValid=1
2026.09.26-04.48.59 MODE seq=39 mode=0 combat=0 pending=1
2026.09.26-04.48.59 HUD seq=39 phase=ACTION_MANEUVER turn=opp hand=7 oppHand=7(hidden) oppDeck=19~ deck=18~ discard=5
2026.09.26-04.48.59 FIGHTERS synced n=6 alive=6 own=4 enemy=2
2026.09.26-04.48.59 WS seq=39 phase=ACTION_MANEUVER (apply)
2026.09.26-04.48.59 SNAPSHOT applied seq=40 phase=ACTION_MANEUVER
2026.09.26-04.48.59 HANDLE_APPLIED #60 seq=40 decision=2 fightersValid=1 boardValid=1
2026.09.26-04.48.59 MODE seq=40 mode=0 combat=0 pending=1
2026.09.26-04.48.59 HUD seq=40 phase=ACTION_MANEUVER turn=opp hand=7 oppHand=7(hidden) oppDeck=19~ deck=18~ discard=5
2026.09.26-04.48.59 FIGHTERS synced n=6 alive=6 own=4 enemy=2
2026.09.26-04.48.59 WS seq=40 phase=ACTION_MANEUVER (apply)
2026.09.26-04.48.59 SNAPSHOT applied seq=41 phase=ACTION_MANEUVER
2026.09.26-04.48.59 HANDLE_APPLIED #61 seq=41 decision=2 fightersValid=1 boardValid=1
2026.09.26-04.48.59 MODE seq=41 mode=0 combat=0 pending=1
2026.09.26-04.48.59 HUD seq=41 phase=ACTION_MANEUVER turn=opp hand=7 oppHand=7(hidden) oppDeck=19~ deck=18~ discard=5
2026.09.26-04.48.59 FIGHTERS synced n=6 alive=6 own=4 enemy=2
2026.09.26-04.48.59 WS seq=41 phase=ACTION_MANEUVER (apply)
2026.09.26-04.48.59 SNAPSHOT applied seq=42 phase=ACTION_MANEUVER
2026.09.26-04.48.59 HANDLE_APPLIED #62 seq=42 decision=2 fightersValid=1 boardValid=1
2026.09.26-04.48.59 MODE seq=42 mode=0 combat=0 pending=1
2026.09.26-04.48.59 HUD seq=42 phase=ACTION_MANEUVER turn=opp hand=7 oppHand=7(hidden) oppDeck=19~ deck=18~ discard=5
2026.09.26-04.48.59 FIGHTERS synced n=6 alive=6 own=4 enemy=2
2026.09.26-04.48.59 WS seq=42 phase=ACTION_MANEUVER (apply)
2026.09.26-04.48.59 SNAPSHOT applied seq=43 phase=ACTION_MANEUVER
2026.09.26-04.48.59 HANDLE_APPLIED #63 seq=43 decision=2 fightersValid=1 boardValid=1
2026.09.26-04.48.59 closed mode=
2026.09.26-04.48.59 MODE seq=43 mode=6 combat=0 pending=1
2026.09.26-04.48.59 HUD seq=43 phase=ACTION_MANEUVER turn=you hand=7 oppHand=7(hidden) oppDeck=19~ deck=18~ discard=5
2026.09.26-04.48.59 FIGHTERS synced n=6 alive=6 own=4 enemy=2
2026.09.26-04.48.59 WS seq=43 phase=ACTION_MANEUVER (apply)
2026.09.26-04.48.59 S09AUTO drive mode=6 plan=[attack+scheme] phase=ACTION_MANEUVER turn=cmuhntivg0000wib0anhqyswc
2026.09.26-04.48.59 S09AUTO own turn #4 (turnCount=9)
2026.09.26-04.48.59 S09AUTO pending picked (type=TARGET_FIGHTER)
2026.09.26-04.48.59 PEND-RESOLVE sent type=TARGET_FIGHTER
2026.09.26-04.48.59 SNAPSHOT applied seq=44 phase=ACTION_MANEUVER
2026.09.26-04.48.59 HANDLE_APPLIED #64 seq=44 decision=2 fightersValid=1 boardValid=1
2026.09.26-04.48.59 closed mode=
2026.09.26-04.48.59 MODE seq=44 mode=0 combat=0 pending=0
2026.09.26-04.48.59 HUD seq=44 phase=ACTION_MANEUVER turn=you hand=7 oppHand=7(hidden) oppDeck=19~ deck=18~ discard=5
2026.09.26-04.48.59 FIGHTERS synced n=6 alive=6 own=4 enemy=2
2026.09.26-04.48.59 CUE damage f-1-hero -1 seq=44
2026.09.26-04.48.59 WS seq=44 phase=ACTION_MANEUVER (apply)
2026.09.26-04.48.59 SNAPSHOT applied seq=44 phase=ACTION_MANEUVER
2026.09.26-04.48.59 HANDLE_APPLIED #65 seq=44 decision=1 fightersValid=1 boardValid=1
2026.09.26-04.48.59 MODE seq=44 mode=0 combat=0 pending=0
2026.09.26-04.48.59 HUD seq=44 phase=ACTION_MANEUVER turn=you hand=7 oppHand=7(hidden) oppDeck=18 deck=18 discard=5
2026.09.26-04.48.59 FIGHTERS synced n=6 alive=6 own=4 enemy=2
2026.09.26-04.48.59 PEND resolve done seq=44 (merge) phase=ACTION_MANEUVER
2026.09.26-04.48.59 S09AUTO drive mode=0 plan=[attack+scheme] phase=ACTION_MANEUVER turn=cmuhntivg0000wib0anhqyswc
2026.09.26-04.48.59 S09AUTO attack deferred - no may-boost card in hand (turn#4 elapsed=38s)
2026.09.26-04.48.59 SNAPSHOT applied seq=45 phase=ACTION_MANEUVER
2026.09.26-04.48.59 HANDLE_APPLIED #66 seq=45 decision=2 fightersValid=1 boardValid=1
2026.09.26-04.48.59 MANEUVER-DRAFT mode=maneuver:9:44
2026.09.26-04.48.59 DRAFT-OPEN draw committed (resume instead of begin)
2026.09.26-04.48.59 MODE seq=45 mode=1 combat=0 pending=0
2026.09.26-04.48.59 HUD seq=45 phase=ACTION_MANEUVER turn=you hand=8 oppHand=7(hidden) oppDeck=18~ deck=18~ discard=5
2026.09.26-04.48.59 FIGHTERS synced n=6 alive=6 own=4 enemy=2
2026.09.26-04.48.59 WS seq=45 phase=ACTION_MANEUVER (apply)
2026.09.26-04.48.59 SNAPSHOT applied seq=45 phase=ACTION_MANEUVER
2026.09.26-04.48.59 HANDLE_APPLIED #67 seq=45 decision=1 fightersValid=1 boardValid=1
2026.09.26-04.48.59 MODE seq=45 mode=1 combat=0 pending=0
2026.09.26-04.48.59 HUD seq=45 phase=ACTION_MANEUVER turn=you hand=8 oppHand=7(hidden) oppDeck=18 deck=17 discard=5
2026.09.26-04.48.59 FIGHTERS synced n=6 alive=6 own=4 enemy=2
2026.09.26-04.48.59 MANEUVER begin seq=45 (merge) pending=maneuver:9:44
2026.09.26-04.48.59 S09AUTO drive mode=1 plan=[attack+scheme] phase=ACTION_MANEUVER turn=cmuhntivg0000wib0anhqyswc
2026.09.26-04.48.59 MANEUVER-CONFIRM moves=1 boost=none
2026.09.26-04.48.59 SNAPSHOT applied seq=46 phase=ACTION_MANEUVER
2026.09.26-04.48.59 HANDLE_APPLIED #68 seq=46 decision=2 fightersValid=1 boardValid=1
2026.09.26-04.48.59 closed mode=
2026.09.26-04.48.59 MODE seq=46 mode=0 combat=0 pending=0
2026.09.26-04.48.59 HUD seq=46 phase=ACTION_MANEUVER turn=you hand=8 oppHand=7(hidden) oppDeck=18~ deck=17~ discard=5
2026.09.26-04.48.59 FIGHTERS synced n=6 alive=6 own=4 enemy=2
2026.09.26-04.48.59 CUE move f-0-hero (3,4)->(2,4) seq=46
2026.09.26-04.48.59 WS seq=46 phase=ACTION_MANEUVER (apply)
2026.09.26-04.48.59 SNAPSHOT applied seq=46 phase=ACTION_MANEUVER
2026.09.26-04.48.59 HANDLE_APPLIED #69 seq=46 decision=1 fightersValid=1 boardValid=1
2026.09.26-04.48.59 MODE seq=46 mode=0 combat=0 pending=0
2026.09.26-04.48.59 HUD seq=46 phase=ACTION_MANEUVER turn=you hand=8 oppHand=7(hidden) oppDeck=18 deck=17 discard=5
2026.09.26-04.48.59 FIGHTERS synced n=6 alive=6 own=4 enemy=2
2026.09.26-04.48.59 MANEUVER done seq=46 (merge) fighters=6 boost=no
2026.09.26-04.49.00 S09AUTO drive mode=0 plan=[attack+scheme] phase=ACTION_MANEUVER turn=cmuhntivg0000wib0anhqyswc
2026.09.26-04.49.00 S09AUTO attack deferred - no may-boost card in hand (turn#4 elapsed=39s)
2026.09.26-04.49.00 SNAPSHOT applied seq=47 phase=ACTION_MANEUVER
2026.09.26-04.49.00 HANDLE_APPLIED #70 seq=47 decision=2 fightersValid=1 boardValid=1
2026.09.26-04.49.00 MANEUVER-DRAFT mode=maneuver:9:46
2026.09.26-04.49.00 DRAFT-OPEN draw committed (resume instead of begin)
2026.09.26-04.49.00 MODE seq=47 mode=1 combat=0 pending=0
2026.09.26-04.49.00 HUD seq=47 phase=ACTION_MANEUVER turn=you hand=9 oppHand=7(hidden) oppDeck=18~ deck=17~ discard=5
2026.09.26-04.49.00 FIGHTERS synced n=6 alive=6 own=4 enemy=2
2026.09.26-04.49.00 WS seq=47 phase=ACTION_MANEUVER (apply)
2026.09.26-04.49.00 SNAPSHOT applied seq=47 phase=ACTION_MANEUVER
2026.09.26-04.49.00 HANDLE_APPLIED #71 seq=47 decision=1 fightersValid=1 boardValid=1
2026.09.26-04.49.00 MODE seq=47 mode=1 combat=0 pending=0
2026.09.26-04.49.00 HUD seq=47 phase=ACTION_MANEUVER turn=you hand=9 oppHand=7(hidden) oppDeck=18 deck=16 discard=5
2026.09.26-04.49.00 FIGHTERS synced n=6 alive=6 own=4 enemy=2
2026.09.26-04.49.00 MANEUVER begin seq=47 (merge) pending=maneuver:9:46
2026.09.26-04.49.00 S09AUTO drive mode=1 plan=[attack+scheme] phase=ACTION_MANEUVER turn=cmuhntivg0000wib0anhqyswc
2026.09.26-04.49.00 MANEUVER-CONFIRM moves=1 boost=none
2026.09.26-04.49.01 SNAPSHOT applied seq=48 phase=TURN_END
2026.09.26-04.49.01 HANDLE_APPLIED #72 seq=48 decision=2 fightersValid=1 boardValid=1
2026.09.26-04.49.01 DISCARD-DRAFT count=2 pending=discard:9:48
2026.09.26-04.49.01 MODE seq=48 mode=2 combat=0 pending=0
2026.09.26-04.49.01 HUD seq=48 phase=TURN_END turn=you hand=9 oppHand=7(hidden) oppDeck=18~ deck=16~ discard=5 pendingDiscard=2
2026.09.26-04.49.01 FIGHTERS synced n=6 alive=6 own=4 enemy=2
2026.09.26-04.49.01 CUE move f-0-hero (2,4)->(3,4) seq=48
2026.09.26-04.49.01 WS seq=48 phase=TURN_END (apply)
2026.09.26-04.49.01 SNAPSHOT applied seq=48 phase=TURN_END
2026.09.26-04.49.01 HANDLE_APPLIED #73 seq=48 decision=1 fightersValid=1 boardValid=1
2026.09.26-04.49.01 MODE seq=48 mode=2 combat=0 pending=0
2026.09.26-04.49.01 HUD seq=48 phase=TURN_END turn=you hand=9 oppHand=7(hidden) oppDeck=18 deck=16 discard=5 pendingDiscard=2
2026.09.26-04.49.01 FIGHTERS synced n=6 alive=6 own=4 enemy=2
2026.09.26-04.49.01 MANEUVER done seq=48 (merge) fighters=6 boost=no
2026.09.26-04.49.02 S09AUTO drive mode=2 plan=[attack+scheme] phase=TURN_END turn=cmuhntivg0000wib0anhqyswc
2026.09.26-04.49.02 S09AUTO discard picks=2
2026.09.26-04.49.02 DISCARD-CONFIRM pending=discard:9:48 count=2 ids=cmuhgvgkl00t0wi9g1inbvf80::0,cmuhgvgkj00suwi9g4v5uc11k::2
2026.09.26-04.49.02 SNAPSHOT applied seq=49 phase=ACTION_MANEUVER
2026.09.26-04.49.02 HANDLE_APPLIED #74 seq=49 decision=2 fightersValid=1 boardValid=1
2026.09.26-04.49.02 closed mode=
2026.09.26-04.49.02 MODE seq=49 mode=0 combat=0 pending=0
2026.09.26-04.49.02 HUD seq=49 phase=ACTION_MANEUVER turn=opp hand=7 oppHand=7(hidden) oppDeck=18~ deck=16~ discard=7
2026.09.26-04.49.02 FIGHTERS synced n=6 alive=6 own=4 enemy=2
2026.09.26-04.49.02 WS seq=49 phase=ACTION_MANEUVER (apply)
2026.09.26-04.49.02 SNAPSHOT applied seq=49 phase=ACTION_MANEUVER
2026.09.26-04.49.02 HANDLE_APPLIED #75 seq=49 decision=1 fightersValid=1 boardValid=1
2026.09.26-04.49.02 MODE seq=49 mode=0 combat=0 pending=0
2026.09.26-04.49.02 HUD seq=49 phase=ACTION_MANEUVER turn=opp hand=7 oppHand=7(hidden) oppDeck=18 deck=16 discard=7
2026.09.26-04.49.02 FIGHTERS synced n=6 alive=6 own=4 enemy=2
2026.09.26-04.49.02 DISCARD done seq=49 phase=ACTION_MANEUVER count=2
2026.09.26-04.49.02 SNAPSHOT applied seq=50 phase=ACTION_MANEUVER
2026.09.26-04.49.02 HANDLE_APPLIED #76 seq=50 decision=2 fightersValid=1 boardValid=1
2026.09.26-04.49.02 MODE seq=50 mode=0 combat=0 pending=0
2026.09.26-04.49.02 HUD seq=50 phase=ACTION_MANEUVER turn=opp hand=7 oppHand=8(hidden) oppDeck=18~ deck=16~ discard=7
2026.09.26-04.49.02 FIGHTERS synced n=6 alive=6 own=4 enemy=2
2026.09.26-04.49.02 WS seq=50 phase=ACTION_MANEUVER (apply)
2026.09.26-04.49.02 SNAPSHOT applied seq=51 phase=ACTION_MANEUVER
2026.09.26-04.49.02 HANDLE_APPLIED #77 seq=51 decision=2 fightersValid=1 boardValid=1
2026.09.26-04.49.02 MODE seq=51 mode=0 combat=0 pending=0
2026.09.26-04.49.02 HUD seq=51 phase=ACTION_MANEUVER turn=opp hand=7 oppHand=8(hidden) oppDeck=18~ deck=16~ discard=7
2026.09.26-04.49.02 FIGHTERS synced n=6 alive=6 own=4 enemy=2
2026.09.26-04.49.02 CUE move f-1-hero (2,3)->(3,3) seq=51
2026.09.26-04.49.02 WS seq=51 phase=ACTION_MANEUVER (apply)
2026.09.26-04.49.03 S09AUTO drive mode=0 plan=[attack+scheme] phase=ACTION_MANEUVER turn=cmuhntiwu0001wib0z281rpa8
2026.09.26-04.49.03 SNAPSHOT applied seq=52 phase=ACTION_MANEUVER
2026.09.26-04.49.03 HANDLE_APPLIED #78 seq=52 decision=2 fightersValid=1 boardValid=1
2026.09.26-04.49.03 MODE seq=52 mode=0 combat=0 pending=0
2026.09.26-04.49.03 HUD seq=52 phase=ACTION_MANEUVER turn=opp hand=7 oppHand=9(hidden) oppDeck=18~ deck=16~ discard=7
2026.09.26-04.49.03 FIGHTERS synced n=6 alive=6 own=4 enemy=2
2026.09.26-04.49.03 WS seq=52 phase=ACTION_MANEUVER (apply)
2026.09.26-04.49.03 SNAPSHOT applied seq=53 phase=TURN_END
2026.09.26-04.49.03 HANDLE_APPLIED #79 seq=53 decision=2 fightersValid=1 boardValid=1
2026.09.26-04.49.03 MODE seq=53 mode=0 combat=0 pending=0
2026.09.26-04.49.03 HUD seq=53 phase=TURN_END turn=opp hand=7 oppHand=9(hidden) oppDeck=18~ deck=16~ discard=7 pendingDiscard=2
2026.09.26-04.49.03 FIGHTERS synced n=6 alive=6 own=4 enemy=2
2026.09.26-04.49.03 CUE move f-1-hero (3,3)->(2,3) seq=53
2026.09.26-04.49.03 WS seq=53 phase=TURN_END (apply)
2026.09.26-04.49.04 SNAPSHOT applied seq=54 phase=ACTION_MANEUVER
2026.09.26-04.49.04 HANDLE_APPLIED #80 seq=54 decision=2 fightersValid=1 boardValid=1
2026.09.26-04.49.04 closed mode=
2026.09.26-04.49.04 MODE seq=54 mode=6 combat=0 pending=1
2026.09.26-04.49.04 HUD seq=54 phase=ACTION_MANEUVER turn=you hand=7 oppHand=7(hidden) oppDeck=18~ deck=16~ discard=7
2026.09.26-04.49.04 FIGHTERS synced n=6 alive=6 own=4 enemy=2
2026.09.26-04.49.04 WS seq=54 phase=ACTION_MANEUVER (apply)
2026.09.26-04.49.04 S09AUTO drive mode=6 plan=[attack+scheme] phase=ACTION_MANEUVER turn=cmuhntivg0000wib0anhqyswc
2026.09.26-04.49.04 S09AUTO own turn #5 (turnCount=11)
2026.09.26-04.49.04 S09AUTO pending picked (type=TARGET_FIGHTER)
2026.09.26-04.49.04 PEND-RESOLVE sent type=TARGET_FIGHTER
2026.09.26-04.49.04 SNAPSHOT applied seq=55 phase=ACTION_MANEUVER
2026.09.26-04.49.04 HANDLE_APPLIED #81 seq=55 decision=2 fightersValid=1 boardValid=1
2026.09.26-04.49.04 closed mode=
2026.09.26-04.49.04 MODE seq=55 mode=0 combat=0 pending=0
2026.09.26-04.49.04 HUD seq=55 phase=ACTION_MANEUVER turn=you hand=7 oppHand=7(hidden) oppDeck=16 deck=16 discard=7
2026.09.26-04.49.04 FIGHTERS synced n=6 alive=6 own=4 enemy=2
2026.09.26-04.49.04 CUE damage f-1-hero -1 seq=55
2026.09.26-04.49.04 PEND resolve done seq=55 (apply) phase=ACTION_MANEUVER
2026.09.26-04.49.04 SNAPSHOT applied seq=55 phase=ACTION_MANEUVER
2026.09.26-04.49.04 HANDLE_APPLIED #82 seq=55 decision=1 fightersValid=1 boardValid=1
2026.09.26-04.49.04 MODE seq=55 mode=0 combat=0 pending=0
2026.09.26-04.49.04 HUD seq=55 phase=ACTION_MANEUVER turn=you hand=7 oppHand=7(hidden) oppDeck=16 deck=16 discard=7
2026.09.26-04.49.04 FIGHTERS synced n=6 alive=6 own=4 enemy=2
2026.09.26-04.49.04 WS seq=55 phase=ACTION_MANEUVER (merge)
2026.09.26-04.49.04 S09AUTO drive mode=0 plan=[attack+scheme] phase=ACTION_MANEUVER turn=cmuhntivg0000wib0anhqyswc
2026.09.26-04.49.04 S09AUTO attack deferred - no may-boost card in hand (turn#5 elapsed=43s)
2026.09.26-04.49.04 S09AUTO scheme
2026.09.26-04.49.04 SNAPSHOT applied seq=56 phase=ACTION_MANEUVER
2026.09.26-04.49.04 HANDLE_APPLIED #83 seq=56 decision=2 fightersValid=1 boardValid=1
2026.09.26-04.49.04 closed mode=
2026.09.26-04.49.04 MODE seq=56 mode=6 combat=0 pending=1
2026.09.26-04.49.04 HUD seq=56 phase=ACTION_MANEUVER turn=you hand=6 oppHand=7(hidden) oppDeck=16~ deck=16~ discard=8
2026.09.26-04.49.04 FIGHTERS synced n=6 alive=6 own=4 enemy=2
2026.09.26-04.49.04 WS seq=56 phase=ACTION_MANEUVER (apply)
2026.09.26-04.49.04 SNAPSHOT applied seq=56 phase=ACTION_MANEUVER
2026.09.26-04.49.04 HANDLE_APPLIED #84 seq=56 decision=1 fightersValid=1 boardValid=1
2026.09.26-04.49.04 MODE seq=56 mode=6 combat=0 pending=1
2026.09.26-04.49.04 HUD seq=56 phase=ACTION_MANEUVER turn=you hand=6 oppHand=7(hidden) oppDeck=16 deck=16 discard=8
2026.09.26-04.49.04 FIGHTERS synced n=6 alive=6 own=4 enemy=2
2026.09.26-04.49.04 SCHEME done seq=56 (merge) phase=ACTION_MANEUVER
2026.09.26-04.49.06 S09AUTO drive mode=6 plan=[attack+scheme] phase=ACTION_MANEUVER turn=cmuhntivg0000wib0anhqyswc
2026.09.26-04.49.06 S09AUTO pending picked (type=MOVE)
2026.09.26-04.49.06 PEND-RESOLVE sent type=MOVE
2026.09.26-04.49.06 SNAPSHOT applied seq=57 phase=ACTION_MANEUVER
2026.09.26-04.49.06 HANDLE_APPLIED #85 seq=57 decision=2 fightersValid=1 boardValid=1
2026.09.26-04.49.06 MODE seq=57 mode=6 combat=0 pending=1
2026.09.26-04.49.06 HUD seq=57 phase=ACTION_MANEUVER turn=you hand=6 oppHand=7(hidden) oppDeck=16~ deck=16~ discard=8
2026.09.26-04.49.06 FIGHTERS synced n=6 alive=6 own=4 enemy=2
2026.09.26-04.49.06 WS seq=57 phase=ACTION_MANEUVER (apply)
2026.09.26-04.49.06 SNAPSHOT applied seq=57 phase=ACTION_MANEUVER
2026.09.26-04.49.06 HANDLE_APPLIED #86 seq=57 decision=1 fightersValid=1 boardValid=1
2026.09.26-04.49.06 MODE seq=57 mode=6 combat=0 pending=1
2026.09.26-04.49.06 HUD seq=57 phase=ACTION_MANEUVER turn=you hand=6 oppHand=7(hidden) oppDeck=16 deck=16 discard=8
2026.09.26-04.49.06 FIGHTERS synced n=6 alive=6 own=4 enemy=2
2026.09.26-04.49.06 PEND resolve done seq=57 (merge) phase=ACTION_MANEUVER
2026.09.26-04.49.06 S09AUTO pending picked (type=MOVE)
2026.09.26-04.49.06 PEND-RESOLVE sent type=MOVE
2026.09.26-04.49.06 SNAPSHOT applied seq=58 phase=ACTION_MANEUVER
2026.09.26-04.49.06 HANDLE_APPLIED #87 seq=58 decision=2 fightersValid=1 boardValid=1
2026.09.26-04.49.06 MODE seq=58 mode=6 combat=0 pending=1
2026.09.26-04.49.06 HUD seq=58 phase=ACTION_MANEUVER turn=you hand=6 oppHand=7(hidden) oppDeck=16~ deck=16~ discard=8
2026.09.26-04.49.06 FIGHTERS synced n=6 alive=6 own=4 enemy=2
2026.09.26-04.49.06 WS seq=58 phase=ACTION_MANEUVER (apply)
2026.09.26-04.49.06 SNAPSHOT applied seq=58 phase=ACTION_MANEUVER
2026.09.26-04.49.06 HANDLE_APPLIED #88 seq=58 decision=1 fightersValid=1 boardValid=1
2026.09.26-04.49.06 MODE seq=58 mode=6 combat=0 pending=1
2026.09.26-04.49.06 HUD seq=58 phase=ACTION_MANEUVER turn=you hand=6 oppHand=7(hidden) oppDeck=16 deck=16 discard=8
2026.09.26-04.49.06 FIGHTERS synced n=6 alive=6 own=4 enemy=2
2026.09.26-04.49.06 PEND resolve done seq=58 (merge) phase=ACTION_MANEUVER
2026.09.26-04.49.06 S09AUTO pending picked (type=MOVE)
2026.09.26-04.49.06 PEND-RESOLVE sent type=MOVE
2026.09.26-04.49.06 SNAPSHOT applied seq=59 phase=ACTION_MANEUVER
2026.09.26-04.49.06 HANDLE_APPLIED #89 seq=59 decision=2 fightersValid=1 boardValid=1
2026.09.26-04.49.06 MODE seq=59 mode=6 combat=0 pending=1
2026.09.26-04.49.06 HUD seq=59 phase=ACTION_MANEUVER turn=you hand=6 oppHand=7(hidden) oppDeck=16~ deck=16~ discard=8
2026.09.26-04.49.06 FIGHTERS synced n=6 alive=6 own=4 enemy=2
2026.09.26-04.49.06 WS seq=59 phase=ACTION_MANEUVER (apply)
2026.09.26-04.49.06 SNAPSHOT applied seq=59 phase=ACTION_MANEUVER
2026.09.26-04.49.06 HANDLE_APPLIED #90 seq=59 decision=1 fightersValid=1 boardValid=1
2026.09.26-04.49.06 MODE seq=59 mode=6 combat=0 pending=1
2026.09.26-04.49.06 HUD seq=59 phase=ACTION_MANEUVER turn=you hand=6 oppHand=7(hidden) oppDeck=16 deck=16 discard=8
2026.09.26-04.49.06 FIGHTERS synced n=6 alive=6 own=4 enemy=2
2026.09.26-04.49.06 PEND resolve done seq=59 (merge) phase=ACTION_MANEUVER
2026.09.26-04.49.06 S09AUTO pending picked (type=MOVE)
2026.09.26-04.49.06 PEND-RESOLVE sent type=MOVE
2026.09.26-04.49.06 SNAPSHOT applied seq=60 phase=ACTION_MANEUVER
2026.09.26-04.49.06 HANDLE_APPLIED #91 seq=60 decision=2 fightersValid=1 boardValid=1
2026.09.26-04.49.06 closed mode=
2026.09.26-04.49.06 MODE seq=60 mode=0 combat=0 pending=0
2026.09.26-04.49.06 HUD seq=60 phase=ACTION_MANEUVER turn=you hand=6 oppHand=7(hidden) oppDeck=16~ deck=16~ discard=8
2026.09.26-04.49.06 FIGHTERS synced n=6 alive=6 own=4 enemy=2
2026.09.26-04.49.06 WS seq=60 phase=ACTION_MANEUVER (apply)
2026.09.26-04.49.06 SNAPSHOT applied seq=60 phase=ACTION_MANEUVER
2026.09.26-04.49.06 HANDLE_APPLIED #92 seq=60 decision=1 fightersValid=1 boardValid=1
2026.09.26-04.49.06 MODE seq=60 mode=0 combat=0 pending=0
2026.09.26-04.49.06 HUD seq=60 phase=ACTION_MANEUVER turn=you hand=6 oppHand=7(hidden) oppDeck=16 deck=16 discard=8
2026.09.26-04.49.06 FIGHTERS synced n=6 alive=6 own=4 enemy=2
2026.09.26-04.49.06 PEND resolve done seq=60 (merge) phase=ACTION_MANEUVER
2026.09.26-04.49.06 S09AUTO drive mode=0 plan=[attack+scheme] phase=ACTION_MANEUVER turn=cmuhntivg0000wib0anhqyswc
2026.09.26-04.49.06 S09AUTO attack deferred - no may-boost card in hand (turn#5 elapsed=45s)
2026.09.26-04.49.06 SNAPSHOT applied seq=61 phase=ACTION_MANEUVER
2026.09.26-04.49.06 HANDLE_APPLIED #93 seq=61 decision=2 fightersValid=1 boardValid=1
2026.09.26-04.49.06 MANEUVER-DRAFT mode=maneuver:11:60
2026.09.26-04.49.06 DRAFT-OPEN draw committed (resume instead of begin)
2026.09.26-04.49.06 MODE seq=61 mode=1 combat=0 pending=0
2026.09.26-04.49.06 HUD seq=61 phase=ACTION_MANEUVER turn=you hand=7 oppHand=7(hidden) oppDeck=16~ deck=16~ discard=8
2026.09.26-04.49.06 FIGHTERS synced n=6 alive=6 own=4 enemy=2
2026.09.26-04.49.06 WS seq=61 phase=ACTION_MANEUVER (apply)
2026.09.26-04.49.06 SNAPSHOT applied seq=61 phase=ACTION_MANEUVER
2026.09.26-04.49.06 HANDLE_APPLIED #94 seq=61 decision=1 fightersValid=1 boardValid=1
2026.09.26-04.49.06 MODE seq=61 mode=1 combat=0 pending=0
2026.09.26-04.49.06 HUD seq=61 phase=ACTION_MANEUVER turn=you hand=7 oppHand=7(hidden) oppDeck=16 deck=15 discard=8
2026.09.26-04.49.06 FIGHTERS synced n=6 alive=6 own=4 enemy=2
2026.09.26-04.49.06 MANEUVER begin seq=61 (merge) pending=maneuver:11:60
2026.09.26-04.49.06 S09AUTO drive mode=1 plan=[attack+scheme] phase=ACTION_MANEUVER turn=cmuhntivg0000wib0anhqyswc
2026.09.26-04.49.06 MANEUVER-CONFIRM moves=1 boost=none
2026.09.26-04.49.06 SNAPSHOT applied seq=62 phase=ACTION_MANEUVER
2026.09.26-04.49.06 HANDLE_APPLIED #95 seq=62 decision=2 fightersValid=1 boardValid=1
2026.09.26-04.49.06 closed mode=
2026.09.26-04.49.06 MODE seq=62 mode=0 combat=0 pending=0
2026.09.26-04.49.06 HUD seq=62 phase=ACTION_MANEUVER turn=opp hand=7 oppHand=7(hidden) oppDeck=16~ deck=15~ discard=8
2026.09.26-04.49.06 FIGHTERS synced n=6 alive=6 own=4 enemy=2
2026.09.26-04.49.06 CUE move f-0-hero (3,4)->(2,4) seq=62
2026.09.26-04.49.06 WS seq=62 phase=ACTION_MANEUVER (apply)
2026.09.26-04.49.06 SNAPSHOT applied seq=62 phase=ACTION_MANEUVER
2026.09.26-04.49.06 HANDLE_APPLIED #96 seq=62 decision=1 fightersValid=1 boardValid=1
2026.09.26-04.49.06 MODE seq=62 mode=0 combat=0 pending=0
2026.09.26-04.49.06 HUD seq=62 phase=ACTION_MANEUVER turn=opp hand=7 oppHand=7(hidden) oppDeck=16 deck=15 discard=8
2026.09.26-04.49.06 FIGHTERS synced n=6 alive=6 own=4 enemy=2
2026.09.26-04.49.06 MANEUVER done seq=62 (merge) fighters=6 boost=no
2026.09.26-04.49.06 SNAPSHOT applied seq=63 phase=ACTION_MANEUVER
2026.09.26-04.49.06 HANDLE_APPLIED #97 seq=63 decision=2 fightersValid=1 boardValid=1
2026.09.26-04.49.06 MODE seq=63 mode=0 combat=0 pending=0
2026.09.26-04.49.06 HUD seq=63 phase=ACTION_MANEUVER turn=opp hand=7 oppHand=8(hidden) oppDeck=16~ deck=15~ discard=8
2026.09.26-04.49.06 FIGHTERS synced n=6 alive=6 own=4 enemy=2
2026.09.26-04.49.06 WS seq=63 phase=ACTION_MANEUVER (apply)
2026.09.26-04.49.06 SNAPSHOT applied seq=64 phase=ACTION_MANEUVER
2026.09.26-04.49.06 HANDLE_APPLIED #98 seq=64 decision=2 fightersValid=1 boardValid=1
2026.09.26-04.49.06 MODE seq=64 mode=0 combat=0 pending=0
2026.09.26-04.49.06 HUD seq=64 phase=ACTION_MANEUVER turn=opp hand=7 oppHand=8(hidden) oppDeck=16~ deck=15~ discard=8
2026.09.26-04.49.06 FIGHTERS synced n=6 alive=6 own=4 enemy=2
2026.09.26-04.49.06 CUE move f-1-hero (2,3)->(3,3) seq=64
2026.09.26-04.49.06 WS seq=64 phase=ACTION_MANEUVER (apply)
2026.09.26-04.49.07 S09AUTO drive mode=0 plan=[attack+scheme] phase=ACTION_MANEUVER turn=cmuhntiwu0001wib0z281rpa8
2026.09.26-04.49.07 SNAPSHOT applied seq=65 phase=ACTION_MANEUVER
2026.09.26-04.49.07 HANDLE_APPLIED #99 seq=65 decision=2 fightersValid=1 boardValid=1
2026.09.26-04.49.07 MODE seq=65 mode=0 combat=0 pending=1
2026.09.26-04.49.07 HUD seq=65 phase=ACTION_MANEUVER turn=opp hand=7 oppHand=7(hidden) oppDeck=16~ deck=15~ discard=8
2026.09.26-04.49.07 FIGHTERS synced n=6 alive=6 own=4 enemy=2
2026.09.26-04.49.07 WS seq=65 phase=ACTION_MANEUVER (apply)
2026.09.26-04.53.21 --- S08 trace close ---
