2026.09.29-05.12.26 --- S08 trace open 2026.09.29-05.12.26 ---
2026.09.29-05.12.26 HUD icon texture size=32 ready=1 path=/Game/ArtTests/ARTMarkers/Textures/T_UI_Action_Attack_32 texture=32x32 probe=0 plate=1
2026.09.29-05.12.26 HUD art widget plate impl=umg source=/Game/S08/UI/ArtHud/WBP_S08ArtPlate class=/Game/S08/UI/ArtHud/WBP_S08ArtPlate.WBP_S08ArtPlate_C parts=1 missing=- codeDefaultTree=0
2026.09.29-05.12.26 HUD art widget icon impl=umg source=/Game/S08/UI/ArtHud/WBP_S08ArtIcon class=/Game/S08/UI/ArtHud/WBP_S08ArtIcon.WBP_S08ArtIcon_C parts=1 missing=- codeDefaultTree=0
2026.09.29-05.12.26 RENDER preset applied=High flag=S08RenderPreset
2026.09.29-05.12.26 LOGIN ok user=art-preview-joiner
2026.09.29-05.12.29 HEROES loaded 84
2026.09.29-05.12.29 CODE resolved -> cmum7zb3800p9wilkpb2gl6xn
2026.09.29-05.12.29 joinGame -> room=cmum7zb3800p9wilkpb2gl6xn code=<redacted> status=LOBBY
2026.09.29-05.12.31 PERF config tMaxFPS=30.0 frameRateLimit=60.0 vsync=0 smoothFrameRate=0 fixedFrameRate=0 rhi=D3D12
2026.09.29-05.12.31 RENDER tag=PERF rhi=D3D12 featureLevel=SM6 shaderPlatform=PCD3D_SM6 lumenPlatform=1 gi=lumen giMethod=1 refl=lumen reflMethod=1 shadows=csm vsmEnable=0 sg.res=100 sg.view=2 sg.aa=2 sg.shadow=2 sg.gi=2 sg.refl=2 sg.pp=2 sg.tex=2 sg.fx=2 sg.foliage=2 sg.shading=2 sg.landscape=2 preset=High screenPct=100.0 screenPctMode=0 aa=TSR aaMethod=4 exposure=engine-default expMin=1.00000 expMax=1.00000 expBias=1.000 ev100=0.00 lightUnits=- sky=0 skyIntensity=0.000 keyShadow=- shadowCasters=0 profile=- profilesSha256=- profilesSource=- legacyRender=0 gameLayer=unlit-eyeadaptinv tMaxFPS=30.0 vsync=0 frameRateLimit=60.0 substrate=0 nanite=1 meshDF=1 viewport=1920x1080 reference=0 notReference=noArtProfile,exposure,lightUnits,profilesSource
2026.09.29-05.12.31 PERF window t=0.0-5.0 frames=150 fps=29.73 frameMs avg=33.64 p50=33.33 p95=34.10 p99=41.75 max=48.38 hitches50=0 gpuMs avg=1.32 p50=1.29 p95=1.47 gameMs avg=2.63 p95=3.79 renderMs avg=2870.30 p95=5.73
2026.09.29-05.12.32 game -> room=cmum7zb3800p9wilkpb2gl6xn code=<redacted> status=LOBBY
2026.09.29-05.12.32 selectHero -> room=cmum7zb3800p9wilkpb2gl6xn code=<redacted> status=LOBBY
2026.09.29-05.12.35 game -> room=cmum7zb3800p9wilkpb2gl6xn code=<redacted> status=LOBBY
2026.09.29-05.12.35 toggleReady -> room=cmum7zb3800p9wilkpb2gl6xn code=<redacted> status=LOBBY
2026.09.29-05.12.36 PERF window t=5.0-10.1 frames=147 fps=29.34 frameMs avg=34.08 p50=33.34 p95=37.82 p99=47.11 max=50.23 hitches50=1 gpuMs avg=1.31 p50=1.30 p95=1.44 gameMs avg=2.42 p95=4.26 renderMs avg=4.36 p95=5.99
2026.09.29-05.12.38 game -> room=cmum7zb3800p9wilkpb2gl6xn code=<redacted> status=LOBBY
2026.09.29-05.12.41 PERF window t=10.1-15.1 frames=147 fps=29.34 frameMs avg=34.09 p50=33.33 p95=37.39 p99=46.58 max=48.87 hitches50=0 gpuMs avg=1.32 p50=1.31 p95=1.48 gameMs avg=2.19 p95=3.65 renderMs avg=4.45 p95=5.88
2026.09.29-05.12.41 game -> room=cmum7zb3800p9wilkpb2gl6xn code=<redacted> status=IN_PROGRESS
2026.09.29-05.12.41 WS DROPPED (test-initiated transport loss)
2026.09.29-05.12.41 WS closed (test drop) - reconnect in 1s
2026.09.29-05.12.41 SNAPSHOT applied seq=1 phase=ACTION_MANEUVER
2026.09.29-05.12.41 HANDLE_APPLIED #1 seq=1 decision=2 fightersValid=1 boardValid=1
2026.09.29-05.12.41 MODE seq=1 mode=0 combat=0 pending=0
2026.09.29-05.12.41 HUD seq=1 phase=ACTION_MANEUVER turn=opp hand=5 oppHand=5(hidden) oppDeck=25 deck=25 discard=0
2026.09.29-05.12.41 ARTPREVIEW board profiles loaded=1 revision=2 boards=3 zoneStyles=11 lightProfiles=3 errors=0 path=Config/ArtBoards/S08ArtBoardProfiles.json
2026.09.29-05.12.41 ARTPREVIEW board profiles source=pak sha256=91ea86be522212fc770a33e3c9ac66f1cfde90c720c609bdc6bd29589965eaa5
2026.09.29-05.12.41 ARTPREVIEW game layer material=M_S08_GameLayerUnlit unlitEyeAdaptInv=1 legacyRender=0
2026.09.29-05.12.41 ARTPREVIEW Cobble assets ready
2026.09.29-05.12.41 ARTPREVIEW board assets ready cobbleMesh=1 tiles=1 zoneMaterials=2
2026.09.29-05.12.41 ARTPREVIEW medusa candidate variant=face-neck-v2 mesh=SK_Medusa_FaceNeck_v2Candidate requested=face-neck-v2
2026.09.29-05.12.41 ARTPREVIEW board profile=cobble-city match=boardId board=5x6 boardId=cmuhgs4b2001mwik4f2b2xtf8 surface=cobble-5x6-mesh light=cobble-probe artFixture=0
2026.09.29-05.12.41 ARTPREVIEW light profile=cobble-probe name=key role=key kind=directional at=(-350,-150,600) intensity=4.5 units=lux radius=0 color=(1.00,1.00,1.00) shadow=1
2026.09.29-05.12.41 ARTPREVIEW light profile=cobble-probe name=warm role=warm kind=point at=(260,-300,250) intensity=85 units=candelas radius=450 color=(1.00,1.00,1.00) shadow=0
2026.09.29-05.12.41 ARTPREVIEW sky profile=cobble-probe cubemap=/Game/S08/Render/TC_S08_AmbientDome loaded=1 spawned=1 intensity=11.2 color=(1.00,1.00,1.00) lowerBlack=0
2026.09.29-05.12.41 ARTPREVIEW exposure profile=cobble-probe method=histogram-fixed min=2.46229 max=2.46229 bias=0.000 ev100=1.30 volume=1
2026.09.29-05.12.41 ARTPREVIEW lights applied profile=cobble-probe directional=1 shadow=1 points=1 pointShadows=0 budgetOk=1
2026.09.29-05.12.41 ARTPREVIEW render profile=cobble-probe units=candelas sky=1 exposure=1 keyShadow=csm-3000uu-2c-contact0.000 shadowCasters=1 legacyRender=0
2026.09.29-05.12.41 ARTPREVIEW Cobble probe lights key=4.5 fill=0 warm=85
2026.09.29-05.12.41 ARTPREVIEW Cobble active 5x6 zones=30 blue=15 red=15 blueMarks=15 redMarks=45
2026.09.29-05.12.41 ARTPREVIEW board active profile=cobble-city 5x6 surface=cobble-5x6-mesh cells=30 zoneCells=30 multizone=0 triple=0 obstacles=0 zoneKeys=2 strokes=60 glyphs=45 surfaceParts=0 glyphMaterial=zone expectOk=1
2026.09.29-05.12.41 ARTPREVIEW board zone key=blue cells=15 stroke=solid glyph=diamond color=#3B78D8 ismUsage=1 strokePieces=15 glyphPieces=15 fallback=0
2026.09.29-05.12.41 ARTPREVIEW board zone key=red cells=15 stroke=dash3 glyph=bars2 color=#D8453B ismUsage=1 strokePieces=45 glyphPieces=30 fallback=0
2026.09.29-05.12.41 ARTPREVIEW board multizone cells=0 zonesListed=0 zonesMarked=0
2026.09.29-05.12.41 CAMERA dist=1931 loc=(0,1107,1582) pitch=-55 yaw=-90
2026.09.29-05.12.41 CAMERA config overview=1930.8 nearest=300.0 farthest=2970.4 zoomRange=0.65-6.44 minDist=300.0 outRatio=0.650 step=1.250 animMs=200 returnMs=300 followFrom=1.20 source=defaults issues=0
2026.09.29-05.12.41 BOARD 5x6 cells | control points: (0,0)=(-200,-250,0) (4,5)=(200,250,0) | neighbor pair (dist 100 uu)
2026.09.29-05.12.41 ARTPREVIEW click capsule fighter=f-0-hero mesh=SK_Medusa_FaceNeck_v2Candidate physicsAsset=0 radius=12.5 halfHeight=27.5 top=55.0 bodyCollision=0 source=meshBounds
2026.09.29-05.12.41 ARTPREVIEW fighter=Medusa hero=1 eligible=1 visual=1 mesh=SK_Medusa_FaceNeck_v2Candidate
2026.09.29-05.12.41 ARTPREVIEW click capsule fighter=f-0-sk0 mesh=SM_ART003_Harpy physicsAsset=0 radius=20.0 halfHeight=21.0 top=42.0 bodyCollision=0 source=meshBounds
2026.09.29-05.12.41 ARTPREVIEW click capsule fighter=f-0-sk1 mesh=SM_ART003_Harpy physicsAsset=0 radius=20.0 halfHeight=21.0 top=42.0 bodyCollision=0 source=meshBounds
2026.09.29-05.12.41 ARTPREVIEW click capsule fighter=f-0-sk2 mesh=SM_ART003_Harpy physicsAsset=0 radius=20.0 halfHeight=21.0 top=42.0 bodyCollision=0 source=meshBounds
2026.09.29-05.12.41 ARTPREVIEW click capsule fighter=f-1-hero mesh=SM_ART003_Arthur physicsAsset=0 radius=17.8 halfHeight=28.0 top=56.0 bodyCollision=0 source=meshBounds
2026.09.29-05.12.41 ARTPREVIEW click capsule fighter=f-1-sk0 mesh=SM_ART003_Merlin physicsAsset=0 radius=14.7 halfHeight=30.8 top=61.5 bodyCollision=0 source=meshBounds
2026.09.29-05.12.41 FIGHTERS synced n=6 alive=6 own=2 enemy=4
2026.09.29-05.12.41 STATE seq=1 -> apply
2026.09.29-05.12.41 WS closed 1000 (normal closure)
2026.09.29-05.12.41 HUD art layer plate=1 iconSize=32 iconTexture=1 iconProbe=0 plan=0
2026.09.29-05.12.41 HUD art impl=compare plateViews=umg:/Game/S08/UI/ArtHud/WBP_S08ArtPlate,slate(twin):slate iconViews=umg:/Game/S08/UI/ArtHud/WBP_S08ArtIcon,slate(twin):slate textTable=S08ArtHud entries=13 missingKeys=0
2026.09.29-05.12.42 WS reconnect attempt
2026.09.29-05.12.42 SUBSCRIBED gameStateUpdated since=1
2026.09.29-05.12.42 WS reconnected - refetching gameState
2026.09.29-05.12.42 SNAPSHOT applied seq=1 phase=ACTION_MANEUVER
2026.09.29-05.12.42 HANDLE_APPLIED #2 seq=1 decision=1 fightersValid=1 boardValid=1
2026.09.29-05.12.42 MODE seq=1 mode=0 combat=0 pending=0
2026.09.29-05.12.42 HUD seq=1 phase=ACTION_MANEUVER turn=opp hand=5 oppHand=5(hidden) oppDeck=25 deck=25 discard=0
2026.09.29-05.12.42 ARTPREVIEW fighter=Medusa hero=1 eligible=1 visual=1 mesh=SK_Medusa_FaceNeck_v2Candidate
2026.09.29-05.12.42 FIGHTERS synced n=6 alive=6 own=2 enemy=4
2026.09.29-05.12.42 STATE seq=1 -> merge
2026.09.29-05.12.42 SNAPSHOT applied seq=1 phase=ACTION_MANEUVER
2026.09.29-05.12.42 HANDLE_APPLIED #3 seq=1 decision=1 fightersValid=1 boardValid=1
2026.09.29-05.12.42 MODE seq=1 mode=0 combat=0 pending=0
2026.09.29-05.12.42 HUD seq=1 phase=ACTION_MANEUVER turn=opp hand=5 oppHand=5(hidden) oppDeck=25 deck=25 discard=0
2026.09.29-05.12.42 ARTPREVIEW fighter=Medusa hero=1 eligible=1 visual=1 mesh=SK_Medusa_FaceNeck_v2Candidate
2026.09.29-05.12.42 FIGHTERS synced n=6 alive=6 own=2 enemy=4
2026.09.29-05.12.42 WS seq=1 phase=ACTION_MANEUVER (merge)
2026.09.29-05.12.44 game -> room=cmum7zb3800p9wilkpb2gl6xn code=<redacted> status=IN_PROGRESS
2026.09.29-05.12.46 PERF window t=15.1-20.1 frames=145 fps=28.95 frameMs avg=34.54 p50=33.33 p95=40.62 p99=62.92 max=71.18 hitches50=2 gpuMs avg=1.92 p50=1.89 p95=2.21 gameMs avg=2.67 p95=3.74 renderMs avg=6.49 p95=8.06
2026.09.29-05.12.47 game -> room=cmum7zb3800p9wilkpb2gl6xn code=<redacted> status=IN_PROGRESS
2026.09.29-05.12.50 game -> room=cmum7zb3800p9wilkpb2gl6xn code=<redacted> status=IN_PROGRESS
2026.09.29-05.12.51 PERF window t=20.1-25.1 frames=148 fps=29.58 frameMs avg=33.81 p50=33.33 p95=36.90 p99=44.08 max=45.23 hitches50=0 gpuMs avg=1.91 p50=1.88 p95=2.11 gameMs avg=1.83 p95=2.84 renderMs avg=5.11 p95=6.78
2026.09.29-05.12.53 game -> room=cmum7zb3800p9wilkpb2gl6xn code=<redacted> status=IN_PROGRESS
2026.09.29-05.12.56 SHOT ctx viewport=1920x1080 viewTarget=CameraActor_2147482364 cam=(0,1107,1582) rot=(-55,-90,0)
2026.09.29-05.12.56 RENDER tag=SHOT rhi=D3D12 featureLevel=SM6 shaderPlatform=PCD3D_SM6 lumenPlatform=1 gi=lumen giMethod=1 refl=lumen reflMethod=1 shadows=csm vsmEnable=0 sg.res=100 sg.view=2 sg.aa=2 sg.shadow=2 sg.gi=2 sg.refl=2 sg.pp=2 sg.tex=2 sg.fx=2 sg.foliage=2 sg.shading=2 sg.landscape=2 preset=High screenPct=100.0 screenPctMode=0 aa=TSR aaMethod=4 exposure=fixed-histogram expMin=2.46229 expMax=2.46229 expBias=0.000 ev100=1.30 lightUnits=candelas sky=1 skyIntensity=11.200 keyShadow=csm-3000uu-2c-contact0.000 shadowCasters=1 profile=cobble-probe profilesSha256=91ea86be522212fc770a33e3c9ac66f1cfde90c720c609bdc6bd29589965eaa5 profilesSource=pak legacyRender=0 gameLayer=unlit-eyeadaptinv tMaxFPS=30.0 vsync=0 frameRateLimit=60.0 substrate=0 nanite=1 meshDF=1 viewport=1920x1080 reference=1
2026.09.29-05.12.56 SHOT fighter f-0-hero pos=(2,2) world=(0,-50,0) screen=(960,476) projected=1 alive=1
2026.09.29-05.12.56 SHOT fighter f-0-sk0 pos=(3,2) world=(100,-50,0) screen=(1115,476) projected=1 alive=1
2026.09.29-05.12.56 SHOT fighter f-0-sk1 pos=(2,1) world=(0,-150,0) screen=(960,355) projected=1 alive=1
2026.09.29-05.12.56 SHOT fighter f-0-sk2 pos=(1,2) world=(-100,-50,0) screen=(805,476) projected=1 alive=1
2026.09.29-05.12.56 SHOT fighter f-1-hero pos=(2,3) world=(0,50,0) screen=(960,606) projected=1 alive=1
2026.09.29-05.12.56 SHOT fighter f-1-sk0 pos=(3,3) world=(100,50,0) screen=(1120,606) projected=1 alive=1
2026.09.29-05.12.56 SHOT camera dist=1930.8 target=1930.8 overview=1930.8 errPct=0.000 focusErr=0.00 settled=1 zoom=1.00
2026.09.29-05.12.56 SHOT head fighter=f-0-hero socket=Head mesh=SK_Medusa_FaceNeck_v2Candidate world=(0.0,-46.0,38.5) screen=(960.0,445.5) top=(960.0,439.8) bottom=(960.0,451.2) headPx=11.4 projected=1
2026.09.29-05.12.56 SHOT label fighter=f-0-hero mode=full bbox=(916,381,1004,414)
2026.09.29-05.12.56 SHOT label fighter=f-0-sk0 mode=full bbox=(1072,399,1169,428)
2026.09.29-05.12.56 SHOT label fighter=f-0-sk1 mode=full bbox=(914,276,1006,305)
2026.09.29-05.12.56 SHOT label fighter=f-0-sk2 mode=full bbox=(751,399,848,428)
2026.09.29-05.12.56 SHOT label fighter=f-1-hero mode=full bbox=(913,517,1007,545)
2026.09.29-05.12.56 SHOT label fighter=f-1-sk0 mode=full bbox=(1088,529,1162,558)
2026.09.29-05.12.56 SHOT requested: FScreenshotRequest(bShowUI) -> C:\Users\ren\AppData\Local\Temp\s08-phase2-20260929-101212-32948\phase2-board-joiner-1920x1080.png
2026.09.29-05.12.56 PERF window t=25.1-30.3 frames=146 fps=27.99 frameMs avg=35.73 p50=33.34 p95=38.50 p99=47.53 max=295.20 hitches50=1 gpuMs avg=1.94 p50=1.91 p95=2.14 gameMs avg=2.01 p95=3.20 renderMs avg=5.91 p95=7.90
2026.09.29-05.12.56 game -> room=cmum7zb3800p9wilkpb2gl6xn code=<redacted> status=IN_PROGRESS
2026.09.29-05.12.59 game -> room=cmum7zb3800p9wilkpb2gl6xn code=<redacted> status=IN_PROGRESS
2026.09.29-05.13.01 PERF window t=30.3-35.3 frames=149 fps=29.74 frameMs avg=33.63 p50=33.35 p95=34.30 p99=41.04 max=43.85 hitches50=0 gpuMs avg=1.91 p50=1.89 p95=2.08 gameMs avg=4.02 p95=4.65 renderMs avg=6.36 p95=7.58
2026.09.29-05.13.02 game -> room=cmum7zb3800p9wilkpb2gl6xn code=<redacted> status=IN_PROGRESS
2026.09.29-05.13.05 game -> room=cmum7zb3800p9wilkpb2gl6xn code=<redacted> status=IN_PROGRESS
2026.09.29-05.13.06 PERF window t=35.3-40.3 frames=149 fps=29.71 frameMs avg=33.66 p50=33.34 p95=34.26 p99=40.96 max=46.04 hitches50=0 gpuMs avg=1.91 p50=1.89 p95=2.08 gameMs avg=2.29 p95=2.88 renderMs avg=6.85 p95=7.96
2026.09.29-05.13.13 game -> room=cmum7zb3800p9wilkpb2gl6xn code=<redacted> status=IN_PROGRESS
2026.09.29-05.13.16 PERF window t=40.3-45.3 frames=138 fps=14.35 frameMs avg=69.70 p50=33.38 p95=34.57 p99=47.21 max=4999.22 hitches50=1 gpuMs avg=1.89 p50=1.87 p95=2.02 gameMs avg=2.28 p95=2.80 renderMs avg=6.76 p95=6.80
2026.09.29-05.13.16 game -> room=cmum7zb3800p9wilkpb2gl6xn code=<redacted> status=IN_PROGRESS
2026.09.29-05.13.19 game -> room=cmum7zb3800p9wilkpb2gl6xn code=<redacted> status=IN_PROGRESS
2026.09.29-05.13.21 PERF window t=45.3-50.4 frames=150 fps=29.80 frameMs avg=33.56 p50=33.40 p95=34.04 p99=36.60 max=38.56 hitches50=0 gpuMs avg=1.86 p50=1.86 p95=1.99 gameMs avg=2.11 p95=2.71 renderMs avg=6.26 p95=6.96
2026.09.29-05.13.22 game -> room=cmum7zb3800p9wilkpb2gl6xn code=<redacted> status=IN_PROGRESS
2026.09.29-05.13.25 game -> room=cmum7zb3800p9wilkpb2gl6xn code=<redacted> status=IN_PROGRESS
2026.09.29-05.13.26 PERF window t=50.4-55.4 frames=149 fps=29.77 frameMs avg=33.59 p50=33.40 p95=34.39 p99=35.83 max=40.87 hitches50=0 gpuMs avg=1.88 p50=1.85 p95=2.09 gameMs avg=2.07 p95=2.85 renderMs avg=6.22 p95=6.63
2026.09.29-05.13.29 game -> room=cmum7zb3800p9wilkpb2gl6xn code=<redacted> status=IN_PROGRESS
2026.09.29-05.13.30 PERF summary scope=afterWarmup warmup=5 elapsed=60.0 frames=1608 fps=26.97 frameMs avg=37.08 p50=33.35 p95=35.18 p99=44.57 max=4999.22 hitches50=5 gpuMs avg=1.81 p50=1.85 p95=2.20 gameMs avg=2.37 p95=3.30 renderMs avg=5.91 p95=7.13
2026.09.29-05.13.30 PERF summary scope=started elapsed=60.0 frames=1310 fps=26.48 frameMs avg=37.76 p50=33.35 p95=34.75 p99=44.24 max=4999.22 hitches50=4 gpuMs avg=1.92 p50=1.88 p95=2.23 gameMs avg=2.39 p95=3.09 renderMs avg=6.25 p95=7.22
2026.09.29-05.13.30 PERF summary scope=artHud impl=compare elapsed=60.0 frames=0 fps=0.00 frameMs avg=0.00 p50=0.00 p95=0.00 p99=0.00 max=0.00 hitches50=0 gpuMs avg=0.00 p50=0.00 p95=0.00 gameMs avg=0.00 p95=0.00 renderMs avg=0.00 p95=0.00
2026.09.29-05.13.30 --- S08 trace close ---
