2026.10.01-06.02.29 --- S08 trace open 2026.10.01-06.02.29 ---
2026.10.01-06.02.29 HUD team chips ready=1 mode=absolute tagNames=rule
2026.10.01-06.02.29 HUD icon texture size=32 ready=1 path=/Game/ArtTests/ARTMarkers/Textures/T_UI_Action_AttackToken_32 texture=32x32 probe=0 plate=1
2026.10.01-06.02.29 HUD art widget tag impl=umg source=/Game/S08/UI/ArtHud/WBP_S08ArtTag class=/Game/S08/UI/ArtHud/WBP_S08ArtTag.WBP_S08ArtTag_C count=8 missing=- codeDefaultTree=0
2026.10.01-06.02.29 HUD art widget plate impl=umg source=/Game/S08/UI/ArtHud/WBP_S08ArtPlate class=/Game/S08/UI/ArtHud/WBP_S08ArtPlate.WBP_S08ArtPlate_C parts=1 missing=- codeDefaultTree=0
2026.10.01-06.02.29 HUD art widget icon impl=umg source=/Game/S08/UI/ArtHud/WBP_S08ArtIcon class=/Game/S08/UI/ArtHud/WBP_S08ArtIcon.WBP_S08ArtIcon_C parts=1 missing=- codeDefaultTree=0
2026.10.01-06.02.29 HUD art widget damage impl=umg source=/Game/S08/UI/ArtHud/WBP_S08ArtDamage class=/Game/S08/UI/ArtHud/WBP_S08ArtDamage.WBP_S08ArtDamage_C parts=1 missing=- codeDefaultTree=0
2026.10.01-06.02.30 RENDER preset applied=High flag=S08RenderPreset
2026.10.01-06.02.30 BENCH start (W4-A backend-less render bench)
2026.10.01-06.02.30 ARTPREVIEW diorama requested mesh=/Game/PipelineCandidates/TableBase/20260928-table-base-tripo-h31/Meshes/SM_TableBase.SM_TableBase mi=MI_TableBase_Candidate
2026.10.01-06.02.30 ARTPREVIEW envlayout enabled dir=Config/ArtBoards/EnvLayouts source=pak files=2 names=marmoreal.layout.json+sarpedon.layout.json
2026.10.01-06.02.30 ARTPREVIEW board profiles loaded=1 revision=11 boards=5 zoneStyles=11 lightProfiles=5 errors=0 path=Config/ArtBoards/S08ArtBoardProfiles.json
2026.10.01-06.02.30 ARTPREVIEW board profiles source=pak sha256=c90dddd95a8a7a0b12294b1a6f47218d6e7a860f74b8c51660d4fdb00c320a8b
2026.10.01-06.02.30 ARTPREVIEW zone content instances=12/12 glyphMeshes=11/11
2026.10.01-06.02.30 ARTPREVIEW zone keyline content mi=MI_ART005_Zone_Keyline glyphKeyMeshes=11/11 color=#111317
2026.10.01-06.02.30 ARTPREVIEW game layer material=M_S08_GameLayerUnlit unlitEyeAdaptInv=1 legacyRender=0
2026.10.01-06.02.30 ARTPREVIEW Cobble assets ready
2026.10.01-06.02.30 ARTPREVIEW board assets ready cobbleMesh=1 tiles=1 zoneMaterials=2
2026.10.01-06.02.30 ARTPREVIEW medusa candidate variant=face-neck-v2 mesh=SK_Medusa_FaceNeck_v2Candidate requested=(default)
2026.10.01-06.02.30 ARTPREVIEW board profile=cobble-city match=boardId board=5x6 boardId=cmuhgs4b2001mwik4f2b2xtf8 surface=cobble-5x6-mesh light=cobble-probe artFixture=0
2026.10.01-06.02.30 ARTPREVIEW light profile=cobble-probe name=key role=key kind=directional at=(-350,-150,600) intensity=4.5 units=lux radius=0 color=(1.00,1.00,1.00) shadow=1
2026.10.01-06.02.30 ARTPREVIEW light profile=cobble-probe name=warm role=warm kind=point at=(260,-300,250) intensity=85 units=candelas radius=450 color=(1.00,1.00,1.00) shadow=0
2026.10.01-06.02.30 ARTPREVIEW sky profile=cobble-probe cubemap=/Game/S08/Render/TC_S08_AmbientDome loaded=1 spawned=1 intensity=11.2 color=(1.00,1.00,1.00) lowerBlack=0
2026.10.01-06.02.30 ARTPREVIEW exposure profile=cobble-probe method=histogram-fixed min=4.14106 max=4.14106 bias=0.000 ev100=2.05 volume=1
2026.10.01-06.02.30 ARTPREVIEW lights applied profile=cobble-probe directional=1 shadow=1 points=1 pointShadows=0 budgetOk=1
2026.10.01-06.02.30 ARTPREVIEW render profile=cobble-probe units=candelas sky=1 exposure=1 keyShadow=csm-3000uu-2c-contact0.000 shadowCasters=1 legacyRender=0
2026.10.01-06.02.30 ARTPREVIEW Cobble probe lights key=4.5 fill=0 warm=85
2026.10.01-06.02.30 ARTPREVIEW board zone keylines pieces=60 glyphKeys=30 glyphKeyCubePieces=0 mi=MI_ART005_Zone_Keyline growUU=1.5 edgeUU=42.0 maxOuterUU=45.0
2026.10.01-06.02.30 ARTPREVIEW board glyph meshes instances=30 keys=2/2 cubePieces=0 anchors=30
2026.10.01-06.02.30 ARTPREVIEW Cobble active 5x6 zones=30 blue=15 red=15 blueMarks=15 redMarks=45
2026.10.01-06.02.30 ARTPREVIEW board active profile=cobble-city 5x6 surface=cobble-5x6-mesh cells=30 zoneCells=30 multizone=0 triple=0 obstacles=0 zoneKeys=2 strokes=60 glyphs=45 surfaceParts=0 glyphMaterial=zone expectOk=1
2026.10.01-06.02.30 ARTPREVIEW board zone key=blue cells=15 stroke=solid glyph=diamond color=#3B78D8 ismUsage=1 strokePieces=15 glyphPieces=15 mi=MI_ART005_Zone_Blue glyphMesh=SM_ART005_ZoneGlyph_Diamond glyphInstances=15 fallback=0
2026.10.01-06.02.30 ARTPREVIEW board zone key=red cells=15 stroke=dash3 glyph=bars2 color=#EC6650 ismUsage=1 strokePieces=45 glyphPieces=30 mi=MI_ART005_Zone_Red glyphMesh=SM_ART005_ZoneGlyph_Bars2 glyphInstances=15 fallback=0
2026.10.01-06.02.30 ARTPREVIEW board multizone cells=0 zonesListed=0 zonesMarked=0
2026.10.01-06.02.30 ARTPREVIEW diorama tray=/Game/PipelineCandidates/TableBase/20260928-table-base-tripo-h31/Meshes/SM_TableBase.SM_TableBase mi=MI_TableBase_Candidate surface=cobble-5x6-mesh yaw=-90.0 scale=1.000x1.000x1.000 bounds=(-328.0,-378.0,-153.0)..(328.0,378.0,-3.0) size=656.0x756.0x150.0 topZ=-3.0 boardHalf=278.0x328.0 rimUU=50.0 collision=none
2026.10.01-06.02.30 CAMERA dist=1931 loc=(0,1107,1582) pitch=-55 yaw=-90
2026.10.01-06.02.30 CAMERA config overview=1930.8 nearest=300.0 farthest=2970.4 zoomRange=0.65-6.44 fit=1930.8 k1Mul=1.000 minDist=300.0 outRatio=0.650 step=1.250 animMs=200 returnMs=300 followFrom=1.20 source=defaults issues=0
2026.10.01-06.02.30 BOARD 5x6 cells | control points: (0,0)=(-200,-250,0) (4,5)=(200,250,0) | neighbor pair (dist 100 uu)
2026.10.01-06.02.30 ARTPREVIEW team mapping mode=absolute source=fighter-prefix viewerTeam=- p1=f-0-hero,f-0-sk0,f-0-sk1,f-0-sk2 p2=f-1-hero,f-1-sk0
2026.10.01-06.02.30 ARTPREVIEW heroesV2 fighter=f-0-hero mesh=/Game/PipelineCandidates/Medusa/H2LD/Meshes/SK_Medusa_H2LD mi=/Game/PipelineCandidates/Medusa/H2LD/Materials/MI_Medusa_H2LD_P1 yaw=90.0 scale=0.9998 name=Medusa hero=1 look=P1 base=/Game/PipelineCandidates/Medusa/H2LD/Meshes/SM_Medusa_H2LD_Base baseMi=/Game/PipelineCandidates/Medusa/H2LD/Materials/MI_Medusa_H2LD_Base_P1 skeleton=/Game/PipelineCandidates/Medusa/Rig/SK_Medusa_Skeleton.SK_Medusa_Skeleton clips=4/4 boundsTop=55.00 figureTop=55.00 budget=55.0
2026.10.01-06.02.30 ARTPREVIEW click capsule fighter=f-0-hero mesh=SK_Medusa_H2LD physicsAsset=0 radius=11.6 halfHeight=27.5 top=55.0 bodyCollision=0 source=meshBounds
2026.10.01-06.02.30 ARTPREVIEW fighter=Medusa hero=1 eligible=0 visual=1 mesh=SK_Medusa_H2LD
2026.10.01-06.02.30 ARTPREVIEW team ring fighter=f-0-hero team=P1 look=P1 mode=absolute shape=circle shown=1 mesh=SM_Marker_TeamRing_P1 fill=#E8C06A keyline=#111317 fillLinear=(0.8070,0.5271,0.1441) zMin=0.60 zMax=1.20 scale=1.00 base=hidden blockout=0 art=1 rim=#FFFFFF
2026.10.01-06.02.30 ARTPREVIEW anim fighter=f-0-hero clip=Idle len=2.333 event=spawn loop=1 phase=0.8071 seq=-1 asset=AM_Medusa_Idle
2026.10.01-06.02.30 ARTPREVIEW heroesV2 fighter=f-0-sk0 mesh=/Game/PipelineCandidates/Harpy/H3LD/Meshes/SK_Harpy_H3LD mi=/Game/PipelineCandidates/Harpy/H3LD/Materials/MI_Harpy_H3LD_P1 yaw=90.0 scale=1.0000 name=Harpies hero=0 look=P1 base=/Game/PipelineCandidates/Harpy/H3LD/Meshes/SM_Harpy_H3LD_Base baseMi=/Game/PipelineCandidates/Harpy/H3LD/Materials/MI_Harpy_H3LD_Base_P1 skeleton=/Game/PipelineCandidates/Harpy/Rig/SK_Harpy_Skeleton.SK_Harpy_Skeleton clips=4/4 boundsTop=42.00 figureTop=42.00 budget=42.0
2026.10.01-06.02.30 ARTPREVIEW click capsule fighter=f-0-sk0 mesh=SK_Harpy_H3LD physicsAsset=0 radius=20.0 halfHeight=21.0 top=42.0 bodyCollision=0 source=meshBounds
2026.10.01-06.02.30 ARTPREVIEW team ring fighter=f-0-sk0 team=P1 look=P1 mode=absolute shape=circle shown=1 mesh=SM_Marker_TeamRing_P1 fill=#E8C06A keyline=#111317 fillLinear=(0.8070,0.5271,0.1441) zMin=0.60 zMax=1.20 scale=0.78 base=hidden blockout=0 art=1 rim=#FFFFFF
2026.10.01-06.02.30 ARTPREVIEW anim fighter=f-0-sk0 clip=Idle len=2.000 event=spawn loop=1 phase=0.6635 seq=-1 asset=AM_Harpy_Idle
2026.10.01-06.02.30 ARTPREVIEW heroesV2 fighter=f-0-sk1 mesh=/Game/PipelineCandidates/Harpy/H3LD/Meshes/SK_Harpy_H3LD mi=/Game/PipelineCandidates/Harpy/H3LD/Materials/MI_Harpy_H3LD_P1 yaw=90.0 scale=1.0000 name=Harpies hero=0 look=P1 base=/Game/PipelineCandidates/Harpy/H3LD/Meshes/SM_Harpy_H3LD_Base baseMi=/Game/PipelineCandidates/Harpy/H3LD/Materials/MI_Harpy_H3LD_Base_P1 skeleton=/Game/PipelineCandidates/Harpy/Rig/SK_Harpy_Skeleton.SK_Harpy_Skeleton clips=4/4 boundsTop=42.00 figureTop=42.00 budget=42.0
2026.10.01-06.02.30 ARTPREVIEW click capsule fighter=f-0-sk1 mesh=SK_Harpy_H3LD physicsAsset=0 radius=20.0 halfHeight=21.0 top=42.0 bodyCollision=0 source=meshBounds
2026.10.01-06.02.30 ARTPREVIEW team ring fighter=f-0-sk1 team=P1 look=P1 mode=absolute shape=circle shown=1 mesh=SM_Marker_TeamRing_P1 fill=#E8C06A keyline=#111317 fillLinear=(0.8070,0.5271,0.1441) zMin=0.60 zMax=1.20 scale=0.78 base=hidden blockout=0 art=1 rim=#FFFFFF
2026.10.01-06.02.30 ARTPREVIEW anim fighter=f-0-sk1 clip=Idle len=2.000 event=spawn loop=1 phase=0.9016 seq=-1 asset=AM_Harpy_Idle
2026.10.01-06.02.30 ARTPREVIEW heroesV2 fighter=f-0-sk2 mesh=/Game/PipelineCandidates/Harpy/H3LD/Meshes/SK_Harpy_H3LD mi=/Game/PipelineCandidates/Harpy/H3LD/Materials/MI_Harpy_H3LD_P1 yaw=90.0 scale=1.0000 name=Harpies hero=0 look=P1 base=/Game/PipelineCandidates/Harpy/H3LD/Meshes/SM_Harpy_H3LD_Base baseMi=/Game/PipelineCandidates/Harpy/H3LD/Materials/MI_Harpy_H3LD_Base_P1 skeleton=/Game/PipelineCandidates/Harpy/Rig/SK_Harpy_Skeleton.SK_Harpy_Skeleton clips=4/4 boundsTop=42.00 figureTop=42.00 budget=42.0
2026.10.01-06.02.30 ARTPREVIEW click capsule fighter=f-0-sk2 mesh=SK_Harpy_H3LD physicsAsset=0 radius=20.0 halfHeight=21.0 top=42.0 bodyCollision=0 source=meshBounds
2026.10.01-06.02.30 ARTPREVIEW team ring fighter=f-0-sk2 team=P1 look=P1 mode=absolute shape=circle shown=1 mesh=SM_Marker_TeamRing_P1 fill=#E8C06A keyline=#111317 fillLinear=(0.8070,0.5271,0.1441) zMin=0.60 zMax=1.20 scale=0.78 base=hidden blockout=0 art=1 rim=#FFFFFF
2026.10.01-06.02.30 ARTPREVIEW anim fighter=f-0-sk2 clip=Idle len=2.000 event=spawn loop=1 phase=0.1873 seq=-1 asset=AM_Harpy_Idle
2026.10.01-06.02.30 ARTPREVIEW heroesV2 fighter=f-1-hero mesh=/Game/PipelineCandidates/KingArthur/H2LD/Meshes/SK_KingArthur_H2LD mi=/Game/PipelineCandidates/KingArthur/H2LD/Materials/MI_KingArthur_H2LD_P2 yaw=270.0 scale=1.0000 name=King Arthur hero=1 look=P2 base=/Game/PipelineCandidates/KingArthur/H2LD/Meshes/SM_KingArthur_H2LD_Base baseMi=/Game/PipelineCandidates/KingArthur/H2LD/Materials/MI_KingArthur_H2LD_Base_P2 skeleton=/Game/PipelineCandidates/KingArthur/Rig/SK_KingArthur_Skeleton.SK_KingArthur_Skeleton clips=4/4 boundsTop=60.06 figureTop=55.00 budget=55.0
2026.10.01-06.02.30 ARTPREVIEW click capsule fighter=f-1-hero mesh=SK_KingArthur_H2LD physicsAsset=0 radius=12.8 halfHeight=30.0 top=60.1 bodyCollision=0 source=meshBounds
2026.10.01-06.02.30 ARTPREVIEW team ring fighter=f-1-hero team=P2 look=P2 mode=absolute shape=hexagon shown=1 mesh=SM_Marker_TeamRing_P2 fill=#5A7F9F keyline=#111317 fillLinear=(0.1022,0.2122,0.3467) zMin=0.60 zMax=1.20 scale=1.00 base=hidden blockout=0 art=1 rim=#FFFFFF
2026.10.01-06.02.30 ARTPREVIEW anim fighter=f-1-hero clip=Idle len=2.500 event=spawn loop=1 phase=0.3470 seq=-1 asset=AM_KingArthur_Idle
2026.10.01-06.02.30 ARTPREVIEW heroesV2 fighter=f-1-sk0 mesh=/Game/PipelineCandidates/Merlin/H2LD/Meshes/SK_Merlin_H2LD mi=/Game/PipelineCandidates/Merlin/H2LD/Materials/MI_Merlin_H2LD_P2 yaw=270.0 scale=1.0003 name=Merlin hero=0 look=P2 base=/Game/PipelineCandidates/Merlin/H2LD/Meshes/SM_Merlin_H2LD_Base baseMi=/Game/PipelineCandidates/Merlin/H2LD/Materials/MI_Merlin_H2LD_Base_P2 skeleton=/Game/PipelineCandidates/Merlin/Rig/SK_Merlin_Skeleton.SK_Merlin_Skeleton clips=4/4 boundsTop=49.44 figureTop=45.00 budget=45.0
2026.10.01-06.02.30 ARTPREVIEW click capsule fighter=f-1-sk0 mesh=SK_Merlin_H2LD physicsAsset=0 radius=10.5 halfHeight=24.7 top=49.4 bodyCollision=0 source=meshBounds
2026.10.01-06.02.30 ARTPREVIEW team ring fighter=f-1-sk0 team=P2 look=P2 mode=absolute shape=hexagon shown=1 mesh=SM_Marker_TeamRing_P2 fill=#5A7F9F keyline=#111317 fillLinear=(0.1022,0.2122,0.3467) zMin=0.60 zMax=1.20 scale=0.78 base=hidden blockout=0 art=1 rim=#FFFFFF
2026.10.01-06.02.30 ARTPREVIEW anim fighter=f-1-sk0 clip=Idle len=3.000 event=spawn loop=1 phase=0.8028 seq=-1 asset=AM_Merlin_Idle
2026.10.01-06.02.30 ARTPREVIEW heroesV2 summary fighters=6 mapped=6 v2=6
2026.10.01-06.02.30 FIGHTERS synced n=6 alive=6 own=4 enemy=2
2026.10.01-06.02.30 BENCH scene fixture=S08BenchCobble.json board=5x6 fighters=6 viewer=cmukie55u0000wiao06h107t9 hero=f-0-hero art=1 profile=cobble-city views=K1+K1x0.65+K2x1.6+K2x2.5 warmup=30 settle=8 measure=20 fps=0 profileGpu=1 csv=1
2026.10.01-06.03.00 BENCH warmup done elapsed=30.0
2026.10.01-06.03.00 BENCH view=K1 overview target=1930.8 fit=1930.8
2026.10.01-06.03.00 BENCH view=K1 camera settled=1 dist=1930.8 target=1930.8 zoom=1.00
2026.10.01-06.03.28 BENCH measure view=K1 window=20.0 frames=3154 fps=157.69 frameMs avg=6.34 p50=6.31 p95=7.72 p99=8.28 max=10.07 hitches50=0 gpuMs avg=1.86 p50=1.85 p95=1.93 gameMs avg=1.28 p95=1.55 renderMs avg=6.34 p95=7.71
2026.10.01-06.03.28 RENDER tag=BENCH rhi=D3D12 featureLevel=SM6 shaderPlatform=PCD3D_SM6 lumenPlatform=1 gi=lumen giMethod=1 refl=lumen reflMethod=1 shadows=csm vsmEnable=0 sg.res=100 sg.view=2 sg.aa=2 sg.shadow=2 sg.gi=2 sg.refl=2 sg.pp=2 sg.tex=2 sg.fx=2 sg.foliage=2 sg.shading=2 sg.landscape=2 preset=High screenPct=100.0 screenPctMode=0 aa=TSR aaMethod=4 exposure=fixed-histogram expMin=4.14106 expMax=4.14106 expBias=0.000 ev100=2.05 lightUnits=candelas sky=1 skyIntensity=11.200 keyShadow=csm-3000uu-2c-contact0.000 shadowCasters=1 profile=cobble-probe profilesSha256=c90dddd95a8a7a0b12294b1a6f47218d6e7a860f74b8c51660d4fdb00c320a8b profilesSource=pak legacyRender=0 gameLayer=unlit-eyeadaptinv tMaxFPS=0.0 vsync=0 frameRateLimit=60.0 substrate=0 nanite=1 meshDF=1 viewport=1920x1080 reference=1
2026.10.01-06.03.28 BENCH profilegpu view=K1 requested (dump in Unmatched.log, LogRHI)
2026.10.01-06.03.31 SHOT ctx viewport=1920x1080 viewTarget=CameraActor_2147482348 cam=(0,1107,1582) rot=(-55,-90,0)
2026.10.01-06.03.31 RENDER tag=SHOT rhi=D3D12 featureLevel=SM6 shaderPlatform=PCD3D_SM6 lumenPlatform=1 gi=lumen giMethod=1 refl=lumen reflMethod=1 shadows=csm vsmEnable=0 sg.res=100 sg.view=2 sg.aa=2 sg.shadow=2 sg.gi=2 sg.refl=2 sg.pp=2 sg.tex=2 sg.fx=2 sg.foliage=2 sg.shading=2 sg.landscape=2 preset=High screenPct=100.0 screenPctMode=0 aa=TSR aaMethod=4 exposure=fixed-histogram expMin=4.14106 expMax=4.14106 expBias=0.000 ev100=2.05 lightUnits=candelas sky=1 skyIntensity=11.200 keyShadow=csm-3000uu-2c-contact0.000 shadowCasters=1 profile=cobble-probe profilesSha256=c90dddd95a8a7a0b12294b1a6f47218d6e7a860f74b8c51660d4fdb00c320a8b profilesSource=pak legacyRender=0 gameLayer=unlit-eyeadaptinv tMaxFPS=0.0 vsync=0 frameRateLimit=60.0 substrate=0 nanite=1 meshDF=1 viewport=1920x1080 reference=1
2026.10.01-06.03.31 SHOT fighter f-0-hero pos=(2,2) world=(0,-50,0) screen=(960,476) projected=1 alive=1
2026.10.01-06.03.31 SHOT fighter f-0-sk0 pos=(3,2) world=(100,-50,0) screen=(1115,476) projected=1 alive=1
2026.10.01-06.03.31 SHOT fighter f-0-sk1 pos=(2,1) world=(0,-150,0) screen=(960,355) projected=1 alive=1
2026.10.01-06.03.31 SHOT fighter f-0-sk2 pos=(1,2) world=(-100,-50,0) screen=(805,476) projected=1 alive=1
2026.10.01-06.03.31 SHOT fighter f-1-hero pos=(2,3) world=(0,50,0) screen=(960,606) projected=1 alive=1
2026.10.01-06.03.31 SHOT fighter f-1-sk0 pos=(3,3) world=(100,50,0) screen=(1120,606) projected=1 alive=1
2026.10.01-06.03.31 SHOT camera dist=1930.8 target=1930.8 overview=1930.8 errPct=0.000 focusErr=0.00 settled=1 zoom=1.00
2026.10.01-06.03.31 SHOT head fighter=f-0-hero socket=Head mesh=SK_Medusa_H2LD world=(-0.1,-49.6,47.2) screen=(959.8,432.7) top=(959.8,427.0) bottom=(959.8,438.4) headPx=11.5 projected=1
2026.10.01-06.03.31 SHOT head fighter=f-0-sk0 socket=Head mesh=SK_Harpy_H3LD world=(100.0,-44.6,34.0) screen=(1117.9,451.6) top=(1118.3,445.9) bottom=(1117.5,457.2) headPx=11.3 projected=1
2026.10.01-06.03.31 SHOT head fighter=f-0-sk1 socket=Head mesh=SK_Harpy_H3LD world=(-0.2,-145.0,34.3) screen=(959.7,327.8) top=(959.7,322.0) bottom=(959.7,333.6) headPx=11.6 projected=1
2026.10.01-06.03.31 SHOT head fighter=f-0-sk2 socket=Head mesh=SK_Harpy_H3LD world=(-100.7,-44.8,34.1) screen=(801.0,451.2) top=(800.6,445.6) bottom=(801.4,456.9) headPx=11.3 projected=1
2026.10.01-06.03.31 SHOT head fighter=f-1-hero socket=Head mesh=SK_KingArthur_H2LD world=(-0.6,49.5,50.0) screen=(959.0,559.4) top=(959.0,553.8) bottom=(959.0,565.0) headPx=11.2 projected=1
2026.10.01-06.03.31 SHOT head fighter=f-1-sk0 socket=Head mesh=SK_Merlin_H2LD world=(99.9,47.2,36.6) screen=(1122.3,568.7) top=(1122.7,563.1) bottom=(1121.9,574.2) headPx=11.1 projected=1
2026.10.01-06.03.31 SHOT figure fighter=f-0-hero bbox=(914,389,1006,512) ringR=28.50 art=1 blockout=0 team=P1 look=P1 ring=1
2026.10.01-06.03.31 SHOT figure fighter=f-0-sk0 bbox=(1080,409,1155,504) ringR=22.23 art=1 blockout=0 team=P1 look=P1 ring=1
2026.10.01-06.03.31 SHOT figure fighter=f-0-sk1 bbox=(926,288,994,381) ringR=22.23 art=1 blockout=0 team=P1 look=P1 ring=1
2026.10.01-06.03.31 SHOT figure fighter=f-0-sk2 bbox=(765,409,840,504) ringR=22.23 art=1 blockout=0 team=P1 look=P1 ring=1
2026.10.01-06.03.31 SHOT figure fighter=f-1-hero bbox=(913,513,1007,644) ringR=28.50 art=1 blockout=0 team=P2 look=P2 ring=1
2026.10.01-06.03.31 SHOT figure fighter=f-1-sk0 bbox=(1084,531,1161,635) ringR=22.23 art=1 blockout=0 team=P2 look=P2 ring=1
2026.10.01-06.03.31 SHOT request file=bench-K1-1920x1080.png frame=9650
2026.10.01-06.03.31 SHOT requested: FScreenshotRequest(bShowUI) -> C:\tmp\envmaps-research\p5a\bench\runs-raw\cobble\r1/bench-K1-1920x1080.png
2026.10.01-06.03.31 SHOT captured file=bench-K1-1920x1080.png frame=9650 px=1920x1080 sha256=214c1d68b64b04b0fc36983d456c016da7ce75ae7bfdd3aac1e7f6609984a1dc order=BGRA saved=1
2026.10.01-06.03.31 SHOT late begin file=bench-K1-1920x1080.png frame=9650 requestFrame=9650
2026.10.01-06.03.31 SHOT iconstate visible=0 lastFighter=none frame=9650
2026.10.01-06.03.31 SHOT panel id=hud.command bbox=(0,0,20,20) geom=painted visible=1 frame=9650
2026.10.01-06.03.31 SHOT panel id=hud.side bbox=(1884,0,1920,28) geom=painted visible=1 frame=9650
2026.10.01-06.03.31 SHOT panel id=hud.hand bbox=(950,1060,970,1080) geom=painted visible=1 frame=9650
2026.10.01-06.03.31 SHOT label fighter=f-0-hero mode=full bbox=(916,381,1004,414) frame=9650
2026.10.01-06.03.31 SHOT label fighter=f-0-sk0 mode=full bbox=(1072,399,1169,428) frame=9650
2026.10.01-06.03.31 SHOT label fighter=f-0-sk1 mode=full bbox=(914,276,1006,305) frame=9650
2026.10.01-06.03.31 SHOT label fighter=f-0-sk2 mode=full bbox=(751,399,848,428) frame=9650
2026.10.01-06.03.31 SHOT label fighter=f-1-hero mode=full bbox=(913,517,1007,545) frame=9650
2026.10.01-06.03.31 SHOT label fighter=f-1-sk0 mode=full bbox=(1088,529,1162,558) frame=9650
2026.10.01-06.03.31 SHOT late end file=bench-K1-1920x1080.png frame=9650
2026.10.01-06.03.31 BENCH shot view=K1 saved=1 path=C:\tmp\envmaps-research\p5a\bench\runs-raw\cobble\r1/bench-K1-1920x1080.png
2026.10.01-06.03.31 BENCH view=K1x0.65 zoom-out wanted=0.65 target=2970.4 zoom=0.65 limit=far
2026.10.01-06.03.31 BENCH view=K1x0.65 camera settled=1 dist=2958.6 target=2970.4 zoom=0.65
2026.10.01-06.03.59 BENCH measure view=K1x0.65 window=20.0 frames=3256 fps=162.76 frameMs avg=6.14 p50=6.14 p95=7.42 p99=8.12 max=11.96 hitches50=0 gpuMs avg=1.77 p50=1.76 p95=1.82 gameMs avg=1.22 p95=1.44 renderMs avg=6.14 p95=7.42
2026.10.01-06.03.59 RENDER tag=BENCH rhi=D3D12 featureLevel=SM6 shaderPlatform=PCD3D_SM6 lumenPlatform=1 gi=lumen giMethod=1 refl=lumen reflMethod=1 shadows=csm vsmEnable=0 sg.res=100 sg.view=2 sg.aa=2 sg.shadow=2 sg.gi=2 sg.refl=2 sg.pp=2 sg.tex=2 sg.fx=2 sg.foliage=2 sg.shading=2 sg.landscape=2 preset=High screenPct=100.0 screenPctMode=0 aa=TSR aaMethod=4 exposure=fixed-histogram expMin=4.14106 expMax=4.14106 expBias=0.000 ev100=2.05 lightUnits=candelas sky=1 skyIntensity=11.200 keyShadow=csm-3000uu-2c-contact0.000 shadowCasters=1 profile=cobble-probe profilesSha256=c90dddd95a8a7a0b12294b1a6f47218d6e7a860f74b8c51660d4fdb00c320a8b profilesSource=pak legacyRender=0 gameLayer=unlit-eyeadaptinv tMaxFPS=0.0 vsync=0 frameRateLimit=60.0 substrate=0 nanite=1 meshDF=1 viewport=1920x1080 reference=1
2026.10.01-06.03.59 BENCH profilegpu view=K1x0.65 requested (dump in Unmatched.log, LogRHI)
2026.10.01-06.04.02 SHOT ctx viewport=1920x1080 viewTarget=CameraActor_2147482348 cam=(0,1704,2433) rot=(-55,-90,0)
2026.10.01-06.04.02 RENDER tag=SHOT rhi=D3D12 featureLevel=SM6 shaderPlatform=PCD3D_SM6 lumenPlatform=1 gi=lumen giMethod=1 refl=lumen reflMethod=1 shadows=csm vsmEnable=0 sg.res=100 sg.view=2 sg.aa=2 sg.shadow=2 sg.gi=2 sg.refl=2 sg.pp=2 sg.tex=2 sg.fx=2 sg.foliage=2 sg.shading=2 sg.landscape=2 preset=High screenPct=100.0 screenPctMode=0 aa=TSR aaMethod=4 exposure=fixed-histogram expMin=4.14106 expMax=4.14106 expBias=0.000 ev100=2.05 lightUnits=candelas sky=1 skyIntensity=11.200 keyShadow=csm-3000uu-2c-contact0.000 shadowCasters=1 profile=cobble-probe profilesSha256=c90dddd95a8a7a0b12294b1a6f47218d6e7a860f74b8c51660d4fdb00c320a8b profilesSource=pak legacyRender=0 gameLayer=unlit-eyeadaptinv tMaxFPS=0.0 vsync=0 frameRateLimit=60.0 substrate=0 nanite=1 meshDF=1 viewport=1920x1080 reference=1
2026.10.01-06.04.02 SHOT fighter f-0-hero pos=(2,2) world=(0,-50,0) screen=(960,498) projected=1 alive=1
2026.10.01-06.04.02 SHOT fighter f-0-sk0 pos=(3,2) world=(100,-50,0) screen=(1062,498) projected=1 alive=1
2026.10.01-06.04.02 SHOT fighter f-0-sk1 pos=(2,1) world=(0,-150,0) screen=(960,418) projected=1 alive=1
2026.10.01-06.04.02 SHOT fighter f-0-sk2 pos=(1,2) world=(-100,-50,0) screen=(858,498) projected=1 alive=1
2026.10.01-06.04.02 SHOT fighter f-1-hero pos=(2,3) world=(0,50,0) screen=(960,582) projected=1 alive=1
2026.10.01-06.04.02 SHOT fighter f-1-sk0 pos=(3,3) world=(100,50,0) screen=(1064,582) projected=1 alive=1
2026.10.01-06.04.02 SHOT camera dist=2970.4 target=2970.4 overview=1930.8 errPct=0.000 focusErr=0.00 settled=1 zoom=0.65
2026.10.01-06.04.02 SHOT head fighter=f-0-hero socket=Head mesh=SK_Medusa_H2LD world=(0.3,-48.7,47.1) screen=(960.3,471.2) top=(960.3,467.5) bottom=(960.3,474.8) headPx=7.3 projected=1
2026.10.01-06.04.02 SHOT head fighter=f-0-sk0 socket=Head mesh=SK_Harpy_H3LD world=(99.4,-44.7,34.0) screen=(1062.0,482.4) top=(1062.1,478.8) bottom=(1061.8,486.1) headPx=7.3 projected=1
2026.10.01-06.04.02 SHOT head fighter=f-0-sk1 socket=Head mesh=SK_Harpy_H3LD world=(-0.1,-144.6,34.0) screen=(959.9,401.2) top=(959.9,397.5) bottom=(959.9,404.8) headPx=7.4 projected=1
2026.10.01-06.04.02 SHOT head fighter=f-0-sk2 socket=Head mesh=SK_Harpy_H3LD world=(-100.1,-44.9,34.3) screen=(857.3,482.1) top=(857.1,478.4) bottom=(857.4,485.7) headPx=7.3 projected=1
2026.10.01-06.04.02 SHOT head fighter=f-1-hero socket=Head mesh=SK_KingArthur_H2LD world=(0.5,49.2,50.1) screen=(960.5,552.2) top=(960.5,548.6) bottom=(960.5,555.8) headPx=7.2 projected=1
2026.10.01-06.04.02 SHOT head fighter=f-1-sk0 socket=Head mesh=SK_Merlin_H2LD world=(100.3,46.7,36.4) screen=(1064.8,558.2) top=(1065.0,554.6) bottom=(1064.6,561.7) headPx=7.1 projected=1
2026.10.01-06.04.02 SHOT figure fighter=f-0-hero bbox=(930,442,990,522) ringR=28.50 art=1 blockout=0 team=P1 look=P1 ring=1
2026.10.01-06.04.02 SHOT figure fighter=f-0-sk0 bbox=(1039,455,1086,517) ringR=22.23 art=1 blockout=0 team=P1 look=P1 ring=1
2026.10.01-06.04.02 SHOT figure fighter=f-0-sk1 bbox=(938,374,982,435) ringR=22.23 art=1 blockout=0 team=P1 look=P1 ring=1
2026.10.01-06.04.02 SHOT figure fighter=f-0-sk2 bbox=(834,455,881,517) ringR=22.23 art=1 blockout=0 team=P1 look=P1 ring=1
2026.10.01-06.04.02 SHOT figure fighter=f-1-hero bbox=(930,522,990,607) ringR=28.50 art=1 blockout=0 team=P2 look=P2 ring=1
2026.10.01-06.04.02 SHOT figure fighter=f-1-sk0 bbox=(1040,534,1089,602) ringR=22.23 art=1 blockout=0 team=P2 look=P2 ring=1
2026.10.01-06.04.02 SHOT request file=bench-K1x0p65-1920x1080.png frame=14665
2026.10.01-06.04.02 SHOT requested: FScreenshotRequest(bShowUI) -> C:\tmp\envmaps-research\p5a\bench\runs-raw\cobble\r1/bench-K1x0p65-1920x1080.png
2026.10.01-06.04.02 SHOT captured file=bench-K1x0p65-1920x1080.png frame=14665 px=1920x1080 sha256=d438b98d0bfa156582ecc877003befaaa4262eea3afe1dcdab0980a1347fa037 order=BGRA saved=1
2026.10.01-06.04.02 SHOT late begin file=bench-K1x0p65-1920x1080.png frame=14665 requestFrame=14665
2026.10.01-06.04.02 SHOT iconstate visible=0 lastFighter=none frame=14665
2026.10.01-06.04.02 SHOT panel id=hud.command bbox=(0,0,20,20) geom=painted visible=1 frame=14665
2026.10.01-06.04.02 SHOT panel id=hud.side bbox=(1884,0,1920,28) geom=painted visible=1 frame=14665
2026.10.01-06.04.02 SHOT panel id=hud.hand bbox=(950,1060,970,1080) geom=painted visible=1 frame=14665
2026.10.01-06.04.02 SHOT label fighter=f-0-hero mode=full bbox=(918,432,1002,459) frame=14665
2026.10.01-06.04.02 SHOT label fighter=f-0-sk0 mode=full bbox=(1017,444,1110,467) frame=14665
2026.10.01-06.04.02 SHOT label fighter=f-0-sk1 mode=full bbox=(915,362,1005,386) frame=14665
2026.10.01-06.04.02 SHOT label fighter=f-0-sk2 mode=full bbox=(810,444,903,467) frame=14665
2026.10.01-06.04.02 SHOT label fighter=f-1-hero mode=full bbox=(915,522,1005,543) frame=14665
2026.10.01-06.04.02 SHOT label fighter=f-1-sk0 mode=full bbox=(1031,528,1101,552) frame=14665
2026.10.01-06.04.02 SHOT late end file=bench-K1x0p65-1920x1080.png frame=14665
2026.10.01-06.04.02 BENCH shot view=K1x0.65 saved=1 path=C:\tmp\envmaps-research\p5a\bench\runs-raw\cobble\r1/bench-K1x0p65-1920x1080.png
2026.10.01-06.04.02 ARTPREVIEW selection ring shown fighter=Medusa mesh=SM_Marker_SelectionRing
2026.10.01-06.04.02 ARTPREVIEW reachable corners cells=13 placed=1
2026.10.01-06.04.02 BENCH view=K2x1.6 focus hero=f-0-hero zoom=1.60 target=1206.7 clamp=0
2026.10.01-06.04.02 BENCH view=K2x1.6 camera settled=1 dist=1213.8 target=1206.7 zoom=1.59
2026.10.01-06.04.30 BENCH measure view=K2x1.6 window=20.0 frames=2999 fps=149.91 frameMs avg=6.67 p50=6.65 p95=8.00 p99=8.72 max=9.70 hitches50=0 gpuMs avg=1.94 p50=1.93 p95=2.03 gameMs avg=1.33 p95=1.61 renderMs avg=6.67 p95=7.99
2026.10.01-06.04.30 RENDER tag=BENCH rhi=D3D12 featureLevel=SM6 shaderPlatform=PCD3D_SM6 lumenPlatform=1 gi=lumen giMethod=1 refl=lumen reflMethod=1 shadows=csm vsmEnable=0 sg.res=100 sg.view=2 sg.aa=2 sg.shadow=2 sg.gi=2 sg.refl=2 sg.pp=2 sg.tex=2 sg.fx=2 sg.foliage=2 sg.shading=2 sg.landscape=2 preset=High screenPct=100.0 screenPctMode=0 aa=TSR aaMethod=4 exposure=fixed-histogram expMin=4.14106 expMax=4.14106 expBias=0.000 ev100=2.05 lightUnits=candelas sky=1 skyIntensity=11.200 keyShadow=csm-3000uu-2c-contact0.000 shadowCasters=1 profile=cobble-probe profilesSha256=c90dddd95a8a7a0b12294b1a6f47218d6e7a860f74b8c51660d4fdb00c320a8b profilesSource=pak legacyRender=0 gameLayer=unlit-eyeadaptinv tMaxFPS=0.0 vsync=0 frameRateLimit=60.0 substrate=0 nanite=1 meshDF=1 viewport=1920x1080 reference=1
2026.10.01-06.04.30 BENCH profilegpu view=K2x1.6 requested (dump in Unmatched.log, LogRHI)
2026.10.01-06.04.33 SHOT ctx viewport=1920x1080 viewTarget=CameraActor_2147482348 cam=(0,642,1017) rot=(-55,-90,0)
2026.10.01-06.04.33 RENDER tag=SHOT rhi=D3D12 featureLevel=SM6 shaderPlatform=PCD3D_SM6 lumenPlatform=1 gi=lumen giMethod=1 refl=lumen reflMethod=1 shadows=csm vsmEnable=0 sg.res=100 sg.view=2 sg.aa=2 sg.shadow=2 sg.gi=2 sg.refl=2 sg.pp=2 sg.tex=2 sg.fx=2 sg.foliage=2 sg.shading=2 sg.landscape=2 preset=High screenPct=100.0 screenPctMode=0 aa=TSR aaMethod=4 exposure=fixed-histogram expMin=4.14106 expMax=4.14106 expBias=0.000 ev100=2.05 lightUnits=candelas sky=1 skyIntensity=11.200 keyShadow=csm-3000uu-2c-contact0.000 shadowCasters=1 profile=cobble-probe profilesSha256=c90dddd95a8a7a0b12294b1a6f47218d6e7a860f74b8c51660d4fdb00c320a8b profilesSource=pak legacyRender=0 gameLayer=unlit-eyeadaptinv tMaxFPS=0.0 vsync=0 frameRateLimit=60.0 substrate=0 nanite=1 meshDF=1 viewport=1920x1080 reference=1
2026.10.01-06.04.33 SHOT fighter f-0-hero pos=(2,2) world=(0,-50,0) screen=(960,580) projected=1 alive=1
2026.10.01-06.04.33 SHOT fighter f-0-sk0 pos=(3,2) world=(100,-50,0) screen=(1208,580) projected=1 alive=1
2026.10.01-06.04.33 SHOT fighter f-0-sk1 pos=(2,1) world=(0,-150,0) screen=(960,384) projected=1 alive=1
2026.10.01-06.04.33 SHOT fighter f-0-sk2 pos=(1,2) world=(-100,-50,0) screen=(712,580) projected=1 alive=1
2026.10.01-06.04.33 SHOT fighter f-1-hero pos=(2,3) world=(0,50,0) screen=(960,794) projected=1 alive=1
2026.10.01-06.04.33 SHOT fighter f-1-sk0 pos=(3,3) world=(100,50,0) screen=(1220,794) projected=1 alive=1
2026.10.01-06.04.33 SHOT camera dist=1206.7 target=1206.7 overview=1930.8 errPct=0.000 focusErr=0.00 settled=1 zoom=1.60
2026.10.01-06.04.33 SHOT head fighter=f-0-hero socket=Head mesh=SK_Medusa_H2LD world=(-0.5,-49.3,47.1) screen=(958.6,513.3) top=(958.6,504.4) bottom=(958.6,522.2) headPx=17.8 projected=1
2026.10.01-06.04.33 SHOT head fighter=f-0-sk0 socket=Head mesh=SK_Harpy_H3LD world=(99.5,-45.1,34.3) screen=(1212.8,541.1) top=(1213.8,532.3) bottom=(1211.8,549.8) headPx=17.6 projected=1
2026.10.01-06.04.33 SHOT head fighter=f-0-sk1 socket=Head mesh=SK_Harpy_H3LD world=(-0.7,-144.7,34.0) screen=(958.2,343.7) top=(958.2,334.6) bottom=(958.2,352.8) headPx=18.2 projected=1
2026.10.01-06.04.33 SHOT head fighter=f-0-sk2 socket=Head mesh=SK_Harpy_H3LD world=(-100.1,-44.7,33.9) screen=(705.7,542.4) top=(704.6,533.6) bottom=(706.7,551.1) headPx=17.6 projected=1
2026.10.01-06.04.33 SHOT head fighter=f-1-hero socket=Head mesh=SK_KingArthur_H2LD world=(-0.5,50.0,50.0) screen=(958.8,726.4) top=(958.8,717.9) bottom=(958.8,734.8) headPx=16.9 projected=1
2026.10.01-06.04.33 SHOT head fighter=f-1-sk0 socket=Head mesh=SK_Merlin_H2LD world=(100.0,47.3,36.7) screen=(1226.2,738.9) top=(1227.4,730.5) bottom=(1225.1,747.1) headPx=16.8 projected=1
2026.10.01-06.04.33 SHOT selection fighter=f-0-hero ownCell=(2,2) legal=14 destinations=13 ownCellExcluded=1 plateFighter=none
2026.10.01-06.04.33 SHOT reachable fighter=f-0-hero n=13 cells=(1,0)(2,0)(3,0)(0,1)(1,1)(3,1)(4,1)(0,2)(4,2)(0,3)(1,3)(4,3)(1,4)
2026.10.01-06.04.33 SHOT figure fighter=f-0-hero bbox=(886,442,1034,639) ringR=28.50 art=1 blockout=0 team=P1 look=P1 ring=1
2026.10.01-06.04.33 SHOT figure fighter=f-0-sk0 bbox=(1151,474,1275,626) ringR=22.23 art=1 blockout=0 team=P1 look=P1 ring=1
2026.10.01-06.04.33 SHOT figure fighter=f-0-sk1 bbox=(905,280,1015,426) ringR=22.23 art=1 blockout=0 team=P1 look=P1 ring=1
2026.10.01-06.04.33 SHOT figure fighter=f-0-sk2 bbox=(645,474,769,626) ringR=22.23 art=1 blockout=0 team=P1 look=P1 ring=1
2026.10.01-06.04.33 SHOT figure fighter=f-1-hero bbox=(882,647,1038,860) ringR=28.50 art=1 blockout=0 team=P2 look=P2 ring=1
2026.10.01-06.04.33 SHOT figure fighter=f-1-sk0 bbox=(1160,677,1293,845) ringR=22.23 art=1 blockout=0 team=P2 look=P2 ring=1
2026.10.01-06.04.33 SHOT request file=bench-K2x1p6-1920x1080.png frame=19359
2026.10.01-06.04.33 SHOT requested: FScreenshotRequest(bShowUI) -> C:\tmp\envmaps-research\p5a\bench\runs-raw\cobble\r1/bench-K2x1p6-1920x1080.png
2026.10.01-06.04.34 SHOT captured file=bench-K2x1p6-1920x1080.png frame=19359 px=1920x1080 sha256=942b48cf8029217cb4054626e1f9eecb294ac6f28466739a4d71cdf6b3058b18 order=BGRA saved=1
2026.10.01-06.04.34 SHOT late begin file=bench-K2x1p6-1920x1080.png frame=19359 requestFrame=19359
2026.10.01-06.04.34 SHOT iconstate visible=0 lastFighter=none frame=19359
2026.10.01-06.04.34 SHOT panel id=hud.command bbox=(0,0,20,20) geom=painted visible=1 frame=19359
2026.10.01-06.04.34 SHOT panel id=hud.side bbox=(1884,0,1920,28) geom=painted visible=1 frame=19359
2026.10.01-06.04.34 SHOT panel id=hud.hand bbox=(950,1060,970,1080) geom=painted visible=1 frame=19359
2026.10.01-06.04.34 SHOT label fighter=f-0-hero mode=full bbox=(916,452,1004,487) frame=19359
2026.10.01-06.04.34 SHOT label fighter=f-0-sk0 mode=full bbox=(1168,482,1267,512) frame=19359
2026.10.01-06.04.34 SHOT label fighter=f-0-sk1 mode=full bbox=(914,282,1006,314) frame=19359
2026.10.01-06.04.34 SHOT label fighter=f-0-sk2 mode=full bbox=(653,482,752,512) frame=19359
2026.10.01-06.04.34 SHOT label fighter=f-1-hero mode=full bbox=(911,678,1009,707) frame=19359
2026.10.01-06.04.34 SHOT label fighter=f-1-sk0 mode=full bbox=(1192,700,1270,731) frame=19359
2026.10.01-06.04.34 SHOT late end file=bench-K2x1p6-1920x1080.png frame=19359
2026.10.01-06.04.34 BENCH shot view=K2x1.6 saved=1 path=C:\tmp\envmaps-research\p5a\bench\runs-raw\cobble\r1/bench-K2x1p6-1920x1080.png
2026.10.01-06.04.34 ARTPREVIEW selection ring shown fighter=Medusa mesh=SM_Marker_SelectionRing
2026.10.01-06.04.34 ARTPREVIEW reachable corners cells=13 placed=1
2026.10.01-06.04.34 BENCH view=K2x2.5 focus hero=f-0-hero zoom=2.50 target=772.3 clamp=0
2026.10.01-06.04.34 BENCH view=K2x2.5 camera settled=1 dist=779.5 target=772.3 zoom=2.48
2026.10.01-06.05.02 BENCH measure view=K2x2.5 window=20.0 frames=2972 fps=148.58 frameMs avg=6.73 p50=6.71 p95=8.07 p99=8.65 max=11.53 hitches50=0 gpuMs avg=2.12 p50=2.05 p95=2.33 gameMs avg=1.35 p95=1.67 renderMs avg=6.73 p95=8.06
2026.10.01-06.05.02 RENDER tag=BENCH rhi=D3D12 featureLevel=SM6 shaderPlatform=PCD3D_SM6 lumenPlatform=1 gi=lumen giMethod=1 refl=lumen reflMethod=1 shadows=csm vsmEnable=0 sg.res=100 sg.view=2 sg.aa=2 sg.shadow=2 sg.gi=2 sg.refl=2 sg.pp=2 sg.tex=2 sg.fx=2 sg.foliage=2 sg.shading=2 sg.landscape=2 preset=High screenPct=100.0 screenPctMode=0 aa=TSR aaMethod=4 exposure=fixed-histogram expMin=4.14106 expMax=4.14106 expBias=0.000 ev100=2.05 lightUnits=candelas sky=1 skyIntensity=11.200 keyShadow=csm-3000uu-2c-contact0.000 shadowCasters=1 profile=cobble-probe profilesSha256=c90dddd95a8a7a0b12294b1a6f47218d6e7a860f74b8c51660d4fdb00c320a8b profilesSource=pak legacyRender=0 gameLayer=unlit-eyeadaptinv tMaxFPS=0.0 vsync=0 frameRateLimit=60.0 substrate=0 nanite=1 meshDF=1 viewport=1920x1080 reference=1
2026.10.01-06.05.02 BENCH profilegpu view=K2x2.5 requested (dump in Unmatched.log, LogRHI)
2026.10.01-06.05.05 SHOT ctx viewport=1920x1080 viewTarget=CameraActor_2147482348 cam=(0,393,661) rot=(-55,-90,0)
2026.10.01-06.05.05 RENDER tag=SHOT rhi=D3D12 featureLevel=SM6 shaderPlatform=PCD3D_SM6 lumenPlatform=1 gi=lumen giMethod=1 refl=lumen reflMethod=1 shadows=csm vsmEnable=0 sg.res=100 sg.view=2 sg.aa=2 sg.shadow=2 sg.gi=2 sg.refl=2 sg.pp=2 sg.tex=2 sg.fx=2 sg.foliage=2 sg.shading=2 sg.landscape=2 preset=High screenPct=100.0 screenPctMode=0 aa=TSR aaMethod=4 exposure=fixed-histogram expMin=4.14106 expMax=4.14106 expBias=0.000 ev100=2.05 lightUnits=candelas sky=1 skyIntensity=11.200 keyShadow=csm-3000uu-2c-contact0.000 shadowCasters=1 profile=cobble-probe profilesSha256=c90dddd95a8a7a0b12294b1a6f47218d6e7a860f74b8c51660d4fdb00c320a8b profilesSource=pak legacyRender=0 gameLayer=unlit-eyeadaptinv tMaxFPS=0.0 vsync=0 frameRateLimit=60.0 substrate=0 nanite=1 meshDF=1 viewport=1920x1080 reference=1
2026.10.01-06.05.05 SHOT fighter f-0-hero pos=(2,2) world=(0,-50,0) screen=(960,601) projected=1 alive=1
2026.10.01-06.05.05 SHOT fighter f-0-sk0 pos=(3,2) world=(100,-50,0) screen=(1343,601) projected=1 alive=1
2026.10.01-06.05.05 SHOT fighter f-0-sk1 pos=(2,1) world=(0,-150,0) screen=(960,305) projected=1 alive=1
2026.10.01-06.05.05 SHOT fighter f-0-sk2 pos=(1,2) world=(-100,-50,0) screen=(577,601) projected=1 alive=1
2026.10.01-06.05.05 SHOT fighter f-1-hero pos=(2,3) world=(0,50,0) screen=(960,944) projected=1 alive=1
2026.10.01-06.05.05 SHOT fighter f-1-sk0 pos=(3,3) world=(100,50,0) screen=(1373,944) projected=1 alive=1
2026.10.01-06.05.05 SHOT camera dist=772.3 target=772.3 overview=1930.8 errPct=0.000 focusErr=0.00 settled=1 zoom=2.50
2026.10.01-06.05.05 SHOT head fighter=f-0-hero socket=Head mesh=SK_Medusa_H2LD world=(0.5,-48.8,47.1) screen=(962.1,500.0) top=(962.1,485.8) bottom=(962.1,514.0) headPx=28.2 projected=1
2026.10.01-06.05.05 SHOT head fighter=f-0-sk0 socket=Head mesh=SK_Harpy_H3LD world=(100.0,-44.7,34.1) screen=(1358.5,543.3) top=(1361.1,529.5) bottom=(1356.0,556.9) headPx=27.9 projected=1
2026.10.01-06.05.05 SHOT head fighter=f-0-sk1 socket=Head mesh=SK_Harpy_H3LD world=(-0.5,-145.1,34.3) screen=(958.3,238.0) top=(958.3,223.4) bottom=(958.3,252.5) headPx=29.1 projected=1
2026.10.01-06.05.05 SHOT head fighter=f-0-sk2 socket=Head mesh=SK_Harpy_H3LD world=(-100.7,-44.7,34.0) screen=(559.0,543.7) top=(556.4,529.9) bottom=(561.5,557.3) headPx=27.9 projected=1
2026.10.01-06.05.05 SHOT head fighter=f-1-hero socket=Head mesh=SK_KingArthur_H2LD world=(0.1,49.0,50.1) screen=(960.4,838.7) top=(960.4,825.7) bottom=(960.4,851.5) headPx=25.8 projected=1
2026.10.01-06.05.05 SHOT head fighter=f-1-sk0 socket=Head mesh=SK_Merlin_H2LD world=(100.2,46.6,36.4) screen=(1389.8,858.9) top=(1392.8,846.3) bottom=(1386.9,871.4) headPx=25.8 projected=1
2026.10.01-06.05.05 SHOT selection fighter=f-0-hero ownCell=(2,2) legal=14 destinations=13 ownCellExcluded=1 plateFighter=none
2026.10.01-06.05.05 SHOT reachable fighter=f-0-hero n=13 cells=(1,0)(2,0)(3,0)(0,1)(1,1)(3,1)(4,1)(0,2)(4,2)(0,3)(1,3)(4,3)(1,4)
2026.10.01-06.05.05 SHOT figure fighter=f-0-hero bbox=(842,386,1078,694) ringR=28.50 art=1 blockout=0 team=P1 look=P1 ring=1
2026.10.01-06.05.05 SHOT figure fighter=f-0-sk0 bbox=(1253,437,1457,673) ringR=22.23 art=1 blockout=0 team=P1 look=P1 ring=1
2026.10.01-06.05.05 SHOT figure fighter=f-0-sk1 bbox=(876,144,1044,367) ringR=22.23 art=1 blockout=0 team=P1 look=P1 ring=1
2026.10.01-06.05.05 SHOT figure fighter=f-0-sk2 bbox=(463,437,667,673) ringR=22.23 art=1 blockout=0 team=P1 look=P1 ring=1
2026.10.01-06.05.05 SHOT figure fighter=f-1-hero bbox=(831,714,1089,1052) ringR=28.50 art=1 blockout=0 team=P2 look=P2 ring=1
2026.10.01-06.05.05 SHOT figure fighter=f-1-sk0 bbox=(1275,760,1504,1028) ringR=22.23 art=1 blockout=0 team=P2 look=P2 ring=1
2026.10.01-06.05.05 SHOT request file=bench-K2x2p5-1920x1080.png frame=23988
2026.10.01-06.05.05 SHOT requested: FScreenshotRequest(bShowUI) -> C:\tmp\envmaps-research\p5a\bench\runs-raw\cobble\r1/bench-K2x2p5-1920x1080.png
2026.10.01-06.05.05 SHOT captured file=bench-K2x2p5-1920x1080.png frame=23988 px=1920x1080 sha256=6e69c42d15370906753ec6bda79f65f4d23bc153fdb1ef224cf21b522ba91b35 order=BGRA saved=1
2026.10.01-06.05.05 SHOT late begin file=bench-K2x2p5-1920x1080.png frame=23988 requestFrame=23988
2026.10.01-06.05.05 SHOT iconstate visible=0 lastFighter=none frame=23988
2026.10.01-06.05.05 SHOT panel id=hud.command bbox=(0,0,20,20) geom=painted visible=1 frame=23988
2026.10.01-06.05.05 SHOT panel id=hud.side bbox=(1884,0,1920,28) geom=painted visible=1 frame=23988
2026.10.01-06.05.05 SHOT panel id=hud.hand bbox=(950,1060,970,1080) geom=painted visible=1 frame=23988
2026.10.01-06.05.05 SHOT label fighter=f-0-hero mode=full bbox=(915,419,1005,460) frame=23988
2026.10.01-06.05.05 SHOT late end file=bench-K2x2p5-1920x1080.png frame=23988
2026.10.01-06.05.05 BENCH shot view=K2x2.5 saved=1 path=C:\tmp\envmaps-research\p5a\bench\runs-raw\cobble\r1/bench-K2x2p5-1920x1080.png
2026.10.01-06.05.05 BENCH done views=4 elapsed=155.7
2026.10.01-06.05.05 --- S08 trace close ---
