2026.09.29-05.34.22 --- S08 trace open 2026.09.29-05.34.22 ---
2026.09.29-05.34.22 HUD icon texture size=32 ready=1 path=/Game/ArtTests/ARTMarkers/Textures/T_UI_Action_Attack_32 texture=32x32 probe=0 plate=1
2026.09.29-05.34.22 HUD alternate config periodS=3.0 startAt=34.0 first=slate
2026.09.29-05.34.22 HUD art widget plate impl=umg source=/Game/S08/UI/ArtHud/WBP_S08ArtPlate class=/Game/S08/UI/ArtHud/WBP_S08ArtPlate.WBP_S08ArtPlate_C parts=1 missing=- codeDefaultTree=0
2026.09.29-05.34.22 HUD art widget icon impl=umg source=/Game/S08/UI/ArtHud/WBP_S08ArtIcon class=/Game/S08/UI/ArtHud/WBP_S08ArtIcon.WBP_S08ArtIcon_C parts=1 missing=- codeDefaultTree=0
2026.09.29-05.34.22 RENDER preset applied=High flag=S08RenderPreset
2026.09.29-05.34.23 LOGIN ok user=art-preview-joiner
2026.09.29-05.34.25 HEROES loaded 84
2026.09.29-05.34.25 CODE resolved -> cmum8rkx900z1wilkxjsf6rf6
2026.09.29-05.34.25 joinGame -> room=cmum8rkx900z1wilkxjsf6rf6 code=<redacted> status=LOBBY
2026.09.29-05.34.27 PERF config tMaxFPS=30.0 frameRateLimit=60.0 vsync=0 smoothFrameRate=0 fixedFrameRate=0 rhi=D3D12
2026.09.29-05.34.27 RENDER tag=PERF rhi=D3D12 featureLevel=SM6 shaderPlatform=PCD3D_SM6 lumenPlatform=1 gi=lumen giMethod=1 refl=lumen reflMethod=1 shadows=csm vsmEnable=0 sg.res=100 sg.view=2 sg.aa=2 sg.shadow=2 sg.gi=2 sg.refl=2 sg.pp=2 sg.tex=2 sg.fx=2 sg.foliage=2 sg.shading=2 sg.landscape=2 preset=High screenPct=100.0 screenPctMode=0 aa=TSR aaMethod=4 exposure=engine-default expMin=1.00000 expMax=1.00000 expBias=1.000 ev100=0.00 lightUnits=- sky=0 skyIntensity=0.000 keyShadow=- shadowCasters=0 profile=- profilesSha256=- profilesSource=- legacyRender=0 gameLayer=unlit-eyeadaptinv tMaxFPS=30.0 vsync=0 frameRateLimit=60.0 substrate=0 nanite=1 meshDF=1 viewport=1920x1080 reference=0 notReference=noArtProfile,exposure,lightUnits,profilesSource
2026.09.29-05.34.27 PERF window t=0.0-5.1 frames=150 fps=29.64 frameMs avg=33.74 p50=33.33 p95=34.49 p99=46.95 max=57.32 hitches50=1 gpuMs avg=1.20 p50=1.28 p95=1.52 gameMs avg=1.98 p95=2.82 renderMs avg=2869.07 p95=6.81
2026.09.29-05.34.28 game -> room=cmum8rkx900z1wilkxjsf6rf6 code=<redacted> status=LOBBY
2026.09.29-05.34.28 selectHero -> room=cmum8rkx900z1wilkxjsf6rf6 code=<redacted> status=LOBBY
2026.09.29-05.34.31 game -> room=cmum8rkx900z1wilkxjsf6rf6 code=<redacted> status=LOBBY
2026.09.29-05.34.31 toggleReady -> room=cmum8rkx900z1wilkxjsf6rf6 code=<redacted> status=LOBBY
2026.09.29-05.34.32 PERF window t=5.1-10.1 frames=150 fps=29.87 frameMs avg=33.48 p50=33.33 p95=33.75 p99=38.91 max=41.97 hitches50=0 gpuMs avg=1.31 p50=1.29 p95=1.50 gameMs avg=1.82 p95=2.73 renderMs avg=3.13 p95=4.72
2026.09.29-05.34.34 game -> room=cmum8rkx900z1wilkxjsf6rf6 code=<redacted> status=LOBBY
2026.09.29-05.34.37 PERF window t=10.1-15.1 frames=149 fps=29.80 frameMs avg=33.56 p50=33.33 p95=33.56 p99=38.36 max=49.90 hitches50=0 gpuMs avg=1.33 p50=1.31 p95=1.52 gameMs avg=1.85 p95=2.99 renderMs avg=3.78 p95=5.06
2026.09.29-05.34.37 game -> room=cmum8rkx900z1wilkxjsf6rf6 code=<redacted> status=IN_PROGRESS
2026.09.29-05.34.37 WS DROPPED (test-initiated transport loss)
2026.09.29-05.34.37 WS closed (test drop) - reconnect in 1s
2026.09.29-05.34.37 STATE failed: Состояние игры cmum8rkx900z1wilkxjsf6rf6 не найдено
2026.09.29-05.34.37 WS closed 1000 (normal closure)
2026.09.29-05.34.39 WS reconnect attempt
2026.09.29-05.34.39 SUBSCRIBED gameStateUpdated since=0
2026.09.29-05.34.39 WS reconnected - refetching gameState
2026.09.29-05.34.39 SNAPSHOT applied seq=1 phase=ACTION_MANEUVER
2026.09.29-05.34.39 HANDLE_APPLIED #1 seq=1 decision=2 fightersValid=1 boardValid=1
2026.09.29-05.34.39 MODE seq=1 mode=0 combat=0 pending=0
2026.09.29-05.34.39 HUD seq=1 phase=ACTION_MANEUVER turn=opp hand=5 oppHand=5(hidden) oppDeck=25 deck=25 discard=0
2026.09.29-05.34.39 ARTPREVIEW board profiles loaded=1 revision=2 boards=3 zoneStyles=11 lightProfiles=3 errors=0 path=Config/ArtBoards/S08ArtBoardProfiles.json
2026.09.29-05.34.39 ARTPREVIEW board profiles source=pak sha256=91ea86be522212fc770a33e3c9ac66f1cfde90c720c609bdc6bd29589965eaa5
2026.09.29-05.34.39 ARTPREVIEW game layer material=M_S08_GameLayerUnlit unlitEyeAdaptInv=1 legacyRender=0
2026.09.29-05.34.39 ARTPREVIEW Cobble assets ready
2026.09.29-05.34.39 ARTPREVIEW board assets ready cobbleMesh=1 tiles=1 zoneMaterials=2
2026.09.29-05.34.39 ARTPREVIEW medusa candidate variant=face-neck-v2 mesh=SK_Medusa_FaceNeck_v2Candidate requested=face-neck-v2
2026.09.29-05.34.39 ARTPREVIEW board profile=cobble-city match=boardId board=5x6 boardId=cmuhgs4b2001mwik4f2b2xtf8 surface=cobble-5x6-mesh light=cobble-probe artFixture=0
2026.09.29-05.34.39 ARTPREVIEW light profile=cobble-probe name=key role=key kind=directional at=(-350,-150,600) intensity=4.5 units=lux radius=0 color=(1.00,1.00,1.00) shadow=1
2026.09.29-05.34.39 ARTPREVIEW light profile=cobble-probe name=warm role=warm kind=point at=(260,-300,250) intensity=85 units=candelas radius=450 color=(1.00,1.00,1.00) shadow=0
2026.09.29-05.34.39 ARTPREVIEW sky profile=cobble-probe cubemap=/Game/S08/Render/TC_S08_AmbientDome loaded=1 spawned=1 intensity=11.2 color=(1.00,1.00,1.00) lowerBlack=0
2026.09.29-05.34.39 ARTPREVIEW exposure profile=cobble-probe method=histogram-fixed min=2.46229 max=2.46229 bias=0.000 ev100=1.30 volume=1
2026.09.29-05.34.39 ARTPREVIEW lights applied profile=cobble-probe directional=1 shadow=1 points=1 pointShadows=0 budgetOk=1
2026.09.29-05.34.39 ARTPREVIEW render profile=cobble-probe units=candelas sky=1 exposure=1 keyShadow=csm-3000uu-2c-contact0.000 shadowCasters=1 legacyRender=0
2026.09.29-05.34.39 ARTPREVIEW Cobble probe lights key=4.5 fill=0 warm=85
2026.09.29-05.34.39 ARTPREVIEW Cobble active 5x6 zones=30 blue=15 red=15 blueMarks=15 redMarks=45
2026.09.29-05.34.39 ARTPREVIEW board active profile=cobble-city 5x6 surface=cobble-5x6-mesh cells=30 zoneCells=30 multizone=0 triple=0 obstacles=0 zoneKeys=2 strokes=60 glyphs=45 surfaceParts=0 glyphMaterial=zone expectOk=1
2026.09.29-05.34.39 ARTPREVIEW board zone key=blue cells=15 stroke=solid glyph=diamond color=#3B78D8 ismUsage=1 strokePieces=15 glyphPieces=15 fallback=0
2026.09.29-05.34.39 ARTPREVIEW board zone key=red cells=15 stroke=dash3 glyph=bars2 color=#D8453B ismUsage=1 strokePieces=45 glyphPieces=30 fallback=0
2026.09.29-05.34.39 ARTPREVIEW board multizone cells=0 zonesListed=0 zonesMarked=0
2026.09.29-05.34.39 CAMERA dist=1931 loc=(0,1107,1582) pitch=-55 yaw=-90
2026.09.29-05.34.39 CAMERA config overview=1930.8 nearest=300.0 farthest=2970.4 zoomRange=0.65-6.44 minDist=300.0 outRatio=0.650 step=1.250 animMs=200 returnMs=300 followFrom=1.20 source=defaults issues=0
2026.09.29-05.34.39 BOARD 5x6 cells | control points: (0,0)=(-200,-250,0) (4,5)=(200,250,0) | neighbor pair (dist 100 uu)
2026.09.29-05.34.39 ARTPREVIEW click capsule fighter=f-0-hero mesh=SK_Medusa_FaceNeck_v2Candidate physicsAsset=0 radius=12.5 halfHeight=27.5 top=55.0 bodyCollision=0 source=meshBounds
2026.09.29-05.34.39 ARTPREVIEW fighter=Medusa hero=1 eligible=1 visual=1 mesh=SK_Medusa_FaceNeck_v2Candidate
2026.09.29-05.34.39 ARTPREVIEW click capsule fighter=f-0-sk0 mesh=SM_ART003_Harpy physicsAsset=0 radius=20.0 halfHeight=21.0 top=42.0 bodyCollision=0 source=meshBounds
2026.09.29-05.34.39 ARTPREVIEW click capsule fighter=f-0-sk1 mesh=SM_ART003_Harpy physicsAsset=0 radius=20.0 halfHeight=21.0 top=42.0 bodyCollision=0 source=meshBounds
2026.09.29-05.34.39 ARTPREVIEW click capsule fighter=f-0-sk2 mesh=SM_ART003_Harpy physicsAsset=0 radius=20.0 halfHeight=21.0 top=42.0 bodyCollision=0 source=meshBounds
2026.09.29-05.34.39 ARTPREVIEW click capsule fighter=f-1-hero mesh=SM_ART003_Arthur physicsAsset=0 radius=17.8 halfHeight=28.0 top=56.0 bodyCollision=0 source=meshBounds
2026.09.29-05.34.39 ARTPREVIEW click capsule fighter=f-1-sk0 mesh=SM_ART003_Merlin physicsAsset=0 radius=14.7 halfHeight=30.8 top=61.5 bodyCollision=0 source=meshBounds
2026.09.29-05.34.39 FIGHTERS synced n=6 alive=6 own=2 enemy=4
2026.09.29-05.34.39 STATE seq=1 -> apply
2026.09.29-05.34.39 SNAPSHOT applied seq=1 phase=ACTION_MANEUVER
2026.09.29-05.34.39 HANDLE_APPLIED #2 seq=1 decision=1 fightersValid=1 boardValid=1
2026.09.29-05.34.39 MODE seq=1 mode=0 combat=0 pending=0
2026.09.29-05.34.39 HUD seq=1 phase=ACTION_MANEUVER turn=opp hand=5 oppHand=5(hidden) oppDeck=25 deck=25 discard=0
2026.09.29-05.34.39 ARTPREVIEW fighter=Medusa hero=1 eligible=1 visual=1 mesh=SK_Medusa_FaceNeck_v2Candidate
2026.09.29-05.34.39 FIGHTERS synced n=6 alive=6 own=2 enemy=4
2026.09.29-05.34.39 WS seq=1 phase=ACTION_MANEUVER (merge)
2026.09.29-05.34.39 HUD art layer plate=1 iconSize=32 iconTexture=1 iconProbe=0 plan=0
2026.09.29-05.34.39 HUD art impl=alternate plateViews=umg:/Game/S08/UI/ArtHud/WBP_S08ArtPlate,slate:slate iconViews=umg:/Game/S08/UI/ArtHud/WBP_S08ArtIcon,slate:slate textTable=S08ArtHud entries=13 missingKeys=0
2026.09.29-05.34.40 game -> room=cmum8rkx900z1wilkxjsf6rf6 code=<redacted> status=IN_PROGRESS
2026.09.29-05.34.42 PERF window t=15.1-20.1 frames=148 fps=29.54 frameMs avg=33.85 p50=33.33 p95=33.48 p99=57.10 max=63.77 hitches50=3 gpuMs avg=1.73 p50=1.80 p95=2.09 gameMs avg=1.99 p95=2.47 renderMs avg=4.60 p95=6.09
2026.09.29-05.34.43 game -> room=cmum8rkx900z1wilkxjsf6rf6 code=<redacted> status=IN_PROGRESS
2026.09.29-05.34.46 game -> room=cmum8rkx900z1wilkxjsf6rf6 code=<redacted> status=IN_PROGRESS
2026.09.29-05.34.47 PERF window t=20.1-25.1 frames=150 fps=29.93 frameMs avg=33.41 p50=33.33 p95=33.59 p99=36.29 max=37.75 hitches50=0 gpuMs avg=1.85 p50=1.82 p95=2.03 gameMs avg=1.63 p95=3.01 renderMs avg=4.13 p95=5.99
2026.09.29-05.34.49 game -> room=cmum8rkx900z1wilkxjsf6rf6 code=<redacted> status=IN_PROGRESS
2026.09.29-05.34.52 SHOT ctx viewport=1920x1080 viewTarget=CameraActor_2147482364 cam=(0,1107,1582) rot=(-55,-90,0)
2026.09.29-05.34.52 RENDER tag=SHOT rhi=D3D12 featureLevel=SM6 shaderPlatform=PCD3D_SM6 lumenPlatform=1 gi=lumen giMethod=1 refl=lumen reflMethod=1 shadows=csm vsmEnable=0 sg.res=100 sg.view=2 sg.aa=2 sg.shadow=2 sg.gi=2 sg.refl=2 sg.pp=2 sg.tex=2 sg.fx=2 sg.foliage=2 sg.shading=2 sg.landscape=2 preset=High screenPct=100.0 screenPctMode=0 aa=TSR aaMethod=4 exposure=fixed-histogram expMin=2.46229 expMax=2.46229 expBias=0.000 ev100=1.30 lightUnits=candelas sky=1 skyIntensity=11.200 keyShadow=csm-3000uu-2c-contact0.000 shadowCasters=1 profile=cobble-probe profilesSha256=91ea86be522212fc770a33e3c9ac66f1cfde90c720c609bdc6bd29589965eaa5 profilesSource=pak legacyRender=0 gameLayer=unlit-eyeadaptinv tMaxFPS=30.0 vsync=0 frameRateLimit=60.0 substrate=0 nanite=1 meshDF=1 viewport=1920x1080 reference=1
2026.09.29-05.34.52 SHOT fighter f-0-hero pos=(2,2) world=(0,-50,0) screen=(960,476) projected=1 alive=1
2026.09.29-05.34.52 SHOT fighter f-0-sk0 pos=(3,2) world=(100,-50,0) screen=(1115,476) projected=1 alive=1
2026.09.29-05.34.52 SHOT fighter f-0-sk1 pos=(2,1) world=(0,-150,0) screen=(960,355) projected=1 alive=1
2026.09.29-05.34.52 SHOT fighter f-0-sk2 pos=(1,2) world=(-100,-50,0) screen=(805,476) projected=1 alive=1
2026.09.29-05.34.52 SHOT fighter f-1-hero pos=(2,3) world=(0,50,0) screen=(960,606) projected=1 alive=1
2026.09.29-05.34.52 SHOT fighter f-1-sk0 pos=(3,3) world=(100,50,0) screen=(1120,606) projected=1 alive=1
2026.09.29-05.34.52 SHOT camera dist=1930.8 target=1930.8 overview=1930.8 errPct=0.000 focusErr=0.00 settled=1 zoom=1.00
2026.09.29-05.34.52 SHOT head fighter=f-0-hero socket=Head mesh=SK_Medusa_FaceNeck_v2Candidate world=(0.0,-46.0,38.5) screen=(960.0,445.5) top=(960.0,439.8) bottom=(960.0,451.2) headPx=11.4 projected=1
2026.09.29-05.34.52 SHOT label fighter=f-0-hero mode=full bbox=(916,381,1004,414)
2026.09.29-05.34.52 SHOT label fighter=f-0-sk0 mode=full bbox=(1072,399,1169,428)
2026.09.29-05.34.52 SHOT label fighter=f-0-sk1 mode=full bbox=(914,276,1006,305)
2026.09.29-05.34.52 SHOT label fighter=f-0-sk2 mode=full bbox=(751,399,848,428)
2026.09.29-05.34.52 SHOT label fighter=f-1-hero mode=full bbox=(913,517,1007,545)
2026.09.29-05.34.52 SHOT label fighter=f-1-sk0 mode=full bbox=(1088,529,1162,558)
2026.09.29-05.34.52 SHOT requested: FScreenshotRequest(bShowUI) -> C:\Users\ren\AppData\Local\Temp\s08-phase2-20260929-103414-58264\phase2-board-joiner-1920x1080.png
2026.09.29-05.34.53 PERF window t=25.1-30.2 frames=148 fps=29.16 frameMs avg=34.30 p50=33.33 p95=33.34 p99=35.90 max=171.29 hitches50=1 gpuMs avg=1.94 p50=1.92 p95=2.21 gameMs avg=1.61 p95=2.46 renderMs avg=4.12 p95=5.69
2026.09.29-05.34.53 game -> room=cmum8rkx900z1wilkxjsf6rf6 code=<redacted> status=IN_PROGRESS
2026.09.29-05.34.56 game -> room=cmum8rkx900z1wilkxjsf6rf6 code=<redacted> status=IN_PROGRESS
2026.09.29-05.34.58 PERF window t=30.2-35.2 frames=150 fps=29.92 frameMs avg=33.42 p50=33.33 p95=33.47 p99=35.40 max=40.42 hitches50=0 gpuMs avg=1.93 p50=1.88 p95=2.12 gameMs avg=2.39 p95=1.98 renderMs avg=4.27 p95=5.59
2026.09.29-05.34.59 game -> room=cmum8rkx900z1wilkxjsf6rf6 code=<redacted> status=IN_PROGRESS
2026.09.29-05.35.02 game -> room=cmum8rkx900z1wilkxjsf6rf6 code=<redacted> status=IN_PROGRESS
2026.09.29-05.35.03 PERF window t=35.2-40.2 frames=150 fps=29.95 frameMs avg=33.39 p50=33.33 p95=33.36 p99=34.92 max=38.25 hitches50=0 gpuMs avg=1.85 p50=1.81 p95=2.16 gameMs avg=1.58 p95=2.42 renderMs avg=4.17 p95=5.98
2026.09.29-05.35.05 game -> room=cmum8rkx900z1wilkxjsf6rf6 code=<redacted> status=IN_PROGRESS
2026.09.29-05.35.08 PERF window t=40.2-45.2 frames=149 fps=29.68 frameMs avg=33.69 p50=33.33 p95=33.41 p99=35.56 max=82.50 hitches50=1 gpuMs avg=1.90 p50=1.86 p95=2.11 gameMs avg=1.52 p95=1.99 renderMs avg=4.14 p95=5.78
2026.09.29-05.35.08 game -> room=cmum8rkx900z1wilkxjsf6rf6 code=<redacted> status=IN_PROGRESS
2026.09.29-05.35.11 game -> room=cmum8rkx900z1wilkxjsf6rf6 code=<redacted> status=IN_PROGRESS
2026.09.29-05.35.13 PERF window t=45.2-50.2 frames=150 fps=29.89 frameMs avg=33.46 p50=33.33 p95=33.46 p99=37.00 max=41.88 hitches50=0 gpuMs avg=1.83 p50=1.82 p95=2.03 gameMs avg=1.46 p95=2.31 renderMs avg=4.03 p95=5.83
2026.09.29-05.35.14 game -> room=cmum8rkx900z1wilkxjsf6rf6 code=<redacted> status=IN_PROGRESS
2026.09.29-05.35.17 game -> room=cmum8rkx900z1wilkxjsf6rf6 code=<redacted> status=IN_PROGRESS
2026.09.29-05.35.18 PERF window t=50.2-55.2 frames=150 fps=29.95 frameMs avg=33.38 p50=33.33 p95=33.37 p99=35.40 max=37.05 hitches50=0 gpuMs avg=1.91 p50=1.88 p95=2.14 gameMs avg=1.38 p95=1.98 renderMs avg=4.25 p95=6.04
2026.09.29-05.35.20 game -> room=cmum8rkx900z1wilkxjsf6rf6 code=<redacted> status=IN_PROGRESS
2026.09.29-05.35.23 PERF window t=55.2-60.3 frames=149 fps=29.73 frameMs avg=33.64 p50=33.33 p95=34.53 p99=45.86 max=46.93 hitches50=0 gpuMs avg=1.92 p50=1.87 p95=2.25 gameMs avg=1.34 p95=1.75 renderMs avg=3.97 p95=5.89
2026.09.29-05.35.23 game -> room=cmum8rkx900z1wilkxjsf6rf6 code=<redacted> status=IN_PROGRESS
2026.09.29-05.35.26 game -> room=cmum8rkx900z1wilkxjsf6rf6 code=<redacted> status=IN_PROGRESS
2026.09.29-05.35.28 PERF window t=60.3-65.3 frames=149 fps=29.75 frameMs avg=33.61 p50=33.33 p95=33.78 p99=44.97 max=53.47 hitches50=1 gpuMs avg=1.95 p50=1.90 p95=2.24 gameMs avg=1.30 p95=2.06 renderMs avg=3.88 p95=5.70
2026.09.29-05.35.29 game -> room=cmum8rkx900z1wilkxjsf6rf6 code=<redacted> status=IN_PROGRESS
2026.09.29-05.35.32 game -> room=cmum8rkx900z1wilkxjsf6rf6 code=<redacted> status=IN_PROGRESS
2026.09.29-05.35.33 PERF window t=65.3-70.3 frames=149 fps=29.78 frameMs avg=33.58 p50=33.33 p95=33.69 p99=39.38 max=49.06 hitches50=0 gpuMs avg=1.92 p50=1.88 p95=2.10 gameMs avg=1.24 p95=1.76 renderMs avg=3.79 p95=5.03
2026.09.29-05.35.35 game -> room=cmum8rkx900z1wilkxjsf6rf6 code=<redacted> status=IN_PROGRESS
2026.09.29-05.35.38 PERF window t=70.3-75.3 frames=149 fps=29.74 frameMs avg=33.62 p50=33.33 p95=34.01 p99=42.00 max=45.80 hitches50=0 gpuMs avg=1.91 p50=1.87 p95=2.12 gameMs avg=1.37 p95=2.00 renderMs avg=3.95 p95=5.58
2026.09.29-05.35.38 game -> room=cmum8rkx900z1wilkxjsf6rf6 code=<redacted> status=IN_PROGRESS
2026.09.29-05.35.41 game -> room=cmum8rkx900z1wilkxjsf6rf6 code=<redacted> status=IN_PROGRESS
2026.09.29-05.35.43 PERF window t=75.3-80.3 frames=149 fps=29.72 frameMs avg=33.65 p50=33.33 p95=33.87 p99=43.96 max=51.14 hitches50=1 gpuMs avg=1.91 p50=1.88 p95=2.23 gameMs avg=1.39 p95=2.64 renderMs avg=4.07 p95=5.62
2026.09.29-05.35.44 game -> room=cmum8rkx900z1wilkxjsf6rf6 code=<redacted> status=IN_PROGRESS
2026.09.29-05.35.47 game -> room=cmum8rkx900z1wilkxjsf6rf6 code=<redacted> status=IN_PROGRESS
2026.09.29-05.35.48 PERF window t=80.3-85.3 frames=149 fps=29.68 frameMs avg=33.69 p50=33.33 p95=34.01 p99=43.35 max=52.52 hitches50=1 gpuMs avg=1.92 p50=1.89 p95=2.20 gameMs avg=1.51 p95=2.07 renderMs avg=4.46 p95=6.16
2026.09.29-05.35.50 game -> room=cmum8rkx900z1wilkxjsf6rf6 code=<redacted> status=IN_PROGRESS
2026.09.29-05.35.53 PERF window t=85.3-90.3 frames=149 fps=29.72 frameMs avg=33.65 p50=33.33 p95=33.65 p99=47.63 max=51.10 hitches50=1 gpuMs avg=1.94 p50=1.88 p95=2.19 gameMs avg=1.34 p95=2.12 renderMs avg=4.24 p95=5.94
2026.09.29-05.35.53 game -> room=cmum8rkx900z1wilkxjsf6rf6 code=<redacted> status=IN_PROGRESS
2026.09.29-05.35.56 game -> room=cmum8rkx900z1wilkxjsf6rf6 code=<redacted> status=IN_PROGRESS
2026.09.29-05.35.58 PERF window t=90.3-95.3 frames=150 fps=29.87 frameMs avg=33.47 p50=33.33 p95=34.12 p99=37.43 max=40.02 hitches50=0 gpuMs avg=1.89 p50=1.84 p95=2.23 gameMs avg=1.58 p95=2.29 renderMs avg=4.31 p95=6.16
2026.09.29-05.35.59 game -> room=cmum8rkx900z1wilkxjsf6rf6 code=<redacted> status=IN_PROGRESS
2026.09.29-05.36.02 game -> room=cmum8rkx900z1wilkxjsf6rf6 code=<redacted> status=IN_PROGRESS
2026.09.29-05.36.02 PERF summary scope=afterWarmup warmup=5 elapsed=100.0 frames=2828 fps=29.76 frameMs avg=33.60 p50=33.33 p95=33.60 p99=39.71 max=171.29 hitches50=9 gpuMs avg=1.83 p50=1.84 p95=2.12 gameMs avg=1.57 p95=2.37 renderMs avg=4.08 p95=5.96
2026.09.29-05.36.02 PERF summary scope=started elapsed=100.0 frames=2526 fps=29.75 frameMs avg=33.61 p50=33.33 p95=33.57 p99=40.02 max=171.29 hitches50=9 gpuMs avg=1.89 p50=1.85 p95=2.14 gameMs avg=1.54 p95=2.18 renderMs avg=4.15 p95=5.99
2026.09.29-05.36.02 PERF summary scope=artHud impl=alternate elapsed=100.0 frames=0 fps=0.00 frameMs avg=0.00 p50=0.00 p95=0.00 p99=0.00 max=0.00 hitches50=0 gpuMs avg=0.00 p50=0.00 p95=0.00 gameMs avg=0.00 p95=0.00 renderMs avg=0.00 p95=0.00
2026.09.29-05.36.02 PERF summary scope=artHudUmg impl=umg swaps=0 periodS=3.0 elapsed=100.0 frames=0 fps=0.00 frameMs avg=0.00 p50=0.00 p95=0.00 p99=0.00 max=0.00 hitches50=0 gpuMs avg=0.00 p50=0.00 p95=0.00 gameMs avg=0.00 p95=0.00 renderMs avg=0.00 p95=0.00 gameP50=0.000 gameP99=0.000
2026.09.29-05.36.02 PERF summary scope=artHudSlate impl=slate swaps=0 periodS=3.0 elapsed=100.0 frames=0 fps=0.00 frameMs avg=0.00 p50=0.00 p95=0.00 p99=0.00 max=0.00 hitches50=0 gpuMs avg=0.00 p50=0.00 p95=0.00 gameMs avg=0.00 p95=0.00 renderMs avg=0.00 p95=0.00 gameP50=0.000 gameP99=0.000
2026.09.29-05.36.02 --- S08 trace close ---
