2026.09.29-05.34.16 --- S08 trace open 2026.09.29-05.34.16 ---
2026.09.29-05.34.16 HUD icon texture size=48 ready=1 path=/Game/ArtTests/ARTMarkers/Textures/T_UI_Action_Attack_48 texture=48x48 probe=1 plate=1
2026.09.29-05.34.16 HUD alternate config periodS=3.0 startAt=34.0 first=slate
2026.09.29-05.34.16 HUD art widget plate impl=umg source=/Game/S08/UI/ArtHud/WBP_S08ArtPlate class=/Game/S08/UI/ArtHud/WBP_S08ArtPlate.WBP_S08ArtPlate_C parts=1 missing=- codeDefaultTree=0
2026.09.29-05.34.16 HUD art widget icon impl=umg source=/Game/S08/UI/ArtHud/WBP_S08ArtIcon class=/Game/S08/UI/ArtHud/WBP_S08ArtIcon.WBP_S08ArtIcon_C parts=1 missing=- codeDefaultTree=0
2026.09.29-05.34.16 RENDER preset applied=High flag=S08RenderPreset
2026.09.29-05.34.16 LOGIN ok user=art-preview-host
2026.09.29-05.34.19 HEROES loaded 84
2026.09.29-05.34.19 createGame -> room=cmum8rkx900z1wilkxjsf6rf6 code=<redacted> status=LOBBY
2026.09.29-05.34.21 PERF config tMaxFPS=30.0 frameRateLimit=60.0 vsync=0 smoothFrameRate=0 fixedFrameRate=0 rhi=D3D12
2026.09.29-05.34.21 RENDER tag=PERF rhi=D3D12 featureLevel=SM6 shaderPlatform=PCD3D_SM6 lumenPlatform=1 gi=lumen giMethod=1 refl=lumen reflMethod=1 shadows=csm vsmEnable=0 sg.res=100 sg.view=2 sg.aa=2 sg.shadow=2 sg.gi=2 sg.refl=2 sg.pp=2 sg.tex=2 sg.fx=2 sg.foliage=2 sg.shading=2 sg.landscape=2 preset=High screenPct=100.0 screenPctMode=0 aa=TSR aaMethod=4 exposure=engine-default expMin=1.00000 expMax=1.00000 expBias=1.000 ev100=0.00 lightUnits=- sky=0 skyIntensity=0.000 keyShadow=- shadowCasters=0 profile=- profilesSha256=- profilesSource=- legacyRender=0 gameLayer=unlit-eyeadaptinv tMaxFPS=30.0 vsync=0 frameRateLimit=60.0 substrate=0 nanite=1 meshDF=1 viewport=1920x1080 reference=0 notReference=noArtProfile,exposure,lightUnits,profilesSource
2026.09.29-05.34.21 PERF window t=0.0-5.1 frames=151 fps=29.83 frameMs avg=33.52 p50=33.33 p95=33.45 p99=41.80 max=46.64 hitches50=0 gpuMs avg=1.25 p50=1.26 p95=1.52 gameMs avg=2.36 p95=3.16 renderMs avg=2850.13 p95=7.04
2026.09.29-05.34.22 game -> room=cmum8rkx900z1wilkxjsf6rf6 code=<redacted> status=LOBBY
2026.09.29-05.34.22 selectHero -> room=cmum8rkx900z1wilkxjsf6rf6 code=<redacted> status=LOBBY
2026.09.29-05.34.25 game -> room=cmum8rkx900z1wilkxjsf6rf6 code=<redacted> status=LOBBY
2026.09.29-05.34.25 toggleReady -> room=cmum8rkx900z1wilkxjsf6rf6 code=<redacted> status=LOBBY
2026.09.29-05.34.26 PERF window t=5.1-10.1 frames=149 fps=29.80 frameMs avg=33.56 p50=33.33 p95=34.02 p99=43.19 max=43.24 hitches50=0 gpuMs avg=1.31 p50=1.28 p95=1.50 gameMs avg=1.94 p95=3.10 renderMs avg=3.68 p95=5.23
2026.09.29-05.34.28 game -> room=cmum8rkx900z1wilkxjsf6rf6 code=<redacted> status=LOBBY
2026.09.29-05.34.31 PERF window t=10.1-15.1 frames=150 fps=29.85 frameMs avg=33.50 p50=33.33 p95=33.47 p99=39.10 max=40.11 hitches50=0 gpuMs avg=1.30 p50=1.28 p95=1.53 gameMs avg=1.84 p95=2.52 renderMs avg=3.38 p95=4.79
2026.09.29-05.34.31 game -> room=cmum8rkx900z1wilkxjsf6rf6 code=<redacted> status=LOBBY
2026.09.29-05.34.34 game -> room=cmum8rkx900z1wilkxjsf6rf6 code=<redacted> status=LOBBY
2026.09.29-05.34.36 PERF window t=15.1-20.1 frames=149 fps=29.65 frameMs avg=33.73 p50=33.33 p95=34.01 p99=45.16 max=52.33 hitches50=1 gpuMs avg=1.34 p50=1.30 p95=1.58 gameMs avg=1.89 p95=2.53 renderMs avg=3.51 p95=4.81
2026.09.29-05.34.37 game -> room=cmum8rkx900z1wilkxjsf6rf6 code=<redacted> status=LOBBY
2026.09.29-05.34.38 startGame -> room=cmum8rkx900z1wilkxjsf6rf6 code=<redacted> status=IN_PROGRESS
2026.09.29-05.34.38 SNAPSHOT applied seq=1 phase=ACTION_MANEUVER
2026.09.29-05.34.38 HANDLE_APPLIED #1 seq=1 decision=2 fightersValid=1 boardValid=1
2026.09.29-05.34.38 MODE seq=1 mode=0 combat=0 pending=0
2026.09.29-05.34.38 HUD seq=1 phase=ACTION_MANEUVER turn=you hand=5 oppHand=5(hidden) oppDeck=25 deck=25 discard=0
2026.09.29-05.34.38 ARTPREVIEW board profiles loaded=1 revision=2 boards=3 zoneStyles=11 lightProfiles=3 errors=0 path=Config/ArtBoards/S08ArtBoardProfiles.json
2026.09.29-05.34.38 ARTPREVIEW board profiles source=pak sha256=91ea86be522212fc770a33e3c9ac66f1cfde90c720c609bdc6bd29589965eaa5
2026.09.29-05.34.38 ARTPREVIEW game layer material=M_S08_GameLayerUnlit unlitEyeAdaptInv=1 legacyRender=0
2026.09.29-05.34.38 ARTPREVIEW Cobble assets ready
2026.09.29-05.34.38 ARTPREVIEW board assets ready cobbleMesh=1 tiles=1 zoneMaterials=2
2026.09.29-05.34.38 ARTPREVIEW medusa candidate variant=face-neck-v2 mesh=SK_Medusa_FaceNeck_v2Candidate requested=face-neck-v2
2026.09.29-05.34.38 ARTPREVIEW board profile=cobble-city match=boardId board=5x6 boardId=cmuhgs4b2001mwik4f2b2xtf8 surface=cobble-5x6-mesh light=cobble-probe artFixture=0
2026.09.29-05.34.38 ARTPREVIEW light profile=cobble-probe name=key role=key kind=directional at=(-350,-150,600) intensity=4.5 units=lux radius=0 color=(1.00,1.00,1.00) shadow=1
2026.09.29-05.34.38 ARTPREVIEW light profile=cobble-probe name=warm role=warm kind=point at=(260,-300,250) intensity=85 units=candelas radius=450 color=(1.00,1.00,1.00) shadow=0
2026.09.29-05.34.38 ARTPREVIEW sky profile=cobble-probe cubemap=/Game/S08/Render/TC_S08_AmbientDome loaded=1 spawned=1 intensity=11.2 color=(1.00,1.00,1.00) lowerBlack=0
2026.09.29-05.34.38 ARTPREVIEW exposure profile=cobble-probe method=histogram-fixed min=2.46229 max=2.46229 bias=0.000 ev100=1.30 volume=1
2026.09.29-05.34.38 ARTPREVIEW lights applied profile=cobble-probe directional=1 shadow=1 points=1 pointShadows=0 budgetOk=1
2026.09.29-05.34.38 ARTPREVIEW render profile=cobble-probe units=candelas sky=1 exposure=1 keyShadow=csm-3000uu-2c-contact0.000 shadowCasters=1 legacyRender=0
2026.09.29-05.34.38 ARTPREVIEW Cobble probe lights key=4.5 fill=0 warm=85
2026.09.29-05.34.38 ARTPREVIEW Cobble active 5x6 zones=30 blue=15 red=15 blueMarks=15 redMarks=45
2026.09.29-05.34.38 ARTPREVIEW board active profile=cobble-city 5x6 surface=cobble-5x6-mesh cells=30 zoneCells=30 multizone=0 triple=0 obstacles=0 zoneKeys=2 strokes=60 glyphs=45 surfaceParts=0 glyphMaterial=zone expectOk=1
2026.09.29-05.34.38 ARTPREVIEW board zone key=blue cells=15 stroke=solid glyph=diamond color=#3B78D8 ismUsage=1 strokePieces=15 glyphPieces=15 fallback=0
2026.09.29-05.34.38 ARTPREVIEW board zone key=red cells=15 stroke=dash3 glyph=bars2 color=#D8453B ismUsage=1 strokePieces=45 glyphPieces=30 fallback=0
2026.09.29-05.34.38 ARTPREVIEW board multizone cells=0 zonesListed=0 zonesMarked=0
2026.09.29-05.34.38 CAMERA dist=1931 loc=(0,1107,1582) pitch=-55 yaw=-90
2026.09.29-05.34.38 CAMERA config overview=1930.8 nearest=300.0 farthest=2970.4 zoomRange=0.65-6.44 minDist=300.0 outRatio=0.650 step=1.250 animMs=200 returnMs=300 followFrom=1.20 source=defaults issues=0
2026.09.29-05.34.38 BOARD 5x6 cells | control points: (0,0)=(-200,-250,0) (4,5)=(200,250,0) | neighbor pair (dist 100 uu)
2026.09.29-05.34.38 ARTPREVIEW click capsule fighter=f-0-hero mesh=SK_Medusa_FaceNeck_v2Candidate physicsAsset=0 radius=12.5 halfHeight=27.5 top=55.0 bodyCollision=0 source=meshBounds
2026.09.29-05.34.38 ARTPREVIEW fighter=Medusa hero=1 eligible=1 visual=1 mesh=SK_Medusa_FaceNeck_v2Candidate
2026.09.29-05.34.38 ARTPREVIEW click capsule fighter=f-0-sk0 mesh=SM_ART003_Harpy physicsAsset=0 radius=20.0 halfHeight=21.0 top=42.0 bodyCollision=0 source=meshBounds
2026.09.29-05.34.38 ARTPREVIEW click capsule fighter=f-0-sk1 mesh=SM_ART003_Harpy physicsAsset=0 radius=20.0 halfHeight=21.0 top=42.0 bodyCollision=0 source=meshBounds
2026.09.29-05.34.38 ARTPREVIEW click capsule fighter=f-0-sk2 mesh=SM_ART003_Harpy physicsAsset=0 radius=20.0 halfHeight=21.0 top=42.0 bodyCollision=0 source=meshBounds
2026.09.29-05.34.38 ARTPREVIEW click capsule fighter=f-1-hero mesh=SM_ART003_Arthur physicsAsset=0 radius=17.8 halfHeight=28.0 top=56.0 bodyCollision=0 source=meshBounds
2026.09.29-05.34.38 ARTPREVIEW click capsule fighter=f-1-sk0 mesh=SM_ART003_Merlin physicsAsset=0 radius=14.7 halfHeight=30.8 top=61.5 bodyCollision=0 source=meshBounds
2026.09.29-05.34.38 FIGHTERS synced n=6 alive=6 own=4 enemy=2
2026.09.29-05.34.38 STATE seq=1 -> apply
2026.09.29-05.34.38 HUD art layer plate=1 iconSize=48 iconTexture=1 iconProbe=1 plan=0
2026.09.29-05.34.38 HUD art impl=alternate plateViews=umg:/Game/S08/UI/ArtHud/WBP_S08ArtPlate,slate:slate iconViews=umg:/Game/S08/UI/ArtHud/WBP_S08ArtIcon,slate:slate textTable=S08ArtHud entries=13 missingKeys=0
2026.09.29-05.34.38 SUBSCRIBED gameStateUpdated since=1
2026.09.29-05.34.38 ARTPREVIEW icon probe src=flag target=f-1-hero size=48
2026.09.29-05.34.38 ICON fighter=f-1-hero bbox=(936,465,984,513) size=48 src=flag labelAvoid=1 hudAvoid=0
2026.09.29-05.34.38 SNAPSHOT applied seq=1 phase=ACTION_MANEUVER
2026.09.29-05.34.38 HANDLE_APPLIED #2 seq=1 decision=1 fightersValid=1 boardValid=1
2026.09.29-05.34.38 MODE seq=1 mode=0 combat=0 pending=0
2026.09.29-05.34.38 HUD seq=1 phase=ACTION_MANEUVER turn=you hand=5 oppHand=5(hidden) oppDeck=25 deck=25 discard=0
2026.09.29-05.34.38 ARTPREVIEW fighter=Medusa hero=1 eligible=1 visual=1 mesh=SK_Medusa_FaceNeck_v2Candidate
2026.09.29-05.34.38 FIGHTERS synced n=6 alive=6 own=4 enemy=2
2026.09.29-05.34.38 WS seq=1 phase=ACTION_MANEUVER (merge)
2026.09.29-05.34.40 game -> room=cmum8rkx900z1wilkxjsf6rf6 code=<redacted> status=IN_PROGRESS
2026.09.29-05.34.41 PERF window t=20.1-25.1 frames=148 fps=29.43 frameMs avg=33.97 p50=33.33 p95=33.51 p99=53.82 max=100.59 hitches50=2 gpuMs avg=1.72 p50=1.80 p95=2.04 gameMs avg=2.38 p95=3.96 renderMs avg=5.02 p95=5.88
2026.09.29-05.34.43 game -> room=cmum8rkx900z1wilkxjsf6rf6 code=<redacted> status=IN_PROGRESS
2026.09.29-05.34.44 ARTPREVIEW selection ring shown fighter=Medusa mesh=SM_Marker_SelectionRing
2026.09.29-05.34.44 ARTPREVIEW reachable corners cells=13 placed=1
2026.09.29-05.34.44 ARTPREVIEW selection ownHero=1 selected=1 fighter=Medusa reachable=14 fighterId=f-0-hero
2026.09.29-05.34.44 INPUT select src=flag fighter=f-0-hero flag=ArtPreviewSelectOwnHero
2026.09.29-05.34.44 ARTPREVIEW camera focus requested zoom=5.00 overview=1931 target=386
2026.09.29-05.34.44 INPUT zoom src=flag zoom=5.00 flag=ArtPreviewFocusZoom
2026.09.29-05.34.44 CAMERA focus src=flag from=1930.8 to=386.2 requested=386.2 zoom=5.00 clamp=0 limit=none animMs=200
2026.09.29-05.34.44 HUD plate content fighter=f-0-hero name=Medusa hp=16/16 team=own statuses=HERO  |  MELEE
2026.09.29-05.34.44 ICON fighter=f-1-hero bbox=(936,809,984,857) size=48 src=flag labelAvoid=0 hudAvoid=0
2026.09.29-05.34.44 PLATE fighter=f-0-hero bbox=(1097,471,1269,525) overlapReachable=0 placement=right ring=0 gap=6 selection=f-0-hero destinations=13 clean=1 softPx2=0 tested=228
2026.09.29-05.34.44 CAMERA settled elapsed=28.18 dist=386.2 target=386.2 errPct=0.000 focusErr=0.00 focus=(0,-50,28)
2026.09.29-05.34.44 ICON fighter=f-1-hero bbox=(936,933,984,981) size=48 src=flag labelAvoid=0 hudAvoid=1
2026.09.29-05.34.44 PLATE fighter=f-0-hero bbox=(1139,494,1311,548) overlapReachable=0 placement=right ring=0 gap=6 selection=f-0-hero destinations=13 clean=1 softPx2=0 tested=278
2026.09.29-05.34.46 SHOT ctx viewport=1920x1080 viewTarget=CameraActor_2147482364 cam=(0,171,344) rot=(-55,-90,0)
2026.09.29-05.34.46 RENDER tag=SHOT rhi=D3D12 featureLevel=SM6 shaderPlatform=PCD3D_SM6 lumenPlatform=1 gi=lumen giMethod=1 refl=lumen reflMethod=1 shadows=csm vsmEnable=0 sg.res=100 sg.view=2 sg.aa=2 sg.shadow=2 sg.gi=2 sg.refl=2 sg.pp=2 sg.tex=2 sg.fx=2 sg.foliage=2 sg.shading=2 sg.landscape=2 preset=High screenPct=100.0 screenPctMode=0 aa=TSR aaMethod=4 exposure=fixed-histogram expMin=2.46229 expMax=2.46229 expBias=0.000 ev100=1.30 lightUnits=candelas sky=1 skyIntensity=11.200 keyShadow=csm-3000uu-2c-contact0.000 shadowCasters=1 profile=cobble-probe profilesSha256=91ea86be522212fc770a33e3c9ac66f1cfde90c720c609bdc6bd29589965eaa5 profilesSource=pak legacyRender=0 gameLayer=unlit-eyeadaptinv tMaxFPS=30.0 vsync=0 frameRateLimit=60.0 substrate=0 nanite=1 meshDF=1 viewport=1920x1080 reference=1
2026.09.29-05.34.46 SHOT fighter f-0-hero pos=(2,2) world=(0,-50,0) screen=(960,660) projected=1 alive=1
2026.09.29-05.34.46 SHOT fighter f-0-sk0 pos=(3,2) world=(100,-50,0) screen=(1704,660) projected=1 alive=1
2026.09.29-05.34.46 SHOT fighter f-0-sk1 pos=(2,1) world=(0,-150,0) screen=(960,110) projected=1 alive=1
2026.09.29-05.34.46 SHOT fighter f-0-sk2 pos=(1,2) world=(-100,-50,0) screen=(216,660) projected=1 alive=1
2026.09.29-05.34.46 SHOT fighter f-1-hero pos=(2,3) world=(0,50,0) screen=(960,1388) projected=1 alive=1
2026.09.29-05.34.46 SHOT fighter f-1-sk0 pos=(3,3) world=(100,50,0) screen=(1826,1388) projected=1 alive=1
2026.09.29-05.34.46 SHOT camera dist=386.2 target=386.2 overview=1930.8 errPct=0.000 focusErr=0.00 settled=1 zoom=5.00
2026.09.29-05.34.46 SHOT head fighter=f-0-hero socket=Head mesh=SK_Medusa_FaceNeck_v2Candidate world=(0.0,-46.0,38.5) screen=(960.0,517.7) top=(960.0,489.1) bottom=(960.0,545.6) headPx=56.4 projected=1
2026.09.29-05.34.46 SHOT selection fighter=f-0-hero ownCell=(2,2) legal=14 destinations=13 ownCellExcluded=1 plateFighter=f-0-hero
2026.09.29-05.34.46 SHOT reachable fighter=f-0-hero n=13 cells=(1,0)(2,0)(3,0)(0,1)(1,1)(3,1)(4,1)(0,2)(4,2)(0,3)(1,3)(4,3)(1,4)
2026.09.29-05.34.46 SHOT plate fighter=f-0-hero bbox=(1139,494,1311,548) overlapReachable=0 placement=right gap=6 anchor=(787,282,1133,788) planned=(1139,494,1311,548) geom=painted stableFrames=54
2026.09.29-05.34.46 SHOT icon fighter=f-1-hero bbox=(936,933,984,981) size=48 src=flag planned=(936,933,984,981) geom=painted
2026.09.29-05.34.46 SHOT widget id=plate impl=umg state=own fighter=f-0-hero bbox=(1139,494,1311,548) geom=painted visible=1 twin=0 source=/Game/S08/UI/ArtHud/WBP_S08ArtPlate
2026.09.29-05.34.46 SHOT widget id=plate.marker impl=umg state=own fighter=f-0-hero bbox=(1139,494,1311,497) geom=painted visible=1 twin=0 source=/Game/S08/UI/ArtHud/WBP_S08ArtPlate
2026.09.29-05.34.46 SHOT widget id=plate.name impl=umg state=own fighter=f-0-hero bbox=(1145,499,1260,518) geom=painted visible=1 twin=0 source=/Game/S08/UI/ArtHud/WBP_S08ArtPlate
2026.09.29-05.34.46 SHOT widget id=plate.team impl=umg state=own fighter=f-0-hero bbox=(1260,502,1305,515) geom=painted visible=1 twin=0 source=/Game/S08/UI/ArtHud/WBP_S08ArtPlate
2026.09.29-05.34.46 SHOT widget id=plate.hpbar impl=umg state=own fighter=f-0-hero bbox=(1145,524,1241,531) geom=painted visible=1 twin=0 source=/Game/S08/UI/ArtHud/WBP_S08ArtPlate
2026.09.29-05.34.46 SHOT widget id=plate.hpfill impl=umg state=own fighter=f-0-hero bbox=(1145,524,1241,531) geom=painted visible=1 twin=0 source=/Game/S08/UI/ArtHud/WBP_S08ArtPlate
2026.09.29-05.34.46 SHOT widget id=plate.hp impl=umg state=own fighter=f-0-hero bbox=(1247,520,1300,535) geom=painted visible=1 twin=0 source=/Game/S08/UI/ArtHud/WBP_S08ArtPlate
2026.09.29-05.34.46 SHOT widget id=plate.status impl=umg state=own fighter=f-0-hero bbox=(1145,537,1305,550) geom=painted visible=1 twin=0 source=/Game/S08/UI/ArtHud/WBP_S08ArtPlate
2026.09.29-05.34.46 SHOT widget id=icon impl=umg state=flag fighter=f-1-hero bbox=(936,933,984,981) geom=painted visible=1 twin=0 source=/Game/S08/UI/ArtHud/WBP_S08ArtIcon
2026.09.29-05.34.46 SHOT label fighter=f-0-sk0 mode=compact bbox=(1724,432,1848,446)
2026.09.29-05.34.46 SHOT label fighter=f-0-sk1 mode=compact bbox=(908,-140,1012,-126)
2026.09.29-05.34.46 SHOT label fighter=f-0-sk2 mode=compact bbox=(72,432,196,446)
2026.09.29-05.34.46 SHOT label fighter=f-1-hero mode=compact bbox=(880,1137,1040,1147)
2026.09.29-05.34.46 SHOT label fighter=f-1-sk0 mode=compact bbox=(1875,1215,2003,1227)
2026.09.29-05.34.46 SHOT requested: FScreenshotRequest(bShowUI) -> C:\Users\ren\AppData\Local\Temp\s08-phase2-20260929-103414-58264\phase2-board-host-1920x1080.png
2026.09.29-05.34.47 PERF window t=25.1-30.3 frames=147 fps=28.38 frameMs avg=35.23 p50=33.33 p95=33.44 p99=34.04 max=309.90 hitches50=1 gpuMs avg=1.94 p50=1.86 p95=2.25 gameMs avg=2.11 p95=3.63 renderMs avg=4.43 p95=6.58
2026.09.29-05.34.47 game -> room=cmum8rkx900z1wilkxjsf6rf6 code=<redacted> status=IN_PROGRESS
2026.09.29-05.34.50 game -> room=cmum8rkx900z1wilkxjsf6rf6 code=<redacted> status=IN_PROGRESS
2026.09.29-05.34.50 HUD alternate swap=1 active=slate elapsed=34.01
2026.09.29-05.34.52 PERF window t=30.3-35.3 frames=150 fps=29.89 frameMs avg=33.46 p50=33.33 p95=33.34 p99=40.32 max=44.41 hitches50=0 gpuMs avg=2.11 p50=2.04 p95=2.45 gameMs avg=3.82 p95=2.64 renderMs avg=4.25 p95=5.25
2026.09.29-05.34.53 game -> room=cmum8rkx900z1wilkxjsf6rf6 code=<redacted> status=IN_PROGRESS
2026.09.29-05.34.53 HUD alternate period=1 impl=slate frames=84 gameAvg=2.150 gameP50=1.948 gameP95=3.333 gpuP95=2.451
2026.09.29-05.34.53 HUD alternate swap=2 active=umg elapsed=37.02
2026.09.29-05.34.56 game -> room=cmum8rkx900z1wilkxjsf6rf6 code=<redacted> status=IN_PROGRESS
2026.09.29-05.34.56 HUD alternate period=2 impl=umg frames=84 gameAvg=1.972 gameP50=1.868 gameP95=2.592 gpuP95=2.418
2026.09.29-05.34.56 HUD alternate swap=3 active=slate elapsed=40.02
2026.09.29-05.34.57 PERF window t=35.3-40.4 frames=150 fps=29.90 frameMs avg=33.45 p50=33.33 p95=33.40 p99=36.45 max=43.89 hitches50=0 gpuMs avg=2.10 p50=2.05 p95=2.40 gameMs avg=2.11 p95=3.22 renderMs avg=4.86 p95=6.65
2026.09.29-05.34.59 game -> room=cmum8rkx900z1wilkxjsf6rf6 code=<redacted> status=IN_PROGRESS
2026.09.29-05.34.59 HUD alternate period=3 impl=slate frames=83 gameAvg=2.060 gameP50=1.633 gameP95=2.603 gpuP95=2.381
2026.09.29-05.34.59 HUD alternate swap=4 active=umg elapsed=43.05
2026.09.29-05.35.02 PERF window t=40.4-45.4 frames=149 fps=29.64 frameMs avg=33.74 p50=33.33 p95=33.48 p99=38.68 max=85.33 hitches50=1 gpuMs avg=2.06 p50=1.99 p95=2.38 gameMs avg=2.12 p95=3.11 renderMs avg=4.33 p95=6.05
2026.09.29-05.35.02 game -> room=cmum8rkx900z1wilkxjsf6rf6 code=<redacted> status=IN_PROGRESS
2026.09.29-05.35.02 HUD alternate period=4 impl=umg frames=84 gameAvg=2.133 gameP50=1.798 gameP95=3.079 gpuP95=2.335
2026.09.29-05.35.02 HUD alternate swap=5 active=slate elapsed=46.05
2026.09.29-05.35.05 game -> room=cmum8rkx900z1wilkxjsf6rf6 code=<redacted> status=IN_PROGRESS
2026.09.29-05.35.05 HUD alternate period=5 impl=slate frames=84 gameAvg=1.819 gameP50=1.599 gameP95=2.539 gpuP95=2.346
2026.09.29-05.35.05 HUD alternate swap=6 active=umg elapsed=49.05
2026.09.29-05.35.07 PERF window t=45.4-50.4 frames=150 fps=29.91 frameMs avg=33.43 p50=33.33 p95=33.48 p99=34.22 max=44.55 hitches50=0 gpuMs avg=2.04 p50=1.99 p95=2.34 gameMs avg=1.97 p95=3.06 renderMs avg=4.13 p95=5.79
2026.09.29-05.35.08 game -> room=cmum8rkx900z1wilkxjsf6rf6 code=<redacted> status=IN_PROGRESS
2026.09.29-05.35.08 HUD alternate period=6 impl=umg frames=84 gameAvg=1.906 gameP50=1.616 gameP95=2.574 gpuP95=2.283
2026.09.29-05.35.08 HUD alternate swap=7 active=slate elapsed=52.07
2026.09.29-05.35.11 game -> room=cmum8rkx900z1wilkxjsf6rf6 code=<redacted> status=IN_PROGRESS
2026.09.29-05.35.11 HUD alternate period=7 impl=slate frames=84 gameAvg=1.884 gameP50=1.622 gameP95=3.006 gpuP95=2.406
2026.09.29-05.35.11 HUD alternate swap=8 active=umg elapsed=55.07
2026.09.29-05.35.12 PERF window t=50.4-55.4 frames=150 fps=29.94 frameMs avg=33.40 p50=33.33 p95=33.36 p99=37.55 max=37.60 hitches50=0 gpuMs avg=2.08 p50=1.99 p95=2.42 gameMs avg=1.83 p95=2.89 renderMs avg=4.08 p95=5.87
2026.09.29-05.35.14 game -> room=cmum8rkx900z1wilkxjsf6rf6 code=<redacted> status=IN_PROGRESS
2026.09.29-05.35.14 HUD alternate period=8 impl=umg frames=84 gameAvg=1.834 gameP50=1.643 gameP95=2.688 gpuP95=2.388
2026.09.29-05.35.14 HUD alternate swap=9 active=slate elapsed=58.08
2026.09.29-05.35.17 PERF window t=55.4-60.4 frames=150 fps=29.98 frameMs avg=33.36 p50=33.33 p95=33.34 p99=33.65 max=36.16 hitches50=0 gpuMs avg=2.09 p50=2.03 p95=2.44 gameMs avg=1.79 p95=2.62 renderMs avg=4.23 p95=5.79
2026.09.29-05.35.17 game -> room=cmum8rkx900z1wilkxjsf6rf6 code=<redacted> status=IN_PROGRESS
2026.09.29-05.35.17 HUD alternate period=9 impl=slate frames=84 gameAvg=1.913 gameP50=1.722 gameP95=3.194 gpuP95=2.505
2026.09.29-05.35.17 HUD alternate swap=10 active=umg elapsed=61.08
2026.09.29-05.35.20 game -> room=cmum8rkx900z1wilkxjsf6rf6 code=<redacted> status=IN_PROGRESS
2026.09.29-05.35.20 HUD alternate period=10 impl=umg frames=84 gameAvg=1.901 gameP50=1.559 gameP95=2.158 gpuP95=2.655
2026.09.29-05.35.20 HUD alternate swap=11 active=slate elapsed=64.10
2026.09.29-05.35.22 PERF window t=60.4-65.4 frames=150 fps=29.83 frameMs avg=33.52 p50=33.33 p95=33.55 p99=39.55 max=46.07 hitches50=0 gpuMs avg=2.14 p50=2.04 p95=2.68 gameMs avg=1.94 p95=3.21 renderMs avg=4.19 p95=6.46
2026.09.29-05.35.23 game -> room=cmum8rkx900z1wilkxjsf6rf6 code=<redacted> status=IN_PROGRESS
2026.09.29-05.35.23 HUD alternate period=11 impl=slate frames=84 gameAvg=1.806 gameP50=1.575 gameP95=2.517 gpuP95=2.611
2026.09.29-05.35.23 HUD alternate swap=12 active=umg elapsed=67.13
2026.09.29-05.35.26 game -> room=cmum8rkx900z1wilkxjsf6rf6 code=<redacted> status=IN_PROGRESS
2026.09.29-05.35.26 HUD alternate period=12 impl=umg frames=84 gameAvg=1.935 gameP50=1.575 gameP95=3.756 gpuP95=2.546
2026.09.29-05.35.26 HUD alternate swap=13 active=slate elapsed=70.14
2026.09.29-05.35.27 PERF window t=65.4-70.5 frames=149 fps=29.65 frameMs avg=33.72 p50=33.33 p95=33.79 p99=46.58 max=53.49 hitches50=1 gpuMs avg=2.13 p50=2.03 p95=2.52 gameMs avg=1.88 p95=3.29 renderMs avg=4.08 p95=5.72
2026.09.29-05.35.29 game -> room=cmum8rkx900z1wilkxjsf6rf6 code=<redacted> status=IN_PROGRESS
2026.09.29-05.35.29 HUD alternate period=13 impl=slate frames=84 gameAvg=1.701 gameP50=1.481 gameP95=2.532 gpuP95=2.469
2026.09.29-05.35.29 HUD alternate swap=14 active=umg elapsed=73.18
2026.09.29-05.35.32 PERF window t=70.5-75.5 frames=149 fps=29.79 frameMs avg=33.56 p50=33.33 p95=33.49 p99=39.90 max=47.79 hitches50=0 gpuMs avg=2.13 p50=2.06 p95=2.48 gameMs avg=1.77 p95=3.06 renderMs avg=4.02 p95=5.97
2026.09.29-05.35.32 game -> room=cmum8rkx900z1wilkxjsf6rf6 code=<redacted> status=IN_PROGRESS
2026.09.29-05.35.32 HUD alternate period=14 impl=umg frames=84 gameAvg=1.793 gameP50=1.625 gameP95=2.944 gpuP95=2.569
2026.09.29-05.35.32 HUD alternate swap=15 active=slate elapsed=76.20
2026.09.29-05.35.35 game -> room=cmum8rkx900z1wilkxjsf6rf6 code=<redacted> status=IN_PROGRESS
2026.09.29-05.35.35 HUD alternate period=15 impl=slate frames=84 gameAvg=1.780 gameP50=1.589 gameP95=3.251 gpuP95=2.540
2026.09.29-05.35.35 HUD alternate swap=16 active=umg elapsed=79.22
2026.09.29-05.35.37 PERF window t=75.5-80.5 frames=150 fps=29.81 frameMs avg=33.55 p50=33.33 p95=33.53 p99=42.79 max=43.27 hitches50=0 gpuMs avg=2.12 p50=2.07 p95=2.53 gameMs avg=1.79 p95=3.25 renderMs avg=4.16 p95=5.97
2026.09.29-05.35.38 game -> room=cmum8rkx900z1wilkxjsf6rf6 code=<redacted> status=IN_PROGRESS
2026.09.29-05.35.38 HUD alternate period=16 impl=umg frames=83 gameAvg=1.997 gameP50=1.581 gameP95=2.727 gpuP95=2.334
2026.09.29-05.35.38 HUD alternate swap=17 active=slate elapsed=82.22
2026.09.29-05.35.41 game -> room=cmum8rkx900z1wilkxjsf6rf6 code=<redacted> status=IN_PROGRESS
2026.09.29-05.35.42 HUD alternate period=17 impl=slate frames=84 gameAvg=1.852 gameP50=1.546 gameP95=2.740 gpuP95=2.561
2026.09.29-05.35.42 HUD alternate swap=18 active=umg elapsed=85.24
2026.09.29-05.35.42 PERF window t=80.5-85.5 frames=149 fps=29.65 frameMs avg=33.73 p50=33.33 p95=33.62 p99=48.61 max=50.10 hitches50=1 gpuMs avg=2.11 p50=2.04 p95=2.50 gameMs avg=2.02 p95=2.75 renderMs avg=4.26 p95=6.12
2026.09.29-05.35.44 game -> room=cmum8rkx900z1wilkxjsf6rf6 code=<redacted> status=IN_PROGRESS
2026.09.29-05.35.45 HUD alternate period=18 impl=umg frames=83 gameAvg=2.198 gameP50=1.722 gameP95=3.628 gpuP95=2.283
2026.09.29-05.35.45 HUD alternate swap=19 active=slate elapsed=88.25
2026.09.29-05.35.47 PERF window t=85.5-90.6 frames=150 fps=29.81 frameMs avg=33.54 p50=33.33 p95=33.52 p99=42.62 max=52.43 hitches50=1 gpuMs avg=2.09 p50=2.04 p95=2.36 gameMs avg=1.95 p95=3.17 renderMs avg=4.69 p95=6.70
2026.09.29-05.35.47 game -> room=cmum8rkx900z1wilkxjsf6rf6 code=<redacted> status=IN_PROGRESS
2026.09.29-05.35.48 HUD alternate period=19 impl=slate frames=84 gameAvg=2.040 gameP50=1.645 gameP95=2.816 gpuP95=2.322
2026.09.29-05.35.48 HUD alternate swap=20 active=umg elapsed=91.28
2026.09.29-05.35.50 game -> room=cmum8rkx900z1wilkxjsf6rf6 code=<redacted> status=IN_PROGRESS
2026.09.29-05.35.51 HUD alternate period=20 impl=umg frames=84 gameAvg=1.946 gameP50=1.816 gameP95=2.778 gpuP95=2.493
2026.09.29-05.35.51 HUD alternate swap=21 active=slate elapsed=94.30
2026.09.29-05.35.52 PERF window t=90.6-95.6 frames=149 fps=29.62 frameMs avg=33.76 p50=33.33 p95=33.64 p99=48.90 max=51.05 hitches50=1 gpuMs avg=2.12 p50=2.05 p95=2.56 gameMs avg=2.14 p95=3.03 renderMs avg=4.56 p95=6.72
2026.09.29-05.35.53 game -> room=cmum8rkx900z1wilkxjsf6rf6 code=<redacted> status=IN_PROGRESS
2026.09.29-05.35.54 HUD alternate period=21 impl=slate frames=83 gameAvg=2.306 gameP50=1.897 gameP95=3.859 gpuP95=2.500
2026.09.29-05.35.54 HUD alternate swap=22 active=umg elapsed=97.30
2026.09.29-05.35.56 game -> room=cmum8rkx900z1wilkxjsf6rf6 code=<redacted> status=IN_PROGRESS
2026.09.29-05.35.56 PERF summary scope=afterWarmup warmup=5 elapsed=100.0 frames=2822 fps=29.70 frameMs avg=33.67 p50=33.33 p95=33.55 p99=41.36 max=309.90 hitches50=9 gpuMs avg=1.95 p50=2.00 p95=2.43 gameMs avg=2.07 p95=3.08 renderMs avg=4.24 p95=6.19
2026.09.29-05.35.56 PERF summary scope=started elapsed=100.0 frames=2337 fps=29.68 frameMs avg=33.69 p50=33.33 p95=33.51 p99=41.36 max=309.90 hitches50=8 gpuMs avg=2.08 p50=2.02 p95=2.46 gameMs avg=2.10 p95=3.11 renderMs avg=4.39 p95=6.42
2026.09.29-05.35.56 PERF summary scope=artHud impl=alternate elapsed=100.0 frames=2138 fps=29.69 frameMs avg=33.68 p50=33.33 p95=33.52 p99=41.36 max=309.90 hitches50=6 gpuMs avg=2.10 p50=2.03 p95=2.47 gameMs avg=2.11 p95=3.17 renderMs avg=4.35 p95=6.46
2026.09.29-05.35.56 PERF summary scope=artHudUmg impl=umg swaps=22 periodS=3.0 elapsed=100.0 frames=913 fps=29.81 frameMs avg=33.54 p50=33.33 p95=33.48 p99=42.60 max=52.43 hitches50=2 gpuMs avg=2.10 p50=2.03 p95=2.46 gameMs avg=1.96 p95=3.03 renderMs avg=4.34 p95=6.50 gameP50=1.686 gameP99=6.264
2026.09.29-05.35.56 PERF summary scope=artHudSlate impl=slate swaps=22 periodS=3.0 elapsed=100.0 frames=922 fps=29.77 frameMs avg=33.59 p50=33.33 p95=33.55 p99=39.90 max=85.33 hitches50=3 gpuMs avg=2.10 p50=2.03 p95=2.49 gameMs avg=1.94 p95=3.08 renderMs avg=4.28 p95=6.33 gameP50=1.648 gameP99=6.450
2026.09.29-05.35.56 --- S08 trace close ---
