2026.10.01-06.49.00 --- S08 trace open 2026.10.01-06.49.00 ---
2026.10.01-06.49.00 HUD team chips ready=1 mode=absolute tagNames=rule
2026.10.01-06.49.00 HUD icon texture size=32 ready=1 path=/Game/ArtTests/ARTMarkers/Textures/T_UI_Action_AttackToken_32 texture=32x32 probe=0 plate=1
2026.10.01-06.49.00 HUD art widget tag impl=umg source=/Game/S08/UI/ArtHud/WBP_S08ArtTag class=/Game/S08/UI/ArtHud/WBP_S08ArtTag.WBP_S08ArtTag_C count=8 missing=- codeDefaultTree=0
2026.10.01-06.49.00 HUD art widget plate impl=umg source=/Game/S08/UI/ArtHud/WBP_S08ArtPlate class=/Game/S08/UI/ArtHud/WBP_S08ArtPlate.WBP_S08ArtPlate_C parts=1 missing=- codeDefaultTree=0
2026.10.01-06.49.00 HUD art widget icon impl=umg source=/Game/S08/UI/ArtHud/WBP_S08ArtIcon class=/Game/S08/UI/ArtHud/WBP_S08ArtIcon.WBP_S08ArtIcon_C parts=1 missing=- codeDefaultTree=0
2026.10.01-06.49.00 HUD art widget damage impl=umg source=/Game/S08/UI/ArtHud/WBP_S08ArtDamage class=/Game/S08/UI/ArtHud/WBP_S08ArtDamage.WBP_S08ArtDamage_C parts=1 missing=- codeDefaultTree=0
2026.10.01-06.49.00 RENDER preset applied=High flag=S08RenderPreset
2026.10.01-06.49.00 LOGIN ok user=art-preview-host
2026.10.01-06.49.03 HEROES loaded 84
2026.10.01-06.49.03 createGame -> room=cmup6be2u00o3wi9o7eg5h1tn code=<redacted> status=LOBBY
2026.10.01-06.49.05 PERF config tMaxFPS=30.0 frameRateLimit=60.0 vsync=0 smoothFrameRate=0 fixedFrameRate=0 rhi=D3D12
2026.10.01-06.49.05 RENDER tag=PERF rhi=D3D12 featureLevel=SM6 shaderPlatform=PCD3D_SM6 lumenPlatform=1 gi=lumen giMethod=1 refl=lumen reflMethod=1 shadows=csm vsmEnable=0 sg.res=100 sg.view=2 sg.aa=2 sg.shadow=2 sg.gi=2 sg.refl=2 sg.pp=2 sg.tex=2 sg.fx=2 sg.foliage=2 sg.shading=2 sg.landscape=2 preset=High screenPct=100.0 screenPctMode=0 aa=TSR aaMethod=4 exposure=engine-default expMin=1.00000 expMax=1.00000 expBias=1.000 ev100=0.00 lightUnits=- sky=0 skyIntensity=0.000 keyShadow=- shadowCasters=0 profile=- profilesSha256=- profilesSource=- legacyRender=0 gameLayer=unlit-eyeadaptinv tMaxFPS=30.0 vsync=0 frameRateLimit=60.0 substrate=0 nanite=1 meshDF=1 viewport=1920x1080 reference=0 notReference=noArtProfile,exposure,lightUnits,profilesSource
2026.10.01-06.49.05 PERF window t=0.0-5.0 frames=151 fps=29.93 frameMs avg=33.41 p50=33.33 p95=33.34 p99=33.85 max=43.62 hitches50=0 gpuMs avg=1.34 p50=1.43 p95=1.54 gameMs avg=1.37 p95=1.89 renderMs avg=2849.15 p95=4.59
2026.10.01-06.49.06 game -> room=cmup6be2u00o3wi9o7eg5h1tn code=<redacted> status=LOBBY
2026.10.01-06.49.06 selectHero -> room=cmup6be2u00o3wi9o7eg5h1tn code=<redacted> status=LOBBY
2026.10.01-06.49.09 game -> room=cmup6be2u00o3wi9o7eg5h1tn code=<redacted> status=LOBBY
2026.10.01-06.49.09 toggleReady -> room=cmup6be2u00o3wi9o7eg5h1tn code=<redacted> status=LOBBY
2026.10.01-06.49.10 PERF window t=5.0-10.0 frames=150 fps=30.00 frameMs avg=33.34 p50=33.33 p95=33.34 p99=33.39 max=33.46 hitches50=0 gpuMs avg=1.26 p50=1.24 p95=1.37 gameMs avg=1.29 p95=1.97 renderMs avg=2.90 p95=4.91
2026.10.01-06.49.12 game -> room=cmup6be2u00o3wi9o7eg5h1tn code=<redacted> status=LOBBY
2026.10.01-06.49.15 PERF window t=10.0-15.0 frames=150 fps=30.00 frameMs avg=33.33 p50=33.33 p95=33.33 p99=33.34 max=33.35 hitches50=0 gpuMs avg=1.24 p50=1.23 p95=1.27 gameMs avg=1.05 p95=1.21 renderMs avg=2.35 p95=2.80
2026.10.01-06.49.15 game -> room=cmup6be2u00o3wi9o7eg5h1tn code=<redacted> status=LOBBY
2026.10.01-06.49.18 game -> room=cmup6be2u00o3wi9o7eg5h1tn code=<redacted> status=LOBBY
2026.10.01-06.49.18 startGame -> room=cmup6be2u00o3wi9o7eg5h1tn code=<redacted> status=IN_PROGRESS
2026.10.01-06.49.18 SNAPSHOT applied seq=1 phase=ACTION_MANEUVER
2026.10.01-06.49.18 HANDLE_APPLIED #1 seq=1 decision=2 fightersValid=1 boardValid=1
2026.10.01-06.49.18 MODE seq=1 mode=0 combat=0 pending=0
2026.10.01-06.49.18 HUD seq=1 phase=ACTION_MANEUVER turn=you hand=5 oppHand=5(hidden) oppDeck=25 deck=25 discard=0
2026.10.01-06.49.18 ARTPREVIEW diorama requested mesh=/Game/PipelineCandidates/TableBase/20260928-table-base-tripo-h31/Meshes/SM_TableBase.SM_TableBase mi=MI_TableBase_Candidate
2026.10.01-06.49.18 ARTPREVIEW envlayout enabled dir=Config/ArtBoards/EnvLayouts source=pak files=2 names=marmoreal.layout.json+sarpedon.layout.json
2026.10.01-06.49.18 ARTPREVIEW board profiles loaded=1 revision=11 boards=5 zoneStyles=11 lightProfiles=5 errors=0 path=Config/ArtBoards/S08ArtBoardProfiles.json
2026.10.01-06.49.18 ARTPREVIEW board profiles source=pak sha256=c90dddd95a8a7a0b12294b1a6f47218d6e7a860f74b8c51660d4fdb00c320a8b
2026.10.01-06.49.18 ARTPREVIEW zone content instances=12/12 glyphMeshes=11/11
2026.10.01-06.49.18 ARTPREVIEW zone keyline content mi=MI_ART005_Zone_Keyline glyphKeyMeshes=11/11 color=#111317
2026.10.01-06.49.18 ARTPREVIEW game layer material=M_S08_GameLayerUnlit unlitEyeAdaptInv=1 legacyRender=0
2026.10.01-06.49.18 ARTPREVIEW Cobble assets ready
2026.10.01-06.49.18 ARTPREVIEW board assets ready cobbleMesh=1 tiles=1 zoneMaterials=2
2026.10.01-06.49.18 ARTPREVIEW medusa candidate variant=face-neck-v2 mesh=SK_Medusa_FaceNeck_v2Candidate requested=(default)
2026.10.01-06.49.18 ARTPREVIEW map-image assets map=Sarpedon mi=MI_Sarpedon_MapBoard material=M_MapBoard bc=T_Sarpedon_Map_BC_4K mask=T_Sarpedon_Map_GameMask_4K boundBc=1 boundMask=1 sdf=-1 id=-1
2026.10.01-06.49.18 ARTPREVIEW board profile=sarpedon-original match=boardId board=9x6 boardId=c7fa64a26c29a0835f2383e63 surface=map-image light=sarpedon-night artFixture=0 map=Sarpedon
2026.10.01-06.49.18 ARTPREVIEW light profile=sarpedon-night name=key role=key kind=directional at=(-350,-150,600) intensity=3.5 units=lux radius=0 color=(0.60,0.71,0.97) shadow=1
2026.10.01-06.49.18 ARTPREVIEW light profile=sarpedon-night name=moon-pool role=cool kind=point at=(0,0,750) intensity=260 units=candelas radius=1250 color=(0.82,0.88,1.00) shadow=0
2026.10.01-06.49.18 ARTPREVIEW sky profile=sarpedon-night cubemap=/Game/S08/Render/TC_S08_AmbientDome loaded=1 spawned=1 intensity=3 color=(0.58,0.70,1.00) lowerBlack=0
2026.10.01-06.49.18 ARTPREVIEW fog profile=sarpedon-night spawned=1 color=(0.2000,0.2550,0.4600) density=0.32 falloff=0.2 heightZ=-400 start=2900 end=6000 maxOpacity=1.00 volumetric=0
2026.10.01-06.49.18 ARTPREVIEW exposure profile=sarpedon-night method=histogram-fixed min=4.14106 max=4.14106 bias=0.000 ev100=2.05 volume=1
2026.10.01-06.49.18 ARTPREVIEW lights applied profile=sarpedon-night directional=1 shadow=1 points=1 pointShadows=0 budgetOk=1
2026.10.01-06.49.18 ARTPREVIEW render profile=sarpedon-night units=candelas sky=1 exposure=1 keyShadow=csm-3600uu-2c-contact0.000 shadowCasters=1 legacyRender=0
2026.10.01-06.49.18 ARTPREVIEW map grade profile=sarpedon-night source=profile nightEV=-0.35 nightSaturation=0.75 lift=1.70 nightTint=(0.9700,1.0000,1.0500) maskSaturation=1.05 liftSaturation=1.10 maskInverseTint=(1.0500,0.9960,0.8910) graph=v2 maskTerms=1
2026.10.01-06.49.18 ARTPREVIEW map frame wood=frame-wood material=M_MapFrameWood valueScaleSrgb=0.70 valueScaleLinear=0.4563 saturation=0.75
2026.10.01-06.49.18 ARTPREVIEW board active profile=sarpedon-original 9x6 surface=map-image map=Sarpedon spaces=38 links=61 starts=4 zoneKeys=6 multizone=4 triple=2 obstacles=16 size=891.3x577.3 src=1337x866 uuPerPx=0.6666667 frameUU=24 surfaceParts=4 corners=4 zoneMarks=0 lattice=0 pick=445.7x288.7 mi=MI_Sarpedon_MapBoard wood=1 expectOk=1
2026.10.01-06.49.18 ARTPREVIEW board map zone key=blue spaces=6 (painted, no zone marks)
2026.10.01-06.49.18 ARTPREVIEW board map zone key=brown spaces=5 (painted, no zone marks)
2026.10.01-06.49.18 ARTPREVIEW board map zone key=green spaces=8 (painted, no zone marks)
2026.10.01-06.49.18 ARTPREVIEW board map zone key=purple spaces=11 (painted, no zone marks)
2026.10.01-06.49.18 ARTPREVIEW board map zone key=red spaces=6 (painted, no zone marks)
2026.10.01-06.49.18 ARTPREVIEW board map zone key=yellow spaces=8 (painted, no zone marks)
2026.10.01-06.49.18 ARTPREVIEW envlayout prop id=fort-nw mesh=SM_Env_FortRuin loc=(-575.0,-418.0,-3.0) yaw=82.0 scale=1.000 shadow=1 size=169.4x73.3x110.0 bounds=(-659.7,-454.7,-3.0)..(-490.3,-381.3,107.0) overMap=0 onTray=1
2026.10.01-06.49.18 ARTPREVIEW envlayout prop id=campfire-nw mesh=SM_Env_Campfire loc=(-548.0,-352.0,-3.0) yaw=90.0 scale=1.200 shadow=1 size=47.8x48.0x20.2 bounds=(-571.9,-376.0,-3.0)..(-524.1,-328.0,17.2) overMap=0 onTray=1
2026.10.01-06.49.18 ARTPREVIEW envlayout prop id=tree-nw mesh=SM_Env_Tree loc=(-700.0,-318.0,-3.0) yaw=110.0 scale=1.050 shadow=1 size=247.9x214.3x199.5 bounds=(-824.0,-425.2,-3.0)..(-576.0,-210.8,196.5) overMap=0 onTray=1
2026.10.01-06.49.18 ARTPREVIEW envlayout prop id=tree-w mesh=SM_Env_Tree loc=(-690.0,-30.0,-3.0) yaw=70.0 scale=1.000 shadow=1 size=236.1x204.1x190.0 bounds=(-808.1,-132.0,-3.0)..(-571.9,72.0,187.0) overMap=0 onTray=1
2026.10.01-06.49.18 ARTPREVIEW envlayout prop id=tree-w2 mesh=SM_Env_Tree loc=(-700.0,-190.0,-3.0) yaw=200.0 scale=0.800 shadow=1 size=163.3x188.9x152.0 bounds=(-781.6,-284.5,-3.0)..(-618.4,-95.5,149.0) overMap=0 onTray=1
2026.10.01-06.49.18 ARTPREVIEW envlayout prop id=tree-w3 mesh=SM_Env_Tree loc=(-615.0,-255.0,-3.0) yaw=40.0 scale=0.650 shadow=1 size=155.1x159.4x123.5 bounds=(-692.6,-334.7,-3.0)..(-537.4,-175.3,120.5) overMap=0 onTray=1
2026.10.01-06.49.18 ARTPREVIEW envlayout prop id=tree-w4 mesh=SM_Env_Tree loc=(-625.0,-105.0,-3.0) yaw=320.0 scale=0.600 shadow=1 size=143.2x147.2x114.0 bounds=(-696.6,-178.6,-3.0)..(-553.4,-31.4,111.0) overMap=0 onTray=1
2026.10.01-06.49.18 ARTPREVIEW envlayout prop id=tree-w5 mesh=SM_Env_Tree loc=(-645.0,45.0,-3.0) yaw=150.0 scale=0.700 shadow=1 size=157.4x171.1x133.0 bounds=(-723.7,-40.5,-3.0)..(-566.3,130.5,130.0) overMap=0 onTray=1
2026.10.01-06.49.18 ARTPREVIEW envlayout prop id=tree-sw1 mesh=SM_Env_Tree loc=(-640.0,180.0,-3.0) yaw=300.0 scale=0.600 shadow=1 size=146.6x134.9x114.0 bounds=(-713.3,112.6,-3.0)..(-566.7,247.4,111.0) overMap=0 onTray=1
2026.10.01-06.49.18 ARTPREVIEW envlayout prop id=tree-sw2 mesh=SM_Env_Tree loc=(-615.0,290.0,-3.0) yaw=20.0 scale=0.500 shadow=1 size=102.0x118.1x95.0 bounds=(-666.0,231.0,-3.0)..(-564.0,349.0,92.0) overMap=0 onTray=1
2026.10.01-06.49.18 ARTPREVIEW envlayout prop id=palisade-n1 mesh=SM_Env_Palisade loc=(-440.0,-392.0,-3.0) yaw=90.0 scale=1.100 shadow=1 size=79.8x16.1x77.0 bounds=(-479.9,-400.0,-3.0)..(-400.1,-384.0,74.0) overMap=0 onTray=1
2026.10.01-06.49.18 ARTPREVIEW envlayout prop id=palisade-n2 mesh=SM_Env_Palisade loc=(-361.0,-390.0,-3.0) yaw=94.0 scale=1.100 shadow=1 size=80.7x21.6x77.0 bounds=(-401.4,-400.8,-3.0)..(-320.6,-379.2,74.0) overMap=0 onTray=1
2026.10.01-06.49.18 ARTPREVIEW envlayout prop id=palisade-w1 mesh=SM_Env_Palisade loc=(-556.7,-72.7,-3.0) yaw=15.0 scale=1.100 shadow=1 size=36.2x81.3x77.0 bounds=(-574.8,-113.3,-3.0)..(-538.6,-32.1,74.0) overMap=0 onTray=1
2026.10.01-06.49.18 ARTPREVIEW envlayout prop id=palisade-w2 mesh=SM_Env_Palisade loc=(-536.0,-150.0,-3.0) yaw=15.0 scale=1.100 shadow=1 size=36.2x81.3x77.0 bounds=(-554.1,-190.6,-3.0)..(-517.9,-109.4,74.0) overMap=0 onTray=1
2026.10.01-06.49.18 ARTPREVIEW envlayout prop id=palisade-w3 mesh=SM_Env_Palisade loc=(-540.0,205.0,-3.0) yaw=20.0 scale=1.100 shadow=1 size=42.4x80.5x77.0 bounds=(-561.2,164.7,-3.0)..(-518.8,245.3,74.0) overMap=0 onTray=1
2026.10.01-06.49.18 ARTPREVIEW envlayout prop id=campfire-w mesh=SM_Env_Campfire loc=(-560.0,85.0,-3.0) yaw=90.0 scale=1.000 shadow=1 size=39.8x40.0x16.8 bounds=(-579.9,65.0,-3.0)..(-540.1,105.0,13.8) overMap=0 onTray=1
2026.10.01-06.49.18 ARTPREVIEW envlayout prop id=hull-e1 mesh=SM_Env_Hull loc=(590.0,-125.0,-3.0) yaw=178.0 scale=0.850 shadow=1 size=63.5x256.8x217.9 bounds=(558.3,-253.4,-3.0)..(621.7,3.4,214.9) overMap=0 onTray=1
2026.10.01-06.49.18 ARTPREVIEW envlayout prop id=hull-e2 mesh=SM_Env_Hull loc=(575.0,128.0,-3.0) yaw=185.0 scale=0.850 shadow=1 size=76.6x258.8x217.9 bounds=(536.7,-1.4,-3.0)..(613.3,257.4,214.9) overMap=0 onTray=1
2026.10.01-06.49.18 ARTPREVIEW envlayout prop id=cannon-e1 mesh=SM_Env_Cannon loc=(513.0,-215.0,-3.0) yaw=178.0 scale=1.400 shadow=1 size=64.5x46.4x37.6 bounds=(480.7,-238.2,-3.0)..(545.3,-191.8,34.6) overMap=0 onTray=1
2026.10.01-06.49.18 ARTPREVIEW envlayout prop id=cannon-e2 mesh=SM_Env_Cannon loc=(513.0,-75.0,-3.0) yaw=178.0 scale=1.400 shadow=1 size=64.5x46.4x37.6 bounds=(480.7,-98.2,-3.0)..(545.3,-51.8,34.6) overMap=0 onTray=1
2026.10.01-06.49.18 ARTPREVIEW envlayout prop id=cannon-e3 mesh=SM_Env_Cannon loc=(508.0,60.0,-3.0) yaw=185.0 scale=1.400 shadow=1 size=66.6x49.6x37.6 bounds=(474.7,35.2,-3.0)..(541.3,84.8,34.6) overMap=0 onTray=1
2026.10.01-06.49.18 ARTPREVIEW envlayout prop id=cannon-e4 mesh=SM_Env_Cannon loc=(508.0,195.0,-3.0) yaw=185.0 scale=1.400 shadow=1 size=66.6x49.6x37.6 bounds=(474.7,170.2,-3.0)..(541.3,219.8,34.6) overMap=0 onTray=1
2026.10.01-06.49.18 ARTPREVIEW envlayout prop id=rope-ne mesh=SM_Env_Rope loc=(425.0,-385.0,-3.0) yaw=90.0 scale=1.800 shadow=1 size=39.6x38.4x18.8 bounds=(405.2,-404.2,-3.0)..(444.8,-365.8,15.8) overMap=0 onTray=1
2026.10.01-06.49.18 ARTPREVIEW envlayout prop id=rope-se mesh=SM_Env_Rope loc=(575.0,320.0,-3.0) yaw=90.0 scale=1.800 shadow=1 size=39.6x38.4x18.8 bounds=(555.2,300.8,-3.0)..(594.8,339.2,15.8) overMap=0 onTray=1
2026.10.01-06.49.18 ARTPREVIEW envlayout light id=campfire-nw kind=point at=(-548.0,-352.0,60.0) intensity=65 units=candelas radius=460 color=#FF8A3D shadow=0
2026.10.01-06.49.18 ARTPREVIEW envlayout light id=campfire-w kind=point at=(-560.0,85.0,60.0) intensity=55 units=candelas radius=420 color=#FF9A4A shadow=0
2026.10.01-06.49.18 ARTPREVIEW envlayout light id=ship-lantern-n kind=point at=(598.0,-225.0,150.0) intensity=85 units=candelas radius=420 color=#FFA552 shadow=0
2026.10.01-06.49.18 ARTPREVIEW envlayout light id=ship-lantern-s kind=point at=(592.0,0.0,145.0) intensity=80 units=candelas radius=400 color=#FFA552 shadow=0
2026.10.01-06.49.18 ARTPREVIEW envlayout light id=ship-lantern-stern kind=point at=(585.0,225.0,140.0) intensity=65 units=candelas radius=380 color=#FFA552 shadow=0
2026.10.01-06.49.18 ARTPREVIEW envlayout ground map=sarpedon mode=runtime strips=4 material=MI_EnvGround_Sarpedon z=-1.0 outer=(-780.0,-515.0)..(780.0,425.0) hole=(-467.7,-310.7)..(467.7,310.7) splatRect=(-820.0,-560.0)..(820.0,470.0) splatCovers=1 areaUU2=885246 falls=1/1 fallCards=2 status=ok
2026.10.01-06.49.18 ARTPREVIEW envlayout map=sarpedon props=24 lights=5 missingMeshes=0 layoutProps=24 layoutLights=5 skippedMissing=0 skippedInsideMap=0 intrusions=0 outsideTray=0 outsideKit=0 shadowCasters=24 profilePoints=1 combinedPoints=6 combinedBudgetOk=1 tray=layout trayApronMismatch=0 profile=sarpedon-original boardId=c7fa64a26c29a0835f2383e63 file=Config/ArtBoards/EnvLayouts/sarpedon.layout.json sha256=1cd648a3424eb8308bb32e8a5d8e0a0b664c66866461c26ea5f1e9a61379d738 source=pak status=ok
2026.10.01-06.49.18 ARTPREVIEW envlayout tray map=sarpedon source=layout outerHalf=780.0x470.0 offsetY=-45.0 frameHalf=469.7x312.7 mesh=T2 t2Top=780.0x470.0 mismatchUU=0.0
2026.10.01-06.49.18 ARTPREVIEW diorama tray-t2 loaded mesh=/Game/PipelineCandidates/TableBase/T2/SM_TableBase_T2 mi=MI_TableBase_T2
2026.10.01-06.49.18 ARTPREVIEW diorama tray=/Game/PipelineCandidates/TableBase/T2/SM_TableBase_T2.SM_TableBase_T2 mi=MI_TableBase_T2 surface=map-image yaw=0.0 scale=1.000x1.000x1.000 bounds=(-802.0,-530.4,-179.5)..(802.0,440.4,1.5) size=1604.0x970.8x181.0 topZ=-3.0 boardHalf=469.7x312.7 rimUU=112.3 collision=none kind=T2 topHalf=780.0x470.0 layoutHalf=780.0x470.0 offset=(0.0,-45.0) source=layout mismatchUU=0.0 match=1 anisotropy=1.000 lipTopZ=1.5 lipBandUU=20.0
2026.10.01-06.49.18 CAMERA extents source=map-image half=445.7x288.7 dist=2340.2 fit=1872.2 k1Mul=1.250
2026.10.01-06.49.18 CAMERA dist=2340 loc=(0,1342,1917) pitch=-55 yaw=-90
2026.10.01-06.49.18 CAMERA config overview=2340.2 nearest=300.0 farthest=2880.2 zoomRange=0.81-7.80 fit=1872.2 k1Mul=1.250 minDist=300.0 outRatio=0.650 step=1.250 animMs=200 returnMs=300 followFrom=1.20 source=defaults issues=0
2026.10.01-06.49.18 BOARD 9x6 cells | control points: (0,0)=(-393,-219,0) (8,5)=(400,250,0) | neighbor pair (dist 140 uu)
2026.10.01-06.49.18 BOARD topology spaces=38 links=61 starts=3:S03,4:S14,1:S20,2:S32 frame=1337x866px uuPerPx=0.6667 radius=42.0uu (default)
2026.10.01-06.49.18 ARTPREVIEW team mapping mode=absolute source=seatOrder viewerTeam=P1 p1=f-0-hero,f-0-sk0,f-0-sk1,f-0-sk2 p2=f-1-hero,f-1-sk0
2026.10.01-06.49.18 ARTPREVIEW heroesV2 fighter=f-0-hero mesh=/Game/PipelineCandidates/Medusa/H2LD/Meshes/SK_Medusa_H2LD mi=/Game/PipelineCandidates/Medusa/H2LD/Materials/MI_Medusa_H2LD_P1 yaw=90.0 scale=0.9998 name=Medusa hero=1 look=P1 base=/Game/PipelineCandidates/Medusa/H2LD/Meshes/SM_Medusa_H2LD_Base baseMi=/Game/PipelineCandidates/Medusa/H2LD/Materials/MI_Medusa_H2LD_Base_P1 skeleton=/Game/PipelineCandidates/Medusa/Rig/SK_Medusa_Skeleton.SK_Medusa_Skeleton clips=4/4 boundsTop=55.00 figureTop=55.00 budget=55.0
2026.10.01-06.49.18 ARTPREVIEW click capsule fighter=f-0-hero mesh=SK_Medusa_H2LD physicsAsset=0 radius=11.6 halfHeight=27.5 top=55.0 bodyCollision=0 source=meshBounds
2026.10.01-06.49.18 ARTPREVIEW fighter=Medusa hero=1 eligible=0 visual=1 mesh=SK_Medusa_H2LD
2026.10.01-06.49.18 ARTPREVIEW team ring fighter=f-0-hero team=P1 look=P1 mode=absolute shape=circle shown=1 mesh=SM_Marker_TeamRing_P1 fill=#E8C06A keyline=#111317 fillLinear=(0.8070,0.5271,0.1441) zMin=0.60 zMax=1.20 scale=1.00 base=hidden blockout=0 art=1 rim=#FFFFFF
2026.10.01-06.49.18 ARTPREVIEW anim fighter=f-0-hero clip=Idle len=2.333 event=spawn loop=1 phase=0.8071 seq=-1 asset=AM_Medusa_Idle
2026.10.01-06.49.18 ARTPREVIEW readability contact shadow material=/Game/EnvMaps/M_MapContactShadow.M_MapContactShadow loaded=1
2026.10.01-06.49.18 ARTPREVIEW readability fighter=f-0-hero hero=1 contactShadow=1 diameterUU=52.0 strength=0.25 leaderPip=1 look=P1 ringScale=1.00
2026.10.01-06.49.18 ARTPREVIEW heroesV2 fighter=f-0-sk0 mesh=/Game/PipelineCandidates/Harpy/H3LD/Meshes/SK_Harpy_H3LD mi=/Game/PipelineCandidates/Harpy/H3LD/Materials/MI_Harpy_H3LD_P1 yaw=270.0 scale=1.0000 name=Harpies hero=0 look=P1 base=/Game/PipelineCandidates/Harpy/H3LD/Meshes/SM_Harpy_H3LD_Base baseMi=/Game/PipelineCandidates/Harpy/H3LD/Materials/MI_Harpy_H3LD_Base_P1 skeleton=/Game/PipelineCandidates/Harpy/Rig/SK_Harpy_Skeleton.SK_Harpy_Skeleton clips=4/4 boundsTop=42.00 figureTop=42.00 budget=42.0
2026.10.01-06.49.18 ARTPREVIEW click capsule fighter=f-0-sk0 mesh=SK_Harpy_H3LD physicsAsset=0 radius=20.0 halfHeight=21.0 top=42.0 bodyCollision=0 source=meshBounds
2026.10.01-06.49.18 ARTPREVIEW team ring fighter=f-0-sk0 team=P1 look=P1 mode=absolute shape=circle shown=1 mesh=SM_Marker_TeamRing_P1 fill=#E8C06A keyline=#111317 fillLinear=(0.8070,0.5271,0.1441) zMin=0.60 zMax=1.20 scale=0.78 base=hidden blockout=0 art=1 rim=#FFFFFF
2026.10.01-06.49.18 ARTPREVIEW anim fighter=f-0-sk0 clip=Idle len=2.000 event=spawn loop=1 phase=0.6635 seq=-1 asset=AM_Harpy_Idle
2026.10.01-06.49.18 ARTPREVIEW readability fighter=f-0-sk0 hero=0 contactShadow=1 diameterUU=40.6 strength=0.25 leaderPip=0 look=P1 ringScale=0.78
2026.10.01-06.49.18 ARTPREVIEW heroesV2 fighter=f-0-sk1 mesh=/Game/PipelineCandidates/Harpy/H3LD/Meshes/SK_Harpy_H3LD mi=/Game/PipelineCandidates/Harpy/H3LD/Materials/MI_Harpy_H3LD_P1 yaw=90.0 scale=1.0000 name=Harpies hero=0 look=P1 base=/Game/PipelineCandidates/Harpy/H3LD/Meshes/SM_Harpy_H3LD_Base baseMi=/Game/PipelineCandidates/Harpy/H3LD/Materials/MI_Harpy_H3LD_Base_P1 skeleton=/Game/PipelineCandidates/Harpy/Rig/SK_Harpy_Skeleton.SK_Harpy_Skeleton clips=4/4 boundsTop=42.00 figureTop=42.00 budget=42.0
2026.10.01-06.49.18 ARTPREVIEW click capsule fighter=f-0-sk1 mesh=SK_Harpy_H3LD physicsAsset=0 radius=20.0 halfHeight=21.0 top=42.0 bodyCollision=0 source=meshBounds
2026.10.01-06.49.18 ARTPREVIEW team ring fighter=f-0-sk1 team=P1 look=P1 mode=absolute shape=circle shown=1 mesh=SM_Marker_TeamRing_P1 fill=#E8C06A keyline=#111317 fillLinear=(0.8070,0.5271,0.1441) zMin=0.60 zMax=1.20 scale=0.78 base=hidden blockout=0 art=1 rim=#FFFFFF
2026.10.01-06.49.18 ARTPREVIEW anim fighter=f-0-sk1 clip=Idle len=2.000 event=spawn loop=1 phase=0.9016 seq=-1 asset=AM_Harpy_Idle
2026.10.01-06.49.18 ARTPREVIEW readability fighter=f-0-sk1 hero=0 contactShadow=1 diameterUU=40.6 strength=0.25 leaderPip=0 look=P1 ringScale=0.78
2026.10.01-06.49.18 ARTPREVIEW heroesV2 fighter=f-0-sk2 mesh=/Game/PipelineCandidates/Harpy/H3LD/Meshes/SK_Harpy_H3LD mi=/Game/PipelineCandidates/Harpy/H3LD/Materials/MI_Harpy_H3LD_P1 yaw=270.0 scale=1.0000 name=Harpies hero=0 look=P1 base=/Game/PipelineCandidates/Harpy/H3LD/Meshes/SM_Harpy_H3LD_Base baseMi=/Game/PipelineCandidates/Harpy/H3LD/Materials/MI_Harpy_H3LD_Base_P1 skeleton=/Game/PipelineCandidates/Harpy/Rig/SK_Harpy_Skeleton.SK_Harpy_Skeleton clips=4/4 boundsTop=42.00 figureTop=42.00 budget=42.0
2026.10.01-06.49.18 ARTPREVIEW click capsule fighter=f-0-sk2 mesh=SK_Harpy_H3LD physicsAsset=0 radius=20.0 halfHeight=21.0 top=42.0 bodyCollision=0 source=meshBounds
2026.10.01-06.49.18 ARTPREVIEW team ring fighter=f-0-sk2 team=P1 look=P1 mode=absolute shape=circle shown=1 mesh=SM_Marker_TeamRing_P1 fill=#E8C06A keyline=#111317 fillLinear=(0.8070,0.5271,0.1441) zMin=0.60 zMax=1.20 scale=0.78 base=hidden blockout=0 art=1 rim=#FFFFFF
2026.10.01-06.49.18 ARTPREVIEW anim fighter=f-0-sk2 clip=Idle len=2.000 event=spawn loop=1 phase=0.1873 seq=-1 asset=AM_Harpy_Idle
2026.10.01-06.49.18 ARTPREVIEW readability fighter=f-0-sk2 hero=0 contactShadow=1 diameterUU=40.6 strength=0.25 leaderPip=0 look=P1 ringScale=0.78
2026.10.01-06.49.18 ARTPREVIEW heroesV2 fighter=f-1-hero mesh=/Game/PipelineCandidates/KingArthur/H2LD/Meshes/SK_KingArthur_H2LD mi=/Game/PipelineCandidates/KingArthur/H2LD/Materials/MI_KingArthur_H2LD_P2 yaw=270.0 scale=1.0000 name=King Arthur hero=1 look=P2 base=/Game/PipelineCandidates/KingArthur/H2LD/Meshes/SM_KingArthur_H2LD_Base baseMi=/Game/PipelineCandidates/KingArthur/H2LD/Materials/MI_KingArthur_H2LD_Base_P2 skeleton=/Game/PipelineCandidates/KingArthur/Rig/SK_KingArthur_Skeleton.SK_KingArthur_Skeleton clips=4/4 boundsTop=60.06 figureTop=55.00 budget=55.0
2026.10.01-06.49.18 ARTPREVIEW click capsule fighter=f-1-hero mesh=SK_KingArthur_H2LD physicsAsset=0 radius=12.8 halfHeight=30.0 top=60.1 bodyCollision=0 source=meshBounds
2026.10.01-06.49.18 ARTPREVIEW team ring fighter=f-1-hero team=P2 look=P2 mode=absolute shape=hexagon shown=1 mesh=SM_Marker_TeamRing_P2 fill=#5A7F9F keyline=#111317 fillLinear=(0.1022,0.2122,0.3467) zMin=0.60 zMax=1.20 scale=1.00 base=hidden blockout=0 art=1 rim=#FFFFFF
2026.10.01-06.49.18 ARTPREVIEW anim fighter=f-1-hero clip=Idle len=2.500 event=spawn loop=1 phase=0.3470 seq=-1 asset=AM_KingArthur_Idle
2026.10.01-06.49.18 ARTPREVIEW readability fighter=f-1-hero hero=1 contactShadow=1 diameterUU=52.0 strength=0.25 leaderPip=1 look=P2 ringScale=1.00
2026.10.01-06.49.18 ARTPREVIEW heroesV2 fighter=f-1-sk0 mesh=/Game/PipelineCandidates/Merlin/H2LD/Meshes/SK_Merlin_H2LD mi=/Game/PipelineCandidates/Merlin/H2LD/Materials/MI_Merlin_H2LD_P2 yaw=270.0 scale=1.0003 name=Merlin hero=0 look=P2 base=/Game/PipelineCandidates/Merlin/H2LD/Meshes/SM_Merlin_H2LD_Base baseMi=/Game/PipelineCandidates/Merlin/H2LD/Materials/MI_Merlin_H2LD_Base_P2 skeleton=/Game/PipelineCandidates/Merlin/Rig/SK_Merlin_Skeleton.SK_Merlin_Skeleton clips=4/4 boundsTop=49.44 figureTop=45.00 budget=45.0
2026.10.01-06.49.18 ARTPREVIEW click capsule fighter=f-1-sk0 mesh=SK_Merlin_H2LD physicsAsset=0 radius=10.5 halfHeight=24.7 top=49.4 bodyCollision=0 source=meshBounds
2026.10.01-06.49.18 ARTPREVIEW team ring fighter=f-1-sk0 team=P2 look=P2 mode=absolute shape=hexagon shown=1 mesh=SM_Marker_TeamRing_P2 fill=#5A7F9F keyline=#111317 fillLinear=(0.1022,0.2122,0.3467) zMin=0.60 zMax=1.20 scale=0.78 base=hidden blockout=0 art=1 rim=#FFFFFF
2026.10.01-06.49.18 ARTPREVIEW anim fighter=f-1-sk0 clip=Idle len=3.000 event=spawn loop=1 phase=0.8028 seq=-1 asset=AM_Merlin_Idle
2026.10.01-06.49.18 ARTPREVIEW readability fighter=f-1-sk0 hero=0 contactShadow=1 diameterUU=40.6 strength=0.25 leaderPip=0 look=P2 ringScale=0.78
2026.10.01-06.49.18 ARTPREVIEW heroesV2 summary fighters=6 mapped=6 v2=6
2026.10.01-06.49.18 FIGHTERS synced n=6 alive=6 own=4 enemy=2
2026.10.01-06.49.18 STATE seq=1 -> apply
2026.10.01-06.49.18 HUD art layer plate=1 iconSize=32 iconTexture=1 iconProbe=0 plan=0
2026.10.01-06.49.18 HUD art impl=umg plateViews=umg:/Game/S08/UI/ArtHud/WBP_S08ArtPlate iconViews=umg:/Game/S08/UI/ArtHud/WBP_S08ArtIcon textTable=S08ArtHud entries=13 missingKeys=0
2026.10.01-06.49.18 HUD tags boardPlate=1 hardPadPx=3 profile=sarpedon-original
2026.10.01-06.49.18 TAG fighter=f-1-hero bbox=(1404,62,1506,84) mode=compact look=P2 placement=left ring=0 hardPx2=0 softPx2=0 order=0 bound=1
2026.10.01-06.49.18 TAG fighter=f-1-sk0 bbox=(1172,255,1256,277) mode=compact look=P2 placement=above ring=0 hardPx2=0 softPx2=0 order=1 bound=1
2026.10.01-06.49.18 ARTPREVIEW screen labels=1 (world TextRender labels and damage text hidden)
2026.10.01-06.49.18 SUBSCRIBED gameStateUpdated since=1
2026.10.01-06.49.19 TAG fighter=f-0-hero bbox=(623,430,725,452) mode=compact look=P1 placement=above ring=0 hardPx2=0 softPx2=0 order=0 bound=1
2026.10.01-06.49.19 TAG fighter=f-0-sk0 bbox=(509,496,593,518) mode=compact look=P1 placement=above ring=0 hardPx2=0 softPx2=0 order=2 bound=1
2026.10.01-06.49.19 TAG fighter=f-0-sk1 bbox=(396,458,480,480) mode=compact look=P1 placement=above ring=0 hardPx2=0 softPx2=0 order=1 bound=1
2026.10.01-06.49.19 TAG fighter=f-0-sk2 bbox=(308,584,392,606) mode=compact look=P1 placement=left ring=0 hardPx2=0 softPx2=0 order=4 bound=1
2026.10.01-06.49.19 TAG fighter=f-1-hero bbox=(977,619,1079,641) mode=compact look=P2 placement=left ring=0 hardPx2=0 softPx2=0 order=5 bound=1
2026.10.01-06.49.19 TAG fighter=f-1-sk0 bbox=(1130,510,1214,532) mode=compact look=P2 placement=above ring=0 hardPx2=0 softPx2=0 order=3 bound=1
2026.10.01-06.49.19 SNAPSHOT applied seq=1 phase=ACTION_MANEUVER
2026.10.01-06.49.19 HANDLE_APPLIED #2 seq=1 decision=1 fightersValid=1 boardValid=1
2026.10.01-06.49.19 MODE seq=1 mode=0 combat=0 pending=0
2026.10.01-06.49.19 HUD seq=1 phase=ACTION_MANEUVER turn=you hand=5 oppHand=5(hidden) oppDeck=25 deck=25 discard=0
2026.10.01-06.49.19 ARTPREVIEW fighter=Medusa hero=1 eligible=0 visual=1 mesh=SK_Medusa_H2LD
2026.10.01-06.49.19 FIGHTERS synced n=6 alive=6 own=4 enemy=2
2026.10.01-06.49.19 WS seq=1 phase=ACTION_MANEUVER (merge)
2026.10.01-06.49.19 TAG fighter=f-0-hero bbox=(623,430,725,452) mode=compact look=P1 placement=above ring=0 hardPx2=0 softPx2=0 order=0 bound=1
2026.10.01-06.49.19 TAG fighter=f-0-sk0 bbox=(509,496,593,518) mode=compact look=P1 placement=above ring=0 hardPx2=0 softPx2=0 order=2 bound=1
2026.10.01-06.49.19 TAG fighter=f-0-sk1 bbox=(396,458,480,480) mode=compact look=P1 placement=above ring=0 hardPx2=0 softPx2=0 order=1 bound=1
2026.10.01-06.49.19 TAG fighter=f-0-sk2 bbox=(308,584,392,606) mode=compact look=P1 placement=left ring=0 hardPx2=0 softPx2=0 order=4 bound=1
2026.10.01-06.49.19 TAG fighter=f-1-hero bbox=(977,619,1079,641) mode=compact look=P2 placement=left ring=0 hardPx2=0 softPx2=0 order=5 bound=1
2026.10.01-06.49.19 TAG fighter=f-1-sk0 bbox=(1130,510,1214,532) mode=compact look=P2 placement=above ring=0 hardPx2=0 softPx2=0 order=3 bound=1
2026.10.01-06.49.20 PERF window t=15.0-20.1 frames=148 fps=29.53 frameMs avg=33.86 p50=33.33 p95=33.33 p99=33.38 max=110.95 hitches50=1 gpuMs avg=1.70 p50=1.26 p95=2.60 gameMs avg=2.00 p95=1.48 renderMs avg=3.25 p95=3.83
2026.10.01-06.49.21 game -> room=cmup6be2u00o3wi9o7eg5h1tn code=<redacted> status=IN_PROGRESS
2026.10.01-06.49.24 game -> room=cmup6be2u00o3wi9o7eg5h1tn code=<redacted> status=IN_PROGRESS
2026.10.01-06.49.25 PERF window t=20.1-25.1 frames=151 fps=30.00 frameMs avg=33.33 p50=33.33 p95=33.33 p99=33.35 max=33.36 hitches50=0 gpuMs avg=2.48 p50=2.40 p95=2.99 gameMs avg=1.34 p95=1.80 renderMs avg=3.70 p95=4.70
2026.10.01-06.49.27 game -> room=cmup6be2u00o3wi9o7eg5h1tn code=<redacted> status=IN_PROGRESS
2026.10.01-06.49.30 game -> room=cmup6be2u00o3wi9o7eg5h1tn code=<redacted> status=IN_PROGRESS
2026.10.01-06.49.30 PERF window t=25.1-30.1 frames=150 fps=30.00 frameMs avg=33.33 p50=33.33 p95=33.33 p99=33.38 max=33.44 hitches50=0 gpuMs avg=2.44 p50=2.39 p95=2.80 gameMs avg=1.31 p95=1.67 renderMs avg=3.72 p95=4.61
2026.10.01-06.49.33 game -> room=cmup6be2u00o3wi9o7eg5h1tn code=<redacted> status=IN_PROGRESS
2026.10.01-06.49.34 ARTPREVIEW selection ring shown fighter=Medusa mesh=SM_Marker_SelectionRing
2026.10.01-06.49.34 ARTPREVIEW reachable rings cells=19 placed=1 radiusUU=36 segments=48 style=readability color=#FFC857 stroke=#14110C widthUU=3.50 strokeUU=1.50
2026.10.01-06.49.34 ARTPREVIEW selection ownHero=1 selected=1 fighter=Medusa reachable=20 fighterId=f-0-hero
2026.10.01-06.49.34 INPUT select src=flag fighter=f-0-hero flag=ArtPreviewSelectOwnHero
2026.10.01-06.49.34 HUD plate content fighter=f-0-hero name=Medusa hp=16/16 team=own statuses=HERO  |  RANGED teamSlot=P1 look=P1 shape=circle chip=#DAC576
2026.10.01-06.49.34 PLATE fighter=f-0-hero bbox=(366,210,538,264) overlapReachable=0 placement=above ring=23 gap=212 selection=f-0-hero destinations=19 clean=1 softPx2=0 tested=4896 bound=1
2026.10.01-06.49.34 TAG fighter=f-0-sk0 bbox=(509,496,593,518) mode=compact look=P1 placement=above ring=0 hardPx2=0 softPx2=0 order=1 bound=1
2026.10.01-06.49.34 TAG fighter=f-0-sk1 bbox=(396,458,480,480) mode=compact look=P1 placement=above ring=0 hardPx2=0 softPx2=0 order=0 bound=1
2026.10.01-06.49.34 TAG fighter=f-0-sk2 bbox=(308,584,392,606) mode=compact look=P1 placement=left ring=0 hardPx2=0 softPx2=0 order=3 bound=1
2026.10.01-06.49.34 TAG fighter=f-1-hero bbox=(977,619,1079,641) mode=compact look=P2 placement=left ring=0 hardPx2=0 softPx2=0 order=4 bound=1
2026.10.01-06.49.34 TAG fighter=f-1-sk0 bbox=(1130,510,1214,532) mode=compact look=P2 placement=above ring=0 hardPx2=0 softPx2=0 order=2 bound=1
2026.10.01-06.49.35 PERF window t=30.1-35.1 frames=151 fps=30.00 frameMs avg=33.33 p50=33.33 p95=33.33 p99=33.35 max=33.35 hitches50=0 gpuMs avg=2.48 p50=2.40 p95=2.87 gameMs avg=1.37 p95=1.87 renderMs avg=3.59 p95=4.32
2026.10.01-06.49.36 SHOT ctx viewport=1920x1080 viewTarget=CameraActor_2147482298 cam=(0,1342,1917) rot=(-55,-90,0)
2026.10.01-06.49.36 RENDER tag=SHOT rhi=D3D12 featureLevel=SM6 shaderPlatform=PCD3D_SM6 lumenPlatform=1 gi=lumen giMethod=1 refl=lumen reflMethod=1 shadows=csm vsmEnable=0 sg.res=100 sg.view=2 sg.aa=2 sg.shadow=2 sg.gi=2 sg.refl=2 sg.pp=2 sg.tex=2 sg.fx=2 sg.foliage=2 sg.shading=2 sg.landscape=2 preset=High screenPct=100.0 screenPctMode=0 aa=TSR aaMethod=4 exposure=fixed-histogram expMin=4.14106 expMax=4.14106 expBias=0.000 ev100=2.05 lightUnits=candelas sky=1 skyIntensity=3.000 keyShadow=csm-3600uu-2c-contact0.000 shadowCasters=1 profile=sarpedon-night profilesSha256=c90dddd95a8a7a0b12294b1a6f47218d6e7a860f74b8c51660d4fdb00c320a8b profilesSource=pak legacyRender=0 gameLayer=unlit-eyeadaptinv tMaxFPS=30.0 vsync=0 frameRateLimit=60.0 substrate=0 nanite=1 meshDF=1 viewport=1920x1080 reference=1
2026.10.01-06.49.36 SHOT fighter f-0-hero pos=(2,2) world=(-218,-13,0) screen=(678,527) projected=1 alive=1
2026.10.01-06.49.36 SHOT fighter f-0-sk0 pos=(1,3) world=(-309,33,0) screen=(555,576) projected=1 alive=1
2026.10.01-06.49.36 SHOT fighter f-0-sk1 pos=(0,2) world=(-398,-3,0) screen=(442,537) projected=1 alive=1
2026.10.01-06.49.36 SHOT fighter f-0-sk2 pos=(0,3) world=(-394,92,0) screen=(435,640) projected=1 alive=1
2026.10.01-06.49.36 SHOT fighter f-1-hero pos=(5,4) world=(119,141,0) screen=(1120,695) projected=1 alive=1
2026.10.01-06.49.36 SHOT fighter f-1-sk0 pos=(6,3) world=(159,52,0) screen=(1169,596) projected=1 alive=1
2026.10.01-06.49.36 SHOT camera dist=2340.2 target=2340.2 overview=2340.2 errPct=0.000 focusErr=0.00 settled=1 zoom=1.00
2026.10.01-06.49.36 SHOT head fighter=f-0-hero socket=Head mesh=SK_Medusa_H2LD world=(-217.5,-11.4,47.1) screen=(673.1,492.1) top=(672.5,487.4) bottom=(673.7,496.7) headPx=9.4 projected=1
2026.10.01-06.49.36 SHOT head fighter=f-0-sk0 socket=Head mesh=SK_Harpy_H3LD world=(-308.5,28.4,34.3) screen=(550.9,544.7) top=(550.0,540.2) bottom=(551.8,549.3) headPx=9.3 projected=1
2026.10.01-06.49.36 SHOT head fighter=f-0-sk1 socket=Head mesh=SK_Harpy_H3LD world=(-399.0,2.6,34.0) screen=(434.2,517.2) top=(433.1,512.6) bottom=(435.4,521.8) headPx=9.4 projected=1
2026.10.01-06.49.36 SHOT head fighter=f-0-sk2 socket=Head mesh=SK_Harpy_H3LD world=(-394.2,86.7,34.0) screen=(429.5,609.3) top=(428.3,604.8) bottom=(430.6,613.8) headPx=9.3 projected=1
2026.10.01-06.49.36 SHOT head fighter=f-1-hero socket=Head mesh=SK_KingArthur_H2LD world=(119.0,139.7,50.1) screen=(1123.3,657.5) top=(1123.7,653.1) bottom=(1122.9,662.0) headPx=9.0 projected=1
2026.10.01-06.49.36 SHOT head fighter=f-1-sk0 socket=Head mesh=SK_Merlin_H2LD world=(159.2,48.8,36.5) screen=(1172.4,565.4) top=(1172.9,560.8) bottom=(1172.0,569.9) headPx=9.1 projected=1
2026.10.01-06.49.36 SHOT selection fighter=f-0-hero ownCell=(2,2) legal=20 destinations=19 ownCellExcluded=1 plateFighter=f-0-hero
2026.10.01-06.49.36 SHOT reachable fighter=f-0-hero n=19 cells=(0,0)(1,0)(2,0)(3,0)(4,0)(0,1)(1,1)(2,1)(3,1)(4,1)(5,1)(3,2)(2,3)(0,4)(1,4)(2,4)(3,4)(4,4)(1,5)
2026.10.01-06.49.36 SHOT plate fighter=f-0-hero bbox=(366,210,538,264) overlapReachable=0 placement=above gap=212 anchor=(632,454,716,557) planned=(366,210,538,264) geom=painted stableFrames=60
2026.10.01-06.49.36 SHOT figure fighter=f-0-hero bbox=(632,454,716,557) ringR=28.50 art=1 blockout=0 team=P1 look=P1 ring=1
2026.10.01-06.49.36 SHOT figure fighter=f-0-sk0 bbox=(516,520,586,600) ringR=22.23 art=1 blockout=0 team=P1 look=P1 ring=1
2026.10.01-06.49.36 SHOT figure fighter=f-0-sk1 bbox=(402,482,474,561) ringR=22.23 art=1 blockout=0 team=P1 look=P1 ring=1
2026.10.01-06.49.36 SHOT figure fighter=f-0-sk2 bbox=(394,584,467,665) ringR=22.23 art=1 blockout=0 team=P1 look=P1 ring=1
2026.10.01-06.49.36 SHOT figure fighter=f-1-hero bbox=(1081,619,1165,728) ringR=28.50 art=1 blockout=0 team=P2 look=P2 ring=1
2026.10.01-06.49.36 SHOT figure fighter=f-1-sk0 bbox=(1139,534,1204,620) ringR=22.23 art=1 blockout=0 team=P2 look=P2 ring=1
2026.10.01-06.49.36 SHOT request file=phase2-board-host-1920x1080.png frame=1078
2026.10.01-06.49.36 SHOT requested: FScreenshotRequest(bShowUI) -> C:\Users\ren\AppData\Local\Temp\s08-phase2-20261001-114858-19632\phase2-board-host-1920x1080.png
2026.10.01-06.49.37 SHOT captured file=phase2-board-host-1920x1080.png frame=1078 px=1920x1080 sha256=c182ab41b6f9b8e28a756aaaae0785b94e56a9df655c46c2403d2c9e4bda3119 order=BGRA saved=1
2026.10.01-06.49.37 SHOT late begin file=phase2-board-host-1920x1080.png frame=1078 requestFrame=1078
2026.10.01-06.49.37 SHOT iconstate visible=0 lastFighter=none frame=1078
2026.10.01-06.49.37 SHOT widget id=plate impl=umg state=own fighter=f-0-hero bbox=(366,210,538,264) geom=painted visible=1 twin=0 source=/Game/S08/UI/ArtHud/WBP_S08ArtPlate frame=1078
2026.10.01-06.49.37 SHOT widget id=plate.marker impl=umg state=own fighter=f-0-hero bbox=(366,210,538,213) geom=painted visible=1 twin=0 source=/Game/S08/UI/ArtHud/WBP_S08ArtPlate frame=1078
2026.10.01-06.49.37 SHOT widget id=plate.name impl=umg state=own fighter=f-0-hero bbox=(372,215,472,234) geom=painted visible=1 twin=0 source=/Game/S08/UI/ArtHud/WBP_S08ArtPlate frame=1078
2026.10.01-06.49.37 SHOT widget id=plate.team impl=umg state=own fighter=f-0-hero bbox=(472,218,532,231) geom=painted visible=1 twin=0 source=/Game/S08/UI/ArtHud/WBP_S08ArtPlate frame=1078
2026.10.01-06.49.37 SHOT widget id=plate.hpbar impl=umg state=own fighter=f-0-hero bbox=(372,240,468,247) geom=painted visible=1 twin=0 source=/Game/S08/UI/ArtHud/WBP_S08ArtPlate frame=1078
2026.10.01-06.49.37 SHOT widget id=plate.hpfill impl=umg state=own fighter=f-0-hero bbox=(372,240,468,247) geom=painted visible=1 twin=0 source=/Game/S08/UI/ArtHud/WBP_S08ArtPlate frame=1078
2026.10.01-06.49.37 SHOT widget id=plate.hp impl=umg state=own fighter=f-0-hero bbox=(474,236,527,251) geom=painted visible=1 twin=0 source=/Game/S08/UI/ArtHud/WBP_S08ArtPlate frame=1078
2026.10.01-06.49.37 SHOT widget id=plate.status impl=umg state=own fighter=f-0-hero bbox=(372,253,532,266) geom=painted visible=1 twin=0 source=/Game/S08/UI/ArtHud/WBP_S08ArtPlate frame=1078
2026.10.01-06.49.37 SHOT widget id=plate.teamshape impl=umg state=own fighter=f-0-hero bbox=(476,219,488,231) geom=painted visible=1 twin=0 source=/Game/S08/UI/ArtHud/WBP_S08ArtPlate frame=1078
2026.10.01-06.49.37 SHOT widget id=board.tag impl=umg state=hidden fighter=f-0-hero bbox=(0,0,0,0) geom=unpainted visible=0 twin=0 source=/Game/S08/UI/ArtHud/WBP_S08ArtTag mode=hidden look=P1 shape=circle placement=above ring=0 order=0 bound=1 softPx2=0 planned=(623,430,725,452) frame=1078
2026.10.01-06.49.37 SHOT widget id=board.tag.hp impl=umg state=hidden fighter=f-0-hero bbox=(0,0,0,0) geom=unpainted visible=0 twin=0 source=/Game/S08/UI/ArtHud/WBP_S08ArtTag mode=hidden look=P1 shape=circle placement=above ring=0 order=0 bound=1 softPx2=0 planned=(623,430,725,452) frame=1078 font=11
2026.10.01-06.49.37 SHOT widget id=board.tag.bar impl=umg state=hidden fighter=f-0-hero bbox=(0,0,0,0) geom=unpainted visible=0 twin=0 source=/Game/S08/UI/ArtHud/WBP_S08ArtTag mode=hidden look=P1 shape=circle placement=above ring=0 order=0 bound=1 softPx2=0 planned=(623,430,725,452) frame=1078
2026.10.01-06.49.37 SHOT widget id=board.tag.chip impl=umg state=hidden fighter=f-0-hero bbox=(0,0,0,0) geom=unpainted visible=0 twin=0 source=/Game/S08/UI/ArtHud/WBP_S08ArtTag mode=hidden look=P1 shape=circle placement=above ring=0 order=0 bound=1 softPx2=0 planned=(623,430,725,452) frame=1078
2026.10.01-06.49.37 SHOT widget id=board.tag impl=umg state=compact fighter=f-0-sk0 bbox=(509,496,593,518) geom=painted visible=1 twin=0 source=/Game/S08/UI/ArtHud/WBP_S08ArtTag mode=compact look=P1 shape=circle placement=above ring=0 order=1 bound=1 softPx2=0 planned=(509,496,593,518) frame=1078
2026.10.01-06.49.37 SHOT widget id=board.tag.hp impl=umg state=compact fighter=f-0-sk0 bbox=(565,498,589,516) geom=painted visible=1 twin=0 source=/Game/S08/UI/ArtHud/WBP_S08ArtTag mode=compact look=P1 shape=circle placement=above ring=0 order=1 bound=1 softPx2=0 planned=(509,496,593,518) frame=1078 font=11
2026.10.01-06.49.37 SHOT widget id=board.tag.bar impl=umg state=compact fighter=f-0-sk0 bbox=(528,505,562,510) geom=painted visible=1 twin=0 source=/Game/S08/UI/ArtHud/WBP_S08ArtTag mode=compact look=P1 shape=circle placement=above ring=0 order=1 bound=1 softPx2=0 planned=(509,496,593,518) frame=1078
2026.10.01-06.49.37 SHOT widget id=board.tag.chip impl=umg state=compact fighter=f-0-sk0 bbox=(513,501,525,513) geom=painted visible=1 twin=0 source=/Game/S08/UI/ArtHud/WBP_S08ArtTag mode=compact look=P1 shape=circle placement=above ring=0 order=1 bound=1 softPx2=0 planned=(509,496,593,518) frame=1078
2026.10.01-06.49.37 SHOT widget id=board.tag impl=umg state=compact fighter=f-0-sk1 bbox=(396,458,480,480) geom=painted visible=1 twin=0 source=/Game/S08/UI/ArtHud/WBP_S08ArtTag mode=compact look=P1 shape=circle placement=above ring=0 order=0 bound=1 softPx2=0 planned=(396,458,480,480) frame=1078
2026.10.01-06.49.37 SHOT widget id=board.tag.hp impl=umg state=compact fighter=f-0-sk1 bbox=(452,460,476,478) geom=painted visible=1 twin=0 source=/Game/S08/UI/ArtHud/WBP_S08ArtTag mode=compact look=P1 shape=circle placement=above ring=0 order=0 bound=1 softPx2=0 planned=(396,458,480,480) frame=1078 font=11
2026.10.01-06.49.37 SHOT widget id=board.tag.bar impl=umg state=compact fighter=f-0-sk1 bbox=(415,467,449,472) geom=painted visible=1 twin=0 source=/Game/S08/UI/ArtHud/WBP_S08ArtTag mode=compact look=P1 shape=circle placement=above ring=0 order=0 bound=1 softPx2=0 planned=(396,458,480,480) frame=1078
2026.10.01-06.49.37 SHOT widget id=board.tag.chip impl=umg state=compact fighter=f-0-sk1 bbox=(400,463,412,475) geom=painted visible=1 twin=0 source=/Game/S08/UI/ArtHud/WBP_S08ArtTag mode=compact look=P1 shape=circle placement=above ring=0 order=0 bound=1 softPx2=0 planned=(396,458,480,480) frame=1078
2026.10.01-06.49.37 SHOT widget id=board.tag impl=umg state=compact fighter=f-0-sk2 bbox=(308,584,392,606) geom=painted visible=1 twin=0 source=/Game/S08/UI/ArtHud/WBP_S08ArtTag mode=compact look=P1 shape=circle placement=left ring=0 order=3 bound=1 softPx2=0 planned=(308,584,392,606) frame=1078
2026.10.01-06.49.37 SHOT widget id=board.tag.hp impl=umg state=compact fighter=f-0-sk2 bbox=(364,586,388,604) geom=painted visible=1 twin=0 source=/Game/S08/UI/ArtHud/WBP_S08ArtTag mode=compact look=P1 shape=circle placement=left ring=0 order=3 bound=1 softPx2=0 planned=(308,584,392,606) frame=1078 font=11
2026.10.01-06.49.37 SHOT widget id=board.tag.bar impl=umg state=compact fighter=f-0-sk2 bbox=(327,593,361,598) geom=painted visible=1 twin=0 source=/Game/S08/UI/ArtHud/WBP_S08ArtTag mode=compact look=P1 shape=circle placement=left ring=0 order=3 bound=1 softPx2=0 planned=(308,584,392,606) frame=1078
2026.10.01-06.49.37 SHOT widget id=board.tag.chip impl=umg state=compact fighter=f-0-sk2 bbox=(312,589,324,601) geom=painted visible=1 twin=0 source=/Game/S08/UI/ArtHud/WBP_S08ArtTag mode=compact look=P1 shape=circle placement=left ring=0 order=3 bound=1 softPx2=0 planned=(308,584,392,606) frame=1078
2026.10.01-06.49.37 SHOT widget id=board.tag impl=umg state=compact fighter=f-1-hero bbox=(977,619,1079,641) geom=painted visible=1 twin=0 source=/Game/S08/UI/ArtHud/WBP_S08ArtTag mode=compact look=P2 shape=hex placement=left ring=0 order=4 bound=1 softPx2=0 planned=(977,619,1079,641) frame=1078
2026.10.01-06.49.37 SHOT widget id=board.tag.hp impl=umg state=compact fighter=f-1-hero bbox=(1033,621,1075,639) geom=painted visible=1 twin=0 source=/Game/S08/UI/ArtHud/WBP_S08ArtTag mode=compact look=P2 shape=hex placement=left ring=0 order=4 bound=1 softPx2=0 planned=(977,619,1079,641) frame=1078 font=11
2026.10.01-06.49.37 SHOT widget id=board.tag.bar impl=umg state=compact fighter=f-1-hero bbox=(996,628,1030,633) geom=painted visible=1 twin=0 source=/Game/S08/UI/ArtHud/WBP_S08ArtTag mode=compact look=P2 shape=hex placement=left ring=0 order=4 bound=1 softPx2=0 planned=(977,619,1079,641) frame=1078
2026.10.01-06.49.37 SHOT widget id=board.tag.chip impl=umg state=compact fighter=f-1-hero bbox=(981,624,993,636) geom=painted visible=1 twin=0 source=/Game/S08/UI/ArtHud/WBP_S08ArtTag mode=compact look=P2 shape=hex placement=left ring=0 order=4 bound=1 softPx2=0 planned=(977,619,1079,641) frame=1078
2026.10.01-06.49.37 SHOT widget id=board.tag impl=umg state=compact fighter=f-1-sk0 bbox=(1130,510,1214,532) geom=painted visible=1 twin=0 source=/Game/S08/UI/ArtHud/WBP_S08ArtTag mode=compact look=P2 shape=hex placement=above ring=0 order=2 bound=1 softPx2=0 planned=(1130,510,1214,532) frame=1078
2026.10.01-06.49.37 SHOT widget id=board.tag.hp impl=umg state=compact fighter=f-1-sk0 bbox=(1186,512,1210,530) geom=painted visible=1 twin=0 source=/Game/S08/UI/ArtHud/WBP_S08ArtTag mode=compact look=P2 shape=hex placement=above ring=0 order=2 bound=1 softPx2=0 planned=(1130,510,1214,532) frame=1078 font=11
2026.10.01-06.49.37 SHOT widget id=board.tag.bar impl=umg state=compact fighter=f-1-sk0 bbox=(1149,519,1183,524) geom=painted visible=1 twin=0 source=/Game/S08/UI/ArtHud/WBP_S08ArtTag mode=compact look=P2 shape=hex placement=above ring=0 order=2 bound=1 softPx2=0 planned=(1130,510,1214,532) frame=1078
2026.10.01-06.49.37 SHOT widget id=board.tag.chip impl=umg state=compact fighter=f-1-sk0 bbox=(1134,515,1146,527) geom=painted visible=1 twin=0 source=/Game/S08/UI/ArtHud/WBP_S08ArtTag mode=compact look=P2 shape=hex placement=above ring=0 order=2 bound=1 softPx2=0 planned=(1130,510,1214,532) frame=1078
2026.10.01-06.49.37 SHOT panel id=hud.command bbox=(0,0,601,138) geom=painted visible=1 frame=1078
2026.10.01-06.49.37 SHOT panel id=hud.side bbox=(1432,0,1920,121) geom=painted visible=1 frame=1078
2026.10.01-06.49.37 SHOT panel id=hud.hand bbox=(517,985,1403,1080) geom=painted visible=1 frame=1078
2026.10.01-06.49.37 SHOT late end file=phase2-board-host-1920x1080.png frame=1078
2026.10.01-06.49.37 game -> room=cmup6be2u00o3wi9o7eg5h1tn code=<redacted> status=IN_PROGRESS
2026.10.01-06.49.39 game -> room=cmup6be2u00o3wi9o7eg5h1tn code=<redacted> status=IN_PROGRESS
2026.10.01-06.49.40 PERF window t=35.1-40.1 frames=143 fps=28.52 frameMs avg=35.06 p50=33.33 p95=33.33 p99=33.34 max=280.09 hitches50=1 gpuMs avg=2.43 p50=2.38 p95=2.66 gameMs avg=3.26 p95=1.79 renderMs avg=3.45 p95=4.28
2026.10.01-06.49.42 game -> room=cmup6be2u00o3wi9o7eg5h1tn code=<redacted> status=IN_PROGRESS
2026.10.01-06.49.45 game -> room=cmup6be2u00o3wi9o7eg5h1tn code=<redacted> status=IN_PROGRESS
2026.10.01-06.49.45 PERF window t=40.1-45.2 frames=151 fps=30.00 frameMs avg=33.33 p50=33.33 p95=33.33 p99=33.33 max=33.33 hitches50=0 gpuMs avg=2.41 p50=2.35 p95=2.64 gameMs avg=1.52 p95=1.82 renderMs avg=3.51 p95=4.30
2026.10.01-06.49.48 game -> room=cmup6be2u00o3wi9o7eg5h1tn code=<redacted> status=IN_PROGRESS
2026.10.01-06.49.50 PERF summary scope=afterWarmup warmup=5 elapsed=50.0 frames=1341 fps=29.78 frameMs avg=33.58 p50=33.33 p95=33.33 p99=33.35 max=280.09 hitches50=2 gpuMs avg=2.09 p50=2.33 p95=2.64 gameMs avg=1.61 p95=1.81 renderMs avg=3.30 p95=4.45
2026.10.01-06.49.50 PERF summary scope=started elapsed=50.0 frames=947 fps=29.69 frameMs avg=33.68 p50=33.33 p95=33.33 p99=33.34 max=280.09 hitches50=2 gpuMs avg=2.44 p50=2.38 p95=2.73 gameMs avg=1.81 p95=1.80 renderMs avg=3.60 p95=4.46
2026.10.01-06.49.50 PERF summary scope=artHud impl=umg elapsed=50.0 frames=472 fps=29.54 frameMs avg=33.86 p50=33.33 p95=33.33 p99=33.33 max=280.09 hitches50=1 gpuMs avg=2.41 p50=2.36 p95=2.63 gameMs avg=2.04 p95=1.82 renderMs avg=3.41 p95=4.28
2026.10.01-06.49.50 --- S08 trace close ---
