2026.09.29-08.07.50 --- S08 trace open 2026.09.29-08.07.50 ---
2026.09.29-08.07.50 HUD icon texture size=32 ready=1 path=/Game/ArtTests/ARTMarkers/Textures/T_UI_Action_Attack_32 texture=32x32 probe=0 plate=1
2026.09.29-08.07.50 HUD art widget plate impl=umg source=/Game/S08/UI/ArtHud/WBP_S08ArtPlate class=/Game/S08/UI/ArtHud/WBP_S08ArtPlate.WBP_S08ArtPlate_C parts=1 missing=- codeDefaultTree=0
2026.09.29-08.07.50 HUD art widget icon impl=umg source=/Game/S08/UI/ArtHud/WBP_S08ArtIcon class=/Game/S08/UI/ArtHud/WBP_S08ArtIcon.WBP_S08ArtIcon_C parts=1 missing=- codeDefaultTree=0
2026.09.29-08.07.50 RENDER preset applied=High flag=S08RenderPreset
2026.09.29-08.07.50 BENCH start (W4-A backend-less render bench)
2026.09.29-08.07.50 ARTPREVIEW board profiles loaded=1 revision=3 boards=3 zoneStyles=11 lightProfiles=4 errors=0 path=Config/ArtBoards/S08ArtBoardProfiles.json
2026.09.29-08.07.50 ARTPREVIEW board profiles source=override sha256=2c47a4b365d1fe4b0e81f269fea61eb4941457f5543190691d26b6a27c17da3b overridePath=C:\tmp\t42\bench\profiles-legacy-forest.json
2026.09.29-08.07.50 ARTPREVIEW zone content instances=12/12 glyphMeshes=11/11
2026.09.29-08.07.50 ARTPREVIEW game layer material=M_S08_GameLayerUnlit unlitEyeAdaptInv=1 legacyRender=0
2026.09.29-08.07.50 ARTPREVIEW Cobble assets ready
2026.09.29-08.07.50 ARTPREVIEW board assets ready cobbleMesh=1 tiles=1 zoneMaterials=2
2026.09.29-08.07.50 ARTPREVIEW medusa candidate variant=face-neck-v2 mesh=SK_Medusa_FaceNeck_v2Candidate requested=(default)
2026.09.29-08.07.50 ARTPREVIEW board profile=cobble-city match=boardId board=5x6 boardId=cmuhgs4b2001mwik4f2b2xtf8 surface=cobble-5x6-mesh light=t42-legacy-forest artFixture=0
2026.09.29-08.07.50 ARTPREVIEW light profile=t42-legacy-forest name=key role=key kind=directional at=(-350,-150,600) intensity=4 units=lux radius=0 color=(0.49,0.64,0.51) shadow=1
2026.09.29-08.07.50 ARTPREVIEW light profile=t42-legacy-forest name=fill role=fill kind=point at=(0,100,500) intensity=950 units=candelas radius=1800 color=(0.75,0.87,0.75) shadow=0
2026.09.29-08.07.50 ARTPREVIEW light profile=t42-legacy-forest name=warm role=warm kind=point at=(260,-300,250) intensity=150 units=candelas radius=430 color=(1.00,0.34,0.08) shadow=0
2026.09.29-08.07.50 ARTPREVIEW light profile=t42-legacy-forest name=secondary role=secondary kind=point at=(-180,125,230) intensity=110 units=candelas radius=330 color=(1.00,0.41,0.10) shadow=0
2026.09.29-08.07.50 ARTPREVIEW exposure profile=t42-legacy-forest method=histogram-fixed min=2.46229 max=2.46229 bias=0.000 ev100=1.30 volume=1
2026.09.29-08.07.50 ARTPREVIEW lights applied profile=t42-legacy-forest directional=1 shadow=1 points=3 pointShadows=0 budgetOk=1
2026.09.29-08.07.50 ARTPREVIEW render profile=t42-legacy-forest units=candelas sky=0 exposure=1 keyShadow=csm-default shadowCasters=1 legacyRender=0
2026.09.29-08.07.50 ARTPREVIEW Cobble probe lights key=4 fill=950 warm=150
2026.09.29-08.07.50 ARTPREVIEW board glyph meshes instances=30 keys=2/2 cubePieces=0 anchors=30
2026.09.29-08.07.50 ARTPREVIEW Cobble active 5x6 zones=30 blue=15 red=15 blueMarks=15 redMarks=45
2026.09.29-08.07.50 ARTPREVIEW board active profile=cobble-city 5x6 surface=cobble-5x6-mesh cells=30 zoneCells=30 multizone=0 triple=0 obstacles=0 zoneKeys=2 strokes=60 glyphs=45 surfaceParts=0 glyphMaterial=zone expectOk=1
2026.09.29-08.07.50 ARTPREVIEW board zone key=blue cells=15 stroke=solid glyph=diamond color=#3B78D8 ismUsage=1 strokePieces=15 glyphPieces=15 mi=MI_ART005_Zone_Blue glyphMesh=SM_ART005_ZoneGlyph_Diamond glyphInstances=15 fallback=0
2026.09.29-08.07.50 ARTPREVIEW board zone key=red cells=15 stroke=dash3 glyph=bars2 color=#D8453B ismUsage=1 strokePieces=45 glyphPieces=30 mi=MI_ART005_Zone_Red glyphMesh=SM_ART005_ZoneGlyph_Bars2 glyphInstances=15 fallback=0
2026.09.29-08.07.50 ARTPREVIEW board multizone cells=0 zonesListed=0 zonesMarked=0
2026.09.29-08.07.50 CAMERA dist=1931 loc=(0,1107,1582) pitch=-55 yaw=-90
2026.09.29-08.07.50 CAMERA config overview=1930.8 nearest=300.0 farthest=2970.4 zoomRange=0.65-6.44 minDist=300.0 outRatio=0.650 step=1.250 animMs=200 returnMs=300 followFrom=1.20 source=defaults issues=0
2026.09.29-08.07.50 BOARD 5x6 cells | control points: (0,0)=(-200,-250,0) (4,5)=(200,250,0) | neighbor pair (dist 100 uu)
2026.09.29-08.07.50 ARTPREVIEW click capsule fighter=f-0-hero mesh=SK_Medusa_FaceNeck_v2Candidate physicsAsset=0 radius=12.5 halfHeight=27.5 top=55.0 bodyCollision=0 source=meshBounds
2026.09.29-08.07.50 ARTPREVIEW fighter=Medusa hero=1 eligible=1 visual=1 mesh=SK_Medusa_FaceNeck_v2Candidate
2026.09.29-08.07.50 ARTPREVIEW click capsule fighter=f-0-sk0 mesh=SM_ART003_Harpy physicsAsset=0 radius=20.0 halfHeight=21.0 top=42.0 bodyCollision=0 source=meshBounds
2026.09.29-08.07.50 ARTPREVIEW click capsule fighter=f-0-sk1 mesh=SM_ART003_Harpy physicsAsset=0 radius=20.0 halfHeight=21.0 top=42.0 bodyCollision=0 source=meshBounds
2026.09.29-08.07.50 ARTPREVIEW click capsule fighter=f-0-sk2 mesh=SM_ART003_Harpy physicsAsset=0 radius=20.0 halfHeight=21.0 top=42.0 bodyCollision=0 source=meshBounds
2026.09.29-08.07.50 ARTPREVIEW click capsule fighter=f-1-hero mesh=SM_ART003_Arthur physicsAsset=0 radius=17.8 halfHeight=28.0 top=56.0 bodyCollision=0 source=meshBounds
2026.09.29-08.07.50 ARTPREVIEW click capsule fighter=f-1-sk0 mesh=SM_ART003_Merlin physicsAsset=0 radius=14.7 halfHeight=30.8 top=61.5 bodyCollision=0 source=meshBounds
2026.09.29-08.07.50 FIGHTERS synced n=6 alive=6 own=4 enemy=2
2026.09.29-08.07.50 BENCH scene fixture=S08BenchCobble.json board=5x6 fighters=6 viewer=cmukie55u0000wiao06h107t9 hero=f-0-hero art=1 profile=cobble-city views=K1 warmup=20 settle=6 measure=6 fps=0 profileGpu=0 csv=0
2026.09.29-08.08.10 BENCH warmup done elapsed=20.0
2026.09.29-08.08.10 BENCH view=K1 overview target=1930.8
2026.09.29-08.08.10 BENCH view=K1 camera settled=1 dist=1930.8 target=1930.8 zoom=1.00
2026.09.29-08.08.22 BENCH measure view=K1 window=6.0 frames=1200 fps=199.83 frameMs avg=5.00 p50=4.96 p95=5.88 p99=7.70 max=9.84 hitches50=0 gpuMs avg=1.57 p50=1.50 p95=1.75 gameMs avg=0.94 p95=1.15 renderMs avg=5.00 p95=5.88
2026.09.29-08.08.22 RENDER tag=BENCH rhi=D3D12 featureLevel=SM6 shaderPlatform=PCD3D_SM6 lumenPlatform=1 gi=none giMethod=0 refl=none reflMethod=0 shadows=csm vsmEnable=0 sg.res=100 sg.view=2 sg.aa=2 sg.shadow=2 sg.gi=2 sg.refl=2 sg.pp=2 sg.tex=2 sg.fx=2 sg.foliage=2 sg.shading=2 sg.landscape=2 preset=High screenPct=100.0 screenPctMode=0 aa=TSR aaMethod=4 exposure=fixed-histogram expMin=2.46229 expMax=2.46229 expBias=0.000 ev100=1.30 lightUnits=candelas sky=0 skyIntensity=0.000 keyShadow=csm-default shadowCasters=1 profile=t42-legacy-forest profilesSha256=2c47a4b365d1fe4b0e81f269fea61eb4941457f5543190691d26b6a27c17da3b profilesSource=override legacyRender=0 gameLayer=unlit-eyeadaptinv tMaxFPS=0.0 vsync=0 frameRateLimit=60.0 substrate=0 nanite=1 meshDF=1 viewport=1920x1080 reference=0 notReference=gi,reflections,profilesSource
2026.09.29-08.08.25 SHOT ctx viewport=1920x1080 viewTarget=CameraActor_2147482365 cam=(0,1107,1582) rot=(-55,-90,0)
2026.09.29-08.08.25 RENDER tag=SHOT rhi=D3D12 featureLevel=SM6 shaderPlatform=PCD3D_SM6 lumenPlatform=1 gi=none giMethod=0 refl=none reflMethod=0 shadows=csm vsmEnable=0 sg.res=100 sg.view=2 sg.aa=2 sg.shadow=2 sg.gi=2 sg.refl=2 sg.pp=2 sg.tex=2 sg.fx=2 sg.foliage=2 sg.shading=2 sg.landscape=2 preset=High screenPct=100.0 screenPctMode=0 aa=TSR aaMethod=4 exposure=fixed-histogram expMin=2.46229 expMax=2.46229 expBias=0.000 ev100=1.30 lightUnits=candelas sky=0 skyIntensity=0.000 keyShadow=csm-default shadowCasters=1 profile=t42-legacy-forest profilesSha256=2c47a4b365d1fe4b0e81f269fea61eb4941457f5543190691d26b6a27c17da3b profilesSource=override legacyRender=0 gameLayer=unlit-eyeadaptinv tMaxFPS=0.0 vsync=0 frameRateLimit=60.0 substrate=0 nanite=1 meshDF=1 viewport=1920x1080 reference=0 notReference=gi,reflections,profilesSource
2026.09.29-08.08.25 SHOT fighter f-0-hero pos=(2,2) world=(0,-50,0) screen=(960,476) projected=1 alive=1
2026.09.29-08.08.25 SHOT fighter f-0-sk0 pos=(3,2) world=(100,-50,0) screen=(1115,476) projected=1 alive=1
2026.09.29-08.08.25 SHOT fighter f-0-sk1 pos=(2,1) world=(0,-150,0) screen=(960,355) projected=1 alive=1
2026.09.29-08.08.25 SHOT fighter f-0-sk2 pos=(1,2) world=(-100,-50,0) screen=(805,476) projected=1 alive=1
2026.09.29-08.08.25 SHOT fighter f-1-hero pos=(2,3) world=(0,50,0) screen=(960,606) projected=1 alive=1
2026.09.29-08.08.25 SHOT fighter f-1-sk0 pos=(3,3) world=(100,50,0) screen=(1120,606) projected=1 alive=1
2026.09.29-08.08.25 SHOT camera dist=1930.8 target=1930.8 overview=1930.8 errPct=0.000 focusErr=0.00 settled=1 zoom=1.00
2026.09.29-08.08.25 SHOT head fighter=f-0-hero socket=Head mesh=SK_Medusa_FaceNeck_v2Candidate world=(0.0,-46.0,38.5) screen=(960.0,445.5) top=(960.0,439.8) bottom=(960.0,451.2) headPx=11.4 projected=1
2026.09.29-08.08.25 SHOT label fighter=f-0-hero mode=full bbox=(916,381,1004,414)
2026.09.29-08.08.25 SHOT label fighter=f-0-sk0 mode=full bbox=(1072,399,1169,428)
2026.09.29-08.08.25 SHOT label fighter=f-0-sk1 mode=full bbox=(914,276,1006,305)
2026.09.29-08.08.25 SHOT label fighter=f-0-sk2 mode=full bbox=(751,399,848,428)
2026.09.29-08.08.25 SHOT label fighter=f-1-hero mode=full bbox=(913,517,1007,545)
2026.09.29-08.08.25 SHOT label fighter=f-1-sk0 mode=full bbox=(1088,529,1162,558)
2026.09.29-08.08.25 SHOT requested: FScreenshotRequest(bShowUI) -> C:\tmp\t42\bench\legacy-forest\r3/bench-K1-1920x1080.png
2026.09.29-08.08.25 BENCH shot view=K1 saved=1 path=C:\tmp\t42\bench\legacy-forest\r3/bench-K1-1920x1080.png
2026.09.29-08.08.25 BENCH done views=1 elapsed=35.2
2026.09.29-08.08.25 --- S08 trace close ---
