2026.09.29-00.55.39 --- S08 trace open 2026.09.29-00.55.39 ---
2026.09.29-00.55.39 HUD icon texture size=32 ready=1 path=/Game/ArtTests/ARTMarkers/Textures/T_UI_Action_Attack_32 texture=32x32 probe=0 plate=1
2026.09.29-00.55.40 LOGIN ok user=art-preview-host
2026.09.29-00.55.42 HEROES loaded 84
2026.09.29-00.55.43 createGame -> room=cmulyta3y000dwim8s4qe2rh5 code=<redacted> status=LOBBY
2026.09.29-00.55.44 PERF config tMaxFPS=30.0 frameRateLimit=60.0 vsync=0 smoothFrameRate=0 fixedFrameRate=0 rhi=D3D11
2026.09.29-00.55.44 PERF window t=0.0-5.0 frames=151 fps=30.00 frameMs avg=33.33 p50=33.33 p95=33.33 p99=33.36 max=33.36 hitches50=0 gpuMs avg=35.47 p50=33.30 p95=34.13 gameMs avg=1.62 p95=1.94 renderMs avg=2.11 p95=2.23
2026.09.29-00.55.45 game -> room=cmulyta3y000dwim8s4qe2rh5 code=<redacted> status=LOBBY
2026.09.29-00.55.46 selectHero -> room=cmulyta3y000dwim8s4qe2rh5 code=<redacted> status=LOBBY
2026.09.29-00.55.48 game -> room=cmulyta3y000dwim8s4qe2rh5 code=<redacted> status=LOBBY
2026.09.29-00.55.48 toggleReady -> room=cmulyta3y000dwim8s4qe2rh5 code=<redacted> status=LOBBY
2026.09.29-00.55.49 PERF window t=5.0-10.0 frames=150 fps=30.00 frameMs avg=33.33 p50=33.33 p95=33.33 p99=33.35 max=33.35 hitches50=0 gpuMs avg=32.94 p50=33.31 p95=34.36 gameMs avg=1.42 p95=1.79 renderMs avg=1.63 p95=2.27
2026.09.29-00.55.51 game -> room=cmulyta3y000dwim8s4qe2rh5 code=<redacted> status=LOBBY
2026.09.29-00.55.54 PERF window t=10.0-15.0 frames=150 fps=30.00 frameMs avg=33.33 p50=33.33 p95=33.34 p99=33.36 max=33.37 hitches50=0 gpuMs avg=31.68 p50=33.31 p95=34.15 gameMs avg=1.47 p95=1.84 renderMs avg=1.84 p95=2.39
2026.09.29-00.55.54 game -> room=cmulyta3y000dwim8s4qe2rh5 code=<redacted> status=LOBBY
2026.09.29-00.55.57 game -> room=cmulyta3y000dwim8s4qe2rh5 code=<redacted> status=LOBBY
2026.09.29-00.55.58 startGame -> room=cmulyta3y000dwim8s4qe2rh5 code=<redacted> status=IN_PROGRESS
2026.09.29-00.55.58 SNAPSHOT applied seq=1 phase=ACTION_MANEUVER
2026.09.29-00.55.58 HANDLE_APPLIED #1 seq=1 decision=2 fightersValid=1 boardValid=1
2026.09.29-00.55.58 MODE seq=1 mode=0 combat=0 pending=0
2026.09.29-00.55.58 HUD seq=1 phase=ACTION_MANEUVER turn=you hand=5 oppHand=5(hidden) oppDeck=25 deck=25 discard=0
2026.09.29-00.55.58 ARTPREVIEW board profiles loaded=1 revision=1 boards=3 zoneStyles=11 lightProfiles=3 errors=0 path=Config/ArtBoards/S08ArtBoardProfiles.json
2026.09.29-00.55.58 ARTPREVIEW Cobble assets ready
2026.09.29-00.55.58 ARTPREVIEW board assets ready cobbleMesh=1 tiles=1 zoneMaterials=2
2026.09.29-00.55.58 ARTPREVIEW medusa candidate variant=face-neck-v2 mesh=SK_Medusa_FaceNeck_v2Candidate requested=face-neck-v2
2026.09.29-00.55.58 ARTPREVIEW board profile=cobble-city match=boardId board=5x6 boardId=cmuhgs4b2001mwik4f2b2xtf8 surface=cobble-5x6-mesh light=cobble-probe artFixture=0
2026.09.29-00.55.58 ARTPREVIEW light profile=cobble-probe name=key role=key kind=directional at=(-350,-150,600) intensity=4.5 radius=0 color=(1.00,1.00,1.00) shadow=1
2026.09.29-00.55.58 ARTPREVIEW light profile=cobble-probe name=fill role=fill kind=point at=(0,-100,550) intensity=700 radius=1800 color=(1.00,1.00,1.00) shadow=0
2026.09.29-00.55.58 ARTPREVIEW light profile=cobble-probe name=warm role=warm kind=point at=(260,-300,250) intensity=85 radius=450 color=(1.00,1.00,1.00) shadow=0
2026.09.29-00.55.58 ARTPREVIEW lights applied profile=cobble-probe directional=1 shadow=1 points=2 pointShadows=0 budgetOk=1
2026.09.29-00.55.58 ARTPREVIEW Cobble probe lights key=4.5 fill=700 warm=85
2026.09.29-00.55.58 ARTPREVIEW Cobble active 5x6 zones=30 blue=15 red=15 blueMarks=15 redMarks=45
2026.09.29-00.55.58 ARTPREVIEW board active profile=cobble-city 5x6 surface=cobble-5x6-mesh cells=30 zoneCells=30 multizone=0 triple=0 obstacles=0 zoneKeys=2 strokes=60 glyphs=45 surfaceParts=0 glyphMaterial=review expectOk=1
2026.09.29-00.55.58 ARTPREVIEW board zone key=blue cells=15 stroke=solid glyph=diamond material=M_ART005_BlueSection_Review ismUsage=0 strokePieces=15 glyphPieces=15 fallback=0
2026.09.29-00.55.58 ARTPREVIEW board zone key=red cells=15 stroke=dash3 glyph=bars2 material=M_ART005_RedSection_Review ismUsage=0 strokePieces=45 glyphPieces=30 fallback=0
2026.09.29-00.55.58 ARTPREVIEW board multizone cells=0 zonesListed=0 zonesMarked=0
2026.09.29-00.55.58 CAMERA dist=1931 loc=(0,1107,1582) pitch=-55 yaw=-90
2026.09.29-00.55.58 CAMERA config overview=1930.8 nearest=300.0 farthest=2970.4 zoomRange=0.65-6.44 minDist=300.0 outRatio=0.650 step=1.250 animMs=200 returnMs=300 followFrom=1.20 source=defaults issues=0
2026.09.29-00.55.58 BOARD 5x6 cells | control points: (0,0)=(-200,-250,0) (4,5)=(200,250,0) | neighbor pair (dist 100 uu)
2026.09.29-00.55.58 ARTPREVIEW click capsule fighter=f-0-hero mesh=SK_Medusa_FaceNeck_v2Candidate physicsAsset=0 radius=12.5 halfHeight=27.5 top=55.0 bodyCollision=0 source=meshBounds
2026.09.29-00.55.58 ARTPREVIEW fighter=Medusa hero=1 eligible=1 visual=1 mesh=SK_Medusa_FaceNeck_v2Candidate
2026.09.29-00.55.58 ARTPREVIEW click capsule fighter=f-0-sk0 mesh=SM_ART003_Harpy physicsAsset=0 radius=20.0 halfHeight=21.0 top=42.0 bodyCollision=0 source=meshBounds
2026.09.29-00.55.58 ARTPREVIEW click capsule fighter=f-0-sk1 mesh=SM_ART003_Harpy physicsAsset=0 radius=20.0 halfHeight=21.0 top=42.0 bodyCollision=0 source=meshBounds
2026.09.29-00.55.58 ARTPREVIEW click capsule fighter=f-0-sk2 mesh=SM_ART003_Harpy physicsAsset=0 radius=20.0 halfHeight=21.0 top=42.0 bodyCollision=0 source=meshBounds
2026.09.29-00.55.58 ARTPREVIEW click capsule fighter=f-1-hero mesh=SM_ART003_Arthur physicsAsset=0 radius=17.8 halfHeight=28.0 top=56.0 bodyCollision=0 source=meshBounds
2026.09.29-00.55.58 ARTPREVIEW click capsule fighter=f-1-sk0 mesh=SM_ART003_Merlin physicsAsset=0 radius=14.7 halfHeight=30.8 top=61.5 bodyCollision=0 source=meshBounds
2026.09.29-00.55.58 FIGHTERS synced n=6 alive=6 own=4 enemy=2
2026.09.29-00.55.58 STATE seq=1 -> apply
2026.09.29-00.55.58 HUD art layer plate=1 iconSize=32 iconTexture=1 iconProbe=0 plan=0
2026.09.29-00.55.58 SUBSCRIBED gameStateUpdated since=1
2026.09.29-00.55.58 SNAPSHOT applied seq=1 phase=ACTION_MANEUVER
2026.09.29-00.55.58 HANDLE_APPLIED #2 seq=1 decision=1 fightersValid=1 boardValid=1
2026.09.29-00.55.58 MODE seq=1 mode=0 combat=0 pending=0
2026.09.29-00.55.58 HUD seq=1 phase=ACTION_MANEUVER turn=you hand=5 oppHand=5(hidden) oppDeck=25 deck=25 discard=0
2026.09.29-00.55.58 ARTPREVIEW fighter=Medusa hero=1 eligible=1 visual=1 mesh=SK_Medusa_FaceNeck_v2Candidate
2026.09.29-00.55.58 FIGHTERS synced n=6 alive=6 own=4 enemy=2
2026.09.29-00.55.58 WS seq=1 phase=ACTION_MANEUVER (merge)
2026.09.29-00.55.59 PERF window t=15.0-20.1 frames=150 fps=29.88 frameMs avg=33.47 p50=33.33 p95=33.33 p99=33.37 max=53.68 hitches50=1 gpuMs avg=31.46 p50=33.35 p95=34.37 gameMs avg=1.89 p95=1.78 renderMs avg=2.08 p95=2.59
2026.09.29-00.56.00 game -> room=cmulyta3y000dwim8s4qe2rh5 code=<redacted> status=IN_PROGRESS
2026.09.29-00.56.03 game -> room=cmulyta3y000dwim8s4qe2rh5 code=<redacted> status=IN_PROGRESS
2026.09.29-00.56.04 PERF window t=20.1-25.1 frames=150 fps=30.00 frameMs avg=33.33 p50=33.33 p95=33.33 p99=33.36 max=33.40 hitches50=0 gpuMs avg=27.18 p50=33.17 p95=34.48 gameMs avg=1.44 p95=1.89 renderMs avg=2.39 p95=3.11
2026.09.29-00.56.06 game -> room=cmulyta3y000dwim8s4qe2rh5 code=<redacted> status=IN_PROGRESS
2026.09.29-00.56.09 PERF window t=25.1-30.1 frames=150 fps=30.00 frameMs avg=33.33 p50=33.33 p95=33.33 p99=33.35 max=33.37 hitches50=0 gpuMs avg=26.30 p50=33.12 p95=34.43 gameMs avg=1.41 p95=1.79 renderMs avg=2.46 p95=3.30
2026.09.29-00.56.09 game -> room=cmulyta3y000dwim8s4qe2rh5 code=<redacted> status=IN_PROGRESS
2026.09.29-00.56.12 game -> room=cmulyta3y000dwim8s4qe2rh5 code=<redacted> status=IN_PROGRESS
2026.09.29-00.56.14 PERF window t=30.1-35.1 frames=150 fps=30.00 frameMs avg=33.33 p50=33.33 p95=33.33 p99=33.36 max=33.37 hitches50=0 gpuMs avg=26.72 p50=33.13 p95=34.46 gameMs avg=1.40 p95=1.72 renderMs avg=2.34 p95=2.98
2026.09.29-00.56.15 game -> room=cmulyta3y000dwim8s4qe2rh5 code=<redacted> status=IN_PROGRESS
2026.09.29-00.56.17 ARTPREVIEW selection ring shown fighter=Medusa mesh=SM_Marker_SelectionRing
2026.09.29-00.56.17 ARTPREVIEW reachable corners cells=13 placed=1
2026.09.29-00.56.17 ARTPREVIEW selection ownHero=1 selected=1 fighter=Medusa reachable=14 fighterId=f-0-hero
2026.09.29-00.56.17 INPUT select src=flag fighter=f-0-hero flag=ArtPreviewSelectOwnHero
2026.09.29-00.56.17 ARTPREVIEW camera focus requested zoom=5.00 overview=1931 target=386
2026.09.29-00.56.17 INPUT zoom src=flag zoom=5.00 flag=ArtPreviewFocusZoom
2026.09.29-00.56.17 CAMERA focus src=flag from=1930.8 to=386.2 requested=386.2 zoom=5.00 clamp=0 limit=none animMs=200
2026.09.29-00.56.17 HUD plate content fighter=f-0-hero name=Medusa hp=16/16 team=own statuses=HERO  |  MELEE
2026.09.29-00.56.18 PLATE fighter=f-0-hero bbox=(1096,472,1268,526) overlapReachable=0 placement=right ring=0 gap=6 selection=f-0-hero destinations=13 clean=1 softPx2=0 tested=228
2026.09.29-00.56.18 CAMERA settled elapsed=38.19 dist=386.2 target=386.2 errPct=0.000 focusErr=0.00 focus=(0,-50,28)
2026.09.29-00.56.18 PLATE fighter=f-0-hero bbox=(1139,494,1311,548) overlapReachable=0 placement=right ring=0 gap=6 selection=f-0-hero destinations=13 clean=1 softPx2=0 tested=278
2026.09.29-00.56.18 game -> room=cmulyta3y000dwim8s4qe2rh5 code=<redacted> status=IN_PROGRESS
2026.09.29-00.56.19 SHOT ctx viewport=1920x1080 viewTarget=CameraActor_2147482371 cam=(0,171,344) rot=(-55,-90,0)
2026.09.29-00.56.19 SHOT fighter f-0-hero pos=(2,2) world=(0,-50,0) screen=(960,660) projected=1 alive=1
2026.09.29-00.56.19 SHOT fighter f-0-sk0 pos=(3,2) world=(100,-50,0) screen=(1704,660) projected=1 alive=1
2026.09.29-00.56.19 SHOT fighter f-0-sk1 pos=(2,1) world=(0,-150,0) screen=(960,110) projected=1 alive=1
2026.09.29-00.56.19 SHOT fighter f-0-sk2 pos=(1,2) world=(-100,-50,0) screen=(216,660) projected=1 alive=1
2026.09.29-00.56.19 SHOT fighter f-1-hero pos=(2,3) world=(0,50,0) screen=(960,1388) projected=1 alive=1
2026.09.29-00.56.19 SHOT fighter f-1-sk0 pos=(3,3) world=(100,50,0) screen=(1826,1388) projected=1 alive=1
2026.09.29-00.56.19 SHOT camera dist=386.2 target=386.2 overview=1930.8 errPct=0.000 focusErr=0.00 settled=1 zoom=5.00
2026.09.29-00.56.19 SHOT head fighter=f-0-hero socket=Head mesh=SK_Medusa_FaceNeck_v2Candidate world=(0.0,-46.0,38.5) screen=(960.0,517.7) top=(960.0,489.1) bottom=(960.0,545.6) headPx=56.4 projected=1
2026.09.29-00.56.19 SHOT selection fighter=f-0-hero ownCell=(2,2) legal=14 destinations=13 ownCellExcluded=1 plateFighter=f-0-hero
2026.09.29-00.56.19 SHOT reachable fighter=f-0-hero n=13 cells=(1,0)(2,0)(3,0)(0,1)(1,1)(3,1)(4,1)(0,2)(4,2)(0,3)(1,3)(4,3)(1,4)
2026.09.29-00.56.19 SHOT plate fighter=f-0-hero bbox=(1139,494,1311,548) overlapReachable=0 placement=right gap=6 anchor=(787,282,1133,788) planned=(1139,494,1311,548) geom=painted stableFrames=54
2026.09.29-00.56.19 SHOT label fighter=f-0-sk0 mode=compact bbox=(1724,432,1848,446)
2026.09.29-00.56.19 SHOT label fighter=f-0-sk1 mode=compact bbox=(908,-140,1012,-126)
2026.09.29-00.56.19 SHOT label fighter=f-0-sk2 mode=compact bbox=(72,432,196,446)
2026.09.29-00.56.19 SHOT label fighter=f-1-hero mode=compact bbox=(880,1137,1040,1147)
2026.09.29-00.56.19 SHOT label fighter=f-1-sk0 mode=compact bbox=(1875,1215,2003,1227)
2026.09.29-00.56.19 SHOT requested: FScreenshotRequest(bShowUI) -> C:\Users\ren\AppData\Local\Temp\s08-phase2-20260929-055538-53760\phase2-board-host-1920x1080.png
2026.09.29-00.56.20 PERF window t=35.1-40.3 frames=150 fps=28.47 frameMs avg=35.13 p50=33.33 p95=33.34 p99=65.67 max=270.33 hitches50=2 gpuMs avg=27.56 p50=33.22 p95=34.36 gameMs avg=1.71 p95=1.98 renderMs avg=2.19 p95=2.57
2026.09.29-00.56.21 game -> room=cmulyta3y000dwim8s4qe2rh5 code=<redacted> status=IN_PROGRESS
2026.09.29-00.56.24 game -> room=cmulyta3y000dwim8s4qe2rh5 code=<redacted> status=IN_PROGRESS
2026.09.29-00.56.25 PERF window t=40.3-45.3 frames=150 fps=30.00 frameMs avg=33.33 p50=33.33 p95=33.33 p99=33.34 max=33.41 hitches50=0 gpuMs avg=30.16 p50=33.14 p95=34.90 gameMs avg=3.15 p95=1.85 renderMs avg=2.40 p95=2.78
2026.09.29-00.56.27 game -> room=cmulyta3y000dwim8s4qe2rh5 code=<redacted> status=IN_PROGRESS
2026.09.29-00.56.30 PERF window t=45.3-50.4 frames=151 fps=30.00 frameMs avg=33.33 p50=33.33 p95=33.33 p99=33.34 max=33.39 hitches50=0 gpuMs avg=29.92 p50=33.20 p95=34.54 gameMs avg=1.52 p95=1.82 renderMs avg=2.41 p95=2.92
2026.09.29-00.56.30 game -> room=cmulyta3y000dwim8s4qe2rh5 code=<redacted> status=IN_PROGRESS
2026.09.29-00.56.33 game -> room=cmulyta3y000dwim8s4qe2rh5 code=<redacted> status=IN_PROGRESS
2026.09.29-00.56.35 PERF window t=50.4-55.4 frames=151 fps=30.00 frameMs avg=33.33 p50=33.33 p95=33.33 p99=33.33 max=33.34 hitches50=0 gpuMs avg=30.10 p50=33.20 p95=34.34 gameMs avg=1.60 p95=2.15 renderMs avg=2.50 p95=3.30
2026.09.29-00.56.36 game -> room=cmulyta3y000dwim8s4qe2rh5 code=<redacted> status=IN_PROGRESS
2026.09.29-00.56.39 PERF summary scope=afterWarmup warmup=5 elapsed=60.0 frames=1643 fps=29.84 frameMs avg=33.51 p50=33.33 p95=33.33 p99=33.36 max=270.33 hitches50=3 gpuMs avg=29.43 p50=33.22 p95=34.46 gameMs avg=1.69 p95=1.89 renderMs avg=2.25 p95=2.97
2026.09.29-00.56.39 PERF summary scope=started elapsed=60.0 frames=1246 fps=29.79 frameMs avg=33.57 p50=33.33 p95=33.33 p99=33.36 max=270.33 hitches50=3 gpuMs avg=28.45 p50=33.18 p95=34.52 gameMs avg=1.77 p95=1.91 renderMs avg=2.42 p95=3.07
2026.09.29-00.56.39 --- S08 trace close ---
