2026.09.29-00.55.45 --- S08 trace open 2026.09.29-00.55.45 ---
2026.09.29-00.55.45 HUD icon texture size=32 ready=1 path=/Game/ArtTests/ARTMarkers/Textures/T_UI_Action_Attack_32 texture=32x32 probe=0 plate=1
2026.09.29-00.55.45 LOGIN ok user=art-preview-joiner
2026.09.29-00.55.48 HEROES loaded 84
2026.09.29-00.55.48 CODE resolved -> cmulyta3y000dwim8s4qe2rh5
2026.09.29-00.55.48 joinGame -> room=cmulyta3y000dwim8s4qe2rh5 code=<redacted> status=LOBBY
2026.09.29-00.55.50 PERF config tMaxFPS=30.0 frameRateLimit=60.0 vsync=0 smoothFrameRate=0 fixedFrameRate=0 rhi=D3D11
2026.09.29-00.55.50 PERF window t=0.0-5.0 frames=151 fps=30.00 frameMs avg=33.33 p50=33.33 p95=33.33 p99=33.34 max=33.34 hitches50=0 gpuMs avg=35.41 p50=33.34 p95=34.08 gameMs avg=1.40 p95=1.54 renderMs avg=1.83 p95=2.12
2026.09.29-00.55.51 game -> room=cmulyta3y000dwim8s4qe2rh5 code=<redacted> status=LOBBY
2026.09.29-00.55.51 selectHero -> room=cmulyta3y000dwim8s4qe2rh5 code=<redacted> status=LOBBY
2026.09.29-00.55.54 game -> room=cmulyta3y000dwim8s4qe2rh5 code=<redacted> status=LOBBY
2026.09.29-00.55.54 toggleReady -> room=cmulyta3y000dwim8s4qe2rh5 code=<redacted> status=LOBBY
2026.09.29-00.55.55 PERF window t=5.0-10.0 frames=150 fps=30.00 frameMs avg=33.33 p50=33.33 p95=33.33 p99=33.35 max=33.38 hitches50=0 gpuMs avg=32.34 p50=33.32 p95=34.10 gameMs avg=1.37 p95=1.65 renderMs avg=1.76 p95=2.53
2026.09.29-00.55.57 game -> room=cmulyta3y000dwim8s4qe2rh5 code=<redacted> status=LOBBY
2026.09.29-00.56.00 PERF window t=10.0-15.0 frames=150 fps=30.00 frameMs avg=33.33 p50=33.33 p95=33.33 p99=33.33 max=33.34 hitches50=0 gpuMs avg=33.13 p50=33.32 p95=34.08 gameMs avg=1.29 p95=1.41 renderMs avg=1.60 p95=2.07
2026.09.29-00.56.00 game -> room=cmulyta3y000dwim8s4qe2rh5 code=<redacted> status=IN_PROGRESS
2026.09.29-00.56.00 WS DROPPED (test-initiated transport loss)
2026.09.29-00.56.00 WS closed (test drop) - reconnect in 1s
2026.09.29-00.56.00 SNAPSHOT applied seq=1 phase=ACTION_MANEUVER
2026.09.29-00.56.00 HANDLE_APPLIED #1 seq=1 decision=2 fightersValid=1 boardValid=1
2026.09.29-00.56.00 MODE seq=1 mode=0 combat=0 pending=0
2026.09.29-00.56.00 HUD seq=1 phase=ACTION_MANEUVER turn=opp hand=5 oppHand=5(hidden) oppDeck=25 deck=25 discard=0
2026.09.29-00.56.00 ARTPREVIEW board profiles loaded=1 revision=1 boards=3 zoneStyles=11 lightProfiles=3 errors=0 path=Config/ArtBoards/S08ArtBoardProfiles.json
2026.09.29-00.56.00 ARTPREVIEW Cobble assets ready
2026.09.29-00.56.00 ARTPREVIEW board assets ready cobbleMesh=1 tiles=1 zoneMaterials=2
2026.09.29-00.56.00 ARTPREVIEW medusa candidate variant=face-neck-v2 mesh=SK_Medusa_FaceNeck_v2Candidate requested=face-neck-v2
2026.09.29-00.56.00 ARTPREVIEW board profile=cobble-city match=boardId board=5x6 boardId=cmuhgs4b2001mwik4f2b2xtf8 surface=cobble-5x6-mesh light=cobble-probe artFixture=0
2026.09.29-00.56.00 ARTPREVIEW light profile=cobble-probe name=key role=key kind=directional at=(-350,-150,600) intensity=4.5 radius=0 color=(1.00,1.00,1.00) shadow=1
2026.09.29-00.56.00 ARTPREVIEW light profile=cobble-probe name=fill role=fill kind=point at=(0,-100,550) intensity=700 radius=1800 color=(1.00,1.00,1.00) shadow=0
2026.09.29-00.56.00 ARTPREVIEW light profile=cobble-probe name=warm role=warm kind=point at=(260,-300,250) intensity=85 radius=450 color=(1.00,1.00,1.00) shadow=0
2026.09.29-00.56.00 ARTPREVIEW lights applied profile=cobble-probe directional=1 shadow=1 points=2 pointShadows=0 budgetOk=1
2026.09.29-00.56.00 ARTPREVIEW Cobble probe lights key=4.5 fill=700 warm=85
2026.09.29-00.56.00 ARTPREVIEW Cobble active 5x6 zones=30 blue=15 red=15 blueMarks=15 redMarks=45
2026.09.29-00.56.00 ARTPREVIEW board active profile=cobble-city 5x6 surface=cobble-5x6-mesh cells=30 zoneCells=30 multizone=0 triple=0 obstacles=0 zoneKeys=2 strokes=60 glyphs=45 surfaceParts=0 glyphMaterial=review expectOk=1
2026.09.29-00.56.00 ARTPREVIEW board zone key=blue cells=15 stroke=solid glyph=diamond material=M_ART005_BlueSection_Review ismUsage=0 strokePieces=15 glyphPieces=15 fallback=0
2026.09.29-00.56.00 ARTPREVIEW board zone key=red cells=15 stroke=dash3 glyph=bars2 material=M_ART005_RedSection_Review ismUsage=0 strokePieces=45 glyphPieces=30 fallback=0
2026.09.29-00.56.00 ARTPREVIEW board multizone cells=0 zonesListed=0 zonesMarked=0
2026.09.29-00.56.00 CAMERA dist=1931 loc=(0,1107,1582) pitch=-55 yaw=-90
2026.09.29-00.56.00 CAMERA config overview=1930.8 nearest=300.0 farthest=2970.4 zoomRange=0.65-6.44 minDist=300.0 outRatio=0.650 step=1.250 animMs=200 returnMs=300 followFrom=1.20 source=defaults issues=0
2026.09.29-00.56.00 BOARD 5x6 cells | control points: (0,0)=(-200,-250,0) (4,5)=(200,250,0) | neighbor pair (dist 100 uu)
2026.09.29-00.56.00 ARTPREVIEW click capsule fighter=f-0-hero mesh=SK_Medusa_FaceNeck_v2Candidate physicsAsset=0 radius=12.5 halfHeight=27.5 top=55.0 bodyCollision=0 source=meshBounds
2026.09.29-00.56.00 ARTPREVIEW fighter=Medusa hero=1 eligible=1 visual=1 mesh=SK_Medusa_FaceNeck_v2Candidate
2026.09.29-00.56.00 ARTPREVIEW click capsule fighter=f-0-sk0 mesh=SM_ART003_Harpy physicsAsset=0 radius=20.0 halfHeight=21.0 top=42.0 bodyCollision=0 source=meshBounds
2026.09.29-00.56.00 ARTPREVIEW click capsule fighter=f-0-sk1 mesh=SM_ART003_Harpy physicsAsset=0 radius=20.0 halfHeight=21.0 top=42.0 bodyCollision=0 source=meshBounds
2026.09.29-00.56.00 ARTPREVIEW click capsule fighter=f-0-sk2 mesh=SM_ART003_Harpy physicsAsset=0 radius=20.0 halfHeight=21.0 top=42.0 bodyCollision=0 source=meshBounds
2026.09.29-00.56.00 ARTPREVIEW click capsule fighter=f-1-hero mesh=SM_ART003_Arthur physicsAsset=0 radius=17.8 halfHeight=28.0 top=56.0 bodyCollision=0 source=meshBounds
2026.09.29-00.56.00 ARTPREVIEW click capsule fighter=f-1-sk0 mesh=SM_ART003_Merlin physicsAsset=0 radius=14.7 halfHeight=30.8 top=61.5 bodyCollision=0 source=meshBounds
2026.09.29-00.56.00 FIGHTERS synced n=6 alive=6 own=2 enemy=4
2026.09.29-00.56.00 STATE seq=1 -> apply
2026.09.29-00.56.00 WS closed 1000 (normal closure)
2026.09.29-00.56.00 HUD art layer plate=1 iconSize=32 iconTexture=1 iconProbe=0 plan=0
2026.09.29-00.56.01 WS reconnect attempt
2026.09.29-00.56.01 SUBSCRIBED gameStateUpdated since=1
2026.09.29-00.56.01 WS reconnected - refetching gameState
2026.09.29-00.56.01 SNAPSHOT applied seq=1 phase=ACTION_MANEUVER
2026.09.29-00.56.01 HANDLE_APPLIED #2 seq=1 decision=1 fightersValid=1 boardValid=1
2026.09.29-00.56.01 MODE seq=1 mode=0 combat=0 pending=0
2026.09.29-00.56.01 HUD seq=1 phase=ACTION_MANEUVER turn=opp hand=5 oppHand=5(hidden) oppDeck=25 deck=25 discard=0
2026.09.29-00.56.01 ARTPREVIEW fighter=Medusa hero=1 eligible=1 visual=1 mesh=SK_Medusa_FaceNeck_v2Candidate
2026.09.29-00.56.01 FIGHTERS synced n=6 alive=6 own=2 enemy=4
2026.09.29-00.56.01 STATE seq=1 -> merge
2026.09.29-00.56.01 SNAPSHOT applied seq=1 phase=ACTION_MANEUVER
2026.09.29-00.56.01 HANDLE_APPLIED #3 seq=1 decision=1 fightersValid=1 boardValid=1
2026.09.29-00.56.01 MODE seq=1 mode=0 combat=0 pending=0
2026.09.29-00.56.01 HUD seq=1 phase=ACTION_MANEUVER turn=opp hand=5 oppHand=5(hidden) oppDeck=25 deck=25 discard=0
2026.09.29-00.56.01 ARTPREVIEW fighter=Medusa hero=1 eligible=1 visual=1 mesh=SK_Medusa_FaceNeck_v2Candidate
2026.09.29-00.56.01 FIGHTERS synced n=6 alive=6 own=2 enemy=4
2026.09.29-00.56.01 WS seq=1 phase=ACTION_MANEUVER (merge)
2026.09.29-00.56.03 game -> room=cmulyta3y000dwim8s4qe2rh5 code=<redacted> status=IN_PROGRESS
2026.09.29-00.56.05 PERF window t=15.0-20.1 frames=150 fps=29.89 frameMs avg=33.45 p50=33.33 p95=33.33 p99=33.34 max=51.52 hitches50=1 gpuMs avg=26.61 p50=33.02 p95=35.45 gameMs avg=1.90 p95=1.88 renderMs avg=2.74 p95=3.35
2026.09.29-00.56.06 game -> room=cmulyta3y000dwim8s4qe2rh5 code=<redacted> status=IN_PROGRESS
2026.09.29-00.56.09 game -> room=cmulyta3y000dwim8s4qe2rh5 code=<redacted> status=IN_PROGRESS
2026.09.29-00.56.10 PERF window t=20.1-25.1 frames=151 fps=30.00 frameMs avg=33.33 p50=33.33 p95=33.33 p99=33.33 max=33.34 hitches50=0 gpuMs avg=26.68 p50=33.14 p95=35.04 gameMs avg=1.45 p95=1.81 renderMs avg=2.59 p95=3.31
2026.09.29-00.56.12 game -> room=cmulyta3y000dwim8s4qe2rh5 code=<redacted> status=IN_PROGRESS
2026.09.29-00.56.15 game -> room=cmulyta3y000dwim8s4qe2rh5 code=<redacted> status=IN_PROGRESS
2026.09.29-00.56.15 PERF window t=25.1-30.1 frames=151 fps=30.00 frameMs avg=33.33 p50=33.33 p95=33.33 p99=33.34 max=33.39 hitches50=0 gpuMs avg=25.57 p50=33.00 p95=34.46 gameMs avg=1.47 p95=1.87 renderMs avg=2.51 p95=3.10
2026.09.29-00.56.18 game -> room=cmulyta3y000dwim8s4qe2rh5 code=<redacted> status=IN_PROGRESS
2026.09.29-00.56.20 PERF window t=30.1-35.2 frames=151 fps=30.00 frameMs avg=33.33 p50=33.33 p95=33.33 p99=33.33 max=33.33 hitches50=0 gpuMs avg=24.20 p50=32.92 p95=34.62 gameMs avg=1.41 p95=1.66 renderMs avg=2.38 p95=2.80
2026.09.29-00.56.21 game -> room=cmulyta3y000dwim8s4qe2rh5 code=<redacted> status=IN_PROGRESS
2026.09.29-00.56.24 game -> room=cmulyta3y000dwim8s4qe2rh5 code=<redacted> status=IN_PROGRESS
2026.09.29-00.56.25 SHOT ctx viewport=1920x1080 viewTarget=CameraActor_2147482371 cam=(0,1107,1582) rot=(-55,-90,0)
2026.09.29-00.56.25 SHOT fighter f-0-hero pos=(2,2) world=(0,-50,0) screen=(960,476) projected=1 alive=1
2026.09.29-00.56.25 SHOT fighter f-0-sk0 pos=(3,2) world=(100,-50,0) screen=(1115,476) projected=1 alive=1
2026.09.29-00.56.25 SHOT fighter f-0-sk1 pos=(2,1) world=(0,-150,0) screen=(960,355) projected=1 alive=1
2026.09.29-00.56.25 SHOT fighter f-0-sk2 pos=(1,2) world=(-100,-50,0) screen=(805,476) projected=1 alive=1
2026.09.29-00.56.25 SHOT fighter f-1-hero pos=(2,3) world=(0,50,0) screen=(960,606) projected=1 alive=1
2026.09.29-00.56.25 SHOT fighter f-1-sk0 pos=(3,3) world=(100,50,0) screen=(1120,606) projected=1 alive=1
2026.09.29-00.56.25 SHOT camera dist=1930.8 target=1930.8 overview=1930.8 errPct=0.000 focusErr=0.00 settled=1 zoom=1.00
2026.09.29-00.56.25 SHOT head fighter=f-0-hero socket=Head mesh=SK_Medusa_FaceNeck_v2Candidate world=(0.0,-46.0,38.5) screen=(960.0,445.5) top=(960.0,439.8) bottom=(960.0,451.2) headPx=11.4 projected=1
2026.09.29-00.56.25 SHOT label fighter=f-0-hero mode=full bbox=(916,381,1004,414)
2026.09.29-00.56.25 SHOT label fighter=f-0-sk0 mode=full bbox=(1072,399,1169,428)
2026.09.29-00.56.25 SHOT label fighter=f-0-sk1 mode=full bbox=(914,276,1006,305)
2026.09.29-00.56.25 SHOT label fighter=f-0-sk2 mode=full bbox=(751,399,848,428)
2026.09.29-00.56.25 SHOT label fighter=f-1-hero mode=full bbox=(913,517,1007,545)
2026.09.29-00.56.25 SHOT label fighter=f-1-sk0 mode=full bbox=(1088,529,1162,558)
2026.09.29-00.56.25 SHOT requested: FScreenshotRequest(bShowUI) -> C:\Users\ren\AppData\Local\Temp\s08-phase2-20260929-055538-53760\phase2-board-joiner-1920x1080.png
2026.09.29-00.56.25 PERF window t=35.2-40.2 frames=147 fps=29.31 frameMs avg=34.12 p50=33.33 p95=33.33 p99=56.90 max=125.48 hitches50=2 gpuMs avg=23.73 p50=32.93 p95=34.55 gameMs avg=1.60 p95=1.73 renderMs avg=2.33 p95=2.72
2026.09.29-00.56.27 game -> room=cmulyta3y000dwim8s4qe2rh5 code=<redacted> status=IN_PROGRESS
2026.09.29-00.56.30 game -> room=cmulyta3y000dwim8s4qe2rh5 code=<redacted> status=IN_PROGRESS
2026.09.29-00.56.30 PERF window t=40.2-45.2 frames=151 fps=30.00 frameMs avg=33.33 p50=33.33 p95=33.33 p99=33.34 max=33.36 hitches50=0 gpuMs avg=32.68 p50=33.23 p95=36.81 gameMs avg=1.69 p95=1.20 renderMs avg=2.43 p95=3.15
2026.09.29-00.56.33 game -> room=cmulyta3y000dwim8s4qe2rh5 code=<redacted> status=IN_PROGRESS
2026.09.29-00.56.35 PERF window t=45.2-50.2 frames=151 fps=30.00 frameMs avg=33.33 p50=33.33 p95=33.33 p99=33.34 max=33.35 hitches50=0 gpuMs avg=30.31 p50=33.05 p95=36.21 gameMs avg=1.03 p95=1.41 renderMs avg=2.49 p95=3.32
2026.09.29-00.56.36 game -> room=cmulyta3y000dwim8s4qe2rh5 code=<redacted> status=IN_PROGRESS
2026.09.29-00.56.39 game -> room=cmulyta3y000dwim8s4qe2rh5 code=<redacted> status=IN_PROGRESS
2026.09.29-00.56.40 PERF window t=50.2-55.3 frames=151 fps=30.00 frameMs avg=33.33 p50=33.33 p95=33.33 p99=33.34 max=33.35 hitches50=0 gpuMs avg=31.06 p50=33.08 p95=36.27 gameMs avg=1.08 p95=1.44 renderMs avg=2.58 p95=3.28
2026.09.29-00.56.42 game -> room=cmulyta3y000dwim8s4qe2rh5 code=<redacted> status=IN_PROGRESS
2026.09.29-00.56.45 PERF summary scope=afterWarmup warmup=5 elapsed=60.0 frames=1647 fps=29.93 frameMs avg=33.41 p50=33.33 p95=33.33 p99=33.34 max=125.48 hitches50=3 gpuMs avg=28.85 p50=33.20 p95=35.30 gameMs avg=1.40 p95=1.68 renderMs avg=2.37 p95=3.19
2026.09.29-00.56.45 PERF summary scope=started elapsed=60.0 frames=1345 fps=29.91 frameMs avg=33.43 p50=33.33 p95=33.33 p99=33.34 max=125.48 hitches50=3 gpuMs avg=27.97 p50=33.11 p95=35.61 gameMs avg=1.42 p95=1.70 renderMs avg=2.53 p95=3.26
2026.09.29-00.56.45 --- S08 trace close ---
