2026.09.29-00.58.16 --- S08 trace open 2026.09.29-00.58.16 ---
2026.09.29-00.58.16 HUD icon texture size=32 ready=1 path=/Game/ArtTests/ARTMarkers/Textures/T_UI_Action_Attack_32 texture=32x32 probe=0 plate=1
2026.09.29-00.58.16 LOGIN ok user=art-preview-joiner
2026.09.29-00.58.19 HEROES loaded 84
2026.09.29-00.58.19 CODE resolved -> cmulywiuk0025wim81wbw2k9x
2026.09.29-00.58.19 joinGame -> room=cmulywiuk0025wim81wbw2k9x code=<redacted> status=LOBBY
2026.09.29-00.58.21 PERF config tMaxFPS=30.0 frameRateLimit=60.0 vsync=0 smoothFrameRate=0 fixedFrameRate=0 rhi=D3D11
2026.09.29-00.58.21 PERF window t=0.0-5.0 frames=151 fps=30.00 frameMs avg=33.33 p50=33.33 p95=33.33 p99=33.38 max=33.42 hitches50=0 gpuMs avg=35.10 p50=33.33 p95=33.98 gameMs avg=1.42 p95=1.67 renderMs avg=1.90 p95=2.30
2026.09.29-00.58.22 game -> room=cmulywiuk0025wim81wbw2k9x code=<redacted> status=LOBBY
2026.09.29-00.58.22 selectHero -> room=cmulywiuk0025wim81wbw2k9x code=<redacted> status=LOBBY
2026.09.29-00.58.25 game -> room=cmulywiuk0025wim81wbw2k9x code=<redacted> status=LOBBY
2026.09.29-00.58.25 toggleReady -> room=cmulywiuk0025wim81wbw2k9x code=<redacted> status=LOBBY
2026.09.29-00.58.26 PERF window t=5.0-10.0 frames=150 fps=30.00 frameMs avg=33.33 p50=33.33 p95=33.33 p99=33.36 max=33.40 hitches50=0 gpuMs avg=33.15 p50=33.34 p95=34.08 gameMs avg=1.33 p95=1.69 renderMs avg=1.56 p95=2.08
2026.09.29-00.58.28 game -> room=cmulywiuk0025wim81wbw2k9x code=<redacted> status=LOBBY
2026.09.29-00.58.31 PERF window t=10.0-15.0 frames=150 fps=30.00 frameMs avg=33.33 p50=33.33 p95=33.33 p99=33.34 max=33.35 hitches50=0 gpuMs avg=33.13 p50=33.34 p95=34.10 gameMs avg=1.31 p95=1.47 renderMs avg=1.55 p95=1.94
2026.09.29-00.58.31 game -> room=cmulywiuk0025wim81wbw2k9x code=<redacted> status=IN_PROGRESS
2026.09.29-00.58.31 WS DROPPED (test-initiated transport loss)
2026.09.29-00.58.31 WS closed (test drop) - reconnect in 1s
2026.09.29-00.58.31 SNAPSHOT applied seq=1 phase=ACTION_MANEUVER
2026.09.29-00.58.31 HANDLE_APPLIED #1 seq=1 decision=2 fightersValid=1 boardValid=1
2026.09.29-00.58.31 MODE seq=1 mode=0 combat=0 pending=0
2026.09.29-00.58.31 HUD seq=1 phase=ACTION_MANEUVER turn=opp hand=5 oppHand=5(hidden) oppDeck=25 deck=25 discard=0
2026.09.29-00.58.31 ARTPREVIEW board profiles loaded=1 revision=1 boards=3 zoneStyles=11 lightProfiles=3 errors=0 path=Config/ArtBoards/S08ArtBoardProfiles.json
2026.09.29-00.58.31 ARTPREVIEW Cobble assets ready
2026.09.29-00.58.31 ARTPREVIEW board assets ready cobbleMesh=1 tiles=1 zoneMaterials=2
2026.09.29-00.58.31 ARTPREVIEW medusa candidate variant=face-neck-v2 mesh=SK_Medusa_FaceNeck_v2Candidate requested=face-neck-v2
2026.09.29-00.58.31 ARTPREVIEW board profile=cobble-city match=boardId board=5x6 boardId=cmuhgs4b2001mwik4f2b2xtf8 surface=cobble-5x6-mesh light=cobble-probe artFixture=0
2026.09.29-00.58.31 ARTPREVIEW light profile=cobble-probe name=key role=key kind=directional at=(-350,-150,600) intensity=4.5 radius=0 color=(1.00,1.00,1.00) shadow=1
2026.09.29-00.58.31 ARTPREVIEW light profile=cobble-probe name=fill role=fill kind=point at=(0,-100,550) intensity=700 radius=1800 color=(1.00,1.00,1.00) shadow=0
2026.09.29-00.58.31 ARTPREVIEW light profile=cobble-probe name=warm role=warm kind=point at=(260,-300,250) intensity=85 radius=450 color=(1.00,1.00,1.00) shadow=0
2026.09.29-00.58.31 ARTPREVIEW lights applied profile=cobble-probe directional=1 shadow=1 points=2 pointShadows=0 budgetOk=1
2026.09.29-00.58.31 ARTPREVIEW Cobble probe lights key=4.5 fill=700 warm=85
2026.09.29-00.58.31 ARTPREVIEW Cobble active 5x6 zones=30 blue=15 red=15 blueMarks=15 redMarks=45
2026.09.29-00.58.31 ARTPREVIEW board active profile=cobble-city 5x6 surface=cobble-5x6-mesh cells=30 zoneCells=30 multizone=0 triple=0 obstacles=0 zoneKeys=2 strokes=60 glyphs=45 surfaceParts=0 glyphMaterial=review expectOk=1
2026.09.29-00.58.31 ARTPREVIEW board zone key=blue cells=15 stroke=solid glyph=diamond material=M_ART005_BlueSection_Review ismUsage=0 strokePieces=15 glyphPieces=15 fallback=0
2026.09.29-00.58.31 ARTPREVIEW board zone key=red cells=15 stroke=dash3 glyph=bars2 material=M_ART005_RedSection_Review ismUsage=0 strokePieces=45 glyphPieces=30 fallback=0
2026.09.29-00.58.31 ARTPREVIEW board multizone cells=0 zonesListed=0 zonesMarked=0
2026.09.29-00.58.31 CAMERA dist=1931 loc=(0,1107,1582) pitch=-55 yaw=-90
2026.09.29-00.58.31 CAMERA config overview=1930.8 nearest=300.0 farthest=2970.4 zoomRange=0.65-6.44 minDist=300.0 outRatio=0.650 step=1.250 animMs=200 returnMs=300 followFrom=1.20 source=defaults issues=0
2026.09.29-00.58.31 BOARD 5x6 cells | control points: (0,0)=(-200,-250,0) (4,5)=(200,250,0) | neighbor pair (dist 100 uu)
2026.09.29-00.58.31 ARTPREVIEW click capsule fighter=f-0-hero mesh=SK_Medusa_FaceNeck_v2Candidate physicsAsset=0 radius=12.5 halfHeight=27.5 top=55.0 bodyCollision=0 source=meshBounds
2026.09.29-00.58.31 ARTPREVIEW fighter=Medusa hero=1 eligible=1 visual=1 mesh=SK_Medusa_FaceNeck_v2Candidate
2026.09.29-00.58.31 ARTPREVIEW click capsule fighter=f-0-sk0 mesh=SM_ART003_Harpy physicsAsset=0 radius=20.0 halfHeight=21.0 top=42.0 bodyCollision=0 source=meshBounds
2026.09.29-00.58.31 ARTPREVIEW click capsule fighter=f-0-sk1 mesh=SM_ART003_Harpy physicsAsset=0 radius=20.0 halfHeight=21.0 top=42.0 bodyCollision=0 source=meshBounds
2026.09.29-00.58.31 ARTPREVIEW click capsule fighter=f-0-sk2 mesh=SM_ART003_Harpy physicsAsset=0 radius=20.0 halfHeight=21.0 top=42.0 bodyCollision=0 source=meshBounds
2026.09.29-00.58.31 ARTPREVIEW click capsule fighter=f-1-hero mesh=SM_ART003_Arthur physicsAsset=0 radius=17.8 halfHeight=28.0 top=56.0 bodyCollision=0 source=meshBounds
2026.09.29-00.58.31 ARTPREVIEW click capsule fighter=f-1-sk0 mesh=SM_ART003_Merlin physicsAsset=0 radius=14.7 halfHeight=30.8 top=61.5 bodyCollision=0 source=meshBounds
2026.09.29-00.58.31 FIGHTERS synced n=6 alive=6 own=2 enemy=4
2026.09.29-00.58.31 STATE seq=1 -> apply
2026.09.29-00.58.31 WS closed 1000 (normal closure)
2026.09.29-00.58.31 HUD art layer plate=1 iconSize=32 iconTexture=1 iconProbe=0 plan=0
2026.09.29-00.58.32 WS reconnect attempt
2026.09.29-00.58.32 SUBSCRIBED gameStateUpdated since=1
2026.09.29-00.58.32 WS reconnected - refetching gameState
2026.09.29-00.58.32 SNAPSHOT applied seq=1 phase=ACTION_MANEUVER
2026.09.29-00.58.32 HANDLE_APPLIED #2 seq=1 decision=1 fightersValid=1 boardValid=1
2026.09.29-00.58.32 MODE seq=1 mode=0 combat=0 pending=0
2026.09.29-00.58.32 HUD seq=1 phase=ACTION_MANEUVER turn=opp hand=5 oppHand=5(hidden) oppDeck=25 deck=25 discard=0
2026.09.29-00.58.32 ARTPREVIEW fighter=Medusa hero=1 eligible=1 visual=1 mesh=SK_Medusa_FaceNeck_v2Candidate
2026.09.29-00.58.32 FIGHTERS synced n=6 alive=6 own=2 enemy=4
2026.09.29-00.58.32 STATE seq=1 -> merge
2026.09.29-00.58.32 SNAPSHOT applied seq=1 phase=ACTION_MANEUVER
2026.09.29-00.58.32 HANDLE_APPLIED #3 seq=1 decision=1 fightersValid=1 boardValid=1
2026.09.29-00.58.32 MODE seq=1 mode=0 combat=0 pending=0
2026.09.29-00.58.32 HUD seq=1 phase=ACTION_MANEUVER turn=opp hand=5 oppHand=5(hidden) oppDeck=25 deck=25 discard=0
2026.09.29-00.58.32 ARTPREVIEW fighter=Medusa hero=1 eligible=1 visual=1 mesh=SK_Medusa_FaceNeck_v2Candidate
2026.09.29-00.58.32 FIGHTERS synced n=6 alive=6 own=2 enemy=4
2026.09.29-00.58.32 WS seq=1 phase=ACTION_MANEUVER (merge)
2026.09.29-00.58.34 game -> room=cmulywiuk0025wim81wbw2k9x code=<redacted> status=IN_PROGRESS
2026.09.29-00.58.36 PERF window t=15.0-20.0 frames=150 fps=30.00 frameMs avg=33.33 p50=33.33 p95=33.33 p99=33.34 max=33.36 hitches50=0 gpuMs avg=33.33 p50=33.34 p95=34.02 gameMs avg=1.53 p95=1.50 renderMs avg=2.38 p95=2.64
2026.09.29-00.58.37 game -> room=cmulywiuk0025wim81wbw2k9x code=<redacted> status=IN_PROGRESS
2026.09.29-00.58.40 game -> room=cmulywiuk0025wim81wbw2k9x code=<redacted> status=IN_PROGRESS
2026.09.29-00.58.41 PERF window t=20.0-25.0 frames=150 fps=29.99 frameMs avg=33.35 p50=33.33 p95=33.34 p99=33.54 max=34.86 hitches50=0 gpuMs avg=32.60 p50=33.33 p95=34.61 gameMs avg=1.30 p95=1.47 renderMs avg=2.53 p95=3.17
2026.09.29-00.58.43 game -> room=cmulywiuk0025wim81wbw2k9x code=<redacted> status=IN_PROGRESS
2026.09.29-00.58.46 PERF window t=25.0-30.1 frames=148 fps=29.49 frameMs avg=33.91 p50=33.34 p95=37.38 p99=43.50 max=58.53 hitches50=1 gpuMs avg=32.06 p50=33.34 p95=40.61 gameMs avg=2.11 p95=2.69 renderMs avg=4.59 p95=4.76
2026.09.29-00.58.46 game -> room=cmulywiuk0025wim81wbw2k9x code=<redacted> status=IN_PROGRESS
2026.09.29-00.58.49 game -> room=cmulywiuk0025wim81wbw2k9x code=<redacted> status=IN_PROGRESS
2026.09.29-00.58.51 PERF window t=30.1-35.1 frames=150 fps=29.85 frameMs avg=33.50 p50=33.33 p95=33.34 p99=36.71 max=54.78 hitches50=1 gpuMs avg=31.97 p50=33.21 p95=36.24 gameMs avg=1.16 p95=1.85 renderMs avg=2.73 p95=4.04
2026.09.29-00.58.52 game -> room=cmulywiuk0025wim81wbw2k9x code=<redacted> status=IN_PROGRESS
2026.09.29-00.58.55 game -> room=cmulywiuk0025wim81wbw2k9x code=<redacted> status=IN_PROGRESS
2026.09.29-00.58.56 SHOT ctx viewport=1920x1080 viewTarget=CameraActor_2147482371 cam=(0,1107,1582) rot=(-55,-90,0)
2026.09.29-00.58.56 SHOT fighter f-0-hero pos=(2,2) world=(0,-50,0) screen=(960,476) projected=1 alive=1
2026.09.29-00.58.56 SHOT fighter f-0-sk0 pos=(3,2) world=(100,-50,0) screen=(1115,476) projected=1 alive=1
2026.09.29-00.58.56 SHOT fighter f-0-sk1 pos=(2,1) world=(0,-150,0) screen=(960,355) projected=1 alive=1
2026.09.29-00.58.56 SHOT fighter f-0-sk2 pos=(1,2) world=(-100,-50,0) screen=(805,476) projected=1 alive=1
2026.09.29-00.58.56 SHOT fighter f-1-hero pos=(2,3) world=(0,50,0) screen=(960,606) projected=1 alive=1
2026.09.29-00.58.56 SHOT fighter f-1-sk0 pos=(3,3) world=(100,50,0) screen=(1120,606) projected=1 alive=1
2026.09.29-00.58.56 SHOT camera dist=1930.8 target=1930.8 overview=1930.8 errPct=0.000 focusErr=0.00 settled=1 zoom=1.00
2026.09.29-00.58.56 SHOT head fighter=f-0-hero socket=Head mesh=SK_Medusa_FaceNeck_v2Candidate world=(0.0,-46.0,38.5) screen=(960.0,445.5) top=(960.0,439.8) bottom=(960.0,451.2) headPx=11.4 projected=1
2026.09.29-00.58.56 SHOT label fighter=f-0-hero mode=full bbox=(916,381,1004,414)
2026.09.29-00.58.56 SHOT label fighter=f-0-sk0 mode=full bbox=(1072,399,1169,428)
2026.09.29-00.58.56 SHOT label fighter=f-0-sk1 mode=full bbox=(914,276,1006,305)
2026.09.29-00.58.56 SHOT label fighter=f-0-sk2 mode=full bbox=(751,399,848,428)
2026.09.29-00.58.56 SHOT label fighter=f-1-hero mode=full bbox=(913,517,1007,545)
2026.09.29-00.58.56 SHOT label fighter=f-1-sk0 mode=full bbox=(1088,529,1162,558)
2026.09.29-00.58.56 SHOT requested: FScreenshotRequest(bShowUI) -> C:\Users\ren\AppData\Local\Temp\s08-phase2-20260929-055809-57012\phase2-board-joiner-1920x1080.png
2026.09.29-00.58.56 PERF window t=35.1-40.1 frames=149 fps=29.43 frameMs avg=33.98 p50=33.33 p95=33.33 p99=33.39 max=129.93 hitches50=1 gpuMs avg=31.43 p50=33.30 p95=35.69 gameMs avg=1.33 p95=1.58 renderMs avg=2.72 p95=3.20
2026.09.29-00.58.58 game -> room=cmulywiuk0025wim81wbw2k9x code=<redacted> status=IN_PROGRESS
2026.09.29-00.59.01 game -> room=cmulywiuk0025wim81wbw2k9x code=<redacted> status=IN_PROGRESS
2026.09.29-00.59.01 PERF window t=40.1-45.2 frames=150 fps=29.88 frameMs avg=33.47 p50=33.33 p95=33.33 p99=33.39 max=53.36 hitches50=1 gpuMs avg=33.26 p50=33.26 p95=36.50 gameMs avg=2.02 p95=1.48 renderMs avg=2.88 p95=3.79
2026.09.29-00.59.04 game -> room=cmulywiuk0025wim81wbw2k9x code=<redacted> status=IN_PROGRESS
2026.09.29-00.59.06 PERF window t=45.2-50.2 frames=149 fps=29.75 frameMs avg=33.61 p50=33.36 p95=33.68 p99=44.18 max=52.55 hitches50=1 gpuMs avg=31.34 p50=33.19 p95=36.85 gameMs avg=1.63 p95=2.36 renderMs avg=3.86 p95=4.35
2026.09.29-00.59.07 game -> room=cmulywiuk0025wim81wbw2k9x code=<redacted> status=IN_PROGRESS
2026.09.29-00.59.10 game -> room=cmulywiuk0025wim81wbw2k9x code=<redacted> status=IN_PROGRESS
2026.09.29-00.59.11 PERF window t=50.2-55.2 frames=150 fps=29.97 frameMs avg=33.37 p50=33.33 p95=33.51 p99=34.06 max=34.37 hitches50=0 gpuMs avg=32.49 p50=33.20 p95=37.15 gameMs avg=1.28 p95=2.01 renderMs avg=3.26 p95=4.25
2026.09.29-00.59.13 game -> room=cmulywiuk0025wim81wbw2k9x code=<redacted> status=IN_PROGRESS
2026.09.29-00.59.16 PERF summary scope=afterWarmup warmup=5 elapsed=60.0 frames=1643 fps=29.85 frameMs avg=33.50 p50=33.33 p95=33.44 p99=34.37 max=129.93 hitches50=5 gpuMs avg=32.09 p50=33.30 p95=35.90 gameMs avg=1.47 p95=2.05 renderMs avg=2.79 p95=4.32
2026.09.29-00.59.16 PERF summary scope=started elapsed=60.0 frames=1341 fps=29.82 frameMs avg=33.54 p50=33.33 p95=33.46 p99=36.71 max=129.93 hitches50=5 gpuMs avg=31.88 p50=33.29 p95=36.22 gameMs avg=1.51 p95=2.13 renderMs avg=3.07 p95=4.38
2026.09.29-00.59.16 --- S08 trace close ---
