2026.09.29-09.18.22 --- S08 trace open 2026.09.29-09.18.22 ---
2026.09.29-09.18.22 HUD icon texture size=32 ready=1 path=/Game/ArtTests/ARTMarkers/Textures/T_UI_Action_Attack_32 texture=32x32 probe=0 plate=1
2026.09.29-09.18.22 HUD art widget plate impl=umg source=/Game/S08/UI/ArtHud/WBP_S08ArtPlate class=/Game/S08/UI/ArtHud/WBP_S08ArtPlate.WBP_S08ArtPlate_C parts=1 missing=- codeDefaultTree=0
2026.09.29-09.18.22 HUD art widget icon impl=umg source=/Game/S08/UI/ArtHud/WBP_S08ArtIcon class=/Game/S08/UI/ArtHud/WBP_S08ArtIcon.WBP_S08ArtIcon_C parts=1 missing=- codeDefaultTree=0
2026.09.29-09.18.22 RENDER preset applied=High flag=S08RenderPreset
2026.09.29-09.18.23 LOGIN ok user=art-preview-joiner
2026.09.29-09.18.26 HEROES loaded 84
2026.09.29-09.18.26 CODE resolved -> cmumgrnro000dwiykjc1xrtid
2026.09.29-09.18.26 joinGame -> room=cmumgrnro000dwiykjc1xrtid code=<redacted> status=LOBBY
2026.09.29-09.18.28 PERF config tMaxFPS=30.0 frameRateLimit=60.0 vsync=0 smoothFrameRate=0 fixedFrameRate=0 rhi=D3D12
2026.09.29-09.18.28 RENDER tag=PERF rhi=D3D12 featureLevel=SM6 shaderPlatform=PCD3D_SM6 lumenPlatform=1 gi=lumen giMethod=1 refl=lumen reflMethod=1 shadows=csm vsmEnable=0 sg.res=100 sg.view=2 sg.aa=2 sg.shadow=2 sg.gi=2 sg.refl=2 sg.pp=2 sg.tex=2 sg.fx=2 sg.foliage=2 sg.shading=2 sg.landscape=2 preset=High screenPct=100.0 screenPctMode=0 aa=TSR aaMethod=4 exposure=engine-default expMin=1.00000 expMax=1.00000 expBias=1.000 ev100=0.00 lightUnits=- sky=0 skyIntensity=0.000 keyShadow=- shadowCasters=0 profile=- profilesSha256=- profilesSource=- legacyRender=0 gameLayer=unlit-eyeadaptinv tMaxFPS=30.0 vsync=0 frameRateLimit=60.0 substrate=0 nanite=1 meshDF=1 viewport=1920x1080 reference=0 notReference=noArtProfile,exposure,lightUnits,profilesSource
2026.09.29-09.18.28 PERF window t=0.0-5.0 frames=151 fps=29.96 frameMs avg=33.38 p50=33.33 p95=33.33 p99=33.85 max=39.06 hitches50=0 gpuMs avg=1.18 p50=1.24 p95=1.31 gameMs avg=1.58 p95=2.12 renderMs avg=2849.11 p95=4.09
2026.09.29-09.18.29 game -> room=cmumgrnro000dwiykjc1xrtid code=<redacted> status=LOBBY
2026.09.29-09.18.29 selectHero -> room=cmumgrnro000dwiykjc1xrtid code=<redacted> status=LOBBY
2026.09.29-09.18.32 game -> room=cmumgrnro000dwiykjc1xrtid code=<redacted> status=LOBBY
2026.09.29-09.18.32 toggleReady -> room=cmumgrnro000dwiykjc1xrtid code=<redacted> status=LOBBY
2026.09.29-09.18.33 PERF window t=5.0-10.0 frames=150 fps=30.00 frameMs avg=33.33 p50=33.33 p95=33.33 p99=33.33 max=33.33 hitches50=0 gpuMs avg=1.25 p50=1.24 p95=1.29 gameMs avg=1.29 p95=1.39 renderMs avg=2.49 p95=2.99
2026.09.29-09.18.35 game -> room=cmumgrnro000dwiykjc1xrtid code=<redacted> status=LOBBY
2026.09.29-09.18.38 PERF window t=10.0-15.0 frames=150 fps=30.00 frameMs avg=33.33 p50=33.33 p95=33.33 p99=33.33 max=33.34 hitches50=0 gpuMs avg=1.26 p50=1.25 p95=1.30 gameMs avg=1.29 p95=1.44 renderMs avg=2.52 p95=3.03
2026.09.29-09.18.38 game -> room=cmumgrnro000dwiykjc1xrtid code=<redacted> status=IN_PROGRESS
2026.09.29-09.18.38 WS DROPPED (test-initiated transport loss)
2026.09.29-09.18.38 WS closed (test drop) - reconnect in 1s
2026.09.29-09.18.38 SNAPSHOT applied seq=1 phase=ACTION_MANEUVER
2026.09.29-09.18.38 HANDLE_APPLIED #1 seq=1 decision=2 fightersValid=1 boardValid=1
2026.09.29-09.18.38 MODE seq=1 mode=0 combat=0 pending=0
2026.09.29-09.18.38 HUD seq=1 phase=ACTION_MANEUVER turn=opp hand=5 oppHand=5(hidden) oppDeck=25 deck=25 discard=0
2026.09.29-09.18.38 ARTPREVIEW board profiles loaded=1 revision=3 boards=3 zoneStyles=11 lightProfiles=3 errors=0 path=Config/ArtBoards/S08ArtBoardProfiles.json
2026.09.29-09.18.38 ARTPREVIEW board profiles source=pak sha256=750f4936b713cdca3f847e2768d51e8c3f64e7bbcf0f8b03d1b81612f145f330
2026.09.29-09.18.38 ARTPREVIEW zone content instances=12/12 glyphMeshes=11/11
2026.09.29-09.18.38 ARTPREVIEW game layer material=M_S08_GameLayerUnlit unlitEyeAdaptInv=1 legacyRender=0
2026.09.29-09.18.38 ARTPREVIEW Cobble assets ready
2026.09.29-09.18.38 ARTPREVIEW board assets ready cobbleMesh=1 tiles=1 zoneMaterials=2
2026.09.29-09.18.38 ARTPREVIEW medusa candidate variant=face-neck-v2 mesh=SK_Medusa_FaceNeck_v2Candidate requested=face-neck-v2
2026.09.29-09.18.38 ARTPREVIEW board profile=sherwood-forest-art-fixture match=boardId board=8x5 boardId=c37a3b6643a96c45fa71f10de surface=tiles light=forest-probe artFixture=1
2026.09.29-09.18.38 ARTPREVIEW light profile=forest-probe name=key role=key kind=directional at=(-350,-150,600) intensity=4 units=lux radius=0 color=(0.73,0.82,0.74) shadow=1
2026.09.29-09.18.38 ARTPREVIEW light profile=forest-probe name=warm-pool-a role=warm kind=point at=(-240,-150,250) intensity=150 units=candelas radius=430 color=(1.00,0.62,0.32) shadow=0
2026.09.29-09.18.38 ARTPREVIEW light profile=forest-probe name=warm-pool-b role=warm kind=point at=(240,25,230) intensity=110 units=candelas radius=330 color=(1.00,0.67,0.35) shadow=0
2026.09.29-09.18.38 ARTPREVIEW light profile=forest-probe name=canopy-shade role=cool kind=point at=(-160,175,260) intensity=80 units=candelas radius=380 color=(0.55,0.80,0.60) shadow=0
2026.09.29-09.18.38 ARTPREVIEW sky profile=forest-probe cubemap=/Game/S08/Render/TC_S08_AmbientDome loaded=1 spawned=1 intensity=11.8 color=(0.88,0.94,0.88) lowerBlack=0
2026.09.29-09.18.38 ARTPREVIEW exposure profile=forest-probe method=histogram-fixed min=2.46229 max=2.46229 bias=0.000 ev100=1.30 volume=1
2026.09.29-09.18.38 ARTPREVIEW lights applied profile=forest-probe directional=1 shadow=1 points=3 pointShadows=0 budgetOk=1
2026.09.29-09.18.38 ARTPREVIEW render profile=forest-probe units=candelas sky=1 exposure=1 keyShadow=csm-3000uu-2c-contact0.000 shadowCasters=1 legacyRender=0
2026.09.29-09.18.38 ARTPREVIEW board glyph meshes instances=47 keys=7/7 cubePieces=0 anchors=47
2026.09.29-09.18.38 ARTPREVIEW board active profile=sherwood-forest-art-fixture 8x5 surface=tiles cells=40 zoneCells=30 multizone=14 triple=3 obstacles=10 zoneKeys=7 strokes=142 glyphs=82 surfaceParts=34 glyphMaterial=zone expectOk=1
2026.09.29-09.18.38 ARTPREVIEW board zone key=brown cells=6 stroke=solid glyph=x color=#B9784A ismUsage=1 strokePieces=6 glyphPieces=12 mi=MI_ART005_Zone_Brown glyphMesh=SM_ART005_ZoneGlyph_X glyphInstances=6 fallback=0
2026.09.29-09.18.38 ARTPREVIEW board zone key=gray cells=6 stroke=dots5 glyph=square color=#D2D7DC ismUsage=1 strokePieces=30 glyphPieces=6 mi=MI_ART005_Zone_Gray glyphMesh=SM_ART005_ZoneGlyph_Square glyphInstances=6 fallback=0
2026.09.29-09.18.38 ARTPREVIEW board zone key=green cells=6 stroke=dash2 glyph=cross color=#46B45A ismUsage=1 strokePieces=12 glyphPieces=12 mi=MI_ART005_Zone_Green glyphMesh=SM_ART005_ZoneGlyph_Cross glyphInstances=6 fallback=0
2026.09.29-09.18.38 ARTPREVIEW board zone key=light-gray cells=5 stroke=double glyph=hbars2 color=#F1E8D2 ismUsage=1 strokePieces=10 glyphPieces=10 mi=MI_ART005_Zone_LightGray glyphMesh=SM_ART005_ZoneGlyph_HBars2 glyphInstances=5 fallback=0
2026.09.29-09.18.38 ARTPREVIEW board zone key=light-green cells=6 stroke=dashdot glyph=bar1 color=#A6DC66 ismUsage=1 strokePieces=18 glyphPieces=6 mi=MI_ART005_Zone_LightGreen glyphMesh=SM_ART005_ZoneGlyph_Bar1 glyphInstances=6 fallback=0
2026.09.29-09.18.38 ARTPREVIEW board zone key=orange cells=6 stroke=dash3 glyph=tee color=#F2933A ismUsage=1 strokePieces=18 glyphPieces=12 mi=MI_ART005_Zone_Orange glyphMesh=SM_ART005_ZoneGlyph_Tee glyphInstances=6 fallback=0
2026.09.29-09.18.38 ARTPREVIEW board zone key=yellow cells=12 stroke=dash4 glyph=chevron color=#F4D24A ismUsage=1 strokePieces=48 glyphPieces=24 mi=MI_ART005_Zone_Yellow glyphMesh=SM_ART005_ZoneGlyph_Chevron glyphInstances=12 fallback=0
2026.09.29-09.18.38 ARTPREVIEW board multizone cells=14 zonesListed=31 zonesMarked=31
2026.09.29-09.18.38 ARTPREVIEW board multizone cell=(1,0) light-green+orange strokeSides=0+1 glyphSlots=0+1 marked=2/2
2026.09.29-09.18.38 ARTPREVIEW board multizone cell=(3,0) gray+orange strokeSides=0+1 glyphSlots=0+1 marked=2/2
2026.09.29-09.18.38 ARTPREVIEW board multizone cell=(4,0) green+orange strokeSides=0+1 glyphSlots=0+1 marked=2/2
2026.09.29-09.18.38 ARTPREVIEW board multizone cell=(5,0) green+orange strokeSides=0+1 glyphSlots=0+1 marked=2/2
2026.09.29-09.18.38 ARTPREVIEW board multizone cell=(6,0) light-gray+green+orange strokeSides=0+1+2 glyphSlots=0+1+2 marked=3/3
2026.09.29-09.18.38 ARTPREVIEW board multizone cell=(1,1) brown+light-green strokeSides=0+1 glyphSlots=0+1 marked=2/2
2026.09.29-09.18.38 ARTPREVIEW board multizone cell=(7,1) light-gray+green strokeSides=0+1 glyphSlots=0+1 marked=2/2
2026.09.29-09.18.38 ARTPREVIEW board multizone cell=(3,2) brown+yellow strokeSides=0+1 glyphSlots=0+1 marked=2/2
2026.09.29-09.18.38 ARTPREVIEW board multizone cell=(4,2) gray+brown+yellow strokeSides=0+1+2 glyphSlots=0+1+2 marked=3/3
2026.09.29-09.18.38 ARTPREVIEW board multizone cell=(7,2) light-gray+green strokeSides=0+1 glyphSlots=0+1 marked=2/2
2026.09.29-09.18.38 ARTPREVIEW board multizone cell=(5,3) gray+brown+yellow strokeSides=0+1+2 glyphSlots=0+1+2 marked=3/3
2026.09.29-09.18.38 ARTPREVIEW board multizone cell=(7,3) light-gray+yellow strokeSides=0+1 glyphSlots=0+1 marked=2/2
2026.09.29-09.18.38 ARTPREVIEW board multizone cell=(2,4) light-green+yellow strokeSides=0+1 glyphSlots=0+1 marked=2/2
2026.09.29-09.18.38 ARTPREVIEW board multizone cell=(7,4) light-gray+yellow strokeSides=0+1 glyphSlots=0+1 marked=2/2
2026.09.29-09.18.38 CAMERA dist=1672 loc=(0,959,1370) pitch=-55 yaw=-90
2026.09.29-09.18.38 CAMERA config overview=1672.1 nearest=300.0 farthest=2572.5 zoomRange=0.65-5.57 minDist=300.0 outRatio=0.650 step=1.250 animMs=200 returnMs=300 followFrom=1.20 source=defaults issues=0
2026.09.29-09.18.38 BOARD 8x5 cells | control points: (0,0)=(-350,-200,0) (7,4)=(350,200,0) | neighbor pair (dist 100 uu)
2026.09.29-09.18.38 ARTPREVIEW medusa materials fighter=f-0-hero team=enemy mesh=SK_Medusa_FaceNeck_v2Candidate slots=2 mi=/Game/ArtPreview/Medusa/Materials/MI_Medusa_Red.MI_Medusa_Red slot1=/Game/ArtPreview/Medusa/Materials/MI_Medusa_Red.MI_Medusa_Red base=/Game/ArtPreview/Medusa/Materials/MI_Medusa_Red.MI_Medusa_Red parent=/Game/ArtPreview/Medusa/Materials/M_Medusa_Atlas.M_Medusa_Atlas params=1 miSha256=fbdee2fac5f5097a6af1ba715af94e4ac1a61e4100b23b5f2cc9ae575ae68653
2026.09.29-09.18.38 ARTPREVIEW click capsule fighter=f-0-hero mesh=SK_Medusa_FaceNeck_v2Candidate physicsAsset=0 radius=12.5 halfHeight=27.5 top=55.0 bodyCollision=0 source=meshBounds
2026.09.29-09.18.38 ARTPREVIEW fighter=Medusa hero=1 eligible=1 visual=1 mesh=SK_Medusa_FaceNeck_v2Candidate
2026.09.29-09.18.38 ARTPREVIEW click capsule fighter=f-0-sk0 mesh=SM_ART003_Harpy physicsAsset=0 radius=20.0 halfHeight=21.0 top=42.0 bodyCollision=0 source=meshBounds
2026.09.29-09.18.38 ARTPREVIEW click capsule fighter=f-0-sk1 mesh=SM_ART003_Harpy physicsAsset=0 radius=20.0 halfHeight=21.0 top=42.0 bodyCollision=0 source=meshBounds
2026.09.29-09.18.38 ARTPREVIEW click capsule fighter=f-0-sk2 mesh=SM_ART003_Harpy physicsAsset=0 radius=20.0 halfHeight=21.0 top=42.0 bodyCollision=0 source=meshBounds
2026.09.29-09.18.38 ARTPREVIEW click capsule fighter=f-1-hero mesh=SM_ART003_Arthur physicsAsset=0 radius=17.8 halfHeight=28.0 top=56.0 bodyCollision=0 source=meshBounds
2026.09.29-09.18.38 ARTPREVIEW click capsule fighter=f-1-sk0 mesh=SM_ART003_Merlin physicsAsset=0 radius=14.7 halfHeight=30.8 top=61.5 bodyCollision=0 source=meshBounds
2026.09.29-09.18.38 FIGHTERS synced n=6 alive=6 own=2 enemy=4
2026.09.29-09.18.38 STATE seq=1 -> apply
2026.09.29-09.18.38 WS closed 1000 (normal closure)
2026.09.29-09.18.38 HUD art layer plate=1 iconSize=32 iconTexture=1 iconProbe=0 plan=0
2026.09.29-09.18.38 HUD art impl=umg plateViews=umg:/Game/S08/UI/ArtHud/WBP_S08ArtPlate iconViews=umg:/Game/S08/UI/ArtHud/WBP_S08ArtIcon textTable=S08ArtHud entries=13 missingKeys=0
2026.09.29-09.18.39 WS reconnect attempt
2026.09.29-09.18.39 SUBSCRIBED gameStateUpdated since=1
2026.09.29-09.18.39 WS reconnected - refetching gameState
2026.09.29-09.18.39 SNAPSHOT applied seq=1 phase=ACTION_MANEUVER
2026.09.29-09.18.39 HANDLE_APPLIED #2 seq=1 decision=1 fightersValid=1 boardValid=1
2026.09.29-09.18.39 MODE seq=1 mode=0 combat=0 pending=0
2026.09.29-09.18.39 HUD seq=1 phase=ACTION_MANEUVER turn=opp hand=5 oppHand=5(hidden) oppDeck=25 deck=25 discard=0
2026.09.29-09.18.39 ARTPREVIEW fighter=Medusa hero=1 eligible=1 visual=1 mesh=SK_Medusa_FaceNeck_v2Candidate
2026.09.29-09.18.39 FIGHTERS synced n=6 alive=6 own=2 enemy=4
2026.09.29-09.18.39 STATE seq=1 -> merge
2026.09.29-09.18.39 SNAPSHOT applied seq=1 phase=ACTION_MANEUVER
2026.09.29-09.18.39 HANDLE_APPLIED #3 seq=1 decision=1 fightersValid=1 boardValid=1
2026.09.29-09.18.39 MODE seq=1 mode=0 combat=0 pending=0
2026.09.29-09.18.39 HUD seq=1 phase=ACTION_MANEUVER turn=opp hand=5 oppHand=5(hidden) oppDeck=25 deck=25 discard=0
2026.09.29-09.18.39 ARTPREVIEW fighter=Medusa hero=1 eligible=1 visual=1 mesh=SK_Medusa_FaceNeck_v2Candidate
2026.09.29-09.18.39 FIGHTERS synced n=6 alive=6 own=2 enemy=4
2026.09.29-09.18.39 WS seq=1 phase=ACTION_MANEUVER (merge)
2026.09.29-09.18.41 game -> room=cmumgrnro000dwiykjc1xrtid code=<redacted> status=IN_PROGRESS
2026.09.29-09.18.43 PERF window t=15.0-20.1 frames=150 fps=29.91 frameMs avg=33.44 p50=33.33 p95=33.35 p99=33.38 max=48.37 hitches50=0 gpuMs avg=1.94 p50=1.92 p95=2.11 gameMs avg=1.71 p95=1.74 renderMs avg=3.97 p95=4.12
2026.09.29-09.18.44 game -> room=cmumgrnro000dwiykjc1xrtid code=<redacted> status=IN_PROGRESS
2026.09.29-09.18.47 game -> room=cmumgrnro000dwiykjc1xrtid code=<redacted> status=IN_PROGRESS
2026.09.29-09.18.48 PERF window t=20.1-25.1 frames=150 fps=30.00 frameMs avg=33.33 p50=33.33 p95=33.33 p99=33.39 max=33.48 hitches50=0 gpuMs avg=1.93 p50=1.92 p95=2.03 gameMs avg=1.21 p95=1.47 renderMs avg=3.20 p95=3.89
2026.09.29-09.18.50 game -> room=cmumgrnro000dwiykjc1xrtid code=<redacted> status=IN_PROGRESS
2026.09.29-09.18.53 PERF window t=25.1-30.1 frames=150 fps=30.00 frameMs avg=33.33 p50=33.33 p95=33.33 p99=33.40 max=33.45 hitches50=0 gpuMs avg=1.92 p50=1.91 p95=2.04 gameMs avg=1.21 p95=1.50 renderMs avg=3.21 p95=3.83
2026.09.29-09.18.53 game -> room=cmumgrnro000dwiykjc1xrtid code=<redacted> status=IN_PROGRESS
2026.09.29-09.18.56 game -> room=cmumgrnro000dwiykjc1xrtid code=<redacted> status=IN_PROGRESS
2026.09.29-09.18.58 PERF window t=30.1-35.1 frames=151 fps=30.00 frameMs avg=33.33 p50=33.33 p95=33.33 p99=33.34 max=33.35 hitches50=0 gpuMs avg=1.92 p50=1.91 p95=2.05 gameMs avg=1.19 p95=1.41 renderMs avg=3.12 p95=3.74
2026.09.29-09.18.59 SHOT ctx viewport=1920x1080 viewTarget=CameraActor_2147482330 cam=(0,959,1370) rot=(-55,-90,0)
2026.09.29-09.18.59 RENDER tag=SHOT rhi=D3D12 featureLevel=SM6 shaderPlatform=PCD3D_SM6 lumenPlatform=1 gi=lumen giMethod=1 refl=lumen reflMethod=1 shadows=csm vsmEnable=0 sg.res=100 sg.view=2 sg.aa=2 sg.shadow=2 sg.gi=2 sg.refl=2 sg.pp=2 sg.tex=2 sg.fx=2 sg.foliage=2 sg.shading=2 sg.landscape=2 preset=High screenPct=100.0 screenPctMode=0 aa=TSR aaMethod=4 exposure=fixed-histogram expMin=2.46229 expMax=2.46229 expBias=0.000 ev100=1.30 lightUnits=candelas sky=1 skyIntensity=11.800 keyShadow=csm-3000uu-2c-contact0.000 shadowCasters=1 profile=forest-probe profilesSha256=750f4936b713cdca3f847e2768d51e8c3f64e7bbcf0f8b03d1b81612f145f330 profilesSource=pak legacyRender=0 gameLayer=unlit-eyeadaptinv tMaxFPS=30.0 vsync=0 frameRateLimit=60.0 substrate=0 nanite=1 meshDF=1 viewport=1920x1080 reference=1
2026.09.29-09.18.59 SHOT fighter f-0-hero pos=(2,2) world=(-150,0,0) screen=(687,540) projected=1 alive=1
2026.09.29-09.18.59 SHOT fighter f-0-sk0 pos=(3,2) world=(-50,0,0) screen=(869,540) projected=1 alive=1
2026.09.29-09.18.59 SHOT fighter f-0-sk1 pos=(1,2) world=(-250,0,0) screen=(505,540) projected=1 alive=1
2026.09.29-09.18.59 SHOT fighter f-0-sk2 pos=(4,2) world=(50,0,0) screen=(1051,540) projected=1 alive=1
2026.09.29-09.18.59 SHOT fighter f-1-hero pos=(5,2) world=(150,0,0) screen=(1233,540) projected=1 alive=1
2026.09.29-09.18.59 SHOT fighter f-1-sk0 pos=(5,3) world=(150,100,0) screen=(1243,694) projected=1 alive=1
2026.09.29-09.18.59 SHOT camera dist=1672.1 target=1672.1 overview=1672.1 errPct=0.000 focusErr=0.00 settled=1 zoom=1.00
2026.09.29-09.18.59 SHOT head fighter=f-0-hero socket=Head mesh=SK_Medusa_FaceNeck_v2Candidate world=(-150.0,-4.0,38.5) screen=(682.0,493.0) top=(681.2,486.5) bottom=(682.8,499.5) headPx=13.1 projected=1
2026.09.29-09.18.59 SHOT label fighter=f-0-hero mode=full bbox=(621,430,729,469)
2026.09.29-09.18.59 SHOT label fighter=f-0-sk0 mode=full bbox=(809,452,922,484)
2026.09.29-09.18.59 SHOT label fighter=f-0-sk1 mode=full bbox=(430,452,548,484)
2026.09.29-09.18.59 SHOT label fighter=f-0-sk2 mode=full bbox=(998,452,1111,484)
2026.09.29-09.18.59 SHOT label fighter=f-1-hero mode=full bbox=(1189,436,1301,469)
2026.09.29-09.18.59 SHOT label fighter=f-1-sk0 mode=full bbox=(1208,608,1298,641)
2026.09.29-09.18.59 SHOT requested: FScreenshotRequest(bShowUI) -> C:\Users\ren\AppData\Local\Temp\s08-phase2-20260929-141815-48576\phase2-board-joiner-1920x1080.png
2026.09.29-09.18.59 game -> room=cmumgrnro000dwiykjc1xrtid code=<redacted> status=IN_PROGRESS
2026.09.29-09.19.02 game -> room=cmumgrnro000dwiykjc1xrtid code=<redacted> status=IN_PROGRESS
2026.09.29-09.19.03 PERF window t=35.1-40.1 frames=146 fps=29.18 frameMs avg=34.27 p50=33.33 p95=33.33 p99=33.34 max=170.58 hitches50=1 gpuMs avg=1.95 p50=1.92 p95=2.12 gameMs avg=2.05 p95=1.30 renderMs avg=3.20 p95=3.96
2026.09.29-09.19.05 game -> room=cmumgrnro000dwiykjc1xrtid code=<redacted> status=IN_PROGRESS
2026.09.29-09.19.08 game -> room=cmumgrnro000dwiykjc1xrtid code=<redacted> status=IN_PROGRESS
2026.09.29-09.19.08 PERF window t=40.1-45.1 frames=149 fps=29.76 frameMs avg=33.61 p50=33.33 p95=33.33 p99=33.34 max=74.17 hitches50=1 gpuMs avg=1.87 p50=1.86 p95=2.02 gameMs avg=1.14 p95=1.14 renderMs avg=3.01 p95=3.55
2026.09.29-09.19.11 game -> room=cmumgrnro000dwiykjc1xrtid code=<redacted> status=IN_PROGRESS
2026.09.29-09.19.13 PERF summary scope=afterWarmup warmup=5 elapsed=50.0 frames=1346 fps=29.87 frameMs avg=33.48 p50=33.33 p95=33.33 p99=33.35 max=170.58 hitches50=2 gpuMs avg=1.77 p50=1.88 p95=2.05 gameMs avg=1.34 p95=1.43 renderMs avg=3.09 p95=3.79
2026.09.29-09.19.13 PERF summary scope=started elapsed=50.0 frames=1044 fps=29.83 frameMs avg=33.52 p50=33.33 p95=33.33 p99=33.37 max=170.58 hitches50=2 gpuMs avg=1.92 p50=1.90 p95=2.06 gameMs avg=1.36 p95=1.45 renderMs avg=3.26 p95=3.86
2026.09.29-09.19.13 PERF summary scope=artHud impl=umg elapsed=50.0 frames=0 fps=0.00 frameMs avg=0.00 p50=0.00 p95=0.00 p99=0.00 max=0.00 hitches50=0 gpuMs avg=0.00 p50=0.00 p95=0.00 gameMs avg=0.00 p95=0.00 renderMs avg=0.00 p95=0.00
2026.09.29-09.19.13 --- S08 trace close ---
