2026.09.27-06.35.58 S09AUTO config flow=1 boost=0 shotDir=C:\Users\ren\AppData\Local\Temp\s09-duel-20260927-113553-31352\joiner
2026.09.27-06.36.13 S09AUTO drive mode=0 plan=[defend+resolve+scheme] phase= turn=
2026.09.27-06.36.13 SNAPSHOT applied seq=2 phase=ACTION_MANEUVER
2026.09.27-06.36.13 MODE seq=2 mode=0 combat=0 pending=0
2026.09.27-06.36.13 SNAPSHOT applied seq=3 phase=ACTION_MANEUVER
2026.09.27-06.36.13 MODE seq=3 mode=0 combat=0 pending=0
2026.09.27-06.36.15 SNAPSHOT applied seq=4 phase=ACTION_MANEUVER
2026.09.27-06.36.15 MODE seq=4 mode=0 combat=0 pending=0
2026.09.27-06.36.15 SNAPSHOT applied seq=5 phase=ACTION_MANEUVER
2026.09.27-06.36.15 MODE seq=5 mode=0 combat=0 pending=0
2026.09.27-06.36.15 S09AUTO own turn #0 (turnCount=2)
2026.09.27-06.36.15 S09AUTO scheme
2026.09.27-06.36.15 SNAPSHOT applied seq=6 phase=ACTION_MANEUVER
2026.09.27-06.36.15 MODE seq=6 mode=6 combat=0 pending=1
2026.09.27-06.36.15 SCHEME done seq=6 (apply) phase=ACTION_MANEUVER
2026.09.27-06.36.15 SNAPSHOT applied seq=6 phase=ACTION_MANEUVER
2026.09.27-06.36.15 MODE seq=6 mode=6 combat=0 pending=1
2026.09.27-06.36.16 S09AUTO drive mode=6 plan=[defend+resolve+scheme] phase=ACTION_MANEUVER turn=cmuhntiwu0001wib0z281rpa8
2026.09.27-06.36.16 S09AUTO pending-open shot (type=CHOOSE_SPACE stage=1 mode=)
2026.09.27-06.36.16 S09AUTO pending picked (type=CHOOSE_SPACE stage=1)
2026.09.27-06.36.16 PEND-RESOLVE sent type=CHOOSE_SPACE stage=1 id=cmuhgvgi700p2wi9ggby5v41n-fullText-0-p0
2026.09.27-06.36.16 SNAPSHOT applied seq=7 phase=ACTION_MANEUVER
2026.09.27-06.36.16 MODE seq=7 mode=6 combat=0 pending=1
2026.09.27-06.36.16 PEND resolve done seq=7 (apply) phase=ACTION_MANEUVER
2026.09.27-06.36.16 SNAPSHOT applied seq=7 phase=ACTION_MANEUVER
2026.09.27-06.36.16 MODE seq=7 mode=6 combat=0 pending=1
2026.09.27-06.36.16 S09AUTO pending-open shot (type=CHOOSE_SPACE stage=2 mode=)
2026.09.27-06.36.16 S09AUTO pending picked (type=CHOOSE_SPACE stage=2)
2026.09.27-06.36.16 PEND-RESOLVE sent type=CHOOSE_SPACE stage=2 id=cmuhgvgi700p2wi9ggby5v41n-fullText-0-p0
2026.09.27-06.36.16 SNAPSHOT applied seq=8 phase=ACTION_MANEUVER
2026.09.27-06.36.16 MODE seq=8 mode=0 combat=0 pending=0
2026.09.27-06.36.16 PEND resolve done seq=8 (apply) phase=ACTION_MANEUVER
2026.09.27-06.36.16 SNAPSHOT applied seq=8 phase=ACTION_MANEUVER
2026.09.27-06.36.16 MODE seq=8 mode=0 combat=0 pending=0
2026.09.27-06.36.16 S09AUTO drive mode=0 plan=[defend+resolve+scheme] phase=ACTION_MANEUVER turn=cmuhntiwu0001wib0z281rpa8
2026.09.27-06.36.16 SNAPSHOT applied seq=9 phase=ACTION_MANEUVER
2026.09.27-06.36.16 MODE seq=9 mode=1 combat=0 pending=0
2026.09.27-06.36.16 SNAPSHOT applied seq=9 phase=ACTION_MANEUVER
2026.09.27-06.36.16 MODE seq=9 mode=1 combat=0 pending=0
2026.09.27-06.36.16 S09AUTO drive mode=1 plan=[defend+resolve+scheme] phase=ACTION_MANEUVER turn=cmuhntiwu0001wib0z281rpa8
2026.09.27-06.36.17 S09AUTO draft-open shot (maneuver marker live)
2026.09.27-06.36.18 SNAPSHOT applied seq=10 phase=ACTION_MANEUVER
2026.09.27-06.36.18 MODE seq=10 mode=0 combat=0 pending=0
2026.09.27-06.36.18 SNAPSHOT applied seq=10 phase=ACTION_MANEUVER
2026.09.27-06.36.18 MODE seq=10 mode=0 combat=0 pending=0
2026.09.27-06.36.18 SNAPSHOT applied seq=11 phase=ACTION_MANEUVER
2026.09.27-06.36.18 MODE seq=11 mode=0 combat=0 pending=1
2026.09.27-06.36.19 S09AUTO drive mode=0 plan=[defend+resolve+scheme] phase=ACTION_MANEUVER turn=cmuhntivg0000wib0anhqyswc
2026.09.27-06.36.19 SNAPSHOT applied seq=12 phase=ACTION_MANEUVER
2026.09.27-06.36.19 MODE seq=12 mode=0 combat=0 pending=0
2026.09.27-06.36.19 SNAPSHOT applied seq=13 phase=ACTION_MANEUVER
2026.09.27-06.36.19 MODE seq=13 mode=0 combat=0 pending=0
2026.09.27-06.36.19 SNAPSHOT applied seq=14 phase=ACTION_MANEUVER
2026.09.27-06.36.19 MODE seq=14 mode=0 combat=0 pending=0
2026.09.27-06.36.19 S09AUTO own turn #1 (turnCount=4)
2026.09.27-06.36.19 SNAPSHOT applied seq=15 phase=ACTION_MANEUVER
2026.09.27-06.36.19 MODE seq=15 mode=1 combat=0 pending=0
2026.09.27-06.36.19 SNAPSHOT applied seq=15 phase=ACTION_MANEUVER
2026.09.27-06.36.19 MODE seq=15 mode=1 combat=0 pending=0
2026.09.27-06.36.19 S09AUTO drive mode=1 plan=[defend+resolve+scheme] phase=ACTION_MANEUVER turn=cmuhntiwu0001wib0z281rpa8
2026.09.27-06.36.19 S09AUTO zero-move confirm (draw only, no movement)
2026.09.27-06.36.19 SNAPSHOT applied seq=16 phase=ACTION_MANEUVER
2026.09.27-06.36.19 MODE seq=16 mode=0 combat=0 pending=0
2026.09.27-06.36.19 SNAPSHOT applied seq=16 phase=ACTION_MANEUVER
2026.09.27-06.36.19 MODE seq=16 mode=0 combat=0 pending=0
2026.09.27-06.36.21 S09AUTO drive mode=0 plan=[defend+resolve+scheme] phase=ACTION_MANEUVER turn=cmuhntiwu0001wib0z281rpa8
2026.09.27-06.36.21 S09AUTO scheme
2026.09.27-06.36.21 SNAPSHOT applied seq=17 phase=ACTION_MANEUVER
2026.09.27-06.36.21 MODE seq=17 mode=6 combat=0 pending=1
2026.09.27-06.36.21 SCHEME done seq=17 (apply) phase=ACTION_MANEUVER
2026.09.27-06.36.21 SNAPSHOT applied seq=17 phase=ACTION_MANEUVER
2026.09.27-06.36.21 MODE seq=17 mode=6 combat=0 pending=1
2026.09.27-06.36.22 S09AUTO drive mode=6 plan=[defend+resolve+scheme] phase=ACTION_MANEUVER turn=cmuhntiwu0001wib0z281rpa8
2026.09.27-06.36.22 S09AUTO pending-open shot (type=DECK_TOP_PICK stage=0 mode=PICK)
2026.09.27-06.36.22 S09AUTO pending picked (type=DECK_TOP_PICK stage=0)
2026.09.27-06.36.22 PEND-RESOLVE sent type=DECK_TOP_PICK stage=0 id=cmuhgvghx00ogwi9g6yhna6m8-fullText-0-p0
2026.09.27-06.36.22 SNAPSHOT applied seq=18 phase=ACTION_MANEUVER
2026.09.27-06.36.22 MODE seq=18 mode=6 combat=0 pending=1
2026.09.27-06.36.22 PEND resolve done seq=18 (apply) phase=ACTION_MANEUVER
2026.09.27-06.36.22 SNAPSHOT applied seq=18 phase=ACTION_MANEUVER
2026.09.27-06.36.22 MODE seq=18 mode=6 combat=0 pending=1
2026.09.27-06.36.22 S09AUTO pending-open shot (type=DECK_TOP_PICK stage=0 mode=ORDER)
2026.09.27-06.36.22 S09AUTO pending picked (type=DECK_TOP_PICK stage=0)
2026.09.27-06.36.22 PEND-RESOLVE sent type=DECK_TOP_PICK stage=0 id=cmuhgvghx00ogwi9g6yhna6m8-fullText-0-p0-order
2026.09.27-06.36.22 SNAPSHOT applied seq=19 phase=ACTION_MANEUVER
2026.09.27-06.36.22 MODE seq=19 mode=0 combat=0 pending=1
2026.09.27-06.36.22 PEND resolve done seq=19 (apply) phase=ACTION_MANEUVER
2026.09.27-06.36.22 SNAPSHOT applied seq=19 phase=ACTION_MANEUVER
2026.09.27-06.36.22 MODE seq=19 mode=0 combat=0 pending=1
2026.09.27-06.36.22 S09AUTO drive mode=0 plan=[defend+resolve+scheme] phase=ACTION_MANEUVER turn=cmuhntivg0000wib0anhqyswc
2026.09.27-06.36.22 SNAPSHOT applied seq=20 phase=ACTION_MANEUVER
2026.09.27-06.36.22 MODE seq=20 mode=0 combat=0 pending=0
2026.09.27-06.36.22 SNAPSHOT applied seq=21 phase=ACTION_MANEUVER
2026.09.27-06.36.22 MODE seq=21 mode=0 combat=0 pending=0
2026.09.27-06.36.22 SNAPSHOT applied seq=22 phase=ACTION_MANEUVER
2026.09.27-06.36.22 MODE seq=22 mode=0 combat=0 pending=0
2026.09.27-06.36.24 SNAPSHOT applied seq=23 phase=ACTION_MANEUVER
2026.09.27-06.36.24 MODE seq=23 mode=0 combat=0 pending=0
2026.09.27-06.36.24 SNAPSHOT applied seq=24 phase=TURN_END
2026.09.27-06.36.24 MODE seq=24 mode=0 combat=0 pending=0
2026.09.27-06.36.25 SNAPSHOT applied seq=25 phase=ACTION_MANEUVER
2026.09.27-06.36.25 MODE seq=25 mode=0 combat=0 pending=0
2026.09.27-06.36.25 S09AUTO own turn #2 (turnCount=6)
2026.09.27-06.36.25 SNAPSHOT applied seq=26 phase=ACTION_MANEUVER
2026.09.27-06.36.25 MODE seq=26 mode=1 combat=0 pending=0
2026.09.27-06.36.25 SNAPSHOT applied seq=26 phase=ACTION_MANEUVER
2026.09.27-06.36.25 MODE seq=26 mode=1 combat=0 pending=0
2026.09.27-06.36.25 S09AUTO drive mode=1 plan=[defend+resolve+scheme] phase=ACTION_MANEUVER turn=cmuhntiwu0001wib0z281rpa8
2026.09.27-06.36.25 S09AUTO multi-fighter moves=2
2026.09.27-06.36.25 SNAPSHOT applied seq=27 phase=ACTION_MANEUVER
2026.09.27-06.36.25 MODE seq=27 mode=0 combat=0 pending=0
2026.09.27-06.36.25 SNAPSHOT applied seq=27 phase=ACTION_MANEUVER
2026.09.27-06.36.25 MODE seq=27 mode=0 combat=0 pending=0
2026.09.27-06.36.26 S09AUTO drive mode=0 plan=[defend+resolve+scheme] phase=ACTION_MANEUVER turn=cmuhntiwu0001wib0z281rpa8
2026.09.27-06.36.26 SNAPSHOT applied seq=28 phase=ACTION_MANEUVER
2026.09.27-06.36.26 MODE seq=28 mode=1 combat=0 pending=0
2026.09.27-06.36.26 SNAPSHOT applied seq=28 phase=ACTION_MANEUVER
2026.09.27-06.36.26 MODE seq=28 mode=1 combat=0 pending=0
2026.09.27-06.36.26 S09AUTO drive mode=1 plan=[defend+resolve+scheme] phase=ACTION_MANEUVER turn=cmuhntiwu0001wib0z281rpa8
2026.09.27-06.36.27 SNAPSHOT applied seq=29 phase=TURN_END
2026.09.27-06.36.27 MODE seq=29 mode=2 combat=0 pending=0
2026.09.27-06.36.27 SNAPSHOT applied seq=29 phase=TURN_END
2026.09.27-06.36.27 MODE seq=29 mode=2 combat=0 pending=0
2026.09.27-06.36.28 S09AUTO drive mode=2 plan=[defend+resolve+scheme] phase=TURN_END turn=cmuhntiwu0001wib0z281rpa8
2026.09.27-06.36.28 S09AUTO discard picks=2
2026.09.27-06.36.28 SNAPSHOT applied seq=30 phase=ACTION_MANEUVER
2026.09.27-06.36.28 MODE seq=30 mode=0 combat=0 pending=1
2026.09.27-06.36.28 SNAPSHOT applied seq=30 phase=ACTION_MANEUVER
2026.09.27-06.36.28 MODE seq=30 mode=0 combat=0 pending=1
2026.09.27-06.36.28 SNAPSHOT applied seq=31 phase=ACTION_MANEUVER
2026.09.27-06.36.28 MODE seq=31 mode=0 combat=0 pending=0
2026.09.27-06.36.28 SNAPSHOT applied seq=32 phase=ACTION_MANEUVER
2026.09.27-06.36.28 MODE seq=32 mode=0 combat=0 pending=0
2026.09.27-06.36.28 SNAPSHOT applied seq=33 phase=ACTION_MANEUVER
2026.09.27-06.36.28 MODE seq=33 mode=0 combat=0 pending=0
2026.09.27-06.36.29 S09AUTO drive mode=0 plan=[defend+resolve+scheme] phase=ACTION_MANEUVER turn=cmuhntivg0000wib0anhqyswc
2026.09.27-06.36.29 SNAPSHOT applied seq=34 phase=ACTION_MANEUVER
2026.09.27-06.36.29 MODE seq=34 mode=0 combat=0 pending=1
2026.09.27-06.36.31 SNAPSHOT applied seq=35 phase=ACTION_MANEUVER
2026.09.27-06.36.31 MODE seq=35 mode=0 combat=0 pending=1
2026.09.27-06.36.31 SNAPSHOT applied seq=36 phase=ACTION_MANEUVER
2026.09.27-06.36.31 MODE seq=36 mode=0 combat=0 pending=1
2026.09.27-06.36.31 SNAPSHOT applied seq=37 phase=ACTION_MANEUVER
2026.09.27-06.36.31 MODE seq=37 mode=0 combat=0 pending=1
2026.09.27-06.36.31 SNAPSHOT applied seq=38 phase=ACTION_MANEUVER
2026.09.27-06.36.31 MODE seq=38 mode=0 combat=0 pending=0
2026.09.27-06.36.31 S09AUTO own turn #3 (turnCount=8)
2026.09.27-06.36.31 SNAPSHOT applied seq=39 phase=ACTION_MANEUVER
2026.09.27-06.36.31 MODE seq=39 mode=1 combat=0 pending=0
2026.09.27-06.36.31 SNAPSHOT applied seq=39 phase=ACTION_MANEUVER
2026.09.27-06.36.31 MODE seq=39 mode=1 combat=0 pending=0
2026.09.27-06.36.31 S09AUTO drive mode=1 plan=[defend+resolve+scheme] phase=ACTION_MANEUVER turn=cmuhntiwu0001wib0z281rpa8
2026.09.27-06.36.31 SNAPSHOT applied seq=40 phase=ACTION_MANEUVER
2026.09.27-06.36.31 MODE seq=40 mode=0 combat=0 pending=0
2026.09.27-06.36.31 SNAPSHOT applied seq=40 phase=ACTION_MANEUVER
2026.09.27-06.36.31 MODE seq=40 mode=0 combat=0 pending=0
2026.09.27-06.36.32 S09AUTO drive mode=0 plan=[defend+resolve+scheme] phase=ACTION_MANEUVER turn=cmuhntiwu0001wib0z281rpa8
2026.09.27-06.36.32 SNAPSHOT applied seq=41 phase=ACTION_MANEUVER
2026.09.27-06.36.32 MODE seq=41 mode=1 combat=0 pending=0
2026.09.27-06.36.32 SNAPSHOT applied seq=41 phase=ACTION_MANEUVER
2026.09.27-06.36.32 MODE seq=41 mode=1 combat=0 pending=0
2026.09.27-06.36.32 S09AUTO drive mode=1 plan=[defend+resolve+scheme] phase=ACTION_MANEUVER turn=cmuhntiwu0001wib0z281rpa8
2026.09.27-06.36.32 SNAPSHOT applied seq=42 phase=TURN_END
2026.09.27-06.36.32 MODE seq=42 mode=2 combat=0 pending=0
2026.09.27-06.36.32 SNAPSHOT applied seq=42 phase=TURN_END
2026.09.27-06.36.32 MODE seq=42 mode=2 combat=0 pending=0
2026.09.27-06.36.34 S09AUTO drive mode=2 plan=[defend+resolve+scheme] phase=TURN_END turn=cmuhntiwu0001wib0z281rpa8
2026.09.27-06.36.34 S09AUTO discard picks=2
2026.09.27-06.36.34 SNAPSHOT applied seq=43 phase=ACTION_MANEUVER
2026.09.27-06.36.34 MODE seq=43 mode=0 combat=0 pending=1
2026.09.27-06.36.34 SNAPSHOT applied seq=43 phase=ACTION_MANEUVER
2026.09.27-06.36.34 MODE seq=43 mode=0 combat=0 pending=1
2026.09.27-06.36.34 SNAPSHOT applied seq=44 phase=ACTION_MANEUVER
2026.09.27-06.36.34 MODE seq=44 mode=0 combat=0 pending=0
2026.09.27-06.36.34 SNAPSHOT applied seq=45 phase=ACTION_MANEUVER
2026.09.27-06.36.34 MODE seq=45 mode=0 combat=0 pending=0
2026.09.27-06.36.34 SNAPSHOT applied seq=46 phase=ACTION_MANEUVER
2026.09.27-06.36.34 MODE seq=46 mode=0 combat=0 pending=0
2026.09.27-06.36.35 S09AUTO drive mode=0 plan=[defend+resolve+scheme] phase=ACTION_MANEUVER turn=cmuhntivg0000wib0anhqyswc
2026.09.27-06.36.35 SNAPSHOT applied seq=47 phase=COMBAT
2026.09.27-06.36.35 MODE seq=47 mode=4 combat=1 pending=0
2026.09.27-06.36.35 S09AUTO drive mode=4 plan=[defend+resolve+scheme] phase=COMBAT turn=cmuhntivg0000wib0anhqyswc
2026.09.27-06.36.35 S09AUTO defense-window shot
2026.09.27-06.36.35 S09AUTO defense card picked
2026.09.27-06.36.35 DEFENSE sent
2026.09.27-06.36.35 SNAPSHOT applied seq=48 phase=COMBAT_RESOLVE
2026.09.27-06.36.35 MODE seq=48 mode=5 combat=1 pending=0
2026.09.27-06.36.35 SNAPSHOT applied seq=48 phase=COMBAT_RESOLVE
2026.09.27-06.36.35 MODE seq=48 mode=5 combat=1 pending=0
2026.09.27-06.36.35 S09AUTO drive mode=5 plan=[defend+resolve+scheme] phase=COMBAT_RESOLVE turn=cmuhntivg0000wib0anhqyswc
2026.09.27-06.36.35 S09AUTO resolve-window shot
2026.09.27-06.36.35 S09AUTO resolve
2026.09.27-06.36.35 RESOLVE sent
2026.09.27-06.36.35 SNAPSHOT applied seq=49 phase=COMBAT_RESOLVE
2026.09.27-06.36.35 MODE seq=49 mode=5 combat=1 pending=1
2026.09.27-06.36.35 RESOLVE panel revealed: A3+B0 vs D3
2026.09.27-06.36.35 RESOLVE panel blocked by pending (type=BOOST_CHOICE id=cmuhgvgkf00smwi9gaeymh3ur-during-0-boost-48)
2026.09.27-06.36.35 SNAPSHOT applied seq=49 phase=COMBAT_RESOLVE
2026.09.27-06.36.35 MODE seq=49 mode=5 combat=1 pending=1
2026.09.27-06.36.35 S09AUTO resolve-revealed shot
2026.09.27-06.36.35 S09AUTO resolve-blocked shot (type=BOOST_CHOICE)
2026.09.27-06.36.39 SNAPSHOT applied seq=50 phase=COMBAT_RESOLVE
2026.09.27-06.36.39 MODE seq=50 mode=6 combat=1 pending=1
2026.09.27-06.36.39 PENDING panel revealed: attack A3+B2 vs D3
2026.09.27-06.36.40 S09AUTO drive mode=6 plan=[defend+resolve+scheme] phase=COMBAT_RESOLVE turn=cmuhntivg0000wib0anhqyswc
2026.09.27-06.36.40 S09AUTO pending-open shot (type=MOVE stage=0 mode=)
2026.09.27-06.36.40 S09AUTO pending picked (type=MOVE stage=0)
2026.09.27-06.36.40 PEND-RESOLVE sent type=MOVE stage=0 id=cmuhgvgi500owwi9gnmn59wun-after-0-p0
2026.09.27-06.36.40 SNAPSHOT applied seq=51 phase=ACTION_MANEUVER
2026.09.27-06.36.40 COMBAT-RESULT seq=51 damage=0 role=defended
2026.09.27-06.36.40 S09AUTO combat-result shot
2026.09.27-06.36.40 SHOT requested: FScreenshotRequest(bShowUI) -> C:\Users\ren\AppData\Local\Temp\s09-duel-20260927-113553-31352\joiner/s09-combat-result.png
2026.09.27-06.36.40 PENDING panel revealed: attack A3+B2 vs D3
2026.09.27-06.36.40 MODE seq=51 mode=0 combat=0 pending=0
2026.09.27-06.36.40 PEND resolve done seq=51 (apply) phase=ACTION_MANEUVER
2026.09.27-06.36.40 SNAPSHOT applied seq=51 phase=ACTION_MANEUVER
2026.09.27-06.36.40 MODE seq=51 mode=0 combat=0 pending=0
2026.09.27-06.36.40 S09AUTO drive mode=0 plan=[defend+resolve+scheme] phase=ACTION_MANEUVER turn=cmuhntiwu0001wib0z281rpa8
2026.09.27-06.36.40 S09AUTO own turn #4 (turnCount=10)
2026.09.27-06.36.40 SNAPSHOT applied seq=52 phase=ACTION_MANEUVER
2026.09.27-06.36.40 MODE seq=52 mode=1 combat=0 pending=0
2026.09.27-06.36.40 SNAPSHOT applied seq=52 phase=ACTION_MANEUVER
2026.09.27-06.36.40 MODE seq=52 mode=1 combat=0 pending=0
2026.09.27-06.36.40 S09AUTO drive mode=1 plan=[defend+resolve+scheme] phase=ACTION_MANEUVER turn=cmuhntiwu0001wib0z281rpa8
2026.09.27-06.36.40 SNAPSHOT applied seq=53 phase=ACTION_MANEUVER
2026.09.27-06.36.40 MODE seq=53 mode=0 combat=0 pending=0
2026.09.27-06.36.40 SNAPSHOT applied seq=53 phase=ACTION_MANEUVER
2026.09.27-06.36.40 MODE seq=53 mode=0 combat=0 pending=0
2026.09.27-06.36.41 S09AUTO drive mode=0 plan=[defend+resolve+scheme] phase=ACTION_MANEUVER turn=cmuhntiwu0001wib0z281rpa8
2026.09.27-06.36.41 SNAPSHOT applied seq=54 phase=ACTION_MANEUVER
2026.09.27-06.36.41 MODE seq=54 mode=1 combat=0 pending=0
2026.09.27-06.36.41 SNAPSHOT applied seq=54 phase=ACTION_MANEUVER
2026.09.27-06.36.41 MODE seq=54 mode=1 combat=0 pending=0
2026.09.27-06.36.41 S09AUTO drive mode=1 plan=[defend+resolve+scheme] phase=ACTION_MANEUVER turn=cmuhntiwu0001wib0z281rpa8
2026.09.27-06.36.41 SNAPSHOT applied seq=55 phase=TURN_END
2026.09.27-06.36.41 MODE seq=55 mode=2 combat=0 pending=0
2026.09.27-06.36.41 SNAPSHOT applied seq=55 phase=TURN_END
2026.09.27-06.36.41 MODE seq=55 mode=2 combat=0 pending=0
2026.09.27-06.36.42 S09AUTO drive mode=2 plan=[defend+resolve+scheme] phase=TURN_END turn=cmuhntiwu0001wib0z281rpa8
2026.09.27-06.36.42 S09AUTO discard picks=1
2026.09.27-06.36.42 SNAPSHOT applied seq=56 phase=ACTION_MANEUVER
2026.09.27-06.36.42 MODE seq=56 mode=0 combat=0 pending=1
2026.09.27-06.36.42 SNAPSHOT applied seq=56 phase=ACTION_MANEUVER
2026.09.27-06.36.42 MODE seq=56 mode=0 combat=0 pending=1
2026.09.27-06.36.43 SNAPSHOT applied seq=57 phase=ACTION_MANEUVER
2026.09.27-06.36.43 MODE seq=57 mode=0 combat=0 pending=0
2026.09.27-06.36.43 SNAPSHOT applied seq=58 phase=COMBAT
2026.09.27-06.36.43 MODE seq=58 mode=4 combat=1 pending=0
2026.09.27-06.36.44 S09AUTO drive mode=4 plan=[defend+resolve+scheme] phase=COMBAT turn=cmuhntivg0000wib0anhqyswc
2026.09.27-06.36.44 S09AUTO defense card picked
2026.09.27-06.36.44 DEFENSE sent
2026.09.27-06.36.44 SNAPSHOT applied seq=59 phase=COMBAT_RESOLVE
2026.09.27-06.36.44 MODE seq=59 mode=5 combat=1 pending=0
2026.09.27-06.36.44 SNAPSHOT applied seq=59 phase=COMBAT_RESOLVE
2026.09.27-06.36.44 MODE seq=59 mode=5 combat=1 pending=0
2026.09.27-06.36.44 S09AUTO drive mode=5 plan=[defend+resolve+scheme] phase=COMBAT_RESOLVE turn=cmuhntivg0000wib0anhqyswc
2026.09.27-06.36.44 S09AUTO resolve
2026.09.27-06.36.44 RESOLVE sent
2026.09.27-06.36.44 SNAPSHOT applied seq=60 phase=COMBAT_RESOLVE
2026.09.27-06.36.44 MODE seq=60 mode=6 combat=1 pending=1
2026.09.27-06.36.44 PENDING panel revealed: attack A3+B0 vs D4
2026.09.27-06.36.44 SNAPSHOT applied seq=60 phase=COMBAT_RESOLVE
2026.09.27-06.36.44 MODE seq=60 mode=6 combat=1 pending=1
2026.09.27-06.36.44 S09AUTO drive mode=6 plan=[defend+resolve+scheme] phase=COMBAT_RESOLVE turn=cmuhntivg0000wib0anhqyswc
2026.09.27-06.36.44 S09AUTO pending picked (type=MOVE stage=0)
2026.09.27-06.36.44 PEND-RESOLVE sent type=MOVE stage=0 id=cmuhgvgi800p4wi9greokvfle-after-0-p0
2026.09.27-06.36.44 SNAPSHOT applied seq=61 phase=ACTION_MANEUVER
2026.09.27-06.36.44 COMBAT-RESULT seq=61 damage=0 role=defended
2026.09.27-06.36.44 PENDING panel revealed: attack A3+B0 vs D4
2026.09.27-06.36.44 MODE seq=61 mode=0 combat=0 pending=0
2026.09.27-06.36.44 PEND resolve done seq=61 (apply) phase=ACTION_MANEUVER
2026.09.27-06.36.44 SNAPSHOT applied seq=61 phase=ACTION_MANEUVER
2026.09.27-06.36.44 MODE seq=61 mode=0 combat=0 pending=0
2026.09.27-06.36.44 S09AUTO drive mode=0 plan=[defend+resolve+scheme] phase=ACTION_MANEUVER turn=cmuhntivg0000wib0anhqyswc
2026.09.27-06.36.44 SNAPSHOT applied seq=62 phase=COMBAT
2026.09.27-06.36.44 MODE seq=62 mode=4 combat=1 pending=0
2026.09.27-06.36.44 S09AUTO drive mode=4 plan=[defend+resolve+scheme] phase=COMBAT turn=cmuhntivg0000wib0anhqyswc
2026.09.27-06.36.44 S09AUTO defense card picked
2026.09.27-06.36.44 DEFENSE sent
2026.09.27-06.36.44 SNAPSHOT applied seq=63 phase=COMBAT_RESOLVE
2026.09.27-06.36.44 MODE seq=63 mode=5 combat=1 pending=0
2026.09.27-06.36.44 SNAPSHOT applied seq=63 phase=COMBAT_RESOLVE
2026.09.27-06.36.44 MODE seq=63 mode=5 combat=1 pending=0
2026.09.27-06.36.44 S09AUTO drive mode=5 plan=[defend+resolve+scheme] phase=COMBAT_RESOLVE turn=cmuhntivg0000wib0anhqyswc
2026.09.27-06.36.44 S09AUTO resolve
2026.09.27-06.36.44 RESOLVE sent
2026.09.27-06.36.44 SNAPSHOT applied seq=64 phase=ACTION_MANEUVER
2026.09.27-06.36.44 COMBAT-RESULT seq=64 damage=2 role=defended
2026.09.27-06.36.44 MODE seq=64 mode=0 combat=0 pending=0
2026.09.27-06.36.44 SNAPSHOT applied seq=64 phase=ACTION_MANEUVER
2026.09.27-06.36.44 MODE seq=64 mode=0 combat=0 pending=0
2026.09.27-06.36.44 S09AUTO drive mode=0 plan=[defend+resolve+scheme] phase=ACTION_MANEUVER turn=cmuhntiwu0001wib0z281rpa8
2026.09.27-06.36.44 S09AUTO own turn #5 (turnCount=12)
2026.09.27-06.36.44 SNAPSHOT applied seq=65 phase=ACTION_MANEUVER
2026.09.27-06.36.44 MODE seq=65 mode=1 combat=0 pending=0
2026.09.27-06.36.44 SNAPSHOT applied seq=65 phase=ACTION_MANEUVER
2026.09.27-06.36.44 MODE seq=65 mode=1 combat=0 pending=0
2026.09.27-06.36.44 S09AUTO drive mode=1 plan=[defend+resolve+scheme] phase=ACTION_MANEUVER turn=cmuhntiwu0001wib0z281rpa8
2026.09.27-06.36.44 SNAPSHOT applied seq=66 phase=ACTION_MANEUVER
2026.09.27-06.36.44 MODE seq=66 mode=0 combat=0 pending=0
2026.09.27-06.36.44 SNAPSHOT applied seq=66 phase=ACTION_MANEUVER
2026.09.27-06.36.44 MODE seq=66 mode=0 combat=0 pending=0
2026.09.27-06.36.45 S09AUTO drive mode=0 plan=[defend+resolve+scheme] phase=ACTION_MANEUVER turn=cmuhntiwu0001wib0z281rpa8
2026.09.27-06.36.46 SNAPSHOT applied seq=67 phase=ACTION_MANEUVER
2026.09.27-06.36.46 MODE seq=67 mode=1 combat=0 pending=0
2026.09.27-06.36.46 SNAPSHOT applied seq=67 phase=ACTION_MANEUVER
2026.09.27-06.36.46 MODE seq=67 mode=1 combat=0 pending=0
2026.09.27-06.36.46 S09AUTO drive mode=1 plan=[defend+resolve+scheme] phase=ACTION_MANEUVER turn=cmuhntiwu0001wib0z281rpa8
2026.09.27-06.36.46 SNAPSHOT applied seq=68 phase=TURN_END
2026.09.27-06.36.46 MODE seq=68 mode=2 combat=0 pending=0
2026.09.27-06.36.46 SNAPSHOT applied seq=68 phase=TURN_END
2026.09.27-06.36.46 MODE seq=68 mode=2 combat=0 pending=0
2026.09.27-06.36.47 S09AUTO drive mode=2 plan=[defend+resolve+scheme] phase=TURN_END turn=cmuhntiwu0001wib0z281rpa8
2026.09.27-06.36.47 S09AUTO discard picks=1
2026.09.27-06.36.47 SNAPSHOT applied seq=69 phase=ACTION_MANEUVER
2026.09.27-06.36.47 MODE seq=69 mode=0 combat=0 pending=1
2026.09.27-06.36.47 SNAPSHOT applied seq=69 phase=ACTION_MANEUVER
2026.09.27-06.36.47 MODE seq=69 mode=0 combat=0 pending=1
2026.09.27-06.36.47 SNAPSHOT applied seq=70 phase=ACTION_MANEUVER
2026.09.27-06.36.47 MODE seq=70 mode=0 combat=0 pending=0
2026.09.27-06.36.47 SNAPSHOT applied seq=71 phase=COMBAT
2026.09.27-06.36.47 MODE seq=71 mode=4 combat=1 pending=0
2026.09.27-06.36.48 S09AUTO drive mode=4 plan=[defend+resolve+scheme] phase=COMBAT turn=cmuhntivg0000wib0anhqyswc
2026.09.27-06.36.48 S09AUTO defense card picked
2026.09.27-06.36.48 DEFENSE sent
2026.09.27-06.36.48 SNAPSHOT applied seq=72 phase=COMBAT_RESOLVE
2026.09.27-06.36.48 MODE seq=72 mode=5 combat=1 pending=0
2026.09.27-06.36.48 SNAPSHOT applied seq=72 phase=COMBAT_RESOLVE
2026.09.27-06.36.48 MODE seq=72 mode=5 combat=1 pending=0
2026.09.27-06.36.48 S09AUTO drive mode=5 plan=[defend+resolve+scheme] phase=COMBAT_RESOLVE turn=cmuhntivg0000wib0anhqyswc
2026.09.27-06.36.48 S09AUTO resolve
2026.09.27-06.36.48 RESOLVE sent
2026.09.27-06.36.48 SNAPSHOT applied seq=73 phase=COMBAT_RESOLVE
2026.09.27-06.36.48 MODE seq=73 mode=5 combat=1 pending=1
2026.09.27-06.36.48 RESOLVE panel revealed: A3+B0 vs D2
2026.09.27-06.36.48 RESOLVE panel blocked by pending (type=MOVE id=cmuhgvgko00t6wi9gliac8gv6-after-0-p0)
2026.09.27-06.36.48 SNAPSHOT applied seq=73 phase=COMBAT_RESOLVE
2026.09.27-06.36.48 MODE seq=73 mode=5 combat=1 pending=1
2026.09.27-06.36.48 S09AUTO resolve-blocked shot (type=MOVE)
2026.09.27-06.36.48 SNAPSHOT applied seq=74 phase=ACTION_MANEUVER
2026.09.27-06.36.48 COMBAT-RESULT seq=74 damage=0 role=defended
2026.09.27-06.36.48 RESOLVE panel revealed: A3+B0 vs D2
2026.09.27-06.36.48 MODE seq=74 mode=0 combat=0 pending=0
2026.09.27-06.36.48 S09AUTO drive mode=0 plan=[defend+resolve+scheme] phase=ACTION_MANEUVER turn=cmuhntivg0000wib0anhqyswc
2026.09.27-06.36.48 SNAPSHOT applied seq=75 phase=COMBAT
2026.09.27-06.36.48 MODE seq=75 mode=4 combat=1 pending=0
2026.09.27-06.36.48 S09AUTO drive mode=4 plan=[defend+resolve+scheme] phase=COMBAT turn=cmuhntivg0000wib0anhqyswc
2026.09.27-06.36.48 S09AUTO defense card picked
2026.09.27-06.36.48 DEFENSE sent
2026.09.27-06.36.48 SNAPSHOT applied seq=76 phase=COMBAT_RESOLVE
2026.09.27-06.36.48 MODE seq=76 mode=5 combat=1 pending=0
2026.09.27-06.36.48 SNAPSHOT applied seq=76 phase=COMBAT_RESOLVE
2026.09.27-06.36.48 MODE seq=76 mode=5 combat=1 pending=0
2026.09.27-06.36.48 S09AUTO drive mode=5 plan=[defend+resolve+scheme] phase=COMBAT_RESOLVE turn=cmuhntivg0000wib0anhqyswc
2026.09.27-06.36.48 S09AUTO resolve
2026.09.27-06.36.48 RESOLVE sent
2026.09.27-06.36.49 SNAPSHOT applied seq=77 phase=COMBAT_RESOLVE
2026.09.27-06.36.49 MODE seq=77 mode=6 combat=1 pending=1
2026.09.27-06.36.49 PENDING panel revealed: attack A2+B0 vs D4
2026.09.27-06.36.49 SNAPSHOT applied seq=77 phase=COMBAT_RESOLVE
2026.09.27-06.36.49 MODE seq=77 mode=6 combat=1 pending=1
2026.09.27-06.36.49 S09AUTO drive mode=6 plan=[defend+resolve+scheme] phase=COMBAT_RESOLVE turn=cmuhntivg0000wib0anhqyswc
2026.09.27-06.36.49 S09AUTO pending picked (type=MOVE stage=0)
2026.09.27-06.36.49 PEND-RESOLVE sent type=MOVE stage=0 id=cmuhgvgi800p4wi9greokvfle-after-0-p0
2026.09.27-06.36.49 SNAPSHOT applied seq=78 phase=ACTION_MANEUVER
2026.09.27-06.36.49 COMBAT-RESULT seq=78 damage=0 role=defended
2026.09.27-06.36.49 PENDING panel revealed: attack A2+B0 vs D4
2026.09.27-06.36.49 MODE seq=78 mode=0 combat=0 pending=0
2026.09.27-06.36.49 SNAPSHOT applied seq=78 phase=ACTION_MANEUVER
2026.09.27-06.36.49 MODE seq=78 mode=0 combat=0 pending=0
2026.09.27-06.36.49 PEND resolve done seq=78 (merge) phase=ACTION_MANEUVER
2026.09.27-06.36.49 S09AUTO drive mode=0 plan=[defend+resolve+scheme] phase=ACTION_MANEUVER turn=cmuhntiwu0001wib0z281rpa8
2026.09.27-06.36.49 S09AUTO own turn #6 (turnCount=14)
2026.09.27-06.36.49 SNAPSHOT applied seq=79 phase=ACTION_MANEUVER
2026.09.27-06.36.49 MODE seq=79 mode=1 combat=0 pending=0
2026.09.27-06.36.49 SNAPSHOT applied seq=79 phase=ACTION_MANEUVER
2026.09.27-06.36.49 MODE seq=79 mode=1 combat=0 pending=0
2026.09.27-06.36.49 S09AUTO drive mode=1 plan=[defend+resolve+scheme] phase=ACTION_MANEUVER turn=cmuhntiwu0001wib0z281rpa8
2026.09.27-06.36.49 SNAPSHOT applied seq=80 phase=ACTION_MANEUVER
2026.09.27-06.36.49 MODE seq=80 mode=0 combat=0 pending=0
2026.09.27-06.36.49 SNAPSHOT applied seq=80 phase=ACTION_MANEUVER
2026.09.27-06.36.49 MODE seq=80 mode=0 combat=0 pending=0
2026.09.27-06.36.50 S09AUTO drive mode=0 plan=[defend+resolve+scheme] phase=ACTION_MANEUVER turn=cmuhntiwu0001wib0z281rpa8
2026.09.27-06.36.50 SNAPSHOT applied seq=81 phase=ACTION_MANEUVER
2026.09.27-06.36.50 MODE seq=81 mode=1 combat=0 pending=0
2026.09.27-06.36.50 SNAPSHOT applied seq=81 phase=ACTION_MANEUVER
2026.09.27-06.36.50 MODE seq=81 mode=1 combat=0 pending=0
2026.09.27-06.36.50 S09AUTO drive mode=1 plan=[defend+resolve+scheme] phase=ACTION_MANEUVER turn=cmuhntiwu0001wib0z281rpa8
2026.09.27-06.36.50 SNAPSHOT applied seq=82 phase=ACTION_MANEUVER
2026.09.27-06.36.50 MODE seq=82 mode=0 combat=0 pending=1
2026.09.27-06.36.50 SNAPSHOT applied seq=82 phase=ACTION_MANEUVER
2026.09.27-06.36.50 MODE seq=82 mode=0 combat=0 pending=1
2026.09.27-06.36.50 SNAPSHOT applied seq=83 phase=ACTION_MANEUVER
2026.09.27-06.36.50 MODE seq=83 mode=0 combat=0 pending=0
2026.09.27-06.36.50 SNAPSHOT applied seq=84 phase=COMBAT
2026.09.27-06.36.50 MODE seq=84 mode=4 combat=1 pending=0
2026.09.27-06.36.51 S09AUTO drive mode=4 plan=[defend+resolve+scheme] phase=COMBAT turn=cmuhntivg0000wib0anhqyswc
2026.09.27-06.36.51 S09AUTO defense card picked
2026.09.27-06.36.51 DEFENSE sent
2026.09.27-06.36.51 SNAPSHOT applied seq=85 phase=COMBAT_RESOLVE
2026.09.27-06.36.51 MODE seq=85 mode=5 combat=1 pending=0
2026.09.27-06.36.51 SNAPSHOT applied seq=85 phase=COMBAT_RESOLVE
2026.09.27-06.36.51 MODE seq=85 mode=5 combat=1 pending=0
2026.09.27-06.36.51 S09AUTO drive mode=5 plan=[defend+resolve+scheme] phase=COMBAT_RESOLVE turn=cmuhntivg0000wib0anhqyswc
2026.09.27-06.36.51 S09AUTO resolve
2026.09.27-06.36.51 RESOLVE sent
2026.09.27-06.36.51 SNAPSHOT applied seq=86 phase=COMBAT_RESOLVE
2026.09.27-06.36.51 MODE seq=86 mode=6 combat=1 pending=1
2026.09.27-06.36.51 PENDING panel revealed: attack A3+B0 vs D4
2026.09.27-06.36.52 SNAPSHOT applied seq=86 phase=COMBAT_RESOLVE
2026.09.27-06.36.52 MODE seq=86 mode=6 combat=1 pending=1
2026.09.27-06.36.52 S09AUTO drive mode=6 plan=[defend+resolve+scheme] phase=COMBAT_RESOLVE turn=cmuhntivg0000wib0anhqyswc
2026.09.27-06.36.52 S09AUTO pending picked (type=MOVE stage=0)
2026.09.27-06.36.52 PEND-RESOLVE sent type=MOVE stage=0 id=cmuhgvgi800p4wi9greokvfle-after-0-p0
2026.09.27-06.36.52 SNAPSHOT applied seq=87 phase=COMBAT_RESOLVE
2026.09.27-06.36.52 MODE seq=87 mode=5 combat=1 pending=1
2026.09.27-06.36.52 RESOLVE panel revealed: A3+B0 vs D4
2026.09.27-06.36.52 SNAPSHOT applied seq=87 phase=COMBAT_RESOLVE
2026.09.27-06.36.52 MODE seq=87 mode=5 combat=1 pending=1
2026.09.27-06.36.52 PEND resolve done seq=87 (merge) phase=COMBAT_RESOLVE
2026.09.27-06.36.52 S09AUTO drive mode=5 plan=[defend+resolve+scheme] phase=COMBAT_RESOLVE turn=cmuhntivg0000wib0anhqyswc
2026.09.27-06.36.52 SNAPSHOT applied seq=88 phase=ACTION_MANEUVER
2026.09.27-06.36.52 COMBAT-RESULT seq=88 damage=0 role=defended
2026.09.27-06.36.52 RESOLVE panel revealed: A3+B0 vs D4
2026.09.27-06.36.52 MODE seq=88 mode=0 combat=0 pending=0
2026.09.27-06.36.52 S09AUTO drive mode=0 plan=[defend+resolve+scheme] phase=ACTION_MANEUVER turn=cmuhntivg0000wib0anhqyswc
2026.09.27-06.36.52 SNAPSHOT applied seq=89 phase=ACTION_MANEUVER
2026.09.27-06.36.52 MODE seq=89 mode=0 combat=0 pending=0
2026.09.27-06.36.52 SNAPSHOT applied seq=90 phase=ACTION_MANEUVER
2026.09.27-06.36.52 MODE seq=90 mode=0 combat=0 pending=0
2026.09.27-06.36.52 S09AUTO own turn #7 (turnCount=16)
2026.09.27-06.36.52 S09AUTO scheme
2026.09.27-06.36.52 SNAPSHOT applied seq=91 phase=ACTION_MANEUVER
2026.09.27-06.36.52 MODE seq=91 mode=6 combat=0 pending=1
2026.09.27-06.36.52 SCHEME done seq=91 (apply) phase=ACTION_MANEUVER
2026.09.27-06.36.52 SNAPSHOT applied seq=91 phase=ACTION_MANEUVER
2026.09.27-06.36.52 MODE seq=91 mode=6 combat=0 pending=1
2026.09.27-06.36.53 S09AUTO drive mode=6 plan=[defend+resolve+scheme] phase=ACTION_MANEUVER turn=cmuhntiwu0001wib0z281rpa8
2026.09.27-06.36.53 S09AUTO pending picked (type=MOVE stage=0)
2026.09.27-06.36.53 PEND-RESOLVE sent type=MOVE stage=0 id=cmuhgvgi100oowi9gxm86n50b-fullText-0-p0
2026.09.27-06.36.53 SNAPSHOT applied seq=92 phase=ACTION_MANEUVER
2026.09.27-06.36.53 MODE seq=92 mode=6 combat=0 pending=1
2026.09.27-06.36.53 PEND resolve done seq=92 (apply) phase=ACTION_MANEUVER
2026.09.27-06.36.54 SNAPSHOT applied seq=92 phase=ACTION_MANEUVER
2026.09.27-06.36.54 MODE seq=92 mode=6 combat=0 pending=1
2026.09.27-06.36.54 S09AUTO pending picked (type=MOVE stage=0)
2026.09.27-06.36.54 PEND-RESOLVE sent type=MOVE stage=0 id=cmuhgvgi100oowi9gxm86n50b-fullText-0-p1
2026.09.27-06.36.54 SNAPSHOT applied seq=93 phase=ACTION_MANEUVER
2026.09.27-06.36.54 MODE seq=93 mode=6 combat=0 pending=1
2026.09.27-06.36.54 PEND resolve done seq=93 (apply) phase=ACTION_MANEUVER
2026.09.27-06.36.54 SNAPSHOT applied seq=93 phase=ACTION_MANEUVER
2026.09.27-06.36.54 MODE seq=93 mode=6 combat=0 pending=1
2026.09.27-06.36.54 S09AUTO pending picked (type=MOVE stage=0)
2026.09.27-06.36.54 PEND-RESOLVE sent type=MOVE stage=0 id=cmuhgvgi100oowi9gxm86n50b-fullText-0-p2
2026.09.27-06.36.54 SNAPSHOT applied seq=94 phase=ACTION_MANEUVER
2026.09.27-06.36.54 MODE seq=94 mode=6 combat=0 pending=1
2026.09.27-06.36.54 SNAPSHOT applied seq=94 phase=ACTION_MANEUVER
2026.09.27-06.36.54 MODE seq=94 mode=6 combat=0 pending=1
2026.09.27-06.36.54 PEND resolve done seq=94 (merge) phase=ACTION_MANEUVER
2026.09.27-06.36.54 S09AUTO pending picked (type=MOVE stage=0)
2026.09.27-06.36.54 PEND-RESOLVE sent type=MOVE stage=0 id=cmuhgvgi100oowi9gxm86n50b-fullText-0-p3
2026.09.27-06.36.54 SNAPSHOT applied seq=95 phase=ACTION_MANEUVER
2026.09.27-06.36.54 MODE seq=95 mode=6 combat=0 pending=1
2026.09.27-06.36.54 SNAPSHOT applied seq=95 phase=ACTION_MANEUVER
2026.09.27-06.36.54 MODE seq=95 mode=6 combat=0 pending=1
2026.09.27-06.36.54 PEND resolve done seq=95 (merge) phase=ACTION_MANEUVER
2026.09.27-06.36.54 S09AUTO pending picked (type=MOVE stage=0)
2026.09.27-06.36.54 PEND-RESOLVE sent type=MOVE stage=0 id=cmuhgvgi100oowi9gxm86n50b-fullText-0-p4
2026.09.27-06.36.54 SNAPSHOT applied seq=96 phase=ACTION_MANEUVER
2026.09.27-06.36.54 MODE seq=96 mode=6 combat=0 pending=1
2026.09.27-06.36.54 SNAPSHOT applied seq=96 phase=ACTION_MANEUVER
2026.09.27-06.36.54 MODE seq=96 mode=6 combat=0 pending=1
2026.09.27-06.36.54 PEND resolve done seq=96 (merge) phase=ACTION_MANEUVER
2026.09.27-06.36.54 S09AUTO pending picked (type=MOVE stage=0)
2026.09.27-06.36.54 PEND-RESOLVE sent type=MOVE stage=0 id=cmuhgvgi100oowi9gxm86n50b-fullText-0-p5
2026.09.27-06.36.54 SNAPSHOT applied seq=97 phase=ACTION_MANEUVER
2026.09.27-06.36.54 MODE seq=97 mode=0 combat=0 pending=0
2026.09.27-06.36.54 SNAPSHOT applied seq=97 phase=ACTION_MANEUVER
2026.09.27-06.36.54 MODE seq=97 mode=0 combat=0 pending=0
2026.09.27-06.36.54 PEND resolve done seq=97 (merge) phase=ACTION_MANEUVER
2026.09.27-06.36.54 S09AUTO drive mode=0 plan=[defend+resolve+scheme] phase=ACTION_MANEUVER turn=cmuhntiwu0001wib0z281rpa8
2026.09.27-06.36.54 SNAPSHOT applied seq=98 phase=ACTION_MANEUVER
2026.09.27-06.36.54 MODE seq=98 mode=1 combat=0 pending=0
2026.09.27-06.36.54 SNAPSHOT applied seq=98 phase=ACTION_MANEUVER
2026.09.27-06.36.54 MODE seq=98 mode=1 combat=0 pending=0
2026.09.27-06.36.54 S09AUTO drive mode=1 plan=[defend+resolve+scheme] phase=ACTION_MANEUVER turn=cmuhntiwu0001wib0z281rpa8
2026.09.27-06.36.54 SNAPSHOT applied seq=99 phase=ACTION_MANEUVER
2026.09.27-06.36.54 MODE seq=99 mode=0 combat=0 pending=1
2026.09.27-06.36.54 SNAPSHOT applied seq=99 phase=ACTION_MANEUVER
2026.09.27-06.36.54 MODE seq=99 mode=0 combat=0 pending=1
2026.09.27-06.36.54 SNAPSHOT applied seq=100 phase=ACTION_MANEUVER
2026.09.27-06.36.54 MODE seq=100 mode=0 combat=0 pending=0
2026.09.27-06.36.54 SNAPSHOT applied seq=101 phase=COMBAT
2026.09.27-06.36.54 MODE seq=101 mode=4 combat=1 pending=0
2026.09.27-06.36.55 S09AUTO drive mode=4 plan=[defend+resolve+scheme] phase=COMBAT turn=cmuhntivg0000wib0anhqyswc
2026.09.27-06.36.55 S09AUTO defense card picked
2026.09.27-06.36.55 DEFENSE sent
2026.09.27-06.36.55 SNAPSHOT applied seq=102 phase=COMBAT_RESOLVE
2026.09.27-06.36.55 MODE seq=102 mode=5 combat=1 pending=0
2026.09.27-06.36.55 SNAPSHOT applied seq=102 phase=COMBAT_RESOLVE
2026.09.27-06.36.55 MODE seq=102 mode=5 combat=1 pending=0
2026.09.27-06.36.55 S09AUTO drive mode=5 plan=[defend+resolve+scheme] phase=COMBAT_RESOLVE turn=cmuhntivg0000wib0anhqyswc
2026.09.27-06.36.55 S09AUTO resolve
2026.09.27-06.36.55 RESOLVE sent
2026.09.27-06.36.56 SNAPSHOT applied seq=103 phase=COMBAT_RESOLVE
2026.09.27-06.36.56 MODE seq=103 mode=5 combat=1 pending=1
2026.09.27-06.36.56 RESOLVE panel revealed: A3+B0 vs D3
2026.09.27-06.36.56 RESOLVE panel blocked by pending (type=BOOST_CHOICE id=cmuhgvgkf00smwi9gaeymh3ur-during-0-boost-102)
2026.09.27-06.36.56 SNAPSHOT applied seq=103 phase=COMBAT_RESOLVE
2026.09.27-06.36.56 MODE seq=103 mode=5 combat=1 pending=1
2026.09.27-06.36.56 S09AUTO resolve-blocked shot (type=BOOST_CHOICE)
2026.09.27-06.37.00 SNAPSHOT applied seq=104 phase=ACTION_MANEUVER
2026.09.27-06.37.00 COMBAT-RESULT seq=104 damage=2 role=defended
2026.09.27-06.37.00 RESOLVE panel revealed: A3+B0 vs D3
2026.09.27-06.37.00 MODE seq=104 mode=0 combat=0 pending=0
2026.09.27-06.37.00 S09AUTO drive mode=0 plan=[defend+resolve+scheme] phase=ACTION_MANEUVER turn=cmuhntivg0000wib0anhqyswc
2026.09.27-06.37.00 SNAPSHOT applied seq=105 phase=ACTION_MANEUVER
2026.09.27-06.37.00 MODE seq=105 mode=0 combat=0 pending=0
2026.09.27-06.37.00 SNAPSHOT applied seq=106 phase=ACTION_MANEUVER
2026.09.27-06.37.00 MODE seq=106 mode=0 combat=0 pending=0
2026.09.27-06.37.00 S09AUTO own turn #8 (turnCount=18)
2026.09.27-06.37.00 SNAPSHOT applied seq=107 phase=ACTION_MANEUVER
2026.09.27-06.37.00 MODE seq=107 mode=1 combat=0 pending=0
2026.09.27-06.37.00 SNAPSHOT applied seq=107 phase=ACTION_MANEUVER
2026.09.27-06.37.00 MODE seq=107 mode=1 combat=0 pending=0
2026.09.27-06.37.00 S09AUTO drive mode=1 plan=[defend+resolve+scheme] phase=ACTION_MANEUVER turn=cmuhntiwu0001wib0z281rpa8
2026.09.27-06.37.00 SNAPSHOT applied seq=108 phase=ACTION_MANEUVER
2026.09.27-06.37.00 MODE seq=108 mode=0 combat=0 pending=0
2026.09.27-06.37.00 SNAPSHOT applied seq=108 phase=ACTION_MANEUVER
2026.09.27-06.37.00 MODE seq=108 mode=0 combat=0 pending=0
2026.09.27-06.37.01 S09AUTO drive mode=0 plan=[defend+resolve+scheme] phase=ACTION_MANEUVER turn=cmuhntiwu0001wib0z281rpa8
2026.09.27-06.37.01 SNAPSHOT applied seq=109 phase=ACTION_MANEUVER
2026.09.27-06.37.01 MODE seq=109 mode=1 combat=0 pending=0
2026.09.27-06.37.01 SNAPSHOT applied seq=109 phase=ACTION_MANEUVER
2026.09.27-06.37.01 MODE seq=109 mode=1 combat=0 pending=0
2026.09.27-06.37.01 S09AUTO drive mode=1 plan=[defend+resolve+scheme] phase=ACTION_MANEUVER turn=cmuhntiwu0001wib0z281rpa8
2026.09.27-06.37.01 SNAPSHOT applied seq=110 phase=ACTION_MANEUVER
2026.09.27-06.37.01 MODE seq=110 mode=0 combat=0 pending=1
2026.09.27-06.37.01 SNAPSHOT applied seq=110 phase=ACTION_MANEUVER
2026.09.27-06.37.01 MODE seq=110 mode=0 combat=0 pending=1
2026.09.27-06.37.02 SNAPSHOT applied seq=111 phase=ACTION_MANEUVER
2026.09.27-06.37.02 MODE seq=111 mode=0 combat=0 pending=0
2026.09.27-06.37.02 SNAPSHOT applied seq=112 phase=ACTION_MANEUVER
2026.09.27-06.37.02 MODE seq=112 mode=0 combat=0 pending=0
2026.09.27-06.37.02 SNAPSHOT applied seq=113 phase=ACTION_MANEUVER
2026.09.27-06.37.02 MODE seq=113 mode=0 combat=0 pending=0
2026.09.27-06.37.03 S09AUTO drive mode=0 plan=[defend+resolve+scheme] phase=ACTION_MANEUVER turn=cmuhntivg0000wib0anhqyswc
2026.09.27-06.37.03 SNAPSHOT applied seq=114 phase=ACTION_MANEUVER
2026.09.27-06.37.03 MODE seq=114 mode=0 combat=0 pending=1
2026.09.27-06.37.04 SNAPSHOT applied seq=115 phase=ACTION_MANEUVER
2026.09.27-06.37.04 MODE seq=115 mode=0 combat=0 pending=0
2026.09.27-06.37.04 S09AUTO own turn #9 (turnCount=20)
2026.09.27-06.37.04 SNAPSHOT applied seq=116 phase=ACTION_MANEUVER
2026.09.27-06.37.04 MODE seq=116 mode=1 combat=0 pending=0
2026.09.27-06.37.04 SNAPSHOT applied seq=116 phase=ACTION_MANEUVER
2026.09.27-06.37.04 MODE seq=116 mode=1 combat=0 pending=0
2026.09.27-06.37.04 S09AUTO drive mode=1 plan=[defend+resolve+scheme] phase=ACTION_MANEUVER turn=cmuhntiwu0001wib0z281rpa8
2026.09.27-06.37.04 SNAPSHOT applied seq=117 phase=ACTION_MANEUVER
2026.09.27-06.37.04 MODE seq=117 mode=0 combat=0 pending=0
2026.09.27-06.37.04 SNAPSHOT applied seq=117 phase=ACTION_MANEUVER
2026.09.27-06.37.04 MODE seq=117 mode=0 combat=0 pending=0
2026.09.27-06.37.06 S09AUTO drive mode=0 plan=[defend+resolve+scheme] phase=ACTION_MANEUVER turn=cmuhntiwu0001wib0z281rpa8
2026.09.27-06.37.06 SNAPSHOT applied seq=118 phase=ACTION_MANEUVER
2026.09.27-06.37.06 MODE seq=118 mode=1 combat=0 pending=0
2026.09.27-06.37.06 SNAPSHOT applied seq=118 phase=ACTION_MANEUVER
2026.09.27-06.37.06 MODE seq=118 mode=1 combat=0 pending=0
2026.09.27-06.37.06 S09AUTO drive mode=1 plan=[defend+resolve+scheme] phase=ACTION_MANEUVER turn=cmuhntiwu0001wib0z281rpa8
2026.09.27-06.37.06 SNAPSHOT applied seq=119 phase=TURN_END
2026.09.27-06.37.06 MODE seq=119 mode=2 combat=0 pending=0
2026.09.27-06.37.06 SNAPSHOT applied seq=119 phase=TURN_END
2026.09.27-06.37.06 MODE seq=119 mode=2 combat=0 pending=0
2026.09.27-06.37.07 S09AUTO drive mode=2 plan=[defend+resolve+scheme] phase=TURN_END turn=cmuhntiwu0001wib0z281rpa8
2026.09.27-06.37.07 S09AUTO discard picks=2
2026.09.27-06.37.07 SNAPSHOT applied seq=120 phase=ACTION_MANEUVER
2026.09.27-06.37.07 MODE seq=120 mode=0 combat=0 pending=1
2026.09.27-06.37.07 SNAPSHOT applied seq=120 phase=ACTION_MANEUVER
2026.09.27-06.37.07 MODE seq=120 mode=0 combat=0 pending=1
2026.09.27-06.37.07 SNAPSHOT applied seq=121 phase=ACTION_MANEUVER
2026.09.27-06.37.07 MODE seq=121 mode=0 combat=0 pending=0
2026.09.27-06.37.07 SNAPSHOT applied seq=122 phase=ACTION_MANEUVER
2026.09.27-06.37.07 MODE seq=122 mode=0 combat=0 pending=0
2026.09.27-06.37.07 SNAPSHOT applied seq=123 phase=ACTION_MANEUVER
2026.09.27-06.37.07 MODE seq=123 mode=0 combat=0 pending=0
2026.09.27-06.37.08 S09AUTO drive mode=0 plan=[defend+resolve+scheme] phase=ACTION_MANEUVER turn=cmuhntivg0000wib0anhqyswc
2026.09.27-06.37.09 SNAPSHOT applied seq=124 phase=ACTION_MANEUVER
2026.09.27-06.37.09 MODE seq=124 mode=0 combat=0 pending=0
2026.09.27-06.37.09 SNAPSHOT applied seq=125 phase=ACTION_MANEUVER
2026.09.27-06.37.09 MODE seq=125 mode=0 combat=0 pending=0
2026.09.27-06.37.09 S09AUTO own turn #10 (turnCount=22)
2026.09.27-06.37.09 S09AUTO scheme
2026.09.27-06.37.09 SNAPSHOT applied seq=126 phase=ACTION_MANEUVER
2026.09.27-06.37.09 MODE seq=126 mode=0 combat=0 pending=0
2026.09.27-06.37.09 SNAPSHOT applied seq=126 phase=ACTION_MANEUVER
2026.09.27-06.37.09 MODE seq=126 mode=0 combat=0 pending=0
2026.09.27-06.37.09 SCHEME done seq=126 (merge) phase=ACTION_MANEUVER
2026.09.27-06.37.10 SNAPSHOT applied seq=127 phase=ACTION_MANEUVER
2026.09.27-06.37.10 MODE seq=127 mode=1 combat=0 pending=0
2026.09.27-06.37.10 SNAPSHOT applied seq=127 phase=ACTION_MANEUVER
2026.09.27-06.37.10 MODE seq=127 mode=1 combat=0 pending=0
2026.09.27-06.37.10 S09AUTO drive mode=1 plan=[defend+resolve+scheme] phase=ACTION_MANEUVER turn=cmuhntiwu0001wib0z281rpa8
2026.09.27-06.37.10 SNAPSHOT applied seq=128 phase=ACTION_MANEUVER
2026.09.27-06.37.10 MODE seq=128 mode=0 combat=0 pending=1
2026.09.27-06.37.10 SNAPSHOT applied seq=128 phase=ACTION_MANEUVER
2026.09.27-06.37.10 MODE seq=128 mode=0 combat=0 pending=1
2026.09.27-06.37.10 SNAPSHOT applied seq=129 phase=ACTION_MANEUVER
2026.09.27-06.37.10 MODE seq=129 mode=0 combat=0 pending=0
2026.09.27-06.37.10 SNAPSHOT applied seq=130 phase=COMBAT
2026.09.27-06.37.10 MODE seq=130 mode=4 combat=1 pending=0
2026.09.27-06.37.11 S09AUTO drive mode=4 plan=[defend+resolve+scheme] phase=COMBAT turn=cmuhntivg0000wib0anhqyswc
2026.09.27-06.37.11 S09AUTO defense card picked
2026.09.27-06.37.11 DEFENSE sent
2026.09.27-06.37.11 SNAPSHOT applied seq=131 phase=COMBAT_RESOLVE
2026.09.27-06.37.11 MODE seq=131 mode=5 combat=1 pending=0
2026.09.27-06.37.11 SNAPSHOT applied seq=131 phase=COMBAT_RESOLVE
2026.09.27-06.37.11 MODE seq=131 mode=5 combat=1 pending=0
2026.09.27-06.37.11 S09AUTO drive mode=5 plan=[defend+resolve+scheme] phase=COMBAT_RESOLVE turn=cmuhntivg0000wib0anhqyswc
2026.09.27-06.37.11 S09AUTO resolve
2026.09.27-06.37.11 RESOLVE sent
2026.09.27-06.37.11 SNAPSHOT applied seq=132 phase=ACTION_MANEUVER
2026.09.27-06.37.11 COMBAT-RESULT seq=132 damage=1 role=defended
2026.09.27-06.37.11 MODE seq=132 mode=0 combat=0 pending=0
2026.09.27-06.37.11 SNAPSHOT applied seq=132 phase=ACTION_MANEUVER
2026.09.27-06.37.11 MODE seq=132 mode=0 combat=0 pending=0
2026.09.27-06.37.11 S09AUTO drive mode=0 plan=[defend+resolve+scheme] phase=ACTION_MANEUVER turn=cmuhntivg0000wib0anhqyswc
2026.09.27-06.37.12 SNAPSHOT applied seq=133 phase=ACTION_MANEUVER
2026.09.27-06.37.12 MODE seq=133 mode=0 combat=0 pending=0
2026.09.27-06.37.12 SNAPSHOT applied seq=134 phase=ACTION_MANEUVER
2026.09.27-06.37.12 MODE seq=134 mode=0 combat=0 pending=0
2026.09.27-06.37.12 S09AUTO own turn #11 (turnCount=24)
2026.09.27-06.37.12 SNAPSHOT applied seq=135 phase=ACTION_MANEUVER
2026.09.27-06.37.12 MODE seq=135 mode=1 combat=0 pending=0
2026.09.27-06.37.12 SNAPSHOT applied seq=135 phase=ACTION_MANEUVER
2026.09.27-06.37.12 MODE seq=135 mode=1 combat=0 pending=0
2026.09.27-06.37.12 S09AUTO drive mode=1 plan=[defend+resolve+scheme] phase=ACTION_MANEUVER turn=cmuhntiwu0001wib0z281rpa8
2026.09.27-06.37.12 SNAPSHOT applied seq=136 phase=ACTION_MANEUVER
2026.09.27-06.37.12 MODE seq=136 mode=0 combat=0 pending=0
2026.09.27-06.37.12 SNAPSHOT applied seq=136 phase=ACTION_MANEUVER
2026.09.27-06.37.12 MODE seq=136 mode=0 combat=0 pending=0
2026.09.27-06.37.13 S09AUTO drive mode=0 plan=[defend+resolve+scheme] phase=ACTION_MANEUVER turn=cmuhntiwu0001wib0z281rpa8
2026.09.27-06.37.13 SNAPSHOT applied seq=137 phase=ACTION_MANEUVER
2026.09.27-06.37.13 MODE seq=137 mode=1 combat=0 pending=0
2026.09.27-06.37.13 SNAPSHOT applied seq=137 phase=ACTION_MANEUVER
2026.09.27-06.37.13 MODE seq=137 mode=1 combat=0 pending=0
2026.09.27-06.37.13 S09AUTO drive mode=1 plan=[defend+resolve+scheme] phase=ACTION_MANEUVER turn=cmuhntiwu0001wib0z281rpa8
2026.09.27-06.37.13 SNAPSHOT applied seq=138 phase=TURN_END
2026.09.27-06.37.13 MODE seq=138 mode=2 combat=0 pending=0
2026.09.27-06.37.13 SNAPSHOT applied seq=138 phase=TURN_END
2026.09.27-06.37.13 MODE seq=138 mode=2 combat=0 pending=0
2026.09.27-06.37.14 S09AUTO drive mode=2 plan=[defend+resolve+scheme] phase=TURN_END turn=cmuhntiwu0001wib0z281rpa8
2026.09.27-06.37.14 S09AUTO discard picks=1
2026.09.27-06.37.14 SNAPSHOT applied seq=139 phase=ACTION_MANEUVER
2026.09.27-06.37.14 MODE seq=139 mode=0 combat=0 pending=1
2026.09.27-06.37.14 SNAPSHOT applied seq=139 phase=ACTION_MANEUVER
2026.09.27-06.37.14 MODE seq=139 mode=0 combat=0 pending=1
2026.09.27-06.37.14 SNAPSHOT applied seq=140 phase=ACTION_MANEUVER
2026.09.27-06.37.14 MODE seq=140 mode=0 combat=0 pending=0
2026.09.27-06.37.15 SNAPSHOT applied seq=141 phase=COMBAT
2026.09.27-06.37.15 MODE seq=141 mode=4 combat=1 pending=0
2026.09.27-06.37.16 S09AUTO drive mode=4 plan=[defend+resolve+scheme] phase=COMBAT turn=cmuhntivg0000wib0anhqyswc
2026.09.27-06.37.16 S09AUTO defense card picked
2026.09.27-06.37.16 DEFENSE sent
2026.09.27-06.37.16 SNAPSHOT applied seq=142 phase=COMBAT_RESOLVE
2026.09.27-06.37.16 MODE seq=142 mode=5 combat=1 pending=0
2026.09.27-06.37.16 SNAPSHOT applied seq=142 phase=COMBAT_RESOLVE
2026.09.27-06.37.16 MODE seq=142 mode=5 combat=1 pending=0
2026.09.27-06.37.16 S09AUTO drive mode=5 plan=[defend+resolve+scheme] phase=COMBAT_RESOLVE turn=cmuhntivg0000wib0anhqyswc
2026.09.27-06.37.16 S09AUTO resolve
2026.09.27-06.37.16 RESOLVE sent
2026.09.27-06.37.16 SNAPSHOT applied seq=143 phase=COMBAT_RESOLVE
2026.09.27-06.37.16 MODE seq=143 mode=5 combat=1 pending=1
2026.09.27-06.37.16 RESOLVE panel revealed: A3+B0 vs D3
2026.09.27-06.37.16 RESOLVE panel blocked by pending (type=BOOST_CHOICE id=cmuhgvgkf00smwi9gaeymh3ur-during-0-boost-142)
2026.09.27-06.37.16 SNAPSHOT applied seq=143 phase=COMBAT_RESOLVE
2026.09.27-06.37.16 MODE seq=143 mode=5 combat=1 pending=1
2026.09.27-06.37.16 S09AUTO resolve-blocked shot (type=BOOST_CHOICE)
2026.09.27-06.37.20 SNAPSHOT applied seq=144 phase=GAME_OVER
2026.09.27-06.37.20 COMBAT-RESULT seq=144 damage=2 role=defended
2026.09.27-06.37.20 RESOLVE panel revealed: A3+B0 vs D3
2026.09.27-06.37.20 MODE seq=144 mode=0 combat=1 pending=1
2026.09.27-06.37.20 RESULT seq=144 outcome=DEFEAT winner=Medusa
2026.09.27-06.37.22 S09AUTO result-screen shot
2026.09.27-06.37.22 RESULT lobby-return sent (leaveGame)
2026.09.27-06.37.22 LEFT room=cmujg34t000cpwiz8vl5obl8h
2026.09.27-06.37.22 RESULT lobby arrival - gameplay HUD cleared
2026.09.27-06.37.26 S09AUTO lobby-return shot
2026.09.27-06.37.26 S09AUTO duel flow complete (GAME_OVER -> result shown -> lobby return) - exiting
