2026.09.28-14.38.30 --- S08 trace open 2026.09.28-14.38.30 ---
2026.09.28-14.38.30 HUD icon texture size=32 ready=1 path=/Game/ArtTests/ARTMarkers/Textures/T_UI_Action_Attack_32 texture=32x32 probe=0 plate=1
2026.09.28-14.38.30 LOGIN ok user=art-preview-host
2026.09.28-14.38.33 HEROES loaded 84
2026.09.28-14.38.33 createGame -> room=cmulcrm6p007hwip4wj7ifo5k code=<redacted> status=LOBBY
2026.09.28-14.38.35 PERF config tMaxFPS=30.0 frameRateLimit=60.0 vsync=0 smoothFrameRate=0 fixedFrameRate=0 rhi=D3D11
2026.09.28-14.38.35 PERF window t=0.0-5.0 frames=151 fps=30.00 frameMs avg=33.33 p50=33.33 p95=33.33 p99=33.33 max=33.34 hitches50=0 gpuMs avg=34.51 p50=33.26 p95=34.90 gameMs avg=1.59 p95=1.88 renderMs avg=2.26 p95=2.50
2026.09.28-14.38.36 game -> room=cmulcrm6p007hwip4wj7ifo5k code=<redacted> status=LOBBY
2026.09.28-14.38.36 selectHero -> room=cmulcrm6p007hwip4wj7ifo5k code=<redacted> status=LOBBY
2026.09.28-14.38.39 game -> room=cmulcrm6p007hwip4wj7ifo5k code=<redacted> status=LOBBY
2026.09.28-14.38.39 toggleReady -> room=cmulcrm6p007hwip4wj7ifo5k code=<redacted> status=LOBBY
2026.09.28-14.38.40 PERF window t=5.0-10.0 frames=150 fps=30.00 frameMs avg=33.33 p50=33.33 p95=33.33 p99=33.34 max=33.35 hitches50=0 gpuMs avg=32.07 p50=33.29 p95=34.35 gameMs avg=1.51 p95=1.95 renderMs avg=2.05 p95=2.62
2026.09.28-14.38.42 game -> room=cmulcrm6p007hwip4wj7ifo5k code=<redacted> status=LOBBY
2026.09.28-14.38.45 PERF window t=10.0-15.0 frames=150 fps=30.00 frameMs avg=33.33 p50=33.33 p95=33.33 p99=33.34 max=33.34 hitches50=0 gpuMs avg=32.70 p50=33.31 p95=34.11 gameMs avg=1.49 p95=1.77 renderMs avg=1.87 p95=2.25
2026.09.28-14.38.45 game -> room=cmulcrm6p007hwip4wj7ifo5k code=<redacted> status=LOBBY
2026.09.28-14.38.48 game -> room=cmulcrm6p007hwip4wj7ifo5k code=<redacted> status=LOBBY
2026.09.28-14.38.48 startGame -> room=cmulcrm6p007hwip4wj7ifo5k code=<redacted> status=IN_PROGRESS
2026.09.28-14.38.48 SNAPSHOT applied seq=1 phase=ACTION_MANEUVER
2026.09.28-14.38.48 HANDLE_APPLIED #1 seq=1 decision=2 fightersValid=1 boardValid=1
2026.09.28-14.38.48 MODE seq=1 mode=0 combat=0 pending=0
2026.09.28-14.38.48 HUD seq=1 phase=ACTION_MANEUVER turn=you hand=5 oppHand=5(hidden) oppDeck=25 deck=25 discard=0
2026.09.28-14.38.48 ARTPREVIEW board profiles loaded=1 revision=1 boards=3 zoneStyles=11 lightProfiles=3 errors=0 path=Config/ArtBoards/S08ArtBoardProfiles.json
2026.09.28-14.38.48 ARTPREVIEW Cobble assets ready
2026.09.28-14.38.48 ARTPREVIEW board assets ready cobbleMesh=1 tiles=1 zoneMaterials=2
2026.09.28-14.38.48 ARTPREVIEW medusa candidate variant=face-neck-v2 mesh=SK_Medusa_FaceNeck_v2Candidate requested=(default)
2026.09.28-14.38.48 ARTPREVIEW board profile=t-rex-paddock-art-fixture match=boardId board=7x5 boardId=c70e9f624617750c2a2b856fd surface=tiles light=paddock-probe artFixture=1
2026.09.28-14.38.48 ARTPREVIEW light profile=paddock-probe name=key role=key kind=directional at=(-350,-150,600) intensity=3.5 radius=0 color=(0.62,0.69,0.88) shadow=1
2026.09.28-14.38.48 ARTPREVIEW light profile=paddock-probe name=fill role=fill kind=point at=(0,-85,550) intensity=1150 radius=1800 color=(0.84,0.88,0.96) shadow=0
2026.09.28-14.38.48 ARTPREVIEW light profile=paddock-probe name=warm-practical role=warm kind=point at=(105,-225,250) intensity=130 radius=430 color=(1.00,0.59,0.30) shadow=0
2026.09.28-14.38.48 ARTPREVIEW light profile=paddock-probe name=cyan-rim role=cool kind=point at=(-315,-225,250) intensity=85 radius=420 color=(0.55,0.80,1.00) shadow=0
2026.09.28-14.38.48 ARTPREVIEW light profile=paddock-probe name=indigo-pool role=cool kind=point at=(245,200,240) intensity=70 radius=360 color=(0.45,0.50,0.95) shadow=0
2026.09.28-14.38.48 ARTPREVIEW lights applied profile=paddock-probe directional=1 shadow=1 points=4 pointShadows=0 budgetOk=1
2026.09.28-14.38.48 ARTPREVIEW board active profile=t-rex-paddock-art-fixture 7x5 surface=tiles cells=35 zoneCells=26 multizone=13 triple=0 obstacles=9 zoneKeys=6 strokes=111 glyphs=80 surfaceParts=30 glyphMaterial=zone expectOk=1
2026.09.28-14.38.48 ARTPREVIEW board zone key=blue cells=6 stroke=solid glyph=diamond color=#3B78D8 ismUsage=1 strokePieces=6 glyphPieces=6 fallback=0
2026.09.28-14.38.48 ARTPREVIEW board zone key=blue-green cells=7 stroke=double glyph=bars3 color=#34C3B6 ismUsage=1 strokePieces=14 glyphPieces=21 fallback=0
2026.09.28-14.38.48 ARTPREVIEW board zone key=gray cells=7 stroke=dots5 glyph=square color=#D2D7DC ismUsage=1 strokePieces=35 glyphPieces=7 fallback=0
2026.09.28-14.38.48 ARTPREVIEW board zone key=green cells=8 stroke=dash2 glyph=cross color=#46B45A ismUsage=1 strokePieces=16 glyphPieces=16 fallback=0
2026.09.28-14.38.48 ARTPREVIEW board zone key=purple cells=4 stroke=dashdot glyph=ring color=#A070DC ismUsage=1 strokePieces=12 glyphPieces=16 fallback=0
2026.09.28-14.38.48 ARTPREVIEW board zone key=yellow cells=7 stroke=dash4 glyph=chevron color=#F4D24A ismUsage=1 strokePieces=28 glyphPieces=14 fallback=0
2026.09.28-14.38.48 ARTPREVIEW board multizone cells=13 zonesListed=26 zonesMarked=26
2026.09.28-14.38.48 ARTPREVIEW board multizone cell=(0,0) blue+green strokeSides=0+1 glyphSlots=0+1 marked=2/2
2026.09.28-14.38.48 ARTPREVIEW board multizone cell=(3,0) green+yellow strokeSides=0+1 glyphSlots=0+1 marked=2/2
2026.09.28-14.38.48 ARTPREVIEW board multizone cell=(2,1) green+yellow strokeSides=0+1 glyphSlots=0+1 marked=2/2
2026.09.28-14.38.48 ARTPREVIEW board multizone cell=(3,1) green+yellow strokeSides=0+1 glyphSlots=0+1 marked=2/2
2026.09.28-14.38.48 ARTPREVIEW board multizone cell=(5,1) gray+blue-green strokeSides=0+1 glyphSlots=0+1 marked=2/2
2026.09.28-14.38.48 ARTPREVIEW board multizone cell=(1,2) blue+yellow strokeSides=0+1 glyphSlots=0+1 marked=2/2
2026.09.28-14.38.48 ARTPREVIEW board multizone cell=(2,2) green+yellow strokeSides=0+1 glyphSlots=0+1 marked=2/2
2026.09.28-14.38.48 ARTPREVIEW board multizone cell=(4,2) gray+green strokeSides=0+1 glyphSlots=0+1 marked=2/2
2026.09.28-14.38.48 ARTPREVIEW board multizone cell=(5,2) gray+blue-green strokeSides=0+1 glyphSlots=0+1 marked=2/2
2026.09.28-14.38.48 ARTPREVIEW board multizone cell=(0,4) blue+purple strokeSides=0+1 glyphSlots=0+1 marked=2/2
2026.09.28-14.38.48 ARTPREVIEW board multizone cell=(2,4) purple+yellow strokeSides=0+1 glyphSlots=0+1 marked=2/2
2026.09.28-14.38.48 ARTPREVIEW board multizone cell=(3,4) gray+purple strokeSides=0+1 glyphSlots=0+1 marked=2/2
2026.09.28-14.38.48 ARTPREVIEW board multizone cell=(5,4) gray+blue-green strokeSides=0+1 glyphSlots=0+1 marked=2/2
2026.09.28-14.38.48 CAMERA dist=1672 loc=(0,959,1370) pitch=-55 yaw=-90
2026.09.28-14.38.48 CAMERA config overview=1672.1 nearest=300.0 farthest=2572.5 zoomRange=0.65-5.57 minDist=300.0 outRatio=0.650 step=1.250 animMs=200 returnMs=300 followFrom=1.20 source=defaults issues=0
2026.09.28-14.38.48 BOARD 7x5 cells | control points: (0,0)=(-300,-200,0) (6,4)=(300,200,0) | neighbor pair (dist 100 uu)
2026.09.28-14.38.48 ARTPREVIEW click capsule fighter=f-0-hero mesh=SK_Medusa_FaceNeck_v2Candidate physicsAsset=0 radius=12.5 halfHeight=27.5 top=55.0 bodyCollision=0 source=meshBounds
2026.09.28-14.38.48 ARTPREVIEW fighter=Medusa hero=1 eligible=1 visual=1 mesh=SK_Medusa_FaceNeck_v2Candidate
2026.09.28-14.38.48 ARTPREVIEW click capsule fighter=f-0-sk0 mesh=SM_ART003_Harpy physicsAsset=0 radius=20.0 halfHeight=21.0 top=42.0 bodyCollision=0 source=meshBounds
2026.09.28-14.38.48 ARTPREVIEW click capsule fighter=f-0-sk1 mesh=SM_ART003_Harpy physicsAsset=0 radius=20.0 halfHeight=21.0 top=42.0 bodyCollision=0 source=meshBounds
2026.09.28-14.38.48 ARTPREVIEW click capsule fighter=f-0-sk2 mesh=SM_ART003_Harpy physicsAsset=0 radius=20.0 halfHeight=21.0 top=42.0 bodyCollision=0 source=meshBounds
2026.09.28-14.38.48 ARTPREVIEW click capsule fighter=f-1-hero mesh=SM_ART003_Arthur physicsAsset=0 radius=17.8 halfHeight=28.0 top=56.0 bodyCollision=0 source=meshBounds
2026.09.28-14.38.48 ARTPREVIEW click capsule fighter=f-1-sk0 mesh=SM_ART003_Merlin physicsAsset=0 radius=14.7 halfHeight=30.8 top=61.5 bodyCollision=0 source=meshBounds
2026.09.28-14.38.48 FIGHTERS synced n=6 alive=6 own=4 enemy=2
2026.09.28-14.38.48 STATE seq=1 -> apply
2026.09.28-14.38.48 HUD art layer plate=1 iconSize=32 iconTexture=1 iconProbe=0 plan=0
2026.09.28-14.38.48 SUBSCRIBED gameStateUpdated since=1
2026.09.28-14.38.48 SNAPSHOT applied seq=1 phase=ACTION_MANEUVER
2026.09.28-14.38.48 HANDLE_APPLIED #2 seq=1 decision=1 fightersValid=1 boardValid=1
2026.09.28-14.38.48 MODE seq=1 mode=0 combat=0 pending=0
2026.09.28-14.38.48 HUD seq=1 phase=ACTION_MANEUVER turn=you hand=5 oppHand=5(hidden) oppDeck=25 deck=25 discard=0
2026.09.28-14.38.48 ARTPREVIEW fighter=Medusa hero=1 eligible=1 visual=1 mesh=SK_Medusa_FaceNeck_v2Candidate
2026.09.28-14.38.48 FIGHTERS synced n=6 alive=6 own=4 enemy=2
2026.09.28-14.38.48 WS seq=1 phase=ACTION_MANEUVER (merge)
2026.09.28-14.38.50 PERF window t=15.0-20.0 frames=150 fps=29.96 frameMs avg=33.38 p50=33.33 p95=33.33 p99=33.35 max=39.79 hitches50=0 gpuMs avg=32.19 p50=33.30 p95=34.67 gameMs avg=1.81 p95=1.95 renderMs avg=2.32 p95=2.96
2026.09.28-14.38.51 game -> room=cmulcrm6p007hwip4wj7ifo5k code=<redacted> status=IN_PROGRESS
2026.09.28-14.38.54 game -> room=cmulcrm6p007hwip4wj7ifo5k code=<redacted> status=IN_PROGRESS
2026.09.28-14.38.55 PERF window t=20.0-25.1 frames=151 fps=30.00 frameMs avg=33.33 p50=33.33 p95=33.33 p99=33.33 max=33.35 hitches50=0 gpuMs avg=32.57 p50=33.30 p95=34.71 gameMs avg=1.29 p95=1.45 renderMs avg=2.65 p95=3.27
2026.09.28-14.38.57 game -> room=cmulcrm6p007hwip4wj7ifo5k code=<redacted> status=IN_PROGRESS
2026.09.28-14.39.00 game -> room=cmulcrm6p007hwip4wj7ifo5k code=<redacted> status=IN_PROGRESS
2026.09.28-14.39.00 PERF window t=25.1-30.1 frames=150 fps=30.00 frameMs avg=33.33 p50=33.33 p95=33.33 p99=33.35 max=33.42 hitches50=0 gpuMs avg=31.53 p50=33.28 p95=34.70 gameMs avg=1.26 p95=1.36 renderMs avg=2.62 p95=3.31
2026.09.28-14.39.03 game -> room=cmulcrm6p007hwip4wj7ifo5k code=<redacted> status=IN_PROGRESS
2026.09.28-14.39.04 ARTPREVIEW selection ring shown fighter=Medusa mesh=SM_Marker_SelectionRing
2026.09.28-14.39.04 ARTPREVIEW reachable corners cells=10 placed=1
2026.09.28-14.39.04 ARTPREVIEW selection ownHero=1 selected=1 fighter=Medusa reachable=11 fighterId=f-0-hero
2026.09.28-14.39.04 INPUT select src=flag fighter=f-0-hero flag=ArtPreviewSelectOwnHero
2026.09.28-14.39.04 HUD plate content fighter=f-0-hero name=Medusa hp=16/16 team=own statuses=HERO  |  MELEE
2026.09.28-14.39.04 PLATE fighter=f-0-hero bbox=(821,479,993,533) overlapReachable=0 placement=right ring=0 gap=6 selection=f-0-hero destinations=10 clean=1 softPx2=0 tested=116
2026.09.28-14.39.05 PERF window t=30.1-35.1 frames=151 fps=30.00 frameMs avg=33.33 p50=33.33 p95=33.33 p99=33.33 max=33.33 hitches50=0 gpuMs avg=31.45 p50=33.26 p95=36.25 gameMs avg=1.34 p95=1.62 renderMs avg=2.52 p95=3.06
2026.09.28-14.39.06 SHOT ctx viewport=1920x1080 viewTarget=CameraActor_2147482333 cam=(0,959,1370) rot=(-55,-90,0)
2026.09.28-14.39.06 SHOT fighter f-0-hero pos=(2,2) world=(-100,0,0) screen=(778,540) projected=1 alive=1
2026.09.28-14.39.06 SHOT fighter f-0-sk0 pos=(2,3) world=(-100,100,0) screen=(771,694) projected=1 alive=1
2026.09.28-14.39.06 SHOT fighter f-0-sk1 pos=(2,1) world=(-100,-100,0) screen=(784,396) projected=1 alive=1
2026.09.28-14.39.06 SHOT fighter f-0-sk2 pos=(1,2) world=(-200,0,0) screen=(596,540) projected=1 alive=1
2026.09.28-14.39.06 SHOT fighter f-1-hero pos=(4,2) world=(100,0,0) screen=(1142,540) projected=1 alive=1
2026.09.28-14.39.06 SHOT fighter f-1-sk0 pos=(5,2) world=(200,0,0) screen=(1324,540) projected=1 alive=1
2026.09.28-14.39.06 SHOT camera dist=1672.1 target=1672.1 overview=1672.1 errPct=0.000 focusErr=0.00 settled=1 zoom=1.00
2026.09.28-14.39.06 SHOT head fighter=f-0-hero socket=Head mesh=SK_Medusa_FaceNeck_v2Candidate world=(-100.0,-4.0,38.5) screen=(774.7,493.0) top=(774.1,486.5) bottom=(775.2,499.5) headPx=13.1 projected=1
2026.09.28-14.39.06 SHOT selection fighter=f-0-hero ownCell=(2,2) legal=11 destinations=10 ownCellExcluded=1 plateFighter=f-0-hero
2026.09.28-14.39.06 SHOT reachable fighter=f-0-hero n=10 cells=(1,0)(2,0)(3,0)(0,1)(3,1)(0,2)(0,3)(1,4)(2,4)(3,4)
2026.09.28-14.39.06 SHOT plate fighter=f-0-hero bbox=(821,479,993,533) overlapReachable=0 placement=right gap=6 anchor=(734,451,815,570) planned=(821,479,993,533) geom=painted stableFrames=60
2026.09.28-14.39.06 SHOT label fighter=f-0-sk0 mode=compact bbox=(693,612,835,627)
2026.09.28-14.39.06 SHOT label fighter=f-0-sk1 mode=compact bbox=(711,308,844,323)
2026.09.28-14.39.06 SHOT label fighter=f-0-sk2 mode=compact bbox=(513,455,652,470)
2026.09.28-14.39.06 SHOT label fighter=f-1-hero mode=compact bbox=(1077,438,1224,451)
2026.09.28-14.39.06 SHOT label fighter=f-1-sk0 mode=compact bbox=(1279,453,1397,470)
2026.09.28-14.39.06 SHOT requested: FScreenshotRequest(bShowUI) -> C:\Users\ren\AppData\Local\Temp\s08-phase2-20260928-193829-49912\phase2-board-host-1920x1080.png
2026.09.28-14.39.06 game -> room=cmulcrm6p007hwip4wj7ifo5k code=<redacted> status=IN_PROGRESS
2026.09.28-14.39.09 game -> room=cmulcrm6p007hwip4wj7ifo5k code=<redacted> status=IN_PROGRESS
2026.09.28-14.39.10 PERF window t=35.1-40.1 frames=146 fps=29.08 frameMs avg=34.39 p50=33.33 p95=33.33 p99=33.37 max=187.45 hitches50=1 gpuMs avg=31.07 p50=33.30 p95=36.13 gameMs avg=2.69 p95=1.72 renderMs avg=2.61 p95=3.14
2026.09.28-14.39.12 game -> room=cmulcrm6p007hwip4wj7ifo5k code=<redacted> status=IN_PROGRESS
2026.09.28-14.39.15 game -> room=cmulcrm6p007hwip4wj7ifo5k code=<redacted> status=IN_PROGRESS
2026.09.28-14.39.15 PERF window t=40.1-45.1 frames=150 fps=29.92 frameMs avg=33.43 p50=33.33 p95=33.33 p99=33.45 max=47.35 hitches50=0 gpuMs avg=31.78 p50=33.36 p95=34.69 gameMs avg=1.61 p95=1.75 renderMs avg=2.50 p95=2.88
2026.09.28-14.39.18 game -> room=cmulcrm6p007hwip4wj7ifo5k code=<redacted> status=IN_PROGRESS
2026.09.28-14.39.20 PERF summary scope=afterWarmup warmup=5 elapsed=50.0 frames=1346 fps=29.88 frameMs avg=33.46 p50=33.33 p95=33.33 p99=33.35 max=187.45 hitches50=1 gpuMs avg=31.48 p50=33.29 p95=34.76 gameMs avg=1.60 p95=1.77 renderMs avg=2.40 p95=3.06
2026.09.28-14.39.20 PERF summary scope=started elapsed=50.0 frames=951 fps=29.84 frameMs avg=33.52 p50=33.33 p95=33.33 p99=33.35 max=187.45 hitches50=1 gpuMs avg=31.10 p50=33.28 p95=34.97 gameMs avg=1.64 p95=1.68 renderMs avg=2.58 p95=3.12
2026.09.28-14.39.20 --- S08 trace close ---
