2026.09.28-14.38.35 --- S08 trace open 2026.09.28-14.38.35 ---
2026.09.28-14.38.35 HUD icon texture size=32 ready=1 path=/Game/ArtTests/ARTMarkers/Textures/T_UI_Action_Attack_32 texture=32x32 probe=0 plate=1
2026.09.28-14.38.36 LOGIN ok user=art-preview-joiner
2026.09.28-14.38.38 HEROES loaded 84
2026.09.28-14.38.39 CODE resolved -> cmulcrm6p007hwip4wj7ifo5k
2026.09.28-14.38.39 joinGame -> room=cmulcrm6p007hwip4wj7ifo5k code=<redacted> status=LOBBY
2026.09.28-14.38.40 PERF config tMaxFPS=30.0 frameRateLimit=60.0 vsync=0 smoothFrameRate=0 fixedFrameRate=0 rhi=D3D11
2026.09.28-14.38.40 PERF window t=0.0-5.0 frames=151 fps=30.00 frameMs avg=33.33 p50=33.33 p95=33.33 p99=33.37 max=33.41 hitches50=0 gpuMs avg=35.62 p50=33.33 p95=34.19 gameMs avg=1.49 p95=1.70 renderMs avg=2.16 p95=2.54
2026.09.28-14.38.42 game -> room=cmulcrm6p007hwip4wj7ifo5k code=<redacted> status=LOBBY
2026.09.28-14.38.42 selectHero -> room=cmulcrm6p007hwip4wj7ifo5k code=<redacted> status=LOBBY
2026.09.28-14.38.44 game -> room=cmulcrm6p007hwip4wj7ifo5k code=<redacted> status=LOBBY
2026.09.28-14.38.45 toggleReady -> room=cmulcrm6p007hwip4wj7ifo5k code=<redacted> status=LOBBY
2026.09.28-14.38.45 PERF window t=5.0-10.0 frames=150 fps=30.00 frameMs avg=33.33 p50=33.33 p95=33.33 p99=33.33 max=33.33 hitches50=0 gpuMs avg=33.31 p50=33.33 p95=33.44 gameMs avg=1.35 p95=1.44 renderMs avg=1.69 p95=2.01
2026.09.28-14.38.48 game -> room=cmulcrm6p007hwip4wj7ifo5k code=<redacted> status=LOBBY
2026.09.28-14.38.50 PERF window t=10.0-15.0 frames=150 fps=30.00 frameMs avg=33.33 p50=33.33 p95=33.33 p99=33.34 max=33.34 hitches50=0 gpuMs avg=32.85 p50=33.32 p95=34.26 gameMs avg=1.35 p95=1.43 renderMs avg=1.73 p95=2.28
2026.09.28-14.38.50 game -> room=cmulcrm6p007hwip4wj7ifo5k code=<redacted> status=IN_PROGRESS
2026.09.28-14.38.51 WS DROPPED (test-initiated transport loss)
2026.09.28-14.38.51 WS closed (test drop) - reconnect in 1s
2026.09.28-14.38.51 SNAPSHOT applied seq=1 phase=ACTION_MANEUVER
2026.09.28-14.38.51 HANDLE_APPLIED #1 seq=1 decision=2 fightersValid=1 boardValid=1
2026.09.28-14.38.51 MODE seq=1 mode=0 combat=0 pending=0
2026.09.28-14.38.51 HUD seq=1 phase=ACTION_MANEUVER turn=opp hand=5 oppHand=5(hidden) oppDeck=25 deck=25 discard=0
2026.09.28-14.38.51 ARTPREVIEW board profiles loaded=1 revision=1 boards=3 zoneStyles=11 lightProfiles=3 errors=0 path=Config/ArtBoards/S08ArtBoardProfiles.json
2026.09.28-14.38.51 ARTPREVIEW Cobble assets ready
2026.09.28-14.38.51 ARTPREVIEW board assets ready cobbleMesh=1 tiles=1 zoneMaterials=2
2026.09.28-14.38.51 ARTPREVIEW medusa candidate variant=face-neck-v2 mesh=SK_Medusa_FaceNeck_v2Candidate requested=(default)
2026.09.28-14.38.51 ARTPREVIEW board profile=t-rex-paddock-art-fixture match=boardId board=7x5 boardId=c70e9f624617750c2a2b856fd surface=tiles light=paddock-probe artFixture=1
2026.09.28-14.38.51 ARTPREVIEW light profile=paddock-probe name=key role=key kind=directional at=(-350,-150,600) intensity=3.5 radius=0 color=(0.62,0.69,0.88) shadow=1
2026.09.28-14.38.51 ARTPREVIEW light profile=paddock-probe name=fill role=fill kind=point at=(0,-85,550) intensity=1150 radius=1800 color=(0.84,0.88,0.96) shadow=0
2026.09.28-14.38.51 ARTPREVIEW light profile=paddock-probe name=warm-practical role=warm kind=point at=(105,-225,250) intensity=130 radius=430 color=(1.00,0.59,0.30) shadow=0
2026.09.28-14.38.51 ARTPREVIEW light profile=paddock-probe name=cyan-rim role=cool kind=point at=(-315,-225,250) intensity=85 radius=420 color=(0.55,0.80,1.00) shadow=0
2026.09.28-14.38.51 ARTPREVIEW light profile=paddock-probe name=indigo-pool role=cool kind=point at=(245,200,240) intensity=70 radius=360 color=(0.45,0.50,0.95) shadow=0
2026.09.28-14.38.51 ARTPREVIEW lights applied profile=paddock-probe directional=1 shadow=1 points=4 pointShadows=0 budgetOk=1
2026.09.28-14.38.51 ARTPREVIEW board active profile=t-rex-paddock-art-fixture 7x5 surface=tiles cells=35 zoneCells=26 multizone=13 triple=0 obstacles=9 zoneKeys=6 strokes=111 glyphs=80 surfaceParts=30 glyphMaterial=zone expectOk=1
2026.09.28-14.38.51 ARTPREVIEW board zone key=blue cells=6 stroke=solid glyph=diamond color=#3B78D8 ismUsage=1 strokePieces=6 glyphPieces=6 fallback=0
2026.09.28-14.38.51 ARTPREVIEW board zone key=blue-green cells=7 stroke=double glyph=bars3 color=#34C3B6 ismUsage=1 strokePieces=14 glyphPieces=21 fallback=0
2026.09.28-14.38.51 ARTPREVIEW board zone key=gray cells=7 stroke=dots5 glyph=square color=#D2D7DC ismUsage=1 strokePieces=35 glyphPieces=7 fallback=0
2026.09.28-14.38.51 ARTPREVIEW board zone key=green cells=8 stroke=dash2 glyph=cross color=#46B45A ismUsage=1 strokePieces=16 glyphPieces=16 fallback=0
2026.09.28-14.38.51 ARTPREVIEW board zone key=purple cells=4 stroke=dashdot glyph=ring color=#A070DC ismUsage=1 strokePieces=12 glyphPieces=16 fallback=0
2026.09.28-14.38.51 ARTPREVIEW board zone key=yellow cells=7 stroke=dash4 glyph=chevron color=#F4D24A ismUsage=1 strokePieces=28 glyphPieces=14 fallback=0
2026.09.28-14.38.51 ARTPREVIEW board multizone cells=13 zonesListed=26 zonesMarked=26
2026.09.28-14.38.51 ARTPREVIEW board multizone cell=(0,0) blue+green strokeSides=0+1 glyphSlots=0+1 marked=2/2
2026.09.28-14.38.51 ARTPREVIEW board multizone cell=(3,0) green+yellow strokeSides=0+1 glyphSlots=0+1 marked=2/2
2026.09.28-14.38.51 ARTPREVIEW board multizone cell=(2,1) green+yellow strokeSides=0+1 glyphSlots=0+1 marked=2/2
2026.09.28-14.38.51 ARTPREVIEW board multizone cell=(3,1) green+yellow strokeSides=0+1 glyphSlots=0+1 marked=2/2
2026.09.28-14.38.51 ARTPREVIEW board multizone cell=(5,1) gray+blue-green strokeSides=0+1 glyphSlots=0+1 marked=2/2
2026.09.28-14.38.51 ARTPREVIEW board multizone cell=(1,2) blue+yellow strokeSides=0+1 glyphSlots=0+1 marked=2/2
2026.09.28-14.38.51 ARTPREVIEW board multizone cell=(2,2) green+yellow strokeSides=0+1 glyphSlots=0+1 marked=2/2
2026.09.28-14.38.51 ARTPREVIEW board multizone cell=(4,2) gray+green strokeSides=0+1 glyphSlots=0+1 marked=2/2
2026.09.28-14.38.51 ARTPREVIEW board multizone cell=(5,2) gray+blue-green strokeSides=0+1 glyphSlots=0+1 marked=2/2
2026.09.28-14.38.51 ARTPREVIEW board multizone cell=(0,4) blue+purple strokeSides=0+1 glyphSlots=0+1 marked=2/2
2026.09.28-14.38.51 ARTPREVIEW board multizone cell=(2,4) purple+yellow strokeSides=0+1 glyphSlots=0+1 marked=2/2
2026.09.28-14.38.51 ARTPREVIEW board multizone cell=(3,4) gray+purple strokeSides=0+1 glyphSlots=0+1 marked=2/2
2026.09.28-14.38.51 ARTPREVIEW board multizone cell=(5,4) gray+blue-green strokeSides=0+1 glyphSlots=0+1 marked=2/2
2026.09.28-14.38.51 CAMERA dist=1672 loc=(0,959,1370) pitch=-55 yaw=-90
2026.09.28-14.38.51 CAMERA config overview=1672.1 nearest=300.0 farthest=2572.5 zoomRange=0.65-5.57 minDist=300.0 outRatio=0.650 step=1.250 animMs=200 returnMs=300 followFrom=1.20 source=defaults issues=0
2026.09.28-14.38.51 BOARD 7x5 cells | control points: (0,0)=(-300,-200,0) (6,4)=(300,200,0) | neighbor pair (dist 100 uu)
2026.09.28-14.38.51 ARTPREVIEW click capsule fighter=f-0-hero mesh=SK_Medusa_FaceNeck_v2Candidate physicsAsset=0 radius=12.5 halfHeight=27.5 top=55.0 bodyCollision=0 source=meshBounds
2026.09.28-14.38.51 ARTPREVIEW fighter=Medusa hero=1 eligible=1 visual=1 mesh=SK_Medusa_FaceNeck_v2Candidate
2026.09.28-14.38.51 ARTPREVIEW click capsule fighter=f-0-sk0 mesh=SM_ART003_Harpy physicsAsset=0 radius=20.0 halfHeight=21.0 top=42.0 bodyCollision=0 source=meshBounds
2026.09.28-14.38.51 ARTPREVIEW click capsule fighter=f-0-sk1 mesh=SM_ART003_Harpy physicsAsset=0 radius=20.0 halfHeight=21.0 top=42.0 bodyCollision=0 source=meshBounds
2026.09.28-14.38.51 ARTPREVIEW click capsule fighter=f-0-sk2 mesh=SM_ART003_Harpy physicsAsset=0 radius=20.0 halfHeight=21.0 top=42.0 bodyCollision=0 source=meshBounds
2026.09.28-14.38.51 ARTPREVIEW click capsule fighter=f-1-hero mesh=SM_ART003_Arthur physicsAsset=0 radius=17.8 halfHeight=28.0 top=56.0 bodyCollision=0 source=meshBounds
2026.09.28-14.38.51 ARTPREVIEW click capsule fighter=f-1-sk0 mesh=SM_ART003_Merlin physicsAsset=0 radius=14.7 halfHeight=30.8 top=61.5 bodyCollision=0 source=meshBounds
2026.09.28-14.38.51 FIGHTERS synced n=6 alive=6 own=2 enemy=4
2026.09.28-14.38.51 STATE seq=1 -> apply
2026.09.28-14.38.51 WS closed 1000 (normal closure)
2026.09.28-14.38.51 HUD art layer plate=1 iconSize=32 iconTexture=1 iconProbe=0 plan=0
2026.09.28-14.38.52 WS reconnect attempt
2026.09.28-14.38.52 SUBSCRIBED gameStateUpdated since=1
2026.09.28-14.38.52 WS reconnected - refetching gameState
2026.09.28-14.38.52 SNAPSHOT applied seq=1 phase=ACTION_MANEUVER
2026.09.28-14.38.52 HANDLE_APPLIED #2 seq=1 decision=1 fightersValid=1 boardValid=1
2026.09.28-14.38.52 MODE seq=1 mode=0 combat=0 pending=0
2026.09.28-14.38.52 HUD seq=1 phase=ACTION_MANEUVER turn=opp hand=5 oppHand=5(hidden) oppDeck=25 deck=25 discard=0
2026.09.28-14.38.52 ARTPREVIEW fighter=Medusa hero=1 eligible=1 visual=1 mesh=SK_Medusa_FaceNeck_v2Candidate
2026.09.28-14.38.52 FIGHTERS synced n=6 alive=6 own=2 enemy=4
2026.09.28-14.38.52 STATE seq=1 -> merge
2026.09.28-14.38.52 SNAPSHOT applied seq=1 phase=ACTION_MANEUVER
2026.09.28-14.38.52 HANDLE_APPLIED #3 seq=1 decision=1 fightersValid=1 boardValid=1
2026.09.28-14.38.52 MODE seq=1 mode=0 combat=0 pending=0
2026.09.28-14.38.52 HUD seq=1 phase=ACTION_MANEUVER turn=opp hand=5 oppHand=5(hidden) oppDeck=25 deck=25 discard=0
2026.09.28-14.38.52 ARTPREVIEW fighter=Medusa hero=1 eligible=1 visual=1 mesh=SK_Medusa_FaceNeck_v2Candidate
2026.09.28-14.38.52 FIGHTERS synced n=6 alive=6 own=2 enemy=4
2026.09.28-14.38.52 WS seq=1 phase=ACTION_MANEUVER (merge)
2026.09.28-14.38.54 game -> room=cmulcrm6p007hwip4wj7ifo5k code=<redacted> status=IN_PROGRESS
2026.09.28-14.38.56 PERF window t=15.0-20.0 frames=150 fps=29.96 frameMs avg=33.38 p50=33.33 p95=33.33 p99=33.34 max=40.50 hitches50=0 gpuMs avg=33.41 p50=33.35 p95=34.41 gameMs avg=1.68 p95=1.62 renderMs avg=2.64 p95=2.98
2026.09.28-14.38.57 game -> room=cmulcrm6p007hwip4wj7ifo5k code=<redacted> status=IN_PROGRESS
2026.09.28-14.39.00 game -> room=cmulcrm6p007hwip4wj7ifo5k code=<redacted> status=IN_PROGRESS
2026.09.28-14.39.01 PERF window t=20.0-25.1 frames=151 fps=30.00 frameMs avg=33.33 p50=33.33 p95=33.33 p99=33.34 max=33.34 hitches50=0 gpuMs avg=32.97 p50=33.33 p95=34.35 gameMs avg=1.28 p95=1.49 renderMs avg=2.44 p95=2.99
2026.09.28-14.39.03 game -> room=cmulcrm6p007hwip4wj7ifo5k code=<redacted> status=IN_PROGRESS
2026.09.28-14.39.06 game -> room=cmulcrm6p007hwip4wj7ifo5k code=<redacted> status=IN_PROGRESS
2026.09.28-14.39.06 PERF window t=25.1-30.1 frames=151 fps=30.00 frameMs avg=33.33 p50=33.33 p95=33.33 p99=33.34 max=33.35 hitches50=0 gpuMs avg=33.14 p50=33.32 p95=33.59 gameMs avg=1.26 p95=1.37 renderMs avg=2.36 p95=2.68
2026.09.28-14.39.09 game -> room=cmulcrm6p007hwip4wj7ifo5k code=<redacted> status=IN_PROGRESS
2026.09.28-14.39.11 PERF window t=30.1-35.1 frames=151 fps=30.00 frameMs avg=33.33 p50=33.33 p95=33.33 p99=33.34 max=33.36 hitches50=0 gpuMs avg=33.33 p50=33.33 p95=34.65 gameMs avg=1.27 p95=1.44 renderMs avg=2.43 p95=3.00
2026.09.28-14.39.11 SHOT ctx viewport=1920x1080 viewTarget=CameraActor_2147482333 cam=(0,959,1370) rot=(-55,-90,0)
2026.09.28-14.39.11 SHOT fighter f-0-hero pos=(2,2) world=(-100,0,0) screen=(778,540) projected=1 alive=1
2026.09.28-14.39.11 SHOT fighter f-0-sk0 pos=(2,3) world=(-100,100,0) screen=(771,694) projected=1 alive=1
2026.09.28-14.39.11 SHOT fighter f-0-sk1 pos=(2,1) world=(-100,-100,0) screen=(784,396) projected=1 alive=1
2026.09.28-14.39.11 SHOT fighter f-0-sk2 pos=(1,2) world=(-200,0,0) screen=(596,540) projected=1 alive=1
2026.09.28-14.39.11 SHOT fighter f-1-hero pos=(4,2) world=(100,0,0) screen=(1142,540) projected=1 alive=1
2026.09.28-14.39.11 SHOT fighter f-1-sk0 pos=(5,2) world=(200,0,0) screen=(1324,540) projected=1 alive=1
2026.09.28-14.39.11 SHOT camera dist=1672.1 target=1672.1 overview=1672.1 errPct=0.000 focusErr=0.00 settled=1 zoom=1.00
2026.09.28-14.39.11 SHOT head fighter=f-0-hero socket=Head mesh=SK_Medusa_FaceNeck_v2Candidate world=(-100.0,-4.0,38.5) screen=(774.7,493.0) top=(774.1,486.5) bottom=(775.2,499.5) headPx=13.1 projected=1
2026.09.28-14.39.11 SHOT label fighter=f-0-hero mode=full bbox=(717,430,823,469)
2026.09.28-14.39.11 SHOT label fighter=f-0-sk0 mode=full bbox=(705,610,824,641)
2026.09.28-14.39.11 SHOT label fighter=f-0-sk1 mode=full bbox=(723,305,833,338)
2026.09.28-14.39.11 SHOT label fighter=f-0-sk2 mode=full bbox=(524,452,642,484)
2026.09.28-14.39.11 SHOT label fighter=f-1-hero mode=full bbox=(1095,436,1205,469)
2026.09.28-14.39.11 SHOT label fighter=f-1-sk0 mode=full bbox=(1293,450,1381,484)
2026.09.28-14.39.11 SHOT requested: FScreenshotRequest(bShowUI) -> C:\Users\ren\AppData\Local\Temp\s08-phase2-20260928-193829-49912\phase2-board-joiner-1920x1080.png
2026.09.28-14.39.12 game -> room=cmulcrm6p007hwip4wj7ifo5k code=<redacted> status=IN_PROGRESS
2026.09.28-14.39.15 game -> room=cmulcrm6p007hwip4wj7ifo5k code=<redacted> status=IN_PROGRESS
2026.09.28-14.39.16 PERF window t=35.1-40.2 frames=147 fps=29.22 frameMs avg=34.23 p50=33.33 p95=33.34 p99=40.37 max=157.51 hitches50=1 gpuMs avg=33.70 p50=33.35 p95=36.58 gameMs avg=2.21 p95=1.30 renderMs avg=2.24 p95=2.60
2026.09.28-14.39.18 game -> room=cmulcrm6p007hwip4wj7ifo5k code=<redacted> status=IN_PROGRESS
2026.09.28-14.39.21 game -> room=cmulcrm6p007hwip4wj7ifo5k code=<redacted> status=IN_PROGRESS
2026.09.28-14.39.21 PERF window t=40.2-45.2 frames=150 fps=30.00 frameMs avg=33.33 p50=33.33 p95=33.33 p99=33.35 max=33.41 hitches50=0 gpuMs avg=27.17 p50=33.17 p95=34.33 gameMs avg=1.15 p95=1.38 renderMs avg=2.42 p95=2.92
2026.09.28-14.39.24 game -> room=cmulcrm6p007hwip4wj7ifo5k code=<redacted> status=IN_PROGRESS
2026.09.28-14.39.25 PERF summary scope=afterWarmup warmup=5 elapsed=50.0 frames=1347 fps=29.91 frameMs avg=33.44 p50=33.33 p95=33.33 p99=33.34 max=157.51 hitches50=1 gpuMs avg=31.85 p50=33.32 p95=34.37 gameMs avg=1.41 p95=1.43 renderMs avg=2.26 p95=2.81
2026.09.28-14.39.25 PERF summary scope=started elapsed=50.0 frames=1045 fps=29.88 frameMs avg=33.47 p50=33.33 p95=33.33 p99=33.35 max=157.51 hitches50=1 gpuMs avg=31.49 p50=33.31 p95=34.50 gameMs avg=1.43 p95=1.43 renderMs avg=2.41 p95=2.86
2026.09.28-14.39.25 --- S08 trace close ---
