2026.09.26-06.04.40 SNAPSHOT applied seq=2 phase=COMBAT
2026.09.26-06.04.40 MODE seq=2 mode=4 combat=1 pending=0
2026.09.26-06.04.40 SNAPSHOT applied seq=3 phase=COMBAT_RESOLVE
2026.09.26-06.04.41 MODE seq=3 mode=5 combat=1 pending=0
2026.09.26-06.04.41 SNAPSHOT applied seq=3 phase=COMBAT_RESOLVE
2026.09.26-06.04.41 MODE seq=3 mode=5 combat=1 pending=0
2026.09.26-06.04.41 SNAPSHOT applied seq=4 phase=COMBAT_RESOLVE
2026.09.26-06.04.41 MODE seq=4 mode=5 combat=1 pending=1
2026.09.26-06.04.41 RESOLVE panel revealed: A3+B0 vs D4
2026.09.26-06.04.41 RESOLVE panel blocked by pending (type=BOOST_CHOICE id=cmuhgvgkf00smwi9gaeymh3ur-during-0-boost-3)
2026.09.26-06.04.41 SNAPSHOT applied seq=4 phase=COMBAT_RESOLVE
2026.09.26-06.04.41 MODE seq=4 mode=5 combat=1 pending=1
2026.09.26-06.04.45 SNAPSHOT applied seq=5 phase=ACTION_MANEUVER
2026.09.26-06.04.45 RESOLVE panel revealed: A3+B0 vs D4
2026.09.26-06.04.45 MODE seq=5 mode=0 combat=0 pending=0
2026.09.26-06.04.45 SNAPSHOT applied seq=6 phase=ACTION_MANEUVER
2026.09.26-06.04.45 MODE seq=6 mode=0 combat=0 pending=0
2026.09.26-06.04.46 SNAPSHOT applied seq=7 phase=ACTION_MANEUVER
2026.09.26-06.04.46 MODE seq=7 mode=0 combat=0 pending=0
2026.09.26-06.04.46 SNAPSHOT applied seq=8 phase=ACTION_MANEUVER
2026.09.26-06.04.46 MODE seq=8 mode=6 combat=0 pending=1
2026.09.26-06.04.46 SNAPSHOT applied seq=8 phase=ACTION_MANEUVER
2026.09.26-06.04.46 MODE seq=8 mode=6 combat=0 pending=1
2026.09.26-06.04.47 S09AUTO pending-open shot (type=DECK_TOP_PICK stage=0 mode=PICK)
2026.09.26-06.04.47 S09AUTO pending picked (type=DECK_TOP_PICK stage=0)
2026.09.26-06.04.47 SNAPSHOT applied seq=9 phase=ACTION_MANEUVER
2026.09.26-06.04.47 MODE seq=9 mode=6 combat=0 pending=1
2026.09.26-06.04.47 SNAPSHOT applied seq=9 phase=ACTION_MANEUVER
2026.09.26-06.04.47 MODE seq=9 mode=6 combat=0 pending=1
2026.09.26-06.04.47 PEND resolve done seq=9 (merge) phase=ACTION_MANEUVER
2026.09.26-06.04.47 S09AUTO pending-open shot (type=DECK_TOP_PICK stage=0 mode=ORDER)
2026.09.26-06.04.47 S09AUTO pending picked (type=DECK_TOP_PICK stage=0)
2026.09.26-06.04.47 SNAPSHOT applied seq=10 phase=ACTION_MANEUVER
2026.09.26-06.04.47 MODE seq=10 mode=0 combat=0 pending=0
2026.09.26-06.04.47 SNAPSHOT applied seq=10 phase=ACTION_MANEUVER
2026.09.26-06.04.47 MODE seq=10 mode=0 combat=0 pending=0
2026.09.26-06.04.47 PEND resolve done seq=10 (merge) phase=ACTION_MANEUVER
2026.09.26-06.04.47 SNAPSHOT applied seq=11 phase=ACTION_MANEUVER
2026.09.26-06.04.47 MODE seq=11 mode=1 combat=0 pending=0
2026.09.26-06.04.47 SNAPSHOT applied seq=11 phase=ACTION_MANEUVER
2026.09.26-06.04.47 MODE seq=11 mode=1 combat=0 pending=0
2026.09.26-06.04.49 SNAPSHOT applied seq=12 phase=ACTION_MANEUVER
2026.09.26-06.04.49 MODE seq=12 mode=0 combat=0 pending=0
2026.09.26-06.04.49 SNAPSHOT applied seq=12 phase=ACTION_MANEUVER
2026.09.26-06.04.49 MODE seq=12 mode=0 combat=0 pending=0
2026.09.26-06.04.49 SNAPSHOT applied seq=13 phase=ACTION_MANEUVER
2026.09.26-06.04.49 MODE seq=13 mode=0 combat=0 pending=0
2026.09.26-06.04.49 SNAPSHOT applied seq=14 phase=ACTION_MANEUVER
2026.09.26-06.04.49 MODE seq=14 mode=0 combat=0 pending=0
2026.09.26-06.04.50 SNAPSHOT applied seq=15 phase=ACTION_MANEUVER
2026.09.26-06.04.50 MODE seq=15 mode=0 combat=0 pending=0
2026.09.26-06.04.50 SNAPSHOT applied seq=16 phase=ACTION_MANEUVER
2026.09.26-06.04.50 MODE seq=16 mode=0 combat=0 pending=0
2026.09.26-06.04.50 SNAPSHOT applied seq=17 phase=ACTION_MANEUVER
2026.09.26-06.04.50 MODE seq=17 mode=1 combat=0 pending=0
2026.09.26-06.04.50 SNAPSHOT applied seq=17 phase=ACTION_MANEUVER
2026.09.26-06.04.50 MODE seq=17 mode=1 combat=0 pending=0
2026.09.26-06.04.50 SNAPSHOT applied seq=18 phase=ACTION_MANEUVER
2026.09.26-06.04.50 MODE seq=18 mode=0 combat=0 pending=0
2026.09.26-06.04.50 SNAPSHOT applied seq=18 phase=ACTION_MANEUVER
2026.09.26-06.04.50 MODE seq=18 mode=0 combat=0 pending=0
2026.09.26-06.04.51 SNAPSHOT applied seq=19 phase=ACTION_MANEUVER
2026.09.26-06.04.51 MODE seq=19 mode=1 combat=0 pending=0
2026.09.26-06.04.51 SNAPSHOT applied seq=19 phase=ACTION_MANEUVER
2026.09.26-06.04.51 MODE seq=19 mode=1 combat=0 pending=0
2026.09.26-06.04.51 SNAPSHOT applied seq=20 phase=TURN_END
2026.09.26-06.04.51 MODE seq=20 mode=2 combat=0 pending=0
2026.09.26-06.04.51 SNAPSHOT applied seq=20 phase=TURN_END
2026.09.26-06.04.51 MODE seq=20 mode=2 combat=0 pending=0
2026.09.26-06.04.53 SNAPSHOT applied seq=21 phase=ACTION_MANEUVER
2026.09.26-06.04.53 MODE seq=21 mode=0 combat=0 pending=1
2026.09.26-06.04.53 SNAPSHOT applied seq=21 phase=ACTION_MANEUVER
2026.09.26-06.04.53 MODE seq=21 mode=0 combat=0 pending=1
2026.09.26-06.04.53 SNAPSHOT applied seq=22 phase=ACTION_MANEUVER
2026.09.26-06.04.53 MODE seq=22 mode=0 combat=0 pending=0
2026.09.26-06.04.53 SNAPSHOT applied seq=23 phase=ACTION_MANEUVER
2026.09.26-06.04.53 MODE seq=23 mode=0 combat=0 pending=1
2026.09.26-06.04.54 SNAPSHOT applied seq=24 phase=ACTION_MANEUVER
2026.09.26-06.04.54 MODE seq=24 mode=0 combat=0 pending=0
2026.09.26-06.04.54 SNAPSHOT applied seq=25 phase=ACTION_MANEUVER
2026.09.26-06.04.54 MODE seq=25 mode=0 combat=0 pending=0
2026.09.26-06.04.54 SNAPSHOT applied seq=26 phase=ACTION_MANEUVER
2026.09.26-06.04.54 MODE seq=26 mode=0 combat=0 pending=0
2026.09.26-06.04.54 SNAPSHOT applied seq=27 phase=ACTION_MANEUVER
2026.09.26-06.04.54 MODE seq=27 mode=1 combat=0 pending=0
2026.09.26-06.04.54 SNAPSHOT applied seq=27 phase=ACTION_MANEUVER
2026.09.26-06.04.54 MODE seq=27 mode=1 combat=0 pending=0
2026.09.26-06.04.54 SNAPSHOT applied seq=28 phase=ACTION_MANEUVER
2026.09.26-06.04.54 MODE seq=28 mode=0 combat=0 pending=0
2026.09.26-06.04.54 SNAPSHOT applied seq=28 phase=ACTION_MANEUVER
2026.09.26-06.04.54 MODE seq=28 mode=0 combat=0 pending=0
2026.09.26-06.04.55 SNAPSHOT applied seq=29 phase=ACTION_MANEUVER
2026.09.26-06.04.55 MODE seq=29 mode=1 combat=0 pending=0
2026.09.26-06.04.55 SNAPSHOT applied seq=29 phase=ACTION_MANEUVER
2026.09.26-06.04.55 MODE seq=29 mode=1 combat=0 pending=0
2026.09.26-06.04.55 SNAPSHOT applied seq=30 phase=TURN_END
2026.09.26-06.04.55 MODE seq=30 mode=2 combat=0 pending=0
2026.09.26-06.04.55 SNAPSHOT applied seq=30 phase=TURN_END
2026.09.26-06.04.55 MODE seq=30 mode=2 combat=0 pending=0
2026.09.26-06.04.57 SNAPSHOT applied seq=31 phase=ACTION_MANEUVER
2026.09.26-06.04.57 MODE seq=31 mode=0 combat=0 pending=1
2026.09.26-06.04.57 SNAPSHOT applied seq=31 phase=ACTION_MANEUVER
2026.09.26-06.04.57 MODE seq=31 mode=0 combat=0 pending=1
2026.09.26-06.04.57 SNAPSHOT applied seq=32 phase=ACTION_MANEUVER
2026.09.26-06.04.57 MODE seq=32 mode=0 combat=0 pending=0
2026.09.26-06.04.57 SNAPSHOT applied seq=33 phase=ACTION_MANEUVER
2026.09.26-06.04.57 MODE seq=33 mode=0 combat=0 pending=1
2026.09.26-06.04.58 SNAPSHOT applied seq=34 phase=ACTION_MANEUVER
2026.09.26-06.04.58 MODE seq=34 mode=0 combat=0 pending=1
2026.09.26-06.04.58 SNAPSHOT applied seq=35 phase=ACTION_MANEUVER
2026.09.26-06.04.58 MODE seq=35 mode=0 combat=0 pending=1
2026.09.26-06.04.58 SNAPSHOT applied seq=36 phase=ACTION_MANEUVER
2026.09.26-06.04.58 MODE seq=36 mode=0 combat=0 pending=1
2026.09.26-06.04.58 SNAPSHOT applied seq=37 phase=ACTION_MANEUVER
2026.09.26-06.04.58 MODE seq=37 mode=0 combat=0 pending=0
2026.09.26-06.04.58 SNAPSHOT applied seq=38 phase=ACTION_MANEUVER
2026.09.26-06.04.58 MODE seq=38 mode=0 combat=0 pending=0
2026.09.26-06.04.58 SNAPSHOT applied seq=39 phase=ACTION_MANEUVER
2026.09.26-06.04.58 MODE seq=39 mode=0 combat=0 pending=0
2026.09.26-06.04.58 SNAPSHOT applied seq=40 phase=ACTION_MANEUVER
2026.09.26-06.04.58 MODE seq=40 mode=6 combat=0 pending=1
2026.09.26-06.04.58 SNAPSHOT applied seq=40 phase=ACTION_MANEUVER
2026.09.26-06.04.58 MODE seq=40 mode=6 combat=0 pending=1
2026.09.26-06.04.59 S09AUTO pending-open shot (type=CHOOSE_SPACE stage=1 mode=)
2026.09.26-06.05.00 S09AUTO pending picked (type=CHOOSE_SPACE stage=1)
2026.09.26-06.05.00 SNAPSHOT applied seq=41 phase=ACTION_MANEUVER
2026.09.26-06.05.00 MODE seq=41 mode=6 combat=0 pending=1
2026.09.26-06.05.00 SNAPSHOT applied seq=41 phase=ACTION_MANEUVER
2026.09.26-06.05.00 MODE seq=41 mode=6 combat=0 pending=1
2026.09.26-06.05.00 PEND resolve done seq=41 (merge) phase=ACTION_MANEUVER
2026.09.26-06.05.00 S09AUTO pending-open shot (type=CHOOSE_SPACE stage=2 mode=)
2026.09.26-06.05.00 S09AUTO pending picked (type=CHOOSE_SPACE stage=2)
2026.09.26-06.05.00 SNAPSHOT applied seq=42 phase=ACTION_MANEUVER
2026.09.26-06.05.00 MODE seq=42 mode=0 combat=0 pending=0
2026.09.26-06.05.00 SNAPSHOT applied seq=42 phase=ACTION_MANEUVER
2026.09.26-06.05.00 MODE seq=42 mode=0 combat=0 pending=0
2026.09.26-06.05.00 PEND resolve done seq=42 (merge) phase=ACTION_MANEUVER
2026.09.26-06.05.00 SNAPSHOT applied seq=43 phase=ACTION_MANEUVER
2026.09.26-06.05.00 MODE seq=43 mode=1 combat=0 pending=0
2026.09.26-06.05.00 SNAPSHOT applied seq=43 phase=ACTION_MANEUVER
2026.09.26-06.05.00 MODE seq=43 mode=1 combat=0 pending=0
2026.09.26-06.05.00 SNAPSHOT applied seq=44 phase=ACTION_MANEUVER
2026.09.26-06.05.00 MODE seq=44 mode=0 combat=0 pending=1
2026.09.26-06.05.00 SNAPSHOT applied seq=44 phase=ACTION_MANEUVER
2026.09.26-06.05.00 MODE seq=44 mode=0 combat=0 pending=1
2026.09.26-06.05.00 SNAPSHOT applied seq=45 phase=ACTION_MANEUVER
2026.09.26-06.05.00 MODE seq=45 mode=0 combat=0 pending=0
2026.09.26-06.05.00 SNAPSHOT applied seq=46 phase=COMBAT
2026.09.26-06.05.00 MODE seq=46 mode=4 combat=1 pending=0
2026.09.26-06.05.01 SNAPSHOT applied seq=47 phase=COMBAT_RESOLVE
2026.09.26-06.05.01 MODE seq=47 mode=5 combat=1 pending=0
2026.09.26-06.05.01 SNAPSHOT applied seq=47 phase=COMBAT_RESOLVE
2026.09.26-06.05.01 MODE seq=47 mode=5 combat=1 pending=0
2026.09.26-06.05.01 SNAPSHOT applied seq=48 phase=COMBAT_RESOLVE
2026.09.26-06.05.01 MODE seq=48 mode=5 combat=1 pending=1
2026.09.26-06.05.01 RESOLVE panel revealed: A3+B0 vs D4
2026.09.26-06.05.01 RESOLVE panel blocked by pending (type=BOOST_CHOICE id=cmuhgvgkf00smwi9gaeymh3ur-during-0-boost-47)
2026.09.26-06.05.01 SNAPSHOT applied seq=48 phase=COMBAT_RESOLVE
2026.09.26-06.05.01 MODE seq=48 mode=5 combat=1 pending=1
2026.09.26-06.05.05 SNAPSHOT applied seq=49 phase=ACTION_MANEUVER
2026.09.26-06.05.05 RESOLVE panel revealed: A3+B0 vs D4
2026.09.26-06.05.05 MODE seq=49 mode=0 combat=0 pending=0
2026.09.26-06.05.05 SNAPSHOT applied seq=50 phase=ACTION_MANEUVER
2026.09.26-06.05.05 MODE seq=50 mode=0 combat=0 pending=0
2026.09.26-06.05.05 SNAPSHOT applied seq=51 phase=ACTION_MANEUVER
2026.09.26-06.05.05 MODE seq=51 mode=0 combat=0 pending=0
2026.09.26-06.05.05 SNAPSHOT applied seq=52 phase=ACTION_MANEUVER
2026.09.26-06.05.05 MODE seq=52 mode=1 combat=0 pending=0
2026.09.26-06.05.05 SNAPSHOT applied seq=52 phase=ACTION_MANEUVER
2026.09.26-06.05.05 MODE seq=52 mode=1 combat=0 pending=0
2026.09.26-06.05.06 SNAPSHOT applied seq=53 phase=ACTION_MANEUVER
2026.09.26-06.05.06 MODE seq=53 mode=0 combat=0 pending=0
2026.09.26-06.05.06 SNAPSHOT applied seq=53 phase=ACTION_MANEUVER
2026.09.26-06.05.06 MODE seq=53 mode=0 combat=0 pending=0
2026.09.26-06.05.07 SNAPSHOT applied seq=54 phase=ACTION_MANEUVER
2026.09.26-06.05.07 MODE seq=54 mode=1 combat=0 pending=0
2026.09.26-06.05.07 SNAPSHOT applied seq=54 phase=ACTION_MANEUVER
2026.09.26-06.05.07 MODE seq=54 mode=1 combat=0 pending=0
2026.09.26-06.05.07 SNAPSHOT applied seq=55 phase=TURN_END
2026.09.26-06.05.07 MODE seq=55 mode=2 combat=0 pending=0
2026.09.26-06.05.07 SNAPSHOT applied seq=55 phase=TURN_END
2026.09.26-06.05.07 MODE seq=55 mode=2 combat=0 pending=0
2026.09.26-06.05.08 SNAPSHOT applied seq=56 phase=ACTION_MANEUVER
2026.09.26-06.05.08 MODE seq=56 mode=0 combat=0 pending=1
2026.09.26-06.05.08 SNAPSHOT applied seq=56 phase=ACTION_MANEUVER
2026.09.26-06.05.08 MODE seq=56 mode=0 combat=0 pending=1
2026.09.26-06.05.08 SNAPSHOT applied seq=57 phase=ACTION_MANEUVER
2026.09.26-06.05.08 MODE seq=57 mode=0 combat=0 pending=0
2026.09.26-06.05.08 SNAPSHOT applied seq=58 phase=ACTION_MANEUVER
2026.09.26-06.05.08 MODE seq=58 mode=0 combat=0 pending=0
2026.09.26-06.05.08 SNAPSHOT applied seq=59 phase=ACTION_MANEUVER
2026.09.26-06.05.08 MODE seq=59 mode=0 combat=0 pending=0
2026.09.26-06.05.09 SNAPSHOT applied seq=60 phase=ACTION_MANEUVER
2026.09.26-06.05.09 MODE seq=60 mode=0 combat=0 pending=0
2026.09.26-06.05.09 SNAPSHOT applied seq=61 phase=ACTION_MANEUVER
2026.09.26-06.05.09 MODE seq=61 mode=0 combat=0 pending=0
2026.09.26-06.05.09 SNAPSHOT applied seq=62 phase=ACTION_MANEUVER
2026.09.26-06.05.09 MODE seq=62 mode=1 combat=0 pending=0
2026.09.26-06.05.09 SNAPSHOT applied seq=62 phase=ACTION_MANEUVER
2026.09.26-06.05.09 MODE seq=62 mode=1 combat=0 pending=0
2026.09.26-06.05.09 SNAPSHOT applied seq=63 phase=ACTION_MANEUVER
2026.09.26-06.05.09 MODE seq=63 mode=0 combat=0 pending=0
2026.09.26-06.05.09 SNAPSHOT applied seq=63 phase=ACTION_MANEUVER
2026.09.26-06.05.09 MODE seq=63 mode=0 combat=0 pending=0
2026.09.26-06.05.11 SNAPSHOT applied seq=64 phase=ACTION_MANEUVER
2026.09.26-06.05.11 MODE seq=64 mode=1 combat=0 pending=0
2026.09.26-06.05.11 SNAPSHOT applied seq=64 phase=ACTION_MANEUVER
2026.09.26-06.05.11 MODE seq=64 mode=1 combat=0 pending=0
2026.09.26-06.05.11 SNAPSHOT applied seq=65 phase=TURN_END
2026.09.26-06.05.11 MODE seq=65 mode=2 combat=0 pending=0
2026.09.26-06.05.11 SNAPSHOT applied seq=65 phase=TURN_END
2026.09.26-06.05.11 MODE seq=65 mode=2 combat=0 pending=0
2026.09.26-06.05.12 SNAPSHOT applied seq=66 phase=ACTION_MANEUVER
2026.09.26-06.05.12 MODE seq=66 mode=0 combat=0 pending=1
2026.09.26-06.05.12 SNAPSHOT applied seq=66 phase=ACTION_MANEUVER
2026.09.26-06.05.12 MODE seq=66 mode=0 combat=0 pending=1
2026.09.26-06.05.12 SNAPSHOT applied seq=67 phase=ACTION_MANEUVER
2026.09.26-06.05.12 MODE seq=67 mode=0 combat=0 pending=0
2026.09.26-06.05.12 SNAPSHOT applied seq=68 phase=ACTION_MANEUVER
2026.09.26-06.05.12 MODE seq=68 mode=0 combat=0 pending=0
2026.09.26-06.05.12 SNAPSHOT applied seq=69 phase=ACTION_MANEUVER
2026.09.26-06.05.12 MODE seq=69 mode=0 combat=0 pending=0
2026.09.26-06.05.13 SNAPSHOT applied seq=70 phase=ACTION_MANEUVER
2026.09.26-06.05.13 MODE seq=70 mode=0 combat=0 pending=0
2026.09.26-06.05.13 SNAPSHOT applied seq=71 phase=TURN_END
2026.09.26-06.05.13 MODE seq=71 mode=0 combat=0 pending=0
2026.09.26-06.05.15 SNAPSHOT applied seq=72 phase=ACTION_MANEUVER
2026.09.26-06.05.15 MODE seq=72 mode=0 combat=0 pending=0
2026.09.26-06.05.15 SNAPSHOT applied seq=73 phase=ACTION_MANEUVER
2026.09.26-06.05.15 MODE seq=73 mode=1 combat=0 pending=0
2026.09.26-06.05.15 SNAPSHOT applied seq=73 phase=ACTION_MANEUVER
2026.09.26-06.05.15 MODE seq=73 mode=1 combat=0 pending=0
2026.09.26-06.05.15 SNAPSHOT applied seq=74 phase=ACTION_MANEUVER
2026.09.26-06.05.15 MODE seq=74 mode=0 combat=0 pending=0
2026.09.26-06.05.15 SNAPSHOT applied seq=74 phase=ACTION_MANEUVER
2026.09.26-06.05.15 MODE seq=74 mode=0 combat=0 pending=0
2026.09.26-06.05.16 SNAPSHOT applied seq=75 phase=ACTION_MANEUVER
2026.09.26-06.05.16 MODE seq=75 mode=1 combat=0 pending=0
2026.09.26-06.05.16 SNAPSHOT applied seq=75 phase=ACTION_MANEUVER
2026.09.26-06.05.16 MODE seq=75 mode=1 combat=0 pending=0
2026.09.26-06.05.16 SNAPSHOT applied seq=76 phase=TURN_END
2026.09.26-06.05.16 MODE seq=76 mode=2 combat=0 pending=0
2026.09.26-06.05.16 SNAPSHOT applied seq=76 phase=TURN_END
2026.09.26-06.05.16 MODE seq=76 mode=2 combat=0 pending=0
2026.09.26-06.05.17 SNAPSHOT applied seq=77 phase=ACTION_MANEUVER
2026.09.26-06.05.17 MODE seq=77 mode=0 combat=0 pending=1
2026.09.26-06.05.17 SNAPSHOT applied seq=77 phase=ACTION_MANEUVER
2026.09.26-06.05.17 MODE seq=77 mode=0 combat=0 pending=1
2026.09.26-06.05.17 SNAPSHOT applied seq=78 phase=ACTION_MANEUVER
2026.09.26-06.05.17 MODE seq=78 mode=0 combat=0 pending=0
2026.09.26-06.05.17 SNAPSHOT applied seq=79 phase=ACTION_MANEUVER
2026.09.26-06.05.17 MODE seq=79 mode=0 combat=0 pending=1
2026.09.26-06.05.18 SNAPSHOT applied seq=80 phase=ACTION_MANEUVER
2026.09.26-06.05.18 MODE seq=80 mode=0 combat=0 pending=1
2026.09.26-06.05.19 SNAPSHOT applied seq=81 phase=ACTION_MANEUVER
2026.09.26-06.05.19 MODE seq=81 mode=0 combat=0 pending=1
2026.09.26-06.05.19 SNAPSHOT applied seq=82 phase=ACTION_MANEUVER
2026.09.26-06.05.19 MODE seq=82 mode=0 combat=0 pending=1
2026.09.26-06.05.19 SNAPSHOT applied seq=83 phase=ACTION_MANEUVER
2026.09.26-06.05.19 MODE seq=83 mode=0 combat=0 pending=0
2026.09.26-06.05.19 SNAPSHOT applied seq=84 phase=ACTION_MANEUVER
2026.09.26-06.05.19 MODE seq=84 mode=0 combat=0 pending=0
2026.09.26-06.05.19 SNAPSHOT applied seq=85 phase=ACTION_MANEUVER
2026.09.26-06.05.19 MODE seq=85 mode=0 combat=0 pending=0
2026.09.26-06.05.19 SNAPSHOT applied seq=86 phase=ACTION_MANEUVER
2026.09.26-06.05.19 MODE seq=86 mode=1 combat=0 pending=0
2026.09.26-06.05.19 SNAPSHOT applied seq=86 phase=ACTION_MANEUVER
2026.09.26-06.05.19 MODE seq=86 mode=1 combat=0 pending=0
2026.09.26-06.05.19 SNAPSHOT applied seq=87 phase=ACTION_MANEUVER
2026.09.26-06.05.19 MODE seq=87 mode=0 combat=0 pending=0
2026.09.26-06.05.19 SNAPSHOT applied seq=87 phase=ACTION_MANEUVER
2026.09.26-06.05.19 MODE seq=87 mode=0 combat=0 pending=0
2026.09.26-06.05.20 SNAPSHOT applied seq=88 phase=ACTION_MANEUVER
2026.09.26-06.05.20 MODE seq=88 mode=0 combat=0 pending=1
2026.09.26-06.05.20 SNAPSHOT applied seq=88 phase=ACTION_MANEUVER
2026.09.26-06.05.20 MODE seq=88 mode=0 combat=0 pending=1
2026.09.26-06.05.20 SNAPSHOT applied seq=89 phase=ACTION_MANEUVER
2026.09.26-06.05.20 MODE seq=89 mode=0 combat=0 pending=0
2026.09.26-06.05.20 SNAPSHOT applied seq=90 phase=ACTION_MANEUVER
2026.09.26-06.05.20 MODE seq=90 mode=0 combat=0 pending=0
2026.09.26-06.05.20 SNAPSHOT applied seq=91 phase=ACTION_MANEUVER
2026.09.26-06.05.20 MODE seq=91 mode=0 combat=0 pending=0
2026.09.26-06.05.22 SNAPSHOT applied seq=92 phase=COMBAT
2026.09.26-06.05.22 MODE seq=92 mode=4 combat=1 pending=0
2026.09.26-06.05.22 SNAPSHOT applied seq=93 phase=COMBAT_RESOLVE
2026.09.26-06.05.22 MODE seq=93 mode=5 combat=1 pending=0
2026.09.26-06.05.22 SNAPSHOT applied seq=93 phase=COMBAT_RESOLVE
2026.09.26-06.05.22 MODE seq=93 mode=5 combat=1 pending=0
2026.09.26-06.05.22 SNAPSHOT applied seq=94 phase=ACTION_MANEUVER
2026.09.26-06.05.22 MODE seq=94 mode=0 combat=0 pending=0
2026.09.26-06.05.22 SNAPSHOT applied seq=94 phase=ACTION_MANEUVER
2026.09.26-06.05.22 MODE seq=94 mode=0 combat=0 pending=0
2026.09.26-06.05.22 SNAPSHOT applied seq=95 phase=ACTION_MANEUVER
2026.09.26-06.05.22 MODE seq=95 mode=1 combat=0 pending=0
2026.09.26-06.05.22 SNAPSHOT applied seq=95 phase=ACTION_MANEUVER
2026.09.26-06.05.22 MODE seq=95 mode=1 combat=0 pending=0
2026.09.26-06.05.22 SNAPSHOT applied seq=96 phase=ACTION_MANEUVER
2026.09.26-06.05.22 MODE seq=96 mode=0 combat=0 pending=0
2026.09.26-06.05.22 SNAPSHOT applied seq=96 phase=ACTION_MANEUVER
2026.09.26-06.05.22 MODE seq=96 mode=0 combat=0 pending=0
2026.09.26-06.05.23 SNAPSHOT applied seq=97 phase=ACTION_MANEUVER
2026.09.26-06.05.23 MODE seq=97 mode=1 combat=0 pending=0
2026.09.26-06.05.23 SNAPSHOT applied seq=97 phase=ACTION_MANEUVER
2026.09.26-06.05.23 MODE seq=97 mode=1 combat=0 pending=0
2026.09.26-06.05.23 SNAPSHOT applied seq=98 phase=TURN_END
2026.09.26-06.05.23 MODE seq=98 mode=2 combat=0 pending=0
2026.09.26-06.05.23 SNAPSHOT applied seq=98 phase=TURN_END
2026.09.26-06.05.23 MODE seq=98 mode=2 combat=0 pending=0
2026.09.26-06.05.24 SNAPSHOT applied seq=99 phase=ACTION_MANEUVER
2026.09.26-06.05.24 MODE seq=99 mode=0 combat=0 pending=1
2026.09.26-06.05.24 SNAPSHOT applied seq=99 phase=ACTION_MANEUVER
2026.09.26-06.05.24 MODE seq=99 mode=0 combat=0 pending=1
2026.09.26-06.05.24 SNAPSHOT applied seq=100 phase=ACTION_MANEUVER
2026.09.26-06.05.24 MODE seq=100 mode=0 combat=0 pending=0
2026.09.26-06.05.24 SNAPSHOT applied seq=101 phase=COMBAT
2026.09.26-06.05.24 MODE seq=101 mode=4 combat=1 pending=0
2026.09.26-06.05.25 SNAPSHOT applied seq=102 phase=COMBAT_RESOLVE
2026.09.26-06.05.25 MODE seq=102 mode=5 combat=1 pending=0
2026.09.26-06.05.25 SNAPSHOT applied seq=102 phase=COMBAT_RESOLVE
2026.09.26-06.05.25 MODE seq=102 mode=5 combat=1 pending=0
2026.09.26-06.05.26 SNAPSHOT applied seq=103 phase=ACTION_MANEUVER
2026.09.26-06.05.26 MODE seq=103 mode=0 combat=0 pending=0
2026.09.26-06.05.26 SNAPSHOT applied seq=103 phase=ACTION_MANEUVER
2026.09.26-06.05.26 MODE seq=103 mode=0 combat=0 pending=0
2026.09.26-06.05.26 SNAPSHOT applied seq=104 phase=COMBAT
2026.09.26-06.05.26 MODE seq=104 mode=4 combat=1 pending=0
2026.09.26-06.05.26 SNAPSHOT applied seq=105 phase=COMBAT_RESOLVE
2026.09.26-06.05.26 MODE seq=105 mode=5 combat=1 pending=0
2026.09.26-06.05.26 SNAPSHOT applied seq=105 phase=COMBAT_RESOLVE
2026.09.26-06.05.26 MODE seq=105 mode=5 combat=1 pending=0
2026.09.26-06.05.26 SNAPSHOT applied seq=106 phase=ACTION_MANEUVER
2026.09.26-06.05.26 MODE seq=106 mode=0 combat=0 pending=0
2026.09.26-06.05.26 SNAPSHOT applied seq=106 phase=ACTION_MANEUVER
2026.09.26-06.05.26 MODE seq=106 mode=0 combat=0 pending=0
2026.09.26-06.05.26 SNAPSHOT applied seq=107 phase=ACTION_MANEUVER
2026.09.26-06.05.26 MODE seq=107 mode=1 combat=0 pending=0
2026.09.26-06.05.26 SNAPSHOT applied seq=107 phase=ACTION_MANEUVER
2026.09.26-06.05.26 MODE seq=107 mode=1 combat=0 pending=0
2026.09.26-06.05.26 SNAPSHOT applied seq=108 phase=ACTION_MANEUVER
2026.09.26-06.05.26 MODE seq=108 mode=0 combat=0 pending=0
2026.09.26-06.05.26 SNAPSHOT applied seq=108 phase=ACTION_MANEUVER
2026.09.26-06.05.26 MODE seq=108 mode=0 combat=0 pending=0
2026.09.26-06.05.27 SNAPSHOT applied seq=109 phase=ACTION_MANEUVER
2026.09.26-06.05.27 MODE seq=109 mode=1 combat=0 pending=0
2026.09.26-06.05.27 SNAPSHOT applied seq=109 phase=ACTION_MANEUVER
2026.09.26-06.05.27 MODE seq=109 mode=1 combat=0 pending=0
2026.09.26-06.05.27 SNAPSHOT applied seq=110 phase=ACTION_MANEUVER
2026.09.26-06.05.27 MODE seq=110 mode=0 combat=0 pending=1
2026.09.26-06.05.27 SNAPSHOT applied seq=110 phase=ACTION_MANEUVER
2026.09.26-06.05.27 MODE seq=110 mode=0 combat=0 pending=1
2026.09.26-06.05.27 SNAPSHOT applied seq=111 phase=ACTION_MANEUVER
2026.09.26-06.05.27 MODE seq=111 mode=0 combat=0 pending=0
2026.09.26-06.05.27 SNAPSHOT applied seq=112 phase=COMBAT
2026.09.26-06.05.27 MODE seq=112 mode=4 combat=1 pending=0
2026.09.26-06.05.28 SNAPSHOT applied seq=113 phase=COMBAT_RESOLVE
2026.09.26-06.05.28 MODE seq=113 mode=5 combat=1 pending=0
2026.09.26-06.05.28 SNAPSHOT applied seq=113 phase=COMBAT_RESOLVE
2026.09.26-06.05.28 MODE seq=113 mode=5 combat=1 pending=0
2026.09.26-06.05.28 SNAPSHOT applied seq=114 phase=ACTION_MANEUVER
2026.09.26-06.05.28 MODE seq=114 mode=0 combat=0 pending=0
2026.09.26-06.05.28 SNAPSHOT applied seq=114 phase=ACTION_MANEUVER
2026.09.26-06.05.28 MODE seq=114 mode=0 combat=0 pending=0
2026.09.26-06.05.28 SNAPSHOT applied seq=115 phase=COMBAT
2026.09.26-06.05.28 MODE seq=115 mode=4 combat=1 pending=0
2026.09.26-06.05.28 SNAPSHOT applied seq=116 phase=COMBAT_RESOLVE
2026.09.26-06.05.28 MODE seq=116 mode=5 combat=1 pending=0
2026.09.26-06.05.28 SNAPSHOT applied seq=116 phase=COMBAT_RESOLVE
2026.09.26-06.05.29 MODE seq=116 mode=5 combat=1 pending=0
2026.09.26-06.05.29 SNAPSHOT applied seq=117 phase=ACTION_MANEUVER
2026.09.26-06.05.29 MODE seq=117 mode=0 combat=0 pending=0
2026.09.26-06.05.29 SNAPSHOT applied seq=117 phase=ACTION_MANEUVER
2026.09.26-06.05.29 MODE seq=117 mode=0 combat=0 pending=0
2026.09.26-06.05.29 SNAPSHOT applied seq=118 phase=ACTION_MANEUVER
2026.09.26-06.05.29 MODE seq=118 mode=1 combat=0 pending=0
2026.09.26-06.05.29 SNAPSHOT applied seq=118 phase=ACTION_MANEUVER
2026.09.26-06.05.29 MODE seq=118 mode=1 combat=0 pending=0
2026.09.26-06.05.29 SNAPSHOT applied seq=119 phase=ACTION_MANEUVER
2026.09.26-06.05.29 MODE seq=119 mode=0 combat=0 pending=0
2026.09.26-06.05.29 SNAPSHOT applied seq=119 phase=ACTION_MANEUVER
2026.09.26-06.05.29 MODE seq=119 mode=0 combat=0 pending=0
2026.09.26-06.05.30 SNAPSHOT applied seq=120 phase=ACTION_MANEUVER
2026.09.26-06.05.30 MODE seq=120 mode=1 combat=0 pending=0
2026.09.26-06.05.30 SNAPSHOT applied seq=120 phase=ACTION_MANEUVER
2026.09.26-06.05.30 MODE seq=120 mode=1 combat=0 pending=0
2026.09.26-06.05.30 SNAPSHOT applied seq=121 phase=ACTION_MANEUVER
2026.09.26-06.05.30 MODE seq=121 mode=0 combat=0 pending=1
2026.09.26-06.05.30 SNAPSHOT applied seq=121 phase=ACTION_MANEUVER
2026.09.26-06.05.30 MODE seq=121 mode=0 combat=0 pending=1
2026.09.26-06.05.30 SNAPSHOT applied seq=122 phase=ACTION_MANEUVER
2026.09.26-06.05.30 MODE seq=122 mode=0 combat=0 pending=0
2026.09.26-06.05.30 SNAPSHOT applied seq=123 phase=ACTION_MANEUVER
2026.09.26-06.05.30 MODE seq=123 mode=0 combat=0 pending=0
2026.09.26-06.05.30 SNAPSHOT applied seq=124 phase=ACTION_MANEUVER
2026.09.26-06.05.30 MODE seq=124 mode=0 combat=0 pending=0
2026.09.26-06.05.31 SNAPSHOT applied seq=125 phase=ACTION_MANEUVER
2026.09.26-06.05.31 MODE seq=125 mode=0 combat=0 pending=0
2026.09.26-06.05.31 SNAPSHOT applied seq=126 phase=ACTION_MANEUVER
2026.09.26-06.05.31 MODE seq=126 mode=0 combat=0 pending=0
2026.09.26-06.05.31 SNAPSHOT applied seq=127 phase=ACTION_MANEUVER
2026.09.26-06.05.31 MODE seq=127 mode=6 combat=0 pending=1
2026.09.26-06.05.31 SNAPSHOT applied seq=127 phase=ACTION_MANEUVER
2026.09.26-06.05.31 MODE seq=127 mode=6 combat=0 pending=1
2026.09.26-06.05.33 S09AUTO pending-open shot (type=MOVE stage=0 mode=)
2026.09.26-06.05.33 S09AUTO pending picked (type=MOVE stage=0)
2026.09.26-06.05.33 SNAPSHOT applied seq=128 phase=ACTION_MANEUVER
2026.09.26-06.05.33 MODE seq=128 mode=6 combat=0 pending=1
2026.09.26-06.05.33 SNAPSHOT applied seq=128 phase=ACTION_MANEUVER
2026.09.26-06.05.33 MODE seq=128 mode=6 combat=0 pending=1
2026.09.26-06.05.33 PEND resolve done seq=128 (merge) phase=ACTION_MANEUVER
2026.09.26-06.05.33 S09AUTO pending picked (type=MOVE stage=0)
2026.09.26-06.05.33 SNAPSHOT applied seq=129 phase=ACTION_MANEUVER
2026.09.26-06.05.33 MODE seq=129 mode=6 combat=0 pending=1
2026.09.26-06.05.33 SNAPSHOT applied seq=129 phase=ACTION_MANEUVER
2026.09.26-06.05.33 MODE seq=129 mode=6 combat=0 pending=1
2026.09.26-06.05.33 PEND resolve done seq=129 (merge) phase=ACTION_MANEUVER
2026.09.26-06.05.33 S09AUTO pending picked (type=MOVE stage=0)
2026.09.26-06.05.33 SNAPSHOT applied seq=130 phase=ACTION_MANEUVER
2026.09.26-06.05.33 MODE seq=130 mode=6 combat=0 pending=1
2026.09.26-06.05.33 SNAPSHOT applied seq=130 phase=ACTION_MANEUVER
2026.09.26-06.05.33 MODE seq=130 mode=6 combat=0 pending=1
2026.09.26-06.05.33 PEND resolve done seq=130 (merge) phase=ACTION_MANEUVER
2026.09.26-06.05.33 S09AUTO pending picked (type=MOVE stage=0)
2026.09.26-06.05.33 SNAPSHOT applied seq=131 phase=ACTION_MANEUVER
2026.09.26-06.05.33 MODE seq=131 mode=6 combat=0 pending=1
2026.09.26-06.05.33 SNAPSHOT applied seq=131 phase=ACTION_MANEUVER
2026.09.26-06.05.33 MODE seq=131 mode=6 combat=0 pending=1
2026.09.26-06.05.33 PEND resolve done seq=131 (merge) phase=ACTION_MANEUVER
2026.09.26-06.05.33 S09AUTO pending picked (type=MOVE stage=0)
2026.09.26-06.05.33 SNAPSHOT applied seq=132 phase=ACTION_MANEUVER
2026.09.26-06.05.33 MODE seq=132 mode=6 combat=0 pending=1
2026.09.26-06.05.33 SNAPSHOT applied seq=132 phase=ACTION_MANEUVER
2026.09.26-06.05.33 MODE seq=132 mode=6 combat=0 pending=1
2026.09.26-06.05.33 PEND resolve done seq=132 (merge) phase=ACTION_MANEUVER
2026.09.26-06.05.33 S09AUTO pending picked (type=MOVE stage=0)
2026.09.26-06.05.33 SNAPSHOT applied seq=133 phase=ACTION_MANEUVER
2026.09.26-06.05.33 MODE seq=133 mode=0 combat=0 pending=0
2026.09.26-06.05.33 SNAPSHOT applied seq=133 phase=ACTION_MANEUVER
2026.09.26-06.05.33 MODE seq=133 mode=0 combat=0 pending=0
2026.09.26-06.05.33 PEND resolve done seq=133 (merge) phase=ACTION_MANEUVER
2026.09.26-06.05.33 SNAPSHOT applied seq=134 phase=ACTION_MANEUVER
2026.09.26-06.05.33 MODE seq=134 mode=1 combat=0 pending=0
2026.09.26-06.05.33 SNAPSHOT applied seq=134 phase=ACTION_MANEUVER
2026.09.26-06.05.33 MODE seq=134 mode=1 combat=0 pending=0
2026.09.26-06.05.33 SNAPSHOT applied seq=135 phase=ACTION_MANEUVER
2026.09.26-06.05.33 MODE seq=135 mode=0 combat=0 pending=1
2026.09.26-06.05.33 SNAPSHOT applied seq=135 phase=ACTION_MANEUVER
2026.09.26-06.05.33 MODE seq=135 mode=0 combat=0 pending=1
2026.09.26-06.05.33 SNAPSHOT applied seq=136 phase=ACTION_MANEUVER
2026.09.26-06.05.33 MODE seq=136 mode=0 combat=0 pending=0
2026.09.26-06.05.33 SNAPSHOT applied seq=137 phase=COMBAT
2026.09.26-06.05.33 MODE seq=137 mode=4 combat=1 pending=0
2026.09.26-06.05.34 SNAPSHOT applied seq=138 phase=COMBAT_RESOLVE
2026.09.26-06.05.34 MODE seq=138 mode=5 combat=1 pending=0
2026.09.26-06.05.34 SNAPSHOT applied seq=138 phase=COMBAT_RESOLVE
2026.09.26-06.05.34 MODE seq=138 mode=5 combat=1 pending=0
2026.09.26-06.05.34 SNAPSHOT applied seq=139 phase=ACTION_MANEUVER
2026.09.26-06.05.34 MODE seq=139 mode=0 combat=0 pending=0
2026.09.26-06.05.34 SNAPSHOT applied seq=139 phase=ACTION_MANEUVER
2026.09.26-06.05.34 MODE seq=139 mode=0 combat=0 pending=0
2026.09.26-06.05.34 SNAPSHOT applied seq=140 phase=ACTION_MANEUVER
2026.09.26-06.05.34 MODE seq=140 mode=0 combat=0 pending=0
2026.09.26-06.05.35 SNAPSHOT applied seq=141 phase=ACTION_MANEUVER
2026.09.26-06.05.35 MODE seq=141 mode=0 combat=0 pending=0
2026.09.26-06.05.35 SNAPSHOT applied seq=142 phase=ACTION_MANEUVER
2026.09.26-06.05.35 MODE seq=142 mode=1 combat=0 pending=0
2026.09.26-06.05.35 SNAPSHOT applied seq=142 phase=ACTION_MANEUVER
2026.09.26-06.05.35 MODE seq=142 mode=1 combat=0 pending=0
2026.09.26-06.05.35 SNAPSHOT applied seq=143 phase=ACTION_MANEUVER
2026.09.26-06.05.35 MODE seq=143 mode=0 combat=0 pending=0
2026.09.26-06.05.35 SNAPSHOT applied seq=143 phase=ACTION_MANEUVER
2026.09.26-06.05.35 MODE seq=143 mode=0 combat=0 pending=0
2026.09.26-06.05.36 SNAPSHOT applied seq=144 phase=ACTION_MANEUVER
2026.09.26-06.05.36 MODE seq=144 mode=6 combat=0 pending=1
2026.09.26-06.05.36 SNAPSHOT applied seq=144 phase=ACTION_MANEUVER
2026.09.26-06.05.36 MODE seq=144 mode=6 combat=0 pending=1
2026.09.26-06.05.37 S09AUTO pending picked (type=MOVE stage=0)
2026.09.26-06.05.37 SNAPSHOT applied seq=145 phase=ACTION_MANEUVER
2026.09.26-06.05.37 MODE seq=145 mode=6 combat=0 pending=1
2026.09.26-06.05.37 SNAPSHOT applied seq=145 phase=ACTION_MANEUVER
2026.09.26-06.05.37 MODE seq=145 mode=6 combat=0 pending=1
2026.09.26-06.05.37 PEND resolve done seq=145 (merge) phase=ACTION_MANEUVER
2026.09.26-06.05.37 S09AUTO pending picked (type=MOVE stage=0)
2026.09.26-06.05.37 SNAPSHOT applied seq=146 phase=ACTION_MANEUVER
2026.09.26-06.05.37 MODE seq=146 mode=6 combat=0 pending=1
2026.09.26-06.05.37 SNAPSHOT applied seq=146 phase=ACTION_MANEUVER
2026.09.26-06.05.37 MODE seq=146 mode=6 combat=0 pending=1
2026.09.26-06.05.37 PEND resolve done seq=146 (merge) phase=ACTION_MANEUVER
2026.09.26-06.05.37 S09AUTO pending picked (type=MOVE stage=0)
2026.09.26-06.05.37 SNAPSHOT applied seq=147 phase=ACTION_MANEUVER
2026.09.26-06.05.37 MODE seq=147 mode=6 combat=0 pending=1
2026.09.26-06.05.37 SNAPSHOT applied seq=147 phase=ACTION_MANEUVER
2026.09.26-06.05.37 MODE seq=147 mode=6 combat=0 pending=1
2026.09.26-06.05.37 PEND resolve done seq=147 (merge) phase=ACTION_MANEUVER
2026.09.26-06.05.37 S09AUTO pending picked (type=MOVE stage=0)
2026.09.26-06.05.37 SNAPSHOT applied seq=148 phase=ACTION_MANEUVER
2026.09.26-06.05.37 MODE seq=148 mode=6 combat=0 pending=1
2026.09.26-06.05.37 SNAPSHOT applied seq=148 phase=ACTION_MANEUVER
2026.09.26-06.05.37 MODE seq=148 mode=6 combat=0 pending=1
2026.09.26-06.05.37 PEND resolve done seq=148 (merge) phase=ACTION_MANEUVER
2026.09.26-06.05.37 S09AUTO pending picked (type=MOVE stage=0)
2026.09.26-06.05.37 SNAPSHOT applied seq=149 phase=ACTION_MANEUVER
2026.09.26-06.05.37 MODE seq=149 mode=6 combat=0 pending=1
2026.09.26-06.05.37 SNAPSHOT applied seq=149 phase=ACTION_MANEUVER
2026.09.26-06.05.37 MODE seq=149 mode=6 combat=0 pending=1
2026.09.26-06.05.37 PEND resolve done seq=149 (merge) phase=ACTION_MANEUVER
2026.09.26-06.05.38 S09AUTO pending picked (type=MOVE stage=0)
2026.09.26-06.05.38 SNAPSHOT applied seq=150 phase=ACTION_MANEUVER
2026.09.26-06.05.38 MODE seq=150 mode=0 combat=0 pending=1
2026.09.26-06.05.38 SNAPSHOT applied seq=150 phase=ACTION_MANEUVER
2026.09.26-06.05.38 MODE seq=150 mode=0 combat=0 pending=1
2026.09.26-06.05.38 PEND resolve done seq=150 (merge) phase=ACTION_MANEUVER
2026.09.26-06.05.38 SNAPSHOT applied seq=151 phase=ACTION_MANEUVER
2026.09.26-06.05.38 MODE seq=151 mode=0 combat=0 pending=0
2026.09.26-06.05.38 SNAPSHOT applied seq=152 phase=ACTION_MANEUVER
2026.09.26-06.05.38 MODE seq=152 mode=0 combat=0 pending=0
2026.09.26-06.05.38 SNAPSHOT applied seq=153 phase=ACTION_MANEUVER
2026.09.26-06.05.38 MODE seq=153 mode=0 combat=0 pending=0
2026.09.26-06.05.39 SNAPSHOT applied seq=154 phase=COMBAT
2026.09.26-06.05.39 MODE seq=154 mode=4 combat=1 pending=0
2026.09.26-06.05.39 SNAPSHOT applied seq=155 phase=ACTION_MANEUVER
2026.09.26-06.05.39 MODE seq=155 mode=0 combat=0 pending=0
2026.09.26-06.05.39 SNAPSHOT applied seq=155 phase=ACTION_MANEUVER
2026.09.26-06.05.39 MODE seq=155 mode=0 combat=0 pending=0
2026.09.26-06.05.39 SNAPSHOT applied seq=156 phase=ACTION_MANEUVER
2026.09.26-06.05.39 MODE seq=156 mode=1 combat=0 pending=0
2026.09.26-06.05.39 SNAPSHOT applied seq=156 phase=ACTION_MANEUVER
2026.09.26-06.05.39 MODE seq=156 mode=1 combat=0 pending=0
2026.09.26-06.05.39 SNAPSHOT applied seq=157 phase=ACTION_MANEUVER
2026.09.26-06.05.39 MODE seq=157 mode=0 combat=0 pending=0
2026.09.26-06.05.39 SNAPSHOT applied seq=157 phase=ACTION_MANEUVER
2026.09.26-06.05.39 MODE seq=157 mode=0 combat=0 pending=0
2026.09.26-06.05.40 SNAPSHOT applied seq=158 phase=ACTION_MANEUVER
2026.09.26-06.05.40 MODE seq=158 mode=1 combat=0 pending=0
2026.09.26-06.05.40 SNAPSHOT applied seq=158 phase=ACTION_MANEUVER
2026.09.26-06.05.40 MODE seq=158 mode=1 combat=0 pending=0
2026.09.26-06.05.40 SNAPSHOT applied seq=159 phase=TURN_END
2026.09.26-06.05.40 MODE seq=159 mode=2 combat=0 pending=0
2026.09.26-06.05.40 SNAPSHOT applied seq=159 phase=TURN_END
2026.09.26-06.05.40 MODE seq=159 mode=2 combat=0 pending=0
2026.09.26-06.05.42 SNAPSHOT applied seq=160 phase=ACTION_MANEUVER
2026.09.26-06.05.42 MODE seq=160 mode=0 combat=0 pending=1
2026.09.26-06.05.42 SNAPSHOT applied seq=160 phase=ACTION_MANEUVER
2026.09.26-06.05.42 MODE seq=160 mode=0 combat=0 pending=1
2026.09.26-06.05.42 SNAPSHOT applied seq=161 phase=GAME_OVER
2026.09.26-06.05.42 MODE seq=161 mode=0 combat=0 pending=0
