2026.10.01-08.42.24 --- S08 trace open 2026.10.01-08.42.24 ---
2026.10.01-08.42.24 HUD team chips ready=1 mode=absolute tagNames=rule
2026.10.01-08.42.24 HUD icon texture size=32 ready=1 path=/Game/ArtTests/ARTMarkers/Textures/T_UI_Action_AttackToken_32 texture=32x32 probe=0 plate=1
2026.10.01-08.42.24 HUD art widget tag impl=umg source=/Game/S08/UI/ArtHud/WBP_S08ArtTag class=/Game/S08/UI/ArtHud/WBP_S08ArtTag.WBP_S08ArtTag_C count=8 missing=- codeDefaultTree=0
2026.10.01-08.42.24 HUD art widget plate impl=umg source=/Game/S08/UI/ArtHud/WBP_S08ArtPlate class=/Game/S08/UI/ArtHud/WBP_S08ArtPlate.WBP_S08ArtPlate_C parts=1 missing=- codeDefaultTree=0
2026.10.01-08.42.24 HUD art widget icon impl=umg source=/Game/S08/UI/ArtHud/WBP_S08ArtIcon class=/Game/S08/UI/ArtHud/WBP_S08ArtIcon.WBP_S08ArtIcon_C parts=1 missing=- codeDefaultTree=0
2026.10.01-08.42.24 HUD art widget damage impl=umg source=/Game/S08/UI/ArtHud/WBP_S08ArtDamage class=/Game/S08/UI/ArtHud/WBP_S08ArtDamage.WBP_S08ArtDamage_C parts=1 missing=- codeDefaultTree=0
2026.10.01-08.42.24 RENDER preset applied=High flag=S08RenderPreset
2026.10.01-08.42.24 BENCH start (W4-A backend-less render bench)
2026.10.01-08.42.25 ARTPREVIEW diorama requested mesh=/Game/PipelineCandidates/TableBase/20260928-table-base-tripo-h31/Meshes/SM_TableBase.SM_TableBase mi=MI_TableBase_Candidate
2026.10.01-08.42.25 ARTPREVIEW envlayout enabled dir=Config/ArtBoards/EnvLayouts source=pak files=2 names=marmoreal.layout.json+sarpedon.layout.json
2026.10.01-08.42.25 ARTPREVIEW board profiles loaded=1 revision=13 boards=5 zoneStyles=11 lightProfiles=5 errors=0 path=Config/ArtBoards/S08ArtBoardProfiles.json
2026.10.01-08.42.25 ARTPREVIEW board profiles source=pak sha256=cc4f50f9078ac1157207e70661de189aafc515e9ba5401e198aa37f4b2d2cc31
2026.10.01-08.42.25 ARTPREVIEW zone content instances=12/12 glyphMeshes=11/11
2026.10.01-08.42.25 ARTPREVIEW zone keyline content mi=MI_ART005_Zone_Keyline glyphKeyMeshes=11/11 color=#111317
2026.10.01-08.42.25 ARTPREVIEW game layer material=M_S08_GameLayerUnlit unlitEyeAdaptInv=1 legacyRender=0
2026.10.01-08.42.25 ARTPREVIEW Cobble assets ready
2026.10.01-08.42.25 ARTPREVIEW board assets ready cobbleMesh=1 tiles=1 zoneMaterials=2
2026.10.01-08.42.25 ARTPREVIEW medusa candidate variant=face-neck-v2 mesh=SK_Medusa_FaceNeck_v2Candidate requested=(default)
2026.10.01-08.42.25 ARTPREVIEW map-image assets map=Marmoreal mi=MI_Marmoreal_MapBoard material=M_MapBoard bc=T_Marmoreal_Map_BC_4K mask=T_Marmoreal_Map_GameMask_4K boundBc=1 boundMask=1 sdf=1 id=1
2026.10.01-08.42.25 ARTPREVIEW board profile=marmoreal-original match=boardId board=7x6 boardId=c121b47f8d6eb28daccb76d05 surface=map-image light=marmoreal-night artFixture=0 map=Marmoreal
2026.10.01-08.42.25 ARTPREVIEW light profile=marmoreal-night name=key role=key kind=directional at=(-350,-150,600) intensity=3.5 units=lux radius=0 color=(0.62,0.72,0.95) shadow=1
2026.10.01-08.42.25 ARTPREVIEW light profile=marmoreal-night name=moon-pool role=cool kind=point at=(0,0,750) intensity=260 units=candelas radius=1250 color=(0.82,0.88,1.00) shadow=0
2026.10.01-08.42.25 ARTPREVIEW sky profile=marmoreal-night cubemap=/Game/S08/Render/TC_S08_AmbientDome loaded=1 spawned=1 intensity=3 color=(0.60,0.70,1.00) lowerBlack=0
2026.10.01-08.42.25 ARTPREVIEW fog profile=marmoreal-night spawned=1 color=(0.2000,0.2550,0.4600) density=0.32 falloff=0.2 heightZ=-400 start=2900 end=6000 maxOpacity=1.00 volumetric=0
2026.10.01-08.42.25 ARTPREVIEW exposure profile=marmoreal-night method=histogram-fixed min=4.14106 max=4.14106 bias=0.000 ev100=2.05 volume=1
2026.10.01-08.42.25 ARTPREVIEW lights applied profile=marmoreal-night directional=1 shadow=1 points=1 pointShadows=0 budgetOk=1
2026.10.01-08.42.25 ARTPREVIEW render profile=marmoreal-night units=candelas sky=1 exposure=1 keyShadow=csm-3600uu-2c-contact0.000 shadowCasters=1 legacyRender=0
2026.10.01-08.42.25 ARTPREVIEW map grade profile=marmoreal-night source=profile nightEV=-0.35 nightSaturation=0.75 lift=1.75 nightTint=(0.9700,1.0000,1.0500) maskSaturation=1.40 liftSaturation=1.30 maskInverseTint=(0.9830,1.0100,0.9470) graph=v2 maskTerms=1
2026.10.01-08.42.25 ARTPREVIEW map frame wood=frame-wood material=M_MapFrameWood valueScaleSrgb=0.70 valueScaleLinear=0.4563 saturation=0.75
2026.10.01-08.42.25 ARTPREVIEW map frame kit=frame-002 parts=20 corner=4 a=4 b=8 mid=4 segments=5x3 stretch=1.000000x1.000000 exactFit=1 woodSlots=20/20 ironSlots=8 wood=MID_M_MapFrameWood_0 iron=MI_MapFrame002_Iron ironProudUU=2.0 replaces=bars+corners
2026.10.01-08.42.25 ARTPREVIEW board active profile=marmoreal-original 7x6 surface=map-image map=Marmoreal spaces=31 links=42 starts=4 zoneKeys=8 multizone=21 triple=7 obstacles=11 size=891.3x577.3 src=1337x866 uuPerPx=0.6666667 frameUU=24 surfaceParts=0 corners=0 zoneMarks=0 lattice=0 pick=445.7x288.7 mi=MI_Marmoreal_MapBoard wood=1 expectOk=1
2026.10.01-08.42.25 ARTPREVIEW board map zone key=blue spaces=14 (painted, no zone marks)
2026.10.01-08.42.25 ARTPREVIEW board map zone key=brown spaces=7 (painted, no zone marks)
2026.10.01-08.42.25 ARTPREVIEW board map zone key=gray spaces=6 (painted, no zone marks)
2026.10.01-08.42.25 ARTPREVIEW board map zone key=green spaces=14 (painted, no zone marks)
2026.10.01-08.42.25 ARTPREVIEW board map zone key=purple spaces=5 (painted, no zone marks)
2026.10.01-08.42.25 ARTPREVIEW board map zone key=red spaces=4 (painted, no zone marks)
2026.10.01-08.42.25 ARTPREVIEW board map zone key=violet spaces=4 (painted, no zone marks)
2026.10.01-08.42.25 ARTPREVIEW board map zone key=yellow spaces=5 (painted, no zone marks)
2026.10.01-08.42.25 ARTPREVIEW envlayout prop id=portal mesh=SM_Env_Portal loc=(0.0,-420.0,-3.0) yaw=90.0 scale=1.450 shadow=1 size=186.0x71.9x217.5 bounds=(-93.0,-456.0,-3.0)..(93.0,-384.0,214.5) overMap=0 onTray=1
2026.10.01-08.42.25 ARTPREVIEW envlayout prop id=arcade-w1 mesh=SM_Env_ArcadeBay loc=(-169.2,-425.0,-3.0) yaw=90.0 scale=1.450 shadow=1 size=152.3x44.6x188.5 bounds=(-245.4,-447.3,-3.0)..(-93.0,-402.7,185.5) overMap=0 onTray=1
2026.10.01-08.42.25 ARTPREVIEW envlayout prop id=arcade-w2 mesh=SM_Env_ArcadeBay loc=(-321.5,-425.0,-3.0) yaw=90.0 scale=1.450 shadow=1 size=152.3x44.6x188.5 bounds=(-397.7,-447.3,-3.0)..(-245.3,-402.7,185.5) overMap=0 onTray=1
2026.10.01-08.42.25 ARTPREVIEW envlayout prop id=arcade-e1 mesh=SM_Env_ArcadeBay loc=(169.2,-425.0,-3.0) yaw=90.0 scale=1.450 shadow=1 size=152.3x44.6x188.5 bounds=(93.0,-447.3,-3.0)..(245.4,-402.7,185.5) overMap=0 onTray=1
2026.10.01-08.42.25 ARTPREVIEW envlayout prop id=arcade-e2 mesh=SM_Env_ArcadeBay loc=(321.5,-425.0,-3.0) yaw=90.0 scale=1.450 shadow=1 size=152.3x44.6x188.5 bounds=(245.3,-447.3,-3.0)..(397.7,-402.7,185.5) overMap=0 onTray=1
2026.10.01-08.42.25 ARTPREVIEW envlayout prop id=urn-w mesh=SM_Env_Urn loc=(-118.0,-372.0,-3.0) yaw=90.0 scale=1.000 shadow=1 size=34.3x23.6x35.0 bounds=(-135.2,-383.8,-3.0)..(-100.8,-360.2,32.0) overMap=0 onTray=1
2026.10.01-08.42.25 ARTPREVIEW envlayout prop id=cypress-nw mesh=SM_Env_Cypress loc=(-427.7,-440.0,-3.0) yaw=90.0 scale=1.300 shadow=1 size=45.6x41.1x143.0 bounds=(-450.5,-460.6,-3.0)..(-404.9,-419.4,140.0) overMap=0 onTray=1
2026.10.01-08.42.25 ARTPREVIEW envlayout prop id=lamp-nw mesh=SM_Env_LanternPlinth loc=(-520.0,-365.0,-3.0) yaw=90.0 scale=1.200 shadow=1 size=30.1x30.1x84.0 bounds=(-535.0,-380.0,-3.0)..(-505.0,-350.0,81.0) overMap=0 onTray=1
2026.10.01-08.42.25 ARTPREVIEW envlayout prop id=plinth-nw mesh=SM_Env_PlinthBall loc=(-745.0,-480.0,-3.0) yaw=90.0 scale=1.000 shadow=1 size=25.7x25.7x60.0 bounds=(-757.9,-492.9,-3.0)..(-732.1,-467.1,57.0) overMap=0 onTray=1
2026.10.01-08.42.25 ARTPREVIEW envlayout prop id=cherry-nw mesh=SM_Env_Cherry loc=(-660.0,-395.0,-3.0) yaw=235.0 scale=0.900 shadow=1 size=208.6x199.4x162.0 bounds=(-764.3,-494.7,-3.0)..(-555.7,-295.3,159.0) overMap=0 onTray=1
2026.10.01-08.42.25 ARTPREVIEW envlayout prop id=cherry-w mesh=SM_Env_Cherry loc=(-660.0,-170.0,-3.0) yaw=0.0 scale=1.400 shadow=1 size=198.7x257.0x252.0 bounds=(-759.3,-298.5,-3.0)..(-560.7,-41.5,249.0) overMap=0 onTray=1
2026.10.01-08.42.25 ARTPREVIEW envlayout prop id=lamp-w mesh=SM_Env_LanternPlinth loc=(-520.0,130.0,-3.0) yaw=90.0 scale=1.200 shadow=1 size=30.1x30.1x84.0 bounds=(-535.0,115.0,-3.0)..(-505.0,145.0,81.0) overMap=0 onTray=1
2026.10.01-08.42.25 ARTPREVIEW envlayout prop id=plinth-sw mesh=SM_Env_PlinthBall loc=(-525.0,368.0,-3.0) yaw=90.0 scale=1.000 shadow=1 size=25.7x25.7x60.0 bounds=(-537.9,355.1,-3.0)..(-512.1,380.9,57.0) overMap=0 onTray=1
2026.10.01-08.42.25 ARTPREVIEW envlayout prop id=urn-e mesh=SM_Env_Urn loc=(118.0,-372.0,-3.0) yaw=90.0 scale=1.000 shadow=1 size=34.3x23.6x35.0 bounds=(100.8,-383.8,-3.0)..(135.2,-360.2,32.0) overMap=0 onTray=1
2026.10.01-08.42.25 ARTPREVIEW envlayout prop id=cypress-ne mesh=SM_Env_Cypress loc=(427.7,-440.0,-3.0) yaw=90.0 scale=1.300 shadow=1 size=45.6x41.1x143.0 bounds=(404.9,-460.6,-3.0)..(450.5,-419.4,140.0) overMap=0 onTray=1
2026.10.01-08.42.25 ARTPREVIEW envlayout prop id=lamp-ne mesh=SM_Env_LanternPlinth loc=(520.0,-365.0,-3.0) yaw=90.0 scale=1.200 shadow=1 size=30.1x30.1x84.0 bounds=(505.0,-380.0,-3.0)..(535.0,-350.0,81.0) overMap=0 onTray=1
2026.10.01-08.42.25 ARTPREVIEW envlayout prop id=plinth-ne mesh=SM_Env_PlinthBall loc=(745.0,-480.0,-3.0) yaw=90.0 scale=1.000 shadow=1 size=25.7x25.7x60.0 bounds=(732.1,-492.9,-3.0)..(757.9,-467.1,57.0) overMap=0 onTray=1
2026.10.01-08.42.25 ARTPREVIEW envlayout prop id=cherry-e mesh=SM_Env_Cherry loc=(660.0,-170.0,-3.0) yaw=180.0 scale=1.400 shadow=1 size=198.7x257.0x252.0 bounds=(560.7,-298.5,-3.0)..(759.3,-41.5,249.0) overMap=0 onTray=1
2026.10.01-08.42.25 ARTPREVIEW envlayout prop id=lamp-e mesh=SM_Env_LanternPlinth loc=(520.0,130.0,-3.0) yaw=90.0 scale=1.200 shadow=1 size=30.1x30.1x84.0 bounds=(505.0,115.0,-3.0)..(535.0,145.0,81.0) overMap=0 onTray=1
2026.10.01-08.42.25 ARTPREVIEW envlayout prop id=plinth-se mesh=SM_Env_PlinthBall loc=(525.0,368.0,-3.0) yaw=90.0 scale=1.000 shadow=1 size=25.7x25.7x60.0 bounds=(512.1,355.1,-3.0)..(537.9,380.9,57.0) overMap=0 onTray=1
2026.10.01-08.42.25 ARTPREVIEW envlayout prop id=cherry-se mesh=SM_Env_Cherry loc=(615.0,255.0,-3.0) yaw=40.0 scale=0.620 shadow=1 size=140.6x143.8x111.6 bounds=(544.7,183.1,-3.0)..(685.3,326.9,108.6) overMap=0 onTray=1
2026.10.01-08.42.25 ARTPREVIEW envlayout prop id=backwall-w2 mesh=SM_Env_BackWall_BayDoor loc=(-321.5,-465.9,-3.0) yaw=90.0 scale=1.000 shadow=1 size=152.3x30.8x235.0 bounds=(-397.7,-481.9,-3.0)..(-245.3,-451.1,232.0) overMap=0 onTray=1
2026.10.01-08.42.25 ARTPREVIEW envlayout prop id=backwall-w1 mesh=SM_Env_BackWall_BayWindows loc=(-169.2,-465.9,-3.0) yaw=90.0 scale=1.000 shadow=1 size=152.3x30.8x235.0 bounds=(-245.4,-481.9,-3.0)..(-93.0,-451.1,232.0) overMap=0 onTray=1
2026.10.01-08.42.25 ARTPREVIEW envlayout prop id=backwall-c mesh=SM_Env_BackWall_Centre loc=(0.0,-465.9,-3.0) yaw=90.0 scale=1.000 shadow=1 size=186.0x25.3x255.0 bounds=(-93.0,-481.9,-3.0)..(93.0,-456.5,252.0) overMap=0 onTray=1
2026.10.01-08.42.25 ARTPREVIEW envlayout prop id=backwall-e1 mesh=SM_Env_BackWall_BayWindows loc=(169.2,-465.9,-3.0) yaw=90.0 scale=1.000 shadow=1 size=152.3x30.8x235.0 bounds=(93.0,-481.9,-3.0)..(245.4,-451.1,232.0) overMap=0 onTray=1
2026.10.01-08.42.25 ARTPREVIEW envlayout prop id=backwall-e2 mesh=SM_Env_BackWall_BayDoor loc=(321.5,-465.9,-3.0) yaw=90.0 scale=1.000 shadow=1 size=152.3x30.8x235.0 bounds=(245.3,-481.9,-3.0)..(397.7,-451.1,232.0) overMap=0 onTray=1
2026.10.01-08.42.25 ARTPREVIEW envlayout prop id=balustrade-w1 mesh=SM_Env_Balustrade loc=(-752.0,329.0,-3.0) yaw=0.0 scale=1.000 shadow=1 size=14.4x150.0x46.1 bounds=(-759.2,254.0,-3.0)..(-744.8,404.0,43.1) overMap=0 onTray=1
2026.10.01-08.42.25 ARTPREVIEW envlayout prop id=balustrade-e1 mesh=SM_Env_Balustrade loc=(752.0,329.0,-3.0) yaw=180.0 scale=1.000 shadow=1 size=14.4x150.0x46.1 bounds=(744.8,254.0,-3.0)..(759.2,404.0,43.1) overMap=0 onTray=1
2026.10.01-08.42.25 ARTPREVIEW envlayout prop id=balustrade-w2 mesh=SM_Env_Balustrade loc=(-752.0,179.0,-3.0) yaw=0.0 scale=1.000 shadow=1 size=14.4x150.0x46.1 bounds=(-759.2,104.0,-3.0)..(-744.8,254.0,43.1) overMap=0 onTray=1
2026.10.01-08.42.25 ARTPREVIEW envlayout prop id=balustrade-e2 mesh=SM_Env_Balustrade loc=(752.0,179.0,-3.0) yaw=180.0 scale=1.000 shadow=1 size=14.4x150.0x46.1 bounds=(744.8,104.0,-3.0)..(759.2,254.0,43.1) overMap=0 onTray=1
2026.10.01-08.42.25 ARTPREVIEW envlayout prop id=balustrade-w3 mesh=SM_Env_Balustrade loc=(-752.0,29.0,-3.0) yaw=0.0 scale=1.000 shadow=1 size=14.4x150.0x46.1 bounds=(-759.2,-46.0,-3.0)..(-744.8,104.0,43.1) overMap=0 onTray=1
2026.10.01-08.42.25 ARTPREVIEW envlayout prop id=balustrade-e3 mesh=SM_Env_Balustrade loc=(752.0,29.0,-3.0) yaw=180.0 scale=1.000 shadow=1 size=14.4x150.0x46.1 bounds=(744.8,-46.0,-3.0)..(759.2,104.0,43.1) overMap=0 onTray=1
2026.10.01-08.42.25 ARTPREVIEW envlayout prop id=balustrade-w4 mesh=SM_Env_Balustrade loc=(-752.0,-121.0,-3.0) yaw=0.0 scale=1.000 shadow=1 size=14.4x150.0x46.1 bounds=(-759.2,-196.0,-3.0)..(-744.8,-46.0,43.1) overMap=0 onTray=1
2026.10.01-08.42.25 ARTPREVIEW envlayout prop id=balustrade-e4 mesh=SM_Env_Balustrade loc=(752.0,-121.0,-3.0) yaw=180.0 scale=1.000 shadow=1 size=14.4x150.0x46.1 bounds=(744.8,-196.0,-3.0)..(759.2,-46.0,43.1) overMap=0 onTray=1
2026.10.01-08.42.25 ARTPREVIEW envlayout prop id=balustrade-w5 mesh=SM_Env_Balustrade loc=(-752.0,-271.0,-3.0) yaw=0.0 scale=1.000 shadow=1 size=14.4x150.0x46.1 bounds=(-759.2,-346.0,-3.0)..(-744.8,-196.0,43.1) overMap=0 onTray=1
2026.10.01-08.42.25 ARTPREVIEW envlayout prop id=balustrade-e5 mesh=SM_Env_Balustrade loc=(752.0,-271.0,-3.0) yaw=180.0 scale=1.000 shadow=1 size=14.4x150.0x46.1 bounds=(744.8,-346.0,-3.0)..(759.2,-196.0,43.1) overMap=0 onTray=1
2026.10.01-08.42.25 ARTPREVIEW envlayout prop id=balustrade-sw mesh=SM_Env_Balustrade loc=(-670.0,397.0,-3.0) yaw=90.0 scale=1.000 shadow=1 size=150.0x14.4x46.1 bounds=(-745.0,389.8,-3.0)..(-595.0,404.2,43.1) overMap=0 onTray=1
2026.10.01-08.42.25 ARTPREVIEW envlayout prop id=balustrade-se mesh=SM_Env_Balustrade loc=(670.0,397.0,-3.0) yaw=90.0 scale=1.000 shadow=1 size=150.0x14.4x46.1 bounds=(595.0,389.8,-3.0)..(745.0,404.2,43.1) overMap=0 onTray=1
2026.10.01-08.42.25 ARTPREVIEW envlayout prop id=hedge-w mesh=SM_Env_HedgeBed loc=(-645.0,30.0,-3.0) yaw=0.0 scale=1.000 shadow=1 size=26.7x150.0x45.5 bounds=(-658.4,-45.0,-3.0)..(-631.6,105.0,42.5) overMap=0 onTray=1
2026.10.01-08.42.25 ARTPREVIEW envlayout prop id=hedge-sw mesh=SM_Env_HedgeBed loc=(-640.0,265.0,-3.0) yaw=90.0 scale=1.000 shadow=1 size=150.0x26.7x45.5 bounds=(-715.0,251.6,-3.0)..(-565.0,278.4,42.5) overMap=0 onTray=1
2026.10.01-08.42.25 ARTPREVIEW envlayout prop id=hedge-e mesh=SM_Env_HedgeBed loc=(645.0,20.0,-3.0) yaw=180.0 scale=1.000 shadow=1 size=26.7x150.0x45.5 bounds=(631.6,-55.0,-3.0)..(658.4,95.0,42.5) overMap=0 onTray=1
2026.10.01-08.42.25 ARTPREVIEW envlayout light id=lamp-nw kind=point at=(-520.0,-365.0,105.0) intensity=80 units=candelas radius=480 color=#FF9A45 shadow=0
2026.10.01-08.42.25 ARTPREVIEW envlayout light id=lamp-ne kind=point at=(520.0,-365.0,105.0) intensity=80 units=candelas radius=480 color=#FF9A45 shadow=0
2026.10.01-08.42.25 ARTPREVIEW envlayout light id=lamp-w kind=point at=(-520.0,130.0,105.0) intensity=75 units=candelas radius=460 color=#FF9A45 shadow=0
2026.10.01-08.42.25 ARTPREVIEW envlayout light id=lamp-e kind=point at=(520.0,130.0,105.0) intensity=75 units=candelas radius=460 color=#FF9A45 shadow=0
2026.10.01-08.42.25 ARTPREVIEW envlayout light id=portal-glow kind=point at=(0.0,-380.0,120.0) intensity=65 units=candelas radius=380 color=#FFB066 shadow=0
2026.10.01-08.42.25 ARTPREVIEW envlayout ground map=marmoreal mode=runtime strips=4 material=MI_EnvGround_Marmoreal z=-1.0 outer=(-780.0,-515.0)..(780.0,425.0) hole=(-467.7,-310.7)..(467.7,310.7) splatRect=(-820.0,-560.0)..(820.0,470.0) splatCovers=1 areaUU2=885246 falls=0/0 fallCards=0 status=ok
2026.10.01-08.42.25 ARTPREVIEW envlayout map=marmoreal props=41 lights=5 missingMeshes=0 layoutProps=41 layoutLights=5 skippedMissing=0 skippedInsideMap=0 intrusions=0 outsideTray=0 outsideKit=0 shadowCasters=41 profilePoints=1 combinedPoints=6 combinedBudgetOk=1 tray=layout trayApronMismatch=0 profile=marmoreal-original boardId=c121b47f8d6eb28daccb76d05 file=Config/ArtBoards/EnvLayouts/marmoreal.layout.json sha256=75e20030dc10429e21e39942196b1896084de60da6a5fd892d02767d0b73feb8 source=pak status=ok
2026.10.01-08.42.25 ARTPREVIEW backdrop mist profile=marmoreal-original index=0 z=-400 center=(0,-400) half=(2400,1600) color=(0.300,0.360,0.550) opacity=0.35 noiseUU=420 pan=(7.0,-2.5) edgeFade=0.30 coverage=0.50 seed=3 fog=0 lit=0
2026.10.01-08.42.25 ARTPREVIEW backdrop mist profile=marmoreal-original index=1 z=-900 center=(0,-750) half=(2900,2100) color=(0.060,0.080,0.160) opacity=0.65 noiseUU=1100 pan=(-4.0,1.5) edgeFade=0.30 coverage=0.60 seed=11 fog=0 lit=0
2026.10.01-08.42.25 ARTPREVIEW backdrop moon profile=marmoreal-original anchor=(-0.90,0.82) farViewUU=2880.2 depthUU=5200 at=(-1406,-1780,-1286) topZ=-769 diameterUU=1800 color=(0.720,0.800,1.000) intensity=2.40 softness=0.22 disc=0.05/1.40 fog=0 lit=0
2026.10.01-08.42.25 ARTPREVIEW backdrop profile=marmoreal-original status=ok mist=2 moon=1 maxZ=-250 sortPriority=-10
2026.10.01-08.42.25 ARTPREVIEW envlayout tray map=marmoreal source=layout outerHalf=780.0x470.0 offsetY=-45.0 frameHalf=469.7x312.7 mesh=T2 t2Top=780.0x470.0 mismatchUU=0.0
2026.10.01-08.42.25 ARTPREVIEW diorama tray-t2 loaded mesh=/Game/PipelineCandidates/TableBase/T2b/SM_TableBase_T2b mi=MI_TableBase_T2b_Marmoreal kind=T2b
2026.10.01-08.42.25 ARTPREVIEW diorama tray=/Game/PipelineCandidates/TableBase/T2b/SM_TableBase_T2b.SM_TableBase_T2b mi=MI_TableBase_T2b_Marmoreal surface=map-image yaw=0.0 scale=1.000x1.000x1.000 bounds=(-815.7,-546.3,-215.7)..(815.7,456.3,1.7) size=1631.4x1002.6x217.5 topZ=-3.0 boardHalf=469.7x312.7 rimUU=112.3 collision=none kind=T2b topHalf=780.0x470.0 layoutHalf=780.0x470.0 offset=(0.0,-45.0) source=layout mismatchUU=0.0 match=1 anisotropy=1.000 lipTopZ=1.7 lipBandUU=20.0
2026.10.01-08.42.25 CAMERA extents source=map-image half=445.7x288.7 dist=2340.2 fit=1872.2 k1Mul=1.250
2026.10.01-08.42.25 CAMERA dist=2340 loc=(0,1342,1917) pitch=-55 yaw=-90
2026.10.01-08.42.25 CAMERA config overview=2340.2 nearest=300.0 farthest=2880.2 zoomRange=0.81-7.80 fit=1872.2 k1Mul=1.250 minDist=300.0 outRatio=0.650 step=1.250 animMs=200 returnMs=300 followFrom=1.20 source=defaults issues=0
2026.10.01-08.42.25 BOARD 7x6 cells | control points: (0,0)=(-319,-228,0) (6,5)=(300,250,0) | neighbor pair (dist 89 uu)
2026.10.01-08.42.25 BOARD topology spaces=31 links=42 starts=3:M03,4:M11,1:M13,2:M31 frame=1337x866px uuPerPx=0.6667 radius=42.0uu (default)
2026.10.01-08.42.25 ARTPREVIEW team mapping mode=absolute source=fighter-prefix viewerTeam=- p1=f-0-hero,f-0-sk0,f-0-sk1,f-0-sk2 p2=f-1-hero,f-1-sk0
2026.10.01-08.42.25 ARTPREVIEW heroesV2 fighter=f-0-hero mesh=/Game/PipelineCandidates/Medusa/H2LD/Meshes/SK_Medusa_H2LD mi=/Game/PipelineCandidates/Medusa/H2LD/Materials/MI_Medusa_H2LD_P1 yaw=90.0 scale=0.9998 name=Medusa hero=1 look=P1 base=/Game/PipelineCandidates/Medusa/H2LD/Meshes/SM_Medusa_H2LD_Base baseMi=/Game/PipelineCandidates/Medusa/H2LD/Materials/MI_Medusa_H2LD_Base_P1 skeleton=/Game/PipelineCandidates/Medusa/Rig/SK_Medusa_Skeleton.SK_Medusa_Skeleton clips=4/4 boundsTop=55.00 figureTop=55.00 budget=55.0
2026.10.01-08.42.25 ARTPREVIEW click capsule fighter=f-0-hero mesh=SK_Medusa_H2LD physicsAsset=0 radius=11.6 halfHeight=27.5 top=55.0 bodyCollision=0 source=meshBounds
2026.10.01-08.42.25 ARTPREVIEW fighter=Medusa hero=1 eligible=0 visual=1 mesh=SK_Medusa_H2LD
2026.10.01-08.42.25 ARTPREVIEW team ring fighter=f-0-hero team=P1 look=P1 mode=absolute shape=circle shown=1 mesh=SM_Marker_TeamRing_P1 fill=#E8C06A keyline=#111317 fillLinear=(0.8070,0.5271,0.1441) zMin=0.60 zMax=1.20 scale=1.00 base=hidden blockout=0 art=1 rim=#FFFFFF
2026.10.01-08.42.25 ARTPREVIEW anim fighter=f-0-hero clip=Idle len=2.333 event=spawn loop=1 phase=0.8071 seq=-1 asset=AM_Medusa_Idle
2026.10.01-08.42.25 ARTPREVIEW readability contact shadow material=/Game/EnvMaps/M_MapContactShadow.M_MapContactShadow loaded=1
2026.10.01-08.42.25 ARTPREVIEW readability fighter=f-0-hero hero=1 contactShadow=1 diameterUU=52.0 strength=0.25 leaderPip=1 look=P1 ringScale=1.00
2026.10.01-08.42.25 ARTPREVIEW heroesV2 fighter=f-0-sk0 mesh=/Game/PipelineCandidates/Harpy/H3LD/Meshes/SK_Harpy_H3LD mi=/Game/PipelineCandidates/Harpy/H3LD/Materials/MI_Harpy_H3LD_P1 yaw=90.0 scale=1.0000 name=Harpies hero=0 look=P1 base=/Game/PipelineCandidates/Harpy/H3LD/Meshes/SM_Harpy_H3LD_Base baseMi=/Game/PipelineCandidates/Harpy/H3LD/Materials/MI_Harpy_H3LD_Base_P1 skeleton=/Game/PipelineCandidates/Harpy/Rig/SK_Harpy_Skeleton.SK_Harpy_Skeleton clips=4/4 boundsTop=42.00 figureTop=42.00 budget=42.0
2026.10.01-08.42.25 ARTPREVIEW click capsule fighter=f-0-sk0 mesh=SK_Harpy_H3LD physicsAsset=0 radius=20.0 halfHeight=21.0 top=42.0 bodyCollision=0 source=meshBounds
2026.10.01-08.42.25 ARTPREVIEW team ring fighter=f-0-sk0 team=P1 look=P1 mode=absolute shape=circle shown=1 mesh=SM_Marker_TeamRing_P1 fill=#E8C06A keyline=#111317 fillLinear=(0.8070,0.5271,0.1441) zMin=0.60 zMax=1.20 scale=0.78 base=hidden blockout=0 art=1 rim=#FFFFFF
2026.10.01-08.42.25 ARTPREVIEW anim fighter=f-0-sk0 clip=Idle len=2.000 event=spawn loop=1 phase=0.6635 seq=-1 asset=AM_Harpy_Idle
2026.10.01-08.42.25 ARTPREVIEW readability fighter=f-0-sk0 hero=0 contactShadow=1 diameterUU=40.6 strength=0.25 leaderPip=0 look=P1 ringScale=0.78
2026.10.01-08.42.25 ARTPREVIEW heroesV2 fighter=f-0-sk1 mesh=/Game/PipelineCandidates/Harpy/H3LD/Meshes/SK_Harpy_H3LD mi=/Game/PipelineCandidates/Harpy/H3LD/Materials/MI_Harpy_H3LD_P1 yaw=270.0 scale=1.0000 name=Harpies hero=0 look=P1 base=/Game/PipelineCandidates/Harpy/H3LD/Meshes/SM_Harpy_H3LD_Base baseMi=/Game/PipelineCandidates/Harpy/H3LD/Materials/MI_Harpy_H3LD_Base_P1 skeleton=/Game/PipelineCandidates/Harpy/Rig/SK_Harpy_Skeleton.SK_Harpy_Skeleton clips=4/4 boundsTop=42.00 figureTop=42.00 budget=42.0
2026.10.01-08.42.25 ARTPREVIEW click capsule fighter=f-0-sk1 mesh=SK_Harpy_H3LD physicsAsset=0 radius=20.0 halfHeight=21.0 top=42.0 bodyCollision=0 source=meshBounds
2026.10.01-08.42.25 ARTPREVIEW team ring fighter=f-0-sk1 team=P1 look=P1 mode=absolute shape=circle shown=1 mesh=SM_Marker_TeamRing_P1 fill=#E8C06A keyline=#111317 fillLinear=(0.8070,0.5271,0.1441) zMin=0.60 zMax=1.20 scale=0.78 base=hidden blockout=0 art=1 rim=#FFFFFF
2026.10.01-08.42.25 ARTPREVIEW anim fighter=f-0-sk1 clip=Idle len=2.000 event=spawn loop=1 phase=0.9016 seq=-1 asset=AM_Harpy_Idle
2026.10.01-08.42.25 ARTPREVIEW readability fighter=f-0-sk1 hero=0 contactShadow=1 diameterUU=40.6 strength=0.25 leaderPip=0 look=P1 ringScale=0.78
2026.10.01-08.42.25 ARTPREVIEW heroesV2 fighter=f-0-sk2 mesh=/Game/PipelineCandidates/Harpy/H3LD/Meshes/SK_Harpy_H3LD mi=/Game/PipelineCandidates/Harpy/H3LD/Materials/MI_Harpy_H3LD_P1 yaw=90.0 scale=1.0000 name=Harpies hero=0 look=P1 base=/Game/PipelineCandidates/Harpy/H3LD/Meshes/SM_Harpy_H3LD_Base baseMi=/Game/PipelineCandidates/Harpy/H3LD/Materials/MI_Harpy_H3LD_Base_P1 skeleton=/Game/PipelineCandidates/Harpy/Rig/SK_Harpy_Skeleton.SK_Harpy_Skeleton clips=4/4 boundsTop=42.00 figureTop=42.00 budget=42.0
2026.10.01-08.42.25 ARTPREVIEW click capsule fighter=f-0-sk2 mesh=SK_Harpy_H3LD physicsAsset=0 radius=20.0 halfHeight=21.0 top=42.0 bodyCollision=0 source=meshBounds
2026.10.01-08.42.25 ARTPREVIEW team ring fighter=f-0-sk2 team=P1 look=P1 mode=absolute shape=circle shown=1 mesh=SM_Marker_TeamRing_P1 fill=#E8C06A keyline=#111317 fillLinear=(0.8070,0.5271,0.1441) zMin=0.60 zMax=1.20 scale=0.78 base=hidden blockout=0 art=1 rim=#FFFFFF
2026.10.01-08.42.25 ARTPREVIEW anim fighter=f-0-sk2 clip=Idle len=2.000 event=spawn loop=1 phase=0.1873 seq=-1 asset=AM_Harpy_Idle
2026.10.01-08.42.25 ARTPREVIEW readability fighter=f-0-sk2 hero=0 contactShadow=1 diameterUU=40.6 strength=0.25 leaderPip=0 look=P1 ringScale=0.78
2026.10.01-08.42.25 ARTPREVIEW heroesV2 fighter=f-1-hero mesh=/Game/PipelineCandidates/KingArthur/H2LD/Meshes/SK_KingArthur_H2LD mi=/Game/PipelineCandidates/KingArthur/H2LD/Materials/MI_KingArthur_H2LD_P2 yaw=270.0 scale=1.0000 name=King Arthur hero=1 look=P2 base=/Game/PipelineCandidates/KingArthur/H2LD/Meshes/SM_KingArthur_H2LD_Base baseMi=/Game/PipelineCandidates/KingArthur/H2LD/Materials/MI_KingArthur_H2LD_Base_P2 skeleton=/Game/PipelineCandidates/KingArthur/Rig/SK_KingArthur_Skeleton.SK_KingArthur_Skeleton clips=4/4 boundsTop=60.06 figureTop=55.00 budget=55.0
2026.10.01-08.42.25 ARTPREVIEW click capsule fighter=f-1-hero mesh=SK_KingArthur_H2LD physicsAsset=0 radius=12.8 halfHeight=30.0 top=60.1 bodyCollision=0 source=meshBounds
2026.10.01-08.42.25 ARTPREVIEW team ring fighter=f-1-hero team=P2 look=P2 mode=absolute shape=hexagon shown=1 mesh=SM_Marker_TeamRing_P2 fill=#5A7F9F keyline=#111317 fillLinear=(0.1022,0.2122,0.3467) zMin=0.60 zMax=1.20 scale=1.00 base=hidden blockout=0 art=1 rim=#FFFFFF
2026.10.01-08.42.25 ARTPREVIEW anim fighter=f-1-hero clip=Idle len=2.500 event=spawn loop=1 phase=0.3470 seq=-1 asset=AM_KingArthur_Idle
2026.10.01-08.42.25 ARTPREVIEW readability fighter=f-1-hero hero=1 contactShadow=1 diameterUU=52.0 strength=0.25 leaderPip=1 look=P2 ringScale=1.00
2026.10.01-08.42.25 ARTPREVIEW heroesV2 fighter=f-1-sk0 mesh=/Game/PipelineCandidates/Merlin/H2LD/Meshes/SK_Merlin_H2LD mi=/Game/PipelineCandidates/Merlin/H2LD/Materials/MI_Merlin_H2LD_P2 yaw=270.0 scale=1.0003 name=Merlin hero=0 look=P2 base=/Game/PipelineCandidates/Merlin/H2LD/Meshes/SM_Merlin_H2LD_Base baseMi=/Game/PipelineCandidates/Merlin/H2LD/Materials/MI_Merlin_H2LD_Base_P2 skeleton=/Game/PipelineCandidates/Merlin/Rig/SK_Merlin_Skeleton.SK_Merlin_Skeleton clips=4/4 boundsTop=49.44 figureTop=45.00 budget=45.0
2026.10.01-08.42.25 ARTPREVIEW click capsule fighter=f-1-sk0 mesh=SK_Merlin_H2LD physicsAsset=0 radius=10.5 halfHeight=24.7 top=49.4 bodyCollision=0 source=meshBounds
2026.10.01-08.42.25 ARTPREVIEW team ring fighter=f-1-sk0 team=P2 look=P2 mode=absolute shape=hexagon shown=1 mesh=SM_Marker_TeamRing_P2 fill=#5A7F9F keyline=#111317 fillLinear=(0.1022,0.2122,0.3467) zMin=0.60 zMax=1.20 scale=0.78 base=hidden blockout=0 art=1 rim=#FFFFFF
2026.10.01-08.42.25 ARTPREVIEW anim fighter=f-1-sk0 clip=Idle len=3.000 event=spawn loop=1 phase=0.8028 seq=-1 asset=AM_Merlin_Idle
2026.10.01-08.42.25 ARTPREVIEW readability fighter=f-1-sk0 hero=0 contactShadow=1 diameterUU=40.6 strength=0.25 leaderPip=0 look=P2 ringScale=0.78
2026.10.01-08.42.25 ARTPREVIEW heroesV2 summary fighters=6 mapped=6 v2=6
2026.10.01-08.42.25 FIGHTERS synced n=6 alive=6 own=4 enemy=2
2026.10.01-08.42.25 BENCH scene fixture=S08BenchMarmoreal.json board=7x6 fighters=6 viewer=cmukie55u0000wiao06h107t9 hero=f-0-hero art=1 profile=marmoreal-original views=K1+K1x0.65+K2x1.6+K2x2.5 warmup=60 settle=6 measure=5 fps=60 profileGpu=0 csv=0
2026.10.01-08.43.25 BENCH warmup done elapsed=60.1
2026.10.01-08.43.25 BENCH view=K1 overview target=2340.2 fit=1872.2
2026.10.01-08.43.25 BENCH view=K1 camera settled=1 dist=2340.2 target=2340.2 zoom=1.00
2026.10.01-08.43.36 BENCH measure view=K1 window=5.0 frames=300 fps=60.00 frameMs avg=16.67 p50=16.67 p95=16.67 p99=16.67 max=16.67 hitches50=0 gpuMs avg=2.50 p50=2.53 p95=2.64 gameMs avg=1.12 p95=1.21 renderMs avg=3.08 p95=3.62
2026.10.01-08.43.36 RENDER tag=BENCH rhi=D3D12 featureLevel=SM6 shaderPlatform=PCD3D_SM6 lumenPlatform=1 gi=lumen giMethod=1 refl=lumen reflMethod=1 shadows=csm vsmEnable=0 sg.res=100 sg.view=2 sg.aa=2 sg.shadow=2 sg.gi=2 sg.refl=2 sg.pp=2 sg.tex=2 sg.fx=2 sg.foliage=2 sg.shading=2 sg.landscape=2 preset=High screenPct=100.0 screenPctMode=0 aa=TSR aaMethod=4 exposure=fixed-histogram expMin=4.14106 expMax=4.14106 expBias=0.000 ev100=2.05 lightUnits=candelas sky=1 skyIntensity=3.000 keyShadow=csm-3600uu-2c-contact0.000 shadowCasters=1 profile=marmoreal-night profilesSha256=cc4f50f9078ac1157207e70661de189aafc515e9ba5401e198aa37f4b2d2cc31 profilesSource=pak legacyRender=0 gameLayer=unlit-eyeadaptinv tMaxFPS=60.0 vsync=0 frameRateLimit=60.0 substrate=0 nanite=1 meshDF=1 viewport=1920x1080 reference=1
2026.10.01-08.43.39 SHOT ctx viewport=1920x1080 viewTarget=CameraActor_0 cam=(0,1342,1917) rot=(-55,-90,-0)
2026.10.01-08.43.39 RENDER tag=SHOT rhi=D3D12 featureLevel=SM6 shaderPlatform=PCD3D_SM6 lumenPlatform=1 gi=lumen giMethod=1 refl=lumen reflMethod=1 shadows=csm vsmEnable=0 sg.res=100 sg.view=2 sg.aa=2 sg.shadow=2 sg.gi=2 sg.refl=2 sg.pp=2 sg.tex=2 sg.fx=2 sg.foliage=2 sg.shading=2 sg.landscape=2 preset=High screenPct=100.0 screenPctMode=0 aa=TSR aaMethod=4 exposure=fixed-histogram expMin=4.14106 expMax=4.14106 expBias=0.000 ev100=2.05 lightUnits=candelas sky=1 skyIntensity=3.000 keyShadow=csm-3600uu-2c-contact0.000 shadowCasters=1 profile=marmoreal-night profilesSha256=cc4f50f9078ac1157207e70661de189aafc515e9ba5401e198aa37f4b2d2cc31 profilesSource=pak legacyRender=0 gameLayer=unlit-eyeadaptinv tMaxFPS=60.0 vsync=0 frameRateLimit=60.0 substrate=0 nanite=1 meshDF=1 viewport=1920x1080 reference=1
2026.10.01-08.43.39 SHOT fighter f-0-hero pos=(0,2) world=(-341,-34,0) screen=(521,504) projected=1 alive=1
2026.10.01-08.43.39 SHOT fighter f-0-sk0 pos=(0,1) world=(-341,-132,0) screen=(531,403) projected=1 alive=1
2026.10.01-08.43.39 SHOT fighter f-0-sk1 pos=(0,3) world=(-328,63,0) screen=(527,608) projected=1 alive=1
2026.10.01-08.43.39 SHOT fighter f-0-sk2 pos=(0,0) world=(-319,-228,0) screen=(567,310) projected=1 alive=1
2026.10.01-08.43.39 SHOT fighter f-1-hero pos=(5,5) world=(198,194,0) screen=(1230,757) projected=1 alive=1
2026.10.01-08.43.39 SHOT fighter f-1-sk0 pos=(5,3) world=(253,91,0) screen=(1297,639) projected=1 alive=1
2026.10.01-08.43.39 SHOT camera dist=2340.2 target=2340.2 overview=2340.2 errPct=0.000 focusErr=0.00 settled=1 zoom=1.00
2026.10.01-08.43.39 SHOT head fighter=f-0-hero socket=Head mesh=SK_Medusa_H2LD world=(-340.9,-32.9,47.1) screen=(512.7,469.3) top=(511.7,464.6) bottom=(513.6,473.9) headPx=9.5 projected=1
2026.10.01-08.43.39 SHOT head fighter=f-0-sk0 socket=Head mesh=SK_Harpy_H3LD world=(-341.4,-127.1,34.0) screen=(524.2,382.2) top=(523.3,377.5) bottom=(525.1,386.9) headPx=9.6 projected=1
2026.10.01-08.43.39 SHOT head fighter=f-0-sk1 socket=Head mesh=SK_Harpy_H3LD world=(-327.5,58.0,34.0) screen=(522.5,577.4) top=(521.5,572.9) bottom=(523.4,581.9) headPx=9.2 projected=1
2026.10.01-08.43.39 SHOT head fighter=f-0-sk2 socket=Head mesh=SK_Harpy_H3LD world=(-318.6,-222.9,34.0) screen=(562.4,287.8) top=(561.6,283.0) bottom=(563.2,292.6) headPx=9.7 projected=1
2026.10.01-08.43.39 SHOT head fighter=f-1-hero socket=Head mesh=SK_KingArthur_H2LD world=(197.7,194.4,50.1) screen=(1235.2,721.7) top=(1235.8,717.3) bottom=(1234.6,726.1) headPx=8.8 projected=1
2026.10.01-08.43.39 SHOT head fighter=f-1-sk0 socket=Head mesh=SK_Merlin_H2LD world=(253.1,87.3,36.4) screen=(1301.0,608.2) top=(1301.7,603.7) bottom=(1300.2,612.7) headPx=9.1 projected=1
2026.10.01-08.43.39 SHOT figure fighter=f-0-hero bbox=(471,432,560,534) ringR=28.50 art=1 blockout=0 team=P1 look=P1 ring=1
2026.10.01-08.43.39 SHOT figure fighter=f-0-sk0 bbox=(494,348,561,426) ringR=22.23 art=1 blockout=0 team=P1 look=P1 ring=1
2026.10.01-08.43.39 SHOT figure fighter=f-0-sk1 bbox=(488,553,558,633) ringR=22.23 art=1 blockout=0 team=P1 look=P1 ring=1
2026.10.01-08.43.39 SHOT figure fighter=f-0-sk2 bbox=(532,255,597,331) ringR=22.23 art=1 blockout=0 team=P1 look=P1 ring=1
2026.10.01-08.43.39 SHOT figure fighter=f-1-hero bbox=(1190,680,1279,791) ringR=28.50 art=1 blockout=0 team=P2 look=P2 ring=1
2026.10.01-08.43.39 SHOT figure fighter=f-1-sk0 bbox=(1265,577,1335,664) ringR=22.23 art=1 blockout=0 team=P2 look=P2 ring=1
2026.10.01-08.43.39 SHOT request file=bench-K1-1920x1080.png frame=4417
2026.10.01-08.43.39 SHOT requested: FScreenshotRequest(bShowUI) -> C:\tmp\envmaps-research\p5b\tune\runs\final-m/bench-K1-1920x1080.png
2026.10.01-08.43.39 SHOT captured file=bench-K1-1920x1080.png frame=4417 px=1920x1080 sha256=75471007eaa1d50ae21a17f29858b3c6d8e164b2dfee0f6a8042315d6c330806 order=BGRA saved=1
2026.10.01-08.43.39 SHOT late begin file=bench-K1-1920x1080.png frame=4417 requestFrame=4417
2026.10.01-08.43.39 SHOT iconstate visible=0 lastFighter=none frame=4417
2026.10.01-08.43.39 SHOT panel id=hud.command bbox=(0,0,20,20) geom=painted visible=1 frame=4417
2026.10.01-08.43.39 SHOT panel id=hud.side bbox=(1884,0,1920,28) geom=painted visible=1 frame=4417
2026.10.01-08.43.39 SHOT panel id=hud.hand bbox=(950,1060,970,1080) geom=painted visible=1 frame=4417
2026.10.01-08.43.39 SHOT label fighter=f-0-hero mode=full bbox=(469,426,546,453) frame=4417
2026.10.01-08.43.39 SHOT label fighter=f-0-sk0 mode=full bbox=(480,339,561,363) frame=4417
2026.10.01-08.43.39 SHOT label fighter=f-0-sk1 mode=full bbox=(473,547,558,570) frame=4417
2026.10.01-08.43.39 SHOT label fighter=f-0-sk2 mode=full bbox=(519,244,598,268) frame=4417
2026.10.01-08.43.39 SHOT label fighter=f-1-hero mode=full bbox=(1197,688,1280,710) frame=4417
2026.10.01-08.43.39 SHOT label fighter=f-1-sk0 mode=full bbox=(1273,577,1337,600) frame=4417
2026.10.01-08.43.39 SHOT late end file=bench-K1-1920x1080.png frame=4417
2026.10.01-08.43.39 BENCH shot view=K1 saved=1 path=C:\tmp\envmaps-research\p5b\tune\runs\final-m/bench-K1-1920x1080.png
2026.10.01-08.43.39 BENCH view=K1x0.65 zoom-out wanted=0.65 target=2880.2 zoom=0.81 limit=far
2026.10.01-08.43.39 BENCH view=K1x0.65 camera settled=1 dist=2869.6 target=2880.2 zoom=0.82
2026.10.01-08.43.50 BENCH measure view=K1x0.65 window=5.0 frames=300 fps=60.00 frameMs avg=16.67 p50=16.67 p95=16.67 p99=16.67 max=16.67 hitches50=0 gpuMs avg=2.42 p50=2.47 p95=2.53 gameMs avg=1.18 p95=1.36 renderMs avg=2.88 p95=3.09
2026.10.01-08.43.50 RENDER tag=BENCH rhi=D3D12 featureLevel=SM6 shaderPlatform=PCD3D_SM6 lumenPlatform=1 gi=lumen giMethod=1 refl=lumen reflMethod=1 shadows=csm vsmEnable=0 sg.res=100 sg.view=2 sg.aa=2 sg.shadow=2 sg.gi=2 sg.refl=2 sg.pp=2 sg.tex=2 sg.fx=2 sg.foliage=2 sg.shading=2 sg.landscape=2 preset=High screenPct=100.0 screenPctMode=0 aa=TSR aaMethod=4 exposure=fixed-histogram expMin=4.14106 expMax=4.14106 expBias=0.000 ev100=2.05 lightUnits=candelas sky=1 skyIntensity=3.000 keyShadow=csm-3600uu-2c-contact0.000 shadowCasters=1 profile=marmoreal-night profilesSha256=cc4f50f9078ac1157207e70661de189aafc515e9ba5401e198aa37f4b2d2cc31 profilesSource=pak legacyRender=0 gameLayer=unlit-eyeadaptinv tMaxFPS=60.0 vsync=0 frameRateLimit=60.0 substrate=0 nanite=1 meshDF=1 viewport=1920x1080 reference=1
2026.10.01-08.43.53 SHOT ctx viewport=1920x1080 viewTarget=CameraActor_0 cam=(0,1652,2359) rot=(-55,-90,-0)
2026.10.01-08.43.53 RENDER tag=SHOT rhi=D3D12 featureLevel=SM6 shaderPlatform=PCD3D_SM6 lumenPlatform=1 gi=lumen giMethod=1 refl=lumen reflMethod=1 shadows=csm vsmEnable=0 sg.res=100 sg.view=2 sg.aa=2 sg.shadow=2 sg.gi=2 sg.refl=2 sg.pp=2 sg.tex=2 sg.fx=2 sg.foliage=2 sg.shading=2 sg.landscape=2 preset=High screenPct=100.0 screenPctMode=0 aa=TSR aaMethod=4 exposure=fixed-histogram expMin=4.14106 expMax=4.14106 expBias=0.000 ev100=2.05 lightUnits=candelas sky=1 skyIntensity=3.000 keyShadow=csm-3600uu-2c-contact0.000 shadowCasters=1 profile=marmoreal-night profilesSha256=cc4f50f9078ac1157207e70661de189aafc515e9ba5401e198aa37f4b2d2cc31 profilesSource=pak legacyRender=0 gameLayer=unlit-eyeadaptinv tMaxFPS=60.0 vsync=0 frameRateLimit=60.0 substrate=0 nanite=1 meshDF=1 viewport=1920x1080 reference=1
2026.10.01-08.43.53 SHOT fighter f-0-hero pos=(0,2) world=(-341,-34,0) screen=(602,511) projected=1 alive=1
2026.10.01-08.43.53 SHOT fighter f-0-sk0 pos=(0,1) world=(-341,-132,0) screen=(609,428) projected=1 alive=1
2026.10.01-08.43.53 SHOT fighter f-0-sk1 pos=(0,3) world=(-328,63,0) screen=(609,595) projected=1 alive=1
2026.10.01-08.43.53 SHOT fighter f-0-sk2 pos=(0,0) world=(-319,-228,0) screen=(638,351) projected=1 alive=1
2026.10.01-08.43.53 SHOT fighter f-1-hero pos=(5,5) world=(198,194,0) screen=(1178,715) projected=1 alive=1
2026.10.01-08.43.53 SHOT fighter f-1-sk0 pos=(5,3) world=(253,91,0) screen=(1232,620) projected=1 alive=1
2026.10.01-08.43.53 SHOT camera dist=2880.2 target=2880.2 overview=2340.2 errPct=0.000 focusErr=0.00 settled=1 zoom=0.81
2026.10.01-08.43.53 SHOT head fighter=f-0-hero socket=Head mesh=SK_Medusa_H2LD world=(-341.2,-33.4,47.1) screen=(596.8,482.2) top=(596.2,478.4) bottom=(597.5,485.9) headPx=7.6 projected=1
2026.10.01-08.43.53 SHOT head fighter=f-0-sk0 socket=Head mesh=SK_Harpy_H3LD world=(-341.0,-127.1,34.0) screen=(605.1,411.4) top=(604.5,407.6) bottom=(605.7,415.2) headPx=7.7 projected=1
2026.10.01-08.43.53 SHOT head fighter=f-0-sk1 socket=Head mesh=SK_Harpy_H3LD world=(-328.0,57.8,34.0) screen=(605.7,570.0) top=(605.1,566.4) bottom=(606.4,573.7) headPx=7.4 projected=1
2026.10.01-08.43.53 SHOT head fighter=f-0-sk2 socket=Head mesh=SK_Harpy_H3LD world=(-319.2,-223.4,34.3) screen=(633.9,332.9) top=(633.4,329.1) bottom=(634.5,336.8) headPx=7.8 projected=1
2026.10.01-08.43.53 SHOT head fighter=f-1-hero socket=Head mesh=SK_KingArthur_H2LD world=(197.3,194.0,50.0) screen=(1180.2,685.3) top=(1180.6,681.7) bottom=(1179.8,688.9) headPx=7.2 projected=1
2026.10.01-08.43.53 SHOT head fighter=f-1-sk0 socket=Head mesh=SK_Merlin_H2LD world=(252.9,87.4,36.4) screen=(1235.0,595.1) top=(1235.5,591.5) bottom=(1234.5,598.8) headPx=7.4 projected=1
2026.10.01-08.43.53 SHOT figure fighter=f-0-hero bbox=(564,452,634,535) ringR=28.50 art=1 blockout=0 team=P1 look=P1 ring=1
2026.10.01-08.43.53 SHOT figure fighter=f-0-sk0 bbox=(580,384,633,447) ringR=22.23 art=1 blockout=0 team=P1 look=P1 ring=1
2026.10.01-08.43.53 SHOT figure fighter=f-0-sk1 bbox=(579,550,634,615) ringR=22.23 art=1 blockout=0 team=P1 look=P1 ring=1
2026.10.01-08.43.53 SHOT figure fighter=f-0-sk2 bbox=(610,306,661,369) ringR=22.23 art=1 blockout=0 team=P1 look=P1 ring=1
2026.10.01-08.43.53 SHOT figure fighter=f-1-hero bbox=(1145,653,1215,742) ringR=28.50 art=1 blockout=0 team=P2 look=P2 ring=1
2026.10.01-08.43.53 SHOT figure fighter=f-1-sk0 bbox=(1207,570,1262,640) ringR=22.23 art=1 blockout=0 team=P2 look=P2 ring=1
2026.10.01-08.43.53 SHOT request file=bench-K1x0p65-1920x1080.png frame=5270
2026.10.01-08.43.53 SHOT requested: FScreenshotRequest(bShowUI) -> C:\tmp\envmaps-research\p5b\tune\runs\final-m/bench-K1x0p65-1920x1080.png
2026.10.01-08.43.54 SHOT captured file=bench-K1x0p65-1920x1080.png frame=5270 px=1920x1080 sha256=2627b2fcb10e9050e0fef1a7ac52fbe253998c08ad7d5e74be0a31bce9176e76 order=BGRA saved=1
2026.10.01-08.43.54 SHOT late begin file=bench-K1x0p65-1920x1080.png frame=5270 requestFrame=5270
2026.10.01-08.43.54 SHOT iconstate visible=0 lastFighter=none frame=5270
2026.10.01-08.43.54 SHOT panel id=hud.command bbox=(0,0,20,20) geom=painted visible=1 frame=5270
2026.10.01-08.43.54 SHOT panel id=hud.side bbox=(1884,0,1920,28) geom=painted visible=1 frame=5270
2026.10.01-08.43.54 SHOT panel id=hud.hand bbox=(950,1060,970,1080) geom=painted visible=1 frame=5270
2026.10.01-08.43.54 SHOT label fighter=f-0-hero mode=full bbox=(556,445,631,470) frame=5270
2026.10.01-08.43.54 SHOT label fighter=f-0-sk0 mode=full bbox=(562,374,642,396) frame=5270
2026.10.01-08.43.54 SHOT label fighter=f-0-sk1 mode=full bbox=(560,543,643,564) frame=5270
2026.10.01-08.43.54 SHOT label fighter=f-0-sk2 mode=full bbox=(592,296,670,318) frame=5270
2026.10.01-08.43.54 SHOT label fighter=f-1-hero mode=full bbox=(1143,656,1223,676) frame=5270
2026.10.01-08.43.54 SHOT label fighter=f-1-sk0 mode=full bbox=(1207,567,1269,589) frame=5270
2026.10.01-08.43.54 SHOT late end file=bench-K1x0p65-1920x1080.png frame=5270
2026.10.01-08.43.54 BENCH shot view=K1x0.65 saved=1 path=C:\tmp\envmaps-research\p5b\tune\runs\final-m/bench-K1x0p65-1920x1080.png
2026.10.01-08.43.54 ARTPREVIEW selection ring shown fighter=Medusa mesh=SM_Marker_SelectionRing
2026.10.01-08.43.54 ARTPREVIEW reachable rings cells=8 placed=1 radiusUU=36 segments=48 style=readability color=#FFC857 stroke=#14110C widthUU=3.50 strokeUU=1.50
2026.10.01-08.43.54 BENCH view=K2x1.6 focus hero=f-0-hero zoom=1.60 target=1462.6 clamp=0
2026.10.01-08.43.54 BENCH view=K2x1.6 camera settled=1 dist=1462.6 target=1462.6 zoom=1.60
2026.10.01-08.44.05 BENCH measure view=K2x1.6 window=5.0 frames=300 fps=60.00 frameMs avg=16.67 p50=16.67 p95=16.67 p99=16.67 max=16.73 hitches50=0 gpuMs avg=2.44 p50=2.47 p95=2.62 gameMs avg=1.17 p95=1.29 renderMs avg=3.04 p95=3.25
2026.10.01-08.44.05 RENDER tag=BENCH rhi=D3D12 featureLevel=SM6 shaderPlatform=PCD3D_SM6 lumenPlatform=1 gi=lumen giMethod=1 refl=lumen reflMethod=1 shadows=csm vsmEnable=0 sg.res=100 sg.view=2 sg.aa=2 sg.shadow=2 sg.gi=2 sg.refl=2 sg.pp=2 sg.tex=2 sg.fx=2 sg.foliage=2 sg.shading=2 sg.landscape=2 preset=High screenPct=100.0 screenPctMode=0 aa=TSR aaMethod=4 exposure=fixed-histogram expMin=4.14106 expMax=4.14106 expBias=0.000 ev100=2.05 lightUnits=candelas sky=1 skyIntensity=3.000 keyShadow=csm-3600uu-2c-contact0.000 shadowCasters=1 profile=marmoreal-night profilesSha256=cc4f50f9078ac1157207e70661de189aafc515e9ba5401e198aa37f4b2d2cc31 profilesSource=pak legacyRender=0 gameLayer=unlit-eyeadaptinv tMaxFPS=60.0 vsync=0 frameRateLimit=60.0 substrate=0 nanite=1 meshDF=1 viewport=1920x1080 reference=1
2026.10.01-08.44.08 SHOT ctx viewport=1920x1080 viewTarget=CameraActor_0 cam=(-341,805,1226) rot=(-55,-90,-0)
2026.10.01-08.44.08 RENDER tag=SHOT rhi=D3D12 featureLevel=SM6 shaderPlatform=PCD3D_SM6 lumenPlatform=1 gi=lumen giMethod=1 refl=lumen reflMethod=1 shadows=csm vsmEnable=0 sg.res=100 sg.view=2 sg.aa=2 sg.shadow=2 sg.gi=2 sg.refl=2 sg.pp=2 sg.tex=2 sg.fx=2 sg.foliage=2 sg.shading=2 sg.landscape=2 preset=High screenPct=100.0 screenPctMode=0 aa=TSR aaMethod=4 exposure=fixed-histogram expMin=4.14106 expMax=4.14106 expBias=0.000 ev100=2.05 lightUnits=candelas sky=1 skyIntensity=3.000 keyShadow=csm-3600uu-2c-contact0.000 shadowCasters=1 profile=marmoreal-night profilesSha256=cc4f50f9078ac1157207e70661de189aafc515e9ba5401e198aa37f4b2d2cc31 profilesSource=pak legacyRender=0 gameLayer=unlit-eyeadaptinv tMaxFPS=60.0 vsync=0 frameRateLimit=60.0 substrate=0 nanite=1 meshDF=1 viewport=1920x1080 reference=1
2026.10.01-08.44.08 SHOT fighter f-0-hero pos=(0,2) world=(-341,-34,0) screen=(960,573) projected=1 alive=1
2026.10.01-08.44.08 SHOT fighter f-0-sk0 pos=(0,1) world=(-341,-132,0) screen=(960,413) projected=1 alive=1
2026.10.01-08.44.08 SHOT fighter f-0-sk1 pos=(0,3) world=(-328,63,0) screen=(987,744) projected=1 alive=1
2026.10.01-08.44.08 SHOT fighter f-0-sk2 pos=(0,0) world=(-319,-228,0) screen=(1002,267) projected=1 alive=1
2026.10.01-08.44.08 SHOT fighter f-1-hero pos=(5,5) world=(198,194,0) screen=(2170,996) projected=1 alive=1
2026.10.01-08.44.08 SHOT fighter f-1-sk0 pos=(5,3) world=(253,91,0) screen=(2238,795) projected=1 alive=1
2026.10.01-08.44.08 SHOT camera dist=1462.6 target=1462.6 overview=2340.2 errPct=0.000 focusErr=0.00 settled=1 zoom=1.60
2026.10.01-08.44.08 SHOT head fighter=f-0-hero socket=Head mesh=SK_Medusa_H2LD world=(-340.5,-33.7,47.2) screen=(960.2,517.5) top=(960.2,510.2) bottom=(960.2,524.8) headPx=14.6 projected=1
2026.10.01-08.44.08 SHOT head fighter=f-0-sk0 socket=Head mesh=SK_Harpy_H3LD world=(-340.6,-126.9,34.0) screen=(960.0,379.9) top=(960.0,372.4) bottom=(960.0,387.3) headPx=14.9 projected=1
2026.10.01-08.44.08 SHOT head fighter=f-0-sk1 socket=Head mesh=SK_Harpy_H3LD world=(-327.6,58.3,34.3) screen=(988.1,696.3) top=(988.2,689.3) bottom=(988.0,703.2) headPx=13.8 projected=1
2026.10.01-08.44.08 SHOT head fighter=f-0-sk2 socket=Head mesh=SK_Harpy_H3LD world=(-319.5,-223.0,34.0) screen=(1001.1,232.5) top=(1001.2,224.8) bottom=(1000.9,240.1) headPx=15.3 projected=1
2026.10.01-08.44.08 SHOT head fighter=f-1-hero socket=Head mesh=SK_KingArthur_H2LD world=(197.4,193.2,50.1) screen=(2206.5,942.2) top=(2211.2,935.7) bottom=(2201.8,948.6) headPx=15.9 projected=1
2026.10.01-08.44.08 SHOT head fighter=f-1-sk0 socket=Head mesh=SK_Merlin_H2LD world=(252.8,87.8,36.6) screen=(2263.9,748.6) top=(2268.5,741.7) bottom=(2259.3,755.4) headPx=16.5 projected=1
2026.10.01-08.44.08 SHOT selection fighter=f-0-hero ownCell=(0,2) legal=9 destinations=8 ownCellExcluded=1 plateFighter=none
2026.10.01-08.44.08 SHOT reachable fighter=f-0-hero n=8 cells=(1,0)(1,1)(2,1)(1,2)(1,3)(2,4)(1,5)(2,5)
2026.10.01-08.44.08 SHOT figure fighter=f-0-hero bbox=(899,459,1021,622) ringR=28.50 art=1 blockout=0 team=P1 look=P1 ring=1
2026.10.01-08.44.08 SHOT figure fighter=f-0-sk0 bbox=(915,326,1005,448) ringR=22.23 art=1 blockout=0 team=P1 look=P1 ring=1
2026.10.01-08.44.08 SHOT figure fighter=f-0-sk1 bbox=(939,656,1037,785) ringR=22.23 art=1 blockout=0 team=P1 look=P1 ring=1
2026.10.01-08.44.08 SHOT figure fighter=f-0-sk2 bbox=(959,182,1047,300) ringR=22.23 art=1 blockout=0 team=P1 look=P1 ring=1
2026.10.01-08.44.08 SHOT figure fighter=f-1-hero bbox=(2092,875,2299,1055) ringR=28.50 art=1 blockout=0 team=P2 look=P2 ring=1
2026.10.01-08.44.08 SHOT figure fighter=f-1-sk0 bbox=(2179,698,2338,837) ringR=22.23 art=1 blockout=0 team=P2 look=P2 ring=1
2026.10.01-08.44.08 SHOT request file=bench-K2x1p6-1920x1080.png frame=6124
2026.10.01-08.44.08 SHOT requested: FScreenshotRequest(bShowUI) -> C:\tmp\envmaps-research\p5b\tune\runs\final-m/bench-K2x1p6-1920x1080.png
2026.10.01-08.44.08 SHOT captured file=bench-K2x1p6-1920x1080.png frame=6124 px=1920x1080 sha256=adb5030634fa72b6d9fad50c36936a3cffe4ea08341174fee5034adfddc166c4 order=BGRA saved=1
2026.10.01-08.44.08 SHOT late begin file=bench-K2x1p6-1920x1080.png frame=6124 requestFrame=6124
2026.10.01-08.44.08 SHOT iconstate visible=0 lastFighter=none frame=6124
2026.10.01-08.44.08 SHOT panel id=hud.command bbox=(0,0,20,20) geom=painted visible=1 frame=6124
2026.10.01-08.44.08 SHOT panel id=hud.side bbox=(1884,0,1920,28) geom=painted visible=1 frame=6124
2026.10.01-08.44.08 SHOT panel id=hud.hand bbox=(950,1060,970,1080) geom=painted visible=1 frame=6124
2026.10.01-08.44.08 SHOT label fighter=f-0-hero mode=full bbox=(924,468,996,497) frame=6124
2026.10.01-08.44.08 SHOT label fighter=f-0-sk0 mode=full bbox=(922,329,998,355) frame=6124
2026.10.01-08.44.08 SHOT label fighter=f-0-sk1 mode=full bbox=(947,667,1029,691) frame=6124
2026.10.01-08.44.08 SHOT label fighter=f-0-sk2 mode=full bbox=(966,182,1040,208) frame=6124
2026.10.01-08.44.08 SHOT label fighter=f-1-hero mode=full bbox=(2177,907,2277,929) frame=6124
2026.10.01-08.44.08 SHOT label fighter=f-1-sk0 mode=full bbox=(2244,717,2321,742) frame=6124
2026.10.01-08.44.08 SHOT late end file=bench-K2x1p6-1920x1080.png frame=6124
2026.10.01-08.44.08 BENCH shot view=K2x1.6 saved=1 path=C:\tmp\envmaps-research\p5b\tune\runs\final-m/bench-K2x1p6-1920x1080.png
2026.10.01-08.44.08 ARTPREVIEW selection ring shown fighter=Medusa mesh=SM_Marker_SelectionRing
2026.10.01-08.44.08 ARTPREVIEW reachable rings cells=8 placed=1 radiusUU=36 segments=48 style=readability color=#FFC857 stroke=#14110C widthUU=3.50 strokeUU=1.50
2026.10.01-08.44.08 BENCH view=K2x2.5 focus hero=f-0-hero zoom=2.50 target=936.1 clamp=0
2026.10.01-08.44.08 BENCH view=K2x2.5 camera settled=1 dist=936.1 target=936.1 zoom=2.50
2026.10.01-08.44.19 BENCH measure view=K2x2.5 window=5.0 frames=300 fps=60.00 frameMs avg=16.67 p50=16.67 p95=16.67 p99=16.67 max=16.70 hitches50=0 gpuMs avg=2.43 p50=2.46 p95=2.57 gameMs avg=1.18 p95=1.32 renderMs avg=3.17 p95=3.75
2026.10.01-08.44.19 RENDER tag=BENCH rhi=D3D12 featureLevel=SM6 shaderPlatform=PCD3D_SM6 lumenPlatform=1 gi=lumen giMethod=1 refl=lumen reflMethod=1 shadows=csm vsmEnable=0 sg.res=100 sg.view=2 sg.aa=2 sg.shadow=2 sg.gi=2 sg.refl=2 sg.pp=2 sg.tex=2 sg.fx=2 sg.foliage=2 sg.shading=2 sg.landscape=2 preset=High screenPct=100.0 screenPctMode=0 aa=TSR aaMethod=4 exposure=fixed-histogram expMin=4.14106 expMax=4.14106 expBias=0.000 ev100=2.05 lightUnits=candelas sky=1 skyIntensity=3.000 keyShadow=csm-3600uu-2c-contact0.000 shadowCasters=1 profile=marmoreal-night profilesSha256=cc4f50f9078ac1157207e70661de189aafc515e9ba5401e198aa37f4b2d2cc31 profilesSource=pak legacyRender=0 gameLayer=unlit-eyeadaptinv tMaxFPS=60.0 vsync=0 frameRateLimit=60.0 substrate=0 nanite=1 meshDF=1 viewport=1920x1080 reference=1
2026.10.01-08.44.22 SHOT ctx viewport=1920x1080 viewTarget=CameraActor_0 cam=(-341,503,795) rot=(-55,-90,-0)
2026.10.01-08.44.22 RENDER tag=SHOT rhi=D3D12 featureLevel=SM6 shaderPlatform=PCD3D_SM6 lumenPlatform=1 gi=lumen giMethod=1 refl=lumen reflMethod=1 shadows=csm vsmEnable=0 sg.res=100 sg.view=2 sg.aa=2 sg.shadow=2 sg.gi=2 sg.refl=2 sg.pp=2 sg.tex=2 sg.fx=2 sg.foliage=2 sg.shading=2 sg.landscape=2 preset=High screenPct=100.0 screenPctMode=0 aa=TSR aaMethod=4 exposure=fixed-histogram expMin=4.14106 expMax=4.14106 expBias=0.000 ev100=2.05 lightUnits=candelas sky=1 skyIntensity=3.000 keyShadow=csm-3600uu-2c-contact0.000 shadowCasters=1 profile=marmoreal-night profilesSha256=cc4f50f9078ac1157207e70661de189aafc515e9ba5401e198aa37f4b2d2cc31 profilesSource=pak legacyRender=0 gameLayer=unlit-eyeadaptinv tMaxFPS=60.0 vsync=0 frameRateLimit=60.0 substrate=0 nanite=1 meshDF=1 viewport=1920x1080 reference=1
2026.10.01-08.44.22 SHOT fighter f-0-hero pos=(0,2) world=(-341,-34,0) screen=(960,591) projected=1 alive=1
2026.10.01-08.44.22 SHOT fighter f-0-sk0 pos=(0,1) world=(-341,-132,0) screen=(960,347) projected=1 alive=1
2026.10.01-08.44.22 SHOT fighter f-0-sk1 pos=(0,3) world=(-328,63,0) screen=(1003,863) projected=1 alive=1
2026.10.01-08.44.22 SHOT fighter f-0-sk2 pos=(0,0) world=(-319,-228,0) screen=(1022,133) projected=1 alive=1
2026.10.01-08.44.22 SHOT fighter f-1-hero pos=(5,5) world=(198,194,0) screen=(2940,1287) projected=1 alive=1
2026.10.01-08.44.22 SHOT fighter f-1-sk0 pos=(5,3) world=(253,91,0) screen=(2997,946) projected=1 alive=1
2026.10.01-08.44.22 SHOT camera dist=936.1 target=936.1 overview=2340.2 errPct=0.000 focusErr=0.00 settled=1 zoom=2.50
2026.10.01-08.44.22 SHOT head fighter=f-0-hero socket=Head mesh=SK_Medusa_H2LD world=(-339.9,-33.2,47.0) screen=(962.4,506.3) top=(962.4,494.7) bottom=(962.3,517.8) headPx=23.1 projected=1
2026.10.01-08.44.22 SHOT head fighter=f-0-sk0 socket=Head mesh=SK_Harpy_H3LD world=(-341.0,-127.4,34.3) screen=(958.9,292.5) top=(958.9,280.5) bottom=(958.9,304.3) headPx=23.8 projected=1
2026.10.01-08.44.22 SHOT head fighter=f-0-sk1 socket=Head mesh=SK_Harpy_H3LD world=(-327.2,58.0,34.1) screen=(1006.5,789.4) top=(1006.7,778.9) bottom=(1006.2,799.9) headPx=21.1 projected=1
2026.10.01-08.44.22 SHOT head fighter=f-0-sk2 socket=Head mesh=SK_Harpy_H3LD world=(-319.0,-223.1,34.0) screen=(1023.1,76.6) top=(1023.4,64.3) bottom=(1022.8,88.8) headPx=24.5 projected=1
2026.10.01-08.44.22 SHOT head fighter=f-1-hero socket=Head mesh=SK_KingArthur_H2LD world=(198.1,193.2,50.1) screen=(3042.5,1210.9) top=(3055.6,1201.7) bottom=(3029.6,1220.0) headPx=31.8 projected=1
2026.10.01-08.44.22 SHOT head fighter=f-1-sk0 socket=Head mesh=SK_Merlin_H2LD world=(253.1,88.0,36.7) screen=(3064.7,876.9) top=(3076.8,866.6) bottom=(3052.7,887.1) headPx=31.7 projected=1
2026.10.01-08.44.22 SHOT selection fighter=f-0-hero ownCell=(0,2) legal=9 destinations=8 ownCellExcluded=1 plateFighter=none
2026.10.01-08.44.22 SHOT reachable fighter=f-0-hero n=8 cells=(1,0)(1,1)(2,1)(1,2)(1,3)(2,4)(1,5)(2,5)
2026.10.01-08.44.22 SHOT figure fighter=f-0-hero bbox=(863,413,1057,667) ringR=28.50 art=1 blockout=0 team=P1 look=P1 ring=1
2026.10.01-08.44.22 SHOT figure fighter=f-0-sk0 bbox=(890,213,1030,400) ringR=22.23 art=1 blockout=0 team=P1 look=P1 ring=1
2026.10.01-08.44.22 SHOT figure fighter=f-0-sk1 bbox=(926,725,1084,930) ringR=22.23 art=1 blockout=0 team=P1 look=P1 ring=1
2026.10.01-08.44.22 SHOT figure fighter=f-0-sk2 bbox=(959,2,1091,181) ringR=22.23 art=1 blockout=0 team=P1 look=P1 ring=1
2026.10.01-08.44.22 SHOT figure fighter=f-1-hero bbox=(2799,1096,3224,1389) ringR=28.50 art=1 blockout=0 team=P2 look=P2 ring=1
2026.10.01-08.44.22 SHOT figure fighter=f-1-sk0 bbox=(2893,794,3208,1015) ringR=22.23 art=1 blockout=0 team=P2 look=P2 ring=1
2026.10.01-08.44.22 SHOT request file=bench-K2x2p5-1920x1080.png frame=6978
2026.10.01-08.44.22 SHOT requested: FScreenshotRequest(bShowUI) -> C:\tmp\envmaps-research\p5b\tune\runs\final-m/bench-K2x2p5-1920x1080.png
2026.10.01-08.44.23 SHOT captured file=bench-K2x2p5-1920x1080.png frame=6978 px=1920x1080 sha256=edb8bc34310c12cfc2c43f160d8ebf9b7898253630f2d312e3db6a44a07ee6d1 order=BGRA saved=1
2026.10.01-08.44.23 SHOT late begin file=bench-K2x2p5-1920x1080.png frame=6978 requestFrame=6978
2026.10.01-08.44.23 SHOT iconstate visible=0 lastFighter=none frame=6978
2026.10.01-08.44.23 SHOT panel id=hud.command bbox=(0,0,20,20) geom=painted visible=1 frame=6978
2026.10.01-08.44.23 SHOT panel id=hud.side bbox=(1884,0,1920,28) geom=painted visible=1 frame=6978
2026.10.01-08.44.23 SHOT panel id=hud.hand bbox=(950,1060,970,1080) geom=painted visible=1 frame=6978
2026.10.01-08.44.23 SHOT label fighter=f-0-hero mode=full bbox=(923,441,997,474) frame=6978
2026.10.01-08.44.23 SHOT label fighter=f-0-sk0 mode=full bbox=(922,231,998,262) frame=6978
2026.10.01-08.44.23 SHOT label fighter=f-0-sk1 mode=full bbox=(962,761,1048,788) frame=6978
2026.10.01-08.44.23 SHOT label fighter=f-0-sk2 mode=full bbox=(989,13,1061,45) frame=6978
2026.10.01-08.44.23 SHOT label fighter=f-1-hero mode=full bbox=(3025,1172,3148,1196) frame=6978
2026.10.01-08.44.23 SHOT label fighter=f-1-sk0 mode=full bbox=(3051,845,3147,873) frame=6978
2026.10.01-08.44.23 SHOT late end file=bench-K2x2p5-1920x1080.png frame=6978
2026.10.01-08.44.23 BENCH shot view=K2x2.5 saved=1 path=C:\tmp\envmaps-research\p5b\tune\runs\final-m/bench-K2x2p5-1920x1080.png
2026.10.01-08.44.23 BENCH done views=4 elapsed=117.9
2026.10.01-08.44.23 --- S08 trace close ---
