2026.09.29-14.40.32 --- S08 trace open 2026.09.29-14.40.32 ---
2026.09.29-14.40.32 HUD team chips ready=1 mode=absolute tagNames=rule
2026.09.29-14.40.32 HUD icon texture size=48 ready=1 path=/Game/ArtTests/ARTMarkers/Textures/T_UI_Action_AttackToken_48 texture=48x48 probe=1 plate=1
2026.09.29-14.40.32 HUD art widget tag impl=umg source=/Game/S08/UI/ArtHud/WBP_S08ArtTag class=/Game/S08/UI/ArtHud/WBP_S08ArtTag.WBP_S08ArtTag_C count=8 missing=- codeDefaultTree=0
2026.09.29-14.40.32 HUD art widget plate impl=umg source=/Game/S08/UI/ArtHud/WBP_S08ArtPlate class=/Game/S08/UI/ArtHud/WBP_S08ArtPlate.WBP_S08ArtPlate_C parts=1 missing=- codeDefaultTree=0
2026.09.29-14.40.32 HUD art widget icon impl=umg source=/Game/S08/UI/ArtHud/WBP_S08ArtIcon class=/Game/S08/UI/ArtHud/WBP_S08ArtIcon.WBP_S08ArtIcon_C parts=1 missing=- codeDefaultTree=0
2026.09.29-14.40.32 HUD art widget damage impl=umg source=/Game/S08/UI/ArtHud/WBP_S08ArtDamage class=/Game/S08/UI/ArtHud/WBP_S08ArtDamage.WBP_S08ArtDamage_C parts=1 missing=- codeDefaultTree=0
2026.09.29-14.40.32 RENDER preset applied=High flag=S08RenderPreset
2026.09.29-14.40.32 LOGIN ok user=art-preview-host
2026.09.29-14.40.35 HEROES loaded 84
2026.09.29-14.40.35 createGame -> room=cmumsa2mz00vlwivca9wsejt5 code=<redacted> status=LOBBY
2026.09.29-14.40.37 PERF config tMaxFPS=30.0 frameRateLimit=60.0 vsync=0 smoothFrameRate=0 fixedFrameRate=0 rhi=D3D12
2026.09.29-14.40.37 RENDER tag=PERF rhi=D3D12 featureLevel=SM6 shaderPlatform=PCD3D_SM6 lumenPlatform=1 gi=lumen giMethod=1 refl=lumen reflMethod=1 shadows=csm vsmEnable=0 sg.res=100 sg.view=2 sg.aa=2 sg.shadow=2 sg.gi=2 sg.refl=2 sg.pp=2 sg.tex=2 sg.fx=2 sg.foliage=2 sg.shading=2 sg.landscape=2 preset=High screenPct=100.0 screenPctMode=0 aa=TSR aaMethod=4 exposure=engine-default expMin=1.00000 expMax=1.00000 expBias=1.000 ev100=0.00 lightUnits=- sky=0 skyIntensity=0.000 keyShadow=- shadowCasters=0 profile=- profilesSha256=- profilesSource=- legacyRender=0 gameLayer=unlit-eyeadaptinv tMaxFPS=30.0 vsync=0 frameRateLimit=60.0 substrate=0 nanite=1 meshDF=1 viewport=1920x1080 reference=0 notReference=noArtProfile,exposure,lightUnits,profilesSource
2026.09.29-14.40.37 PERF window t=0.0-5.1 frames=139 fps=27.01 frameMs avg=37.02 p50=33.35 p95=35.49 p99=46.04 max=493.85 hitches50=1 gpuMs avg=1.30 p50=1.28 p95=1.38 gameMs avg=2.57 p95=3.14 renderMs avg=3101.29 p95=6.57
2026.09.29-14.40.38 game -> room=cmumsa2mz00vlwivca9wsejt5 code=<redacted> status=LOBBY
2026.09.29-14.40.39 selectHero -> room=cmumsa2mz00vlwivca9wsejt5 code=<redacted> status=LOBBY
2026.09.29-14.40.41 game -> room=cmumsa2mz00vlwivca9wsejt5 code=<redacted> status=LOBBY
2026.09.29-14.40.41 toggleReady -> room=cmumsa2mz00vlwivca9wsejt5 code=<redacted> status=LOBBY
2026.09.29-14.40.42 PERF window t=5.1-10.1 frames=148 fps=29.59 frameMs avg=33.80 p50=33.37 p95=34.42 p99=45.27 max=50.52 hitches50=1 gpuMs avg=1.28 p50=1.27 p95=1.35 gameMs avg=2.44 p95=4.14 renderMs avg=5.06 p95=6.03
2026.09.29-14.40.44 game -> room=cmumsa2mz00vlwivca9wsejt5 code=<redacted> status=LOBBY
2026.09.29-14.40.47 PERF window t=10.1-15.1 frames=150 fps=29.84 frameMs avg=33.51 p50=33.35 p95=33.81 p99=39.49 max=41.30 hitches50=0 gpuMs avg=1.31 p50=1.31 p95=1.38 gameMs avg=2.18 p95=2.92 renderMs avg=5.00 p95=5.67
2026.09.29-14.40.47 game -> room=cmumsa2mz00vlwivca9wsejt5 code=<redacted> status=LOBBY
2026.09.29-14.40.50 game -> room=cmumsa2mz00vlwivca9wsejt5 code=<redacted> status=LOBBY
2026.09.29-14.40.52 PERF window t=15.1-20.1 frames=149 fps=29.75 frameMs avg=33.61 p50=33.34 p95=33.93 p99=43.08 max=43.45 hitches50=0 gpuMs avg=1.32 p50=1.31 p95=1.44 gameMs avg=2.55 p95=4.27 renderMs avg=5.27 p95=6.18
2026.09.29-14.40.53 game -> room=cmumsa2mz00vlwivca9wsejt5 code=<redacted> status=LOBBY
2026.09.29-14.40.56 game -> room=cmumsa2mz00vlwivca9wsejt5 code=<redacted> status=LOBBY
2026.09.29-14.40.57 PERF window t=20.1-25.1 frames=149 fps=29.69 frameMs avg=33.68 p50=33.34 p95=34.75 p99=40.90 max=48.47 hitches50=0 gpuMs avg=1.33 p50=1.32 p95=1.40 gameMs avg=2.28 p95=3.28 renderMs avg=5.00 p95=5.93
2026.09.29-14.40.57 startGame -> room=cmumsa2mz00vlwivca9wsejt5 code=<redacted> status=IN_PROGRESS
2026.09.29-14.40.58 SNAPSHOT applied seq=1 phase=ACTION_MANEUVER
2026.09.29-14.40.58 HANDLE_APPLIED #1 seq=1 decision=2 fightersValid=1 boardValid=1
2026.09.29-14.40.58 MODE seq=1 mode=0 combat=0 pending=0
2026.09.29-14.40.58 HUD seq=1 phase=ACTION_MANEUVER turn=you hand=5 oppHand=5(hidden) oppDeck=25 deck=25 discard=0
2026.09.29-14.40.58 ARTPREVIEW board profiles loaded=1 revision=4 boards=3 zoneStyles=11 lightProfiles=3 errors=0 path=Config/ArtBoards/S08ArtBoardProfiles.json
2026.09.29-14.40.58 ARTPREVIEW board profiles source=pak sha256=c66a8d573d029f413e1a759d70e1ec2d1105fe836a7feabb6a3f07b09250b64b
2026.09.29-14.40.58 ARTPREVIEW zone content instances=12/12 glyphMeshes=11/11
2026.09.29-14.40.58 ARTPREVIEW zone keyline content mi=MI_ART005_Zone_Keyline glyphKeyMeshes=11/11 color=#111317
2026.09.29-14.40.58 ARTPREVIEW game layer material=M_S08_GameLayerUnlit unlitEyeAdaptInv=1 legacyRender=0
2026.09.29-14.40.58 ARTPREVIEW Cobble assets ready
2026.09.29-14.40.58 ARTPREVIEW board assets ready cobbleMesh=1 tiles=1 zoneMaterials=2
2026.09.29-14.40.58 ARTPREVIEW medusa candidate variant=face-neck-v2 mesh=SK_Medusa_FaceNeck_v2Candidate requested=face-neck-v2
2026.09.29-14.40.58 ARTPREVIEW board profile=t-rex-paddock-art-fixture match=boardId board=7x5 boardId=c70e9f624617750c2a2b856fd surface=tiles light=paddock-probe artFixture=1
2026.09.29-14.40.58 ARTPREVIEW light profile=paddock-probe name=key role=key kind=directional at=(-350,-150,600) intensity=3.5 units=lux radius=0 color=(0.62,0.69,0.88) shadow=1
2026.09.29-14.40.58 ARTPREVIEW light profile=paddock-probe name=warm-practical role=warm kind=point at=(105,-225,250) intensity=130 units=candelas radius=430 color=(1.00,0.59,0.30) shadow=0
2026.09.29-14.40.58 ARTPREVIEW light profile=paddock-probe name=cyan-rim role=cool kind=point at=(-315,-225,250) intensity=85 units=candelas radius=420 color=(0.55,0.80,1.00) shadow=0
2026.09.29-14.40.58 ARTPREVIEW light profile=paddock-probe name=indigo-pool role=cool kind=point at=(245,200,240) intensity=70 units=candelas radius=360 color=(0.45,0.50,0.95) shadow=0
2026.09.29-14.40.58 ARTPREVIEW sky profile=paddock-probe cubemap=/Game/S08/Render/TC_S08_AmbientDome loaded=1 spawned=1 intensity=14.1 color=(0.84,0.88,0.96) lowerBlack=0
2026.09.29-14.40.58 ARTPREVIEW exposure profile=paddock-probe method=histogram-fixed min=2.46229 max=2.46229 bias=0.000 ev100=1.30 volume=1
2026.09.29-14.40.58 ARTPREVIEW lights applied profile=paddock-probe directional=1 shadow=1 points=3 pointShadows=0 budgetOk=1
2026.09.29-14.40.58 ARTPREVIEW render profile=paddock-probe units=candelas sky=1 exposure=1 keyShadow=csm-3000uu-2c-contact0.000 shadowCasters=1 legacyRender=0
2026.09.29-14.40.58 ARTPREVIEW board zone keylines pieces=111 glyphKeys=39 glyphKeyCubePieces=0 mi=MI_ART005_Zone_Keyline growUU=1.5 edgeUU=42.0 maxOuterUU=45.0
2026.09.29-14.40.58 ARTPREVIEW board glyph meshes instances=39 keys=6/6 cubePieces=0 anchors=39
2026.09.29-14.40.58 ARTPREVIEW board active profile=t-rex-paddock-art-fixture 7x5 surface=tiles cells=35 zoneCells=26 multizone=13 triple=0 obstacles=9 zoneKeys=6 strokes=111 glyphs=80 surfaceParts=30 glyphMaterial=zone expectOk=1
2026.09.29-14.40.58 ARTPREVIEW board zone key=blue cells=6 stroke=solid glyph=diamond color=#3B78D8 ismUsage=1 strokePieces=6 glyphPieces=6 mi=MI_ART005_Zone_Blue glyphMesh=SM_ART005_ZoneGlyph_Diamond glyphInstances=6 fallback=0
2026.09.29-14.40.58 ARTPREVIEW board zone key=blue-green cells=7 stroke=double glyph=bars3 color=#34C3B6 ismUsage=1 strokePieces=14 glyphPieces=21 mi=MI_ART005_Zone_BlueGreen glyphMesh=SM_ART005_ZoneGlyph_Bars3 glyphInstances=7 fallback=0
2026.09.29-14.40.58 ARTPREVIEW board zone key=gray cells=7 stroke=dots5 glyph=square color=#7F868E ismUsage=1 strokePieces=35 glyphPieces=7 mi=MI_ART005_Zone_Gray glyphMesh=SM_ART005_ZoneGlyph_Square glyphInstances=7 fallback=0
2026.09.29-14.40.58 ARTPREVIEW board zone key=green cells=8 stroke=dash2 glyph=cross color=#46B45A ismUsage=1 strokePieces=16 glyphPieces=16 mi=MI_ART005_Zone_Green glyphMesh=SM_ART005_ZoneGlyph_Cross glyphInstances=8 fallback=0
2026.09.29-14.40.58 ARTPREVIEW board zone key=purple cells=4 stroke=dashdot glyph=ring color=#A070DC ismUsage=1 strokePieces=12 glyphPieces=16 mi=MI_ART005_Zone_Purple glyphMesh=SM_ART005_ZoneGlyph_Ring glyphInstances=4 fallback=0
2026.09.29-14.40.58 ARTPREVIEW board zone key=yellow cells=7 stroke=dash4 glyph=chevron color=#F4D24A ismUsage=1 strokePieces=28 glyphPieces=14 mi=MI_ART005_Zone_Yellow glyphMesh=SM_ART005_ZoneGlyph_Chevron glyphInstances=7 fallback=0
2026.09.29-14.40.58 ARTPREVIEW board multizone cells=13 zonesListed=26 zonesMarked=26
2026.09.29-14.40.58 ARTPREVIEW board multizone cell=(0,0) blue+green strokeSides=0+1 glyphSlots=0+1 marked=2/2
2026.09.29-14.40.58 ARTPREVIEW board multizone cell=(3,0) green+yellow strokeSides=0+1 glyphSlots=0+1 marked=2/2
2026.09.29-14.40.58 ARTPREVIEW board multizone cell=(2,1) green+yellow strokeSides=0+1 glyphSlots=0+1 marked=2/2
2026.09.29-14.40.58 ARTPREVIEW board multizone cell=(3,1) green+yellow strokeSides=0+1 glyphSlots=0+1 marked=2/2
2026.09.29-14.40.58 ARTPREVIEW board multizone cell=(5,1) gray+blue-green strokeSides=0+1 glyphSlots=0+1 marked=2/2
2026.09.29-14.40.58 ARTPREVIEW board multizone cell=(1,2) blue+yellow strokeSides=0+1 glyphSlots=0+1 marked=2/2
2026.09.29-14.40.58 ARTPREVIEW board multizone cell=(2,2) green+yellow strokeSides=0+1 glyphSlots=0+1 marked=2/2
2026.09.29-14.40.58 ARTPREVIEW board multizone cell=(4,2) gray+green strokeSides=0+1 glyphSlots=0+1 marked=2/2
2026.09.29-14.40.58 ARTPREVIEW board multizone cell=(5,2) gray+blue-green strokeSides=0+1 glyphSlots=0+1 marked=2/2
2026.09.29-14.40.58 ARTPREVIEW board multizone cell=(0,4) blue+purple strokeSides=0+1 glyphSlots=0+1 marked=2/2
2026.09.29-14.40.58 ARTPREVIEW board multizone cell=(2,4) purple+yellow strokeSides=0+1 glyphSlots=0+1 marked=2/2
2026.09.29-14.40.58 ARTPREVIEW board multizone cell=(3,4) gray+purple strokeSides=0+1 glyphSlots=0+1 marked=2/2
2026.09.29-14.40.58 ARTPREVIEW board multizone cell=(5,4) gray+blue-green strokeSides=0+1 glyphSlots=0+1 marked=2/2
2026.09.29-14.40.58 CAMERA dist=1672 loc=(0,959,1370) pitch=-55 yaw=-90
2026.09.29-14.40.58 CAMERA config overview=1672.1 nearest=300.0 farthest=2572.5 zoomRange=0.65-5.57 minDist=300.0 outRatio=0.650 step=1.250 animMs=200 returnMs=300 followFrom=1.20 source=defaults issues=0
2026.09.29-14.40.58 BOARD 7x5 cells | control points: (0,0)=(-300,-200,0) (6,4)=(300,200,0) | neighbor pair (dist 100 uu)
2026.09.29-14.40.58 ARTPREVIEW team mapping mode=absolute source=seatOrder viewerTeam=P1 p1=f-0-hero,f-0-sk0,f-0-sk1,f-0-sk2 p2=f-1-hero,f-1-sk0
2026.09.29-14.40.58 ARTPREVIEW medusa materials fighter=f-0-hero team=own mesh=SK_Medusa_FaceNeck_v2Candidate slots=2 mi=/Game/ArtPreview/Medusa/Materials/MI_Medusa_P1.MI_Medusa_P1 slot1=/Game/ArtPreview/Medusa/Materials/MI_Medusa_P1.MI_Medusa_P1 base=/Game/ArtPreview/Medusa/Materials/MI_Medusa_P1.MI_Medusa_P1 parent=/Game/ArtPreview/Medusa/Materials/M_Medusa_Atlas.M_Medusa_Atlas params=1 miSha256=82a4841cddb2a2412b85684e27e6076e0fb1f55fdffe60c830a10c2454cfd971 teamSlot=P1 look=P1 mode=absolute
2026.09.29-14.40.58 ARTPREVIEW click capsule fighter=f-0-hero mesh=SK_Medusa_FaceNeck_v2Candidate physicsAsset=0 radius=12.5 halfHeight=27.5 top=55.0 bodyCollision=0 source=meshBounds
2026.09.29-14.40.58 ARTPREVIEW fighter=Medusa hero=1 eligible=1 visual=1 mesh=SK_Medusa_FaceNeck_v2Candidate
2026.09.29-14.40.58 ARTPREVIEW team ring fighter=f-0-hero team=P1 look=P1 mode=absolute shape=circle shown=1 mesh=SM_Marker_TeamRing_P1 fill=#E8C06A keyline=#111317 fillLinear=(0.8070,0.5271,0.1441) zMin=0.60 zMax=1.20 scale=1.00 base=hidden blockout=0 art=1
2026.09.29-14.40.58 ARTPREVIEW click capsule fighter=f-0-sk0 mesh=SM_ART003_Harpy physicsAsset=0 radius=20.0 halfHeight=21.0 top=42.0 bodyCollision=0 source=meshBounds
2026.09.29-14.40.58 ARTPREVIEW team ring fighter=f-0-sk0 team=P1 look=P1 mode=absolute shape=circle shown=1 mesh=SM_Marker_TeamRing_P1 fill=#E8C06A keyline=#111317 fillLinear=(0.8070,0.5271,0.1441) zMin=0.60 zMax=1.20 scale=0.78 base=hidden blockout=1 art=0
2026.09.29-14.40.58 ARTPREVIEW click capsule fighter=f-0-sk1 mesh=SM_ART003_Harpy physicsAsset=0 radius=20.0 halfHeight=21.0 top=42.0 bodyCollision=0 source=meshBounds
2026.09.29-14.40.58 ARTPREVIEW team ring fighter=f-0-sk1 team=P1 look=P1 mode=absolute shape=circle shown=1 mesh=SM_Marker_TeamRing_P1 fill=#E8C06A keyline=#111317 fillLinear=(0.8070,0.5271,0.1441) zMin=0.60 zMax=1.20 scale=0.78 base=hidden blockout=1 art=0
2026.09.29-14.40.58 ARTPREVIEW click capsule fighter=f-0-sk2 mesh=SM_ART003_Harpy physicsAsset=0 radius=20.0 halfHeight=21.0 top=42.0 bodyCollision=0 source=meshBounds
2026.09.29-14.40.58 ARTPREVIEW team ring fighter=f-0-sk2 team=P1 look=P1 mode=absolute shape=circle shown=1 mesh=SM_Marker_TeamRing_P1 fill=#E8C06A keyline=#111317 fillLinear=(0.8070,0.5271,0.1441) zMin=0.60 zMax=1.20 scale=0.78 base=hidden blockout=1 art=0
2026.09.29-14.40.58 ARTPREVIEW click capsule fighter=f-1-hero mesh=SM_ART003_Arthur physicsAsset=0 radius=17.8 halfHeight=28.0 top=56.0 bodyCollision=0 source=meshBounds
2026.09.29-14.40.58 ARTPREVIEW team ring fighter=f-1-hero team=P2 look=P2 mode=absolute shape=hexagon shown=1 mesh=SM_Marker_TeamRing_P2 fill=#5A7F9F keyline=#111317 fillLinear=(0.1022,0.2122,0.3467) zMin=0.60 zMax=1.20 scale=1.00 base=hidden blockout=1 art=0
2026.09.29-14.40.58 ARTPREVIEW click capsule fighter=f-1-sk0 mesh=SM_ART003_Merlin physicsAsset=0 radius=14.7 halfHeight=30.8 top=61.5 bodyCollision=0 source=meshBounds
2026.09.29-14.40.58 ARTPREVIEW team ring fighter=f-1-sk0 team=P2 look=P2 mode=absolute shape=hexagon shown=1 mesh=SM_Marker_TeamRing_P2 fill=#5A7F9F keyline=#111317 fillLinear=(0.1022,0.2122,0.3467) zMin=0.60 zMax=1.20 scale=0.78 base=hidden blockout=1 art=0
2026.09.29-14.40.58 FIGHTERS synced n=6 alive=6 own=4 enemy=2
2026.09.29-14.40.58 STATE seq=1 -> apply
2026.09.29-14.40.58 SUBSCRIBED gameStateUpdated since=1
2026.09.29-14.40.58 HUD art layer plate=1 iconSize=48 iconTexture=1 iconProbe=1 plan=0
2026.09.29-14.40.58 HUD art impl=umg plateViews=umg:/Game/S08/UI/ArtHud/WBP_S08ArtPlate iconViews=umg:/Game/S08/UI/ArtHud/WBP_S08ArtIcon textTable=S08ArtHud entries=13 missingKeys=0
2026.09.29-14.40.58 TAG fighter=f-1-hero bbox=(1266,4,1371,45) mode=full look=P2 placement=right ring=4 hardPx2=0 softPx2=0 order=0 bound=1
2026.09.29-14.40.58 TAG fighter=f-1-sk0 bbox=(918,542,1002,583) mode=full look=P2 placement=below ring=0 hardPx2=0 softPx2=0 order=1 bound=0
2026.09.29-14.40.58 ICON fighter=f-1-hero bbox=(1243,152,1291,200) size=48 src=flag anchor=right fallback=0 overlapPx2=0 texture=/Game/ArtTests/ARTMarkers/Textures/T_UI_Action_AttackToken_48
2026.09.29-14.40.58 ARTPREVIEW icon probe src=flag target=f-1-hero size=48
2026.09.29-14.40.58 ARTPREVIEW screen labels=1 (world TextRender labels and damage text hidden)
2026.09.29-14.40.58 TAG fighter=f-0-hero bbox=(832,439,934,461) mode=compact look=P1 placement=right ring=0 hardPx2=0 softPx2=0 order=2 bound=1
2026.09.29-14.40.58 TAG fighter=f-0-sk0 bbox=(816,616,907,657) mode=full look=P1 placement=right ring=0 hardPx2=0 softPx2=0 order=5 bound=1
2026.09.29-14.40.58 TAG fighter=f-0-sk1 bbox=(736,276,827,317) mode=full look=P1 placement=above ring=0 hardPx2=0 softPx2=0 order=1 bound=1
2026.09.29-14.40.58 TAG fighter=f-0-sk2 bbox=(546,420,637,461) mode=full look=P1 placement=above ring=0 hardPx2=0 softPx2=0 order=4 bound=1
2026.09.29-14.40.58 TAG fighter=f-1-hero bbox=(1093,395,1198,436) mode=full look=P2 placement=above ring=0 hardPx2=0 softPx2=0 order=0 bound=1
2026.09.29-14.40.58 TAG fighter=f-1-sk0 bbox=(1289,398,1373,439) mode=full look=P2 placement=above ring=0 hardPx2=0 softPx2=0 order=3 bound=1
2026.09.29-14.40.58 ICON fighter=f-1-hero bbox=(1205,464,1253,512) size=48 src=flag anchor=right fallback=0 overlapPx2=0 texture=/Game/ArtTests/ARTMarkers/Textures/T_UI_Action_AttackToken_48
2026.09.29-14.40.58 SNAPSHOT applied seq=1 phase=ACTION_MANEUVER
2026.09.29-14.40.58 HANDLE_APPLIED #2 seq=1 decision=1 fightersValid=1 boardValid=1
2026.09.29-14.40.58 MODE seq=1 mode=0 combat=0 pending=0
2026.09.29-14.40.58 HUD seq=1 phase=ACTION_MANEUVER turn=you hand=5 oppHand=5(hidden) oppDeck=25 deck=25 discard=0
2026.09.29-14.40.58 ARTPREVIEW fighter=Medusa hero=1 eligible=1 visual=1 mesh=SK_Medusa_FaceNeck_v2Candidate
2026.09.29-14.40.58 FIGHTERS synced n=6 alive=6 own=4 enemy=2
2026.09.29-14.40.58 WS seq=1 phase=ACTION_MANEUVER (merge)
2026.09.29-14.40.58 TAG fighter=f-0-hero bbox=(832,439,934,461) mode=compact look=P1 placement=right ring=0 hardPx2=0 softPx2=0 order=2 bound=1
2026.09.29-14.40.58 TAG fighter=f-0-sk0 bbox=(816,616,907,657) mode=full look=P1 placement=right ring=0 hardPx2=0 softPx2=0 order=5 bound=1
2026.09.29-14.40.58 TAG fighter=f-0-sk1 bbox=(736,276,827,317) mode=full look=P1 placement=above ring=0 hardPx2=0 softPx2=0 order=1 bound=1
2026.09.29-14.40.58 TAG fighter=f-0-sk2 bbox=(546,420,637,461) mode=full look=P1 placement=above ring=0 hardPx2=0 softPx2=0 order=4 bound=1
2026.09.29-14.40.58 TAG fighter=f-1-hero bbox=(1093,395,1198,436) mode=full look=P2 placement=above ring=0 hardPx2=0 softPx2=0 order=0 bound=1
2026.09.29-14.40.58 TAG fighter=f-1-sk0 bbox=(1289,398,1373,439) mode=full look=P2 placement=above ring=0 hardPx2=0 softPx2=0 order=3 bound=1
2026.09.29-14.40.58 ICON fighter=f-1-hero bbox=(1205,464,1253,512) size=48 src=flag anchor=right fallback=0 overlapPx2=0 texture=/Game/ArtTests/ARTMarkers/Textures/T_UI_Action_AttackToken_48
2026.09.29-14.40.59 game -> room=cmumsa2mz00vlwivca9wsejt5 code=<redacted> status=IN_PROGRESS
2026.09.29-14.41.02 PERF window t=25.1-30.1 frames=146 fps=29.01 frameMs avg=34.47 p50=33.34 p95=33.78 p99=42.56 max=179.59 hitches50=1 gpuMs avg=1.88 p50=1.92 p95=2.23 gameMs avg=3.98 p95=4.22 renderMs avg=6.54 p95=7.84
2026.09.29-14.41.02 game -> room=cmumsa2mz00vlwivca9wsejt5 code=<redacted> status=IN_PROGRESS
2026.09.29-14.41.05 game -> room=cmumsa2mz00vlwivca9wsejt5 code=<redacted> status=IN_PROGRESS
2026.09.29-14.41.06 ARTPREVIEW selection ring shown fighter=Medusa mesh=SM_Marker_SelectionRing
2026.09.29-14.41.06 ARTPREVIEW reachable corners cells=10 placed=1
2026.09.29-14.41.06 ARTPREVIEW selection ownHero=1 selected=1 fighter=Medusa reachable=11 fighterId=f-0-hero
2026.09.29-14.41.06 INPUT select src=flag fighter=f-0-hero flag=ArtPreviewSelectOwnHero
2026.09.29-14.41.06 HUD plate content fighter=f-0-hero name=Medusa hp=16/16 team=own statuses=HERO  |  MELEE teamSlot=P1 look=P1 shape=circle chip=#DAC576
2026.09.29-14.41.06 PLATE fighter=f-0-hero bbox=(836,475,1008,529) overlapReachable=0 placement=right ring=0 gap=6 selection=f-0-hero destinations=10 clean=1 softPx2=0 tested=130 bound=1
2026.09.29-14.41.06 TAG fighter=f-0-sk0 bbox=(816,616,907,657) mode=full look=P1 placement=right ring=0 hardPx2=0 softPx2=0 order=4 bound=1
2026.09.29-14.41.06 TAG fighter=f-0-sk1 bbox=(736,276,827,317) mode=full look=P1 placement=above ring=0 hardPx2=0 softPx2=0 order=1 bound=1
2026.09.29-14.41.06 TAG fighter=f-0-sk2 bbox=(546,420,637,461) mode=full look=P1 placement=above ring=0 hardPx2=0 softPx2=0 order=3 bound=1
2026.09.29-14.41.06 TAG fighter=f-1-hero bbox=(1093,395,1198,436) mode=full look=P2 placement=above ring=0 hardPx2=0 softPx2=0 order=0 bound=1
2026.09.29-14.41.06 TAG fighter=f-1-sk0 bbox=(1289,398,1373,439) mode=full look=P2 placement=above ring=0 hardPx2=0 softPx2=0 order=2 bound=1
2026.09.29-14.41.06 ICON fighter=f-1-hero bbox=(1205,464,1253,512) size=48 src=flag anchor=right fallback=0 overlapPx2=0 texture=/Game/ArtTests/ARTMarkers/Textures/T_UI_Action_AttackToken_48
2026.09.29-14.41.07 PERF window t=30.1-35.1 frames=148 fps=29.59 frameMs avg=33.79 p50=33.36 p95=35.14 p99=42.94 max=47.37 hitches50=0 gpuMs avg=1.96 p50=1.94 p95=2.10 gameMs avg=2.74 p95=4.76 renderMs avg=6.91 p95=9.27
2026.09.29-14.41.08 SHOT ctx viewport=1920x1080 viewTarget=CameraActor_2147482316 cam=(0,959,1370) rot=(-55,-90,0)
2026.09.29-14.41.08 RENDER tag=SHOT rhi=D3D12 featureLevel=SM6 shaderPlatform=PCD3D_SM6 lumenPlatform=1 gi=lumen giMethod=1 refl=lumen reflMethod=1 shadows=csm vsmEnable=0 sg.res=100 sg.view=2 sg.aa=2 sg.shadow=2 sg.gi=2 sg.refl=2 sg.pp=2 sg.tex=2 sg.fx=2 sg.foliage=2 sg.shading=2 sg.landscape=2 preset=High screenPct=100.0 screenPctMode=0 aa=TSR aaMethod=4 exposure=fixed-histogram expMin=2.46229 expMax=2.46229 expBias=0.000 ev100=1.30 lightUnits=candelas sky=1 skyIntensity=14.100 keyShadow=csm-3000uu-2c-contact0.000 shadowCasters=1 profile=paddock-probe profilesSha256=c66a8d573d029f413e1a759d70e1ec2d1105fe836a7feabb6a3f07b09250b64b profilesSource=pak legacyRender=0 gameLayer=unlit-eyeadaptinv tMaxFPS=30.0 vsync=0 frameRateLimit=60.0 substrate=0 nanite=1 meshDF=1 viewport=1920x1080 reference=1
2026.09.29-14.41.08 SHOT fighter f-0-hero pos=(2,2) world=(-100,0,0) screen=(778,540) projected=1 alive=1
2026.09.29-14.41.08 SHOT fighter f-0-sk0 pos=(2,3) world=(-100,100,0) screen=(771,694) projected=1 alive=1
2026.09.29-14.41.08 SHOT fighter f-0-sk1 pos=(2,1) world=(-100,-100,0) screen=(784,396) projected=1 alive=1
2026.09.29-14.41.08 SHOT fighter f-0-sk2 pos=(1,2) world=(-200,0,0) screen=(596,540) projected=1 alive=1
2026.09.29-14.41.08 SHOT fighter f-1-hero pos=(4,2) world=(100,0,0) screen=(1142,540) projected=1 alive=1
2026.09.29-14.41.08 SHOT fighter f-1-sk0 pos=(5,2) world=(200,0,0) screen=(1324,540) projected=1 alive=1
2026.09.29-14.41.08 SHOT camera dist=1672.1 target=1672.1 overview=1672.1 errPct=0.000 focusErr=0.00 settled=1 zoom=1.00
2026.09.29-14.41.08 SHOT head fighter=f-0-hero socket=Head mesh=SK_Medusa_FaceNeck_v2Candidate world=(-100.0,-4.0,38.5) screen=(774.7,493.0) top=(774.1,486.5) bottom=(775.2,499.5) headPx=13.1 projected=1
2026.09.29-14.41.08 SHOT selection fighter=f-0-hero ownCell=(2,2) legal=11 destinations=10 ownCellExcluded=1 plateFighter=f-0-hero
2026.09.29-14.41.08 SHOT reachable fighter=f-0-hero n=10 cells=(1,0)(2,0)(3,0)(0,1)(3,1)(0,2)(0,3)(1,4)(2,4)(3,4)
2026.09.29-14.41.08 SHOT plate fighter=f-0-hero bbox=(836,475,1008,529) overlapReachable=0 placement=right gap=6 anchor=(718,439,830,582) planned=(836,475,1008,529) geom=painted stableFrames=59
2026.09.29-14.41.08 SHOT figure fighter=f-0-hero bbox=(718,439,830,582) ringR=28.00 art=1 blockout=0 team=P1 look=P1 ring=1
2026.09.29-14.41.08 SHOT figure fighter=f-0-sk0 bbox=(723,616,814,730) ringR=21.84 art=1 blockout=1 team=P1 look=P1 ring=1
2026.09.29-14.41.08 SHOT figure fighter=f-0-sk1 bbox=(740,319,823,426) ringR=21.84 art=1 blockout=1 team=P1 look=P1 ring=1
2026.09.29-14.41.08 SHOT figure fighter=f-0-sk2 bbox=(544,463,638,573) ringR=21.84 art=1 blockout=1 team=P1 look=P1 ring=1
2026.09.29-14.41.08 SHOT figure fighter=f-1-hero bbox=(1090,438,1202,582) ringR=28.00 art=1 blockout=1 team=P2 look=P2 ring=1
2026.09.29-14.41.08 SHOT figure fighter=f-1-sk0 bbox=(1282,441,1380,573) ringR=21.84 art=1 blockout=1 team=P2 look=P2 ring=1
2026.09.29-14.41.08 SHOT request file=phase2-board-host-1920x1080.png frame=1055
2026.09.29-14.41.08 SHOT requested: FScreenshotRequest(bShowUI) -> C:\Users\ren\AppData\Local\Temp\s08-phase2-20260929-194024-47028\phase2-board-host-1920x1080.png
2026.09.29-14.41.08 SHOT captured file=phase2-board-host-1920x1080.png frame=1055 px=1920x1080 sha256=818b8527e8629b818df5c2f6e58b877130d3d5aa9153bb165d5f1392b1696648 order=BGRA saved=1
2026.09.29-14.41.08 SHOT late begin file=phase2-board-host-1920x1080.png frame=1055 requestFrame=1055
2026.09.29-14.41.08 SHOT icon fighter=f-1-hero bbox=(1205,464,1253,512) size=48 src=flag planned=(1205,464,1253,512) geom=painted visible=1 anchor=right fallback=0 overlapPx2=0 texture=/Game/ArtTests/ARTMarkers/Textures/T_UI_Action_AttackToken_48 frame=1055
2026.09.29-14.41.08 SHOT widget id=plate impl=umg state=own fighter=f-0-hero bbox=(836,475,1008,529) geom=painted visible=1 twin=0 source=/Game/S08/UI/ArtHud/WBP_S08ArtPlate frame=1055
2026.09.29-14.41.08 SHOT widget id=plate.marker impl=umg state=own fighter=f-0-hero bbox=(836,475,1008,478) geom=painted visible=1 twin=0 source=/Game/S08/UI/ArtHud/WBP_S08ArtPlate frame=1055
2026.09.29-14.41.08 SHOT widget id=plate.name impl=umg state=own fighter=f-0-hero bbox=(842,480,942,499) geom=painted visible=1 twin=0 source=/Game/S08/UI/ArtHud/WBP_S08ArtPlate frame=1055
2026.09.29-14.41.08 SHOT widget id=plate.team impl=umg state=own fighter=f-0-hero bbox=(942,483,1002,496) geom=painted visible=1 twin=0 source=/Game/S08/UI/ArtHud/WBP_S08ArtPlate frame=1055
2026.09.29-14.41.08 SHOT widget id=plate.hpbar impl=umg state=own fighter=f-0-hero bbox=(842,505,938,512) geom=painted visible=1 twin=0 source=/Game/S08/UI/ArtHud/WBP_S08ArtPlate frame=1055
2026.09.29-14.41.08 SHOT widget id=plate.hpfill impl=umg state=own fighter=f-0-hero bbox=(842,505,938,512) geom=painted visible=1 twin=0 source=/Game/S08/UI/ArtHud/WBP_S08ArtPlate frame=1055
2026.09.29-14.41.08 SHOT widget id=plate.hp impl=umg state=own fighter=f-0-hero bbox=(944,501,997,516) geom=painted visible=1 twin=0 source=/Game/S08/UI/ArtHud/WBP_S08ArtPlate frame=1055
2026.09.29-14.41.08 SHOT widget id=plate.status impl=umg state=own fighter=f-0-hero bbox=(842,518,1002,531) geom=painted visible=1 twin=0 source=/Game/S08/UI/ArtHud/WBP_S08ArtPlate frame=1055
2026.09.29-14.41.08 SHOT widget id=plate.teamshape impl=umg state=own fighter=f-0-hero bbox=(946,484,958,496) geom=painted visible=1 twin=0 source=/Game/S08/UI/ArtHud/WBP_S08ArtPlate frame=1055
2026.09.29-14.41.08 SHOT widget id=icon impl=umg state=flag fighter=f-1-hero bbox=(1205,464,1253,512) geom=painted visible=1 twin=0 source=/Game/S08/UI/ArtHud/WBP_S08ArtIcon frame=1055
2026.09.29-14.41.08 SHOT widget id=board.tag impl=umg state=hidden fighter=f-0-hero bbox=(0,0,0,0) geom=unpainted visible=0 twin=0 source=/Game/S08/UI/ArtHud/WBP_S08ArtTag mode=hidden look=P1 shape=circle placement=right ring=0 order=2 bound=1 softPx2=0 planned=(832,439,934,461) frame=1055
2026.09.29-14.41.08 SHOT widget id=board.tag.hp impl=umg state=hidden fighter=f-0-hero bbox=(0,0,0,0) geom=unpainted visible=0 twin=0 source=/Game/S08/UI/ArtHud/WBP_S08ArtTag mode=hidden look=P1 shape=circle placement=right ring=0 order=2 bound=1 softPx2=0 planned=(832,439,934,461) frame=1055 font=11
2026.09.29-14.41.08 SHOT widget id=board.tag.bar impl=umg state=hidden fighter=f-0-hero bbox=(0,0,0,0) geom=unpainted visible=0 twin=0 source=/Game/S08/UI/ArtHud/WBP_S08ArtTag mode=hidden look=P1 shape=circle placement=right ring=0 order=2 bound=1 softPx2=0 planned=(832,439,934,461) frame=1055
2026.09.29-14.41.08 SHOT widget id=board.tag.chip impl=umg state=hidden fighter=f-0-hero bbox=(0,0,0,0) geom=unpainted visible=0 twin=0 source=/Game/S08/UI/ArtHud/WBP_S08ArtTag mode=hidden look=P1 shape=circle placement=right ring=0 order=2 bound=1 softPx2=0 planned=(832,439,934,461) frame=1055
2026.09.29-14.41.08 SHOT widget id=board.tag impl=umg state=full fighter=f-0-sk0 bbox=(816,616,907,657) geom=painted visible=1 twin=0 source=/Game/S08/UI/ArtHud/WBP_S08ArtTag mode=full look=P1 shape=circle placement=right ring=0 order=4 bound=1 softPx2=0 planned=(816,616,907,657) frame=1055
2026.09.29-14.41.08 SHOT widget id=board.tag.name impl=umg state=full fighter=f-0-sk0 bbox=(835,618,903,637) geom=painted visible=1 twin=0 source=/Game/S08/UI/ArtHud/WBP_S08ArtTag mode=full look=P1 shape=circle placement=right ring=0 order=4 bound=1 softPx2=0 planned=(816,616,907,657) frame=1055 font=12
2026.09.29-14.41.08 SHOT widget id=board.tag.hp impl=umg state=full fighter=f-0-sk0 bbox=(872,637,896,655) geom=painted visible=1 twin=0 source=/Game/S08/UI/ArtHud/WBP_S08ArtTag mode=full look=P1 shape=circle placement=right ring=0 order=4 bound=1 softPx2=0 planned=(816,616,907,657) frame=1055 font=11
2026.09.29-14.41.08 SHOT widget id=board.tag.bar impl=umg state=full fighter=f-0-sk0 bbox=(835,644,869,649) geom=painted visible=1 twin=0 source=/Game/S08/UI/ArtHud/WBP_S08ArtTag mode=full look=P1 shape=circle placement=right ring=0 order=4 bound=1 softPx2=0 planned=(816,616,907,657) frame=1055
2026.09.29-14.41.08 SHOT widget id=board.tag.chip impl=umg state=full fighter=f-0-sk0 bbox=(820,631,832,643) geom=painted visible=1 twin=0 source=/Game/S08/UI/ArtHud/WBP_S08ArtTag mode=full look=P1 shape=circle placement=right ring=0 order=4 bound=1 softPx2=0 planned=(816,616,907,657) frame=1055
2026.09.29-14.41.08 SHOT widget id=board.tag impl=umg state=full fighter=f-0-sk1 bbox=(736,276,827,317) geom=painted visible=1 twin=0 source=/Game/S08/UI/ArtHud/WBP_S08ArtTag mode=full look=P1 shape=circle placement=above ring=0 order=1 bound=1 softPx2=0 planned=(736,276,827,317) frame=1055
2026.09.29-14.41.08 SHOT widget id=board.tag.name impl=umg state=full fighter=f-0-sk1 bbox=(755,278,823,297) geom=painted visible=1 twin=0 source=/Game/S08/UI/ArtHud/WBP_S08ArtTag mode=full look=P1 shape=circle placement=above ring=0 order=1 bound=1 softPx2=0 planned=(736,276,827,317) frame=1055 font=12
2026.09.29-14.41.08 SHOT widget id=board.tag.hp impl=umg state=full fighter=f-0-sk1 bbox=(792,297,816,315) geom=painted visible=1 twin=0 source=/Game/S08/UI/ArtHud/WBP_S08ArtTag mode=full look=P1 shape=circle placement=above ring=0 order=1 bound=1 softPx2=0 planned=(736,276,827,317) frame=1055 font=11
2026.09.29-14.41.08 SHOT widget id=board.tag.bar impl=umg state=full fighter=f-0-sk1 bbox=(755,304,789,309) geom=painted visible=1 twin=0 source=/Game/S08/UI/ArtHud/WBP_S08ArtTag mode=full look=P1 shape=circle placement=above ring=0 order=1 bound=1 softPx2=0 planned=(736,276,827,317) frame=1055
2026.09.29-14.41.08 SHOT widget id=board.tag.chip impl=umg state=full fighter=f-0-sk1 bbox=(740,291,752,303) geom=painted visible=1 twin=0 source=/Game/S08/UI/ArtHud/WBP_S08ArtTag mode=full look=P1 shape=circle placement=above ring=0 order=1 bound=1 softPx2=0 planned=(736,276,827,317) frame=1055
2026.09.29-14.41.08 SHOT widget id=board.tag impl=umg state=full fighter=f-0-sk2 bbox=(546,420,637,461) geom=painted visible=1 twin=0 source=/Game/S08/UI/ArtHud/WBP_S08ArtTag mode=full look=P1 shape=circle placement=above ring=0 order=3 bound=1 softPx2=0 planned=(546,420,637,461) frame=1055
2026.09.29-14.41.08 SHOT widget id=board.tag.name impl=umg state=full fighter=f-0-sk2 bbox=(565,422,633,441) geom=painted visible=1 twin=0 source=/Game/S08/UI/ArtHud/WBP_S08ArtTag mode=full look=P1 shape=circle placement=above ring=0 order=3 bound=1 softPx2=0 planned=(546,420,637,461) frame=1055 font=12
2026.09.29-14.41.08 SHOT widget id=board.tag.hp impl=umg state=full fighter=f-0-sk2 bbox=(602,441,626,459) geom=painted visible=1 twin=0 source=/Game/S08/UI/ArtHud/WBP_S08ArtTag mode=full look=P1 shape=circle placement=above ring=0 order=3 bound=1 softPx2=0 planned=(546,420,637,461) frame=1055 font=11
2026.09.29-14.41.08 SHOT widget id=board.tag.bar impl=umg state=full fighter=f-0-sk2 bbox=(565,448,599,453) geom=painted visible=1 twin=0 source=/Game/S08/UI/ArtHud/WBP_S08ArtTag mode=full look=P1 shape=circle placement=above ring=0 order=3 bound=1 softPx2=0 planned=(546,420,637,461) frame=1055
2026.09.29-14.41.08 SHOT widget id=board.tag.chip impl=umg state=full fighter=f-0-sk2 bbox=(550,435,562,447) geom=painted visible=1 twin=0 source=/Game/S08/UI/ArtHud/WBP_S08ArtTag mode=full look=P1 shape=circle placement=above ring=0 order=3 bound=1 softPx2=0 planned=(546,420,637,461) frame=1055
2026.09.29-14.41.08 SHOT widget id=board.tag impl=umg state=full fighter=f-1-hero bbox=(1093,395,1198,436) geom=painted visible=1 twin=0 source=/Game/S08/UI/ArtHud/WBP_S08ArtTag mode=full look=P2 shape=hex placement=above ring=0 order=0 bound=1 softPx2=0 planned=(1093,395,1198,436) frame=1055
2026.09.29-14.41.08 SHOT widget id=board.tag.name impl=umg state=full fighter=f-1-hero bbox=(1112,397,1194,416) geom=painted visible=1 twin=0 source=/Game/S08/UI/ArtHud/WBP_S08ArtTag mode=full look=P2 shape=hex placement=above ring=0 order=0 bound=1 softPx2=0 planned=(1093,395,1198,436) frame=1055 font=12
2026.09.29-14.41.08 SHOT widget id=board.tag.hp impl=umg state=full fighter=f-1-hero bbox=(1149,416,1191,434) geom=painted visible=1 twin=0 source=/Game/S08/UI/ArtHud/WBP_S08ArtTag mode=full look=P2 shape=hex placement=above ring=0 order=0 bound=1 softPx2=0 planned=(1093,395,1198,436) frame=1055 font=11
2026.09.29-14.41.08 SHOT widget id=board.tag.bar impl=umg state=full fighter=f-1-hero bbox=(1112,423,1146,428) geom=painted visible=1 twin=0 source=/Game/S08/UI/ArtHud/WBP_S08ArtTag mode=full look=P2 shape=hex placement=above ring=0 order=0 bound=1 softPx2=0 planned=(1093,395,1198,436) frame=1055
2026.09.29-14.41.08 SHOT widget id=board.tag.chip impl=umg state=full fighter=f-1-hero bbox=(1097,410,1109,422) geom=painted visible=1 twin=0 source=/Game/S08/UI/ArtHud/WBP_S08ArtTag mode=full look=P2 shape=hex placement=above ring=0 order=0 bound=1 softPx2=0 planned=(1093,395,1198,436) frame=1055
2026.09.29-14.41.08 SHOT widget id=board.tag impl=umg state=full fighter=f-1-sk0 bbox=(1289,398,1373,439) geom=painted visible=1 twin=0 source=/Game/S08/UI/ArtHud/WBP_S08ArtTag mode=full look=P2 shape=hex placement=above ring=0 order=2 bound=1 softPx2=0 planned=(1289,398,1373,439) frame=1055
2026.09.29-14.41.08 SHOT widget id=board.tag.name impl=umg state=full fighter=f-1-sk0 bbox=(1308,400,1353,419) geom=painted visible=1 twin=0 source=/Game/S08/UI/ArtHud/WBP_S08ArtTag mode=full look=P2 shape=hex placement=above ring=0 order=2 bound=1 softPx2=0 planned=(1289,398,1373,439) frame=1055 font=12
2026.09.29-14.41.08 SHOT widget id=board.tag.hp impl=umg state=full fighter=f-1-sk0 bbox=(1345,419,1369,437) geom=painted visible=1 twin=0 source=/Game/S08/UI/ArtHud/WBP_S08ArtTag mode=full look=P2 shape=hex placement=above ring=0 order=2 bound=1 softPx2=0 planned=(1289,398,1373,439) frame=1055 font=11
2026.09.29-14.41.08 SHOT widget id=board.tag.bar impl=umg state=full fighter=f-1-sk0 bbox=(1308,426,1342,431) geom=painted visible=1 twin=0 source=/Game/S08/UI/ArtHud/WBP_S08ArtTag mode=full look=P2 shape=hex placement=above ring=0 order=2 bound=1 softPx2=0 planned=(1289,398,1373,439) frame=1055
2026.09.29-14.41.08 SHOT widget id=board.tag.chip impl=umg state=full fighter=f-1-sk0 bbox=(1293,413,1305,425) geom=painted visible=1 twin=0 source=/Game/S08/UI/ArtHud/WBP_S08ArtTag mode=full look=P2 shape=hex placement=above ring=0 order=2 bound=1 softPx2=0 planned=(1289,398,1373,439) frame=1055
2026.09.29-14.41.08 SHOT panel id=hud.command bbox=(0,0,601,138) geom=painted visible=1 frame=1055
2026.09.29-14.41.08 SHOT panel id=hud.side bbox=(1432,0,1920,121) geom=painted visible=1 frame=1055
2026.09.29-14.41.08 SHOT panel id=hud.hand bbox=(317,985,1604,1080) geom=painted visible=1 frame=1055
2026.09.29-14.41.08 SHOT late end file=phase2-board-host-1920x1080.png frame=1055
2026.09.29-14.41.08 game -> room=cmumsa2mz00vlwivca9wsejt5 code=<redacted> status=IN_PROGRESS
2026.09.29-14.41.11 game -> room=cmumsa2mz00vlwivca9wsejt5 code=<redacted> status=IN_PROGRESS
2026.09.29-14.41.12 PERF window t=35.1-40.2 frames=139 fps=27.66 frameMs avg=36.15 p50=33.34 p95=34.49 p99=38.12 max=402.04 hitches50=1 gpuMs avg=2.05 p50=2.04 p95=2.24 gameMs avg=5.65 p95=4.53 renderMs avg=6.05 p95=7.64
2026.09.29-14.41.15 game -> room=cmumsa2mz00vlwivca9wsejt5 code=<redacted> status=IN_PROGRESS
2026.09.29-14.41.17 PERF window t=40.2-45.2 frames=137 fps=25.84 frameMs avg=38.71 p50=33.36 p95=43.76 p99=50.10 max=669.71 hitches50=2 gpuMs avg=2.00 p50=1.98 p95=2.17 gameMs avg=3.29 p95=4.01 renderMs avg=7.22 p95=8.71
2026.09.29-14.41.18 game -> room=cmumsa2mz00vlwivca9wsejt5 code=<redacted> status=IN_PROGRESS
2026.09.29-14.41.21 game -> room=cmumsa2mz00vlwivca9wsejt5 code=<redacted> status=IN_PROGRESS
2026.09.29-14.41.22 PERF summary scope=afterWarmup warmup=5 elapsed=50.0 frames=1311 fps=28.94 frameMs avg=34.55 p50=33.35 p95=34.32 p99=43.76 max=669.71 hitches50=5 gpuMs avg=1.67 p50=1.87 p95=2.14 gameMs avg=3.10 p95=4.21 renderMs avg=5.92 p95=7.70
2026.09.29-14.41.22 PERF summary scope=started elapsed=50.0 frames=694 fps=28.29 frameMs avg=35.35 p50=33.35 p95=34.48 p99=46.24 max=669.71 hitches50=4 gpuMs avg=1.99 p50=1.97 p95=2.20 gameMs avg=3.75 p95=4.75 renderMs avg=6.66 p95=8.25
2026.09.29-14.41.22 PERF summary scope=artHud impl=umg elapsed=50.0 frames=452 fps=27.78 frameMs avg=35.99 p50=33.35 p95=34.96 p99=47.37 max=669.71 hitches50=3 gpuMs avg=2.01 p50=1.98 p95=2.19 gameMs avg=3.95 p95=5.01 renderMs avg=6.64 p95=8.41
2026.09.29-14.41.22 --- S08 trace close ---
