2026.09.29-14.40.43 --- S08 trace open 2026.09.29-14.40.43 ---
2026.09.29-14.40.43 HUD team chips ready=1 mode=absolute tagNames=rule
2026.09.29-14.40.43 HUD icon texture size=32 ready=1 path=/Game/ArtTests/ARTMarkers/Textures/T_UI_Action_AttackToken_32 texture=32x32 probe=0 plate=1
2026.09.29-14.40.43 HUD art widget tag impl=umg source=/Game/S08/UI/ArtHud/WBP_S08ArtTag class=/Game/S08/UI/ArtHud/WBP_S08ArtTag.WBP_S08ArtTag_C count=8 missing=- codeDefaultTree=0
2026.09.29-14.40.43 HUD art widget plate impl=umg source=/Game/S08/UI/ArtHud/WBP_S08ArtPlate class=/Game/S08/UI/ArtHud/WBP_S08ArtPlate.WBP_S08ArtPlate_C parts=1 missing=- codeDefaultTree=0
2026.09.29-14.40.43 HUD art widget icon impl=umg source=/Game/S08/UI/ArtHud/WBP_S08ArtIcon class=/Game/S08/UI/ArtHud/WBP_S08ArtIcon.WBP_S08ArtIcon_C parts=1 missing=- codeDefaultTree=0
2026.09.29-14.40.43 HUD art widget damage impl=umg source=/Game/S08/UI/ArtHud/WBP_S08ArtDamage class=/Game/S08/UI/ArtHud/WBP_S08ArtDamage.WBP_S08ArtDamage_C parts=1 missing=- codeDefaultTree=0
2026.09.29-14.40.43 RENDER preset applied=High flag=S08RenderPreset
2026.09.29-14.40.43 LOGIN ok user=art-preview-joiner
2026.09.29-14.40.47 HEROES loaded 84
2026.09.29-14.40.47 CODE resolved -> cmumsa2mz00vlwivca9wsejt5
2026.09.29-14.40.48 joinGame -> room=cmumsa2mz00vlwivca9wsejt5 code=<redacted> status=LOBBY
2026.09.29-14.40.48 PERF config tMaxFPS=30.0 frameRateLimit=60.0 vsync=0 smoothFrameRate=0 fixedFrameRate=0 rhi=D3D12
2026.09.29-14.40.48 RENDER tag=PERF rhi=D3D12 featureLevel=SM6 shaderPlatform=PCD3D_SM6 lumenPlatform=1 gi=lumen giMethod=1 refl=lumen reflMethod=1 shadows=csm vsmEnable=0 sg.res=100 sg.view=2 sg.aa=2 sg.shadow=2 sg.gi=2 sg.refl=2 sg.pp=2 sg.tex=2 sg.fx=2 sg.foliage=2 sg.shading=2 sg.landscape=2 preset=High screenPct=100.0 screenPctMode=0 aa=TSR aaMethod=4 exposure=engine-default expMin=1.00000 expMax=1.00000 expBias=1.000 ev100=0.00 lightUnits=- sky=0 skyIntensity=0.000 keyShadow=- shadowCasters=0 profile=- profilesSha256=- profilesSource=- legacyRender=0 gameLayer=unlit-eyeadaptinv tMaxFPS=30.0 vsync=0 frameRateLimit=60.0 substrate=0 nanite=1 meshDF=1 viewport=1920x1080 reference=0 notReference=noArtProfile,exposure,lightUnits,profilesSource
2026.09.29-14.40.48 PERF window t=0.0-5.1 frames=150 fps=29.56 frameMs avg=33.83 p50=33.36 p95=35.21 p99=45.71 max=51.79 hitches50=1 gpuMs avg=1.28 p50=1.30 p95=1.42 gameMs avg=2.47 p95=3.17 renderMs avg=2871.47 p95=6.01
2026.09.29-14.40.49 game -> room=cmumsa2mz00vlwivca9wsejt5 code=<redacted> status=LOBBY
2026.09.29-14.40.50 selectHero -> room=cmumsa2mz00vlwivca9wsejt5 code=<redacted> status=LOBBY
2026.09.29-14.40.52 game -> room=cmumsa2mz00vlwivca9wsejt5 code=<redacted> status=LOBBY
2026.09.29-14.40.53 toggleReady -> room=cmumsa2mz00vlwivca9wsejt5 code=<redacted> status=LOBBY
2026.09.29-14.40.53 PERF window t=5.1-10.1 frames=149 fps=29.77 frameMs avg=33.59 p50=33.34 p95=33.90 p99=39.89 max=47.69 hitches50=0 gpuMs avg=1.34 p50=1.32 p95=1.40 gameMs avg=2.31 p95=3.69 renderMs avg=4.73 p95=5.82
2026.09.29-14.40.55 game -> room=cmumsa2mz00vlwivca9wsejt5 code=<redacted> status=LOBBY
2026.09.29-14.40.58 PERF window t=10.1-15.1 frames=149 fps=29.60 frameMs avg=33.78 p50=33.39 p95=35.38 p99=41.28 max=49.82 hitches50=0 gpuMs avg=1.32 p50=1.32 p95=1.37 gameMs avg=2.35 p95=3.28 renderMs avg=5.33 p95=5.99
2026.09.29-14.40.59 game -> room=cmumsa2mz00vlwivca9wsejt5 code=<redacted> status=IN_PROGRESS
2026.09.29-14.40.59 WS DROPPED (test-initiated transport loss)
2026.09.29-14.40.59 WS closed (test drop) - reconnect in 1s
2026.09.29-14.40.59 SNAPSHOT applied seq=1 phase=ACTION_MANEUVER
2026.09.29-14.40.59 HANDLE_APPLIED #1 seq=1 decision=2 fightersValid=1 boardValid=1
2026.09.29-14.40.59 MODE seq=1 mode=0 combat=0 pending=0
2026.09.29-14.40.59 HUD seq=1 phase=ACTION_MANEUVER turn=opp hand=5 oppHand=5(hidden) oppDeck=25 deck=25 discard=0
2026.09.29-14.40.59 ARTPREVIEW board profiles loaded=1 revision=4 boards=3 zoneStyles=11 lightProfiles=3 errors=0 path=Config/ArtBoards/S08ArtBoardProfiles.json
2026.09.29-14.40.59 ARTPREVIEW board profiles source=pak sha256=c66a8d573d029f413e1a759d70e1ec2d1105fe836a7feabb6a3f07b09250b64b
2026.09.29-14.40.59 ARTPREVIEW zone content instances=12/12 glyphMeshes=11/11
2026.09.29-14.40.59 ARTPREVIEW zone keyline content mi=MI_ART005_Zone_Keyline glyphKeyMeshes=11/11 color=#111317
2026.09.29-14.40.59 ARTPREVIEW game layer material=M_S08_GameLayerUnlit unlitEyeAdaptInv=1 legacyRender=0
2026.09.29-14.40.59 ARTPREVIEW Cobble assets ready
2026.09.29-14.40.59 ARTPREVIEW board assets ready cobbleMesh=1 tiles=1 zoneMaterials=2
2026.09.29-14.40.59 ARTPREVIEW medusa candidate variant=face-neck-v2 mesh=SK_Medusa_FaceNeck_v2Candidate requested=face-neck-v2
2026.09.29-14.40.59 ARTPREVIEW board profile=t-rex-paddock-art-fixture match=boardId board=7x5 boardId=c70e9f624617750c2a2b856fd surface=tiles light=paddock-probe artFixture=1
2026.09.29-14.40.59 ARTPREVIEW light profile=paddock-probe name=key role=key kind=directional at=(-350,-150,600) intensity=3.5 units=lux radius=0 color=(0.62,0.69,0.88) shadow=1
2026.09.29-14.40.59 ARTPREVIEW light profile=paddock-probe name=warm-practical role=warm kind=point at=(105,-225,250) intensity=130 units=candelas radius=430 color=(1.00,0.59,0.30) shadow=0
2026.09.29-14.40.59 ARTPREVIEW light profile=paddock-probe name=cyan-rim role=cool kind=point at=(-315,-225,250) intensity=85 units=candelas radius=420 color=(0.55,0.80,1.00) shadow=0
2026.09.29-14.40.59 ARTPREVIEW light profile=paddock-probe name=indigo-pool role=cool kind=point at=(245,200,240) intensity=70 units=candelas radius=360 color=(0.45,0.50,0.95) shadow=0
2026.09.29-14.40.59 ARTPREVIEW sky profile=paddock-probe cubemap=/Game/S08/Render/TC_S08_AmbientDome loaded=1 spawned=1 intensity=14.1 color=(0.84,0.88,0.96) lowerBlack=0
2026.09.29-14.40.59 ARTPREVIEW exposure profile=paddock-probe method=histogram-fixed min=2.46229 max=2.46229 bias=0.000 ev100=1.30 volume=1
2026.09.29-14.40.59 ARTPREVIEW lights applied profile=paddock-probe directional=1 shadow=1 points=3 pointShadows=0 budgetOk=1
2026.09.29-14.40.59 ARTPREVIEW render profile=paddock-probe units=candelas sky=1 exposure=1 keyShadow=csm-3000uu-2c-contact0.000 shadowCasters=1 legacyRender=0
2026.09.29-14.40.59 ARTPREVIEW board zone keylines pieces=111 glyphKeys=39 glyphKeyCubePieces=0 mi=MI_ART005_Zone_Keyline growUU=1.5 edgeUU=42.0 maxOuterUU=45.0
2026.09.29-14.40.59 ARTPREVIEW board glyph meshes instances=39 keys=6/6 cubePieces=0 anchors=39
2026.09.29-14.40.59 ARTPREVIEW board active profile=t-rex-paddock-art-fixture 7x5 surface=tiles cells=35 zoneCells=26 multizone=13 triple=0 obstacles=9 zoneKeys=6 strokes=111 glyphs=80 surfaceParts=30 glyphMaterial=zone expectOk=1
2026.09.29-14.40.59 ARTPREVIEW board zone key=blue cells=6 stroke=solid glyph=diamond color=#3B78D8 ismUsage=1 strokePieces=6 glyphPieces=6 mi=MI_ART005_Zone_Blue glyphMesh=SM_ART005_ZoneGlyph_Diamond glyphInstances=6 fallback=0
2026.09.29-14.40.59 ARTPREVIEW board zone key=blue-green cells=7 stroke=double glyph=bars3 color=#34C3B6 ismUsage=1 strokePieces=14 glyphPieces=21 mi=MI_ART005_Zone_BlueGreen glyphMesh=SM_ART005_ZoneGlyph_Bars3 glyphInstances=7 fallback=0
2026.09.29-14.40.59 ARTPREVIEW board zone key=gray cells=7 stroke=dots5 glyph=square color=#7F868E ismUsage=1 strokePieces=35 glyphPieces=7 mi=MI_ART005_Zone_Gray glyphMesh=SM_ART005_ZoneGlyph_Square glyphInstances=7 fallback=0
2026.09.29-14.40.59 ARTPREVIEW board zone key=green cells=8 stroke=dash2 glyph=cross color=#46B45A ismUsage=1 strokePieces=16 glyphPieces=16 mi=MI_ART005_Zone_Green glyphMesh=SM_ART005_ZoneGlyph_Cross glyphInstances=8 fallback=0
2026.09.29-14.40.59 ARTPREVIEW board zone key=purple cells=4 stroke=dashdot glyph=ring color=#A070DC ismUsage=1 strokePieces=12 glyphPieces=16 mi=MI_ART005_Zone_Purple glyphMesh=SM_ART005_ZoneGlyph_Ring glyphInstances=4 fallback=0
2026.09.29-14.40.59 ARTPREVIEW board zone key=yellow cells=7 stroke=dash4 glyph=chevron color=#F4D24A ismUsage=1 strokePieces=28 glyphPieces=14 mi=MI_ART005_Zone_Yellow glyphMesh=SM_ART005_ZoneGlyph_Chevron glyphInstances=7 fallback=0
2026.09.29-14.40.59 ARTPREVIEW board multizone cells=13 zonesListed=26 zonesMarked=26
2026.09.29-14.40.59 ARTPREVIEW board multizone cell=(0,0) blue+green strokeSides=0+1 glyphSlots=0+1 marked=2/2
2026.09.29-14.40.59 ARTPREVIEW board multizone cell=(3,0) green+yellow strokeSides=0+1 glyphSlots=0+1 marked=2/2
2026.09.29-14.40.59 ARTPREVIEW board multizone cell=(2,1) green+yellow strokeSides=0+1 glyphSlots=0+1 marked=2/2
2026.09.29-14.40.59 ARTPREVIEW board multizone cell=(3,1) green+yellow strokeSides=0+1 glyphSlots=0+1 marked=2/2
2026.09.29-14.40.59 ARTPREVIEW board multizone cell=(5,1) gray+blue-green strokeSides=0+1 glyphSlots=0+1 marked=2/2
2026.09.29-14.40.59 ARTPREVIEW board multizone cell=(1,2) blue+yellow strokeSides=0+1 glyphSlots=0+1 marked=2/2
2026.09.29-14.40.59 ARTPREVIEW board multizone cell=(2,2) green+yellow strokeSides=0+1 glyphSlots=0+1 marked=2/2
2026.09.29-14.40.59 ARTPREVIEW board multizone cell=(4,2) gray+green strokeSides=0+1 glyphSlots=0+1 marked=2/2
2026.09.29-14.40.59 ARTPREVIEW board multizone cell=(5,2) gray+blue-green strokeSides=0+1 glyphSlots=0+1 marked=2/2
2026.09.29-14.40.59 ARTPREVIEW board multizone cell=(0,4) blue+purple strokeSides=0+1 glyphSlots=0+1 marked=2/2
2026.09.29-14.40.59 ARTPREVIEW board multizone cell=(2,4) purple+yellow strokeSides=0+1 glyphSlots=0+1 marked=2/2
2026.09.29-14.40.59 ARTPREVIEW board multizone cell=(3,4) gray+purple strokeSides=0+1 glyphSlots=0+1 marked=2/2
2026.09.29-14.40.59 ARTPREVIEW board multizone cell=(5,4) gray+blue-green strokeSides=0+1 glyphSlots=0+1 marked=2/2
2026.09.29-14.40.59 CAMERA dist=1672 loc=(0,959,1370) pitch=-55 yaw=-90
2026.09.29-14.40.59 CAMERA config overview=1672.1 nearest=300.0 farthest=2572.5 zoomRange=0.65-5.57 minDist=300.0 outRatio=0.650 step=1.250 animMs=200 returnMs=300 followFrom=1.20 source=defaults issues=0
2026.09.29-14.40.59 BOARD 7x5 cells | control points: (0,0)=(-300,-200,0) (6,4)=(300,200,0) | neighbor pair (dist 100 uu)
2026.09.29-14.40.59 ARTPREVIEW team mapping mode=absolute source=seatOrder viewerTeam=P2 p1=f-0-hero,f-0-sk0,f-0-sk1,f-0-sk2 p2=f-1-hero,f-1-sk0
2026.09.29-14.40.59 ARTPREVIEW medusa materials fighter=f-0-hero team=enemy mesh=SK_Medusa_FaceNeck_v2Candidate slots=2 mi=/Game/ArtPreview/Medusa/Materials/MI_Medusa_P1.MI_Medusa_P1 slot1=/Game/ArtPreview/Medusa/Materials/MI_Medusa_P1.MI_Medusa_P1 base=/Game/ArtPreview/Medusa/Materials/MI_Medusa_P1.MI_Medusa_P1 parent=/Game/ArtPreview/Medusa/Materials/M_Medusa_Atlas.M_Medusa_Atlas params=1 miSha256=82a4841cddb2a2412b85684e27e6076e0fb1f55fdffe60c830a10c2454cfd971 teamSlot=P1 look=P1 mode=absolute
2026.09.29-14.40.59 ARTPREVIEW click capsule fighter=f-0-hero mesh=SK_Medusa_FaceNeck_v2Candidate physicsAsset=0 radius=12.5 halfHeight=27.5 top=55.0 bodyCollision=0 source=meshBounds
2026.09.29-14.40.59 ARTPREVIEW fighter=Medusa hero=1 eligible=1 visual=1 mesh=SK_Medusa_FaceNeck_v2Candidate
2026.09.29-14.40.59 ARTPREVIEW team ring fighter=f-0-hero team=P1 look=P1 mode=absolute shape=circle shown=1 mesh=SM_Marker_TeamRing_P1 fill=#E8C06A keyline=#111317 fillLinear=(0.8070,0.5271,0.1441) zMin=0.60 zMax=1.20 scale=1.00 base=hidden blockout=0 art=1
2026.09.29-14.40.59 ARTPREVIEW click capsule fighter=f-0-sk0 mesh=SM_ART003_Harpy physicsAsset=0 radius=20.0 halfHeight=21.0 top=42.0 bodyCollision=0 source=meshBounds
2026.09.29-14.40.59 ARTPREVIEW team ring fighter=f-0-sk0 team=P1 look=P1 mode=absolute shape=circle shown=1 mesh=SM_Marker_TeamRing_P1 fill=#E8C06A keyline=#111317 fillLinear=(0.8070,0.5271,0.1441) zMin=0.60 zMax=1.20 scale=0.78 base=hidden blockout=1 art=0
2026.09.29-14.40.59 ARTPREVIEW click capsule fighter=f-0-sk1 mesh=SM_ART003_Harpy physicsAsset=0 radius=20.0 halfHeight=21.0 top=42.0 bodyCollision=0 source=meshBounds
2026.09.29-14.40.59 ARTPREVIEW team ring fighter=f-0-sk1 team=P1 look=P1 mode=absolute shape=circle shown=1 mesh=SM_Marker_TeamRing_P1 fill=#E8C06A keyline=#111317 fillLinear=(0.8070,0.5271,0.1441) zMin=0.60 zMax=1.20 scale=0.78 base=hidden blockout=1 art=0
2026.09.29-14.40.59 ARTPREVIEW click capsule fighter=f-0-sk2 mesh=SM_ART003_Harpy physicsAsset=0 radius=20.0 halfHeight=21.0 top=42.0 bodyCollision=0 source=meshBounds
2026.09.29-14.40.59 ARTPREVIEW team ring fighter=f-0-sk2 team=P1 look=P1 mode=absolute shape=circle shown=1 mesh=SM_Marker_TeamRing_P1 fill=#E8C06A keyline=#111317 fillLinear=(0.8070,0.5271,0.1441) zMin=0.60 zMax=1.20 scale=0.78 base=hidden blockout=1 art=0
2026.09.29-14.40.59 ARTPREVIEW click capsule fighter=f-1-hero mesh=SM_ART003_Arthur physicsAsset=0 radius=17.8 halfHeight=28.0 top=56.0 bodyCollision=0 source=meshBounds
2026.09.29-14.40.59 ARTPREVIEW team ring fighter=f-1-hero team=P2 look=P2 mode=absolute shape=hexagon shown=1 mesh=SM_Marker_TeamRing_P2 fill=#5A7F9F keyline=#111317 fillLinear=(0.1022,0.2122,0.3467) zMin=0.60 zMax=1.20 scale=1.00 base=hidden blockout=1 art=0
2026.09.29-14.40.59 ARTPREVIEW click capsule fighter=f-1-sk0 mesh=SM_ART003_Merlin physicsAsset=0 radius=14.7 halfHeight=30.8 top=61.5 bodyCollision=0 source=meshBounds
2026.09.29-14.40.59 ARTPREVIEW team ring fighter=f-1-sk0 team=P2 look=P2 mode=absolute shape=hexagon shown=1 mesh=SM_Marker_TeamRing_P2 fill=#5A7F9F keyline=#111317 fillLinear=(0.1022,0.2122,0.3467) zMin=0.60 zMax=1.20 scale=0.78 base=hidden blockout=1 art=0
2026.09.29-14.40.59 FIGHTERS synced n=6 alive=6 own=2 enemy=4
2026.09.29-14.40.59 STATE seq=1 -> apply
2026.09.29-14.40.59 WS closed 1000 (normal closure)
2026.09.29-14.40.59 HUD art layer plate=1 iconSize=32 iconTexture=1 iconProbe=0 plan=0
2026.09.29-14.40.59 HUD art impl=umg plateViews=umg:/Game/S08/UI/ArtHud/WBP_S08ArtPlate iconViews=umg:/Game/S08/UI/ArtHud/WBP_S08ArtIcon textTable=S08ArtHud entries=13 missingKeys=0
2026.09.29-14.40.59 TAG fighter=f-1-hero bbox=(1266,4,1371,45) mode=full look=P2 placement=right ring=4 hardPx2=0 softPx2=0 order=0 bound=1
2026.09.29-14.40.59 TAG fighter=f-1-sk0 bbox=(918,542,1002,583) mode=full look=P2 placement=below ring=0 hardPx2=0 softPx2=0 order=1 bound=0
2026.09.29-14.40.59 ARTPREVIEW screen labels=1 (world TextRender labels and damage text hidden)
2026.09.29-14.40.59 TAG fighter=f-0-hero bbox=(832,439,934,461) mode=compact look=P1 placement=right ring=0 hardPx2=0 softPx2=0 order=2 bound=1
2026.09.29-14.40.59 TAG fighter=f-0-sk0 bbox=(816,616,907,657) mode=full look=P1 placement=right ring=0 hardPx2=0 softPx2=0 order=5 bound=1
2026.09.29-14.40.59 TAG fighter=f-0-sk1 bbox=(736,276,827,317) mode=full look=P1 placement=above ring=0 hardPx2=0 softPx2=0 order=0 bound=1
2026.09.29-14.40.59 TAG fighter=f-0-sk2 bbox=(546,420,637,461) mode=full look=P1 placement=above ring=0 hardPx2=0 softPx2=0 order=4 bound=1
2026.09.29-14.40.59 TAG fighter=f-1-hero bbox=(1093,395,1198,436) mode=full look=P2 placement=above ring=0 hardPx2=0 softPx2=0 order=1 bound=1
2026.09.29-14.40.59 TAG fighter=f-1-sk0 bbox=(1289,398,1373,439) mode=full look=P2 placement=above ring=0 hardPx2=0 softPx2=0 order=3 bound=1
2026.09.29-14.41.00 WS reconnect attempt
2026.09.29-14.41.00 SUBSCRIBED gameStateUpdated since=1
2026.09.29-14.41.00 WS reconnected - refetching gameState
2026.09.29-14.41.00 SNAPSHOT applied seq=1 phase=ACTION_MANEUVER
2026.09.29-14.41.00 HANDLE_APPLIED #2 seq=1 decision=1 fightersValid=1 boardValid=1
2026.09.29-14.41.00 MODE seq=1 mode=0 combat=0 pending=0
2026.09.29-14.41.00 HUD seq=1 phase=ACTION_MANEUVER turn=opp hand=5 oppHand=5(hidden) oppDeck=25 deck=25 discard=0
2026.09.29-14.41.00 ARTPREVIEW fighter=Medusa hero=1 eligible=1 visual=1 mesh=SK_Medusa_FaceNeck_v2Candidate
2026.09.29-14.41.00 FIGHTERS synced n=6 alive=6 own=2 enemy=4
2026.09.29-14.41.00 STATE seq=1 -> merge
2026.09.29-14.41.00 SNAPSHOT applied seq=1 phase=ACTION_MANEUVER
2026.09.29-14.41.00 HANDLE_APPLIED #3 seq=1 decision=1 fightersValid=1 boardValid=1
2026.09.29-14.41.00 MODE seq=1 mode=0 combat=0 pending=0
2026.09.29-14.41.00 HUD seq=1 phase=ACTION_MANEUVER turn=opp hand=5 oppHand=5(hidden) oppDeck=25 deck=25 discard=0
2026.09.29-14.41.00 ARTPREVIEW fighter=Medusa hero=1 eligible=1 visual=1 mesh=SK_Medusa_FaceNeck_v2Candidate
2026.09.29-14.41.00 FIGHTERS synced n=6 alive=6 own=2 enemy=4
2026.09.29-14.41.00 WS seq=1 phase=ACTION_MANEUVER (merge)
2026.09.29-14.41.00 TAG fighter=f-0-hero bbox=(832,439,934,461) mode=compact look=P1 placement=right ring=0 hardPx2=0 softPx2=0 order=2 bound=1
2026.09.29-14.41.00 TAG fighter=f-0-sk0 bbox=(816,616,907,657) mode=full look=P1 placement=right ring=0 hardPx2=0 softPx2=0 order=5 bound=1
2026.09.29-14.41.00 TAG fighter=f-0-sk1 bbox=(736,276,827,317) mode=full look=P1 placement=above ring=0 hardPx2=0 softPx2=0 order=0 bound=1
2026.09.29-14.41.00 TAG fighter=f-0-sk2 bbox=(546,420,637,461) mode=full look=P1 placement=above ring=0 hardPx2=0 softPx2=0 order=4 bound=1
2026.09.29-14.41.00 TAG fighter=f-1-hero bbox=(1093,395,1198,436) mode=full look=P2 placement=above ring=0 hardPx2=0 softPx2=0 order=1 bound=1
2026.09.29-14.41.00 TAG fighter=f-1-sk0 bbox=(1289,398,1373,439) mode=full look=P2 placement=above ring=0 hardPx2=0 softPx2=0 order=3 bound=1
2026.09.29-14.41.02 game -> room=cmumsa2mz00vlwivca9wsejt5 code=<redacted> status=IN_PROGRESS
2026.09.29-14.41.04 PERF window t=15.1-20.1 frames=137 fps=26.71 frameMs avg=37.43 p50=33.33 p95=33.82 p99=98.19 max=504.96 hitches50=2 gpuMs avg=1.96 p50=1.96 p95=2.20 gameMs avg=3.12 p95=3.56 renderMs avg=6.24 p95=7.32
2026.09.29-14.41.05 game -> room=cmumsa2mz00vlwivca9wsejt5 code=<redacted> status=IN_PROGRESS
2026.09.29-14.41.08 game -> room=cmumsa2mz00vlwivca9wsejt5 code=<redacted> status=IN_PROGRESS
2026.09.29-14.41.09 PERF window t=20.1-25.1 frames=148 fps=29.59 frameMs avg=33.80 p50=33.35 p95=34.77 p99=47.89 max=52.12 hitches50=1 gpuMs avg=2.03 p50=2.02 p95=2.18 gameMs avg=2.83 p95=3.44 renderMs avg=7.53 p95=8.71
2026.09.29-14.41.11 game -> room=cmumsa2mz00vlwivca9wsejt5 code=<redacted> status=IN_PROGRESS
2026.09.29-14.41.14 PERF window t=25.1-30.1 frames=149 fps=29.73 frameMs avg=33.63 p50=33.35 p95=34.50 p99=38.27 max=48.66 hitches50=0 gpuMs avg=2.00 p50=1.98 p95=2.22 gameMs avg=2.55 p95=3.59 renderMs avg=6.32 p95=7.78
2026.09.29-14.41.14 game -> room=cmumsa2mz00vlwivca9wsejt5 code=<redacted> status=IN_PROGRESS
2026.09.29-14.41.17 game -> room=cmumsa2mz00vlwivca9wsejt5 code=<redacted> status=IN_PROGRESS
2026.09.29-14.41.19 PERF window t=30.1-35.2 frames=148 fps=29.56 frameMs avg=33.83 p50=33.34 p95=35.39 p99=47.82 max=49.96 hitches50=0 gpuMs avg=2.01 p50=1.99 p95=2.20 gameMs avg=2.61 p95=3.73 renderMs avg=6.85 p95=8.23
2026.09.29-14.41.19 SHOT ctx viewport=1920x1080 viewTarget=CameraActor_2147482316 cam=(0,959,1370) rot=(-55,-90,0)
2026.09.29-14.41.19 RENDER tag=SHOT rhi=D3D12 featureLevel=SM6 shaderPlatform=PCD3D_SM6 lumenPlatform=1 gi=lumen giMethod=1 refl=lumen reflMethod=1 shadows=csm vsmEnable=0 sg.res=100 sg.view=2 sg.aa=2 sg.shadow=2 sg.gi=2 sg.refl=2 sg.pp=2 sg.tex=2 sg.fx=2 sg.foliage=2 sg.shading=2 sg.landscape=2 preset=High screenPct=100.0 screenPctMode=0 aa=TSR aaMethod=4 exposure=fixed-histogram expMin=2.46229 expMax=2.46229 expBias=0.000 ev100=1.30 lightUnits=candelas sky=1 skyIntensity=14.100 keyShadow=csm-3000uu-2c-contact0.000 shadowCasters=1 profile=paddock-probe profilesSha256=c66a8d573d029f413e1a759d70e1ec2d1105fe836a7feabb6a3f07b09250b64b profilesSource=pak legacyRender=0 gameLayer=unlit-eyeadaptinv tMaxFPS=30.0 vsync=0 frameRateLimit=60.0 substrate=0 nanite=1 meshDF=1 viewport=1920x1080 reference=1
2026.09.29-14.41.19 SHOT fighter f-0-hero pos=(2,2) world=(-100,0,0) screen=(778,540) projected=1 alive=1
2026.09.29-14.41.19 SHOT fighter f-0-sk0 pos=(2,3) world=(-100,100,0) screen=(771,694) projected=1 alive=1
2026.09.29-14.41.19 SHOT fighter f-0-sk1 pos=(2,1) world=(-100,-100,0) screen=(784,396) projected=1 alive=1
2026.09.29-14.41.19 SHOT fighter f-0-sk2 pos=(1,2) world=(-200,0,0) screen=(596,540) projected=1 alive=1
2026.09.29-14.41.19 SHOT fighter f-1-hero pos=(4,2) world=(100,0,0) screen=(1142,540) projected=1 alive=1
2026.09.29-14.41.19 SHOT fighter f-1-sk0 pos=(5,2) world=(200,0,0) screen=(1324,540) projected=1 alive=1
2026.09.29-14.41.19 SHOT camera dist=1672.1 target=1672.1 overview=1672.1 errPct=0.000 focusErr=0.00 settled=1 zoom=1.00
2026.09.29-14.41.19 SHOT head fighter=f-0-hero socket=Head mesh=SK_Medusa_FaceNeck_v2Candidate world=(-100.0,-4.0,38.5) screen=(774.7,493.0) top=(774.1,486.5) bottom=(775.2,499.5) headPx=13.1 projected=1
2026.09.29-14.41.19 SHOT figure fighter=f-0-hero bbox=(718,439,830,582) ringR=28.00 art=1 blockout=0 team=P1 look=P1 ring=1
2026.09.29-14.41.19 SHOT figure fighter=f-0-sk0 bbox=(723,616,814,730) ringR=21.84 art=1 blockout=1 team=P1 look=P1 ring=1
2026.09.29-14.41.19 SHOT figure fighter=f-0-sk1 bbox=(740,319,823,426) ringR=21.84 art=1 blockout=1 team=P1 look=P1 ring=1
2026.09.29-14.41.19 SHOT figure fighter=f-0-sk2 bbox=(544,463,638,573) ringR=21.84 art=1 blockout=1 team=P1 look=P1 ring=1
2026.09.29-14.41.19 SHOT figure fighter=f-1-hero bbox=(1090,438,1202,582) ringR=28.00 art=1 blockout=1 team=P2 look=P2 ring=1
2026.09.29-14.41.19 SHOT figure fighter=f-1-sk0 bbox=(1282,441,1380,573) ringR=21.84 art=1 blockout=1 team=P2 look=P2 ring=1
2026.09.29-14.41.19 SHOT request file=phase2-board-joiner-1920x1080.png frame=1056
2026.09.29-14.41.19 SHOT requested: FScreenshotRequest(bShowUI) -> C:\Users\ren\AppData\Local\Temp\s08-phase2-20260929-194024-47028\phase2-board-joiner-1920x1080.png
2026.09.29-14.41.20 SHOT captured file=phase2-board-joiner-1920x1080.png frame=1056 px=1920x1080 sha256=d0bc9a7f7c0b2ff049abb0ea2945c714c6bdc012fd704925807849177cc0e849 order=BGRA saved=1
2026.09.29-14.41.20 SHOT late begin file=phase2-board-joiner-1920x1080.png frame=1056 requestFrame=1056
2026.09.29-14.41.20 SHOT iconstate visible=0 lastFighter=none frame=1056
2026.09.29-14.41.20 SHOT widget id=board.tag impl=umg state=compact fighter=f-0-hero bbox=(832,439,934,461) geom=painted visible=1 twin=0 source=/Game/S08/UI/ArtHud/WBP_S08ArtTag mode=compact look=P1 shape=circle placement=right ring=0 order=2 bound=1 softPx2=0 planned=(832,439,934,461) frame=1056
2026.09.29-14.41.20 SHOT widget id=board.tag.hp impl=umg state=compact fighter=f-0-hero bbox=(888,441,930,459) geom=painted visible=1 twin=0 source=/Game/S08/UI/ArtHud/WBP_S08ArtTag mode=compact look=P1 shape=circle placement=right ring=0 order=2 bound=1 softPx2=0 planned=(832,439,934,461) frame=1056 font=11
2026.09.29-14.41.20 SHOT widget id=board.tag.bar impl=umg state=compact fighter=f-0-hero bbox=(851,448,885,453) geom=painted visible=1 twin=0 source=/Game/S08/UI/ArtHud/WBP_S08ArtTag mode=compact look=P1 shape=circle placement=right ring=0 order=2 bound=1 softPx2=0 planned=(832,439,934,461) frame=1056
2026.09.29-14.41.20 SHOT widget id=board.tag.chip impl=umg state=compact fighter=f-0-hero bbox=(836,444,848,456) geom=painted visible=1 twin=0 source=/Game/S08/UI/ArtHud/WBP_S08ArtTag mode=compact look=P1 shape=circle placement=right ring=0 order=2 bound=1 softPx2=0 planned=(832,439,934,461) frame=1056
2026.09.29-14.41.20 SHOT widget id=board.tag impl=umg state=full fighter=f-0-sk0 bbox=(816,616,907,657) geom=painted visible=1 twin=0 source=/Game/S08/UI/ArtHud/WBP_S08ArtTag mode=full look=P1 shape=circle placement=right ring=0 order=5 bound=1 softPx2=0 planned=(816,616,907,657) frame=1056
2026.09.29-14.41.20 SHOT widget id=board.tag.name impl=umg state=full fighter=f-0-sk0 bbox=(835,618,903,637) geom=painted visible=1 twin=0 source=/Game/S08/UI/ArtHud/WBP_S08ArtTag mode=full look=P1 shape=circle placement=right ring=0 order=5 bound=1 softPx2=0 planned=(816,616,907,657) frame=1056 font=12
2026.09.29-14.41.20 SHOT widget id=board.tag.hp impl=umg state=full fighter=f-0-sk0 bbox=(872,637,896,655) geom=painted visible=1 twin=0 source=/Game/S08/UI/ArtHud/WBP_S08ArtTag mode=full look=P1 shape=circle placement=right ring=0 order=5 bound=1 softPx2=0 planned=(816,616,907,657) frame=1056 font=11
2026.09.29-14.41.20 SHOT widget id=board.tag.bar impl=umg state=full fighter=f-0-sk0 bbox=(835,644,869,649) geom=painted visible=1 twin=0 source=/Game/S08/UI/ArtHud/WBP_S08ArtTag mode=full look=P1 shape=circle placement=right ring=0 order=5 bound=1 softPx2=0 planned=(816,616,907,657) frame=1056
2026.09.29-14.41.20 SHOT widget id=board.tag.chip impl=umg state=full fighter=f-0-sk0 bbox=(820,631,832,643) geom=painted visible=1 twin=0 source=/Game/S08/UI/ArtHud/WBP_S08ArtTag mode=full look=P1 shape=circle placement=right ring=0 order=5 bound=1 softPx2=0 planned=(816,616,907,657) frame=1056
2026.09.29-14.41.20 SHOT widget id=board.tag impl=umg state=full fighter=f-0-sk1 bbox=(736,276,827,317) geom=painted visible=1 twin=0 source=/Game/S08/UI/ArtHud/WBP_S08ArtTag mode=full look=P1 shape=circle placement=above ring=0 order=0 bound=1 softPx2=0 planned=(736,276,827,317) frame=1056
2026.09.29-14.41.20 SHOT widget id=board.tag.name impl=umg state=full fighter=f-0-sk1 bbox=(755,278,823,297) geom=painted visible=1 twin=0 source=/Game/S08/UI/ArtHud/WBP_S08ArtTag mode=full look=P1 shape=circle placement=above ring=0 order=0 bound=1 softPx2=0 planned=(736,276,827,317) frame=1056 font=12
2026.09.29-14.41.20 SHOT widget id=board.tag.hp impl=umg state=full fighter=f-0-sk1 bbox=(792,297,816,315) geom=painted visible=1 twin=0 source=/Game/S08/UI/ArtHud/WBP_S08ArtTag mode=full look=P1 shape=circle placement=above ring=0 order=0 bound=1 softPx2=0 planned=(736,276,827,317) frame=1056 font=11
2026.09.29-14.41.20 SHOT widget id=board.tag.bar impl=umg state=full fighter=f-0-sk1 bbox=(755,304,789,309) geom=painted visible=1 twin=0 source=/Game/S08/UI/ArtHud/WBP_S08ArtTag mode=full look=P1 shape=circle placement=above ring=0 order=0 bound=1 softPx2=0 planned=(736,276,827,317) frame=1056
2026.09.29-14.41.20 SHOT widget id=board.tag.chip impl=umg state=full fighter=f-0-sk1 bbox=(740,291,752,303) geom=painted visible=1 twin=0 source=/Game/S08/UI/ArtHud/WBP_S08ArtTag mode=full look=P1 shape=circle placement=above ring=0 order=0 bound=1 softPx2=0 planned=(736,276,827,317) frame=1056
2026.09.29-14.41.20 SHOT widget id=board.tag impl=umg state=full fighter=f-0-sk2 bbox=(546,420,637,461) geom=painted visible=1 twin=0 source=/Game/S08/UI/ArtHud/WBP_S08ArtTag mode=full look=P1 shape=circle placement=above ring=0 order=4 bound=1 softPx2=0 planned=(546,420,637,461) frame=1056
2026.09.29-14.41.20 SHOT widget id=board.tag.name impl=umg state=full fighter=f-0-sk2 bbox=(565,422,633,441) geom=painted visible=1 twin=0 source=/Game/S08/UI/ArtHud/WBP_S08ArtTag mode=full look=P1 shape=circle placement=above ring=0 order=4 bound=1 softPx2=0 planned=(546,420,637,461) frame=1056 font=12
2026.09.29-14.41.20 SHOT widget id=board.tag.hp impl=umg state=full fighter=f-0-sk2 bbox=(602,441,626,459) geom=painted visible=1 twin=0 source=/Game/S08/UI/ArtHud/WBP_S08ArtTag mode=full look=P1 shape=circle placement=above ring=0 order=4 bound=1 softPx2=0 planned=(546,420,637,461) frame=1056 font=11
2026.09.29-14.41.20 SHOT widget id=board.tag.bar impl=umg state=full fighter=f-0-sk2 bbox=(565,448,599,453) geom=painted visible=1 twin=0 source=/Game/S08/UI/ArtHud/WBP_S08ArtTag mode=full look=P1 shape=circle placement=above ring=0 order=4 bound=1 softPx2=0 planned=(546,420,637,461) frame=1056
2026.09.29-14.41.20 SHOT widget id=board.tag.chip impl=umg state=full fighter=f-0-sk2 bbox=(550,435,562,447) geom=painted visible=1 twin=0 source=/Game/S08/UI/ArtHud/WBP_S08ArtTag mode=full look=P1 shape=circle placement=above ring=0 order=4 bound=1 softPx2=0 planned=(546,420,637,461) frame=1056
2026.09.29-14.41.20 SHOT widget id=board.tag impl=umg state=full fighter=f-1-hero bbox=(1093,395,1198,436) geom=painted visible=1 twin=0 source=/Game/S08/UI/ArtHud/WBP_S08ArtTag mode=full look=P2 shape=hex placement=above ring=0 order=1 bound=1 softPx2=0 planned=(1093,395,1198,436) frame=1056
2026.09.29-14.41.20 SHOT widget id=board.tag.name impl=umg state=full fighter=f-1-hero bbox=(1112,397,1194,416) geom=painted visible=1 twin=0 source=/Game/S08/UI/ArtHud/WBP_S08ArtTag mode=full look=P2 shape=hex placement=above ring=0 order=1 bound=1 softPx2=0 planned=(1093,395,1198,436) frame=1056 font=12
2026.09.29-14.41.20 SHOT widget id=board.tag.hp impl=umg state=full fighter=f-1-hero bbox=(1149,416,1191,434) geom=painted visible=1 twin=0 source=/Game/S08/UI/ArtHud/WBP_S08ArtTag mode=full look=P2 shape=hex placement=above ring=0 order=1 bound=1 softPx2=0 planned=(1093,395,1198,436) frame=1056 font=11
2026.09.29-14.41.20 SHOT widget id=board.tag.bar impl=umg state=full fighter=f-1-hero bbox=(1112,423,1146,428) geom=painted visible=1 twin=0 source=/Game/S08/UI/ArtHud/WBP_S08ArtTag mode=full look=P2 shape=hex placement=above ring=0 order=1 bound=1 softPx2=0 planned=(1093,395,1198,436) frame=1056
2026.09.29-14.41.20 SHOT widget id=board.tag.chip impl=umg state=full fighter=f-1-hero bbox=(1097,410,1109,422) geom=painted visible=1 twin=0 source=/Game/S08/UI/ArtHud/WBP_S08ArtTag mode=full look=P2 shape=hex placement=above ring=0 order=1 bound=1 softPx2=0 planned=(1093,395,1198,436) frame=1056
2026.09.29-14.41.20 SHOT widget id=board.tag impl=umg state=full fighter=f-1-sk0 bbox=(1289,398,1373,439) geom=painted visible=1 twin=0 source=/Game/S08/UI/ArtHud/WBP_S08ArtTag mode=full look=P2 shape=hex placement=above ring=0 order=3 bound=1 softPx2=0 planned=(1289,398,1373,439) frame=1056
2026.09.29-14.41.20 SHOT widget id=board.tag.name impl=umg state=full fighter=f-1-sk0 bbox=(1308,400,1353,419) geom=painted visible=1 twin=0 source=/Game/S08/UI/ArtHud/WBP_S08ArtTag mode=full look=P2 shape=hex placement=above ring=0 order=3 bound=1 softPx2=0 planned=(1289,398,1373,439) frame=1056 font=12
2026.09.29-14.41.20 SHOT widget id=board.tag.hp impl=umg state=full fighter=f-1-sk0 bbox=(1345,419,1369,437) geom=painted visible=1 twin=0 source=/Game/S08/UI/ArtHud/WBP_S08ArtTag mode=full look=P2 shape=hex placement=above ring=0 order=3 bound=1 softPx2=0 planned=(1289,398,1373,439) frame=1056 font=11
2026.09.29-14.41.20 SHOT widget id=board.tag.bar impl=umg state=full fighter=f-1-sk0 bbox=(1308,426,1342,431) geom=painted visible=1 twin=0 source=/Game/S08/UI/ArtHud/WBP_S08ArtTag mode=full look=P2 shape=hex placement=above ring=0 order=3 bound=1 softPx2=0 planned=(1289,398,1373,439) frame=1056
2026.09.29-14.41.20 SHOT widget id=board.tag.chip impl=umg state=full fighter=f-1-sk0 bbox=(1293,413,1305,425) geom=painted visible=1 twin=0 source=/Game/S08/UI/ArtHud/WBP_S08ArtTag mode=full look=P2 shape=hex placement=above ring=0 order=3 bound=1 softPx2=0 planned=(1289,398,1373,439) frame=1056
2026.09.29-14.41.20 SHOT panel id=hud.command bbox=(0,0,393,69) geom=painted visible=1 frame=1056
2026.09.29-14.41.20 SHOT panel id=hud.side bbox=(1431,0,1920,121) geom=painted visible=1 frame=1056
2026.09.29-14.41.20 SHOT panel id=hud.hand bbox=(351,985,1570,1080) geom=painted visible=1 frame=1056
2026.09.29-14.41.20 SHOT late end file=phase2-board-joiner-1920x1080.png frame=1056
2026.09.29-14.41.20 game -> room=cmumsa2mz00vlwivca9wsejt5 code=<redacted> status=IN_PROGRESS
2026.09.29-14.41.23 game -> room=cmumsa2mz00vlwivca9wsejt5 code=<redacted> status=IN_PROGRESS
2026.09.29-14.41.24 PERF window t=35.2-40.2 frames=138 fps=27.60 frameMs avg=36.23 p50=33.34 p95=40.12 p99=49.43 max=340.28 hitches50=1 gpuMs avg=2.01 p50=1.99 p95=2.19 gameMs avg=4.79 p95=3.94 renderMs avg=6.53 p95=8.18
2026.09.29-14.41.26 game -> room=cmumsa2mz00vlwivca9wsejt5 code=<redacted> status=IN_PROGRESS
2026.09.29-14.41.29 PERF window t=40.2-45.2 frames=148 fps=29.44 frameMs avg=33.97 p50=33.34 p95=34.87 p99=47.85 max=85.50 hitches50=1 gpuMs avg=1.95 p50=1.94 p95=2.04 gameMs avg=2.53 p95=3.61 renderMs avg=6.27 p95=7.74
2026.09.29-14.41.29 game -> room=cmumsa2mz00vlwivca9wsejt5 code=<redacted> status=IN_PROGRESS
2026.09.29-14.41.32 game -> room=cmumsa2mz00vlwivca9wsejt5 code=<redacted> status=IN_PROGRESS
2026.09.29-14.41.33 PERF summary scope=afterWarmup warmup=5 elapsed=50.0 frames=1312 fps=29.08 frameMs avg=34.39 p50=33.35 p95=34.76 p99=47.82 max=504.96 hitches50=5 gpuMs avg=1.84 p50=1.94 p95=2.14 gameMs avg=2.85 p95=3.69 renderMs avg=6.24 p95=7.78
2026.09.29-14.41.33 PERF summary scope=started elapsed=50.0 frames=1006 fps=28.90 frameMs avg=34.60 p50=33.34 p95=34.76 p99=47.85 max=504.96 hitches50=5 gpuMs avg=1.99 p50=1.97 p95=2.17 gameMs avg=3.00 p95=3.69 renderMs avg=6.61 p95=7.95
2026.09.29-14.41.33 PERF summary scope=artHud impl=umg elapsed=50.0 frames=0 fps=0.00 frameMs avg=0.00 p50=0.00 p95=0.00 p99=0.00 max=0.00 hitches50=0 gpuMs avg=0.00 p50=0.00 p95=0.00 gameMs avg=0.00 p95=0.00 renderMs avg=0.00 p95=0.00
2026.09.29-14.41.33 --- S08 trace close ---
