2026.09.27-14.08.52 --- S08 trace open 2026.09.27-14.08.52 ---
2026.09.27-14.08.52 S09AUTO config flow=1 boost=0 shotDir=C:\Users\ren\AppData\Local\Temp\s10-vsai-20260927-190850-24644\human
2026.09.27-14.08.52 LOGIN ok user=s10finalee2f9e2f
2026.09.27-14.08.55 HEROES loaded 84
2026.09.27-14.08.55 createGame -> room=cmujw9n5i00knwiykzpia24q6 code=<redacted> status=LOBBY
2026.09.27-14.08.58 game -> room=cmujw9n5i00knwiykzpia24q6 code=<redacted> status=LOBBY
2026.09.27-14.08.58 selectHero -> room=cmujw9n5i00knwiykzpia24q6 code=<redacted> status=LOBBY
2026.09.27-14.09.01 game -> room=cmujw9n5i00knwiykzpia24q6 code=<redacted> status=LOBBY
2026.09.27-14.09.01 toggleReady -> room=cmujw9n5i00knwiykzpia24q6 code=<redacted> status=LOBBY
2026.09.27-14.09.04 game -> room=cmujw9n5i00knwiykzpia24q6 code=<redacted> status=LOBBY
2026.09.27-14.09.04 startGame -> room=cmujw9n5i00knwiykzpia24q6 code=<redacted> status=IN_PROGRESS
2026.09.27-14.09.04 S09AUTO drive mode=0 plan=[attack+scheme] phase= turn=
2026.09.27-14.09.04 SNAPSHOT applied seq=1 phase=ACTION_MANEUVER
2026.09.27-14.09.04 HANDLE_APPLIED #1 seq=1 decision=2 fightersValid=1 boardValid=1
2026.09.27-14.09.04 MODE seq=1 mode=0 combat=0 pending=0
2026.09.27-14.09.04 HUD seq=1 phase=ACTION_MANEUVER turn=you hand=5 oppHand=5(hidden) oppDeck=25 deck=25 discard=0
2026.09.27-14.09.04 CAMERA dist=2965 loc=(0,1701,2429) pitch=-55 yaw=-90
2026.09.27-14.09.04 BOARD 12x10 cells | control points: (0,0)=(-550,-450,0) (11,9)=(550,450,0) | neighbor pair (dist 100 uu)
2026.09.27-14.09.04 FIGHTERS synced n=6 alive=6 own=4 enemy=2
2026.09.27-14.09.04 STATE seq=1 -> apply
2026.09.27-14.09.04 S09AUTO own turn #0 (turnCount=1)
2026.09.27-14.09.04 S09AUTO attack deferred - command gate closed (live stream is reconnecting - commands wait until the state stream is back); retrying when the stream is ready
2026.09.27-14.09.04 SUBSCRIBED gameStateUpdated since=1
2026.09.27-14.09.04 SNAPSHOT applied seq=1 phase=ACTION_MANEUVER
2026.09.27-14.09.04 HANDLE_APPLIED #2 seq=1 decision=1 fightersValid=1 boardValid=1
2026.09.27-14.09.04 MODE seq=1 mode=0 combat=0 pending=0
2026.09.27-14.09.04 HUD seq=1 phase=ACTION_MANEUVER turn=you hand=5 oppHand=5(hidden) oppDeck=25 deck=25 discard=0
2026.09.27-14.09.04 FIGHTERS synced n=6 alive=6 own=4 enemy=2
2026.09.27-14.09.04 WS seq=1 phase=ACTION_MANEUVER (merge)
2026.09.27-14.09.04 S09AUTO attack deferred - no may-boost card in hand (turn#0 elapsed=12s)
2026.09.27-14.09.04 SNAPSHOT applied seq=2 phase=ACTION_MANEUVER
2026.09.27-14.09.04 HANDLE_APPLIED #3 seq=2 decision=2 fightersValid=1 boardValid=1
2026.09.27-14.09.04 MANEUVER-DRAFT mode=maneuver:1:1
2026.09.27-14.09.04 DRAFT-OPEN draw committed (resume instead of begin)
2026.09.27-14.09.04 MODE seq=2 mode=1 combat=0 pending=0
2026.09.27-14.09.04 HUD seq=2 phase=ACTION_MANEUVER turn=you hand=6 oppHand=5(hidden) oppDeck=25 deck=24 discard=0
2026.09.27-14.09.04 FIGHTERS synced n=6 alive=6 own=4 enemy=2
2026.09.27-14.09.04 MANEUVER begin seq=2 (apply) pending=maneuver:1:1
2026.09.27-14.09.04 SNAPSHOT applied seq=2 phase=ACTION_MANEUVER
2026.09.27-14.09.04 HANDLE_APPLIED #4 seq=2 decision=1 fightersValid=1 boardValid=1
2026.09.27-14.09.04 MODE seq=2 mode=1 combat=0 pending=0
2026.09.27-14.09.04 HUD seq=2 phase=ACTION_MANEUVER turn=you hand=6 oppHand=5(hidden) oppDeck=25 deck=24 discard=0
2026.09.27-14.09.04 FIGHTERS synced n=6 alive=6 own=4 enemy=2
2026.09.27-14.09.04 WS seq=2 phase=ACTION_MANEUVER (merge)
2026.09.27-14.09.04 S09AUTO drive mode=1 plan=[attack+scheme] phase=ACTION_MANEUVER turn=cmujw9jfc00k1wiyk6f7oixru
2026.09.27-14.09.05 S09AUTO draft-open shot (maneuver marker live)
2026.09.27-14.09.05 SHOT ctx viewport=1280x720 viewTarget=CameraActor_2147482375 cam=(0,1701,2429) rot=(-55,-90,0)
2026.09.27-14.09.05 SHOT fighter f-0-hero pos=(2,2) world=(-350,-250,0) screen=(411,226) projected=1 alive=1
2026.09.27-14.09.05 SHOT fighter f-0-sk0 pos=(2,3) world=(-350,-150,0) screen=(407,278) projected=1 alive=1
2026.09.27-14.09.05 SHOT fighter f-0-sk1 pos=(2,1) world=(-350,-350,0) screen=(416,176) projected=1 alive=1
2026.09.27-14.09.05 SHOT fighter f-0-sk2 pos=(1,2) world=(-450,-250,0) screen=(346,226) projected=1 alive=1
2026.09.27-14.09.05 SHOT fighter f-1-hero pos=(9,7) world=(350,250,0) screen=(892,507) projected=1 alive=1
2026.09.27-14.09.05 SHOT fighter f-1-sk0 pos=(10,7) world=(450,250,0) screen=(964,507) projected=1 alive=1
2026.09.27-14.09.05 SHOT requested: FScreenshotRequest(bShowUI) -> C:\Users\ren\AppData\Local\Temp\s10-vsai-20260927-190850-24644\human/s09-maneuver-draft-open.png
2026.09.27-14.09.05 MANEUVER-CONFIRM moves=1 boost=none
2026.09.27-14.09.05 SNAPSHOT applied seq=3 phase=ACTION_MANEUVER
2026.09.27-14.09.05 HANDLE_APPLIED #5 seq=3 decision=2 fightersValid=1 boardValid=1
2026.09.27-14.09.05 closed mode=
2026.09.27-14.09.05 MODE seq=3 mode=0 combat=0 pending=0
2026.09.27-14.09.05 HUD seq=3 phase=ACTION_MANEUVER turn=you hand=6 oppHand=5(hidden) oppDeck=25 deck=24 discard=0
2026.09.27-14.09.05 FIGHTERS synced n=6 alive=6 own=4 enemy=2
2026.09.27-14.09.05 CUE move f-0-hero (2,2)->(3,2) seq=3
2026.09.27-14.09.05 MANEUVER done seq=3 (apply) fighters=6 boost=no
2026.09.27-14.09.05 SNAPSHOT applied seq=3 phase=ACTION_MANEUVER
2026.09.27-14.09.05 HANDLE_APPLIED #6 seq=3 decision=1 fightersValid=1 boardValid=1
2026.09.27-14.09.05 MODE seq=3 mode=0 combat=0 pending=0
2026.09.27-14.09.05 HUD seq=3 phase=ACTION_MANEUVER turn=you hand=6 oppHand=5(hidden) oppDeck=25 deck=24 discard=0
2026.09.27-14.09.05 FIGHTERS synced n=6 alive=6 own=4 enemy=2
2026.09.27-14.09.05 WS seq=3 phase=ACTION_MANEUVER (merge)
2026.09.27-14.09.06 SHOT ctx viewport=1280x720 viewTarget=CameraActor_2147482375 cam=(0,1701,2429) rot=(-55,-90,0)
2026.09.27-14.09.06 SHOT fighter f-0-hero pos=(3,2) world=(-250,-250,0) screen=(477,226) projected=1 alive=1
2026.09.27-14.09.06 SHOT fighter f-0-sk0 pos=(2,3) world=(-350,-150,0) screen=(407,278) projected=1 alive=1
2026.09.27-14.09.06 SHOT fighter f-0-sk1 pos=(2,1) world=(-350,-350,0) screen=(416,176) projected=1 alive=1
2026.09.27-14.09.06 SHOT fighter f-0-sk2 pos=(1,2) world=(-450,-250,0) screen=(346,226) projected=1 alive=1
2026.09.27-14.09.06 SHOT fighter f-1-hero pos=(9,7) world=(350,250,0) screen=(892,507) projected=1 alive=1
2026.09.27-14.09.06 SHOT fighter f-1-sk0 pos=(10,7) world=(450,250,0) screen=(964,507) projected=1 alive=1
2026.09.27-14.09.06 SHOT requested: FScreenshotRequest(bShowUI) -> C:\Users\ren\AppData\Local\Temp\s10-vsai-20260927-190850-24644\human/s09-hud-after-first-maneuver.png
2026.09.27-14.09.06 S09AUTO drive mode=0 plan=[attack+scheme] phase=ACTION_MANEUVER turn=cmujw9jfc00k1wiyk6f7oixru
2026.09.27-14.09.06 S09AUTO attack deferred - no may-boost card in hand (turn#0 elapsed=15s)
2026.09.27-14.09.06 S09AUTO scheme
2026.09.27-14.09.06 SNAPSHOT applied seq=4 phase=ACTION_MANEUVER
2026.09.27-14.09.06 HANDLE_APPLIED #7 seq=4 decision=2 fightersValid=1 boardValid=1
2026.09.27-14.09.06 closed mode=
2026.09.27-14.09.06 MODE seq=4 mode=6 combat=0 pending=1
2026.09.27-14.09.06 HUD seq=4 phase=ACTION_MANEUVER turn=you hand=5 oppHand=5(hidden) oppDeck=25 deck=24 discard=1
2026.09.27-14.09.06 FIGHTERS synced n=6 alive=6 own=4 enemy=2
2026.09.27-14.09.06 SCHEME done seq=4 (apply) phase=ACTION_MANEUVER
2026.09.27-14.09.06 SNAPSHOT applied seq=4 phase=ACTION_MANEUVER
2026.09.27-14.09.06 HANDLE_APPLIED #8 seq=4 decision=1 fightersValid=1 boardValid=1
2026.09.27-14.09.06 MODE seq=4 mode=6 combat=0 pending=1
2026.09.27-14.09.06 HUD seq=4 phase=ACTION_MANEUVER turn=you hand=5 oppHand=5(hidden) oppDeck=25 deck=24 discard=1
2026.09.27-14.09.06 FIGHTERS synced n=6 alive=6 own=4 enemy=2
2026.09.27-14.09.06 WS seq=4 phase=ACTION_MANEUVER (merge)
2026.09.27-14.09.07 game -> room=cmujw9n5i00knwiykzpia24q6 code=<redacted> status=IN_PROGRESS
2026.09.27-14.09.08 S09AUTO drive mode=6 plan=[attack+scheme] phase=ACTION_MANEUVER turn=cmujw9jfc00k1wiyk6f7oixru
2026.09.27-14.09.08 S09AUTO pending-open shot (type=MOVE stage=0 mode=)
2026.09.27-14.09.08 SHOT ctx viewport=1280x720 viewTarget=CameraActor_2147482375 cam=(0,1701,2429) rot=(-55,-90,0)
2026.09.27-14.09.08 SHOT fighter f-0-hero pos=(3,2) world=(-250,-250,0) screen=(477,226) projected=1 alive=1
2026.09.27-14.09.08 SHOT fighter f-0-sk0 pos=(2,3) world=(-350,-150,0) screen=(407,278) projected=1 alive=1
2026.09.27-14.09.08 SHOT fighter f-0-sk1 pos=(2,1) world=(-350,-350,0) screen=(416,176) projected=1 alive=1
2026.09.27-14.09.08 SHOT fighter f-0-sk2 pos=(1,2) world=(-450,-250,0) screen=(346,226) projected=1 alive=1
2026.09.27-14.09.08 SHOT fighter f-1-hero pos=(9,7) world=(350,250,0) screen=(892,507) projected=1 alive=1
2026.09.27-14.09.08 SHOT fighter f-1-sk0 pos=(10,7) world=(450,250,0) screen=(964,507) projected=1 alive=1
2026.09.27-14.09.08 SHOT requested: FScreenshotRequest(bShowUI) -> C:\Users\ren\AppData\Local\Temp\s10-vsai-20260927-190850-24644\human/s09-pending-MOVE.png
2026.09.27-14.09.08 PEND-RESOLVE sent type=MOVE stage=0 id=cmujlbmct00smwip0s6o07665-fullText-0-p0
2026.09.27-14.09.08 S09AUTO pending picked (type=MOVE stage=0)
2026.09.27-14.09.08 SNAPSHOT applied seq=5 phase=ACTION_MANEUVER
2026.09.27-14.09.08 HANDLE_APPLIED #9 seq=5 decision=2 fightersValid=1 boardValid=1
2026.09.27-14.09.08 MODE seq=5 mode=6 combat=0 pending=1
2026.09.27-14.09.08 HUD seq=5 phase=ACTION_MANEUVER turn=you hand=5 oppHand=5(hidden) oppDeck=25 deck=24 discard=1
2026.09.27-14.09.08 FIGHTERS synced n=6 alive=6 own=4 enemy=2
2026.09.27-14.09.08 PEND resolve done seq=5 (apply) phase=ACTION_MANEUVER
2026.09.27-14.09.08 SNAPSHOT applied seq=5 phase=ACTION_MANEUVER
2026.09.27-14.09.08 HANDLE_APPLIED #10 seq=5 decision=1 fightersValid=1 boardValid=1
2026.09.27-14.09.08 MODE seq=5 mode=6 combat=0 pending=1
2026.09.27-14.09.08 HUD seq=5 phase=ACTION_MANEUVER turn=you hand=5 oppHand=5(hidden) oppDeck=25 deck=24 discard=1
2026.09.27-14.09.08 FIGHTERS synced n=6 alive=6 own=4 enemy=2
2026.09.27-14.09.08 WS seq=5 phase=ACTION_MANEUVER (merge)
2026.09.27-14.09.08 PEND-RESOLVE sent type=MOVE stage=0 id=cmujlbmct00smwip0s6o07665-fullText-0-p1
2026.09.27-14.09.08 S09AUTO pending picked (type=MOVE stage=0)
2026.09.27-14.09.08 SNAPSHOT applied seq=6 phase=ACTION_MANEUVER
2026.09.27-14.09.08 HANDLE_APPLIED #11 seq=6 decision=2 fightersValid=1 boardValid=1
2026.09.27-14.09.08 MODE seq=6 mode=6 combat=0 pending=1
2026.09.27-14.09.08 HUD seq=6 phase=ACTION_MANEUVER turn=you hand=5 oppHand=5(hidden) oppDeck=25 deck=24 discard=1
2026.09.27-14.09.08 FIGHTERS synced n=6 alive=6 own=4 enemy=2
2026.09.27-14.09.08 PEND resolve done seq=6 (apply) phase=ACTION_MANEUVER
2026.09.27-14.09.08 SNAPSHOT applied seq=6 phase=ACTION_MANEUVER
2026.09.27-14.09.08 HANDLE_APPLIED #12 seq=6 decision=1 fightersValid=1 boardValid=1
2026.09.27-14.09.08 MODE seq=6 mode=6 combat=0 pending=1
2026.09.27-14.09.08 HUD seq=6 phase=ACTION_MANEUVER turn=you hand=5 oppHand=5(hidden) oppDeck=25 deck=24 discard=1
2026.09.27-14.09.08 FIGHTERS synced n=6 alive=6 own=4 enemy=2
2026.09.27-14.09.08 WS seq=6 phase=ACTION_MANEUVER (merge)
2026.09.27-14.09.08 PEND-RESOLVE sent type=MOVE stage=0 id=cmujlbmct00smwip0s6o07665-fullText-0-p2
2026.09.27-14.09.08 S09AUTO pending picked (type=MOVE stage=0)
2026.09.27-14.09.08 SNAPSHOT applied seq=7 phase=ACTION_MANEUVER
2026.09.27-14.09.08 HANDLE_APPLIED #13 seq=7 decision=2 fightersValid=1 boardValid=1
2026.09.27-14.09.08 MODE seq=7 mode=6 combat=0 pending=1
2026.09.27-14.09.08 HUD seq=7 phase=ACTION_MANEUVER turn=you hand=5 oppHand=5(hidden) oppDeck=25 deck=24 discard=1
2026.09.27-14.09.08 FIGHTERS synced n=6 alive=6 own=4 enemy=2
2026.09.27-14.09.08 PEND resolve done seq=7 (apply) phase=ACTION_MANEUVER
2026.09.27-14.09.08 SNAPSHOT applied seq=7 phase=ACTION_MANEUVER
2026.09.27-14.09.08 HANDLE_APPLIED #14 seq=7 decision=1 fightersValid=1 boardValid=1
2026.09.27-14.09.08 MODE seq=7 mode=6 combat=0 pending=1
2026.09.27-14.09.08 HUD seq=7 phase=ACTION_MANEUVER turn=you hand=5 oppHand=5(hidden) oppDeck=25 deck=24 discard=1
2026.09.27-14.09.08 FIGHTERS synced n=6 alive=6 own=4 enemy=2
2026.09.27-14.09.08 WS seq=7 phase=ACTION_MANEUVER (merge)
2026.09.27-14.09.08 PEND-RESOLVE sent type=MOVE stage=0 id=cmujlbmct00smwip0s6o07665-fullText-0-p3
2026.09.27-14.09.08 S09AUTO pending picked (type=MOVE stage=0)
2026.09.27-14.09.08 SNAPSHOT applied seq=8 phase=ACTION_MANEUVER
2026.09.27-14.09.08 HANDLE_APPLIED #15 seq=8 decision=2 fightersValid=1 boardValid=1
2026.09.27-14.09.08 closed mode=
2026.09.27-14.09.08 MODE seq=8 mode=0 combat=0 pending=0
2026.09.27-14.09.08 HUD seq=8 phase=ACTION_MANEUVER turn=opp hand=5 oppHand=5(hidden) oppDeck=25 deck=24 discard=1
2026.09.27-14.09.08 FIGHTERS synced n=6 alive=6 own=4 enemy=2
2026.09.27-14.09.08 PEND resolve done seq=8 (apply) phase=ACTION_MANEUVER
2026.09.27-14.09.08 SNAPSHOT applied seq=8 phase=ACTION_MANEUVER
2026.09.27-14.09.08 HANDLE_APPLIED #16 seq=8 decision=1 fightersValid=1 boardValid=1
2026.09.27-14.09.08 MODE seq=8 mode=0 combat=0 pending=0
2026.09.27-14.09.08 HUD seq=8 phase=ACTION_MANEUVER turn=opp hand=5 oppHand=5(hidden) oppDeck=25 deck=24 discard=1
2026.09.27-14.09.08 FIGHTERS synced n=6 alive=6 own=4 enemy=2
2026.09.27-14.09.08 WS seq=8 phase=ACTION_MANEUVER (merge)
2026.09.27-14.09.08 SNAPSHOT applied seq=9 phase=ACTION_MANEUVER
2026.09.27-14.09.08 HANDLE_APPLIED #17 seq=9 decision=2 fightersValid=1 boardValid=1
2026.09.27-14.09.08 MODE seq=9 mode=0 combat=0 pending=0
2026.09.27-14.09.08 HUD seq=9 phase=ACTION_MANEUVER turn=opp hand=5 oppHand=6(hidden) oppDeck=25~ deck=24~ discard=1
2026.09.27-14.09.08 FIGHTERS synced n=6 alive=6 own=4 enemy=2
2026.09.27-14.09.08 WS seq=9 phase=ACTION_MANEUVER (apply)
2026.09.27-14.09.08 S09AUTO drive mode=0 plan=[attack+scheme] phase=ACTION_MANEUVER turn=cmujlc8fd000zwi30gwyg97lq
2026.09.27-14.09.08 SNAPSHOT applied seq=10 phase=ACTION_MANEUVER
2026.09.27-14.09.08 HANDLE_APPLIED #18 seq=10 decision=2 fightersValid=1 boardValid=1
2026.09.27-14.09.08 MODE seq=10 mode=0 combat=0 pending=0
2026.09.27-14.09.08 HUD seq=10 phase=ACTION_MANEUVER turn=opp hand=5 oppHand=6(hidden) oppDeck=25~ deck=24~ discard=1
2026.09.27-14.09.08 FIGHTERS synced n=6 alive=6 own=4 enemy=2
2026.09.27-14.09.08 CUE move f-1-hero (9,7)->(9,6) seq=10
2026.09.27-14.09.08 WS seq=10 phase=ACTION_MANEUVER (apply)
2026.09.27-14.09.08 SNAPSHOT applied seq=11 phase=ACTION_MANEUVER
2026.09.27-14.09.08 HANDLE_APPLIED #19 seq=11 decision=2 fightersValid=1 boardValid=1
2026.09.27-14.09.08 MODE seq=11 mode=0 combat=0 pending=0
2026.09.27-14.09.08 HUD seq=11 phase=ACTION_MANEUVER turn=opp hand=5 oppHand=7(hidden) oppDeck=25~ deck=24~ discard=1
2026.09.27-14.09.08 FIGHTERS synced n=6 alive=6 own=4 enemy=2
2026.09.27-14.09.08 WS seq=11 phase=ACTION_MANEUVER (apply)
2026.09.27-14.09.08 SNAPSHOT applied seq=12 phase=TURN_END
2026.09.27-14.09.08 HANDLE_APPLIED #20 seq=12 decision=2 fightersValid=1 boardValid=1
2026.09.27-14.09.08 MODE seq=12 mode=0 combat=0 pending=0
2026.09.27-14.09.08 HUD seq=12 phase=TURN_END turn=opp hand=5 oppHand=8(hidden) oppDeck=25~ deck=24~ discard=1 pendingDiscard=1
2026.09.27-14.09.08 FIGHTERS synced n=6 alive=6 own=4 enemy=2
2026.09.27-14.09.08 CUE move f-1-hero (9,6)->(8,6) seq=12
2026.09.27-14.09.08 WS seq=12 phase=TURN_END (apply)
2026.09.27-14.09.08 SNAPSHOT applied seq=13 phase=ACTION_MANEUVER
2026.09.27-14.09.08 HANDLE_APPLIED #21 seq=13 decision=2 fightersValid=1 boardValid=1
2026.09.27-14.09.08 MODE seq=13 mode=0 combat=0 pending=0
2026.09.27-14.09.08 HUD seq=13 phase=ACTION_MANEUVER turn=you hand=5 oppHand=7(hidden) oppDeck=25~ deck=24~ discard=1
2026.09.27-14.09.08 FIGHTERS synced n=6 alive=6 own=4 enemy=2
2026.09.27-14.09.08 WS seq=13 phase=ACTION_MANEUVER (apply)
2026.09.27-14.09.08 S09AUTO own turn #1 (turnCount=3)
2026.09.27-14.09.08 S09AUTO attack deferred - no may-boost card in hand (turn#1 elapsed=16s)
2026.09.27-14.09.08 SNAPSHOT applied seq=14 phase=ACTION_MANEUVER
2026.09.27-14.09.08 HANDLE_APPLIED #22 seq=14 decision=2 fightersValid=1 boardValid=1
2026.09.27-14.09.08 MANEUVER-DRAFT mode=maneuver:3:13
2026.09.27-14.09.08 DRAFT-OPEN draw committed (resume instead of begin)
2026.09.27-14.09.08 MODE seq=14 mode=1 combat=0 pending=0
2026.09.27-14.09.08 HUD seq=14 phase=ACTION_MANEUVER turn=you hand=6 oppHand=7(hidden) oppDeck=22 deck=23 discard=1
2026.09.27-14.09.08 FIGHTERS synced n=6 alive=6 own=4 enemy=2
2026.09.27-14.09.08 MANEUVER begin seq=14 (apply) pending=maneuver:3:13
2026.09.27-14.09.08 SNAPSHOT applied seq=14 phase=ACTION_MANEUVER
2026.09.27-14.09.08 HANDLE_APPLIED #23 seq=14 decision=1 fightersValid=1 boardValid=1
2026.09.27-14.09.08 MODE seq=14 mode=1 combat=0 pending=0
2026.09.27-14.09.08 HUD seq=14 phase=ACTION_MANEUVER turn=you hand=6 oppHand=7(hidden) oppDeck=22 deck=23 discard=1
2026.09.27-14.09.08 FIGHTERS synced n=6 alive=6 own=4 enemy=2
2026.09.27-14.09.08 WS seq=14 phase=ACTION_MANEUVER (merge)
2026.09.27-14.09.08 S09AUTO drive mode=1 plan=[attack+scheme] phase=ACTION_MANEUVER turn=cmujw9jfc00k1wiyk6f7oixru
2026.09.27-14.09.08 S09AUTO zero-move confirm (draw only, no movement)
2026.09.27-14.09.08 MANEUVER-CONFIRM moves=0 boost=none
2026.09.27-14.09.08 SNAPSHOT applied seq=15 phase=ACTION_MANEUVER
2026.09.27-14.09.08 HANDLE_APPLIED #24 seq=15 decision=2 fightersValid=1 boardValid=1
2026.09.27-14.09.08 closed mode=
2026.09.27-14.09.08 MODE seq=15 mode=0 combat=0 pending=0
2026.09.27-14.09.08 HUD seq=15 phase=ACTION_MANEUVER turn=you hand=6 oppHand=7(hidden) oppDeck=22 deck=23 discard=1
2026.09.27-14.09.08 FIGHTERS synced n=6 alive=6 own=4 enemy=2
2026.09.27-14.09.08 MANEUVER done seq=15 (apply) fighters=6 boost=no
2026.09.27-14.09.08 SNAPSHOT applied seq=15 phase=ACTION_MANEUVER
2026.09.27-14.09.08 HANDLE_APPLIED #25 seq=15 decision=1 fightersValid=1 boardValid=1
2026.09.27-14.09.08 MODE seq=15 mode=0 combat=0 pending=0
2026.09.27-14.09.08 HUD seq=15 phase=ACTION_MANEUVER turn=you hand=6 oppHand=7(hidden) oppDeck=22 deck=23 discard=1
2026.09.27-14.09.08 FIGHTERS synced n=6 alive=6 own=4 enemy=2
2026.09.27-14.09.08 WS seq=15 phase=ACTION_MANEUVER (merge)
2026.09.27-14.09.09 S09AUTO drive mode=0 plan=[attack+scheme] phase=ACTION_MANEUVER turn=cmujw9jfc00k1wiyk6f7oixru
2026.09.27-14.09.09 S09AUTO attack deferred - no may-boost card in hand (turn#1 elapsed=18s)
2026.09.27-14.09.10 SNAPSHOT applied seq=16 phase=ACTION_MANEUVER
2026.09.27-14.09.10 HANDLE_APPLIED #26 seq=16 decision=2 fightersValid=1 boardValid=1
2026.09.27-14.09.10 MANEUVER-DRAFT mode=maneuver:3:15
2026.09.27-14.09.10 DRAFT-OPEN draw committed (resume instead of begin)
2026.09.27-14.09.10 MODE seq=16 mode=1 combat=0 pending=0
2026.09.27-14.09.10 HUD seq=16 phase=ACTION_MANEUVER turn=you hand=7 oppHand=7(hidden) oppDeck=22 deck=22 discard=1
2026.09.27-14.09.10 FIGHTERS synced n=6 alive=6 own=4 enemy=2
2026.09.27-14.09.10 MANEUVER begin seq=16 (apply) pending=maneuver:3:15
2026.09.27-14.09.10 SNAPSHOT applied seq=16 phase=ACTION_MANEUVER
2026.09.27-14.09.10 HANDLE_APPLIED #27 seq=16 decision=1 fightersValid=1 boardValid=1
2026.09.27-14.09.10 MODE seq=16 mode=1 combat=0 pending=0
2026.09.27-14.09.10 HUD seq=16 phase=ACTION_MANEUVER turn=you hand=7 oppHand=7(hidden) oppDeck=22 deck=22 discard=1
2026.09.27-14.09.10 FIGHTERS synced n=6 alive=6 own=4 enemy=2
2026.09.27-14.09.10 WS seq=16 phase=ACTION_MANEUVER (merge)
2026.09.27-14.09.10 S09AUTO drive mode=1 plan=[attack+scheme] phase=ACTION_MANEUVER turn=cmujw9jfc00k1wiyk6f7oixru
2026.09.27-14.09.10 MANEUVER-CONFIRM moves=1 boost=none
2026.09.27-14.09.10 SNAPSHOT applied seq=17 phase=ACTION_MANEUVER
2026.09.27-14.09.10 HANDLE_APPLIED #28 seq=17 decision=2 fightersValid=1 boardValid=1
2026.09.27-14.09.10 closed mode=
2026.09.27-14.09.10 MODE seq=17 mode=0 combat=0 pending=0
2026.09.27-14.09.10 HUD seq=17 phase=ACTION_MANEUVER turn=opp hand=7 oppHand=7(hidden) oppDeck=22 deck=22 discard=1
2026.09.27-14.09.10 FIGHTERS synced n=6 alive=6 own=4 enemy=2
2026.09.27-14.09.10 CUE move f-0-hero (3,2)->(4,2) seq=17
2026.09.27-14.09.10 MANEUVER done seq=17 (apply) fighters=6 boost=no
2026.09.27-14.09.10 SNAPSHOT applied seq=17 phase=ACTION_MANEUVER
2026.09.27-14.09.10 HANDLE_APPLIED #29 seq=17 decision=1 fightersValid=1 boardValid=1
2026.09.27-14.09.10 MODE seq=17 mode=0 combat=0 pending=0
2026.09.27-14.09.10 HUD seq=17 phase=ACTION_MANEUVER turn=opp hand=7 oppHand=7(hidden) oppDeck=22 deck=22 discard=1
2026.09.27-14.09.10 FIGHTERS synced n=6 alive=6 own=4 enemy=2
2026.09.27-14.09.10 WS seq=17 phase=ACTION_MANEUVER (merge)
2026.09.27-14.09.10 SNAPSHOT applied seq=18 phase=ACTION_MANEUVER
2026.09.27-14.09.10 HANDLE_APPLIED #30 seq=18 decision=2 fightersValid=1 boardValid=1
2026.09.27-14.09.10 MODE seq=18 mode=0 combat=0 pending=0
2026.09.27-14.09.10 HUD seq=18 phase=ACTION_MANEUVER turn=opp hand=7 oppHand=8(hidden) oppDeck=22~ deck=22~ discard=1
2026.09.27-14.09.10 FIGHTERS synced n=6 alive=6 own=4 enemy=2
2026.09.27-14.09.10 WS seq=18 phase=ACTION_MANEUVER (apply)
2026.09.27-14.09.10 SNAPSHOT applied seq=19 phase=ACTION_MANEUVER
2026.09.27-14.09.10 HANDLE_APPLIED #31 seq=19 decision=2 fightersValid=1 boardValid=1
2026.09.27-14.09.10 MODE seq=19 mode=0 combat=0 pending=0
2026.09.27-14.09.10 HUD seq=19 phase=ACTION_MANEUVER turn=opp hand=7 oppHand=8(hidden) oppDeck=22~ deck=22~ discard=1
2026.09.27-14.09.10 FIGHTERS synced n=6 alive=6 own=4 enemy=2
2026.09.27-14.09.10 CUE move f-1-hero (8,6)->(8,5) seq=19
2026.09.27-14.09.10 WS seq=19 phase=ACTION_MANEUVER (apply)
2026.09.27-14.09.10 game -> room=cmujw9n5i00knwiykzpia24q6 code=<redacted> status=IN_PROGRESS
2026.09.27-14.09.10 SNAPSHOT applied seq=20 phase=ACTION_MANEUVER
2026.09.27-14.09.10 HANDLE_APPLIED #32 seq=20 decision=2 fightersValid=1 boardValid=1
2026.09.27-14.09.10 MODE seq=20 mode=0 combat=0 pending=0
2026.09.27-14.09.10 HUD seq=20 phase=ACTION_MANEUVER turn=opp hand=7 oppHand=9(hidden) oppDeck=22~ deck=22~ discard=1
2026.09.27-14.09.10 FIGHTERS synced n=6 alive=6 own=4 enemy=2
2026.09.27-14.09.10 WS seq=20 phase=ACTION_MANEUVER (apply)
2026.09.27-14.09.10 SNAPSHOT applied seq=21 phase=TURN_END
2026.09.27-14.09.10 HANDLE_APPLIED #33 seq=21 decision=2 fightersValid=1 boardValid=1
2026.09.27-14.09.10 MODE seq=21 mode=0 combat=0 pending=0
2026.09.27-14.09.10 HUD seq=21 phase=TURN_END turn=opp hand=7 oppHand=10(hidden) oppDeck=22~ deck=22~ discard=1 pendingDiscard=3
2026.09.27-14.09.10 FIGHTERS synced n=6 alive=6 own=4 enemy=2
2026.09.27-14.09.10 CUE move f-1-hero (8,5)->(8,4) seq=21
2026.09.27-14.09.10 WS seq=21 phase=TURN_END (apply)
2026.09.27-14.09.10 SNAPSHOT applied seq=22 phase=ACTION_MANEUVER
2026.09.27-14.09.10 HANDLE_APPLIED #34 seq=22 decision=2 fightersValid=1 boardValid=1
2026.09.27-14.09.10 MODE seq=22 mode=0 combat=0 pending=0
2026.09.27-14.09.10 HUD seq=22 phase=ACTION_MANEUVER turn=you hand=7 oppHand=7(hidden) oppDeck=22~ deck=22~ discard=1
2026.09.27-14.09.10 FIGHTERS synced n=6 alive=6 own=4 enemy=2
2026.09.27-14.09.10 WS seq=22 phase=ACTION_MANEUVER (apply)
2026.09.27-14.09.11 S09AUTO drive mode=0 plan=[attack+scheme] phase=ACTION_MANEUVER turn=cmujw9jfc00k1wiyk6f7oixru
2026.09.27-14.09.11 S09AUTO own turn #2 (turnCount=5)
2026.09.27-14.09.11 S09AUTO attack deferred - no may-boost card in hand (turn#2 elapsed=19s)
2026.09.27-14.09.11 SNAPSHOT applied seq=23 phase=ACTION_MANEUVER
2026.09.27-14.09.11 HANDLE_APPLIED #35 seq=23 decision=2 fightersValid=1 boardValid=1
2026.09.27-14.09.11 MANEUVER-DRAFT mode=maneuver:5:22
2026.09.27-14.09.11 DRAFT-OPEN draw committed (resume instead of begin)
2026.09.27-14.09.11 MODE seq=23 mode=1 combat=0 pending=0
2026.09.27-14.09.11 HUD seq=23 phase=ACTION_MANEUVER turn=you hand=8 oppHand=7(hidden) oppDeck=19 deck=21 discard=1
2026.09.27-14.09.11 FIGHTERS synced n=6 alive=6 own=4 enemy=2
2026.09.27-14.09.11 MANEUVER begin seq=23 (apply) pending=maneuver:5:22
2026.09.27-14.09.11 SNAPSHOT applied seq=23 phase=ACTION_MANEUVER
2026.09.27-14.09.11 HANDLE_APPLIED #36 seq=23 decision=1 fightersValid=1 boardValid=1
2026.09.27-14.09.11 MODE seq=23 mode=1 combat=0 pending=0
2026.09.27-14.09.11 HUD seq=23 phase=ACTION_MANEUVER turn=you hand=8 oppHand=7(hidden) oppDeck=19 deck=21 discard=1
2026.09.27-14.09.11 FIGHTERS synced n=6 alive=6 own=4 enemy=2
2026.09.27-14.09.11 WS seq=23 phase=ACTION_MANEUVER (merge)
2026.09.27-14.09.11 S09AUTO drive mode=1 plan=[attack+scheme] phase=ACTION_MANEUVER turn=cmujw9jfc00k1wiyk6f7oixru
2026.09.27-14.09.11 S09AUTO multi-fighter moves=2
2026.09.27-14.09.11 MANEUVER-CONFIRM moves=2 boost=none
2026.09.27-14.09.11 SNAPSHOT applied seq=24 phase=ACTION_MANEUVER
2026.09.27-14.09.11 HANDLE_APPLIED #37 seq=24 decision=2 fightersValid=1 boardValid=1
2026.09.27-14.09.11 closed mode=
2026.09.27-14.09.11 MODE seq=24 mode=0 combat=0 pending=0
2026.09.27-14.09.11 HUD seq=24 phase=ACTION_MANEUVER turn=you hand=8 oppHand=7(hidden) oppDeck=19 deck=21 discard=1
2026.09.27-14.09.11 FIGHTERS synced n=6 alive=6 own=4 enemy=2
2026.09.27-14.09.11 CUE move f-0-hero (4,2)->(5,2) seq=24
2026.09.27-14.09.11 CUE move f-0-sk0 (2,3)->(3,3) seq=24
2026.09.27-14.09.11 MANEUVER done seq=24 (apply) fighters=6 boost=no
2026.09.27-14.09.11 SNAPSHOT applied seq=24 phase=ACTION_MANEUVER
2026.09.27-14.09.11 HANDLE_APPLIED #38 seq=24 decision=1 fightersValid=1 boardValid=1
2026.09.27-14.09.11 MODE seq=24 mode=0 combat=0 pending=0
2026.09.27-14.09.11 HUD seq=24 phase=ACTION_MANEUVER turn=you hand=8 oppHand=7(hidden) oppDeck=19 deck=21 discard=1
2026.09.27-14.09.11 FIGHTERS synced n=6 alive=6 own=4 enemy=2
2026.09.27-14.09.11 WS seq=24 phase=ACTION_MANEUVER (merge)
2026.09.27-14.09.12 S09AUTO drive mode=0 plan=[attack+scheme] phase=ACTION_MANEUVER turn=cmujw9jfc00k1wiyk6f7oixru
2026.09.27-14.09.12 S09AUTO attack deferred - no may-boost card in hand (turn#2 elapsed=20s)
2026.09.27-14.09.12 S09AUTO scheme
2026.09.27-14.09.12 SNAPSHOT applied seq=25 phase=ACTION_MANEUVER
2026.09.27-14.09.12 HANDLE_APPLIED #39 seq=25 decision=2 fightersValid=1 boardValid=1
2026.09.27-14.09.12 closed mode=
2026.09.27-14.09.12 MODE seq=25 mode=6 combat=0 pending=1
2026.09.27-14.09.12 HUD seq=25 phase=ACTION_MANEUVER turn=you hand=7 oppHand=7(hidden) oppDeck=19 deck=21 discard=2
2026.09.27-14.09.12 FIGHTERS synced n=6 alive=6 own=4 enemy=2
2026.09.27-14.09.12 SCHEME done seq=25 (apply) phase=ACTION_MANEUVER
2026.09.27-14.09.12 SNAPSHOT applied seq=25 phase=ACTION_MANEUVER
2026.09.27-14.09.12 HANDLE_APPLIED #40 seq=25 decision=1 fightersValid=1 boardValid=1
2026.09.27-14.09.12 MODE seq=25 mode=6 combat=0 pending=1
2026.09.27-14.09.12 HUD seq=25 phase=ACTION_MANEUVER turn=you hand=7 oppHand=7(hidden) oppDeck=19 deck=21 discard=2
2026.09.27-14.09.12 FIGHTERS synced n=6 alive=6 own=4 enemy=2
2026.09.27-14.09.12 WS seq=25 phase=ACTION_MANEUVER (merge)
2026.09.27-14.09.13 game -> room=cmujw9n5i00knwiykzpia24q6 code=<redacted> status=IN_PROGRESS
2026.09.27-14.09.13 S09AUTO drive mode=6 plan=[attack+scheme] phase=ACTION_MANEUVER turn=cmujw9jfc00k1wiyk6f7oixru
2026.09.27-14.09.13 PEND-RESOLVE sent type=MOVE stage=0 id=cmujlbmct00smwip0s6o07665-fullText-0-p0
2026.09.27-14.09.13 S09AUTO pending picked (type=MOVE stage=0)
2026.09.27-14.09.13 SNAPSHOT applied seq=26 phase=ACTION_MANEUVER
2026.09.27-14.09.13 HANDLE_APPLIED #41 seq=26 decision=2 fightersValid=1 boardValid=1
2026.09.27-14.09.13 MODE seq=26 mode=6 combat=0 pending=1
2026.09.27-14.09.13 HUD seq=26 phase=ACTION_MANEUVER turn=you hand=7 oppHand=7(hidden) oppDeck=19 deck=21 discard=2
2026.09.27-14.09.13 FIGHTERS synced n=6 alive=6 own=4 enemy=2
2026.09.27-14.09.13 PEND resolve done seq=26 (apply) phase=ACTION_MANEUVER
2026.09.27-14.09.13 SNAPSHOT applied seq=26 phase=ACTION_MANEUVER
2026.09.27-14.09.13 HANDLE_APPLIED #42 seq=26 decision=1 fightersValid=1 boardValid=1
2026.09.27-14.09.13 MODE seq=26 mode=6 combat=0 pending=1
2026.09.27-14.09.13 HUD seq=26 phase=ACTION_MANEUVER turn=you hand=7 oppHand=7(hidden) oppDeck=19 deck=21 discard=2
2026.09.27-14.09.13 FIGHTERS synced n=6 alive=6 own=4 enemy=2
2026.09.27-14.09.13 WS seq=26 phase=ACTION_MANEUVER (merge)
2026.09.27-14.09.13 PEND-RESOLVE sent type=MOVE stage=0 id=cmujlbmct00smwip0s6o07665-fullText-0-p1
2026.09.27-14.09.13 S09AUTO pending picked (type=MOVE stage=0)
2026.09.27-14.09.13 SNAPSHOT applied seq=27 phase=ACTION_MANEUVER
2026.09.27-14.09.13 HANDLE_APPLIED #43 seq=27 decision=2 fightersValid=1 boardValid=1
2026.09.27-14.09.13 MODE seq=27 mode=6 combat=0 pending=1
2026.09.27-14.09.13 HUD seq=27 phase=ACTION_MANEUVER turn=you hand=7 oppHand=7(hidden) oppDeck=19 deck=21 discard=2
2026.09.27-14.09.13 FIGHTERS synced n=6 alive=6 own=4 enemy=2
2026.09.27-14.09.13 PEND resolve done seq=27 (apply) phase=ACTION_MANEUVER
2026.09.27-14.09.14 SNAPSHOT applied seq=27 phase=ACTION_MANEUVER
2026.09.27-14.09.14 HANDLE_APPLIED #44 seq=27 decision=1 fightersValid=1 boardValid=1
2026.09.27-14.09.14 MODE seq=27 mode=6 combat=0 pending=1
2026.09.27-14.09.14 HUD seq=27 phase=ACTION_MANEUVER turn=you hand=7 oppHand=7(hidden) oppDeck=19 deck=21 discard=2
2026.09.27-14.09.14 FIGHTERS synced n=6 alive=6 own=4 enemy=2
2026.09.27-14.09.14 WS seq=27 phase=ACTION_MANEUVER (merge)
2026.09.27-14.09.14 PEND-RESOLVE sent type=MOVE stage=0 id=cmujlbmct00smwip0s6o07665-fullText-0-p2
2026.09.27-14.09.14 S09AUTO pending picked (type=MOVE stage=0)
2026.09.27-14.09.14 SNAPSHOT applied seq=28 phase=ACTION_MANEUVER
2026.09.27-14.09.14 HANDLE_APPLIED #45 seq=28 decision=2 fightersValid=1 boardValid=1
2026.09.27-14.09.14 MODE seq=28 mode=6 combat=0 pending=1
2026.09.27-14.09.14 HUD seq=28 phase=ACTION_MANEUVER turn=you hand=7 oppHand=7(hidden) oppDeck=19 deck=21 discard=2
2026.09.27-14.09.14 FIGHTERS synced n=6 alive=6 own=4 enemy=2
2026.09.27-14.09.14 PEND resolve done seq=28 (apply) phase=ACTION_MANEUVER
2026.09.27-14.09.14 SNAPSHOT applied seq=28 phase=ACTION_MANEUVER
2026.09.27-14.09.14 HANDLE_APPLIED #46 seq=28 decision=1 fightersValid=1 boardValid=1
2026.09.27-14.09.14 MODE seq=28 mode=6 combat=0 pending=1
2026.09.27-14.09.14 HUD seq=28 phase=ACTION_MANEUVER turn=you hand=7 oppHand=7(hidden) oppDeck=19 deck=21 discard=2
2026.09.27-14.09.14 FIGHTERS synced n=6 alive=6 own=4 enemy=2
2026.09.27-14.09.14 WS seq=28 phase=ACTION_MANEUVER (merge)
2026.09.27-14.09.14 PEND-RESOLVE sent type=MOVE stage=0 id=cmujlbmct00smwip0s6o07665-fullText-0-p3
2026.09.27-14.09.14 S09AUTO pending picked (type=MOVE stage=0)
2026.09.27-14.09.14 SNAPSHOT applied seq=29 phase=ACTION_MANEUVER
2026.09.27-14.09.14 HANDLE_APPLIED #47 seq=29 decision=2 fightersValid=1 boardValid=1
2026.09.27-14.09.14 closed mode=
2026.09.27-14.09.14 MODE seq=29 mode=0 combat=0 pending=0
2026.09.27-14.09.14 HUD seq=29 phase=ACTION_MANEUVER turn=opp hand=7 oppHand=7(hidden) oppDeck=19 deck=21 discard=2
2026.09.27-14.09.14 FIGHTERS synced n=6 alive=6 own=4 enemy=2
2026.09.27-14.09.14 PEND resolve done seq=29 (apply) phase=ACTION_MANEUVER
2026.09.27-14.09.14 SNAPSHOT applied seq=29 phase=ACTION_MANEUVER
2026.09.27-14.09.14 HANDLE_APPLIED #48 seq=29 decision=1 fightersValid=1 boardValid=1
2026.09.27-14.09.14 MODE seq=29 mode=0 combat=0 pending=0
2026.09.27-14.09.14 HUD seq=29 phase=ACTION_MANEUVER turn=opp hand=7 oppHand=7(hidden) oppDeck=19 deck=21 discard=2
2026.09.27-14.09.14 FIGHTERS synced n=6 alive=6 own=4 enemy=2
2026.09.27-14.09.14 WS seq=29 phase=ACTION_MANEUVER (merge)
2026.09.27-14.09.14 S09AUTO drive mode=0 plan=[attack+scheme] phase=ACTION_MANEUVER turn=cmujlc8fd000zwi30gwyg97lq
2026.09.27-14.09.14 SNAPSHOT applied seq=30 phase=ACTION_MANEUVER
2026.09.27-14.09.14 HANDLE_APPLIED #49 seq=30 decision=2 fightersValid=1 boardValid=1
2026.09.27-14.09.14 MODE seq=30 mode=0 combat=0 pending=0
2026.09.27-14.09.14 HUD seq=30 phase=ACTION_MANEUVER turn=opp hand=7 oppHand=8(hidden) oppDeck=19~ deck=21~ discard=2
2026.09.27-14.09.14 FIGHTERS synced n=6 alive=6 own=4 enemy=2
2026.09.27-14.09.14 WS seq=30 phase=ACTION_MANEUVER (apply)
2026.09.27-14.09.14 SNAPSHOT applied seq=31 phase=ACTION_MANEUVER
2026.09.27-14.09.14 HANDLE_APPLIED #50 seq=31 decision=2 fightersValid=1 boardValid=1
2026.09.27-14.09.14 MODE seq=31 mode=0 combat=0 pending=0
2026.09.27-14.09.14 HUD seq=31 phase=ACTION_MANEUVER turn=opp hand=7 oppHand=8(hidden) oppDeck=19~ deck=21~ discard=2
2026.09.27-14.09.14 FIGHTERS synced n=6 alive=6 own=4 enemy=2
2026.09.27-14.09.14 CUE move f-1-hero (8,4)->(8,3) seq=31
2026.09.27-14.09.14 WS seq=31 phase=ACTION_MANEUVER (apply)
2026.09.27-14.09.14 SNAPSHOT applied seq=32 phase=ACTION_MANEUVER
2026.09.27-14.09.14 HANDLE_APPLIED #51 seq=32 decision=2 fightersValid=1 boardValid=1
2026.09.27-14.09.14 MODE seq=32 mode=0 combat=0 pending=0
2026.09.27-14.09.14 HUD seq=32 phase=ACTION_MANEUVER turn=opp hand=7 oppHand=9(hidden) oppDeck=19~ deck=21~ discard=2
2026.09.27-14.09.14 FIGHTERS synced n=6 alive=6 own=4 enemy=2
2026.09.27-14.09.14 WS seq=32 phase=ACTION_MANEUVER (apply)
2026.09.27-14.09.14 SNAPSHOT applied seq=33 phase=TURN_END
2026.09.27-14.09.14 HANDLE_APPLIED #52 seq=33 decision=2 fightersValid=1 boardValid=1
2026.09.27-14.09.14 MODE seq=33 mode=0 combat=0 pending=0
2026.09.27-14.09.14 HUD seq=33 phase=TURN_END turn=opp hand=7 oppHand=10(hidden) oppDeck=19~ deck=21~ discard=2 pendingDiscard=3
2026.09.27-14.09.14 FIGHTERS synced n=6 alive=6 own=4 enemy=2
2026.09.27-14.09.14 CUE move f-1-hero (8,3)->(8,2) seq=33
2026.09.27-14.09.14 WS seq=33 phase=TURN_END (apply)
2026.09.27-14.09.14 SNAPSHOT applied seq=34 phase=ACTION_MANEUVER
2026.09.27-14.09.14 HANDLE_APPLIED #53 seq=34 decision=2 fightersValid=1 boardValid=1
2026.09.27-14.09.14 MODE seq=34 mode=0 combat=0 pending=0
2026.09.27-14.09.14 HUD seq=34 phase=ACTION_MANEUVER turn=you hand=7 oppHand=7(hidden) oppDeck=19~ deck=21~ discard=2
2026.09.27-14.09.14 FIGHTERS synced n=6 alive=6 own=4 enemy=2
2026.09.27-14.09.14 WS seq=34 phase=ACTION_MANEUVER (apply)
2026.09.27-14.09.14 S09AUTO own turn #3 (turnCount=7)
2026.09.27-14.09.14 S09AUTO attack deferred - no may-boost card in hand (turn#3 elapsed=22s)
2026.09.27-14.09.14 SNAPSHOT applied seq=35 phase=ACTION_MANEUVER
2026.09.27-14.09.14 HANDLE_APPLIED #54 seq=35 decision=2 fightersValid=1 boardValid=1
2026.09.27-14.09.14 MANEUVER-DRAFT mode=maneuver:7:34
2026.09.27-14.09.14 DRAFT-OPEN draw committed (resume instead of begin)
2026.09.27-14.09.14 MODE seq=35 mode=1 combat=0 pending=0
2026.09.27-14.09.14 HUD seq=35 phase=ACTION_MANEUVER turn=you hand=8 oppHand=7(hidden) oppDeck=16 deck=20 discard=2
2026.09.27-14.09.14 FIGHTERS synced n=6 alive=6 own=4 enemy=2
2026.09.27-14.09.14 MANEUVER begin seq=35 (apply) pending=maneuver:7:34
2026.09.27-14.09.14 SNAPSHOT applied seq=35 phase=ACTION_MANEUVER
2026.09.27-14.09.14 HANDLE_APPLIED #55 seq=35 decision=1 fightersValid=1 boardValid=1
2026.09.27-14.09.14 MODE seq=35 mode=1 combat=0 pending=0
2026.09.27-14.09.14 HUD seq=35 phase=ACTION_MANEUVER turn=you hand=8 oppHand=7(hidden) oppDeck=16 deck=20 discard=2
2026.09.27-14.09.14 FIGHTERS synced n=6 alive=6 own=4 enemy=2
2026.09.27-14.09.14 WS seq=35 phase=ACTION_MANEUVER (merge)
2026.09.27-14.09.14 S09AUTO drive mode=1 plan=[attack+scheme] phase=ACTION_MANEUVER turn=cmujw9jfc00k1wiyk6f7oixru
2026.09.27-14.09.14 MANEUVER-CONFIRM moves=1 boost=none
2026.09.27-14.09.14 SNAPSHOT applied seq=36 phase=ACTION_MANEUVER
2026.09.27-14.09.14 HANDLE_APPLIED #56 seq=36 decision=2 fightersValid=1 boardValid=1
2026.09.27-14.09.14 closed mode=
2026.09.27-14.09.14 MODE seq=36 mode=0 combat=0 pending=0
2026.09.27-14.09.14 HUD seq=36 phase=ACTION_MANEUVER turn=you hand=8 oppHand=7(hidden) oppDeck=16 deck=20 discard=2
2026.09.27-14.09.14 FIGHTERS synced n=6 alive=6 own=4 enemy=2
2026.09.27-14.09.14 CUE move f-0-hero (5,2)->(6,2) seq=36
2026.09.27-14.09.14 MANEUVER done seq=36 (apply) fighters=6 boost=no
2026.09.27-14.09.14 SNAPSHOT applied seq=36 phase=ACTION_MANEUVER
2026.09.27-14.09.14 HANDLE_APPLIED #57 seq=36 decision=1 fightersValid=1 boardValid=1
2026.09.27-14.09.14 MODE seq=36 mode=0 combat=0 pending=0
2026.09.27-14.09.14 HUD seq=36 phase=ACTION_MANEUVER turn=you hand=8 oppHand=7(hidden) oppDeck=16 deck=20 discard=2
2026.09.27-14.09.14 FIGHTERS synced n=6 alive=6 own=4 enemy=2
2026.09.27-14.09.14 WS seq=36 phase=ACTION_MANEUVER (merge)
2026.09.27-14.09.15 S09AUTO drive mode=0 plan=[attack+scheme] phase=ACTION_MANEUVER turn=cmujw9jfc00k1wiyk6f7oixru
2026.09.27-14.09.15 S09AUTO attack deferred - no may-boost card in hand (turn#3 elapsed=24s)
2026.09.27-14.09.15 SNAPSHOT applied seq=37 phase=ACTION_MANEUVER
2026.09.27-14.09.15 HANDLE_APPLIED #58 seq=37 decision=2 fightersValid=1 boardValid=1
2026.09.27-14.09.15 MANEUVER-DRAFT mode=maneuver:7:36
2026.09.27-14.09.15 DRAFT-OPEN draw committed (resume instead of begin)
2026.09.27-14.09.15 MODE seq=37 mode=1 combat=0 pending=0
2026.09.27-14.09.15 HUD seq=37 phase=ACTION_MANEUVER turn=you hand=9 oppHand=7(hidden) oppDeck=16 deck=19 discard=2
2026.09.27-14.09.15 FIGHTERS synced n=6 alive=6 own=4 enemy=2
2026.09.27-14.09.15 MANEUVER begin seq=37 (apply) pending=maneuver:7:36
2026.09.27-14.09.15 SNAPSHOT applied seq=37 phase=ACTION_MANEUVER
2026.09.27-14.09.15 HANDLE_APPLIED #59 seq=37 decision=1 fightersValid=1 boardValid=1
2026.09.27-14.09.15 MODE seq=37 mode=1 combat=0 pending=0
2026.09.27-14.09.15 HUD seq=37 phase=ACTION_MANEUVER turn=you hand=9 oppHand=7(hidden) oppDeck=16 deck=19 discard=2
2026.09.27-14.09.15 FIGHTERS synced n=6 alive=6 own=4 enemy=2
2026.09.27-14.09.15 WS seq=37 phase=ACTION_MANEUVER (merge)
2026.09.27-14.09.15 S09AUTO drive mode=1 plan=[attack+scheme] phase=ACTION_MANEUVER turn=cmujw9jfc00k1wiyk6f7oixru
2026.09.27-14.09.15 MANEUVER-CONFIRM moves=1 boost=none
2026.09.27-14.09.15 SNAPSHOT applied seq=38 phase=TURN_END
2026.09.27-14.09.15 HANDLE_APPLIED #60 seq=38 decision=2 fightersValid=1 boardValid=1
2026.09.27-14.09.15 DISCARD-DRAFT count=2 pending=discard:7:38
2026.09.27-14.09.15 MODE seq=38 mode=2 combat=0 pending=0
2026.09.27-14.09.15 HUD seq=38 phase=TURN_END turn=you hand=9 oppHand=7(hidden) oppDeck=16 deck=19 discard=2 pendingDiscard=2
2026.09.27-14.09.15 FIGHTERS synced n=6 alive=6 own=4 enemy=2
2026.09.27-14.09.15 CUE move f-0-hero (6,2)->(7,2) seq=38
2026.09.27-14.09.15 MANEUVER done seq=38 (apply) fighters=6 boost=no
2026.09.27-14.09.15 SNAPSHOT applied seq=38 phase=TURN_END
2026.09.27-14.09.15 HANDLE_APPLIED #61 seq=38 decision=1 fightersValid=1 boardValid=1
2026.09.27-14.09.15 MODE seq=38 mode=2 combat=0 pending=0
2026.09.27-14.09.15 HUD seq=38 phase=TURN_END turn=you hand=9 oppHand=7(hidden) oppDeck=16 deck=19 discard=2 pendingDiscard=2
2026.09.27-14.09.15 FIGHTERS synced n=6 alive=6 own=4 enemy=2
2026.09.27-14.09.15 WS seq=38 phase=TURN_END (merge)
2026.09.27-14.09.16 game -> room=cmujw9n5i00knwiykzpia24q6 code=<redacted> status=IN_PROGRESS
2026.09.27-14.09.16 SHOT ctx viewport=1280x720 viewTarget=CameraActor_2147482375 cam=(0,1701,2429) rot=(-55,-90,0)
2026.09.27-14.09.16 SHOT fighter f-0-hero pos=(7,2) world=(150,-250,0) screen=(738,226) projected=1 alive=1
2026.09.27-14.09.16 SHOT fighter f-0-sk0 pos=(3,3) world=(-250,-150,0) screen=(474,278) projected=1 alive=1
2026.09.27-14.09.16 SHOT fighter f-0-sk1 pos=(2,1) world=(-350,-350,0) screen=(416,176) projected=1 alive=1
2026.09.27-14.09.16 SHOT fighter f-0-sk2 pos=(1,2) world=(-450,-250,0) screen=(346,226) projected=1 alive=1
2026.09.27-14.09.16 SHOT fighter f-1-hero pos=(8,2) world=(250,-250,0) screen=(803,226) projected=1 alive=1
2026.09.27-14.09.16 SHOT fighter f-1-sk0 pos=(10,7) world=(450,250,0) screen=(964,507) projected=1 alive=1
2026.09.27-14.09.16 SHOT requested: FScreenshotRequest(bShowUI) -> C:\Users\ren\AppData\Local\Temp\s10-vsai-20260927-190850-24644\human/s09-discard-open.png
2026.09.27-14.09.17 S09AUTO drive mode=2 plan=[attack+scheme] phase=TURN_END turn=cmujw9jfc00k1wiyk6f7oixru
2026.09.27-14.09.17 S09AUTO discard picks=2
2026.09.27-14.09.17 DISCARD-CONFIRM pending=discard:7:38 count=2 ids=cmujlbmcz00swwip072px8g30::1,cmujlbmd100t0wip0hb8opmje::0
2026.09.27-14.09.17 SNAPSHOT applied seq=39 phase=ACTION_MANEUVER
2026.09.27-14.09.17 HANDLE_APPLIED #62 seq=39 decision=2 fightersValid=1 boardValid=1
2026.09.27-14.09.17 closed mode=
2026.09.27-14.09.17 MODE seq=39 mode=0 combat=0 pending=0
2026.09.27-14.09.17 HUD seq=39 phase=ACTION_MANEUVER turn=opp hand=7 oppHand=7(hidden) oppDeck=16 deck=19 discard=4
2026.09.27-14.09.17 FIGHTERS synced n=6 alive=6 own=4 enemy=2
2026.09.27-14.09.17 DISCARD done seq=39 phase=ACTION_MANEUVER count=2
2026.09.27-14.09.17 SNAPSHOT applied seq=39 phase=ACTION_MANEUVER
2026.09.27-14.09.17 HANDLE_APPLIED #63 seq=39 decision=1 fightersValid=1 boardValid=1
2026.09.27-14.09.17 MODE seq=39 mode=0 combat=0 pending=0
2026.09.27-14.09.17 HUD seq=39 phase=ACTION_MANEUVER turn=opp hand=7 oppHand=7(hidden) oppDeck=16 deck=19 discard=4
2026.09.27-14.09.17 FIGHTERS synced n=6 alive=6 own=4 enemy=2
2026.09.27-14.09.17 WS seq=39 phase=ACTION_MANEUVER (merge)
2026.09.27-14.09.17 SNAPSHOT applied seq=40 phase=ACTION_MANEUVER
2026.09.27-14.09.17 HANDLE_APPLIED #64 seq=40 decision=2 fightersValid=1 boardValid=1
2026.09.27-14.09.17 MODE seq=40 mode=0 combat=0 pending=0
2026.09.27-14.09.17 HUD seq=40 phase=ACTION_MANEUVER turn=opp hand=7 oppHand=8(hidden) oppDeck=16~ deck=19~ discard=4
2026.09.27-14.09.17 FIGHTERS synced n=6 alive=6 own=4 enemy=2
2026.09.27-14.09.17 WS seq=40 phase=ACTION_MANEUVER (apply)
2026.09.27-14.09.17 SNAPSHOT applied seq=41 phase=ACTION_MANEUVER
2026.09.27-14.09.17 HANDLE_APPLIED #65 seq=41 decision=2 fightersValid=1 boardValid=1
2026.09.27-14.09.17 MODE seq=41 mode=0 combat=0 pending=0
2026.09.27-14.09.17 HUD seq=41 phase=ACTION_MANEUVER turn=opp hand=7 oppHand=8(hidden) oppDeck=16~ deck=19~ discard=4
2026.09.27-14.09.17 FIGHTERS synced n=6 alive=6 own=4 enemy=2
2026.09.27-14.09.17 WS seq=41 phase=ACTION_MANEUVER (apply)
2026.09.27-14.09.17 SNAPSHOT applied seq=42 phase=ACTION_MANEUVER
2026.09.27-14.09.17 HANDLE_APPLIED #66 seq=42 decision=2 fightersValid=1 boardValid=1
2026.09.27-14.09.17 MODE seq=42 mode=0 combat=0 pending=0
2026.09.27-14.09.17 HUD seq=42 phase=ACTION_MANEUVER turn=opp hand=7 oppHand=9(hidden) oppDeck=16~ deck=19~ discard=4
2026.09.27-14.09.17 FIGHTERS synced n=6 alive=6 own=4 enemy=2
2026.09.27-14.09.17 WS seq=42 phase=ACTION_MANEUVER (apply)
2026.09.27-14.09.17 SNAPSHOT applied seq=43 phase=TURN_END
2026.09.27-14.09.17 HANDLE_APPLIED #67 seq=43 decision=2 fightersValid=1 boardValid=1
2026.09.27-14.09.17 MODE seq=43 mode=0 combat=0 pending=0
2026.09.27-14.09.17 HUD seq=43 phase=TURN_END turn=opp hand=7 oppHand=10(hidden) oppDeck=16~ deck=19~ discard=4 pendingDiscard=3
2026.09.27-14.09.17 FIGHTERS synced n=6 alive=6 own=4 enemy=2
2026.09.27-14.09.17 WS seq=43 phase=TURN_END (apply)
2026.09.27-14.09.17 SNAPSHOT applied seq=44 phase=ACTION_MANEUVER
2026.09.27-14.09.17 HANDLE_APPLIED #68 seq=44 decision=2 fightersValid=1 boardValid=1
2026.09.27-14.09.17 closed mode=
2026.09.27-14.09.17 MODE seq=44 mode=6 combat=0 pending=1
2026.09.27-14.09.17 HUD seq=44 phase=ACTION_MANEUVER turn=you hand=7 oppHand=7(hidden) oppDeck=16~ deck=19~ discard=4
2026.09.27-14.09.17 FIGHTERS synced n=6 alive=6 own=4 enemy=2
2026.09.27-14.09.17 WS seq=44 phase=ACTION_MANEUVER (apply)
2026.09.27-14.09.18 S09AUTO drive mode=6 plan=[attack+scheme] phase=ACTION_MANEUVER turn=cmujw9jfc00k1wiyk6f7oixru
2026.09.27-14.09.18 S09AUTO own turn #4 (turnCount=9)
2026.09.27-14.09.18 S09AUTO pending-open shot (type=TARGET_FIGHTER stage=0 mode=)
2026.09.27-14.09.18 SHOT ctx viewport=1280x720 viewTarget=CameraActor_2147482375 cam=(0,1701,2429) rot=(-55,-90,0)
2026.09.27-14.09.18 SHOT fighter f-0-hero pos=(7,2) world=(150,-250,0) screen=(738,226) projected=1 alive=1
2026.09.27-14.09.18 SHOT fighter f-0-sk0 pos=(3,3) world=(-250,-150,0) screen=(474,278) projected=1 alive=1
2026.09.27-14.09.18 SHOT fighter f-0-sk1 pos=(2,1) world=(-350,-350,0) screen=(416,176) projected=1 alive=1
2026.09.27-14.09.18 SHOT fighter f-0-sk2 pos=(1,2) world=(-450,-250,0) screen=(346,226) projected=1 alive=1
2026.09.27-14.09.18 SHOT fighter f-1-hero pos=(8,2) world=(250,-250,0) screen=(803,226) projected=1 alive=1
2026.09.27-14.09.18 SHOT fighter f-1-sk0 pos=(10,7) world=(450,250,0) screen=(964,507) projected=1 alive=1
2026.09.27-14.09.18 SHOT requested: FScreenshotRequest(bShowUI) -> C:\Users\ren\AppData\Local\Temp\s10-vsai-20260927-190850-24644\human/s09-pending-TARGET_FIGHTER.png
2026.09.27-14.09.18 PEND-RESOLVE sent type=TARGET_FIGHTER stage=0 id=ability-medusa-target-p0
2026.09.27-14.09.18 S09AUTO pending picked (type=TARGET_FIGHTER stage=0)
2026.09.27-14.09.18 SNAPSHOT applied seq=45 phase=ACTION_MANEUVER
2026.09.27-14.09.18 HANDLE_APPLIED #69 seq=45 decision=2 fightersValid=1 boardValid=1
2026.09.27-14.09.18 closed mode=
2026.09.27-14.09.18 MODE seq=45 mode=0 combat=0 pending=0
2026.09.27-14.09.18 HUD seq=45 phase=ACTION_MANEUVER turn=you hand=7 oppHand=7(hidden) oppDeck=13 deck=19 discard=4
2026.09.27-14.09.18 FIGHTERS synced n=6 alive=6 own=4 enemy=2
2026.09.27-14.09.18 CUE damage f-1-hero -1 seq=45
2026.09.27-14.09.18 PEND resolve done seq=45 (apply) phase=ACTION_MANEUVER
2026.09.27-14.09.18 SNAPSHOT applied seq=45 phase=ACTION_MANEUVER
2026.09.27-14.09.18 HANDLE_APPLIED #70 seq=45 decision=1 fightersValid=1 boardValid=1
2026.09.27-14.09.18 MODE seq=45 mode=0 combat=0 pending=0
2026.09.27-14.09.18 HUD seq=45 phase=ACTION_MANEUVER turn=you hand=7 oppHand=7(hidden) oppDeck=13 deck=19 discard=4
2026.09.27-14.09.18 FIGHTERS synced n=6 alive=6 own=4 enemy=2
2026.09.27-14.09.18 WS seq=45 phase=ACTION_MANEUVER (merge)
2026.09.27-14.09.18 S09AUTO drive mode=0 plan=[attack+scheme] phase=ACTION_MANEUVER turn=cmujw9jfc00k1wiyk6f7oixru
2026.09.27-14.09.18 S09AUTO attack (attacker=f-0-hero target-set card-set)
2026.09.27-14.09.18 ATTACK sent
2026.09.27-14.09.18 SNAPSHOT applied seq=46 phase=COMBAT
2026.09.27-14.09.18 HANDLE_APPLIED #71 seq=46 decision=2 fightersValid=1 boardValid=1
2026.09.27-14.09.18 closed mode=
2026.09.27-14.09.18 MODE seq=46 mode=0 combat=1 pending=0
2026.09.27-14.09.18 HUD seq=46 phase=COMBAT turn=you hand=6 oppHand=7(hidden) oppDeck=13 deck=19 discard=5
2026.09.27-14.09.18 FIGHTERS synced n=6 alive=6 own=4 enemy=2
2026.09.27-14.09.18 ATTACK done seq=46 (apply) phase=COMBAT
2026.09.27-14.09.18 SNAPSHOT applied seq=46 phase=COMBAT
2026.09.27-14.09.18 HANDLE_APPLIED #72 seq=46 decision=1 fightersValid=1 boardValid=1
2026.09.27-14.09.18 MODE seq=46 mode=0 combat=1 pending=0
2026.09.27-14.09.18 HUD seq=46 phase=COMBAT turn=you hand=6 oppHand=7(hidden) oppDeck=13 deck=19 discard=5
2026.09.27-14.09.18 FIGHTERS synced n=6 alive=6 own=4 enemy=2
2026.09.27-14.09.18 WS seq=46 phase=COMBAT (merge)
2026.09.27-14.09.18 SNAPSHOT applied seq=47 phase=COMBAT_RESOLVE
2026.09.27-14.09.18 HANDLE_APPLIED #73 seq=47 decision=2 fightersValid=1 boardValid=1
2026.09.27-14.09.18 closed mode=
2026.09.27-14.09.18 MODE seq=47 mode=6 combat=1 pending=1
2026.09.27-14.09.18 HUD seq=47 phase=COMBAT_RESOLVE turn=you hand=6 oppHand=7(hidden) oppDeck=13~ deck=19~ discard=5
2026.09.27-14.09.18 FIGHTERS synced n=6 alive=6 own=4 enemy=2
2026.09.27-14.09.18 WS seq=47 phase=COMBAT_RESOLVE (apply)
2026.09.27-14.09.18 S09AUTO drive mode=6 plan=[attack+scheme] phase=COMBAT_RESOLVE turn=cmujw9jfc00k1wiyk6f7oixru
2026.09.27-14.09.18 S09AUTO pending-open shot (type=BOOST_CHOICE stage=0 mode=)
2026.09.27-14.09.18 SHOT ctx viewport=1280x720 viewTarget=CameraActor_2147482375 cam=(0,1701,2429) rot=(-55,-90,0)
2026.09.27-14.09.18 SHOT fighter f-0-hero pos=(7,2) world=(150,-250,0) screen=(738,226) projected=1 alive=1
2026.09.27-14.09.18 SHOT fighter f-0-sk0 pos=(3,3) world=(-250,-150,0) screen=(474,278) projected=1 alive=1
2026.09.27-14.09.18 SHOT fighter f-0-sk1 pos=(2,1) world=(-350,-350,0) screen=(416,176) projected=1 alive=1
2026.09.27-14.09.18 SHOT fighter f-0-sk2 pos=(1,2) world=(-450,-250,0) screen=(346,226) projected=1 alive=1
2026.09.27-14.09.18 SHOT fighter f-1-hero pos=(8,2) world=(250,-250,0) screen=(803,226) projected=1 alive=1
2026.09.27-14.09.18 SHOT fighter f-1-sk0 pos=(10,7) world=(450,250,0) screen=(964,507) projected=1 alive=1
2026.09.27-14.09.18 SHOT requested: FScreenshotRequest(bShowUI) -> C:\Users\ren\AppData\Local\Temp\s10-vsai-20260927-190850-24644\human/s09-pending-BOOST_CHOICE.png
2026.09.27-14.09.18 S09AUTO boost choice - holding 4s for the other seat's reveal capture
2026.09.27-14.09.19 game -> room=cmujw9n5i00knwiykzpia24q6 code=<redacted> status=IN_PROGRESS
2026.09.27-14.09.22 game -> room=cmujw9n5i00knwiykzpia24q6 code=<redacted> status=IN_PROGRESS
2026.09.27-14.09.22 PEND-RESOLVE sent type=BOOST_CHOICE stage=0 id=cmujlbmcq00siwip0c9jy9x6a-during-0-boost-46
2026.09.27-14.09.22 S09AUTO pending picked (type=BOOST_CHOICE stage=0)
2026.09.27-14.09.22 SNAPSHOT applied seq=48 phase=ACTION_MANEUVER
2026.09.27-14.09.22 HANDLE_APPLIED #74 seq=48 decision=2 fightersValid=1 boardValid=1
2026.09.27-14.09.22 COMBAT-RESULT seq=48 damage=5 role=attacked
2026.09.27-14.09.22 S09AUTO combat-result shot
2026.09.27-14.09.22 SHOT ctx viewport=1280x720 viewTarget=CameraActor_2147482375 cam=(0,1701,2429) rot=(-55,-90,0)
2026.09.27-14.09.22 SHOT fighter f-0-hero pos=(7,2) world=(150,-250,0) screen=(738,226) projected=1 alive=1
2026.09.27-14.09.22 SHOT fighter f-0-sk0 pos=(3,3) world=(-250,-150,0) screen=(474,278) projected=1 alive=1
2026.09.27-14.09.22 SHOT fighter f-0-sk1 pos=(2,1) world=(-350,-350,0) screen=(416,176) projected=1 alive=1
2026.09.27-14.09.22 SHOT fighter f-0-sk2 pos=(1,2) world=(-450,-250,0) screen=(346,226) projected=1 alive=1
2026.09.27-14.09.22 SHOT fighter f-1-hero pos=(8,2) world=(250,-250,0) screen=(803,226) projected=1 alive=1
2026.09.27-14.09.22 SHOT fighter f-1-sk0 pos=(10,7) world=(450,250,0) screen=(964,507) projected=1 alive=1
2026.09.27-14.09.22 SHOT requested: FScreenshotRequest(bShowUI) -> C:\Users\ren\AppData\Local\Temp\s10-vsai-20260927-190850-24644\human/s09-combat-result.png
2026.09.27-14.09.22 closed mode=
2026.09.27-14.09.22 MODE seq=48 mode=0 combat=0 pending=0
2026.09.27-14.09.22 HUD seq=48 phase=ACTION_MANEUVER turn=you hand=5 oppHand=7(hidden) oppDeck=13 deck=19 discard=6
2026.09.27-14.09.22 FIGHTERS synced n=6 alive=6 own=4 enemy=2
2026.09.27-14.09.22 CUE damage f-1-hero -5 seq=48
2026.09.27-14.09.22 PEND resolve done seq=48 (apply) phase=ACTION_MANEUVER
2026.09.27-14.09.22 SNAPSHOT applied seq=48 phase=ACTION_MANEUVER
2026.09.27-14.09.22 HANDLE_APPLIED #75 seq=48 decision=1 fightersValid=1 boardValid=1
2026.09.27-14.09.22 MODE seq=48 mode=0 combat=0 pending=0
2026.09.27-14.09.22 HUD seq=48 phase=ACTION_MANEUVER turn=you hand=5 oppHand=7(hidden) oppDeck=13 deck=19 discard=6
2026.09.27-14.09.22 FIGHTERS synced n=6 alive=6 own=4 enemy=2
2026.09.27-14.09.22 WS seq=48 phase=ACTION_MANEUVER (merge)
2026.09.27-14.09.22 S09AUTO drive mode=0 plan=[attack+scheme] phase=ACTION_MANEUVER turn=cmujw9jfc00k1wiyk6f7oixru
2026.09.27-14.09.22 S09AUTO attack deferred - no may-boost card in hand (turn#4 elapsed=31s)
2026.09.27-14.09.22 SNAPSHOT applied seq=49 phase=ACTION_MANEUVER
2026.09.27-14.09.22 HANDLE_APPLIED #76 seq=49 decision=2 fightersValid=1 boardValid=1
2026.09.27-14.09.22 MANEUVER-DRAFT mode=maneuver:9:48
2026.09.27-14.09.22 DRAFT-OPEN draw committed (resume instead of begin)
2026.09.27-14.09.22 MODE seq=49 mode=1 combat=0 pending=0
2026.09.27-14.09.22 HUD seq=49 phase=ACTION_MANEUVER turn=you hand=6 oppHand=7(hidden) oppDeck=13 deck=18 discard=6
2026.09.27-14.09.22 FIGHTERS synced n=6 alive=6 own=4 enemy=2
2026.09.27-14.09.22 MANEUVER begin seq=49 (apply) pending=maneuver:9:48
2026.09.27-14.09.22 SNAPSHOT applied seq=49 phase=ACTION_MANEUVER
2026.09.27-14.09.22 HANDLE_APPLIED #77 seq=49 decision=1 fightersValid=1 boardValid=1
2026.09.27-14.09.22 MODE seq=49 mode=1 combat=0 pending=0
2026.09.27-14.09.22 HUD seq=49 phase=ACTION_MANEUVER turn=you hand=6 oppHand=7(hidden) oppDeck=13 deck=18 discard=6
2026.09.27-14.09.22 FIGHTERS synced n=6 alive=6 own=4 enemy=2
2026.09.27-14.09.22 WS seq=49 phase=ACTION_MANEUVER (merge)
2026.09.27-14.09.22 S09AUTO drive mode=1 plan=[attack+scheme] phase=ACTION_MANEUVER turn=cmujw9jfc00k1wiyk6f7oixru
2026.09.27-14.09.22 MANEUVER-CONFIRM moves=1 boost=none
2026.09.27-14.09.22 SNAPSHOT applied seq=50 phase=ACTION_MANEUVER
2026.09.27-14.09.22 HANDLE_APPLIED #78 seq=50 decision=2 fightersValid=1 boardValid=1
2026.09.27-14.09.22 closed mode=
2026.09.27-14.09.22 MODE seq=50 mode=0 combat=0 pending=0
2026.09.27-14.09.22 HUD seq=50 phase=ACTION_MANEUVER turn=opp hand=6 oppHand=7(hidden) oppDeck=13 deck=18 discard=6
2026.09.27-14.09.22 FIGHTERS synced n=6 alive=6 own=4 enemy=2
2026.09.27-14.09.22 CUE move f-0-hero (7,2)->(6,2) seq=50
2026.09.27-14.09.22 MANEUVER done seq=50 (apply) fighters=6 boost=no
2026.09.27-14.09.22 SNAPSHOT applied seq=50 phase=ACTION_MANEUVER
2026.09.27-14.09.22 HANDLE_APPLIED #79 seq=50 decision=1 fightersValid=1 boardValid=1
2026.09.27-14.09.22 MODE seq=50 mode=0 combat=0 pending=0
2026.09.27-14.09.22 HUD seq=50 phase=ACTION_MANEUVER turn=opp hand=6 oppHand=7(hidden) oppDeck=13 deck=18 discard=6
2026.09.27-14.09.22 FIGHTERS synced n=6 alive=6 own=4 enemy=2
2026.09.27-14.09.22 WS seq=50 phase=ACTION_MANEUVER (merge)
2026.09.27-14.09.22 SNAPSHOT applied seq=51 phase=ACTION_MANEUVER
2026.09.27-14.09.22 HANDLE_APPLIED #80 seq=51 decision=2 fightersValid=1 boardValid=1
2026.09.27-14.09.22 MODE seq=51 mode=0 combat=0 pending=0
2026.09.27-14.09.22 HUD seq=51 phase=ACTION_MANEUVER turn=opp hand=6 oppHand=8(hidden) oppDeck=13~ deck=18~ discard=6
2026.09.27-14.09.22 FIGHTERS synced n=6 alive=6 own=4 enemy=2
2026.09.27-14.09.22 WS seq=51 phase=ACTION_MANEUVER (apply)
2026.09.27-14.09.23 SNAPSHOT applied seq=52 phase=ACTION_MANEUVER
2026.09.27-14.09.23 HANDLE_APPLIED #81 seq=52 decision=2 fightersValid=1 boardValid=1
2026.09.27-14.09.23 MODE seq=52 mode=0 combat=0 pending=0
2026.09.27-14.09.23 HUD seq=52 phase=ACTION_MANEUVER turn=opp hand=6 oppHand=8(hidden) oppDeck=13~ deck=18~ discard=6
2026.09.27-14.09.23 FIGHTERS synced n=6 alive=6 own=4 enemy=2
2026.09.27-14.09.23 CUE move f-1-hero (8,2)->(7,2) seq=52
2026.09.27-14.09.23 WS seq=52 phase=ACTION_MANEUVER (apply)
2026.09.27-14.09.23 SNAPSHOT applied seq=53 phase=ACTION_MANEUVER
2026.09.27-14.09.23 HANDLE_APPLIED #82 seq=53 decision=2 fightersValid=1 boardValid=1
2026.09.27-14.09.23 MODE seq=53 mode=0 combat=0 pending=0
2026.09.27-14.09.23 HUD seq=53 phase=ACTION_MANEUVER turn=opp hand=6 oppHand=9(hidden) oppDeck=13~ deck=18~ discard=6
2026.09.27-14.09.23 FIGHTERS synced n=6 alive=6 own=4 enemy=2
2026.09.27-14.09.23 WS seq=53 phase=ACTION_MANEUVER (apply)
2026.09.27-14.09.23 SNAPSHOT applied seq=54 phase=TURN_END
2026.09.27-14.09.23 HANDLE_APPLIED #83 seq=54 decision=2 fightersValid=1 boardValid=1
2026.09.27-14.09.23 MODE seq=54 mode=0 combat=0 pending=0
2026.09.27-14.09.23 HUD seq=54 phase=TURN_END turn=opp hand=6 oppHand=10(hidden) oppDeck=13~ deck=18~ discard=6 pendingDiscard=3
2026.09.27-14.09.23 FIGHTERS synced n=6 alive=6 own=4 enemy=2
2026.09.27-14.09.23 WS seq=54 phase=TURN_END (apply)
2026.09.27-14.09.23 SNAPSHOT applied seq=55 phase=ACTION_MANEUVER
2026.09.27-14.09.23 HANDLE_APPLIED #84 seq=55 decision=2 fightersValid=1 boardValid=1
2026.09.27-14.09.23 closed mode=
2026.09.27-14.09.23 MODE seq=55 mode=6 combat=0 pending=1
2026.09.27-14.09.23 HUD seq=55 phase=ACTION_MANEUVER turn=you hand=6 oppHand=7(hidden) oppDeck=13~ deck=18~ discard=6
2026.09.27-14.09.23 FIGHTERS synced n=6 alive=6 own=4 enemy=2
2026.09.27-14.09.23 WS seq=55 phase=ACTION_MANEUVER (apply)
2026.09.27-14.09.24 S09AUTO drive mode=6 plan=[attack+scheme] phase=ACTION_MANEUVER turn=cmujw9jfc00k1wiyk6f7oixru
2026.09.27-14.09.24 S09AUTO own turn #5 (turnCount=11)
2026.09.27-14.09.24 PEND-RESOLVE sent type=TARGET_FIGHTER stage=0 id=ability-medusa-target-p0
2026.09.27-14.09.24 S09AUTO pending picked (type=TARGET_FIGHTER stage=0)
2026.09.27-14.09.24 SNAPSHOT applied seq=56 phase=ACTION_MANEUVER
2026.09.27-14.09.24 HANDLE_APPLIED #85 seq=56 decision=2 fightersValid=1 boardValid=1
2026.09.27-14.09.24 closed mode=
2026.09.27-14.09.24 MODE seq=56 mode=0 combat=0 pending=0
2026.09.27-14.09.24 HUD seq=56 phase=ACTION_MANEUVER turn=you hand=6 oppHand=7(hidden) oppDeck=13~ deck=18~ discard=6
2026.09.27-14.09.24 FIGHTERS synced n=6 alive=6 own=4 enemy=2
2026.09.27-14.09.24 CUE damage f-1-hero -1 seq=56
2026.09.27-14.09.24 WS seq=56 phase=ACTION_MANEUVER (apply)
2026.09.27-14.09.24 SNAPSHOT applied seq=56 phase=ACTION_MANEUVER
2026.09.27-14.09.24 HANDLE_APPLIED #86 seq=56 decision=1 fightersValid=1 boardValid=1
2026.09.27-14.09.24 MODE seq=56 mode=0 combat=0 pending=0
2026.09.27-14.09.24 HUD seq=56 phase=ACTION_MANEUVER turn=you hand=6 oppHand=7(hidden) oppDeck=10 deck=18 discard=6
2026.09.27-14.09.24 FIGHTERS synced n=6 alive=6 own=4 enemy=2
2026.09.27-14.09.24 PEND resolve done seq=56 (merge) phase=ACTION_MANEUVER
2026.09.27-14.09.24 S09AUTO drive mode=0 plan=[attack+scheme] phase=ACTION_MANEUVER turn=cmujw9jfc00k1wiyk6f7oixru
2026.09.27-14.09.24 S09AUTO attack (attacker=f-0-hero target-set card-set)
2026.09.27-14.09.24 ATTACK sent
2026.09.27-14.09.24 SNAPSHOT applied seq=57 phase=COMBAT
2026.09.27-14.09.24 HANDLE_APPLIED #87 seq=57 decision=2 fightersValid=1 boardValid=1
2026.09.27-14.09.24 closed mode=
2026.09.27-14.09.24 MODE seq=57 mode=0 combat=1 pending=0
2026.09.27-14.09.24 HUD seq=57 phase=COMBAT turn=you hand=5 oppHand=7(hidden) oppDeck=10 deck=18 discard=7
2026.09.27-14.09.24 FIGHTERS synced n=6 alive=6 own=4 enemy=2
2026.09.27-14.09.24 ATTACK done seq=57 (apply) phase=COMBAT
2026.09.27-14.09.24 SNAPSHOT applied seq=57 phase=COMBAT
2026.09.27-14.09.24 HANDLE_APPLIED #88 seq=57 decision=1 fightersValid=1 boardValid=1
2026.09.27-14.09.24 MODE seq=57 mode=0 combat=1 pending=0
2026.09.27-14.09.24 HUD seq=57 phase=COMBAT turn=you hand=5 oppHand=7(hidden) oppDeck=10 deck=18 discard=7
2026.09.27-14.09.24 FIGHTERS synced n=6 alive=6 own=4 enemy=2
2026.09.27-14.09.24 WS seq=57 phase=COMBAT (merge)
2026.09.27-14.09.24 SNAPSHOT applied seq=58 phase=COMBAT_RESOLVE
2026.09.27-14.09.24 HANDLE_APPLIED #89 seq=58 decision=2 fightersValid=1 boardValid=1
2026.09.27-14.09.24 closed mode=
2026.09.27-14.09.24 MODE seq=58 mode=6 combat=1 pending=1
2026.09.27-14.09.24 HUD seq=58 phase=COMBAT_RESOLVE turn=you hand=5 oppHand=7(hidden) oppDeck=10~ deck=18~ discard=7
2026.09.27-14.09.24 FIGHTERS synced n=6 alive=6 own=4 enemy=2
2026.09.27-14.09.24 WS seq=58 phase=COMBAT_RESOLVE (apply)
2026.09.27-14.09.24 S09AUTO drive mode=6 plan=[attack+scheme] phase=COMBAT_RESOLVE turn=cmujw9jfc00k1wiyk6f7oixru
2026.09.27-14.09.24 S09AUTO boost choice - holding 4s for the other seat's reveal capture
2026.09.27-14.09.25 game -> room=cmujw9n5i00knwiykzpia24q6 code=<redacted> status=IN_PROGRESS
2026.09.27-14.09.28 game -> room=cmujw9n5i00knwiykzpia24q6 code=<redacted> status=IN_PROGRESS
2026.09.27-14.09.28 PEND-RESOLVE sent type=BOOST_CHOICE stage=0 id=cmujlbmcq00siwip0c9jy9x6a-during-0-boost-57
2026.09.27-14.09.28 S09AUTO pending picked (type=BOOST_CHOICE stage=0)
2026.09.27-14.09.28 SNAPSHOT applied seq=59 phase=ACTION_MANEUVER
2026.09.27-14.09.28 HANDLE_APPLIED #90 seq=59 decision=2 fightersValid=1 boardValid=1
2026.09.27-14.09.28 COMBAT-RESULT seq=59 damage=5 role=attacked
2026.09.27-14.09.28 closed mode=
2026.09.27-14.09.28 MODE seq=59 mode=0 combat=0 pending=0
2026.09.27-14.09.28 HUD seq=59 phase=ACTION_MANEUVER turn=you hand=4 oppHand=7(hidden) oppDeck=10 deck=18 discard=8
2026.09.27-14.09.28 FIGHTERS synced n=6 alive=6 own=4 enemy=2
2026.09.27-14.09.28 CUE damage f-1-hero -5 seq=59
2026.09.27-14.09.28 PEND resolve done seq=59 (apply) phase=ACTION_MANEUVER
2026.09.27-14.09.28 SNAPSHOT applied seq=59 phase=ACTION_MANEUVER
2026.09.27-14.09.28 HANDLE_APPLIED #91 seq=59 decision=1 fightersValid=1 boardValid=1
2026.09.27-14.09.28 MODE seq=59 mode=0 combat=0 pending=0
2026.09.27-14.09.28 HUD seq=59 phase=ACTION_MANEUVER turn=you hand=4 oppHand=7(hidden) oppDeck=10 deck=18 discard=8
2026.09.27-14.09.28 FIGHTERS synced n=6 alive=6 own=4 enemy=2
2026.09.27-14.09.28 WS seq=59 phase=ACTION_MANEUVER (merge)
2026.09.27-14.09.28 S09AUTO drive mode=0 plan=[attack+scheme] phase=ACTION_MANEUVER turn=cmujw9jfc00k1wiyk6f7oixru
2026.09.27-14.09.28 S09AUTO attack deferred - no may-boost card in hand (turn#5 elapsed=36s)
2026.09.27-14.09.28 SNAPSHOT applied seq=60 phase=ACTION_MANEUVER
2026.09.27-14.09.28 HANDLE_APPLIED #92 seq=60 decision=2 fightersValid=1 boardValid=1
2026.09.27-14.09.28 MANEUVER-DRAFT mode=maneuver:11:59
2026.09.27-14.09.28 DRAFT-OPEN draw committed (resume instead of begin)
2026.09.27-14.09.28 MODE seq=60 mode=1 combat=0 pending=0
2026.09.27-14.09.28 HUD seq=60 phase=ACTION_MANEUVER turn=you hand=5 oppHand=7(hidden) oppDeck=10 deck=17 discard=8
2026.09.27-14.09.28 FIGHTERS synced n=6 alive=6 own=4 enemy=2
2026.09.27-14.09.28 MANEUVER begin seq=60 (apply) pending=maneuver:11:59
2026.09.27-14.09.28 SNAPSHOT applied seq=60 phase=ACTION_MANEUVER
2026.09.27-14.09.28 HANDLE_APPLIED #93 seq=60 decision=1 fightersValid=1 boardValid=1
2026.09.27-14.09.28 MODE seq=60 mode=1 combat=0 pending=0
2026.09.27-14.09.28 HUD seq=60 phase=ACTION_MANEUVER turn=you hand=5 oppHand=7(hidden) oppDeck=10 deck=17 discard=8
2026.09.27-14.09.28 FIGHTERS synced n=6 alive=6 own=4 enemy=2
2026.09.27-14.09.28 WS seq=60 phase=ACTION_MANEUVER (merge)
2026.09.27-14.09.28 S09AUTO drive mode=1 plan=[attack+scheme] phase=ACTION_MANEUVER turn=cmujw9jfc00k1wiyk6f7oixru
2026.09.27-14.09.28 MANEUVER-CONFIRM moves=1 boost=none
2026.09.27-14.09.28 SNAPSHOT applied seq=61 phase=ACTION_MANEUVER
2026.09.27-14.09.28 HANDLE_APPLIED #94 seq=61 decision=2 fightersValid=1 boardValid=1
2026.09.27-14.09.28 closed mode=
2026.09.27-14.09.28 MODE seq=61 mode=0 combat=0 pending=0
2026.09.27-14.09.28 HUD seq=61 phase=ACTION_MANEUVER turn=opp hand=5 oppHand=7(hidden) oppDeck=10 deck=17 discard=8
2026.09.27-14.09.28 FIGHTERS synced n=6 alive=6 own=4 enemy=2
2026.09.27-14.09.28 CUE move f-0-hero (6,2)->(5,2) seq=61
2026.09.27-14.09.28 MANEUVER done seq=61 (apply) fighters=6 boost=no
2026.09.27-14.09.28 SNAPSHOT applied seq=61 phase=ACTION_MANEUVER
2026.09.27-14.09.28 HANDLE_APPLIED #95 seq=61 decision=1 fightersValid=1 boardValid=1
2026.09.27-14.09.28 MODE seq=61 mode=0 combat=0 pending=0
2026.09.27-14.09.28 HUD seq=61 phase=ACTION_MANEUVER turn=opp hand=5 oppHand=7(hidden) oppDeck=10 deck=17 discard=8
2026.09.27-14.09.28 FIGHTERS synced n=6 alive=6 own=4 enemy=2
2026.09.27-14.09.28 WS seq=61 phase=ACTION_MANEUVER (merge)
2026.09.27-14.09.28 SNAPSHOT applied seq=62 phase=ACTION_MANEUVER
2026.09.27-14.09.28 HANDLE_APPLIED #96 seq=62 decision=2 fightersValid=1 boardValid=1
2026.09.27-14.09.28 MODE seq=62 mode=0 combat=0 pending=0
2026.09.27-14.09.28 HUD seq=62 phase=ACTION_MANEUVER turn=opp hand=5 oppHand=8(hidden) oppDeck=10~ deck=17~ discard=8
2026.09.27-14.09.28 FIGHTERS synced n=6 alive=6 own=4 enemy=2
2026.09.27-14.09.28 WS seq=62 phase=ACTION_MANEUVER (apply)
2026.09.27-14.09.28 SNAPSHOT applied seq=63 phase=ACTION_MANEUVER
2026.09.27-14.09.28 HANDLE_APPLIED #97 seq=63 decision=2 fightersValid=1 boardValid=1
2026.09.27-14.09.28 MODE seq=63 mode=0 combat=0 pending=0
2026.09.27-14.09.28 HUD seq=63 phase=ACTION_MANEUVER turn=opp hand=5 oppHand=8(hidden) oppDeck=10~ deck=17~ discard=8
2026.09.27-14.09.28 FIGHTERS synced n=6 alive=6 own=4 enemy=2
2026.09.27-14.09.28 CUE move f-1-hero (7,2)->(6,2) seq=63
2026.09.27-14.09.28 WS seq=63 phase=ACTION_MANEUVER (apply)
2026.09.27-14.09.28 SNAPSHOT applied seq=64 phase=ACTION_MANEUVER
2026.09.27-14.09.28 HANDLE_APPLIED #98 seq=64 decision=2 fightersValid=1 boardValid=1
2026.09.27-14.09.28 MODE seq=64 mode=0 combat=0 pending=0
2026.09.27-14.09.28 HUD seq=64 phase=ACTION_MANEUVER turn=opp hand=5 oppHand=9(hidden) oppDeck=10~ deck=17~ discard=8
2026.09.27-14.09.28 FIGHTERS synced n=6 alive=6 own=4 enemy=2
2026.09.27-14.09.28 WS seq=64 phase=ACTION_MANEUVER (apply)
2026.09.27-14.09.28 SNAPSHOT applied seq=65 phase=TURN_END
2026.09.27-14.09.28 HANDLE_APPLIED #99 seq=65 decision=2 fightersValid=1 boardValid=1
2026.09.27-14.09.28 MODE seq=65 mode=0 combat=0 pending=0
2026.09.27-14.09.28 HUD seq=65 phase=TURN_END turn=opp hand=5 oppHand=10(hidden) oppDeck=10~ deck=17~ discard=8 pendingDiscard=3
2026.09.27-14.09.28 FIGHTERS synced n=6 alive=6 own=4 enemy=2
2026.09.27-14.09.28 WS seq=65 phase=TURN_END (apply)
2026.09.27-14.09.28 SNAPSHOT applied seq=66 phase=ACTION_MANEUVER
2026.09.27-14.09.28 HANDLE_APPLIED #100 seq=66 decision=2 fightersValid=1 boardValid=1
2026.09.27-14.09.28 MODE seq=66 mode=0 combat=0 pending=0
2026.09.27-14.09.28 HUD seq=66 phase=ACTION_MANEUVER turn=you hand=5 oppHand=7(hidden) oppDeck=10~ deck=17~ discard=8
2026.09.27-14.09.28 FIGHTERS synced n=6 alive=6 own=4 enemy=2
2026.09.27-14.09.28 WS seq=66 phase=ACTION_MANEUVER (apply)
2026.09.27-14.09.29 S09AUTO drive mode=0 plan=[attack+scheme] phase=ACTION_MANEUVER turn=cmujw9jfc00k1wiyk6f7oixru
2026.09.27-14.09.29 S09AUTO own turn #6 (turnCount=13)
2026.09.27-14.09.29 S09AUTO attack deferred - no may-boost card in hand (turn#6 elapsed=38s)
2026.09.27-14.09.29 S09AUTO scheme
2026.09.27-14.09.29 SNAPSHOT applied seq=67 phase=ACTION_MANEUVER
2026.09.27-14.09.29 HANDLE_APPLIED #101 seq=67 decision=2 fightersValid=1 boardValid=1
2026.09.27-14.09.29 closed mode=
2026.09.27-14.09.29 MODE seq=67 mode=6 combat=0 pending=1
2026.09.27-14.09.29 HUD seq=67 phase=ACTION_MANEUVER turn=you hand=4 oppHand=7(hidden) oppDeck=7 deck=17 discard=9
2026.09.27-14.09.29 FIGHTERS synced n=6 alive=6 own=4 enemy=2
2026.09.27-14.09.29 SCHEME done seq=67 (apply) phase=ACTION_MANEUVER
2026.09.27-14.09.29 SNAPSHOT applied seq=67 phase=ACTION_MANEUVER
2026.09.27-14.09.29 HANDLE_APPLIED #102 seq=67 decision=1 fightersValid=1 boardValid=1
2026.09.27-14.09.29 MODE seq=67 mode=6 combat=0 pending=1
2026.09.27-14.09.29 HUD seq=67 phase=ACTION_MANEUVER turn=you hand=4 oppHand=7(hidden) oppDeck=7 deck=17 discard=9
2026.09.27-14.09.29 FIGHTERS synced n=6 alive=6 own=4 enemy=2
2026.09.27-14.09.29 WS seq=67 phase=ACTION_MANEUVER (merge)
2026.09.27-14.09.31 S09AUTO drive mode=6 plan=[attack+scheme] phase=ACTION_MANEUVER turn=cmujw9jfc00k1wiyk6f7oixru
2026.09.27-14.09.31 PEND-RESOLVE sent type=TARGET_FIGHTER stage=0 id=cmujlbmcr00skwip058syb3ft-fullText-0-p0
2026.09.27-14.09.31 S09AUTO pending picked (type=TARGET_FIGHTER stage=0)
2026.09.27-14.09.31 SNAPSHOT applied seq=68 phase=ACTION_MANEUVER
2026.09.27-14.09.31 HANDLE_APPLIED #103 seq=68 decision=2 fightersValid=1 boardValid=1
2026.09.27-14.09.31 closed mode=
2026.09.27-14.09.31 MODE seq=68 mode=0 combat=0 pending=0
2026.09.27-14.09.31 HUD seq=68 phase=ACTION_MANEUVER turn=you hand=4 oppHand=7(hidden) oppDeck=7 deck=17 discard=9
2026.09.27-14.09.31 FIGHTERS synced n=6 alive=6 own=4 enemy=2
2026.09.27-14.09.31 CUE damage f-0-hero -2 seq=68
2026.09.27-14.09.31 PEND resolve done seq=68 (apply) phase=ACTION_MANEUVER
2026.09.27-14.09.31 SNAPSHOT applied seq=68 phase=ACTION_MANEUVER
2026.09.27-14.09.31 HANDLE_APPLIED #104 seq=68 decision=1 fightersValid=1 boardValid=1
2026.09.27-14.09.31 MODE seq=68 mode=0 combat=0 pending=0
2026.09.27-14.09.31 HUD seq=68 phase=ACTION_MANEUVER turn=you hand=4 oppHand=7(hidden) oppDeck=7 deck=17 discard=9
2026.09.27-14.09.31 FIGHTERS synced n=6 alive=6 own=4 enemy=2
2026.09.27-14.09.31 WS seq=68 phase=ACTION_MANEUVER (merge)
2026.09.27-14.09.31 S09AUTO drive mode=0 plan=[attack+scheme] phase=ACTION_MANEUVER turn=cmujw9jfc00k1wiyk6f7oixru
2026.09.27-14.09.31 S09AUTO attack deferred - no may-boost card in hand (turn#6 elapsed=39s)
2026.09.27-14.09.31 SNAPSHOT applied seq=69 phase=ACTION_MANEUVER
2026.09.27-14.09.31 HANDLE_APPLIED #105 seq=69 decision=2 fightersValid=1 boardValid=1
2026.09.27-14.09.31 MANEUVER-DRAFT mode=maneuver:13:68
2026.09.27-14.09.31 DRAFT-OPEN draw committed (resume instead of begin)
2026.09.27-14.09.31 MODE seq=69 mode=1 combat=0 pending=0
2026.09.27-14.09.31 HUD seq=69 phase=ACTION_MANEUVER turn=you hand=5 oppHand=7(hidden) oppDeck=7 deck=16 discard=9
2026.09.27-14.09.31 FIGHTERS synced n=6 alive=6 own=4 enemy=2
2026.09.27-14.09.31 MANEUVER begin seq=69 (apply) pending=maneuver:13:68
2026.09.27-14.09.31 SNAPSHOT applied seq=69 phase=ACTION_MANEUVER
2026.09.27-14.09.31 HANDLE_APPLIED #106 seq=69 decision=1 fightersValid=1 boardValid=1
2026.09.27-14.09.31 MODE seq=69 mode=1 combat=0 pending=0
2026.09.27-14.09.31 HUD seq=69 phase=ACTION_MANEUVER turn=you hand=5 oppHand=7(hidden) oppDeck=7 deck=16 discard=9
2026.09.27-14.09.31 FIGHTERS synced n=6 alive=6 own=4 enemy=2
2026.09.27-14.09.31 WS seq=69 phase=ACTION_MANEUVER (merge)
2026.09.27-14.09.31 S09AUTO drive mode=1 plan=[attack+scheme] phase=ACTION_MANEUVER turn=cmujw9jfc00k1wiyk6f7oixru
2026.09.27-14.09.31 MANEUVER-CONFIRM moves=1 boost=none
2026.09.27-14.09.31 game -> room=cmujw9n5i00knwiykzpia24q6 code=<redacted> status=IN_PROGRESS
2026.09.27-14.09.31 SNAPSHOT applied seq=70 phase=ACTION_MANEUVER
2026.09.27-14.09.31 HANDLE_APPLIED #107 seq=70 decision=2 fightersValid=1 boardValid=1
2026.09.27-14.09.31 closed mode=
2026.09.27-14.09.31 MODE seq=70 mode=0 combat=0 pending=0
2026.09.27-14.09.31 HUD seq=70 phase=ACTION_MANEUVER turn=opp hand=5 oppHand=7(hidden) oppDeck=7 deck=16 discard=9
2026.09.27-14.09.31 FIGHTERS synced n=6 alive=6 own=4 enemy=2
2026.09.27-14.09.31 CUE move f-0-hero (5,2)->(4,2) seq=70
2026.09.27-14.09.31 MANEUVER done seq=70 (apply) fighters=6 boost=no
2026.09.27-14.09.31 SNAPSHOT applied seq=70 phase=ACTION_MANEUVER
2026.09.27-14.09.31 HANDLE_APPLIED #108 seq=70 decision=1 fightersValid=1 boardValid=1
2026.09.27-14.09.31 MODE seq=70 mode=0 combat=0 pending=0
2026.09.27-14.09.31 HUD seq=70 phase=ACTION_MANEUVER turn=opp hand=5 oppHand=7(hidden) oppDeck=7 deck=16 discard=9
2026.09.27-14.09.31 FIGHTERS synced n=6 alive=6 own=4 enemy=2
2026.09.27-14.09.31 WS seq=70 phase=ACTION_MANEUVER (merge)
2026.09.27-14.09.31 SNAPSHOT applied seq=71 phase=ACTION_MANEUVER
2026.09.27-14.09.31 HANDLE_APPLIED #109 seq=71 decision=2 fightersValid=1 boardValid=1
2026.09.27-14.09.31 MODE seq=71 mode=0 combat=0 pending=0
2026.09.27-14.09.31 HUD seq=71 phase=ACTION_MANEUVER turn=opp hand=5 oppHand=8(hidden) oppDeck=7~ deck=16~ discard=9
2026.09.27-14.09.31 FIGHTERS synced n=6 alive=6 own=4 enemy=2
2026.09.27-14.09.31 WS seq=71 phase=ACTION_MANEUVER (apply)
2026.09.27-14.09.31 SNAPSHOT applied seq=72 phase=ACTION_MANEUVER
2026.09.27-14.09.31 HANDLE_APPLIED #110 seq=72 decision=2 fightersValid=1 boardValid=1
2026.09.27-14.09.31 MODE seq=72 mode=0 combat=0 pending=0
2026.09.27-14.09.31 HUD seq=72 phase=ACTION_MANEUVER turn=opp hand=5 oppHand=8(hidden) oppDeck=7~ deck=16~ discard=9
2026.09.27-14.09.31 FIGHTERS synced n=6 alive=6 own=4 enemy=2
2026.09.27-14.09.31 CUE move f-1-hero (6,2)->(5,2) seq=72
2026.09.27-14.09.31 WS seq=72 phase=ACTION_MANEUVER (apply)
2026.09.27-14.09.31 SNAPSHOT applied seq=73 phase=ACTION_MANEUVER
2026.09.27-14.09.31 HANDLE_APPLIED #111 seq=73 decision=2 fightersValid=1 boardValid=1
2026.09.27-14.09.31 MODE seq=73 mode=0 combat=0 pending=0
2026.09.27-14.09.31 HUD seq=73 phase=ACTION_MANEUVER turn=opp hand=5 oppHand=9(hidden) oppDeck=7~ deck=16~ discard=9
2026.09.27-14.09.31 FIGHTERS synced n=6 alive=6 own=4 enemy=2
2026.09.27-14.09.31 WS seq=73 phase=ACTION_MANEUVER (apply)
2026.09.27-14.09.31 SNAPSHOT applied seq=74 phase=TURN_END
2026.09.27-14.09.31 HANDLE_APPLIED #112 seq=74 decision=2 fightersValid=1 boardValid=1
2026.09.27-14.09.31 MODE seq=74 mode=0 combat=0 pending=0
2026.09.27-14.09.31 HUD seq=74 phase=TURN_END turn=opp hand=5 oppHand=10(hidden) oppDeck=7~ deck=16~ discard=9 pendingDiscard=3
2026.09.27-14.09.31 FIGHTERS synced n=6 alive=6 own=4 enemy=2
2026.09.27-14.09.31 WS seq=74 phase=TURN_END (apply)
2026.09.27-14.09.31 SNAPSHOT applied seq=75 phase=ACTION_MANEUVER
2026.09.27-14.09.31 HANDLE_APPLIED #113 seq=75 decision=2 fightersValid=1 boardValid=1
2026.09.27-14.09.31 closed mode=
2026.09.27-14.09.31 MODE seq=75 mode=6 combat=0 pending=1
2026.09.27-14.09.31 HUD seq=75 phase=ACTION_MANEUVER turn=you hand=5 oppHand=7(hidden) oppDeck=7~ deck=16~ discard=9
2026.09.27-14.09.31 FIGHTERS synced n=6 alive=6 own=4 enemy=2
2026.09.27-14.09.31 WS seq=75 phase=ACTION_MANEUVER (apply)
2026.09.27-14.09.32 S09AUTO drive mode=6 plan=[attack+scheme] phase=ACTION_MANEUVER turn=cmujw9jfc00k1wiyk6f7oixru
2026.09.27-14.09.32 S09AUTO own turn #7 (turnCount=15)
2026.09.27-14.09.32 PEND-RESOLVE sent type=TARGET_FIGHTER stage=0 id=ability-medusa-target-p0
2026.09.27-14.09.32 S09AUTO pending picked (type=TARGET_FIGHTER stage=0)
2026.09.27-14.09.32 SNAPSHOT applied seq=76 phase=ACTION_MANEUVER
2026.09.27-14.09.32 HANDLE_APPLIED #114 seq=76 decision=2 fightersValid=1 boardValid=1
2026.09.27-14.09.32 closed mode=
2026.09.27-14.09.32 MODE seq=76 mode=0 combat=0 pending=0
2026.09.27-14.09.32 HUD seq=76 phase=ACTION_MANEUVER turn=you hand=5 oppHand=7(hidden) oppDeck=4 deck=16 discard=9
2026.09.27-14.09.32 FIGHTERS synced n=6 alive=6 own=4 enemy=2
2026.09.27-14.09.32 CUE damage f-1-hero -1 seq=76
2026.09.27-14.09.32 PEND resolve done seq=76 (apply) phase=ACTION_MANEUVER
2026.09.27-14.09.32 SNAPSHOT applied seq=76 phase=ACTION_MANEUVER
2026.09.27-14.09.32 HANDLE_APPLIED #115 seq=76 decision=1 fightersValid=1 boardValid=1
2026.09.27-14.09.32 MODE seq=76 mode=0 combat=0 pending=0
2026.09.27-14.09.32 HUD seq=76 phase=ACTION_MANEUVER turn=you hand=5 oppHand=7(hidden) oppDeck=4 deck=16 discard=9
2026.09.27-14.09.32 FIGHTERS synced n=6 alive=6 own=4 enemy=2
2026.09.27-14.09.32 WS seq=76 phase=ACTION_MANEUVER (merge)
2026.09.27-14.09.32 S09AUTO drive mode=0 plan=[attack+scheme] phase=ACTION_MANEUVER turn=cmujw9jfc00k1wiyk6f7oixru
2026.09.27-14.09.32 S09AUTO attack deferred - no may-boost card in hand (turn#7 elapsed=40s)
2026.09.27-14.09.32 SNAPSHOT applied seq=77 phase=ACTION_MANEUVER
2026.09.27-14.09.32 HANDLE_APPLIED #116 seq=77 decision=2 fightersValid=1 boardValid=1
2026.09.27-14.09.32 MANEUVER-DRAFT mode=maneuver:15:76
2026.09.27-14.09.32 DRAFT-OPEN draw committed (resume instead of begin)
2026.09.27-14.09.32 MODE seq=77 mode=1 combat=0 pending=0
2026.09.27-14.09.32 HUD seq=77 phase=ACTION_MANEUVER turn=you hand=6 oppHand=7(hidden) oppDeck=4 deck=15 discard=9
2026.09.27-14.09.32 FIGHTERS synced n=6 alive=6 own=4 enemy=2
2026.09.27-14.09.32 MANEUVER begin seq=77 (apply) pending=maneuver:15:76
2026.09.27-14.09.32 SNAPSHOT applied seq=77 phase=ACTION_MANEUVER
2026.09.27-14.09.32 HANDLE_APPLIED #117 seq=77 decision=1 fightersValid=1 boardValid=1
2026.09.27-14.09.32 MODE seq=77 mode=1 combat=0 pending=0
2026.09.27-14.09.32 HUD seq=77 phase=ACTION_MANEUVER turn=you hand=6 oppHand=7(hidden) oppDeck=4 deck=15 discard=9
2026.09.27-14.09.32 FIGHTERS synced n=6 alive=6 own=4 enemy=2
2026.09.27-14.09.32 WS seq=77 phase=ACTION_MANEUVER (merge)
2026.09.27-14.09.32 S09AUTO drive mode=1 plan=[attack+scheme] phase=ACTION_MANEUVER turn=cmujw9jfc00k1wiyk6f7oixru
2026.09.27-14.09.32 MANEUVER-CONFIRM moves=1 boost=none
2026.09.27-14.09.32 SNAPSHOT applied seq=78 phase=ACTION_MANEUVER
2026.09.27-14.09.32 HANDLE_APPLIED #118 seq=78 decision=2 fightersValid=1 boardValid=1
2026.09.27-14.09.32 closed mode=
2026.09.27-14.09.32 MODE seq=78 mode=0 combat=0 pending=0
2026.09.27-14.09.32 HUD seq=78 phase=ACTION_MANEUVER turn=you hand=6 oppHand=7(hidden) oppDeck=4 deck=15 discard=9
2026.09.27-14.09.32 FIGHTERS synced n=6 alive=6 own=4 enemy=2
2026.09.27-14.09.32 CUE move f-0-hero (4,2)->(3,2) seq=78
2026.09.27-14.09.32 MANEUVER done seq=78 (apply) fighters=6 boost=no
2026.09.27-14.09.32 SNAPSHOT applied seq=78 phase=ACTION_MANEUVER
2026.09.27-14.09.32 HANDLE_APPLIED #119 seq=78 decision=1 fightersValid=1 boardValid=1
2026.09.27-14.09.32 MODE seq=78 mode=0 combat=0 pending=0
2026.09.27-14.09.32 HUD seq=78 phase=ACTION_MANEUVER turn=you hand=6 oppHand=7(hidden) oppDeck=4 deck=15 discard=9
2026.09.27-14.09.32 FIGHTERS synced n=6 alive=6 own=4 enemy=2
2026.09.27-14.09.32 WS seq=78 phase=ACTION_MANEUVER (merge)
2026.09.27-14.09.33 S09AUTO drive mode=0 plan=[attack+scheme] phase=ACTION_MANEUVER turn=cmujw9jfc00k1wiyk6f7oixru
2026.09.27-14.09.33 S09AUTO attack deferred - no may-boost card in hand (turn#7 elapsed=42s)
2026.09.27-14.09.33 SNAPSHOT applied seq=79 phase=ACTION_MANEUVER
2026.09.27-14.09.33 HANDLE_APPLIED #120 seq=79 decision=2 fightersValid=1 boardValid=1
2026.09.27-14.09.33 MANEUVER-DRAFT mode=maneuver:15:78
2026.09.27-14.09.33 DRAFT-OPEN draw committed (resume instead of begin)
2026.09.27-14.09.33 MODE seq=79 mode=1 combat=0 pending=0
2026.09.27-14.09.33 HUD seq=79 phase=ACTION_MANEUVER turn=you hand=7 oppHand=7(hidden) oppDeck=4 deck=14 discard=9
2026.09.27-14.09.33 FIGHTERS synced n=6 alive=6 own=4 enemy=2
2026.09.27-14.09.33 MANEUVER begin seq=79 (apply) pending=maneuver:15:78
2026.09.27-14.09.33 SNAPSHOT applied seq=79 phase=ACTION_MANEUVER
2026.09.27-14.09.33 HANDLE_APPLIED #121 seq=79 decision=1 fightersValid=1 boardValid=1
2026.09.27-14.09.33 MODE seq=79 mode=1 combat=0 pending=0
2026.09.27-14.09.33 HUD seq=79 phase=ACTION_MANEUVER turn=you hand=7 oppHand=7(hidden) oppDeck=4 deck=14 discard=9
2026.09.27-14.09.33 FIGHTERS synced n=6 alive=6 own=4 enemy=2
2026.09.27-14.09.33 WS seq=79 phase=ACTION_MANEUVER (merge)
2026.09.27-14.09.33 S09AUTO drive mode=1 plan=[attack+scheme] phase=ACTION_MANEUVER turn=cmujw9jfc00k1wiyk6f7oixru
2026.09.27-14.09.33 MANEUVER-CONFIRM moves=1 boost=none
2026.09.27-14.09.34 SNAPSHOT applied seq=80 phase=ACTION_MANEUVER
2026.09.27-14.09.34 HANDLE_APPLIED #122 seq=80 decision=2 fightersValid=1 boardValid=1
2026.09.27-14.09.34 closed mode=
2026.09.27-14.09.34 MODE seq=80 mode=0 combat=0 pending=0
2026.09.27-14.09.34 HUD seq=80 phase=ACTION_MANEUVER turn=opp hand=7 oppHand=7(hidden) oppDeck=4 deck=14 discard=9
2026.09.27-14.09.34 FIGHTERS synced n=6 alive=6 own=4 enemy=2
2026.09.27-14.09.34 CUE move f-0-hero (3,2)->(4,2) seq=80
2026.09.27-14.09.34 MANEUVER done seq=80 (apply) fighters=6 boost=no
2026.09.27-14.09.34 SNAPSHOT applied seq=80 phase=ACTION_MANEUVER
2026.09.27-14.09.34 HANDLE_APPLIED #123 seq=80 decision=1 fightersValid=1 boardValid=1
2026.09.27-14.09.34 MODE seq=80 mode=0 combat=0 pending=0
2026.09.27-14.09.34 HUD seq=80 phase=ACTION_MANEUVER turn=opp hand=7 oppHand=7(hidden) oppDeck=4 deck=14 discard=9
2026.09.27-14.09.34 FIGHTERS synced n=6 alive=6 own=4 enemy=2
2026.09.27-14.09.34 WS seq=80 phase=ACTION_MANEUVER (merge)
2026.09.27-14.09.34 SNAPSHOT applied seq=81 phase=ACTION_MANEUVER
2026.09.27-14.09.34 HANDLE_APPLIED #124 seq=81 decision=2 fightersValid=1 boardValid=1
2026.09.27-14.09.34 MODE seq=81 mode=0 combat=0 pending=0
2026.09.27-14.09.34 HUD seq=81 phase=ACTION_MANEUVER turn=opp hand=7 oppHand=8(hidden) oppDeck=4~ deck=14~ discard=9
2026.09.27-14.09.34 FIGHTERS synced n=6 alive=6 own=4 enemy=2
2026.09.27-14.09.34 WS seq=81 phase=ACTION_MANEUVER (apply)
2026.09.27-14.09.34 SNAPSHOT applied seq=82 phase=ACTION_MANEUVER
2026.09.27-14.09.34 HANDLE_APPLIED #125 seq=82 decision=2 fightersValid=1 boardValid=1
2026.09.27-14.09.34 MODE seq=82 mode=0 combat=0 pending=0
2026.09.27-14.09.34 HUD seq=82 phase=ACTION_MANEUVER turn=opp hand=7 oppHand=8(hidden) oppDeck=4~ deck=14~ discard=9
2026.09.27-14.09.34 FIGHTERS synced n=6 alive=6 own=4 enemy=2
2026.09.27-14.09.34 WS seq=82 phase=ACTION_MANEUVER (apply)
2026.09.27-14.09.34 SNAPSHOT applied seq=83 phase=ACTION_MANEUVER
2026.09.27-14.09.34 HANDLE_APPLIED #126 seq=83 decision=2 fightersValid=1 boardValid=1
2026.09.27-14.09.34 MODE seq=83 mode=0 combat=0 pending=0
2026.09.27-14.09.34 HUD seq=83 phase=ACTION_MANEUVER turn=opp hand=7 oppHand=9(hidden) oppDeck=4~ deck=14~ discard=9
2026.09.27-14.09.34 FIGHTERS synced n=6 alive=6 own=4 enemy=2
2026.09.27-14.09.34 WS seq=83 phase=ACTION_MANEUVER (apply)
2026.09.27-14.09.34 SNAPSHOT applied seq=84 phase=TURN_END
2026.09.27-14.09.34 HANDLE_APPLIED #127 seq=84 decision=2 fightersValid=1 boardValid=1
2026.09.27-14.09.34 MODE seq=84 mode=0 combat=0 pending=0
2026.09.27-14.09.34 HUD seq=84 phase=TURN_END turn=opp hand=7 oppHand=10(hidden) oppDeck=4~ deck=14~ discard=9 pendingDiscard=3
2026.09.27-14.09.34 FIGHTERS synced n=6 alive=6 own=4 enemy=2
2026.09.27-14.09.34 WS seq=84 phase=TURN_END (apply)
2026.09.27-14.09.34 SNAPSHOT applied seq=85 phase=ACTION_MANEUVER
2026.09.27-14.09.34 HANDLE_APPLIED #128 seq=85 decision=2 fightersValid=1 boardValid=1
2026.09.27-14.09.34 closed mode=
2026.09.27-14.09.34 MODE seq=85 mode=6 combat=0 pending=1
2026.09.27-14.09.34 HUD seq=85 phase=ACTION_MANEUVER turn=you hand=7 oppHand=7(hidden) oppDeck=4~ deck=14~ discard=9
2026.09.27-14.09.34 FIGHTERS synced n=6 alive=6 own=4 enemy=2
2026.09.27-14.09.34 WS seq=85 phase=ACTION_MANEUVER (apply)
2026.09.27-14.09.34 game -> room=cmujw9n5i00knwiykzpia24q6 code=<redacted> status=IN_PROGRESS
2026.09.27-14.09.35 S09AUTO drive mode=6 plan=[attack+scheme] phase=ACTION_MANEUVER turn=cmujw9jfc00k1wiyk6f7oixru
2026.09.27-14.09.35 S09AUTO own turn #8 (turnCount=17)
2026.09.27-14.09.35 PEND-RESOLVE sent type=TARGET_FIGHTER stage=0 id=ability-medusa-target-p0
2026.09.27-14.09.35 S09AUTO pending picked (type=TARGET_FIGHTER stage=0)
2026.09.27-14.09.35 SNAPSHOT applied seq=86 phase=ACTION_MANEUVER
2026.09.27-14.09.35 HANDLE_APPLIED #129 seq=86 decision=2 fightersValid=1 boardValid=1
2026.09.27-14.09.35 closed mode=
2026.09.27-14.09.35 MODE seq=86 mode=0 combat=0 pending=0
2026.09.27-14.09.35 HUD seq=86 phase=ACTION_MANEUVER turn=you hand=7 oppHand=7(hidden) oppDeck=1 deck=14 discard=9
2026.09.27-14.09.35 FIGHTERS synced n=6 alive=6 own=4 enemy=2
2026.09.27-14.09.35 CUE damage f-1-hero -1 seq=86
2026.09.27-14.09.35 PEND resolve done seq=86 (apply) phase=ACTION_MANEUVER
2026.09.27-14.09.35 SNAPSHOT applied seq=86 phase=ACTION_MANEUVER
2026.09.27-14.09.35 HANDLE_APPLIED #130 seq=86 decision=1 fightersValid=1 boardValid=1
2026.09.27-14.09.35 MODE seq=86 mode=0 combat=0 pending=0
2026.09.27-14.09.35 HUD seq=86 phase=ACTION_MANEUVER turn=you hand=7 oppHand=7(hidden) oppDeck=1 deck=14 discard=9
2026.09.27-14.09.35 FIGHTERS synced n=6 alive=6 own=4 enemy=2
2026.09.27-14.09.35 WS seq=86 phase=ACTION_MANEUVER (merge)
2026.09.27-14.09.35 S09AUTO drive mode=0 plan=[attack+scheme] phase=ACTION_MANEUVER turn=cmujw9jfc00k1wiyk6f7oixru
2026.09.27-14.09.35 S09AUTO attack (attacker=f-0-hero target-set card-set)
2026.09.27-14.09.35 ATTACK sent
2026.09.27-14.09.35 SNAPSHOT applied seq=87 phase=COMBAT
2026.09.27-14.09.35 HANDLE_APPLIED #131 seq=87 decision=2 fightersValid=1 boardValid=1
2026.09.27-14.09.35 closed mode=
2026.09.27-14.09.35 MODE seq=87 mode=0 combat=1 pending=0
2026.09.27-14.09.35 HUD seq=87 phase=COMBAT turn=you hand=6 oppHand=7(hidden) oppDeck=1 deck=14 discard=10
2026.09.27-14.09.35 FIGHTERS synced n=6 alive=6 own=4 enemy=2
2026.09.27-14.09.35 ATTACK done seq=87 (apply) phase=COMBAT
2026.09.27-14.09.35 SNAPSHOT applied seq=87 phase=COMBAT
2026.09.27-14.09.35 HANDLE_APPLIED #132 seq=87 decision=1 fightersValid=1 boardValid=1
2026.09.27-14.09.35 MODE seq=87 mode=0 combat=1 pending=0
2026.09.27-14.09.35 HUD seq=87 phase=COMBAT turn=you hand=6 oppHand=7(hidden) oppDeck=1 deck=14 discard=10
2026.09.27-14.09.35 FIGHTERS synced n=6 alive=6 own=4 enemy=2
2026.09.27-14.09.35 WS seq=87 phase=COMBAT (merge)
2026.09.27-14.09.35 SNAPSHOT applied seq=88 phase=COMBAT_RESOLVE
2026.09.27-14.09.35 HANDLE_APPLIED #133 seq=88 decision=2 fightersValid=1 boardValid=1
2026.09.27-14.09.35 closed mode=
2026.09.27-14.09.35 MODE seq=88 mode=6 combat=1 pending=1
2026.09.27-14.09.35 HUD seq=88 phase=COMBAT_RESOLVE turn=you hand=6 oppHand=7(hidden) oppDeck=1~ deck=14~ discard=10
2026.09.27-14.09.35 FIGHTERS synced n=6 alive=6 own=4 enemy=2
2026.09.27-14.09.35 CUE damage f-1-hero -3 seq=88
2026.09.27-14.09.35 WS seq=88 phase=COMBAT_RESOLVE (apply)
2026.09.27-14.09.35 S09AUTO drive mode=6 plan=[attack+scheme] phase=COMBAT_RESOLVE turn=cmujw9jfc00k1wiyk6f7oixru
2026.09.27-14.09.35 PEND-RESOLVE sent type=MOVE stage=0 id=cmujlbmd200t2wip0ovujyb6z-after-0-p0
2026.09.27-14.09.35 S09AUTO pending picked (type=MOVE stage=0)
2026.09.27-14.09.35 SNAPSHOT applied seq=89 phase=ACTION_MANEUVER
2026.09.27-14.09.35 HANDLE_APPLIED #134 seq=89 decision=2 fightersValid=1 boardValid=1
2026.09.27-14.09.35 COMBAT-RESULT seq=89 damage=0 role=attacked
2026.09.27-14.09.35 closed mode=
2026.09.27-14.09.35 MODE seq=89 mode=0 combat=0 pending=0
2026.09.27-14.09.35 HUD seq=89 phase=ACTION_MANEUVER turn=you hand=6 oppHand=7(hidden) oppDeck=1 deck=14 discard=10
2026.09.27-14.09.35 FIGHTERS synced n=6 alive=6 own=4 enemy=2
2026.09.27-14.09.35 PEND resolve done seq=89 (apply) phase=ACTION_MANEUVER
2026.09.27-14.09.35 SNAPSHOT applied seq=89 phase=ACTION_MANEUVER
2026.09.27-14.09.35 HANDLE_APPLIED #135 seq=89 decision=1 fightersValid=1 boardValid=1
2026.09.27-14.09.35 MODE seq=89 mode=0 combat=0 pending=0
2026.09.27-14.09.35 HUD seq=89 phase=ACTION_MANEUVER turn=you hand=6 oppHand=7(hidden) oppDeck=1 deck=14 discard=10
2026.09.27-14.09.35 FIGHTERS synced n=6 alive=6 own=4 enemy=2
2026.09.27-14.09.35 WS seq=89 phase=ACTION_MANEUVER (merge)
2026.09.27-14.09.35 S09AUTO drive mode=0 plan=[attack+scheme] phase=ACTION_MANEUVER turn=cmujw9jfc00k1wiyk6f7oixru
2026.09.27-14.09.35 S09AUTO attack (attacker=f-0-hero target-set card-set)
2026.09.27-14.09.35 ATTACK sent
2026.09.27-14.09.35 SNAPSHOT applied seq=90 phase=COMBAT
2026.09.27-14.09.35 HANDLE_APPLIED #136 seq=90 decision=2 fightersValid=1 boardValid=1
2026.09.27-14.09.35 closed mode=
2026.09.27-14.09.35 MODE seq=90 mode=0 combat=1 pending=0
2026.09.27-14.09.35 HUD seq=90 phase=COMBAT turn=you hand=5 oppHand=7(hidden) oppDeck=1 deck=14 discard=11
2026.09.27-14.09.35 FIGHTERS synced n=6 alive=6 own=4 enemy=2
2026.09.27-14.09.35 ATTACK done seq=90 (apply) phase=COMBAT
2026.09.27-14.09.35 SNAPSHOT applied seq=90 phase=COMBAT
2026.09.27-14.09.35 HANDLE_APPLIED #137 seq=90 decision=1 fightersValid=1 boardValid=1
2026.09.27-14.09.35 MODE seq=90 mode=0 combat=1 pending=0
2026.09.27-14.09.35 HUD seq=90 phase=COMBAT turn=you hand=5 oppHand=7(hidden) oppDeck=1 deck=14 discard=11
2026.09.27-14.09.35 FIGHTERS synced n=6 alive=6 own=4 enemy=2
2026.09.27-14.09.35 WS seq=90 phase=COMBAT (merge)
2026.09.27-14.09.35 SNAPSHOT applied seq=91 phase=ACTION_MANEUVER
2026.09.27-14.09.35 HANDLE_APPLIED #138 seq=91 decision=2 fightersValid=1 boardValid=1
2026.09.27-14.09.35 COMBAT-RESULT seq=91 damage=1 role=attacked
2026.09.27-14.09.35 MODE seq=91 mode=0 combat=0 pending=0
2026.09.27-14.09.35 HUD seq=91 phase=ACTION_MANEUVER turn=opp hand=7 oppHand=7(hidden) oppDeck=1~ deck=14~ discard=11
2026.09.27-14.09.35 FIGHTERS synced n=6 alive=6 own=4 enemy=2
2026.09.27-14.09.35 CUE damage f-1-hero -1 seq=91
2026.09.27-14.09.35 WS seq=91 phase=ACTION_MANEUVER (apply)
2026.09.27-14.09.35 SNAPSHOT applied seq=92 phase=ACTION_MANEUVER
2026.09.27-14.09.35 HANDLE_APPLIED #139 seq=92 decision=2 fightersValid=1 boardValid=1
2026.09.27-14.09.35 MODE seq=92 mode=0 combat=0 pending=0
2026.09.27-14.09.35 HUD seq=92 phase=ACTION_MANEUVER turn=opp hand=7 oppHand=8(hidden) oppDeck=1~ deck=14~ discard=11
2026.09.27-14.09.35 FIGHTERS synced n=6 alive=6 own=4 enemy=2
2026.09.27-14.09.35 WS seq=92 phase=ACTION_MANEUVER (apply)
2026.09.27-14.09.35 SNAPSHOT applied seq=93 phase=ACTION_MANEUVER
2026.09.27-14.09.35 HANDLE_APPLIED #140 seq=93 decision=2 fightersValid=1 boardValid=1
2026.09.27-14.09.35 MODE seq=93 mode=0 combat=0 pending=0
2026.09.27-14.09.35 HUD seq=93 phase=ACTION_MANEUVER turn=opp hand=7 oppHand=8(hidden) oppDeck=1~ deck=14~ discard=11
2026.09.27-14.09.35 FIGHTERS synced n=6 alive=6 own=4 enemy=2
2026.09.27-14.09.35 WS seq=93 phase=ACTION_MANEUVER (apply)
2026.09.27-14.09.35 SNAPSHOT applied seq=94 phase=ACTION_MANEUVER
2026.09.27-14.09.35 HANDLE_APPLIED #141 seq=94 decision=2 fightersValid=1 boardValid=1
2026.09.27-14.09.35 MODE seq=94 mode=0 combat=0 pending=0
2026.09.27-14.09.35 HUD seq=94 phase=ACTION_MANEUVER turn=opp hand=7 oppHand=8(hidden) oppDeck=1~ deck=14~ discard=11
2026.09.27-14.09.35 FIGHTERS synced n=6 alive=5 own=4 enemy=1
2026.09.27-14.09.35 CUE damage f-1-hero -2 seq=94
2026.09.27-14.09.35 CUE damage f-1-sk0 -1 seq=94
2026.09.27-14.09.35 WS seq=94 phase=ACTION_MANEUVER (apply)
2026.09.27-14.09.35 SNAPSHOT applied seq=95 phase=TURN_END
2026.09.27-14.09.35 HANDLE_APPLIED #142 seq=95 decision=2 fightersValid=1 boardValid=1
2026.09.27-14.09.35 MODE seq=95 mode=0 combat=0 pending=0
2026.09.27-14.09.35 HUD seq=95 phase=TURN_END turn=opp hand=7 oppHand=8(hidden) oppDeck=1~ deck=14~ discard=11 pendingDiscard=1
2026.09.27-14.09.35 FIGHTERS synced n=6 alive=5 own=4 enemy=1
2026.09.27-14.09.35 CUE damage f-1-hero -2 seq=95
2026.09.27-14.09.35 WS seq=95 phase=TURN_END (apply)
2026.09.27-14.09.35 SNAPSHOT applied seq=96 phase=ACTION_MANEUVER
2026.09.27-14.09.35 HANDLE_APPLIED #143 seq=96 decision=2 fightersValid=1 boardValid=1
2026.09.27-14.09.35 closed mode=
2026.09.27-14.09.35 MODE seq=96 mode=6 combat=0 pending=1
2026.09.27-14.09.35 HUD seq=96 phase=ACTION_MANEUVER turn=you hand=7 oppHand=7(hidden) oppDeck=1~ deck=14~ discard=11
2026.09.27-14.09.35 FIGHTERS synced n=6 alive=5 own=4 enemy=1
2026.09.27-14.09.35 WS seq=96 phase=ACTION_MANEUVER (apply)
2026.09.27-14.09.35 S09AUTO drive mode=6 plan=[attack+scheme] phase=ACTION_MANEUVER turn=cmujw9jfc00k1wiyk6f7oixru
2026.09.27-14.09.35 S09AUTO own turn #9 (turnCount=19)
2026.09.27-14.09.35 PEND-RESOLVE sent type=TARGET_FIGHTER stage=0 id=ability-medusa-target-p0
2026.09.27-14.09.35 S09AUTO pending picked (type=TARGET_FIGHTER stage=0)
2026.09.27-14.09.35 SNAPSHOT applied seq=97 phase=ACTION_MANEUVER
2026.09.27-14.09.35 HANDLE_APPLIED #144 seq=97 decision=2 fightersValid=1 boardValid=1
2026.09.27-14.09.35 closed mode=
2026.09.27-14.09.35 MODE seq=97 mode=0 combat=0 pending=0
2026.09.27-14.09.35 HUD seq=97 phase=ACTION_MANEUVER turn=you hand=7 oppHand=7(hidden) oppDeck=0 deck=12 discard=11
2026.09.27-14.09.35 FIGHTERS synced n=6 alive=5 own=4 enemy=1
2026.09.27-14.09.35 CUE damage f-1-hero -1 seq=97
2026.09.27-14.09.35 PEND resolve done seq=97 (apply) phase=ACTION_MANEUVER
2026.09.27-14.09.35 SNAPSHOT applied seq=97 phase=ACTION_MANEUVER
2026.09.27-14.09.35 HANDLE_APPLIED #145 seq=97 decision=1 fightersValid=1 boardValid=1
2026.09.27-14.09.35 MODE seq=97 mode=0 combat=0 pending=0
2026.09.27-14.09.35 HUD seq=97 phase=ACTION_MANEUVER turn=you hand=7 oppHand=7(hidden) oppDeck=0 deck=12 discard=11
2026.09.27-14.09.35 FIGHTERS synced n=6 alive=5 own=4 enemy=1
2026.09.27-14.09.35 WS seq=97 phase=ACTION_MANEUVER (merge)
2026.09.27-14.09.35 S09AUTO drive mode=0 plan=[attack+scheme] phase=ACTION_MANEUVER turn=cmujw9jfc00k1wiyk6f7oixru
2026.09.27-14.09.35 S09AUTO attack (attacker=f-0-hero target-set card-set)
2026.09.27-14.09.35 ATTACK sent
2026.09.27-14.09.35 SNAPSHOT applied seq=98 phase=COMBAT
2026.09.27-14.09.35 HANDLE_APPLIED #146 seq=98 decision=2 fightersValid=1 boardValid=1
2026.09.27-14.09.35 closed mode=
2026.09.27-14.09.35 MODE seq=98 mode=0 combat=1 pending=0
2026.09.27-14.09.35 HUD seq=98 phase=COMBAT turn=you hand=6 oppHand=7(hidden) oppDeck=0 deck=12 discard=12
2026.09.27-14.09.35 FIGHTERS synced n=6 alive=5 own=4 enemy=1
2026.09.27-14.09.35 ATTACK done seq=98 (apply) phase=COMBAT
2026.09.27-14.09.35 SNAPSHOT applied seq=98 phase=COMBAT
2026.09.27-14.09.35 HANDLE_APPLIED #147 seq=98 decision=1 fightersValid=1 boardValid=1
2026.09.27-14.09.35 MODE seq=98 mode=0 combat=1 pending=0
2026.09.27-14.09.35 HUD seq=98 phase=COMBAT turn=you hand=6 oppHand=7(hidden) oppDeck=0 deck=12 discard=12
2026.09.27-14.09.35 FIGHTERS synced n=6 alive=5 own=4 enemy=1
2026.09.27-14.09.35 WS seq=98 phase=COMBAT (merge)
2026.09.27-14.09.35 SNAPSHOT applied seq=99 phase=ACTION_MANEUVER
2026.09.27-14.09.35 HANDLE_APPLIED #148 seq=99 decision=2 fightersValid=1 boardValid=1
2026.09.27-14.09.35 COMBAT-RESULT seq=99 damage=1 role=attacked
2026.09.27-14.09.35 MODE seq=99 mode=0 combat=0 pending=0
2026.09.27-14.09.35 HUD seq=99 phase=ACTION_MANEUVER turn=you hand=8 oppHand=7(hidden) oppDeck=0~ deck=12~ discard=12
2026.09.27-14.09.35 FIGHTERS synced n=6 alive=5 own=4 enemy=1
2026.09.27-14.09.35 CUE damage f-1-hero -1 seq=99
2026.09.27-14.09.35 WS seq=99 phase=ACTION_MANEUVER (apply)
2026.09.27-14.09.36 S09AUTO attack (attacker=f-0-hero target-set card-set)
2026.09.27-14.09.36 ATTACK sent
2026.09.27-14.09.36 SNAPSHOT applied seq=100 phase=COMBAT
2026.09.27-14.09.36 HANDLE_APPLIED #149 seq=100 decision=2 fightersValid=1 boardValid=1
2026.09.27-14.09.36 closed mode=
2026.09.27-14.09.36 MODE seq=100 mode=0 combat=1 pending=0
2026.09.27-14.09.36 HUD seq=100 phase=COMBAT turn=you hand=7 oppHand=7(hidden) oppDeck=0 deck=10 discard=13
2026.09.27-14.09.36 FIGHTERS synced n=6 alive=5 own=4 enemy=1
2026.09.27-14.09.36 ATTACK done seq=100 (apply) phase=COMBAT
2026.09.27-14.09.36 SNAPSHOT applied seq=100 phase=COMBAT
2026.09.27-14.09.36 HANDLE_APPLIED #150 seq=100 decision=1 fightersValid=1 boardValid=1
2026.09.27-14.09.36 MODE seq=100 mode=0 combat=1 pending=0
2026.09.27-14.09.36 HUD seq=100 phase=COMBAT turn=you hand=7 oppHand=7(hidden) oppDeck=0 deck=10 discard=13
2026.09.27-14.09.36 FIGHTERS synced n=6 alive=5 own=4 enemy=1
2026.09.27-14.09.36 WS seq=100 phase=COMBAT (merge)
2026.09.27-14.09.36 SNAPSHOT applied seq=101 phase=GAME_OVER
2026.09.27-14.09.36 HANDLE_APPLIED #151 seq=101 decision=2 fightersValid=1 boardValid=1
2026.09.27-14.09.36 COMBAT-RESULT seq=101 damage=3 role=attacked
2026.09.27-14.09.36 MODE seq=101 mode=0 combat=1 pending=0
2026.09.27-14.09.36 RESULT seq=101 outcome=VICTORY winner=Medusa
2026.09.27-14.09.36 HUD seq=101 phase=GAME_OVER turn=you hand=7 oppHand=7(hidden) oppDeck=0~ deck=10~ discard=13
2026.09.27-14.09.36 FIGHTERS synced n=6 alive=4 own=4 enemy=0
2026.09.27-14.09.36 CUE damage f-1-hero -3 seq=101
2026.09.27-14.09.36 WS seq=101 phase=GAME_OVER (apply)
2026.09.27-14.09.37 game -> room=cmujw9n5i00knwiykzpia24q6 code=<redacted> status=FINISHED
2026.09.27-14.09.38 S09AUTO result-screen shot
2026.09.27-14.09.38 SHOT ctx viewport=1280x720 viewTarget=CameraActor_2147482375 cam=(0,1701,2429) rot=(-55,-90,0)
2026.09.27-14.09.38 SHOT fighter f-0-hero pos=(4,2) world=(-150,-250,0) screen=(542,226) projected=1 alive=1
2026.09.27-14.09.38 SHOT fighter f-0-sk0 pos=(3,3) world=(-250,-150,0) screen=(474,278) projected=1 alive=1
2026.09.27-14.09.38 SHOT fighter f-0-sk1 pos=(2,1) world=(-350,-350,0) screen=(416,176) projected=1 alive=1
2026.09.27-14.09.38 SHOT fighter f-0-sk2 pos=(1,2) world=(-450,-250,0) screen=(346,226) projected=1 alive=1
2026.09.27-14.09.38 SHOT fighter f-1-hero pos=(5,2) world=(-50,-250,0) screen=(607,226) projected=1 alive=0
2026.09.27-14.09.38 SHOT fighter f-1-sk0 pos=(10,7) world=(450,250,0) screen=(964,507) projected=1 alive=0
2026.09.27-14.09.38 SHOT requested: FScreenshotRequest(bShowUI) -> C:\Users\ren\AppData\Local\Temp\s10-vsai-20260927-190850-24644\human/s09-result-screen.png
2026.09.27-14.09.38 RESULT lobby-return sent (leaveGame)
2026.09.27-14.09.38 LEFT room=cmujw9n5i00knwiykzpia24q6
2026.09.27-14.09.38 GAMEPLAY HUD cleared (left Started)
2026.09.27-14.09.38 STREAM torn down (left match)
2026.09.27-14.09.42 S09AUTO lobby-return shot
2026.09.27-14.09.42 SHOT ctx viewport=1280x720 viewTarget=CameraActor_2147482375 cam=(0,1701,2429) rot=(-55,-90,0)
2026.09.27-14.09.42 SHOT requested: FScreenshotRequest(bShowUI) -> C:\Users\ren\AppData\Local\Temp\s10-vsai-20260927-190850-24644\human/s09-lobby-return.png
2026.09.27-14.09.42 S09AUTO duel flow complete (GAME_OVER -> result shown -> lobby return) - exiting
2026.09.27-14.09.42 --- S08 trace close ---
