2026.09.27-14.08.52 S09AUTO config flow=1 boost=0 shotDir=C:\Users\ren\AppData\Local\Temp\s10-vsai-20260927-190850-24644\human
2026.09.27-14.09.04 S09AUTO drive mode=0 plan=[attack+scheme] phase= turn=
2026.09.27-14.09.04 SNAPSHOT applied seq=1 phase=ACTION_MANEUVER
2026.09.27-14.09.04 MODE seq=1 mode=0 combat=0 pending=0
2026.09.27-14.09.04 S09AUTO own turn #0 (turnCount=1)
2026.09.27-14.09.04 S09AUTO attack deferred - command gate closed (live stream is reconnecting - commands wait until the state stream is back); retrying when the stream is ready
2026.09.27-14.09.04 SNAPSHOT applied seq=1 phase=ACTION_MANEUVER
2026.09.27-14.09.04 MODE seq=1 mode=0 combat=0 pending=0
2026.09.27-14.09.04 S09AUTO attack deferred - no may-boost card in hand (turn#0 elapsed=12s)
2026.09.27-14.09.04 SNAPSHOT applied seq=2 phase=ACTION_MANEUVER
2026.09.27-14.09.04 MODE seq=2 mode=1 combat=0 pending=0
2026.09.27-14.09.04 SNAPSHOT applied seq=2 phase=ACTION_MANEUVER
2026.09.27-14.09.04 MODE seq=2 mode=1 combat=0 pending=0
2026.09.27-14.09.04 S09AUTO drive mode=1 plan=[attack+scheme] phase=ACTION_MANEUVER turn=cmujw9jfc00k1wiyk6f7oixru
2026.09.27-14.09.05 S09AUTO draft-open shot (maneuver marker live)
2026.09.27-14.09.05 SNAPSHOT applied seq=3 phase=ACTION_MANEUVER
2026.09.27-14.09.05 MODE seq=3 mode=0 combat=0 pending=0
2026.09.27-14.09.05 SNAPSHOT applied seq=3 phase=ACTION_MANEUVER
2026.09.27-14.09.05 MODE seq=3 mode=0 combat=0 pending=0
2026.09.27-14.09.06 S09AUTO drive mode=0 plan=[attack+scheme] phase=ACTION_MANEUVER turn=cmujw9jfc00k1wiyk6f7oixru
2026.09.27-14.09.06 S09AUTO attack deferred - no may-boost card in hand (turn#0 elapsed=15s)
2026.09.27-14.09.06 S09AUTO scheme
2026.09.27-14.09.06 SNAPSHOT applied seq=4 phase=ACTION_MANEUVER
2026.09.27-14.09.06 MODE seq=4 mode=6 combat=0 pending=1
2026.09.27-14.09.06 SCHEME done seq=4 (apply) phase=ACTION_MANEUVER
2026.09.27-14.09.06 SNAPSHOT applied seq=4 phase=ACTION_MANEUVER
2026.09.27-14.09.06 MODE seq=4 mode=6 combat=0 pending=1
2026.09.27-14.09.08 S09AUTO drive mode=6 plan=[attack+scheme] phase=ACTION_MANEUVER turn=cmujw9jfc00k1wiyk6f7oixru
2026.09.27-14.09.08 S09AUTO pending-open shot (type=MOVE stage=0 mode=)
2026.09.27-14.09.08 PEND-RESOLVE sent type=MOVE stage=0 id=cmujlbmct00smwip0s6o07665-fullText-0-p0
2026.09.27-14.09.08 S09AUTO pending picked (type=MOVE stage=0)
2026.09.27-14.09.08 SNAPSHOT applied seq=5 phase=ACTION_MANEUVER
2026.09.27-14.09.08 MODE seq=5 mode=6 combat=0 pending=1
2026.09.27-14.09.08 PEND resolve done seq=5 (apply) phase=ACTION_MANEUVER
2026.09.27-14.09.08 SNAPSHOT applied seq=5 phase=ACTION_MANEUVER
2026.09.27-14.09.08 MODE seq=5 mode=6 combat=0 pending=1
2026.09.27-14.09.08 PEND-RESOLVE sent type=MOVE stage=0 id=cmujlbmct00smwip0s6o07665-fullText-0-p1
2026.09.27-14.09.08 S09AUTO pending picked (type=MOVE stage=0)
2026.09.27-14.09.08 SNAPSHOT applied seq=6 phase=ACTION_MANEUVER
2026.09.27-14.09.08 MODE seq=6 mode=6 combat=0 pending=1
2026.09.27-14.09.08 PEND resolve done seq=6 (apply) phase=ACTION_MANEUVER
2026.09.27-14.09.08 SNAPSHOT applied seq=6 phase=ACTION_MANEUVER
2026.09.27-14.09.08 MODE seq=6 mode=6 combat=0 pending=1
2026.09.27-14.09.08 PEND-RESOLVE sent type=MOVE stage=0 id=cmujlbmct00smwip0s6o07665-fullText-0-p2
2026.09.27-14.09.08 S09AUTO pending picked (type=MOVE stage=0)
2026.09.27-14.09.08 SNAPSHOT applied seq=7 phase=ACTION_MANEUVER
2026.09.27-14.09.08 MODE seq=7 mode=6 combat=0 pending=1
2026.09.27-14.09.08 PEND resolve done seq=7 (apply) phase=ACTION_MANEUVER
2026.09.27-14.09.08 SNAPSHOT applied seq=7 phase=ACTION_MANEUVER
2026.09.27-14.09.08 MODE seq=7 mode=6 combat=0 pending=1
2026.09.27-14.09.08 PEND-RESOLVE sent type=MOVE stage=0 id=cmujlbmct00smwip0s6o07665-fullText-0-p3
2026.09.27-14.09.08 S09AUTO pending picked (type=MOVE stage=0)
2026.09.27-14.09.08 SNAPSHOT applied seq=8 phase=ACTION_MANEUVER
2026.09.27-14.09.08 MODE seq=8 mode=0 combat=0 pending=0
2026.09.27-14.09.08 PEND resolve done seq=8 (apply) phase=ACTION_MANEUVER
2026.09.27-14.09.08 SNAPSHOT applied seq=8 phase=ACTION_MANEUVER
2026.09.27-14.09.08 MODE seq=8 mode=0 combat=0 pending=0
2026.09.27-14.09.08 SNAPSHOT applied seq=9 phase=ACTION_MANEUVER
2026.09.27-14.09.08 MODE seq=9 mode=0 combat=0 pending=0
2026.09.27-14.09.08 S09AUTO drive mode=0 plan=[attack+scheme] phase=ACTION_MANEUVER turn=cmujlc8fd000zwi30gwyg97lq
2026.09.27-14.09.08 SNAPSHOT applied seq=10 phase=ACTION_MANEUVER
2026.09.27-14.09.08 MODE seq=10 mode=0 combat=0 pending=0
2026.09.27-14.09.08 SNAPSHOT applied seq=11 phase=ACTION_MANEUVER
2026.09.27-14.09.08 MODE seq=11 mode=0 combat=0 pending=0
2026.09.27-14.09.08 SNAPSHOT applied seq=12 phase=TURN_END
2026.09.27-14.09.08 MODE seq=12 mode=0 combat=0 pending=0
2026.09.27-14.09.08 SNAPSHOT applied seq=13 phase=ACTION_MANEUVER
2026.09.27-14.09.08 MODE seq=13 mode=0 combat=0 pending=0
2026.09.27-14.09.08 S09AUTO own turn #1 (turnCount=3)
2026.09.27-14.09.08 S09AUTO attack deferred - no may-boost card in hand (turn#1 elapsed=16s)
2026.09.27-14.09.08 SNAPSHOT applied seq=14 phase=ACTION_MANEUVER
2026.09.27-14.09.08 MODE seq=14 mode=1 combat=0 pending=0
2026.09.27-14.09.08 SNAPSHOT applied seq=14 phase=ACTION_MANEUVER
2026.09.27-14.09.08 MODE seq=14 mode=1 combat=0 pending=0
2026.09.27-14.09.08 S09AUTO drive mode=1 plan=[attack+scheme] phase=ACTION_MANEUVER turn=cmujw9jfc00k1wiyk6f7oixru
2026.09.27-14.09.08 S09AUTO zero-move confirm (draw only, no movement)
2026.09.27-14.09.08 SNAPSHOT applied seq=15 phase=ACTION_MANEUVER
2026.09.27-14.09.08 MODE seq=15 mode=0 combat=0 pending=0
2026.09.27-14.09.08 SNAPSHOT applied seq=15 phase=ACTION_MANEUVER
2026.09.27-14.09.08 MODE seq=15 mode=0 combat=0 pending=0
2026.09.27-14.09.09 S09AUTO drive mode=0 plan=[attack+scheme] phase=ACTION_MANEUVER turn=cmujw9jfc00k1wiyk6f7oixru
2026.09.27-14.09.09 S09AUTO attack deferred - no may-boost card in hand (turn#1 elapsed=18s)
2026.09.27-14.09.10 SNAPSHOT applied seq=16 phase=ACTION_MANEUVER
2026.09.27-14.09.10 MODE seq=16 mode=1 combat=0 pending=0
2026.09.27-14.09.10 SNAPSHOT applied seq=16 phase=ACTION_MANEUVER
2026.09.27-14.09.10 MODE seq=16 mode=1 combat=0 pending=0
2026.09.27-14.09.10 S09AUTO drive mode=1 plan=[attack+scheme] phase=ACTION_MANEUVER turn=cmujw9jfc00k1wiyk6f7oixru
2026.09.27-14.09.10 SNAPSHOT applied seq=17 phase=ACTION_MANEUVER
2026.09.27-14.09.10 MODE seq=17 mode=0 combat=0 pending=0
2026.09.27-14.09.10 SNAPSHOT applied seq=17 phase=ACTION_MANEUVER
2026.09.27-14.09.10 MODE seq=17 mode=0 combat=0 pending=0
2026.09.27-14.09.10 SNAPSHOT applied seq=18 phase=ACTION_MANEUVER
2026.09.27-14.09.10 MODE seq=18 mode=0 combat=0 pending=0
2026.09.27-14.09.10 SNAPSHOT applied seq=19 phase=ACTION_MANEUVER
2026.09.27-14.09.10 MODE seq=19 mode=0 combat=0 pending=0
2026.09.27-14.09.10 SNAPSHOT applied seq=20 phase=ACTION_MANEUVER
2026.09.27-14.09.10 MODE seq=20 mode=0 combat=0 pending=0
2026.09.27-14.09.10 SNAPSHOT applied seq=21 phase=TURN_END
2026.09.27-14.09.10 MODE seq=21 mode=0 combat=0 pending=0
2026.09.27-14.09.10 SNAPSHOT applied seq=22 phase=ACTION_MANEUVER
2026.09.27-14.09.10 MODE seq=22 mode=0 combat=0 pending=0
2026.09.27-14.09.11 S09AUTO drive mode=0 plan=[attack+scheme] phase=ACTION_MANEUVER turn=cmujw9jfc00k1wiyk6f7oixru
2026.09.27-14.09.11 S09AUTO own turn #2 (turnCount=5)
2026.09.27-14.09.11 S09AUTO attack deferred - no may-boost card in hand (turn#2 elapsed=19s)
2026.09.27-14.09.11 SNAPSHOT applied seq=23 phase=ACTION_MANEUVER
2026.09.27-14.09.11 MODE seq=23 mode=1 combat=0 pending=0
2026.09.27-14.09.11 SNAPSHOT applied seq=23 phase=ACTION_MANEUVER
2026.09.27-14.09.11 MODE seq=23 mode=1 combat=0 pending=0
2026.09.27-14.09.11 S09AUTO drive mode=1 plan=[attack+scheme] phase=ACTION_MANEUVER turn=cmujw9jfc00k1wiyk6f7oixru
2026.09.27-14.09.11 S09AUTO multi-fighter moves=2
2026.09.27-14.09.11 SNAPSHOT applied seq=24 phase=ACTION_MANEUVER
2026.09.27-14.09.11 MODE seq=24 mode=0 combat=0 pending=0
2026.09.27-14.09.11 SNAPSHOT applied seq=24 phase=ACTION_MANEUVER
2026.09.27-14.09.11 MODE seq=24 mode=0 combat=0 pending=0
2026.09.27-14.09.12 S09AUTO drive mode=0 plan=[attack+scheme] phase=ACTION_MANEUVER turn=cmujw9jfc00k1wiyk6f7oixru
2026.09.27-14.09.12 S09AUTO attack deferred - no may-boost card in hand (turn#2 elapsed=20s)
2026.09.27-14.09.12 S09AUTO scheme
2026.09.27-14.09.12 SNAPSHOT applied seq=25 phase=ACTION_MANEUVER
2026.09.27-14.09.12 MODE seq=25 mode=6 combat=0 pending=1
2026.09.27-14.09.12 SCHEME done seq=25 (apply) phase=ACTION_MANEUVER
2026.09.27-14.09.12 SNAPSHOT applied seq=25 phase=ACTION_MANEUVER
2026.09.27-14.09.12 MODE seq=25 mode=6 combat=0 pending=1
2026.09.27-14.09.13 S09AUTO drive mode=6 plan=[attack+scheme] phase=ACTION_MANEUVER turn=cmujw9jfc00k1wiyk6f7oixru
2026.09.27-14.09.13 PEND-RESOLVE sent type=MOVE stage=0 id=cmujlbmct00smwip0s6o07665-fullText-0-p0
2026.09.27-14.09.13 S09AUTO pending picked (type=MOVE stage=0)
2026.09.27-14.09.13 SNAPSHOT applied seq=26 phase=ACTION_MANEUVER
2026.09.27-14.09.13 MODE seq=26 mode=6 combat=0 pending=1
2026.09.27-14.09.13 PEND resolve done seq=26 (apply) phase=ACTION_MANEUVER
2026.09.27-14.09.13 SNAPSHOT applied seq=26 phase=ACTION_MANEUVER
2026.09.27-14.09.13 MODE seq=26 mode=6 combat=0 pending=1
2026.09.27-14.09.13 PEND-RESOLVE sent type=MOVE stage=0 id=cmujlbmct00smwip0s6o07665-fullText-0-p1
2026.09.27-14.09.13 S09AUTO pending picked (type=MOVE stage=0)
2026.09.27-14.09.13 SNAPSHOT applied seq=27 phase=ACTION_MANEUVER
2026.09.27-14.09.13 MODE seq=27 mode=6 combat=0 pending=1
2026.09.27-14.09.13 PEND resolve done seq=27 (apply) phase=ACTION_MANEUVER
2026.09.27-14.09.14 SNAPSHOT applied seq=27 phase=ACTION_MANEUVER
2026.09.27-14.09.14 MODE seq=27 mode=6 combat=0 pending=1
2026.09.27-14.09.14 PEND-RESOLVE sent type=MOVE stage=0 id=cmujlbmct00smwip0s6o07665-fullText-0-p2
2026.09.27-14.09.14 S09AUTO pending picked (type=MOVE stage=0)
2026.09.27-14.09.14 SNAPSHOT applied seq=28 phase=ACTION_MANEUVER
2026.09.27-14.09.14 MODE seq=28 mode=6 combat=0 pending=1
2026.09.27-14.09.14 PEND resolve done seq=28 (apply) phase=ACTION_MANEUVER
2026.09.27-14.09.14 SNAPSHOT applied seq=28 phase=ACTION_MANEUVER
2026.09.27-14.09.14 MODE seq=28 mode=6 combat=0 pending=1
2026.09.27-14.09.14 PEND-RESOLVE sent type=MOVE stage=0 id=cmujlbmct00smwip0s6o07665-fullText-0-p3
2026.09.27-14.09.14 S09AUTO pending picked (type=MOVE stage=0)
2026.09.27-14.09.14 SNAPSHOT applied seq=29 phase=ACTION_MANEUVER
2026.09.27-14.09.14 MODE seq=29 mode=0 combat=0 pending=0
2026.09.27-14.09.14 PEND resolve done seq=29 (apply) phase=ACTION_MANEUVER
2026.09.27-14.09.14 SNAPSHOT applied seq=29 phase=ACTION_MANEUVER
2026.09.27-14.09.14 MODE seq=29 mode=0 combat=0 pending=0
2026.09.27-14.09.14 S09AUTO drive mode=0 plan=[attack+scheme] phase=ACTION_MANEUVER turn=cmujlc8fd000zwi30gwyg97lq
2026.09.27-14.09.14 SNAPSHOT applied seq=30 phase=ACTION_MANEUVER
2026.09.27-14.09.14 MODE seq=30 mode=0 combat=0 pending=0
2026.09.27-14.09.14 SNAPSHOT applied seq=31 phase=ACTION_MANEUVER
2026.09.27-14.09.14 MODE seq=31 mode=0 combat=0 pending=0
2026.09.27-14.09.14 SNAPSHOT applied seq=32 phase=ACTION_MANEUVER
2026.09.27-14.09.14 MODE seq=32 mode=0 combat=0 pending=0
2026.09.27-14.09.14 SNAPSHOT applied seq=33 phase=TURN_END
2026.09.27-14.09.14 MODE seq=33 mode=0 combat=0 pending=0
2026.09.27-14.09.14 SNAPSHOT applied seq=34 phase=ACTION_MANEUVER
2026.09.27-14.09.14 MODE seq=34 mode=0 combat=0 pending=0
2026.09.27-14.09.14 S09AUTO own turn #3 (turnCount=7)
2026.09.27-14.09.14 S09AUTO attack deferred - no may-boost card in hand (turn#3 elapsed=22s)
2026.09.27-14.09.14 SNAPSHOT applied seq=35 phase=ACTION_MANEUVER
2026.09.27-14.09.14 MODE seq=35 mode=1 combat=0 pending=0
2026.09.27-14.09.14 SNAPSHOT applied seq=35 phase=ACTION_MANEUVER
2026.09.27-14.09.14 MODE seq=35 mode=1 combat=0 pending=0
2026.09.27-14.09.14 S09AUTO drive mode=1 plan=[attack+scheme] phase=ACTION_MANEUVER turn=cmujw9jfc00k1wiyk6f7oixru
2026.09.27-14.09.14 SNAPSHOT applied seq=36 phase=ACTION_MANEUVER
2026.09.27-14.09.14 MODE seq=36 mode=0 combat=0 pending=0
2026.09.27-14.09.14 SNAPSHOT applied seq=36 phase=ACTION_MANEUVER
2026.09.27-14.09.14 MODE seq=36 mode=0 combat=0 pending=0
2026.09.27-14.09.15 S09AUTO drive mode=0 plan=[attack+scheme] phase=ACTION_MANEUVER turn=cmujw9jfc00k1wiyk6f7oixru
2026.09.27-14.09.15 S09AUTO attack deferred - no may-boost card in hand (turn#3 elapsed=24s)
2026.09.27-14.09.15 SNAPSHOT applied seq=37 phase=ACTION_MANEUVER
2026.09.27-14.09.15 MODE seq=37 mode=1 combat=0 pending=0
2026.09.27-14.09.15 SNAPSHOT applied seq=37 phase=ACTION_MANEUVER
2026.09.27-14.09.15 MODE seq=37 mode=1 combat=0 pending=0
2026.09.27-14.09.15 S09AUTO drive mode=1 plan=[attack+scheme] phase=ACTION_MANEUVER turn=cmujw9jfc00k1wiyk6f7oixru
2026.09.27-14.09.15 SNAPSHOT applied seq=38 phase=TURN_END
2026.09.27-14.09.15 MODE seq=38 mode=2 combat=0 pending=0
2026.09.27-14.09.15 SNAPSHOT applied seq=38 phase=TURN_END
2026.09.27-14.09.15 MODE seq=38 mode=2 combat=0 pending=0
2026.09.27-14.09.17 S09AUTO drive mode=2 plan=[attack+scheme] phase=TURN_END turn=cmujw9jfc00k1wiyk6f7oixru
2026.09.27-14.09.17 S09AUTO discard picks=2
2026.09.27-14.09.17 SNAPSHOT applied seq=39 phase=ACTION_MANEUVER
2026.09.27-14.09.17 MODE seq=39 mode=0 combat=0 pending=0
2026.09.27-14.09.17 SNAPSHOT applied seq=39 phase=ACTION_MANEUVER
2026.09.27-14.09.17 MODE seq=39 mode=0 combat=0 pending=0
2026.09.27-14.09.17 SNAPSHOT applied seq=40 phase=ACTION_MANEUVER
2026.09.27-14.09.17 MODE seq=40 mode=0 combat=0 pending=0
2026.09.27-14.09.17 SNAPSHOT applied seq=41 phase=ACTION_MANEUVER
2026.09.27-14.09.17 MODE seq=41 mode=0 combat=0 pending=0
2026.09.27-14.09.17 SNAPSHOT applied seq=42 phase=ACTION_MANEUVER
2026.09.27-14.09.17 MODE seq=42 mode=0 combat=0 pending=0
2026.09.27-14.09.17 SNAPSHOT applied seq=43 phase=TURN_END
2026.09.27-14.09.17 MODE seq=43 mode=0 combat=0 pending=0
2026.09.27-14.09.17 SNAPSHOT applied seq=44 phase=ACTION_MANEUVER
2026.09.27-14.09.17 MODE seq=44 mode=6 combat=0 pending=1
2026.09.27-14.09.18 S09AUTO drive mode=6 plan=[attack+scheme] phase=ACTION_MANEUVER turn=cmujw9jfc00k1wiyk6f7oixru
2026.09.27-14.09.18 S09AUTO own turn #4 (turnCount=9)
2026.09.27-14.09.18 S09AUTO pending-open shot (type=TARGET_FIGHTER stage=0 mode=)
2026.09.27-14.09.18 PEND-RESOLVE sent type=TARGET_FIGHTER stage=0 id=ability-medusa-target-p0
2026.09.27-14.09.18 S09AUTO pending picked (type=TARGET_FIGHTER stage=0)
2026.09.27-14.09.18 SNAPSHOT applied seq=45 phase=ACTION_MANEUVER
2026.09.27-14.09.18 MODE seq=45 mode=0 combat=0 pending=0
2026.09.27-14.09.18 PEND resolve done seq=45 (apply) phase=ACTION_MANEUVER
2026.09.27-14.09.18 SNAPSHOT applied seq=45 phase=ACTION_MANEUVER
2026.09.27-14.09.18 MODE seq=45 mode=0 combat=0 pending=0
2026.09.27-14.09.18 S09AUTO drive mode=0 plan=[attack+scheme] phase=ACTION_MANEUVER turn=cmujw9jfc00k1wiyk6f7oixru
2026.09.27-14.09.18 S09AUTO attack (attacker=f-0-hero target-set card-set)
2026.09.27-14.09.18 ATTACK sent
2026.09.27-14.09.18 SNAPSHOT applied seq=46 phase=COMBAT
2026.09.27-14.09.18 MODE seq=46 mode=0 combat=1 pending=0
2026.09.27-14.09.18 SNAPSHOT applied seq=46 phase=COMBAT
2026.09.27-14.09.18 MODE seq=46 mode=0 combat=1 pending=0
2026.09.27-14.09.18 SNAPSHOT applied seq=47 phase=COMBAT_RESOLVE
2026.09.27-14.09.18 MODE seq=47 mode=6 combat=1 pending=1
2026.09.27-14.09.18 S09AUTO drive mode=6 plan=[attack+scheme] phase=COMBAT_RESOLVE turn=cmujw9jfc00k1wiyk6f7oixru
2026.09.27-14.09.18 S09AUTO pending-open shot (type=BOOST_CHOICE stage=0 mode=)
2026.09.27-14.09.18 S09AUTO boost choice - holding 4s for the other seat's reveal capture
2026.09.27-14.09.22 PEND-RESOLVE sent type=BOOST_CHOICE stage=0 id=cmujlbmcq00siwip0c9jy9x6a-during-0-boost-46
2026.09.27-14.09.22 S09AUTO pending picked (type=BOOST_CHOICE stage=0)
2026.09.27-14.09.22 SNAPSHOT applied seq=48 phase=ACTION_MANEUVER
2026.09.27-14.09.22 COMBAT-RESULT seq=48 damage=5 role=attacked
2026.09.27-14.09.22 S09AUTO combat-result shot
2026.09.27-14.09.22 SHOT requested: FScreenshotRequest(bShowUI) -> C:\Users\ren\AppData\Local\Temp\s10-vsai-20260927-190850-24644\human/s09-combat-result.png
2026.09.27-14.09.22 MODE seq=48 mode=0 combat=0 pending=0
2026.09.27-14.09.22 PEND resolve done seq=48 (apply) phase=ACTION_MANEUVER
2026.09.27-14.09.22 SNAPSHOT applied seq=48 phase=ACTION_MANEUVER
2026.09.27-14.09.22 MODE seq=48 mode=0 combat=0 pending=0
2026.09.27-14.09.22 S09AUTO drive mode=0 plan=[attack+scheme] phase=ACTION_MANEUVER turn=cmujw9jfc00k1wiyk6f7oixru
2026.09.27-14.09.22 S09AUTO attack deferred - no may-boost card in hand (turn#4 elapsed=31s)
2026.09.27-14.09.22 SNAPSHOT applied seq=49 phase=ACTION_MANEUVER
2026.09.27-14.09.22 MODE seq=49 mode=1 combat=0 pending=0
2026.09.27-14.09.22 SNAPSHOT applied seq=49 phase=ACTION_MANEUVER
2026.09.27-14.09.22 MODE seq=49 mode=1 combat=0 pending=0
2026.09.27-14.09.22 S09AUTO drive mode=1 plan=[attack+scheme] phase=ACTION_MANEUVER turn=cmujw9jfc00k1wiyk6f7oixru
2026.09.27-14.09.22 SNAPSHOT applied seq=50 phase=ACTION_MANEUVER
2026.09.27-14.09.22 MODE seq=50 mode=0 combat=0 pending=0
2026.09.27-14.09.22 SNAPSHOT applied seq=50 phase=ACTION_MANEUVER
2026.09.27-14.09.22 MODE seq=50 mode=0 combat=0 pending=0
2026.09.27-14.09.22 SNAPSHOT applied seq=51 phase=ACTION_MANEUVER
2026.09.27-14.09.22 MODE seq=51 mode=0 combat=0 pending=0
2026.09.27-14.09.23 SNAPSHOT applied seq=52 phase=ACTION_MANEUVER
2026.09.27-14.09.23 MODE seq=52 mode=0 combat=0 pending=0
2026.09.27-14.09.23 SNAPSHOT applied seq=53 phase=ACTION_MANEUVER
2026.09.27-14.09.23 MODE seq=53 mode=0 combat=0 pending=0
2026.09.27-14.09.23 SNAPSHOT applied seq=54 phase=TURN_END
2026.09.27-14.09.23 MODE seq=54 mode=0 combat=0 pending=0
2026.09.27-14.09.23 SNAPSHOT applied seq=55 phase=ACTION_MANEUVER
2026.09.27-14.09.23 MODE seq=55 mode=6 combat=0 pending=1
2026.09.27-14.09.24 S09AUTO drive mode=6 plan=[attack+scheme] phase=ACTION_MANEUVER turn=cmujw9jfc00k1wiyk6f7oixru
2026.09.27-14.09.24 S09AUTO own turn #5 (turnCount=11)
2026.09.27-14.09.24 PEND-RESOLVE sent type=TARGET_FIGHTER stage=0 id=ability-medusa-target-p0
2026.09.27-14.09.24 S09AUTO pending picked (type=TARGET_FIGHTER stage=0)
2026.09.27-14.09.24 SNAPSHOT applied seq=56 phase=ACTION_MANEUVER
2026.09.27-14.09.24 MODE seq=56 mode=0 combat=0 pending=0
2026.09.27-14.09.24 SNAPSHOT applied seq=56 phase=ACTION_MANEUVER
2026.09.27-14.09.24 MODE seq=56 mode=0 combat=0 pending=0
2026.09.27-14.09.24 PEND resolve done seq=56 (merge) phase=ACTION_MANEUVER
2026.09.27-14.09.24 S09AUTO drive mode=0 plan=[attack+scheme] phase=ACTION_MANEUVER turn=cmujw9jfc00k1wiyk6f7oixru
2026.09.27-14.09.24 S09AUTO attack (attacker=f-0-hero target-set card-set)
2026.09.27-14.09.24 ATTACK sent
2026.09.27-14.09.24 SNAPSHOT applied seq=57 phase=COMBAT
2026.09.27-14.09.24 MODE seq=57 mode=0 combat=1 pending=0
2026.09.27-14.09.24 SNAPSHOT applied seq=57 phase=COMBAT
2026.09.27-14.09.24 MODE seq=57 mode=0 combat=1 pending=0
2026.09.27-14.09.24 SNAPSHOT applied seq=58 phase=COMBAT_RESOLVE
2026.09.27-14.09.24 MODE seq=58 mode=6 combat=1 pending=1
2026.09.27-14.09.24 S09AUTO drive mode=6 plan=[attack+scheme] phase=COMBAT_RESOLVE turn=cmujw9jfc00k1wiyk6f7oixru
2026.09.27-14.09.24 S09AUTO boost choice - holding 4s for the other seat's reveal capture
2026.09.27-14.09.28 PEND-RESOLVE sent type=BOOST_CHOICE stage=0 id=cmujlbmcq00siwip0c9jy9x6a-during-0-boost-57
2026.09.27-14.09.28 S09AUTO pending picked (type=BOOST_CHOICE stage=0)
2026.09.27-14.09.28 SNAPSHOT applied seq=59 phase=ACTION_MANEUVER
2026.09.27-14.09.28 COMBAT-RESULT seq=59 damage=5 role=attacked
2026.09.27-14.09.28 MODE seq=59 mode=0 combat=0 pending=0
2026.09.27-14.09.28 PEND resolve done seq=59 (apply) phase=ACTION_MANEUVER
2026.09.27-14.09.28 SNAPSHOT applied seq=59 phase=ACTION_MANEUVER
2026.09.27-14.09.28 MODE seq=59 mode=0 combat=0 pending=0
2026.09.27-14.09.28 S09AUTO drive mode=0 plan=[attack+scheme] phase=ACTION_MANEUVER turn=cmujw9jfc00k1wiyk6f7oixru
2026.09.27-14.09.28 S09AUTO attack deferred - no may-boost card in hand (turn#5 elapsed=36s)
2026.09.27-14.09.28 SNAPSHOT applied seq=60 phase=ACTION_MANEUVER
2026.09.27-14.09.28 MODE seq=60 mode=1 combat=0 pending=0
2026.09.27-14.09.28 SNAPSHOT applied seq=60 phase=ACTION_MANEUVER
2026.09.27-14.09.28 MODE seq=60 mode=1 combat=0 pending=0
2026.09.27-14.09.28 S09AUTO drive mode=1 plan=[attack+scheme] phase=ACTION_MANEUVER turn=cmujw9jfc00k1wiyk6f7oixru
2026.09.27-14.09.28 SNAPSHOT applied seq=61 phase=ACTION_MANEUVER
2026.09.27-14.09.28 MODE seq=61 mode=0 combat=0 pending=0
2026.09.27-14.09.28 SNAPSHOT applied seq=61 phase=ACTION_MANEUVER
2026.09.27-14.09.28 MODE seq=61 mode=0 combat=0 pending=0
2026.09.27-14.09.28 SNAPSHOT applied seq=62 phase=ACTION_MANEUVER
2026.09.27-14.09.28 MODE seq=62 mode=0 combat=0 pending=0
2026.09.27-14.09.28 SNAPSHOT applied seq=63 phase=ACTION_MANEUVER
2026.09.27-14.09.28 MODE seq=63 mode=0 combat=0 pending=0
2026.09.27-14.09.28 SNAPSHOT applied seq=64 phase=ACTION_MANEUVER
2026.09.27-14.09.28 MODE seq=64 mode=0 combat=0 pending=0
2026.09.27-14.09.28 SNAPSHOT applied seq=65 phase=TURN_END
2026.09.27-14.09.28 MODE seq=65 mode=0 combat=0 pending=0
2026.09.27-14.09.28 SNAPSHOT applied seq=66 phase=ACTION_MANEUVER
2026.09.27-14.09.28 MODE seq=66 mode=0 combat=0 pending=0
2026.09.27-14.09.29 S09AUTO drive mode=0 plan=[attack+scheme] phase=ACTION_MANEUVER turn=cmujw9jfc00k1wiyk6f7oixru
2026.09.27-14.09.29 S09AUTO own turn #6 (turnCount=13)
2026.09.27-14.09.29 S09AUTO attack deferred - no may-boost card in hand (turn#6 elapsed=38s)
2026.09.27-14.09.29 S09AUTO scheme
2026.09.27-14.09.29 SNAPSHOT applied seq=67 phase=ACTION_MANEUVER
2026.09.27-14.09.29 MODE seq=67 mode=6 combat=0 pending=1
2026.09.27-14.09.29 SCHEME done seq=67 (apply) phase=ACTION_MANEUVER
2026.09.27-14.09.29 SNAPSHOT applied seq=67 phase=ACTION_MANEUVER
2026.09.27-14.09.29 MODE seq=67 mode=6 combat=0 pending=1
2026.09.27-14.09.31 S09AUTO drive mode=6 plan=[attack+scheme] phase=ACTION_MANEUVER turn=cmujw9jfc00k1wiyk6f7oixru
2026.09.27-14.09.31 PEND-RESOLVE sent type=TARGET_FIGHTER stage=0 id=cmujlbmcr00skwip058syb3ft-fullText-0-p0
2026.09.27-14.09.31 S09AUTO pending picked (type=TARGET_FIGHTER stage=0)
2026.09.27-14.09.31 SNAPSHOT applied seq=68 phase=ACTION_MANEUVER
2026.09.27-14.09.31 MODE seq=68 mode=0 combat=0 pending=0
2026.09.27-14.09.31 PEND resolve done seq=68 (apply) phase=ACTION_MANEUVER
2026.09.27-14.09.31 SNAPSHOT applied seq=68 phase=ACTION_MANEUVER
2026.09.27-14.09.31 MODE seq=68 mode=0 combat=0 pending=0
2026.09.27-14.09.31 S09AUTO drive mode=0 plan=[attack+scheme] phase=ACTION_MANEUVER turn=cmujw9jfc00k1wiyk6f7oixru
2026.09.27-14.09.31 S09AUTO attack deferred - no may-boost card in hand (turn#6 elapsed=39s)
2026.09.27-14.09.31 SNAPSHOT applied seq=69 phase=ACTION_MANEUVER
2026.09.27-14.09.31 MODE seq=69 mode=1 combat=0 pending=0
2026.09.27-14.09.31 SNAPSHOT applied seq=69 phase=ACTION_MANEUVER
2026.09.27-14.09.31 MODE seq=69 mode=1 combat=0 pending=0
2026.09.27-14.09.31 S09AUTO drive mode=1 plan=[attack+scheme] phase=ACTION_MANEUVER turn=cmujw9jfc00k1wiyk6f7oixru
2026.09.27-14.09.31 SNAPSHOT applied seq=70 phase=ACTION_MANEUVER
2026.09.27-14.09.31 MODE seq=70 mode=0 combat=0 pending=0
2026.09.27-14.09.31 SNAPSHOT applied seq=70 phase=ACTION_MANEUVER
2026.09.27-14.09.31 MODE seq=70 mode=0 combat=0 pending=0
2026.09.27-14.09.31 SNAPSHOT applied seq=71 phase=ACTION_MANEUVER
2026.09.27-14.09.31 MODE seq=71 mode=0 combat=0 pending=0
2026.09.27-14.09.31 SNAPSHOT applied seq=72 phase=ACTION_MANEUVER
2026.09.27-14.09.31 MODE seq=72 mode=0 combat=0 pending=0
2026.09.27-14.09.31 SNAPSHOT applied seq=73 phase=ACTION_MANEUVER
2026.09.27-14.09.31 MODE seq=73 mode=0 combat=0 pending=0
2026.09.27-14.09.31 SNAPSHOT applied seq=74 phase=TURN_END
2026.09.27-14.09.31 MODE seq=74 mode=0 combat=0 pending=0
2026.09.27-14.09.31 SNAPSHOT applied seq=75 phase=ACTION_MANEUVER
2026.09.27-14.09.31 MODE seq=75 mode=6 combat=0 pending=1
2026.09.27-14.09.32 S09AUTO drive mode=6 plan=[attack+scheme] phase=ACTION_MANEUVER turn=cmujw9jfc00k1wiyk6f7oixru
2026.09.27-14.09.32 S09AUTO own turn #7 (turnCount=15)
2026.09.27-14.09.32 PEND-RESOLVE sent type=TARGET_FIGHTER stage=0 id=ability-medusa-target-p0
2026.09.27-14.09.32 S09AUTO pending picked (type=TARGET_FIGHTER stage=0)
2026.09.27-14.09.32 SNAPSHOT applied seq=76 phase=ACTION_MANEUVER
2026.09.27-14.09.32 MODE seq=76 mode=0 combat=0 pending=0
2026.09.27-14.09.32 PEND resolve done seq=76 (apply) phase=ACTION_MANEUVER
2026.09.27-14.09.32 SNAPSHOT applied seq=76 phase=ACTION_MANEUVER
2026.09.27-14.09.32 MODE seq=76 mode=0 combat=0 pending=0
2026.09.27-14.09.32 S09AUTO drive mode=0 plan=[attack+scheme] phase=ACTION_MANEUVER turn=cmujw9jfc00k1wiyk6f7oixru
2026.09.27-14.09.32 S09AUTO attack deferred - no may-boost card in hand (turn#7 elapsed=40s)
2026.09.27-14.09.32 SNAPSHOT applied seq=77 phase=ACTION_MANEUVER
2026.09.27-14.09.32 MODE seq=77 mode=1 combat=0 pending=0
2026.09.27-14.09.32 SNAPSHOT applied seq=77 phase=ACTION_MANEUVER
2026.09.27-14.09.32 MODE seq=77 mode=1 combat=0 pending=0
2026.09.27-14.09.32 S09AUTO drive mode=1 plan=[attack+scheme] phase=ACTION_MANEUVER turn=cmujw9jfc00k1wiyk6f7oixru
2026.09.27-14.09.32 SNAPSHOT applied seq=78 phase=ACTION_MANEUVER
2026.09.27-14.09.32 MODE seq=78 mode=0 combat=0 pending=0
2026.09.27-14.09.32 SNAPSHOT applied seq=78 phase=ACTION_MANEUVER
2026.09.27-14.09.32 MODE seq=78 mode=0 combat=0 pending=0
2026.09.27-14.09.33 S09AUTO drive mode=0 plan=[attack+scheme] phase=ACTION_MANEUVER turn=cmujw9jfc00k1wiyk6f7oixru
2026.09.27-14.09.33 S09AUTO attack deferred - no may-boost card in hand (turn#7 elapsed=42s)
2026.09.27-14.09.33 SNAPSHOT applied seq=79 phase=ACTION_MANEUVER
2026.09.27-14.09.33 MODE seq=79 mode=1 combat=0 pending=0
2026.09.27-14.09.33 SNAPSHOT applied seq=79 phase=ACTION_MANEUVER
2026.09.27-14.09.33 MODE seq=79 mode=1 combat=0 pending=0
2026.09.27-14.09.33 S09AUTO drive mode=1 plan=[attack+scheme] phase=ACTION_MANEUVER turn=cmujw9jfc00k1wiyk6f7oixru
2026.09.27-14.09.34 SNAPSHOT applied seq=80 phase=ACTION_MANEUVER
2026.09.27-14.09.34 MODE seq=80 mode=0 combat=0 pending=0
2026.09.27-14.09.34 SNAPSHOT applied seq=80 phase=ACTION_MANEUVER
2026.09.27-14.09.34 MODE seq=80 mode=0 combat=0 pending=0
2026.09.27-14.09.34 SNAPSHOT applied seq=81 phase=ACTION_MANEUVER
2026.09.27-14.09.34 MODE seq=81 mode=0 combat=0 pending=0
2026.09.27-14.09.34 SNAPSHOT applied seq=82 phase=ACTION_MANEUVER
2026.09.27-14.09.34 MODE seq=82 mode=0 combat=0 pending=0
2026.09.27-14.09.34 SNAPSHOT applied seq=83 phase=ACTION_MANEUVER
2026.09.27-14.09.34 MODE seq=83 mode=0 combat=0 pending=0
2026.09.27-14.09.34 SNAPSHOT applied seq=84 phase=TURN_END
2026.09.27-14.09.34 MODE seq=84 mode=0 combat=0 pending=0
2026.09.27-14.09.34 SNAPSHOT applied seq=85 phase=ACTION_MANEUVER
2026.09.27-14.09.34 MODE seq=85 mode=6 combat=0 pending=1
2026.09.27-14.09.35 S09AUTO drive mode=6 plan=[attack+scheme] phase=ACTION_MANEUVER turn=cmujw9jfc00k1wiyk6f7oixru
2026.09.27-14.09.35 S09AUTO own turn #8 (turnCount=17)
2026.09.27-14.09.35 PEND-RESOLVE sent type=TARGET_FIGHTER stage=0 id=ability-medusa-target-p0
2026.09.27-14.09.35 S09AUTO pending picked (type=TARGET_FIGHTER stage=0)
2026.09.27-14.09.35 SNAPSHOT applied seq=86 phase=ACTION_MANEUVER
2026.09.27-14.09.35 MODE seq=86 mode=0 combat=0 pending=0
2026.09.27-14.09.35 PEND resolve done seq=86 (apply) phase=ACTION_MANEUVER
2026.09.27-14.09.35 SNAPSHOT applied seq=86 phase=ACTION_MANEUVER
2026.09.27-14.09.35 MODE seq=86 mode=0 combat=0 pending=0
2026.09.27-14.09.35 S09AUTO drive mode=0 plan=[attack+scheme] phase=ACTION_MANEUVER turn=cmujw9jfc00k1wiyk6f7oixru
2026.09.27-14.09.35 S09AUTO attack (attacker=f-0-hero target-set card-set)
2026.09.27-14.09.35 ATTACK sent
2026.09.27-14.09.35 SNAPSHOT applied seq=87 phase=COMBAT
2026.09.27-14.09.35 MODE seq=87 mode=0 combat=1 pending=0
2026.09.27-14.09.35 SNAPSHOT applied seq=87 phase=COMBAT
2026.09.27-14.09.35 MODE seq=87 mode=0 combat=1 pending=0
2026.09.27-14.09.35 SNAPSHOT applied seq=88 phase=COMBAT_RESOLVE
2026.09.27-14.09.35 MODE seq=88 mode=6 combat=1 pending=1
2026.09.27-14.09.35 S09AUTO drive mode=6 plan=[attack+scheme] phase=COMBAT_RESOLVE turn=cmujw9jfc00k1wiyk6f7oixru
2026.09.27-14.09.35 PEND-RESOLVE sent type=MOVE stage=0 id=cmujlbmd200t2wip0ovujyb6z-after-0-p0
2026.09.27-14.09.35 S09AUTO pending picked (type=MOVE stage=0)
2026.09.27-14.09.35 SNAPSHOT applied seq=89 phase=ACTION_MANEUVER
2026.09.27-14.09.35 COMBAT-RESULT seq=89 damage=0 role=attacked
2026.09.27-14.09.35 MODE seq=89 mode=0 combat=0 pending=0
2026.09.27-14.09.35 PEND resolve done seq=89 (apply) phase=ACTION_MANEUVER
2026.09.27-14.09.35 SNAPSHOT applied seq=89 phase=ACTION_MANEUVER
2026.09.27-14.09.35 MODE seq=89 mode=0 combat=0 pending=0
2026.09.27-14.09.35 S09AUTO drive mode=0 plan=[attack+scheme] phase=ACTION_MANEUVER turn=cmujw9jfc00k1wiyk6f7oixru
2026.09.27-14.09.35 S09AUTO attack (attacker=f-0-hero target-set card-set)
2026.09.27-14.09.35 ATTACK sent
2026.09.27-14.09.35 SNAPSHOT applied seq=90 phase=COMBAT
2026.09.27-14.09.35 MODE seq=90 mode=0 combat=1 pending=0
2026.09.27-14.09.35 SNAPSHOT applied seq=90 phase=COMBAT
2026.09.27-14.09.35 MODE seq=90 mode=0 combat=1 pending=0
2026.09.27-14.09.35 SNAPSHOT applied seq=91 phase=ACTION_MANEUVER
2026.09.27-14.09.35 COMBAT-RESULT seq=91 damage=1 role=attacked
2026.09.27-14.09.35 MODE seq=91 mode=0 combat=0 pending=0
2026.09.27-14.09.35 SNAPSHOT applied seq=92 phase=ACTION_MANEUVER
2026.09.27-14.09.35 MODE seq=92 mode=0 combat=0 pending=0
2026.09.27-14.09.35 SNAPSHOT applied seq=93 phase=ACTION_MANEUVER
2026.09.27-14.09.35 MODE seq=93 mode=0 combat=0 pending=0
2026.09.27-14.09.35 SNAPSHOT applied seq=94 phase=ACTION_MANEUVER
2026.09.27-14.09.35 MODE seq=94 mode=0 combat=0 pending=0
2026.09.27-14.09.35 SNAPSHOT applied seq=95 phase=TURN_END
2026.09.27-14.09.35 MODE seq=95 mode=0 combat=0 pending=0
2026.09.27-14.09.35 SNAPSHOT applied seq=96 phase=ACTION_MANEUVER
2026.09.27-14.09.35 MODE seq=96 mode=6 combat=0 pending=1
2026.09.27-14.09.35 S09AUTO drive mode=6 plan=[attack+scheme] phase=ACTION_MANEUVER turn=cmujw9jfc00k1wiyk6f7oixru
2026.09.27-14.09.35 S09AUTO own turn #9 (turnCount=19)
2026.09.27-14.09.35 PEND-RESOLVE sent type=TARGET_FIGHTER stage=0 id=ability-medusa-target-p0
2026.09.27-14.09.35 S09AUTO pending picked (type=TARGET_FIGHTER stage=0)
2026.09.27-14.09.35 SNAPSHOT applied seq=97 phase=ACTION_MANEUVER
2026.09.27-14.09.35 MODE seq=97 mode=0 combat=0 pending=0
2026.09.27-14.09.35 PEND resolve done seq=97 (apply) phase=ACTION_MANEUVER
2026.09.27-14.09.35 SNAPSHOT applied seq=97 phase=ACTION_MANEUVER
2026.09.27-14.09.35 MODE seq=97 mode=0 combat=0 pending=0
2026.09.27-14.09.35 S09AUTO drive mode=0 plan=[attack+scheme] phase=ACTION_MANEUVER turn=cmujw9jfc00k1wiyk6f7oixru
2026.09.27-14.09.35 S09AUTO attack (attacker=f-0-hero target-set card-set)
2026.09.27-14.09.35 ATTACK sent
2026.09.27-14.09.35 SNAPSHOT applied seq=98 phase=COMBAT
2026.09.27-14.09.35 MODE seq=98 mode=0 combat=1 pending=0
2026.09.27-14.09.35 SNAPSHOT applied seq=98 phase=COMBAT
2026.09.27-14.09.35 MODE seq=98 mode=0 combat=1 pending=0
2026.09.27-14.09.35 SNAPSHOT applied seq=99 phase=ACTION_MANEUVER
2026.09.27-14.09.35 COMBAT-RESULT seq=99 damage=1 role=attacked
2026.09.27-14.09.35 MODE seq=99 mode=0 combat=0 pending=0
2026.09.27-14.09.36 S09AUTO attack (attacker=f-0-hero target-set card-set)
2026.09.27-14.09.36 ATTACK sent
2026.09.27-14.09.36 SNAPSHOT applied seq=100 phase=COMBAT
2026.09.27-14.09.36 MODE seq=100 mode=0 combat=1 pending=0
2026.09.27-14.09.36 SNAPSHOT applied seq=100 phase=COMBAT
2026.09.27-14.09.36 MODE seq=100 mode=0 combat=1 pending=0
2026.09.27-14.09.36 SNAPSHOT applied seq=101 phase=GAME_OVER
2026.09.27-14.09.36 COMBAT-RESULT seq=101 damage=3 role=attacked
2026.09.27-14.09.36 MODE seq=101 mode=0 combat=1 pending=0
2026.09.27-14.09.36 RESULT seq=101 outcome=VICTORY winner=Medusa
2026.09.27-14.09.38 S09AUTO result-screen shot
2026.09.27-14.09.38 RESULT lobby-return sent (leaveGame)
2026.09.27-14.09.38 LEFT room=cmujw9n5i00knwiykzpia24q6
2026.09.27-14.09.42 S09AUTO lobby-return shot
2026.09.27-14.09.42 S09AUTO duel flow complete (GAME_OVER -> result shown -> lobby return) - exiting
