2026.09.29-05.19.36 --- S08 trace open 2026.09.29-05.19.36 ---
2026.09.29-05.19.36 HUD icon texture size=32 ready=1 path=/Game/ArtTests/ARTMarkers/Textures/T_UI_Action_Attack_32 texture=32x32 probe=0 plate=1
2026.09.29-05.19.36 HUD art widget plate impl=umg source=/Game/S08/UI/ArtHud/WBP_S08ArtPlate class=/Game/S08/UI/ArtHud/WBP_S08ArtPlate.WBP_S08ArtPlate_C parts=1 missing=- codeDefaultTree=0
2026.09.29-05.19.36 HUD art widget icon impl=umg source=/Game/S08/UI/ArtHud/WBP_S08ArtIcon class=/Game/S08/UI/ArtHud/WBP_S08ArtIcon.WBP_S08ArtIcon_C parts=1 missing=- codeDefaultTree=0
2026.09.29-05.19.36 RENDER preset applied=High flag=S08RenderPreset
2026.09.29-05.19.36 LOGIN ok user=art-preview-joiner
2026.09.29-05.19.39 HEROES loaded 84
2026.09.29-05.19.39 CODE resolved -> cmum88ibv00rxwilkggd885uu
2026.09.29-05.19.39 joinGame -> room=cmum88ibv00rxwilkggd885uu code=<redacted> status=LOBBY
2026.09.29-05.19.41 PERF config tMaxFPS=30.0 frameRateLimit=60.0 vsync=0 smoothFrameRate=0 fixedFrameRate=0 rhi=D3D12
2026.09.29-05.19.41 RENDER tag=PERF rhi=D3D12 featureLevel=SM6 shaderPlatform=PCD3D_SM6 lumenPlatform=1 gi=lumen giMethod=1 refl=lumen reflMethod=1 shadows=csm vsmEnable=0 sg.res=100 sg.view=2 sg.aa=2 sg.shadow=2 sg.gi=2 sg.refl=2 sg.pp=2 sg.tex=2 sg.fx=2 sg.foliage=2 sg.shading=2 sg.landscape=2 preset=High screenPct=100.0 screenPctMode=0 aa=TSR aaMethod=4 exposure=engine-default expMin=1.00000 expMax=1.00000 expBias=1.000 ev100=0.00 lightUnits=- sky=0 skyIntensity=0.000 keyShadow=- shadowCasters=0 profile=- profilesSha256=- profilesSource=- legacyRender=0 gameLayer=unlit-eyeadaptinv tMaxFPS=30.0 vsync=0 frameRateLimit=60.0 substrate=0 nanite=1 meshDF=1 viewport=1920x1080 reference=0 notReference=noArtProfile,exposure,lightUnits,profilesSource
2026.09.29-05.19.41 PERF window t=0.0-5.1 frames=149 fps=29.50 frameMs avg=33.90 p50=33.35 p95=34.08 p99=42.65 max=73.40 hitches50=1 gpuMs avg=1.15 p50=1.26 p95=1.34 gameMs avg=2.39 p95=2.98 renderMs avg=2889.82 p95=5.07
2026.09.29-05.19.42 game -> room=cmum88ibv00rxwilkggd885uu code=<redacted> status=LOBBY
2026.09.29-05.19.42 selectHero -> room=cmum88ibv00rxwilkggd885uu code=<redacted> status=LOBBY
2026.09.29-05.19.45 game -> room=cmum88ibv00rxwilkggd885uu code=<redacted> status=LOBBY
2026.09.29-05.19.45 toggleReady -> room=cmum88ibv00rxwilkggd885uu code=<redacted> status=LOBBY
2026.09.29-05.19.46 PERF window t=5.1-10.1 frames=150 fps=29.88 frameMs avg=33.47 p50=33.35 p95=33.86 p99=35.65 max=35.91 hitches50=0 gpuMs avg=1.29 p50=1.29 p95=1.37 gameMs avg=2.14 p95=2.98 renderMs avg=4.44 p95=5.09
2026.09.29-05.19.48 game -> room=cmum88ibv00rxwilkggd885uu code=<redacted> status=LOBBY
2026.09.29-05.19.51 PERF window t=10.1-15.1 frames=150 fps=29.82 frameMs avg=33.53 p50=33.37 p95=33.94 p99=35.23 max=41.61 hitches50=0 gpuMs avg=1.29 p50=1.28 p95=1.35 gameMs avg=2.05 p95=2.97 renderMs avg=4.52 p95=4.98
2026.09.29-05.19.51 game -> room=cmum88ibv00rxwilkggd885uu code=<redacted> status=IN_PROGRESS
2026.09.29-05.19.51 WS DROPPED (test-initiated transport loss)
2026.09.29-05.19.51 WS closed (test drop) - reconnect in 1s
2026.09.29-05.19.51 SNAPSHOT applied seq=1 phase=ACTION_MANEUVER
2026.09.29-05.19.51 HANDLE_APPLIED #1 seq=1 decision=2 fightersValid=1 boardValid=1
2026.09.29-05.19.51 MODE seq=1 mode=0 combat=0 pending=0
2026.09.29-05.19.51 HUD seq=1 phase=ACTION_MANEUVER turn=opp hand=5 oppHand=5(hidden) oppDeck=25 deck=25 discard=0
2026.09.29-05.19.51 ARTPREVIEW board profiles loaded=1 revision=2 boards=3 zoneStyles=11 lightProfiles=3 errors=0 path=Config/ArtBoards/S08ArtBoardProfiles.json
2026.09.29-05.19.51 ARTPREVIEW board profiles source=pak sha256=91ea86be522212fc770a33e3c9ac66f1cfde90c720c609bdc6bd29589965eaa5
2026.09.29-05.19.51 ARTPREVIEW game layer material=M_S08_GameLayerUnlit unlitEyeAdaptInv=1 legacyRender=0
2026.09.29-05.19.51 ARTPREVIEW Cobble assets ready
2026.09.29-05.19.51 ARTPREVIEW board assets ready cobbleMesh=1 tiles=1 zoneMaterials=2
2026.09.29-05.19.51 ARTPREVIEW medusa candidate variant=face-neck-v2 mesh=SK_Medusa_FaceNeck_v2Candidate requested=face-neck-v2
2026.09.29-05.19.51 ARTPREVIEW board profile=cobble-city match=boardId board=5x6 boardId=cmuhgs4b2001mwik4f2b2xtf8 surface=cobble-5x6-mesh light=cobble-probe artFixture=0
2026.09.29-05.19.51 ARTPREVIEW light profile=cobble-probe name=key role=key kind=directional at=(-350,-150,600) intensity=4.5 units=lux radius=0 color=(1.00,1.00,1.00) shadow=1
2026.09.29-05.19.51 ARTPREVIEW light profile=cobble-probe name=warm role=warm kind=point at=(260,-300,250) intensity=85 units=candelas radius=450 color=(1.00,1.00,1.00) shadow=0
2026.09.29-05.19.51 ARTPREVIEW sky profile=cobble-probe cubemap=/Game/S08/Render/TC_S08_AmbientDome loaded=1 spawned=1 intensity=11.2 color=(1.00,1.00,1.00) lowerBlack=0
2026.09.29-05.19.51 ARTPREVIEW exposure profile=cobble-probe method=histogram-fixed min=2.46229 max=2.46229 bias=0.000 ev100=1.30 volume=1
2026.09.29-05.19.51 ARTPREVIEW lights applied profile=cobble-probe directional=1 shadow=1 points=1 pointShadows=0 budgetOk=1
2026.09.29-05.19.51 ARTPREVIEW render profile=cobble-probe units=candelas sky=1 exposure=1 keyShadow=csm-3000uu-2c-contact0.000 shadowCasters=1 legacyRender=0
2026.09.29-05.19.51 ARTPREVIEW Cobble probe lights key=4.5 fill=0 warm=85
2026.09.29-05.19.51 ARTPREVIEW Cobble active 5x6 zones=30 blue=15 red=15 blueMarks=15 redMarks=45
2026.09.29-05.19.51 ARTPREVIEW board active profile=cobble-city 5x6 surface=cobble-5x6-mesh cells=30 zoneCells=30 multizone=0 triple=0 obstacles=0 zoneKeys=2 strokes=60 glyphs=45 surfaceParts=0 glyphMaterial=zone expectOk=1
2026.09.29-05.19.51 ARTPREVIEW board zone key=blue cells=15 stroke=solid glyph=diamond color=#3B78D8 ismUsage=1 strokePieces=15 glyphPieces=15 fallback=0
2026.09.29-05.19.51 ARTPREVIEW board zone key=red cells=15 stroke=dash3 glyph=bars2 color=#D8453B ismUsage=1 strokePieces=45 glyphPieces=30 fallback=0
2026.09.29-05.19.51 ARTPREVIEW board multizone cells=0 zonesListed=0 zonesMarked=0
2026.09.29-05.19.51 CAMERA dist=1931 loc=(0,1107,1582) pitch=-55 yaw=-90
2026.09.29-05.19.51 CAMERA config overview=1930.8 nearest=300.0 farthest=2970.4 zoomRange=0.65-6.44 minDist=300.0 outRatio=0.650 step=1.250 animMs=200 returnMs=300 followFrom=1.20 source=defaults issues=0
2026.09.29-05.19.51 BOARD 5x6 cells | control points: (0,0)=(-200,-250,0) (4,5)=(200,250,0) | neighbor pair (dist 100 uu)
2026.09.29-05.19.51 ARTPREVIEW click capsule fighter=f-0-hero mesh=SK_Medusa_FaceNeck_v2Candidate physicsAsset=0 radius=12.5 halfHeight=27.5 top=55.0 bodyCollision=0 source=meshBounds
2026.09.29-05.19.51 ARTPREVIEW fighter=Medusa hero=1 eligible=1 visual=1 mesh=SK_Medusa_FaceNeck_v2Candidate
2026.09.29-05.19.51 ARTPREVIEW click capsule fighter=f-0-sk0 mesh=SM_ART003_Harpy physicsAsset=0 radius=20.0 halfHeight=21.0 top=42.0 bodyCollision=0 source=meshBounds
2026.09.29-05.19.51 ARTPREVIEW click capsule fighter=f-0-sk1 mesh=SM_ART003_Harpy physicsAsset=0 radius=20.0 halfHeight=21.0 top=42.0 bodyCollision=0 source=meshBounds
2026.09.29-05.19.51 ARTPREVIEW click capsule fighter=f-0-sk2 mesh=SM_ART003_Harpy physicsAsset=0 radius=20.0 halfHeight=21.0 top=42.0 bodyCollision=0 source=meshBounds
2026.09.29-05.19.51 ARTPREVIEW click capsule fighter=f-1-hero mesh=SM_ART003_Arthur physicsAsset=0 radius=17.8 halfHeight=28.0 top=56.0 bodyCollision=0 source=meshBounds
2026.09.29-05.19.51 ARTPREVIEW click capsule fighter=f-1-sk0 mesh=SM_ART003_Merlin physicsAsset=0 radius=14.7 halfHeight=30.8 top=61.5 bodyCollision=0 source=meshBounds
2026.09.29-05.19.51 FIGHTERS synced n=6 alive=6 own=2 enemy=4
2026.09.29-05.19.51 STATE seq=1 -> apply
2026.09.29-05.19.51 WS closed 1000 (normal closure)
2026.09.29-05.19.51 HUD art layer plate=1 iconSize=32 iconTexture=1 iconProbe=0 plan=0
2026.09.29-05.19.51 HUD art impl=umg plateViews=umg:/Game/S08/UI/ArtHud/WBP_S08ArtPlate iconViews=umg:/Game/S08/UI/ArtHud/WBP_S08ArtIcon textTable=S08ArtHud entries=13 missingKeys=0
2026.09.29-05.19.52 WS reconnect attempt
2026.09.29-05.19.52 SUBSCRIBED gameStateUpdated since=1
2026.09.29-05.19.52 WS reconnected - refetching gameState
2026.09.29-05.19.52 SNAPSHOT applied seq=1 phase=ACTION_MANEUVER
2026.09.29-05.19.52 HANDLE_APPLIED #2 seq=1 decision=1 fightersValid=1 boardValid=1
2026.09.29-05.19.52 MODE seq=1 mode=0 combat=0 pending=0
2026.09.29-05.19.52 HUD seq=1 phase=ACTION_MANEUVER turn=opp hand=5 oppHand=5(hidden) oppDeck=25 deck=25 discard=0
2026.09.29-05.19.52 ARTPREVIEW fighter=Medusa hero=1 eligible=1 visual=1 mesh=SK_Medusa_FaceNeck_v2Candidate
2026.09.29-05.19.52 FIGHTERS synced n=6 alive=6 own=2 enemy=4
2026.09.29-05.19.52 STATE seq=1 -> merge
2026.09.29-05.19.53 SNAPSHOT applied seq=1 phase=ACTION_MANEUVER
2026.09.29-05.19.53 HANDLE_APPLIED #3 seq=1 decision=1 fightersValid=1 boardValid=1
2026.09.29-05.19.53 MODE seq=1 mode=0 combat=0 pending=0
2026.09.29-05.19.53 HUD seq=1 phase=ACTION_MANEUVER turn=opp hand=5 oppHand=5(hidden) oppDeck=25 deck=25 discard=0
2026.09.29-05.19.53 ARTPREVIEW fighter=Medusa hero=1 eligible=1 visual=1 mesh=SK_Medusa_FaceNeck_v2Candidate
2026.09.29-05.19.53 FIGHTERS synced n=6 alive=6 own=2 enemy=4
2026.09.29-05.19.53 WS seq=1 phase=ACTION_MANEUVER (merge)
2026.09.29-05.19.54 game -> room=cmum88ibv00rxwilkggd885uu code=<redacted> status=IN_PROGRESS
2026.09.29-05.19.56 PERF window t=15.1-20.1 frames=146 fps=29.15 frameMs avg=34.30 p50=33.38 p95=34.25 p99=87.11 max=95.01 hitches50=2 gpuMs avg=1.80 p50=1.81 p95=1.93 gameMs avg=2.95 p95=3.38 renderMs avg=6.88 p95=6.44
2026.09.29-05.19.57 game -> room=cmum88ibv00rxwilkggd885uu code=<redacted> status=IN_PROGRESS
2026.09.29-05.20.00 game -> room=cmum88ibv00rxwilkggd885uu code=<redacted> status=IN_PROGRESS
2026.09.29-05.20.01 PERF window t=20.1-25.1 frames=150 fps=29.91 frameMs avg=33.44 p50=33.37 p95=33.89 p99=34.04 max=34.18 hitches50=0 gpuMs avg=1.84 p50=1.82 p95=1.99 gameMs avg=1.80 p95=2.46 renderMs avg=6.02 p95=6.35
2026.09.29-05.20.03 game -> room=cmum88ibv00rxwilkggd885uu code=<redacted> status=IN_PROGRESS
2026.09.29-05.20.06 SHOT ctx viewport=1920x1080 viewTarget=CameraActor_2147482364 cam=(0,1107,1582) rot=(-55,-90,0)
2026.09.29-05.20.06 RENDER tag=SHOT rhi=D3D12 featureLevel=SM6 shaderPlatform=PCD3D_SM6 lumenPlatform=1 gi=lumen giMethod=1 refl=lumen reflMethod=1 shadows=csm vsmEnable=0 sg.res=100 sg.view=2 sg.aa=2 sg.shadow=2 sg.gi=2 sg.refl=2 sg.pp=2 sg.tex=2 sg.fx=2 sg.foliage=2 sg.shading=2 sg.landscape=2 preset=High screenPct=100.0 screenPctMode=0 aa=TSR aaMethod=4 exposure=fixed-histogram expMin=2.46229 expMax=2.46229 expBias=0.000 ev100=1.30 lightUnits=candelas sky=1 skyIntensity=11.200 keyShadow=csm-3000uu-2c-contact0.000 shadowCasters=1 profile=cobble-probe profilesSha256=91ea86be522212fc770a33e3c9ac66f1cfde90c720c609bdc6bd29589965eaa5 profilesSource=pak legacyRender=0 gameLayer=unlit-eyeadaptinv tMaxFPS=30.0 vsync=0 frameRateLimit=60.0 substrate=0 nanite=1 meshDF=1 viewport=1920x1080 reference=1
2026.09.29-05.20.06 SHOT fighter f-0-hero pos=(2,2) world=(0,-50,0) screen=(960,476) projected=1 alive=1
2026.09.29-05.20.06 SHOT fighter f-0-sk0 pos=(3,2) world=(100,-50,0) screen=(1115,476) projected=1 alive=1
2026.09.29-05.20.06 SHOT fighter f-0-sk1 pos=(2,1) world=(0,-150,0) screen=(960,355) projected=1 alive=1
2026.09.29-05.20.06 SHOT fighter f-0-sk2 pos=(1,2) world=(-100,-50,0) screen=(805,476) projected=1 alive=1
2026.09.29-05.20.06 SHOT fighter f-1-hero pos=(2,3) world=(0,50,0) screen=(960,606) projected=1 alive=1
2026.09.29-05.20.06 SHOT fighter f-1-sk0 pos=(3,3) world=(100,50,0) screen=(1120,606) projected=1 alive=1
2026.09.29-05.20.06 SHOT camera dist=1930.8 target=1930.8 overview=1930.8 errPct=0.000 focusErr=0.00 settled=1 zoom=1.00
2026.09.29-05.20.06 SHOT head fighter=f-0-hero socket=Head mesh=SK_Medusa_FaceNeck_v2Candidate world=(0.0,-46.0,38.5) screen=(960.0,445.5) top=(960.0,439.8) bottom=(960.0,451.2) headPx=11.4 projected=1
2026.09.29-05.20.06 SHOT label fighter=f-0-hero mode=full bbox=(916,381,1004,414)
2026.09.29-05.20.06 SHOT label fighter=f-0-sk0 mode=full bbox=(1072,399,1169,428)
2026.09.29-05.20.06 SHOT label fighter=f-0-sk1 mode=full bbox=(914,276,1006,305)
2026.09.29-05.20.06 SHOT label fighter=f-0-sk2 mode=full bbox=(751,399,848,428)
2026.09.29-05.20.06 SHOT label fighter=f-1-hero mode=full bbox=(913,517,1007,545)
2026.09.29-05.20.06 SHOT label fighter=f-1-sk0 mode=full bbox=(1088,529,1162,558)
2026.09.29-05.20.06 SHOT requested: FScreenshotRequest(bShowUI) -> C:\Users\ren\AppData\Local\Temp\s08-phase2-20260929-101906-50884\phase2-board-joiner-1920x1080.png
2026.09.29-05.20.06 PERF window t=25.1-30.3 frames=147 fps=28.66 frameMs avg=34.89 p50=33.37 p95=33.69 p99=34.08 max=250.76 hitches50=1 gpuMs avg=1.85 p50=1.83 p95=2.00 gameMs avg=1.66 p95=2.00 renderMs avg=5.82 p95=6.15
2026.09.29-05.20.06 game -> room=cmum88ibv00rxwilkggd885uu code=<redacted> status=IN_PROGRESS
2026.09.29-05.20.09 game -> room=cmum88ibv00rxwilkggd885uu code=<redacted> status=IN_PROGRESS
2026.09.29-05.20.11 PERF window t=30.3-35.3 frames=150 fps=29.80 frameMs avg=33.55 p50=33.42 p95=34.18 p99=34.85 max=37.93 hitches50=0 gpuMs avg=1.82 p50=1.82 p95=1.91 gameMs avg=3.41 p95=2.63 renderMs avg=6.03 p95=6.34
2026.09.29-05.20.12 game -> room=cmum88ibv00rxwilkggd885uu code=<redacted> status=IN_PROGRESS
2026.09.29-05.20.15 game -> room=cmum88ibv00rxwilkggd885uu code=<redacted> status=IN_PROGRESS
2026.09.29-05.20.16 PERF window t=35.3-40.3 frames=149 fps=29.79 frameMs avg=33.57 p50=33.35 p95=34.17 p99=38.11 max=44.51 hitches50=0 gpuMs avg=1.81 p50=1.81 p95=1.87 gameMs avg=1.91 p95=2.65 renderMs avg=5.18 p95=6.14
2026.09.29-05.20.19 game -> room=cmum88ibv00rxwilkggd885uu code=<redacted> status=IN_PROGRESS
2026.09.29-05.20.21 PERF window t=40.3-45.3 frames=138 fps=26.13 frameMs avg=38.27 p50=33.37 p95=34.26 p99=46.84 max=673.21 hitches50=1 gpuMs avg=1.86 p50=1.84 p95=2.01 gameMs avg=2.06 p95=2.49 renderMs avg=5.46 p95=6.47
2026.09.29-05.20.22 game -> room=cmum88ibv00rxwilkggd885uu code=<redacted> status=IN_PROGRESS
2026.09.29-05.20.25 game -> room=cmum88ibv00rxwilkggd885uu code=<redacted> status=IN_PROGRESS
2026.09.29-05.20.26 PERF window t=45.3-50.3 frames=150 fps=29.84 frameMs avg=33.51 p50=33.36 p95=34.10 p99=35.45 max=37.48 hitches50=0 gpuMs avg=1.85 p50=1.82 p95=1.99 gameMs avg=1.60 p95=2.43 renderMs avg=5.11 p95=6.11
2026.09.29-05.20.28 game -> room=cmum88ibv00rxwilkggd885uu code=<redacted> status=IN_PROGRESS
2026.09.29-05.20.31 game -> room=cmum88ibv00rxwilkggd885uu code=<redacted> status=IN_PROGRESS
2026.09.29-05.20.31 PERF window t=50.3-55.3 frames=149 fps=29.77 frameMs avg=33.59 p50=33.35 p95=34.11 p99=35.75 max=48.35 hitches50=0 gpuMs avg=1.86 p50=1.85 p95=1.98 gameMs avg=1.80 p95=2.73 renderMs avg=5.24 p95=6.14
2026.09.29-05.20.34 game -> room=cmum88ibv00rxwilkggd885uu code=<redacted> status=IN_PROGRESS
2026.09.29-05.20.37 PERF window t=55.3-60.4 frames=150 fps=29.84 frameMs avg=33.52 p50=33.41 p95=34.05 p99=34.37 max=37.25 hitches50=0 gpuMs avg=1.81 p50=1.80 p95=1.94 gameMs avg=1.78 p95=2.35 renderMs avg=5.96 p95=6.26
2026.09.29-05.20.37 game -> room=cmum88ibv00rxwilkggd885uu code=<redacted> status=IN_PROGRESS
2026.09.29-05.20.40 game -> room=cmum88ibv00rxwilkggd885uu code=<redacted> status=IN_PROGRESS
2026.09.29-05.20.42 PERF window t=60.4-65.4 frames=149 fps=29.80 frameMs avg=33.56 p50=33.42 p95=34.28 p99=35.96 max=36.21 hitches50=0 gpuMs avg=2.24 p50=2.07 p95=2.51 gameMs avg=1.95 p95=2.60 renderMs avg=5.78 p95=6.30
2026.09.29-05.20.43 game -> room=cmum88ibv00rxwilkggd885uu code=<redacted> status=IN_PROGRESS
2026.09.29-05.20.46 game -> room=cmum88ibv00rxwilkggd885uu code=<redacted> status=IN_PROGRESS
2026.09.29-05.20.46 PERF summary scope=afterWarmup warmup=5 elapsed=70.0 frames=1919 fps=29.38 frameMs avg=34.03 p50=33.37 p95=34.06 p99=35.45 max=673.21 hitches50=4 gpuMs avg=1.83 p50=1.81 p95=2.31 gameMs avg=2.08 p95=2.68 renderMs avg=5.56 p95=6.25
2026.09.29-05.20.46 PERF summary scope=started elapsed=70.0 frames=1612 fps=29.30 frameMs avg=34.13 p50=33.38 p95=34.10 p99=35.44 max=673.21 hitches50=4 gpuMs avg=1.94 p50=1.83 p95=2.36 gameMs avg=2.08 p95=2.59 renderMs avg=5.77 p95=6.28
2026.09.29-05.20.46 PERF summary scope=artHud impl=umg elapsed=70.0 frames=0 fps=0.00 frameMs avg=0.00 p50=0.00 p95=0.00 p99=0.00 max=0.00 hitches50=0 gpuMs avg=0.00 p50=0.00 p95=0.00 gameMs avg=0.00 p95=0.00 renderMs avg=0.00 p95=0.00
2026.09.29-05.20.46 --- S08 trace close ---
