2026.10.01-18.46.42 --- S08 trace open 2026.10.01-18.46.42 ---
2026.10.01-18.46.42 HUD team chips ready=1 mode=absolute tagNames=rule
2026.10.01-18.46.42 HUD icon texture size=32 ready=1 path=/Game/ArtTests/ARTMarkers/Textures/T_UI_Action_AttackToken_32 texture=32x32 probe=0 plate=1
2026.10.01-18.46.42 HUD art widget tag impl=umg source=/Game/S08/UI/ArtHud/WBP_S08ArtTag class=/Game/S08/UI/ArtHud/WBP_S08ArtTag.WBP_S08ArtTag_C count=8 missing=- codeDefaultTree=0
2026.10.01-18.46.42 HUD art widget plate impl=umg source=/Game/S08/UI/ArtHud/WBP_S08ArtPlate class=/Game/S08/UI/ArtHud/WBP_S08ArtPlate.WBP_S08ArtPlate_C parts=1 missing=- codeDefaultTree=0
2026.10.01-18.46.42 HUD art widget icon impl=umg source=/Game/S08/UI/ArtHud/WBP_S08ArtIcon class=/Game/S08/UI/ArtHud/WBP_S08ArtIcon.WBP_S08ArtIcon_C parts=1 missing=- codeDefaultTree=0
2026.10.01-18.46.42 HUD art widget damage impl=umg source=/Game/S08/UI/ArtHud/WBP_S08ArtDamage class=/Game/S08/UI/ArtHud/WBP_S08ArtDamage.WBP_S08ArtDamage_C parts=1 missing=- codeDefaultTree=0
2026.10.01-18.46.42 RENDER preset applied=High flag=S08RenderPreset
2026.10.01-18.46.42 BENCH start (W4-A backend-less render bench)
2026.10.01-18.46.42 ARTPREVIEW diorama requested mesh=/Game/PipelineCandidates/TableBase/20260928-table-base-tripo-h31/Meshes/SM_TableBase.SM_TableBase mi=MI_TableBase_Candidate
2026.10.01-18.46.42 ARTPREVIEW envlayout enabled dir=Config/ArtBoards/EnvLayouts source=pak files=2 names=marmoreal.layout.json+sarpedon.layout.json overlays=marmoreal.concept.layout.json+marmoreal.user.layout.json+sarpedon.concept.layout.json+sarpedon.user.layout.json
2026.10.01-18.46.42 ARTPREVIEW board profiles loaded=1 revision=15 boards=5 zoneStyles=11 lightProfiles=5 errors=0 path=Config/ArtBoards/S08ArtBoardProfiles.json
2026.10.01-18.46.42 ARTPREVIEW board profiles source=pak sha256=6dc72c345fec3e24e051ef2b2aa6d087dcf31c1adb568ab4c99dbc3b27855b20
2026.10.01-18.46.42 ARTPREVIEW zone content instances=12/12 glyphMeshes=11/11
2026.10.01-18.46.42 ARTPREVIEW zone keyline content mi=MI_ART005_Zone_Keyline glyphKeyMeshes=11/11 color=#111317
2026.10.01-18.46.42 ARTPREVIEW game layer material=M_S08_GameLayerUnlit unlitEyeAdaptInv=1 legacyRender=0
2026.10.01-18.46.42 ARTPREVIEW Cobble assets ready
2026.10.01-18.46.42 ARTPREVIEW board assets ready cobbleMesh=1 tiles=1 zoneMaterials=2
2026.10.01-18.46.42 ARTPREVIEW medusa candidate variant=face-neck-v2 mesh=SK_Medusa_FaceNeck_v2Candidate requested=(default)
2026.10.01-18.46.42 ARTPREVIEW map-image assets map=Sarpedon mi=MI_Sarpedon_MapBoard material=M_MapBoard bc=T_Sarpedon_Map_BC_4K mask=T_Sarpedon_Map_GameMask_4K boundBc=1 boundMask=1 sdf=1 id=1
2026.10.01-18.46.42 ARTPREVIEW board profile=sarpedon-original match=boardId board=9x6 boardId=c7fa64a26c29a0835f2383e63 surface=map-image light=sarpedon-night artFixture=0 map=Sarpedon
2026.10.01-18.46.42 ARTPREVIEW light profile=sarpedon-night name=key role=key kind=directional at=(-350,-150,600) intensity=3.5 units=lux radius=0 color=(0.60,0.71,0.97) shadow=1
2026.10.01-18.46.42 ARTPREVIEW light profile=sarpedon-night name=moon-pool role=cool kind=point at=(0,0,750) intensity=260 units=candelas radius=1250 color=(0.82,0.88,1.00) shadow=0
2026.10.01-18.46.42 ARTPREVIEW sky profile=sarpedon-night cubemap=/Game/S08/Render/TC_S08_AmbientDome loaded=1 spawned=1 intensity=3 color=(0.58,0.70,1.00) lowerBlack=0
2026.10.01-18.46.42 ARTPREVIEW fog profile=sarpedon-night spawned=1 color=(0.2000,0.2550,0.4600) density=0.32 falloff=0.2 heightZ=-400 start=2900 end=6000 maxOpacity=1.00 volumetric=0
2026.10.01-18.46.42 ARTPREVIEW exposure profile=sarpedon-night method=histogram-fixed min=4.14106 max=4.14106 bias=0.000 ev100=2.05 volume=1
2026.10.01-18.46.42 ARTPREVIEW lights applied profile=sarpedon-night directional=1 shadow=1 points=1 pointShadows=0 budgetOk=1
2026.10.01-18.46.42 ARTPREVIEW render profile=sarpedon-night units=candelas sky=1 exposure=1 keyShadow=csm-3600uu-2c-contact0.000 shadowCasters=1 legacyRender=0
2026.10.01-18.46.42 ARTPREVIEW map grade profile=sarpedon-night source=profile nightEV=-0.35 nightSaturation=0.75 lift=1.70 nightTint=(0.9700,1.0000,1.0500) maskSaturation=1.07 liftSaturation=1.10 maskInverseTint=(1.0500,0.9960,0.8910) graph=v2 maskTerms=1
2026.10.01-18.46.42 ARTPREVIEW map frame wood=frame-wood material=M_MapFrameWood valueScaleSrgb=0.70 valueScaleLinear=0.4563 saturation=0.75
2026.10.01-18.46.42 ARTPREVIEW map frame kit=frame-002 parts=20 corner=4 a=4 b=8 mid=4 segments=5x3 stretch=1.000000x1.000000 exactFit=1 woodSlots=20/20 ironSlots=8 wood=MID_M_MapFrameWood_0 iron=MI_MapFrame002_Iron ironProudUU=2.0 replaces=bars+corners
2026.10.01-18.46.42 ARTPREVIEW board active profile=sarpedon-original 9x6 surface=map-image map=Sarpedon spaces=38 links=61 starts=4 zoneKeys=6 multizone=4 triple=2 obstacles=16 size=891.3x577.3 src=1337x866 uuPerPx=0.6666667 frameUU=24 surfaceParts=0 corners=0 zoneMarks=0 lattice=0 pick=445.7x288.7 mi=MI_Sarpedon_MapBoard wood=1 expectOk=1
2026.10.01-18.46.42 ARTPREVIEW board map zone key=blue spaces=6 (painted, no zone marks)
2026.10.01-18.46.42 ARTPREVIEW board map zone key=brown spaces=5 (painted, no zone marks)
2026.10.01-18.46.42 ARTPREVIEW board map zone key=green spaces=8 (painted, no zone marks)
2026.10.01-18.46.42 ARTPREVIEW board map zone key=purple spaces=11 (painted, no zone marks)
2026.10.01-18.46.42 ARTPREVIEW board map zone key=red spaces=6 (painted, no zone marks)
2026.10.01-18.46.42 ARTPREVIEW board map zone key=yellow spaces=8 (painted, no zone marks)
2026.10.01-18.46.42 ARTPREVIEW envlayout variant=concept map=sarpedon status=ok file=sarpedon.concept.layout.json sha256=8a43f7bf1203e5e73d3b5b5b8212a02e66147ab79205cc415bbfcfd3e14fc804 propsRemoved=54 propsReplaced=0 propsAdded=10 fxRemoved=1 fxRemovedWithAnchor=5 fxReplaced=2 fxAdded=8 errors=0
2026.10.01-18.46.42 ARTPREVIEW envlayout prop id=lantern-bay mesh=SM_EnvCP_LanternHead loc=(-130.3,-396.0,176.4) yaw=90.0 scale=1.919 shadow=0 size=35.7x29.6x73.1 bounds=(-148.1,-410.8,176.4)..(-112.4,-381.2,249.5) overMap=0 onTray=1
2026.10.01-18.46.42 ARTPREVIEW envlayout prop id=lantern-left mesh=SM_EnvCP_LanternHead loc=(-566.5,-44.4,134.5) yaw=90.0 scale=1.877 shadow=0 size=34.9x29.0x71.5 bounds=(-583.9,-58.9,134.5)..(-549.0,-29.9,206.0) overMap=0 onTray=1
2026.10.01-18.46.42 ARTPREVIEW envlayout prop id=lantern-stern mesh=SM_EnvCP_LanternHead loc=(417.6,-425.7,125.7) yaw=90.0 scale=1.801 shadow=0 size=33.5x27.8x68.6 bounds=(400.8,-439.6,125.7)..(434.3,-411.8,194.3) overMap=0 onTray=1
2026.10.01-18.46.42 ARTPREVIEW envlayout prop id=lantern-rail mesh=SM_EnvCP_LanternHead loc=(736.3,-219.7,117.0) yaw=90.0 scale=2.254 shadow=0 size=41.9x34.8x85.9 bounds=(715.4,-237.1,117.0)..(757.3,-202.3,202.9) overMap=0 onTray=1
2026.10.01-18.46.42 ARTPREVIEW envlayout prop id=lantern-deck-n mesh=SM_EnvCP_LanternHead loc=(521.9,-155.8,63.3) yaw=90.0 scale=1.814 shadow=0 size=33.7x28.0x69.1 bounds=(505.0,-169.8,63.3)..(538.7,-141.8,132.4) overMap=0 onTray=1
2026.10.01-18.46.42 ARTPREVIEW envlayout prop id=lantern-deck-se mesh=SM_EnvCP_LanternHead loc=(622.2,230.2,80.0) yaw=90.0 scale=2.275 shadow=0 size=42.3x35.1x86.7 bounds=(601.1,212.6,80.0)..(643.4,247.7,166.7) overMap=0 onTray=1
2026.10.01-18.46.42 ARTPREVIEW envlayout prop id=cannon-1 mesh=SM_Env_Cannon loc=(587.6,-333.2,-35.6) yaw=158.0 scale=2.562 shadow=0 size=137.2x118.3x68.8 bounds=(519.0,-392.4,-35.6)..(656.2,-274.0,33.2) overMap=0 onTray=1
2026.10.01-18.46.42 ARTPREVIEW envlayout prop id=cannon-2 mesh=SM_Env_Cannon loc=(643.2,-214.1,-34.3) yaw=158.0 scale=2.502 shadow=0 size=134.0x115.5x67.2 bounds=(576.2,-271.9,-34.3)..(710.2,-156.3,32.9) overMap=0 onTray=1
2026.10.01-18.46.42 ARTPREVIEW envlayout prop id=cannon-3 mesh=SM_Env_Cannon loc=(721.5,-34.7,-38.1) yaw=158.0 scale=2.679 shadow=0 size=143.5x123.7x71.9 bounds=(649.7,-96.6,-38.1)..(793.3,27.2,33.8) overMap=0 onTray=1
2026.10.01-18.46.42 ARTPREVIEW envlayout prop id=banner-ship mesh=SM_EnvCP_BannerCloth loc=(831.2,-133.3,-164.7) yaw=133.2 scale=1.956 shadow=0 size=98.1x94.1x214.7 bounds=(782.2,-180.4,-164.7)..(880.2,-86.2,50.0) overMap=0 onTray=0
2026.10.01-18.46.42 ARTPREVIEW envlayout light id=campfire-nw kind=point at=(-548.0,-352.0,60.0) intensity=65 units=candelas radius=460 color=#FF8A3D shadow=0
2026.10.01-18.46.42 ARTPREVIEW envlayout light id=campfire-w kind=point at=(-560.0,85.0,60.0) intensity=55 units=candelas radius=420 color=#FF9A4A shadow=0
2026.10.01-18.46.42 ARTPREVIEW envlayout light id=ship-lantern-n kind=point at=(598.0,-225.0,150.0) intensity=95 units=candelas radius=420 color=#FFA552 shadow=0
2026.10.01-18.46.42 ARTPREVIEW envlayout light id=ship-lantern-s kind=point at=(592.0,0.0,145.0) intensity=90 units=candelas radius=400 color=#FFA552 shadow=0
2026.10.01-18.46.42 ARTPREVIEW envlayout light id=ship-lantern-stern kind=point at=(585.0,225.0,140.0) intensity=75 units=candelas radius=380 color=#FFA552 shadow=0
2026.10.01-18.46.42 ARTPREVIEW envlayout ground map=sarpedon mode=runtime strips=4 material=MI_EnvGround_Sarpedon z=-1.0 outer=(-780.0,-515.0)..(780.0,425.0) hole=(-467.7,-310.7)..(467.7,310.7) splatRect=(-820.0,-560.0)..(820.0,470.0) splatCovers=1 areaUU2=885246 falls=1/1 fallCards=1 status=ok fallMeshes=1 fallMeshParts=3 sea=ok
2026.10.01-18.46.42 ARTPREVIEW envlayout fx id=fireflies-forest-n system=NS_Env_Fireflies anchor=- at=(-707.6,-118.9,150.0) yaw=0.0 scale=1.000 seed=1725416364 warmup=3.50s ticks=105 mode=live particles=14 emitters=1 gpuEmitters=0 deterministic=1 nearBand=0 user=-
2026.10.01-18.46.42 ARTPREVIEW envlayout fx id=fireflies-forest-s system=NS_Env_Fireflies anchor=- at=(-695.2,125.2,150.0) yaw=0.0 scale=1.000 seed=97628021 warmup=3.50s ticks=105 mode=live particles=13 emitters=1 gpuEmitters=0 deterministic=1 nearBand=0 user=-
2026.10.01-18.46.43 ARTPREVIEW envlayout fx id=flame-lantern-bay system=NS_Env_LanternFlame anchor=lantern-bay at=(-129.7,-397.7,196.6) yaw=90.0 scale=1.919 seed=2080362060 warmup=1.50s ticks=45 mode=live particles=46 emitters=3 gpuEmitters=0 deterministic=1 nearBand=0 user=-
2026.10.01-18.46.43 ARTPREVIEW envlayout fx id=flame-lantern-left system=NS_Env_LanternFlame anchor=lantern-left at=(-565.9,-46.1,154.3) yaw=90.0 scale=1.877 seed=1350007212 warmup=1.50s ticks=45 mode=live particles=44 emitters=3 gpuEmitters=0 deterministic=1 nearBand=0 user=-
2026.10.01-18.46.43 ARTPREVIEW envlayout fx id=flame-lantern-stern system=NS_Env_LanternFlame anchor=lantern-stern at=(418.1,-427.3,144.7) yaw=90.0 scale=1.801 seed=2041647646 warmup=1.50s ticks=45 mode=live particles=48 emitters=3 gpuEmitters=0 deterministic=1 nearBand=0 user=-
2026.10.01-18.46.43 ARTPREVIEW envlayout fx id=flame-lantern-rail system=NS_Env_LanternFlame anchor=lantern-rail at=(737.0,-221.7,140.8) yaw=90.0 scale=2.254 seed=1934390597 warmup=1.50s ticks=45 mode=live particles=43 emitters=3 gpuEmitters=0 deterministic=1 nearBand=0 user=-
2026.10.01-18.46.43 ARTPREVIEW envlayout fx id=flame-lantern-deck-n system=NS_Env_LanternFlame anchor=lantern-deck-n at=(522.4,-157.4,82.4) yaw=90.0 scale=1.814 seed=744847447 warmup=1.50s ticks=45 mode=live particles=47 emitters=3 gpuEmitters=0 deterministic=1 nearBand=0 user=-
2026.10.01-18.46.43 ARTPREVIEW envlayout fx id=flame-lantern-deck-se system=NS_Env_LanternFlame anchor=lantern-deck-se at=(622.9,228.1,104.0) yaw=90.0 scale=2.275 seed=1704310633 warmup=1.50s ticks=45 mode=live particles=48 emitters=3 gpuEmitters=0 deterministic=1 nearBand=0 user=-
2026.10.01-18.46.43 ARTPREVIEW envlayout fx id=fire-fort system=NS_Env_ConceptFire anchor=- at=(-492.3,-427.3,-1.0) yaw=0.0 scale=1.400 seed=200042973 warmup=1.50s ticks=45 mode=live particles=74 emitters=3 gpuEmitters=0 deterministic=1 nearBand=0 user=-
2026.10.01-18.46.43 ARTPREVIEW envlayout fx id=fire-brazier system=NS_Env_ConceptFire anchor=- at=(-555.1,194.3,106.1) yaw=0.0 scale=0.850 seed=177000877 warmup=1.50s ticks=45 mode=live particles=73 emitters=3 gpuEmitters=0 deterministic=1 nearBand=0 user=-
2026.10.01-18.46.43 ARTPREVIEW envlayout fx map=sarpedon fx=10 layoutFx=10 missingSystems=0 skippedMissing=0 skippedDisabled=0 skippedAnchor=0 skippedInsideMap=0 skippedLightRenderer=0 nearBand=0 gpuEmitters=0 nonDeterministic=0 particles=450 userSet=0 userMissing=0 mode=live
2026.10.01-18.46.43 ARTPREVIEW envlayout map=sarpedon props=10 lights=5 missingMeshes=0 layoutProps=10 layoutLights=5 skippedMissing=0 skippedInsideMap=0 intrusions=0 outsideTray=1 outsideKit=0 shadowCasters=0 profilePoints=1 combinedPoints=6 combinedBudgetOk=1 tray=layout trayApronMismatch=0 profile=sarpedon-original boardId=c7fa64a26c29a0835f2383e63 file=Config/ArtBoards/EnvLayouts/sarpedon.layout.json sha256=89a3cfb965c134557d7a5e2733bd89562321ddf1c61d428dc8952d7fc4006c78 source=pak status=ok
2026.10.01-18.46.43 ARTPREVIEW concept-paste mode=on profile=sarpedon-original map=sarpedon reason=default default=on flag=- cmdVariant=- envVariant=concept:ok overlay=sarpedon.concept.layout.json overlaySha256=8a43f7bf1203e5e73d3b5b5b8212a02e66147ab79205cc415bbfcfd3e14fc804 spec=tools/art/concept_paste/sarpedon.paste.json manifest=tools/art/concept_paste/manifest.sarpedon.json hide=tray+ground+sea+waterfalls+backdrop+fog+baseProps+baseFx+layoutLights
2026.10.01-18.46.43 ARTPREVIEW concept-paste sheet profile=sarpedon-original mesh=SM_Sarpedon_ConceptSheet triangles=10564 bounds=(-1278.5,-1021.5,-300.0)..(1242.2,585.5,820.3) slots=1 plateA=T_Sarpedon_ConceptPlateA plateB=T_Sarpedon_ConceptPlateB mask=- cut=(467.67,310.67) minZ=-60.0 outside=clip
2026.10.01-18.46.43 ARTPREVIEW concept-paste sea profile=sarpedon-original plate=T_Sarpedon_ConceptSea z=-300 centre=(0,-45) radius=1900 skyTopZ=600 skySegments=48
2026.10.01-18.46.43 ARTPREVIEW concept-paste light id=fire-fort kind=point at=(-492.3,-427.3,54.0) intensity=65 units=candelas radius=460 color=#FF8A3D shadow=0 flicker=0.18@6.0Hz
2026.10.01-18.46.43 ARTPREVIEW concept-paste light id=fire-brazier kind=point at=(-555.1,194.3,141.1) intensity=45 units=candelas radius=420 color=#FF9A4A shadow=0 flicker=0.18@6.5Hz
2026.10.01-18.46.43 ARTPREVIEW concept-paste light id=lantern-left kind=point at=(-565.9,-46.1,154.3) intensity=30 units=candelas radius=300 color=#FFA552 shadow=0 flicker=0.08@4.0Hz
2026.10.01-18.46.43 ARTPREVIEW concept-paste light id=lantern-deck-n kind=point at=(522.4,-157.4,82.4) intensity=95 units=candelas radius=420 color=#FFA552 shadow=0 flicker=0.08@4.5Hz
2026.10.01-18.46.43 ARTPREVIEW concept-paste light id=lantern-deck-se kind=point at=(622.9,228.1,104.0) intensity=90 units=candelas radius=400 color=#FFA552 shadow=0 flicker=0.08@5.0Hz
2026.10.01-18.46.43 ARTPREVIEW concept-paste blob id=cannon-1 at=(587.6,-333.2,-3.0) diameterUU=70 strength=0.35 softness=0.60
2026.10.01-18.46.43 ARTPREVIEW concept-paste blob id=cannon-2 at=(643.2,-214.1,-3.0) diameterUU=70 strength=0.35 softness=0.60
2026.10.01-18.46.43 ARTPREVIEW concept-paste blob id=cannon-3 at=(721.5,-34.7,-3.0) diameterUU=70 strength=0.35 softness=0.60
2026.10.01-18.46.43 ARTPREVIEW concept-paste status=ok profile=sarpedon-original sheet=1 sea=49 lights=5 blobs=3 flows=2 seaFlow=1 flowFrozen=0 water=1 grade=aces-inverse gainLinear=0.9638 emissiveScale=1.0000(block) devignette=0.400 fit=(3.0302,2.8923,3.1758)^(1.0578,1.0701,1.0398) calib=0 camera=(-0.0,1557.0,2223.7) pitch=-55 yaw=-90 hfov=35 size=1920x1080 homography=identity rectA=(0.0,0.0,1920.0,1080.0) rectB=(-384.0,-216.0,2688.0,1512.0) cut=(467.67,310.67) lit=0 lumenGI=0 shadow=0
2026.10.01-18.46.43 ARTPREVIEW concept-paste hide profile=sarpedon-original props=0 fx=0 layoutLights=5 ground=4 sea=1 waterfalls=4 fog=1 backdrop=0 overlayProps=10 overlayFx=10
2026.10.01-18.46.43 ARTPREVIEW concept-paste budget profile=sarpedon-original profilePoints=1 conceptLights=5 layoutLightsVisible=0 combinedPoints=6 combinedBudgetOk=1
2026.10.01-18.46.43 ARTPREVIEW concept-paste anim profile=sarpedon-original mode=live flickers=5 sways=1 missingProps=0
2026.10.01-18.46.43 ARTPREVIEW envlayout tray map=sarpedon source=layout outerHalf=780.0x470.0 offsetY=-45.0 frameHalf=469.7x312.7 mesh=T2 t2Top=780.0x470.0 mismatchUU=0.0
2026.10.01-18.46.43 ARTPREVIEW diorama tray-t2 loaded mesh=/Game/PipelineCandidates/TableBase/T2b/SM_TableBase_T2b mi=MI_TableBase_T2b_Sarpedon kind=T2b
2026.10.01-18.46.43 ARTPREVIEW diorama tray=/Game/PipelineCandidates/TableBase/T2b/SM_TableBase_T2b.SM_TableBase_T2b mi=MI_TableBase_T2b_Sarpedon surface=map-image yaw=0.0 scale=1.000x1.000x1.000 bounds=(-815.7,-546.3,-215.7)..(815.7,456.3,1.7) size=1631.4x1002.6x217.5 topZ=-3.0 boardHalf=469.7x312.7 rimUU=112.3 collision=none kind=T2b topHalf=780.0x470.0 layoutHalf=780.0x470.0 offset=(0.0,-45.0) source=layout mismatchUU=0.0 match=1 anisotropy=1.000 lipTopZ=1.7 lipBandUU=20.0
2026.10.01-18.46.43 ARTPREVIEW concept-paste tray hidden profile=sarpedon-original mesh=SM_TableBase_T2b (the painted island replaces it)
2026.10.01-18.46.43 CAMERA extents source=map-image half=445.7x288.7 dist=2340.2 fit=1872.2 k1Mul=1.250
2026.10.01-18.46.43 CAMERA dist=2340 loc=(0,1342,1917) pitch=-55 yaw=-90
2026.10.01-18.46.43 CAMERA config overview=2340.2 nearest=300.0 farthest=2880.2 zoomRange=0.81-7.80 fit=1872.2 k1Mul=1.250 minDist=300.0 outRatio=0.650 step=1.250 animMs=200 returnMs=300 followFrom=1.20 source=defaults issues=0
2026.10.01-18.46.43 BOARD 9x6 cells | control points: (0,0)=(-393,-219,0) (8,5)=(400,250,0) | neighbor pair (dist 140 uu)
2026.10.01-18.46.43 BOARD topology spaces=38 links=61 starts=3:S03,4:S14,1:S20,2:S32 frame=1337x866px uuPerPx=0.6667 radius=42.0uu (default)
2026.10.01-18.46.43 ARTPREVIEW team mapping mode=absolute source=fighter-prefix viewerTeam=- p1=f-0-hero,f-0-sk0,f-0-sk1,f-0-sk2 p2=f-1-hero,f-1-sk0
2026.10.01-18.46.43 ARTPREVIEW heroesV2 fighter=f-0-hero mesh=/Game/PipelineCandidates/Medusa/H2LD/Meshes/SK_Medusa_H2LD mi=/Game/PipelineCandidates/Medusa/H2LD/Materials/MI_Medusa_H2LD_P1 yaw=90.0 scale=0.9998 name=Medusa hero=1 look=P1 base=/Game/PipelineCandidates/Medusa/H2LD/Meshes/SM_Medusa_H2LD_Base baseMi=/Game/PipelineCandidates/Medusa/H2LD/Materials/MI_Medusa_H2LD_Base_P1 skeleton=/Game/PipelineCandidates/Medusa/Rig/SK_Medusa_Skeleton.SK_Medusa_Skeleton clips=4/4 boundsTop=55.00 figureTop=55.00 budget=55.0
2026.10.01-18.46.43 ARTPREVIEW click capsule fighter=f-0-hero mesh=SK_Medusa_H2LD physicsAsset=0 radius=11.6 halfHeight=27.5 top=55.0 bodyCollision=0 source=meshBounds
2026.10.01-18.46.43 ARTPREVIEW fighter=Medusa hero=1 eligible=0 visual=1 mesh=SK_Medusa_H2LD
2026.10.01-18.46.43 ARTPREVIEW team ring fighter=f-0-hero team=P1 look=P1 mode=absolute shape=circle shown=1 mesh=SM_Marker_TeamRing_P1 fill=#E8C06A keyline=#111317 fillLinear=(0.8070,0.5271,0.1441) zMin=0.60 zMax=1.20 scale=1.00 base=hidden blockout=0 art=1 rim=#FFFFFF
2026.10.01-18.46.43 ARTPREVIEW anim fighter=f-0-hero clip=Idle len=2.333 event=spawn loop=1 phase=0.8071 seq=-1 asset=AM_Medusa_Idle
2026.10.01-18.46.43 ARTPREVIEW readability contact shadow material=/Game/EnvMaps/M_MapContactShadow.M_MapContactShadow loaded=1
2026.10.01-18.46.43 ARTPREVIEW readability fighter=f-0-hero hero=1 contactShadow=1 diameterUU=52.0 strength=0.25 leaderPip=1 look=P1 ringScale=1.00
2026.10.01-18.46.43 ARTPREVIEW heroesV2 fighter=f-0-sk0 mesh=/Game/PipelineCandidates/Harpy/H3LD/Meshes/SK_Harpy_H3LD mi=/Game/PipelineCandidates/Harpy/H3LD/Materials/MI_Harpy_H3LD_P1 yaw=270.0 scale=1.0000 name=Harpies hero=0 look=P1 base=/Game/PipelineCandidates/Harpy/H3LD/Meshes/SM_Harpy_H3LD_Base baseMi=/Game/PipelineCandidates/Harpy/H3LD/Materials/MI_Harpy_H3LD_Base_P1 skeleton=/Game/PipelineCandidates/Harpy/Rig/SK_Harpy_Skeleton.SK_Harpy_Skeleton clips=4/4 boundsTop=42.00 figureTop=42.00 budget=42.0
2026.10.01-18.46.43 ARTPREVIEW click capsule fighter=f-0-sk0 mesh=SK_Harpy_H3LD physicsAsset=0 radius=20.0 halfHeight=21.0 top=42.0 bodyCollision=0 source=meshBounds
2026.10.01-18.46.43 ARTPREVIEW team ring fighter=f-0-sk0 team=P1 look=P1 mode=absolute shape=circle shown=1 mesh=SM_Marker_TeamRing_P1 fill=#E8C06A keyline=#111317 fillLinear=(0.8070,0.5271,0.1441) zMin=0.60 zMax=1.20 scale=0.78 base=hidden blockout=0 art=1 rim=#FFFFFF
2026.10.01-18.46.43 ARTPREVIEW anim fighter=f-0-sk0 clip=Idle len=2.000 event=spawn loop=1 phase=0.6635 seq=-1 asset=AM_Harpy_Idle
2026.10.01-18.46.43 ARTPREVIEW readability fighter=f-0-sk0 hero=0 contactShadow=1 diameterUU=40.6 strength=0.25 leaderPip=0 look=P1 ringScale=0.78
2026.10.01-18.46.43 ARTPREVIEW heroesV2 fighter=f-0-sk1 mesh=/Game/PipelineCandidates/Harpy/H3LD/Meshes/SK_Harpy_H3LD mi=/Game/PipelineCandidates/Harpy/H3LD/Materials/MI_Harpy_H3LD_P1 yaw=90.0 scale=1.0000 name=Harpies hero=0 look=P1 base=/Game/PipelineCandidates/Harpy/H3LD/Meshes/SM_Harpy_H3LD_Base baseMi=/Game/PipelineCandidates/Harpy/H3LD/Materials/MI_Harpy_H3LD_Base_P1 skeleton=/Game/PipelineCandidates/Harpy/Rig/SK_Harpy_Skeleton.SK_Harpy_Skeleton clips=4/4 boundsTop=42.00 figureTop=42.00 budget=42.0
2026.10.01-18.46.43 ARTPREVIEW click capsule fighter=f-0-sk1 mesh=SK_Harpy_H3LD physicsAsset=0 radius=20.0 halfHeight=21.0 top=42.0 bodyCollision=0 source=meshBounds
2026.10.01-18.46.43 ARTPREVIEW team ring fighter=f-0-sk1 team=P1 look=P1 mode=absolute shape=circle shown=1 mesh=SM_Marker_TeamRing_P1 fill=#E8C06A keyline=#111317 fillLinear=(0.8070,0.5271,0.1441) zMin=0.60 zMax=1.20 scale=0.78 base=hidden blockout=0 art=1 rim=#FFFFFF
2026.10.01-18.46.43 ARTPREVIEW anim fighter=f-0-sk1 clip=Idle len=2.000 event=spawn loop=1 phase=0.9016 seq=-1 asset=AM_Harpy_Idle
2026.10.01-18.46.43 ARTPREVIEW readability fighter=f-0-sk1 hero=0 contactShadow=1 diameterUU=40.6 strength=0.25 leaderPip=0 look=P1 ringScale=0.78
2026.10.01-18.46.43 ARTPREVIEW heroesV2 fighter=f-0-sk2 mesh=/Game/PipelineCandidates/Harpy/H3LD/Meshes/SK_Harpy_H3LD mi=/Game/PipelineCandidates/Harpy/H3LD/Materials/MI_Harpy_H3LD_P1 yaw=270.0 scale=1.0000 name=Harpies hero=0 look=P1 base=/Game/PipelineCandidates/Harpy/H3LD/Meshes/SM_Harpy_H3LD_Base baseMi=/Game/PipelineCandidates/Harpy/H3LD/Materials/MI_Harpy_H3LD_Base_P1 skeleton=/Game/PipelineCandidates/Harpy/Rig/SK_Harpy_Skeleton.SK_Harpy_Skeleton clips=4/4 boundsTop=42.00 figureTop=42.00 budget=42.0
2026.10.01-18.46.43 ARTPREVIEW click capsule fighter=f-0-sk2 mesh=SK_Harpy_H3LD physicsAsset=0 radius=20.0 halfHeight=21.0 top=42.0 bodyCollision=0 source=meshBounds
2026.10.01-18.46.43 ARTPREVIEW team ring fighter=f-0-sk2 team=P1 look=P1 mode=absolute shape=circle shown=1 mesh=SM_Marker_TeamRing_P1 fill=#E8C06A keyline=#111317 fillLinear=(0.8070,0.5271,0.1441) zMin=0.60 zMax=1.20 scale=0.78 base=hidden blockout=0 art=1 rim=#FFFFFF
2026.10.01-18.46.43 ARTPREVIEW anim fighter=f-0-sk2 clip=Idle len=2.000 event=spawn loop=1 phase=0.1873 seq=-1 asset=AM_Harpy_Idle
2026.10.01-18.46.43 ARTPREVIEW readability fighter=f-0-sk2 hero=0 contactShadow=1 diameterUU=40.6 strength=0.25 leaderPip=0 look=P1 ringScale=0.78
2026.10.01-18.46.43 ARTPREVIEW heroesV2 fighter=f-1-hero mesh=/Game/PipelineCandidates/KingArthur/H2LD/Meshes/SK_KingArthur_H2LD mi=/Game/PipelineCandidates/KingArthur/H2LD/Materials/MI_KingArthur_H2LD_P2 yaw=270.0 scale=1.0000 name=King Arthur hero=1 look=P2 base=/Game/PipelineCandidates/KingArthur/H2LD/Meshes/SM_KingArthur_H2LD_Base baseMi=/Game/PipelineCandidates/KingArthur/H2LD/Materials/MI_KingArthur_H2LD_Base_P2 skeleton=/Game/PipelineCandidates/KingArthur/Rig/SK_KingArthur_Skeleton.SK_KingArthur_Skeleton clips=4/4 boundsTop=60.06 figureTop=55.00 budget=55.0
2026.10.01-18.46.43 ARTPREVIEW click capsule fighter=f-1-hero mesh=SK_KingArthur_H2LD physicsAsset=0 radius=12.8 halfHeight=30.0 top=60.1 bodyCollision=0 source=meshBounds
2026.10.01-18.46.43 ARTPREVIEW team ring fighter=f-1-hero team=P2 look=P2 mode=absolute shape=hexagon shown=1 mesh=SM_Marker_TeamRing_P2 fill=#5A7F9F keyline=#111317 fillLinear=(0.1022,0.2122,0.3467) zMin=0.60 zMax=1.20 scale=1.00 base=hidden blockout=0 art=1 rim=#FFFFFF
2026.10.01-18.46.43 ARTPREVIEW anim fighter=f-1-hero clip=Idle len=2.500 event=spawn loop=1 phase=0.3470 seq=-1 asset=AM_KingArthur_Idle
2026.10.01-18.46.43 ARTPREVIEW readability fighter=f-1-hero hero=1 contactShadow=1 diameterUU=52.0 strength=0.25 leaderPip=1 look=P2 ringScale=1.00
2026.10.01-18.46.43 ARTPREVIEW heroesV2 fighter=f-1-sk0 mesh=/Game/PipelineCandidates/Merlin/H2LD/Meshes/SK_Merlin_H2LD mi=/Game/PipelineCandidates/Merlin/H2LD/Materials/MI_Merlin_H2LD_P2 yaw=270.0 scale=1.0003 name=Merlin hero=0 look=P2 base=/Game/PipelineCandidates/Merlin/H2LD/Meshes/SM_Merlin_H2LD_Base baseMi=/Game/PipelineCandidates/Merlin/H2LD/Materials/MI_Merlin_H2LD_Base_P2 skeleton=/Game/PipelineCandidates/Merlin/Rig/SK_Merlin_Skeleton.SK_Merlin_Skeleton clips=4/4 boundsTop=49.44 figureTop=45.00 budget=45.0
2026.10.01-18.46.43 ARTPREVIEW click capsule fighter=f-1-sk0 mesh=SK_Merlin_H2LD physicsAsset=0 radius=10.5 halfHeight=24.7 top=49.4 bodyCollision=0 source=meshBounds
2026.10.01-18.46.43 ARTPREVIEW team ring fighter=f-1-sk0 team=P2 look=P2 mode=absolute shape=hexagon shown=1 mesh=SM_Marker_TeamRing_P2 fill=#5A7F9F keyline=#111317 fillLinear=(0.1022,0.2122,0.3467) zMin=0.60 zMax=1.20 scale=0.78 base=hidden blockout=0 art=1 rim=#FFFFFF
2026.10.01-18.46.43 ARTPREVIEW anim fighter=f-1-sk0 clip=Idle len=3.000 event=spawn loop=1 phase=0.8028 seq=-1 asset=AM_Merlin_Idle
2026.10.01-18.46.43 ARTPREVIEW readability fighter=f-1-sk0 hero=0 contactShadow=1 diameterUU=40.6 strength=0.25 leaderPip=0 look=P2 ringScale=0.78
2026.10.01-18.46.43 ARTPREVIEW heroesV2 summary fighters=6 mapped=6 v2=6
2026.10.01-18.46.43 FIGHTERS synced n=6 alive=6 own=4 enemy=2
2026.10.01-18.46.43 BENCH scene fixture=S08BenchSarpedon.json board=9x6 fighters=6 viewer=cmukie55u0000wiao06h107t9 hero=f-0-hero art=1 profile=sarpedon-original views=K1+K1x1.0 warmup=60 settle=6 measure=5 fps=60 profileGpu=0 csv=0
2026.10.01-18.47.42 BENCH warmup done elapsed=60.1
2026.10.01-18.47.42 BENCH view=K1 overview target=2340.2 fit=1872.2
2026.10.01-18.47.42 BENCH view=K1 camera settled=1 dist=2340.2 target=2340.2 zoom=1.00
2026.10.01-18.47.53 BENCH measure view=K1 window=5.0 frames=300 fps=60.00 frameMs avg=16.67 p50=16.67 p95=16.67 p99=16.67 max=16.67 hitches50=0 gpuMs avg=4.21 p50=3.57 p95=8.26 gameMs avg=1.08 p95=1.18 renderMs avg=2.72 p95=2.96
2026.10.01-18.47.53 RENDER tag=BENCH rhi=D3D12 featureLevel=SM6 shaderPlatform=PCD3D_SM6 lumenPlatform=1 gi=lumen giMethod=1 refl=lumen reflMethod=1 shadows=csm vsmEnable=0 sg.res=100 sg.view=2 sg.aa=2 sg.shadow=2 sg.gi=2 sg.refl=2 sg.pp=2 sg.tex=2 sg.fx=2 sg.foliage=2 sg.shading=2 sg.landscape=2 preset=High screenPct=100.0 screenPctMode=0 aa=TSR aaMethod=4 exposure=fixed-histogram expMin=4.14106 expMax=4.14106 expBias=0.000 ev100=2.05 lightUnits=candelas sky=1 skyIntensity=3.000 keyShadow=csm-3600uu-2c-contact0.000 shadowCasters=1 profile=sarpedon-night profilesSha256=6dc72c345fec3e24e051ef2b2aa6d087dcf31c1adb568ab4c99dbc3b27855b20 profilesSource=pak legacyRender=0 gameLayer=unlit-eyeadaptinv tMaxFPS=60.0 vsync=0 frameRateLimit=60.0 substrate=0 nanite=1 meshDF=1 viewport=1920x1080 reference=1
2026.10.01-18.47.56 SHOT ctx viewport=1920x1080 viewTarget=CameraActor_0 cam=(0,1342,1917) rot=(-55,-90,-0)
2026.10.01-18.47.56 RENDER tag=SHOT rhi=D3D12 featureLevel=SM6 shaderPlatform=PCD3D_SM6 lumenPlatform=1 gi=lumen giMethod=1 refl=lumen reflMethod=1 shadows=csm vsmEnable=0 sg.res=100 sg.view=2 sg.aa=2 sg.shadow=2 sg.gi=2 sg.refl=2 sg.pp=2 sg.tex=2 sg.fx=2 sg.foliage=2 sg.shading=2 sg.landscape=2 preset=High screenPct=100.0 screenPctMode=0 aa=TSR aaMethod=4 exposure=fixed-histogram expMin=4.14106 expMax=4.14106 expBias=0.000 ev100=2.05 lightUnits=candelas sky=1 skyIntensity=3.000 keyShadow=csm-3600uu-2c-contact0.000 shadowCasters=1 profile=sarpedon-night profilesSha256=6dc72c345fec3e24e051ef2b2aa6d087dcf31c1adb568ab4c99dbc3b27855b20 profilesSource=pak legacyRender=0 gameLayer=unlit-eyeadaptinv tMaxFPS=60.0 vsync=0 frameRateLimit=60.0 substrate=0 nanite=1 meshDF=1 viewport=1920x1080 reference=1
2026.10.01-18.47.56 SHOT fighter f-0-hero pos=(2,2) world=(-218,-13,0) screen=(678,527) projected=1 alive=1
2026.10.01-18.47.56 SHOT fighter f-0-sk0 pos=(1,3) world=(-309,33,0) screen=(555,576) projected=1 alive=1
2026.10.01-18.47.56 SHOT fighter f-0-sk1 pos=(0,2) world=(-398,-3,0) screen=(442,537) projected=1 alive=1
2026.10.01-18.47.56 SHOT fighter f-0-sk2 pos=(0,3) world=(-394,92,0) screen=(435,640) projected=1 alive=1
2026.10.01-18.47.56 SHOT fighter f-1-hero pos=(5,4) world=(119,141,0) screen=(1120,695) projected=1 alive=1
2026.10.01-18.47.56 SHOT fighter f-1-sk0 pos=(6,3) world=(159,52,0) screen=(1169,596) projected=1 alive=1
2026.10.01-18.47.56 SHOT camera dist=2340.2 target=2340.2 overview=2340.2 errPct=0.000 focusErr=0.00 settled=1 zoom=1.00
2026.10.01-18.47.56 SHOT head fighter=f-0-hero socket=Head mesh=SK_Medusa_H2LD world=(-218.0,-11.4,47.1) screen=(672.5,492.1) top=(671.8,487.4) bottom=(673.1,496.7) headPx=9.4 projected=1
2026.10.01-18.47.56 SHOT head fighter=f-0-sk0 socket=Head mesh=SK_Harpy_H3LD world=(-308.3,28.1,34.1) screen=(551.2,544.6) top=(550.4,540.0) bottom=(552.1,549.1) headPx=9.3 projected=1
2026.10.01-18.47.56 SHOT head fighter=f-0-sk1 socket=Head mesh=SK_Harpy_H3LD world=(-398.8,2.6,34.0) screen=(434.6,517.1) top=(433.5,512.5) bottom=(435.7,521.7) headPx=9.4 projected=1
2026.10.01-18.47.56 SHOT head fighter=f-0-sk2 socket=Head mesh=SK_Harpy_H3LD world=(-394.4,86.6,34.0) screen=(429.2,609.2) top=(428.1,604.7) bottom=(430.4,613.7) headPx=9.3 projected=1
2026.10.01-18.47.56 SHOT head fighter=f-1-hero socket=Head mesh=SK_KingArthur_H2LD world=(118.9,141.0,50.1) screen=(1123.3,659.1) top=(1123.6,654.6) bottom=(1122.9,663.5) headPx=8.9 projected=1
2026.10.01-18.47.56 SHOT head fighter=f-1-sk0 socket=Head mesh=SK_Merlin_H2LD world=(159.0,48.4,36.4) screen=(1172.1,565.1) top=(1172.5,560.5) bottom=(1171.6,569.6) headPx=9.1 projected=1
2026.10.01-18.47.56 SHOT figure fighter=f-0-hero bbox=(632,454,716,557) ringR=28.50 art=1 blockout=0 team=P1 look=P1 ring=1
2026.10.01-18.47.56 SHOT figure fighter=f-0-sk0 bbox=(516,520,586,600) ringR=22.23 art=1 blockout=0 team=P1 look=P1 ring=1
2026.10.01-18.47.56 SHOT figure fighter=f-0-sk1 bbox=(402,482,474,561) ringR=22.23 art=1 blockout=0 team=P1 look=P1 ring=1
2026.10.01-18.47.56 SHOT figure fighter=f-0-sk2 bbox=(394,584,467,665) ringR=22.23 art=1 blockout=0 team=P1 look=P1 ring=1
2026.10.01-18.47.56 SHOT figure fighter=f-1-hero bbox=(1081,619,1165,728) ringR=28.50 art=1 blockout=0 team=P2 look=P2 ring=1
2026.10.01-18.47.56 SHOT figure fighter=f-1-sk0 bbox=(1139,534,1204,620) ringR=22.23 art=1 blockout=0 team=P2 look=P2 ring=1
2026.10.01-18.47.56 SHOT request file=bench-K1-1920x1080.png frame=4415
2026.10.01-18.47.56 SHOT requested: FScreenshotRequest(bShowUI) -> C:\tmp\envmaps-research\p7\tune\runs\f3-sarp-live/bench-K1-1920x1080.png
2026.10.01-18.47.57 SHOT captured file=bench-K1-1920x1080.png frame=4415 px=1920x1080 sha256=d2003a98035b14908e670bb2d11760b1013606d8d764900d34be481c078403d1 order=BGRA saved=1
2026.10.01-18.47.57 SHOT late begin file=bench-K1-1920x1080.png frame=4415 requestFrame=4415
2026.10.01-18.47.57 SHOT iconstate visible=0 lastFighter=none frame=4415
2026.10.01-18.47.57 SHOT panel id=hud.command bbox=(0,0,20,20) geom=painted visible=1 frame=4415
2026.10.01-18.47.57 SHOT panel id=hud.side bbox=(1884,0,1920,28) geom=painted visible=1 frame=4415
2026.10.01-18.47.57 SHOT panel id=hud.hand bbox=(950,1060,970,1080) geom=painted visible=1 frame=4415
2026.10.01-18.47.57 SHOT label fighter=f-0-hero mode=full bbox=(631,449,707,476) frame=4415
2026.10.01-18.47.57 SHOT label fighter=f-0-sk0 mode=full bbox=(503,514,587,537) frame=4415
2026.10.01-18.47.57 SHOT label fighter=f-0-sk1 mode=full bbox=(387,475,472,498) frame=4415
2026.10.01-18.47.57 SHOT label fighter=f-0-sk2 mode=full bbox=(379,580,465,602) frame=4415
2026.10.01-18.47.57 SHOT label fighter=f-1-hero mode=full bbox=(1085,625,1166,647) frame=4415
2026.10.01-18.47.57 SHOT label fighter=f-1-sk0 mode=full bbox=(1144,533,1205,557) frame=4415
2026.10.01-18.47.57 SHOT late end file=bench-K1-1920x1080.png frame=4415
2026.10.01-18.47.57 BENCH shot view=K1 saved=1 path=C:\tmp\envmaps-research\p7\tune\runs\f3-sarp-live/bench-K1-1920x1080.png
2026.10.01-18.47.57 BENCH view=K1x1.0 overview target=2340.2 fit=1872.2
2026.10.01-18.47.57 BENCH view=K1x1.0 camera settled=1 dist=2340.2 target=2340.2 zoom=1.00
2026.10.01-18.48.08 BENCH measure view=K1x1.0 window=5.0 frames=300 fps=60.00 frameMs avg=16.67 p50=16.67 p95=16.67 p99=16.67 max=16.67 hitches50=0 gpuMs avg=3.79 p50=3.28 p95=8.03 gameMs avg=1.17 p95=1.30 renderMs avg=2.79 p95=3.03
2026.10.01-18.48.08 RENDER tag=BENCH rhi=D3D12 featureLevel=SM6 shaderPlatform=PCD3D_SM6 lumenPlatform=1 gi=lumen giMethod=1 refl=lumen reflMethod=1 shadows=csm vsmEnable=0 sg.res=100 sg.view=2 sg.aa=2 sg.shadow=2 sg.gi=2 sg.refl=2 sg.pp=2 sg.tex=2 sg.fx=2 sg.foliage=2 sg.shading=2 sg.landscape=2 preset=High screenPct=100.0 screenPctMode=0 aa=TSR aaMethod=4 exposure=fixed-histogram expMin=4.14106 expMax=4.14106 expBias=0.000 ev100=2.05 lightUnits=candelas sky=1 skyIntensity=3.000 keyShadow=csm-3600uu-2c-contact0.000 shadowCasters=1 profile=sarpedon-night profilesSha256=6dc72c345fec3e24e051ef2b2aa6d087dcf31c1adb568ab4c99dbc3b27855b20 profilesSource=pak legacyRender=0 gameLayer=unlit-eyeadaptinv tMaxFPS=60.0 vsync=0 frameRateLimit=60.0 substrate=0 nanite=1 meshDF=1 viewport=1920x1080 reference=1
2026.10.01-18.48.11 SHOT ctx viewport=1920x1080 viewTarget=CameraActor_0 cam=(0,1342,1917) rot=(-55,-90,-0)
2026.10.01-18.48.11 RENDER tag=SHOT rhi=D3D12 featureLevel=SM6 shaderPlatform=PCD3D_SM6 lumenPlatform=1 gi=lumen giMethod=1 refl=lumen reflMethod=1 shadows=csm vsmEnable=0 sg.res=100 sg.view=2 sg.aa=2 sg.shadow=2 sg.gi=2 sg.refl=2 sg.pp=2 sg.tex=2 sg.fx=2 sg.foliage=2 sg.shading=2 sg.landscape=2 preset=High screenPct=100.0 screenPctMode=0 aa=TSR aaMethod=4 exposure=fixed-histogram expMin=4.14106 expMax=4.14106 expBias=0.000 ev100=2.05 lightUnits=candelas sky=1 skyIntensity=3.000 keyShadow=csm-3600uu-2c-contact0.000 shadowCasters=1 profile=sarpedon-night profilesSha256=6dc72c345fec3e24e051ef2b2aa6d087dcf31c1adb568ab4c99dbc3b27855b20 profilesSource=pak legacyRender=0 gameLayer=unlit-eyeadaptinv tMaxFPS=60.0 vsync=0 frameRateLimit=60.0 substrate=0 nanite=1 meshDF=1 viewport=1920x1080 reference=1
2026.10.01-18.48.11 SHOT fighter f-0-hero pos=(2,2) world=(-218,-13,0) screen=(678,527) projected=1 alive=1
2026.10.01-18.48.11 SHOT fighter f-0-sk0 pos=(1,3) world=(-309,33,0) screen=(555,576) projected=1 alive=1
2026.10.01-18.48.11 SHOT fighter f-0-sk1 pos=(0,2) world=(-398,-3,0) screen=(442,537) projected=1 alive=1
2026.10.01-18.48.11 SHOT fighter f-0-sk2 pos=(0,3) world=(-394,92,0) screen=(435,640) projected=1 alive=1
2026.10.01-18.48.11 SHOT fighter f-1-hero pos=(5,4) world=(119,141,0) screen=(1120,695) projected=1 alive=1
2026.10.01-18.48.11 SHOT fighter f-1-sk0 pos=(6,3) world=(159,52,0) screen=(1169,596) projected=1 alive=1
2026.10.01-18.48.11 SHOT camera dist=2340.2 target=2340.2 overview=2340.2 errPct=0.000 focusErr=0.00 settled=1 zoom=1.00
2026.10.01-18.48.11 SHOT head fighter=f-0-hero socket=Head mesh=SK_Medusa_H2LD world=(-218.4,-11.7,47.0) screen=(671.9,491.8) top=(671.3,487.1) bottom=(672.6,496.4) headPx=9.4 projected=1
2026.10.01-18.48.11 SHOT head fighter=f-0-sk0 socket=Head mesh=SK_Harpy_H3LD world=(-308.5,28.1,33.9) screen=(550.9,544.7) top=(550.1,540.1) bottom=(551.8,549.2) headPx=9.3 projected=1
2026.10.01-18.48.11 SHOT head fighter=f-0-sk1 socket=Head mesh=SK_Harpy_H3LD world=(-398.3,2.8,34.0) screen=(435.2,517.3) top=(434.1,512.7) bottom=(436.3,521.9) headPx=9.4 projected=1
2026.10.01-18.48.11 SHOT head fighter=f-0-sk2 socket=Head mesh=SK_Harpy_H3LD world=(-394.1,87.0,34.3) screen=(429.6,609.5) top=(428.4,605.0) bottom=(430.7,614.0) headPx=9.3 projected=1
2026.10.01-18.48.11 SHOT head fighter=f-1-hero socket=Head mesh=SK_KingArthur_H2LD world=(118.4,140.2,50.0) screen=(1122.5,658.2) top=(1122.8,653.8) bottom=(1122.1,662.7) headPx=9.0 projected=1
2026.10.01-18.48.11 SHOT head fighter=f-1-sk0 socket=Head mesh=SK_Merlin_H2LD world=(158.7,48.6,36.5) screen=(1171.7,565.2) top=(1172.2,560.7) bottom=(1171.2,569.8) headPx=9.1 projected=1
2026.10.01-18.48.11 SHOT figure fighter=f-0-hero bbox=(632,454,716,557) ringR=28.50 art=1 blockout=0 team=P1 look=P1 ring=1
2026.10.01-18.48.11 SHOT figure fighter=f-0-sk0 bbox=(516,520,586,600) ringR=22.23 art=1 blockout=0 team=P1 look=P1 ring=1
2026.10.01-18.48.11 SHOT figure fighter=f-0-sk1 bbox=(402,482,474,561) ringR=22.23 art=1 blockout=0 team=P1 look=P1 ring=1
2026.10.01-18.48.11 SHOT figure fighter=f-0-sk2 bbox=(394,584,467,665) ringR=22.23 art=1 blockout=0 team=P1 look=P1 ring=1
2026.10.01-18.48.11 SHOT figure fighter=f-1-hero bbox=(1081,619,1165,728) ringR=28.50 art=1 blockout=0 team=P2 look=P2 ring=1
2026.10.01-18.48.11 SHOT figure fighter=f-1-sk0 bbox=(1139,534,1204,620) ringR=22.23 art=1 blockout=0 team=P2 look=P2 ring=1
2026.10.01-18.48.11 SHOT request file=bench-K1x1p0-1920x1080.png frame=5258
2026.10.01-18.48.11 SHOT requested: FScreenshotRequest(bShowUI) -> C:\tmp\envmaps-research\p7\tune\runs\f3-sarp-live/bench-K1x1p0-1920x1080.png
2026.10.01-18.48.11 SHOT captured file=bench-K1x1p0-1920x1080.png frame=5258 px=1920x1080 sha256=d4df10d3ae034894e69ad3a8a59f37f999407dd7e5615733974ad7fd50754595 order=BGRA saved=1
2026.10.01-18.48.11 SHOT late begin file=bench-K1x1p0-1920x1080.png frame=5258 requestFrame=5258
2026.10.01-18.48.11 SHOT iconstate visible=0 lastFighter=none frame=5258
2026.10.01-18.48.11 SHOT panel id=hud.command bbox=(0,0,20,20) geom=painted visible=1 frame=5258
2026.10.01-18.48.11 SHOT panel id=hud.side bbox=(1884,0,1920,28) geom=painted visible=1 frame=5258
2026.10.01-18.48.11 SHOT panel id=hud.hand bbox=(950,1060,970,1080) geom=painted visible=1 frame=5258
2026.10.01-18.48.11 SHOT label fighter=f-0-hero mode=full bbox=(631,449,707,476) frame=5258
2026.10.01-18.48.11 SHOT label fighter=f-0-sk0 mode=full bbox=(503,514,587,537) frame=5258
2026.10.01-18.48.11 SHOT label fighter=f-0-sk1 mode=full bbox=(387,475,472,498) frame=5258
2026.10.01-18.48.11 SHOT label fighter=f-0-sk2 mode=full bbox=(379,580,465,602) frame=5258
2026.10.01-18.48.11 SHOT label fighter=f-1-hero mode=full bbox=(1085,625,1166,647) frame=5258
2026.10.01-18.48.11 SHOT label fighter=f-1-sk0 mode=full bbox=(1144,533,1205,557) frame=5258
2026.10.01-18.48.11 SHOT late end file=bench-K1x1p0-1920x1080.png frame=5258
2026.10.01-18.48.11 BENCH shot view=K1x1.0 saved=1 path=C:\tmp\envmaps-research\p7\tune\runs\f3-sarp-live/bench-K1x1p0-1920x1080.png
2026.10.01-18.48.11 BENCH done views=2 elapsed=88.8
2026.10.01-18.48.11 --- S08 trace close ---
