2026.09.25-20.00.52 --- S08 trace open 2026.09.25-20.00.52 ---
2026.09.25-20.00.52 LOGIN ok user=TestPlayer1
2026.09.25-20.00.55 HEROES loaded 84
2026.09.25-20.00.55 createGame -> room=cmuhdympf00i9wi5oeqxr14vh code=<redacted> status=LOBBY
2026.09.25-20.00.58 game -> room=cmuhdympf00i9wi5oeqxr14vh code=<redacted> status=LOBBY
2026.09.25-20.00.58 selectHero -> room=cmuhdympf00i9wi5oeqxr14vh code=<redacted> status=LOBBY
2026.09.25-20.01.01 game -> room=cmuhdympf00i9wi5oeqxr14vh code=<redacted> status=LOBBY
2026.09.25-20.01.01 toggleReady -> room=cmuhdympf00i9wi5oeqxr14vh code=<redacted> status=LOBBY
2026.09.25-20.01.04 game -> room=cmuhdympf00i9wi5oeqxr14vh code=<redacted> status=LOBBY
2026.09.25-20.01.07 game -> room=cmuhdympf00i9wi5oeqxr14vh code=<redacted> status=LOBBY
2026.09.25-20.01.10 game -> room=cmuhdympf00i9wi5oeqxr14vh code=<redacted> status=LOBBY
2026.09.25-20.01.11 startGame -> room=cmuhdympf00i9wi5oeqxr14vh code=<redacted> status=IN_PROGRESS
2026.09.25-20.01.11 SNAPSHOT applied seq=1 phase=ACTION_MANEUVER
2026.09.25-20.01.11 HANDLE_APPLIED #1 seq=1 decision=2 fightersValid=1 boardValid=1
2026.09.25-20.01.11 CAMERA dist=5552 loc=(0,3184,4548) pitch=-55 yaw=-90
2026.09.25-20.01.11 BOARD 20x20 cells | control points: (0,0)=(-950,-950,0) (19,19)=(950,950,0) | neighbor pair (dist 100 uu)
2026.09.25-20.01.11 FIGHTERS synced n=6 alive=6 own=4 enemy=2
2026.09.25-20.01.11 STATE seq=1 -> apply
2026.09.25-20.01.11 SUBSCRIBED gameStateUpdated since=1
2026.09.25-20.01.11 SNAPSHOT applied seq=1 phase=ACTION_MANEUVER
2026.09.25-20.01.11 HANDLE_APPLIED #2 seq=1 decision=1 fightersValid=1 boardValid=1
2026.09.25-20.01.11 FIGHTERS synced n=6 alive=6 own=4 enemy=2
2026.09.25-20.01.11 STATE seq=1 -> merge
2026.09.25-20.01.19 SNAPSHOT applied seq=2 phase=ACTION_MANEUVER
2026.09.25-20.01.19 HANDLE_APPLIED #3 seq=2 decision=2 fightersValid=1 boardValid=1
2026.09.25-20.01.19 FIGHTERS synced n=6 alive=6 own=4 enemy=2
2026.09.25-20.01.19 WS seq=2 phase=ACTION_MANEUVER (apply)
2026.09.25-20.01.19 SNAPSHOT applied seq=2 phase=ACTION_MANEUVER
2026.09.25-20.01.19 HANDLE_APPLIED #4 seq=2 decision=1 fightersValid=1 boardValid=1
2026.09.25-20.01.19 FIGHTERS synced n=6 alive=6 own=4 enemy=2
2026.09.25-20.01.19 MANEUVER begin seq=2 (merge) pending=maneuver:1:1
2026.09.25-20.01.20 SNAPSHOT applied seq=3 phase=ACTION_MANEUVER
2026.09.25-20.01.20 HANDLE_APPLIED #5 seq=3 decision=2 fightersValid=1 boardValid=1
2026.09.25-20.01.20 FIGHTERS synced n=6 alive=6 own=4 enemy=2
2026.09.25-20.01.20 CUE move f-0-hero (2,2)->(3,2) seq=3
2026.09.25-20.01.20 WS seq=3 phase=ACTION_MANEUVER (apply)
2026.09.25-20.01.20 SNAPSHOT applied seq=3 phase=ACTION_MANEUVER
2026.09.25-20.01.20 HANDLE_APPLIED #6 seq=3 decision=1 fightersValid=1 boardValid=1
2026.09.25-20.01.20 FIGHTERS synced n=6 alive=6 own=4 enemy=2
2026.09.25-20.01.20 MANEUVER done seq=3 (merge) fighters=6
2026.09.25-20.01.21 SHOT ctx viewport=888x500 viewTarget=CameraActor_2147482375 cam=(0,3184,4548) rot=(-55,-90,0)
2026.09.25-20.01.21 SHOT fighter f-0-hero pos=(3,2) world=(-650,-750,0) screen=(291,105) projected=1 alive=1
2026.09.25-20.01.21 SHOT fighter f-0-sk0 pos=(1,2) world=(-850,-750,0) screen=(244,105) projected=1 alive=1
2026.09.25-20.01.21 SHOT fighter f-0-sk1 pos=(2,3) world=(-750,-650,0) screen=(266,123) projected=1 alive=1
2026.09.25-20.01.21 SHOT fighter f-0-sk2 pos=(2,1) world=(-750,-850,0) screen=(269,87) projected=1 alive=1
2026.09.25-20.01.21 SHOT fighter f-1-hero pos=(17,17) world=(750,750,0) screen=(650,419) projected=1 alive=1
2026.09.25-20.01.21 SHOT fighter f-1-sk0 pos=(16,17) world=(650,750,0) screen=(623,419) projected=1 alive=1
2026.09.25-20.01.21 SHOT capture saved C:\Users\ren\AppData\Local\Temp\s08-phase2-20260926-010051-92080\phase2-board-host-1920x1080-capture.png (1920x1080)
2026.09.25-20.01.21 SHOT requested: HighResShot 1920x1080
2026.09.25-20.02.52 --- S08 trace close ---
