2026.09.29-01.54.49 --- S08 trace open 2026.09.29-01.54.49 ---
2026.09.29-01.54.49 HUD icon texture size=32 ready=1 path=/Game/ArtTests/ARTMarkers/Textures/T_UI_Action_Attack_32 texture=32x32 probe=0 plate=1
2026.09.29-01.54.49 RENDER preset applied=Epic flag=S08RenderPreset
2026.09.29-01.54.49 BENCH start (W4-A backend-less render bench)
2026.09.29-01.54.49 ARTPREVIEW board profiles loaded=1 revision=1 boards=3 zoneStyles=11 lightProfiles=3 errors=0 path=Config/ArtBoards/S08ArtBoardProfiles.json
2026.09.29-01.54.49 ARTPREVIEW board profiles source=override sha256=a7cc597495658d6b6e8e8158c1208b5f00134495bc3a175c9b7ca2bc05b269fa overridePath=C:\tmp\w4a\bench\dx11-legacy\profiles-rev1-pre-w4.json
2026.09.29-01.54.49 ARTPREVIEW game layer material=M_S08_Solid unlitEyeAdaptInv=0 legacyRender=1
2026.09.29-01.54.49 ARTPREVIEW Cobble assets ready
2026.09.29-01.54.49 ARTPREVIEW board assets ready cobbleMesh=1 tiles=1 zoneMaterials=2
2026.09.29-01.54.49 ARTPREVIEW medusa candidate variant=face-neck-v2 mesh=SK_Medusa_FaceNeck_v2Candidate requested=(default)
2026.09.29-01.54.49 ARTPREVIEW board profile=cobble-city match=boardId board=5x6 boardId=cmuhgs4b2001mwik4f2b2xtf8 surface=cobble-5x6-mesh light=cobble-probe artFixture=0
2026.09.29-01.54.49 ARTPREVIEW light profile=cobble-probe name=key role=key kind=directional at=(-350,-150,600) intensity=4.5 units=lux radius=0 color=(1.00,1.00,1.00) shadow=1
2026.09.29-01.54.49 ARTPREVIEW light profile=cobble-probe name=fill role=fill kind=point at=(0,-100,550) intensity=700 units=unitless-legacy radius=1800 color=(1.00,1.00,1.00) shadow=0
2026.09.29-01.54.49 ARTPREVIEW light profile=cobble-probe name=warm role=warm kind=point at=(260,-300,250) intensity=85 units=unitless-legacy radius=450 color=(1.00,1.00,1.00) shadow=0
2026.09.29-01.54.49 ARTPREVIEW lights applied profile=cobble-probe directional=1 shadow=1 points=2 pointShadows=0 budgetOk=1
2026.09.29-01.54.49 ARTPREVIEW render profile=cobble-probe units=unitless-legacy sky=0 exposure=0 keyShadow=csm-default shadowCasters=1 legacyRender=1
2026.09.29-01.54.49 ARTPREVIEW Cobble probe lights key=4.5 fill=700 warm=85
2026.09.29-01.54.49 ARTPREVIEW Cobble active 5x6 zones=30 blue=15 red=15 blueMarks=15 redMarks=45
2026.09.29-01.54.49 ARTPREVIEW board active profile=cobble-city 5x6 surface=cobble-5x6-mesh cells=30 zoneCells=30 multizone=0 triple=0 obstacles=0 zoneKeys=2 strokes=60 glyphs=45 surfaceParts=0 glyphMaterial=review expectOk=1
2026.09.29-01.54.49 ARTPREVIEW board zone key=blue cells=15 stroke=solid glyph=diamond material=M_ART005_BlueSection_Review ismUsage=0 strokePieces=15 glyphPieces=15 fallback=0
2026.09.29-01.54.49 ARTPREVIEW board zone key=red cells=15 stroke=dash3 glyph=bars2 material=M_ART005_RedSection_Review ismUsage=0 strokePieces=45 glyphPieces=30 fallback=0
2026.09.29-01.54.49 ARTPREVIEW board multizone cells=0 zonesListed=0 zonesMarked=0
2026.09.29-01.54.49 CAMERA dist=1931 loc=(0,1107,1582) pitch=-55 yaw=-90
2026.09.29-01.54.49 CAMERA config overview=1930.8 nearest=300.0 farthest=2970.4 zoomRange=0.65-6.44 minDist=300.0 outRatio=0.650 step=1.250 animMs=200 returnMs=300 followFrom=1.20 source=defaults issues=0
2026.09.29-01.54.49 BOARD 5x6 cells | control points: (0,0)=(-200,-250,0) (4,5)=(200,250,0) | neighbor pair (dist 100 uu)
2026.09.29-01.54.49 ARTPREVIEW click capsule fighter=f-0-hero mesh=SK_Medusa_FaceNeck_v2Candidate physicsAsset=0 radius=12.5 halfHeight=27.5 top=55.0 bodyCollision=0 source=meshBounds
2026.09.29-01.54.49 ARTPREVIEW fighter=Medusa hero=1 eligible=1 visual=1 mesh=SK_Medusa_FaceNeck_v2Candidate
2026.09.29-01.54.49 ARTPREVIEW click capsule fighter=f-0-sk0 mesh=SM_ART003_Harpy physicsAsset=0 radius=20.0 halfHeight=21.0 top=42.0 bodyCollision=0 source=meshBounds
2026.09.29-01.54.49 ARTPREVIEW click capsule fighter=f-0-sk1 mesh=SM_ART003_Harpy physicsAsset=0 radius=20.0 halfHeight=21.0 top=42.0 bodyCollision=0 source=meshBounds
2026.09.29-01.54.49 ARTPREVIEW click capsule fighter=f-0-sk2 mesh=SM_ART003_Harpy physicsAsset=0 radius=20.0 halfHeight=21.0 top=42.0 bodyCollision=0 source=meshBounds
2026.09.29-01.54.49 ARTPREVIEW click capsule fighter=f-1-hero mesh=SM_ART003_Arthur physicsAsset=0 radius=17.8 halfHeight=28.0 top=56.0 bodyCollision=0 source=meshBounds
2026.09.29-01.54.49 ARTPREVIEW click capsule fighter=f-1-sk0 mesh=SM_ART003_Merlin physicsAsset=0 radius=14.7 halfHeight=30.8 top=61.5 bodyCollision=0 source=meshBounds
2026.09.29-01.54.49 FIGHTERS synced n=6 alive=6 own=4 enemy=2
2026.09.29-01.54.49 BENCH scene fixture=S08BenchCobble.json board=5x6 fighters=6 viewer=cmukie55u0000wiao06h107t9 hero=f-0-hero art=1 profile=cobble-city views=K1+K2x5 warmup=30 settle=8 measure=20 fps=0 profileGpu=1 csv=1
2026.09.29-01.55.19 BENCH warmup done elapsed=30.0
2026.09.29-01.55.19 BENCH view=K1 overview target=1930.8
2026.09.29-01.55.19 BENCH view=K1 camera settled=1 dist=1930.8 target=1930.8 zoom=1.00
2026.09.29-01.55.47 BENCH measure view=K1 window=20.0 frames=5786 fps=289.30 frameMs avg=3.46 p50=3.33 p95=4.86 p99=5.54 max=7.26 hitches50=0 gpuMs avg=3.19 p50=3.37 p95=4.82 gameMs avg=1.08 p95=1.38 renderMs avg=2.93 p95=4.29
2026.09.29-01.55.47 RENDER tag=BENCH rhi=D3D11 featureLevel=SM5 shaderPlatform=PCD3D_SM5 lumenPlatform=0 gi=none giMethod=0 refl=none reflMethod=0 shadows=csm vsmEnable=0 sg.res=100 sg.view=3 sg.aa=3 sg.shadow=3 sg.gi=3 sg.refl=3 sg.pp=3 sg.tex=3 sg.fx=3 sg.foliage=3 sg.shading=3 sg.landscape=3 preset=Epic screenPct=0.0 screenPctMode=1 aa=TSR aaMethod=4 exposure=engine-default expMin=1.00000 expMax=1.00000 expBias=1.000 ev100=0.00 lightUnits=unitless-legacy sky=0 skyIntensity=0.000 keyShadow=csm-default shadowCasters=1 profile=cobble-probe profilesSha256=a7cc597495658d6b6e8e8158c1208b5f00134495bc3a175c9b7ca2bc05b269fa profilesSource=override legacyRender=1 gameLayer=solid-legacy tMaxFPS=0.0 vsync=0 frameRateLimit=60.0 substrate=0 nanite=1 meshDF=1 viewport=1920x1080 reference=0 notReference=rhi,featureLevel,gi,reflections,scalability,screenPercentage,exposure,lightUnits,profilesSource,legacyRender
2026.09.29-01.55.47 BENCH profilegpu view=K1 requested (dump in Unmatched.log, LogRHI)
2026.09.29-01.55.50 SHOT ctx viewport=1920x1080 viewTarget=CameraActor_2147482371 cam=(0,1107,1582) rot=(-55,-90,0)
2026.09.29-01.55.50 RENDER tag=SHOT rhi=D3D11 featureLevel=SM5 shaderPlatform=PCD3D_SM5 lumenPlatform=0 gi=none giMethod=0 refl=none reflMethod=0 shadows=csm vsmEnable=0 sg.res=100 sg.view=3 sg.aa=3 sg.shadow=3 sg.gi=3 sg.refl=3 sg.pp=3 sg.tex=3 sg.fx=3 sg.foliage=3 sg.shading=3 sg.landscape=3 preset=Epic screenPct=0.0 screenPctMode=1 aa=TSR aaMethod=4 exposure=engine-default expMin=1.00000 expMax=1.00000 expBias=1.000 ev100=0.00 lightUnits=unitless-legacy sky=0 skyIntensity=0.000 keyShadow=csm-default shadowCasters=1 profile=cobble-probe profilesSha256=a7cc597495658d6b6e8e8158c1208b5f00134495bc3a175c9b7ca2bc05b269fa profilesSource=override legacyRender=1 gameLayer=solid-legacy tMaxFPS=0.0 vsync=0 frameRateLimit=60.0 substrate=0 nanite=1 meshDF=1 viewport=1920x1080 reference=0 notReference=rhi,featureLevel,gi,reflections,scalability,screenPercentage,exposure,lightUnits,profilesSource,legacyRender
2026.09.29-01.55.50 SHOT fighter f-0-hero pos=(2,2) world=(0,-50,0) screen=(960,476) projected=1 alive=1
2026.09.29-01.55.50 SHOT fighter f-0-sk0 pos=(3,2) world=(100,-50,0) screen=(1115,476) projected=1 alive=1
2026.09.29-01.55.50 SHOT fighter f-0-sk1 pos=(2,1) world=(0,-150,0) screen=(960,355) projected=1 alive=1
2026.09.29-01.55.50 SHOT fighter f-0-sk2 pos=(1,2) world=(-100,-50,0) screen=(805,476) projected=1 alive=1
2026.09.29-01.55.50 SHOT fighter f-1-hero pos=(2,3) world=(0,50,0) screen=(960,606) projected=1 alive=1
2026.09.29-01.55.50 SHOT fighter f-1-sk0 pos=(3,3) world=(100,50,0) screen=(1120,606) projected=1 alive=1
2026.09.29-01.55.50 SHOT camera dist=1930.8 target=1930.8 overview=1930.8 errPct=0.000 focusErr=0.00 settled=1 zoom=1.00
2026.09.29-01.55.50 SHOT head fighter=f-0-hero socket=Head mesh=SK_Medusa_FaceNeck_v2Candidate world=(0.0,-46.0,38.5) screen=(960.0,445.5) top=(960.0,439.8) bottom=(960.0,451.2) headPx=11.4 projected=1
2026.09.29-01.55.50 SHOT label fighter=f-0-hero mode=full bbox=(916,381,1004,414)
2026.09.29-01.55.50 SHOT label fighter=f-0-sk0 mode=full bbox=(1072,399,1169,428)
2026.09.29-01.55.50 SHOT label fighter=f-0-sk1 mode=full bbox=(914,276,1006,305)
2026.09.29-01.55.50 SHOT label fighter=f-0-sk2 mode=full bbox=(751,399,848,428)
2026.09.29-01.55.50 SHOT label fighter=f-1-hero mode=full bbox=(913,517,1007,545)
2026.09.29-01.55.50 SHOT label fighter=f-1-sk0 mode=full bbox=(1088,529,1162,558)
2026.09.29-01.55.50 SHOT requested: FScreenshotRequest(bShowUI) -> C:\tmp\w4a\bench\dx11-legacy\r2/bench-K1-1920x1080.png
2026.09.29-01.55.51 BENCH shot view=K1 saved=1 path=C:\tmp\w4a\bench\dx11-legacy\r2/bench-K1-1920x1080.png
2026.09.29-01.55.51 ARTPREVIEW selection ring shown fighter=Medusa mesh=SM_Marker_SelectionRing
2026.09.29-01.55.51 ARTPREVIEW reachable corners cells=13 placed=1
2026.09.29-01.55.51 BENCH view=K2x5 focus hero=f-0-hero zoom=5.00 target=386.2 clamp=0
2026.09.29-01.55.51 BENCH view=K2x5 camera settled=1 dist=388.8 target=386.2 zoom=4.97
2026.09.29-01.56.19 BENCH measure view=K2x5 window=20.0 frames=5862 fps=293.08 frameMs avg=3.41 p50=3.32 p95=4.65 p99=5.29 max=7.76 hitches50=0 gpuMs avg=3.15 p50=3.40 p95=4.64 gameMs avg=1.09 p95=1.34 renderMs avg=2.81 p95=3.73
2026.09.29-01.56.19 RENDER tag=BENCH rhi=D3D11 featureLevel=SM5 shaderPlatform=PCD3D_SM5 lumenPlatform=0 gi=none giMethod=0 refl=none reflMethod=0 shadows=csm vsmEnable=0 sg.res=100 sg.view=3 sg.aa=3 sg.shadow=3 sg.gi=3 sg.refl=3 sg.pp=3 sg.tex=3 sg.fx=3 sg.foliage=3 sg.shading=3 sg.landscape=3 preset=Epic screenPct=0.0 screenPctMode=1 aa=TSR aaMethod=4 exposure=engine-default expMin=1.00000 expMax=1.00000 expBias=1.000 ev100=0.00 lightUnits=unitless-legacy sky=0 skyIntensity=0.000 keyShadow=csm-default shadowCasters=1 profile=cobble-probe profilesSha256=a7cc597495658d6b6e8e8158c1208b5f00134495bc3a175c9b7ca2bc05b269fa profilesSource=override legacyRender=1 gameLayer=solid-legacy tMaxFPS=0.0 vsync=0 frameRateLimit=60.0 substrate=0 nanite=1 meshDF=1 viewport=1920x1080 reference=0 notReference=rhi,featureLevel,gi,reflections,scalability,screenPercentage,exposure,lightUnits,profilesSource,legacyRender
2026.09.29-01.56.19 BENCH profilegpu view=K2x5 requested (dump in Unmatched.log, LogRHI)
2026.09.29-01.56.22 SHOT ctx viewport=1920x1080 viewTarget=CameraActor_2147482371 cam=(0,171,344) rot=(-55,-90,0)
2026.09.29-01.56.22 RENDER tag=SHOT rhi=D3D11 featureLevel=SM5 shaderPlatform=PCD3D_SM5 lumenPlatform=0 gi=none giMethod=0 refl=none reflMethod=0 shadows=csm vsmEnable=0 sg.res=100 sg.view=3 sg.aa=3 sg.shadow=3 sg.gi=3 sg.refl=3 sg.pp=3 sg.tex=3 sg.fx=3 sg.foliage=3 sg.shading=3 sg.landscape=3 preset=Epic screenPct=0.0 screenPctMode=1 aa=TSR aaMethod=4 exposure=engine-default expMin=1.00000 expMax=1.00000 expBias=1.000 ev100=0.00 lightUnits=unitless-legacy sky=0 skyIntensity=0.000 keyShadow=csm-default shadowCasters=1 profile=cobble-probe profilesSha256=a7cc597495658d6b6e8e8158c1208b5f00134495bc3a175c9b7ca2bc05b269fa profilesSource=override legacyRender=1 gameLayer=solid-legacy tMaxFPS=0.0 vsync=0 frameRateLimit=60.0 substrate=0 nanite=1 meshDF=1 viewport=1920x1080 reference=0 notReference=rhi,featureLevel,gi,reflections,scalability,screenPercentage,exposure,lightUnits,profilesSource,legacyRender
2026.09.29-01.56.22 SHOT fighter f-0-hero pos=(2,2) world=(0,-50,0) screen=(960,660) projected=1 alive=1
2026.09.29-01.56.22 SHOT fighter f-0-sk0 pos=(3,2) world=(100,-50,0) screen=(1704,660) projected=1 alive=1
2026.09.29-01.56.22 SHOT fighter f-0-sk1 pos=(2,1) world=(0,-150,0) screen=(960,110) projected=1 alive=1
2026.09.29-01.56.22 SHOT fighter f-0-sk2 pos=(1,2) world=(-100,-50,0) screen=(216,660) projected=1 alive=1
2026.09.29-01.56.22 SHOT fighter f-1-hero pos=(2,3) world=(0,50,0) screen=(960,1388) projected=1 alive=1
2026.09.29-01.56.22 SHOT fighter f-1-sk0 pos=(3,3) world=(100,50,0) screen=(1826,1388) projected=1 alive=1
2026.09.29-01.56.22 SHOT camera dist=386.2 target=386.2 overview=1930.8 errPct=0.000 focusErr=0.00 settled=1 zoom=5.00
2026.09.29-01.56.22 SHOT head fighter=f-0-hero socket=Head mesh=SK_Medusa_FaceNeck_v2Candidate world=(0.0,-46.0,38.5) screen=(960.0,517.7) top=(960.0,489.1) bottom=(960.0,545.6) headPx=56.4 projected=1
2026.09.29-01.56.22 SHOT selection fighter=f-0-hero ownCell=(2,2) legal=14 destinations=13 ownCellExcluded=1 plateFighter=none
2026.09.29-01.56.22 SHOT reachable fighter=f-0-hero n=13 cells=(1,0)(2,0)(3,0)(0,1)(1,1)(3,1)(4,1)(0,2)(4,2)(0,3)(1,3)(4,3)(1,4)
2026.09.29-01.56.22 SHOT label fighter=f-0-hero mode=full bbox=(911,321,1009,379)
2026.09.29-01.56.22 SHOT requested: FScreenshotRequest(bShowUI) -> C:\tmp\w4a\bench\dx11-legacy\r2/bench-K2x5-1920x1080.png
2026.09.29-01.56.22 BENCH shot view=K2x5 saved=1 path=C:\tmp\w4a\bench\dx11-legacy\r2/bench-K2x5-1920x1080.png
2026.09.29-01.56.22 BENCH done views=2 elapsed=92.7
2026.09.29-01.56.22 --- S08 trace close ---
