2026.09.28-10.17.55 --- S08 trace open 2026.09.28-10.17.55 ---
2026.09.28-10.17.55 LOGIN ok user=art-preview-joiner
2026.09.28-10.17.58 HEROES loaded 84
2026.09.28-10.17.58 CODE resolved -> cmul3gdrw00hpwi2oor4ok88v
2026.09.28-10.17.58 joinGame -> room=cmul3gdrw00hpwi2oor4ok88v code=<redacted> status=LOBBY
2026.09.28-10.18.00 PERF config tMaxFPS=30.0 frameRateLimit=60.0 vsync=0 smoothFrameRate=0 fixedFrameRate=0 rhi=D3D11
2026.09.28-10.18.00 PERF window t=0.0-5.0 frames=151 fps=30.00 frameMs avg=33.33 p50=33.33 p95=33.33 p99=33.35 max=33.37 hitches50=0 gpuMs avg=35.88 p50=33.31 p95=34.26 gameMs avg=1.57 p95=1.80 renderMs avg=2.19 p95=2.49
2026.09.28-10.18.01 game -> room=cmul3gdrw00hpwi2oor4ok88v code=<redacted> status=LOBBY
2026.09.28-10.18.01 selectHero -> room=cmul3gdrw00hpwi2oor4ok88v code=<redacted> status=LOBBY
2026.09.28-10.18.04 game -> room=cmul3gdrw00hpwi2oor4ok88v code=<redacted> status=LOBBY
2026.09.28-10.18.04 toggleReady -> room=cmul3gdrw00hpwi2oor4ok88v code=<redacted> status=LOBBY
2026.09.28-10.18.05 PERF window t=5.0-10.0 frames=150 fps=30.00 frameMs avg=33.33 p50=33.33 p95=33.33 p99=33.34 max=33.35 hitches50=0 gpuMs avg=33.14 p50=33.30 p95=34.12 gameMs avg=1.51 p95=1.86 renderMs avg=1.82 p95=2.19
2026.09.28-10.18.07 game -> room=cmul3gdrw00hpwi2oor4ok88v code=<redacted> status=LOBBY
2026.09.28-10.18.10 PERF window t=10.0-15.0 frames=150 fps=30.00 frameMs avg=33.33 p50=33.33 p95=33.34 p99=33.39 max=33.41 hitches50=0 gpuMs avg=32.69 p50=33.31 p95=34.12 gameMs avg=1.50 p95=1.91 renderMs avg=1.80 p95=2.14
2026.09.28-10.18.10 game -> room=cmul3gdrw00hpwi2oor4ok88v code=<redacted> status=IN_PROGRESS
2026.09.28-10.18.10 WS DROPPED (test-initiated transport loss)
2026.09.28-10.18.10 WS closed (test drop) - reconnect in 1s
2026.09.28-10.18.10 SNAPSHOT applied seq=1 phase=ACTION_MANEUVER
2026.09.28-10.18.10 HANDLE_APPLIED #1 seq=1 decision=2 fightersValid=1 boardValid=1
2026.09.28-10.18.10 MODE seq=1 mode=0 combat=0 pending=0
2026.09.28-10.18.10 HUD seq=1 phase=ACTION_MANEUVER turn=opp hand=5 oppHand=5(hidden) oppDeck=25 deck=25 discard=0
2026.09.28-10.18.10 ARTPREVIEW Cobble assets ready
2026.09.28-10.18.10 ARTPREVIEW medusa candidate variant=head-tilt-v3 mesh=SK_Medusa_HeadTilt_v3Candidate requested=head-tilt-v3
2026.09.28-10.18.10 ARTPREVIEW Cobble probe lights key=4.5 fill=700 warm=85
2026.09.28-10.18.10 ARTPREVIEW Cobble active 5x6 zones=30 blue=15 red=15 blueMarks=15 redMarks=45
2026.09.28-10.18.10 CAMERA dist=1931 loc=(0,1107,1582) pitch=-55 yaw=-90
2026.09.28-10.18.10 BOARD 5x6 cells | control points: (0,0)=(-200,-250,0) (4,5)=(200,250,0) | neighbor pair (dist 100 uu)
2026.09.28-10.18.10 ARTPREVIEW fighter=Medusa hero=1 eligible=1 visual=1 mesh=SK_Medusa_HeadTilt_v3Candidate
2026.09.28-10.18.10 FIGHTERS synced n=6 alive=6 own=2 enemy=4
2026.09.28-10.18.10 STATE seq=1 -> apply
2026.09.28-10.18.10 WS closed 1000 (normal closure)
2026.09.28-10.18.11 WS reconnect attempt
2026.09.28-10.18.11 SUBSCRIBED gameStateUpdated since=1
2026.09.28-10.18.11 WS reconnected - refetching gameState
2026.09.28-10.18.11 SNAPSHOT applied seq=1 phase=ACTION_MANEUVER
2026.09.28-10.18.11 HANDLE_APPLIED #2 seq=1 decision=1 fightersValid=1 boardValid=1
2026.09.28-10.18.11 MODE seq=1 mode=0 combat=0 pending=0
2026.09.28-10.18.11 HUD seq=1 phase=ACTION_MANEUVER turn=opp hand=5 oppHand=5(hidden) oppDeck=25 deck=25 discard=0
2026.09.28-10.18.11 ARTPREVIEW fighter=Medusa hero=1 eligible=1 visual=1 mesh=SK_Medusa_HeadTilt_v3Candidate
2026.09.28-10.18.11 FIGHTERS synced n=6 alive=6 own=2 enemy=4
2026.09.28-10.18.11 STATE seq=1 -> merge
2026.09.28-10.18.11 SNAPSHOT applied seq=1 phase=ACTION_MANEUVER
2026.09.28-10.18.11 HANDLE_APPLIED #3 seq=1 decision=1 fightersValid=1 boardValid=1
2026.09.28-10.18.11 MODE seq=1 mode=0 combat=0 pending=0
2026.09.28-10.18.11 HUD seq=1 phase=ACTION_MANEUVER turn=opp hand=5 oppHand=5(hidden) oppDeck=25 deck=25 discard=0
2026.09.28-10.18.11 ARTPREVIEW fighter=Medusa hero=1 eligible=1 visual=1 mesh=SK_Medusa_HeadTilt_v3Candidate
2026.09.28-10.18.11 FIGHTERS synced n=6 alive=6 own=2 enemy=4
2026.09.28-10.18.11 WS seq=1 phase=ACTION_MANEUVER (merge)
2026.09.28-10.18.13 game -> room=cmul3gdrw00hpwi2oor4ok88v code=<redacted> status=IN_PROGRESS
2026.09.28-10.18.15 PERF window t=15.0-20.0 frames=150 fps=29.99 frameMs avg=33.35 p50=33.33 p95=33.33 p99=33.34 max=35.73 hitches50=0 gpuMs avg=29.49 p50=33.32 p95=35.60 gameMs avg=1.64 p95=1.53 renderMs avg=2.65 p95=3.11
2026.09.28-10.18.16 game -> room=cmul3gdrw00hpwi2oor4ok88v code=<redacted> status=IN_PROGRESS
2026.09.28-10.18.19 game -> room=cmul3gdrw00hpwi2oor4ok88v code=<redacted> status=IN_PROGRESS
2026.09.28-10.18.20 PERF window t=20.0-25.1 frames=151 fps=30.00 frameMs avg=33.33 p50=33.33 p95=33.33 p99=33.34 max=33.35 hitches50=0 gpuMs avg=30.25 p50=33.34 p95=35.45 gameMs avg=1.28 p95=1.49 renderMs avg=2.54 p95=3.02
2026.09.28-10.18.22 game -> room=cmul3gdrw00hpwi2oor4ok88v code=<redacted> status=IN_PROGRESS
2026.09.28-10.18.25 game -> room=cmul3gdrw00hpwi2oor4ok88v code=<redacted> status=IN_PROGRESS
2026.09.28-10.18.25 PERF window t=25.1-30.1 frames=151 fps=30.00 frameMs avg=33.33 p50=33.33 p95=33.33 p99=33.33 max=33.34 hitches50=0 gpuMs avg=30.99 p50=33.31 p95=35.42 gameMs avg=1.30 p95=1.48 renderMs avg=2.56 p95=3.29
2026.09.28-10.18.28 game -> room=cmul3gdrw00hpwi2oor4ok88v code=<redacted> status=IN_PROGRESS
2026.09.28-10.18.30 PERF window t=30.1-35.1 frames=151 fps=30.00 frameMs avg=33.33 p50=33.33 p95=33.33 p99=33.33 max=33.35 hitches50=0 gpuMs avg=31.40 p50=33.30 p95=36.05 gameMs avg=1.17 p95=1.44 renderMs avg=2.64 p95=3.14
2026.09.28-10.18.31 SHOT ctx viewport=1920x1080 viewTarget=CameraActor_2147482372 cam=(0,1107,1582) rot=(-55,-90,0)
2026.09.28-10.18.31 SHOT fighter f-0-hero pos=(2,2) world=(0,-50,0) screen=(960,476) projected=1 alive=1
2026.09.28-10.18.31 SHOT fighter f-0-sk0 pos=(3,2) world=(100,-50,0) screen=(1115,476) projected=1 alive=1
2026.09.28-10.18.31 SHOT fighter f-0-sk1 pos=(2,1) world=(0,-150,0) screen=(960,355) projected=1 alive=1
2026.09.28-10.18.31 SHOT fighter f-0-sk2 pos=(1,2) world=(-100,-50,0) screen=(805,476) projected=1 alive=1
2026.09.28-10.18.31 SHOT fighter f-1-hero pos=(2,3) world=(0,50,0) screen=(960,606) projected=1 alive=1
2026.09.28-10.18.31 SHOT fighter f-1-sk0 pos=(3,3) world=(100,50,0) screen=(1120,606) projected=1 alive=1
2026.09.28-10.18.31 SHOT camera dist=1930.8 target=1930.8 overview=1930.8 errPct=0.000 focusErr=0.00 settled=1 zoom=1.00
2026.09.28-10.18.31 SHOT head fighter=f-0-hero socket=Head mesh=SK_Medusa_HeadTilt_v3Candidate world=(0.0,-46.0,38.5) screen=(960.0,445.5) top=(960.0,439.8) bottom=(960.0,451.2) headPx=11.4 projected=1
2026.09.28-10.18.31 SHOT requested: FScreenshotRequest(bShowUI) -> C:\Users\ren\AppData\Local\Temp\s08-phase2-20260928-151748-12032\phase2-board-joiner-1920x1080.png
2026.09.28-10.18.31 game -> room=cmul3gdrw00hpwi2oor4ok88v code=<redacted> status=IN_PROGRESS
2026.09.28-10.18.34 game -> room=cmul3gdrw00hpwi2oor4ok88v code=<redacted> status=IN_PROGRESS
2026.09.28-10.18.35 PERF window t=35.1-40.1 frames=147 fps=29.35 frameMs avg=34.07 p50=33.33 p95=33.33 p99=42.61 max=132.88 hitches50=1 gpuMs avg=31.96 p50=32.86 p95=37.52 gameMs avg=2.23 p95=1.78 renderMs avg=2.87 p95=3.99
2026.09.28-10.18.37 game -> room=cmul3gdrw00hpwi2oor4ok88v code=<redacted> status=IN_PROGRESS
2026.09.28-10.18.40 game -> room=cmul3gdrw00hpwi2oor4ok88v code=<redacted> status=IN_PROGRESS
2026.09.28-10.18.40 PERF window t=40.1-45.1 frames=150 fps=30.00 frameMs avg=33.34 p50=33.33 p95=33.34 p99=33.43 max=33.51 hitches50=0 gpuMs avg=31.03 p50=33.30 p95=34.20 gameMs avg=1.26 p95=1.58 renderMs avg=2.67 p95=3.59
2026.09.28-10.18.43 game -> room=cmul3gdrw00hpwi2oor4ok88v code=<redacted> status=IN_PROGRESS
2026.09.28-10.18.45 PERF summary scope=afterWarmup warmup=5 elapsed=50.0 frames=1348 fps=29.93 frameMs avg=33.42 p50=33.33 p95=33.33 p99=33.35 max=132.88 hitches50=1 gpuMs avg=31.24 p50=33.30 p95=35.43 gameMs avg=1.45 p95=1.71 renderMs avg=2.44 p95=3.18
2026.09.28-10.18.45 PERF summary scope=started elapsed=50.0 frames=1046 fps=29.90 frameMs avg=33.44 p50=33.33 p95=33.33 p99=33.35 max=132.88 hitches50=1 gpuMs avg=30.76 p50=33.30 p95=35.60 gameMs avg=1.44 p95=1.51 renderMs avg=2.62 p95=3.31
2026.09.28-10.18.45 --- S08 trace close ---
