2026.09.28-10.17.50 --- S08 trace open 2026.09.28-10.17.50 ---
2026.09.28-10.17.50 LOGIN ok user=art-preview-host
2026.09.28-10.17.53 HEROES loaded 84
2026.09.28-10.17.53 createGame -> room=cmul3gdrw00hpwi2oor4ok88v code=<redacted> status=LOBBY
2026.09.28-10.17.55 PERF config tMaxFPS=30.0 frameRateLimit=60.0 vsync=0 smoothFrameRate=0 fixedFrameRate=0 rhi=D3D11
2026.09.28-10.17.55 PERF window t=0.0-5.0 frames=151 fps=30.00 frameMs avg=33.33 p50=33.33 p95=33.33 p99=33.33 max=33.33 hitches50=0 gpuMs avg=35.29 p50=33.34 p95=34.11 gameMs avg=1.43 p95=1.51 renderMs avg=1.96 p95=2.12
2026.09.28-10.17.56 game -> room=cmul3gdrw00hpwi2oor4ok88v code=<redacted> status=LOBBY
2026.09.28-10.17.56 selectHero -> room=cmul3gdrw00hpwi2oor4ok88v code=<redacted> status=LOBBY
2026.09.28-10.17.59 game -> room=cmul3gdrw00hpwi2oor4ok88v code=<redacted> status=LOBBY
2026.09.28-10.17.59 toggleReady -> room=cmul3gdrw00hpwi2oor4ok88v code=<redacted> status=LOBBY
2026.09.28-10.18.00 PERF window t=5.0-10.0 frames=150 fps=30.00 frameMs avg=33.33 p50=33.33 p95=33.33 p99=33.33 max=33.34 hitches50=0 gpuMs avg=33.14 p50=33.33 p95=34.13 gameMs avg=1.35 p95=1.57 renderMs avg=1.66 p95=2.14
2026.09.28-10.18.02 game -> room=cmul3gdrw00hpwi2oor4ok88v code=<redacted> status=LOBBY
2026.09.28-10.18.05 PERF window t=10.0-15.0 frames=150 fps=30.00 frameMs avg=33.33 p50=33.33 p95=33.33 p99=33.34 max=33.34 hitches50=0 gpuMs avg=33.14 p50=33.34 p95=34.26 gameMs avg=1.37 p95=1.57 renderMs avg=1.70 p95=2.08
2026.09.28-10.18.05 game -> room=cmul3gdrw00hpwi2oor4ok88v code=<redacted> status=LOBBY
2026.09.28-10.18.08 game -> room=cmul3gdrw00hpwi2oor4ok88v code=<redacted> status=LOBBY
2026.09.28-10.18.08 startGame -> room=cmul3gdrw00hpwi2oor4ok88v code=<redacted> status=IN_PROGRESS
2026.09.28-10.18.08 SNAPSHOT applied seq=1 phase=ACTION_MANEUVER
2026.09.28-10.18.08 HANDLE_APPLIED #1 seq=1 decision=2 fightersValid=1 boardValid=1
2026.09.28-10.18.08 MODE seq=1 mode=0 combat=0 pending=0
2026.09.28-10.18.08 HUD seq=1 phase=ACTION_MANEUVER turn=you hand=5 oppHand=5(hidden) oppDeck=25 deck=25 discard=0
2026.09.28-10.18.08 ARTPREVIEW Cobble assets ready
2026.09.28-10.18.08 ARTPREVIEW medusa candidate variant=head-tilt-v3 mesh=SK_Medusa_HeadTilt_v3Candidate requested=head-tilt-v3
2026.09.28-10.18.08 ARTPREVIEW Cobble probe lights key=4.5 fill=700 warm=85
2026.09.28-10.18.08 ARTPREVIEW Cobble active 5x6 zones=30 blue=15 red=15 blueMarks=15 redMarks=45
2026.09.28-10.18.08 CAMERA dist=1931 loc=(0,1107,1582) pitch=-55 yaw=-90
2026.09.28-10.18.08 BOARD 5x6 cells | control points: (0,0)=(-200,-250,0) (4,5)=(200,250,0) | neighbor pair (dist 100 uu)
2026.09.28-10.18.08 ARTPREVIEW fighter=Medusa hero=1 eligible=1 visual=1 mesh=SK_Medusa_HeadTilt_v3Candidate
2026.09.28-10.18.08 FIGHTERS synced n=6 alive=6 own=4 enemy=2
2026.09.28-10.18.08 STATE seq=1 -> apply
2026.09.28-10.18.08 SUBSCRIBED gameStateUpdated since=1
2026.09.28-10.18.08 SNAPSHOT applied seq=1 phase=ACTION_MANEUVER
2026.09.28-10.18.08 HANDLE_APPLIED #2 seq=1 decision=1 fightersValid=1 boardValid=1
2026.09.28-10.18.08 MODE seq=1 mode=0 combat=0 pending=0
2026.09.28-10.18.08 HUD seq=1 phase=ACTION_MANEUVER turn=you hand=5 oppHand=5(hidden) oppDeck=25 deck=25 discard=0
2026.09.28-10.18.08 ARTPREVIEW fighter=Medusa hero=1 eligible=1 visual=1 mesh=SK_Medusa_HeadTilt_v3Candidate
2026.09.28-10.18.08 FIGHTERS synced n=6 alive=6 own=4 enemy=2
2026.09.28-10.18.08 WS seq=1 phase=ACTION_MANEUVER (merge)
2026.09.28-10.18.10 PERF window t=15.0-20.1 frames=151 fps=30.00 frameMs avg=33.33 p50=33.33 p95=33.33 p99=33.35 max=33.36 hitches50=0 gpuMs avg=32.93 p50=33.34 p95=35.26 gameMs avg=1.65 p95=1.67 renderMs avg=2.18 p95=3.06
2026.09.28-10.18.11 game -> room=cmul3gdrw00hpwi2oor4ok88v code=<redacted> status=IN_PROGRESS
2026.09.28-10.18.14 game -> room=cmul3gdrw00hpwi2oor4ok88v code=<redacted> status=IN_PROGRESS
2026.09.28-10.18.15 PERF window t=20.1-25.1 frames=151 fps=30.00 frameMs avg=33.33 p50=33.33 p95=33.33 p99=33.35 max=33.35 hitches50=0 gpuMs avg=32.09 p50=33.30 p95=34.84 gameMs avg=1.29 p95=1.44 renderMs avg=2.48 p95=2.99
2026.09.28-10.18.17 game -> room=cmul3gdrw00hpwi2oor4ok88v code=<redacted> status=IN_PROGRESS
2026.09.28-10.18.20 game -> room=cmul3gdrw00hpwi2oor4ok88v code=<redacted> status=IN_PROGRESS
2026.09.28-10.18.20 PERF window t=25.1-30.1 frames=151 fps=30.00 frameMs avg=33.33 p50=33.33 p95=33.33 p99=33.34 max=33.34 hitches50=0 gpuMs avg=30.93 p50=33.28 p95=35.42 gameMs avg=1.30 p95=1.44 renderMs avg=2.51 p95=3.11
2026.09.28-10.18.23 game -> room=cmul3gdrw00hpwi2oor4ok88v code=<redacted> status=IN_PROGRESS
2026.09.28-10.18.24 ARTPREVIEW selection ring shown fighter=Medusa mesh=SM_Marker_SelectionRing
2026.09.28-10.18.24 ARTPREVIEW reachable corners cells=13 placed=1
2026.09.28-10.18.24 ARTPREVIEW selection ownHero=1 selected=1 fighter=Medusa reachable=14 fighterId=f-0-hero
2026.09.28-10.18.24 ARTPREVIEW camera focus requested zoom=1.60 overview=1931 target=1207
2026.09.28-10.18.24 CAMERA settled elapsed=34.43 dist=1216.2 target=1206.7 errPct=0.780 focusErr=0.75 focus=(0,-49,28)
2026.09.28-10.18.25 PERF window t=30.1-35.1 frames=150 fps=30.00 frameMs avg=33.33 p50=33.33 p95=33.33 p99=33.36 max=33.40 hitches50=0 gpuMs avg=31.31 p50=33.19 p95=35.95 gameMs avg=1.32 p95=1.56 renderMs avg=2.61 p95=3.54
2026.09.28-10.18.26 SHOT ctx viewport=1920x1080 viewTarget=CameraActor_2147482372 cam=(0,642,1017) rot=(-55,-90,0)
2026.09.28-10.18.26 SHOT fighter f-0-hero pos=(2,2) world=(0,-50,0) screen=(960,580) projected=1 alive=1
2026.09.28-10.18.26 SHOT fighter f-0-sk0 pos=(3,2) world=(100,-50,0) screen=(1208,580) projected=1 alive=1
2026.09.28-10.18.26 SHOT fighter f-0-sk1 pos=(2,1) world=(0,-150,0) screen=(960,384) projected=1 alive=1
2026.09.28-10.18.26 SHOT fighter f-0-sk2 pos=(1,2) world=(-100,-50,0) screen=(712,580) projected=1 alive=1
2026.09.28-10.18.26 SHOT fighter f-1-hero pos=(2,3) world=(0,50,0) screen=(960,794) projected=1 alive=1
2026.09.28-10.18.26 SHOT fighter f-1-sk0 pos=(3,3) world=(100,50,0) screen=(1220,794) projected=1 alive=1
2026.09.28-10.18.26 SHOT camera dist=1206.7 target=1206.7 overview=1930.8 errPct=0.000 focusErr=0.00 settled=1 zoom=1.60
2026.09.28-10.18.26 SHOT head fighter=f-0-hero socket=Head mesh=SK_Medusa_HeadTilt_v3Candidate world=(0.0,-46.0,38.5) screen=(960.0,533.0) top=(960.0,524.2) bottom=(960.0,541.8) headPx=17.6 projected=1
2026.09.28-10.18.26 SHOT requested: FScreenshotRequest(bShowUI) -> C:\Users\ren\AppData\Local\Temp\s08-phase2-20260928-151748-12032\phase2-board-host-1920x1080.png
2026.09.28-10.18.26 game -> room=cmul3gdrw00hpwi2oor4ok88v code=<redacted> status=IN_PROGRESS
2026.09.28-10.18.29 game -> room=cmul3gdrw00hpwi2oor4ok88v code=<redacted> status=IN_PROGRESS
2026.09.28-10.18.30 PERF window t=35.1-40.1 frames=145 fps=28.93 frameMs avg=34.56 p50=33.33 p95=33.33 p99=33.39 max=211.31 hitches50=1 gpuMs avg=33.37 p50=33.33 p95=34.87 gameMs avg=2.63 p95=1.53 renderMs avg=2.61 p95=3.04
2026.09.28-10.18.32 game -> room=cmul3gdrw00hpwi2oor4ok88v code=<redacted> status=IN_PROGRESS
2026.09.28-10.18.35 game -> room=cmul3gdrw00hpwi2oor4ok88v code=<redacted> status=IN_PROGRESS
2026.09.28-10.18.35 PERF window t=40.1-45.1 frames=149 fps=29.78 frameMs avg=33.58 p50=33.33 p95=33.33 p99=33.36 max=69.26 hitches50=1 gpuMs avg=31.24 p50=33.06 p95=35.42 gameMs avg=1.31 p95=1.55 renderMs avg=2.69 p95=3.53
2026.09.28-10.18.38 game -> room=cmul3gdrw00hpwi2oor4ok88v code=<redacted> status=IN_PROGRESS
2026.09.28-10.18.40 PERF summary scope=afterWarmup warmup=5 elapsed=50.0 frames=1345 fps=29.86 frameMs avg=33.49 p50=33.33 p95=33.33 p99=33.35 max=211.31 hitches50=2 gpuMs avg=32.21 p50=33.30 p95=34.82 gameMs avg=1.50 p95=1.55 renderMs avg=2.35 p95=3.15
2026.09.28-10.18.40 PERF summary scope=started elapsed=50.0 frames=951 fps=29.80 frameMs avg=33.56 p50=33.33 p95=33.33 p99=33.35 max=211.31 hitches50=2 gpuMs avg=31.81 p50=33.27 p95=35.22 gameMs avg=1.55 p95=1.54 renderMs avg=2.62 p95=3.27
2026.09.28-10.18.40 --- S08 trace close ---
