2026.09.28-10.10.56 --- S08 trace open 2026.09.28-10.10.56 ---
2026.09.28-10.10.56 LOGIN ok user=art-preview-host
2026.09.28-10.10.59 HEROES loaded 84
2026.09.28-10.10.59 createGame -> room=cmul37igf00cdwi2ou6a3szjg code=<redacted> status=LOBBY
2026.09.28-10.11.01 PERF config tMaxFPS=30.0 frameRateLimit=60.0 vsync=0 smoothFrameRate=0 fixedFrameRate=0 rhi=D3D11
2026.09.28-10.11.01 PERF window t=0.0-5.0 frames=151 fps=30.00 frameMs avg=33.33 p50=33.33 p95=33.33 p99=33.34 max=33.35 hitches50=0 gpuMs avg=35.40 p50=33.32 p95=34.22 gameMs avg=1.50 p95=1.68 renderMs avg=2.12 p95=2.39
2026.09.28-10.11.02 game -> room=cmul37igf00cdwi2ou6a3szjg code=<redacted> status=LOBBY
2026.09.28-10.11.02 selectHero -> room=cmul37igf00cdwi2ou6a3szjg code=<redacted> status=LOBBY
2026.09.28-10.11.05 game -> room=cmul37igf00cdwi2ou6a3szjg code=<redacted> status=LOBBY
2026.09.28-10.11.05 toggleReady -> room=cmul37igf00cdwi2ou6a3szjg code=<redacted> status=LOBBY
2026.09.28-10.11.06 PERF window t=5.0-10.0 frames=150 fps=29.98 frameMs avg=33.36 p50=33.33 p95=33.33 p99=33.50 max=36.43 hitches50=0 gpuMs avg=32.49 p50=33.27 p95=34.40 gameMs avg=1.50 p95=1.85 renderMs avg=1.95 p95=2.47
2026.09.28-10.11.08 game -> room=cmul37igf00cdwi2ou6a3szjg code=<redacted> status=LOBBY
2026.09.28-10.11.11 PERF window t=10.0-15.1 frames=150 fps=29.84 frameMs avg=33.51 p50=33.33 p95=33.40 p99=45.28 max=46.23 hitches50=0 gpuMs avg=32.17 p50=33.31 p95=35.11 gameMs avg=1.57 p95=2.18 renderMs avg=2.20 p95=2.70
2026.09.28-10.11.11 game -> room=cmul37igf00cdwi2ou6a3szjg code=<redacted> status=LOBBY
2026.09.28-10.11.14 game -> room=cmul37igf00cdwi2ou6a3szjg code=<redacted> status=LOBBY
2026.09.28-10.11.14 startGame -> room=cmul37igf00cdwi2ou6a3szjg code=<redacted> status=IN_PROGRESS
2026.09.28-10.11.14 SNAPSHOT applied seq=1 phase=ACTION_MANEUVER
2026.09.28-10.11.14 HANDLE_APPLIED #1 seq=1 decision=2 fightersValid=1 boardValid=1
2026.09.28-10.11.14 MODE seq=1 mode=0 combat=0 pending=0
2026.09.28-10.11.14 HUD seq=1 phase=ACTION_MANEUVER turn=you hand=5 oppHand=5(hidden) oppDeck=25 deck=25 discard=0
2026.09.28-10.11.14 ARTPREVIEW Cobble assets ready
2026.09.28-10.11.14 ARTPREVIEW medusa candidate variant=face-neck-v2 mesh=SK_Medusa_FaceNeck_v2Candidate requested=(default)
2026.09.28-10.11.14 ARTPREVIEW Cobble probe lights key=4.5 fill=700 warm=85
2026.09.28-10.11.14 ARTPREVIEW Cobble active 5x6 zones=30 blue=15 red=15 blueMarks=15 redMarks=45
2026.09.28-10.11.14 CAMERA dist=1931 loc=(0,1107,1582) pitch=-55 yaw=-90
2026.09.28-10.11.14 BOARD 5x6 cells | control points: (0,0)=(-200,-250,0) (4,5)=(200,250,0) | neighbor pair (dist 100 uu)
2026.09.28-10.11.14 ARTPREVIEW fighter=Medusa hero=1 eligible=1 visual=1 mesh=SK_Medusa_FaceNeck_v2Candidate
2026.09.28-10.11.14 FIGHTERS synced n=6 alive=6 own=4 enemy=2
2026.09.28-10.11.14 STATE seq=1 -> apply
2026.09.28-10.11.14 SUBSCRIBED gameStateUpdated since=1
2026.09.28-10.11.14 SNAPSHOT applied seq=1 phase=ACTION_MANEUVER
2026.09.28-10.11.14 HANDLE_APPLIED #2 seq=1 decision=1 fightersValid=1 boardValid=1
2026.09.28-10.11.14 MODE seq=1 mode=0 combat=0 pending=0
2026.09.28-10.11.14 HUD seq=1 phase=ACTION_MANEUVER turn=you hand=5 oppHand=5(hidden) oppDeck=25 deck=25 discard=0
2026.09.28-10.11.14 ARTPREVIEW fighter=Medusa hero=1 eligible=1 visual=1 mesh=SK_Medusa_FaceNeck_v2Candidate
2026.09.28-10.11.14 FIGHTERS synced n=6 alive=6 own=4 enemy=2
2026.09.28-10.11.14 WS seq=1 phase=ACTION_MANEUVER (merge)
2026.09.28-10.11.16 PERF window t=15.1-20.1 frames=150 fps=29.94 frameMs avg=33.40 p50=33.33 p95=33.33 p99=34.36 max=42.04 hitches50=0 gpuMs avg=32.13 p50=33.23 p95=34.78 gameMs avg=1.77 p95=2.11 renderMs avg=2.24 p95=3.02
2026.09.28-10.11.17 game -> room=cmul37igf00cdwi2ou6a3szjg code=<redacted> status=IN_PROGRESS
2026.09.28-10.11.20 game -> room=cmul37igf00cdwi2ou6a3szjg code=<redacted> status=IN_PROGRESS
2026.09.28-10.11.21 PERF window t=20.1-25.1 frames=151 fps=30.00 frameMs avg=33.33 p50=33.33 p95=33.33 p99=33.34 max=33.34 hitches50=0 gpuMs avg=32.34 p50=33.23 p95=34.91 gameMs avg=1.31 p95=1.69 renderMs avg=2.42 p95=3.00
2026.09.28-10.11.23 game -> room=cmul37igf00cdwi2ou6a3szjg code=<redacted> status=IN_PROGRESS
2026.09.28-10.11.26 game -> room=cmul37igf00cdwi2ou6a3szjg code=<redacted> status=IN_PROGRESS
2026.09.28-10.11.26 PERF window t=25.1-30.1 frames=150 fps=30.00 frameMs avg=33.33 p50=33.33 p95=33.34 p99=33.36 max=33.40 hitches50=0 gpuMs avg=30.24 p50=33.11 p95=35.02 gameMs avg=1.32 p95=1.55 renderMs avg=2.50 p95=3.13
2026.09.28-10.11.29 game -> room=cmul37igf00cdwi2ou6a3szjg code=<redacted> status=IN_PROGRESS
2026.09.28-10.11.30 ARTPREVIEW selection ring shown fighter=Medusa mesh=SM_Marker_SelectionRing
2026.09.28-10.11.30 ARTPREVIEW reachable corners cells=13 placed=1
2026.09.28-10.11.30 ARTPREVIEW selection ownHero=1 selected=1 fighter=Medusa reachable=14 fighterId=f-0-hero
2026.09.28-10.11.30 ARTPREVIEW camera focus requested zoom=5.00 overview=1931 target=386
2026.09.28-10.11.30 CAMERA settled elapsed=34.64 dist=389.3 target=386.2 errPct=0.809 focusErr=0.12 focus=(0,-50,28)
2026.09.28-10.11.31 PERF window t=30.1-35.1 frames=151 fps=30.00 frameMs avg=33.33 p50=33.33 p95=33.33 p99=33.34 max=33.34 hitches50=0 gpuMs avg=30.29 p50=33.13 p95=35.12 gameMs avg=1.29 p95=1.54 renderMs avg=2.47 p95=3.11
2026.09.28-10.11.32 SHOT ctx viewport=1920x1080 viewTarget=CameraActor_2147482372 cam=(0,171,344) rot=(-55,-90,0)
2026.09.28-10.11.32 SHOT fighter f-0-hero pos=(2,2) world=(0,-50,0) screen=(960,660) projected=1 alive=1
2026.09.28-10.11.32 SHOT fighter f-0-sk0 pos=(3,2) world=(100,-50,0) screen=(1704,660) projected=1 alive=1
2026.09.28-10.11.32 SHOT fighter f-0-sk1 pos=(2,1) world=(0,-150,0) screen=(960,110) projected=1 alive=1
2026.09.28-10.11.32 SHOT fighter f-0-sk2 pos=(1,2) world=(-100,-50,0) screen=(216,660) projected=1 alive=1
2026.09.28-10.11.32 SHOT fighter f-1-hero pos=(2,3) world=(0,50,0) screen=(960,1388) projected=1 alive=1
2026.09.28-10.11.32 SHOT fighter f-1-sk0 pos=(3,3) world=(100,50,0) screen=(1826,1388) projected=1 alive=1
2026.09.28-10.11.32 SHOT camera dist=386.2 target=386.2 overview=1930.8 errPct=0.000 focusErr=0.00 settled=1 zoom=5.00
2026.09.28-10.11.32 SHOT head fighter=f-0-hero socket=Head mesh=SK_Medusa_FaceNeck_v2Candidate world=(0.0,-46.0,38.5) screen=(960.0,517.7) top=(960.0,489.1) bottom=(960.0,545.6) headPx=56.4 projected=1
2026.09.28-10.11.32 SHOT requested: FScreenshotRequest(bShowUI) -> C:\Users\ren\AppData\Local\Temp\s08-phase2-20260928-151054-45964\phase2-board-host-1920x1080.png
2026.09.28-10.11.32 game -> room=cmul37igf00cdwi2ou6a3szjg code=<redacted> status=IN_PROGRESS
2026.09.28-10.11.35 game -> room=cmul37igf00cdwi2ou6a3szjg code=<redacted> status=IN_PROGRESS
2026.09.28-10.11.36 PERF window t=35.1-40.2 frames=144 fps=28.61 frameMs avg=34.95 p50=33.33 p95=33.33 p99=33.36 max=266.12 hitches50=1 gpuMs avg=33.95 p50=33.01 p95=34.82 gameMs avg=2.94 p95=1.55 renderMs avg=2.46 p95=2.91
2026.09.28-10.11.38 game -> room=cmul37igf00cdwi2ou6a3szjg code=<redacted> status=IN_PROGRESS
2026.09.28-10.11.41 PERF window t=40.2-45.2 frames=150 fps=29.93 frameMs avg=33.41 p50=33.33 p95=33.33 p99=33.34 max=44.66 hitches50=0 gpuMs avg=31.78 p50=33.30 p95=35.82 gameMs avg=1.17 p95=1.15 renderMs avg=2.37 p95=2.88
2026.09.28-10.11.41 game -> room=cmul37igf00cdwi2ou6a3szjg code=<redacted> status=IN_PROGRESS
2026.09.28-10.11.44 game -> room=cmul37igf00cdwi2ou6a3szjg code=<redacted> status=IN_PROGRESS
2026.09.28-10.11.46 PERF summary scope=afterWarmup warmup=5 elapsed=50.0 frames=1343 fps=29.81 frameMs avg=33.55 p50=33.33 p95=33.33 p99=33.43 max=266.12 hitches50=1 gpuMs avg=31.76 p50=33.26 p95=35.12 gameMs avg=1.54 p95=1.75 renderMs avg=2.33 p95=2.91
2026.09.28-10.11.46 PERF summary scope=started elapsed=50.0 frames=949 fps=29.77 frameMs avg=33.59 p50=33.33 p95=33.33 p99=33.34 max=266.12 hitches50=1 gpuMs avg=31.55 p50=33.25 p95=35.23 gameMs avg=1.54 p95=1.57 renderMs avg=2.46 p95=3.02
2026.09.28-10.11.46 --- S08 trace close ---
