2026.09.28-10.11.01 --- S08 trace open 2026.09.28-10.11.01 ---
2026.09.28-10.11.01 LOGIN ok user=art-preview-joiner
2026.09.28-10.11.04 HEROES loaded 84
2026.09.28-10.11.04 CODE resolved -> cmul37igf00cdwi2ou6a3szjg
2026.09.28-10.11.04 joinGame -> room=cmul37igf00cdwi2ou6a3szjg code=<redacted> status=LOBBY
2026.09.28-10.11.06 PERF config tMaxFPS=30.0 frameRateLimit=60.0 vsync=0 smoothFrameRate=0 fixedFrameRate=0 rhi=D3D11
2026.09.28-10.11.06 PERF window t=0.0-5.0 frames=151 fps=29.99 frameMs avg=33.34 p50=33.33 p95=33.33 p99=33.51 max=34.00 hitches50=0 gpuMs avg=35.33 p50=33.30 p95=34.95 gameMs avg=1.54 p95=1.85 renderMs avg=2.24 p95=2.46
2026.09.28-10.11.07 game -> room=cmul37igf00cdwi2ou6a3szjg code=<redacted> status=LOBBY
2026.09.28-10.11.07 selectHero -> room=cmul37igf00cdwi2ou6a3szjg code=<redacted> status=LOBBY
2026.09.28-10.11.10 game -> room=cmul37igf00cdwi2ou6a3szjg code=<redacted> status=LOBBY
2026.09.28-10.11.10 toggleReady -> room=cmul37igf00cdwi2ou6a3szjg code=<redacted> status=LOBBY
2026.09.28-10.11.11 PERF window t=5.0-10.1 frames=149 fps=29.66 frameMs avg=33.71 p50=33.33 p95=33.42 p99=45.27 max=46.22 hitches50=0 gpuMs avg=32.80 p50=33.33 p95=37.73 gameMs avg=1.63 p95=2.34 renderMs avg=2.17 p95=2.75
2026.09.28-10.11.13 game -> room=cmul37igf00cdwi2ou6a3szjg code=<redacted> status=LOBBY
2026.09.28-10.11.16 PERF window t=10.1-15.1 frames=150 fps=29.95 frameMs avg=33.39 p50=33.33 p95=33.33 p99=33.36 max=41.28 hitches50=0 gpuMs avg=33.26 p50=33.29 p95=34.20 gameMs avg=1.44 p95=1.78 renderMs avg=1.92 p95=2.38
2026.09.28-10.11.16 game -> room=cmul37igf00cdwi2ou6a3szjg code=<redacted> status=IN_PROGRESS
2026.09.28-10.11.16 WS DROPPED (test-initiated transport loss)
2026.09.28-10.11.16 WS closed (test drop) - reconnect in 1s
2026.09.28-10.11.16 SNAPSHOT applied seq=1 phase=ACTION_MANEUVER
2026.09.28-10.11.16 HANDLE_APPLIED #1 seq=1 decision=2 fightersValid=1 boardValid=1
2026.09.28-10.11.16 MODE seq=1 mode=0 combat=0 pending=0
2026.09.28-10.11.16 HUD seq=1 phase=ACTION_MANEUVER turn=opp hand=5 oppHand=5(hidden) oppDeck=25 deck=25 discard=0
2026.09.28-10.11.16 ARTPREVIEW Cobble assets ready
2026.09.28-10.11.16 ARTPREVIEW medusa candidate variant=face-neck-v2 mesh=SK_Medusa_FaceNeck_v2Candidate requested=(default)
2026.09.28-10.11.16 ARTPREVIEW Cobble probe lights key=4.5 fill=700 warm=85
2026.09.28-10.11.16 ARTPREVIEW Cobble active 5x6 zones=30 blue=15 red=15 blueMarks=15 redMarks=45
2026.09.28-10.11.16 CAMERA dist=1931 loc=(0,1107,1582) pitch=-55 yaw=-90
2026.09.28-10.11.16 BOARD 5x6 cells | control points: (0,0)=(-200,-250,0) (4,5)=(200,250,0) | neighbor pair (dist 100 uu)
2026.09.28-10.11.16 ARTPREVIEW fighter=Medusa hero=1 eligible=1 visual=1 mesh=SK_Medusa_FaceNeck_v2Candidate
2026.09.28-10.11.16 FIGHTERS synced n=6 alive=6 own=2 enemy=4
2026.09.28-10.11.16 STATE seq=1 -> apply
2026.09.28-10.11.16 WS closed 1000 (normal closure)
2026.09.28-10.11.17 WS reconnect attempt
2026.09.28-10.11.17 SUBSCRIBED gameStateUpdated since=1
2026.09.28-10.11.17 WS reconnected - refetching gameState
2026.09.28-10.11.17 SNAPSHOT applied seq=1 phase=ACTION_MANEUVER
2026.09.28-10.11.17 HANDLE_APPLIED #2 seq=1 decision=1 fightersValid=1 boardValid=1
2026.09.28-10.11.17 MODE seq=1 mode=0 combat=0 pending=0
2026.09.28-10.11.17 HUD seq=1 phase=ACTION_MANEUVER turn=opp hand=5 oppHand=5(hidden) oppDeck=25 deck=25 discard=0
2026.09.28-10.11.17 ARTPREVIEW fighter=Medusa hero=1 eligible=1 visual=1 mesh=SK_Medusa_FaceNeck_v2Candidate
2026.09.28-10.11.17 FIGHTERS synced n=6 alive=6 own=2 enemy=4
2026.09.28-10.11.17 STATE seq=1 -> merge
2026.09.28-10.11.17 SNAPSHOT applied seq=1 phase=ACTION_MANEUVER
2026.09.28-10.11.17 HANDLE_APPLIED #3 seq=1 decision=1 fightersValid=1 boardValid=1
2026.09.28-10.11.17 MODE seq=1 mode=0 combat=0 pending=0
2026.09.28-10.11.17 HUD seq=1 phase=ACTION_MANEUVER turn=opp hand=5 oppHand=5(hidden) oppDeck=25 deck=25 discard=0
2026.09.28-10.11.17 ARTPREVIEW fighter=Medusa hero=1 eligible=1 visual=1 mesh=SK_Medusa_FaceNeck_v2Candidate
2026.09.28-10.11.17 FIGHTERS synced n=6 alive=6 own=2 enemy=4
2026.09.28-10.11.17 WS seq=1 phase=ACTION_MANEUVER (merge)
2026.09.28-10.11.19 game -> room=cmul37igf00cdwi2ou6a3szjg code=<redacted> status=IN_PROGRESS
2026.09.28-10.11.21 PERF window t=15.1-20.1 frames=151 fps=30.00 frameMs avg=33.33 p50=33.33 p95=33.33 p99=33.34 max=33.35 hitches50=0 gpuMs avg=32.32 p50=33.32 p95=34.78 gameMs avg=1.61 p95=1.53 renderMs avg=2.91 p95=3.52
2026.09.28-10.11.22 game -> room=cmul37igf00cdwi2ou6a3szjg code=<redacted> status=IN_PROGRESS
2026.09.28-10.11.25 game -> room=cmul37igf00cdwi2ou6a3szjg code=<redacted> status=IN_PROGRESS
2026.09.28-10.11.26 PERF window t=20.1-25.1 frames=151 fps=30.00 frameMs avg=33.33 p50=33.33 p95=33.33 p99=33.34 max=33.34 hitches50=0 gpuMs avg=30.54 p50=33.27 p95=35.09 gameMs avg=1.28 p95=1.45 renderMs avg=2.84 p95=3.51
2026.09.28-10.11.28 game -> room=cmul37igf00cdwi2ou6a3szjg code=<redacted> status=IN_PROGRESS
2026.09.28-10.11.31 game -> room=cmul37igf00cdwi2ou6a3szjg code=<redacted> status=IN_PROGRESS
2026.09.28-10.11.31 PERF window t=25.1-30.2 frames=151 fps=30.00 frameMs avg=33.33 p50=33.33 p95=33.33 p99=33.33 max=33.33 hitches50=0 gpuMs avg=31.46 p50=33.01 p95=35.82 gameMs avg=1.27 p95=1.46 renderMs avg=2.71 p95=3.31
2026.09.28-10.11.34 game -> room=cmul37igf00cdwi2ou6a3szjg code=<redacted> status=IN_PROGRESS
2026.09.28-10.11.36 PERF window t=30.2-35.2 frames=151 fps=30.00 frameMs avg=33.33 p50=33.33 p95=33.33 p99=33.33 max=33.33 hitches50=0 gpuMs avg=31.71 p50=33.02 p95=35.88 gameMs avg=1.26 p95=1.45 renderMs avg=2.76 p95=3.37
2026.09.28-10.11.37 SHOT ctx viewport=1920x1080 viewTarget=CameraActor_2147482372 cam=(0,1107,1582) rot=(-55,-90,0)
2026.09.28-10.11.37 SHOT fighter f-0-hero pos=(2,2) world=(0,-50,0) screen=(960,476) projected=1 alive=1
2026.09.28-10.11.37 SHOT fighter f-0-sk0 pos=(3,2) world=(100,-50,0) screen=(1115,476) projected=1 alive=1
2026.09.28-10.11.37 SHOT fighter f-0-sk1 pos=(2,1) world=(0,-150,0) screen=(960,355) projected=1 alive=1
2026.09.28-10.11.37 SHOT fighter f-0-sk2 pos=(1,2) world=(-100,-50,0) screen=(805,476) projected=1 alive=1
2026.09.28-10.11.37 SHOT fighter f-1-hero pos=(2,3) world=(0,50,0) screen=(960,606) projected=1 alive=1
2026.09.28-10.11.37 SHOT fighter f-1-sk0 pos=(3,3) world=(100,50,0) screen=(1120,606) projected=1 alive=1
2026.09.28-10.11.37 SHOT camera dist=1930.8 target=1930.8 overview=1930.8 errPct=0.000 focusErr=0.00 settled=1 zoom=1.00
2026.09.28-10.11.37 SHOT head fighter=f-0-hero socket=Head mesh=SK_Medusa_FaceNeck_v2Candidate world=(0.0,-46.0,38.5) screen=(960.0,445.5) top=(960.0,439.8) bottom=(960.0,451.2) headPx=11.4 projected=1
2026.09.28-10.11.37 SHOT requested: FScreenshotRequest(bShowUI) -> C:\Users\ren\AppData\Local\Temp\s08-phase2-20260928-151054-45964\phase2-board-joiner-1920x1080.png
2026.09.28-10.11.37 game -> room=cmul37igf00cdwi2ou6a3szjg code=<redacted> status=IN_PROGRESS
2026.09.28-10.11.40 game -> room=cmul37igf00cdwi2ou6a3szjg code=<redacted> status=IN_PROGRESS
2026.09.28-10.11.41 PERF window t=35.2-40.2 frames=146 fps=29.16 frameMs avg=34.29 p50=33.33 p95=33.33 p99=79.04 max=126.98 hitches50=2 gpuMs avg=29.97 p50=33.27 p95=34.40 gameMs avg=2.03 p95=1.51 renderMs avg=2.37 p95=2.88
2026.09.28-10.11.43 game -> room=cmul37igf00cdwi2ou6a3szjg code=<redacted> status=IN_PROGRESS
2026.09.28-10.11.46 game -> room=cmul37igf00cdwi2ou6a3szjg code=<redacted> status=IN_PROGRESS
2026.09.28-10.11.46 PERF window t=40.2-45.2 frames=150 fps=30.00 frameMs avg=33.33 p50=33.33 p95=33.33 p99=33.35 max=33.38 hitches50=0 gpuMs avg=31.51 p50=33.25 p95=34.40 gameMs avg=1.27 p95=1.36 renderMs avg=2.38 p95=2.81
2026.09.28-10.11.49 game -> room=cmul37igf00cdwi2ou6a3szjg code=<redacted> status=IN_PROGRESS
2026.09.28-10.11.51 PERF summary scope=afterWarmup warmup=5 elapsed=50.0 frames=1345 fps=29.86 frameMs avg=33.49 p50=33.33 p95=33.33 p99=33.40 max=126.98 hitches50=2 gpuMs avg=31.58 p50=33.27 p95=35.09 gameMs avg=1.43 p95=1.60 renderMs avg=2.49 p95=3.24
2026.09.28-10.11.51 PERF summary scope=started elapsed=50.0 frames=1044 fps=29.88 frameMs avg=33.47 p50=33.33 p95=33.33 p99=33.34 max=126.98 hitches50=2 gpuMs avg=31.16 p50=33.26 p95=35.05 gameMs avg=1.40 p95=1.46 renderMs avg=2.62 p95=3.28
2026.09.28-10.11.51 --- S08 trace close ---
