2026.09.30-16.12.14 --- S08 trace open 2026.09.30-16.12.14 ---
2026.09.30-16.12.14 HUD team chips ready=1 mode=absolute tagNames=rule
2026.09.30-16.12.14 HUD icon texture size=32 ready=1 path=/Game/ArtTests/ARTMarkers/Textures/T_UI_Action_AttackToken_32 texture=32x32 probe=0 plate=1
2026.09.30-16.12.14 HUD art widget tag impl=umg source=/Game/S08/UI/ArtHud/WBP_S08ArtTag class=/Game/S08/UI/ArtHud/WBP_S08ArtTag.WBP_S08ArtTag_C count=8 missing=- codeDefaultTree=0
2026.09.30-16.12.14 HUD art widget plate impl=umg source=/Game/S08/UI/ArtHud/WBP_S08ArtPlate class=/Game/S08/UI/ArtHud/WBP_S08ArtPlate.WBP_S08ArtPlate_C parts=1 missing=- codeDefaultTree=0
2026.09.30-16.12.14 HUD art widget icon impl=umg source=/Game/S08/UI/ArtHud/WBP_S08ArtIcon class=/Game/S08/UI/ArtHud/WBP_S08ArtIcon.WBP_S08ArtIcon_C parts=1 missing=- codeDefaultTree=0
2026.09.30-16.12.14 HUD art widget damage impl=umg source=/Game/S08/UI/ArtHud/WBP_S08ArtDamage class=/Game/S08/UI/ArtHud/WBP_S08ArtDamage.WBP_S08ArtDamage_C parts=1 missing=- codeDefaultTree=0
2026.09.30-16.12.14 RENDER preset applied=High flag=S08RenderPreset
2026.09.30-16.12.14 LOGIN ok user=art-preview-host
2026.09.30-16.12.17 HEROES loaded 84
2026.09.30-16.12.17 createGame -> room=cmuoazujq00ivwirccswn5ea1 code=<redacted> status=LOBBY
2026.09.30-16.12.19 PERF config tMaxFPS=30.0 frameRateLimit=60.0 vsync=0 smoothFrameRate=0 fixedFrameRate=0 rhi=D3D12
2026.09.30-16.12.19 RENDER tag=PERF rhi=D3D12 featureLevel=SM6 shaderPlatform=PCD3D_SM6 lumenPlatform=1 gi=lumen giMethod=1 refl=lumen reflMethod=1 shadows=csm vsmEnable=0 sg.res=100 sg.view=2 sg.aa=2 sg.shadow=2 sg.gi=2 sg.refl=2 sg.pp=2 sg.tex=2 sg.fx=2 sg.foliage=2 sg.shading=2 sg.landscape=2 preset=High screenPct=100.0 screenPctMode=0 aa=TSR aaMethod=4 exposure=engine-default expMin=1.00000 expMax=1.00000 expBias=1.000 ev100=0.00 lightUnits=- sky=0 skyIntensity=0.000 keyShadow=- shadowCasters=0 profile=- profilesSha256=- profilesSource=- legacyRender=0 gameLayer=unlit-eyeadaptinv tMaxFPS=30.0 vsync=0 frameRateLimit=60.0 substrate=0 nanite=1 meshDF=1 viewport=1920x1080 reference=0 notReference=noArtProfile,exposure,lightUnits,profilesSource
2026.09.30-16.12.19 PERF window t=0.0-5.0 frames=151 fps=29.92 frameMs avg=33.43 p50=33.33 p95=33.33 p99=33.56 max=47.06 hitches50=0 gpuMs avg=1.71 p50=1.37 p95=3.69 gameMs avg=1.72 p95=2.01 renderMs avg=2849.36 p95=3.87
2026.09.30-16.12.20 game -> room=cmuoazujq00ivwirccswn5ea1 code=<redacted> status=LOBBY
2026.09.30-16.12.20 selectHero -> room=cmuoazujq00ivwirccswn5ea1 code=<redacted> status=LOBBY
2026.09.30-16.12.23 game -> room=cmuoazujq00ivwirccswn5ea1 code=<redacted> status=LOBBY
2026.09.30-16.12.23 toggleReady -> room=cmuoazujq00ivwirccswn5ea1 code=<redacted> status=LOBBY
2026.09.30-16.12.24 PERF window t=5.0-10.0 frames=150 fps=30.00 frameMs avg=33.34 p50=33.33 p95=33.33 p99=33.42 max=33.45 hitches50=0 gpuMs avg=1.33 p50=1.34 p95=1.43 gameMs avg=1.58 p95=2.19 renderMs avg=2.76 p95=4.79
2026.09.30-16.12.26 game -> room=cmuoazujq00ivwirccswn5ea1 code=<redacted> status=LOBBY
2026.09.30-16.12.29 PERF window t=10.0-15.0 frames=150 fps=30.00 frameMs avg=33.33 p50=33.33 p95=33.33 p99=33.33 max=33.33 hitches50=0 gpuMs avg=1.41 p50=1.41 p95=1.49 gameMs avg=1.46 p95=1.68 renderMs avg=2.35 p95=2.74
2026.09.30-16.12.29 game -> room=cmuoazujq00ivwirccswn5ea1 code=<redacted> status=LOBBY
2026.09.30-16.12.32 game -> room=cmuoazujq00ivwirccswn5ea1 code=<redacted> status=LOBBY
2026.09.30-16.12.32 startGame -> room=cmuoazujq00ivwirccswn5ea1 code=<redacted> status=IN_PROGRESS
2026.09.30-16.12.32 SNAPSHOT applied seq=1 phase=ACTION_MANEUVER
2026.09.30-16.12.32 HANDLE_APPLIED #1 seq=1 decision=2 fightersValid=1 boardValid=1
2026.09.30-16.12.32 MODE seq=1 mode=0 combat=0 pending=0
2026.09.30-16.12.32 HUD seq=1 phase=ACTION_MANEUVER turn=you hand=5 oppHand=5(hidden) oppDeck=25 deck=25 discard=0
2026.09.30-16.12.32 ARTPREVIEW board profiles loaded=1 revision=5 boards=3 zoneStyles=11 lightProfiles=3 errors=0 path=Config/ArtBoards/S08ArtBoardProfiles.json
2026.09.30-16.12.32 ARTPREVIEW board profiles source=pak sha256=1ecc1e9281845655acf8b31f1dcf52a7510abfc8ba8505525ad72ee8f4ce3c4c
2026.09.30-16.12.32 ARTPREVIEW zone content instances=12/12 glyphMeshes=11/11
2026.09.30-16.12.32 ARTPREVIEW zone keyline content mi=MI_ART005_Zone_Keyline glyphKeyMeshes=11/11 color=#111317
2026.09.30-16.12.32 ARTPREVIEW game layer material=M_S08_GameLayerUnlit unlitEyeAdaptInv=1 legacyRender=0
2026.09.30-16.12.32 ARTPREVIEW Cobble assets ready
2026.09.30-16.12.32 ARTPREVIEW board assets ready cobbleMesh=1 tiles=1 zoneMaterials=2
2026.09.30-16.12.32 ARTPREVIEW medusa candidate variant=face-neck-v2 mesh=SK_Medusa_FaceNeck_v2Candidate requested=face-neck-v2
2026.09.30-16.12.32 ARTPREVIEW board profile=sherwood-forest-art-fixture match=boardId board=8x5 boardId=c37a3b6643a96c45fa71f10de surface=tiles light=forest-probe artFixture=1
2026.09.30-16.12.32 ARTPREVIEW light profile=forest-probe name=key role=key kind=directional at=(-350,-150,600) intensity=4 units=lux radius=0 color=(0.73,0.82,0.74) shadow=1
2026.09.30-16.12.32 ARTPREVIEW light profile=forest-probe name=warm-pool-a role=warm kind=point at=(-240,-150,250) intensity=150 units=candelas radius=430 color=(1.00,0.62,0.32) shadow=0
2026.09.30-16.12.32 ARTPREVIEW light profile=forest-probe name=warm-pool-b role=warm kind=point at=(240,25,230) intensity=110 units=candelas radius=330 color=(1.00,0.67,0.35) shadow=0
2026.09.30-16.12.32 ARTPREVIEW light profile=forest-probe name=canopy-shade role=cool kind=point at=(-160,175,260) intensity=80 units=candelas radius=380 color=(0.55,0.80,0.60) shadow=0
2026.09.30-16.12.32 ARTPREVIEW sky profile=forest-probe cubemap=/Game/S08/Render/TC_S08_AmbientDome loaded=1 spawned=1 intensity=11.8 color=(0.88,0.94,0.88) lowerBlack=0
2026.09.30-16.12.32 ARTPREVIEW exposure profile=forest-probe method=histogram-fixed min=4.14106 max=4.14106 bias=0.000 ev100=2.05 volume=1
2026.09.30-16.12.32 ARTPREVIEW lights applied profile=forest-probe directional=1 shadow=1 points=3 pointShadows=0 budgetOk=1
2026.09.30-16.12.32 ARTPREVIEW render profile=forest-probe units=candelas sky=1 exposure=1 keyShadow=csm-3000uu-2c-contact0.000 shadowCasters=1 legacyRender=0
2026.09.30-16.12.32 ARTPREVIEW board zone keylines pieces=142 glyphKeys=47 glyphKeyCubePieces=0 mi=MI_ART005_Zone_Keyline growUU=1.5 edgeUU=42.0 maxOuterUU=45.0
2026.09.30-16.12.32 ARTPREVIEW board glyph meshes instances=47 keys=7/7 cubePieces=0 anchors=47
2026.09.30-16.12.32 ARTPREVIEW board active profile=sherwood-forest-art-fixture 8x5 surface=tiles cells=40 zoneCells=30 multizone=14 triple=3 obstacles=10 zoneKeys=7 strokes=142 glyphs=82 surfaceParts=34 glyphMaterial=zone expectOk=1
2026.09.30-16.12.32 ARTPREVIEW board zone key=brown cells=6 stroke=solid glyph=x color=#B9784A ismUsage=1 strokePieces=6 glyphPieces=12 mi=MI_ART005_Zone_Brown glyphMesh=SM_ART005_ZoneGlyph_X glyphInstances=6 fallback=0
2026.09.30-16.12.32 ARTPREVIEW board zone key=gray cells=6 stroke=dots5 glyph=square color=#6B727A ismUsage=1 strokePieces=30 glyphPieces=6 mi=MI_ART005_Zone_Gray glyphMesh=SM_ART005_ZoneGlyph_Square glyphInstances=6 fallback=0
2026.09.30-16.12.32 ARTPREVIEW board zone key=green cells=6 stroke=dash2 glyph=cross color=#46B45A ismUsage=1 strokePieces=12 glyphPieces=12 mi=MI_ART005_Zone_Green glyphMesh=SM_ART005_ZoneGlyph_Cross glyphInstances=6 fallback=0
2026.09.30-16.12.32 ARTPREVIEW board zone key=light-gray cells=5 stroke=double glyph=hbars2 color=#F1E8D2 ismUsage=1 strokePieces=10 glyphPieces=10 mi=MI_ART005_Zone_LightGray glyphMesh=SM_ART005_ZoneGlyph_HBars2 glyphInstances=5 fallback=0
2026.09.30-16.12.32 ARTPREVIEW board zone key=light-green cells=6 stroke=dashdot glyph=bar1 color=#A6DC66 ismUsage=1 strokePieces=18 glyphPieces=6 mi=MI_ART005_Zone_LightGreen glyphMesh=SM_ART005_ZoneGlyph_Bar1 glyphInstances=6 fallback=0
2026.09.30-16.12.32 ARTPREVIEW board zone key=orange cells=6 stroke=dash3 glyph=tee color=#F2933A ismUsage=1 strokePieces=18 glyphPieces=12 mi=MI_ART005_Zone_Orange glyphMesh=SM_ART005_ZoneGlyph_Tee glyphInstances=6 fallback=0
2026.09.30-16.12.32 ARTPREVIEW board zone key=yellow cells=12 stroke=dash4 glyph=chevron color=#F4D24A ismUsage=1 strokePieces=48 glyphPieces=24 mi=MI_ART005_Zone_Yellow glyphMesh=SM_ART005_ZoneGlyph_Chevron glyphInstances=12 fallback=0
2026.09.30-16.12.32 ARTPREVIEW board multizone cells=14 zonesListed=31 zonesMarked=31
2026.09.30-16.12.32 ARTPREVIEW board multizone cell=(1,0) light-green+orange strokeSides=0+1 glyphSlots=0+1 marked=2/2
2026.09.30-16.12.32 ARTPREVIEW board multizone cell=(3,0) gray+orange strokeSides=0+1 glyphSlots=0+1 marked=2/2
2026.09.30-16.12.32 ARTPREVIEW board multizone cell=(4,0) green+orange strokeSides=0+1 glyphSlots=0+1 marked=2/2
2026.09.30-16.12.32 ARTPREVIEW board multizone cell=(5,0) green+orange strokeSides=0+1 glyphSlots=0+1 marked=2/2
2026.09.30-16.12.32 ARTPREVIEW board multizone cell=(6,0) light-gray+green+orange strokeSides=0+1+2 glyphSlots=0+1+2 marked=3/3
2026.09.30-16.12.32 ARTPREVIEW board multizone cell=(1,1) brown+light-green strokeSides=0+1 glyphSlots=0+1 marked=2/2
2026.09.30-16.12.32 ARTPREVIEW board multizone cell=(7,1) light-gray+green strokeSides=0+1 glyphSlots=0+1 marked=2/2
2026.09.30-16.12.32 ARTPREVIEW board multizone cell=(3,2) brown+yellow strokeSides=0+1 glyphSlots=0+1 marked=2/2
2026.09.30-16.12.32 ARTPREVIEW board multizone cell=(4,2) gray+brown+yellow strokeSides=0+1+2 glyphSlots=0+1+2 marked=3/3
2026.09.30-16.12.32 ARTPREVIEW board multizone cell=(7,2) light-gray+green strokeSides=0+1 glyphSlots=0+1 marked=2/2
2026.09.30-16.12.32 ARTPREVIEW board multizone cell=(5,3) gray+brown+yellow strokeSides=0+1+2 glyphSlots=0+1+2 marked=3/3
2026.09.30-16.12.32 ARTPREVIEW board multizone cell=(7,3) light-gray+yellow strokeSides=0+1 glyphSlots=0+1 marked=2/2
2026.09.30-16.12.32 ARTPREVIEW board multizone cell=(2,4) light-green+yellow strokeSides=0+1 glyphSlots=0+1 marked=2/2
2026.09.30-16.12.32 ARTPREVIEW board multizone cell=(7,4) light-gray+yellow strokeSides=0+1 glyphSlots=0+1 marked=2/2
2026.09.30-16.12.32 CAMERA dist=1672 loc=(0,959,1370) pitch=-55 yaw=-90
2026.09.30-16.12.32 CAMERA config overview=1672.1 nearest=300.0 farthest=2572.5 zoomRange=0.65-5.57 minDist=300.0 outRatio=0.650 step=1.250 animMs=200 returnMs=300 followFrom=1.20 source=defaults issues=0
2026.09.30-16.12.32 BOARD 8x5 cells | control points: (0,0)=(-350,-200,0) (7,4)=(350,200,0) | neighbor pair (dist 100 uu)
2026.09.30-16.12.32 ARTPREVIEW team mapping mode=absolute source=seatOrder viewerTeam=P1 p1=f-0-hero,f-0-sk0,f-0-sk1,f-0-sk2 p2=f-1-hero,f-1-sk0
2026.09.30-16.12.32 ARTPREVIEW medusa materials fighter=f-0-hero team=own mesh=SK_Medusa_FaceNeck_v2Candidate slots=2 mi=/Game/ArtPreview/Medusa/Materials/MI_Medusa_P1.MI_Medusa_P1 slot1=/Game/ArtPreview/Medusa/Materials/MI_Medusa_P1.MI_Medusa_P1 base=/Game/ArtPreview/Medusa/Materials/MI_Medusa_P1.MI_Medusa_P1 parent=/Game/ArtPreview/Medusa/Materials/M_Medusa_Atlas.M_Medusa_Atlas params=1 miSha256=605ba81410e062e55aec4bd1d157eadbdab662c6339073f40948e13dc3b47df0 teamSlot=P1 look=P1 mode=absolute
2026.09.30-16.12.32 ARTPREVIEW click capsule fighter=f-0-hero mesh=SK_Medusa_FaceNeck_v2Candidate physicsAsset=0 radius=12.5 halfHeight=27.5 top=55.0 bodyCollision=0 source=meshBounds
2026.09.30-16.12.32 ARTPREVIEW fighter=Medusa hero=1 eligible=1 visual=1 mesh=SK_Medusa_FaceNeck_v2Candidate
2026.09.30-16.12.32 ARTPREVIEW team ring fighter=f-0-hero team=P1 look=P1 mode=absolute shape=circle shown=1 mesh=SM_Marker_TeamRing_P1 fill=#E8C06A keyline=#111317 fillLinear=(0.8070,0.5271,0.1441) zMin=0.60 zMax=1.20 scale=1.00 base=hidden blockout=0 art=1 rim=#FFFFFF
2026.09.30-16.12.32 ARTPREVIEW click capsule fighter=f-0-sk0 mesh=SM_ART003_Harpy physicsAsset=0 radius=20.0 halfHeight=21.0 top=42.0 bodyCollision=0 source=meshBounds
2026.09.30-16.12.32 ARTPREVIEW team ring fighter=f-0-sk0 team=P1 look=P1 mode=absolute shape=circle shown=1 mesh=SM_Marker_TeamRing_P1 fill=#E8C06A keyline=#111317 fillLinear=(0.8070,0.5271,0.1441) zMin=0.60 zMax=1.20 scale=0.78 base=hidden blockout=1 art=0 rim=#FFFFFF
2026.09.30-16.12.32 ARTPREVIEW click capsule fighter=f-0-sk1 mesh=SM_ART003_Harpy physicsAsset=0 radius=20.0 halfHeight=21.0 top=42.0 bodyCollision=0 source=meshBounds
2026.09.30-16.12.32 ARTPREVIEW team ring fighter=f-0-sk1 team=P1 look=P1 mode=absolute shape=circle shown=1 mesh=SM_Marker_TeamRing_P1 fill=#E8C06A keyline=#111317 fillLinear=(0.8070,0.5271,0.1441) zMin=0.60 zMax=1.20 scale=0.78 base=hidden blockout=1 art=0 rim=#FFFFFF
2026.09.30-16.12.32 ARTPREVIEW click capsule fighter=f-0-sk2 mesh=SM_ART003_Harpy physicsAsset=0 radius=20.0 halfHeight=21.0 top=42.0 bodyCollision=0 source=meshBounds
2026.09.30-16.12.32 ARTPREVIEW team ring fighter=f-0-sk2 team=P1 look=P1 mode=absolute shape=circle shown=1 mesh=SM_Marker_TeamRing_P1 fill=#E8C06A keyline=#111317 fillLinear=(0.8070,0.5271,0.1441) zMin=0.60 zMax=1.20 scale=0.78 base=hidden blockout=1 art=0 rim=#FFFFFF
2026.09.30-16.12.32 ARTPREVIEW click capsule fighter=f-1-hero mesh=SM_ART003_Arthur physicsAsset=0 radius=17.8 halfHeight=28.0 top=56.0 bodyCollision=0 source=meshBounds
2026.09.30-16.12.32 ARTPREVIEW team ring fighter=f-1-hero team=P2 look=P2 mode=absolute shape=hexagon shown=1 mesh=SM_Marker_TeamRing_P2 fill=#5A7F9F keyline=#111317 fillLinear=(0.1022,0.2122,0.3467) zMin=0.60 zMax=1.20 scale=1.00 base=hidden blockout=1 art=0 rim=#FFFFFF
2026.09.30-16.12.32 ARTPREVIEW click capsule fighter=f-1-sk0 mesh=SM_ART003_Merlin physicsAsset=0 radius=14.7 halfHeight=30.8 top=61.5 bodyCollision=0 source=meshBounds
2026.09.30-16.12.32 ARTPREVIEW team ring fighter=f-1-sk0 team=P2 look=P2 mode=absolute shape=hexagon shown=1 mesh=SM_Marker_TeamRing_P2 fill=#5A7F9F keyline=#111317 fillLinear=(0.1022,0.2122,0.3467) zMin=0.60 zMax=1.20 scale=0.78 base=hidden blockout=1 art=0 rim=#FFFFFF
2026.09.30-16.12.32 FIGHTERS synced n=6 alive=6 own=4 enemy=2
2026.09.30-16.12.32 STATE seq=1 -> apply
2026.09.30-16.12.32 HUD art layer plate=1 iconSize=32 iconTexture=1 iconProbe=0 plan=0
2026.09.30-16.12.32 HUD art impl=umg plateViews=umg:/Game/S08/UI/ArtHud/WBP_S08ArtPlate iconViews=umg:/Game/S08/UI/ArtHud/WBP_S08ArtIcon textTable=S08ArtHud entries=13 missingKeys=0
2026.09.30-16.12.32 TAG fighter=f-0-sk2 bbox=(915,542,1006,583) mode=full look=P1 placement=below ring=0 hardPx2=0 softPx2=0 order=0 bound=0
2026.09.30-16.12.32 TAG fighter=f-1-hero bbox=(908,584,1013,625) mode=full look=P2 placement=below ring=7 hardPx2=0 softPx2=0 order=2 bound=0
2026.09.30-16.12.32 TAG fighter=f-1-sk0 bbox=(1651,193,1735,234) mode=full look=P2 placement=right ring=0 hardPx2=0 softPx2=0 order=1 bound=1
2026.09.30-16.12.32 ARTPREVIEW screen labels=1 (world TextRender labels and damage text hidden)
2026.09.30-16.12.32 SUBSCRIBED gameStateUpdated since=1
2026.09.30-16.12.32 TAG fighter=f-0-hero bbox=(631,414,733,436) mode=compact look=P1 placement=above ring=0 hardPx2=0 softPx2=0 order=1 bound=1
2026.09.30-16.12.32 TAG fighter=f-0-sk0 bbox=(822,419,913,460) mode=full look=P1 placement=above ring=0 hardPx2=0 softPx2=0 order=3 bound=1
2026.09.30-16.12.32 TAG fighter=f-0-sk1 bbox=(454,419,545,460) mode=full look=P1 placement=above ring=0 hardPx2=0 softPx2=0 order=2 bound=1
2026.09.30-16.12.32 TAG fighter=f-0-sk2 bbox=(1007,419,1098,460) mode=full look=P1 placement=above ring=0 hardPx2=0 softPx2=0 order=4 bound=1
2026.09.30-16.12.32 TAG fighter=f-1-hero bbox=(1186,394,1291,435) mode=full look=P2 placement=above ring=0 hardPx2=0 softPx2=0 order=0 bound=1
2026.09.30-16.12.32 TAG fighter=f-1-sk0 bbox=(1300,595,1384,636) mode=full look=P2 placement=right ring=0 hardPx2=0 softPx2=0 order=5 bound=1
2026.09.30-16.12.32 SNAPSHOT applied seq=1 phase=ACTION_MANEUVER
2026.09.30-16.12.32 HANDLE_APPLIED #2 seq=1 decision=1 fightersValid=1 boardValid=1
2026.09.30-16.12.32 MODE seq=1 mode=0 combat=0 pending=0
2026.09.30-16.12.32 HUD seq=1 phase=ACTION_MANEUVER turn=you hand=5 oppHand=5(hidden) oppDeck=25 deck=25 discard=0
2026.09.30-16.12.32 ARTPREVIEW fighter=Medusa hero=1 eligible=1 visual=1 mesh=SK_Medusa_FaceNeck_v2Candidate
2026.09.30-16.12.32 FIGHTERS synced n=6 alive=6 own=4 enemy=2
2026.09.30-16.12.32 WS seq=1 phase=ACTION_MANEUVER (merge)
2026.09.30-16.12.32 TAG fighter=f-0-hero bbox=(631,414,733,436) mode=compact look=P1 placement=above ring=0 hardPx2=0 softPx2=0 order=1 bound=1
2026.09.30-16.12.32 TAG fighter=f-0-sk0 bbox=(822,419,913,460) mode=full look=P1 placement=above ring=0 hardPx2=0 softPx2=0 order=3 bound=1
2026.09.30-16.12.32 TAG fighter=f-0-sk1 bbox=(454,419,545,460) mode=full look=P1 placement=above ring=0 hardPx2=0 softPx2=0 order=2 bound=1
2026.09.30-16.12.32 TAG fighter=f-0-sk2 bbox=(1007,419,1098,460) mode=full look=P1 placement=above ring=0 hardPx2=0 softPx2=0 order=4 bound=1
2026.09.30-16.12.32 TAG fighter=f-1-hero bbox=(1186,394,1291,435) mode=full look=P2 placement=above ring=0 hardPx2=0 softPx2=0 order=0 bound=1
2026.09.30-16.12.32 TAG fighter=f-1-sk0 bbox=(1300,595,1384,636) mode=full look=P2 placement=right ring=0 hardPx2=0 softPx2=0 order=5 bound=1
2026.09.30-16.12.34 PERF window t=15.0-20.1 frames=150 fps=29.90 frameMs avg=33.45 p50=33.33 p95=33.33 p99=34.97 max=48.65 hitches50=0 gpuMs avg=1.62 p50=1.42 p95=2.10 gameMs avg=1.93 p95=2.08 renderMs avg=3.38 p95=3.91
2026.09.30-16.12.35 game -> room=cmuoazujq00ivwirccswn5ea1 code=<redacted> status=IN_PROGRESS
2026.09.30-16.12.38 game -> room=cmuoazujq00ivwirccswn5ea1 code=<redacted> status=IN_PROGRESS
2026.09.30-16.12.39 PERF window t=20.1-25.1 frames=151 fps=30.00 frameMs avg=33.33 p50=33.33 p95=33.33 p99=33.34 max=33.34 hitches50=0 gpuMs avg=1.91 p50=1.89 p95=2.13 gameMs avg=1.47 p95=1.76 renderMs avg=2.94 p95=3.43
2026.09.30-16.12.41 game -> room=cmuoazujq00ivwirccswn5ea1 code=<redacted> status=IN_PROGRESS
2026.09.30-16.12.44 game -> room=cmuoazujq00ivwirccswn5ea1 code=<redacted> status=IN_PROGRESS
2026.09.30-16.12.44 PERF window t=25.1-30.1 frames=150 fps=30.00 frameMs avg=33.33 p50=33.33 p95=33.33 p99=33.34 max=33.40 hitches50=0 gpuMs avg=1.90 p50=1.88 p95=2.08 gameMs avg=1.44 p95=1.69 renderMs avg=2.97 p95=3.58
2026.09.30-16.12.47 game -> room=cmuoazujq00ivwirccswn5ea1 code=<redacted> status=IN_PROGRESS
2026.09.30-16.12.48 ARTPREVIEW selection ring shown fighter=Medusa mesh=SM_Marker_SelectionRing
2026.09.30-16.12.48 ARTPREVIEW reachable corners cells=9 placed=1
2026.09.30-16.12.48 ARTPREVIEW selection ownHero=1 selected=1 fighter=Medusa reachable=10 fighterId=f-0-hero
2026.09.30-16.12.48 INPUT select src=flag fighter=f-0-hero flag=ArtPreviewSelectOwnHero
2026.09.30-16.12.48 HUD plate content fighter=f-0-hero name=Medusa hp=16/16 team=own statuses=HERO  |  MELEE teamSlot=P1 look=P1 shape=circle chip=#DAC576
2026.09.30-16.12.48 PLATE fighter=f-0-hero bbox=(589,589,761,643) overlapReachable=0 placement=below ring=0 gap=6 selection=f-0-hero destinations=9 clean=1 softPx2=0 tested=130 bound=1
2026.09.30-16.12.48 TAG fighter=f-0-sk0 bbox=(822,419,913,460) mode=full look=P1 placement=above ring=0 hardPx2=0 softPx2=0 order=2 bound=1
2026.09.30-16.12.48 TAG fighter=f-0-sk1 bbox=(454,419,545,460) mode=full look=P1 placement=above ring=0 hardPx2=0 softPx2=0 order=1 bound=1
2026.09.30-16.12.48 TAG fighter=f-0-sk2 bbox=(1007,419,1098,460) mode=full look=P1 placement=above ring=0 hardPx2=0 softPx2=0 order=3 bound=1
2026.09.30-16.12.48 TAG fighter=f-1-hero bbox=(1186,394,1291,435) mode=full look=P2 placement=above ring=0 hardPx2=0 softPx2=0 order=0 bound=1
2026.09.30-16.12.48 TAG fighter=f-1-sk0 bbox=(1300,595,1384,636) mode=full look=P2 placement=right ring=0 hardPx2=0 softPx2=0 order=4 bound=1
2026.09.30-16.12.49 PERF window t=30.1-35.1 frames=151 fps=30.00 frameMs avg=33.33 p50=33.33 p95=33.33 p99=33.34 max=33.35 hitches50=0 gpuMs avg=1.89 p50=1.88 p95=2.05 gameMs avg=1.49 p95=1.84 renderMs avg=3.05 p95=3.91
2026.09.30-16.12.50 SHOT ctx viewport=1920x1080 viewTarget=CameraActor_2147482312 cam=(0,959,1370) rot=(-55,-90,0)
2026.09.30-16.12.50 RENDER tag=SHOT rhi=D3D12 featureLevel=SM6 shaderPlatform=PCD3D_SM6 lumenPlatform=1 gi=lumen giMethod=1 refl=lumen reflMethod=1 shadows=csm vsmEnable=0 sg.res=100 sg.view=2 sg.aa=2 sg.shadow=2 sg.gi=2 sg.refl=2 sg.pp=2 sg.tex=2 sg.fx=2 sg.foliage=2 sg.shading=2 sg.landscape=2 preset=High screenPct=100.0 screenPctMode=0 aa=TSR aaMethod=4 exposure=fixed-histogram expMin=4.14106 expMax=4.14106 expBias=0.000 ev100=2.05 lightUnits=candelas sky=1 skyIntensity=11.800 keyShadow=csm-3000uu-2c-contact0.000 shadowCasters=1 profile=forest-probe profilesSha256=1ecc1e9281845655acf8b31f1dcf52a7510abfc8ba8505525ad72ee8f4ce3c4c profilesSource=pak legacyRender=0 gameLayer=unlit-eyeadaptinv tMaxFPS=30.0 vsync=0 frameRateLimit=60.0 substrate=0 nanite=1 meshDF=1 viewport=1920x1080 reference=1
2026.09.30-16.12.50 SHOT fighter f-0-hero pos=(2,2) world=(-150,0,0) screen=(687,540) projected=1 alive=1
2026.09.30-16.12.50 SHOT fighter f-0-sk0 pos=(3,2) world=(-50,0,0) screen=(869,540) projected=1 alive=1
2026.09.30-16.12.50 SHOT fighter f-0-sk1 pos=(1,2) world=(-250,0,0) screen=(505,540) projected=1 alive=1
2026.09.30-16.12.50 SHOT fighter f-0-sk2 pos=(4,2) world=(50,0,0) screen=(1051,540) projected=1 alive=1
2026.09.30-16.12.50 SHOT fighter f-1-hero pos=(5,2) world=(150,0,0) screen=(1233,540) projected=1 alive=1
2026.09.30-16.12.50 SHOT fighter f-1-sk0 pos=(5,3) world=(150,100,0) screen=(1243,694) projected=1 alive=1
2026.09.30-16.12.50 SHOT camera dist=1672.1 target=1672.1 overview=1672.1 errPct=0.000 focusErr=0.00 settled=1 zoom=1.00
2026.09.30-16.12.50 SHOT head fighter=f-0-hero socket=Head mesh=SK_Medusa_FaceNeck_v2Candidate world=(-150.0,-4.0,38.5) screen=(682.0,493.0) top=(681.2,486.5) bottom=(682.8,499.5) headPx=13.1 projected=1
2026.09.30-16.12.50 SHOT selection fighter=f-0-hero ownCell=(2,2) legal=10 destinations=9 ownCellExcluded=1 plateFighter=f-0-hero
2026.09.30-16.12.50 SHOT reachable fighter=f-0-hero n=9 cells=(1,0)(3,0)(1,1)(3,1)(4,1)(0,2)(0,3)(3,3)(3,4)
2026.09.30-16.12.50 SHOT plate fighter=f-0-hero bbox=(589,589,761,643) overlapReachable=0 placement=below gap=6 anchor=(623,438,741,583) planned=(589,589,761,643) geom=painted stableFrames=60
2026.09.30-16.12.50 SHOT figure fighter=f-0-hero bbox=(623,438,741,583) ringR=28.50 art=1 blockout=0 team=P1 look=P1 ring=1
2026.09.30-16.12.50 SHOT figure fighter=f-0-sk0 bbox=(825,462,910,573) ringR=22.23 art=1 blockout=1 team=P1 look=P1 ring=1
2026.09.30-16.12.50 SHOT figure fighter=f-0-sk1 bbox=(450,462,548,573) ringR=22.23 art=1 blockout=1 team=P1 look=P1 ring=1
2026.09.30-16.12.50 SHOT figure fighter=f-0-sk2 bbox=(1010,462,1095,573) ringR=22.23 art=1 blockout=1 team=P1 look=P1 ring=1
2026.09.30-16.12.50 SHOT figure fighter=f-1-hero bbox=(1179,437,1298,583) ringR=28.50 art=1 blockout=1 team=P2 look=P2 ring=1
2026.09.30-16.12.50 SHOT figure fighter=f-1-sk0 bbox=(1199,595,1298,730) ringR=22.23 art=1 blockout=1 team=P2 look=P2 ring=1
2026.09.30-16.12.50 SHOT request file=phase2-board-host-1920x1080.png frame=1080
2026.09.30-16.12.50 SHOT requested: FScreenshotRequest(bShowUI) -> C:\Users\ren\AppData\Local\Temp\s08-phase2-20260930-211211-14732\phase2-board-host-1920x1080.png
2026.09.30-16.12.50 SHOT captured file=phase2-board-host-1920x1080.png frame=1080 px=1920x1080 sha256=0d4f57837a841d1d8ec58e5e712b4d4189321f11a54858235fbcc4aa342dad82 order=BGRA saved=1
2026.09.30-16.12.50 SHOT late begin file=phase2-board-host-1920x1080.png frame=1080 requestFrame=1080
2026.09.30-16.12.50 SHOT iconstate visible=0 lastFighter=none frame=1080
2026.09.30-16.12.50 SHOT widget id=plate impl=umg state=own fighter=f-0-hero bbox=(589,589,761,643) geom=painted visible=1 twin=0 source=/Game/S08/UI/ArtHud/WBP_S08ArtPlate frame=1080
2026.09.30-16.12.50 SHOT widget id=plate.marker impl=umg state=own fighter=f-0-hero bbox=(589,589,761,592) geom=painted visible=1 twin=0 source=/Game/S08/UI/ArtHud/WBP_S08ArtPlate frame=1080
2026.09.30-16.12.50 SHOT widget id=plate.name impl=umg state=own fighter=f-0-hero bbox=(595,594,695,613) geom=painted visible=1 twin=0 source=/Game/S08/UI/ArtHud/WBP_S08ArtPlate frame=1080
2026.09.30-16.12.50 SHOT widget id=plate.team impl=umg state=own fighter=f-0-hero bbox=(695,597,755,610) geom=painted visible=1 twin=0 source=/Game/S08/UI/ArtHud/WBP_S08ArtPlate frame=1080
2026.09.30-16.12.50 SHOT widget id=plate.hpbar impl=umg state=own fighter=f-0-hero bbox=(595,619,691,626) geom=painted visible=1 twin=0 source=/Game/S08/UI/ArtHud/WBP_S08ArtPlate frame=1080
2026.09.30-16.12.50 SHOT widget id=plate.hpfill impl=umg state=own fighter=f-0-hero bbox=(595,619,691,626) geom=painted visible=1 twin=0 source=/Game/S08/UI/ArtHud/WBP_S08ArtPlate frame=1080
2026.09.30-16.12.50 SHOT widget id=plate.hp impl=umg state=own fighter=f-0-hero bbox=(697,615,750,630) geom=painted visible=1 twin=0 source=/Game/S08/UI/ArtHud/WBP_S08ArtPlate frame=1080
2026.09.30-16.12.50 SHOT widget id=plate.status impl=umg state=own fighter=f-0-hero bbox=(595,632,755,645) geom=painted visible=1 twin=0 source=/Game/S08/UI/ArtHud/WBP_S08ArtPlate frame=1080
2026.09.30-16.12.50 SHOT widget id=plate.teamshape impl=umg state=own fighter=f-0-hero bbox=(699,598,711,610) geom=painted visible=1 twin=0 source=/Game/S08/UI/ArtHud/WBP_S08ArtPlate frame=1080
2026.09.30-16.12.50 SHOT widget id=board.tag impl=umg state=hidden fighter=f-0-hero bbox=(0,0,0,0) geom=unpainted visible=0 twin=0 source=/Game/S08/UI/ArtHud/WBP_S08ArtTag mode=hidden look=P1 shape=circle placement=above ring=0 order=1 bound=1 softPx2=0 planned=(631,414,733,436) frame=1080
2026.09.30-16.12.50 SHOT widget id=board.tag.hp impl=umg state=hidden fighter=f-0-hero bbox=(0,0,0,0) geom=unpainted visible=0 twin=0 source=/Game/S08/UI/ArtHud/WBP_S08ArtTag mode=hidden look=P1 shape=circle placement=above ring=0 order=1 bound=1 softPx2=0 planned=(631,414,733,436) frame=1080 font=11
2026.09.30-16.12.50 SHOT widget id=board.tag.bar impl=umg state=hidden fighter=f-0-hero bbox=(0,0,0,0) geom=unpainted visible=0 twin=0 source=/Game/S08/UI/ArtHud/WBP_S08ArtTag mode=hidden look=P1 shape=circle placement=above ring=0 order=1 bound=1 softPx2=0 planned=(631,414,733,436) frame=1080
2026.09.30-16.12.50 SHOT widget id=board.tag.chip impl=umg state=hidden fighter=f-0-hero bbox=(0,0,0,0) geom=unpainted visible=0 twin=0 source=/Game/S08/UI/ArtHud/WBP_S08ArtTag mode=hidden look=P1 shape=circle placement=above ring=0 order=1 bound=1 softPx2=0 planned=(631,414,733,436) frame=1080
2026.09.30-16.12.50 SHOT widget id=board.tag impl=umg state=full fighter=f-0-sk0 bbox=(822,419,913,460) geom=painted visible=1 twin=0 source=/Game/S08/UI/ArtHud/WBP_S08ArtTag mode=full look=P1 shape=circle placement=above ring=0 order=2 bound=1 softPx2=0 planned=(822,419,913,460) frame=1080
2026.09.30-16.12.50 SHOT widget id=board.tag.name impl=umg state=full fighter=f-0-sk0 bbox=(841,421,909,440) geom=painted visible=1 twin=0 source=/Game/S08/UI/ArtHud/WBP_S08ArtTag mode=full look=P1 shape=circle placement=above ring=0 order=2 bound=1 softPx2=0 planned=(822,419,913,460) frame=1080 font=12
2026.09.30-16.12.50 SHOT widget id=board.tag.hp impl=umg state=full fighter=f-0-sk0 bbox=(878,440,902,458) geom=painted visible=1 twin=0 source=/Game/S08/UI/ArtHud/WBP_S08ArtTag mode=full look=P1 shape=circle placement=above ring=0 order=2 bound=1 softPx2=0 planned=(822,419,913,460) frame=1080 font=11
2026.09.30-16.12.50 SHOT widget id=board.tag.bar impl=umg state=full fighter=f-0-sk0 bbox=(841,447,875,452) geom=painted visible=1 twin=0 source=/Game/S08/UI/ArtHud/WBP_S08ArtTag mode=full look=P1 shape=circle placement=above ring=0 order=2 bound=1 softPx2=0 planned=(822,419,913,460) frame=1080
2026.09.30-16.12.50 SHOT widget id=board.tag.chip impl=umg state=full fighter=f-0-sk0 bbox=(826,434,838,446) geom=painted visible=1 twin=0 source=/Game/S08/UI/ArtHud/WBP_S08ArtTag mode=full look=P1 shape=circle placement=above ring=0 order=2 bound=1 softPx2=0 planned=(822,419,913,460) frame=1080
2026.09.30-16.12.50 SHOT widget id=board.tag impl=umg state=full fighter=f-0-sk1 bbox=(454,419,545,460) geom=painted visible=1 twin=0 source=/Game/S08/UI/ArtHud/WBP_S08ArtTag mode=full look=P1 shape=circle placement=above ring=0 order=1 bound=1 softPx2=0 planned=(454,419,545,460) frame=1080
2026.09.30-16.12.50 SHOT widget id=board.tag.name impl=umg state=full fighter=f-0-sk1 bbox=(473,421,541,440) geom=painted visible=1 twin=0 source=/Game/S08/UI/ArtHud/WBP_S08ArtTag mode=full look=P1 shape=circle placement=above ring=0 order=1 bound=1 softPx2=0 planned=(454,419,545,460) frame=1080 font=12
2026.09.30-16.12.50 SHOT widget id=board.tag.hp impl=umg state=full fighter=f-0-sk1 bbox=(510,440,534,458) geom=painted visible=1 twin=0 source=/Game/S08/UI/ArtHud/WBP_S08ArtTag mode=full look=P1 shape=circle placement=above ring=0 order=1 bound=1 softPx2=0 planned=(454,419,545,460) frame=1080 font=11
2026.09.30-16.12.50 SHOT widget id=board.tag.bar impl=umg state=full fighter=f-0-sk1 bbox=(473,447,507,452) geom=painted visible=1 twin=0 source=/Game/S08/UI/ArtHud/WBP_S08ArtTag mode=full look=P1 shape=circle placement=above ring=0 order=1 bound=1 softPx2=0 planned=(454,419,545,460) frame=1080
2026.09.30-16.12.50 SHOT widget id=board.tag.chip impl=umg state=full fighter=f-0-sk1 bbox=(458,434,470,446) geom=painted visible=1 twin=0 source=/Game/S08/UI/ArtHud/WBP_S08ArtTag mode=full look=P1 shape=circle placement=above ring=0 order=1 bound=1 softPx2=0 planned=(454,419,545,460) frame=1080
2026.09.30-16.12.50 SHOT widget id=board.tag impl=umg state=full fighter=f-0-sk2 bbox=(1007,419,1098,460) geom=painted visible=1 twin=0 source=/Game/S08/UI/ArtHud/WBP_S08ArtTag mode=full look=P1 shape=circle placement=above ring=0 order=3 bound=1 softPx2=0 planned=(1007,419,1098,460) frame=1080
2026.09.30-16.12.50 SHOT widget id=board.tag.name impl=umg state=full fighter=f-0-sk2 bbox=(1026,421,1094,440) geom=painted visible=1 twin=0 source=/Game/S08/UI/ArtHud/WBP_S08ArtTag mode=full look=P1 shape=circle placement=above ring=0 order=3 bound=1 softPx2=0 planned=(1007,419,1098,460) frame=1080 font=12
2026.09.30-16.12.50 SHOT widget id=board.tag.hp impl=umg state=full fighter=f-0-sk2 bbox=(1063,440,1087,458) geom=painted visible=1 twin=0 source=/Game/S08/UI/ArtHud/WBP_S08ArtTag mode=full look=P1 shape=circle placement=above ring=0 order=3 bound=1 softPx2=0 planned=(1007,419,1098,460) frame=1080 font=11
2026.09.30-16.12.50 SHOT widget id=board.tag.bar impl=umg state=full fighter=f-0-sk2 bbox=(1026,447,1060,452) geom=painted visible=1 twin=0 source=/Game/S08/UI/ArtHud/WBP_S08ArtTag mode=full look=P1 shape=circle placement=above ring=0 order=3 bound=1 softPx2=0 planned=(1007,419,1098,460) frame=1080
2026.09.30-16.12.50 SHOT widget id=board.tag.chip impl=umg state=full fighter=f-0-sk2 bbox=(1011,434,1023,446) geom=painted visible=1 twin=0 source=/Game/S08/UI/ArtHud/WBP_S08ArtTag mode=full look=P1 shape=circle placement=above ring=0 order=3 bound=1 softPx2=0 planned=(1007,419,1098,460) frame=1080
2026.09.30-16.12.50 SHOT widget id=board.tag impl=umg state=full fighter=f-1-hero bbox=(1186,394,1291,435) geom=painted visible=1 twin=0 source=/Game/S08/UI/ArtHud/WBP_S08ArtTag mode=full look=P2 shape=hex placement=above ring=0 order=0 bound=1 softPx2=0 planned=(1186,394,1291,435) frame=1080
2026.09.30-16.12.50 SHOT widget id=board.tag.name impl=umg state=full fighter=f-1-hero bbox=(1205,396,1287,415) geom=painted visible=1 twin=0 source=/Game/S08/UI/ArtHud/WBP_S08ArtTag mode=full look=P2 shape=hex placement=above ring=0 order=0 bound=1 softPx2=0 planned=(1186,394,1291,435) frame=1080 font=12
2026.09.30-16.12.50 SHOT widget id=board.tag.hp impl=umg state=full fighter=f-1-hero bbox=(1242,415,1284,433) geom=painted visible=1 twin=0 source=/Game/S08/UI/ArtHud/WBP_S08ArtTag mode=full look=P2 shape=hex placement=above ring=0 order=0 bound=1 softPx2=0 planned=(1186,394,1291,435) frame=1080 font=11
2026.09.30-16.12.50 SHOT widget id=board.tag.bar impl=umg state=full fighter=f-1-hero bbox=(1205,422,1239,427) geom=painted visible=1 twin=0 source=/Game/S08/UI/ArtHud/WBP_S08ArtTag mode=full look=P2 shape=hex placement=above ring=0 order=0 bound=1 softPx2=0 planned=(1186,394,1291,435) frame=1080
2026.09.30-16.12.50 SHOT widget id=board.tag.chip impl=umg state=full fighter=f-1-hero bbox=(1190,409,1202,421) geom=painted visible=1 twin=0 source=/Game/S08/UI/ArtHud/WBP_S08ArtTag mode=full look=P2 shape=hex placement=above ring=0 order=0 bound=1 softPx2=0 planned=(1186,394,1291,435) frame=1080
2026.09.30-16.12.50 SHOT widget id=board.tag impl=umg state=full fighter=f-1-sk0 bbox=(1300,595,1384,636) geom=painted visible=1 twin=0 source=/Game/S08/UI/ArtHud/WBP_S08ArtTag mode=full look=P2 shape=hex placement=right ring=0 order=4 bound=1 softPx2=0 planned=(1300,595,1384,636) frame=1080
2026.09.30-16.12.50 SHOT widget id=board.tag.name impl=umg state=full fighter=f-1-sk0 bbox=(1319,597,1364,616) geom=painted visible=1 twin=0 source=/Game/S08/UI/ArtHud/WBP_S08ArtTag mode=full look=P2 shape=hex placement=right ring=0 order=4 bound=1 softPx2=0 planned=(1300,595,1384,636) frame=1080 font=12
2026.09.30-16.12.50 SHOT widget id=board.tag.hp impl=umg state=full fighter=f-1-sk0 bbox=(1356,616,1380,634) geom=painted visible=1 twin=0 source=/Game/S08/UI/ArtHud/WBP_S08ArtTag mode=full look=P2 shape=hex placement=right ring=0 order=4 bound=1 softPx2=0 planned=(1300,595,1384,636) frame=1080 font=11
2026.09.30-16.12.50 SHOT widget id=board.tag.bar impl=umg state=full fighter=f-1-sk0 bbox=(1319,623,1353,628) geom=painted visible=1 twin=0 source=/Game/S08/UI/ArtHud/WBP_S08ArtTag mode=full look=P2 shape=hex placement=right ring=0 order=4 bound=1 softPx2=0 planned=(1300,595,1384,636) frame=1080
2026.09.30-16.12.50 SHOT widget id=board.tag.chip impl=umg state=full fighter=f-1-sk0 bbox=(1304,610,1316,622) geom=painted visible=1 twin=0 source=/Game/S08/UI/ArtHud/WBP_S08ArtTag mode=full look=P2 shape=hex placement=right ring=0 order=4 bound=1 softPx2=0 planned=(1300,595,1384,636) frame=1080
2026.09.30-16.12.50 SHOT panel id=hud.command bbox=(0,0,601,138) geom=painted visible=1 frame=1080
2026.09.30-16.12.50 SHOT panel id=hud.side bbox=(1432,0,1920,121) geom=painted visible=1 frame=1080
2026.09.30-16.12.50 SHOT panel id=hud.hand bbox=(495,985,1425,1080) geom=painted visible=1 frame=1080
2026.09.30-16.12.50 SHOT late end file=phase2-board-host-1920x1080.png frame=1080
2026.09.30-16.12.50 game -> room=cmuoazujq00ivwirccswn5ea1 code=<redacted> status=IN_PROGRESS
2026.09.30-16.12.53 game -> room=cmuoazujq00ivwirccswn5ea1 code=<redacted> status=IN_PROGRESS
2026.09.30-16.12.54 PERF window t=35.1-40.1 frames=146 fps=29.09 frameMs avg=34.37 p50=33.33 p95=33.33 p99=33.34 max=184.89 hitches50=1 gpuMs avg=1.88 p50=1.87 p95=1.98 gameMs avg=2.71 p95=2.06 renderMs avg=3.35 p95=4.13
2026.09.30-16.12.56 game -> room=cmuoazujq00ivwirccswn5ea1 code=<redacted> status=IN_PROGRESS
2026.09.30-16.12.59 game -> room=cmuoazujq00ivwirccswn5ea1 code=<redacted> status=IN_PROGRESS
2026.09.30-16.12.59 PERF window t=40.1-45.2 frames=150 fps=29.96 frameMs avg=33.38 p50=33.33 p95=33.33 p99=33.34 max=40.12 hitches50=0 gpuMs avg=1.96 p50=1.93 p95=2.22 gameMs avg=1.52 p95=1.60 renderMs avg=2.92 p95=3.42
2026.09.30-16.13.02 game -> room=cmuoazujq00ivwirccswn5ea1 code=<redacted> status=IN_PROGRESS
2026.09.30-16.13.04 PERF summary scope=afterWarmup warmup=5 elapsed=50.0 frames=1346 fps=29.88 frameMs avg=33.46 p50=33.33 p95=33.33 p99=33.34 max=184.89 hitches50=1 gpuMs avg=1.76 p50=1.87 p95=2.11 gameMs avg=1.66 p95=1.86 renderMs avg=2.96 p95=3.80
2026.09.30-16.13.04 PERF summary scope=started elapsed=50.0 frames=952 fps=29.83 frameMs avg=33.52 p50=33.33 p95=33.33 p99=33.34 max=184.89 hitches50=1 gpuMs avg=1.92 p50=1.90 p95=2.14 gameMs avg=1.72 p95=1.83 renderMs avg=3.14 p95=3.80
2026.09.30-16.13.04 PERF summary scope=artHud impl=umg elapsed=50.0 frames=475 fps=29.70 frameMs avg=33.67 p50=33.33 p95=33.33 p99=33.34 max=184.89 hitches50=1 gpuMs avg=1.94 p50=1.91 p95=2.17 gameMs avg=1.85 p95=1.86 renderMs avg=3.07 p95=3.94
2026.09.30-16.13.04 --- S08 trace close ---
