2026.09.30-16.09.08 --- S08 trace open 2026.09.30-16.09.08 ---
2026.09.30-16.09.08 HUD team chips ready=1 mode=absolute tagNames=rule
2026.09.30-16.09.08 HUD icon texture size=32 ready=1 path=/Game/ArtTests/ARTMarkers/Textures/T_UI_Action_AttackToken_32 texture=32x32 probe=0 plate=1
2026.09.30-16.09.08 HUD art widget tag impl=umg source=/Game/S08/UI/ArtHud/WBP_S08ArtTag class=/Game/S08/UI/ArtHud/WBP_S08ArtTag.WBP_S08ArtTag_C count=8 missing=- codeDefaultTree=0
2026.09.30-16.09.08 HUD art widget plate impl=umg source=/Game/S08/UI/ArtHud/WBP_S08ArtPlate class=/Game/S08/UI/ArtHud/WBP_S08ArtPlate.WBP_S08ArtPlate_C parts=1 missing=- codeDefaultTree=0
2026.09.30-16.09.08 HUD art widget icon impl=umg source=/Game/S08/UI/ArtHud/WBP_S08ArtIcon class=/Game/S08/UI/ArtHud/WBP_S08ArtIcon.WBP_S08ArtIcon_C parts=1 missing=- codeDefaultTree=0
2026.09.30-16.09.08 HUD art widget damage impl=umg source=/Game/S08/UI/ArtHud/WBP_S08ArtDamage class=/Game/S08/UI/ArtHud/WBP_S08ArtDamage.WBP_S08ArtDamage_C parts=1 missing=- codeDefaultTree=0
2026.09.30-16.09.08 RENDER preset applied=High flag=S08RenderPreset
2026.09.30-16.09.08 LOGIN ok user=art-preview-host
2026.09.30-16.09.11 HEROES loaded 84
2026.09.30-16.09.11 createGame -> room=cmuoavvgb008zwirckfk5hew3 code=<redacted> status=LOBBY
2026.09.30-16.09.13 PERF config tMaxFPS=30.0 frameRateLimit=60.0 vsync=0 smoothFrameRate=0 fixedFrameRate=0 rhi=D3D12
2026.09.30-16.09.13 RENDER tag=PERF rhi=D3D12 featureLevel=SM6 shaderPlatform=PCD3D_SM6 lumenPlatform=1 gi=lumen giMethod=1 refl=lumen reflMethod=1 shadows=csm vsmEnable=0 sg.res=100 sg.view=2 sg.aa=2 sg.shadow=2 sg.gi=2 sg.refl=2 sg.pp=2 sg.tex=2 sg.fx=2 sg.foliage=2 sg.shading=2 sg.landscape=2 preset=High screenPct=100.0 screenPctMode=0 aa=TSR aaMethod=4 exposure=engine-default expMin=1.00000 expMax=1.00000 expBias=1.000 ev100=0.00 lightUnits=- sky=0 skyIntensity=0.000 keyShadow=- shadowCasters=0 profile=- profilesSha256=- profilesSource=- legacyRender=0 gameLayer=unlit-eyeadaptinv tMaxFPS=30.0 vsync=0 frameRateLimit=60.0 substrate=0 nanite=1 meshDF=1 viewport=1920x1080 reference=0 notReference=noArtProfile,exposure,lightUnits,profilesSource
2026.09.30-16.09.13 PERF window t=0.0-5.0 frames=151 fps=29.98 frameMs avg=33.35 p50=33.33 p95=33.33 p99=34.29 max=34.56 hitches50=0 gpuMs avg=1.32 p50=1.33 p95=1.57 gameMs avg=1.65 p95=2.20 renderMs avg=2848.82 p95=4.83
2026.09.30-16.09.14 game -> room=cmuoavvgb008zwirckfk5hew3 code=<redacted> status=LOBBY
2026.09.30-16.09.14 selectHero -> room=cmuoavvgb008zwirckfk5hew3 code=<redacted> status=LOBBY
2026.09.30-16.09.17 game -> room=cmuoavvgb008zwirckfk5hew3 code=<redacted> status=LOBBY
2026.09.30-16.09.17 toggleReady -> room=cmuoavvgb008zwirckfk5hew3 code=<redacted> status=LOBBY
2026.09.30-16.09.18 PERF window t=5.0-10.0 frames=150 fps=30.00 frameMs avg=33.34 p50=33.33 p95=33.34 p99=33.42 max=33.68 hitches50=0 gpuMs avg=1.29 p50=1.30 p95=1.36 gameMs avg=1.43 p95=2.07 renderMs avg=2.65 p95=4.50
2026.09.30-16.09.20 game -> room=cmuoavvgb008zwirckfk5hew3 code=<redacted> status=LOBBY
2026.09.30-16.09.23 PERF window t=10.0-15.0 frames=150 fps=30.00 frameMs avg=33.33 p50=33.33 p95=33.33 p99=33.33 max=33.34 hitches50=0 gpuMs avg=1.36 p50=1.35 p95=1.43 gameMs avg=1.30 p95=1.44 renderMs avg=2.31 p95=2.91
2026.09.30-16.09.23 game -> room=cmuoavvgb008zwirckfk5hew3 code=<redacted> status=LOBBY
2026.09.30-16.09.26 game -> room=cmuoavvgb008zwirckfk5hew3 code=<redacted> status=LOBBY
2026.09.30-16.09.26 startGame -> room=cmuoavvgb008zwirckfk5hew3 code=<redacted> status=IN_PROGRESS
2026.09.30-16.09.26 SNAPSHOT applied seq=1 phase=ACTION_MANEUVER
2026.09.30-16.09.26 HANDLE_APPLIED #1 seq=1 decision=2 fightersValid=1 boardValid=1
2026.09.30-16.09.26 MODE seq=1 mode=0 combat=0 pending=0
2026.09.30-16.09.26 HUD seq=1 phase=ACTION_MANEUVER turn=you hand=5 oppHand=5(hidden) oppDeck=25 deck=25 discard=0
2026.09.30-16.09.26 ARTPREVIEW board profiles loaded=1 revision=5 boards=3 zoneStyles=11 lightProfiles=3 errors=0 path=Config/ArtBoards/S08ArtBoardProfiles.json
2026.09.30-16.09.26 ARTPREVIEW board profiles source=pak sha256=1ecc1e9281845655acf8b31f1dcf52a7510abfc8ba8505525ad72ee8f4ce3c4c
2026.09.30-16.09.26 ARTPREVIEW zone content instances=12/12 glyphMeshes=11/11
2026.09.30-16.09.26 ARTPREVIEW zone keyline content mi=MI_ART005_Zone_Keyline glyphKeyMeshes=11/11 color=#111317
2026.09.30-16.09.26 ARTPREVIEW game layer material=M_S08_GameLayerUnlit unlitEyeAdaptInv=1 legacyRender=0
2026.09.30-16.09.26 ARTPREVIEW Cobble assets ready
2026.09.30-16.09.26 ARTPREVIEW board assets ready cobbleMesh=1 tiles=1 zoneMaterials=2
2026.09.30-16.09.26 ARTPREVIEW medusa candidate variant=face-neck-v2 mesh=SK_Medusa_FaceNeck_v2Candidate requested=face-neck-v2
2026.09.30-16.09.26 ARTPREVIEW board profile=cobble-city match=boardId board=5x6 boardId=cmuhgs4b2001mwik4f2b2xtf8 surface=cobble-5x6-mesh light=cobble-probe artFixture=0
2026.09.30-16.09.26 ARTPREVIEW light profile=cobble-probe name=key role=key kind=directional at=(-350,-150,600) intensity=4.5 units=lux radius=0 color=(1.00,1.00,1.00) shadow=1
2026.09.30-16.09.26 ARTPREVIEW light profile=cobble-probe name=warm role=warm kind=point at=(260,-300,250) intensity=85 units=candelas radius=450 color=(1.00,1.00,1.00) shadow=0
2026.09.30-16.09.26 ARTPREVIEW sky profile=cobble-probe cubemap=/Game/S08/Render/TC_S08_AmbientDome loaded=1 spawned=1 intensity=11.2 color=(1.00,1.00,1.00) lowerBlack=0
2026.09.30-16.09.26 ARTPREVIEW exposure profile=cobble-probe method=histogram-fixed min=4.14106 max=4.14106 bias=0.000 ev100=2.05 volume=1
2026.09.30-16.09.26 ARTPREVIEW lights applied profile=cobble-probe directional=1 shadow=1 points=1 pointShadows=0 budgetOk=1
2026.09.30-16.09.26 ARTPREVIEW render profile=cobble-probe units=candelas sky=1 exposure=1 keyShadow=csm-3000uu-2c-contact0.000 shadowCasters=1 legacyRender=0
2026.09.30-16.09.26 ARTPREVIEW Cobble probe lights key=4.5 fill=0 warm=85
2026.09.30-16.09.26 ARTPREVIEW board zone keylines pieces=60 glyphKeys=30 glyphKeyCubePieces=0 mi=MI_ART005_Zone_Keyline growUU=1.5 edgeUU=42.0 maxOuterUU=45.0
2026.09.30-16.09.26 ARTPREVIEW board glyph meshes instances=30 keys=2/2 cubePieces=0 anchors=30
2026.09.30-16.09.26 ARTPREVIEW Cobble active 5x6 zones=30 blue=15 red=15 blueMarks=15 redMarks=45
2026.09.30-16.09.26 ARTPREVIEW board active profile=cobble-city 5x6 surface=cobble-5x6-mesh cells=30 zoneCells=30 multizone=0 triple=0 obstacles=0 zoneKeys=2 strokes=60 glyphs=45 surfaceParts=0 glyphMaterial=zone expectOk=1
2026.09.30-16.09.26 ARTPREVIEW board zone key=blue cells=15 stroke=solid glyph=diamond color=#3B78D8 ismUsage=1 strokePieces=15 glyphPieces=15 mi=MI_ART005_Zone_Blue glyphMesh=SM_ART005_ZoneGlyph_Diamond glyphInstances=15 fallback=0
2026.09.30-16.09.26 ARTPREVIEW board zone key=red cells=15 stroke=dash3 glyph=bars2 color=#EC6650 ismUsage=1 strokePieces=45 glyphPieces=30 mi=MI_ART005_Zone_Red glyphMesh=SM_ART005_ZoneGlyph_Bars2 glyphInstances=15 fallback=0
2026.09.30-16.09.26 ARTPREVIEW board multizone cells=0 zonesListed=0 zonesMarked=0
2026.09.30-16.09.26 CAMERA dist=1931 loc=(0,1107,1582) pitch=-55 yaw=-90
2026.09.30-16.09.26 CAMERA config overview=1930.8 nearest=300.0 farthest=2970.4 zoomRange=0.65-6.44 minDist=300.0 outRatio=0.650 step=1.250 animMs=200 returnMs=300 followFrom=1.20 source=defaults issues=0
2026.09.30-16.09.26 BOARD 5x6 cells | control points: (0,0)=(-200,-250,0) (4,5)=(200,250,0) | neighbor pair (dist 100 uu)
2026.09.30-16.09.26 ARTPREVIEW team mapping mode=absolute source=seatOrder viewerTeam=P1 p1=f-0-hero,f-0-sk0,f-0-sk1,f-0-sk2 p2=f-1-hero,f-1-sk0
2026.09.30-16.09.26 ARTPREVIEW medusa materials fighter=f-0-hero team=own mesh=SK_Medusa_FaceNeck_v2Candidate slots=2 mi=/Game/ArtPreview/Medusa/Materials/MI_Medusa_P1.MI_Medusa_P1 slot1=/Game/ArtPreview/Medusa/Materials/MI_Medusa_P1.MI_Medusa_P1 base=/Game/ArtPreview/Medusa/Materials/MI_Medusa_P1.MI_Medusa_P1 parent=/Game/ArtPreview/Medusa/Materials/M_Medusa_Atlas.M_Medusa_Atlas params=1 miSha256=605ba81410e062e55aec4bd1d157eadbdab662c6339073f40948e13dc3b47df0 teamSlot=P1 look=P1 mode=absolute
2026.09.30-16.09.26 ARTPREVIEW click capsule fighter=f-0-hero mesh=SK_Medusa_FaceNeck_v2Candidate physicsAsset=0 radius=12.5 halfHeight=27.5 top=55.0 bodyCollision=0 source=meshBounds
2026.09.30-16.09.26 ARTPREVIEW fighter=Medusa hero=1 eligible=1 visual=1 mesh=SK_Medusa_FaceNeck_v2Candidate
2026.09.30-16.09.26 ARTPREVIEW team ring fighter=f-0-hero team=P1 look=P1 mode=absolute shape=circle shown=1 mesh=SM_Marker_TeamRing_P1 fill=#E8C06A keyline=#111317 fillLinear=(0.8070,0.5271,0.1441) zMin=0.60 zMax=1.20 scale=1.00 base=hidden blockout=0 art=1 rim=#FFFFFF
2026.09.30-16.09.26 ARTPREVIEW click capsule fighter=f-0-sk0 mesh=SM_ART003_Harpy physicsAsset=0 radius=20.0 halfHeight=21.0 top=42.0 bodyCollision=0 source=meshBounds
2026.09.30-16.09.26 ARTPREVIEW team ring fighter=f-0-sk0 team=P1 look=P1 mode=absolute shape=circle shown=1 mesh=SM_Marker_TeamRing_P1 fill=#E8C06A keyline=#111317 fillLinear=(0.8070,0.5271,0.1441) zMin=0.60 zMax=1.20 scale=0.78 base=hidden blockout=1 art=0 rim=#FFFFFF
2026.09.30-16.09.26 ARTPREVIEW click capsule fighter=f-0-sk1 mesh=SM_ART003_Harpy physicsAsset=0 radius=20.0 halfHeight=21.0 top=42.0 bodyCollision=0 source=meshBounds
2026.09.30-16.09.26 ARTPREVIEW team ring fighter=f-0-sk1 team=P1 look=P1 mode=absolute shape=circle shown=1 mesh=SM_Marker_TeamRing_P1 fill=#E8C06A keyline=#111317 fillLinear=(0.8070,0.5271,0.1441) zMin=0.60 zMax=1.20 scale=0.78 base=hidden blockout=1 art=0 rim=#FFFFFF
2026.09.30-16.09.26 ARTPREVIEW click capsule fighter=f-0-sk2 mesh=SM_ART003_Harpy physicsAsset=0 radius=20.0 halfHeight=21.0 top=42.0 bodyCollision=0 source=meshBounds
2026.09.30-16.09.26 ARTPREVIEW team ring fighter=f-0-sk2 team=P1 look=P1 mode=absolute shape=circle shown=1 mesh=SM_Marker_TeamRing_P1 fill=#E8C06A keyline=#111317 fillLinear=(0.8070,0.5271,0.1441) zMin=0.60 zMax=1.20 scale=0.78 base=hidden blockout=1 art=0 rim=#FFFFFF
2026.09.30-16.09.26 ARTPREVIEW click capsule fighter=f-1-hero mesh=SM_ART003_Arthur physicsAsset=0 radius=17.8 halfHeight=28.0 top=56.0 bodyCollision=0 source=meshBounds
2026.09.30-16.09.26 ARTPREVIEW team ring fighter=f-1-hero team=P2 look=P2 mode=absolute shape=hexagon shown=1 mesh=SM_Marker_TeamRing_P2 fill=#5A7F9F keyline=#111317 fillLinear=(0.1022,0.2122,0.3467) zMin=0.60 zMax=1.20 scale=1.00 base=hidden blockout=1 art=0 rim=#FFFFFF
2026.09.30-16.09.26 ARTPREVIEW click capsule fighter=f-1-sk0 mesh=SM_ART003_Merlin physicsAsset=0 radius=14.7 halfHeight=30.8 top=61.5 bodyCollision=0 source=meshBounds
2026.09.30-16.09.26 ARTPREVIEW team ring fighter=f-1-sk0 team=P2 look=P2 mode=absolute shape=hexagon shown=1 mesh=SM_Marker_TeamRing_P2 fill=#5A7F9F keyline=#111317 fillLinear=(0.1022,0.2122,0.3467) zMin=0.60 zMax=1.20 scale=0.78 base=hidden blockout=1 art=0 rim=#FFFFFF
2026.09.30-16.09.26 FIGHTERS synced n=6 alive=6 own=4 enemy=2
2026.09.30-16.09.26 STATE seq=1 -> apply
2026.09.30-16.09.26 HUD art layer plate=1 iconSize=32 iconTexture=1 iconProbe=0 plan=0
2026.09.30-16.09.26 HUD art impl=umg plateViews=umg:/Game/S08/UI/ArtHud/WBP_S08ArtPlate iconViews=umg:/Game/S08/UI/ArtHud/WBP_S08ArtIcon textTable=S08ArtHud entries=13 missingKeys=0
2026.09.30-16.09.26 TAG fighter=f-0-sk0 bbox=(498,108,589,149) mode=full look=P1 placement=above ring=0 hardPx2=0 softPx2=0 order=1 bound=1
2026.09.30-16.09.26 TAG fighter=f-1-sk0 bbox=(1334,542,1418,583) mode=full look=P2 placement=below ring=0 hardPx2=0 softPx2=0 order=0 bound=1
2026.09.30-16.09.26 ARTPREVIEW screen labels=1 (world TextRender labels and damage text hidden)
2026.09.30-16.09.26 SUBSCRIBED gameStateUpdated since=1
2026.09.30-16.09.26 TAG fighter=f-0-hero bbox=(909,389,1011,411) mode=compact look=P1 placement=inset ring=0 hardPx2=0 softPx2=0 order=1 bound=1
2026.09.30-16.09.26 TAG fighter=f-0-sk0 bbox=(1072,366,1163,407) mode=full look=P1 placement=above ring=0 hardPx2=0 softPx2=0 order=3 bound=1
2026.09.30-16.09.26 TAG fighter=f-0-sk1 bbox=(915,245,1006,286) mode=full look=P1 placement=above ring=0 hardPx2=0 softPx2=0 order=0 bound=1
2026.09.30-16.09.26 TAG fighter=f-0-sk2 bbox=(757,366,848,407) mode=full look=P1 placement=above ring=0 hardPx2=0 softPx2=0 order=2 bound=1
2026.09.30-16.09.26 TAG fighter=f-1-hero bbox=(908,646,1013,687) mode=full look=P2 placement=below ring=0 hardPx2=0 softPx2=0 order=4 bound=1
2026.09.30-16.09.26 TAG fighter=f-1-sk0 bbox=(1164,520,1248,561) mode=full look=P2 placement=right ring=0 hardPx2=0 softPx2=0 order=5 bound=1
2026.09.30-16.09.26 SNAPSHOT applied seq=1 phase=ACTION_MANEUVER
2026.09.30-16.09.26 HANDLE_APPLIED #2 seq=1 decision=1 fightersValid=1 boardValid=1
2026.09.30-16.09.26 MODE seq=1 mode=0 combat=0 pending=0
2026.09.30-16.09.26 HUD seq=1 phase=ACTION_MANEUVER turn=you hand=5 oppHand=5(hidden) oppDeck=25 deck=25 discard=0
2026.09.30-16.09.26 ARTPREVIEW fighter=Medusa hero=1 eligible=1 visual=1 mesh=SK_Medusa_FaceNeck_v2Candidate
2026.09.30-16.09.26 FIGHTERS synced n=6 alive=6 own=4 enemy=2
2026.09.30-16.09.26 WS seq=1 phase=ACTION_MANEUVER (merge)
2026.09.30-16.09.26 TAG fighter=f-0-hero bbox=(909,389,1011,411) mode=compact look=P1 placement=inset ring=0 hardPx2=0 softPx2=0 order=1 bound=1
2026.09.30-16.09.26 TAG fighter=f-0-sk0 bbox=(1072,366,1163,407) mode=full look=P1 placement=above ring=0 hardPx2=0 softPx2=0 order=3 bound=1
2026.09.30-16.09.26 TAG fighter=f-0-sk1 bbox=(915,245,1006,286) mode=full look=P1 placement=above ring=0 hardPx2=0 softPx2=0 order=0 bound=1
2026.09.30-16.09.26 TAG fighter=f-0-sk2 bbox=(757,366,848,407) mode=full look=P1 placement=above ring=0 hardPx2=0 softPx2=0 order=2 bound=1
2026.09.30-16.09.26 TAG fighter=f-1-hero bbox=(908,646,1013,687) mode=full look=P2 placement=below ring=0 hardPx2=0 softPx2=0 order=4 bound=1
2026.09.30-16.09.26 TAG fighter=f-1-sk0 bbox=(1164,520,1248,561) mode=full look=P2 placement=right ring=0 hardPx2=0 softPx2=0 order=5 bound=1
2026.09.30-16.09.28 PERF window t=15.0-20.0 frames=150 fps=29.92 frameMs avg=33.42 p50=33.33 p95=33.33 p99=33.34 max=45.95 hitches50=0 gpuMs avg=1.49 p50=1.32 p95=1.93 gameMs avg=1.75 p95=1.57 renderMs avg=2.75 p95=3.26
2026.09.30-16.09.29 game -> room=cmuoavvgb008zwirckfk5hew3 code=<redacted> status=IN_PROGRESS
2026.09.30-16.09.32 game -> room=cmuoavvgb008zwirckfk5hew3 code=<redacted> status=IN_PROGRESS
2026.09.30-16.09.33 PERF window t=20.0-25.1 frames=151 fps=30.00 frameMs avg=33.33 p50=33.33 p95=33.33 p99=33.33 max=33.34 hitches50=0 gpuMs avg=1.82 p50=1.81 p95=1.97 gameMs avg=1.40 p95=1.63 renderMs avg=2.95 p95=3.75
2026.09.30-16.09.35 game -> room=cmuoavvgb008zwirckfk5hew3 code=<redacted> status=IN_PROGRESS
2026.09.30-16.09.38 game -> room=cmuoavvgb008zwirckfk5hew3 code=<redacted> status=IN_PROGRESS
2026.09.30-16.09.38 PERF window t=25.1-30.1 frames=151 fps=30.00 frameMs avg=33.33 p50=33.33 p95=33.33 p99=33.33 max=33.34 hitches50=0 gpuMs avg=1.82 p50=1.81 p95=1.99 gameMs avg=1.37 p95=1.46 renderMs avg=2.83 p95=3.17
2026.09.30-16.09.41 game -> room=cmuoavvgb008zwirckfk5hew3 code=<redacted> status=IN_PROGRESS
2026.09.30-16.09.42 ARTPREVIEW selection ring shown fighter=Medusa mesh=SM_Marker_SelectionRing
2026.09.30-16.09.42 ARTPREVIEW reachable corners cells=13 placed=1
2026.09.30-16.09.42 ARTPREVIEW selection ownHero=1 selected=1 fighter=Medusa reachable=14 fighterId=f-0-hero
2026.09.30-16.09.42 INPUT select src=flag fighter=f-0-hero flag=ArtPreviewSelectOwnHero
2026.09.30-16.09.42 HUD plate content fighter=f-0-hero name=Medusa hp=16/16 team=own statuses=HERO  |  MELEE teamSlot=P1 look=P1 shape=circle chip=#DAC576
2026.09.30-16.09.42 PLATE fighter=f-0-hero bbox=(1016,638,1188,692) overlapReachable=0 placement=below ring=15 gap=126 selection=f-0-hero destinations=13 clean=0 softPx2=0 tested=18295 bound=0
2026.09.30-16.09.42 TAG fighter=f-0-hero bbox=(909,389,1011,411) mode=compact look=P1 placement=inset ring=0 hardPx2=0 softPx2=0 order=1 bound=1
2026.09.30-16.09.42 TAG fighter=f-0-sk0 bbox=(1072,366,1163,407) mode=full look=P1 placement=above ring=0 hardPx2=0 softPx2=0 order=3 bound=1
2026.09.30-16.09.42 TAG fighter=f-0-sk1 bbox=(915,245,1006,286) mode=full look=P1 placement=above ring=0 hardPx2=0 softPx2=0 order=0 bound=1
2026.09.30-16.09.42 TAG fighter=f-0-sk2 bbox=(757,366,848,407) mode=full look=P1 placement=above ring=0 hardPx2=0 softPx2=0 order=2 bound=1
2026.09.30-16.09.42 TAG fighter=f-1-hero bbox=(908,646,1013,687) mode=full look=P2 placement=below ring=0 hardPx2=0 softPx2=0 order=4 bound=1
2026.09.30-16.09.42 TAG fighter=f-1-sk0 bbox=(1164,520,1248,561) mode=full look=P2 placement=right ring=0 hardPx2=0 softPx2=0 order=5 bound=1
2026.09.30-16.09.43 PERF window t=30.1-35.1 frames=151 fps=30.00 frameMs avg=33.33 p50=33.33 p95=33.33 p99=33.33 max=33.33 hitches50=0 gpuMs avg=1.84 p50=1.83 p95=1.92 gameMs avg=1.48 p95=1.79 renderMs avg=2.84 p95=3.51
2026.09.30-16.09.44 SHOT ctx viewport=1920x1080 viewTarget=CameraActor_2147482348 cam=(0,1107,1582) rot=(-55,-90,0)
2026.09.30-16.09.44 RENDER tag=SHOT rhi=D3D12 featureLevel=SM6 shaderPlatform=PCD3D_SM6 lumenPlatform=1 gi=lumen giMethod=1 refl=lumen reflMethod=1 shadows=csm vsmEnable=0 sg.res=100 sg.view=2 sg.aa=2 sg.shadow=2 sg.gi=2 sg.refl=2 sg.pp=2 sg.tex=2 sg.fx=2 sg.foliage=2 sg.shading=2 sg.landscape=2 preset=High screenPct=100.0 screenPctMode=0 aa=TSR aaMethod=4 exposure=fixed-histogram expMin=4.14106 expMax=4.14106 expBias=0.000 ev100=2.05 lightUnits=candelas sky=1 skyIntensity=11.200 keyShadow=csm-3000uu-2c-contact0.000 shadowCasters=1 profile=cobble-probe profilesSha256=1ecc1e9281845655acf8b31f1dcf52a7510abfc8ba8505525ad72ee8f4ce3c4c profilesSource=pak legacyRender=0 gameLayer=unlit-eyeadaptinv tMaxFPS=30.0 vsync=0 frameRateLimit=60.0 substrate=0 nanite=1 meshDF=1 viewport=1920x1080 reference=1
2026.09.30-16.09.44 SHOT fighter f-0-hero pos=(2,2) world=(0,-50,0) screen=(960,476) projected=1 alive=1
2026.09.30-16.09.44 SHOT fighter f-0-sk0 pos=(3,2) world=(100,-50,0) screen=(1115,476) projected=1 alive=1
2026.09.30-16.09.44 SHOT fighter f-0-sk1 pos=(2,1) world=(0,-150,0) screen=(960,355) projected=1 alive=1
2026.09.30-16.09.44 SHOT fighter f-0-sk2 pos=(1,2) world=(-100,-50,0) screen=(805,476) projected=1 alive=1
2026.09.30-16.09.44 SHOT fighter f-1-hero pos=(2,3) world=(0,50,0) screen=(960,606) projected=1 alive=1
2026.09.30-16.09.44 SHOT fighter f-1-sk0 pos=(3,3) world=(100,50,0) screen=(1120,606) projected=1 alive=1
2026.09.30-16.09.44 SHOT camera dist=1930.8 target=1930.8 overview=1930.8 errPct=0.000 focusErr=0.00 settled=1 zoom=1.00
2026.09.30-16.09.44 SHOT head fighter=f-0-hero socket=Head mesh=SK_Medusa_FaceNeck_v2Candidate world=(0.0,-46.0,38.5) screen=(960.0,445.5) top=(960.0,439.8) bottom=(960.0,451.2) headPx=11.4 projected=1
2026.09.30-16.09.44 SHOT selection fighter=f-0-hero ownCell=(2,2) legal=14 destinations=13 ownCellExcluded=1 plateFighter=f-0-hero
2026.09.30-16.09.44 SHOT reachable fighter=f-0-hero n=13 cells=(1,0)(2,0)(3,0)(0,1)(1,1)(3,1)(4,1)(0,2)(4,2)(0,3)(1,3)(4,3)(1,4)
2026.09.30-16.09.44 SHOT plate fighter=f-0-hero bbox=(1016,638,1188,692) overlapReachable=0 placement=below gap=126 anchor=(914,389,1006,512) planned=(1016,638,1188,692) geom=painted stableFrames=60
2026.09.30-16.09.44 SHOT figure fighter=f-0-hero bbox=(914,389,1006,512) ringR=28.50 art=1 blockout=0 team=P1 look=P1 ring=1
2026.09.30-16.09.44 SHOT figure fighter=f-0-sk0 bbox=(1080,409,1155,504) ringR=22.23 art=1 blockout=1 team=P1 look=P1 ring=1
2026.09.30-16.09.44 SHOT figure fighter=f-0-sk1 bbox=(926,288,994,381) ringR=22.23 art=1 blockout=1 team=P1 look=P1 ring=1
2026.09.30-16.09.44 SHOT figure fighter=f-0-sk2 bbox=(765,409,840,504) ringR=22.23 art=1 blockout=1 team=P1 look=P1 ring=1
2026.09.30-16.09.44 SHOT figure fighter=f-1-hero bbox=(913,516,1007,644) ringR=28.50 art=1 blockout=1 team=P2 look=P2 ring=1
2026.09.30-16.09.44 SHOT figure fighter=f-1-sk0 bbox=(1084,520,1162,635) ringR=22.23 art=1 blockout=1 team=P2 look=P2 ring=1
2026.09.30-16.09.44 SHOT request file=phase2-board-host-1920x1080.png frame=1080
2026.09.30-16.09.44 SHOT requested: FScreenshotRequest(bShowUI) -> C:\Users\ren\AppData\Local\Temp\s08-phase2-20260930-210906-49360\phase2-board-host-1920x1080.png
2026.09.30-16.09.44 SHOT captured file=phase2-board-host-1920x1080.png frame=1080 px=1920x1080 sha256=d43f39f7ca3ba193c65e02e4013dd7cf3ce0769202643ebf6e9bc8f97c8efe88 order=BGRA saved=1
2026.09.30-16.09.44 SHOT late begin file=phase2-board-host-1920x1080.png frame=1080 requestFrame=1080
2026.09.30-16.09.44 SHOT iconstate visible=0 lastFighter=none frame=1080
2026.09.30-16.09.44 SHOT widget id=plate impl=umg state=own fighter=f-0-hero bbox=(1016,638,1188,692) geom=painted visible=1 twin=0 source=/Game/S08/UI/ArtHud/WBP_S08ArtPlate frame=1080
2026.09.30-16.09.44 SHOT widget id=plate.marker impl=umg state=own fighter=f-0-hero bbox=(1016,638,1188,641) geom=painted visible=1 twin=0 source=/Game/S08/UI/ArtHud/WBP_S08ArtPlate frame=1080
2026.09.30-16.09.44 SHOT widget id=plate.name impl=umg state=own fighter=f-0-hero bbox=(1022,643,1122,662) geom=painted visible=1 twin=0 source=/Game/S08/UI/ArtHud/WBP_S08ArtPlate frame=1080
2026.09.30-16.09.44 SHOT widget id=plate.team impl=umg state=own fighter=f-0-hero bbox=(1122,646,1182,659) geom=painted visible=1 twin=0 source=/Game/S08/UI/ArtHud/WBP_S08ArtPlate frame=1080
2026.09.30-16.09.44 SHOT widget id=plate.hpbar impl=umg state=own fighter=f-0-hero bbox=(1022,668,1118,675) geom=painted visible=1 twin=0 source=/Game/S08/UI/ArtHud/WBP_S08ArtPlate frame=1080
2026.09.30-16.09.44 SHOT widget id=plate.hpfill impl=umg state=own fighter=f-0-hero bbox=(1022,668,1118,675) geom=painted visible=1 twin=0 source=/Game/S08/UI/ArtHud/WBP_S08ArtPlate frame=1080
2026.09.30-16.09.44 SHOT widget id=plate.hp impl=umg state=own fighter=f-0-hero bbox=(1124,664,1177,679) geom=painted visible=1 twin=0 source=/Game/S08/UI/ArtHud/WBP_S08ArtPlate frame=1080
2026.09.30-16.09.44 SHOT widget id=plate.status impl=umg state=own fighter=f-0-hero bbox=(1022,681,1182,694) geom=painted visible=1 twin=0 source=/Game/S08/UI/ArtHud/WBP_S08ArtPlate frame=1080
2026.09.30-16.09.44 SHOT widget id=plate.teamshape impl=umg state=own fighter=f-0-hero bbox=(1126,647,1138,659) geom=painted visible=1 twin=0 source=/Game/S08/UI/ArtHud/WBP_S08ArtPlate frame=1080
2026.09.30-16.09.44 SHOT widget id=board.tag impl=umg state=compact fighter=f-0-hero bbox=(909,389,1011,411) geom=painted visible=1 twin=0 source=/Game/S08/UI/ArtHud/WBP_S08ArtTag mode=compact look=P1 shape=circle placement=inset ring=0 order=1 bound=1 softPx2=0 planned=(909,389,1011,411) frame=1080
2026.09.30-16.09.44 SHOT widget id=board.tag.hp impl=umg state=compact fighter=f-0-hero bbox=(965,391,1007,409) geom=painted visible=1 twin=0 source=/Game/S08/UI/ArtHud/WBP_S08ArtTag mode=compact look=P1 shape=circle placement=inset ring=0 order=1 bound=1 softPx2=0 planned=(909,389,1011,411) frame=1080 font=11
2026.09.30-16.09.44 SHOT widget id=board.tag.bar impl=umg state=compact fighter=f-0-hero bbox=(928,398,962,403) geom=painted visible=1 twin=0 source=/Game/S08/UI/ArtHud/WBP_S08ArtTag mode=compact look=P1 shape=circle placement=inset ring=0 order=1 bound=1 softPx2=0 planned=(909,389,1011,411) frame=1080
2026.09.30-16.09.44 SHOT widget id=board.tag.chip impl=umg state=compact fighter=f-0-hero bbox=(913,394,925,406) geom=painted visible=1 twin=0 source=/Game/S08/UI/ArtHud/WBP_S08ArtTag mode=compact look=P1 shape=circle placement=inset ring=0 order=1 bound=1 softPx2=0 planned=(909,389,1011,411) frame=1080
2026.09.30-16.09.44 SHOT widget id=board.tag impl=umg state=full fighter=f-0-sk0 bbox=(1072,366,1163,407) geom=painted visible=1 twin=0 source=/Game/S08/UI/ArtHud/WBP_S08ArtTag mode=full look=P1 shape=circle placement=above ring=0 order=3 bound=1 softPx2=0 planned=(1072,366,1163,407) frame=1080
2026.09.30-16.09.44 SHOT widget id=board.tag.name impl=umg state=full fighter=f-0-sk0 bbox=(1091,368,1159,387) geom=painted visible=1 twin=0 source=/Game/S08/UI/ArtHud/WBP_S08ArtTag mode=full look=P1 shape=circle placement=above ring=0 order=3 bound=1 softPx2=0 planned=(1072,366,1163,407) frame=1080 font=12
2026.09.30-16.09.44 SHOT widget id=board.tag.hp impl=umg state=full fighter=f-0-sk0 bbox=(1128,387,1152,405) geom=painted visible=1 twin=0 source=/Game/S08/UI/ArtHud/WBP_S08ArtTag mode=full look=P1 shape=circle placement=above ring=0 order=3 bound=1 softPx2=0 planned=(1072,366,1163,407) frame=1080 font=11
2026.09.30-16.09.44 SHOT widget id=board.tag.bar impl=umg state=full fighter=f-0-sk0 bbox=(1091,394,1125,399) geom=painted visible=1 twin=0 source=/Game/S08/UI/ArtHud/WBP_S08ArtTag mode=full look=P1 shape=circle placement=above ring=0 order=3 bound=1 softPx2=0 planned=(1072,366,1163,407) frame=1080
2026.09.30-16.09.44 SHOT widget id=board.tag.chip impl=umg state=full fighter=f-0-sk0 bbox=(1076,381,1088,393) geom=painted visible=1 twin=0 source=/Game/S08/UI/ArtHud/WBP_S08ArtTag mode=full look=P1 shape=circle placement=above ring=0 order=3 bound=1 softPx2=0 planned=(1072,366,1163,407) frame=1080
2026.09.30-16.09.44 SHOT widget id=board.tag impl=umg state=full fighter=f-0-sk1 bbox=(915,245,1006,286) geom=painted visible=1 twin=0 source=/Game/S08/UI/ArtHud/WBP_S08ArtTag mode=full look=P1 shape=circle placement=above ring=0 order=0 bound=1 softPx2=0 planned=(915,245,1006,286) frame=1080
2026.09.30-16.09.44 SHOT widget id=board.tag.name impl=umg state=full fighter=f-0-sk1 bbox=(934,247,1002,266) geom=painted visible=1 twin=0 source=/Game/S08/UI/ArtHud/WBP_S08ArtTag mode=full look=P1 shape=circle placement=above ring=0 order=0 bound=1 softPx2=0 planned=(915,245,1006,286) frame=1080 font=12
2026.09.30-16.09.44 SHOT widget id=board.tag.hp impl=umg state=full fighter=f-0-sk1 bbox=(971,266,995,284) geom=painted visible=1 twin=0 source=/Game/S08/UI/ArtHud/WBP_S08ArtTag mode=full look=P1 shape=circle placement=above ring=0 order=0 bound=1 softPx2=0 planned=(915,245,1006,286) frame=1080 font=11
2026.09.30-16.09.44 SHOT widget id=board.tag.bar impl=umg state=full fighter=f-0-sk1 bbox=(934,273,968,278) geom=painted visible=1 twin=0 source=/Game/S08/UI/ArtHud/WBP_S08ArtTag mode=full look=P1 shape=circle placement=above ring=0 order=0 bound=1 softPx2=0 planned=(915,245,1006,286) frame=1080
2026.09.30-16.09.44 SHOT widget id=board.tag.chip impl=umg state=full fighter=f-0-sk1 bbox=(919,260,931,272) geom=painted visible=1 twin=0 source=/Game/S08/UI/ArtHud/WBP_S08ArtTag mode=full look=P1 shape=circle placement=above ring=0 order=0 bound=1 softPx2=0 planned=(915,245,1006,286) frame=1080
2026.09.30-16.09.44 SHOT widget id=board.tag impl=umg state=full fighter=f-0-sk2 bbox=(757,366,848,407) geom=painted visible=1 twin=0 source=/Game/S08/UI/ArtHud/WBP_S08ArtTag mode=full look=P1 shape=circle placement=above ring=0 order=2 bound=1 softPx2=0 planned=(757,366,848,407) frame=1080
2026.09.30-16.09.44 SHOT widget id=board.tag.name impl=umg state=full fighter=f-0-sk2 bbox=(776,368,844,387) geom=painted visible=1 twin=0 source=/Game/S08/UI/ArtHud/WBP_S08ArtTag mode=full look=P1 shape=circle placement=above ring=0 order=2 bound=1 softPx2=0 planned=(757,366,848,407) frame=1080 font=12
2026.09.30-16.09.44 SHOT widget id=board.tag.hp impl=umg state=full fighter=f-0-sk2 bbox=(813,387,837,405) geom=painted visible=1 twin=0 source=/Game/S08/UI/ArtHud/WBP_S08ArtTag mode=full look=P1 shape=circle placement=above ring=0 order=2 bound=1 softPx2=0 planned=(757,366,848,407) frame=1080 font=11
2026.09.30-16.09.44 SHOT widget id=board.tag.bar impl=umg state=full fighter=f-0-sk2 bbox=(776,394,810,399) geom=painted visible=1 twin=0 source=/Game/S08/UI/ArtHud/WBP_S08ArtTag mode=full look=P1 shape=circle placement=above ring=0 order=2 bound=1 softPx2=0 planned=(757,366,848,407) frame=1080
2026.09.30-16.09.44 SHOT widget id=board.tag.chip impl=umg state=full fighter=f-0-sk2 bbox=(761,381,773,393) geom=painted visible=1 twin=0 source=/Game/S08/UI/ArtHud/WBP_S08ArtTag mode=full look=P1 shape=circle placement=above ring=0 order=2 bound=1 softPx2=0 planned=(757,366,848,407) frame=1080
2026.09.30-16.09.44 SHOT widget id=board.tag impl=umg state=full fighter=f-1-hero bbox=(908,646,1013,687) geom=painted visible=1 twin=0 source=/Game/S08/UI/ArtHud/WBP_S08ArtTag mode=full look=P2 shape=hex placement=below ring=0 order=4 bound=1 softPx2=0 planned=(908,646,1013,687) frame=1080
2026.09.30-16.09.44 SHOT widget id=board.tag.name impl=umg state=full fighter=f-1-hero bbox=(927,648,1009,667) geom=painted visible=1 twin=0 source=/Game/S08/UI/ArtHud/WBP_S08ArtTag mode=full look=P2 shape=hex placement=below ring=0 order=4 bound=1 softPx2=0 planned=(908,646,1013,687) frame=1080 font=12
2026.09.30-16.09.44 SHOT widget id=board.tag.hp impl=umg state=full fighter=f-1-hero bbox=(964,667,1006,685) geom=painted visible=1 twin=0 source=/Game/S08/UI/ArtHud/WBP_S08ArtTag mode=full look=P2 shape=hex placement=below ring=0 order=4 bound=1 softPx2=0 planned=(908,646,1013,687) frame=1080 font=11
2026.09.30-16.09.44 SHOT widget id=board.tag.bar impl=umg state=full fighter=f-1-hero bbox=(927,674,961,679) geom=painted visible=1 twin=0 source=/Game/S08/UI/ArtHud/WBP_S08ArtTag mode=full look=P2 shape=hex placement=below ring=0 order=4 bound=1 softPx2=0 planned=(908,646,1013,687) frame=1080
2026.09.30-16.09.44 SHOT widget id=board.tag.chip impl=umg state=full fighter=f-1-hero bbox=(912,661,924,673) geom=painted visible=1 twin=0 source=/Game/S08/UI/ArtHud/WBP_S08ArtTag mode=full look=P2 shape=hex placement=below ring=0 order=4 bound=1 softPx2=0 planned=(908,646,1013,687) frame=1080
2026.09.30-16.09.44 SHOT widget id=board.tag impl=umg state=full fighter=f-1-sk0 bbox=(1164,520,1248,561) geom=painted visible=1 twin=0 source=/Game/S08/UI/ArtHud/WBP_S08ArtTag mode=full look=P2 shape=hex placement=right ring=0 order=5 bound=1 softPx2=0 planned=(1164,520,1248,561) frame=1080
2026.09.30-16.09.44 SHOT widget id=board.tag.name impl=umg state=full fighter=f-1-sk0 bbox=(1183,522,1228,541) geom=painted visible=1 twin=0 source=/Game/S08/UI/ArtHud/WBP_S08ArtTag mode=full look=P2 shape=hex placement=right ring=0 order=5 bound=1 softPx2=0 planned=(1164,520,1248,561) frame=1080 font=12
2026.09.30-16.09.44 SHOT widget id=board.tag.hp impl=umg state=full fighter=f-1-sk0 bbox=(1220,541,1244,559) geom=painted visible=1 twin=0 source=/Game/S08/UI/ArtHud/WBP_S08ArtTag mode=full look=P2 shape=hex placement=right ring=0 order=5 bound=1 softPx2=0 planned=(1164,520,1248,561) frame=1080 font=11
2026.09.30-16.09.44 SHOT widget id=board.tag.bar impl=umg state=full fighter=f-1-sk0 bbox=(1183,548,1217,553) geom=painted visible=1 twin=0 source=/Game/S08/UI/ArtHud/WBP_S08ArtTag mode=full look=P2 shape=hex placement=right ring=0 order=5 bound=1 softPx2=0 planned=(1164,520,1248,561) frame=1080
2026.09.30-16.09.44 SHOT widget id=board.tag.chip impl=umg state=full fighter=f-1-sk0 bbox=(1168,535,1180,547) geom=painted visible=1 twin=0 source=/Game/S08/UI/ArtHud/WBP_S08ArtTag mode=full look=P2 shape=hex placement=right ring=0 order=5 bound=1 softPx2=0 planned=(1164,520,1248,561) frame=1080
2026.09.30-16.09.44 SHOT panel id=hud.command bbox=(0,0,601,138) geom=painted visible=1 frame=1080
2026.09.30-16.09.44 SHOT panel id=hud.side bbox=(1432,0,1920,121) geom=painted visible=1 frame=1080
2026.09.30-16.09.44 SHOT panel id=hud.hand bbox=(453,985,1468,1080) geom=painted visible=1 frame=1080
2026.09.30-16.09.44 SHOT late end file=phase2-board-host-1920x1080.png frame=1080
2026.09.30-16.09.44 game -> room=cmuoavvgb008zwirckfk5hew3 code=<redacted> status=IN_PROGRESS
2026.09.30-16.09.47 game -> room=cmuoavvgb008zwirckfk5hew3 code=<redacted> status=IN_PROGRESS
2026.09.30-16.09.48 PERF window t=35.1-40.2 frames=147 fps=29.21 frameMs avg=34.23 p50=33.33 p95=33.33 p99=58.85 max=139.56 hitches50=2 gpuMs avg=1.91 p50=1.89 p95=2.14 gameMs avg=2.59 p95=1.98 renderMs avg=2.75 p95=3.12
2026.09.30-16.09.50 game -> room=cmuoavvgb008zwirckfk5hew3 code=<redacted> status=IN_PROGRESS
2026.09.30-16.09.53 game -> room=cmuoavvgb008zwirckfk5hew3 code=<redacted> status=IN_PROGRESS
2026.09.30-16.09.53 PERF window t=40.2-45.2 frames=151 fps=30.00 frameMs avg=33.33 p50=33.33 p95=33.33 p99=33.35 max=33.36 hitches50=0 gpuMs avg=1.84 p50=1.83 p95=2.03 gameMs avg=1.46 p95=1.84 renderMs avg=2.90 p95=3.48
2026.09.30-16.09.56 game -> room=cmuoavvgb008zwirckfk5hew3 code=<redacted> status=IN_PROGRESS
2026.09.30-16.09.58 PERF summary scope=afterWarmup warmup=5 elapsed=50.0 frames=1347 fps=29.90 frameMs avg=33.44 p50=33.33 p95=33.33 p99=33.35 max=139.56 hitches50=2 gpuMs avg=1.69 p50=1.80 p95=2.00 gameMs avg=1.57 p95=1.79 renderMs avg=2.75 p95=3.46
2026.09.30-16.09.58 PERF summary scope=started elapsed=50.0 frames=953 fps=29.86 frameMs avg=33.49 p50=33.33 p95=33.33 p99=33.34 max=139.56 hitches50=2 gpuMs avg=1.85 p50=1.83 p95=2.03 gameMs avg=1.66 p95=1.79 renderMs avg=2.88 p95=3.44
2026.09.30-16.09.58 PERF summary scope=artHud impl=umg elapsed=50.0 frames=476 fps=29.75 frameMs avg=33.61 p50=33.33 p95=33.33 p99=33.36 max=139.56 hitches50=2 gpuMs avg=1.88 p50=1.86 p95=2.06 gameMs avg=1.81 p95=1.88 renderMs avg=2.81 p95=3.45
2026.09.30-16.09.58 --- S08 trace close ---
