2026.09.28-13.02.40 --- S08 trace open 2026.09.28-13.02.40 ---
2026.09.28-13.02.40 HUD icon texture size=32 ready=1 path=/Game/ArtTests/ARTMarkers/Textures/T_UI_Action_Attack_32 texture=32x32 probe=0 plate=1
2026.09.28-13.02.40 LOGIN ok user=art-preview-joiner
2026.09.28-13.02.43 HEROES loaded 84
2026.09.28-13.02.43 CODE resolved -> cmul9c9f200f9wiukkc8ne2yj
2026.09.28-13.02.43 joinGame -> room=cmul9c9f200f9wiukkc8ne2yj code=<redacted> status=LOBBY
2026.09.28-13.02.45 PERF config tMaxFPS=30.0 frameRateLimit=60.0 vsync=0 smoothFrameRate=0 fixedFrameRate=0 rhi=D3D11
2026.09.28-13.02.45 PERF window t=0.0-5.0 frames=151 fps=30.00 frameMs avg=33.33 p50=33.33 p95=33.33 p99=33.34 max=33.37 hitches50=0 gpuMs avg=34.03 p50=33.22 p95=35.36 gameMs avg=1.27 p95=1.54 renderMs avg=2.32 p95=2.59
2026.09.28-13.02.46 game -> room=cmul9c9f200f9wiukkc8ne2yj code=<redacted> status=LOBBY
2026.09.28-13.02.46 selectHero -> room=cmul9c9f200f9wiukkc8ne2yj code=<redacted> status=LOBBY
2026.09.28-13.02.49 game -> room=cmul9c9f200f9wiukkc8ne2yj code=<redacted> status=LOBBY
2026.09.28-13.02.49 toggleReady -> room=cmul9c9f200f9wiukkc8ne2yj code=<redacted> status=LOBBY
2026.09.28-13.02.50 PERF window t=5.0-10.0 frames=150 fps=30.00 frameMs avg=33.33 p50=33.33 p95=33.33 p99=33.34 max=33.34 hitches50=0 gpuMs avg=32.52 p50=33.30 p95=34.62 gameMs avg=1.07 p95=1.60 renderMs avg=1.79 p95=2.38
2026.09.28-13.02.52 game -> room=cmul9c9f200f9wiukkc8ne2yj code=<redacted> status=LOBBY
2026.09.28-13.02.55 PERF window t=10.0-15.0 frames=150 fps=30.00 frameMs avg=33.33 p50=33.33 p95=33.33 p99=33.35 max=33.35 hitches50=0 gpuMs avg=33.30 p50=33.31 p95=34.69 gameMs avg=1.04 p95=1.40 renderMs avg=1.80 p95=2.26
2026.09.28-13.02.55 game -> room=cmul9c9f200f9wiukkc8ne2yj code=<redacted> status=IN_PROGRESS
2026.09.28-13.02.55 WS DROPPED (test-initiated transport loss)
2026.09.28-13.02.55 WS closed (test drop) - reconnect in 1s
2026.09.28-13.02.55 SNAPSHOT applied seq=1 phase=ACTION_MANEUVER
2026.09.28-13.02.55 HANDLE_APPLIED #1 seq=1 decision=2 fightersValid=1 boardValid=1
2026.09.28-13.02.55 MODE seq=1 mode=0 combat=0 pending=0
2026.09.28-13.02.55 HUD seq=1 phase=ACTION_MANEUVER turn=opp hand=5 oppHand=5(hidden) oppDeck=25 deck=25 discard=0
2026.09.28-13.02.55 ARTPREVIEW Cobble assets ready
2026.09.28-13.02.55 ARTPREVIEW medusa candidate variant=face-neck-v2 mesh=SK_Medusa_FaceNeck_v2Candidate requested=(default)
2026.09.28-13.02.55 ARTPREVIEW Cobble probe lights key=4.5 fill=700 warm=85
2026.09.28-13.02.55 ARTPREVIEW Cobble active 5x6 zones=30 blue=15 red=15 blueMarks=15 redMarks=45
2026.09.28-13.02.55 CAMERA dist=1931 loc=(0,1107,1582) pitch=-55 yaw=-90
2026.09.28-13.02.55 CAMERA config overview=1930.8 nearest=300.0 farthest=2970.4 zoomRange=0.65-6.44 minDist=300.0 outRatio=0.650 step=1.250 animMs=200 returnMs=300 followFrom=1.20 source=defaults issues=0
2026.09.28-13.02.55 BOARD 5x6 cells | control points: (0,0)=(-200,-250,0) (4,5)=(200,250,0) | neighbor pair (dist 100 uu)
2026.09.28-13.02.55 ARTPREVIEW click capsule fighter=f-0-hero mesh=SK_Medusa_FaceNeck_v2Candidate physicsAsset=0 radius=12.5 halfHeight=27.5 top=55.0 bodyCollision=0 source=meshBounds
2026.09.28-13.02.55 ARTPREVIEW fighter=Medusa hero=1 eligible=1 visual=1 mesh=SK_Medusa_FaceNeck_v2Candidate
2026.09.28-13.02.55 ARTPREVIEW click capsule fighter=f-0-sk0 mesh=SM_ART003_Harpy physicsAsset=0 radius=20.0 halfHeight=21.0 top=42.0 bodyCollision=0 source=meshBounds
2026.09.28-13.02.55 ARTPREVIEW click capsule fighter=f-0-sk1 mesh=SM_ART003_Harpy physicsAsset=0 radius=20.0 halfHeight=21.0 top=42.0 bodyCollision=0 source=meshBounds
2026.09.28-13.02.55 ARTPREVIEW click capsule fighter=f-0-sk2 mesh=SM_ART003_Harpy physicsAsset=0 radius=20.0 halfHeight=21.0 top=42.0 bodyCollision=0 source=meshBounds
2026.09.28-13.02.55 ARTPREVIEW click capsule fighter=f-1-hero mesh=SM_ART003_Arthur physicsAsset=0 radius=17.8 halfHeight=28.0 top=56.0 bodyCollision=0 source=meshBounds
2026.09.28-13.02.55 ARTPREVIEW click capsule fighter=f-1-sk0 mesh=SM_ART003_Merlin physicsAsset=0 radius=14.7 halfHeight=30.8 top=61.5 bodyCollision=0 source=meshBounds
2026.09.28-13.02.55 FIGHTERS synced n=6 alive=6 own=2 enemy=4
2026.09.28-13.02.55 STATE seq=1 -> apply
2026.09.28-13.02.55 WS closed 1000 (normal closure)
2026.09.28-13.02.55 HUD art layer plate=1 iconSize=32 iconTexture=1 iconProbe=0 plan=0
2026.09.28-13.02.56 WS reconnect attempt
2026.09.28-13.02.56 SUBSCRIBED gameStateUpdated since=1
2026.09.28-13.02.56 WS reconnected - refetching gameState
2026.09.28-13.02.56 SNAPSHOT applied seq=1 phase=ACTION_MANEUVER
2026.09.28-13.02.56 HANDLE_APPLIED #2 seq=1 decision=1 fightersValid=1 boardValid=1
2026.09.28-13.02.56 MODE seq=1 mode=0 combat=0 pending=0
2026.09.28-13.02.56 HUD seq=1 phase=ACTION_MANEUVER turn=opp hand=5 oppHand=5(hidden) oppDeck=25 deck=25 discard=0
2026.09.28-13.02.56 ARTPREVIEW fighter=Medusa hero=1 eligible=1 visual=1 mesh=SK_Medusa_FaceNeck_v2Candidate
2026.09.28-13.02.56 FIGHTERS synced n=6 alive=6 own=2 enemy=4
2026.09.28-13.02.56 STATE seq=1 -> merge
2026.09.28-13.02.56 SNAPSHOT applied seq=1 phase=ACTION_MANEUVER
2026.09.28-13.02.56 HANDLE_APPLIED #3 seq=1 decision=1 fightersValid=1 boardValid=1
2026.09.28-13.02.56 MODE seq=1 mode=0 combat=0 pending=0
2026.09.28-13.02.56 HUD seq=1 phase=ACTION_MANEUVER turn=opp hand=5 oppHand=5(hidden) oppDeck=25 deck=25 discard=0
2026.09.28-13.02.56 ARTPREVIEW fighter=Medusa hero=1 eligible=1 visual=1 mesh=SK_Medusa_FaceNeck_v2Candidate
2026.09.28-13.02.56 FIGHTERS synced n=6 alive=6 own=2 enemy=4
2026.09.28-13.02.56 WS seq=1 phase=ACTION_MANEUVER (merge)
2026.09.28-13.02.58 game -> room=cmul9c9f200f9wiukkc8ne2yj code=<redacted> status=IN_PROGRESS
2026.09.28-13.03.00 PERF window t=15.0-20.1 frames=151 fps=30.00 frameMs avg=33.33 p50=33.33 p95=33.33 p99=33.34 max=33.34 hitches50=0 gpuMs avg=32.96 p50=33.29 p95=34.94 gameMs avg=1.27 p95=1.95 renderMs avg=2.41 p95=2.88
2026.09.28-13.03.01 game -> room=cmul9c9f200f9wiukkc8ne2yj code=<redacted> status=IN_PROGRESS
2026.09.28-13.03.04 game -> room=cmul9c9f200f9wiukkc8ne2yj code=<redacted> status=IN_PROGRESS
2026.09.28-13.03.05 PERF window t=20.1-25.1 frames=151 fps=30.00 frameMs avg=33.33 p50=33.33 p95=33.33 p99=33.33 max=33.35 hitches50=0 gpuMs avg=32.46 p50=33.39 p95=34.87 gameMs avg=0.95 p95=1.17 renderMs avg=2.21 p95=2.58
2026.09.28-13.03.07 game -> room=cmul9c9f200f9wiukkc8ne2yj code=<redacted> status=IN_PROGRESS
2026.09.28-13.03.10 game -> room=cmul9c9f200f9wiukkc8ne2yj code=<redacted> status=IN_PROGRESS
2026.09.28-13.03.10 PERF window t=25.1-30.1 frames=151 fps=30.00 frameMs avg=33.33 p50=33.33 p95=33.33 p99=33.34 max=33.35 hitches50=0 gpuMs avg=32.03 p50=33.19 p95=34.70 gameMs avg=0.97 p95=1.24 renderMs avg=2.27 p95=2.86
2026.09.28-13.03.13 game -> room=cmul9c9f200f9wiukkc8ne2yj code=<redacted> status=IN_PROGRESS
2026.09.28-13.03.15 PERF window t=30.1-35.2 frames=151 fps=30.00 frameMs avg=33.33 p50=33.33 p95=33.33 p99=33.34 max=33.34 hitches50=0 gpuMs avg=29.78 p50=33.08 p95=35.10 gameMs avg=1.01 p95=1.29 renderMs avg=2.27 p95=2.73
2026.09.28-13.03.16 SHOT ctx viewport=1920x1080 viewTarget=CameraActor_2147482372 cam=(0,1107,1582) rot=(-55,-90,0)
2026.09.28-13.03.16 SHOT fighter f-0-hero pos=(2,2) world=(0,-50,0) screen=(960,476) projected=1 alive=1
2026.09.28-13.03.16 SHOT fighter f-0-sk0 pos=(3,2) world=(100,-50,0) screen=(1115,476) projected=1 alive=1
2026.09.28-13.03.16 SHOT fighter f-0-sk1 pos=(2,1) world=(0,-150,0) screen=(960,355) projected=1 alive=1
2026.09.28-13.03.16 SHOT fighter f-0-sk2 pos=(1,2) world=(-100,-50,0) screen=(805,476) projected=1 alive=1
2026.09.28-13.03.16 SHOT fighter f-1-hero pos=(2,3) world=(0,50,0) screen=(960,606) projected=1 alive=1
2026.09.28-13.03.16 SHOT fighter f-1-sk0 pos=(3,3) world=(100,50,0) screen=(1120,606) projected=1 alive=1
2026.09.28-13.03.16 SHOT camera dist=1930.8 target=1930.8 overview=1930.8 errPct=0.000 focusErr=0.00 settled=1 zoom=1.00
2026.09.28-13.03.16 SHOT head fighter=f-0-hero socket=Head mesh=SK_Medusa_FaceNeck_v2Candidate world=(0.0,-46.0,38.5) screen=(960.0,445.5) top=(960.0,439.8) bottom=(960.0,451.2) headPx=11.4 projected=1
2026.09.28-13.03.16 SHOT label fighter=f-0-hero mode=full bbox=(916,381,1004,414)
2026.09.28-13.03.16 SHOT label fighter=f-0-sk0 mode=full bbox=(1072,399,1169,428)
2026.09.28-13.03.16 SHOT label fighter=f-0-sk1 mode=full bbox=(914,276,1006,305)
2026.09.28-13.03.16 SHOT label fighter=f-0-sk2 mode=full bbox=(751,399,848,428)
2026.09.28-13.03.16 SHOT label fighter=f-1-hero mode=full bbox=(913,517,1007,545)
2026.09.28-13.03.16 SHOT label fighter=f-1-sk0 mode=full bbox=(1088,529,1162,558)
2026.09.28-13.03.16 SHOT requested: FScreenshotRequest(bShowUI) -> C:\Users\ren\AppData\Local\Temp\s08-phase2-20260928-180233-48372\phase2-board-joiner-1920x1080.png
2026.09.28-13.03.16 game -> room=cmul9c9f200f9wiukkc8ne2yj code=<redacted> status=IN_PROGRESS
2026.09.28-13.03.19 game -> room=cmul9c9f200f9wiukkc8ne2yj code=<redacted> status=IN_PROGRESS
2026.09.28-13.03.20 PERF window t=35.2-40.2 frames=147 fps=29.39 frameMs avg=34.03 p50=33.33 p95=33.33 p99=33.36 max=135.58 hitches50=1 gpuMs avg=31.70 p50=33.31 p95=35.67 gameMs avg=1.78 p95=1.18 renderMs avg=2.26 p95=2.81
2026.09.28-13.03.22 game -> room=cmul9c9f200f9wiukkc8ne2yj code=<redacted> status=IN_PROGRESS
2026.09.28-13.03.25 game -> room=cmul9c9f200f9wiukkc8ne2yj code=<redacted> status=IN_PROGRESS
2026.09.28-13.03.25 PERF window t=40.2-45.2 frames=150 fps=30.00 frameMs avg=33.33 p50=33.33 p95=33.33 p99=33.35 max=33.39 hitches50=0 gpuMs avg=32.59 p50=33.26 p95=35.31 gameMs avg=0.97 p95=1.14 renderMs avg=2.20 p95=2.54
2026.09.28-13.03.28 game -> room=cmul9c9f200f9wiukkc8ne2yj code=<redacted> status=IN_PROGRESS
2026.09.28-13.03.30 PERF window t=45.2-50.2 frames=151 fps=30.00 frameMs avg=33.33 p50=33.33 p95=33.33 p99=33.34 max=33.35 hitches50=0 gpuMs avg=31.08 p50=33.22 p95=35.48 gameMs avg=0.99 p95=1.15 renderMs avg=2.28 p95=2.85
2026.09.28-13.03.31 game -> room=cmul9c9f200f9wiukkc8ne2yj code=<redacted> status=IN_PROGRESS
2026.09.28-13.03.34 game -> room=cmul9c9f200f9wiukkc8ne2yj code=<redacted> status=IN_PROGRESS
2026.09.28-13.03.35 PERF summary scope=afterWarmup warmup=5 elapsed=55.0 frames=1498 fps=29.94 frameMs avg=33.40 p50=33.33 p95=33.33 p99=33.34 max=135.58 hitches50=1 gpuMs avg=32.06 p50=33.27 p95=35.09 gameMs avg=1.11 p95=1.31 renderMs avg=2.18 p95=2.71
2026.09.28-13.03.35 PERF summary scope=started elapsed=55.0 frames=1196 fps=29.92 frameMs avg=33.42 p50=33.33 p95=33.33 p99=33.34 max=135.58 hitches50=1 gpuMs avg=31.85 p50=33.26 p95=35.17 gameMs avg=1.12 p95=1.22 renderMs avg=2.28 p95=2.78
2026.09.28-13.03.35 --- S08 trace close ---
