2026.09.28-13.02.35 --- S08 trace open 2026.09.28-13.02.35 ---
2026.09.28-13.02.35 HUD icon texture size=24 ready=1 path=/Game/ArtTests/ARTMarkers/Textures/T_UI_Action_Attack_24 texture=24x24 probe=1 plate=1
2026.09.28-13.02.35 INPUT plan src=flag steps=18 after=37.50 step=0.35 plan=clickhero+clickabove+clickcell+wheelout*5+space+wheelin*9
2026.09.28-13.02.35 LOGIN ok user=art-preview-host
2026.09.28-13.02.38 HEROES loaded 84
2026.09.28-13.02.38 createGame -> room=cmul9c9f200f9wiukkc8ne2yj code=<redacted> status=LOBBY
2026.09.28-13.02.40 PERF config tMaxFPS=30.0 frameRateLimit=60.0 vsync=0 smoothFrameRate=0 fixedFrameRate=0 rhi=D3D11
2026.09.28-13.02.40 PERF window t=0.0-5.0 frames=151 fps=30.00 frameMs avg=33.33 p50=33.33 p95=33.33 p99=33.34 max=33.34 hitches50=0 gpuMs avg=35.62 p50=33.30 p95=34.29 gameMs avg=1.21 p95=1.36 renderMs avg=2.02 p95=2.36
2026.09.28-13.02.41 game -> room=cmul9c9f200f9wiukkc8ne2yj code=<redacted> status=LOBBY
2026.09.28-13.02.41 selectHero -> room=cmul9c9f200f9wiukkc8ne2yj code=<redacted> status=LOBBY
2026.09.28-13.02.44 game -> room=cmul9c9f200f9wiukkc8ne2yj code=<redacted> status=LOBBY
2026.09.28-13.02.44 toggleReady -> room=cmul9c9f200f9wiukkc8ne2yj code=<redacted> status=LOBBY
2026.09.28-13.02.45 PERF window t=5.0-10.0 frames=150 fps=30.00 frameMs avg=33.33 p50=33.33 p95=33.33 p99=33.36 max=33.37 hitches50=0 gpuMs avg=33.28 p50=33.33 p95=34.27 gameMs avg=1.29 p95=1.80 renderMs avg=2.09 p95=2.75
2026.09.28-13.02.47 game -> room=cmul9c9f200f9wiukkc8ne2yj code=<redacted> status=LOBBY
2026.09.28-13.02.50 PERF window t=10.0-15.0 frames=150 fps=30.00 frameMs avg=33.33 p50=33.33 p95=33.33 p99=33.34 max=33.34 hitches50=0 gpuMs avg=33.14 p50=33.33 p95=34.34 gameMs avg=1.12 p95=1.49 renderMs avg=1.73 p95=2.65
2026.09.28-13.02.50 game -> room=cmul9c9f200f9wiukkc8ne2yj code=<redacted> status=LOBBY
2026.09.28-13.02.53 game -> room=cmul9c9f200f9wiukkc8ne2yj code=<redacted> status=LOBBY
2026.09.28-13.02.53 startGame -> room=cmul9c9f200f9wiukkc8ne2yj code=<redacted> status=IN_PROGRESS
2026.09.28-13.02.53 SNAPSHOT applied seq=1 phase=ACTION_MANEUVER
2026.09.28-13.02.53 HANDLE_APPLIED #1 seq=1 decision=2 fightersValid=1 boardValid=1
2026.09.28-13.02.53 MODE seq=1 mode=0 combat=0 pending=0
2026.09.28-13.02.53 HUD seq=1 phase=ACTION_MANEUVER turn=you hand=5 oppHand=5(hidden) oppDeck=25 deck=25 discard=0
2026.09.28-13.02.53 ARTPREVIEW Cobble assets ready
2026.09.28-13.02.53 ARTPREVIEW medusa candidate variant=face-neck-v2 mesh=SK_Medusa_FaceNeck_v2Candidate requested=(default)
2026.09.28-13.02.53 ARTPREVIEW Cobble probe lights key=4.5 fill=700 warm=85
2026.09.28-13.02.53 ARTPREVIEW Cobble active 5x6 zones=30 blue=15 red=15 blueMarks=15 redMarks=45
2026.09.28-13.02.53 CAMERA dist=1931 loc=(0,1107,1582) pitch=-55 yaw=-90
2026.09.28-13.02.53 CAMERA config overview=1930.8 nearest=300.0 farthest=2970.4 zoomRange=0.65-6.44 minDist=300.0 outRatio=0.650 step=1.250 animMs=200 returnMs=300 followFrom=1.20 source=defaults issues=0
2026.09.28-13.02.53 BOARD 5x6 cells | control points: (0,0)=(-200,-250,0) (4,5)=(200,250,0) | neighbor pair (dist 100 uu)
2026.09.28-13.02.53 ARTPREVIEW click capsule fighter=f-0-hero mesh=SK_Medusa_FaceNeck_v2Candidate physicsAsset=0 radius=12.5 halfHeight=27.5 top=55.0 bodyCollision=0 source=meshBounds
2026.09.28-13.02.53 ARTPREVIEW fighter=Medusa hero=1 eligible=1 visual=1 mesh=SK_Medusa_FaceNeck_v2Candidate
2026.09.28-13.02.53 ARTPREVIEW click capsule fighter=f-0-sk0 mesh=SM_ART003_Harpy physicsAsset=0 radius=20.0 halfHeight=21.0 top=42.0 bodyCollision=0 source=meshBounds
2026.09.28-13.02.53 ARTPREVIEW click capsule fighter=f-0-sk1 mesh=SM_ART003_Harpy physicsAsset=0 radius=20.0 halfHeight=21.0 top=42.0 bodyCollision=0 source=meshBounds
2026.09.28-13.02.53 ARTPREVIEW click capsule fighter=f-0-sk2 mesh=SM_ART003_Harpy physicsAsset=0 radius=20.0 halfHeight=21.0 top=42.0 bodyCollision=0 source=meshBounds
2026.09.28-13.02.53 ARTPREVIEW click capsule fighter=f-1-hero mesh=SM_ART003_Arthur physicsAsset=0 radius=17.8 halfHeight=28.0 top=56.0 bodyCollision=0 source=meshBounds
2026.09.28-13.02.53 ARTPREVIEW click capsule fighter=f-1-sk0 mesh=SM_ART003_Merlin physicsAsset=0 radius=14.7 halfHeight=30.8 top=61.5 bodyCollision=0 source=meshBounds
2026.09.28-13.02.53 FIGHTERS synced n=6 alive=6 own=4 enemy=2
2026.09.28-13.02.53 STATE seq=1 -> apply
2026.09.28-13.02.53 HUD art layer plate=1 iconSize=24 iconTexture=1 iconProbe=1 plan=18
2026.09.28-13.02.53 SUBSCRIBED gameStateUpdated since=1
2026.09.28-13.02.53 ARTPREVIEW icon probe src=flag target=f-1-hero size=24
2026.09.28-13.02.53 ICON fighter=f-1-hero bbox=(948,489,972,513) size=24 src=flag labelAvoid=1 hudAvoid=0
2026.09.28-13.02.53 SNAPSHOT applied seq=1 phase=ACTION_MANEUVER
2026.09.28-13.02.53 HANDLE_APPLIED #2 seq=1 decision=1 fightersValid=1 boardValid=1
2026.09.28-13.02.53 MODE seq=1 mode=0 combat=0 pending=0
2026.09.28-13.02.53 HUD seq=1 phase=ACTION_MANEUVER turn=you hand=5 oppHand=5(hidden) oppDeck=25 deck=25 discard=0
2026.09.28-13.02.53 ARTPREVIEW fighter=Medusa hero=1 eligible=1 visual=1 mesh=SK_Medusa_FaceNeck_v2Candidate
2026.09.28-13.02.53 FIGHTERS synced n=6 alive=6 own=4 enemy=2
2026.09.28-13.02.53 WS seq=1 phase=ACTION_MANEUVER (merge)
2026.09.28-13.02.55 PERF window t=15.0-20.0 frames=150 fps=30.00 frameMs avg=33.34 p50=33.33 p95=33.33 p99=33.34 max=33.85 hitches50=0 gpuMs avg=32.58 p50=33.32 p95=34.77 gameMs avg=1.43 p95=1.53 renderMs avg=2.20 p95=3.26
2026.09.28-13.02.56 game -> room=cmul9c9f200f9wiukkc8ne2yj code=<redacted> status=IN_PROGRESS
2026.09.28-13.02.59 game -> room=cmul9c9f200f9wiukkc8ne2yj code=<redacted> status=IN_PROGRESS
2026.09.28-13.03.00 PERF window t=20.0-25.1 frames=151 fps=30.00 frameMs avg=33.33 p50=33.33 p95=33.33 p99=33.34 max=33.34 hitches50=0 gpuMs avg=32.89 p50=32.99 p95=37.74 gameMs avg=1.09 p95=1.34 renderMs avg=2.55 p95=3.28
2026.09.28-13.03.02 game -> room=cmul9c9f200f9wiukkc8ne2yj code=<redacted> status=IN_PROGRESS
2026.09.28-13.03.05 game -> room=cmul9c9f200f9wiukkc8ne2yj code=<redacted> status=IN_PROGRESS
2026.09.28-13.03.05 PERF window t=25.1-30.1 frames=151 fps=30.00 frameMs avg=33.33 p50=33.33 p95=33.33 p99=33.33 max=33.34 hitches50=0 gpuMs avg=33.01 p50=33.28 p95=35.74 gameMs avg=1.07 p95=1.22 renderMs avg=2.46 p95=2.98
2026.09.28-13.03.08 game -> room=cmul9c9f200f9wiukkc8ne2yj code=<redacted> status=IN_PROGRESS
2026.09.28-13.03.09 ARTPREVIEW selection ring shown fighter=Medusa mesh=SM_Marker_SelectionRing
2026.09.28-13.03.09 ARTPREVIEW reachable corners cells=13 placed=1
2026.09.28-13.03.09 ARTPREVIEW selection ownHero=1 selected=1 fighter=Medusa reachable=14 fighterId=f-0-hero
2026.09.28-13.03.09 INPUT select src=flag fighter=f-0-hero flag=ArtPreviewSelectOwnHero
2026.09.28-13.03.09 ARTPREVIEW camera focus requested zoom=1.60 overview=1931 target=1207
2026.09.28-13.03.09 INPUT zoom src=flag zoom=1.60 flag=ArtPreviewFocusZoom
2026.09.28-13.03.09 CAMERA focus src=flag from=1930.8 to=1206.7 requested=1206.7 zoom=1.60 clamp=0 limit=none animMs=200
2026.09.28-13.03.09 HUD plate content fighter=f-0-hero name=Medusa hp=16/16 team=own statuses=HERO  |  MELEE
2026.09.28-13.03.09 ICON fighter=f-1-hero bbox=(948,626,972,650) size=24 src=flag labelAvoid=0 hudAvoid=0
2026.09.28-13.03.09 PLATE fighter=f-0-hero bbox=(708,608,880,662) overlapReachable=0 placement=left ring=3 gap=30 selection=f-0-hero destinations=13 clean=1 softPx2=0 tested=560
2026.09.28-13.03.09 CAMERA settled elapsed=34.17 dist=1206.7 target=1206.7 errPct=0.000 focusErr=0.00 focus=(0,-50,28)
2026.09.28-13.03.09 ICON fighter=f-1-hero bbox=(948,642,972,666) size=24 src=flag labelAvoid=0 hudAvoid=0
2026.09.28-13.03.09 PLATE fighter=f-0-hero bbox=(1018,615,1190,669) overlapReachable=0 placement=right ring=0 gap=6 selection=f-0-hero destinations=13 clean=1 softPx2=0 tested=130
2026.09.28-13.03.10 PERF window t=30.1-35.1 frames=151 fps=30.00 frameMs avg=33.33 p50=33.33 p95=33.33 p99=33.34 max=33.34 hitches50=0 gpuMs avg=31.59 p50=33.05 p95=36.34 gameMs avg=1.30 p95=1.91 renderMs avg=2.57 p95=3.25
2026.09.28-13.03.11 SHOT ctx viewport=1920x1080 viewTarget=CameraActor_2147482372 cam=(0,642,1017) rot=(-55,-90,0)
2026.09.28-13.03.11 SHOT fighter f-0-hero pos=(2,2) world=(0,-50,0) screen=(960,580) projected=1 alive=1
2026.09.28-13.03.11 SHOT fighter f-0-sk0 pos=(3,2) world=(100,-50,0) screen=(1208,580) projected=1 alive=1
2026.09.28-13.03.11 SHOT fighter f-0-sk1 pos=(2,1) world=(0,-150,0) screen=(960,384) projected=1 alive=1
2026.09.28-13.03.11 SHOT fighter f-0-sk2 pos=(1,2) world=(-100,-50,0) screen=(712,580) projected=1 alive=1
2026.09.28-13.03.11 SHOT fighter f-1-hero pos=(2,3) world=(0,50,0) screen=(960,794) projected=1 alive=1
2026.09.28-13.03.11 SHOT fighter f-1-sk0 pos=(3,3) world=(100,50,0) screen=(1220,794) projected=1 alive=1
2026.09.28-13.03.11 SHOT camera dist=1206.7 target=1206.7 overview=1930.8 errPct=0.000 focusErr=0.00 settled=1 zoom=1.60
2026.09.28-13.03.11 SHOT head fighter=f-0-hero socket=Head mesh=SK_Medusa_FaceNeck_v2Candidate world=(0.0,-46.0,38.5) screen=(960.0,533.0) top=(960.0,524.2) bottom=(960.0,541.8) headPx=17.6 projected=1
2026.09.28-13.03.11 SHOT selection fighter=f-0-hero ownCell=(2,2) legal=14 destinations=13 ownCellExcluded=1 plateFighter=f-0-hero
2026.09.28-13.03.11 SHOT reachable fighter=f-0-hero n=13 cells=(1,0)(2,0)(3,0)(0,1)(1,1)(3,1)(4,1)(0,2)(4,2)(0,3)(1,3)(4,3)(1,4)
2026.09.28-13.03.11 SHOT plate fighter=f-0-hero bbox=(1018,615,1190,669) overlapReachable=0 placement=right gap=6 anchor=(908,459,1012,621) planned=(1018,615,1190,669) geom=painted stableFrames=54
2026.09.28-13.03.11 SHOT icon fighter=f-1-hero bbox=(948,642,972,666) size=24 src=flag planned=(948,642,972,666) geom=painted
2026.09.28-13.03.11 SHOT label fighter=f-0-sk0 mode=compact bbox=(1159,484,1277,497)
2026.09.28-13.03.11 SHOT label fighter=f-0-sk1 mode=compact bbox=(904,285,1016,298)
2026.09.28-13.03.11 SHOT label fighter=f-0-sk2 mode=compact bbox=(643,484,761,497)
2026.09.28-13.03.11 SHOT label fighter=f-1-hero mode=compact bbox=(894,680,1026,690)
2026.09.28-13.03.11 SHOT label fighter=f-1-sk0 mode=compact bbox=(1179,703,1284,717)
2026.09.28-13.03.11 SHOT requested: FScreenshotRequest(bShowUI) -> C:\Users\ren\AppData\Local\Temp\s08-phase2-20260928-180233-48372\phase2-board-host-1920x1080.png
2026.09.28-13.03.11 game -> room=cmul9c9f200f9wiukkc8ne2yj code=<redacted> status=IN_PROGRESS
2026.09.28-13.03.13 INPUT step src=flag index=1/18 step=clickhero
2026.09.28-13.03.13 ARTPREVIEW selection ring shown fighter=Medusa mesh=SM_Marker_SelectionRing
2026.09.28-13.03.13 ARTPREVIEW reachable corners cells=13 placed=1
2026.09.28-13.03.13 INPUT click button=left src=flag step=clickhero screen=(960,541) hit=1 actor=S08FighterActor_2147482371 comp=ClickCapsule fighter=f-0-hero cell=(-1,-1) reachable=0 expect=f-0-hero match=1 dispatch=0 selected=1
2026.09.28-13.03.13 INPUT step src=flag index=2/18 step=clickabove
2026.09.28-13.03.13 INPUT click button=left src=flag step=clickabove screen=(960,446) hit=1 actor=S08BoardActor_2147482378 comp=NormalTiles fighter=none cell=(2,1) reachable=0 expect=not:f-0-hero match=1 dispatch=0 selected=0
2026.09.28-13.03.13 INPUT step src=flag index=3/18 step=clickcell
2026.09.28-13.03.13 INPUT click button=left src=flag step=clickcell screen=(723,384) hit=1 actor=S08BoardActor_2147482378 comp=NormalTiles fighter=none cell=(1,1) reachable=1 expect=cell(1,1) match=1 dispatch=0 selected=0
2026.09.28-13.03.14 INPUT step src=flag index=4/18 step=wheelout
2026.09.28-13.03.14 INPUT wheel dir=out src=flag
2026.09.28-13.03.14 CAMERA wheel dir=out src=flag from=1206.7 to=1508.4 requested=1508.4 zoom=1.28 clamp=0 limit=none animMs=200 follow=1
2026.09.28-13.03.14 ICON fighter=f-1-hero bbox=(948,616,972,640) size=24 src=flag labelAvoid=0 hudAvoid=0
2026.09.28-13.03.14 PLATE fighter=f-0-hero bbox=(1012,780,1184,834) overlapReachable=0 placement=below ring=21 gap=174 selection=f-0-hero destinations=13 clean=1 softPx2=0 tested=4444
2026.09.28-13.03.14 ICON fighter=f-1-hero bbox=(948,615,972,639) size=24 src=flag labelAvoid=0 hudAvoid=0
2026.09.28-13.03.14 PLATE fighter=f-0-hero bbox=(1005,779,1177,833) overlapReachable=0 placement=below ring=21 gap=174 selection=f-0-hero destinations=13 clean=1 softPx2=0 tested=4444
2026.09.28-13.03.14 INPUT step src=flag index=5/18 step=wheelout
2026.09.28-13.03.14 INPUT wheel dir=out src=flag
2026.09.28-13.03.14 CAMERA wheel dir=out src=flag from=1508.4 to=1885.5 requested=1885.5 zoom=1.02 clamp=0 limit=none animMs=200 follow=0
2026.09.28-13.03.14 game -> room=cmul9c9f200f9wiukkc8ne2yj code=<redacted> status=IN_PROGRESS
2026.09.28-13.03.14 ICON fighter=f-1-hero bbox=(948,496,972,520) size=24 src=flag labelAvoid=1 hudAvoid=0
2026.09.28-13.03.14 PLATE fighter=f-0-hero bbox=(997,641,1169,695) overlapReachable=0 placement=below ring=16 gap=134 selection=f-0-hero destinations=13 clean=1 softPx2=0 tested=2924
2026.09.28-13.03.14 ICON fighter=f-1-hero bbox=(948,491,972,515) size=24 src=flag labelAvoid=1 hudAvoid=0
2026.09.28-13.03.14 PLATE fighter=f-0-hero bbox=(997,635,1169,689) overlapReachable=0 placement=below ring=16 gap=134 selection=f-0-hero destinations=13 clean=1 softPx2=0 tested=2924
2026.09.28-13.03.14 INPUT step src=flag index=6/18 step=wheelout
2026.09.28-13.03.14 INPUT wheel dir=out src=flag
2026.09.28-13.03.14 CAMERA wheel dir=out src=flag from=1885.5 to=2356.9 requested=2356.9 zoom=0.82 clamp=0 limit=none animMs=200 follow=0
2026.09.28-13.03.15 PLATE fighter=f-0-hero bbox=(899,626,1071,680) overlapReachable=0 placement=below ring=14 gap=118 selection=f-0-hero destinations=13 clean=1 softPx2=0 tested=2310
2026.09.28-13.03.15 PLATE fighter=f-0-hero bbox=(900,618,1072,672) overlapReachable=0 placement=below ring=13 gap=110 selection=f-0-hero destinations=13 clean=1 softPx2=0 tested=2100
2026.09.28-13.03.15 INPUT step src=flag index=7/18 step=wheelout
2026.09.28-13.03.15 INPUT wheel dir=out src=flag
2026.09.28-13.03.15 CAMERA wheel dir=out src=flag from=2356.9 to=2946.1 requested=2946.1 zoom=0.66 clamp=0 limit=none animMs=200 follow=0
2026.09.28-13.03.15 PLATE fighter=f-0-hero bbox=(913,608,1085,662) overlapReachable=0 placement=below ring=11 gap=94 selection=f-0-hero destinations=13 clean=1 softPx2=0 tested=1632
2026.09.28-13.03.15 PLATE fighter=f-0-hero bbox=(913,609,1085,663) overlapReachable=0 placement=below ring=11 gap=94 selection=f-0-hero destinations=13 clean=1 softPx2=0 tested=1632
2026.09.28-13.03.15 INPUT step src=flag index=8/18 step=wheelout
2026.09.28-13.03.15 INPUT wheel dir=out src=flag
2026.09.28-13.03.15 CAMERA wheel dir=out src=flag from=2946.1 to=2970.4 requested=3682.7 zoom=0.65 clamp=1 limit=far animMs=200 follow=0
2026.09.28-13.03.15 CAMERA clamp limit=far src=flag dist=2970.4 requested=3682.7 zoom=0.65 range=0.65-6.44
2026.09.28-13.03.15 PERF window t=35.1-40.2 frames=146 fps=29.01 frameMs avg=34.47 p50=33.33 p95=33.33 p99=33.33 max=198.93 hitches50=1 gpuMs avg=32.97 p50=33.21 p95=36.66 gameMs avg=2.98 p95=4.02 renderMs avg=2.51 p95=3.00
2026.09.28-13.03.15 INPUT step src=flag index=9/18 step=space
2026.09.28-13.03.15 INPUT space src=flag
2026.09.28-13.03.15 CAMERA space src=flag from=2970.4 to=1930.8 zoom=1.00 animMs=300 follow=0
2026.09.28-13.03.16 ICON fighter=f-1-hero bbox=(948,491,972,515) size=24 src=flag labelAvoid=1 hudAvoid=0
2026.09.28-13.03.16 PLATE fighter=f-0-hero bbox=(999,628,1171,682) overlapReachable=0 placement=below ring=15 gap=126 selection=f-0-hero destinations=13 clean=1 softPx2=0 tested=2624
2026.09.28-13.03.16 PLATE fighter=f-0-hero bbox=(886,636,1058,690) overlapReachable=0 placement=below ring=16 gap=134 selection=f-0-hero destinations=13 clean=1 softPx2=0 tested=2924
2026.09.28-13.03.16 INPUT step src=flag index=10/18 step=wheelin
2026.09.28-13.03.16 INPUT wheel dir=in src=flag
2026.09.28-13.03.16 CAMERA wheel dir=in src=flag from=1930.8 to=1544.6 requested=1544.6 zoom=1.25 clamp=0 limit=none animMs=200 follow=1
2026.09.28-13.03.16 ICON fighter=f-1-hero bbox=(948,602,972,626) size=24 src=flag labelAvoid=0 hudAvoid=0
2026.09.28-13.03.16 PLATE fighter=f-0-hero bbox=(1006,760,1178,814) overlapReachable=0 placement=below ring=20 gap=166 selection=f-0-hero destinations=13 clean=1 softPx2=0 tested=4074
2026.09.28-13.03.16 ICON fighter=f-1-hero bbox=(948,612,972,636) size=24 src=flag labelAvoid=0 hudAvoid=0
2026.09.28-13.03.16 PLATE fighter=f-0-hero bbox=(1006,769,1178,823) overlapReachable=0 placement=below ring=20 gap=166 selection=f-0-hero destinations=13 clean=1 softPx2=0 tested=4158
2026.09.28-13.03.16 INPUT step src=flag index=11/18 step=wheelin
2026.09.28-13.03.16 INPUT wheel dir=in src=flag
2026.09.28-13.03.16 CAMERA wheel dir=in src=flag from=1544.6 to=1235.7 requested=1235.7 zoom=1.56 clamp=0 limit=none animMs=200 follow=1
2026.09.28-13.03.16 ICON fighter=f-1-hero bbox=(948,637,972,661) size=24 src=flag labelAvoid=0 hudAvoid=0
2026.09.28-13.03.16 PLATE fighter=f-0-hero bbox=(708,618,880,672) overlapReachable=0 placement=left ring=3 gap=30 selection=f-0-hero destinations=13 clean=1 softPx2=0 tested=560
2026.09.28-13.03.16 ICON fighter=f-1-hero bbox=(948,639,972,663) size=24 src=flag labelAvoid=0 hudAvoid=0
2026.09.28-13.03.16 PLATE fighter=f-0-hero bbox=(731,617,903,671) overlapReachable=0 placement=left ring=0 gap=6 selection=f-0-hero destinations=13 clean=1 softPx2=0 tested=130
2026.09.28-13.03.17 INPUT step src=flag index=12/18 step=wheelin
2026.09.28-13.03.17 INPUT wheel dir=in src=flag
2026.09.28-13.03.17 CAMERA wheel dir=in src=flag from=1235.7 to=988.6 requested=988.6 zoom=1.95 clamp=0 limit=none animMs=200 follow=1
2026.09.28-13.03.17 ICON fighter=f-1-hero bbox=(948,671,972,695) size=24 src=flag labelAvoid=0 hudAvoid=0
2026.09.28-13.03.17 PLATE fighter=f-0-hero bbox=(1029,503,1201,557) overlapReachable=0 placement=right ring=0 gap=6 selection=f-0-hero destinations=13 clean=1 softPx2=0 tested=144
2026.09.28-13.03.17 ICON fighter=f-1-hero bbox=(948,674,972,698) size=24 src=flag labelAvoid=0 hudAvoid=0
2026.09.28-13.03.17 PLATE fighter=f-0-hero bbox=(1030,501,1202,555) overlapReachable=0 placement=right ring=0 gap=6 selection=f-0-hero destinations=13 clean=1 softPx2=0 tested=146
2026.09.28-13.03.17 INPUT step src=flag index=13/18 step=wheelin
2026.09.28-13.03.17 INPUT wheel dir=in src=flag
2026.09.28-13.03.17 CAMERA wheel dir=in src=flag from=988.6 to=790.8 requested=790.8 zoom=2.44 clamp=0 limit=none animMs=200 follow=1
2026.09.28-13.03.17 game -> room=cmul9c9f200f9wiukkc8ne2yj code=<redacted> status=IN_PROGRESS
2026.09.28-13.03.17 ICON fighter=f-1-hero bbox=(948,714,972,738) size=24 src=flag labelAvoid=0 hudAvoid=0
2026.09.28-13.03.17 PLATE fighter=f-0-hero bbox=(1045,502,1217,556) overlapReachable=0 placement=right ring=0 gap=6 selection=f-0-hero destinations=13 clean=1 softPx2=0 tested=164
2026.09.28-13.03.17 ICON fighter=f-1-hero bbox=(948,719,972,743) size=24 src=flag labelAvoid=0 hudAvoid=0
2026.09.28-13.03.17 PLATE fighter=f-0-hero bbox=(862,356,1034,410) overlapReachable=0 placement=above ring=0 gap=6 selection=f-0-hero destinations=13 clean=1 softPx2=0 tested=168
2026.09.28-13.03.17 INPUT step src=flag index=14/18 step=wheelin
2026.09.28-13.03.17 INPUT wheel dir=in src=flag
2026.09.28-13.03.17 CAMERA wheel dir=in src=flag from=790.8 to=632.7 requested=632.7 zoom=3.05 clamp=0 limit=none animMs=200 follow=1
2026.09.28-13.03.17 ICON fighter=f-1-hero bbox=(948,772,972,796) size=24 src=flag labelAvoid=0 hudAvoid=0
2026.09.28-13.03.17 PLATE fighter=f-0-hero bbox=(874,327,1046,381) overlapReachable=0 placement=above ring=0 gap=6 selection=f-0-hero destinations=13 clean=1 softPx2=0 tested=190
2026.09.28-13.03.18 ICON fighter=f-1-hero bbox=(948,777,972,801) size=24 src=flag labelAvoid=0 hudAvoid=0
2026.09.28-13.03.18 PLATE fighter=f-0-hero bbox=(864,699,1036,753) overlapReachable=0 placement=below ring=0 gap=6 selection=f-0-hero destinations=13 clean=1 softPx2=0 tested=192
2026.09.28-13.03.18 INPUT step src=flag index=15/18 step=wheelin
2026.09.28-13.03.18 INPUT wheel dir=in src=flag
2026.09.28-13.03.18 CAMERA wheel dir=in src=flag from=632.7 to=506.1 requested=506.1 zoom=3.81 clamp=0 limit=none animMs=200 follow=1
2026.09.28-13.03.18 ICON fighter=f-1-hero bbox=(948,847,972,871) size=24 src=flag labelAvoid=0 hudAvoid=0
2026.09.28-13.03.18 PLATE fighter=f-0-hero bbox=(1092,496,1264,550) overlapReachable=0 placement=right ring=0 gap=6 selection=f-0-hero destinations=13 clean=1 softPx2=0 tested=222
2026.09.28-13.03.18 ICON fighter=f-1-hero bbox=(948,854,972,878) size=24 src=flag labelAvoid=0 hudAvoid=0
2026.09.28-13.03.18 PLATE fighter=f-0-hero bbox=(1095,500,1267,554) overlapReachable=0 placement=right ring=0 gap=6 selection=f-0-hero destinations=13 clean=1 softPx2=0 tested=226
2026.09.28-13.03.18 INPUT step src=flag index=16/18 step=wheelin
2026.09.28-13.03.18 INPUT wheel dir=in src=flag
2026.09.28-13.03.18 CAMERA wheel dir=in src=flag from=506.1 to=404.9 requested=404.9 zoom=4.77 clamp=0 limit=none animMs=200 follow=1
2026.09.28-13.03.18 ICON fighter=f-1-hero bbox=(948,948,972,972) size=24 src=flag labelAvoid=0 hudAvoid=0
2026.09.28-13.03.18 PLATE fighter=f-0-hero bbox=(1127,494,1299,548) overlapReachable=0 placement=right ring=0 gap=6 selection=f-0-hero destinations=13 clean=1 softPx2=0 tested=264
2026.09.28-13.03.18 ICON fighter=f-1-hero bbox=(948,958,972,982) size=24 src=flag labelAvoid=0 hudAvoid=0
2026.09.28-13.03.18 PLATE fighter=f-0-hero bbox=(1130,506,1302,560) overlapReachable=0 placement=right ring=0 gap=6 selection=f-0-hero destinations=13 clean=1 softPx2=0 tested=266
2026.09.28-13.03.18 INPUT step src=flag index=17/18 step=wheelin
2026.09.28-13.03.18 INPUT wheel dir=in src=flag
2026.09.28-13.03.18 CAMERA wheel dir=in src=flag from=404.9 to=323.9 requested=323.9 zoom=5.96 clamp=0 limit=none animMs=200 follow=1
2026.09.28-13.03.19 PLATE fighter=f-0-hero bbox=(1171,504,1343,558) overlapReachable=0 placement=right ring=0 gap=6 selection=f-0-hero destinations=13 clean=1 softPx2=0 tested=316
2026.09.28-13.03.19 PLATE fighter=f-0-hero bbox=(1176,490,1348,544) overlapReachable=0 placement=right ring=0 gap=6 selection=f-0-hero destinations=13 clean=1 softPx2=0 tested=320
2026.09.28-13.03.19 INPUT step src=flag index=18/18 step=wheelin
2026.09.28-13.03.19 INPUT wheel dir=in src=flag
2026.09.28-13.03.19 CAMERA wheel dir=in src=flag from=323.9 to=300.0 requested=259.1 zoom=6.44 clamp=1 limit=near animMs=200 follow=1
2026.09.28-13.03.19 CAMERA clamp limit=near src=flag dist=300.0 requested=259.1 zoom=6.44 range=0.65-6.44
2026.09.28-13.03.19 INPUT plan done src=flag steps=18 zoom=6.44 dist=300.0
2026.09.28-13.03.19 PLATE fighter=f-0-hero bbox=(1193,499,1365,553) overlapReachable=0 placement=right ring=0 gap=6 selection=f-0-hero destinations=13 clean=1 softPx2=0 tested=340
2026.09.28-13.03.19 PLATE fighter=f-0-hero bbox=(1195,497,1367,551) overlapReachable=0 placement=right ring=0 gap=6 selection=f-0-hero destinations=13 clean=1 softPx2=0 tested=342
2026.09.28-13.03.20 game -> room=cmul9c9f200f9wiukkc8ne2yj code=<redacted> status=IN_PROGRESS
2026.09.28-13.03.20 PERF window t=40.2-45.2 frames=150 fps=30.00 frameMs avg=33.33 p50=33.33 p95=33.33 p99=33.37 max=33.45 hitches50=0 gpuMs avg=30.78 p50=33.24 p95=35.74 gameMs avg=1.85 p95=3.92 renderMs avg=2.53 p95=3.13
2026.09.28-13.03.23 game -> room=cmul9c9f200f9wiukkc8ne2yj code=<redacted> status=IN_PROGRESS
2026.09.28-13.03.25 PERF window t=45.2-50.2 frames=151 fps=30.00 frameMs avg=33.33 p50=33.33 p95=33.33 p99=33.34 max=33.36 hitches50=0 gpuMs avg=30.63 p50=33.28 p95=35.94 gameMs avg=1.34 p95=1.46 renderMs avg=2.30 p95=2.75
2026.09.28-13.03.26 game -> room=cmul9c9f200f9wiukkc8ne2yj code=<redacted> status=IN_PROGRESS
2026.09.28-13.03.29 game -> room=cmul9c9f200f9wiukkc8ne2yj code=<redacted> status=IN_PROGRESS
2026.09.28-13.03.30 PERF summary scope=afterWarmup warmup=5 elapsed=55.0 frames=1497 fps=29.90 frameMs avg=33.44 p50=33.33 p95=33.33 p99=33.34 max=198.93 hitches50=1 gpuMs avg=32.27 p50=33.28 p95=35.79 gameMs avg=1.48 p95=2.21 renderMs avg=2.33 p95=3.04
2026.09.28-13.03.30 PERF summary scope=started elapsed=55.0 frames=1103 fps=29.86 frameMs avg=33.48 p50=33.33 p95=33.33 p99=33.34 max=198.93 hitches50=1 gpuMs avg=31.98 p50=33.23 p95=36.02 gameMs avg=1.59 p95=3.06 renderMs avg=2.50 p95=3.11
2026.09.28-13.03.30 --- S08 trace close ---
