2026.09.28-14.36.17 --- S08 trace open 2026.09.28-14.36.17 ---
2026.09.28-14.36.17 HUD icon texture size=32 ready=1 path=/Game/ArtTests/ARTMarkers/Textures/T_UI_Action_Attack_32 texture=32x32 probe=0 plate=1
2026.09.28-14.36.17 LOGIN ok user=art-preview-host
2026.09.28-14.36.20 HEROES loaded 84
2026.09.28-14.36.20 createGame -> room=cmulcorgh005pwip493bpmb6k code=<redacted> status=LOBBY
2026.09.28-14.36.22 PERF config tMaxFPS=30.0 frameRateLimit=60.0 vsync=0 smoothFrameRate=0 fixedFrameRate=0 rhi=D3D11
2026.09.28-14.36.22 PERF window t=0.0-5.0 frames=151 fps=30.00 frameMs avg=33.33 p50=33.33 p95=33.33 p99=33.33 max=33.34 hitches50=0 gpuMs avg=34.66 p50=33.30 p95=34.43 gameMs avg=1.66 p95=2.00 renderMs avg=2.20 p95=2.39
2026.09.28-14.36.23 game -> room=cmulcorgh005pwip493bpmb6k code=<redacted> status=LOBBY
2026.09.28-14.36.23 selectHero -> room=cmulcorgh005pwip493bpmb6k code=<redacted> status=LOBBY
2026.09.28-14.36.26 game -> room=cmulcorgh005pwip493bpmb6k code=<redacted> status=LOBBY
2026.09.28-14.36.26 toggleReady -> room=cmulcorgh005pwip493bpmb6k code=<redacted> status=LOBBY
2026.09.28-14.36.27 PERF window t=5.0-10.0 frames=150 fps=30.00 frameMs avg=33.33 p50=33.33 p95=33.33 p99=33.33 max=33.34 hitches50=0 gpuMs avg=32.46 p50=33.35 p95=34.30 gameMs avg=1.51 p95=1.92 renderMs avg=1.87 p95=2.33
2026.09.28-14.36.29 game -> room=cmulcorgh005pwip493bpmb6k code=<redacted> status=LOBBY
2026.09.28-14.36.32 PERF window t=10.0-15.0 frames=150 fps=30.00 frameMs avg=33.33 p50=33.33 p95=33.33 p99=33.33 max=33.33 hitches50=0 gpuMs avg=32.47 p50=33.28 p95=34.12 gameMs avg=1.50 p95=1.82 renderMs avg=1.79 p95=2.11
2026.09.28-14.36.32 game -> room=cmulcorgh005pwip493bpmb6k code=<redacted> status=LOBBY
2026.09.28-14.36.35 game -> room=cmulcorgh005pwip493bpmb6k code=<redacted> status=LOBBY
2026.09.28-14.36.35 startGame -> room=cmulcorgh005pwip493bpmb6k code=<redacted> status=IN_PROGRESS
2026.09.28-14.36.35 SNAPSHOT applied seq=1 phase=ACTION_MANEUVER
2026.09.28-14.36.35 HANDLE_APPLIED #1 seq=1 decision=2 fightersValid=1 boardValid=1
2026.09.28-14.36.35 MODE seq=1 mode=0 combat=0 pending=0
2026.09.28-14.36.35 HUD seq=1 phase=ACTION_MANEUVER turn=you hand=5 oppHand=5(hidden) oppDeck=25 deck=25 discard=0
2026.09.28-14.36.35 ARTPREVIEW board profiles loaded=1 revision=1 boards=3 zoneStyles=11 lightProfiles=3 errors=0 path=Config/ArtBoards/S08ArtBoardProfiles.json
2026.09.28-14.36.35 ARTPREVIEW Cobble assets ready
2026.09.28-14.36.35 ARTPREVIEW board assets ready cobbleMesh=1 tiles=1 zoneMaterials=2
2026.09.28-14.36.35 ARTPREVIEW medusa candidate variant=face-neck-v2 mesh=SK_Medusa_FaceNeck_v2Candidate requested=(default)
2026.09.28-14.36.35 ARTPREVIEW board profile=cobble-city match=boardId board=5x6 boardId=cmuhgs4b2001mwik4f2b2xtf8 surface=cobble-5x6-mesh light=cobble-probe artFixture=0
2026.09.28-14.36.35 ARTPREVIEW light profile=cobble-probe name=key role=key kind=directional at=(-350,-150,600) intensity=4.5 radius=0 color=(1.00,1.00,1.00) shadow=1
2026.09.28-14.36.35 ARTPREVIEW light profile=cobble-probe name=fill role=fill kind=point at=(0,-100,550) intensity=700 radius=1800 color=(1.00,1.00,1.00) shadow=0
2026.09.28-14.36.35 ARTPREVIEW light profile=cobble-probe name=warm role=warm kind=point at=(260,-300,250) intensity=85 radius=450 color=(1.00,1.00,1.00) shadow=0
2026.09.28-14.36.35 ARTPREVIEW lights applied profile=cobble-probe directional=1 shadow=1 points=2 pointShadows=0 budgetOk=1
2026.09.28-14.36.35 ARTPREVIEW Cobble probe lights key=4.5 fill=700 warm=85
2026.09.28-14.36.35 ARTPREVIEW Cobble active 5x6 zones=30 blue=15 red=15 blueMarks=15 redMarks=45
2026.09.28-14.36.35 ARTPREVIEW board active profile=cobble-city 5x6 surface=cobble-5x6-mesh cells=30 zoneCells=30 multizone=0 triple=0 obstacles=0 zoneKeys=2 strokes=60 glyphs=45 surfaceParts=0 glyphMaterial=review expectOk=1
2026.09.28-14.36.35 ARTPREVIEW board zone key=blue cells=15 stroke=solid glyph=diamond material=M_ART005_BlueSection_Review ismUsage=0 strokePieces=15 glyphPieces=15 fallback=0
2026.09.28-14.36.35 ARTPREVIEW board zone key=red cells=15 stroke=dash3 glyph=bars2 material=M_ART005_RedSection_Review ismUsage=0 strokePieces=45 glyphPieces=30 fallback=0
2026.09.28-14.36.35 ARTPREVIEW board multizone cells=0 zonesListed=0 zonesMarked=0
2026.09.28-14.36.35 CAMERA dist=1931 loc=(0,1107,1582) pitch=-55 yaw=-90
2026.09.28-14.36.35 CAMERA config overview=1930.8 nearest=300.0 farthest=2970.4 zoomRange=0.65-6.44 minDist=300.0 outRatio=0.650 step=1.250 animMs=200 returnMs=300 followFrom=1.20 source=defaults issues=0
2026.09.28-14.36.35 BOARD 5x6 cells | control points: (0,0)=(-200,-250,0) (4,5)=(200,250,0) | neighbor pair (dist 100 uu)
2026.09.28-14.36.35 ARTPREVIEW click capsule fighter=f-0-hero mesh=SK_Medusa_FaceNeck_v2Candidate physicsAsset=0 radius=12.5 halfHeight=27.5 top=55.0 bodyCollision=0 source=meshBounds
2026.09.28-14.36.35 ARTPREVIEW fighter=Medusa hero=1 eligible=1 visual=1 mesh=SK_Medusa_FaceNeck_v2Candidate
2026.09.28-14.36.35 ARTPREVIEW click capsule fighter=f-0-sk0 mesh=SM_ART003_Harpy physicsAsset=0 radius=20.0 halfHeight=21.0 top=42.0 bodyCollision=0 source=meshBounds
2026.09.28-14.36.35 ARTPREVIEW click capsule fighter=f-0-sk1 mesh=SM_ART003_Harpy physicsAsset=0 radius=20.0 halfHeight=21.0 top=42.0 bodyCollision=0 source=meshBounds
2026.09.28-14.36.35 ARTPREVIEW click capsule fighter=f-0-sk2 mesh=SM_ART003_Harpy physicsAsset=0 radius=20.0 halfHeight=21.0 top=42.0 bodyCollision=0 source=meshBounds
2026.09.28-14.36.35 ARTPREVIEW click capsule fighter=f-1-hero mesh=SM_ART003_Arthur physicsAsset=0 radius=17.8 halfHeight=28.0 top=56.0 bodyCollision=0 source=meshBounds
2026.09.28-14.36.35 ARTPREVIEW click capsule fighter=f-1-sk0 mesh=SM_ART003_Merlin physicsAsset=0 radius=14.7 halfHeight=30.8 top=61.5 bodyCollision=0 source=meshBounds
2026.09.28-14.36.35 FIGHTERS synced n=6 alive=6 own=4 enemy=2
2026.09.28-14.36.35 STATE seq=1 -> apply
2026.09.28-14.36.35 HUD art layer plate=1 iconSize=32 iconTexture=1 iconProbe=0 plan=0
2026.09.28-14.36.35 SUBSCRIBED gameStateUpdated since=1
2026.09.28-14.36.35 SNAPSHOT applied seq=1 phase=ACTION_MANEUVER
2026.09.28-14.36.35 HANDLE_APPLIED #2 seq=1 decision=1 fightersValid=1 boardValid=1
2026.09.28-14.36.35 MODE seq=1 mode=0 combat=0 pending=0
2026.09.28-14.36.35 HUD seq=1 phase=ACTION_MANEUVER turn=you hand=5 oppHand=5(hidden) oppDeck=25 deck=25 discard=0
2026.09.28-14.36.35 ARTPREVIEW fighter=Medusa hero=1 eligible=1 visual=1 mesh=SK_Medusa_FaceNeck_v2Candidate
2026.09.28-14.36.35 FIGHTERS synced n=6 alive=6 own=4 enemy=2
2026.09.28-14.36.35 WS seq=1 phase=ACTION_MANEUVER (merge)
2026.09.28-14.36.37 PERF window t=15.0-20.0 frames=150 fps=29.97 frameMs avg=33.37 p50=33.33 p95=33.33 p99=33.35 max=39.02 hitches50=0 gpuMs avg=32.73 p50=33.33 p95=34.33 gameMs avg=1.82 p95=2.08 renderMs avg=2.25 p95=3.10
2026.09.28-14.36.38 game -> room=cmulcorgh005pwip493bpmb6k code=<redacted> status=IN_PROGRESS
2026.09.28-14.36.41 game -> room=cmulcorgh005pwip493bpmb6k code=<redacted> status=IN_PROGRESS
2026.09.28-14.36.42 PERF window t=20.0-25.1 frames=151 fps=30.00 frameMs avg=33.33 p50=33.33 p95=33.33 p99=33.34 max=33.35 hitches50=0 gpuMs avg=32.40 p50=33.32 p95=35.41 gameMs avg=1.25 p95=1.51 renderMs avg=2.35 p95=3.27
2026.09.28-14.36.44 game -> room=cmulcorgh005pwip493bpmb6k code=<redacted> status=IN_PROGRESS
2026.09.28-14.36.47 game -> room=cmulcorgh005pwip493bpmb6k code=<redacted> status=IN_PROGRESS
2026.09.28-14.36.47 PERF window t=25.1-30.1 frames=151 fps=30.00 frameMs avg=33.33 p50=33.33 p95=33.33 p99=33.35 max=33.36 hitches50=0 gpuMs avg=32.28 p50=33.21 p95=35.63 gameMs avg=1.21 p95=1.37 renderMs avg=2.26 p95=2.74
2026.09.28-14.36.50 game -> room=cmulcorgh005pwip493bpmb6k code=<redacted> status=IN_PROGRESS
2026.09.28-14.36.51 ARTPREVIEW selection ring shown fighter=Medusa mesh=SM_Marker_SelectionRing
2026.09.28-14.36.51 ARTPREVIEW reachable corners cells=13 placed=1
2026.09.28-14.36.51 ARTPREVIEW selection ownHero=1 selected=1 fighter=Medusa reachable=14 fighterId=f-0-hero
2026.09.28-14.36.51 INPUT select src=flag fighter=f-0-hero flag=ArtPreviewSelectOwnHero
2026.09.28-14.36.51 HUD plate content fighter=f-0-hero name=Medusa hp=16/16 team=own statuses=HERO  |  MELEE
2026.09.28-14.36.51 PLATE fighter=f-0-hero bbox=(886,636,1058,690) overlapReachable=0 placement=below ring=16 gap=134 selection=f-0-hero destinations=13 clean=1 softPx2=0 tested=2924
2026.09.28-14.36.52 PERF window t=30.1-35.1 frames=151 fps=30.00 frameMs avg=33.33 p50=33.33 p95=33.33 p99=33.34 max=33.34 hitches50=0 gpuMs avg=31.89 p50=33.33 p95=35.75 gameMs avg=1.30 p95=1.66 renderMs avg=2.25 p95=2.78
2026.09.28-14.36.53 SHOT ctx viewport=1920x1080 viewTarget=CameraActor_2147482371 cam=(0,1107,1582) rot=(-55,-90,0)
2026.09.28-14.36.53 SHOT fighter f-0-hero pos=(2,2) world=(0,-50,0) screen=(960,476) projected=1 alive=1
2026.09.28-14.36.53 SHOT fighter f-0-sk0 pos=(3,2) world=(100,-50,0) screen=(1115,476) projected=1 alive=1
2026.09.28-14.36.53 SHOT fighter f-0-sk1 pos=(2,1) world=(0,-150,0) screen=(960,355) projected=1 alive=1
2026.09.28-14.36.53 SHOT fighter f-0-sk2 pos=(1,2) world=(-100,-50,0) screen=(805,476) projected=1 alive=1
2026.09.28-14.36.53 SHOT fighter f-1-hero pos=(2,3) world=(0,50,0) screen=(960,606) projected=1 alive=1
2026.09.28-14.36.53 SHOT fighter f-1-sk0 pos=(3,3) world=(100,50,0) screen=(1120,606) projected=1 alive=1
2026.09.28-14.36.53 SHOT camera dist=1930.8 target=1930.8 overview=1930.8 errPct=0.000 focusErr=0.00 settled=1 zoom=1.00
2026.09.28-14.36.53 SHOT head fighter=f-0-hero socket=Head mesh=SK_Medusa_FaceNeck_v2Candidate world=(0.0,-46.0,38.5) screen=(960.0,445.5) top=(960.0,439.8) bottom=(960.0,451.2) headPx=11.4 projected=1
2026.09.28-14.36.53 SHOT selection fighter=f-0-hero ownCell=(2,2) legal=14 destinations=13 ownCellExcluded=1 plateFighter=f-0-hero
2026.09.28-14.36.53 SHOT reachable fighter=f-0-hero n=13 cells=(1,0)(2,0)(3,0)(0,1)(1,1)(3,1)(4,1)(0,2)(4,2)(0,3)(1,3)(4,3)(1,4)
2026.09.28-14.36.53 SHOT plate fighter=f-0-hero bbox=(886,636,1058,690) overlapReachable=0 placement=below gap=134 anchor=(928,399,992,502) planned=(886,636,1058,690) geom=painted stableFrames=60
2026.09.28-14.36.53 SHOT label fighter=f-0-sk0 mode=compact bbox=(1062,402,1179,415)
2026.09.28-14.36.53 SHOT label fighter=f-0-sk1 mode=compact bbox=(904,278,1016,292)
2026.09.28-14.36.53 SHOT label fighter=f-0-sk2 mode=compact bbox=(741,402,858,415)
2026.09.28-14.36.53 SHOT label fighter=f-1-hero mode=compact bbox=(896,519,1024,530)
2026.09.28-14.36.53 SHOT label fighter=f-1-sk0 mode=compact bbox=(1074,532,1177,546)
2026.09.28-14.36.53 SHOT requested: FScreenshotRequest(bShowUI) -> C:\Users\ren\AppData\Local\Temp\s08-phase2-20260928-193615-45964\phase2-board-host-1920x1080.png
2026.09.28-14.36.53 game -> room=cmulcorgh005pwip493bpmb6k code=<redacted> status=IN_PROGRESS
2026.09.28-14.36.56 game -> room=cmulcorgh005pwip493bpmb6k code=<redacted> status=IN_PROGRESS
2026.09.28-14.36.57 PERF window t=35.1-40.1 frames=146 fps=29.20 frameMs avg=34.25 p50=33.33 p95=33.33 p99=72.10 max=128.06 hitches50=2 gpuMs avg=32.02 p50=33.28 p95=34.52 gameMs avg=2.33 p95=1.95 renderMs avg=2.29 p95=2.94
2026.09.28-14.36.59 game -> room=cmulcorgh005pwip493bpmb6k code=<redacted> status=IN_PROGRESS
2026.09.28-14.37.02 game -> room=cmulcorgh005pwip493bpmb6k code=<redacted> status=IN_PROGRESS
2026.09.28-14.37.02 PERF window t=40.1-45.2 frames=151 fps=30.00 frameMs avg=33.33 p50=33.33 p95=33.33 p99=33.34 max=33.34 hitches50=0 gpuMs avg=33.27 p50=33.30 p95=34.89 gameMs avg=1.47 p95=1.49 renderMs avg=2.34 p95=2.62
2026.09.28-14.37.05 game -> room=cmulcorgh005pwip493bpmb6k code=<redacted> status=IN_PROGRESS
2026.09.28-14.37.07 PERF summary scope=afterWarmup warmup=5 elapsed=50.0 frames=1347 fps=29.91 frameMs avg=33.44 p50=33.33 p95=33.33 p99=33.34 max=128.06 hitches50=2 gpuMs avg=32.44 p50=33.30 p95=34.92 gameMs avg=1.53 p95=1.79 renderMs avg=2.21 p95=2.88
2026.09.28-14.37.07 PERF summary scope=started elapsed=50.0 frames=952 fps=29.87 frameMs avg=33.48 p50=33.33 p95=33.33 p99=33.35 max=128.06 hitches50=2 gpuMs avg=32.45 p50=33.30 p95=35.33 gameMs avg=1.53 p95=1.74 renderMs avg=2.36 p95=3.00
2026.09.28-14.37.07 --- S08 trace close ---
