2026.09.28-13.03.52 --- S08 trace open 2026.09.28-13.03.52 ---
2026.09.28-13.03.52 HUD icon texture size=32 ready=1 path=/Game/ArtTests/ARTMarkers/Textures/T_UI_Action_Attack_32 texture=32x32 probe=0 plate=1
2026.09.28-13.03.53 LOGIN ok user=art-preview-joiner
2026.09.28-13.03.56 HEROES loaded 84
2026.09.28-13.03.56 CODE resolved -> cmul9dt2n00g5wiukorqm5gdy
2026.09.28-13.03.56 joinGame -> room=cmul9dt2n00g5wiukorqm5gdy code=<redacted> status=LOBBY
2026.09.28-13.03.58 PERF config tMaxFPS=30.0 frameRateLimit=60.0 vsync=0 smoothFrameRate=0 fixedFrameRate=0 rhi=D3D11
2026.09.28-13.03.58 PERF window t=0.0-5.0 frames=151 fps=30.00 frameMs avg=33.33 p50=33.33 p95=33.33 p99=33.34 max=33.35 hitches50=0 gpuMs avg=35.84 p50=33.33 p95=34.25 gameMs avg=1.17 p95=1.37 renderMs avg=1.95 p95=2.36
2026.09.28-13.03.59 game -> room=cmul9dt2n00g5wiukorqm5gdy code=<redacted> status=LOBBY
2026.09.28-13.03.59 selectHero -> room=cmul9dt2n00g5wiukorqm5gdy code=<redacted> status=LOBBY
2026.09.28-13.04.02 game -> room=cmul9dt2n00g5wiukorqm5gdy code=<redacted> status=LOBBY
2026.09.28-13.04.02 toggleReady -> room=cmul9dt2n00g5wiukorqm5gdy code=<redacted> status=LOBBY
2026.09.28-13.04.03 PERF window t=5.0-10.0 frames=150 fps=30.00 frameMs avg=33.33 p50=33.33 p95=33.33 p99=33.34 max=33.34 hitches50=0 gpuMs avg=33.15 p50=33.29 p95=34.35 gameMs avg=1.08 p95=1.27 renderMs avg=1.60 p95=2.21
2026.09.28-13.04.05 game -> room=cmul9dt2n00g5wiukorqm5gdy code=<redacted> status=LOBBY
2026.09.28-13.04.08 PERF window t=10.0-15.0 frames=150 fps=30.00 frameMs avg=33.33 p50=33.33 p95=33.33 p99=33.33 max=33.33 hitches50=0 gpuMs avg=32.82 p50=33.30 p95=34.92 gameMs avg=1.12 p95=1.32 renderMs avg=1.69 p95=2.50
2026.09.28-13.04.08 game -> room=cmul9dt2n00g5wiukorqm5gdy code=<redacted> status=IN_PROGRESS
2026.09.28-13.04.08 WS DROPPED (test-initiated transport loss)
2026.09.28-13.04.08 WS closed (test drop) - reconnect in 1s
2026.09.28-13.04.08 SNAPSHOT applied seq=1 phase=ACTION_MANEUVER
2026.09.28-13.04.08 HANDLE_APPLIED #1 seq=1 decision=2 fightersValid=1 boardValid=1
2026.09.28-13.04.08 MODE seq=1 mode=0 combat=0 pending=0
2026.09.28-13.04.08 HUD seq=1 phase=ACTION_MANEUVER turn=opp hand=5 oppHand=5(hidden) oppDeck=25 deck=25 discard=0
2026.09.28-13.04.08 ARTPREVIEW Cobble assets ready
2026.09.28-13.04.08 ARTPREVIEW medusa candidate variant=face-neck-v2 mesh=SK_Medusa_FaceNeck_v2Candidate requested=(default)
2026.09.28-13.04.08 ARTPREVIEW Cobble probe lights key=4.5 fill=700 warm=85
2026.09.28-13.04.08 ARTPREVIEW Cobble active 5x6 zones=30 blue=15 red=15 blueMarks=15 redMarks=45
2026.09.28-13.04.08 CAMERA dist=1931 loc=(0,1107,1582) pitch=-55 yaw=-90
2026.09.28-13.04.08 CAMERA config overview=1930.8 nearest=300.0 farthest=2970.4 zoomRange=0.65-6.44 minDist=300.0 outRatio=0.650 step=1.250 animMs=200 returnMs=300 followFrom=1.20 source=defaults issues=0
2026.09.28-13.04.08 BOARD 5x6 cells | control points: (0,0)=(-200,-250,0) (4,5)=(200,250,0) | neighbor pair (dist 100 uu)
2026.09.28-13.04.08 ARTPREVIEW click capsule fighter=f-0-hero mesh=SK_Medusa_FaceNeck_v2Candidate physicsAsset=0 radius=12.5 halfHeight=27.5 top=55.0 bodyCollision=0 source=meshBounds
2026.09.28-13.04.08 ARTPREVIEW allMedusa copy fighter=f-0-hero hero=1 team=enemy visual=1 mesh=SK_Medusa_FaceNeck_v2Candidate scale=1.00 name=Medusa
2026.09.28-13.04.08 ARTPREVIEW fighter=Medusa hero=1 eligible=1 visual=1 mesh=SK_Medusa_FaceNeck_v2Candidate
2026.09.28-13.04.08 ARTPREVIEW click capsule fighter=f-0-sk0 mesh=SK_Medusa_FaceNeck_v2Candidate physicsAsset=0 radius=9.7 halfHeight=21.4 top=42.9 bodyCollision=0 source=meshBounds
2026.09.28-13.04.08 ARTPREVIEW allMedusa copy fighter=f-0-sk0 hero=0 team=enemy visual=1 mesh=SK_Medusa_FaceNeck_v2Candidate scale=0.78 name=Harpies
2026.09.28-13.04.08 ARTPREVIEW click capsule fighter=f-0-sk1 mesh=SK_Medusa_FaceNeck_v2Candidate physicsAsset=0 radius=9.7 halfHeight=21.4 top=42.9 bodyCollision=0 source=meshBounds
2026.09.28-13.04.08 ARTPREVIEW allMedusa copy fighter=f-0-sk1 hero=0 team=enemy visual=1 mesh=SK_Medusa_FaceNeck_v2Candidate scale=0.78 name=Harpies
2026.09.28-13.04.08 ARTPREVIEW click capsule fighter=f-0-sk2 mesh=SK_Medusa_FaceNeck_v2Candidate physicsAsset=0 radius=9.7 halfHeight=21.4 top=42.9 bodyCollision=0 source=meshBounds
2026.09.28-13.04.08 ARTPREVIEW allMedusa copy fighter=f-0-sk2 hero=0 team=enemy visual=1 mesh=SK_Medusa_FaceNeck_v2Candidate scale=0.78 name=Harpies
2026.09.28-13.04.08 ARTPREVIEW click capsule fighter=f-1-hero mesh=SK_Medusa_FaceNeck_v2Candidate physicsAsset=0 radius=12.5 halfHeight=27.5 top=55.0 bodyCollision=0 source=meshBounds
2026.09.28-13.04.08 ARTPREVIEW allMedusa copy fighter=f-1-hero hero=1 team=own visual=1 mesh=SK_Medusa_FaceNeck_v2Candidate scale=1.00 name=King Arthur
2026.09.28-13.04.08 ARTPREVIEW click capsule fighter=f-1-sk0 mesh=SK_Medusa_FaceNeck_v2Candidate physicsAsset=0 radius=9.7 halfHeight=21.4 top=42.9 bodyCollision=0 source=meshBounds
2026.09.28-13.04.08 ARTPREVIEW allMedusa copy fighter=f-1-sk0 hero=0 team=own visual=1 mesh=SK_Medusa_FaceNeck_v2Candidate scale=0.78 name=Merlin
2026.09.28-13.04.08 ARTPREVIEW allMedusa copies=6 visual=6
2026.09.28-13.04.08 FIGHTERS synced n=6 alive=6 own=2 enemy=4
2026.09.28-13.04.08 STATE seq=1 -> apply
2026.09.28-13.04.08 WS closed 1000 (normal closure)
2026.09.28-13.04.08 HUD art layer plate=1 iconSize=32 iconTexture=1 iconProbe=0 plan=0
2026.09.28-13.04.09 WS reconnect attempt
2026.09.28-13.04.09 SUBSCRIBED gameStateUpdated since=1
2026.09.28-13.04.09 WS reconnected - refetching gameState
2026.09.28-13.04.09 SNAPSHOT applied seq=1 phase=ACTION_MANEUVER
2026.09.28-13.04.09 HANDLE_APPLIED #2 seq=1 decision=1 fightersValid=1 boardValid=1
2026.09.28-13.04.09 MODE seq=1 mode=0 combat=0 pending=0
2026.09.28-13.04.09 HUD seq=1 phase=ACTION_MANEUVER turn=opp hand=5 oppHand=5(hidden) oppDeck=25 deck=25 discard=0
2026.09.28-13.04.09 ARTPREVIEW fighter=Medusa hero=1 eligible=1 visual=1 mesh=SK_Medusa_FaceNeck_v2Candidate
2026.09.28-13.04.09 FIGHTERS synced n=6 alive=6 own=2 enemy=4
2026.09.28-13.04.09 STATE seq=1 -> merge
2026.09.28-13.04.09 SNAPSHOT applied seq=1 phase=ACTION_MANEUVER
2026.09.28-13.04.09 HANDLE_APPLIED #3 seq=1 decision=1 fightersValid=1 boardValid=1
2026.09.28-13.04.09 MODE seq=1 mode=0 combat=0 pending=0
2026.09.28-13.04.09 HUD seq=1 phase=ACTION_MANEUVER turn=opp hand=5 oppHand=5(hidden) oppDeck=25 deck=25 discard=0
2026.09.28-13.04.09 ARTPREVIEW fighter=Medusa hero=1 eligible=1 visual=1 mesh=SK_Medusa_FaceNeck_v2Candidate
2026.09.28-13.04.09 FIGHTERS synced n=6 alive=6 own=2 enemy=4
2026.09.28-13.04.09 WS seq=1 phase=ACTION_MANEUVER (merge)
2026.09.28-13.04.11 game -> room=cmul9dt2n00g5wiukorqm5gdy code=<redacted> status=IN_PROGRESS
2026.09.28-13.04.13 PERF window t=15.0-20.1 frames=151 fps=30.00 frameMs avg=33.33 p50=33.33 p95=33.33 p99=33.34 max=33.34 hitches50=0 gpuMs avg=31.69 p50=33.32 p95=35.80 gameMs avg=1.35 p95=1.39 renderMs avg=2.48 p95=3.14
2026.09.28-13.04.14 game -> room=cmul9dt2n00g5wiukorqm5gdy code=<redacted> status=IN_PROGRESS
2026.09.28-13.04.17 game -> room=cmul9dt2n00g5wiukorqm5gdy code=<redacted> status=IN_PROGRESS
2026.09.28-13.04.18 PERF window t=20.1-25.1 frames=151 fps=30.00 frameMs avg=33.33 p50=33.33 p95=33.33 p99=33.34 max=33.37 hitches50=0 gpuMs avg=31.37 p50=33.30 p95=35.60 gameMs avg=1.05 p95=1.25 renderMs avg=2.42 p95=3.10
2026.09.28-13.04.20 game -> room=cmul9dt2n00g5wiukorqm5gdy code=<redacted> status=IN_PROGRESS
2026.09.28-13.04.23 game -> room=cmul9dt2n00g5wiukorqm5gdy code=<redacted> status=IN_PROGRESS
2026.09.28-13.04.23 PERF window t=25.1-30.1 frames=151 fps=30.00 frameMs avg=33.33 p50=33.33 p95=33.33 p99=33.34 max=33.34 hitches50=0 gpuMs avg=30.52 p50=33.31 p95=35.62 gameMs avg=1.03 p95=1.18 renderMs avg=2.33 p95=2.69
2026.09.28-13.04.26 game -> room=cmul9dt2n00g5wiukorqm5gdy code=<redacted> status=IN_PROGRESS
2026.09.28-13.04.28 PERF window t=30.1-35.2 frames=151 fps=30.00 frameMs avg=33.33 p50=33.33 p95=33.33 p99=33.33 max=33.34 hitches50=0 gpuMs avg=30.83 p50=33.26 p95=35.61 gameMs avg=1.03 p95=1.22 renderMs avg=2.38 p95=2.93
2026.09.28-13.04.29 SHOT ctx viewport=1920x1080 viewTarget=CameraActor_2147482372 cam=(0,1107,1582) rot=(-55,-90,0)
2026.09.28-13.04.29 SHOT fighter f-0-hero pos=(2,2) world=(0,-50,0) screen=(960,476) projected=1 alive=1
2026.09.28-13.04.29 SHOT fighter f-0-sk0 pos=(3,2) world=(100,-50,0) screen=(1115,476) projected=1 alive=1
2026.09.28-13.04.29 SHOT fighter f-0-sk1 pos=(2,1) world=(0,-150,0) screen=(960,355) projected=1 alive=1
2026.09.28-13.04.29 SHOT fighter f-0-sk2 pos=(1,2) world=(-100,-50,0) screen=(805,476) projected=1 alive=1
2026.09.28-13.04.29 SHOT fighter f-1-hero pos=(2,3) world=(0,50,0) screen=(960,606) projected=1 alive=1
2026.09.28-13.04.29 SHOT fighter f-1-sk0 pos=(3,3) world=(100,50,0) screen=(1120,606) projected=1 alive=1
2026.09.28-13.04.29 SHOT camera dist=1930.8 target=1930.8 overview=1930.8 errPct=0.000 focusErr=0.00 settled=1 zoom=1.00
2026.09.28-13.04.29 SHOT head fighter=f-0-hero socket=Head mesh=SK_Medusa_FaceNeck_v2Candidate world=(0.0,-46.0,38.5) screen=(960.0,445.5) top=(960.0,439.8) bottom=(960.0,451.2) headPx=11.4 projected=1
2026.09.28-13.04.29 SHOT head fighter=f-0-sk0 socket=Head mesh=SK_Medusa_FaceNeck_v2Candidate world=(100.0,-46.9,30.0) screen=(1117.5,452.4) top=(1117.9,446.7) bottom=(1117.1,458.0) headPx=11.3 projected=1
2026.09.28-13.04.29 SHOT head fighter=f-0-sk1 socket=Head mesh=SK_Medusa_FaceNeck_v2Candidate world=(0.0,-146.9,30.0) screen=(960.0,329.6) top=(960.0,323.8) bottom=(960.0,335.4) headPx=11.6 projected=1
2026.09.28-13.04.29 SHOT head fighter=f-0-sk2 socket=Head mesh=SK_Medusa_FaceNeck_v2Candidate world=(-100.0,-46.9,30.0) screen=(802.5,452.4) top=(802.1,446.7) bottom=(802.9,458.0) headPx=11.3 projected=1
2026.09.28-13.04.29 SHOT head fighter=f-1-hero socket=Head mesh=SK_Medusa_FaceNeck_v2Candidate world=(-0.0,46.0,38.5) screen=(960.0,565.4) top=(960.0,559.8) bottom=(960.0,570.9) headPx=11.1 projected=1
2026.09.28-13.04.29 SHOT head fighter=f-1-sk0 socket=Head mesh=SK_Medusa_FaceNeck_v2Candidate world=(100.0,46.9,30.0) screen=(1122.0,574.3) top=(1122.4,568.8) bottom=(1121.6,579.8) headPx=11.0 projected=1
2026.09.28-13.04.29 SHOT label fighter=f-0-hero mode=full bbox=(916,381,1004,414)
2026.09.28-13.04.29 SHOT label fighter=f-0-sk0 mode=full bbox=(1072,399,1169,428)
2026.09.28-13.04.29 SHOT label fighter=f-0-sk1 mode=full bbox=(914,276,1006,305)
2026.09.28-13.04.29 SHOT label fighter=f-0-sk2 mode=full bbox=(751,399,848,428)
2026.09.28-13.04.29 SHOT label fighter=f-1-hero mode=full bbox=(913,517,1007,545)
2026.09.28-13.04.29 SHOT label fighter=f-1-sk0 mode=full bbox=(1088,529,1162,558)
2026.09.28-13.04.29 SHOT requested: FScreenshotRequest(bShowUI) -> C:\Users\ren\AppData\Local\Temp\s08-phase2-20260928-180345-36296\phase2-board-joiner-1920x1080.png
2026.09.28-13.04.29 game -> room=cmul9dt2n00g5wiukorqm5gdy code=<redacted> status=IN_PROGRESS
2026.09.28-13.04.32 game -> room=cmul9dt2n00g5wiukorqm5gdy code=<redacted> status=IN_PROGRESS
2026.09.28-13.04.33 PERF window t=35.2-40.2 frames=148 fps=29.45 frameMs avg=33.95 p50=33.33 p95=33.33 p99=33.36 max=124.88 hitches50=1 gpuMs avg=31.19 p50=33.30 p95=35.62 gameMs avg=1.75 p95=1.34 renderMs avg=2.41 p95=3.09
2026.09.28-13.04.35 game -> room=cmul9dt2n00g5wiukorqm5gdy code=<redacted> status=IN_PROGRESS
2026.09.28-13.04.38 game -> room=cmul9dt2n00g5wiukorqm5gdy code=<redacted> status=IN_PROGRESS
2026.09.28-13.04.38 PERF window t=40.2-45.2 frames=151 fps=30.00 frameMs avg=33.33 p50=33.33 p95=33.33 p99=33.33 max=33.35 hitches50=0 gpuMs avg=31.93 p50=33.30 p95=35.56 gameMs avg=1.06 p95=1.33 renderMs avg=2.40 p95=3.03
2026.09.28-13.04.41 game -> room=cmul9dt2n00g5wiukorqm5gdy code=<redacted> status=IN_PROGRESS
2026.09.28-13.04.43 PERF summary scope=afterWarmup warmup=5 elapsed=50.0 frames=1349 fps=29.94 frameMs avg=33.40 p50=33.33 p95=33.33 p99=33.34 max=124.88 hitches50=1 gpuMs avg=31.75 p50=33.30 p95=35.60 gameMs avg=1.19 p95=1.38 renderMs avg=2.29 p95=3.14
2026.09.28-13.04.43 PERF summary scope=started elapsed=50.0 frames=1047 fps=29.92 frameMs avg=33.42 p50=33.33 p95=33.33 p99=33.34 max=124.88 hitches50=1 gpuMs avg=31.39 p50=33.30 p95=35.69 gameMs avg=1.21 p95=1.39 renderMs avg=2.48 p95=3.28
2026.09.28-13.04.43 --- S08 trace close ---
