2026.09.28-13.03.47 --- S08 trace open 2026.09.28-13.03.47 ---
2026.09.28-13.03.47 HUD icon texture size=32 ready=1 path=/Game/ArtTests/ARTMarkers/Textures/T_UI_Action_Attack_32 texture=32x32 probe=1 plate=1
2026.09.28-13.03.47 LOGIN ok user=art-preview-host
2026.09.28-13.03.50 HEROES loaded 84
2026.09.28-13.03.50 createGame -> room=cmul9dt2n00g5wiukorqm5gdy code=<redacted> status=LOBBY
2026.09.28-13.03.52 PERF config tMaxFPS=30.0 frameRateLimit=60.0 vsync=0 smoothFrameRate=0 fixedFrameRate=0 rhi=D3D11
2026.09.28-13.03.52 PERF window t=0.0-5.0 frames=151 fps=30.00 frameMs avg=33.33 p50=33.33 p95=33.33 p99=33.37 max=33.48 hitches50=0 gpuMs avg=35.07 p50=33.24 p95=35.96 gameMs avg=1.37 p95=1.66 renderMs avg=2.35 p95=2.66
2026.09.28-13.03.53 game -> room=cmul9dt2n00g5wiukorqm5gdy code=<redacted> status=LOBBY
2026.09.28-13.03.53 selectHero -> room=cmul9dt2n00g5wiukorqm5gdy code=<redacted> status=LOBBY
2026.09.28-13.03.56 game -> room=cmul9dt2n00g5wiukorqm5gdy code=<redacted> status=LOBBY
2026.09.28-13.03.56 toggleReady -> room=cmul9dt2n00g5wiukorqm5gdy code=<redacted> status=LOBBY
2026.09.28-13.03.57 PERF window t=5.0-10.0 frames=150 fps=30.00 frameMs avg=33.33 p50=33.33 p95=33.33 p99=33.35 max=33.35 hitches50=0 gpuMs avg=33.13 p50=33.31 p95=34.11 gameMs avg=1.13 p95=1.49 renderMs avg=1.70 p95=2.43
2026.09.28-13.03.59 game -> room=cmul9dt2n00g5wiukorqm5gdy code=<redacted> status=LOBBY
2026.09.28-13.04.02 PERF window t=10.0-15.0 frames=150 fps=30.00 frameMs avg=33.33 p50=33.33 p95=33.33 p99=33.33 max=33.34 hitches50=0 gpuMs avg=32.91 p50=33.32 p95=34.01 gameMs avg=1.13 p95=1.41 renderMs avg=1.65 p95=2.15
2026.09.28-13.04.02 game -> room=cmul9dt2n00g5wiukorqm5gdy code=<redacted> status=LOBBY
2026.09.28-13.04.05 game -> room=cmul9dt2n00g5wiukorqm5gdy code=<redacted> status=LOBBY
2026.09.28-13.04.05 startGame -> room=cmul9dt2n00g5wiukorqm5gdy code=<redacted> status=IN_PROGRESS
2026.09.28-13.04.05 SNAPSHOT applied seq=1 phase=ACTION_MANEUVER
2026.09.28-13.04.05 HANDLE_APPLIED #1 seq=1 decision=2 fightersValid=1 boardValid=1
2026.09.28-13.04.05 MODE seq=1 mode=0 combat=0 pending=0
2026.09.28-13.04.05 HUD seq=1 phase=ACTION_MANEUVER turn=you hand=5 oppHand=5(hidden) oppDeck=25 deck=25 discard=0
2026.09.28-13.04.05 ARTPREVIEW Cobble assets ready
2026.09.28-13.04.05 ARTPREVIEW medusa candidate variant=face-neck-v2 mesh=SK_Medusa_FaceNeck_v2Candidate requested=(default)
2026.09.28-13.04.05 ARTPREVIEW Cobble probe lights key=4.5 fill=700 warm=85
2026.09.28-13.04.05 ARTPREVIEW Cobble active 5x6 zones=30 blue=15 red=15 blueMarks=15 redMarks=45
2026.09.28-13.04.05 CAMERA dist=1931 loc=(0,1107,1582) pitch=-55 yaw=-90
2026.09.28-13.04.05 CAMERA config overview=1930.8 nearest=300.0 farthest=2970.4 zoomRange=0.65-6.44 minDist=300.0 outRatio=0.650 step=1.250 animMs=200 returnMs=300 followFrom=1.20 source=defaults issues=0
2026.09.28-13.04.05 BOARD 5x6 cells | control points: (0,0)=(-200,-250,0) (4,5)=(200,250,0) | neighbor pair (dist 100 uu)
2026.09.28-13.04.05 ARTPREVIEW click capsule fighter=f-0-hero mesh=SK_Medusa_FaceNeck_v2Candidate physicsAsset=0 radius=12.5 halfHeight=27.5 top=55.0 bodyCollision=0 source=meshBounds
2026.09.28-13.04.05 ARTPREVIEW allMedusa copy fighter=f-0-hero hero=1 team=own visual=1 mesh=SK_Medusa_FaceNeck_v2Candidate scale=1.00 name=Medusa
2026.09.28-13.04.05 ARTPREVIEW fighter=Medusa hero=1 eligible=1 visual=1 mesh=SK_Medusa_FaceNeck_v2Candidate
2026.09.28-13.04.05 ARTPREVIEW click capsule fighter=f-0-sk0 mesh=SK_Medusa_FaceNeck_v2Candidate physicsAsset=0 radius=9.7 halfHeight=21.4 top=42.9 bodyCollision=0 source=meshBounds
2026.09.28-13.04.05 ARTPREVIEW allMedusa copy fighter=f-0-sk0 hero=0 team=own visual=1 mesh=SK_Medusa_FaceNeck_v2Candidate scale=0.78 name=Harpies
2026.09.28-13.04.05 ARTPREVIEW click capsule fighter=f-0-sk1 mesh=SK_Medusa_FaceNeck_v2Candidate physicsAsset=0 radius=9.7 halfHeight=21.4 top=42.9 bodyCollision=0 source=meshBounds
2026.09.28-13.04.05 ARTPREVIEW allMedusa copy fighter=f-0-sk1 hero=0 team=own visual=1 mesh=SK_Medusa_FaceNeck_v2Candidate scale=0.78 name=Harpies
2026.09.28-13.04.05 ARTPREVIEW click capsule fighter=f-0-sk2 mesh=SK_Medusa_FaceNeck_v2Candidate physicsAsset=0 radius=9.7 halfHeight=21.4 top=42.9 bodyCollision=0 source=meshBounds
2026.09.28-13.04.05 ARTPREVIEW allMedusa copy fighter=f-0-sk2 hero=0 team=own visual=1 mesh=SK_Medusa_FaceNeck_v2Candidate scale=0.78 name=Harpies
2026.09.28-13.04.05 ARTPREVIEW click capsule fighter=f-1-hero mesh=SK_Medusa_FaceNeck_v2Candidate physicsAsset=0 radius=12.5 halfHeight=27.5 top=55.0 bodyCollision=0 source=meshBounds
2026.09.28-13.04.05 ARTPREVIEW allMedusa copy fighter=f-1-hero hero=1 team=enemy visual=1 mesh=SK_Medusa_FaceNeck_v2Candidate scale=1.00 name=King Arthur
2026.09.28-13.04.05 ARTPREVIEW click capsule fighter=f-1-sk0 mesh=SK_Medusa_FaceNeck_v2Candidate physicsAsset=0 radius=9.7 halfHeight=21.4 top=42.9 bodyCollision=0 source=meshBounds
2026.09.28-13.04.05 ARTPREVIEW allMedusa copy fighter=f-1-sk0 hero=0 team=enemy visual=1 mesh=SK_Medusa_FaceNeck_v2Candidate scale=0.78 name=Merlin
2026.09.28-13.04.05 ARTPREVIEW allMedusa copies=6 visual=6
2026.09.28-13.04.05 FIGHTERS synced n=6 alive=6 own=4 enemy=2
2026.09.28-13.04.05 STATE seq=1 -> apply
2026.09.28-13.04.05 HUD art layer plate=1 iconSize=32 iconTexture=1 iconProbe=1 plan=0
2026.09.28-13.04.05 SUBSCRIBED gameStateUpdated since=1
2026.09.28-13.04.05 ARTPREVIEW icon probe src=flag target=f-1-hero size=32
2026.09.28-13.04.05 ICON fighter=f-1-hero bbox=(944,481,976,513) size=32 src=flag labelAvoid=1 hudAvoid=0
2026.09.28-13.04.05 SNAPSHOT applied seq=1 phase=ACTION_MANEUVER
2026.09.28-13.04.05 HANDLE_APPLIED #2 seq=1 decision=1 fightersValid=1 boardValid=1
2026.09.28-13.04.05 MODE seq=1 mode=0 combat=0 pending=0
2026.09.28-13.04.05 HUD seq=1 phase=ACTION_MANEUVER turn=you hand=5 oppHand=5(hidden) oppDeck=25 deck=25 discard=0
2026.09.28-13.04.05 ARTPREVIEW fighter=Medusa hero=1 eligible=1 visual=1 mesh=SK_Medusa_FaceNeck_v2Candidate
2026.09.28-13.04.05 FIGHTERS synced n=6 alive=6 own=4 enemy=2
2026.09.28-13.04.05 WS seq=1 phase=ACTION_MANEUVER (merge)
2026.09.28-13.04.07 PERF window t=15.0-20.1 frames=151 fps=30.00 frameMs avg=33.33 p50=33.33 p95=33.33 p99=33.33 max=33.34 hitches50=0 gpuMs avg=32.71 p50=33.28 p95=35.48 gameMs avg=1.48 p95=1.69 renderMs avg=2.21 p95=3.37
2026.09.28-13.04.08 game -> room=cmul9dt2n00g5wiukorqm5gdy code=<redacted> status=IN_PROGRESS
2026.09.28-13.04.11 game -> room=cmul9dt2n00g5wiukorqm5gdy code=<redacted> status=IN_PROGRESS
2026.09.28-13.04.12 PERF window t=20.1-25.1 frames=151 fps=30.00 frameMs avg=33.33 p50=33.33 p95=33.33 p99=33.34 max=33.36 hitches50=0 gpuMs avg=29.13 p50=33.28 p95=35.61 gameMs avg=1.13 p95=1.49 renderMs avg=2.40 p95=2.97
2026.09.28-13.04.14 game -> room=cmul9dt2n00g5wiukorqm5gdy code=<redacted> status=IN_PROGRESS
2026.09.28-13.04.17 game -> room=cmul9dt2n00g5wiukorqm5gdy code=<redacted> status=IN_PROGRESS
2026.09.28-13.04.17 PERF window t=25.1-30.1 frames=151 fps=30.00 frameMs avg=33.33 p50=33.33 p95=33.33 p99=33.34 max=33.36 hitches50=0 gpuMs avg=27.31 p50=33.22 p95=35.16 gameMs avg=1.15 p95=1.39 renderMs avg=2.40 p95=3.07
2026.09.28-13.04.20 game -> room=cmul9dt2n00g5wiukorqm5gdy code=<redacted> status=IN_PROGRESS
2026.09.28-13.04.21 ARTPREVIEW selection ring shown fighter=Medusa mesh=SM_Marker_SelectionRing
2026.09.28-13.04.21 ARTPREVIEW reachable corners cells=13 placed=1
2026.09.28-13.04.21 ARTPREVIEW selection ownHero=1 selected=1 fighter=Medusa reachable=14 fighterId=f-0-hero
2026.09.28-13.04.21 INPUT select src=flag fighter=f-0-hero flag=ArtPreviewSelectOwnHero
2026.09.28-13.04.21 ARTPREVIEW camera focus requested zoom=1.60 overview=1931 target=1207
2026.09.28-13.04.21 INPUT zoom src=flag zoom=1.60 flag=ArtPreviewFocusZoom
2026.09.28-13.04.21 CAMERA focus src=flag from=1930.8 to=1206.7 requested=1206.7 zoom=1.60 clamp=0 limit=none animMs=200
2026.09.28-13.04.21 HUD plate content fighter=f-0-hero name=Medusa hp=16/16 team=own statuses=HERO  |  MELEE
2026.09.28-13.04.21 ICON fighter=f-1-hero bbox=(944,619,976,651) size=32 src=flag labelAvoid=0 hudAvoid=0
2026.09.28-13.04.21 PLATE fighter=f-0-hero bbox=(1040,608,1212,662) overlapReachable=0 placement=right ring=3 gap=30 selection=f-0-hero destinations=13 clean=1 softPx2=0 tested=560
2026.09.28-13.04.21 CAMERA settled elapsed=34.17 dist=1206.7 target=1206.7 errPct=0.000 focusErr=0.00 focus=(0,-50,28)
2026.09.28-13.04.21 ICON fighter=f-1-hero bbox=(944,636,976,668) size=32 src=flag labelAvoid=0 hudAvoid=0
2026.09.28-13.04.21 PLATE fighter=f-0-hero bbox=(1018,615,1190,669) overlapReachable=0 placement=right ring=0 gap=6 selection=f-0-hero destinations=13 clean=1 softPx2=0 tested=130
2026.09.28-13.04.22 PERF window t=30.1-35.2 frames=151 fps=30.00 frameMs avg=33.33 p50=33.33 p95=33.33 p99=33.34 max=33.35 hitches50=0 gpuMs avg=26.59 p50=33.18 p95=35.12 gameMs avg=1.33 p95=1.78 renderMs avg=2.39 p95=2.82
2026.09.28-13.04.23 SHOT ctx viewport=1920x1080 viewTarget=CameraActor_2147482372 cam=(0,642,1017) rot=(-55,-90,0)
2026.09.28-13.04.23 SHOT fighter f-0-hero pos=(2,2) world=(0,-50,0) screen=(960,580) projected=1 alive=1
2026.09.28-13.04.23 SHOT fighter f-0-sk0 pos=(3,2) world=(100,-50,0) screen=(1208,580) projected=1 alive=1
2026.09.28-13.04.23 SHOT fighter f-0-sk1 pos=(2,1) world=(0,-150,0) screen=(960,384) projected=1 alive=1
2026.09.28-13.04.23 SHOT fighter f-0-sk2 pos=(1,2) world=(-100,-50,0) screen=(712,580) projected=1 alive=1
2026.09.28-13.04.23 SHOT fighter f-1-hero pos=(2,3) world=(0,50,0) screen=(960,794) projected=1 alive=1
2026.09.28-13.04.23 SHOT fighter f-1-sk0 pos=(3,3) world=(100,50,0) screen=(1220,794) projected=1 alive=1
2026.09.28-13.04.23 SHOT camera dist=1206.7 target=1206.7 overview=1930.8 errPct=0.000 focusErr=0.00 settled=1 zoom=1.60
2026.09.28-13.04.23 SHOT head fighter=f-0-hero socket=Head mesh=SK_Medusa_FaceNeck_v2Candidate world=(0.0,-46.0,38.5) screen=(960.0,533.0) top=(960.0,524.2) bottom=(960.0,541.8) headPx=17.6 projected=1
2026.09.28-13.04.23 SHOT head fighter=f-0-sk0 socket=Head mesh=SK_Medusa_FaceNeck_v2Candidate world=(100.0,-46.9,30.0) screen=(1213.0,543.5) top=(1214.1,534.8) bottom=(1212.0,552.2) headPx=17.5 projected=1
2026.09.28-13.04.23 SHOT head fighter=f-0-sk1 socket=Head mesh=SK_Medusa_FaceNeck_v2Candidate world=(0.0,-146.9,30.0) screen=(960.0,345.5) top=(960.0,336.4) bottom=(960.0,354.6) headPx=18.1 projected=1
2026.09.28-13.04.23 SHOT head fighter=f-0-sk2 socket=Head mesh=SK_Medusa_FaceNeck_v2Candidate world=(-100.0,-46.9,30.0) screen=(707.0,543.5) top=(705.9,534.8) bottom=(708.0,552.2) headPx=17.5 projected=1
2026.09.28-13.04.23 SHOT head fighter=f-1-hero socket=Head mesh=SK_Medusa_FaceNeck_v2Candidate world=(-0.0,46.0,38.5) screen=(960.0,733.4) top=(960.0,725.1) bottom=(960.0,741.7) headPx=16.7 projected=1
2026.09.28-13.04.23 SHOT head fighter=f-1-sk0 socket=Head mesh=SK_Medusa_FaceNeck_v2Candidate world=(100.0,46.9,30.0) screen=(1224.9,747.1) top=(1226.0,738.9) bottom=(1223.7,755.3) headPx=16.6 projected=1
2026.09.28-13.04.23 SHOT selection fighter=f-0-hero ownCell=(2,2) legal=14 destinations=13 ownCellExcluded=1 plateFighter=f-0-hero
2026.09.28-13.04.23 SHOT reachable fighter=f-0-hero n=13 cells=(1,0)(2,0)(3,0)(0,1)(1,1)(3,1)(4,1)(0,2)(4,2)(0,3)(1,3)(4,3)(1,4)
2026.09.28-13.04.23 SHOT plate fighter=f-0-hero bbox=(1018,615,1190,669) overlapReachable=0 placement=right gap=6 anchor=(908,459,1012,621) planned=(1018,615,1190,669) geom=painted stableFrames=54
2026.09.28-13.04.23 SHOT icon fighter=f-1-hero bbox=(944,636,976,668) size=32 src=flag planned=(944,636,976,668) geom=painted
2026.09.28-13.04.23 SHOT label fighter=f-0-sk0 mode=compact bbox=(1159,484,1277,497)
2026.09.28-13.04.23 SHOT label fighter=f-0-sk1 mode=compact bbox=(904,285,1016,298)
2026.09.28-13.04.23 SHOT label fighter=f-0-sk2 mode=compact bbox=(643,484,761,497)
2026.09.28-13.04.23 SHOT label fighter=f-1-hero mode=compact bbox=(894,680,1026,690)
2026.09.28-13.04.23 SHOT label fighter=f-1-sk0 mode=compact bbox=(1179,703,1284,717)
2026.09.28-13.04.23 SHOT requested: FScreenshotRequest(bShowUI) -> C:\Users\ren\AppData\Local\Temp\s08-phase2-20260928-180345-36296\phase2-board-host-1920x1080.png
2026.09.28-13.04.23 game -> room=cmul9dt2n00g5wiukorqm5gdy code=<redacted> status=IN_PROGRESS
2026.09.28-13.04.26 game -> room=cmul9dt2n00g5wiukorqm5gdy code=<redacted> status=IN_PROGRESS
2026.09.28-13.04.27 PERF window t=35.2-40.2 frames=146 fps=29.06 frameMs avg=34.42 p50=33.33 p95=33.33 p99=33.34 max=191.58 hitches50=1 gpuMs avg=27.97 p50=33.22 p95=34.35 gameMs avg=2.70 p95=1.91 renderMs avg=2.41 p95=2.85
2026.09.28-13.04.29 game -> room=cmul9dt2n00g5wiukorqm5gdy code=<redacted> status=IN_PROGRESS
2026.09.28-13.04.32 game -> room=cmul9dt2n00g5wiukorqm5gdy code=<redacted> status=IN_PROGRESS
2026.09.28-13.04.32 PERF window t=40.2-45.2 frames=151 fps=30.00 frameMs avg=33.33 p50=33.33 p95=33.33 p99=33.34 max=33.34 hitches50=0 gpuMs avg=28.54 p50=33.22 p95=34.37 gameMs avg=1.55 p95=1.95 renderMs avg=2.49 p95=3.30
2026.09.28-13.04.35 game -> room=cmul9dt2n00g5wiukorqm5gdy code=<redacted> status=IN_PROGRESS
2026.09.28-13.04.37 PERF summary scope=afterWarmup warmup=5 elapsed=50.0 frames=1347 fps=29.89 frameMs avg=33.45 p50=33.33 p95=33.33 p99=33.34 max=191.58 hitches50=1 gpuMs avg=29.55 p50=33.27 p95=34.84 gameMs avg=1.45 p95=1.78 renderMs avg=2.24 p95=2.97
2026.09.28-13.04.37 PERF summary scope=started elapsed=50.0 frames=953 fps=29.85 frameMs avg=33.50 p50=33.33 p95=33.33 p99=33.34 max=191.58 hitches50=1 gpuMs avg=28.15 p50=33.23 p95=35.05 gameMs avg=1.59 p95=1.89 renderMs avg=2.46 p95=3.12
2026.09.28-13.04.37 --- S08 trace close ---
