17:31:44 | INFO: Data are loaded, start creating Blender stuff
17:31:44 | INFO: Blender create Mesh node meshes[0]
17:31:44 | INFO: Blender create Mesh node meshes[1]
17:31:44 | INFO: Blender create Mesh node meshes[2]
17:31:45 | INFO: Blender create Mesh node meshes[3]
17:31:45 | INFO: Blender create Mesh node meshes[4]
17:31:45 | INFO: Blender create Mesh node meshes[5]
17:31:46 | INFO: Blender create Mesh node meshes[6]
17:31:46 | INFO: Blender create Mesh node meshes[7]
17:31:46 | INFO: Blender create Mesh node meshes[8]
17:31:46 | INFO: Blender create Mesh node meshes[9]
17:31:46 | INFO: Blender create Mesh node meshes[10]
17:31:46 | INFO: Blender create Mesh node meshes[11]
17:31:46 | INFO: Blender create Mesh node meshes[12]
17:31:47 | INFO: glTF import finished in 2.84s
17:31:47 | INFO: Data are loaded, start creating Blender stuff
17:31:47 | INFO: Blender create Mesh node meshes[0]
17:31:47 | INFO: Blender create Mesh node meshes[1]
17:31:48 | INFO: Blender create Mesh node meshes[2]
17:31:48 | INFO: Blender create Mesh node meshes[3]
17:31:49 | INFO: Blender create Mesh node meshes[4]
17:31:49 | INFO: Blender create Mesh node meshes[5]
17:31:49 | INFO: Blender create Mesh node meshes[6]
17:31:50 | INFO: Blender create Mesh node meshes[7]
17:31:50 | INFO: Blender create Mesh node meshes[8]
17:31:50 | INFO: Blender create Mesh node meshes[9]
17:31:50 | INFO: Blender create Mesh node meshes[10]
17:31:50 | INFO: Blender create Mesh node meshes[11]
17:31:50 | INFO: Blender create Mesh node meshes[12]
17:31:50 | INFO: glTF import finished in 3.80s
C:\Users\ren\WebstormProjects\unmached\unmached\tools\tripo-pipeline\blender\h2_bake_harpy\stage_import.py:214: DeprecationWarning: 'Material.use_nodes' is expected to be removed in Blender 6.0
  if not m.use_nodes:
part tripo_part_0 333832 0.9999
part tripo_part_1 266455 1.0
part tripo_part_2 241118 1.0
part tripo_part_3 216762 1.0
part tripo_part_4 191311 1.0
part tripo_part_5 199429 1.0
part tripo_part_6 108233 1.0
part tripo_part_7 101306 1.0
part tripo_part_8 94137 1.0
part tripo_part_9 63014 1.0
part tripo_part_10 68017 1.0
part tripo_part_11 14764 1.0
part tripo_part_12 65948 1.0
Info: Saved as "h2-highpoly.blend"
H2_BAKE_STAGE_OK import
Blender 5.2.2 LTS (hash d13f752e3b9c built 2026-09-15 01:37:04)

Blender quit
