00:00.641  blend            | Read blend: "C:\tmp\h21_harpy\h2_baseline\work\h2-uv.blend"
00:00.875  blend            | Read blend: "C:\tmp\h21_harpy\h2_baseline\work\h2-candidate.blend"
00:04.656  render           | Saved: 'C:\tmp\h21_harpy\h2_baseline\work\nape-tmp.png'
nape 3.86 0 251 30
00:04.844  render           | Saved: 'C:\tmp\h21_harpy\h2_baseline\work\nape-tmp.png'
nape 3.86 20 282 160
00:05.016  render           | Saved: 'C:\tmp\h21_harpy\h2_baseline\work\nape-tmp.png'
nape 3.86 40 448 375
00:05.188  render           | Saved: 'C:\tmp\h21_harpy\h2_baseline\work\nape-tmp.png'
nape 3.86 60 657 491
00:05.360  render           | Saved: 'C:\tmp\h21_harpy\h2_baseline\work\nape-tmp.png'
nape 3.86 80 794 521
00:05.516  render           | Saved: 'C:\tmp\h21_harpy\h2_baseline\work\nape-tmp.png'
nape 3.86 100 1024 492
00:05.672  render           | Saved: 'C:\tmp\h21_harpy\h2_baseline\work\nape-tmp.png'
nape 3.86 120 1272 459
00:05.828  render           | Saved: 'C:\tmp\h21_harpy\h2_baseline\work\nape-tmp.png'
nape 3.86 140 1534 404
00:06.047  render           | Saved: 'C:\tmp\h21_harpy\h2_baseline\work\nape-tmp.png'
nape 3.86 160 1699 403
00:06.266  render           | Saved: 'C:\tmp\h21_harpy\h2_baseline\work\nape-tmp.png'
nape 3.86 180 1697 473
00:06.500  render           | Saved: 'C:\tmp\h21_harpy\h2_baseline\work\nape-tmp.png'
nape 3.86 200 1636 545
00:06.672  render           | Saved: 'C:\tmp\h21_harpy\h2_baseline\work\nape-tmp.png'
nape 3.86 220 1506 567
00:06.891  render           | Saved: 'C:\tmp\h21_harpy\h2_baseline\work\nape-tmp.png'
nape 3.86 240 1320 558
00:07.063  render           | Saved: 'C:\tmp\h21_harpy\h2_baseline\work\nape-tmp.png'
nape 3.86 260 1129 513
00:07.235  render           | Saved: 'C:\tmp\h21_harpy\h2_baseline\work\nape-tmp.png'
nape 3.86 280 899 492
00:07.438  render           | Saved: 'C:\tmp\h21_harpy\h2_baseline\work\nape-tmp.png'
nape 3.86 300 769 444
00:07.641  render           | Saved: 'C:\tmp\h21_harpy\h2_baseline\work\nape-tmp.png'
nape 3.86 320 664 256
00:07.813  render           | Saved: 'C:\tmp\h21_harpy\h2_baseline\work\nape-tmp.png'
nape 3.86 340 292 146
00:07.969  render           | Saved: 'C:\tmp\h21_harpy\h2_baseline\work\nape-tmp.png'
nape 4.8 0 173 21
00:08.156  render           | Saved: 'C:\tmp\h21_harpy\h2_baseline\work\nape-tmp.png'
nape 4.8 20 187 107
00:08.313  render           | Saved: 'C:\tmp\h21_harpy\h2_baseline\work\nape-tmp.png'
nape 4.8 40 292 239
00:08.500  render           | Saved: 'C:\tmp\h21_harpy\h2_baseline\work\nape-tmp.png'
nape 4.8 60 435 305
00:08.641  render           | Saved: 'C:\tmp\h21_harpy\h2_baseline\work\nape-tmp.png'
nape 4.8 80 513 325
00:08.797  render           | Saved: 'C:\tmp\h21_harpy\h2_baseline\work\nape-tmp.png'
nape 4.8 100 658 309
00:08.953  render           | Saved: 'C:\tmp\h21_harpy\h2_baseline\work\nape-tmp.png'
nape 4.8 120 808 293
00:09.125  render           | Saved: 'C:\tmp\h21_harpy\h2_baseline\work\nape-tmp.png'
nape 4.8 140 972 258
00:09.266  render           | Saved: 'C:\tmp\h21_harpy\h2_baseline\work\nape-tmp.png'
nape 4.8 160 1078 255
00:09.422  render           | Saved: 'C:\tmp\h21_harpy\h2_baseline\work\nape-tmp.png'
nape 4.8 180 1077 308
00:09.610  render           | Saved: 'C:\tmp\h21_harpy\h2_baseline\work\nape-tmp.png'
nape 4.8 200 1039 349
00:09.766  render           | Saved: 'C:\tmp\h21_harpy\h2_baseline\work\nape-tmp.png'
nape 4.8 220 952 358
00:09.922  render           | Saved: 'C:\tmp\h21_harpy\h2_baseline\work\nape-tmp.png'
nape 4.8 240 846 349
00:10.094  render           | Saved: 'C:\tmp\h21_harpy\h2_baseline\work\nape-tmp.png'
nape 4.8 260 711 324
00:10.250  render           | Saved: 'C:\tmp\h21_harpy\h2_baseline\work\nape-tmp.png'
nape 4.8 280 577 310
00:10.422  render           | Saved: 'C:\tmp\h21_harpy\h2_baseline\work\nape-tmp.png'
nape 4.8 300 487 283
00:10.610  render           | Saved: 'C:\tmp\h21_harpy\h2_baseline\work\nape-tmp.png'
nape 4.8 320 432 169
00:10.781  render           | Saved: 'C:\tmp\h21_harpy\h2_baseline\work\nape-tmp.png'
nape 4.8 340 193 107
00:10.922  render           | Saved: 'C:\tmp\h21_harpy\h2_baseline\work\nape-tmp.png'
nape 7.5 0 76 9
00:11.078  render           | Saved: 'C:\tmp\h21_harpy\h2_baseline\work\nape-tmp.png'
nape 7.5 20 82 46
00:11.235  render           | Saved: 'C:\tmp\h21_harpy\h2_baseline\work\nape-tmp.png'
nape 7.5 40 117 96
00:11.375  render           | Saved: 'C:\tmp\h21_harpy\h2_baseline\work\nape-tmp.png'
nape 7.5 60 172 126
00:11.531  render           | Saved: 'C:\tmp\h21_harpy\h2_baseline\work\nape-tmp.png'
nape 7.5 80 208 128
00:11.844  render           | Saved: 'C:\tmp\h21_harpy\h2_baseline\work\nape-tmp.png'
nape 7.5 100 266 126
00:11.985  render           | Saved: 'C:\tmp\h21_harpy\h2_baseline\work\nape-tmp.png'
nape 7.5 120 326 117
00:12.203  render           | Saved: 'C:\tmp\h21_harpy\h2_baseline\work\nape-tmp.png'
nape 7.5 140 392 104
00:12.406  render           | Saved: 'C:\tmp\h21_harpy\h2_baseline\work\nape-tmp.png'
nape 7.5 160 436 100
00:12.563  render           | Saved: 'C:\tmp\h21_harpy\h2_baseline\work\nape-tmp.png'
nape 7.5 180 433 119
00:12.719  render           | Saved: 'C:\tmp\h21_harpy\h2_baseline\work\nape-tmp.png'
nape 7.5 200 413 140
00:12.906  render           | Saved: 'C:\tmp\h21_harpy\h2_baseline\work\nape-tmp.png'
nape 7.5 220 386 147
00:13.063  render           | Saved: 'C:\tmp\h21_harpy\h2_baseline\work\nape-tmp.png'
nape 7.5 240 343 137
00:13.219  render           | Saved: 'C:\tmp\h21_harpy\h2_baseline\work\nape-tmp.png'
nape 7.5 260 286 134
00:13.375  render           | Saved: 'C:\tmp\h21_harpy\h2_baseline\work\nape-tmp.png'
nape 7.5 280 233 129
00:13.516  render           | Saved: 'C:\tmp\h21_harpy\h2_baseline\work\nape-tmp.png'
nape 7.5 300 200 114
00:13.688  render           | Saved: 'C:\tmp\h21_harpy\h2_baseline\work\nape-tmp.png'
nape 7.5 320 181 72
00:13.844  render           | Saved: 'C:\tmp\h21_harpy\h2_baseline\work\nape-tmp.png'
nape 7.5 340 86 44
00:14.000  render           | Saved: 'C:\tmp\h21_harpy\h2_baseline\work\nape-tmp.png'
nape 12.07 0 28 4
00:14.172  render           | Saved: 'C:\tmp\h21_harpy\h2_baseline\work\nape-tmp.png'
nape 12.07 20 32 19
00:14.328  render           | Saved: 'C:\tmp\h21_harpy\h2_baseline\work\nape-tmp.png'
nape 12.07 40 51 34
00:14.485  render           | Saved: 'C:\tmp\h21_harpy\h2_baseline\work\nape-tmp.png'
nape 12.07 60 64 49
00:14.625  render           | Saved: 'C:\tmp\h21_harpy\h2_baseline\work\nape-tmp.png'
nape 12.07 80 78 45
00:14.781  render           | Saved: 'C:\tmp\h21_harpy\h2_baseline\work\nape-tmp.png'
nape 12.07 100 102 48
00:14.938  render           | Saved: 'C:\tmp\h21_harpy\h2_baseline\work\nape-tmp.png'
nape 12.07 120 130 43
00:15.110  render           | Saved: 'C:\tmp\h21_harpy\h2_baseline\work\nape-tmp.png'
nape 12.07 140 151 36
00:15.281  render           | Saved: 'C:\tmp\h21_harpy\h2_baseline\work\nape-tmp.png'
nape 12.07 160 163 41
00:15.422  render           | Saved: 'C:\tmp\h21_harpy\h2_baseline\work\nape-tmp.png'
nape 12.07 180 163 49
00:15.594  render           | Saved: 'C:\tmp\h21_harpy\h2_baseline\work\nape-tmp.png'
nape 12.07 200 156 55
00:15.781  render           | Saved: 'C:\tmp\h21_harpy\h2_baseline\work\nape-tmp.png'
nape 12.07 220 148 55
00:15.922  render           | Saved: 'C:\tmp\h21_harpy\h2_baseline\work\nape-tmp.png'
nape 12.07 240 127 56
00:16.094  render           | Saved: 'C:\tmp\h21_harpy\h2_baseline\work\nape-tmp.png'
nape 12.07 260 110 48
00:16.266  render           | Saved: 'C:\tmp\h21_harpy\h2_baseline\work\nape-tmp.png'
nape 12.07 280 91 46
00:16.422  render           | Saved: 'C:\tmp\h21_harpy\h2_baseline\work\nape-tmp.png'
nape 12.07 300 79 44
00:16.594  render           | Saved: 'C:\tmp\h21_harpy\h2_baseline\work\nape-tmp.png'
nape 12.07 320 70 28
00:16.750  render           | Saved: 'C:\tmp\h21_harpy\h2_baseline\work\nape-tmp.png'
nape 12.07 340 37 23
H2_BAKE_STAGE_OK nape-visibility 35719
Blender 5.2.2 LTS (hash d13f752e3b9c built 2026-09-15 01:37:04)

Blender quit
