00:00.531  blend            | Read blend: "C:\Users\ren\WebstormProjects\unmached\unmached\art\pipeline-candidates\ASSET-HARPY-001\20260929-h2-bake\work\h2-lowpoly.blend"
00:03.781  render           | Saved: 'C:\Users\ren\WebstormProjects\unmached\unmached\art\pipeline-candidates\ASSET-HARPY-001\20260929-h2-bake\preview\shape\front_hp.png'
00:03.953  render           | Saved: 'C:\Users\ren\WebstormProjects\unmached\unmached\art\pipeline-candidates\ASSET-HARPY-001\20260929-h2-bake\preview\shape\front_lp.png'
00:04.140  render           | Saved: 'C:\Users\ren\WebstormProjects\unmached\unmached\art\pipeline-candidates\ASSET-HARPY-001\20260929-h2-bake\preview\shape\side_left_hp.png'
00:04.234  render           | Saved: 'C:\Users\ren\WebstormProjects\unmached\unmached\art\pipeline-candidates\ASSET-HARPY-001\20260929-h2-bake\preview\shape\side_left_lp.png'
00:04.422  render           | Saved: 'C:\Users\ren\WebstormProjects\unmached\unmached\art\pipeline-candidates\ASSET-HARPY-001\20260929-h2-bake\preview\shape\back_hp.png'
00:04.578  render           | Saved: 'C:\Users\ren\WebstormProjects\unmached\unmached\art\pipeline-candidates\ASSET-HARPY-001\20260929-h2-bake\preview\shape\back_lp.png'
00:04.750  render           | Saved: 'C:\Users\ren\WebstormProjects\unmached\unmached\art\pipeline-candidates\ASSET-HARPY-001\20260929-h2-bake\preview\shape\top_hp.png'
00:04.875  render           | Saved: 'C:\Users\ren\WebstormProjects\unmached\unmached\art\pipeline-candidates\ASSET-HARPY-001\20260929-h2-bake\preview\shape\top_lp.png'
00:05.062  render           | Saved: 'C:\Users\ren\WebstormProjects\unmached\unmached\art\pipeline-candidates\ASSET-HARPY-001\20260929-h2-bake\preview\shape\head_front_hp.png'
00:05.203  render           | Saved: 'C:\Users\ren\WebstormProjects\unmached\unmached\art\pipeline-candidates\ASSET-HARPY-001\20260929-h2-bake\preview\shape\head_front_lp.png'
00:05.375  render           | Saved: 'C:\Users\ren\WebstormProjects\unmached\unmached\art\pipeline-candidates\ASSET-HARPY-001\20260929-h2-bake\preview\shape\head_3q_hp.png'
00:05.515  render           | Saved: 'C:\Users\ren\WebstormProjects\unmached\unmached\art\pipeline-candidates\ASSET-HARPY-001\20260929-h2-bake\preview\shape\head_3q_lp.png'
00:05.672  render           | Saved: 'C:\Users\ren\WebstormProjects\unmached\unmached\art\pipeline-candidates\ASSET-HARPY-001\20260929-h2-bake\preview\shape\feet_front_hp.png'
00:05.781  render           | Saved: 'C:\Users\ren\WebstormProjects\unmached\unmached\art\pipeline-candidates\ASSET-HARPY-001\20260929-h2-bake\preview\shape\feet_front_lp.png'
00:05.953  render           | Saved: 'C:\Users\ren\WebstormProjects\unmached\unmached\art\pipeline-candidates\ASSET-HARPY-001\20260929-h2-bake\preview\shape\wing_tip_back_hp.png'
00:06.078  render           | Saved: 'C:\Users\ren\WebstormProjects\unmached\unmached\art\pipeline-candidates\ASSET-HARPY-001\20260929-h2-bake\preview\shape\wing_tip_back_lp.png'
H2_BAKE_STAGE_OK preview_lowpoly {'front': {'iou': 0.98835, 'hp_px': 590092, 'lp_px': 589025, 'xor_px': 6907}, 'side_left': {'iou': 0.98872, 'hp_px': 401181, 'lp_px': 400786, 'xor_px': 4547}, 'back': {'iou': 0.98866, 'hp_px': 590296, 'lp_px': 589206, 'xor_px': 6726}, 'top': {'iou': 0.98422, 'hp_px': 283569, 'lp_px': 283121, 'xor_px': 4506}, 'head_front': {'iou': 0.92279, 'hp_px': 771725, 'lp_px': 780837, 'xor_px': 62346}, 'head_3q': {'iou': 0.95154, 'hp_px': 794915, 'lp_px': 785239, 'xor_px': 39242}, 'feet_front': {'iou': 0.97662, 'hp_px': 343160, 'lp_px': 341512, 'xor_px': 8098}, 'wing_tip_back': {'iou': 0.95102, 'hp_px': 493877, 'lp_px': 492164, 'xor_px': 24755}}
Blender 5.2.2 LTS (hash d13f752e3b9c built 2026-09-15 01:37:04)

Blender quit
