00:00.546  blend            | Read blend: "C:\Users\ren\WebstormProjects\unmached\unmached\art\pipeline-candidates\ASSET-HARPY-001\20260929-h2-bake\work\h2-candidate.blend"
00:04.125  render           | Saved: 'C:\Users\ren\WebstormProjects\unmached\unmached\art\pipeline-candidates\ASSET-HARPY-001\20260929-h2-bake\preview\review\concept_frame_front.png'
00:04.406  render           | Saved: 'C:\Users\ren\WebstormProjects\unmached\unmached\art\pipeline-candidates\ASSET-HARPY-001\20260929-h2-bake\preview\review\concept_frame_side.png'
00:04.687  render           | Saved: 'C:\Users\ren\WebstormProjects\unmached\unmached\art\pipeline-candidates\ASSET-HARPY-001\20260929-h2-bake\preview\review\concept_frame_back.png'
00:05.312  render           | Saved: 'C:\Users\ren\WebstormProjects\unmached\unmached\art\pipeline-candidates\ASSET-HARPY-001\20260929-h2-bake\preview\review\closeup_face_front.png'
00:06.406  render           | Saved: 'C:\Users\ren\WebstormProjects\unmached\unmached\art\pipeline-candidates\ASSET-HARPY-001\20260929-h2-bake\preview\review\closeup_face_front_highpoly.png'
00:06.750  render           | Saved: 'C:\Users\ren\WebstormProjects\unmached\unmached\art\pipeline-candidates\ASSET-HARPY-001\20260929-h2-bake\preview\review\closeup_face_3q.png'
00:07.468  render           | Saved: 'C:\Users\ren\WebstormProjects\unmached\unmached\art\pipeline-candidates\ASSET-HARPY-001\20260929-h2-bake\preview\review\closeup_face_3q_highpoly.png'
00:08.000  render           | Saved: 'C:\Users\ren\WebstormProjects\unmached\unmached\art\pipeline-candidates\ASSET-HARPY-001\20260929-h2-bake\preview\review\closeup_talons_front.png'
00:08.875  render           | Saved: 'C:\Users\ren\WebstormProjects\unmached\unmached\art\pipeline-candidates\ASSET-HARPY-001\20260929-h2-bake\preview\review\closeup_talons_front_highpoly.png'
00:09.343  render           | Saved: 'C:\Users\ren\WebstormProjects\unmached\unmached\art\pipeline-candidates\ASSET-HARPY-001\20260929-h2-bake\preview\review\closeup_talons_3q_left.png'
00:10.406  render           | Saved: 'C:\Users\ren\WebstormProjects\unmached\unmached\art\pipeline-candidates\ASSET-HARPY-001\20260929-h2-bake\preview\review\closeup_talons_3q_left_highpoly.png'
00:10.812  render           | Saved: 'C:\Users\ren\WebstormProjects\unmached\unmached\art\pipeline-candidates\ASSET-HARPY-001\20260929-h2-bake\preview\review\closeup_wing_primaries_left_back.png'
00:11.484  render           | Saved: 'C:\Users\ren\WebstormProjects\unmached\unmached\art\pipeline-candidates\ASSET-HARPY-001\20260929-h2-bake\preview\review\closeup_wing_primaries_left_back_highpoly.png'
00:11.796  render           | Saved: 'C:\Users\ren\WebstormProjects\unmached\unmached\art\pipeline-candidates\ASSET-HARPY-001\20260929-h2-bake\preview\review\closeup_wing_front_left.png'
00:12.406  render           | Saved: 'C:\Users\ren\WebstormProjects\unmached\unmached\art\pipeline-candidates\ASSET-HARPY-001\20260929-h2-bake\preview\review\closeup_wing_front_left_highpoly.png'
00:12.718  render           | Saved: 'C:\Users\ren\WebstormProjects\unmached\unmached\art\pipeline-candidates\ASSET-HARPY-001\20260929-h2-bake\preview\review\closeup_neck_back.png'
00:13.375  render           | Saved: 'C:\Users\ren\WebstormProjects\unmached\unmached\art\pipeline-candidates\ASSET-HARPY-001\20260929-h2-bake\preview\review\closeup_neck_back_highpoly.png'
00:13.671  render           | Saved: 'C:\Users\ren\WebstormProjects\unmached\unmached\art\pipeline-candidates\ASSET-HARPY-001\20260929-h2-bake\preview\review\closeup_nape_back_game.png'
00:14.343  render           | Saved: 'C:\Users\ren\WebstormProjects\unmached\unmached\art\pipeline-candidates\ASSET-HARPY-001\20260929-h2-bake\preview\review\closeup_nape_back_game_highpoly.png'
00:14.671  render           | Saved: 'C:\Users\ren\WebstormProjects\unmached\unmached\art\pipeline-candidates\ASSET-HARPY-001\20260929-h2-bake\preview\review\closeup_nape_back3q_game.png'
00:15.390  render           | Saved: 'C:\Users\ren\WebstormProjects\unmached\unmached\art\pipeline-candidates\ASSET-HARPY-001\20260929-h2-bake\preview\review\closeup_nape_back3q_game_highpoly.png'
00:15.687  render           | Saved: 'C:\Users\ren\WebstormProjects\unmached\unmached\art\pipeline-candidates\ASSET-HARPY-001\20260929-h2-bake\preview\review\closeup_crest_front_game.png'
00:16.375  render           | Saved: 'C:\Users\ren\WebstormProjects\unmached\unmached\art\pipeline-candidates\ASSET-HARPY-001\20260929-h2-bake\preview\review\closeup_crest_front_game_highpoly.png'
00:16.750  render           | Saved: 'C:\Users\ren\WebstormProjects\unmached\unmached\art\pipeline-candidates\ASSET-HARPY-001\20260929-h2-bake\preview\review\teamcolor_gold_front.png'
00:17.078  render           | Saved: 'C:\Users\ren\WebstormProjects\unmached\unmached\art\pipeline-candidates\ASSET-HARPY-001\20260929-h2-bake\preview\review\teamcolor_gold_game3q.png'
00:17.359  render           | Saved: 'C:\Users\ren\WebstormProjects\unmached\unmached\art\pipeline-candidates\ASSET-HARPY-001\20260929-h2-bake\preview\review\teamcolor_silver_front.png'
00:17.687  render           | Saved: 'C:\Users\ren\WebstormProjects\unmached\unmached\art\pipeline-candidates\ASSET-HARPY-001\20260929-h2-bake\preview\review\teamcolor_silver_game3q.png'
H2_BAKE_STAGE_OK review concept 27
Blender 5.2.2 LTS (hash d13f752e3b9c built 2026-09-15 01:37:04)

Blender quit
