00:00.734  blend            | Read blend: "C:\tmp\h21_harpy\h2_baseline\work\h2-candidate.blend"
00:04.359  render           | Saved: 'C:\tmp\h21_harpy\h2_baseline\work\see-through-tmp\two.png'
00:04.516  render           | Saved: 'C:\tmp\h21_harpy\h2_baseline\work\see-through-tmp\one.png'
see-through  3.86 0 4
00:04.781  render           | Saved: 'C:\tmp\h21_harpy\h2_baseline\work\see-through-tmp\two.png'
00:04.922  render           | Saved: 'C:\tmp\h21_harpy\h2_baseline\work\see-through-tmp\one.png'
see-through  3.86 20 0
00:05.063  render           | Saved: 'C:\tmp\h21_harpy\h2_baseline\work\see-through-tmp\two.png'
00:05.188  render           | Saved: 'C:\tmp\h21_harpy\h2_baseline\work\see-through-tmp\one.png'
see-through  3.86 40 0
00:05.344  render           | Saved: 'C:\tmp\h21_harpy\h2_baseline\work\see-through-tmp\two.png'
00:05.500  render           | Saved: 'C:\tmp\h21_harpy\h2_baseline\work\see-through-tmp\one.png'
see-through  3.86 60 0
00:05.625  render           | Saved: 'C:\tmp\h21_harpy\h2_baseline\work\see-through-tmp\two.png'
00:05.750  render           | Saved: 'C:\tmp\h21_harpy\h2_baseline\work\see-through-tmp\one.png'
see-through  3.86 80 3
00:06.031  render           | Saved: 'C:\tmp\h21_harpy\h2_baseline\work\see-through-tmp\two.png'
00:06.156  render           | Saved: 'C:\tmp\h21_harpy\h2_baseline\work\see-through-tmp\one.png'
see-through  3.86 100 3
00:06.375  render           | Saved: 'C:\tmp\h21_harpy\h2_baseline\work\see-through-tmp\two.png'
00:06.484  render           | Saved: 'C:\tmp\h21_harpy\h2_baseline\work\see-through-tmp\one.png'
see-through  3.86 120 4
00:06.719  render           | Saved: 'C:\tmp\h21_harpy\h2_baseline\work\see-through-tmp\two.png'
00:06.844  render           | Saved: 'C:\tmp\h21_harpy\h2_baseline\work\see-through-tmp\one.png'
see-through  3.86 140 6
00:07.078  render           | Saved: 'C:\tmp\h21_harpy\h2_baseline\work\see-through-tmp\two.png'
00:07.219  render           | Saved: 'C:\tmp\h21_harpy\h2_baseline\work\see-through-tmp\one.png'
see-through  3.86 160 7
00:07.438  render           | Saved: 'C:\tmp\h21_harpy\h2_baseline\work\see-through-tmp\two.png'
00:07.563  render           | Saved: 'C:\tmp\h21_harpy\h2_baseline\work\see-through-tmp\one.png'
see-through  3.86 180 2
00:07.813  render           | Saved: 'C:\tmp\h21_harpy\h2_baseline\work\see-through-tmp\two.png'
00:07.953  render           | Saved: 'C:\tmp\h21_harpy\h2_baseline\work\see-through-tmp\one.png'
see-through  3.86 200 3
00:08.188  render           | Saved: 'C:\tmp\h21_harpy\h2_baseline\work\see-through-tmp\two.png'
00:08.328  render           | Saved: 'C:\tmp\h21_harpy\h2_baseline\work\see-through-tmp\one.png'
see-through  3.86 220 5
00:08.563  render           | Saved: 'C:\tmp\h21_harpy\h2_baseline\work\see-through-tmp\two.png'
00:08.688  render           | Saved: 'C:\tmp\h21_harpy\h2_baseline\work\see-through-tmp\one.png'
see-through  3.86 240 1
00:08.922  render           | Saved: 'C:\tmp\h21_harpy\h2_baseline\work\see-through-tmp\two.png'
00:09.047  render           | Saved: 'C:\tmp\h21_harpy\h2_baseline\work\see-through-tmp\one.png'
see-through  3.86 260 5
00:09.281  render           | Saved: 'C:\tmp\h21_harpy\h2_baseline\work\see-through-tmp\two.png'
00:09.422  render           | Saved: 'C:\tmp\h21_harpy\h2_baseline\work\see-through-tmp\one.png'
see-through  3.86 280 3
00:09.656  render           | Saved: 'C:\tmp\h21_harpy\h2_baseline\work\see-through-tmp\two.png'
00:09.813  render           | Saved: 'C:\tmp\h21_harpy\h2_baseline\work\see-through-tmp\one.png'
see-through  3.86 300 2
00:10.078  render           | Saved: 'C:\tmp\h21_harpy\h2_baseline\work\see-through-tmp\two.png'
00:10.266  render           | Saved: 'C:\tmp\h21_harpy\h2_baseline\work\see-through-tmp\one.png'
see-through  3.86 320 8
00:10.531  render           | Saved: 'C:\tmp\h21_harpy\h2_baseline\work\see-through-tmp\two.png'
00:10.656  render           | Saved: 'C:\tmp\h21_harpy\h2_baseline\work\see-through-tmp\one.png'
see-through  3.86 340 7
00:10.891  render           | Saved: 'C:\tmp\h21_harpy\h2_baseline\work\see-through-tmp\two.png'
00:11.016  render           | Saved: 'C:\tmp\h21_harpy\h2_baseline\work\see-through-tmp\one.png'
see-through  4.8 0 1
00:11.234  render           | Saved: 'C:\tmp\h21_harpy\h2_baseline\work\see-through-tmp\two.png'
00:11.359  render           | Saved: 'C:\tmp\h21_harpy\h2_baseline\work\see-through-tmp\one.png'
see-through  4.8 20 0
00:11.484  render           | Saved: 'C:\tmp\h21_harpy\h2_baseline\work\see-through-tmp\two.png'
00:11.594  render           | Saved: 'C:\tmp\h21_harpy\h2_baseline\work\see-through-tmp\one.png'
see-through  4.8 40 0
00:11.719  render           | Saved: 'C:\tmp\h21_harpy\h2_baseline\work\see-through-tmp\two.png'
00:11.828  render           | Saved: 'C:\tmp\h21_harpy\h2_baseline\work\see-through-tmp\one.png'
see-through  4.8 60 0
00:11.969  render           | Saved: 'C:\tmp\h21_harpy\h2_baseline\work\see-through-tmp\two.png'
00:12.078  render           | Saved: 'C:\tmp\h21_harpy\h2_baseline\work\see-through-tmp\one.png'
see-through  4.8 80 3
00:12.297  render           | Saved: 'C:\tmp\h21_harpy\h2_baseline\work\see-through-tmp\two.png'
00:12.406  render           | Saved: 'C:\tmp\h21_harpy\h2_baseline\work\see-through-tmp\one.png'
see-through  4.8 100 1
00:12.641  render           | Saved: 'C:\tmp\h21_harpy\h2_baseline\work\see-through-tmp\two.png'
00:12.766  render           | Saved: 'C:\tmp\h21_harpy\h2_baseline\work\see-through-tmp\one.png'
see-through  4.8 120 2
00:12.969  render           | Saved: 'C:\tmp\h21_harpy\h2_baseline\work\see-through-tmp\two.png'
00:13.094  render           | Saved: 'C:\tmp\h21_harpy\h2_baseline\work\see-through-tmp\one.png'
see-through  4.8 140 1
00:13.313  render           | Saved: 'C:\tmp\h21_harpy\h2_baseline\work\see-through-tmp\two.png'
00:13.406  render           | Saved: 'C:\tmp\h21_harpy\h2_baseline\work\see-through-tmp\one.png'
see-through  4.8 160 3
00:13.609  render           | Saved: 'C:\tmp\h21_harpy\h2_baseline\work\see-through-tmp\two.png'
00:13.734  render           | Saved: 'C:\tmp\h21_harpy\h2_baseline\work\see-through-tmp\one.png'
see-through  4.8 180 4
00:13.984  render           | Saved: 'C:\tmp\h21_harpy\h2_baseline\work\see-through-tmp\two.png'
00:14.141  render           | Saved: 'C:\tmp\h21_harpy\h2_baseline\work\see-through-tmp\one.png'
see-through  4.8 200 2
00:14.375  render           | Saved: 'C:\tmp\h21_harpy\h2_baseline\work\see-through-tmp\two.png'
00:14.500  render           | Saved: 'C:\tmp\h21_harpy\h2_baseline\work\see-through-tmp\one.png'
see-through  4.8 220 2
00:14.703  render           | Saved: 'C:\tmp\h21_harpy\h2_baseline\work\see-through-tmp\two.png'
00:14.828  render           | Saved: 'C:\tmp\h21_harpy\h2_baseline\work\see-through-tmp\one.png'
see-through  4.8 240 3
00:15.047  render           | Saved: 'C:\tmp\h21_harpy\h2_baseline\work\see-through-tmp\two.png'
00:15.172  render           | Saved: 'C:\tmp\h21_harpy\h2_baseline\work\see-through-tmp\one.png'
see-through  4.8 260 3
00:15.406  render           | Saved: 'C:\tmp\h21_harpy\h2_baseline\work\see-through-tmp\two.png'
00:15.516  render           | Saved: 'C:\tmp\h21_harpy\h2_baseline\work\see-through-tmp\one.png'
see-through  4.8 280 2
00:15.750  render           | Saved: 'C:\tmp\h21_harpy\h2_baseline\work\see-through-tmp\two.png'
00:15.875  render           | Saved: 'C:\tmp\h21_harpy\h2_baseline\work\see-through-tmp\one.png'
see-through  4.8 300 2
00:16.078  render           | Saved: 'C:\tmp\h21_harpy\h2_baseline\work\see-through-tmp\two.png'
00:16.203  render           | Saved: 'C:\tmp\h21_harpy\h2_baseline\work\see-through-tmp\one.png'
see-through  4.8 320 4
00:16.453  render           | Saved: 'C:\tmp\h21_harpy\h2_baseline\work\see-through-tmp\two.png'
00:16.578  render           | Saved: 'C:\tmp\h21_harpy\h2_baseline\work\see-through-tmp\one.png'
see-through  4.8 340 6
00:16.797  render           | Saved: 'C:\tmp\h21_harpy\h2_baseline\work\see-through-tmp\two.png'
00:16.906  render           | Saved: 'C:\tmp\h21_harpy\h2_baseline\work\see-through-tmp\one.png'
see-through  7.5 0 0
00:17.047  render           | Saved: 'C:\tmp\h21_harpy\h2_baseline\work\see-through-tmp\two.png'
00:17.172  render           | Saved: 'C:\tmp\h21_harpy\h2_baseline\work\see-through-tmp\one.png'
see-through  7.5 20 0
00:17.328  render           | Saved: 'C:\tmp\h21_harpy\h2_baseline\work\see-through-tmp\two.png'
00:17.453  render           | Saved: 'C:\tmp\h21_harpy\h2_baseline\work\see-through-tmp\one.png'
see-through  7.5 40 0
00:17.578  render           | Saved: 'C:\tmp\h21_harpy\h2_baseline\work\see-through-tmp\two.png'
00:17.703  render           | Saved: 'C:\tmp\h21_harpy\h2_baseline\work\see-through-tmp\one.png'
see-through  7.5 60 0
00:17.828  render           | Saved: 'C:\tmp\h21_harpy\h2_baseline\work\see-through-tmp\two.png'
00:17.938  render           | Saved: 'C:\tmp\h21_harpy\h2_baseline\work\see-through-tmp\one.png'
see-through  7.5 80 0
00:18.078  render           | Saved: 'C:\tmp\h21_harpy\h2_baseline\work\see-through-tmp\two.png'
00:18.188  render           | Saved: 'C:\tmp\h21_harpy\h2_baseline\work\see-through-tmp\one.png'
see-through  7.5 100 0
00:18.313  render           | Saved: 'C:\tmp\h21_harpy\h2_baseline\work\see-through-tmp\two.png'
00:18.438  render           | Saved: 'C:\tmp\h21_harpy\h2_baseline\work\see-through-tmp\one.png'
see-through  7.5 120 0
00:18.563  render           | Saved: 'C:\tmp\h21_harpy\h2_baseline\work\see-through-tmp\two.png'
00:18.688  render           | Saved: 'C:\tmp\h21_harpy\h2_baseline\work\see-through-tmp\one.png'
see-through  7.5 140 0
00:18.813  render           | Saved: 'C:\tmp\h21_harpy\h2_baseline\work\see-through-tmp\two.png'
00:18.938  render           | Saved: 'C:\tmp\h21_harpy\h2_baseline\work\see-through-tmp\one.png'
see-through  7.5 160 1
00:19.141  render           | Saved: 'C:\tmp\h21_harpy\h2_baseline\work\see-through-tmp\two.png'
00:19.250  render           | Saved: 'C:\tmp\h21_harpy\h2_baseline\work\see-through-tmp\one.png'
see-through  7.5 180 0
00:19.375  render           | Saved: 'C:\tmp\h21_harpy\h2_baseline\work\see-through-tmp\two.png'
00:19.484  render           | Saved: 'C:\tmp\h21_harpy\h2_baseline\work\see-through-tmp\one.png'
see-through  7.5 200 1
00:19.703  render           | Saved: 'C:\tmp\h21_harpy\h2_baseline\work\see-through-tmp\two.png'
00:19.813  render           | Saved: 'C:\tmp\h21_harpy\h2_baseline\work\see-through-tmp\one.png'
see-through  7.5 220 3
00:20.031  render           | Saved: 'C:\tmp\h21_harpy\h2_baseline\work\see-through-tmp\two.png'
00:20.141  render           | Saved: 'C:\tmp\h21_harpy\h2_baseline\work\see-through-tmp\one.png'
see-through  7.5 240 0
00:20.313  render           | Saved: 'C:\tmp\h21_harpy\h2_baseline\work\see-through-tmp\two.png'
00:20.422  render           | Saved: 'C:\tmp\h21_harpy\h2_baseline\work\see-through-tmp\one.png'
see-through  7.5 260 1
00:20.656  render           | Saved: 'C:\tmp\h21_harpy\h2_baseline\work\see-through-tmp\two.png'
00:20.766  render           | Saved: 'C:\tmp\h21_harpy\h2_baseline\work\see-through-tmp\one.png'
see-through  7.5 280 0
00:20.875  render           | Saved: 'C:\tmp\h21_harpy\h2_baseline\work\see-through-tmp\two.png'
00:21.000  render           | Saved: 'C:\tmp\h21_harpy\h2_baseline\work\see-through-tmp\one.png'
see-through  7.5 300 1
00:21.234  render           | Saved: 'C:\tmp\h21_harpy\h2_baseline\work\see-through-tmp\two.png'
00:21.375  render           | Saved: 'C:\tmp\h21_harpy\h2_baseline\work\see-through-tmp\one.png'
see-through  7.5 320 2
00:21.594  render           | Saved: 'C:\tmp\h21_harpy\h2_baseline\work\see-through-tmp\two.png'
00:21.703  render           | Saved: 'C:\tmp\h21_harpy\h2_baseline\work\see-through-tmp\one.png'
see-through  7.5 340 2
00:21.938  render           | Saved: 'C:\tmp\h21_harpy\h2_baseline\work\see-through-tmp\two.png'
00:22.047  render           | Saved: 'C:\tmp\h21_harpy\h2_baseline\work\see-through-tmp\one.png'
see-through  12.07 0 1
00:22.250  render           | Saved: 'C:\tmp\h21_harpy\h2_baseline\work\see-through-tmp\two.png'
00:22.375  render           | Saved: 'C:\tmp\h21_harpy\h2_baseline\work\see-through-tmp\one.png'
see-through  12.07 20 0
00:22.500  render           | Saved: 'C:\tmp\h21_harpy\h2_baseline\work\see-through-tmp\two.png'
00:22.625  render           | Saved: 'C:\tmp\h21_harpy\h2_baseline\work\see-through-tmp\one.png'
see-through  12.07 40 0
00:22.766  render           | Saved: 'C:\tmp\h21_harpy\h2_baseline\work\see-through-tmp\two.png'
00:22.891  render           | Saved: 'C:\tmp\h21_harpy\h2_baseline\work\see-through-tmp\one.png'
see-through  12.07 60 0
00:23.016  render           | Saved: 'C:\tmp\h21_harpy\h2_baseline\work\see-through-tmp\two.png'
00:23.125  render           | Saved: 'C:\tmp\h21_harpy\h2_baseline\work\see-through-tmp\one.png'
see-through  12.07 80 0
00:23.266  render           | Saved: 'C:\tmp\h21_harpy\h2_baseline\work\see-through-tmp\two.png'
00:23.391  render           | Saved: 'C:\tmp\h21_harpy\h2_baseline\work\see-through-tmp\one.png'
see-through  12.07 100 1
00:23.719  render           | Saved: 'C:\tmp\h21_harpy\h2_baseline\work\see-through-tmp\two.png'
00:23.938  render           | Saved: 'C:\tmp\h21_harpy\h2_baseline\work\see-through-tmp\one.png'
see-through  12.07 120 1
00:24.500  render           | Saved: 'C:\tmp\h21_harpy\h2_baseline\work\see-through-tmp\two.png'
00:24.688  render           | Saved: 'C:\tmp\h21_harpy\h2_baseline\work\see-through-tmp\one.png'
see-through  12.07 140 0
00:24.891  render           | Saved: 'C:\tmp\h21_harpy\h2_baseline\work\see-through-tmp\two.png'
00:25.078  render           | Saved: 'C:\tmp\h21_harpy\h2_baseline\work\see-through-tmp\one.png'
see-through  12.07 160 0
00:25.266  render           | Saved: 'C:\tmp\h21_harpy\h2_baseline\work\see-through-tmp\two.png'
00:25.453  render           | Saved: 'C:\tmp\h21_harpy\h2_baseline\work\see-through-tmp\one.png'
see-through  12.07 180 1
00:25.734  render           | Saved: 'C:\tmp\h21_harpy\h2_baseline\work\see-through-tmp\two.png'
00:25.891  render           | Saved: 'C:\tmp\h21_harpy\h2_baseline\work\see-through-tmp\one.png'
see-through  12.07 200 0
00:26.047  render           | Saved: 'C:\tmp\h21_harpy\h2_baseline\work\see-through-tmp\two.png'
00:26.188  render           | Saved: 'C:\tmp\h21_harpy\h2_baseline\work\see-through-tmp\one.png'
see-through  12.07 220 1
00:26.406  render           | Saved: 'C:\tmp\h21_harpy\h2_baseline\work\see-through-tmp\two.png'
00:26.531  render           | Saved: 'C:\tmp\h21_harpy\h2_baseline\work\see-through-tmp\one.png'
see-through  12.07 240 0
00:26.672  render           | Saved: 'C:\tmp\h21_harpy\h2_baseline\work\see-through-tmp\two.png'
00:26.813  render           | Saved: 'C:\tmp\h21_harpy\h2_baseline\work\see-through-tmp\one.png'
see-through  12.07 260 0
00:26.938  render           | Saved: 'C:\tmp\h21_harpy\h2_baseline\work\see-through-tmp\two.png'
00:27.078  render           | Saved: 'C:\tmp\h21_harpy\h2_baseline\work\see-through-tmp\one.png'
see-through  12.07 280 0
00:27.219  render           | Saved: 'C:\tmp\h21_harpy\h2_baseline\work\see-through-tmp\two.png'
00:27.344  render           | Saved: 'C:\tmp\h21_harpy\h2_baseline\work\see-through-tmp\one.png'
see-through  12.07 300 0
00:27.484  render           | Saved: 'C:\tmp\h21_harpy\h2_baseline\work\see-through-tmp\two.png'
00:27.625  render           | Saved: 'C:\tmp\h21_harpy\h2_baseline\work\see-through-tmp\one.png'
see-through  12.07 320 1
00:27.875  render           | Saved: 'C:\tmp\h21_harpy\h2_baseline\work\see-through-tmp\two.png'
00:28.016  render           | Saved: 'C:\tmp\h21_harpy\h2_baseline\work\see-through-tmp\one.png'
see-through  12.07 340 1
see-through gate {'azimuth_range_deg': [0, 360], 'distances_m': [3.86, 4.8, 7.5, 12.07], 'hole_min_px': 4, 'max_holes': 0, 'holes': 5, 'largest_component_px': 6, 'pass': False} strict {'azimuth_range_deg': [120, 240], 'distances_m': [4.8, 7.5], 'max_px': 0, 'worst_px': 4, 'pass': False}
H2_BAKE_STAGE_OK see-through 5 4
Blender 5.2.2 LTS (hash d13f752e3b9c built 2026-09-15 01:37:04)

Blender quit
