00:00.656  blend            | Read blend: "C:\Users\ren\WebstormProjects\unmached\unmached\art\pipeline-candidates\ASSET-HARPY-001\20260929-h2-bake\work\h2-candidate.blend"
00:04.594  render           | Saved: 'C:\Users\ren\WebstormProjects\unmached\unmached\art\pipeline-candidates\ASSET-HARPY-001\20260929-h2-bake\work\see-through-tmp\two.png'
00:04.781  render           | Saved: 'C:\Users\ren\WebstormProjects\unmached\unmached\art\pipeline-candidates\ASSET-HARPY-001\20260929-h2-bake\work\see-through-tmp\one.png'
see-through  3.86 0 0
00:04.953  render           | Saved: 'C:\Users\ren\WebstormProjects\unmached\unmached\art\pipeline-candidates\ASSET-HARPY-001\20260929-h2-bake\work\see-through-tmp\two.png'
00:05.094  render           | Saved: 'C:\Users\ren\WebstormProjects\unmached\unmached\art\pipeline-candidates\ASSET-HARPY-001\20260929-h2-bake\work\see-through-tmp\one.png'
see-through  3.86 20 0
00:05.250  render           | Saved: 'C:\Users\ren\WebstormProjects\unmached\unmached\art\pipeline-candidates\ASSET-HARPY-001\20260929-h2-bake\work\see-through-tmp\two.png'
00:05.375  render           | Saved: 'C:\Users\ren\WebstormProjects\unmached\unmached\art\pipeline-candidates\ASSET-HARPY-001\20260929-h2-bake\work\see-through-tmp\one.png'
see-through  3.86 40 0
00:05.531  render           | Saved: 'C:\Users\ren\WebstormProjects\unmached\unmached\art\pipeline-candidates\ASSET-HARPY-001\20260929-h2-bake\work\see-through-tmp\two.png'
00:05.656  render           | Saved: 'C:\Users\ren\WebstormProjects\unmached\unmached\art\pipeline-candidates\ASSET-HARPY-001\20260929-h2-bake\work\see-through-tmp\one.png'
see-through  3.86 60 0
00:05.828  render           | Saved: 'C:\Users\ren\WebstormProjects\unmached\unmached\art\pipeline-candidates\ASSET-HARPY-001\20260929-h2-bake\work\see-through-tmp\two.png'
00:05.969  render           | Saved: 'C:\Users\ren\WebstormProjects\unmached\unmached\art\pipeline-candidates\ASSET-HARPY-001\20260929-h2-bake\work\see-through-tmp\one.png'
see-through  3.86 80 0
00:06.125  render           | Saved: 'C:\Users\ren\WebstormProjects\unmached\unmached\art\pipeline-candidates\ASSET-HARPY-001\20260929-h2-bake\work\see-through-tmp\two.png'
00:06.297  render           | Saved: 'C:\Users\ren\WebstormProjects\unmached\unmached\art\pipeline-candidates\ASSET-HARPY-001\20260929-h2-bake\work\see-through-tmp\one.png'
see-through  3.86 100 0
00:06.469  render           | Saved: 'C:\Users\ren\WebstormProjects\unmached\unmached\art\pipeline-candidates\ASSET-HARPY-001\20260929-h2-bake\work\see-through-tmp\two.png'
00:06.609  render           | Saved: 'C:\Users\ren\WebstormProjects\unmached\unmached\art\pipeline-candidates\ASSET-HARPY-001\20260929-h2-bake\work\see-through-tmp\one.png'
see-through  3.86 120 0
00:06.766  render           | Saved: 'C:\Users\ren\WebstormProjects\unmached\unmached\art\pipeline-candidates\ASSET-HARPY-001\20260929-h2-bake\work\see-through-tmp\two.png'
00:06.906  render           | Saved: 'C:\Users\ren\WebstormProjects\unmached\unmached\art\pipeline-candidates\ASSET-HARPY-001\20260929-h2-bake\work\see-through-tmp\one.png'
see-through  3.86 140 0
00:07.094  render           | Saved: 'C:\Users\ren\WebstormProjects\unmached\unmached\art\pipeline-candidates\ASSET-HARPY-001\20260929-h2-bake\work\see-through-tmp\two.png'
00:07.234  render           | Saved: 'C:\Users\ren\WebstormProjects\unmached\unmached\art\pipeline-candidates\ASSET-HARPY-001\20260929-h2-bake\work\see-through-tmp\one.png'
see-through  3.86 160 0
00:07.375  render           | Saved: 'C:\Users\ren\WebstormProjects\unmached\unmached\art\pipeline-candidates\ASSET-HARPY-001\20260929-h2-bake\work\see-through-tmp\two.png'
00:07.531  render           | Saved: 'C:\Users\ren\WebstormProjects\unmached\unmached\art\pipeline-candidates\ASSET-HARPY-001\20260929-h2-bake\work\see-through-tmp\one.png'
see-through  3.86 180 0
00:07.719  render           | Saved: 'C:\Users\ren\WebstormProjects\unmached\unmached\art\pipeline-candidates\ASSET-HARPY-001\20260929-h2-bake\work\see-through-tmp\two.png'
00:08.000  render           | Saved: 'C:\Users\ren\WebstormProjects\unmached\unmached\art\pipeline-candidates\ASSET-HARPY-001\20260929-h2-bake\work\see-through-tmp\one.png'
see-through  3.86 200 0
00:08.297  render           | Saved: 'C:\Users\ren\WebstormProjects\unmached\unmached\art\pipeline-candidates\ASSET-HARPY-001\20260929-h2-bake\work\see-through-tmp\two.png'
00:08.484  render           | Saved: 'C:\Users\ren\WebstormProjects\unmached\unmached\art\pipeline-candidates\ASSET-HARPY-001\20260929-h2-bake\work\see-through-tmp\one.png'
see-through  3.86 220 0
00:08.656  render           | Saved: 'C:\Users\ren\WebstormProjects\unmached\unmached\art\pipeline-candidates\ASSET-HARPY-001\20260929-h2-bake\work\see-through-tmp\two.png'
00:08.813  render           | Saved: 'C:\Users\ren\WebstormProjects\unmached\unmached\art\pipeline-candidates\ASSET-HARPY-001\20260929-h2-bake\work\see-through-tmp\one.png'
see-through  3.86 240 0
00:09.000  render           | Saved: 'C:\Users\ren\WebstormProjects\unmached\unmached\art\pipeline-candidates\ASSET-HARPY-001\20260929-h2-bake\work\see-through-tmp\two.png'
00:09.156  render           | Saved: 'C:\Users\ren\WebstormProjects\unmached\unmached\art\pipeline-candidates\ASSET-HARPY-001\20260929-h2-bake\work\see-through-tmp\one.png'
see-through  3.86 260 0
00:09.328  render           | Saved: 'C:\Users\ren\WebstormProjects\unmached\unmached\art\pipeline-candidates\ASSET-HARPY-001\20260929-h2-bake\work\see-through-tmp\two.png'
00:09.484  render           | Saved: 'C:\Users\ren\WebstormProjects\unmached\unmached\art\pipeline-candidates\ASSET-HARPY-001\20260929-h2-bake\work\see-through-tmp\one.png'
see-through  3.86 280 0
00:09.656  render           | Saved: 'C:\Users\ren\WebstormProjects\unmached\unmached\art\pipeline-candidates\ASSET-HARPY-001\20260929-h2-bake\work\see-through-tmp\two.png'
00:09.797  render           | Saved: 'C:\Users\ren\WebstormProjects\unmached\unmached\art\pipeline-candidates\ASSET-HARPY-001\20260929-h2-bake\work\see-through-tmp\one.png'
see-through  3.86 300 0
00:09.938  render           | Saved: 'C:\Users\ren\WebstormProjects\unmached\unmached\art\pipeline-candidates\ASSET-HARPY-001\20260929-h2-bake\work\see-through-tmp\two.png'
00:10.109  render           | Saved: 'C:\Users\ren\WebstormProjects\unmached\unmached\art\pipeline-candidates\ASSET-HARPY-001\20260929-h2-bake\work\see-through-tmp\one.png'
see-through  3.86 320 0
00:10.250  render           | Saved: 'C:\Users\ren\WebstormProjects\unmached\unmached\art\pipeline-candidates\ASSET-HARPY-001\20260929-h2-bake\work\see-through-tmp\two.png'
00:10.391  render           | Saved: 'C:\Users\ren\WebstormProjects\unmached\unmached\art\pipeline-candidates\ASSET-HARPY-001\20260929-h2-bake\work\see-through-tmp\one.png'
see-through  3.86 340 0
00:10.531  render           | Saved: 'C:\Users\ren\WebstormProjects\unmached\unmached\art\pipeline-candidates\ASSET-HARPY-001\20260929-h2-bake\work\see-through-tmp\two.png'
00:10.672  render           | Saved: 'C:\Users\ren\WebstormProjects\unmached\unmached\art\pipeline-candidates\ASSET-HARPY-001\20260929-h2-bake\work\see-through-tmp\one.png'
see-through  4.8 0 0
00:10.828  render           | Saved: 'C:\Users\ren\WebstormProjects\unmached\unmached\art\pipeline-candidates\ASSET-HARPY-001\20260929-h2-bake\work\see-through-tmp\two.png'
00:10.984  render           | Saved: 'C:\Users\ren\WebstormProjects\unmached\unmached\art\pipeline-candidates\ASSET-HARPY-001\20260929-h2-bake\work\see-through-tmp\one.png'
see-through  4.8 20 0
00:11.125  render           | Saved: 'C:\Users\ren\WebstormProjects\unmached\unmached\art\pipeline-candidates\ASSET-HARPY-001\20260929-h2-bake\work\see-through-tmp\two.png'
00:11.281  render           | Saved: 'C:\Users\ren\WebstormProjects\unmached\unmached\art\pipeline-candidates\ASSET-HARPY-001\20260929-h2-bake\work\see-through-tmp\one.png'
see-through  4.8 40 0
00:11.406  render           | Saved: 'C:\Users\ren\WebstormProjects\unmached\unmached\art\pipeline-candidates\ASSET-HARPY-001\20260929-h2-bake\work\see-through-tmp\two.png'
00:11.531  render           | Saved: 'C:\Users\ren\WebstormProjects\unmached\unmached\art\pipeline-candidates\ASSET-HARPY-001\20260929-h2-bake\work\see-through-tmp\one.png'
see-through  4.8 60 0
00:11.672  render           | Saved: 'C:\Users\ren\WebstormProjects\unmached\unmached\art\pipeline-candidates\ASSET-HARPY-001\20260929-h2-bake\work\see-through-tmp\two.png'
00:11.797  render           | Saved: 'C:\Users\ren\WebstormProjects\unmached\unmached\art\pipeline-candidates\ASSET-HARPY-001\20260929-h2-bake\work\see-through-tmp\one.png'
see-through  4.8 80 0
00:11.953  render           | Saved: 'C:\Users\ren\WebstormProjects\unmached\unmached\art\pipeline-candidates\ASSET-HARPY-001\20260929-h2-bake\work\see-through-tmp\two.png'
00:12.094  render           | Saved: 'C:\Users\ren\WebstormProjects\unmached\unmached\art\pipeline-candidates\ASSET-HARPY-001\20260929-h2-bake\work\see-through-tmp\one.png'
see-through  4.8 100 0
00:12.234  render           | Saved: 'C:\Users\ren\WebstormProjects\unmached\unmached\art\pipeline-candidates\ASSET-HARPY-001\20260929-h2-bake\work\see-through-tmp\two.png'
00:12.359  render           | Saved: 'C:\Users\ren\WebstormProjects\unmached\unmached\art\pipeline-candidates\ASSET-HARPY-001\20260929-h2-bake\work\see-through-tmp\one.png'
see-through  4.8 120 0
00:12.516  render           | Saved: 'C:\Users\ren\WebstormProjects\unmached\unmached\art\pipeline-candidates\ASSET-HARPY-001\20260929-h2-bake\work\see-through-tmp\two.png'
00:12.641  render           | Saved: 'C:\Users\ren\WebstormProjects\unmached\unmached\art\pipeline-candidates\ASSET-HARPY-001\20260929-h2-bake\work\see-through-tmp\one.png'
see-through  4.8 140 0
00:12.781  render           | Saved: 'C:\Users\ren\WebstormProjects\unmached\unmached\art\pipeline-candidates\ASSET-HARPY-001\20260929-h2-bake\work\see-through-tmp\two.png'
00:12.922  render           | Saved: 'C:\Users\ren\WebstormProjects\unmached\unmached\art\pipeline-candidates\ASSET-HARPY-001\20260929-h2-bake\work\see-through-tmp\one.png'
see-through  4.8 160 0
00:13.078  render           | Saved: 'C:\Users\ren\WebstormProjects\unmached\unmached\art\pipeline-candidates\ASSET-HARPY-001\20260929-h2-bake\work\see-through-tmp\two.png'
00:13.203  render           | Saved: 'C:\Users\ren\WebstormProjects\unmached\unmached\art\pipeline-candidates\ASSET-HARPY-001\20260929-h2-bake\work\see-through-tmp\one.png'
see-through  4.8 180 0
00:13.328  render           | Saved: 'C:\Users\ren\WebstormProjects\unmached\unmached\art\pipeline-candidates\ASSET-HARPY-001\20260929-h2-bake\work\see-through-tmp\two.png'
00:13.484  render           | Saved: 'C:\Users\ren\WebstormProjects\unmached\unmached\art\pipeline-candidates\ASSET-HARPY-001\20260929-h2-bake\work\see-through-tmp\one.png'
see-through  4.8 200 0
00:13.641  render           | Saved: 'C:\Users\ren\WebstormProjects\unmached\unmached\art\pipeline-candidates\ASSET-HARPY-001\20260929-h2-bake\work\see-through-tmp\two.png'
00:13.797  render           | Saved: 'C:\Users\ren\WebstormProjects\unmached\unmached\art\pipeline-candidates\ASSET-HARPY-001\20260929-h2-bake\work\see-through-tmp\one.png'
see-through  4.8 220 0
00:13.953  render           | Saved: 'C:\Users\ren\WebstormProjects\unmached\unmached\art\pipeline-candidates\ASSET-HARPY-001\20260929-h2-bake\work\see-through-tmp\two.png'
00:14.094  render           | Saved: 'C:\Users\ren\WebstormProjects\unmached\unmached\art\pipeline-candidates\ASSET-HARPY-001\20260929-h2-bake\work\see-through-tmp\one.png'
see-through  4.8 240 0
00:14.250  render           | Saved: 'C:\Users\ren\WebstormProjects\unmached\unmached\art\pipeline-candidates\ASSET-HARPY-001\20260929-h2-bake\work\see-through-tmp\two.png'
00:14.391  render           | Saved: 'C:\Users\ren\WebstormProjects\unmached\unmached\art\pipeline-candidates\ASSET-HARPY-001\20260929-h2-bake\work\see-through-tmp\one.png'
see-through  4.8 260 0
00:14.547  render           | Saved: 'C:\Users\ren\WebstormProjects\unmached\unmached\art\pipeline-candidates\ASSET-HARPY-001\20260929-h2-bake\work\see-through-tmp\two.png'
00:14.688  render           | Saved: 'C:\Users\ren\WebstormProjects\unmached\unmached\art\pipeline-candidates\ASSET-HARPY-001\20260929-h2-bake\work\see-through-tmp\one.png'
see-through  4.8 280 0
00:14.859  render           | Saved: 'C:\Users\ren\WebstormProjects\unmached\unmached\art\pipeline-candidates\ASSET-HARPY-001\20260929-h2-bake\work\see-through-tmp\two.png'
00:15.016  render           | Saved: 'C:\Users\ren\WebstormProjects\unmached\unmached\art\pipeline-candidates\ASSET-HARPY-001\20260929-h2-bake\work\see-through-tmp\one.png'
see-through  4.8 300 0
00:15.172  render           | Saved: 'C:\Users\ren\WebstormProjects\unmached\unmached\art\pipeline-candidates\ASSET-HARPY-001\20260929-h2-bake\work\see-through-tmp\two.png'
00:15.313  render           | Saved: 'C:\Users\ren\WebstormProjects\unmached\unmached\art\pipeline-candidates\ASSET-HARPY-001\20260929-h2-bake\work\see-through-tmp\one.png'
see-through  4.8 320 0
00:15.469  render           | Saved: 'C:\Users\ren\WebstormProjects\unmached\unmached\art\pipeline-candidates\ASSET-HARPY-001\20260929-h2-bake\work\see-through-tmp\two.png'
00:15.609  render           | Saved: 'C:\Users\ren\WebstormProjects\unmached\unmached\art\pipeline-candidates\ASSET-HARPY-001\20260929-h2-bake\work\see-through-tmp\one.png'
see-through  4.8 340 0
00:15.750  render           | Saved: 'C:\Users\ren\WebstormProjects\unmached\unmached\art\pipeline-candidates\ASSET-HARPY-001\20260929-h2-bake\work\see-through-tmp\two.png'
00:15.891  render           | Saved: 'C:\Users\ren\WebstormProjects\unmached\unmached\art\pipeline-candidates\ASSET-HARPY-001\20260929-h2-bake\work\see-through-tmp\one.png'
see-through  7.5 0 0
00:16.047  render           | Saved: 'C:\Users\ren\WebstormProjects\unmached\unmached\art\pipeline-candidates\ASSET-HARPY-001\20260929-h2-bake\work\see-through-tmp\two.png'
00:16.172  render           | Saved: 'C:\Users\ren\WebstormProjects\unmached\unmached\art\pipeline-candidates\ASSET-HARPY-001\20260929-h2-bake\work\see-through-tmp\one.png'
see-through  7.5 20 0
00:16.313  render           | Saved: 'C:\Users\ren\WebstormProjects\unmached\unmached\art\pipeline-candidates\ASSET-HARPY-001\20260929-h2-bake\work\see-through-tmp\two.png'
00:16.453  render           | Saved: 'C:\Users\ren\WebstormProjects\unmached\unmached\art\pipeline-candidates\ASSET-HARPY-001\20260929-h2-bake\work\see-through-tmp\one.png'
see-through  7.5 40 0
00:16.578  render           | Saved: 'C:\Users\ren\WebstormProjects\unmached\unmached\art\pipeline-candidates\ASSET-HARPY-001\20260929-h2-bake\work\see-through-tmp\two.png'
00:16.703  render           | Saved: 'C:\Users\ren\WebstormProjects\unmached\unmached\art\pipeline-candidates\ASSET-HARPY-001\20260929-h2-bake\work\see-through-tmp\one.png'
see-through  7.5 60 0
00:16.844  render           | Saved: 'C:\Users\ren\WebstormProjects\unmached\unmached\art\pipeline-candidates\ASSET-HARPY-001\20260929-h2-bake\work\see-through-tmp\two.png'
00:16.969  render           | Saved: 'C:\Users\ren\WebstormProjects\unmached\unmached\art\pipeline-candidates\ASSET-HARPY-001\20260929-h2-bake\work\see-through-tmp\one.png'
see-through  7.5 80 0
00:17.125  render           | Saved: 'C:\Users\ren\WebstormProjects\unmached\unmached\art\pipeline-candidates\ASSET-HARPY-001\20260929-h2-bake\work\see-through-tmp\two.png'
00:17.266  render           | Saved: 'C:\Users\ren\WebstormProjects\unmached\unmached\art\pipeline-candidates\ASSET-HARPY-001\20260929-h2-bake\work\see-through-tmp\one.png'
see-through  7.5 100 0
00:17.406  render           | Saved: 'C:\Users\ren\WebstormProjects\unmached\unmached\art\pipeline-candidates\ASSET-HARPY-001\20260929-h2-bake\work\see-through-tmp\two.png'
00:17.547  render           | Saved: 'C:\Users\ren\WebstormProjects\unmached\unmached\art\pipeline-candidates\ASSET-HARPY-001\20260929-h2-bake\work\see-through-tmp\one.png'
see-through  7.5 120 0
00:17.688  render           | Saved: 'C:\Users\ren\WebstormProjects\unmached\unmached\art\pipeline-candidates\ASSET-HARPY-001\20260929-h2-bake\work\see-through-tmp\two.png'
00:17.828  render           | Saved: 'C:\Users\ren\WebstormProjects\unmached\unmached\art\pipeline-candidates\ASSET-HARPY-001\20260929-h2-bake\work\see-through-tmp\one.png'
see-through  7.5 140 0
00:17.969  render           | Saved: 'C:\Users\ren\WebstormProjects\unmached\unmached\art\pipeline-candidates\ASSET-HARPY-001\20260929-h2-bake\work\see-through-tmp\two.png'
00:18.109  render           | Saved: 'C:\Users\ren\WebstormProjects\unmached\unmached\art\pipeline-candidates\ASSET-HARPY-001\20260929-h2-bake\work\see-through-tmp\one.png'
see-through  7.5 160 0
00:18.250  render           | Saved: 'C:\Users\ren\WebstormProjects\unmached\unmached\art\pipeline-candidates\ASSET-HARPY-001\20260929-h2-bake\work\see-through-tmp\two.png'
00:18.375  render           | Saved: 'C:\Users\ren\WebstormProjects\unmached\unmached\art\pipeline-candidates\ASSET-HARPY-001\20260929-h2-bake\work\see-through-tmp\one.png'
see-through  7.5 180 0
00:18.516  render           | Saved: 'C:\Users\ren\WebstormProjects\unmached\unmached\art\pipeline-candidates\ASSET-HARPY-001\20260929-h2-bake\work\see-through-tmp\two.png'
00:18.641  render           | Saved: 'C:\Users\ren\WebstormProjects\unmached\unmached\art\pipeline-candidates\ASSET-HARPY-001\20260929-h2-bake\work\see-through-tmp\one.png'
see-through  7.5 200 0
00:18.781  render           | Saved: 'C:\Users\ren\WebstormProjects\unmached\unmached\art\pipeline-candidates\ASSET-HARPY-001\20260929-h2-bake\work\see-through-tmp\two.png'
00:18.906  render           | Saved: 'C:\Users\ren\WebstormProjects\unmached\unmached\art\pipeline-candidates\ASSET-HARPY-001\20260929-h2-bake\work\see-through-tmp\one.png'
see-through  7.5 220 0
00:19.031  render           | Saved: 'C:\Users\ren\WebstormProjects\unmached\unmached\art\pipeline-candidates\ASSET-HARPY-001\20260929-h2-bake\work\see-through-tmp\two.png'
00:19.172  render           | Saved: 'C:\Users\ren\WebstormProjects\unmached\unmached\art\pipeline-candidates\ASSET-HARPY-001\20260929-h2-bake\work\see-through-tmp\one.png'
see-through  7.5 240 0
00:19.297  render           | Saved: 'C:\Users\ren\WebstormProjects\unmached\unmached\art\pipeline-candidates\ASSET-HARPY-001\20260929-h2-bake\work\see-through-tmp\two.png'
00:19.422  render           | Saved: 'C:\Users\ren\WebstormProjects\unmached\unmached\art\pipeline-candidates\ASSET-HARPY-001\20260929-h2-bake\work\see-through-tmp\one.png'
see-through  7.5 260 0
00:19.563  render           | Saved: 'C:\Users\ren\WebstormProjects\unmached\unmached\art\pipeline-candidates\ASSET-HARPY-001\20260929-h2-bake\work\see-through-tmp\two.png'
00:19.672  render           | Saved: 'C:\Users\ren\WebstormProjects\unmached\unmached\art\pipeline-candidates\ASSET-HARPY-001\20260929-h2-bake\work\see-through-tmp\one.png'
see-through  7.5 280 0
00:19.797  render           | Saved: 'C:\Users\ren\WebstormProjects\unmached\unmached\art\pipeline-candidates\ASSET-HARPY-001\20260929-h2-bake\work\see-through-tmp\two.png'
00:19.922  render           | Saved: 'C:\Users\ren\WebstormProjects\unmached\unmached\art\pipeline-candidates\ASSET-HARPY-001\20260929-h2-bake\work\see-through-tmp\one.png'
see-through  7.5 300 0
00:20.063  render           | Saved: 'C:\Users\ren\WebstormProjects\unmached\unmached\art\pipeline-candidates\ASSET-HARPY-001\20260929-h2-bake\work\see-through-tmp\two.png'
00:20.172  render           | Saved: 'C:\Users\ren\WebstormProjects\unmached\unmached\art\pipeline-candidates\ASSET-HARPY-001\20260929-h2-bake\work\see-through-tmp\one.png'
see-through  7.5 320 0
00:20.297  render           | Saved: 'C:\Users\ren\WebstormProjects\unmached\unmached\art\pipeline-candidates\ASSET-HARPY-001\20260929-h2-bake\work\see-through-tmp\two.png'
00:20.422  render           | Saved: 'C:\Users\ren\WebstormProjects\unmached\unmached\art\pipeline-candidates\ASSET-HARPY-001\20260929-h2-bake\work\see-through-tmp\one.png'
see-through  7.5 340 0
00:20.578  render           | Saved: 'C:\Users\ren\WebstormProjects\unmached\unmached\art\pipeline-candidates\ASSET-HARPY-001\20260929-h2-bake\work\see-through-tmp\two.png'
00:20.703  render           | Saved: 'C:\Users\ren\WebstormProjects\unmached\unmached\art\pipeline-candidates\ASSET-HARPY-001\20260929-h2-bake\work\see-through-tmp\one.png'
see-through  12.07 0 0
00:20.859  render           | Saved: 'C:\Users\ren\WebstormProjects\unmached\unmached\art\pipeline-candidates\ASSET-HARPY-001\20260929-h2-bake\work\see-through-tmp\two.png'
00:21.000  render           | Saved: 'C:\Users\ren\WebstormProjects\unmached\unmached\art\pipeline-candidates\ASSET-HARPY-001\20260929-h2-bake\work\see-through-tmp\one.png'
see-through  12.07 20 0
00:21.125  render           | Saved: 'C:\Users\ren\WebstormProjects\unmached\unmached\art\pipeline-candidates\ASSET-HARPY-001\20260929-h2-bake\work\see-through-tmp\two.png'
00:21.250  render           | Saved: 'C:\Users\ren\WebstormProjects\unmached\unmached\art\pipeline-candidates\ASSET-HARPY-001\20260929-h2-bake\work\see-through-tmp\one.png'
see-through  12.07 40 0
00:21.406  render           | Saved: 'C:\Users\ren\WebstormProjects\unmached\unmached\art\pipeline-candidates\ASSET-HARPY-001\20260929-h2-bake\work\see-through-tmp\two.png'
00:21.547  render           | Saved: 'C:\Users\ren\WebstormProjects\unmached\unmached\art\pipeline-candidates\ASSET-HARPY-001\20260929-h2-bake\work\see-through-tmp\one.png'
see-through  12.07 60 0
00:21.703  render           | Saved: 'C:\Users\ren\WebstormProjects\unmached\unmached\art\pipeline-candidates\ASSET-HARPY-001\20260929-h2-bake\work\see-through-tmp\two.png'
00:21.828  render           | Saved: 'C:\Users\ren\WebstormProjects\unmached\unmached\art\pipeline-candidates\ASSET-HARPY-001\20260929-h2-bake\work\see-through-tmp\one.png'
see-through  12.07 80 0
00:21.953  render           | Saved: 'C:\Users\ren\WebstormProjects\unmached\unmached\art\pipeline-candidates\ASSET-HARPY-001\20260929-h2-bake\work\see-through-tmp\two.png'
00:22.094  render           | Saved: 'C:\Users\ren\WebstormProjects\unmached\unmached\art\pipeline-candidates\ASSET-HARPY-001\20260929-h2-bake\work\see-through-tmp\one.png'
see-through  12.07 100 0
00:22.219  render           | Saved: 'C:\Users\ren\WebstormProjects\unmached\unmached\art\pipeline-candidates\ASSET-HARPY-001\20260929-h2-bake\work\see-through-tmp\two.png'
00:22.344  render           | Saved: 'C:\Users\ren\WebstormProjects\unmached\unmached\art\pipeline-candidates\ASSET-HARPY-001\20260929-h2-bake\work\see-through-tmp\one.png'
see-through  12.07 120 0
00:22.469  render           | Saved: 'C:\Users\ren\WebstormProjects\unmached\unmached\art\pipeline-candidates\ASSET-HARPY-001\20260929-h2-bake\work\see-through-tmp\two.png'
00:22.594  render           | Saved: 'C:\Users\ren\WebstormProjects\unmached\unmached\art\pipeline-candidates\ASSET-HARPY-001\20260929-h2-bake\work\see-through-tmp\one.png'
see-through  12.07 140 0
00:22.719  render           | Saved: 'C:\Users\ren\WebstormProjects\unmached\unmached\art\pipeline-candidates\ASSET-HARPY-001\20260929-h2-bake\work\see-through-tmp\two.png'
00:22.859  render           | Saved: 'C:\Users\ren\WebstormProjects\unmached\unmached\art\pipeline-candidates\ASSET-HARPY-001\20260929-h2-bake\work\see-through-tmp\one.png'
see-through  12.07 160 0
00:22.969  render           | Saved: 'C:\Users\ren\WebstormProjects\unmached\unmached\art\pipeline-candidates\ASSET-HARPY-001\20260929-h2-bake\work\see-through-tmp\two.png'
00:23.094  render           | Saved: 'C:\Users\ren\WebstormProjects\unmached\unmached\art\pipeline-candidates\ASSET-HARPY-001\20260929-h2-bake\work\see-through-tmp\one.png'
see-through  12.07 180 0
00:23.234  render           | Saved: 'C:\Users\ren\WebstormProjects\unmached\unmached\art\pipeline-candidates\ASSET-HARPY-001\20260929-h2-bake\work\see-through-tmp\two.png'
00:23.375  render           | Saved: 'C:\Users\ren\WebstormProjects\unmached\unmached\art\pipeline-candidates\ASSET-HARPY-001\20260929-h2-bake\work\see-through-tmp\one.png'
see-through  12.07 200 0
00:23.531  render           | Saved: 'C:\Users\ren\WebstormProjects\unmached\unmached\art\pipeline-candidates\ASSET-HARPY-001\20260929-h2-bake\work\see-through-tmp\two.png'
00:23.672  render           | Saved: 'C:\Users\ren\WebstormProjects\unmached\unmached\art\pipeline-candidates\ASSET-HARPY-001\20260929-h2-bake\work\see-through-tmp\one.png'
see-through  12.07 220 0
00:23.813  render           | Saved: 'C:\Users\ren\WebstormProjects\unmached\unmached\art\pipeline-candidates\ASSET-HARPY-001\20260929-h2-bake\work\see-through-tmp\two.png'
00:23.953  render           | Saved: 'C:\Users\ren\WebstormProjects\unmached\unmached\art\pipeline-candidates\ASSET-HARPY-001\20260929-h2-bake\work\see-through-tmp\one.png'
see-through  12.07 240 0
00:24.109  render           | Saved: 'C:\Users\ren\WebstormProjects\unmached\unmached\art\pipeline-candidates\ASSET-HARPY-001\20260929-h2-bake\work\see-through-tmp\two.png'
00:24.281  render           | Saved: 'C:\Users\ren\WebstormProjects\unmached\unmached\art\pipeline-candidates\ASSET-HARPY-001\20260929-h2-bake\work\see-through-tmp\one.png'
see-through  12.07 260 0
00:24.422  render           | Saved: 'C:\Users\ren\WebstormProjects\unmached\unmached\art\pipeline-candidates\ASSET-HARPY-001\20260929-h2-bake\work\see-through-tmp\two.png'
00:24.547  render           | Saved: 'C:\Users\ren\WebstormProjects\unmached\unmached\art\pipeline-candidates\ASSET-HARPY-001\20260929-h2-bake\work\see-through-tmp\one.png'
see-through  12.07 280 0
00:24.688  render           | Saved: 'C:\Users\ren\WebstormProjects\unmached\unmached\art\pipeline-candidates\ASSET-HARPY-001\20260929-h2-bake\work\see-through-tmp\two.png'
00:24.875  render           | Saved: 'C:\Users\ren\WebstormProjects\unmached\unmached\art\pipeline-candidates\ASSET-HARPY-001\20260929-h2-bake\work\see-through-tmp\one.png'
see-through  12.07 300 0
00:25.031  render           | Saved: 'C:\Users\ren\WebstormProjects\unmached\unmached\art\pipeline-candidates\ASSET-HARPY-001\20260929-h2-bake\work\see-through-tmp\two.png'
00:25.156  render           | Saved: 'C:\Users\ren\WebstormProjects\unmached\unmached\art\pipeline-candidates\ASSET-HARPY-001\20260929-h2-bake\work\see-through-tmp\one.png'
see-through  12.07 320 0
00:25.281  render           | Saved: 'C:\Users\ren\WebstormProjects\unmached\unmached\art\pipeline-candidates\ASSET-HARPY-001\20260929-h2-bake\work\see-through-tmp\two.png'
00:25.406  render           | Saved: 'C:\Users\ren\WebstormProjects\unmached\unmached\art\pipeline-candidates\ASSET-HARPY-001\20260929-h2-bake\work\see-through-tmp\one.png'
see-through  12.07 340 0
see-through gate {'azimuth_range_deg': [0, 360], 'distances_m': [3.86, 4.8, 7.5, 12.07], 'hole_min_px': 4, 'max_holes': 0, 'holes': 0, 'largest_component_px': 0, 'pass': True} strict {'azimuth_range_deg': [120, 240], 'distances_m': [4.8, 7.5], 'max_px': 0, 'worst_px': 0, 'pass': True}
H2_BAKE_STAGE_OK see-through 0 0
Blender 5.2.2 LTS (hash d13f752e3b9c built 2026-09-15 01:37:04)

Blender quit
