2026.09.29-14.28.51 --- S08 trace open 2026.09.29-14.28.51 ---
2026.09.29-14.28.51 HUD team chips ready=1 mode=absolute tagNames=rule
2026.09.29-14.28.51 HUD icon texture size=32 ready=1 path=/Game/ArtTests/ARTMarkers/Textures/T_UI_Action_AttackToken_32 texture=32x32 probe=0 plate=1
2026.09.29-14.28.51 HUD art widget tag impl=umg source=/Game/S08/UI/ArtHud/WBP_S08ArtTag class=/Game/S08/UI/ArtHud/WBP_S08ArtTag.WBP_S08ArtTag_C count=8 missing=- codeDefaultTree=0
2026.09.29-14.28.51 HUD art widget plate impl=umg source=/Game/S08/UI/ArtHud/WBP_S08ArtPlate class=/Game/S08/UI/ArtHud/WBP_S08ArtPlate.WBP_S08ArtPlate_C parts=1 missing=- codeDefaultTree=0
2026.09.29-14.28.51 HUD art widget icon impl=umg source=/Game/S08/UI/ArtHud/WBP_S08ArtIcon class=/Game/S08/UI/ArtHud/WBP_S08ArtIcon.WBP_S08ArtIcon_C parts=1 missing=- codeDefaultTree=0
2026.09.29-14.28.51 HUD art widget damage impl=umg source=/Game/S08/UI/ArtHud/WBP_S08ArtDamage class=/Game/S08/UI/ArtHud/WBP_S08ArtDamage.WBP_S08ArtDamage_C parts=1 missing=- codeDefaultTree=0
2026.09.29-14.28.51 RENDER preset applied=High flag=S08RenderPreset
2026.09.29-14.28.51 LOGIN ok user=art-preview-joiner
2026.09.29-14.28.54 HEROES loaded 84
2026.09.29-14.28.54 CODE resolved -> cmumrux95008jwivcc2j6ph5o
2026.09.29-14.28.54 joinGame -> room=cmumrux95008jwivcc2j6ph5o code=<redacted> status=LOBBY
2026.09.29-14.28.56 PERF config tMaxFPS=30.0 frameRateLimit=60.0 vsync=0 smoothFrameRate=0 fixedFrameRate=0 rhi=D3D12
2026.09.29-14.28.56 RENDER tag=PERF rhi=D3D12 featureLevel=SM6 shaderPlatform=PCD3D_SM6 lumenPlatform=1 gi=lumen giMethod=1 refl=lumen reflMethod=1 shadows=csm vsmEnable=0 sg.res=100 sg.view=2 sg.aa=2 sg.shadow=2 sg.gi=2 sg.refl=2 sg.pp=2 sg.tex=2 sg.fx=2 sg.foliage=2 sg.shading=2 sg.landscape=2 preset=High screenPct=100.0 screenPctMode=0 aa=TSR aaMethod=4 exposure=engine-default expMin=1.00000 expMax=1.00000 expBias=1.000 ev100=0.00 lightUnits=- sky=0 skyIntensity=0.000 keyShadow=- shadowCasters=0 profile=- profilesSha256=- profilesSource=- legacyRender=0 gameLayer=unlit-eyeadaptinv tMaxFPS=30.0 vsync=0 frameRateLimit=60.0 substrate=0 nanite=1 meshDF=1 viewport=1920x1080 reference=0 notReference=noArtProfile,exposure,lightUnits,profilesSource
2026.09.29-14.28.56 PERF window t=0.0-5.0 frames=151 fps=29.97 frameMs avg=33.37 p50=33.33 p95=33.33 p99=33.53 max=38.56 hitches50=0 gpuMs avg=1.20 p50=1.27 p95=1.40 gameMs avg=1.84 p95=2.51 renderMs avg=2849.93 p95=4.74
2026.09.29-14.28.57 game -> room=cmumrux95008jwivcc2j6ph5o code=<redacted> status=LOBBY
2026.09.29-14.28.57 selectHero -> room=cmumrux95008jwivcc2j6ph5o code=<redacted> status=LOBBY
2026.09.29-14.29.00 game -> room=cmumrux95008jwivcc2j6ph5o code=<redacted> status=LOBBY
2026.09.29-14.29.00 toggleReady -> room=cmumrux95008jwivcc2j6ph5o code=<redacted> status=LOBBY
2026.09.29-14.29.01 PERF window t=5.0-10.0 frames=150 fps=30.00 frameMs avg=33.33 p50=33.33 p95=33.33 p99=33.34 max=33.34 hitches50=0 gpuMs avg=1.29 p50=1.28 p95=1.34 gameMs avg=1.71 p95=2.13 renderMs avg=3.47 p95=4.59
2026.09.29-14.29.03 game -> room=cmumrux95008jwivcc2j6ph5o code=<redacted> status=LOBBY
2026.09.29-14.29.06 PERF window t=10.0-15.0 frames=150 fps=29.98 frameMs avg=33.36 p50=33.33 p95=33.35 p99=33.69 max=36.10 hitches50=0 gpuMs avg=1.55 p50=1.28 p95=3.25 gameMs avg=1.79 p95=2.25 renderMs avg=3.80 p95=4.87
2026.09.29-14.29.06 game -> room=cmumrux95008jwivcc2j6ph5o code=<redacted> status=IN_PROGRESS
2026.09.29-14.29.06 WS DROPPED (test-initiated transport loss)
2026.09.29-14.29.06 WS closed (test drop) - reconnect in 1s
2026.09.29-14.29.06 SNAPSHOT applied seq=1 phase=ACTION_MANEUVER
2026.09.29-14.29.06 HANDLE_APPLIED #1 seq=1 decision=2 fightersValid=1 boardValid=1
2026.09.29-14.29.06 MODE seq=1 mode=0 combat=0 pending=0
2026.09.29-14.29.06 HUD seq=1 phase=ACTION_MANEUVER turn=opp hand=5 oppHand=5(hidden) oppDeck=25 deck=25 discard=0
2026.09.29-14.29.06 ARTPREVIEW board profiles loaded=1 revision=4 boards=3 zoneStyles=11 lightProfiles=3 errors=0 path=Config/ArtBoards/S08ArtBoardProfiles.json
2026.09.29-14.29.06 ARTPREVIEW board profiles source=pak sha256=c66a8d573d029f413e1a759d70e1ec2d1105fe836a7feabb6a3f07b09250b64b
2026.09.29-14.29.06 ARTPREVIEW zone content instances=12/12 glyphMeshes=11/11
2026.09.29-14.29.06 ARTPREVIEW zone keyline content mi=MI_ART005_Zone_Keyline glyphKeyMeshes=11/11 color=#111317
2026.09.29-14.29.06 ARTPREVIEW game layer material=M_S08_GameLayerUnlit unlitEyeAdaptInv=1 legacyRender=0
2026.09.29-14.29.06 ARTPREVIEW Cobble assets ready
2026.09.29-14.29.06 ARTPREVIEW board assets ready cobbleMesh=1 tiles=1 zoneMaterials=2
2026.09.29-14.29.06 ARTPREVIEW medusa candidate variant=face-neck-v2 mesh=SK_Medusa_FaceNeck_v2Candidate requested=face-neck-v2
2026.09.29-14.29.06 ARTPREVIEW board profile=cobble-city match=boardId board=5x6 boardId=cmuhgs4b2001mwik4f2b2xtf8 surface=cobble-5x6-mesh light=cobble-probe artFixture=0
2026.09.29-14.29.06 ARTPREVIEW light profile=cobble-probe name=key role=key kind=directional at=(-350,-150,600) intensity=4.5 units=lux radius=0 color=(1.00,1.00,1.00) shadow=1
2026.09.29-14.29.06 ARTPREVIEW light profile=cobble-probe name=warm role=warm kind=point at=(260,-300,250) intensity=85 units=candelas radius=450 color=(1.00,1.00,1.00) shadow=0
2026.09.29-14.29.06 ARTPREVIEW sky profile=cobble-probe cubemap=/Game/S08/Render/TC_S08_AmbientDome loaded=1 spawned=1 intensity=11.2 color=(1.00,1.00,1.00) lowerBlack=0
2026.09.29-14.29.06 ARTPREVIEW exposure profile=cobble-probe method=histogram-fixed min=2.46229 max=2.46229 bias=0.000 ev100=1.30 volume=1
2026.09.29-14.29.06 ARTPREVIEW lights applied profile=cobble-probe directional=1 shadow=1 points=1 pointShadows=0 budgetOk=1
2026.09.29-14.29.06 ARTPREVIEW render profile=cobble-probe units=candelas sky=1 exposure=1 keyShadow=csm-3000uu-2c-contact0.000 shadowCasters=1 legacyRender=0
2026.09.29-14.29.06 ARTPREVIEW Cobble probe lights key=4.5 fill=0 warm=85
2026.09.29-14.29.06 ARTPREVIEW board zone keylines pieces=60 glyphKeys=30 glyphKeyCubePieces=0 mi=MI_ART005_Zone_Keyline growUU=1.5 edgeUU=42.0 maxOuterUU=45.0
2026.09.29-14.29.06 ARTPREVIEW board glyph meshes instances=30 keys=2/2 cubePieces=0 anchors=30
2026.09.29-14.29.06 ARTPREVIEW Cobble active 5x6 zones=30 blue=15 red=15 blueMarks=15 redMarks=45
2026.09.29-14.29.06 ARTPREVIEW board active profile=cobble-city 5x6 surface=cobble-5x6-mesh cells=30 zoneCells=30 multizone=0 triple=0 obstacles=0 zoneKeys=2 strokes=60 glyphs=45 surfaceParts=0 glyphMaterial=zone expectOk=1
2026.09.29-14.29.06 ARTPREVIEW board zone key=blue cells=15 stroke=solid glyph=diamond color=#3B78D8 ismUsage=1 strokePieces=15 glyphPieces=15 mi=MI_ART005_Zone_Blue glyphMesh=SM_ART005_ZoneGlyph_Diamond glyphInstances=15 fallback=0
2026.09.29-14.29.06 ARTPREVIEW board zone key=red cells=15 stroke=dash3 glyph=bars2 color=#D8453B ismUsage=1 strokePieces=45 glyphPieces=30 mi=MI_ART005_Zone_Red glyphMesh=SM_ART005_ZoneGlyph_Bars2 glyphInstances=15 fallback=0
2026.09.29-14.29.06 ARTPREVIEW board multizone cells=0 zonesListed=0 zonesMarked=0
2026.09.29-14.29.06 CAMERA dist=1931 loc=(0,1107,1582) pitch=-55 yaw=-90
2026.09.29-14.29.06 CAMERA config overview=1930.8 nearest=300.0 farthest=2970.4 zoomRange=0.65-6.44 minDist=300.0 outRatio=0.650 step=1.250 animMs=200 returnMs=300 followFrom=1.20 source=defaults issues=0
2026.09.29-14.29.06 BOARD 5x6 cells | control points: (0,0)=(-200,-250,0) (4,5)=(200,250,0) | neighbor pair (dist 100 uu)
2026.09.29-14.29.06 ARTPREVIEW team mapping mode=absolute source=seatOrder viewerTeam=P2 p1=f-0-hero,f-0-sk0,f-0-sk1,f-0-sk2 p2=f-1-hero,f-1-sk0
2026.09.29-14.29.06 ARTPREVIEW medusa materials fighter=f-0-hero team=enemy mesh=SK_Medusa_FaceNeck_v2Candidate slots=2 mi=/Game/ArtPreview/Medusa/Materials/MI_Medusa_P1.MI_Medusa_P1 slot1=/Game/ArtPreview/Medusa/Materials/MI_Medusa_P1.MI_Medusa_P1 base=/Game/ArtPreview/Medusa/Materials/MI_Medusa_P1.MI_Medusa_P1 parent=/Game/ArtPreview/Medusa/Materials/M_Medusa_Atlas.M_Medusa_Atlas params=1 miSha256=82a4841cddb2a2412b85684e27e6076e0fb1f55fdffe60c830a10c2454cfd971 teamSlot=P1 look=P1 mode=absolute
2026.09.29-14.29.06 ARTPREVIEW click capsule fighter=f-0-hero mesh=SK_Medusa_FaceNeck_v2Candidate physicsAsset=0 radius=12.5 halfHeight=27.5 top=55.0 bodyCollision=0 source=meshBounds
2026.09.29-14.29.06 ARTPREVIEW fighter=Medusa hero=1 eligible=1 visual=1 mesh=SK_Medusa_FaceNeck_v2Candidate
2026.09.29-14.29.06 ARTPREVIEW team ring fighter=f-0-hero team=P1 look=P1 mode=absolute shape=circle shown=1 mesh=SM_Marker_TeamRing_P1 fill=#E8C06A keyline=#111317 fillLinear=(0.8070,0.5271,0.1441) zMin=0.60 zMax=1.20 scale=1.00 base=hidden blockout=0 art=1
2026.09.29-14.29.06 ARTPREVIEW click capsule fighter=f-0-sk0 mesh=SM_ART003_Harpy physicsAsset=0 radius=20.0 halfHeight=21.0 top=42.0 bodyCollision=0 source=meshBounds
2026.09.29-14.29.06 ARTPREVIEW team ring fighter=f-0-sk0 team=P1 look=P1 mode=absolute shape=circle shown=1 mesh=SM_Marker_TeamRing_P1 fill=#E8C06A keyline=#111317 fillLinear=(0.8070,0.5271,0.1441) zMin=0.60 zMax=1.20 scale=0.78 base=hidden blockout=1 art=0
2026.09.29-14.29.06 ARTPREVIEW click capsule fighter=f-0-sk1 mesh=SM_ART003_Harpy physicsAsset=0 radius=20.0 halfHeight=21.0 top=42.0 bodyCollision=0 source=meshBounds
2026.09.29-14.29.06 ARTPREVIEW team ring fighter=f-0-sk1 team=P1 look=P1 mode=absolute shape=circle shown=1 mesh=SM_Marker_TeamRing_P1 fill=#E8C06A keyline=#111317 fillLinear=(0.8070,0.5271,0.1441) zMin=0.60 zMax=1.20 scale=0.78 base=hidden blockout=1 art=0
2026.09.29-14.29.06 ARTPREVIEW click capsule fighter=f-0-sk2 mesh=SM_ART003_Harpy physicsAsset=0 radius=20.0 halfHeight=21.0 top=42.0 bodyCollision=0 source=meshBounds
2026.09.29-14.29.06 ARTPREVIEW team ring fighter=f-0-sk2 team=P1 look=P1 mode=absolute shape=circle shown=1 mesh=SM_Marker_TeamRing_P1 fill=#E8C06A keyline=#111317 fillLinear=(0.8070,0.5271,0.1441) zMin=0.60 zMax=1.20 scale=0.78 base=hidden blockout=1 art=0
2026.09.29-14.29.06 ARTPREVIEW click capsule fighter=f-1-hero mesh=SM_ART003_Arthur physicsAsset=0 radius=17.8 halfHeight=28.0 top=56.0 bodyCollision=0 source=meshBounds
2026.09.29-14.29.06 ARTPREVIEW team ring fighter=f-1-hero team=P2 look=P2 mode=absolute shape=hexagon shown=1 mesh=SM_Marker_TeamRing_P2 fill=#5A7F9F keyline=#111317 fillLinear=(0.1022,0.2122,0.3467) zMin=0.60 zMax=1.20 scale=1.00 base=hidden blockout=1 art=0
2026.09.29-14.29.06 ARTPREVIEW click capsule fighter=f-1-sk0 mesh=SM_ART003_Merlin physicsAsset=0 radius=14.7 halfHeight=30.8 top=61.5 bodyCollision=0 source=meshBounds
2026.09.29-14.29.06 ARTPREVIEW team ring fighter=f-1-sk0 team=P2 look=P2 mode=absolute shape=hexagon shown=1 mesh=SM_Marker_TeamRing_P2 fill=#5A7F9F keyline=#111317 fillLinear=(0.1022,0.2122,0.3467) zMin=0.60 zMax=1.20 scale=0.78 base=hidden blockout=1 art=0
2026.09.29-14.29.06 FIGHTERS synced n=6 alive=6 own=2 enemy=4
2026.09.29-14.29.06 STATE seq=1 -> apply
2026.09.29-14.29.06 WS closed 1000 (normal closure)
2026.09.29-14.29.06 HUD art layer plate=1 iconSize=32 iconTexture=1 iconProbe=0 plan=0
2026.09.29-14.29.06 HUD art impl=umg plateViews=umg:/Game/S08/UI/ArtHud/WBP_S08ArtPlate iconViews=umg:/Game/S08/UI/ArtHud/WBP_S08ArtIcon textTable=S08ArtHud entries=13 missingKeys=0
2026.09.29-14.29.06 TAG fighter=f-0-sk0 bbox=(500,110,591,151) mode=full look=P1 placement=above ring=0 hardPx2=0 softPx2=0 order=1 bound=1
2026.09.29-14.29.06 TAG fighter=f-1-sk0 bbox=(1332,542,1416,583) mode=full look=P2 placement=below ring=0 hardPx2=0 softPx2=0 order=0 bound=1
2026.09.29-14.29.06 ARTPREVIEW screen labels=1 (world TextRender labels and damage text hidden)
2026.09.29-14.29.06 TAG fighter=f-0-hero bbox=(909,389,1011,411) mode=compact look=P1 placement=inset ring=0 hardPx2=0 softPx2=0 order=1 bound=1
2026.09.29-14.29.06 TAG fighter=f-0-sk0 bbox=(1072,367,1163,408) mode=full look=P1 placement=above ring=0 hardPx2=0 softPx2=0 order=3 bound=1
2026.09.29-14.29.06 TAG fighter=f-0-sk1 bbox=(915,245,1006,286) mode=full look=P1 placement=above ring=0 hardPx2=0 softPx2=0 order=0 bound=1
2026.09.29-14.29.06 TAG fighter=f-0-sk2 bbox=(757,367,848,408) mode=full look=P1 placement=above ring=0 hardPx2=0 softPx2=0 order=2 bound=1
2026.09.29-14.29.06 TAG fighter=f-1-hero bbox=(908,645,1013,686) mode=full look=P2 placement=below ring=0 hardPx2=0 softPx2=0 order=4 bound=1
2026.09.29-14.29.06 TAG fighter=f-1-sk0 bbox=(1164,520,1248,561) mode=full look=P2 placement=right ring=0 hardPx2=0 softPx2=0 order=5 bound=1
2026.09.29-14.29.07 WS reconnect attempt
2026.09.29-14.29.07 SUBSCRIBED gameStateUpdated since=1
2026.09.29-14.29.07 WS reconnected - refetching gameState
2026.09.29-14.29.07 SNAPSHOT applied seq=1 phase=ACTION_MANEUVER
2026.09.29-14.29.07 HANDLE_APPLIED #2 seq=1 decision=1 fightersValid=1 boardValid=1
2026.09.29-14.29.07 MODE seq=1 mode=0 combat=0 pending=0
2026.09.29-14.29.07 HUD seq=1 phase=ACTION_MANEUVER turn=opp hand=5 oppHand=5(hidden) oppDeck=25 deck=25 discard=0
2026.09.29-14.29.07 ARTPREVIEW fighter=Medusa hero=1 eligible=1 visual=1 mesh=SK_Medusa_FaceNeck_v2Candidate
2026.09.29-14.29.07 FIGHTERS synced n=6 alive=6 own=2 enemy=4
2026.09.29-14.29.07 STATE seq=1 -> merge
2026.09.29-14.29.07 SNAPSHOT applied seq=1 phase=ACTION_MANEUVER
2026.09.29-14.29.07 HANDLE_APPLIED #3 seq=1 decision=1 fightersValid=1 boardValid=1
2026.09.29-14.29.07 MODE seq=1 mode=0 combat=0 pending=0
2026.09.29-14.29.07 HUD seq=1 phase=ACTION_MANEUVER turn=opp hand=5 oppHand=5(hidden) oppDeck=25 deck=25 discard=0
2026.09.29-14.29.07 ARTPREVIEW fighter=Medusa hero=1 eligible=1 visual=1 mesh=SK_Medusa_FaceNeck_v2Candidate
2026.09.29-14.29.07 FIGHTERS synced n=6 alive=6 own=2 enemy=4
2026.09.29-14.29.07 WS seq=1 phase=ACTION_MANEUVER (merge)
2026.09.29-14.29.07 TAG fighter=f-0-hero bbox=(909,389,1011,411) mode=compact look=P1 placement=inset ring=0 hardPx2=0 softPx2=0 order=1 bound=1
2026.09.29-14.29.07 TAG fighter=f-0-sk0 bbox=(1072,367,1163,408) mode=full look=P1 placement=above ring=0 hardPx2=0 softPx2=0 order=3 bound=1
2026.09.29-14.29.07 TAG fighter=f-0-sk1 bbox=(915,245,1006,286) mode=full look=P1 placement=above ring=0 hardPx2=0 softPx2=0 order=0 bound=1
2026.09.29-14.29.07 TAG fighter=f-0-sk2 bbox=(757,367,848,408) mode=full look=P1 placement=above ring=0 hardPx2=0 softPx2=0 order=2 bound=1
2026.09.29-14.29.07 TAG fighter=f-1-hero bbox=(908,645,1013,686) mode=full look=P2 placement=below ring=0 hardPx2=0 softPx2=0 order=4 bound=1
2026.09.29-14.29.07 TAG fighter=f-1-sk0 bbox=(1164,520,1248,561) mode=full look=P2 placement=right ring=0 hardPx2=0 softPx2=0 order=5 bound=1
2026.09.29-14.29.09 game -> room=cmumrux95008jwivcc2j6ph5o code=<redacted> status=IN_PROGRESS
2026.09.29-14.29.11 PERF window t=15.0-20.1 frames=148 fps=29.53 frameMs avg=33.86 p50=33.33 p95=33.35 p99=66.26 max=77.30 hitches50=2 gpuMs avg=1.84 p50=1.82 p95=1.99 gameMs avg=2.66 p95=3.21 renderMs avg=5.30 p95=5.77
2026.09.29-14.29.12 game -> room=cmumrux95008jwivcc2j6ph5o code=<redacted> status=IN_PROGRESS
2026.09.29-14.29.15 game -> room=cmumrux95008jwivcc2j6ph5o code=<redacted> status=IN_PROGRESS
2026.09.29-14.29.16 PERF window t=20.1-25.1 frames=150 fps=29.99 frameMs avg=33.35 p50=33.33 p95=33.33 p99=34.07 max=34.48 hitches50=0 gpuMs avg=1.82 p50=1.80 p95=1.97 gameMs avg=1.80 p95=2.19 renderMs avg=4.12 p95=5.42
2026.09.29-14.29.18 game -> room=cmumrux95008jwivcc2j6ph5o code=<redacted> status=IN_PROGRESS
2026.09.29-14.29.21 game -> room=cmumrux95008jwivcc2j6ph5o code=<redacted> status=IN_PROGRESS
2026.09.29-14.29.21 PERF window t=25.1-30.1 frames=151 fps=30.00 frameMs avg=33.33 p50=33.33 p95=33.33 p99=33.33 max=33.35 hitches50=0 gpuMs avg=1.79 p50=1.78 p95=1.94 gameMs avg=1.57 p95=1.92 renderMs avg=3.43 p95=4.38
2026.09.29-14.29.24 game -> room=cmumrux95008jwivcc2j6ph5o code=<redacted> status=IN_PROGRESS
2026.09.29-14.29.26 PERF window t=30.1-35.1 frames=151 fps=30.00 frameMs avg=33.33 p50=33.33 p95=33.33 p99=33.34 max=33.34 hitches50=0 gpuMs avg=1.84 p50=1.83 p95=1.97 gameMs avg=1.59 p95=1.98 renderMs avg=3.38 p95=4.23
2026.09.29-14.29.27 SHOT ctx viewport=1920x1080 viewTarget=CameraActor_2147482348 cam=(0,1107,1582) rot=(-55,-90,0)
2026.09.29-14.29.27 RENDER tag=SHOT rhi=D3D12 featureLevel=SM6 shaderPlatform=PCD3D_SM6 lumenPlatform=1 gi=lumen giMethod=1 refl=lumen reflMethod=1 shadows=csm vsmEnable=0 sg.res=100 sg.view=2 sg.aa=2 sg.shadow=2 sg.gi=2 sg.refl=2 sg.pp=2 sg.tex=2 sg.fx=2 sg.foliage=2 sg.shading=2 sg.landscape=2 preset=High screenPct=100.0 screenPctMode=0 aa=TSR aaMethod=4 exposure=fixed-histogram expMin=2.46229 expMax=2.46229 expBias=0.000 ev100=1.30 lightUnits=candelas sky=1 skyIntensity=11.200 keyShadow=csm-3000uu-2c-contact0.000 shadowCasters=1 profile=cobble-probe profilesSha256=c66a8d573d029f413e1a759d70e1ec2d1105fe836a7feabb6a3f07b09250b64b profilesSource=pak legacyRender=0 gameLayer=unlit-eyeadaptinv tMaxFPS=30.0 vsync=0 frameRateLimit=60.0 substrate=0 nanite=1 meshDF=1 viewport=1920x1080 reference=1
2026.09.29-14.29.27 SHOT fighter f-0-hero pos=(2,2) world=(0,-50,0) screen=(960,476) projected=1 alive=1
2026.09.29-14.29.27 SHOT fighter f-0-sk0 pos=(3,2) world=(100,-50,0) screen=(1115,476) projected=1 alive=1
2026.09.29-14.29.27 SHOT fighter f-0-sk1 pos=(2,1) world=(0,-150,0) screen=(960,355) projected=1 alive=1
2026.09.29-14.29.27 SHOT fighter f-0-sk2 pos=(1,2) world=(-100,-50,0) screen=(805,476) projected=1 alive=1
2026.09.29-14.29.27 SHOT fighter f-1-hero pos=(2,3) world=(0,50,0) screen=(960,606) projected=1 alive=1
2026.09.29-14.29.27 SHOT fighter f-1-sk0 pos=(3,3) world=(100,50,0) screen=(1120,606) projected=1 alive=1
2026.09.29-14.29.27 SHOT camera dist=1930.8 target=1930.8 overview=1930.8 errPct=0.000 focusErr=0.00 settled=1 zoom=1.00
2026.09.29-14.29.27 SHOT head fighter=f-0-hero socket=Head mesh=SK_Medusa_FaceNeck_v2Candidate world=(0.0,-46.0,38.5) screen=(960.0,445.5) top=(960.0,439.8) bottom=(960.0,451.2) headPx=11.4 projected=1
2026.09.29-14.29.27 SHOT figure fighter=f-0-hero bbox=(915,389,1005,512) ringR=28.00 art=1 blockout=0 team=P1 look=P1 ring=1
2026.09.29-14.29.27 SHOT figure fighter=f-0-sk0 bbox=(1081,410,1154,504) ringR=21.84 art=1 blockout=1 team=P1 look=P1 ring=1
2026.09.29-14.29.27 SHOT figure fighter=f-0-sk1 bbox=(926,288,994,381) ringR=21.84 art=1 blockout=1 team=P1 look=P1 ring=1
2026.09.29-14.29.27 SHOT figure fighter=f-0-sk2 bbox=(766,410,839,504) ringR=21.84 art=1 blockout=1 team=P1 look=P1 ring=1
2026.09.29-14.29.27 SHOT figure fighter=f-1-hero bbox=(914,517,1006,643) ringR=28.00 art=1 blockout=1 team=P2 look=P2 ring=1
2026.09.29-14.29.27 SHOT figure fighter=f-1-sk0 bbox=(1084,520,1162,635) ringR=21.84 art=1 blockout=1 team=P2 look=P2 ring=1
2026.09.29-14.29.27 SHOT request file=phase2-board-joiner-1920x1080.png frame=1078
2026.09.29-14.29.27 SHOT requested: FScreenshotRequest(bShowUI) -> C:\Users\ren\AppData\Local\Temp\s08-phase2-20260929-192843-45000\phase2-board-joiner-1920x1080.png
2026.09.29-14.29.27 SHOT captured file=phase2-board-joiner-1920x1080.png frame=1078 px=1920x1080 sha256=3bd3a99a6a59c6c0d92834a774845d1c189e4924a9e038017683ca69bd3ef62e order=BGRA saved=1
2026.09.29-14.29.27 SHOT late begin file=phase2-board-joiner-1920x1080.png frame=1078 requestFrame=1078
2026.09.29-14.29.27 SHOT iconstate visible=0 lastFighter=none frame=1078
2026.09.29-14.29.27 SHOT widget id=board.tag impl=umg state=compact fighter=f-0-hero bbox=(909,389,1011,411) geom=painted visible=1 twin=0 source=/Game/S08/UI/ArtHud/WBP_S08ArtTag mode=compact look=P1 shape=circle placement=inset ring=0 order=1 bound=1 softPx2=0 planned=(909,389,1011,411) frame=1078
2026.09.29-14.29.27 SHOT widget id=board.tag.hp impl=umg state=compact fighter=f-0-hero bbox=(965,391,1007,409) geom=painted visible=1 twin=0 source=/Game/S08/UI/ArtHud/WBP_S08ArtTag mode=compact look=P1 shape=circle placement=inset ring=0 order=1 bound=1 softPx2=0 planned=(909,389,1011,411) frame=1078 font=11
2026.09.29-14.29.27 SHOT widget id=board.tag.bar impl=umg state=compact fighter=f-0-hero bbox=(928,398,962,403) geom=painted visible=1 twin=0 source=/Game/S08/UI/ArtHud/WBP_S08ArtTag mode=compact look=P1 shape=circle placement=inset ring=0 order=1 bound=1 softPx2=0 planned=(909,389,1011,411) frame=1078
2026.09.29-14.29.27 SHOT widget id=board.tag.chip impl=umg state=compact fighter=f-0-hero bbox=(913,394,925,406) geom=painted visible=1 twin=0 source=/Game/S08/UI/ArtHud/WBP_S08ArtTag mode=compact look=P1 shape=circle placement=inset ring=0 order=1 bound=1 softPx2=0 planned=(909,389,1011,411) frame=1078
2026.09.29-14.29.27 SHOT widget id=board.tag impl=umg state=full fighter=f-0-sk0 bbox=(1072,367,1163,408) geom=painted visible=1 twin=0 source=/Game/S08/UI/ArtHud/WBP_S08ArtTag mode=full look=P1 shape=circle placement=above ring=0 order=3 bound=1 softPx2=0 planned=(1072,367,1163,408) frame=1078
2026.09.29-14.29.27 SHOT widget id=board.tag.name impl=umg state=full fighter=f-0-sk0 bbox=(1091,369,1159,388) geom=painted visible=1 twin=0 source=/Game/S08/UI/ArtHud/WBP_S08ArtTag mode=full look=P1 shape=circle placement=above ring=0 order=3 bound=1 softPx2=0 planned=(1072,367,1163,408) frame=1078 font=12
2026.09.29-14.29.27 SHOT widget id=board.tag.hp impl=umg state=full fighter=f-0-sk0 bbox=(1128,388,1152,406) geom=painted visible=1 twin=0 source=/Game/S08/UI/ArtHud/WBP_S08ArtTag mode=full look=P1 shape=circle placement=above ring=0 order=3 bound=1 softPx2=0 planned=(1072,367,1163,408) frame=1078 font=11
2026.09.29-14.29.27 SHOT widget id=board.tag.bar impl=umg state=full fighter=f-0-sk0 bbox=(1091,395,1125,400) geom=painted visible=1 twin=0 source=/Game/S08/UI/ArtHud/WBP_S08ArtTag mode=full look=P1 shape=circle placement=above ring=0 order=3 bound=1 softPx2=0 planned=(1072,367,1163,408) frame=1078
2026.09.29-14.29.27 SHOT widget id=board.tag.chip impl=umg state=full fighter=f-0-sk0 bbox=(1076,382,1088,394) geom=painted visible=1 twin=0 source=/Game/S08/UI/ArtHud/WBP_S08ArtTag mode=full look=P1 shape=circle placement=above ring=0 order=3 bound=1 softPx2=0 planned=(1072,367,1163,408) frame=1078
2026.09.29-14.29.27 SHOT widget id=board.tag impl=umg state=full fighter=f-0-sk1 bbox=(915,245,1006,286) geom=painted visible=1 twin=0 source=/Game/S08/UI/ArtHud/WBP_S08ArtTag mode=full look=P1 shape=circle placement=above ring=0 order=0 bound=1 softPx2=0 planned=(915,245,1006,286) frame=1078
2026.09.29-14.29.27 SHOT widget id=board.tag.name impl=umg state=full fighter=f-0-sk1 bbox=(934,247,1002,266) geom=painted visible=1 twin=0 source=/Game/S08/UI/ArtHud/WBP_S08ArtTag mode=full look=P1 shape=circle placement=above ring=0 order=0 bound=1 softPx2=0 planned=(915,245,1006,286) frame=1078 font=12
2026.09.29-14.29.27 SHOT widget id=board.tag.hp impl=umg state=full fighter=f-0-sk1 bbox=(971,266,995,284) geom=painted visible=1 twin=0 source=/Game/S08/UI/ArtHud/WBP_S08ArtTag mode=full look=P1 shape=circle placement=above ring=0 order=0 bound=1 softPx2=0 planned=(915,245,1006,286) frame=1078 font=11
2026.09.29-14.29.27 SHOT widget id=board.tag.bar impl=umg state=full fighter=f-0-sk1 bbox=(934,273,968,278) geom=painted visible=1 twin=0 source=/Game/S08/UI/ArtHud/WBP_S08ArtTag mode=full look=P1 shape=circle placement=above ring=0 order=0 bound=1 softPx2=0 planned=(915,245,1006,286) frame=1078
2026.09.29-14.29.27 SHOT widget id=board.tag.chip impl=umg state=full fighter=f-0-sk1 bbox=(919,260,931,272) geom=painted visible=1 twin=0 source=/Game/S08/UI/ArtHud/WBP_S08ArtTag mode=full look=P1 shape=circle placement=above ring=0 order=0 bound=1 softPx2=0 planned=(915,245,1006,286) frame=1078
2026.09.29-14.29.27 SHOT widget id=board.tag impl=umg state=full fighter=f-0-sk2 bbox=(757,367,848,408) geom=painted visible=1 twin=0 source=/Game/S08/UI/ArtHud/WBP_S08ArtTag mode=full look=P1 shape=circle placement=above ring=0 order=2 bound=1 softPx2=0 planned=(757,367,848,408) frame=1078
2026.09.29-14.29.27 SHOT widget id=board.tag.name impl=umg state=full fighter=f-0-sk2 bbox=(776,369,844,388) geom=painted visible=1 twin=0 source=/Game/S08/UI/ArtHud/WBP_S08ArtTag mode=full look=P1 shape=circle placement=above ring=0 order=2 bound=1 softPx2=0 planned=(757,367,848,408) frame=1078 font=12
2026.09.29-14.29.27 SHOT widget id=board.tag.hp impl=umg state=full fighter=f-0-sk2 bbox=(813,388,837,406) geom=painted visible=1 twin=0 source=/Game/S08/UI/ArtHud/WBP_S08ArtTag mode=full look=P1 shape=circle placement=above ring=0 order=2 bound=1 softPx2=0 planned=(757,367,848,408) frame=1078 font=11
2026.09.29-14.29.27 SHOT widget id=board.tag.bar impl=umg state=full fighter=f-0-sk2 bbox=(776,395,810,400) geom=painted visible=1 twin=0 source=/Game/S08/UI/ArtHud/WBP_S08ArtTag mode=full look=P1 shape=circle placement=above ring=0 order=2 bound=1 softPx2=0 planned=(757,367,848,408) frame=1078
2026.09.29-14.29.27 SHOT widget id=board.tag.chip impl=umg state=full fighter=f-0-sk2 bbox=(761,382,773,394) geom=painted visible=1 twin=0 source=/Game/S08/UI/ArtHud/WBP_S08ArtTag mode=full look=P1 shape=circle placement=above ring=0 order=2 bound=1 softPx2=0 planned=(757,367,848,408) frame=1078
2026.09.29-14.29.27 SHOT widget id=board.tag impl=umg state=full fighter=f-1-hero bbox=(908,645,1013,686) geom=painted visible=1 twin=0 source=/Game/S08/UI/ArtHud/WBP_S08ArtTag mode=full look=P2 shape=hex placement=below ring=0 order=4 bound=1 softPx2=0 planned=(908,645,1013,686) frame=1078
2026.09.29-14.29.27 SHOT widget id=board.tag.name impl=umg state=full fighter=f-1-hero bbox=(927,647,1009,666) geom=painted visible=1 twin=0 source=/Game/S08/UI/ArtHud/WBP_S08ArtTag mode=full look=P2 shape=hex placement=below ring=0 order=4 bound=1 softPx2=0 planned=(908,645,1013,686) frame=1078 font=12
2026.09.29-14.29.27 SHOT widget id=board.tag.hp impl=umg state=full fighter=f-1-hero bbox=(964,666,1006,684) geom=painted visible=1 twin=0 source=/Game/S08/UI/ArtHud/WBP_S08ArtTag mode=full look=P2 shape=hex placement=below ring=0 order=4 bound=1 softPx2=0 planned=(908,645,1013,686) frame=1078 font=11
2026.09.29-14.29.27 SHOT widget id=board.tag.bar impl=umg state=full fighter=f-1-hero bbox=(927,673,961,678) geom=painted visible=1 twin=0 source=/Game/S08/UI/ArtHud/WBP_S08ArtTag mode=full look=P2 shape=hex placement=below ring=0 order=4 bound=1 softPx2=0 planned=(908,645,1013,686) frame=1078
2026.09.29-14.29.27 SHOT widget id=board.tag.chip impl=umg state=full fighter=f-1-hero bbox=(912,660,924,672) geom=painted visible=1 twin=0 source=/Game/S08/UI/ArtHud/WBP_S08ArtTag mode=full look=P2 shape=hex placement=below ring=0 order=4 bound=1 softPx2=0 planned=(908,645,1013,686) frame=1078
2026.09.29-14.29.27 SHOT widget id=board.tag impl=umg state=full fighter=f-1-sk0 bbox=(1164,520,1248,561) geom=painted visible=1 twin=0 source=/Game/S08/UI/ArtHud/WBP_S08ArtTag mode=full look=P2 shape=hex placement=right ring=0 order=5 bound=1 softPx2=0 planned=(1164,520,1248,561) frame=1078
2026.09.29-14.29.27 SHOT widget id=board.tag.name impl=umg state=full fighter=f-1-sk0 bbox=(1183,522,1228,541) geom=painted visible=1 twin=0 source=/Game/S08/UI/ArtHud/WBP_S08ArtTag mode=full look=P2 shape=hex placement=right ring=0 order=5 bound=1 softPx2=0 planned=(1164,520,1248,561) frame=1078 font=12
2026.09.29-14.29.27 SHOT widget id=board.tag.hp impl=umg state=full fighter=f-1-sk0 bbox=(1220,541,1244,559) geom=painted visible=1 twin=0 source=/Game/S08/UI/ArtHud/WBP_S08ArtTag mode=full look=P2 shape=hex placement=right ring=0 order=5 bound=1 softPx2=0 planned=(1164,520,1248,561) frame=1078 font=11
2026.09.29-14.29.27 SHOT widget id=board.tag.bar impl=umg state=full fighter=f-1-sk0 bbox=(1183,548,1217,553) geom=painted visible=1 twin=0 source=/Game/S08/UI/ArtHud/WBP_S08ArtTag mode=full look=P2 shape=hex placement=right ring=0 order=5 bound=1 softPx2=0 planned=(1164,520,1248,561) frame=1078
2026.09.29-14.29.27 SHOT widget id=board.tag.chip impl=umg state=full fighter=f-1-sk0 bbox=(1168,535,1180,547) geom=painted visible=1 twin=0 source=/Game/S08/UI/ArtHud/WBP_S08ArtTag mode=full look=P2 shape=hex placement=right ring=0 order=5 bound=1 softPx2=0 planned=(1164,520,1248,561) frame=1078
2026.09.29-14.29.27 SHOT panel id=hud.command bbox=(0,0,393,69) geom=painted visible=1 frame=1078
2026.09.29-14.29.27 SHOT panel id=hud.side bbox=(1431,0,1920,121) geom=painted visible=1 frame=1078
2026.09.29-14.29.27 SHOT panel id=hud.hand bbox=(501,985,1420,1080) geom=painted visible=1 frame=1078
2026.09.29-14.29.27 SHOT late end file=phase2-board-joiner-1920x1080.png frame=1078
2026.09.29-14.29.27 game -> room=cmumrux95008jwivcc2j6ph5o code=<redacted> status=IN_PROGRESS
2026.09.29-14.29.30 game -> room=cmumrux95008jwivcc2j6ph5o code=<redacted> status=IN_PROGRESS
2026.09.29-14.29.31 PERF window t=35.1-40.2 frames=147 fps=29.24 frameMs avg=34.20 p50=33.33 p95=33.33 p99=33.35 max=161.27 hitches50=1 gpuMs avg=1.85 p50=1.83 p95=1.96 gameMs avg=2.47 p95=1.94 renderMs avg=3.58 p95=4.23
2026.09.29-14.29.33 game -> room=cmumrux95008jwivcc2j6ph5o code=<redacted> status=IN_PROGRESS
2026.09.29-14.29.36 game -> room=cmumrux95008jwivcc2j6ph5o code=<redacted> status=IN_PROGRESS
2026.09.29-14.29.36 PERF window t=40.2-45.2 frames=149 fps=29.73 frameMs avg=33.64 p50=33.33 p95=33.33 p99=33.36 max=78.30 hitches50=1 gpuMs avg=1.80 p50=1.79 p95=1.88 gameMs avg=1.40 p95=1.50 renderMs avg=3.08 p95=3.87
2026.09.29-14.29.39 game -> room=cmumrux95008jwivcc2j6ph5o code=<redacted> status=IN_PROGRESS
2026.09.29-14.29.41 PERF summary scope=afterWarmup warmup=5 elapsed=50.0 frames=1344 fps=29.83 frameMs avg=33.52 p50=33.33 p95=33.33 p99=33.42 max=161.27 hitches50=4 gpuMs avg=1.83 p50=1.80 p95=2.22 gameMs avg=1.80 p95=2.18 renderMs avg=3.69 p95=4.92
2026.09.29-14.29.41 PERF summary scope=started elapsed=50.0 frames=1042 fps=29.78 frameMs avg=33.58 p50=33.33 p95=33.33 p99=33.36 max=161.27 hitches50=4 gpuMs avg=1.95 p50=1.82 p95=2.23 gameMs avg=1.81 p95=2.14 renderMs avg=3.71 p95=5.03
2026.09.29-14.29.41 PERF summary scope=artHud impl=umg elapsed=50.0 frames=0 fps=0.00 frameMs avg=0.00 p50=0.00 p95=0.00 p99=0.00 max=0.00 hitches50=0 gpuMs avg=0.00 p50=0.00 p95=0.00 gameMs avg=0.00 p95=0.00 renderMs avg=0.00 p95=0.00
2026.09.29-14.29.41 --- S08 trace close ---
