2026.09.29-00.56.55 --- S08 trace open 2026.09.29-00.56.55 ---
2026.09.29-00.56.55 HUD icon texture size=32 ready=1 path=/Game/ArtTests/ARTMarkers/Textures/T_UI_Action_Attack_32 texture=32x32 probe=0 plate=1
2026.09.29-00.56.55 LOGIN ok user=art-preview-host
2026.09.29-00.56.58 HEROES loaded 84
2026.09.29-00.56.58 createGame -> room=cmulyuwdv0019wim8pkuzirnn code=<redacted> status=LOBBY
2026.09.29-00.57.00 PERF config tMaxFPS=30.0 frameRateLimit=60.0 vsync=0 smoothFrameRate=0 fixedFrameRate=0 rhi=D3D11
2026.09.29-00.57.00 PERF window t=0.0-5.0 frames=151 fps=30.00 frameMs avg=33.33 p50=33.33 p95=33.33 p99=33.34 max=33.34 hitches50=0 gpuMs avg=34.61 p50=33.30 p95=34.06 gameMs avg=1.53 p95=1.87 renderMs avg=2.21 p95=2.60
2026.09.29-00.57.01 game -> room=cmulyuwdv0019wim8pkuzirnn code=<redacted> status=LOBBY
2026.09.29-00.57.01 selectHero -> room=cmulyuwdv0019wim8pkuzirnn code=<redacted> status=LOBBY
2026.09.29-00.57.04 game -> room=cmulyuwdv0019wim8pkuzirnn code=<redacted> status=LOBBY
2026.09.29-00.57.04 toggleReady -> room=cmulyuwdv0019wim8pkuzirnn code=<redacted> status=LOBBY
2026.09.29-00.57.05 PERF window t=5.0-10.0 frames=150 fps=30.00 frameMs avg=33.33 p50=33.33 p95=33.33 p99=33.33 max=33.34 hitches50=0 gpuMs avg=33.33 p50=33.28 p95=33.89 gameMs avg=1.43 p95=1.72 renderMs avg=1.80 p95=2.22
2026.09.29-00.57.07 game -> room=cmulyuwdv0019wim8pkuzirnn code=<redacted> status=LOBBY
2026.09.29-00.57.10 PERF window t=10.0-15.0 frames=150 fps=30.00 frameMs avg=33.33 p50=33.33 p95=33.33 p99=33.33 max=33.34 hitches50=0 gpuMs avg=32.49 p50=33.29 p95=34.07 gameMs avg=1.47 p95=1.82 renderMs avg=1.99 p95=2.59
2026.09.29-00.57.10 game -> room=cmulyuwdv0019wim8pkuzirnn code=<redacted> status=LOBBY
2026.09.29-00.57.13 game -> room=cmulyuwdv0019wim8pkuzirnn code=<redacted> status=LOBBY
2026.09.29-00.57.13 startGame -> room=cmulyuwdv0019wim8pkuzirnn code=<redacted> status=IN_PROGRESS
2026.09.29-00.57.13 SNAPSHOT applied seq=1 phase=ACTION_MANEUVER
2026.09.29-00.57.13 HANDLE_APPLIED #1 seq=1 decision=2 fightersValid=1 boardValid=1
2026.09.29-00.57.13 MODE seq=1 mode=0 combat=0 pending=0
2026.09.29-00.57.13 HUD seq=1 phase=ACTION_MANEUVER turn=you hand=5 oppHand=5(hidden) oppDeck=25 deck=25 discard=0
2026.09.29-00.57.13 ARTPREVIEW board profiles loaded=1 revision=1 boards=3 zoneStyles=11 lightProfiles=3 errors=0 path=Config/ArtBoards/S08ArtBoardProfiles.json
2026.09.29-00.57.13 ARTPREVIEW Cobble assets ready
2026.09.29-00.57.13 ARTPREVIEW board assets ready cobbleMesh=1 tiles=1 zoneMaterials=2
2026.09.29-00.57.13 ARTPREVIEW medusa candidate variant=face-neck-v2 mesh=SK_Medusa_FaceNeck_v2Candidate requested=face-neck-v2
2026.09.29-00.57.13 ARTPREVIEW board profile=cobble-city match=boardId board=5x6 boardId=cmuhgs4b2001mwik4f2b2xtf8 surface=cobble-5x6-mesh light=cobble-probe artFixture=0
2026.09.29-00.57.13 ARTPREVIEW light profile=cobble-probe name=key role=key kind=directional at=(-350,-150,600) intensity=4.5 radius=0 color=(1.00,1.00,1.00) shadow=1
2026.09.29-00.57.13 ARTPREVIEW light profile=cobble-probe name=fill role=fill kind=point at=(0,-100,550) intensity=700 radius=1800 color=(1.00,1.00,1.00) shadow=0
2026.09.29-00.57.13 ARTPREVIEW light profile=cobble-probe name=warm role=warm kind=point at=(260,-300,250) intensity=85 radius=450 color=(1.00,1.00,1.00) shadow=0
2026.09.29-00.57.13 ARTPREVIEW lights applied profile=cobble-probe directional=1 shadow=1 points=2 pointShadows=0 budgetOk=1
2026.09.29-00.57.13 ARTPREVIEW Cobble probe lights key=4.5 fill=700 warm=85
2026.09.29-00.57.13 ARTPREVIEW Cobble active 5x6 zones=30 blue=15 red=15 blueMarks=15 redMarks=45
2026.09.29-00.57.13 ARTPREVIEW board active profile=cobble-city 5x6 surface=cobble-5x6-mesh cells=30 zoneCells=30 multizone=0 triple=0 obstacles=0 zoneKeys=2 strokes=60 glyphs=45 surfaceParts=0 glyphMaterial=review expectOk=1
2026.09.29-00.57.13 ARTPREVIEW board zone key=blue cells=15 stroke=solid glyph=diamond material=M_ART005_BlueSection_Review ismUsage=0 strokePieces=15 glyphPieces=15 fallback=0
2026.09.29-00.57.13 ARTPREVIEW board zone key=red cells=15 stroke=dash3 glyph=bars2 material=M_ART005_RedSection_Review ismUsage=0 strokePieces=45 glyphPieces=30 fallback=0
2026.09.29-00.57.13 ARTPREVIEW board multizone cells=0 zonesListed=0 zonesMarked=0
2026.09.29-00.57.13 CAMERA dist=1931 loc=(0,1107,1582) pitch=-55 yaw=-90
2026.09.29-00.57.13 CAMERA config overview=1930.8 nearest=300.0 farthest=2970.4 zoomRange=0.65-6.44 minDist=300.0 outRatio=0.650 step=1.250 animMs=200 returnMs=300 followFrom=1.20 source=defaults issues=0
2026.09.29-00.57.13 BOARD 5x6 cells | control points: (0,0)=(-200,-250,0) (4,5)=(200,250,0) | neighbor pair (dist 100 uu)
2026.09.29-00.57.13 ARTPREVIEW click capsule fighter=f-0-hero mesh=SK_Medusa_FaceNeck_v2Candidate physicsAsset=0 radius=12.5 halfHeight=27.5 top=55.0 bodyCollision=0 source=meshBounds
2026.09.29-00.57.13 ARTPREVIEW fighter=Medusa hero=1 eligible=1 visual=1 mesh=SK_Medusa_FaceNeck_v2Candidate
2026.09.29-00.57.13 ARTPREVIEW click capsule fighter=f-0-sk0 mesh=SM_ART003_Harpy physicsAsset=0 radius=20.0 halfHeight=21.0 top=42.0 bodyCollision=0 source=meshBounds
2026.09.29-00.57.13 ARTPREVIEW click capsule fighter=f-0-sk1 mesh=SM_ART003_Harpy physicsAsset=0 radius=20.0 halfHeight=21.0 top=42.0 bodyCollision=0 source=meshBounds
2026.09.29-00.57.13 ARTPREVIEW click capsule fighter=f-0-sk2 mesh=SM_ART003_Harpy physicsAsset=0 radius=20.0 halfHeight=21.0 top=42.0 bodyCollision=0 source=meshBounds
2026.09.29-00.57.13 ARTPREVIEW click capsule fighter=f-1-hero mesh=SM_ART003_Arthur physicsAsset=0 radius=17.8 halfHeight=28.0 top=56.0 bodyCollision=0 source=meshBounds
2026.09.29-00.57.13 ARTPREVIEW click capsule fighter=f-1-sk0 mesh=SM_ART003_Merlin physicsAsset=0 radius=14.7 halfHeight=30.8 top=61.5 bodyCollision=0 source=meshBounds
2026.09.29-00.57.13 FIGHTERS synced n=6 alive=6 own=4 enemy=2
2026.09.29-00.57.13 STATE seq=1 -> apply
2026.09.29-00.57.13 HUD art layer plate=1 iconSize=32 iconTexture=1 iconProbe=0 plan=0
2026.09.29-00.57.13 SUBSCRIBED gameStateUpdated since=1
2026.09.29-00.57.13 SNAPSHOT applied seq=1 phase=ACTION_MANEUVER
2026.09.29-00.57.13 HANDLE_APPLIED #2 seq=1 decision=1 fightersValid=1 boardValid=1
2026.09.29-00.57.13 MODE seq=1 mode=0 combat=0 pending=0
2026.09.29-00.57.13 HUD seq=1 phase=ACTION_MANEUVER turn=you hand=5 oppHand=5(hidden) oppDeck=25 deck=25 discard=0
2026.09.29-00.57.13 ARTPREVIEW fighter=Medusa hero=1 eligible=1 visual=1 mesh=SK_Medusa_FaceNeck_v2Candidate
2026.09.29-00.57.13 FIGHTERS synced n=6 alive=6 own=4 enemy=2
2026.09.29-00.57.13 WS seq=1 phase=ACTION_MANEUVER (merge)
2026.09.29-00.57.15 PERF window t=15.0-20.1 frames=151 fps=30.00 frameMs avg=33.33 p50=33.33 p95=33.33 p99=33.33 max=33.38 hitches50=0 gpuMs avg=31.33 p50=33.25 p95=35.35 gameMs avg=1.74 p95=1.97 renderMs avg=2.23 p95=2.73
2026.09.29-00.57.16 game -> room=cmulyuwdv0019wim8pkuzirnn code=<redacted> status=IN_PROGRESS
2026.09.29-00.57.19 game -> room=cmulyuwdv0019wim8pkuzirnn code=<redacted> status=IN_PROGRESS
2026.09.29-00.57.20 PERF window t=20.1-25.1 frames=151 fps=30.00 frameMs avg=33.33 p50=33.33 p95=33.33 p99=33.33 max=33.33 hitches50=0 gpuMs avg=28.10 p50=33.14 p95=35.04 gameMs avg=1.38 p95=1.72 renderMs avg=2.48 p95=3.15
2026.09.29-00.57.22 game -> room=cmulyuwdv0019wim8pkuzirnn code=<redacted> status=IN_PROGRESS
2026.09.29-00.57.25 game -> room=cmulyuwdv0019wim8pkuzirnn code=<redacted> status=IN_PROGRESS
2026.09.29-00.57.25 PERF window t=25.1-30.1 frames=151 fps=30.00 frameMs avg=33.33 p50=33.33 p95=33.33 p99=33.33 max=33.35 hitches50=0 gpuMs avg=28.00 p50=33.12 p95=34.65 gameMs avg=1.47 p95=1.83 renderMs avg=2.58 p95=3.46
2026.09.29-00.57.28 game -> room=cmulyuwdv0019wim8pkuzirnn code=<redacted> status=IN_PROGRESS
2026.09.29-00.57.30 PERF window t=30.1-35.2 frames=151 fps=30.00 frameMs avg=33.33 p50=33.33 p95=33.33 p99=33.34 max=33.34 hitches50=0 gpuMs avg=29.65 p50=33.25 p95=34.80 gameMs avg=1.44 p95=1.69 renderMs avg=2.54 p95=3.08
2026.09.29-00.57.31 game -> room=cmulyuwdv0019wim8pkuzirnn code=<redacted> status=IN_PROGRESS
2026.09.29-00.57.33 ARTPREVIEW selection ring shown fighter=Medusa mesh=SM_Marker_SelectionRing
2026.09.29-00.57.33 ARTPREVIEW reachable corners cells=13 placed=1
2026.09.29-00.57.33 ARTPREVIEW selection ownHero=1 selected=1 fighter=Medusa reachable=14 fighterId=f-0-hero
2026.09.29-00.57.33 INPUT select src=flag fighter=f-0-hero flag=ArtPreviewSelectOwnHero
2026.09.29-00.57.33 ARTPREVIEW camera focus requested zoom=5.00 overview=1931 target=386
2026.09.29-00.57.33 INPUT zoom src=flag zoom=5.00 flag=ArtPreviewFocusZoom
2026.09.29-00.57.33 CAMERA focus src=flag from=1930.8 to=386.2 requested=386.2 zoom=5.00 clamp=0 limit=none animMs=200
2026.09.29-00.57.33 HUD plate content fighter=f-0-hero name=Medusa hp=16/16 team=own statuses=HERO  |  MELEE
2026.09.29-00.57.33 PLATE fighter=f-0-hero bbox=(1096,472,1268,526) overlapReachable=0 placement=right ring=0 gap=6 selection=f-0-hero destinations=13 clean=1 softPx2=0 tested=228
2026.09.29-00.57.33 CAMERA settled elapsed=38.20 dist=386.2 target=386.2 errPct=0.000 focusErr=0.00 focus=(0,-50,28)
2026.09.29-00.57.33 PLATE fighter=f-0-hero bbox=(1139,494,1311,548) overlapReachable=0 placement=right ring=0 gap=6 selection=f-0-hero destinations=13 clean=1 softPx2=0 tested=278
2026.09.29-00.57.34 game -> room=cmulyuwdv0019wim8pkuzirnn code=<redacted> status=IN_PROGRESS
2026.09.29-00.57.35 SHOT ctx viewport=1920x1080 viewTarget=CameraActor_2147482371 cam=(0,171,344) rot=(-55,-90,0)
2026.09.29-00.57.35 SHOT fighter f-0-hero pos=(2,2) world=(0,-50,0) screen=(960,660) projected=1 alive=1
2026.09.29-00.57.35 SHOT fighter f-0-sk0 pos=(3,2) world=(100,-50,0) screen=(1704,660) projected=1 alive=1
2026.09.29-00.57.35 SHOT fighter f-0-sk1 pos=(2,1) world=(0,-150,0) screen=(960,110) projected=1 alive=1
2026.09.29-00.57.35 SHOT fighter f-0-sk2 pos=(1,2) world=(-100,-50,0) screen=(216,660) projected=1 alive=1
2026.09.29-00.57.35 SHOT fighter f-1-hero pos=(2,3) world=(0,50,0) screen=(960,1388) projected=1 alive=1
2026.09.29-00.57.35 SHOT fighter f-1-sk0 pos=(3,3) world=(100,50,0) screen=(1826,1388) projected=1 alive=1
2026.09.29-00.57.35 SHOT camera dist=386.2 target=386.2 overview=1930.8 errPct=0.000 focusErr=0.00 settled=1 zoom=5.00
2026.09.29-00.57.35 SHOT head fighter=f-0-hero socket=Head mesh=SK_Medusa_FaceNeck_v2Candidate world=(0.0,-46.0,38.5) screen=(960.0,517.7) top=(960.0,489.1) bottom=(960.0,545.6) headPx=56.4 projected=1
2026.09.29-00.57.35 SHOT selection fighter=f-0-hero ownCell=(2,2) legal=14 destinations=13 ownCellExcluded=1 plateFighter=f-0-hero
2026.09.29-00.57.35 SHOT reachable fighter=f-0-hero n=13 cells=(1,0)(2,0)(3,0)(0,1)(1,1)(3,1)(4,1)(0,2)(4,2)(0,3)(1,3)(4,3)(1,4)
2026.09.29-00.57.35 SHOT plate fighter=f-0-hero bbox=(1139,494,1311,548) overlapReachable=0 placement=right gap=6 anchor=(787,282,1133,788) planned=(1139,494,1311,548) geom=painted stableFrames=53
2026.09.29-00.57.35 SHOT label fighter=f-0-sk0 mode=compact bbox=(1724,432,1848,446)
2026.09.29-00.57.35 SHOT label fighter=f-0-sk1 mode=compact bbox=(908,-140,1012,-126)
2026.09.29-00.57.35 SHOT label fighter=f-0-sk2 mode=compact bbox=(72,432,196,446)
2026.09.29-00.57.35 SHOT label fighter=f-1-hero mode=compact bbox=(880,1137,1040,1147)
2026.09.29-00.57.35 SHOT label fighter=f-1-sk0 mode=compact bbox=(1875,1215,2003,1227)
2026.09.29-00.57.35 SHOT requested: FScreenshotRequest(bShowUI) -> C:\Users\ren\AppData\Local\Temp\s08-phase2-20260929-055653-54860\phase2-board-host-1920x1080.png
2026.09.29-00.57.35 PERF window t=35.2-40.3 frames=146 fps=28.40 frameMs avg=35.21 p50=33.33 p95=33.33 p99=77.06 max=263.62 hitches50=2 gpuMs avg=30.56 p50=33.24 p95=34.86 gameMs avg=1.89 p95=2.20 renderMs avg=2.63 p95=3.54
2026.09.29-00.57.37 game -> room=cmulyuwdv0019wim8pkuzirnn code=<redacted> status=IN_PROGRESS
2026.09.29-00.57.40 game -> room=cmulyuwdv0019wim8pkuzirnn code=<redacted> status=IN_PROGRESS
2026.09.29-00.57.40 PERF window t=40.3-45.3 frames=151 fps=30.00 frameMs avg=33.33 p50=33.33 p95=33.33 p99=33.34 max=33.35 hitches50=0 gpuMs avg=32.72 p50=32.88 p95=36.57 gameMs avg=3.05 p95=1.94 renderMs avg=2.83 p95=3.71
2026.09.29-00.57.43 game -> room=cmulyuwdv0019wim8pkuzirnn code=<redacted> status=IN_PROGRESS
2026.09.29-00.57.45 PERF window t=45.3-50.3 frames=150 fps=30.00 frameMs avg=33.33 p50=33.33 p95=33.33 p99=33.34 max=33.41 hitches50=0 gpuMs avg=32.36 p50=33.30 p95=35.76 gameMs avg=1.55 p95=1.87 renderMs avg=2.83 p95=3.47
2026.09.29-00.57.46 game -> room=cmulyuwdv0019wim8pkuzirnn code=<redacted> status=IN_PROGRESS
2026.09.29-00.57.49 game -> room=cmulyuwdv0019wim8pkuzirnn code=<redacted> status=IN_PROGRESS
2026.09.29-00.57.50 PERF window t=50.3-55.4 frames=151 fps=30.00 frameMs avg=33.33 p50=33.33 p95=33.33 p99=33.34 max=33.35 hitches50=0 gpuMs avg=31.30 p50=33.29 p95=35.85 gameMs avg=1.56 p95=1.97 renderMs avg=2.77 p95=3.51
2026.09.29-00.57.52 game -> room=cmulyuwdv0019wim8pkuzirnn code=<redacted> status=IN_PROGRESS
2026.09.29-00.57.55 PERF summary scope=afterWarmup warmup=5 elapsed=60.0 frames=1642 fps=29.83 frameMs avg=33.52 p50=33.33 p95=33.33 p99=33.40 max=263.62 hitches50=3 gpuMs avg=31.04 p50=33.25 p95=35.35 gameMs avg=1.72 p95=2.15 renderMs avg=2.53 p95=3.66
2026.09.29-00.57.55 PERF summary scope=started elapsed=60.0 frames=1245 fps=29.78 frameMs avg=33.58 p50=33.33 p95=33.33 p99=33.42 max=263.62 hitches50=3 gpuMs avg=30.47 p50=33.23 p95=35.53 gameMs avg=1.80 p95=2.25 renderMs avg=2.73 p95=3.79
2026.09.29-00.57.55 --- S08 trace close ---
