2026.09.29-00.57.00 --- S08 trace open 2026.09.29-00.57.00 ---
2026.09.29-00.57.00 HUD icon texture size=32 ready=1 path=/Game/ArtTests/ARTMarkers/Textures/T_UI_Action_Attack_32 texture=32x32 probe=0 plate=1
2026.09.29-00.57.00 LOGIN ok user=art-preview-joiner
2026.09.29-00.57.03 HEROES loaded 84
2026.09.29-00.57.03 CODE resolved -> cmulyuwdv0019wim8pkuzirnn
2026.09.29-00.57.03 joinGame -> room=cmulyuwdv0019wim8pkuzirnn code=<redacted> status=LOBBY
2026.09.29-00.57.05 PERF config tMaxFPS=30.0 frameRateLimit=60.0 vsync=0 smoothFrameRate=0 fixedFrameRate=0 rhi=D3D11
2026.09.29-00.57.05 PERF window t=0.0-5.0 frames=151 fps=30.00 frameMs avg=33.33 p50=33.33 p95=33.33 p99=33.33 max=33.34 hitches50=0 gpuMs avg=32.67 p50=33.33 p95=34.10 gameMs avg=1.41 p95=1.47 renderMs avg=1.91 p95=1.82
2026.09.29-00.57.06 game -> room=cmulyuwdv0019wim8pkuzirnn code=<redacted> status=LOBBY
2026.09.29-00.57.06 selectHero -> room=cmulyuwdv0019wim8pkuzirnn code=<redacted> status=LOBBY
2026.09.29-00.57.09 game -> room=cmulyuwdv0019wim8pkuzirnn code=<redacted> status=LOBBY
2026.09.29-00.57.09 toggleReady -> room=cmulyuwdv0019wim8pkuzirnn code=<redacted> status=LOBBY
2026.09.29-00.57.10 PERF window t=5.0-10.0 frames=150 fps=30.00 frameMs avg=33.33 p50=33.33 p95=33.33 p99=33.35 max=33.35 hitches50=0 gpuMs avg=32.94 p50=33.33 p95=34.12 gameMs avg=1.35 p95=1.63 renderMs avg=1.73 p95=2.45
2026.09.29-00.57.12 game -> room=cmulyuwdv0019wim8pkuzirnn code=<redacted> status=LOBBY
2026.09.29-00.57.15 PERF window t=10.0-15.0 frames=150 fps=30.00 frameMs avg=33.33 p50=33.33 p95=33.33 p99=33.34 max=33.34 hitches50=0 gpuMs avg=32.74 p50=33.35 p95=34.09 gameMs avg=1.35 p95=1.63 renderMs avg=1.69 p95=2.32
2026.09.29-00.57.15 game -> room=cmulyuwdv0019wim8pkuzirnn code=<redacted> status=IN_PROGRESS
2026.09.29-00.57.15 WS DROPPED (test-initiated transport loss)
2026.09.29-00.57.15 WS closed (test drop) - reconnect in 1s
2026.09.29-00.57.15 SNAPSHOT applied seq=1 phase=ACTION_MANEUVER
2026.09.29-00.57.15 HANDLE_APPLIED #1 seq=1 decision=2 fightersValid=1 boardValid=1
2026.09.29-00.57.15 MODE seq=1 mode=0 combat=0 pending=0
2026.09.29-00.57.15 HUD seq=1 phase=ACTION_MANEUVER turn=opp hand=5 oppHand=5(hidden) oppDeck=25 deck=25 discard=0
2026.09.29-00.57.15 ARTPREVIEW board profiles loaded=1 revision=1 boards=3 zoneStyles=11 lightProfiles=3 errors=0 path=Config/ArtBoards/S08ArtBoardProfiles.json
2026.09.29-00.57.15 ARTPREVIEW Cobble assets ready
2026.09.29-00.57.15 ARTPREVIEW board assets ready cobbleMesh=1 tiles=1 zoneMaterials=2
2026.09.29-00.57.15 ARTPREVIEW medusa candidate variant=face-neck-v2 mesh=SK_Medusa_FaceNeck_v2Candidate requested=face-neck-v2
2026.09.29-00.57.15 ARTPREVIEW board profile=cobble-city match=boardId board=5x6 boardId=cmuhgs4b2001mwik4f2b2xtf8 surface=cobble-5x6-mesh light=cobble-probe artFixture=0
2026.09.29-00.57.15 ARTPREVIEW light profile=cobble-probe name=key role=key kind=directional at=(-350,-150,600) intensity=4.5 radius=0 color=(1.00,1.00,1.00) shadow=1
2026.09.29-00.57.15 ARTPREVIEW light profile=cobble-probe name=fill role=fill kind=point at=(0,-100,550) intensity=700 radius=1800 color=(1.00,1.00,1.00) shadow=0
2026.09.29-00.57.15 ARTPREVIEW light profile=cobble-probe name=warm role=warm kind=point at=(260,-300,250) intensity=85 radius=450 color=(1.00,1.00,1.00) shadow=0
2026.09.29-00.57.15 ARTPREVIEW lights applied profile=cobble-probe directional=1 shadow=1 points=2 pointShadows=0 budgetOk=1
2026.09.29-00.57.15 ARTPREVIEW Cobble probe lights key=4.5 fill=700 warm=85
2026.09.29-00.57.15 ARTPREVIEW Cobble active 5x6 zones=30 blue=15 red=15 blueMarks=15 redMarks=45
2026.09.29-00.57.15 ARTPREVIEW board active profile=cobble-city 5x6 surface=cobble-5x6-mesh cells=30 zoneCells=30 multizone=0 triple=0 obstacles=0 zoneKeys=2 strokes=60 glyphs=45 surfaceParts=0 glyphMaterial=review expectOk=1
2026.09.29-00.57.15 ARTPREVIEW board zone key=blue cells=15 stroke=solid glyph=diamond material=M_ART005_BlueSection_Review ismUsage=0 strokePieces=15 glyphPieces=15 fallback=0
2026.09.29-00.57.15 ARTPREVIEW board zone key=red cells=15 stroke=dash3 glyph=bars2 material=M_ART005_RedSection_Review ismUsage=0 strokePieces=45 glyphPieces=30 fallback=0
2026.09.29-00.57.15 ARTPREVIEW board multizone cells=0 zonesListed=0 zonesMarked=0
2026.09.29-00.57.15 CAMERA dist=1931 loc=(0,1107,1582) pitch=-55 yaw=-90
2026.09.29-00.57.15 CAMERA config overview=1930.8 nearest=300.0 farthest=2970.4 zoomRange=0.65-6.44 minDist=300.0 outRatio=0.650 step=1.250 animMs=200 returnMs=300 followFrom=1.20 source=defaults issues=0
2026.09.29-00.57.15 BOARD 5x6 cells | control points: (0,0)=(-200,-250,0) (4,5)=(200,250,0) | neighbor pair (dist 100 uu)
2026.09.29-00.57.15 ARTPREVIEW click capsule fighter=f-0-hero mesh=SK_Medusa_FaceNeck_v2Candidate physicsAsset=0 radius=12.5 halfHeight=27.5 top=55.0 bodyCollision=0 source=meshBounds
2026.09.29-00.57.15 ARTPREVIEW fighter=Medusa hero=1 eligible=1 visual=1 mesh=SK_Medusa_FaceNeck_v2Candidate
2026.09.29-00.57.15 ARTPREVIEW click capsule fighter=f-0-sk0 mesh=SM_ART003_Harpy physicsAsset=0 radius=20.0 halfHeight=21.0 top=42.0 bodyCollision=0 source=meshBounds
2026.09.29-00.57.15 ARTPREVIEW click capsule fighter=f-0-sk1 mesh=SM_ART003_Harpy physicsAsset=0 radius=20.0 halfHeight=21.0 top=42.0 bodyCollision=0 source=meshBounds
2026.09.29-00.57.15 ARTPREVIEW click capsule fighter=f-0-sk2 mesh=SM_ART003_Harpy physicsAsset=0 radius=20.0 halfHeight=21.0 top=42.0 bodyCollision=0 source=meshBounds
2026.09.29-00.57.15 ARTPREVIEW click capsule fighter=f-1-hero mesh=SM_ART003_Arthur physicsAsset=0 radius=17.8 halfHeight=28.0 top=56.0 bodyCollision=0 source=meshBounds
2026.09.29-00.57.15 ARTPREVIEW click capsule fighter=f-1-sk0 mesh=SM_ART003_Merlin physicsAsset=0 radius=14.7 halfHeight=30.8 top=61.5 bodyCollision=0 source=meshBounds
2026.09.29-00.57.15 FIGHTERS synced n=6 alive=6 own=2 enemy=4
2026.09.29-00.57.15 STATE seq=1 -> apply
2026.09.29-00.57.15 WS closed 1000 (normal closure)
2026.09.29-00.57.15 HUD art layer plate=1 iconSize=32 iconTexture=1 iconProbe=0 plan=0
2026.09.29-00.57.16 WS reconnect attempt
2026.09.29-00.57.16 SUBSCRIBED gameStateUpdated since=1
2026.09.29-00.57.16 WS reconnected - refetching gameState
2026.09.29-00.57.16 SNAPSHOT applied seq=1 phase=ACTION_MANEUVER
2026.09.29-00.57.16 HANDLE_APPLIED #2 seq=1 decision=1 fightersValid=1 boardValid=1
2026.09.29-00.57.16 MODE seq=1 mode=0 combat=0 pending=0
2026.09.29-00.57.16 HUD seq=1 phase=ACTION_MANEUVER turn=opp hand=5 oppHand=5(hidden) oppDeck=25 deck=25 discard=0
2026.09.29-00.57.16 ARTPREVIEW fighter=Medusa hero=1 eligible=1 visual=1 mesh=SK_Medusa_FaceNeck_v2Candidate
2026.09.29-00.57.16 FIGHTERS synced n=6 alive=6 own=2 enemy=4
2026.09.29-00.57.16 STATE seq=1 -> merge
2026.09.29-00.57.16 SNAPSHOT applied seq=1 phase=ACTION_MANEUVER
2026.09.29-00.57.16 HANDLE_APPLIED #3 seq=1 decision=1 fightersValid=1 boardValid=1
2026.09.29-00.57.16 MODE seq=1 mode=0 combat=0 pending=0
2026.09.29-00.57.16 HUD seq=1 phase=ACTION_MANEUVER turn=opp hand=5 oppHand=5(hidden) oppDeck=25 deck=25 discard=0
2026.09.29-00.57.16 ARTPREVIEW fighter=Medusa hero=1 eligible=1 visual=1 mesh=SK_Medusa_FaceNeck_v2Candidate
2026.09.29-00.57.16 FIGHTERS synced n=6 alive=6 own=2 enemy=4
2026.09.29-00.57.16 WS seq=1 phase=ACTION_MANEUVER (merge)
2026.09.29-00.57.18 game -> room=cmulyuwdv0019wim8pkuzirnn code=<redacted> status=IN_PROGRESS
2026.09.29-00.57.20 PERF window t=15.0-20.0 frames=150 fps=29.99 frameMs avg=33.34 p50=33.33 p95=33.33 p99=33.35 max=34.88 hitches50=0 gpuMs avg=30.08 p50=33.18 p95=35.02 gameMs avg=1.76 p95=2.01 renderMs avg=2.58 p95=3.51
2026.09.29-00.57.21 game -> room=cmulyuwdv0019wim8pkuzirnn code=<redacted> status=IN_PROGRESS
2026.09.29-00.57.24 game -> room=cmulyuwdv0019wim8pkuzirnn code=<redacted> status=IN_PROGRESS
2026.09.29-00.57.25 PERF window t=20.0-25.1 frames=151 fps=30.00 frameMs avg=33.33 p50=33.33 p95=33.33 p99=33.33 max=33.34 hitches50=0 gpuMs avg=28.88 p50=33.16 p95=34.85 gameMs avg=1.45 p95=1.76 renderMs avg=2.56 p95=3.45
2026.09.29-00.57.27 game -> room=cmulyuwdv0019wim8pkuzirnn code=<redacted> status=IN_PROGRESS
2026.09.29-00.57.30 game -> room=cmulyuwdv0019wim8pkuzirnn code=<redacted> status=IN_PROGRESS
2026.09.29-00.57.30 PERF window t=25.1-30.1 frames=151 fps=30.00 frameMs avg=33.33 p50=33.33 p95=33.33 p99=33.33 max=33.33 hitches50=0 gpuMs avg=28.39 p50=33.08 p95=34.58 gameMs avg=1.44 p95=1.72 renderMs avg=2.49 p95=3.00
2026.09.29-00.57.33 game -> room=cmulyuwdv0019wim8pkuzirnn code=<redacted> status=IN_PROGRESS
2026.09.29-00.57.35 PERF window t=30.1-35.1 frames=150 fps=30.00 frameMs avg=33.33 p50=33.33 p95=33.34 p99=33.35 max=33.46 hitches50=0 gpuMs avg=29.22 p50=33.23 p95=34.19 gameMs avg=1.47 p95=1.79 renderMs avg=2.55 p95=3.09
2026.09.29-00.57.36 game -> room=cmulyuwdv0019wim8pkuzirnn code=<redacted> status=IN_PROGRESS
2026.09.29-00.57.39 game -> room=cmulyuwdv0019wim8pkuzirnn code=<redacted> status=IN_PROGRESS
2026.09.29-00.57.40 SHOT ctx viewport=1920x1080 viewTarget=CameraActor_2147482371 cam=(0,1107,1582) rot=(-55,-90,0)
2026.09.29-00.57.40 SHOT fighter f-0-hero pos=(2,2) world=(0,-50,0) screen=(960,476) projected=1 alive=1
2026.09.29-00.57.40 SHOT fighter f-0-sk0 pos=(3,2) world=(100,-50,0) screen=(1115,476) projected=1 alive=1
2026.09.29-00.57.40 SHOT fighter f-0-sk1 pos=(2,1) world=(0,-150,0) screen=(960,355) projected=1 alive=1
2026.09.29-00.57.40 SHOT fighter f-0-sk2 pos=(1,2) world=(-100,-50,0) screen=(805,476) projected=1 alive=1
2026.09.29-00.57.40 SHOT fighter f-1-hero pos=(2,3) world=(0,50,0) screen=(960,606) projected=1 alive=1
2026.09.29-00.57.40 SHOT fighter f-1-sk0 pos=(3,3) world=(100,50,0) screen=(1120,606) projected=1 alive=1
2026.09.29-00.57.40 SHOT camera dist=1930.8 target=1930.8 overview=1930.8 errPct=0.000 focusErr=0.00 settled=1 zoom=1.00
2026.09.29-00.57.40 SHOT head fighter=f-0-hero socket=Head mesh=SK_Medusa_FaceNeck_v2Candidate world=(0.0,-46.0,38.5) screen=(960.0,445.5) top=(960.0,439.8) bottom=(960.0,451.2) headPx=11.4 projected=1
2026.09.29-00.57.40 SHOT label fighter=f-0-hero mode=full bbox=(916,381,1004,414)
2026.09.29-00.57.40 SHOT label fighter=f-0-sk0 mode=full bbox=(1072,399,1169,428)
2026.09.29-00.57.40 SHOT label fighter=f-0-sk1 mode=full bbox=(914,276,1006,305)
2026.09.29-00.57.40 SHOT label fighter=f-0-sk2 mode=full bbox=(751,399,848,428)
2026.09.29-00.57.40 SHOT label fighter=f-1-hero mode=full bbox=(913,517,1007,545)
2026.09.29-00.57.40 SHOT label fighter=f-1-sk0 mode=full bbox=(1088,529,1162,558)
2026.09.29-00.57.40 SHOT requested: FScreenshotRequest(bShowUI) -> C:\Users\ren\AppData\Local\Temp\s08-phase2-20260929-055653-54860\phase2-board-joiner-1920x1080.png
2026.09.29-00.57.40 PERF window t=35.1-40.2 frames=148 fps=29.25 frameMs avg=34.19 p50=33.33 p95=33.35 p99=42.57 max=151.00 hitches50=1 gpuMs avg=32.58 p50=33.08 p95=35.96 gameMs avg=1.58 p95=1.86 renderMs avg=2.50 p95=3.39
2026.09.29-00.57.42 game -> room=cmulyuwdv0019wim8pkuzirnn code=<redacted> status=IN_PROGRESS
2026.09.29-00.57.45 game -> room=cmulyuwdv0019wim8pkuzirnn code=<redacted> status=IN_PROGRESS
2026.09.29-00.57.45 PERF window t=40.2-45.2 frames=151 fps=30.00 frameMs avg=33.33 p50=33.33 p95=33.33 p99=33.34 max=33.34 hitches50=0 gpuMs avg=32.41 p50=33.33 p95=34.73 gameMs avg=1.95 p95=1.32 renderMs avg=2.66 p95=3.34
2026.09.29-00.57.48 game -> room=cmulyuwdv0019wim8pkuzirnn code=<redacted> status=IN_PROGRESS
2026.09.29-00.57.50 PERF window t=45.2-50.2 frames=151 fps=30.00 frameMs avg=33.33 p50=33.33 p95=33.33 p99=33.35 max=33.35 hitches50=0 gpuMs avg=31.84 p50=33.32 p95=34.63 gameMs avg=1.08 p95=1.25 renderMs avg=2.64 p95=3.72
2026.09.29-00.57.51 game -> room=cmulyuwdv0019wim8pkuzirnn code=<redacted> status=IN_PROGRESS
2026.09.29-00.57.54 game -> room=cmulyuwdv0019wim8pkuzirnn code=<redacted> status=IN_PROGRESS
2026.09.29-00.57.55 PERF window t=50.2-55.2 frames=149 fps=29.79 frameMs avg=33.57 p50=33.33 p95=33.50 p99=41.76 max=57.45 hitches50=1 gpuMs avg=32.66 p50=33.32 p95=35.06 gameMs avg=1.38 p95=2.01 renderMs avg=3.25 p95=4.43
2026.09.29-00.57.57 game -> room=cmulyuwdv0019wim8pkuzirnn code=<redacted> status=IN_PROGRESS
2026.09.29-00.58.00 PERF summary scope=afterWarmup warmup=5 elapsed=60.0 frames=1646 fps=29.91 frameMs avg=33.44 p50=33.33 p95=33.35 p99=33.56 max=151.00 hitches50=2 gpuMs avg=31.28 p50=33.29 p95=34.69 gameMs avg=1.52 p95=1.99 renderMs avg=2.60 p95=4.30
2026.09.29-00.58.00 PERF summary scope=started elapsed=60.0 frames=1344 fps=29.88 frameMs avg=33.46 p50=33.33 p95=33.37 p99=33.64 max=151.00 hitches50=2 gpuMs avg=30.92 p50=33.27 p95=34.75 gameMs avg=1.56 p95=2.03 renderMs avg=2.80 p95=4.34
2026.09.29-00.58.00 --- S08 trace close ---
