2026.09.30-16.39.27 --- S08 trace open 2026.09.30-16.39.27 ---
2026.09.30-16.39.27 HUD team chips ready=1 mode=absolute tagNames=rule
2026.09.30-16.39.27 HUD icon texture size=32 ready=1 path=/Game/ArtTests/ARTMarkers/Textures/T_UI_Action_AttackToken_32 texture=32x32 probe=0 plate=1
2026.09.30-16.39.27 HUD art widget tag impl=umg source=/Game/S08/UI/ArtHud/WBP_S08ArtTag class=/Game/S08/UI/ArtHud/WBP_S08ArtTag.WBP_S08ArtTag_C count=8 missing=- codeDefaultTree=0
2026.09.30-16.39.27 HUD art widget plate impl=umg source=/Game/S08/UI/ArtHud/WBP_S08ArtPlate class=/Game/S08/UI/ArtHud/WBP_S08ArtPlate.WBP_S08ArtPlate_C parts=1 missing=- codeDefaultTree=0
2026.09.30-16.39.27 HUD art widget icon impl=umg source=/Game/S08/UI/ArtHud/WBP_S08ArtIcon class=/Game/S08/UI/ArtHud/WBP_S08ArtIcon.WBP_S08ArtIcon_C parts=1 missing=- codeDefaultTree=0
2026.09.30-16.39.27 HUD art widget damage impl=umg source=/Game/S08/UI/ArtHud/WBP_S08ArtDamage class=/Game/S08/UI/ArtHud/WBP_S08ArtDamage.WBP_S08ArtDamage_C parts=1 missing=- codeDefaultTree=0
2026.09.30-16.39.27 RENDER preset applied=High flag=S08RenderPreset
2026.09.30-16.39.27 BENCH start (W4-A backend-less render bench)
2026.09.30-16.39.27 ARTPREVIEW diorama requested mesh=/Game/PipelineCandidates/TableBase/20260928-table-base-tripo-h31/Meshes/SM_TableBase.SM_TableBase mi=MI_TableBase_Candidate
2026.09.30-16.39.27 ARTPREVIEW board profiles loaded=1 revision=5 boards=3 zoneStyles=11 lightProfiles=3 errors=0 path=Config/ArtBoards/S08ArtBoardProfiles.json
2026.09.30-16.39.27 ARTPREVIEW board profiles source=pak sha256=1ecc1e9281845655acf8b31f1dcf52a7510abfc8ba8505525ad72ee8f4ce3c4c
2026.09.30-16.39.27 ARTPREVIEW zone content instances=12/12 glyphMeshes=11/11
2026.09.30-16.39.27 ARTPREVIEW zone keyline content mi=MI_ART005_Zone_Keyline glyphKeyMeshes=11/11 color=#111317
2026.09.30-16.39.27 ARTPREVIEW game layer material=M_S08_GameLayerUnlit unlitEyeAdaptInv=1 legacyRender=0
2026.09.30-16.39.27 ARTPREVIEW Cobble assets ready
2026.09.30-16.39.27 ARTPREVIEW board assets ready cobbleMesh=1 tiles=1 zoneMaterials=2
2026.09.30-16.39.27 ARTPREVIEW medusa candidate variant=face-neck-v2 mesh=SK_Medusa_FaceNeck_v2Candidate requested=(default)
2026.09.30-16.39.27 ARTPREVIEW board profile=cobble-city match=boardId board=5x6 boardId=cmuhgs4b2001mwik4f2b2xtf8 surface=cobble-5x6-mesh light=cobble-probe artFixture=0
2026.09.30-16.39.27 ARTPREVIEW light profile=cobble-probe name=key role=key kind=directional at=(-350,-150,600) intensity=4.5 units=lux radius=0 color=(1.00,1.00,1.00) shadow=1
2026.09.30-16.39.27 ARTPREVIEW light profile=cobble-probe name=warm role=warm kind=point at=(260,-300,250) intensity=85 units=candelas radius=450 color=(1.00,1.00,1.00) shadow=0
2026.09.30-16.39.27 ARTPREVIEW sky profile=cobble-probe cubemap=/Game/S08/Render/TC_S08_AmbientDome loaded=1 spawned=1 intensity=11.2 color=(1.00,1.00,1.00) lowerBlack=0
2026.09.30-16.39.27 ARTPREVIEW exposure profile=cobble-probe method=histogram-fixed min=4.14106 max=4.14106 bias=0.000 ev100=2.05 volume=1
2026.09.30-16.39.27 ARTPREVIEW lights applied profile=cobble-probe directional=1 shadow=1 points=1 pointShadows=0 budgetOk=1
2026.09.30-16.39.27 ARTPREVIEW render profile=cobble-probe units=candelas sky=1 exposure=1 keyShadow=csm-3000uu-2c-contact0.000 shadowCasters=1 legacyRender=0
2026.09.30-16.39.27 ARTPREVIEW Cobble probe lights key=4.5 fill=0 warm=85
2026.09.30-16.39.27 ARTPREVIEW board zone keylines pieces=60 glyphKeys=30 glyphKeyCubePieces=0 mi=MI_ART005_Zone_Keyline growUU=1.5 edgeUU=42.0 maxOuterUU=45.0
2026.09.30-16.39.27 ARTPREVIEW board glyph meshes instances=30 keys=2/2 cubePieces=0 anchors=30
2026.09.30-16.39.27 ARTPREVIEW Cobble active 5x6 zones=30 blue=15 red=15 blueMarks=15 redMarks=45
2026.09.30-16.39.27 ARTPREVIEW board active profile=cobble-city 5x6 surface=cobble-5x6-mesh cells=30 zoneCells=30 multizone=0 triple=0 obstacles=0 zoneKeys=2 strokes=60 glyphs=45 surfaceParts=0 glyphMaterial=zone expectOk=1
2026.09.30-16.39.27 ARTPREVIEW board zone key=blue cells=15 stroke=solid glyph=diamond color=#3B78D8 ismUsage=1 strokePieces=15 glyphPieces=15 mi=MI_ART005_Zone_Blue glyphMesh=SM_ART005_ZoneGlyph_Diamond glyphInstances=15 fallback=0
2026.09.30-16.39.27 ARTPREVIEW board zone key=red cells=15 stroke=dash3 glyph=bars2 color=#EC6650 ismUsage=1 strokePieces=45 glyphPieces=30 mi=MI_ART005_Zone_Red glyphMesh=SM_ART005_ZoneGlyph_Bars2 glyphInstances=15 fallback=0
2026.09.30-16.39.27 ARTPREVIEW board multizone cells=0 zonesListed=0 zonesMarked=0
2026.09.30-16.39.27 ARTPREVIEW diorama tray=/Game/PipelineCandidates/TableBase/20260928-table-base-tripo-h31/Meshes/SM_TableBase.SM_TableBase mi=MI_TableBase_Candidate surface=cobble-5x6-mesh yaw=-90.0 scale=1.000x1.000x1.000 bounds=(-328.0,-378.0,-153.0)..(328.0,378.0,-3.0) size=656.0x756.0x150.0 topZ=-3.0 boardHalf=278.0x328.0 rimUU=50.0 collision=none
2026.09.30-16.39.27 CAMERA dist=1931 loc=(0,1107,1582) pitch=-55 yaw=-90
2026.09.30-16.39.27 CAMERA config overview=1930.8 nearest=300.0 farthest=2970.4 zoomRange=0.65-6.44 minDist=300.0 outRatio=0.650 step=1.250 animMs=200 returnMs=300 followFrom=1.20 source=defaults issues=0
2026.09.30-16.39.27 BOARD 5x6 cells | control points: (0,0)=(-200,-250,0) (4,5)=(200,250,0) | neighbor pair (dist 100 uu)
2026.09.30-16.39.27 ARTPREVIEW team mapping mode=absolute source=fighter-prefix viewerTeam=- p1=f-0-hero,f-0-sk0,f-0-sk1,f-0-sk2 p2=f-1-hero,f-1-sk0
2026.09.30-16.39.27 ARTPREVIEW heroesV2 fighter=f-0-hero mesh=/Game/PipelineCandidates/Medusa/H2LD/Meshes/SK_Medusa_H2LD mi=/Game/PipelineCandidates/Medusa/H2LD/Materials/MI_Medusa_H2LD_P1 yaw=90.0 scale=0.9998 name=Medusa hero=1 look=P1 base=/Game/PipelineCandidates/Medusa/H2LD/Meshes/SM_Medusa_H2LD_Base baseMi=/Game/PipelineCandidates/Medusa/H2LD/Materials/MI_Medusa_H2LD_Base_P1 skeleton=/Game/PipelineCandidates/Medusa/Rig/SK_Medusa_Skeleton.SK_Medusa_Skeleton clips=4/4 boundsTop=55.00 figureTop=55.00 budget=55.0
2026.09.30-16.39.27 ARTPREVIEW click capsule fighter=f-0-hero mesh=SK_Medusa_H2LD physicsAsset=0 radius=11.6 halfHeight=27.5 top=55.0 bodyCollision=0 source=meshBounds
2026.09.30-16.39.27 ARTPREVIEW fighter=Medusa hero=1 eligible=0 visual=1 mesh=SK_Medusa_H2LD
2026.09.30-16.39.27 ARTPREVIEW team ring fighter=f-0-hero team=P1 look=P1 mode=absolute shape=circle shown=1 mesh=SM_Marker_TeamRing_P1 fill=#E8C06A keyline=#111317 fillLinear=(0.8070,0.5271,0.1441) zMin=0.60 zMax=1.20 scale=1.00 base=hidden blockout=0 art=1 rim=#FFFFFF
2026.09.30-16.39.27 ARTPREVIEW anim fighter=f-0-hero clip=Idle len=2.333 event=spawn loop=1 phase=0.8071 seq=-1 asset=AM_Medusa_Idle
2026.09.30-16.39.27 ARTPREVIEW heroesV2 fighter=f-0-sk0 mesh=/Game/PipelineCandidates/Harpy/H3LD/Meshes/SK_Harpy_H3LD mi=/Game/PipelineCandidates/Harpy/H3LD/Materials/MI_Harpy_H3LD_P1 yaw=90.0 scale=1.0000 name=Harpies hero=0 look=P1 base=/Game/PipelineCandidates/Harpy/H3LD/Meshes/SM_Harpy_H3LD_Base baseMi=/Game/PipelineCandidates/Harpy/H3LD/Materials/MI_Harpy_H3LD_Base_P1 skeleton=/Game/PipelineCandidates/Harpy/Rig/SK_Harpy_Skeleton.SK_Harpy_Skeleton clips=4/4 boundsTop=42.00 figureTop=42.00 budget=42.0
2026.09.30-16.39.27 ARTPREVIEW click capsule fighter=f-0-sk0 mesh=SK_Harpy_H3LD physicsAsset=0 radius=20.0 halfHeight=21.0 top=42.0 bodyCollision=0 source=meshBounds
2026.09.30-16.39.27 ARTPREVIEW team ring fighter=f-0-sk0 team=P1 look=P1 mode=absolute shape=circle shown=1 mesh=SM_Marker_TeamRing_P1 fill=#E8C06A keyline=#111317 fillLinear=(0.8070,0.5271,0.1441) zMin=0.60 zMax=1.20 scale=0.78 base=hidden blockout=0 art=1 rim=#FFFFFF
2026.09.30-16.39.27 ARTPREVIEW anim fighter=f-0-sk0 clip=Idle len=2.000 event=spawn loop=1 phase=0.6635 seq=-1 asset=AM_Harpy_Idle
2026.09.30-16.39.27 ARTPREVIEW heroesV2 fighter=f-0-sk1 mesh=/Game/PipelineCandidates/Harpy/H3LD/Meshes/SK_Harpy_H3LD mi=/Game/PipelineCandidates/Harpy/H3LD/Materials/MI_Harpy_H3LD_P1 yaw=90.0 scale=1.0000 name=Harpies hero=0 look=P1 base=/Game/PipelineCandidates/Harpy/H3LD/Meshes/SM_Harpy_H3LD_Base baseMi=/Game/PipelineCandidates/Harpy/H3LD/Materials/MI_Harpy_H3LD_Base_P1 skeleton=/Game/PipelineCandidates/Harpy/Rig/SK_Harpy_Skeleton.SK_Harpy_Skeleton clips=4/4 boundsTop=42.00 figureTop=42.00 budget=42.0
2026.09.30-16.39.27 ARTPREVIEW click capsule fighter=f-0-sk1 mesh=SK_Harpy_H3LD physicsAsset=0 radius=20.0 halfHeight=21.0 top=42.0 bodyCollision=0 source=meshBounds
2026.09.30-16.39.27 ARTPREVIEW team ring fighter=f-0-sk1 team=P1 look=P1 mode=absolute shape=circle shown=1 mesh=SM_Marker_TeamRing_P1 fill=#E8C06A keyline=#111317 fillLinear=(0.8070,0.5271,0.1441) zMin=0.60 zMax=1.20 scale=0.78 base=hidden blockout=0 art=1 rim=#FFFFFF
2026.09.30-16.39.27 ARTPREVIEW anim fighter=f-0-sk1 clip=Idle len=2.000 event=spawn loop=1 phase=0.9016 seq=-1 asset=AM_Harpy_Idle
2026.09.30-16.39.27 ARTPREVIEW heroesV2 fighter=f-0-sk2 mesh=/Game/PipelineCandidates/Harpy/H3LD/Meshes/SK_Harpy_H3LD mi=/Game/PipelineCandidates/Harpy/H3LD/Materials/MI_Harpy_H3LD_P1 yaw=90.0 scale=1.0000 name=Harpies hero=0 look=P1 base=/Game/PipelineCandidates/Harpy/H3LD/Meshes/SM_Harpy_H3LD_Base baseMi=/Game/PipelineCandidates/Harpy/H3LD/Materials/MI_Harpy_H3LD_Base_P1 skeleton=/Game/PipelineCandidates/Harpy/Rig/SK_Harpy_Skeleton.SK_Harpy_Skeleton clips=4/4 boundsTop=42.00 figureTop=42.00 budget=42.0
2026.09.30-16.39.27 ARTPREVIEW click capsule fighter=f-0-sk2 mesh=SK_Harpy_H3LD physicsAsset=0 radius=20.0 halfHeight=21.0 top=42.0 bodyCollision=0 source=meshBounds
2026.09.30-16.39.27 ARTPREVIEW team ring fighter=f-0-sk2 team=P1 look=P1 mode=absolute shape=circle shown=1 mesh=SM_Marker_TeamRing_P1 fill=#E8C06A keyline=#111317 fillLinear=(0.8070,0.5271,0.1441) zMin=0.60 zMax=1.20 scale=0.78 base=hidden blockout=0 art=1 rim=#FFFFFF
2026.09.30-16.39.27 ARTPREVIEW anim fighter=f-0-sk2 clip=Idle len=2.000 event=spawn loop=1 phase=0.1873 seq=-1 asset=AM_Harpy_Idle
2026.09.30-16.39.27 ARTPREVIEW heroesV2 fighter=f-1-hero mesh=/Game/PipelineCandidates/KingArthur/H2LD/Meshes/SK_KingArthur_H2LD mi=/Game/PipelineCandidates/KingArthur/H2LD/Materials/MI_KingArthur_H2LD_P2 yaw=270.0 scale=1.0000 name=King Arthur hero=1 look=P2 base=/Game/PipelineCandidates/KingArthur/H2LD/Meshes/SM_KingArthur_H2LD_Base baseMi=/Game/PipelineCandidates/KingArthur/H2LD/Materials/MI_KingArthur_H2LD_Base_P2 skeleton=/Game/PipelineCandidates/KingArthur/Rig/SK_KingArthur_Skeleton.SK_KingArthur_Skeleton clips=4/4 boundsTop=60.06 figureTop=55.00 budget=55.0
2026.09.30-16.39.27 ARTPREVIEW click capsule fighter=f-1-hero mesh=SK_KingArthur_H2LD physicsAsset=0 radius=12.8 halfHeight=30.0 top=60.1 bodyCollision=0 source=meshBounds
2026.09.30-16.39.27 ARTPREVIEW team ring fighter=f-1-hero team=P2 look=P2 mode=absolute shape=hexagon shown=1 mesh=SM_Marker_TeamRing_P2 fill=#5A7F9F keyline=#111317 fillLinear=(0.1022,0.2122,0.3467) zMin=0.60 zMax=1.20 scale=1.00 base=hidden blockout=0 art=1 rim=#FFFFFF
2026.09.30-16.39.27 ARTPREVIEW anim fighter=f-1-hero clip=Idle len=2.500 event=spawn loop=1 phase=0.3470 seq=-1 asset=AM_KingArthur_Idle
2026.09.30-16.39.27 ARTPREVIEW heroesV2 fighter=f-1-sk0 mesh=/Game/PipelineCandidates/Merlin/H2LD/Meshes/SK_Merlin_H2LD mi=/Game/PipelineCandidates/Merlin/H2LD/Materials/MI_Merlin_H2LD_P2 yaw=270.0 scale=1.0003 name=Merlin hero=0 look=P2 base=/Game/PipelineCandidates/Merlin/H2LD/Meshes/SM_Merlin_H2LD_Base baseMi=/Game/PipelineCandidates/Merlin/H2LD/Materials/MI_Merlin_H2LD_Base_P2 skeleton=/Game/PipelineCandidates/Merlin/Rig/SK_Merlin_Skeleton.SK_Merlin_Skeleton clips=4/4 boundsTop=49.44 figureTop=45.00 budget=45.0
2026.09.30-16.39.27 ARTPREVIEW click capsule fighter=f-1-sk0 mesh=SK_Merlin_H2LD physicsAsset=0 radius=10.5 halfHeight=24.7 top=49.4 bodyCollision=0 source=meshBounds
2026.09.30-16.39.27 ARTPREVIEW team ring fighter=f-1-sk0 team=P2 look=P2 mode=absolute shape=hexagon shown=1 mesh=SM_Marker_TeamRing_P2 fill=#5A7F9F keyline=#111317 fillLinear=(0.1022,0.2122,0.3467) zMin=0.60 zMax=1.20 scale=0.78 base=hidden blockout=0 art=1 rim=#FFFFFF
2026.09.30-16.39.27 ARTPREVIEW anim fighter=f-1-sk0 clip=Idle len=3.000 event=spawn loop=1 phase=0.8028 seq=-1 asset=AM_Merlin_Idle
2026.09.30-16.39.27 ARTPREVIEW heroesV2 summary fighters=6 mapped=6 v2=6
2026.09.30-16.39.27 FIGHTERS synced n=6 alive=6 own=4 enemy=2
2026.09.30-16.39.27 BENCH scene fixture=S08BenchCobble.json board=5x6 fighters=6 viewer=cmukie55u0000wiao06h107t9 hero=f-0-hero art=1 profile=cobble-city views=K1+K2x5 warmup=30 settle=8 measure=20 fps=0 profileGpu=1 csv=1
2026.09.30-16.39.57 BENCH warmup done elapsed=30.0
2026.09.30-16.39.57 BENCH view=K1 overview target=1930.8
2026.09.30-16.39.57 BENCH view=K1 camera settled=1 dist=1930.8 target=1930.8 zoom=1.00
2026.09.30-16.40.25 BENCH measure view=K1 window=20.0 frames=3664 fps=183.16 frameMs avg=5.46 p50=5.46 p95=6.64 p99=7.29 max=14.84 hitches50=0 gpuMs avg=1.83 p50=1.82 p95=1.90 gameMs avg=1.29 p95=1.66 renderMs avg=5.46 p95=6.63
2026.09.30-16.40.25 RENDER tag=BENCH rhi=D3D12 featureLevel=SM6 shaderPlatform=PCD3D_SM6 lumenPlatform=1 gi=lumen giMethod=1 refl=lumen reflMethod=1 shadows=csm vsmEnable=0 sg.res=100 sg.view=2 sg.aa=2 sg.shadow=2 sg.gi=2 sg.refl=2 sg.pp=2 sg.tex=2 sg.fx=2 sg.foliage=2 sg.shading=2 sg.landscape=2 preset=High screenPct=100.0 screenPctMode=0 aa=TSR aaMethod=4 exposure=fixed-histogram expMin=4.14106 expMax=4.14106 expBias=0.000 ev100=2.05 lightUnits=candelas sky=1 skyIntensity=11.200 keyShadow=csm-3000uu-2c-contact0.000 shadowCasters=1 profile=cobble-probe profilesSha256=1ecc1e9281845655acf8b31f1dcf52a7510abfc8ba8505525ad72ee8f4ce3c4c profilesSource=pak legacyRender=0 gameLayer=unlit-eyeadaptinv tMaxFPS=0.0 vsync=0 frameRateLimit=60.0 substrate=0 nanite=1 meshDF=1 viewport=1920x1080 reference=1
2026.09.30-16.40.25 BENCH profilegpu view=K1 requested (dump in Unmatched.log, LogRHI)
2026.09.30-16.40.28 SHOT ctx viewport=1920x1080 viewTarget=CameraActor_2147482348 cam=(0,1107,1582) rot=(-55,-90,0)
2026.09.30-16.40.28 RENDER tag=SHOT rhi=D3D12 featureLevel=SM6 shaderPlatform=PCD3D_SM6 lumenPlatform=1 gi=lumen giMethod=1 refl=lumen reflMethod=1 shadows=csm vsmEnable=0 sg.res=100 sg.view=2 sg.aa=2 sg.shadow=2 sg.gi=2 sg.refl=2 sg.pp=2 sg.tex=2 sg.fx=2 sg.foliage=2 sg.shading=2 sg.landscape=2 preset=High screenPct=100.0 screenPctMode=0 aa=TSR aaMethod=4 exposure=fixed-histogram expMin=4.14106 expMax=4.14106 expBias=0.000 ev100=2.05 lightUnits=candelas sky=1 skyIntensity=11.200 keyShadow=csm-3000uu-2c-contact0.000 shadowCasters=1 profile=cobble-probe profilesSha256=1ecc1e9281845655acf8b31f1dcf52a7510abfc8ba8505525ad72ee8f4ce3c4c profilesSource=pak legacyRender=0 gameLayer=unlit-eyeadaptinv tMaxFPS=0.0 vsync=0 frameRateLimit=60.0 substrate=0 nanite=1 meshDF=1 viewport=1920x1080 reference=1
2026.09.30-16.40.28 SHOT fighter f-0-hero pos=(2,2) world=(0,-50,0) screen=(960,476) projected=1 alive=1
2026.09.30-16.40.28 SHOT fighter f-0-sk0 pos=(3,2) world=(100,-50,0) screen=(1115,476) projected=1 alive=1
2026.09.30-16.40.28 SHOT fighter f-0-sk1 pos=(2,1) world=(0,-150,0) screen=(960,355) projected=1 alive=1
2026.09.30-16.40.28 SHOT fighter f-0-sk2 pos=(1,2) world=(-100,-50,0) screen=(805,476) projected=1 alive=1
2026.09.30-16.40.28 SHOT fighter f-1-hero pos=(2,3) world=(0,50,0) screen=(960,606) projected=1 alive=1
2026.09.30-16.40.28 SHOT fighter f-1-sk0 pos=(3,3) world=(100,50,0) screen=(1120,606) projected=1 alive=1
2026.09.30-16.40.28 SHOT camera dist=1930.8 target=1930.8 overview=1930.8 errPct=0.000 focusErr=0.00 settled=1 zoom=1.00
2026.09.30-16.40.28 SHOT head fighter=f-0-hero socket=Head mesh=SK_Medusa_H2LD world=(-0.1,-49.6,47.2) screen=(959.8,432.7) top=(959.8,427.0) bottom=(959.8,438.4) headPx=11.5 projected=1
2026.09.30-16.40.28 SHOT head fighter=f-0-sk0 socket=Head mesh=SK_Harpy_H3LD world=(100.0,-44.6,34.0) screen=(1117.9,451.6) top=(1118.3,445.9) bottom=(1117.5,457.2) headPx=11.3 projected=1
2026.09.30-16.40.28 SHOT head fighter=f-0-sk1 socket=Head mesh=SK_Harpy_H3LD world=(-0.2,-145.0,34.3) screen=(959.8,327.8) top=(959.8,322.0) bottom=(959.8,333.6) headPx=11.6 projected=1
2026.09.30-16.40.28 SHOT head fighter=f-0-sk2 socket=Head mesh=SK_Harpy_H3LD world=(-100.7,-44.8,34.1) screen=(801.0,451.2) top=(800.6,445.6) bottom=(801.4,456.9) headPx=11.3 projected=1
2026.09.30-16.40.28 SHOT head fighter=f-1-hero socket=Head mesh=SK_KingArthur_H2LD world=(-0.6,49.5,50.0) screen=(959.0,559.4) top=(959.0,553.8) bottom=(959.0,565.0) headPx=11.2 projected=1
2026.09.30-16.40.28 SHOT head fighter=f-1-sk0 socket=Head mesh=SK_Merlin_H2LD world=(99.9,47.2,36.6) screen=(1122.3,568.7) top=(1122.7,563.1) bottom=(1121.9,574.2) headPx=11.1 projected=1
2026.09.30-16.40.28 SHOT figure fighter=f-0-hero bbox=(914,389,1006,512) ringR=28.50 art=1 blockout=0 team=P1 look=P1 ring=1
2026.09.30-16.40.28 SHOT figure fighter=f-0-sk0 bbox=(1080,409,1155,504) ringR=22.23 art=1 blockout=0 team=P1 look=P1 ring=1
2026.09.30-16.40.28 SHOT figure fighter=f-0-sk1 bbox=(926,288,994,381) ringR=22.23 art=1 blockout=0 team=P1 look=P1 ring=1
2026.09.30-16.40.28 SHOT figure fighter=f-0-sk2 bbox=(765,409,840,504) ringR=22.23 art=1 blockout=0 team=P1 look=P1 ring=1
2026.09.30-16.40.28 SHOT figure fighter=f-1-hero bbox=(913,513,1007,644) ringR=28.50 art=1 blockout=0 team=P2 look=P2 ring=1
2026.09.30-16.40.28 SHOT figure fighter=f-1-sk0 bbox=(1084,531,1161,635) ringR=22.23 art=1 blockout=0 team=P2 look=P2 ring=1
2026.09.30-16.40.28 SHOT request file=bench-K1-1920x1080.png frame=11146
2026.09.30-16.40.28 SHOT requested: FScreenshotRequest(bShowUI) -> C:\Users\ren\WebstormProjects\unmached\unmached\docs\game-design\evidence\GD-058\interim-2026-09-30\packaged\perf\bench\dx12-lumen-high-v2\r2/bench-K1-1920x1080.png
2026.09.30-16.40.28 SHOT captured file=bench-K1-1920x1080.png frame=11146 px=1920x1080 sha256=13f5d3cdb2aca02e2191a834085a306a1a6672afe5fcc9843968ba12a1b9b320 order=BGRA saved=1
2026.09.30-16.40.28 SHOT late begin file=bench-K1-1920x1080.png frame=11146 requestFrame=11146
2026.09.30-16.40.28 SHOT iconstate visible=0 lastFighter=none frame=11146
2026.09.30-16.40.28 SHOT panel id=hud.command bbox=(0,0,20,20) geom=painted visible=1 frame=11146
2026.09.30-16.40.28 SHOT panel id=hud.side bbox=(1884,0,1920,28) geom=painted visible=1 frame=11146
2026.09.30-16.40.28 SHOT panel id=hud.hand bbox=(950,1060,970,1080) geom=painted visible=1 frame=11146
2026.09.30-16.40.28 SHOT label fighter=f-0-hero mode=full bbox=(916,381,1004,414) frame=11146
2026.09.30-16.40.28 SHOT label fighter=f-0-sk0 mode=full bbox=(1072,399,1169,428) frame=11146
2026.09.30-16.40.28 SHOT label fighter=f-0-sk1 mode=full bbox=(914,276,1006,305) frame=11146
2026.09.30-16.40.28 SHOT label fighter=f-0-sk2 mode=full bbox=(751,399,848,428) frame=11146
2026.09.30-16.40.28 SHOT label fighter=f-1-hero mode=full bbox=(913,517,1007,545) frame=11146
2026.09.30-16.40.28 SHOT label fighter=f-1-sk0 mode=full bbox=(1088,529,1162,558) frame=11146
2026.09.30-16.40.28 SHOT late end file=bench-K1-1920x1080.png frame=11146
2026.09.30-16.40.28 BENCH shot view=K1 saved=1 path=C:\Users\ren\WebstormProjects\unmached\unmached\docs\game-design\evidence\GD-058\interim-2026-09-30\packaged\perf\bench\dx12-lumen-high-v2\r2/bench-K1-1920x1080.png
2026.09.30-16.40.28 ARTPREVIEW selection ring shown fighter=Medusa mesh=SM_Marker_SelectionRing
2026.09.30-16.40.28 ARTPREVIEW reachable corners cells=13 placed=1
2026.09.30-16.40.28 BENCH view=K2x5 focus hero=f-0-hero zoom=5.00 target=386.2 clamp=0
2026.09.30-16.40.28 BENCH view=K2x5 camera settled=1 dist=389.3 target=386.2 zoom=4.96
2026.09.30-16.40.56 BENCH measure view=K2x5 window=20.0 frames=3434 fps=171.66 frameMs avg=5.83 p50=5.83 p95=6.89 p99=7.39 max=11.91 hitches50=0 gpuMs avg=2.07 p50=2.05 p95=2.23 gameMs avg=1.33 p95=1.63 renderMs avg=5.82 p95=6.88
2026.09.30-16.40.56 RENDER tag=BENCH rhi=D3D12 featureLevel=SM6 shaderPlatform=PCD3D_SM6 lumenPlatform=1 gi=lumen giMethod=1 refl=lumen reflMethod=1 shadows=csm vsmEnable=0 sg.res=100 sg.view=2 sg.aa=2 sg.shadow=2 sg.gi=2 sg.refl=2 sg.pp=2 sg.tex=2 sg.fx=2 sg.foliage=2 sg.shading=2 sg.landscape=2 preset=High screenPct=100.0 screenPctMode=0 aa=TSR aaMethod=4 exposure=fixed-histogram expMin=4.14106 expMax=4.14106 expBias=0.000 ev100=2.05 lightUnits=candelas sky=1 skyIntensity=11.200 keyShadow=csm-3000uu-2c-contact0.000 shadowCasters=1 profile=cobble-probe profilesSha256=1ecc1e9281845655acf8b31f1dcf52a7510abfc8ba8505525ad72ee8f4ce3c4c profilesSource=pak legacyRender=0 gameLayer=unlit-eyeadaptinv tMaxFPS=0.0 vsync=0 frameRateLimit=60.0 substrate=0 nanite=1 meshDF=1 viewport=1920x1080 reference=1
2026.09.30-16.40.56 BENCH profilegpu view=K2x5 requested (dump in Unmatched.log, LogRHI)
2026.09.30-16.40.59 SHOT ctx viewport=1920x1080 viewTarget=CameraActor_2147482348 cam=(0,171,344) rot=(-55,-90,0)
2026.09.30-16.40.59 RENDER tag=SHOT rhi=D3D12 featureLevel=SM6 shaderPlatform=PCD3D_SM6 lumenPlatform=1 gi=lumen giMethod=1 refl=lumen reflMethod=1 shadows=csm vsmEnable=0 sg.res=100 sg.view=2 sg.aa=2 sg.shadow=2 sg.gi=2 sg.refl=2 sg.pp=2 sg.tex=2 sg.fx=2 sg.foliage=2 sg.shading=2 sg.landscape=2 preset=High screenPct=100.0 screenPctMode=0 aa=TSR aaMethod=4 exposure=fixed-histogram expMin=4.14106 expMax=4.14106 expBias=0.000 ev100=2.05 lightUnits=candelas sky=1 skyIntensity=11.200 keyShadow=csm-3000uu-2c-contact0.000 shadowCasters=1 profile=cobble-probe profilesSha256=1ecc1e9281845655acf8b31f1dcf52a7510abfc8ba8505525ad72ee8f4ce3c4c profilesSource=pak legacyRender=0 gameLayer=unlit-eyeadaptinv tMaxFPS=0.0 vsync=0 frameRateLimit=60.0 substrate=0 nanite=1 meshDF=1 viewport=1920x1080 reference=1
2026.09.30-16.40.59 SHOT fighter f-0-hero pos=(2,2) world=(0,-50,0) screen=(960,660) projected=1 alive=1
2026.09.30-16.40.59 SHOT fighter f-0-sk0 pos=(3,2) world=(100,-50,0) screen=(1704,660) projected=1 alive=1
2026.09.30-16.40.59 SHOT fighter f-0-sk1 pos=(2,1) world=(0,-150,0) screen=(960,110) projected=1 alive=1
2026.09.30-16.40.59 SHOT fighter f-0-sk2 pos=(1,2) world=(-100,-50,0) screen=(216,660) projected=1 alive=1
2026.09.30-16.40.59 SHOT fighter f-1-hero pos=(2,3) world=(0,50,0) screen=(960,1388) projected=1 alive=1
2026.09.30-16.40.59 SHOT fighter f-1-sk0 pos=(3,3) world=(100,50,0) screen=(1826,1388) projected=1 alive=1
2026.09.30-16.40.59 SHOT camera dist=386.2 target=386.2 overview=1930.8 errPct=0.000 focusErr=0.00 settled=1 zoom=5.00
2026.09.30-16.40.59 SHOT head fighter=f-0-hero socket=Head mesh=SK_Medusa_H2LD world=(0.3,-48.7,47.1) screen=(962.5,458.5) top=(962.5,428.7) bottom=(962.5,487.6) headPx=58.8 projected=1
2026.09.30-16.40.59 SHOT head fighter=f-0-sk0 socket=Head mesh=SK_Harpy_H3LD world=(99.4,-44.7,34.0) screen=(1760.1,547.3) top=(1770.7,519.3) bottom=(1749.9,574.5) headPx=59.0 projected=1
2026.09.30-16.40.59 SHOT head fighter=f-0-sk1 socket=Head mesh=SK_Harpy_H3LD world=(-0.1,-144.6,34.0) screen=(959.6,-25.8) top=(959.6,-56.6) bottom=(959.6,4.3) headPx=60.9 projected=1
2026.09.30-16.40.59 SHOT head fighter=f-0-sk2 socket=Head mesh=SK_Harpy_H3LD world=(-100.1,-44.9,34.3) screen=(153.6,544.4) top=(143.0,516.4) bottom=(164.0,571.7) headPx=59.2 projected=1
2026.09.30-16.40.59 SHOT head fighter=f-1-hero socket=Head mesh=SK_KingArthur_H2LD world=(0.5,49.2,50.1) screen=(964.7,1211.5) top=(964.8,1188.1) bottom=(964.7,1234.2) headPx=46.1 projected=1
2026.09.30-16.40.59 SHOT head fighter=f-1-sk0 socket=Head mesh=SK_Merlin_H2LD world=(100.3,46.7,36.4) screen=(1903.1,1239.6) top=(1917.6,1217.5) bottom=(1889.0,1261.0) headPx=52.1 projected=1
2026.09.30-16.40.59 SHOT selection fighter=f-0-hero ownCell=(2,2) legal=14 destinations=13 ownCellExcluded=1 plateFighter=none
2026.09.30-16.40.59 SHOT reachable fighter=f-0-hero n=13 cells=(1,0)(2,0)(3,0)(0,1)(1,1)(3,1)(4,1)(0,2)(4,2)(0,3)(1,3)(4,3)(1,4)
2026.09.30-16.40.59 SHOT figure fighter=f-0-hero bbox=(710,229,1210,845) ringR=28.50 art=1 blockout=0 team=P1 look=P1 ring=1
2026.09.30-16.40.59 SHOT figure fighter=f-0-sk0 bbox=(1521,334,1988,803) ringR=22.23 art=1 blockout=0 team=P1 look=P1 ring=1
2026.09.30-16.40.59 SHOT figure fighter=f-0-sk1 bbox=(799,-200,1121,220) ringR=22.23 art=1 blockout=0 team=P1 look=P1 ring=1
2026.09.30-16.40.59 SHOT figure fighter=f-0-sk2 bbox=(-68,334,399,803) ringR=22.23 art=1 blockout=0 team=P1 look=P1 ring=1
2026.09.30-16.40.59 SHOT figure fighter=f-1-hero bbox=(657,924,1263,1641) ringR=28.50 art=1 blockout=0 team=P2 look=P2 ring=1
2026.09.30-16.40.59 SHOT figure fighter=f-1-sk0 bbox=(1610,1023,2207,1584) ringR=22.23 art=1 blockout=0 team=P2 look=P2 ring=1
2026.09.30-16.40.59 SHOT request file=bench-K2x5-1920x1080.png frame=16513
2026.09.30-16.40.59 SHOT requested: FScreenshotRequest(bShowUI) -> C:\Users\ren\WebstormProjects\unmached\unmached\docs\game-design\evidence\GD-058\interim-2026-09-30\packaged\perf\bench\dx12-lumen-high-v2\r2/bench-K2x5-1920x1080.png
2026.09.30-16.40.59 SHOT captured file=bench-K2x5-1920x1080.png frame=16513 px=1920x1080 sha256=3fda1f7d0e5075140321d1386acddb464dd59ab463a9ac2de9e5606fe1cf3f92 order=BGRA saved=1
2026.09.30-16.40.59 SHOT late begin file=bench-K2x5-1920x1080.png frame=16513 requestFrame=16513
2026.09.30-16.40.59 SHOT iconstate visible=0 lastFighter=none frame=16513
2026.09.30-16.40.59 SHOT panel id=hud.command bbox=(0,0,20,20) geom=painted visible=1 frame=16513
2026.09.30-16.40.59 SHOT panel id=hud.side bbox=(1884,0,1920,28) geom=painted visible=1 frame=16513
2026.09.30-16.40.59 SHOT panel id=hud.hand bbox=(950,1060,970,1080) geom=painted visible=1 frame=16513
2026.09.30-16.40.59 SHOT label fighter=f-0-hero mode=full bbox=(911,321,1009,379) frame=16513
2026.09.30-16.40.59 SHOT late end file=bench-K2x5-1920x1080.png frame=16513
2026.09.30-16.40.59 BENCH shot view=K2x5 saved=1 path=C:\Users\ren\WebstormProjects\unmached\unmached\docs\game-design\evidence\GD-058\interim-2026-09-30\packaged\perf\bench\dx12-lumen-high-v2\r2/bench-K2x5-1920x1080.png
2026.09.30-16.40.59 BENCH done views=2 elapsed=92.7
2026.09.30-16.40.59 --- S08 trace close ---
