2026.09.30-17.18.09 --- S08 trace open 2026.09.30-17.18.09 ---
2026.09.30-17.18.09 HUD team chips ready=1 mode=absolute tagNames=rule
2026.09.30-17.18.09 HUD icon texture size=32 ready=1 path=/Game/ArtTests/ARTMarkers/Textures/T_UI_Action_AttackToken_32 texture=32x32 probe=0 plate=1
2026.09.30-17.18.09 HUD art widget tag impl=umg source=/Game/S08/UI/ArtHud/WBP_S08ArtTag class=/Game/S08/UI/ArtHud/WBP_S08ArtTag.WBP_S08ArtTag_C count=8 missing=- codeDefaultTree=0
2026.09.30-17.18.09 HUD art widget plate impl=umg source=/Game/S08/UI/ArtHud/WBP_S08ArtPlate class=/Game/S08/UI/ArtHud/WBP_S08ArtPlate.WBP_S08ArtPlate_C parts=1 missing=- codeDefaultTree=0
2026.09.30-17.18.09 HUD art widget icon impl=umg source=/Game/S08/UI/ArtHud/WBP_S08ArtIcon class=/Game/S08/UI/ArtHud/WBP_S08ArtIcon.WBP_S08ArtIcon_C parts=1 missing=- codeDefaultTree=0
2026.09.30-17.18.09 HUD art widget damage impl=umg source=/Game/S08/UI/ArtHud/WBP_S08ArtDamage class=/Game/S08/UI/ArtHud/WBP_S08ArtDamage.WBP_S08ArtDamage_C parts=1 missing=- codeDefaultTree=0
2026.09.30-17.18.09 RENDER preset applied=High flag=S08RenderPreset
2026.09.30-17.18.09 BENCH start (W4-A backend-less render bench)
2026.09.30-17.18.09 ARTPREVIEW diorama requested mesh=/Game/PipelineCandidates/TableBase/20260928-table-base-tripo-h31/Meshes/SM_TableBase.SM_TableBase mi=MI_TableBase_Candidate
2026.09.30-17.18.09 ARTPREVIEW envlayout enabled dir=Config/ArtBoards/EnvLayouts source=pak files=2 names=marmoreal.layout.json+sarpedon.layout.json
2026.09.30-17.18.09 ARTPREVIEW board profiles loaded=1 revision=7 boards=5 zoneStyles=11 lightProfiles=5 errors=0 path=Config/ArtBoards/S08ArtBoardProfiles.json
2026.09.30-17.18.09 ARTPREVIEW board profiles source=pak sha256=0e8981d443496a85b921ea799235271a9e24de07dab25a862f7546b91d9fe25b
2026.09.30-17.18.09 ARTPREVIEW zone content instances=12/12 glyphMeshes=11/11
2026.09.30-17.18.09 ARTPREVIEW zone keyline content mi=MI_ART005_Zone_Keyline glyphKeyMeshes=11/11 color=#111317
2026.09.30-17.18.09 ARTPREVIEW game layer material=M_S08_GameLayerUnlit unlitEyeAdaptInv=1 legacyRender=0
2026.09.30-17.18.09 ARTPREVIEW Cobble assets ready
2026.09.30-17.18.09 ARTPREVIEW board assets ready cobbleMesh=1 tiles=1 zoneMaterials=2
2026.09.30-17.18.09 ARTPREVIEW medusa candidate variant=face-neck-v2 mesh=SK_Medusa_FaceNeck_v2Candidate requested=(default)
2026.09.30-17.18.09 ARTPREVIEW map-image assets map=Marmoreal mi=MI_Marmoreal_MapBoard material=M_MapBoard bc=T_Marmoreal_Map_BC_4K mask=T_Marmoreal_Map_GameMask_4K boundBc=1 boundMask=1 sdf=1 id=1
2026.09.30-17.18.09 ARTPREVIEW board profile=marmoreal-original match=boardId board=7x6 boardId=c121b47f8d6eb28daccb76d05 surface=map-image light=marmoreal-night artFixture=0 map=Marmoreal
2026.09.30-17.18.09 ARTPREVIEW light profile=marmoreal-night name=key role=key kind=directional at=(-350,-150,600) intensity=3 units=lux radius=0 color=(0.62,0.70,0.90) shadow=1
2026.09.30-17.18.09 ARTPREVIEW light profile=marmoreal-night name=moon-pool role=cool kind=point at=(178,29,280) intensity=60 units=candelas radius=420 color=(0.60,0.72,1.00) shadow=0
2026.09.30-17.18.09 ARTPREVIEW sky profile=marmoreal-night cubemap=/Game/S08/Render/TC_S08_AmbientDome loaded=1 spawned=1 intensity=12.5 color=(0.80,0.85,0.97) lowerBlack=0
2026.09.30-17.18.09 ARTPREVIEW exposure profile=marmoreal-night method=histogram-fixed min=4.14106 max=4.14106 bias=0.000 ev100=2.05 volume=1
2026.09.30-17.18.09 ARTPREVIEW lights applied profile=marmoreal-night directional=1 shadow=1 points=1 pointShadows=0 budgetOk=1
2026.09.30-17.18.09 ARTPREVIEW render profile=marmoreal-night units=candelas sky=1 exposure=1 keyShadow=csm-3600uu-2c-contact0.000 shadowCasters=1 legacyRender=0
2026.09.30-17.18.09 ARTPREVIEW board active profile=marmoreal-original 7x6 surface=map-image map=Marmoreal spaces=31 links=42 starts=4 zoneKeys=8 multizone=21 triple=7 obstacles=11 size=891.3x577.3 src=1337x866 uuPerPx=0.6666667 frameUU=24 surfaceParts=4 corners=4 zoneMarks=0 lattice=0 pick=445.7x288.7 mi=MI_Marmoreal_MapBoard wood=1 expectOk=1
2026.09.30-17.18.09 ARTPREVIEW board map zone key=blue spaces=14 (painted, no zone marks)
2026.09.30-17.18.09 ARTPREVIEW board map zone key=brown spaces=7 (painted, no zone marks)
2026.09.30-17.18.09 ARTPREVIEW board map zone key=gray spaces=6 (painted, no zone marks)
2026.09.30-17.18.09 ARTPREVIEW board map zone key=green spaces=14 (painted, no zone marks)
2026.09.30-17.18.09 ARTPREVIEW board map zone key=purple spaces=5 (painted, no zone marks)
2026.09.30-17.18.09 ARTPREVIEW board map zone key=red spaces=4 (painted, no zone marks)
2026.09.30-17.18.09 ARTPREVIEW board map zone key=violet spaces=4 (painted, no zone marks)
2026.09.30-17.18.09 ARTPREVIEW board map zone key=yellow spaces=5 (painted, no zone marks)
2026.09.30-17.18.09 ARTPREVIEW envlayout prop id=portal mesh=SM_Env_Portal loc=(0.0,-420.0,-3.0) yaw=90.0 scale=1.450 shadow=1 size=186.0x71.9x217.5 bounds=(-93.0,-456.0,-3.0)..(93.0,-384.0,214.5) overMap=0 onTray=1
2026.09.30-17.18.09 ARTPREVIEW envlayout prop id=arcade-w1 mesh=SM_Env_ArcadeBay loc=(-169.2,-425.0,-3.0) yaw=90.0 scale=1.450 shadow=1 size=152.3x44.6x188.5 bounds=(-245.4,-447.3,-3.0)..(-93.0,-402.7,185.5) overMap=0 onTray=1
2026.09.30-17.18.09 ARTPREVIEW envlayout prop id=arcade-w2 mesh=SM_Env_ArcadeBay loc=(-321.5,-425.0,-3.0) yaw=90.0 scale=1.450 shadow=1 size=152.3x44.6x188.5 bounds=(-397.7,-447.3,-3.0)..(-245.3,-402.7,185.5) overMap=0 onTray=1
2026.09.30-17.18.09 ARTPREVIEW envlayout prop id=arcade-e1 mesh=SM_Env_ArcadeBay loc=(169.2,-425.0,-3.0) yaw=90.0 scale=1.450 shadow=1 size=152.3x44.6x188.5 bounds=(93.0,-447.3,-3.0)..(245.4,-402.7,185.5) overMap=0 onTray=1
2026.09.30-17.18.09 ARTPREVIEW envlayout prop id=arcade-e2 mesh=SM_Env_ArcadeBay loc=(321.5,-425.0,-3.0) yaw=90.0 scale=1.450 shadow=1 size=152.3x44.6x188.5 bounds=(245.3,-447.3,-3.0)..(397.7,-402.7,185.5) overMap=0 onTray=1
2026.09.30-17.18.09 ARTPREVIEW envlayout prop id=urn-w mesh=SM_Env_Urn loc=(-118.0,-372.0,-3.0) yaw=90.0 scale=1.000 shadow=1 size=34.3x23.6x35.0 bounds=(-135.2,-383.8,-3.0)..(-100.8,-360.2,32.0) overMap=0 onTray=1
2026.09.30-17.18.09 ARTPREVIEW envlayout prop id=cypress-nw mesh=SM_Env_Cypress loc=(-427.7,-440.0,-3.0) yaw=90.0 scale=1.300 shadow=1 size=45.6x41.1x143.0 bounds=(-450.5,-460.6,-3.0)..(-404.9,-419.4,140.0) overMap=0 onTray=1
2026.09.30-17.18.09 ARTPREVIEW envlayout prop id=lamp-nw mesh=SM_Env_LanternPlinth loc=(-520.0,-365.0,-3.0) yaw=90.0 scale=1.200 shadow=1 size=30.1x30.1x84.0 bounds=(-535.0,-380.0,-3.0)..(-505.0,-350.0,81.0) overMap=0 onTray=1
2026.09.30-17.18.09 ARTPREVIEW envlayout prop id=cherry-w mesh=SM_Env_Cherry loc=(-660.0,-170.0,-3.0) yaw=0.0 scale=1.400 shadow=1 size=198.7x257.0x252.0 bounds=(-759.3,-298.5,-3.0)..(-560.7,-41.5,249.0) overMap=0 onTray=1
2026.09.30-17.18.09 ARTPREVIEW envlayout prop id=lamp-w mesh=SM_Env_LanternPlinth loc=(-520.0,130.0,-3.0) yaw=90.0 scale=1.200 shadow=1 size=30.1x30.1x84.0 bounds=(-535.0,115.0,-3.0)..(-505.0,145.0,81.0) overMap=0 onTray=1
2026.09.30-17.18.09 ARTPREVIEW envlayout prop id=plinth-sw mesh=SM_Env_PlinthBall loc=(-525.0,368.0,-3.0) yaw=90.0 scale=1.000 shadow=1 size=25.7x25.7x60.0 bounds=(-537.9,355.1,-3.0)..(-512.1,380.9,57.0) overMap=0 onTray=1
2026.09.30-17.18.09 ARTPREVIEW envlayout prop id=urn-e mesh=SM_Env_Urn loc=(118.0,-372.0,-3.0) yaw=90.0 scale=1.000 shadow=1 size=34.3x23.6x35.0 bounds=(100.8,-383.8,-3.0)..(135.2,-360.2,32.0) overMap=0 onTray=1
2026.09.30-17.18.09 ARTPREVIEW envlayout prop id=cypress-ne mesh=SM_Env_Cypress loc=(427.7,-440.0,-3.0) yaw=90.0 scale=1.300 shadow=1 size=45.6x41.1x143.0 bounds=(404.9,-460.6,-3.0)..(450.5,-419.4,140.0) overMap=0 onTray=1
2026.09.30-17.18.09 ARTPREVIEW envlayout prop id=lamp-ne mesh=SM_Env_LanternPlinth loc=(520.0,-365.0,-3.0) yaw=90.0 scale=1.200 shadow=1 size=30.1x30.1x84.0 bounds=(505.0,-380.0,-3.0)..(535.0,-350.0,81.0) overMap=0 onTray=1
2026.09.30-17.18.09 ARTPREVIEW envlayout prop id=cherry-e mesh=SM_Env_Cherry loc=(660.0,-170.0,-3.0) yaw=180.0 scale=1.400 shadow=1 size=198.7x257.0x252.0 bounds=(560.7,-298.5,-3.0)..(759.3,-41.5,249.0) overMap=0 onTray=1
2026.09.30-17.18.09 ARTPREVIEW envlayout prop id=lamp-e mesh=SM_Env_LanternPlinth loc=(520.0,130.0,-3.0) yaw=90.0 scale=1.200 shadow=1 size=30.1x30.1x84.0 bounds=(505.0,115.0,-3.0)..(535.0,145.0,81.0) overMap=0 onTray=1
2026.09.30-17.18.09 ARTPREVIEW envlayout prop id=plinth-se mesh=SM_Env_PlinthBall loc=(525.0,368.0,-3.0) yaw=90.0 scale=1.000 shadow=1 size=25.7x25.7x60.0 bounds=(512.1,355.1,-3.0)..(537.9,380.9,57.0) overMap=0 onTray=1
2026.09.30-17.18.09 ARTPREVIEW envlayout light id=lamp-nw kind=point at=(-520.0,-365.0,70.1) intensity=45 units=candelas radius=320 color=#FFB870 shadow=0
2026.09.30-17.18.09 ARTPREVIEW envlayout light id=lamp-ne kind=point at=(520.0,-365.0,70.1) intensity=45 units=candelas radius=320 color=#FFB870 shadow=0
2026.09.30-17.18.09 ARTPREVIEW envlayout light id=lamp-w kind=point at=(-520.0,130.0,70.1) intensity=40 units=candelas radius=300 color=#FFB870 shadow=0
2026.09.30-17.18.09 ARTPREVIEW envlayout light id=lamp-e kind=point at=(520.0,130.0,70.1) intensity=40 units=candelas radius=300 color=#FFB870 shadow=0
2026.09.30-17.18.09 ARTPREVIEW envlayout light id=portal-glow kind=point at=(0.0,-380.0,120.0) intensity=55 units=candelas radius=360 color=#FFC98A shadow=0
2026.09.30-17.18.09 ARTPREVIEW envlayout map=marmoreal props=17 lights=5 missingMeshes=0 layoutProps=17 layoutLights=5 skippedMissing=0 skippedInsideMap=0 intrusions=0 outsideTray=0 outsideKit=0 shadowCasters=17 profilePoints=1 combinedPoints=6 combinedBudgetOk=1 tray=layout trayApronMismatch=0 profile=marmoreal-original boardId=c121b47f8d6eb28daccb76d05 file=Config/ArtBoards/EnvLayouts/marmoreal.layout.json sha256=7ca20d24b9053e704f951edf04fed364d3f439fea946fb69c3ba6f7f4c10848c source=pak status=ok
2026.09.30-17.18.09 ARTPREVIEW envlayout tray map=marmoreal source=layout outerHalf=729.7x442.7 offsetY=-40.0 frameHalf=469.7x312.7 fitBoardHalf=679.7x352.7 anisotropy=1.430
2026.09.30-17.18.09 ARTPREVIEW diorama tray=/Game/PipelineCandidates/TableBase/20260928-table-base-tripo-h31/Meshes/SM_TableBase.SM_TableBase mi=MI_TableBase_Candidate surface=map-image yaw=0.0 scale=1.930x1.350x1.000 bounds=(-729.7,-482.7,-153.0)..(729.7,402.7,-3.0) size=1459.3x885.3x150.0 topZ=-3.0 boardHalf=679.7x352.7 rimUU=50.0 collision=none offset=(0.0,-40.0) anisotropy=1.430 waiver=T1-placeholder
2026.09.30-17.18.09 CAMERA extents source=map-image half=445.7x288.7 dist=1872.2
2026.09.30-17.18.09 CAMERA dist=1872 loc=(0,1074,1534) pitch=-55 yaw=-90
2026.09.30-17.18.09 CAMERA config overview=1872.2 nearest=300.0 farthest=2880.2 zoomRange=0.65-6.24 minDist=300.0 outRatio=0.650 step=1.250 animMs=200 returnMs=300 followFrom=1.20 source=defaults issues=0
2026.09.30-17.18.09 BOARD 7x6 cells | control points: (0,0)=(-319,-228,0) (6,5)=(300,250,0) | neighbor pair (dist 89 uu)
2026.09.30-17.18.09 BOARD topology spaces=31 links=42 starts=3:M03,4:M11,1:M13,2:M31 frame=1337x866px uuPerPx=0.6667 radius=42.0uu (default)
2026.09.30-17.18.09 ARTPREVIEW team mapping mode=absolute source=fighter-prefix viewerTeam=- p1=f-0-hero,f-0-sk0,f-0-sk1,f-0-sk2 p2=f-1-hero,f-1-sk0
2026.09.30-17.18.09 ARTPREVIEW heroesV2 fighter=f-0-hero mesh=/Game/PipelineCandidates/Medusa/H2LD/Meshes/SK_Medusa_H2LD mi=/Game/PipelineCandidates/Medusa/H2LD/Materials/MI_Medusa_H2LD_P1 yaw=90.0 scale=0.9998 name=Medusa hero=1 look=P1 base=/Game/PipelineCandidates/Medusa/H2LD/Meshes/SM_Medusa_H2LD_Base baseMi=/Game/PipelineCandidates/Medusa/H2LD/Materials/MI_Medusa_H2LD_Base_P1 skeleton=/Game/PipelineCandidates/Medusa/Rig/SK_Medusa_Skeleton.SK_Medusa_Skeleton clips=4/4 boundsTop=55.00 figureTop=55.00 budget=55.0
2026.09.30-17.18.09 ARTPREVIEW click capsule fighter=f-0-hero mesh=SK_Medusa_H2LD physicsAsset=0 radius=11.6 halfHeight=27.5 top=55.0 bodyCollision=0 source=meshBounds
2026.09.30-17.18.09 ARTPREVIEW fighter=Medusa hero=1 eligible=0 visual=1 mesh=SK_Medusa_H2LD
2026.09.30-17.18.09 ARTPREVIEW team ring fighter=f-0-hero team=P1 look=P1 mode=absolute shape=circle shown=1 mesh=SM_Marker_TeamRing_P1 fill=#E8C06A keyline=#111317 fillLinear=(0.8070,0.5271,0.1441) zMin=0.60 zMax=1.20 scale=1.00 base=hidden blockout=0 art=1 rim=#FFFFFF
2026.09.30-17.18.09 ARTPREVIEW anim fighter=f-0-hero clip=Idle len=2.333 event=spawn loop=1 phase=0.8071 seq=-1 asset=AM_Medusa_Idle
2026.09.30-17.18.09 ARTPREVIEW heroesV2 fighter=f-0-sk0 mesh=/Game/PipelineCandidates/Harpy/H3LD/Meshes/SK_Harpy_H3LD mi=/Game/PipelineCandidates/Harpy/H3LD/Materials/MI_Harpy_H3LD_P1 yaw=90.0 scale=1.0000 name=Harpies hero=0 look=P1 base=/Game/PipelineCandidates/Harpy/H3LD/Meshes/SM_Harpy_H3LD_Base baseMi=/Game/PipelineCandidates/Harpy/H3LD/Materials/MI_Harpy_H3LD_Base_P1 skeleton=/Game/PipelineCandidates/Harpy/Rig/SK_Harpy_Skeleton.SK_Harpy_Skeleton clips=4/4 boundsTop=42.00 figureTop=42.00 budget=42.0
2026.09.30-17.18.09 ARTPREVIEW click capsule fighter=f-0-sk0 mesh=SK_Harpy_H3LD physicsAsset=0 radius=20.0 halfHeight=21.0 top=42.0 bodyCollision=0 source=meshBounds
2026.09.30-17.18.09 ARTPREVIEW team ring fighter=f-0-sk0 team=P1 look=P1 mode=absolute shape=circle shown=1 mesh=SM_Marker_TeamRing_P1 fill=#E8C06A keyline=#111317 fillLinear=(0.8070,0.5271,0.1441) zMin=0.60 zMax=1.20 scale=0.78 base=hidden blockout=0 art=1 rim=#FFFFFF
2026.09.30-17.18.09 ARTPREVIEW anim fighter=f-0-sk0 clip=Idle len=2.000 event=spawn loop=1 phase=0.6635 seq=-1 asset=AM_Harpy_Idle
2026.09.30-17.18.09 ARTPREVIEW heroesV2 fighter=f-0-sk1 mesh=/Game/PipelineCandidates/Harpy/H3LD/Meshes/SK_Harpy_H3LD mi=/Game/PipelineCandidates/Harpy/H3LD/Materials/MI_Harpy_H3LD_P1 yaw=270.0 scale=1.0000 name=Harpies hero=0 look=P1 base=/Game/PipelineCandidates/Harpy/H3LD/Meshes/SM_Harpy_H3LD_Base baseMi=/Game/PipelineCandidates/Harpy/H3LD/Materials/MI_Harpy_H3LD_Base_P1 skeleton=/Game/PipelineCandidates/Harpy/Rig/SK_Harpy_Skeleton.SK_Harpy_Skeleton clips=4/4 boundsTop=42.00 figureTop=42.00 budget=42.0
2026.09.30-17.18.09 ARTPREVIEW click capsule fighter=f-0-sk1 mesh=SK_Harpy_H3LD physicsAsset=0 radius=20.0 halfHeight=21.0 top=42.0 bodyCollision=0 source=meshBounds
2026.09.30-17.18.09 ARTPREVIEW team ring fighter=f-0-sk1 team=P1 look=P1 mode=absolute shape=circle shown=1 mesh=SM_Marker_TeamRing_P1 fill=#E8C06A keyline=#111317 fillLinear=(0.8070,0.5271,0.1441) zMin=0.60 zMax=1.20 scale=0.78 base=hidden blockout=0 art=1 rim=#FFFFFF
2026.09.30-17.18.09 ARTPREVIEW anim fighter=f-0-sk1 clip=Idle len=2.000 event=spawn loop=1 phase=0.9016 seq=-1 asset=AM_Harpy_Idle
2026.09.30-17.18.09 ARTPREVIEW heroesV2 fighter=f-0-sk2 mesh=/Game/PipelineCandidates/Harpy/H3LD/Meshes/SK_Harpy_H3LD mi=/Game/PipelineCandidates/Harpy/H3LD/Materials/MI_Harpy_H3LD_P1 yaw=90.0 scale=1.0000 name=Harpies hero=0 look=P1 base=/Game/PipelineCandidates/Harpy/H3LD/Meshes/SM_Harpy_H3LD_Base baseMi=/Game/PipelineCandidates/Harpy/H3LD/Materials/MI_Harpy_H3LD_Base_P1 skeleton=/Game/PipelineCandidates/Harpy/Rig/SK_Harpy_Skeleton.SK_Harpy_Skeleton clips=4/4 boundsTop=42.00 figureTop=42.00 budget=42.0
2026.09.30-17.18.09 ARTPREVIEW click capsule fighter=f-0-sk2 mesh=SK_Harpy_H3LD physicsAsset=0 radius=20.0 halfHeight=21.0 top=42.0 bodyCollision=0 source=meshBounds
2026.09.30-17.18.09 ARTPREVIEW team ring fighter=f-0-sk2 team=P1 look=P1 mode=absolute shape=circle shown=1 mesh=SM_Marker_TeamRing_P1 fill=#E8C06A keyline=#111317 fillLinear=(0.8070,0.5271,0.1441) zMin=0.60 zMax=1.20 scale=0.78 base=hidden blockout=0 art=1 rim=#FFFFFF
2026.09.30-17.18.09 ARTPREVIEW anim fighter=f-0-sk2 clip=Idle len=2.000 event=spawn loop=1 phase=0.1873 seq=-1 asset=AM_Harpy_Idle
2026.09.30-17.18.09 ARTPREVIEW heroesV2 fighter=f-1-hero mesh=/Game/PipelineCandidates/KingArthur/H2LD/Meshes/SK_KingArthur_H2LD mi=/Game/PipelineCandidates/KingArthur/H2LD/Materials/MI_KingArthur_H2LD_P2 yaw=270.0 scale=1.0000 name=King Arthur hero=1 look=P2 base=/Game/PipelineCandidates/KingArthur/H2LD/Meshes/SM_KingArthur_H2LD_Base baseMi=/Game/PipelineCandidates/KingArthur/H2LD/Materials/MI_KingArthur_H2LD_Base_P2 skeleton=/Game/PipelineCandidates/KingArthur/Rig/SK_KingArthur_Skeleton.SK_KingArthur_Skeleton clips=4/4 boundsTop=60.06 figureTop=55.00 budget=55.0
2026.09.30-17.18.09 ARTPREVIEW click capsule fighter=f-1-hero mesh=SK_KingArthur_H2LD physicsAsset=0 radius=12.8 halfHeight=30.0 top=60.1 bodyCollision=0 source=meshBounds
2026.09.30-17.18.09 ARTPREVIEW team ring fighter=f-1-hero team=P2 look=P2 mode=absolute shape=hexagon shown=1 mesh=SM_Marker_TeamRing_P2 fill=#5A7F9F keyline=#111317 fillLinear=(0.1022,0.2122,0.3467) zMin=0.60 zMax=1.20 scale=1.00 base=hidden blockout=0 art=1 rim=#FFFFFF
2026.09.30-17.18.09 ARTPREVIEW anim fighter=f-1-hero clip=Idle len=2.500 event=spawn loop=1 phase=0.3470 seq=-1 asset=AM_KingArthur_Idle
2026.09.30-17.18.09 ARTPREVIEW heroesV2 fighter=f-1-sk0 mesh=/Game/PipelineCandidates/Merlin/H2LD/Meshes/SK_Merlin_H2LD mi=/Game/PipelineCandidates/Merlin/H2LD/Materials/MI_Merlin_H2LD_P2 yaw=270.0 scale=1.0003 name=Merlin hero=0 look=P2 base=/Game/PipelineCandidates/Merlin/H2LD/Meshes/SM_Merlin_H2LD_Base baseMi=/Game/PipelineCandidates/Merlin/H2LD/Materials/MI_Merlin_H2LD_Base_P2 skeleton=/Game/PipelineCandidates/Merlin/Rig/SK_Merlin_Skeleton.SK_Merlin_Skeleton clips=4/4 boundsTop=49.44 figureTop=45.00 budget=45.0
2026.09.30-17.18.09 ARTPREVIEW click capsule fighter=f-1-sk0 mesh=SK_Merlin_H2LD physicsAsset=0 radius=10.5 halfHeight=24.7 top=49.4 bodyCollision=0 source=meshBounds
2026.09.30-17.18.09 ARTPREVIEW team ring fighter=f-1-sk0 team=P2 look=P2 mode=absolute shape=hexagon shown=1 mesh=SM_Marker_TeamRing_P2 fill=#5A7F9F keyline=#111317 fillLinear=(0.1022,0.2122,0.3467) zMin=0.60 zMax=1.20 scale=0.78 base=hidden blockout=0 art=1 rim=#FFFFFF
2026.09.30-17.18.09 ARTPREVIEW anim fighter=f-1-sk0 clip=Idle len=3.000 event=spawn loop=1 phase=0.8028 seq=-1 asset=AM_Merlin_Idle
2026.09.30-17.18.09 ARTPREVIEW heroesV2 summary fighters=6 mapped=6 v2=6
2026.09.30-17.18.09 FIGHTERS synced n=6 alive=6 own=4 enemy=2
2026.09.30-17.18.09 BENCH scene fixture=S08BenchMarmoreal.json board=7x6 fighters=6 viewer=cmukie55u0000wiao06h107t9 hero=f-0-hero art=1 profile=marmoreal-original views=K1+K1x0.65+K2x1.6 warmup=60 settle=6 measure=5 fps=60 profileGpu=0 csv=0
2026.09.30-17.19.09 BENCH warmup done elapsed=60.1
2026.09.30-17.19.09 BENCH view=K1 overview target=1872.2
2026.09.30-17.19.09 BENCH view=K1 camera settled=1 dist=1872.2 target=1872.2 zoom=1.00
2026.09.30-17.19.20 BENCH measure view=K1 window=5.0 frames=300 fps=60.00 frameMs avg=16.67 p50=16.67 p95=16.67 p99=16.69 max=16.72 hitches50=0 gpuMs avg=2.15 p50=2.11 p95=2.31 gameMs avg=1.34 p95=1.66 renderMs avg=3.78 p95=5.25
2026.09.30-17.19.20 RENDER tag=BENCH rhi=D3D12 featureLevel=SM6 shaderPlatform=PCD3D_SM6 lumenPlatform=1 gi=lumen giMethod=1 refl=lumen reflMethod=1 shadows=csm vsmEnable=0 sg.res=100 sg.view=2 sg.aa=2 sg.shadow=2 sg.gi=2 sg.refl=2 sg.pp=2 sg.tex=2 sg.fx=2 sg.foliage=2 sg.shading=2 sg.landscape=2 preset=High screenPct=100.0 screenPctMode=0 aa=TSR aaMethod=4 exposure=fixed-histogram expMin=4.14106 expMax=4.14106 expBias=0.000 ev100=2.05 lightUnits=candelas sky=1 skyIntensity=12.500 keyShadow=csm-3600uu-2c-contact0.000 shadowCasters=1 profile=marmoreal-night profilesSha256=0e8981d443496a85b921ea799235271a9e24de07dab25a862f7546b91d9fe25b profilesSource=pak legacyRender=0 gameLayer=unlit-eyeadaptinv tMaxFPS=60.0 vsync=0 frameRateLimit=60.0 substrate=0 nanite=1 meshDF=1 viewport=1920x1080 reference=1
2026.09.30-17.19.23 SHOT ctx viewport=1920x1080 viewTarget=CameraActor_0 cam=(0,1074,1534) rot=(-55,-90,-0)
2026.09.30-17.19.23 RENDER tag=SHOT rhi=D3D12 featureLevel=SM6 shaderPlatform=PCD3D_SM6 lumenPlatform=1 gi=lumen giMethod=1 refl=lumen reflMethod=1 shadows=csm vsmEnable=0 sg.res=100 sg.view=2 sg.aa=2 sg.shadow=2 sg.gi=2 sg.refl=2 sg.pp=2 sg.tex=2 sg.fx=2 sg.foliage=2 sg.shading=2 sg.landscape=2 preset=High screenPct=100.0 screenPctMode=0 aa=TSR aaMethod=4 exposure=fixed-histogram expMin=4.14106 expMax=4.14106 expBias=0.000 ev100=2.05 lightUnits=candelas sky=1 skyIntensity=12.500 keyShadow=csm-3600uu-2c-contact0.000 shadowCasters=1 profile=marmoreal-night profilesSha256=0e8981d443496a85b921ea799235271a9e24de07dab25a862f7546b91d9fe25b profilesSource=pak legacyRender=0 gameLayer=unlit-eyeadaptinv tMaxFPS=60.0 vsync=0 frameRateLimit=60.0 substrate=0 nanite=1 meshDF=1 viewport=1920x1080 reference=1
2026.09.30-17.19.23 SHOT fighter f-0-hero pos=(0,2) world=(-341,-34,0) screen=(412,495) projected=1 alive=1
2026.09.30-17.19.23 SHOT fighter f-0-sk0 pos=(0,1) world=(-341,-132,0) screen=(428,371) projected=1 alive=1
2026.09.30-17.19.23 SHOT fighter f-0-sk1 pos=(0,3) world=(-328,63,0) screen=(416,626) projected=1 alive=1
2026.09.30-17.19.23 SHOT fighter f-0-sk2 pos=(0,0) world=(-319,-228,0) screen=(476,256) projected=1 alive=1
2026.09.30-17.19.23 SHOT fighter f-1-hero pos=(5,5) world=(198,194,0) screen=(1302,815) projected=1 alive=1
2026.09.30-17.19.23 SHOT fighter f-1-sk0 pos=(5,3) world=(253,91,0) screen=(1383,664) projected=1 alive=1
2026.09.30-17.19.23 SHOT camera dist=1872.2 target=1872.2 overview=1872.2 errPct=0.000 focusErr=0.00 settled=1 zoom=1.00
2026.09.30-17.19.23 SHOT head fighter=f-0-hero socket=Head mesh=SK_Medusa_H2LD world=(-340.9,-32.9,47.1) screen=(399.6,451.4) top=(398.1,445.5) bottom=(401.1,457.3) headPx=12.2 projected=1
2026.09.30-17.19.23 SHOT head fighter=f-0-sk0 socket=Head mesh=SK_Harpy_H3LD world=(-341.4,-127.1,34.0) screen=(417.8,343.7) top=(416.4,337.7) bottom=(419.2,349.6) headPx=12.3 projected=1
2026.09.30-17.19.23 SHOT head fighter=f-0-sk1 socket=Head mesh=SK_Harpy_H3LD world=(-327.5,58.0,34.0) screen=(409.4,587.1) top=(407.9,581.4) bottom=(410.9,592.8) headPx=11.7 projected=1
2026.09.30-17.19.23 SHOT head fighter=f-0-sk2 socket=Head mesh=SK_Harpy_H3LD world=(-318.6,-222.9,34.0) screen=(468.1,227.9) top=(466.8,221.8) bottom=(469.3,234.0) headPx=12.4 projected=1
2026.09.30-17.19.23 SHOT head fighter=f-1-hero socket=Head mesh=SK_KingArthur_H2LD world=(197.8,194.4,50.1) screen=(1310.2,771.2) top=(1311.2,765.7) bottom=(1309.2,776.6) headPx=11.0 projected=1
2026.09.30-17.19.23 SHOT head fighter=f-1-sk0 socket=Head mesh=SK_Merlin_H2LD world=(253.1,87.3,36.4) screen=(1390.0,626.0) top=(1391.2,620.4) bottom=(1388.9,631.6) headPx=11.5 projected=1
2026.09.30-17.19.23 SHOT figure fighter=f-0-hero bbox=(346,405,462,533) ringR=28.50 art=1 blockout=0 team=P1 look=P1 ring=1
2026.09.30-17.19.23 SHOT figure fighter=f-0-sk0 bbox=(379,302,466,398) ringR=22.23 art=1 blockout=0 team=P1 look=P1 ring=1
2026.09.30-17.19.23 SHOT figure fighter=f-0-sk1 bbox=(364,556,457,657) ringR=22.23 art=1 blockout=0 team=P1 look=P1 ring=1
2026.09.30-17.19.23 SHOT figure fighter=f-0-sk2 bbox=(429,188,512,282) ringR=22.23 art=1 blockout=0 team=P1 look=P1 ring=1
2026.09.30-17.19.23 SHOT figure fighter=f-1-hero bbox=(1250,718,1366,858) ringR=28.50 art=1 blockout=0 team=P2 look=P2 ring=1
2026.09.30-17.19.23 SHOT figure fighter=f-1-sk0 bbox=(1343,587,1434,696) ringR=22.23 art=1 blockout=0 team=P2 look=P2 ring=1
2026.09.30-17.19.23 SHOT request file=bench-K1-1920x1080.png frame=4412
2026.09.30-17.19.23 SHOT requested: FScreenshotRequest(bShowUI) -> C:\tmp\envmaps-research\p1b-ue\frames\m1/bench-K1-1920x1080.png
2026.09.30-17.19.24 SHOT captured file=bench-K1-1920x1080.png frame=4412 px=1920x1080 sha256=45f8859182ebfc2f68ac76dc63fc24a8cd12e108f82d3c8ef9d73703ab078bae order=BGRA saved=1
2026.09.30-17.19.24 SHOT late begin file=bench-K1-1920x1080.png frame=4412 requestFrame=4412
2026.09.30-17.19.24 SHOT iconstate visible=0 lastFighter=none frame=4412
2026.09.30-17.19.24 SHOT panel id=hud.command bbox=(0,0,20,20) geom=painted visible=1 frame=4412
2026.09.30-17.19.24 SHOT panel id=hud.side bbox=(1884,0,1920,28) geom=painted visible=1 frame=4412
2026.09.30-17.19.24 SHOT panel id=hud.hand bbox=(950,1060,970,1080) geom=painted visible=1 frame=4412
2026.09.30-17.19.24 SHOT label fighter=f-0-hero mode=full bbox=(342,396,440,431) frame=4412
2026.09.30-17.19.24 SHOT label fighter=f-0-sk0 mode=full bbox=(361,289,463,319) frame=4412
2026.09.30-17.19.24 SHOT label fighter=f-0-sk1 mode=full bbox=(345,549,454,577) frame=4412
2026.09.30-17.19.24 SHOT label fighter=f-0-sk2 mode=full bbox=(412,173,511,203) frame=4412
2026.09.30-17.19.24 SHOT label fighter=f-1-hero mode=full bbox=(1262,729,1369,756) frame=4412
2026.09.30-17.19.24 SHOT label fighter=f-1-sk0 mode=full bbox=(1356,586,1438,616) frame=4412
2026.09.30-17.19.24 SHOT late end file=bench-K1-1920x1080.png frame=4412
2026.09.30-17.19.24 BENCH shot view=K1 saved=1 path=C:\tmp\envmaps-research\p1b-ue\frames\m1/bench-K1-1920x1080.png
2026.09.30-17.19.24 BENCH view=K1x0.65 zoom-out wanted=0.65 target=2880.2 zoom=0.65 limit=far
2026.09.30-17.19.24 BENCH view=K1x0.65 camera settled=1 dist=2860.4 target=2880.2 zoom=0.65
2026.09.30-17.19.35 BENCH measure view=K1x0.65 window=5.0 frames=300 fps=60.00 frameMs avg=16.67 p50=16.67 p95=16.67 p99=16.68 max=16.74 hitches50=0 gpuMs avg=2.02 p50=1.95 p95=2.21 gameMs avg=1.42 p95=1.69 renderMs avg=3.86 p95=5.06
2026.09.30-17.19.35 RENDER tag=BENCH rhi=D3D12 featureLevel=SM6 shaderPlatform=PCD3D_SM6 lumenPlatform=1 gi=lumen giMethod=1 refl=lumen reflMethod=1 shadows=csm vsmEnable=0 sg.res=100 sg.view=2 sg.aa=2 sg.shadow=2 sg.gi=2 sg.refl=2 sg.pp=2 sg.tex=2 sg.fx=2 sg.foliage=2 sg.shading=2 sg.landscape=2 preset=High screenPct=100.0 screenPctMode=0 aa=TSR aaMethod=4 exposure=fixed-histogram expMin=4.14106 expMax=4.14106 expBias=0.000 ev100=2.05 lightUnits=candelas sky=1 skyIntensity=12.500 keyShadow=csm-3600uu-2c-contact0.000 shadowCasters=1 profile=marmoreal-night profilesSha256=0e8981d443496a85b921ea799235271a9e24de07dab25a862f7546b91d9fe25b profilesSource=pak legacyRender=0 gameLayer=unlit-eyeadaptinv tMaxFPS=60.0 vsync=0 frameRateLimit=60.0 substrate=0 nanite=1 meshDF=1 viewport=1920x1080 reference=1
2026.09.30-17.19.38 SHOT ctx viewport=1920x1080 viewTarget=CameraActor_0 cam=(0,1652,2359) rot=(-55,-90,-0)
2026.09.30-17.19.38 RENDER tag=SHOT rhi=D3D12 featureLevel=SM6 shaderPlatform=PCD3D_SM6 lumenPlatform=1 gi=lumen giMethod=1 refl=lumen reflMethod=1 shadows=csm vsmEnable=0 sg.res=100 sg.view=2 sg.aa=2 sg.shadow=2 sg.gi=2 sg.refl=2 sg.pp=2 sg.tex=2 sg.fx=2 sg.foliage=2 sg.shading=2 sg.landscape=2 preset=High screenPct=100.0 screenPctMode=0 aa=TSR aaMethod=4 exposure=fixed-histogram expMin=4.14106 expMax=4.14106 expBias=0.000 ev100=2.05 lightUnits=candelas sky=1 skyIntensity=12.500 keyShadow=csm-3600uu-2c-contact0.000 shadowCasters=1 profile=marmoreal-night profilesSha256=0e8981d443496a85b921ea799235271a9e24de07dab25a862f7546b91d9fe25b profilesSource=pak legacyRender=0 gameLayer=unlit-eyeadaptinv tMaxFPS=60.0 vsync=0 frameRateLimit=60.0 substrate=0 nanite=1 meshDF=1 viewport=1920x1080 reference=1
2026.09.30-17.19.38 SHOT fighter f-0-hero pos=(0,2) world=(-341,-34,0) screen=(602,511) projected=1 alive=1
2026.09.30-17.19.38 SHOT fighter f-0-sk0 pos=(0,1) world=(-341,-132,0) screen=(609,428) projected=1 alive=1
2026.09.30-17.19.38 SHOT fighter f-0-sk1 pos=(0,3) world=(-328,63,0) screen=(609,595) projected=1 alive=1
2026.09.30-17.19.38 SHOT fighter f-0-sk2 pos=(0,0) world=(-319,-228,0) screen=(638,351) projected=1 alive=1
2026.09.30-17.19.38 SHOT fighter f-1-hero pos=(5,5) world=(198,194,0) screen=(1178,715) projected=1 alive=1
2026.09.30-17.19.38 SHOT fighter f-1-sk0 pos=(5,3) world=(253,91,0) screen=(1232,620) projected=1 alive=1
2026.09.30-17.19.38 SHOT camera dist=2880.2 target=2880.2 overview=1872.2 errPct=0.000 focusErr=0.00 settled=1 zoom=0.65
2026.09.30-17.19.38 SHOT head fighter=f-0-hero socket=Head mesh=SK_Medusa_H2LD world=(-341.2,-33.4,47.1) screen=(596.9,482.1) top=(596.2,478.4) bottom=(597.5,485.9) headPx=7.6 projected=1
2026.09.30-17.19.38 SHOT head fighter=f-0-sk0 socket=Head mesh=SK_Harpy_H3LD world=(-340.9,-127.1,34.0) screen=(605.2,411.4) top=(604.6,407.6) bottom=(605.8,415.2) headPx=7.7 projected=1
2026.09.30-17.19.38 SHOT head fighter=f-0-sk1 socket=Head mesh=SK_Harpy_H3LD world=(-328.0,57.8,34.1) screen=(605.7,570.1) top=(605.1,566.4) bottom=(606.4,573.7) headPx=7.4 projected=1
2026.09.30-17.19.38 SHOT head fighter=f-0-sk2 socket=Head mesh=SK_Harpy_H3LD world=(-319.2,-223.4,34.3) screen=(633.9,333.0) top=(633.4,329.1) bottom=(634.4,336.8) headPx=7.8 projected=1
2026.09.30-17.19.38 SHOT head fighter=f-1-hero socket=Head mesh=SK_KingArthur_H2LD world=(197.3,194.0,50.0) screen=(1180.2,685.4) top=(1180.6,681.8) bottom=(1179.8,688.9) headPx=7.2 projected=1
2026.09.30-17.19.38 SHOT head fighter=f-1-sk0 socket=Head mesh=SK_Merlin_H2LD world=(252.9,87.4,36.4) screen=(1235.0,595.1) top=(1235.5,591.5) bottom=(1234.5,598.7) headPx=7.4 projected=1
2026.09.30-17.19.38 SHOT figure fighter=f-0-hero bbox=(564,452,634,535) ringR=28.50 art=1 blockout=0 team=P1 look=P1 ring=1
2026.09.30-17.19.38 SHOT figure fighter=f-0-sk0 bbox=(580,384,633,447) ringR=22.23 art=1 blockout=0 team=P1 look=P1 ring=1
2026.09.30-17.19.38 SHOT figure fighter=f-0-sk1 bbox=(579,550,634,615) ringR=22.23 art=1 blockout=0 team=P1 look=P1 ring=1
2026.09.30-17.19.38 SHOT figure fighter=f-0-sk2 bbox=(610,306,661,369) ringR=22.23 art=1 blockout=0 team=P1 look=P1 ring=1
2026.09.30-17.19.38 SHOT figure fighter=f-1-hero bbox=(1145,653,1215,742) ringR=28.50 art=1 blockout=0 team=P2 look=P2 ring=1
2026.09.30-17.19.38 SHOT figure fighter=f-1-sk0 bbox=(1207,570,1262,640) ringR=22.23 art=1 blockout=0 team=P2 look=P2 ring=1
2026.09.30-17.19.38 SHOT request file=bench-K1x0p65-1920x1080.png frame=5265
2026.09.30-17.19.38 SHOT requested: FScreenshotRequest(bShowUI) -> C:\tmp\envmaps-research\p1b-ue\frames\m1/bench-K1x0p65-1920x1080.png
2026.09.30-17.19.38 SHOT captured file=bench-K1x0p65-1920x1080.png frame=5265 px=1920x1080 sha256=761fa4fb36af8fed34f3c5c334f498b1811a458d80aab1ef465a78fde4d278d0 order=BGRA saved=1
2026.09.30-17.19.38 SHOT late begin file=bench-K1x0p65-1920x1080.png frame=5265 requestFrame=5265
2026.09.30-17.19.38 SHOT iconstate visible=0 lastFighter=none frame=5265
2026.09.30-17.19.38 SHOT panel id=hud.command bbox=(0,0,20,20) geom=painted visible=1 frame=5265
2026.09.30-17.19.38 SHOT panel id=hud.side bbox=(1884,0,1920,28) geom=painted visible=1 frame=5265
2026.09.30-17.19.38 SHOT panel id=hud.hand bbox=(950,1060,970,1080) geom=painted visible=1 frame=5265
2026.09.30-17.19.38 SHOT label fighter=f-0-hero mode=full bbox=(547,442,639,470) frame=5265
2026.09.30-17.19.38 SHOT label fighter=f-0-sk0 mode=full bbox=(553,372,651,396) frame=5265
2026.09.30-17.19.38 SHOT label fighter=f-0-sk1 mode=full bbox=(551,541,652,564) frame=5265
2026.09.30-17.19.38 SHOT label fighter=f-0-sk2 mode=full bbox=(584,293,679,318) frame=5265
2026.09.30-17.19.38 SHOT label fighter=f-1-hero mode=full bbox=(1134,654,1232,676) frame=5265
2026.09.30-17.19.38 SHOT label fighter=f-1-sk0 mode=full bbox=(1201,564,1276,589) frame=5265
2026.09.30-17.19.38 SHOT late end file=bench-K1x0p65-1920x1080.png frame=5265
2026.09.30-17.19.38 BENCH shot view=K1x0.65 saved=1 path=C:\tmp\envmaps-research\p1b-ue\frames\m1/bench-K1x0p65-1920x1080.png
2026.09.30-17.19.38 ARTPREVIEW selection ring shown fighter=Medusa mesh=SM_Marker_SelectionRing
2026.09.30-17.19.38 ARTPREVIEW reachable rings cells=8 placed=1 radiusUU=36 segments=12
2026.09.30-17.19.38 BENCH view=K2x1.6 focus hero=f-0-hero zoom=1.60 target=1170.1 clamp=0
2026.09.30-17.19.38 BENCH view=K2x1.6 camera settled=1 dist=1170.1 target=1170.1 zoom=1.60
2026.09.30-17.19.49 BENCH measure view=K2x1.6 window=5.0 frames=300 fps=60.00 frameMs avg=16.67 p50=16.67 p95=16.67 p99=16.67 max=16.68 hitches50=0 gpuMs avg=2.21 p50=2.25 p95=2.35 gameMs avg=1.46 p95=1.73 renderMs avg=4.09 p95=5.42
2026.09.30-17.19.49 RENDER tag=BENCH rhi=D3D12 featureLevel=SM6 shaderPlatform=PCD3D_SM6 lumenPlatform=1 gi=lumen giMethod=1 refl=lumen reflMethod=1 shadows=csm vsmEnable=0 sg.res=100 sg.view=2 sg.aa=2 sg.shadow=2 sg.gi=2 sg.refl=2 sg.pp=2 sg.tex=2 sg.fx=2 sg.foliage=2 sg.shading=2 sg.landscape=2 preset=High screenPct=100.0 screenPctMode=0 aa=TSR aaMethod=4 exposure=fixed-histogram expMin=4.14106 expMax=4.14106 expBias=0.000 ev100=2.05 lightUnits=candelas sky=1 skyIntensity=12.500 keyShadow=csm-3600uu-2c-contact0.000 shadowCasters=1 profile=marmoreal-night profilesSha256=0e8981d443496a85b921ea799235271a9e24de07dab25a862f7546b91d9fe25b profilesSource=pak legacyRender=0 gameLayer=unlit-eyeadaptinv tMaxFPS=60.0 vsync=0 frameRateLimit=60.0 substrate=0 nanite=1 meshDF=1 viewport=1920x1080 reference=1
2026.09.30-17.19.52 SHOT ctx viewport=1920x1080 viewTarget=CameraActor_0 cam=(-341,637,986) rot=(-55,-90,-0)
2026.09.30-17.19.52 RENDER tag=SHOT rhi=D3D12 featureLevel=SM6 shaderPlatform=PCD3D_SM6 lumenPlatform=1 gi=lumen giMethod=1 refl=lumen reflMethod=1 shadows=csm vsmEnable=0 sg.res=100 sg.view=2 sg.aa=2 sg.shadow=2 sg.gi=2 sg.refl=2 sg.pp=2 sg.tex=2 sg.fx=2 sg.foliage=2 sg.shading=2 sg.landscape=2 preset=High screenPct=100.0 screenPctMode=0 aa=TSR aaMethod=4 exposure=fixed-histogram expMin=4.14106 expMax=4.14106 expBias=0.000 ev100=2.05 lightUnits=candelas sky=1 skyIntensity=12.500 keyShadow=csm-3600uu-2c-contact0.000 shadowCasters=1 profile=marmoreal-night profilesSha256=0e8981d443496a85b921ea799235271a9e24de07dab25a862f7546b91d9fe25b profilesSource=pak legacyRender=0 gameLayer=unlit-eyeadaptinv tMaxFPS=60.0 vsync=0 frameRateLimit=60.0 substrate=0 nanite=1 meshDF=1 viewport=1920x1080 reference=1
2026.09.30-17.19.52 SHOT fighter f-0-hero pos=(0,2) world=(-341,-34,0) screen=(960,581) projected=1 alive=1
2026.09.30-17.19.52 SHOT fighter f-0-sk0 pos=(0,1) world=(-341,-132,0) screen=(960,383) projected=1 alive=1
2026.09.30-17.19.52 SHOT fighter f-0-sk1 pos=(0,3) world=(-328,63,0) screen=(994,796) projected=1 alive=1
2026.09.30-17.19.52 SHOT fighter f-0-sk2 pos=(0,0) world=(-319,-228,0) screen=(1011,206) projected=1 alive=1
2026.09.30-17.19.52 SHOT fighter f-1-hero pos=(5,5) world=(198,194,0) screen=(2503,1122) projected=1 alive=1
2026.09.30-17.19.52 SHOT fighter f-1-sk0 pos=(5,3) world=(253,91,0) screen=(2572,861) projected=1 alive=1
2026.09.30-17.19.52 SHOT camera dist=1170.1 target=1170.1 overview=1872.2 errPct=0.000 focusErr=0.00 settled=1 zoom=1.60
2026.09.30-17.19.52 SHOT head fighter=f-0-hero socket=Head mesh=SK_Medusa_H2LD world=(-340.5,-33.7,47.2) screen=(960.2,511.8) top=(960.2,502.6) bottom=(960.2,521.0) headPx=18.4 projected=1
2026.09.30-17.19.52 SHOT head fighter=f-0-sk0 socket=Head mesh=SK_Harpy_H3LD world=(-340.6,-126.9,34.0) screen=(960.1,341.5) top=(960.1,332.0) bottom=(960.1,350.8) headPx=18.8 projected=1
2026.09.30-17.19.52 SHOT head fighter=f-0-sk1 socket=Head mesh=SK_Harpy_H3LD world=(-327.6,58.3,34.3) screen=(995.5,737.4) top=(995.6,728.8) bottom=(995.3,745.9) headPx=17.1 projected=1
2026.09.30-17.19.52 SHOT head fighter=f-0-sk2 socket=Head mesh=SK_Harpy_H3LD world=(-319.5,-223.0,34.0) screen=(1010.5,161.8) top=(1010.7,152.1) bottom=(1010.3,171.5) headPx=19.4 projected=1
2026.09.30-17.19.52 SHOT head fighter=f-1-hero socket=Head mesh=SK_KingArthur_H2LD world=(197.4,193.2,50.1) screen=(2563.5,1057.3) top=(2571.2,1049.5) bottom=(2555.8,1065.0) headPx=21.9 projected=1
2026.09.30-17.19.52 SHOT head fighter=f-1-sk0 socket=Head mesh=SK_Merlin_H2LD world=(252.8,87.8,36.6) screen=(2612.8,804.4) top=(2620.3,796.0) bottom=(2605.5,812.8) headPx=22.4 projected=1
2026.09.30-17.19.52 SHOT selection fighter=f-0-hero ownCell=(0,2) legal=9 destinations=8 ownCellExcluded=1 plateFighter=none
2026.09.30-17.19.52 SHOT reachable fighter=f-0-hero n=8 cells=(1,0)(1,1)(2,1)(1,2)(1,3)(2,4)(1,5)(2,5)
2026.09.30-17.19.52 SHOT figure fighter=f-0-hero bbox=(883,438,1037,642) ringR=28.50 art=1 blockout=0 team=P1 look=P1 ring=1
2026.09.30-17.19.52 SHOT figure fighter=f-0-sk0 bbox=(904,275,1016,426) ringR=22.23 art=1 blockout=0 team=P1 look=P1 ring=1
2026.09.30-17.19.52 SHOT figure fighter=f-0-sk1 bbox=(933,686,1057,849) ringR=22.23 art=1 blockout=0 team=P1 look=P1 ring=1
2026.09.30-17.19.52 SHOT figure fighter=f-0-sk2 bbox=(959,100,1067,246) ringR=22.23 art=1 blockout=0 team=P1 look=P1 ring=1
2026.09.30-17.19.52 SHOT figure fighter=f-1-hero bbox=(2400,970,2692,1199) ringR=28.50 art=1 blockout=0 team=P2 look=P2 ring=1
2026.09.30-17.19.52 SHOT figure fighter=f-1-sk0 bbox=(2494,740,2715,915) ringR=22.23 art=1 blockout=0 team=P2 look=P2 ring=1
2026.09.30-17.19.52 SHOT request file=bench-K2x1p6-1920x1080.png frame=6119
2026.09.30-17.19.52 SHOT requested: FScreenshotRequest(bShowUI) -> C:\tmp\envmaps-research\p1b-ue\frames\m1/bench-K2x1p6-1920x1080.png
2026.09.30-17.19.53 SHOT captured file=bench-K2x1p6-1920x1080.png frame=6119 px=1920x1080 sha256=ce98c7b6d1dd69b6486ccfbb92e57920b7cbe49157eac79890fa571759af2165 order=BGRA saved=1
2026.09.30-17.19.53 SHOT late begin file=bench-K2x1p6-1920x1080.png frame=6119 requestFrame=6119
2026.09.30-17.19.53 SHOT iconstate visible=0 lastFighter=none frame=6119
2026.09.30-17.19.53 SHOT panel id=hud.command bbox=(0,0,20,20) geom=painted visible=1 frame=6119
2026.09.30-17.19.53 SHOT panel id=hud.side bbox=(1884,0,1920,28) geom=painted visible=1 frame=6119
2026.09.30-17.19.53 SHOT panel id=hud.hand bbox=(950,1060,970,1080) geom=painted visible=1 frame=6119
2026.09.30-17.19.53 SHOT label fighter=f-0-hero mode=full bbox=(914,449,1006,485) frame=6119
2026.09.30-17.19.53 SHOT label fighter=f-0-sk0 mode=full bbox=(912,278,1007,311) frame=6119
2026.09.30-17.19.53 SHOT label fighter=f-0-sk1 mode=full bbox=(943,701,1048,731) frame=6119
2026.09.30-17.19.53 SHOT label fighter=f-0-sk2 mode=full bbox=(968,98,1059,131) frame=6119
2026.09.30-17.19.53 SHOT label fighter=f-1-hero mode=full bbox=(2530,1015,2664,1042) frame=6119
2026.09.30-17.19.53 SHOT label fighter=f-1-sk0 mode=full bbox=(2590,766,2695,797) frame=6119
2026.09.30-17.19.53 SHOT late end file=bench-K2x1p6-1920x1080.png frame=6119
2026.09.30-17.19.53 BENCH shot view=K2x1.6 saved=1 path=C:\tmp\envmaps-research\p1b-ue\frames\m1/bench-K2x1p6-1920x1080.png
2026.09.30-17.19.53 BENCH done views=3 elapsed=103.5
2026.09.30-17.19.53 --- S08 trace close ---
