2026.09.27-12.34.06 S09AUTO config flow=1 boost=0 shotDir=C:\Users\ren\AppData\Local\Temp\s09-duel-20260927-173400-6400\joiner
2026.09.27-12.34.22 S09AUTO drive mode=0 plan=[defend+resolve+scheme] phase= turn=
2026.09.27-12.34.22 SNAPSHOT applied seq=2 phase=COMBAT
2026.09.27-12.34.22 MODE seq=2 mode=4 combat=1 pending=0
2026.09.27-12.34.22 S09AUTO drive mode=4 plan=[defend+resolve+scheme] phase=COMBAT turn=cmuhntivg0000wib0anhqyswc
2026.09.27-12.34.22 S09AUTO defense-window shot
2026.09.27-12.34.22 S09AUTO defense card picked
2026.09.27-12.34.22 S09AUTO defense card picked
2026.09.27-12.34.22 SNAPSHOT applied seq=2 phase=COMBAT
2026.09.27-12.34.22 MODE seq=2 mode=4 combat=1 pending=0
2026.09.27-12.34.22 S09AUTO defense card picked
2026.09.27-12.34.22 DEFENSE sent
2026.09.27-12.34.22 SNAPSHOT applied seq=3 phase=COMBAT_RESOLVE
2026.09.27-12.34.22 MODE seq=3 mode=5 combat=1 pending=0
2026.09.27-12.34.22 SNAPSHOT applied seq=3 phase=COMBAT_RESOLVE
2026.09.27-12.34.22 MODE seq=3 mode=5 combat=1 pending=0
2026.09.27-12.34.22 S09AUTO drive mode=5 plan=[defend+resolve+scheme] phase=COMBAT_RESOLVE turn=cmuhntivg0000wib0anhqyswc
2026.09.27-12.34.22 S09AUTO resolve-window shot
2026.09.27-12.34.22 S09AUTO resolve
2026.09.27-12.34.22 RESOLVE sent
2026.09.27-12.34.22 SNAPSHOT applied seq=4 phase=COMBAT_RESOLVE
2026.09.27-12.34.22 MODE seq=4 mode=5 combat=1 pending=1
2026.09.27-12.34.22 RESOLVE panel revealed: A3+B0 vs D4
2026.09.27-12.34.22 RESOLVE panel blocked by pending (type=BOOST_CHOICE id=cmuhgvgkf00smwi9gaeymh3ur-during-0-boost-3)
2026.09.27-12.34.22 SNAPSHOT applied seq=4 phase=COMBAT_RESOLVE
2026.09.27-12.34.22 MODE seq=4 mode=5 combat=1 pending=1
2026.09.27-12.34.22 S09AUTO resolve-revealed shot
2026.09.27-12.34.22 S09AUTO resolve-blocked shot (type=BOOST_CHOICE)
2026.09.27-12.34.26 SNAPSHOT applied seq=5 phase=ACTION_MANEUVER
2026.09.27-12.34.26 COMBAT-RESULT seq=5 damage=1 role=defended
2026.09.27-12.34.26 S09AUTO combat-result shot
2026.09.27-12.34.26 SHOT requested: FScreenshotRequest(bShowUI) -> C:\Users\ren\AppData\Local\Temp\s09-duel-20260927-173400-6400\joiner/s09-combat-result.png
2026.09.27-12.34.26 RESOLVE panel revealed: A3+B0 vs D4
2026.09.27-12.34.26 MODE seq=5 mode=0 combat=0 pending=0
2026.09.27-12.34.26 S09AUTO drive mode=0 plan=[defend+resolve+scheme] phase=ACTION_MANEUVER turn=cmuhntivg0000wib0anhqyswc
2026.09.27-12.34.26 SNAPSHOT applied seq=6 phase=ACTION_MANEUVER
2026.09.27-12.34.26 MODE seq=6 mode=0 combat=0 pending=1
2026.09.27-12.34.27 SNAPSHOT applied seq=7 phase=ACTION_MANEUVER
2026.09.27-12.34.27 MODE seq=7 mode=0 combat=0 pending=1
2026.09.27-12.34.28 SNAPSHOT applied seq=8 phase=ACTION_MANEUVER
2026.09.27-12.34.28 MODE seq=8 mode=0 combat=0 pending=1
2026.09.27-12.34.28 SNAPSHOT applied seq=9 phase=ACTION_MANEUVER
2026.09.27-12.34.28 MODE seq=9 mode=0 combat=0 pending=1
2026.09.27-12.34.28 SNAPSHOT applied seq=10 phase=ACTION_MANEUVER
2026.09.27-12.34.28 MODE seq=10 mode=0 combat=0 pending=0
2026.09.27-12.34.28 S09AUTO own turn #0 (turnCount=2)
2026.09.27-12.34.28 SNAPSHOT applied seq=11 phase=ACTION_MANEUVER
2026.09.27-12.34.28 MODE seq=11 mode=1 combat=0 pending=0
2026.09.27-12.34.28 SNAPSHOT applied seq=11 phase=ACTION_MANEUVER
2026.09.27-12.34.28 MODE seq=11 mode=1 combat=0 pending=0
2026.09.27-12.34.28 S09AUTO drive mode=1 plan=[defend+resolve+scheme] phase=ACTION_MANEUVER turn=cmuhntiwu0001wib0z281rpa8
2026.09.27-12.34.29 S09AUTO draft-open shot (maneuver marker live)
2026.09.27-12.34.29 SNAPSHOT applied seq=12 phase=ACTION_MANEUVER
2026.09.27-12.34.29 MODE seq=12 mode=0 combat=0 pending=0
2026.09.27-12.34.29 SNAPSHOT applied seq=12 phase=ACTION_MANEUVER
2026.09.27-12.34.29 MODE seq=12 mode=0 combat=0 pending=0
2026.09.27-12.34.30 S09AUTO drive mode=0 plan=[defend+resolve+scheme] phase=ACTION_MANEUVER turn=cmuhntiwu0001wib0z281rpa8
2026.09.27-12.34.30 SNAPSHOT applied seq=13 phase=ACTION_MANEUVER
2026.09.27-12.34.30 MODE seq=13 mode=1 combat=0 pending=0
2026.09.27-12.34.30 SNAPSHOT applied seq=13 phase=ACTION_MANEUVER
2026.09.27-12.34.30 MODE seq=13 mode=1 combat=0 pending=0
2026.09.27-12.34.30 S09AUTO drive mode=1 plan=[defend+resolve+scheme] phase=ACTION_MANEUVER turn=cmuhntiwu0001wib0z281rpa8
2026.09.27-12.34.30 SNAPSHOT applied seq=14 phase=ACTION_MANEUVER
2026.09.27-12.34.30 MODE seq=14 mode=0 combat=0 pending=0
2026.09.27-12.34.30 SNAPSHOT applied seq=14 phase=ACTION_MANEUVER
2026.09.27-12.34.30 MODE seq=14 mode=0 combat=0 pending=0
2026.09.27-12.34.30 SNAPSHOT applied seq=15 phase=ACTION_MANEUVER
2026.09.27-12.34.30 MODE seq=15 mode=0 combat=0 pending=0
2026.09.27-12.34.31 S09AUTO drive mode=0 plan=[defend+resolve+scheme] phase=ACTION_MANEUVER turn=cmuhntivg0000wib0anhqyswc
2026.09.27-12.34.32 SNAPSHOT applied seq=16 phase=ACTION_MANEUVER
2026.09.27-12.34.32 MODE seq=16 mode=0 combat=0 pending=0
2026.09.27-12.34.33 SNAPSHOT applied seq=17 phase=ACTION_MANEUVER
2026.09.27-12.34.33 MODE seq=17 mode=0 combat=0 pending=0
2026.09.27-12.34.33 SNAPSHOT applied seq=18 phase=ACTION_MANEUVER
2026.09.27-12.34.33 MODE seq=18 mode=0 combat=0 pending=0
2026.09.27-12.34.33 S09AUTO own turn #1 (turnCount=4)
2026.09.27-12.34.33 S09AUTO scheme
2026.09.27-12.34.33 SNAPSHOT applied seq=19 phase=ACTION_MANEUVER
2026.09.27-12.34.33 MODE seq=19 mode=6 combat=0 pending=1
2026.09.27-12.34.33 SCHEME done seq=19 (apply) phase=ACTION_MANEUVER
2026.09.27-12.34.33 SNAPSHOT applied seq=19 phase=ACTION_MANEUVER
2026.09.27-12.34.33 MODE seq=19 mode=6 combat=0 pending=1
2026.09.27-12.34.34 S09AUTO drive mode=6 plan=[defend+resolve+scheme] phase=ACTION_MANEUVER turn=cmuhntiwu0001wib0z281rpa8
2026.09.27-12.34.34 S09AUTO pending-open shot (type=MOVE stage=0 mode=)
2026.09.27-12.34.34 PEND-RESOLVE sent type=MOVE stage=0 id=cmuhgvgi100oowi9gxm86n50b-fullText-0-p0
2026.09.27-12.34.34 S09AUTO pending picked (type=MOVE stage=0)
2026.09.27-12.34.34 SNAPSHOT applied seq=20 phase=ACTION_MANEUVER
2026.09.27-12.34.34 MODE seq=20 mode=6 combat=0 pending=1
2026.09.27-12.34.34 PEND resolve done seq=20 (apply) phase=ACTION_MANEUVER
2026.09.27-12.34.34 SNAPSHOT applied seq=20 phase=ACTION_MANEUVER
2026.09.27-12.34.34 MODE seq=20 mode=6 combat=0 pending=1
2026.09.27-12.34.34 PEND-RESOLVE sent type=MOVE stage=0 id=cmuhgvgi100oowi9gxm86n50b-fullText-0-p1
2026.09.27-12.34.34 S09AUTO pending picked (type=MOVE stage=0)
2026.09.27-12.34.34 SNAPSHOT applied seq=21 phase=ACTION_MANEUVER
2026.09.27-12.34.34 MODE seq=21 mode=6 combat=0 pending=1
2026.09.27-12.34.34 PEND resolve done seq=21 (apply) phase=ACTION_MANEUVER
2026.09.27-12.34.34 SNAPSHOT applied seq=21 phase=ACTION_MANEUVER
2026.09.27-12.34.34 MODE seq=21 mode=6 combat=0 pending=1
2026.09.27-12.34.35 PEND-RESOLVE sent type=MOVE stage=0 id=cmuhgvgi100oowi9gxm86n50b-fullText-0-p2
2026.09.27-12.34.35 S09AUTO pending picked (type=MOVE stage=0)
2026.09.27-12.34.35 SNAPSHOT applied seq=22 phase=ACTION_MANEUVER
2026.09.27-12.34.35 MODE seq=22 mode=6 combat=0 pending=1
2026.09.27-12.34.35 SNAPSHOT applied seq=22 phase=ACTION_MANEUVER
2026.09.27-12.34.35 MODE seq=22 mode=6 combat=0 pending=1
2026.09.27-12.34.35 PEND resolve done seq=22 (merge) phase=ACTION_MANEUVER
2026.09.27-12.34.35 PEND-RESOLVE sent type=MOVE stage=0 id=cmuhgvgi100oowi9gxm86n50b-fullText-0-p3
2026.09.27-12.34.35 S09AUTO pending picked (type=MOVE stage=0)
2026.09.27-12.34.35 SNAPSHOT applied seq=23 phase=ACTION_MANEUVER
2026.09.27-12.34.35 MODE seq=23 mode=6 combat=0 pending=1
2026.09.27-12.34.35 SNAPSHOT applied seq=23 phase=ACTION_MANEUVER
2026.09.27-12.34.35 MODE seq=23 mode=6 combat=0 pending=1
2026.09.27-12.34.35 PEND resolve done seq=23 (merge) phase=ACTION_MANEUVER
2026.09.27-12.34.35 PEND-RESOLVE sent type=MOVE stage=0 id=cmuhgvgi100oowi9gxm86n50b-fullText-0-p4
2026.09.27-12.34.35 S09AUTO pending picked (type=MOVE stage=0)
2026.09.27-12.34.35 SNAPSHOT applied seq=24 phase=ACTION_MANEUVER
2026.09.27-12.34.35 MODE seq=24 mode=6 combat=0 pending=1
2026.09.27-12.34.35 PEND resolve done seq=24 (apply) phase=ACTION_MANEUVER
2026.09.27-12.34.35 SNAPSHOT applied seq=24 phase=ACTION_MANEUVER
2026.09.27-12.34.35 MODE seq=24 mode=6 combat=0 pending=1
2026.09.27-12.34.35 PEND-RESOLVE sent type=MOVE stage=0 id=cmuhgvgi100oowi9gxm86n50b-fullText-0-p5
2026.09.27-12.34.35 S09AUTO pending picked (type=MOVE stage=0)
2026.09.27-12.34.35 SNAPSHOT applied seq=25 phase=ACTION_MANEUVER
2026.09.27-12.34.35 MODE seq=25 mode=0 combat=0 pending=0
2026.09.27-12.34.35 PEND resolve done seq=25 (apply) phase=ACTION_MANEUVER
2026.09.27-12.34.35 SNAPSHOT applied seq=25 phase=ACTION_MANEUVER
2026.09.27-12.34.35 MODE seq=25 mode=0 combat=0 pending=0
2026.09.27-12.34.35 S09AUTO drive mode=0 plan=[defend+resolve+scheme] phase=ACTION_MANEUVER turn=cmuhntiwu0001wib0z281rpa8
2026.09.27-12.34.35 SNAPSHOT applied seq=26 phase=ACTION_MANEUVER
2026.09.27-12.34.35 MODE seq=26 mode=1 combat=0 pending=0
2026.09.27-12.34.35 SNAPSHOT applied seq=26 phase=ACTION_MANEUVER
2026.09.27-12.34.35 MODE seq=26 mode=1 combat=0 pending=0
2026.09.27-12.34.35 S09AUTO drive mode=1 plan=[defend+resolve+scheme] phase=ACTION_MANEUVER turn=cmuhntiwu0001wib0z281rpa8
2026.09.27-12.34.35 SNAPSHOT applied seq=27 phase=ACTION_MANEUVER
2026.09.27-12.34.35 MODE seq=27 mode=0 combat=0 pending=0
2026.09.27-12.34.35 SNAPSHOT applied seq=27 phase=ACTION_MANEUVER
2026.09.27-12.34.35 MODE seq=27 mode=0 combat=0 pending=0
2026.09.27-12.34.35 SNAPSHOT applied seq=28 phase=ACTION_MANEUVER
2026.09.27-12.34.35 MODE seq=28 mode=0 combat=0 pending=1
2026.09.27-12.34.36 S09AUTO drive mode=0 plan=[defend+resolve+scheme] phase=ACTION_MANEUVER turn=cmuhntivg0000wib0anhqyswc
2026.09.27-12.34.36 SNAPSHOT applied seq=29 phase=ACTION_MANEUVER
2026.09.27-12.34.36 MODE seq=29 mode=0 combat=0 pending=1
2026.09.27-12.34.37 SNAPSHOT applied seq=30 phase=ACTION_MANEUVER
2026.09.27-12.34.37 MODE seq=30 mode=0 combat=0 pending=1
2026.09.27-12.34.37 SNAPSHOT applied seq=31 phase=ACTION_MANEUVER
2026.09.27-12.34.37 MODE seq=31 mode=0 combat=0 pending=1
2026.09.27-12.34.37 SNAPSHOT applied seq=32 phase=ACTION_MANEUVER
2026.09.27-12.34.37 MODE seq=32 mode=0 combat=0 pending=0
2026.09.27-12.34.37 SNAPSHOT applied seq=33 phase=ACTION_MANEUVER
2026.09.27-12.34.37 MODE seq=33 mode=0 combat=0 pending=0
2026.09.27-12.34.37 SNAPSHOT applied seq=34 phase=ACTION_MANEUVER
2026.09.27-12.34.37 MODE seq=34 mode=0 combat=0 pending=0
2026.09.27-12.34.37 S09AUTO own turn #2 (turnCount=6)
2026.09.27-12.34.37 SNAPSHOT applied seq=35 phase=ACTION_MANEUVER
2026.09.27-12.34.37 MODE seq=35 mode=1 combat=0 pending=0
2026.09.27-12.34.37 SNAPSHOT applied seq=35 phase=ACTION_MANEUVER
2026.09.27-12.34.37 MODE seq=35 mode=1 combat=0 pending=0
2026.09.27-12.34.37 S09AUTO drive mode=1 plan=[defend+resolve+scheme] phase=ACTION_MANEUVER turn=cmuhntiwu0001wib0z281rpa8
2026.09.27-12.34.37 S09AUTO multi-fighter moves=2
2026.09.27-12.34.37 SNAPSHOT applied seq=36 phase=ACTION_MANEUVER
2026.09.27-12.34.37 MODE seq=36 mode=0 combat=0 pending=0
2026.09.27-12.34.37 SNAPSHOT applied seq=36 phase=ACTION_MANEUVER
2026.09.27-12.34.37 MODE seq=36 mode=0 combat=0 pending=0
2026.09.27-12.34.38 S09AUTO drive mode=0 plan=[defend+resolve+scheme] phase=ACTION_MANEUVER turn=cmuhntiwu0001wib0z281rpa8
2026.09.27-12.34.38 SNAPSHOT applied seq=37 phase=ACTION_MANEUVER
2026.09.27-12.34.38 MODE seq=37 mode=1 combat=0 pending=0
2026.09.27-12.34.38 SNAPSHOT applied seq=37 phase=ACTION_MANEUVER
2026.09.27-12.34.38 MODE seq=37 mode=1 combat=0 pending=0
2026.09.27-12.34.38 S09AUTO drive mode=1 plan=[defend+resolve+scheme] phase=ACTION_MANEUVER turn=cmuhntiwu0001wib0z281rpa8
2026.09.27-12.34.39 SNAPSHOT applied seq=38 phase=TURN_END
2026.09.27-12.34.39 MODE seq=38 mode=2 combat=0 pending=0
2026.09.27-12.34.39 SNAPSHOT applied seq=38 phase=TURN_END
2026.09.27-12.34.39 MODE seq=38 mode=2 combat=0 pending=0
2026.09.27-12.34.40 S09AUTO drive mode=2 plan=[defend+resolve+scheme] phase=TURN_END turn=cmuhntiwu0001wib0z281rpa8
2026.09.27-12.34.40 S09AUTO discard picks=1
2026.09.27-12.34.40 SNAPSHOT applied seq=39 phase=ACTION_MANEUVER
2026.09.27-12.34.40 MODE seq=39 mode=0 combat=0 pending=1
2026.09.27-12.34.40 SNAPSHOT applied seq=39 phase=ACTION_MANEUVER
2026.09.27-12.34.40 MODE seq=39 mode=0 combat=0 pending=1
2026.09.27-12.34.40 SNAPSHOT applied seq=40 phase=ACTION_MANEUVER
2026.09.27-12.34.40 MODE seq=40 mode=0 combat=0 pending=0
2026.09.27-12.34.40 SNAPSHOT applied seq=41 phase=ACTION_MANEUVER
2026.09.27-12.34.40 MODE seq=41 mode=0 combat=0 pending=1
2026.09.27-12.34.41 S09AUTO drive mode=0 plan=[defend+resolve+scheme] phase=ACTION_MANEUVER turn=cmuhntivg0000wib0anhqyswc
2026.09.27-12.34.41 SNAPSHOT applied seq=42 phase=ACTION_MANEUVER
2026.09.27-12.34.41 MODE seq=42 mode=0 combat=0 pending=0
2026.09.27-12.34.41 SNAPSHOT applied seq=43 phase=ACTION_MANEUVER
2026.09.27-12.34.41 MODE seq=43 mode=0 combat=0 pending=0
2026.09.27-12.34.42 SNAPSHOT applied seq=44 phase=ACTION_MANEUVER
2026.09.27-12.34.42 MODE seq=44 mode=0 combat=0 pending=0
2026.09.27-12.34.42 S09AUTO own turn #3 (turnCount=8)
2026.09.27-12.34.42 SNAPSHOT applied seq=45 phase=ACTION_MANEUVER
2026.09.27-12.34.42 MODE seq=45 mode=1 combat=0 pending=0
2026.09.27-12.34.42 SNAPSHOT applied seq=45 phase=ACTION_MANEUVER
2026.09.27-12.34.42 MODE seq=45 mode=1 combat=0 pending=0
2026.09.27-12.34.42 S09AUTO drive mode=1 plan=[defend+resolve+scheme] phase=ACTION_MANEUVER turn=cmuhntiwu0001wib0z281rpa8
2026.09.27-12.34.42 SNAPSHOT applied seq=46 phase=ACTION_MANEUVER
2026.09.27-12.34.42 MODE seq=46 mode=0 combat=0 pending=0
2026.09.27-12.34.42 SNAPSHOT applied seq=46 phase=ACTION_MANEUVER
2026.09.27-12.34.42 MODE seq=46 mode=0 combat=0 pending=0
2026.09.27-12.34.43 S09AUTO drive mode=0 plan=[defend+resolve+scheme] phase=ACTION_MANEUVER turn=cmuhntiwu0001wib0z281rpa8
2026.09.27-12.34.43 SNAPSHOT applied seq=47 phase=ACTION_MANEUVER
2026.09.27-12.34.43 MODE seq=47 mode=1 combat=0 pending=0
2026.09.27-12.34.43 SNAPSHOT applied seq=47 phase=ACTION_MANEUVER
2026.09.27-12.34.43 MODE seq=47 mode=1 combat=0 pending=0
2026.09.27-12.34.43 S09AUTO drive mode=1 plan=[defend+resolve+scheme] phase=ACTION_MANEUVER turn=cmuhntiwu0001wib0z281rpa8
2026.09.27-12.34.43 SNAPSHOT applied seq=48 phase=TURN_END
2026.09.27-12.34.43 MODE seq=48 mode=2 combat=0 pending=0
2026.09.27-12.34.43 SNAPSHOT applied seq=48 phase=TURN_END
2026.09.27-12.34.43 MODE seq=48 mode=2 combat=0 pending=0
2026.09.27-12.34.44 S09AUTO drive mode=2 plan=[defend+resolve+scheme] phase=TURN_END turn=cmuhntiwu0001wib0z281rpa8
2026.09.27-12.34.44 S09AUTO discard picks=2
2026.09.27-12.34.44 SNAPSHOT applied seq=49 phase=ACTION_MANEUVER
2026.09.27-12.34.44 MODE seq=49 mode=0 combat=0 pending=1
2026.09.27-12.34.44 SNAPSHOT applied seq=49 phase=ACTION_MANEUVER
2026.09.27-12.34.44 MODE seq=49 mode=0 combat=0 pending=1
2026.09.27-12.34.44 SNAPSHOT applied seq=50 phase=ACTION_MANEUVER
2026.09.27-12.34.44 MODE seq=50 mode=0 combat=0 pending=0
2026.09.27-12.34.45 SNAPSHOT applied seq=51 phase=ACTION_MANEUVER
2026.09.27-12.34.45 MODE seq=51 mode=0 combat=0 pending=0
2026.09.27-12.34.45 SNAPSHOT applied seq=52 phase=ACTION_MANEUVER
2026.09.27-12.34.45 MODE seq=52 mode=0 combat=0 pending=0
2026.09.27-12.34.46 S09AUTO drive mode=0 plan=[defend+resolve+scheme] phase=ACTION_MANEUVER turn=cmuhntivg0000wib0anhqyswc
2026.09.27-12.34.46 SNAPSHOT applied seq=53 phase=ACTION_MANEUVER
2026.09.27-12.34.46 MODE seq=53 mode=0 combat=0 pending=1
2026.09.27-12.34.47 SNAPSHOT applied seq=54 phase=ACTION_MANEUVER
2026.09.27-12.34.47 MODE seq=54 mode=0 combat=0 pending=0
2026.09.27-12.34.47 S09AUTO own turn #4 (turnCount=10)
2026.09.27-12.34.47 SNAPSHOT applied seq=55 phase=ACTION_MANEUVER
2026.09.27-12.34.47 MODE seq=55 mode=1 combat=0 pending=0
2026.09.27-12.34.47 SNAPSHOT applied seq=55 phase=ACTION_MANEUVER
2026.09.27-12.34.47 MODE seq=55 mode=1 combat=0 pending=0
2026.09.27-12.34.47 S09AUTO drive mode=1 plan=[defend+resolve+scheme] phase=ACTION_MANEUVER turn=cmuhntiwu0001wib0z281rpa8
2026.09.27-12.34.47 SNAPSHOT applied seq=56 phase=ACTION_MANEUVER
2026.09.27-12.34.47 MODE seq=56 mode=0 combat=0 pending=0
2026.09.27-12.34.47 SNAPSHOT applied seq=56 phase=ACTION_MANEUVER
2026.09.27-12.34.47 MODE seq=56 mode=0 combat=0 pending=0
2026.09.27-12.34.48 S09AUTO drive mode=0 plan=[defend+resolve+scheme] phase=ACTION_MANEUVER turn=cmuhntiwu0001wib0z281rpa8
2026.09.27-12.34.49 SNAPSHOT applied seq=57 phase=ACTION_MANEUVER
2026.09.27-12.34.49 MODE seq=57 mode=1 combat=0 pending=0
2026.09.27-12.34.49 SNAPSHOT applied seq=57 phase=ACTION_MANEUVER
2026.09.27-12.34.49 MODE seq=57 mode=1 combat=0 pending=0
2026.09.27-12.34.49 S09AUTO drive mode=1 plan=[defend+resolve+scheme] phase=ACTION_MANEUVER turn=cmuhntiwu0001wib0z281rpa8
2026.09.27-12.34.49 SNAPSHOT applied seq=58 phase=TURN_END
2026.09.27-12.34.49 MODE seq=58 mode=2 combat=0 pending=0
2026.09.27-12.34.49 SNAPSHOT applied seq=58 phase=TURN_END
2026.09.27-12.34.49 MODE seq=58 mode=2 combat=0 pending=0
2026.09.27-12.34.50 S09AUTO drive mode=2 plan=[defend+resolve+scheme] phase=TURN_END turn=cmuhntiwu0001wib0z281rpa8
2026.09.27-12.34.50 S09AUTO discard picks=2
2026.09.27-12.34.50 SNAPSHOT applied seq=59 phase=ACTION_MANEUVER
2026.09.27-12.34.50 MODE seq=59 mode=0 combat=0 pending=1
2026.09.27-12.34.50 SNAPSHOT applied seq=59 phase=ACTION_MANEUVER
2026.09.27-12.34.50 MODE seq=59 mode=0 combat=0 pending=1
2026.09.27-12.34.50 SNAPSHOT applied seq=60 phase=ACTION_MANEUVER
2026.09.27-12.34.50 MODE seq=60 mode=0 combat=0 pending=0
2026.09.27-12.34.50 SNAPSHOT applied seq=61 phase=ACTION_MANEUVER
2026.09.27-12.34.50 MODE seq=61 mode=0 combat=0 pending=0
2026.09.27-12.34.50 SNAPSHOT applied seq=62 phase=ACTION_MANEUVER
2026.09.27-12.34.50 MODE seq=62 mode=0 combat=0 pending=0
2026.09.27-12.34.51 S09AUTO drive mode=0 plan=[defend+resolve+scheme] phase=ACTION_MANEUVER turn=cmuhntivg0000wib0anhqyswc
2026.09.27-12.34.51 SNAPSHOT applied seq=63 phase=ACTION_MANEUVER
2026.09.27-12.34.51 MODE seq=63 mode=0 combat=0 pending=0
2026.09.27-12.34.51 SNAPSHOT applied seq=64 phase=ACTION_MANEUVER
2026.09.27-12.34.51 MODE seq=64 mode=0 combat=0 pending=0
2026.09.27-12.34.52 S09AUTO own turn #5 (turnCount=12)
2026.09.27-12.34.52 SNAPSHOT applied seq=65 phase=ACTION_MANEUVER
2026.09.27-12.34.52 MODE seq=65 mode=1 combat=0 pending=0
2026.09.27-12.34.52 SNAPSHOT applied seq=65 phase=ACTION_MANEUVER
2026.09.27-12.34.52 MODE seq=65 mode=1 combat=0 pending=0
2026.09.27-12.34.52 S09AUTO drive mode=1 plan=[defend+resolve+scheme] phase=ACTION_MANEUVER turn=cmuhntiwu0001wib0z281rpa8
2026.09.27-12.34.52 SNAPSHOT applied seq=66 phase=ACTION_MANEUVER
2026.09.27-12.34.52 MODE seq=66 mode=0 combat=0 pending=0
2026.09.27-12.34.52 SNAPSHOT applied seq=66 phase=ACTION_MANEUVER
2026.09.27-12.34.52 MODE seq=66 mode=0 combat=0 pending=0
2026.09.27-12.34.53 S09AUTO drive mode=0 plan=[defend+resolve+scheme] phase=ACTION_MANEUVER turn=cmuhntiwu0001wib0z281rpa8
2026.09.27-12.34.53 SNAPSHOT applied seq=67 phase=ACTION_MANEUVER
2026.09.27-12.34.53 MODE seq=67 mode=1 combat=0 pending=0
2026.09.27-12.34.53 SNAPSHOT applied seq=67 phase=ACTION_MANEUVER
2026.09.27-12.34.53 MODE seq=67 mode=1 combat=0 pending=0
2026.09.27-12.34.53 S09AUTO drive mode=1 plan=[defend+resolve+scheme] phase=ACTION_MANEUVER turn=cmuhntiwu0001wib0z281rpa8
2026.09.27-12.34.53 SNAPSHOT applied seq=68 phase=TURN_END
2026.09.27-12.34.53 MODE seq=68 mode=2 combat=0 pending=0
2026.09.27-12.34.53 SNAPSHOT applied seq=68 phase=TURN_END
2026.09.27-12.34.53 MODE seq=68 mode=2 combat=0 pending=0
2026.09.27-12.34.54 S09AUTO drive mode=2 plan=[defend+resolve+scheme] phase=TURN_END turn=cmuhntiwu0001wib0z281rpa8
2026.09.27-12.34.54 S09AUTO discard picks=2
2026.09.27-12.34.54 SNAPSHOT applied seq=69 phase=ACTION_MANEUVER
2026.09.27-12.34.54 MODE seq=69 mode=0 combat=0 pending=1
2026.09.27-12.34.54 SNAPSHOT applied seq=69 phase=ACTION_MANEUVER
2026.09.27-12.34.54 MODE seq=69 mode=0 combat=0 pending=1
2026.09.27-12.34.54 SNAPSHOT applied seq=70 phase=ACTION_MANEUVER
2026.09.27-12.34.54 MODE seq=70 mode=0 combat=0 pending=0
2026.09.27-12.34.54 SNAPSHOT applied seq=71 phase=ACTION_MANEUVER
2026.09.27-12.34.54 MODE seq=71 mode=0 combat=0 pending=0
2026.09.27-12.34.55 SNAPSHOT applied seq=72 phase=ACTION_MANEUVER
2026.09.27-12.34.55 MODE seq=72 mode=0 combat=0 pending=0
2026.09.27-12.34.55 S09AUTO drive mode=0 plan=[defend+resolve+scheme] phase=ACTION_MANEUVER turn=cmuhntivg0000wib0anhqyswc
2026.09.27-12.34.56 SNAPSHOT applied seq=73 phase=ACTION_MANEUVER
2026.09.27-12.34.56 MODE seq=73 mode=0 combat=0 pending=0
2026.09.27-12.34.56 SNAPSHOT applied seq=74 phase=TURN_END
2026.09.27-12.34.56 MODE seq=74 mode=0 combat=0 pending=0
2026.09.27-12.34.57 SNAPSHOT applied seq=75 phase=ACTION_MANEUVER
2026.09.27-12.34.57 MODE seq=75 mode=0 combat=0 pending=0
2026.09.27-12.34.57 S09AUTO own turn #6 (turnCount=14)
2026.09.27-12.34.57 SNAPSHOT applied seq=76 phase=ACTION_MANEUVER
2026.09.27-12.34.57 MODE seq=76 mode=1 combat=0 pending=0
2026.09.27-12.34.57 SNAPSHOT applied seq=76 phase=ACTION_MANEUVER
2026.09.27-12.34.57 MODE seq=76 mode=1 combat=0 pending=0
2026.09.27-12.34.57 S09AUTO drive mode=1 plan=[defend+resolve+scheme] phase=ACTION_MANEUVER turn=cmuhntiwu0001wib0z281rpa8
2026.09.27-12.34.57 SNAPSHOT applied seq=77 phase=ACTION_MANEUVER
2026.09.27-12.34.57 MODE seq=77 mode=0 combat=0 pending=0
2026.09.27-12.34.57 SNAPSHOT applied seq=77 phase=ACTION_MANEUVER
2026.09.27-12.34.57 MODE seq=77 mode=0 combat=0 pending=0
2026.09.27-12.34.58 S09AUTO drive mode=0 plan=[defend+resolve+scheme] phase=ACTION_MANEUVER turn=cmuhntiwu0001wib0z281rpa8
2026.09.27-12.34.58 SNAPSHOT applied seq=78 phase=ACTION_MANEUVER
2026.09.27-12.34.58 MODE seq=78 mode=1 combat=0 pending=0
2026.09.27-12.34.59 SNAPSHOT applied seq=78 phase=ACTION_MANEUVER
2026.09.27-12.34.59 MODE seq=78 mode=1 combat=0 pending=0
2026.09.27-12.34.59 S09AUTO drive mode=1 plan=[defend+resolve+scheme] phase=ACTION_MANEUVER turn=cmuhntiwu0001wib0z281rpa8
2026.09.27-12.34.59 SNAPSHOT applied seq=79 phase=TURN_END
2026.09.27-12.34.59 MODE seq=79 mode=2 combat=0 pending=0
2026.09.27-12.34.59 SNAPSHOT applied seq=79 phase=TURN_END
2026.09.27-12.34.59 MODE seq=79 mode=2 combat=0 pending=0
2026.09.27-12.35.00 S09AUTO drive mode=2 plan=[defend+resolve+scheme] phase=TURN_END turn=cmuhntiwu0001wib0z281rpa8
2026.09.27-12.35.00 S09AUTO discard picks=2
2026.09.27-12.35.00 SNAPSHOT applied seq=80 phase=ACTION_MANEUVER
2026.09.27-12.35.00 MODE seq=80 mode=0 combat=0 pending=1
2026.09.27-12.35.00 SNAPSHOT applied seq=80 phase=ACTION_MANEUVER
2026.09.27-12.35.00 MODE seq=80 mode=0 combat=0 pending=1
2026.09.27-12.35.00 SNAPSHOT applied seq=81 phase=ACTION_MANEUVER
2026.09.27-12.35.00 MODE seq=81 mode=0 combat=0 pending=0
2026.09.27-12.35.00 SNAPSHOT applied seq=82 phase=ACTION_MANEUVER
2026.09.27-12.35.00 MODE seq=82 mode=0 combat=0 pending=0
2026.09.27-12.35.00 SNAPSHOT applied seq=83 phase=ACTION_MANEUVER
2026.09.27-12.35.00 MODE seq=83 mode=0 combat=0 pending=0
2026.09.27-12.35.01 S09AUTO drive mode=0 plan=[defend+resolve+scheme] phase=ACTION_MANEUVER turn=cmuhntivg0000wib0anhqyswc
2026.09.27-12.35.01 SNAPSHOT applied seq=84 phase=ACTION_MANEUVER
2026.09.27-12.35.01 MODE seq=84 mode=0 combat=0 pending=0
2026.09.27-12.35.01 SNAPSHOT applied seq=85 phase=TURN_END
2026.09.27-12.35.01 MODE seq=85 mode=0 combat=0 pending=0
2026.09.27-12.35.03 SNAPSHOT applied seq=86 phase=ACTION_MANEUVER
2026.09.27-12.35.03 MODE seq=86 mode=0 combat=0 pending=0
2026.09.27-12.35.03 S09AUTO own turn #7 (turnCount=16)
2026.09.27-12.35.03 SNAPSHOT applied seq=87 phase=ACTION_MANEUVER
2026.09.27-12.35.03 MODE seq=87 mode=1 combat=0 pending=0
2026.09.27-12.35.03 SNAPSHOT applied seq=87 phase=ACTION_MANEUVER
2026.09.27-12.35.03 MODE seq=87 mode=1 combat=0 pending=0
2026.09.27-12.35.03 S09AUTO drive mode=1 plan=[defend+resolve+scheme] phase=ACTION_MANEUVER turn=cmuhntiwu0001wib0z281rpa8
2026.09.27-12.35.03 SNAPSHOT applied seq=88 phase=ACTION_MANEUVER
2026.09.27-12.35.03 MODE seq=88 mode=0 combat=0 pending=0
2026.09.27-12.35.03 SNAPSHOT applied seq=88 phase=ACTION_MANEUVER
2026.09.27-12.35.03 MODE seq=88 mode=0 combat=0 pending=0
2026.09.27-12.35.04 S09AUTO drive mode=0 plan=[defend+resolve+scheme] phase=ACTION_MANEUVER turn=cmuhntiwu0001wib0z281rpa8
2026.09.27-12.35.04 S09AUTO scheme
2026.09.27-12.35.04 SNAPSHOT applied seq=89 phase=TURN_END
2026.09.27-12.35.04 MODE seq=89 mode=2 combat=0 pending=0
2026.09.27-12.35.04 SCHEME done seq=89 (apply) phase=TURN_END
2026.09.27-12.35.04 SNAPSHOT applied seq=89 phase=TURN_END
2026.09.27-12.35.04 MODE seq=89 mode=2 combat=0 pending=0
2026.09.27-12.35.05 S09AUTO drive mode=2 plan=[defend+resolve+scheme] phase=TURN_END turn=cmuhntiwu0001wib0z281rpa8
2026.09.27-12.35.05 S09AUTO discard picks=1
2026.09.27-12.35.05 SNAPSHOT applied seq=90 phase=ACTION_MANEUVER
2026.09.27-12.35.05 MODE seq=90 mode=0 combat=0 pending=1
2026.09.27-12.35.05 SNAPSHOT applied seq=90 phase=ACTION_MANEUVER
2026.09.27-12.35.05 MODE seq=90 mode=0 combat=0 pending=1
2026.09.27-12.35.05 SNAPSHOT applied seq=91 phase=ACTION_MANEUVER
2026.09.27-12.35.05 MODE seq=91 mode=0 combat=0 pending=0
2026.09.27-12.35.05 SNAPSHOT applied seq=92 phase=ACTION_MANEUVER
2026.09.27-12.35.05 MODE seq=92 mode=0 combat=0 pending=0
2026.09.27-12.35.06 SNAPSHOT applied seq=93 phase=ACTION_MANEUVER
2026.09.27-12.35.06 MODE seq=93 mode=0 combat=0 pending=0
2026.09.27-12.35.06 S09AUTO drive mode=0 plan=[defend+resolve+scheme] phase=ACTION_MANEUVER turn=cmuhntivg0000wib0anhqyswc
2026.09.27-12.35.07 SNAPSHOT applied seq=94 phase=COMBAT
2026.09.27-12.35.07 MODE seq=94 mode=4 combat=1 pending=0
2026.09.27-12.35.07 S09AUTO drive mode=4 plan=[defend+resolve+scheme] phase=COMBAT turn=cmuhntivg0000wib0anhqyswc
2026.09.27-12.35.07 S09AUTO defense card picked
2026.09.27-12.35.07 DEFENSE sent
2026.09.27-12.35.07 SNAPSHOT applied seq=95 phase=COMBAT_RESOLVE
2026.09.27-12.35.07 MODE seq=95 mode=5 combat=1 pending=0
2026.09.27-12.35.07 SNAPSHOT applied seq=95 phase=COMBAT_RESOLVE
2026.09.27-12.35.07 MODE seq=95 mode=5 combat=1 pending=0
2026.09.27-12.35.07 S09AUTO drive mode=5 plan=[defend+resolve+scheme] phase=COMBAT_RESOLVE turn=cmuhntivg0000wib0anhqyswc
2026.09.27-12.35.07 S09AUTO resolve
2026.09.27-12.35.07 RESOLVE sent
2026.09.27-12.35.07 SNAPSHOT applied seq=96 phase=ACTION_MANEUVER
2026.09.27-12.35.07 COMBAT-RESULT seq=96 damage=0 role=defended
2026.09.27-12.35.07 MODE seq=96 mode=0 combat=0 pending=0
2026.09.27-12.35.07 SNAPSHOT applied seq=96 phase=ACTION_MANEUVER
2026.09.27-12.35.07 MODE seq=96 mode=0 combat=0 pending=0
2026.09.27-12.35.07 S09AUTO drive mode=0 plan=[defend+resolve+scheme] phase=ACTION_MANEUVER turn=cmuhntiwu0001wib0z281rpa8
2026.09.27-12.35.07 S09AUTO own turn #8 (turnCount=18)
2026.09.27-12.35.07 SNAPSHOT applied seq=97 phase=ACTION_MANEUVER
2026.09.27-12.35.07 MODE seq=97 mode=1 combat=0 pending=0
2026.09.27-12.35.07 SNAPSHOT applied seq=97 phase=ACTION_MANEUVER
2026.09.27-12.35.07 MODE seq=97 mode=1 combat=0 pending=0
2026.09.27-12.35.07 S09AUTO drive mode=1 plan=[defend+resolve+scheme] phase=ACTION_MANEUVER turn=cmuhntiwu0001wib0z281rpa8
2026.09.27-12.35.07 SNAPSHOT applied seq=98 phase=ACTION_MANEUVER
2026.09.27-12.35.07 MODE seq=98 mode=0 combat=0 pending=0
2026.09.27-12.35.07 SNAPSHOT applied seq=98 phase=ACTION_MANEUVER
2026.09.27-12.35.07 MODE seq=98 mode=0 combat=0 pending=0
2026.09.27-12.35.08 S09AUTO drive mode=0 plan=[defend+resolve+scheme] phase=ACTION_MANEUVER turn=cmuhntiwu0001wib0z281rpa8
2026.09.27-12.35.08 SNAPSHOT applied seq=99 phase=ACTION_MANEUVER
2026.09.27-12.35.08 MODE seq=99 mode=1 combat=0 pending=0
2026.09.27-12.35.08 SNAPSHOT applied seq=99 phase=ACTION_MANEUVER
2026.09.27-12.35.08 MODE seq=99 mode=1 combat=0 pending=0
2026.09.27-12.35.08 S09AUTO drive mode=1 plan=[defend+resolve+scheme] phase=ACTION_MANEUVER turn=cmuhntiwu0001wib0z281rpa8
2026.09.27-12.35.08 SNAPSHOT applied seq=100 phase=TURN_END
2026.09.27-12.35.08 MODE seq=100 mode=2 combat=0 pending=0
2026.09.27-12.35.09 SNAPSHOT applied seq=100 phase=TURN_END
2026.09.27-12.35.09 MODE seq=100 mode=2 combat=0 pending=0
2026.09.27-12.35.10 S09AUTO drive mode=2 plan=[defend+resolve+scheme] phase=TURN_END turn=cmuhntiwu0001wib0z281rpa8
2026.09.27-12.35.10 S09AUTO discard picks=1
2026.09.27-12.35.10 SNAPSHOT applied seq=101 phase=ACTION_MANEUVER
2026.09.27-12.35.10 MODE seq=101 mode=0 combat=0 pending=1
2026.09.27-12.35.10 SNAPSHOT applied seq=101 phase=ACTION_MANEUVER
2026.09.27-12.35.10 MODE seq=101 mode=0 combat=0 pending=1
2026.09.27-12.35.10 SNAPSHOT applied seq=102 phase=ACTION_MANEUVER
2026.09.27-12.35.10 MODE seq=102 mode=0 combat=0 pending=0
2026.09.27-12.35.10 SNAPSHOT applied seq=103 phase=COMBAT
2026.09.27-12.35.10 MODE seq=103 mode=4 combat=1 pending=0
2026.09.27-12.35.11 S09AUTO drive mode=4 plan=[defend+resolve+scheme] phase=COMBAT turn=cmuhntivg0000wib0anhqyswc
2026.09.27-12.35.11 S09AUTO defense card picked
2026.09.27-12.35.11 DEFENSE sent
2026.09.27-12.35.11 SNAPSHOT applied seq=104 phase=COMBAT_RESOLVE
2026.09.27-12.35.11 MODE seq=104 mode=5 combat=1 pending=0
2026.09.27-12.35.11 SNAPSHOT applied seq=104 phase=COMBAT_RESOLVE
2026.09.27-12.35.11 MODE seq=104 mode=5 combat=1 pending=0
2026.09.27-12.35.11 S09AUTO drive mode=5 plan=[defend+resolve+scheme] phase=COMBAT_RESOLVE turn=cmuhntivg0000wib0anhqyswc
2026.09.27-12.35.11 S09AUTO resolve
2026.09.27-12.35.11 RESOLVE sent
2026.09.27-12.35.11 SNAPSHOT applied seq=105 phase=COMBAT_RESOLVE
2026.09.27-12.35.11 MODE seq=105 mode=6 combat=1 pending=1
2026.09.27-12.35.11 PENDING panel revealed: attack A1+B0 vs D4
2026.09.27-12.35.11 SNAPSHOT applied seq=105 phase=COMBAT_RESOLVE
2026.09.27-12.35.11 MODE seq=105 mode=6 combat=1 pending=1
2026.09.27-12.35.11 S09AUTO drive mode=6 plan=[defend+resolve+scheme] phase=COMBAT_RESOLVE turn=cmuhntivg0000wib0anhqyswc
2026.09.27-12.35.11 PEND-RESOLVE sent type=MOVE stage=0 id=cmuhgvgi800p4wi9greokvfle-after-0-p0
2026.09.27-12.35.11 S09AUTO pending picked (type=MOVE stage=0)
2026.09.27-12.35.11 SNAPSHOT applied seq=106 phase=ACTION_MANEUVER
2026.09.27-12.35.11 COMBAT-RESULT seq=106 damage=0 role=defended
2026.09.27-12.35.11 PENDING panel revealed: attack A1+B0 vs D4
2026.09.27-12.35.11 MODE seq=106 mode=0 combat=0 pending=0
2026.09.27-12.35.11 PEND resolve done seq=106 (apply) phase=ACTION_MANEUVER
2026.09.27-12.35.11 SNAPSHOT applied seq=106 phase=ACTION_MANEUVER
2026.09.27-12.35.11 MODE seq=106 mode=0 combat=0 pending=0
2026.09.27-12.35.11 S09AUTO drive mode=0 plan=[defend+resolve+scheme] phase=ACTION_MANEUVER turn=cmuhntivg0000wib0anhqyswc
2026.09.27-12.35.11 SNAPSHOT applied seq=107 phase=COMBAT
2026.09.27-12.35.11 MODE seq=107 mode=4 combat=1 pending=0
2026.09.27-12.35.11 S09AUTO drive mode=4 plan=[defend+resolve+scheme] phase=COMBAT turn=cmuhntivg0000wib0anhqyswc
2026.09.27-12.35.11 S09AUTO defense card picked
2026.09.27-12.35.11 DEFENSE sent
2026.09.27-12.35.11 SNAPSHOT applied seq=108 phase=COMBAT_RESOLVE
2026.09.27-12.35.11 MODE seq=108 mode=5 combat=1 pending=0
2026.09.27-12.35.11 SNAPSHOT applied seq=108 phase=COMBAT_RESOLVE
2026.09.27-12.35.11 MODE seq=108 mode=5 combat=1 pending=0
2026.09.27-12.35.11 S09AUTO drive mode=5 plan=[defend+resolve+scheme] phase=COMBAT_RESOLVE turn=cmuhntivg0000wib0anhqyswc
2026.09.27-12.35.11 S09AUTO resolve
2026.09.27-12.35.11 RESOLVE sent
2026.09.27-12.35.11 SNAPSHOT applied seq=109 phase=COMBAT_RESOLVE
2026.09.27-12.35.11 MODE seq=109 mode=5 combat=1 pending=1
2026.09.27-12.35.11 RESOLVE panel revealed: A3+B0 vs D1
2026.09.27-12.35.11 RESOLVE panel blocked by pending (type=MOVE id=cmuhgvgko00t6wi9gliac8gv6-after-0-p0)
2026.09.27-12.35.11 SNAPSHOT applied seq=109 phase=COMBAT_RESOLVE
2026.09.27-12.35.11 MODE seq=109 mode=5 combat=1 pending=1
2026.09.27-12.35.11 S09AUTO resolve-blocked shot (type=MOVE)
2026.09.27-12.35.11 SNAPSHOT applied seq=110 phase=ACTION_MANEUVER
2026.09.27-12.35.11 COMBAT-RESULT seq=110 damage=0 role=defended
2026.09.27-12.35.11 RESOLVE panel revealed: A3+B0 vs D1
2026.09.27-12.35.11 MODE seq=110 mode=0 combat=0 pending=0
2026.09.27-12.35.11 S09AUTO drive mode=0 plan=[defend+resolve+scheme] phase=ACTION_MANEUVER turn=cmuhntiwu0001wib0z281rpa8
2026.09.27-12.35.11 S09AUTO own turn #9 (turnCount=20)
2026.09.27-12.35.11 S09AUTO scheme
2026.09.27-12.35.12 SNAPSHOT applied seq=111 phase=ACTION_MANEUVER
2026.09.27-12.35.12 MODE seq=111 mode=6 combat=0 pending=1
2026.09.27-12.35.12 SCHEME done seq=111 (apply) phase=ACTION_MANEUVER
2026.09.27-12.35.12 SNAPSHOT applied seq=111 phase=ACTION_MANEUVER
2026.09.27-12.35.12 MODE seq=111 mode=6 combat=0 pending=1
2026.09.27-12.35.13 S09AUTO drive mode=6 plan=[defend+resolve+scheme] phase=ACTION_MANEUVER turn=cmuhntiwu0001wib0z281rpa8
2026.09.27-12.35.13 S09AUTO pending-open shot (type=DECK_TOP_PICK stage=0 mode=PICK)
2026.09.27-12.35.13 PEND-RESOLVE sent type=DECK_TOP_PICK stage=0 id=cmuhgvghx00ogwi9g6yhna6m8-fullText-0-p0
2026.09.27-12.35.13 S09AUTO pending picked (type=DECK_TOP_PICK stage=0)
2026.09.27-12.35.13 SNAPSHOT applied seq=112 phase=ACTION_MANEUVER
2026.09.27-12.35.13 MODE seq=112 mode=6 combat=0 pending=1
2026.09.27-12.35.13 PEND resolve done seq=112 (apply) phase=ACTION_MANEUVER
2026.09.27-12.35.13 SNAPSHOT applied seq=112 phase=ACTION_MANEUVER
2026.09.27-12.35.13 MODE seq=112 mode=6 combat=0 pending=1
2026.09.27-12.35.13 S09AUTO pending-open shot (type=DECK_TOP_PICK stage=0 mode=ORDER)
2026.09.27-12.35.13 PEND-RESOLVE sent type=DECK_TOP_PICK stage=0 id=cmuhgvghx00ogwi9g6yhna6m8-fullText-0-p0-order
2026.09.27-12.35.13 S09AUTO pending picked (type=DECK_TOP_PICK stage=0)
2026.09.27-12.35.13 SNAPSHOT applied seq=113 phase=ACTION_MANEUVER
2026.09.27-12.35.13 MODE seq=113 mode=0 combat=0 pending=0
2026.09.27-12.35.13 PEND resolve done seq=113 (apply) phase=ACTION_MANEUVER
2026.09.27-12.35.13 SNAPSHOT applied seq=113 phase=ACTION_MANEUVER
2026.09.27-12.35.13 MODE seq=113 mode=0 combat=0 pending=0
2026.09.27-12.35.13 S09AUTO drive mode=0 plan=[defend+resolve+scheme] phase=ACTION_MANEUVER turn=cmuhntiwu0001wib0z281rpa8
2026.09.27-12.35.13 S09AUTO scheme
2026.09.27-12.35.13 SNAPSHOT applied seq=114 phase=ACTION_MANEUVER
2026.09.27-12.35.13 MODE seq=114 mode=6 combat=0 pending=1
2026.09.27-12.35.13 SCHEME done seq=114 (apply) phase=ACTION_MANEUVER
2026.09.27-12.35.14 S09AUTO drive mode=6 plan=[defend+resolve+scheme] phase=ACTION_MANEUVER turn=cmuhntiwu0001wib0z281rpa8
2026.09.27-12.35.14 S09AUTO pending-open shot (type=CHOOSE_SPACE stage=1 mode=)
2026.09.27-12.35.14 PEND-RESOLVE sent type=CHOOSE_SPACE stage=1 id=cmuhgvgi700p2wi9ggby5v41n-fullText-0-p0
2026.09.27-12.35.14 S09AUTO pending picked (type=CHOOSE_SPACE stage=1)
2026.09.27-12.35.14 SNAPSHOT applied seq=115 phase=ACTION_MANEUVER
2026.09.27-12.35.14 MODE seq=115 mode=6 combat=0 pending=1
2026.09.27-12.35.14 PEND resolve done seq=115 (apply) phase=ACTION_MANEUVER
2026.09.27-12.35.14 SNAPSHOT applied seq=115 phase=ACTION_MANEUVER
2026.09.27-12.35.14 MODE seq=115 mode=6 combat=0 pending=1
2026.09.27-12.35.14 S09AUTO pending-open shot (type=CHOOSE_SPACE stage=2 mode=)
2026.09.27-12.35.14 PEND-RESOLVE sent type=CHOOSE_SPACE stage=2 id=cmuhgvgi700p2wi9ggby5v41n-fullText-0-p0
2026.09.27-12.35.14 S09AUTO pending picked (type=CHOOSE_SPACE stage=2)
2026.09.27-12.35.14 SNAPSHOT applied seq=116 phase=ACTION_MANEUVER
2026.09.27-12.35.15 MODE seq=116 mode=0 combat=0 pending=1
2026.09.27-12.35.15 PEND resolve done seq=116 (apply) phase=ACTION_MANEUVER
2026.09.27-12.35.15 SNAPSHOT applied seq=116 phase=ACTION_MANEUVER
2026.09.27-12.35.15 MODE seq=116 mode=0 combat=0 pending=1
2026.09.27-12.35.15 S09AUTO drive mode=0 plan=[defend+resolve+scheme] phase=ACTION_MANEUVER turn=cmuhntivg0000wib0anhqyswc
2026.09.27-12.35.15 SNAPSHOT applied seq=117 phase=ACTION_MANEUVER
2026.09.27-12.35.15 MODE seq=117 mode=0 combat=0 pending=0
2026.09.27-12.35.15 SNAPSHOT applied seq=118 phase=COMBAT
2026.09.27-12.35.15 MODE seq=118 mode=4 combat=1 pending=0
2026.09.27-12.35.15 S09AUTO drive mode=4 plan=[defend+resolve+scheme] phase=COMBAT turn=cmuhntivg0000wib0anhqyswc
2026.09.27-12.35.15 S09AUTO defense card picked
2026.09.27-12.35.15 DEFENSE sent
2026.09.27-12.35.15 SNAPSHOT applied seq=119 phase=COMBAT_RESOLVE
2026.09.27-12.35.15 MODE seq=119 mode=5 combat=1 pending=0
2026.09.27-12.35.15 SNAPSHOT applied seq=119 phase=COMBAT_RESOLVE
2026.09.27-12.35.15 MODE seq=119 mode=5 combat=1 pending=0
2026.09.27-12.35.15 S09AUTO drive mode=5 plan=[defend+resolve+scheme] phase=COMBAT_RESOLVE turn=cmuhntivg0000wib0anhqyswc
2026.09.27-12.35.15 S09AUTO resolve
2026.09.27-12.35.15 RESOLVE sent
2026.09.27-12.35.15 SNAPSHOT applied seq=120 phase=COMBAT_RESOLVE
2026.09.27-12.35.15 MODE seq=120 mode=6 combat=1 pending=1
2026.09.27-12.35.15 PENDING panel revealed: attack A3+B0 vs D3
2026.09.27-12.35.15 SNAPSHOT applied seq=120 phase=COMBAT_RESOLVE
2026.09.27-12.35.15 MODE seq=120 mode=6 combat=1 pending=1
2026.09.27-12.35.15 S09AUTO drive mode=6 plan=[defend+resolve+scheme] phase=COMBAT_RESOLVE turn=cmuhntivg0000wib0anhqyswc
2026.09.27-12.35.15 PEND-RESOLVE sent type=MOVE stage=0 id=cmuhgvgi500owwi9gnmn59wun-after-0-p0
2026.09.27-12.35.15 S09AUTO pending picked (type=MOVE stage=0)
2026.09.27-12.35.15 SNAPSHOT applied seq=121 phase=COMBAT_RESOLVE
2026.09.27-12.35.15 MODE seq=121 mode=5 combat=1 pending=1
2026.09.27-12.35.15 RESOLVE panel revealed: A3+B0 vs D3
2026.09.27-12.35.15 PEND resolve done seq=121 (apply) phase=COMBAT_RESOLVE
2026.09.27-12.35.15 SNAPSHOT applied seq=121 phase=COMBAT_RESOLVE
2026.09.27-12.35.15 MODE seq=121 mode=5 combat=1 pending=1
2026.09.27-12.35.15 S09AUTO drive mode=5 plan=[defend+resolve+scheme] phase=COMBAT_RESOLVE turn=cmuhntivg0000wib0anhqyswc
2026.09.27-12.35.15 SNAPSHOT applied seq=122 phase=ACTION_MANEUVER
2026.09.27-12.35.15 COMBAT-RESULT seq=122 damage=0 role=defended
2026.09.27-12.35.15 RESOLVE panel revealed: A3+B0 vs D3
2026.09.27-12.35.15 MODE seq=122 mode=0 combat=0 pending=0
2026.09.27-12.35.15 S09AUTO drive mode=0 plan=[defend+resolve+scheme] phase=ACTION_MANEUVER turn=cmuhntivg0000wib0anhqyswc
2026.09.27-12.35.15 SNAPSHOT applied seq=123 phase=COMBAT
2026.09.27-12.35.15 MODE seq=123 mode=4 combat=1 pending=0
2026.09.27-12.35.15 S09AUTO drive mode=4 plan=[defend+resolve+scheme] phase=COMBAT turn=cmuhntivg0000wib0anhqyswc
2026.09.27-12.35.15 S09AUTO defense card picked
2026.09.27-12.35.15 DEFENSE sent
2026.09.27-12.35.15 SNAPSHOT applied seq=124 phase=COMBAT_RESOLVE
2026.09.27-12.35.15 MODE seq=124 mode=5 combat=1 pending=0
2026.09.27-12.35.15 SNAPSHOT applied seq=124 phase=COMBAT_RESOLVE
2026.09.27-12.35.15 MODE seq=124 mode=5 combat=1 pending=0
2026.09.27-12.35.15 S09AUTO drive mode=5 plan=[defend+resolve+scheme] phase=COMBAT_RESOLVE turn=cmuhntivg0000wib0anhqyswc
2026.09.27-12.35.15 S09AUTO resolve
2026.09.27-12.35.15 RESOLVE sent
2026.09.27-12.35.15 SNAPSHOT applied seq=125 phase=ACTION_MANEUVER
2026.09.27-12.35.15 COMBAT-RESULT seq=125 damage=0 role=defended
2026.09.27-12.35.15 MODE seq=125 mode=0 combat=0 pending=0
2026.09.27-12.35.15 SNAPSHOT applied seq=125 phase=ACTION_MANEUVER
2026.09.27-12.35.15 MODE seq=125 mode=0 combat=0 pending=0
2026.09.27-12.35.15 S09AUTO drive mode=0 plan=[defend+resolve+scheme] phase=ACTION_MANEUVER turn=cmuhntiwu0001wib0z281rpa8
2026.09.27-12.35.15 S09AUTO own turn #10 (turnCount=22)
2026.09.27-12.35.15 SNAPSHOT applied seq=126 phase=ACTION_MANEUVER
2026.09.27-12.35.15 MODE seq=126 mode=1 combat=0 pending=0
2026.09.27-12.35.16 SNAPSHOT applied seq=126 phase=ACTION_MANEUVER
2026.09.27-12.35.16 MODE seq=126 mode=1 combat=0 pending=0
2026.09.27-12.35.16 S09AUTO drive mode=1 plan=[defend+resolve+scheme] phase=ACTION_MANEUVER turn=cmuhntiwu0001wib0z281rpa8
2026.09.27-12.35.16 SNAPSHOT applied seq=127 phase=ACTION_MANEUVER
2026.09.27-12.35.16 MODE seq=127 mode=0 combat=0 pending=0
2026.09.27-12.35.16 SNAPSHOT applied seq=127 phase=ACTION_MANEUVER
2026.09.27-12.35.16 MODE seq=127 mode=0 combat=0 pending=0
2026.09.27-12.35.17 S09AUTO drive mode=0 plan=[defend+resolve+scheme] phase=ACTION_MANEUVER turn=cmuhntiwu0001wib0z281rpa8
2026.09.27-12.35.17 SNAPSHOT applied seq=128 phase=ACTION_MANEUVER
2026.09.27-12.35.17 MODE seq=128 mode=1 combat=0 pending=0
2026.09.27-12.35.17 SNAPSHOT applied seq=128 phase=ACTION_MANEUVER
2026.09.27-12.35.17 MODE seq=128 mode=1 combat=0 pending=0
2026.09.27-12.35.17 S09AUTO drive mode=1 plan=[defend+resolve+scheme] phase=ACTION_MANEUVER turn=cmuhntiwu0001wib0z281rpa8
2026.09.27-12.35.17 SNAPSHOT applied seq=129 phase=ACTION_MANEUVER
2026.09.27-12.35.17 MODE seq=129 mode=0 combat=0 pending=1
2026.09.27-12.35.17 SNAPSHOT applied seq=129 phase=ACTION_MANEUVER
2026.09.27-12.35.17 MODE seq=129 mode=0 combat=0 pending=1
2026.09.27-12.35.17 SNAPSHOT applied seq=130 phase=ACTION_MANEUVER
2026.09.27-12.35.17 MODE seq=130 mode=0 combat=0 pending=0
2026.09.27-12.35.17 SNAPSHOT applied seq=131 phase=ACTION_MANEUVER
2026.09.27-12.35.17 MODE seq=131 mode=0 combat=0 pending=0
2026.09.27-12.35.17 SNAPSHOT applied seq=132 phase=ACTION_MANEUVER
2026.09.27-12.35.17 MODE seq=132 mode=0 combat=0 pending=0
2026.09.27-12.35.18 S09AUTO drive mode=0 plan=[defend+resolve+scheme] phase=ACTION_MANEUVER turn=cmuhntivg0000wib0anhqyswc
2026.09.27-12.35.18 SNAPSHOT applied seq=133 phase=ACTION_MANEUVER
2026.09.27-12.35.18 MODE seq=133 mode=0 combat=0 pending=0
2026.09.27-12.35.18 SNAPSHOT applied seq=134 phase=ACTION_MANEUVER
2026.09.27-12.35.18 MODE seq=134 mode=0 combat=0 pending=0
2026.09.27-12.35.19 S09AUTO own turn #11 (turnCount=24)
2026.09.27-12.35.19 SNAPSHOT applied seq=135 phase=ACTION_MANEUVER
2026.09.27-12.35.19 MODE seq=135 mode=1 combat=0 pending=0
2026.09.27-12.35.19 SNAPSHOT applied seq=135 phase=ACTION_MANEUVER
2026.09.27-12.35.19 MODE seq=135 mode=1 combat=0 pending=0
2026.09.27-12.35.19 S09AUTO drive mode=1 plan=[defend+resolve+scheme] phase=ACTION_MANEUVER turn=cmuhntiwu0001wib0z281rpa8
2026.09.27-12.35.19 SNAPSHOT applied seq=136 phase=ACTION_MANEUVER
2026.09.27-12.35.19 MODE seq=136 mode=0 combat=0 pending=0
2026.09.27-12.35.19 SNAPSHOT applied seq=136 phase=ACTION_MANEUVER
2026.09.27-12.35.19 MODE seq=136 mode=0 combat=0 pending=0
2026.09.27-12.35.20 S09AUTO drive mode=0 plan=[defend+resolve+scheme] phase=ACTION_MANEUVER turn=cmuhntiwu0001wib0z281rpa8
2026.09.27-12.35.20 S09AUTO scheme
2026.09.27-12.35.20 SNAPSHOT applied seq=137 phase=ACTION_MANEUVER
2026.09.27-12.35.20 MODE seq=137 mode=6 combat=0 pending=1
2026.09.27-12.35.20 SCHEME done seq=137 (apply) phase=ACTION_MANEUVER
2026.09.27-12.35.20 SNAPSHOT applied seq=137 phase=ACTION_MANEUVER
2026.09.27-12.35.20 MODE seq=137 mode=6 combat=0 pending=1
2026.09.27-12.35.21 S09AUTO drive mode=6 plan=[defend+resolve+scheme] phase=ACTION_MANEUVER turn=cmuhntiwu0001wib0z281rpa8
2026.09.27-12.35.21 PEND-RESOLVE sent type=MOVE stage=0 id=cmuhgvgi100oowi9gxm86n50b-fullText-0-p0
2026.09.27-12.35.21 S09AUTO pending picked (type=MOVE stage=0)
2026.09.27-12.35.21 SNAPSHOT applied seq=138 phase=ACTION_MANEUVER
2026.09.27-12.35.21 MODE seq=138 mode=6 combat=0 pending=1
2026.09.27-12.35.21 SNAPSHOT applied seq=138 phase=ACTION_MANEUVER
2026.09.27-12.35.21 MODE seq=138 mode=6 combat=0 pending=1
2026.09.27-12.35.21 PEND resolve done seq=138 (merge) phase=ACTION_MANEUVER
2026.09.27-12.35.21 PEND-RESOLVE sent type=MOVE stage=0 id=cmuhgvgi100oowi9gxm86n50b-fullText-0-p1
2026.09.27-12.35.21 S09AUTO pending picked (type=MOVE stage=0)
2026.09.27-12.35.21 SNAPSHOT applied seq=139 phase=ACTION_MANEUVER
2026.09.27-12.35.21 MODE seq=139 mode=6 combat=0 pending=1
2026.09.27-12.35.21 SNAPSHOT applied seq=139 phase=ACTION_MANEUVER
2026.09.27-12.35.21 MODE seq=139 mode=6 combat=0 pending=1
2026.09.27-12.35.21 PEND resolve done seq=139 (merge) phase=ACTION_MANEUVER
2026.09.27-12.35.21 PEND-RESOLVE sent type=MOVE stage=0 id=cmuhgvgi100oowi9gxm86n50b-fullText-0-p2
2026.09.27-12.35.21 S09AUTO pending picked (type=MOVE stage=0)
2026.09.27-12.35.21 SNAPSHOT applied seq=140 phase=ACTION_MANEUVER
2026.09.27-12.35.21 MODE seq=140 mode=6 combat=0 pending=1
2026.09.27-12.35.21 SNAPSHOT applied seq=140 phase=ACTION_MANEUVER
2026.09.27-12.35.21 MODE seq=140 mode=6 combat=0 pending=1
2026.09.27-12.35.21 PEND resolve done seq=140 (merge) phase=ACTION_MANEUVER
2026.09.27-12.35.21 PEND-RESOLVE sent type=MOVE stage=0 id=cmuhgvgi100oowi9gxm86n50b-fullText-0-p3
2026.09.27-12.35.21 S09AUTO pending picked (type=MOVE stage=0)
2026.09.27-12.35.22 SNAPSHOT applied seq=141 phase=ACTION_MANEUVER
2026.09.27-12.35.22 MODE seq=141 mode=6 combat=0 pending=1
2026.09.27-12.35.22 PEND resolve done seq=141 (apply) phase=ACTION_MANEUVER
2026.09.27-12.35.22 SNAPSHOT applied seq=141 phase=ACTION_MANEUVER
2026.09.27-12.35.22 MODE seq=141 mode=6 combat=0 pending=1
2026.09.27-12.35.22 PEND-RESOLVE sent type=MOVE stage=0 id=cmuhgvgi100oowi9gxm86n50b-fullText-0-p4
2026.09.27-12.35.22 S09AUTO pending picked (type=MOVE stage=0)
2026.09.27-12.35.22 SNAPSHOT applied seq=142 phase=ACTION_MANEUVER
2026.09.27-12.35.22 MODE seq=142 mode=6 combat=0 pending=1
2026.09.27-12.35.22 PEND resolve done seq=142 (apply) phase=ACTION_MANEUVER
2026.09.27-12.35.22 SNAPSHOT applied seq=142 phase=ACTION_MANEUVER
2026.09.27-12.35.22 MODE seq=142 mode=6 combat=0 pending=1
2026.09.27-12.35.22 PEND-RESOLVE sent type=MOVE stage=0 id=cmuhgvgi100oowi9gxm86n50b-fullText-0-p5
2026.09.27-12.35.22 S09AUTO pending picked (type=MOVE stage=0)
2026.09.27-12.35.22 SNAPSHOT applied seq=143 phase=ACTION_MANEUVER
2026.09.27-12.35.22 MODE seq=143 mode=0 combat=0 pending=1
2026.09.27-12.35.22 PEND resolve done seq=143 (apply) phase=ACTION_MANEUVER
2026.09.27-12.35.22 SNAPSHOT applied seq=143 phase=ACTION_MANEUVER
2026.09.27-12.35.22 MODE seq=143 mode=0 combat=0 pending=1
2026.09.27-12.35.22 S09AUTO drive mode=0 plan=[defend+resolve+scheme] phase=ACTION_MANEUVER turn=cmuhntivg0000wib0anhqyswc
2026.09.27-12.35.22 SNAPSHOT applied seq=144 phase=ACTION_MANEUVER
2026.09.27-12.35.22 MODE seq=144 mode=0 combat=0 pending=0
2026.09.27-12.35.22 SNAPSHOT applied seq=145 phase=COMBAT
2026.09.27-12.35.22 MODE seq=145 mode=4 combat=1 pending=0
2026.09.27-12.35.22 S09AUTO drive mode=4 plan=[defend+resolve+scheme] phase=COMBAT turn=cmuhntivg0000wib0anhqyswc
2026.09.27-12.35.22 S09AUTO defense card picked
2026.09.27-12.35.22 DEFENSE sent
2026.09.27-12.35.22 SNAPSHOT applied seq=146 phase=COMBAT_RESOLVE
2026.09.27-12.35.22 MODE seq=146 mode=5 combat=1 pending=0
2026.09.27-12.35.22 SNAPSHOT applied seq=146 phase=COMBAT_RESOLVE
2026.09.27-12.35.22 MODE seq=146 mode=5 combat=1 pending=0
2026.09.27-12.35.22 S09AUTO drive mode=5 plan=[defend+resolve+scheme] phase=COMBAT_RESOLVE turn=cmuhntivg0000wib0anhqyswc
2026.09.27-12.35.22 S09AUTO resolve
2026.09.27-12.35.22 RESOLVE sent
2026.09.27-12.35.22 SNAPSHOT applied seq=147 phase=COMBAT_RESOLVE
2026.09.27-12.35.22 MODE seq=147 mode=5 combat=1 pending=1
2026.09.27-12.35.22 RESOLVE panel revealed: A3+B0 vs D3
2026.09.27-12.35.22 RESOLVE panel blocked by pending (type=BOOST_CHOICE id=cmuhgvgkf00smwi9gaeymh3ur-during-0-boost-146)
2026.09.27-12.35.22 SNAPSHOT applied seq=147 phase=COMBAT_RESOLVE
2026.09.27-12.35.22 MODE seq=147 mode=5 combat=1 pending=1
2026.09.27-12.35.22 S09AUTO resolve-blocked shot (type=BOOST_CHOICE)
2026.09.27-12.35.26 SNAPSHOT applied seq=148 phase=ACTION_MANEUVER
2026.09.27-12.35.26 COMBAT-RESULT seq=148 damage=2 role=defended
2026.09.27-12.35.26 RESOLVE panel revealed: A3+B0 vs D3
2026.09.27-12.35.26 MODE seq=148 mode=0 combat=0 pending=0
2026.09.27-12.35.26 S09AUTO drive mode=0 plan=[defend+resolve+scheme] phase=ACTION_MANEUVER turn=cmuhntivg0000wib0anhqyswc
2026.09.27-12.35.26 SNAPSHOT applied seq=149 phase=COMBAT
2026.09.27-12.35.26 MODE seq=149 mode=4 combat=1 pending=0
2026.09.27-12.35.26 S09AUTO drive mode=4 plan=[defend+resolve+scheme] phase=COMBAT turn=cmuhntivg0000wib0anhqyswc
2026.09.27-12.35.26 S09AUTO no legal defense card - falling back to no-defense
2026.09.27-12.35.26 NO-DEFENSE sent (defender closes the window)
2026.09.27-12.35.26 SNAPSHOT applied seq=150 phase=COMBAT_RESOLVE
2026.09.27-12.35.26 MODE seq=150 mode=5 combat=1 pending=1
2026.09.27-12.35.26 RESOLVE panel blocked by pending (type=MOVE id=cmuhgvgko00t6wi9gliac8gv6-after-0-p0)
2026.09.27-12.35.26 SNAPSHOT applied seq=150 phase=COMBAT_RESOLVE
2026.09.27-12.35.26 MODE seq=150 mode=5 combat=1 pending=1
2026.09.27-12.35.26 S09AUTO drive mode=5 plan=[defend+resolve+scheme] phase=COMBAT_RESOLVE turn=cmuhntivg0000wib0anhqyswc
2026.09.27-12.35.26 S09AUTO resolve
2026.09.27-12.35.26 S09AUTO resolve
2026.09.27-12.35.26 SNAPSHOT applied seq=151 phase=ACTION_MANEUVER
2026.09.27-12.35.26 COMBAT-RESULT seq=151 damage=0 role=defended
2026.09.27-12.35.26 MODE seq=151 mode=0 combat=0 pending=0
2026.09.27-12.35.26 S09AUTO drive mode=0 plan=[defend+resolve+scheme] phase=ACTION_MANEUVER turn=cmuhntiwu0001wib0z281rpa8
2026.09.27-12.35.26 S09AUTO own turn #12 (turnCount=26)
2026.09.27-12.35.27 SNAPSHOT applied seq=152 phase=ACTION_MANEUVER
2026.09.27-12.35.27 MODE seq=152 mode=1 combat=0 pending=0
2026.09.27-12.35.27 SNAPSHOT applied seq=152 phase=ACTION_MANEUVER
2026.09.27-12.35.27 MODE seq=152 mode=1 combat=0 pending=0
2026.09.27-12.35.27 S09AUTO drive mode=1 plan=[defend+resolve+scheme] phase=ACTION_MANEUVER turn=cmuhntiwu0001wib0z281rpa8
2026.09.27-12.35.27 SNAPSHOT applied seq=153 phase=ACTION_MANEUVER
2026.09.27-12.35.27 MODE seq=153 mode=0 combat=0 pending=0
2026.09.27-12.35.27 SNAPSHOT applied seq=153 phase=ACTION_MANEUVER
2026.09.27-12.35.27 MODE seq=153 mode=0 combat=0 pending=0
2026.09.27-12.35.28 S09AUTO drive mode=0 plan=[defend+resolve+scheme] phase=ACTION_MANEUVER turn=cmuhntiwu0001wib0z281rpa8
2026.09.27-12.35.28 SNAPSHOT applied seq=154 phase=ACTION_MANEUVER
2026.09.27-12.35.28 MODE seq=154 mode=1 combat=0 pending=0
2026.09.27-12.35.28 SNAPSHOT applied seq=154 phase=ACTION_MANEUVER
2026.09.27-12.35.28 MODE seq=154 mode=1 combat=0 pending=0
2026.09.27-12.35.28 S09AUTO drive mode=1 plan=[defend+resolve+scheme] phase=ACTION_MANEUVER turn=cmuhntiwu0001wib0z281rpa8
2026.09.27-12.35.28 SNAPSHOT applied seq=155 phase=ACTION_MANEUVER
2026.09.27-12.35.28 MODE seq=155 mode=0 combat=0 pending=1
2026.09.27-12.35.28 SNAPSHOT applied seq=155 phase=ACTION_MANEUVER
2026.09.27-12.35.28 MODE seq=155 mode=0 combat=0 pending=1
2026.09.27-12.35.28 SNAPSHOT applied seq=156 phase=ACTION_MANEUVER
2026.09.27-12.35.28 MODE seq=156 mode=0 combat=0 pending=0
2026.09.27-12.35.28 SNAPSHOT applied seq=157 phase=COMBAT
2026.09.27-12.35.28 MODE seq=157 mode=4 combat=1 pending=0
2026.09.27-12.35.29 S09AUTO drive mode=4 plan=[defend+resolve+scheme] phase=COMBAT turn=cmuhntivg0000wib0anhqyswc
2026.09.27-12.35.29 S09AUTO defense card picked
2026.09.27-12.35.29 DEFENSE sent
2026.09.27-12.35.29 SNAPSHOT applied seq=158 phase=COMBAT_RESOLVE
2026.09.27-12.35.29 MODE seq=158 mode=5 combat=1 pending=0
2026.09.27-12.35.29 SNAPSHOT applied seq=158 phase=COMBAT_RESOLVE
2026.09.27-12.35.29 MODE seq=158 mode=5 combat=1 pending=0
2026.09.27-12.35.29 S09AUTO drive mode=5 plan=[defend+resolve+scheme] phase=COMBAT_RESOLVE turn=cmuhntivg0000wib0anhqyswc
2026.09.27-12.35.29 S09AUTO resolve
2026.09.27-12.35.29 RESOLVE sent
2026.09.27-12.35.29 SNAPSHOT applied seq=159 phase=COMBAT_RESOLVE
2026.09.27-12.35.29 MODE seq=159 mode=6 combat=1 pending=1
2026.09.27-12.35.29 PENDING panel revealed: attack A2+B0 vs D0
2026.09.27-12.35.29 SNAPSHOT applied seq=159 phase=COMBAT_RESOLVE
2026.09.27-12.35.29 MODE seq=159 mode=6 combat=1 pending=1
2026.09.27-12.35.29 S09AUTO drive mode=6 plan=[defend+resolve+scheme] phase=COMBAT_RESOLVE turn=cmuhntivg0000wib0anhqyswc
2026.09.27-12.35.29 S09AUTO pending-open shot (type=PLACE stage=0 mode=)
2026.09.27-12.35.29 PEND-RESOLVE sent type=PLACE stage=0 id=cmuhgvgi000omwi9gbn3wr8kb-after-0-p0
2026.09.27-12.35.29 S09AUTO pending picked (type=PLACE stage=0)
2026.09.27-12.35.29 SNAPSHOT applied seq=160 phase=ACTION_MANEUVER
2026.09.27-12.35.29 COMBAT-RESULT seq=160 damage=0 role=defended
2026.09.27-12.35.29 PENDING panel revealed: attack A2+B0 vs D0
2026.09.27-12.35.29 MODE seq=160 mode=0 combat=0 pending=0
2026.09.27-12.35.29 PEND resolve done seq=160 (apply) phase=ACTION_MANEUVER
2026.09.27-12.35.29 SNAPSHOT applied seq=160 phase=ACTION_MANEUVER
2026.09.27-12.35.29 MODE seq=160 mode=0 combat=0 pending=0
2026.09.27-12.35.29 S09AUTO drive mode=0 plan=[defend+resolve+scheme] phase=ACTION_MANEUVER turn=cmuhntivg0000wib0anhqyswc
2026.09.27-12.35.30 SNAPSHOT applied seq=161 phase=ACTION_MANEUVER
2026.09.27-12.35.30 MODE seq=161 mode=0 combat=0 pending=0
2026.09.27-12.35.30 SNAPSHOT applied seq=162 phase=ACTION_MANEUVER
2026.09.27-12.35.30 MODE seq=162 mode=0 combat=0 pending=0
2026.09.27-12.35.30 S09AUTO own turn #13 (turnCount=28)
2026.09.27-12.35.30 SNAPSHOT applied seq=163 phase=ACTION_MANEUVER
2026.09.27-12.35.30 MODE seq=163 mode=1 combat=0 pending=0
2026.09.27-12.35.30 SNAPSHOT applied seq=163 phase=ACTION_MANEUVER
2026.09.27-12.35.30 MODE seq=163 mode=1 combat=0 pending=0
2026.09.27-12.35.30 S09AUTO drive mode=1 plan=[defend+resolve+scheme] phase=ACTION_MANEUVER turn=cmuhntiwu0001wib0z281rpa8
2026.09.27-12.35.30 SNAPSHOT applied seq=164 phase=ACTION_MANEUVER
2026.09.27-12.35.30 MODE seq=164 mode=0 combat=0 pending=0
2026.09.27-12.35.30 SNAPSHOT applied seq=164 phase=ACTION_MANEUVER
2026.09.27-12.35.30 MODE seq=164 mode=0 combat=0 pending=0
2026.09.27-12.35.31 S09AUTO drive mode=0 plan=[defend+resolve+scheme] phase=ACTION_MANEUVER turn=cmuhntiwu0001wib0z281rpa8
2026.09.27-12.35.31 SNAPSHOT applied seq=165 phase=GAME_OVER
2026.09.27-12.35.31 MODE seq=165 mode=0 combat=0 pending=0
2026.09.27-12.35.31 RESULT seq=165 outcome=DEFEAT winner=Medusa
2026.09.27-12.35.31 SNAPSHOT applied seq=165 phase=GAME_OVER
2026.09.27-12.35.31 MODE seq=165 mode=0 combat=0 pending=0
2026.09.27-12.35.33 S09AUTO result-screen shot
2026.09.27-12.35.33 RESULT lobby-return sent (leaveGame)
2026.09.27-12.35.33 LEFT room=cmujsvost000lwi6cynyc6p05
2026.09.27-12.35.37 S09AUTO lobby-return shot
2026.09.27-12.35.37 S09AUTO duel flow complete (GAME_OVER -> result shown -> lobby return) - exiting
