2026.09.27-10.21.42 S09AUTO config flow=1 boost=0 shotDir=C:\Users\ren\AppData\Local\Temp\s09-duel-20260927-152136-49372\joiner
2026.09.27-10.21.57 S09AUTO drive mode=0 plan=[defend+resolve+scheme] phase= turn=
2026.09.27-10.21.57 SNAPSHOT applied seq=2 phase=ACTION_MANEUVER
2026.09.27-10.21.57 MODE seq=2 mode=0 combat=0 pending=1
2026.09.27-10.21.57 SNAPSHOT applied seq=3 phase=ACTION_MANEUVER
2026.09.27-10.21.57 MODE seq=3 mode=0 combat=0 pending=0
2026.09.27-10.21.57 SNAPSHOT applied seq=4 phase=ACTION_MANEUVER
2026.09.27-10.21.57 MODE seq=4 mode=0 combat=0 pending=0
2026.09.27-10.21.58 SNAPSHOT applied seq=5 phase=ACTION_MANEUVER
2026.09.27-10.21.58 MODE seq=5 mode=0 combat=0 pending=0
2026.09.27-10.21.58 S09AUTO own turn #0 (turnCount=2)
2026.09.27-10.21.59 SNAPSHOT applied seq=6 phase=ACTION_MANEUVER
2026.09.27-10.21.59 MODE seq=6 mode=1 combat=0 pending=0
2026.09.27-10.21.59 SNAPSHOT applied seq=6 phase=ACTION_MANEUVER
2026.09.27-10.21.59 MODE seq=6 mode=1 combat=0 pending=0
2026.09.27-10.21.59 S09AUTO drive mode=1 plan=[defend+resolve+scheme] phase=ACTION_MANEUVER turn=cmuhntiwu0001wib0z281rpa8
2026.09.27-10.22.00 S09AUTO draft-open shot (maneuver marker live)
2026.09.27-10.22.00 SNAPSHOT applied seq=7 phase=ACTION_MANEUVER
2026.09.27-10.22.00 MODE seq=7 mode=0 combat=0 pending=0
2026.09.27-10.22.00 SNAPSHOT applied seq=7 phase=ACTION_MANEUVER
2026.09.27-10.22.00 MODE seq=7 mode=0 combat=0 pending=0
2026.09.27-10.22.01 S09AUTO drive mode=0 plan=[defend+resolve+scheme] phase=ACTION_MANEUVER turn=cmuhntiwu0001wib0z281rpa8
2026.09.27-10.22.01 SNAPSHOT applied seq=8 phase=ACTION_MANEUVER
2026.09.27-10.22.01 MODE seq=8 mode=1 combat=0 pending=0
2026.09.27-10.22.01 SNAPSHOT applied seq=8 phase=ACTION_MANEUVER
2026.09.27-10.22.01 MODE seq=8 mode=1 combat=0 pending=0
2026.09.27-10.22.01 S09AUTO drive mode=1 plan=[defend+resolve+scheme] phase=ACTION_MANEUVER turn=cmuhntiwu0001wib0z281rpa8
2026.09.27-10.22.01 SNAPSHOT applied seq=9 phase=ACTION_MANEUVER
2026.09.27-10.22.01 MODE seq=9 mode=0 combat=0 pending=0
2026.09.27-10.22.01 SNAPSHOT applied seq=9 phase=ACTION_MANEUVER
2026.09.27-10.22.01 MODE seq=9 mode=0 combat=0 pending=0
2026.09.27-10.22.01 SNAPSHOT applied seq=10 phase=ACTION_MANEUVER
2026.09.27-10.22.01 MODE seq=10 mode=0 combat=0 pending=0
2026.09.27-10.22.01 SNAPSHOT applied seq=11 phase=ACTION_MANEUVER
2026.09.27-10.22.01 MODE seq=11 mode=0 combat=0 pending=0
2026.09.27-10.22.02 S09AUTO drive mode=0 plan=[defend+resolve+scheme] phase=ACTION_MANEUVER turn=cmuhntivg0000wib0anhqyswc
2026.09.27-10.22.02 SNAPSHOT applied seq=12 phase=COMBAT
2026.09.27-10.22.02 MODE seq=12 mode=4 combat=1 pending=0
2026.09.27-10.22.02 S09AUTO drive mode=4 plan=[defend+resolve+scheme] phase=COMBAT turn=cmuhntivg0000wib0anhqyswc
2026.09.27-10.22.02 S09AUTO defense-window shot
2026.09.27-10.22.03 S09AUTO defense card picked
2026.09.27-10.22.03 DEFENSE sent
2026.09.27-10.22.03 SNAPSHOT applied seq=13 phase=COMBAT_RESOLVE
2026.09.27-10.22.03 MODE seq=13 mode=5 combat=1 pending=0
2026.09.27-10.22.03 SNAPSHOT applied seq=13 phase=COMBAT_RESOLVE
2026.09.27-10.22.03 MODE seq=13 mode=5 combat=1 pending=0
2026.09.27-10.22.03 S09AUTO drive mode=5 plan=[defend+resolve+scheme] phase=COMBAT_RESOLVE turn=cmuhntivg0000wib0anhqyswc
2026.09.27-10.22.03 S09AUTO resolve-window shot
2026.09.27-10.22.03 S09AUTO resolve
2026.09.27-10.22.03 RESOLVE sent
2026.09.27-10.22.03 SNAPSHOT applied seq=14 phase=COMBAT_RESOLVE
2026.09.27-10.22.03 MODE seq=14 mode=5 combat=1 pending=1
2026.09.27-10.22.03 RESOLVE panel revealed: A3+B0 vs D2
2026.09.27-10.22.03 RESOLVE panel blocked by pending (type=BOOST_CHOICE id=cmuhgvgkf00smwi9gaeymh3ur-during-0-boost-13)
2026.09.27-10.22.03 SNAPSHOT applied seq=14 phase=COMBAT_RESOLVE
2026.09.27-10.22.03 MODE seq=14 mode=5 combat=1 pending=1
2026.09.27-10.22.03 S09AUTO resolve-revealed shot
2026.09.27-10.22.03 S09AUTO resolve-blocked shot (type=BOOST_CHOICE)
2026.09.27-10.22.07 SNAPSHOT applied seq=15 phase=ACTION_MANEUVER
2026.09.27-10.22.07 COMBAT-RESULT seq=15 damage=5 role=defended
2026.09.27-10.22.07 S09AUTO combat-result shot
2026.09.27-10.22.07 SHOT requested: FScreenshotRequest(bShowUI) -> C:\Users\ren\AppData\Local\Temp\s09-duel-20260927-152136-49372\joiner/s09-combat-result.png
2026.09.27-10.22.07 RESOLVE panel revealed: A3+B0 vs D2
2026.09.27-10.22.07 MODE seq=15 mode=0 combat=0 pending=0
2026.09.27-10.22.07 S09AUTO drive mode=0 plan=[defend+resolve+scheme] phase=ACTION_MANEUVER turn=cmuhntiwu0001wib0z281rpa8
2026.09.27-10.22.07 S09AUTO own turn #1 (turnCount=4)
2026.09.27-10.22.07 SNAPSHOT applied seq=16 phase=ACTION_MANEUVER
2026.09.27-10.22.07 MODE seq=16 mode=1 combat=0 pending=0
2026.09.27-10.22.07 SNAPSHOT applied seq=16 phase=ACTION_MANEUVER
2026.09.27-10.22.07 MODE seq=16 mode=1 combat=0 pending=0
2026.09.27-10.22.07 S09AUTO drive mode=1 plan=[defend+resolve+scheme] phase=ACTION_MANEUVER turn=cmuhntiwu0001wib0z281rpa8
2026.09.27-10.22.07 S09AUTO zero-move confirm (draw only, no movement)
2026.09.27-10.22.07 SNAPSHOT applied seq=17 phase=ACTION_MANEUVER
2026.09.27-10.22.07 MODE seq=17 mode=0 combat=0 pending=0
2026.09.27-10.22.07 SNAPSHOT applied seq=17 phase=ACTION_MANEUVER
2026.09.27-10.22.07 MODE seq=17 mode=0 combat=0 pending=0
2026.09.27-10.22.08 S09AUTO drive mode=0 plan=[defend+resolve+scheme] phase=ACTION_MANEUVER turn=cmuhntiwu0001wib0z281rpa8
2026.09.27-10.22.08 S09AUTO scheme
2026.09.27-10.22.08 SNAPSHOT applied seq=18 phase=ACTION_MANEUVER
2026.09.27-10.22.08 MODE seq=18 mode=0 combat=0 pending=0
2026.09.27-10.22.08 SCHEME done seq=18 (apply) phase=ACTION_MANEUVER
2026.09.27-10.22.08 SNAPSHOT applied seq=18 phase=ACTION_MANEUVER
2026.09.27-10.22.08 MODE seq=18 mode=0 combat=0 pending=0
2026.09.27-10.22.08 SNAPSHOT applied seq=19 phase=ACTION_MANEUVER
2026.09.27-10.22.08 MODE seq=19 mode=0 combat=0 pending=0
2026.09.27-10.22.09 SNAPSHOT applied seq=20 phase=ACTION_MANEUVER
2026.09.27-10.22.09 MODE seq=20 mode=0 combat=0 pending=0
2026.09.27-10.22.10 SNAPSHOT applied seq=21 phase=ACTION_MANEUVER
2026.09.27-10.22.10 MODE seq=21 mode=0 combat=0 pending=0
2026.09.27-10.22.10 SNAPSHOT applied seq=22 phase=ACTION_MANEUVER
2026.09.27-10.22.10 MODE seq=22 mode=0 combat=0 pending=0
2026.09.27-10.22.10 S09AUTO own turn #2 (turnCount=6)
2026.09.27-10.22.10 SNAPSHOT applied seq=23 phase=ACTION_MANEUVER
2026.09.27-10.22.10 MODE seq=23 mode=1 combat=0 pending=0
2026.09.27-10.22.10 SNAPSHOT applied seq=23 phase=ACTION_MANEUVER
2026.09.27-10.22.10 MODE seq=23 mode=1 combat=0 pending=0
2026.09.27-10.22.10 S09AUTO drive mode=1 plan=[defend+resolve+scheme] phase=ACTION_MANEUVER turn=cmuhntiwu0001wib0z281rpa8
2026.09.27-10.22.10 S09AUTO multi-fighter moves=2
2026.09.27-10.22.10 SNAPSHOT applied seq=24 phase=ACTION_MANEUVER
2026.09.27-10.22.10 MODE seq=24 mode=0 combat=0 pending=0
2026.09.27-10.22.10 SNAPSHOT applied seq=24 phase=ACTION_MANEUVER
2026.09.27-10.22.10 MODE seq=24 mode=0 combat=0 pending=0
2026.09.27-10.22.11 S09AUTO drive mode=0 plan=[defend+resolve+scheme] phase=ACTION_MANEUVER turn=cmuhntiwu0001wib0z281rpa8
2026.09.27-10.22.11 SNAPSHOT applied seq=25 phase=ACTION_MANEUVER
2026.09.27-10.22.11 MODE seq=25 mode=1 combat=0 pending=0
2026.09.27-10.22.11 SNAPSHOT applied seq=25 phase=ACTION_MANEUVER
2026.09.27-10.22.11 MODE seq=25 mode=1 combat=0 pending=0
2026.09.27-10.22.11 S09AUTO drive mode=1 plan=[defend+resolve+scheme] phase=ACTION_MANEUVER turn=cmuhntiwu0001wib0z281rpa8
2026.09.27-10.22.12 SNAPSHOT applied seq=26 phase=TURN_END
2026.09.27-10.22.12 MODE seq=26 mode=2 combat=0 pending=0
2026.09.27-10.22.12 SNAPSHOT applied seq=26 phase=TURN_END
2026.09.27-10.22.12 MODE seq=26 mode=2 combat=0 pending=0
2026.09.27-10.22.13 S09AUTO drive mode=2 plan=[defend+resolve+scheme] phase=TURN_END turn=cmuhntiwu0001wib0z281rpa8
2026.09.27-10.22.13 S09AUTO discard picks=2
2026.09.27-10.22.13 SNAPSHOT applied seq=27 phase=ACTION_MANEUVER
2026.09.27-10.22.13 MODE seq=27 mode=0 combat=0 pending=0
2026.09.27-10.22.13 SNAPSHOT applied seq=27 phase=ACTION_MANEUVER
2026.09.27-10.22.13 MODE seq=27 mode=0 combat=0 pending=0
2026.09.27-10.22.13 SNAPSHOT applied seq=28 phase=ACTION_MANEUVER
2026.09.27-10.22.13 MODE seq=28 mode=0 combat=0 pending=0
2026.09.27-10.22.13 SNAPSHOT applied seq=29 phase=ACTION_MANEUVER
2026.09.27-10.22.13 MODE seq=29 mode=0 combat=0 pending=0
2026.09.27-10.22.14 S09AUTO drive mode=0 plan=[defend+resolve+scheme] phase=ACTION_MANEUVER turn=cmuhntivg0000wib0anhqyswc
2026.09.27-10.22.14 SNAPSHOT applied seq=30 phase=ACTION_MANEUVER
2026.09.27-10.22.14 MODE seq=30 mode=0 combat=0 pending=0
2026.09.27-10.22.14 SNAPSHOT applied seq=31 phase=TURN_END
2026.09.27-10.22.14 MODE seq=31 mode=0 combat=0 pending=0
2026.09.27-10.22.16 SNAPSHOT applied seq=32 phase=ACTION_MANEUVER
2026.09.27-10.22.16 MODE seq=32 mode=0 combat=0 pending=0
2026.09.27-10.22.16 S09AUTO own turn #3 (turnCount=8)
2026.09.27-10.22.16 SNAPSHOT applied seq=33 phase=ACTION_MANEUVER
2026.09.27-10.22.16 MODE seq=33 mode=1 combat=0 pending=0
2026.09.27-10.22.16 SNAPSHOT applied seq=33 phase=ACTION_MANEUVER
2026.09.27-10.22.16 MODE seq=33 mode=1 combat=0 pending=0
2026.09.27-10.22.16 S09AUTO drive mode=1 plan=[defend+resolve+scheme] phase=ACTION_MANEUVER turn=cmuhntiwu0001wib0z281rpa8
2026.09.27-10.22.16 SNAPSHOT applied seq=34 phase=ACTION_MANEUVER
2026.09.27-10.22.16 MODE seq=34 mode=0 combat=0 pending=0
2026.09.27-10.22.16 SNAPSHOT applied seq=34 phase=ACTION_MANEUVER
2026.09.27-10.22.16 MODE seq=34 mode=0 combat=0 pending=0
2026.09.27-10.22.17 S09AUTO drive mode=0 plan=[defend+resolve+scheme] phase=ACTION_MANEUVER turn=cmuhntiwu0001wib0z281rpa8
2026.09.27-10.22.17 SNAPSHOT applied seq=35 phase=ACTION_MANEUVER
2026.09.27-10.22.17 MODE seq=35 mode=1 combat=0 pending=0
2026.09.27-10.22.17 SNAPSHOT applied seq=35 phase=ACTION_MANEUVER
2026.09.27-10.22.17 MODE seq=35 mode=1 combat=0 pending=0
2026.09.27-10.22.17 S09AUTO drive mode=1 plan=[defend+resolve+scheme] phase=ACTION_MANEUVER turn=cmuhntiwu0001wib0z281rpa8
2026.09.27-10.22.17 SNAPSHOT applied seq=36 phase=TURN_END
2026.09.27-10.22.17 MODE seq=36 mode=2 combat=0 pending=0
2026.09.27-10.22.17 SNAPSHOT applied seq=36 phase=TURN_END
2026.09.27-10.22.17 MODE seq=36 mode=2 combat=0 pending=0
2026.09.27-10.22.18 S09AUTO drive mode=2 plan=[defend+resolve+scheme] phase=TURN_END turn=cmuhntiwu0001wib0z281rpa8
2026.09.27-10.22.18 S09AUTO discard picks=2
2026.09.27-10.22.18 SNAPSHOT applied seq=37 phase=ACTION_MANEUVER
2026.09.27-10.22.18 MODE seq=37 mode=0 combat=0 pending=0
2026.09.27-10.22.18 SNAPSHOT applied seq=37 phase=ACTION_MANEUVER
2026.09.27-10.22.18 MODE seq=37 mode=0 combat=0 pending=0
2026.09.27-10.22.19 SNAPSHOT applied seq=38 phase=ACTION_MANEUVER
2026.09.27-10.22.19 MODE seq=38 mode=0 combat=0 pending=0
2026.09.27-10.22.19 SNAPSHOT applied seq=39 phase=ACTION_MANEUVER
2026.09.27-10.22.19 MODE seq=39 mode=0 combat=0 pending=0
2026.09.27-10.22.20 S09AUTO drive mode=0 plan=[defend+resolve+scheme] phase=ACTION_MANEUVER turn=cmuhntivg0000wib0anhqyswc
2026.09.27-10.22.20 SNAPSHOT applied seq=40 phase=ACTION_MANEUVER
2026.09.27-10.22.20 MODE seq=40 mode=0 combat=0 pending=0
2026.09.27-10.22.20 SNAPSHOT applied seq=41 phase=TURN_END
2026.09.27-10.22.20 MODE seq=41 mode=0 combat=0 pending=0
2026.09.27-10.22.21 SNAPSHOT applied seq=42 phase=ACTION_MANEUVER
2026.09.27-10.22.21 MODE seq=42 mode=0 combat=0 pending=0
2026.09.27-10.22.21 S09AUTO own turn #4 (turnCount=10)
2026.09.27-10.22.21 SNAPSHOT applied seq=43 phase=ACTION_MANEUVER
2026.09.27-10.22.21 MODE seq=43 mode=1 combat=0 pending=0
2026.09.27-10.22.21 SNAPSHOT applied seq=43 phase=ACTION_MANEUVER
2026.09.27-10.22.21 MODE seq=43 mode=1 combat=0 pending=0
2026.09.27-10.22.21 S09AUTO drive mode=1 plan=[defend+resolve+scheme] phase=ACTION_MANEUVER turn=cmuhntiwu0001wib0z281rpa8
2026.09.27-10.22.21 SNAPSHOT applied seq=44 phase=ACTION_MANEUVER
2026.09.27-10.22.21 MODE seq=44 mode=0 combat=0 pending=0
2026.09.27-10.22.21 SNAPSHOT applied seq=44 phase=ACTION_MANEUVER
2026.09.27-10.22.21 MODE seq=44 mode=0 combat=0 pending=0
2026.09.27-10.22.22 S09AUTO drive mode=0 plan=[defend+resolve+scheme] phase=ACTION_MANEUVER turn=cmuhntiwu0001wib0z281rpa8
2026.09.27-10.22.23 SNAPSHOT applied seq=45 phase=ACTION_MANEUVER
2026.09.27-10.22.23 MODE seq=45 mode=1 combat=0 pending=0
2026.09.27-10.22.23 SNAPSHOT applied seq=45 phase=ACTION_MANEUVER
2026.09.27-10.22.23 MODE seq=45 mode=1 combat=0 pending=0
2026.09.27-10.22.23 S09AUTO drive mode=1 plan=[defend+resolve+scheme] phase=ACTION_MANEUVER turn=cmuhntiwu0001wib0z281rpa8
2026.09.27-10.22.23 SNAPSHOT applied seq=46 phase=TURN_END
2026.09.27-10.22.23 MODE seq=46 mode=2 combat=0 pending=0
2026.09.27-10.22.23 SNAPSHOT applied seq=46 phase=TURN_END
2026.09.27-10.22.23 MODE seq=46 mode=2 combat=0 pending=0
2026.09.27-10.22.24 S09AUTO drive mode=2 plan=[defend+resolve+scheme] phase=TURN_END turn=cmuhntiwu0001wib0z281rpa8
2026.09.27-10.22.24 S09AUTO discard picks=2
2026.09.27-10.22.24 SNAPSHOT applied seq=47 phase=ACTION_MANEUVER
2026.09.27-10.22.24 MODE seq=47 mode=0 combat=0 pending=0
2026.09.27-10.22.24 SNAPSHOT applied seq=47 phase=ACTION_MANEUVER
2026.09.27-10.22.24 MODE seq=47 mode=0 combat=0 pending=0
2026.09.27-10.22.24 SNAPSHOT applied seq=48 phase=ACTION_MANEUVER
2026.09.27-10.22.24 MODE seq=48 mode=0 combat=0 pending=0
2026.09.27-10.22.24 SNAPSHOT applied seq=49 phase=ACTION_MANEUVER
2026.09.27-10.22.24 MODE seq=49 mode=0 combat=0 pending=0
2026.09.27-10.22.25 S09AUTO drive mode=0 plan=[defend+resolve+scheme] phase=ACTION_MANEUVER turn=cmuhntivg0000wib0anhqyswc
2026.09.27-10.22.25 SNAPSHOT applied seq=50 phase=COMBAT
2026.09.27-10.22.25 MODE seq=50 mode=4 combat=1 pending=0
2026.09.27-10.22.25 S09AUTO drive mode=4 plan=[defend+resolve+scheme] phase=COMBAT turn=cmuhntivg0000wib0anhqyswc
2026.09.27-10.22.25 S09AUTO defense card picked
2026.09.27-10.22.25 DEFENSE sent
2026.09.27-10.22.25 SNAPSHOT applied seq=51 phase=COMBAT_RESOLVE
2026.09.27-10.22.25 MODE seq=51 mode=5 combat=1 pending=0
2026.09.27-10.22.25 SNAPSHOT applied seq=51 phase=COMBAT_RESOLVE
2026.09.27-10.22.25 MODE seq=51 mode=5 combat=1 pending=0
2026.09.27-10.22.25 S09AUTO drive mode=5 plan=[defend+resolve+scheme] phase=COMBAT_RESOLVE turn=cmuhntivg0000wib0anhqyswc
2026.09.27-10.22.25 S09AUTO resolve
2026.09.27-10.22.25 RESOLVE sent
2026.09.27-10.22.26 SNAPSHOT applied seq=52 phase=COMBAT_RESOLVE
2026.09.27-10.22.26 MODE seq=52 mode=5 combat=1 pending=1
2026.09.27-10.22.26 RESOLVE panel revealed: A3+B0 vs D1
2026.09.27-10.22.26 RESOLVE panel blocked by pending (type=BOOST_CHOICE id=cmuhgvgkf00smwi9gaeymh3ur-during-0-boost-51)
2026.09.27-10.22.26 SNAPSHOT applied seq=52 phase=COMBAT_RESOLVE
2026.09.27-10.22.26 MODE seq=52 mode=5 combat=1 pending=1
2026.09.27-10.22.26 S09AUTO resolve-blocked shot (type=BOOST_CHOICE)
2026.09.27-10.22.30 SNAPSHOT applied seq=53 phase=ACTION_MANEUVER
2026.09.27-10.22.30 COMBAT-RESULT seq=53 damage=3 role=defended
2026.09.27-10.22.30 RESOLVE panel revealed: A3+B0 vs D1
2026.09.27-10.22.30 MODE seq=53 mode=0 combat=0 pending=0
2026.09.27-10.22.30 S09AUTO drive mode=0 plan=[defend+resolve+scheme] phase=ACTION_MANEUVER turn=cmuhntiwu0001wib0z281rpa8
2026.09.27-10.22.30 S09AUTO own turn #5 (turnCount=12)
2026.09.27-10.22.30 S09AUTO scheme
2026.09.27-10.22.30 SNAPSHOT applied seq=54 phase=ACTION_MANEUVER
2026.09.27-10.22.30 MODE seq=54 mode=6 combat=0 pending=1
2026.09.27-10.22.30 SCHEME done seq=54 (apply) phase=ACTION_MANEUVER
2026.09.27-10.22.30 SNAPSHOT applied seq=54 phase=ACTION_MANEUVER
2026.09.27-10.22.30 MODE seq=54 mode=6 combat=0 pending=1
2026.09.27-10.22.31 S09AUTO drive mode=6 plan=[defend+resolve+scheme] phase=ACTION_MANEUVER turn=cmuhntiwu0001wib0z281rpa8
2026.09.27-10.22.31 S09AUTO pending-open shot (type=CHOOSE_SPACE stage=1 mode=)
2026.09.27-10.22.31 S09AUTO pending picked (type=CHOOSE_SPACE stage=1)
2026.09.27-10.22.31 PEND-RESOLVE sent type=CHOOSE_SPACE stage=1 id=cmuhgvgi700p2wi9ggby5v41n-fullText-0-p0
2026.09.27-10.22.31 SNAPSHOT applied seq=55 phase=ACTION_MANEUVER
2026.09.27-10.22.31 MODE seq=55 mode=6 combat=0 pending=1
2026.09.27-10.22.31 PEND resolve done seq=55 (apply) phase=ACTION_MANEUVER
2026.09.27-10.22.31 SNAPSHOT applied seq=55 phase=ACTION_MANEUVER
2026.09.27-10.22.31 MODE seq=55 mode=6 combat=0 pending=1
2026.09.27-10.22.31 S09AUTO pending-open shot (type=CHOOSE_SPACE stage=2 mode=)
2026.09.27-10.22.31 S09AUTO pending picked (type=CHOOSE_SPACE stage=2)
2026.09.27-10.22.31 PEND-RESOLVE sent type=CHOOSE_SPACE stage=2 id=cmuhgvgi700p2wi9ggby5v41n-fullText-0-p0
2026.09.27-10.22.31 SNAPSHOT applied seq=56 phase=ACTION_MANEUVER
2026.09.27-10.22.31 MODE seq=56 mode=0 combat=0 pending=0
2026.09.27-10.22.31 PEND resolve done seq=56 (apply) phase=ACTION_MANEUVER
2026.09.27-10.22.31 SNAPSHOT applied seq=56 phase=ACTION_MANEUVER
2026.09.27-10.22.31 MODE seq=56 mode=0 combat=0 pending=0
2026.09.27-10.22.31 S09AUTO drive mode=0 plan=[defend+resolve+scheme] phase=ACTION_MANEUVER turn=cmuhntiwu0001wib0z281rpa8
2026.09.27-10.22.31 SNAPSHOT applied seq=57 phase=ACTION_MANEUVER
2026.09.27-10.22.31 MODE seq=57 mode=1 combat=0 pending=0
2026.09.27-10.22.31 SNAPSHOT applied seq=57 phase=ACTION_MANEUVER
2026.09.27-10.22.31 MODE seq=57 mode=1 combat=0 pending=0
2026.09.27-10.22.31 S09AUTO drive mode=1 plan=[defend+resolve+scheme] phase=ACTION_MANEUVER turn=cmuhntiwu0001wib0z281rpa8
2026.09.27-10.22.31 SNAPSHOT applied seq=58 phase=ACTION_MANEUVER
2026.09.27-10.22.31 MODE seq=58 mode=0 combat=0 pending=0
2026.09.27-10.22.31 SNAPSHOT applied seq=58 phase=ACTION_MANEUVER
2026.09.27-10.22.31 MODE seq=58 mode=0 combat=0 pending=0
2026.09.27-10.22.32 SNAPSHOT applied seq=59 phase=ACTION_MANEUVER
2026.09.27-10.22.32 MODE seq=59 mode=0 combat=0 pending=0
2026.09.27-10.22.32 SNAPSHOT applied seq=60 phase=ACTION_MANEUVER
2026.09.27-10.22.32 MODE seq=60 mode=0 combat=0 pending=0
2026.09.27-10.22.32 S09AUTO drive mode=0 plan=[defend+resolve+scheme] phase=ACTION_MANEUVER turn=cmuhntivg0000wib0anhqyswc
2026.09.27-10.22.33 SNAPSHOT applied seq=61 phase=COMBAT
2026.09.27-10.22.33 MODE seq=61 mode=4 combat=1 pending=0
2026.09.27-10.22.33 S09AUTO drive mode=4 plan=[defend+resolve+scheme] phase=COMBAT turn=cmuhntivg0000wib0anhqyswc
2026.09.27-10.22.33 S09AUTO defense card picked
2026.09.27-10.22.33 DEFENSE sent
2026.09.27-10.22.33 SNAPSHOT applied seq=62 phase=COMBAT_RESOLVE
2026.09.27-10.22.33 MODE seq=62 mode=5 combat=1 pending=0
2026.09.27-10.22.33 SNAPSHOT applied seq=62 phase=COMBAT_RESOLVE
2026.09.27-10.22.33 MODE seq=62 mode=5 combat=1 pending=0
2026.09.27-10.22.33 S09AUTO drive mode=5 plan=[defend+resolve+scheme] phase=COMBAT_RESOLVE turn=cmuhntivg0000wib0anhqyswc
2026.09.27-10.22.33 S09AUTO resolve
2026.09.27-10.22.33 RESOLVE sent
2026.09.27-10.22.33 SNAPSHOT applied seq=63 phase=COMBAT_RESOLVE
2026.09.27-10.22.33 MODE seq=63 mode=5 combat=1 pending=1
2026.09.27-10.22.33 RESOLVE panel revealed: A3+B0 vs D1
2026.09.27-10.22.33 RESOLVE panel blocked by pending (type=BOOST_CHOICE id=cmuhgvgkf00smwi9gaeymh3ur-during-0-boost-62)
2026.09.27-10.22.33 SNAPSHOT applied seq=63 phase=COMBAT_RESOLVE
2026.09.27-10.22.33 MODE seq=63 mode=5 combat=1 pending=1
2026.09.27-10.22.33 S09AUTO resolve-blocked shot (type=BOOST_CHOICE)
2026.09.27-10.22.37 SNAPSHOT applied seq=64 phase=ACTION_MANEUVER
2026.09.27-10.22.37 COMBAT-RESULT seq=64 damage=4 role=defended
2026.09.27-10.22.37 RESOLVE panel revealed: A3+B0 vs D1
2026.09.27-10.22.37 MODE seq=64 mode=0 combat=0 pending=0
2026.09.27-10.22.37 S09AUTO drive mode=0 plan=[defend+resolve+scheme] phase=ACTION_MANEUVER turn=cmuhntiwu0001wib0z281rpa8
2026.09.27-10.22.37 S09AUTO own turn #6 (turnCount=14)
2026.09.27-10.22.37 S09AUTO scheme
2026.09.27-10.22.37 SNAPSHOT applied seq=65 phase=ACTION_MANEUVER
2026.09.27-10.22.37 MODE seq=65 mode=6 combat=0 pending=1
2026.09.27-10.22.37 SCHEME done seq=65 (apply) phase=ACTION_MANEUVER
2026.09.27-10.22.37 SNAPSHOT applied seq=65 phase=ACTION_MANEUVER
2026.09.27-10.22.37 MODE seq=65 mode=6 combat=0 pending=1
2026.09.27-10.22.38 S09AUTO drive mode=6 plan=[defend+resolve+scheme] phase=ACTION_MANEUVER turn=cmuhntiwu0001wib0z281rpa8
2026.09.27-10.22.38 S09AUTO pending-open shot (type=MOVE stage=0 mode=)
2026.09.27-10.22.39 S09AUTO pending picked (type=MOVE stage=0)
2026.09.27-10.22.39 PEND-RESOLVE sent type=MOVE stage=0 id=cmuhgvgi100oowi9gxm86n50b-fullText-0-p0
2026.09.27-10.22.39 SNAPSHOT applied seq=66 phase=ACTION_MANEUVER
2026.09.27-10.22.39 MODE seq=66 mode=6 combat=0 pending=1
2026.09.27-10.22.39 PEND resolve done seq=66 (apply) phase=ACTION_MANEUVER
2026.09.27-10.22.39 SNAPSHOT applied seq=66 phase=ACTION_MANEUVER
2026.09.27-10.22.39 MODE seq=66 mode=6 combat=0 pending=1
2026.09.27-10.22.39 S09AUTO pending picked (type=MOVE stage=0)
2026.09.27-10.22.39 PEND-RESOLVE sent type=MOVE stage=0 id=cmuhgvgi100oowi9gxm86n50b-fullText-0-p1
2026.09.27-10.22.39 SNAPSHOT applied seq=67 phase=ACTION_MANEUVER
2026.09.27-10.22.39 MODE seq=67 mode=6 combat=0 pending=1
2026.09.27-10.22.39 PEND resolve done seq=67 (apply) phase=ACTION_MANEUVER
2026.09.27-10.22.39 SNAPSHOT applied seq=67 phase=ACTION_MANEUVER
2026.09.27-10.22.39 MODE seq=67 mode=6 combat=0 pending=1
2026.09.27-10.22.39 S09AUTO pending picked (type=MOVE stage=0)
2026.09.27-10.22.39 PEND-RESOLVE sent type=MOVE stage=0 id=cmuhgvgi100oowi9gxm86n50b-fullText-0-p2
2026.09.27-10.22.39 SNAPSHOT applied seq=68 phase=ACTION_MANEUVER
2026.09.27-10.22.39 MODE seq=68 mode=6 combat=0 pending=1
2026.09.27-10.22.39 PEND resolve done seq=68 (apply) phase=ACTION_MANEUVER
2026.09.27-10.22.39 SNAPSHOT applied seq=68 phase=ACTION_MANEUVER
2026.09.27-10.22.39 MODE seq=68 mode=6 combat=0 pending=1
2026.09.27-10.22.39 S09AUTO pending picked (type=MOVE stage=0)
2026.09.27-10.22.39 PEND-RESOLVE sent type=MOVE stage=0 id=cmuhgvgi100oowi9gxm86n50b-fullText-0-p3
2026.09.27-10.22.39 SNAPSHOT applied seq=69 phase=ACTION_MANEUVER
2026.09.27-10.22.39 MODE seq=69 mode=6 combat=0 pending=1
2026.09.27-10.22.39 PEND resolve done seq=69 (apply) phase=ACTION_MANEUVER
2026.09.27-10.22.39 SNAPSHOT applied seq=69 phase=ACTION_MANEUVER
2026.09.27-10.22.39 MODE seq=69 mode=6 combat=0 pending=1
2026.09.27-10.22.39 S09AUTO pending picked (type=MOVE stage=0)
2026.09.27-10.22.39 PEND-RESOLVE sent type=MOVE stage=0 id=cmuhgvgi100oowi9gxm86n50b-fullText-0-p4
2026.09.27-10.22.39 SNAPSHOT applied seq=70 phase=ACTION_MANEUVER
2026.09.27-10.22.39 MODE seq=70 mode=6 combat=0 pending=1
2026.09.27-10.22.39 PEND resolve done seq=70 (apply) phase=ACTION_MANEUVER
2026.09.27-10.22.39 SNAPSHOT applied seq=70 phase=ACTION_MANEUVER
2026.09.27-10.22.39 MODE seq=70 mode=6 combat=0 pending=1
2026.09.27-10.22.39 S09AUTO pending picked (type=MOVE stage=0)
2026.09.27-10.22.39 PEND-RESOLVE sent type=MOVE stage=0 id=cmuhgvgi100oowi9gxm86n50b-fullText-0-p5
2026.09.27-10.22.39 SNAPSHOT applied seq=71 phase=ACTION_MANEUVER
2026.09.27-10.22.39 MODE seq=71 mode=0 combat=0 pending=0
2026.09.27-10.22.39 PEND resolve done seq=71 (apply) phase=ACTION_MANEUVER
2026.09.27-10.22.39 SNAPSHOT applied seq=71 phase=ACTION_MANEUVER
2026.09.27-10.22.39 MODE seq=71 mode=0 combat=0 pending=0
2026.09.27-10.22.39 S09AUTO drive mode=0 plan=[defend+resolve+scheme] phase=ACTION_MANEUVER turn=cmuhntiwu0001wib0z281rpa8
2026.09.27-10.22.39 SNAPSHOT applied seq=72 phase=ACTION_MANEUVER
2026.09.27-10.22.39 MODE seq=72 mode=1 combat=0 pending=0
2026.09.27-10.22.39 SNAPSHOT applied seq=72 phase=ACTION_MANEUVER
2026.09.27-10.22.39 MODE seq=72 mode=1 combat=0 pending=0
2026.09.27-10.22.39 S09AUTO drive mode=1 plan=[defend+resolve+scheme] phase=ACTION_MANEUVER turn=cmuhntiwu0001wib0z281rpa8
2026.09.27-10.22.39 SNAPSHOT applied seq=73 phase=ACTION_MANEUVER
2026.09.27-10.22.39 MODE seq=73 mode=0 combat=0 pending=0
2026.09.27-10.22.39 SNAPSHOT applied seq=73 phase=ACTION_MANEUVER
2026.09.27-10.22.39 MODE seq=73 mode=0 combat=0 pending=0
2026.09.27-10.22.39 SNAPSHOT applied seq=74 phase=ACTION_MANEUVER
2026.09.27-10.22.39 MODE seq=74 mode=0 combat=0 pending=0
2026.09.27-10.22.40 SNAPSHOT applied seq=75 phase=ACTION_MANEUVER
2026.09.27-10.22.40 MODE seq=75 mode=0 combat=0 pending=0
2026.09.27-10.22.41 S09AUTO drive mode=0 plan=[defend+resolve+scheme] phase=ACTION_MANEUVER turn=cmuhntivg0000wib0anhqyswc
2026.09.27-10.22.41 SNAPSHOT applied seq=76 phase=ACTION_MANEUVER
2026.09.27-10.22.41 MODE seq=76 mode=0 combat=0 pending=1
2026.09.27-10.22.42 SNAPSHOT applied seq=77 phase=ACTION_MANEUVER
2026.09.27-10.22.42 MODE seq=77 mode=0 combat=0 pending=1
2026.09.27-10.22.42 SNAPSHOT applied seq=78 phase=ACTION_MANEUVER
2026.09.27-10.22.42 MODE seq=78 mode=0 combat=0 pending=1
2026.09.27-10.22.42 SNAPSHOT applied seq=79 phase=ACTION_MANEUVER
2026.09.27-10.22.42 MODE seq=79 mode=0 combat=0 pending=1
2026.09.27-10.22.42 SNAPSHOT applied seq=80 phase=ACTION_MANEUVER
2026.09.27-10.22.42 MODE seq=80 mode=0 combat=0 pending=0
2026.09.27-10.22.42 S09AUTO own turn #7 (turnCount=16)
2026.09.27-10.22.42 SNAPSHOT applied seq=81 phase=ACTION_MANEUVER
2026.09.27-10.22.42 MODE seq=81 mode=1 combat=0 pending=0
2026.09.27-10.22.42 SNAPSHOT applied seq=81 phase=ACTION_MANEUVER
2026.09.27-10.22.42 MODE seq=81 mode=1 combat=0 pending=0
2026.09.27-10.22.43 S09AUTO drive mode=1 plan=[defend+resolve+scheme] phase=ACTION_MANEUVER turn=cmuhntiwu0001wib0z281rpa8
2026.09.27-10.22.43 SNAPSHOT applied seq=82 phase=ACTION_MANEUVER
2026.09.27-10.22.43 MODE seq=82 mode=0 combat=0 pending=0
2026.09.27-10.22.43 SNAPSHOT applied seq=82 phase=ACTION_MANEUVER
2026.09.27-10.22.43 MODE seq=82 mode=0 combat=0 pending=0
2026.09.27-10.22.44 S09AUTO drive mode=0 plan=[defend+resolve+scheme] phase=ACTION_MANEUVER turn=cmuhntiwu0001wib0z281rpa8
2026.09.27-10.22.44 SNAPSHOT applied seq=83 phase=ACTION_MANEUVER
2026.09.27-10.22.44 MODE seq=83 mode=1 combat=0 pending=0
2026.09.27-10.22.44 SNAPSHOT applied seq=83 phase=ACTION_MANEUVER
2026.09.27-10.22.44 MODE seq=83 mode=1 combat=0 pending=0
2026.09.27-10.22.44 S09AUTO drive mode=1 plan=[defend+resolve+scheme] phase=ACTION_MANEUVER turn=cmuhntiwu0001wib0z281rpa8
2026.09.27-10.22.44 SNAPSHOT applied seq=84 phase=TURN_END
2026.09.27-10.22.44 MODE seq=84 mode=2 combat=0 pending=0
2026.09.27-10.22.44 SNAPSHOT applied seq=84 phase=TURN_END
2026.09.27-10.22.44 MODE seq=84 mode=2 combat=0 pending=0
2026.09.27-10.22.45 S09AUTO drive mode=2 plan=[defend+resolve+scheme] phase=TURN_END turn=cmuhntiwu0001wib0z281rpa8
2026.09.27-10.22.45 S09AUTO discard picks=2
2026.09.27-10.22.45 SNAPSHOT applied seq=85 phase=ACTION_MANEUVER
2026.09.27-10.22.45 MODE seq=85 mode=0 combat=0 pending=0
2026.09.27-10.22.45 SNAPSHOT applied seq=85 phase=ACTION_MANEUVER
2026.09.27-10.22.45 MODE seq=85 mode=0 combat=0 pending=0
2026.09.27-10.22.45 SNAPSHOT applied seq=86 phase=COMBAT
2026.09.27-10.22.45 MODE seq=86 mode=4 combat=1 pending=0
2026.09.27-10.22.46 S09AUTO drive mode=4 plan=[defend+resolve+scheme] phase=COMBAT turn=cmuhntivg0000wib0anhqyswc
2026.09.27-10.22.46 S09AUTO defense card picked
2026.09.27-10.22.46 DEFENSE sent
2026.09.27-10.22.46 SNAPSHOT applied seq=87 phase=COMBAT_RESOLVE
2026.09.27-10.22.46 MODE seq=87 mode=5 combat=1 pending=0
2026.09.27-10.22.46 SNAPSHOT applied seq=87 phase=COMBAT_RESOLVE
2026.09.27-10.22.46 MODE seq=87 mode=5 combat=1 pending=0
2026.09.27-10.22.46 S09AUTO drive mode=5 plan=[defend+resolve+scheme] phase=COMBAT_RESOLVE turn=cmuhntivg0000wib0anhqyswc
2026.09.27-10.22.46 S09AUTO resolve
2026.09.27-10.22.46 RESOLVE sent
2026.09.27-10.22.46 SNAPSHOT applied seq=88 phase=ACTION_MANEUVER
2026.09.27-10.22.46 COMBAT-RESULT seq=88 damage=0 role=defended
2026.09.27-10.22.46 MODE seq=88 mode=0 combat=0 pending=0
2026.09.27-10.22.47 SNAPSHOT applied seq=88 phase=ACTION_MANEUVER
2026.09.27-10.22.47 MODE seq=88 mode=0 combat=0 pending=0
2026.09.27-10.22.47 S09AUTO drive mode=0 plan=[defend+resolve+scheme] phase=ACTION_MANEUVER turn=cmuhntivg0000wib0anhqyswc
2026.09.27-10.22.47 SNAPSHOT applied seq=89 phase=COMBAT
2026.09.27-10.22.47 MODE seq=89 mode=4 combat=1 pending=0
2026.09.27-10.22.47 S09AUTO drive mode=4 plan=[defend+resolve+scheme] phase=COMBAT turn=cmuhntivg0000wib0anhqyswc
2026.09.27-10.22.47 S09AUTO defense card picked
2026.09.27-10.22.47 DEFENSE sent
2026.09.27-10.22.47 SNAPSHOT applied seq=90 phase=COMBAT_RESOLVE
2026.09.27-10.22.47 MODE seq=90 mode=5 combat=1 pending=0
2026.09.27-10.22.47 SNAPSHOT applied seq=90 phase=COMBAT_RESOLVE
2026.09.27-10.22.47 MODE seq=90 mode=5 combat=1 pending=0
2026.09.27-10.22.47 S09AUTO drive mode=5 plan=[defend+resolve+scheme] phase=COMBAT_RESOLVE turn=cmuhntivg0000wib0anhqyswc
2026.09.27-10.22.47 S09AUTO resolve
2026.09.27-10.22.47 RESOLVE sent
2026.09.27-10.22.47 SNAPSHOT applied seq=91 phase=ACTION_MANEUVER
2026.09.27-10.22.47 COMBAT-RESULT seq=91 damage=0 role=defended
2026.09.27-10.22.47 MODE seq=91 mode=0 combat=0 pending=0
2026.09.27-10.22.47 SNAPSHOT applied seq=91 phase=ACTION_MANEUVER
2026.09.27-10.22.47 MODE seq=91 mode=0 combat=0 pending=0
2026.09.27-10.22.47 S09AUTO drive mode=0 plan=[defend+resolve+scheme] phase=ACTION_MANEUVER turn=cmuhntiwu0001wib0z281rpa8
2026.09.27-10.22.47 S09AUTO own turn #8 (turnCount=18)
2026.09.27-10.22.47 SNAPSHOT applied seq=92 phase=ACTION_MANEUVER
2026.09.27-10.22.47 MODE seq=92 mode=1 combat=0 pending=0
2026.09.27-10.22.47 SNAPSHOT applied seq=92 phase=ACTION_MANEUVER
2026.09.27-10.22.47 MODE seq=92 mode=1 combat=0 pending=0
2026.09.27-10.22.47 S09AUTO drive mode=1 plan=[defend+resolve+scheme] phase=ACTION_MANEUVER turn=cmuhntiwu0001wib0z281rpa8
2026.09.27-10.22.47 SNAPSHOT applied seq=93 phase=ACTION_MANEUVER
2026.09.27-10.22.47 MODE seq=93 mode=0 combat=0 pending=0
2026.09.27-10.22.47 SNAPSHOT applied seq=93 phase=ACTION_MANEUVER
2026.09.27-10.22.47 MODE seq=93 mode=0 combat=0 pending=0
2026.09.27-10.22.48 S09AUTO drive mode=0 plan=[defend+resolve+scheme] phase=ACTION_MANEUVER turn=cmuhntiwu0001wib0z281rpa8
2026.09.27-10.22.48 SNAPSHOT applied seq=94 phase=ACTION_MANEUVER
2026.09.27-10.22.48 MODE seq=94 mode=1 combat=0 pending=0
2026.09.27-10.22.48 SNAPSHOT applied seq=94 phase=ACTION_MANEUVER
2026.09.27-10.22.48 MODE seq=94 mode=1 combat=0 pending=0
2026.09.27-10.22.48 S09AUTO drive mode=1 plan=[defend+resolve+scheme] phase=ACTION_MANEUVER turn=cmuhntiwu0001wib0z281rpa8
2026.09.27-10.22.49 SNAPSHOT applied seq=95 phase=ACTION_MANEUVER
2026.09.27-10.22.49 MODE seq=95 mode=0 combat=0 pending=0
2026.09.27-10.22.49 SNAPSHOT applied seq=95 phase=ACTION_MANEUVER
2026.09.27-10.22.49 MODE seq=95 mode=0 combat=0 pending=0
2026.09.27-10.22.49 SNAPSHOT applied seq=96 phase=COMBAT
2026.09.27-10.22.49 MODE seq=96 mode=4 combat=1 pending=0
2026.09.27-10.22.50 S09AUTO drive mode=4 plan=[defend+resolve+scheme] phase=COMBAT turn=cmuhntivg0000wib0anhqyswc
2026.09.27-10.22.50 S09AUTO defense card picked
2026.09.27-10.22.50 DEFENSE sent
2026.09.27-10.22.50 SNAPSHOT applied seq=97 phase=COMBAT_RESOLVE
2026.09.27-10.22.50 MODE seq=97 mode=5 combat=1 pending=0
2026.09.27-10.22.50 SNAPSHOT applied seq=97 phase=COMBAT_RESOLVE
2026.09.27-10.22.50 MODE seq=97 mode=5 combat=1 pending=0
2026.09.27-10.22.50 S09AUTO drive mode=5 plan=[defend+resolve+scheme] phase=COMBAT_RESOLVE turn=cmuhntivg0000wib0anhqyswc
2026.09.27-10.22.50 S09AUTO resolve
2026.09.27-10.22.50 RESOLVE sent
2026.09.27-10.22.50 SNAPSHOT applied seq=98 phase=ACTION_MANEUVER
2026.09.27-10.22.50 COMBAT-RESULT seq=98 damage=1 role=defended
2026.09.27-10.22.50 MODE seq=98 mode=0 combat=0 pending=0
2026.09.27-10.22.50 SNAPSHOT applied seq=98 phase=ACTION_MANEUVER
2026.09.27-10.22.50 MODE seq=98 mode=0 combat=0 pending=0
2026.09.27-10.22.50 S09AUTO drive mode=0 plan=[defend+resolve+scheme] phase=ACTION_MANEUVER turn=cmuhntivg0000wib0anhqyswc
2026.09.27-10.22.50 SNAPSHOT applied seq=99 phase=COMBAT
2026.09.27-10.22.50 MODE seq=99 mode=4 combat=1 pending=0
2026.09.27-10.22.50 S09AUTO drive mode=4 plan=[defend+resolve+scheme] phase=COMBAT turn=cmuhntivg0000wib0anhqyswc
2026.09.27-10.22.50 S09AUTO defense card picked
2026.09.27-10.22.50 DEFENSE sent
2026.09.27-10.22.50 SNAPSHOT applied seq=100 phase=COMBAT_RESOLVE
2026.09.27-10.22.50 MODE seq=100 mode=5 combat=1 pending=0
2026.09.27-10.22.50 SNAPSHOT applied seq=100 phase=COMBAT_RESOLVE
2026.09.27-10.22.50 MODE seq=100 mode=5 combat=1 pending=0
2026.09.27-10.22.50 S09AUTO drive mode=5 plan=[defend+resolve+scheme] phase=COMBAT_RESOLVE turn=cmuhntivg0000wib0anhqyswc
2026.09.27-10.22.50 S09AUTO resolve
2026.09.27-10.22.50 RESOLVE sent
2026.09.27-10.22.50 SNAPSHOT applied seq=101 phase=COMBAT_RESOLVE
2026.09.27-10.22.50 MODE seq=101 mode=6 combat=1 pending=1
2026.09.27-10.22.50 PENDING panel revealed: attack A3+B0 vs D4
2026.09.27-10.22.50 SNAPSHOT applied seq=101 phase=COMBAT_RESOLVE
2026.09.27-10.22.50 MODE seq=101 mode=6 combat=1 pending=1
2026.09.27-10.22.50 S09AUTO drive mode=6 plan=[defend+resolve+scheme] phase=COMBAT_RESOLVE turn=cmuhntivg0000wib0anhqyswc
2026.09.27-10.22.50 S09AUTO pending picked (type=MOVE stage=0)
2026.09.27-10.22.50 PEND-RESOLVE sent type=MOVE stage=0 id=cmuhgvgi800p4wi9greokvfle-after-0-p0
2026.09.27-10.22.50 SNAPSHOT applied seq=102 phase=COMBAT_RESOLVE
2026.09.27-10.22.50 MODE seq=102 mode=5 combat=1 pending=1
2026.09.27-10.22.50 RESOLVE panel revealed: A3+B0 vs D4
2026.09.27-10.22.50 RESOLVE panel blocked by pending (type=MOVE id=cmuhgvgko00t6wi9gliac8gv6-after-0-p0)
2026.09.27-10.22.50 PEND resolve done seq=102 (apply) phase=COMBAT_RESOLVE
2026.09.27-10.22.50 SNAPSHOT applied seq=102 phase=COMBAT_RESOLVE
2026.09.27-10.22.50 MODE seq=102 mode=5 combat=1 pending=1
2026.09.27-10.22.50 S09AUTO drive mode=5 plan=[defend+resolve+scheme] phase=COMBAT_RESOLVE turn=cmuhntivg0000wib0anhqyswc
2026.09.27-10.22.50 S09AUTO resolve-blocked shot (type=MOVE)
2026.09.27-10.22.50 SNAPSHOT applied seq=103 phase=ACTION_MANEUVER
2026.09.27-10.22.50 COMBAT-RESULT seq=103 damage=0 role=defended
2026.09.27-10.22.50 RESOLVE panel revealed: A3+B0 vs D4
2026.09.27-10.22.50 MODE seq=103 mode=0 combat=0 pending=0
2026.09.27-10.22.50 S09AUTO drive mode=0 plan=[defend+resolve+scheme] phase=ACTION_MANEUVER turn=cmuhntiwu0001wib0z281rpa8
2026.09.27-10.22.50 S09AUTO own turn #9 (turnCount=20)
2026.09.27-10.22.50 SNAPSHOT applied seq=104 phase=ACTION_MANEUVER
2026.09.27-10.22.50 MODE seq=104 mode=1 combat=0 pending=0
2026.09.27-10.22.50 SNAPSHOT applied seq=104 phase=ACTION_MANEUVER
2026.09.27-10.22.50 MODE seq=104 mode=1 combat=0 pending=0
2026.09.27-10.22.50 S09AUTO drive mode=1 plan=[defend+resolve+scheme] phase=ACTION_MANEUVER turn=cmuhntiwu0001wib0z281rpa8
2026.09.27-10.22.51 SNAPSHOT applied seq=105 phase=ACTION_MANEUVER
2026.09.27-10.22.51 MODE seq=105 mode=0 combat=0 pending=0
2026.09.27-10.22.51 SNAPSHOT applied seq=105 phase=ACTION_MANEUVER
2026.09.27-10.22.51 MODE seq=105 mode=0 combat=0 pending=0
2026.09.27-10.22.52 S09AUTO drive mode=0 plan=[defend+resolve+scheme] phase=ACTION_MANEUVER turn=cmuhntiwu0001wib0z281rpa8
2026.09.27-10.22.52 SNAPSHOT applied seq=106 phase=ACTION_MANEUVER
2026.09.27-10.22.52 MODE seq=106 mode=1 combat=0 pending=0
2026.09.27-10.22.52 SNAPSHOT applied seq=106 phase=ACTION_MANEUVER
2026.09.27-10.22.52 MODE seq=106 mode=1 combat=0 pending=0
2026.09.27-10.22.52 S09AUTO drive mode=1 plan=[defend+resolve+scheme] phase=ACTION_MANEUVER turn=cmuhntiwu0001wib0z281rpa8
2026.09.27-10.22.52 SNAPSHOT applied seq=107 phase=ACTION_MANEUVER
2026.09.27-10.22.52 MODE seq=107 mode=0 combat=0 pending=0
2026.09.27-10.22.52 SNAPSHOT applied seq=107 phase=ACTION_MANEUVER
2026.09.27-10.22.52 MODE seq=107 mode=0 combat=0 pending=0
2026.09.27-10.22.52 SNAPSHOT applied seq=108 phase=ACTION_MANEUVER
2026.09.27-10.22.52 MODE seq=108 mode=0 combat=0 pending=0
2026.09.27-10.22.52 SNAPSHOT applied seq=109 phase=ACTION_MANEUVER
2026.09.27-10.22.52 MODE seq=109 mode=0 combat=0 pending=0
2026.09.27-10.22.53 S09AUTO drive mode=0 plan=[defend+resolve+scheme] phase=ACTION_MANEUVER turn=cmuhntivg0000wib0anhqyswc
2026.09.27-10.22.53 SNAPSHOT applied seq=110 phase=ACTION_MANEUVER
2026.09.27-10.22.53 MODE seq=110 mode=0 combat=0 pending=0
2026.09.27-10.22.53 SNAPSHOT applied seq=111 phase=ACTION_MANEUVER
2026.09.27-10.22.53 MODE seq=111 mode=0 combat=0 pending=0
2026.09.27-10.22.53 S09AUTO own turn #10 (turnCount=22)
2026.09.27-10.22.53 SNAPSHOT applied seq=112 phase=ACTION_MANEUVER
2026.09.27-10.22.53 MODE seq=112 mode=1 combat=0 pending=0
2026.09.27-10.22.53 SNAPSHOT applied seq=112 phase=ACTION_MANEUVER
2026.09.27-10.22.54 MODE seq=112 mode=1 combat=0 pending=0
2026.09.27-10.22.54 S09AUTO drive mode=1 plan=[defend+resolve+scheme] phase=ACTION_MANEUVER turn=cmuhntiwu0001wib0z281rpa8
2026.09.27-10.22.54 SNAPSHOT applied seq=113 phase=ACTION_MANEUVER
2026.09.27-10.22.54 MODE seq=113 mode=0 combat=0 pending=0
2026.09.27-10.22.54 SNAPSHOT applied seq=113 phase=ACTION_MANEUVER
2026.09.27-10.22.54 MODE seq=113 mode=0 combat=0 pending=0
2026.09.27-10.22.55 S09AUTO drive mode=0 plan=[defend+resolve+scheme] phase=ACTION_MANEUVER turn=cmuhntiwu0001wib0z281rpa8
2026.09.27-10.22.55 SNAPSHOT applied seq=114 phase=ACTION_MANEUVER
2026.09.27-10.22.55 MODE seq=114 mode=1 combat=0 pending=0
2026.09.27-10.22.55 SNAPSHOT applied seq=114 phase=ACTION_MANEUVER
2026.09.27-10.22.55 MODE seq=114 mode=1 combat=0 pending=0
2026.09.27-10.22.55 S09AUTO drive mode=1 plan=[defend+resolve+scheme] phase=ACTION_MANEUVER turn=cmuhntiwu0001wib0z281rpa8
2026.09.27-10.22.55 SNAPSHOT applied seq=115 phase=TURN_END
2026.09.27-10.22.55 MODE seq=115 mode=2 combat=0 pending=0
2026.09.27-10.22.55 SNAPSHOT applied seq=115 phase=TURN_END
2026.09.27-10.22.55 MODE seq=115 mode=2 combat=0 pending=0
2026.09.27-10.22.56 S09AUTO drive mode=2 plan=[defend+resolve+scheme] phase=TURN_END turn=cmuhntiwu0001wib0z281rpa8
2026.09.27-10.22.56 S09AUTO discard picks=2
2026.09.27-10.22.56 SNAPSHOT applied seq=116 phase=ACTION_MANEUVER
2026.09.27-10.22.56 MODE seq=116 mode=0 combat=0 pending=0
2026.09.27-10.22.56 SNAPSHOT applied seq=116 phase=ACTION_MANEUVER
2026.09.27-10.22.56 MODE seq=116 mode=0 combat=0 pending=0
2026.09.27-10.22.56 SNAPSHOT applied seq=117 phase=COMBAT
2026.09.27-10.22.56 MODE seq=117 mode=4 combat=1 pending=0
2026.09.27-10.22.57 S09AUTO drive mode=4 plan=[defend+resolve+scheme] phase=COMBAT turn=cmuhntivg0000wib0anhqyswc
2026.09.27-10.22.57 S09AUTO defense card picked
2026.09.27-10.22.57 DEFENSE sent
2026.09.27-10.22.57 SNAPSHOT applied seq=118 phase=COMBAT_RESOLVE
2026.09.27-10.22.57 MODE seq=118 mode=5 combat=1 pending=0
2026.09.27-10.22.57 SNAPSHOT applied seq=118 phase=COMBAT_RESOLVE
2026.09.27-10.22.58 MODE seq=118 mode=5 combat=1 pending=0
2026.09.27-10.22.58 S09AUTO drive mode=5 plan=[defend+resolve+scheme] phase=COMBAT_RESOLVE turn=cmuhntivg0000wib0anhqyswc
2026.09.27-10.22.58 S09AUTO resolve
2026.09.27-10.22.58 RESOLVE sent
2026.09.27-10.22.58 SNAPSHOT applied seq=119 phase=ACTION_MANEUVER
2026.09.27-10.22.58 COMBAT-RESULT seq=119 damage=0 role=defended
2026.09.27-10.22.58 MODE seq=119 mode=0 combat=0 pending=0
2026.09.27-10.22.58 SNAPSHOT applied seq=119 phase=ACTION_MANEUVER
2026.09.27-10.22.58 MODE seq=119 mode=0 combat=0 pending=0
2026.09.27-10.22.58 S09AUTO drive mode=0 plan=[defend+resolve+scheme] phase=ACTION_MANEUVER turn=cmuhntivg0000wib0anhqyswc
2026.09.27-10.22.58 SNAPSHOT applied seq=120 phase=ACTION_MANEUVER
2026.09.27-10.22.58 MODE seq=120 mode=0 combat=0 pending=0
2026.09.27-10.22.58 SNAPSHOT applied seq=121 phase=ACTION_MANEUVER
2026.09.27-10.22.58 MODE seq=121 mode=0 combat=0 pending=0
2026.09.27-10.22.58 S09AUTO own turn #11 (turnCount=24)
2026.09.27-10.22.58 S09AUTO scheme
2026.09.27-10.22.58 SNAPSHOT applied seq=122 phase=ACTION_MANEUVER
2026.09.27-10.22.58 MODE seq=122 mode=6 combat=0 pending=1
2026.09.27-10.22.58 SCHEME done seq=122 (apply) phase=ACTION_MANEUVER
2026.09.27-10.22.58 SNAPSHOT applied seq=122 phase=ACTION_MANEUVER
2026.09.27-10.22.58 MODE seq=122 mode=6 combat=0 pending=1
2026.09.27-10.22.59 S09AUTO drive mode=6 plan=[defend+resolve+scheme] phase=ACTION_MANEUVER turn=cmuhntiwu0001wib0z281rpa8
2026.09.27-10.22.59 S09AUTO pending-open shot (type=DECK_TOP_PICK stage=0 mode=PICK)
2026.09.27-10.22.59 S09AUTO pending picked (type=DECK_TOP_PICK stage=0)
2026.09.27-10.22.59 PEND-RESOLVE sent type=DECK_TOP_PICK stage=0 id=cmuhgvghx00ogwi9g6yhna6m8-fullText-0-p0
2026.09.27-10.22.59 SNAPSHOT applied seq=123 phase=ACTION_MANEUVER
2026.09.27-10.22.59 MODE seq=123 mode=0 combat=0 pending=0
2026.09.27-10.22.59 PEND resolve done seq=123 (apply) phase=ACTION_MANEUVER
2026.09.27-10.22.59 SNAPSHOT applied seq=123 phase=ACTION_MANEUVER
2026.09.27-10.22.59 MODE seq=123 mode=0 combat=0 pending=0
2026.09.27-10.22.59 S09AUTO drive mode=0 plan=[defend+resolve+scheme] phase=ACTION_MANEUVER turn=cmuhntiwu0001wib0z281rpa8
2026.09.27-10.22.59 S09AUTO scheme
2026.09.27-10.22.59 SNAPSHOT applied seq=124 phase=ACTION_MANEUVER
2026.09.27-10.22.59 MODE seq=124 mode=6 combat=0 pending=1
2026.09.27-10.22.59 SCHEME done seq=124 (apply) phase=ACTION_MANEUVER
2026.09.27-10.22.59 SNAPSHOT applied seq=124 phase=ACTION_MANEUVER
2026.09.27-10.22.59 MODE seq=124 mode=6 combat=0 pending=1
2026.09.27-10.23.00 S09AUTO drive mode=6 plan=[defend+resolve+scheme] phase=ACTION_MANEUVER turn=cmuhntiwu0001wib0z281rpa8
2026.09.27-10.23.00 S09AUTO pending picked (type=MOVE stage=0)
2026.09.27-10.23.00 PEND-RESOLVE sent type=MOVE stage=0 id=cmuhgvgi100oowi9gxm86n50b-fullText-0-p0
2026.09.27-10.23.01 SNAPSHOT applied seq=125 phase=ACTION_MANEUVER
2026.09.27-10.23.01 MODE seq=125 mode=6 combat=0 pending=1
2026.09.27-10.23.01 SNAPSHOT applied seq=125 phase=ACTION_MANEUVER
2026.09.27-10.23.01 MODE seq=125 mode=6 combat=0 pending=1
2026.09.27-10.23.01 PEND resolve done seq=125 (merge) phase=ACTION_MANEUVER
2026.09.27-10.23.01 S09AUTO pending picked (type=MOVE stage=0)
2026.09.27-10.23.01 PEND-RESOLVE sent type=MOVE stage=0 id=cmuhgvgi100oowi9gxm86n50b-fullText-0-p1
2026.09.27-10.23.01 SNAPSHOT applied seq=126 phase=ACTION_MANEUVER
2026.09.27-10.23.01 MODE seq=126 mode=6 combat=0 pending=1
2026.09.27-10.23.01 PEND resolve done seq=126 (apply) phase=ACTION_MANEUVER
2026.09.27-10.23.01 SNAPSHOT applied seq=126 phase=ACTION_MANEUVER
2026.09.27-10.23.01 MODE seq=126 mode=6 combat=0 pending=1
2026.09.27-10.23.01 S09AUTO pending picked (type=MOVE stage=0)
2026.09.27-10.23.01 PEND-RESOLVE sent type=MOVE stage=0 id=cmuhgvgi100oowi9gxm86n50b-fullText-0-p2
2026.09.27-10.23.01 SNAPSHOT applied seq=127 phase=ACTION_MANEUVER
2026.09.27-10.23.01 MODE seq=127 mode=6 combat=0 pending=1
2026.09.27-10.23.01 PEND resolve done seq=127 (apply) phase=ACTION_MANEUVER
2026.09.27-10.23.01 SNAPSHOT applied seq=127 phase=ACTION_MANEUVER
2026.09.27-10.23.01 MODE seq=127 mode=6 combat=0 pending=1
2026.09.27-10.23.01 S09AUTO pending picked (type=MOVE stage=0)
2026.09.27-10.23.01 PEND-RESOLVE sent type=MOVE stage=0 id=cmuhgvgi100oowi9gxm86n50b-fullText-0-p3
2026.09.27-10.23.01 SNAPSHOT applied seq=128 phase=ACTION_MANEUVER
2026.09.27-10.23.01 MODE seq=128 mode=6 combat=0 pending=1
2026.09.27-10.23.01 PEND resolve done seq=128 (apply) phase=ACTION_MANEUVER
2026.09.27-10.23.01 SNAPSHOT applied seq=128 phase=ACTION_MANEUVER
2026.09.27-10.23.01 MODE seq=128 mode=6 combat=0 pending=1
2026.09.27-10.23.01 S09AUTO pending picked (type=MOVE stage=0)
2026.09.27-10.23.01 PEND-RESOLVE sent type=MOVE stage=0 id=cmuhgvgi100oowi9gxm86n50b-fullText-0-p4
2026.09.27-10.23.01 SNAPSHOT applied seq=129 phase=ACTION_MANEUVER
2026.09.27-10.23.01 MODE seq=129 mode=6 combat=0 pending=1
2026.09.27-10.23.01 PEND resolve done seq=129 (apply) phase=ACTION_MANEUVER
2026.09.27-10.23.01 SNAPSHOT applied seq=129 phase=ACTION_MANEUVER
2026.09.27-10.23.01 MODE seq=129 mode=6 combat=0 pending=1
2026.09.27-10.23.01 S09AUTO pending picked (type=MOVE stage=0)
2026.09.27-10.23.01 PEND-RESOLVE sent type=MOVE stage=0 id=cmuhgvgi100oowi9gxm86n50b-fullText-0-p5
2026.09.27-10.23.01 SNAPSHOT applied seq=130 phase=ACTION_MANEUVER
2026.09.27-10.23.01 MODE seq=130 mode=0 combat=0 pending=0
2026.09.27-10.23.01 PEND resolve done seq=130 (apply) phase=ACTION_MANEUVER
2026.09.27-10.23.01 SNAPSHOT applied seq=130 phase=ACTION_MANEUVER
2026.09.27-10.23.01 MODE seq=130 mode=0 combat=0 pending=0
2026.09.27-10.23.01 S09AUTO drive mode=0 plan=[defend+resolve+scheme] phase=ACTION_MANEUVER turn=cmuhntivg0000wib0anhqyswc
2026.09.27-10.23.01 SNAPSHOT applied seq=131 phase=ACTION_MANEUVER
2026.09.27-10.23.01 MODE seq=131 mode=0 combat=0 pending=1
2026.09.27-10.23.02 SNAPSHOT applied seq=132 phase=ACTION_MANEUVER
2026.09.27-10.23.02 MODE seq=132 mode=0 combat=0 pending=0
2026.09.27-10.23.02 SNAPSHOT applied seq=133 phase=ACTION_MANEUVER
2026.09.27-10.23.03 MODE seq=133 mode=0 combat=0 pending=0
2026.09.27-10.23.03 SNAPSHOT applied seq=134 phase=ACTION_MANEUVER
2026.09.27-10.23.03 MODE seq=134 mode=0 combat=0 pending=0
2026.09.27-10.23.03 S09AUTO own turn #12 (turnCount=26)
2026.09.27-10.23.03 SNAPSHOT applied seq=135 phase=ACTION_MANEUVER
2026.09.27-10.23.03 MODE seq=135 mode=1 combat=0 pending=0
2026.09.27-10.23.03 SNAPSHOT applied seq=135 phase=ACTION_MANEUVER
2026.09.27-10.23.03 MODE seq=135 mode=1 combat=0 pending=0
2026.09.27-10.23.03 S09AUTO drive mode=1 plan=[defend+resolve+scheme] phase=ACTION_MANEUVER turn=cmuhntiwu0001wib0z281rpa8
2026.09.27-10.23.03 SNAPSHOT applied seq=136 phase=ACTION_MANEUVER
2026.09.27-10.23.03 MODE seq=136 mode=0 combat=0 pending=0
2026.09.27-10.23.03 SNAPSHOT applied seq=136 phase=ACTION_MANEUVER
2026.09.27-10.23.03 MODE seq=136 mode=0 combat=0 pending=0
2026.09.27-10.23.04 S09AUTO drive mode=0 plan=[defend+resolve+scheme] phase=ACTION_MANEUVER turn=cmuhntiwu0001wib0z281rpa8
2026.09.27-10.23.04 SNAPSHOT applied seq=137 phase=ACTION_MANEUVER
2026.09.27-10.23.04 MODE seq=137 mode=1 combat=0 pending=0
2026.09.27-10.23.04 SNAPSHOT applied seq=137 phase=ACTION_MANEUVER
2026.09.27-10.23.04 MODE seq=137 mode=1 combat=0 pending=0
2026.09.27-10.23.04 S09AUTO drive mode=1 plan=[defend+resolve+scheme] phase=ACTION_MANEUVER turn=cmuhntiwu0001wib0z281rpa8
2026.09.27-10.23.04 SNAPSHOT applied seq=138 phase=ACTION_MANEUVER
2026.09.27-10.23.04 MODE seq=138 mode=0 combat=0 pending=0
2026.09.27-10.23.04 SNAPSHOT applied seq=138 phase=ACTION_MANEUVER
2026.09.27-10.23.04 MODE seq=138 mode=0 combat=0 pending=0
2026.09.27-10.23.04 SNAPSHOT applied seq=139 phase=COMBAT
2026.09.27-10.23.04 MODE seq=139 mode=4 combat=1 pending=0
2026.09.27-10.23.05 S09AUTO drive mode=4 plan=[defend+resolve+scheme] phase=COMBAT turn=cmuhntivg0000wib0anhqyswc
2026.09.27-10.23.05 S09AUTO defense card picked
2026.09.27-10.23.05 DEFENSE sent
2026.09.27-10.23.05 SNAPSHOT applied seq=140 phase=COMBAT_RESOLVE
2026.09.27-10.23.05 MODE seq=140 mode=5 combat=1 pending=0
2026.09.27-10.23.05 SNAPSHOT applied seq=140 phase=COMBAT_RESOLVE
2026.09.27-10.23.05 MODE seq=140 mode=5 combat=1 pending=0
2026.09.27-10.23.05 S09AUTO drive mode=5 plan=[defend+resolve+scheme] phase=COMBAT_RESOLVE turn=cmuhntivg0000wib0anhqyswc
2026.09.27-10.23.05 S09AUTO resolve
2026.09.27-10.23.05 RESOLVE sent
2026.09.27-10.23.05 SNAPSHOT applied seq=141 phase=COMBAT_RESOLVE
2026.09.27-10.23.05 MODE seq=141 mode=6 combat=1 pending=1
2026.09.27-10.23.05 PENDING panel revealed: attack A3+B0 vs D4
2026.09.27-10.23.05 SNAPSHOT applied seq=141 phase=COMBAT_RESOLVE
2026.09.27-10.23.05 MODE seq=141 mode=6 combat=1 pending=1
2026.09.27-10.23.05 S09AUTO drive mode=6 plan=[defend+resolve+scheme] phase=COMBAT_RESOLVE turn=cmuhntivg0000wib0anhqyswc
2026.09.27-10.23.05 S09AUTO pending picked (type=MOVE stage=0)
2026.09.27-10.23.05 PEND-RESOLVE sent type=MOVE stage=0 id=cmuhgvgi800p4wi9greokvfle-after-0-p0
2026.09.27-10.23.06 SNAPSHOT applied seq=142 phase=ACTION_MANEUVER
2026.09.27-10.23.06 COMBAT-RESULT seq=142 damage=0 role=defended
2026.09.27-10.23.06 PENDING panel revealed: attack A3+B0 vs D4
2026.09.27-10.23.06 MODE seq=142 mode=0 combat=0 pending=0
2026.09.27-10.23.06 PEND resolve done seq=142 (apply) phase=ACTION_MANEUVER
2026.09.27-10.23.06 SNAPSHOT applied seq=142 phase=ACTION_MANEUVER
2026.09.27-10.23.06 MODE seq=142 mode=0 combat=0 pending=0
2026.09.27-10.23.06 S09AUTO drive mode=0 plan=[defend+resolve+scheme] phase=ACTION_MANEUVER turn=cmuhntivg0000wib0anhqyswc
2026.09.27-10.23.06 SNAPSHOT applied seq=143 phase=ACTION_MANEUVER
2026.09.27-10.23.06 MODE seq=143 mode=0 combat=0 pending=1
2026.09.27-10.23.07 SNAPSHOT applied seq=144 phase=ACTION_MANEUVER
2026.09.27-10.23.07 MODE seq=144 mode=0 combat=0 pending=1
2026.09.27-10.23.07 SNAPSHOT applied seq=145 phase=ACTION_MANEUVER
2026.09.27-10.23.07 MODE seq=145 mode=0 combat=0 pending=1
2026.09.27-10.23.07 SNAPSHOT applied seq=146 phase=ACTION_MANEUVER
2026.09.27-10.23.07 MODE seq=146 mode=0 combat=0 pending=1
2026.09.27-10.23.07 SNAPSHOT applied seq=147 phase=ACTION_MANEUVER
2026.09.27-10.23.07 MODE seq=147 mode=0 combat=0 pending=0
2026.09.27-10.23.07 S09AUTO own turn #13 (turnCount=28)
2026.09.27-10.23.07 SNAPSHOT applied seq=148 phase=ACTION_MANEUVER
2026.09.27-10.23.07 MODE seq=148 mode=1 combat=0 pending=0
2026.09.27-10.23.07 SNAPSHOT applied seq=148 phase=ACTION_MANEUVER
2026.09.27-10.23.07 MODE seq=148 mode=1 combat=0 pending=0
2026.09.27-10.23.07 S09AUTO drive mode=1 plan=[defend+resolve+scheme] phase=ACTION_MANEUVER turn=cmuhntiwu0001wib0z281rpa8
2026.09.27-10.23.07 SNAPSHOT applied seq=149 phase=ACTION_MANEUVER
2026.09.27-10.23.07 MODE seq=149 mode=0 combat=0 pending=0
2026.09.27-10.23.07 SNAPSHOT applied seq=149 phase=ACTION_MANEUVER
2026.09.27-10.23.07 MODE seq=149 mode=0 combat=0 pending=0
2026.09.27-10.23.09 S09AUTO drive mode=0 plan=[defend+resolve+scheme] phase=ACTION_MANEUVER turn=cmuhntiwu0001wib0z281rpa8
2026.09.27-10.23.09 SNAPSHOT applied seq=150 phase=ACTION_MANEUVER
2026.09.27-10.23.09 MODE seq=150 mode=1 combat=0 pending=0
2026.09.27-10.23.09 SNAPSHOT applied seq=150 phase=ACTION_MANEUVER
2026.09.27-10.23.09 MODE seq=150 mode=1 combat=0 pending=0
2026.09.27-10.23.09 S09AUTO drive mode=1 plan=[defend+resolve+scheme] phase=ACTION_MANEUVER turn=cmuhntiwu0001wib0z281rpa8
2026.09.27-10.23.09 SNAPSHOT applied seq=151 phase=ACTION_MANEUVER
2026.09.27-10.23.09 MODE seq=151 mode=0 combat=0 pending=0
2026.09.27-10.23.09 SNAPSHOT applied seq=151 phase=ACTION_MANEUVER
2026.09.27-10.23.09 MODE seq=151 mode=0 combat=0 pending=0
2026.09.27-10.23.09 SNAPSHOT applied seq=152 phase=ACTION_MANEUVER
2026.09.27-10.23.09 MODE seq=152 mode=0 combat=0 pending=0
2026.09.27-10.23.09 SNAPSHOT applied seq=153 phase=ACTION_MANEUVER
2026.09.27-10.23.09 MODE seq=153 mode=0 combat=0 pending=0
2026.09.27-10.23.10 S09AUTO drive mode=0 plan=[defend+resolve+scheme] phase=ACTION_MANEUVER turn=cmuhntivg0000wib0anhqyswc
2026.09.27-10.23.10 SNAPSHOT applied seq=154 phase=COMBAT
2026.09.27-10.23.10 MODE seq=154 mode=4 combat=1 pending=0
2026.09.27-10.23.10 S09AUTO drive mode=4 plan=[defend+resolve+scheme] phase=COMBAT turn=cmuhntivg0000wib0anhqyswc
2026.09.27-10.23.10 S09AUTO defense card picked
2026.09.27-10.23.10 DEFENSE sent
2026.09.27-10.23.10 SNAPSHOT applied seq=155 phase=COMBAT_RESOLVE
2026.09.27-10.23.10 MODE seq=155 mode=5 combat=1 pending=0
2026.09.27-10.23.10 SNAPSHOT applied seq=155 phase=COMBAT_RESOLVE
2026.09.27-10.23.10 MODE seq=155 mode=5 combat=1 pending=0
2026.09.27-10.23.10 S09AUTO drive mode=5 plan=[defend+resolve+scheme] phase=COMBAT_RESOLVE turn=cmuhntivg0000wib0anhqyswc
2026.09.27-10.23.10 S09AUTO resolve
2026.09.27-10.23.10 RESOLVE sent
2026.09.27-10.23.10 SNAPSHOT applied seq=156 phase=COMBAT_RESOLVE
2026.09.27-10.23.10 MODE seq=156 mode=6 combat=1 pending=1
2026.09.27-10.23.10 PENDING panel revealed: attack A2+B0 vs D0
2026.09.27-10.23.10 SNAPSHOT applied seq=156 phase=COMBAT_RESOLVE
2026.09.27-10.23.10 MODE seq=156 mode=6 combat=1 pending=1
2026.09.27-10.23.10 S09AUTO drive mode=6 plan=[defend+resolve+scheme] phase=COMBAT_RESOLVE turn=cmuhntivg0000wib0anhqyswc
2026.09.27-10.23.10 S09AUTO pending-open shot (type=PLACE stage=0 mode=)
2026.09.27-10.23.10 S09AUTO pending picked (type=PLACE stage=0)
2026.09.27-10.23.10 PEND-RESOLVE sent type=PLACE stage=0 id=cmuhgvgi000omwi9gbn3wr8kb-after-0-p0
2026.09.27-10.23.10 SNAPSHOT applied seq=157 phase=ACTION_MANEUVER
2026.09.27-10.23.10 COMBAT-RESULT seq=157 damage=0 role=defended
2026.09.27-10.23.10 PENDING panel revealed: attack A2+B0 vs D0
2026.09.27-10.23.10 MODE seq=157 mode=0 combat=0 pending=0
2026.09.27-10.23.10 PEND resolve done seq=157 (apply) phase=ACTION_MANEUVER
2026.09.27-10.23.10 SNAPSHOT applied seq=157 phase=ACTION_MANEUVER
2026.09.27-10.23.10 MODE seq=157 mode=0 combat=0 pending=0
2026.09.27-10.23.10 S09AUTO drive mode=0 plan=[defend+resolve+scheme] phase=ACTION_MANEUVER turn=cmuhntiwu0001wib0z281rpa8
2026.09.27-10.23.10 S09AUTO own turn #14 (turnCount=30)
2026.09.27-10.23.11 SNAPSHOT applied seq=158 phase=GAME_OVER
2026.09.27-10.23.11 MODE seq=158 mode=0 combat=0 pending=0
2026.09.27-10.23.11 RESULT seq=158 outcome=DEFEAT winner=Medusa
2026.09.27-10.23.11 SNAPSHOT applied seq=158 phase=GAME_OVER
2026.09.27-10.23.11 MODE seq=158 mode=0 combat=0 pending=0
2026.09.27-10.23.13 S09AUTO result-screen shot
2026.09.27-10.23.13 RESULT lobby-return sent (leaveGame)
2026.09.27-10.23.13 LEFT room=cmujo5f0400w9wil8en8tp64c
2026.09.27-10.23.17 S09AUTO lobby-return shot
2026.09.27-10.23.17 S09AUTO duel flow complete (GAME_OVER -> result shown -> lobby return) - exiting
