2026.09.28-14.37.24 --- S08 trace open 2026.09.28-14.37.24 ---
2026.09.28-14.37.24 HUD icon texture size=32 ready=1 path=/Game/ArtTests/ARTMarkers/Textures/T_UI_Action_Attack_32 texture=32x32 probe=0 plate=1
2026.09.28-14.37.24 LOGIN ok user=art-preview-host
2026.09.28-14.37.27 HEROES loaded 84
2026.09.28-14.37.27 createGame -> room=cmulcq6sd006lwip4o72c0yph code=<redacted> status=LOBBY
2026.09.28-14.37.29 PERF config tMaxFPS=30.0 frameRateLimit=60.0 vsync=0 smoothFrameRate=0 fixedFrameRate=0 rhi=D3D11
2026.09.28-14.37.29 PERF window t=0.0-5.0 frames=151 fps=30.00 frameMs avg=33.33 p50=33.33 p95=33.33 p99=33.34 max=33.34 hitches50=0 gpuMs avg=34.23 p50=33.31 p95=34.16 gameMs avg=1.59 p95=1.95 renderMs avg=2.23 p95=2.38
2026.09.28-14.37.30 game -> room=cmulcq6sd006lwip4o72c0yph code=<redacted> status=LOBBY
2026.09.28-14.37.30 selectHero -> room=cmulcq6sd006lwip4o72c0yph code=<redacted> status=LOBBY
2026.09.28-14.37.33 game -> room=cmulcq6sd006lwip4o72c0yph code=<redacted> status=LOBBY
2026.09.28-14.37.33 toggleReady -> room=cmulcq6sd006lwip4o72c0yph code=<redacted> status=LOBBY
2026.09.28-14.37.34 PERF window t=5.0-10.0 frames=150 fps=30.00 frameMs avg=33.33 p50=33.33 p95=33.33 p99=33.33 max=33.34 hitches50=0 gpuMs avg=32.90 p50=33.32 p95=33.85 gameMs avg=1.45 p95=1.70 renderMs avg=1.78 p95=2.19
2026.09.28-14.37.36 game -> room=cmulcq6sd006lwip4o72c0yph code=<redacted> status=LOBBY
2026.09.28-14.37.39 PERF window t=10.0-15.0 frames=150 fps=30.00 frameMs avg=33.33 p50=33.33 p95=33.33 p99=33.34 max=33.34 hitches50=0 gpuMs avg=31.69 p50=33.33 p95=34.12 gameMs avg=1.48 p95=1.78 renderMs avg=1.82 p95=2.22
2026.09.28-14.37.39 game -> room=cmulcq6sd006lwip4o72c0yph code=<redacted> status=LOBBY
2026.09.28-14.37.42 game -> room=cmulcq6sd006lwip4o72c0yph code=<redacted> status=LOBBY
2026.09.28-14.37.42 startGame -> room=cmulcq6sd006lwip4o72c0yph code=<redacted> status=IN_PROGRESS
2026.09.28-14.37.42 SNAPSHOT applied seq=1 phase=ACTION_MANEUVER
2026.09.28-14.37.42 HANDLE_APPLIED #1 seq=1 decision=2 fightersValid=1 boardValid=1
2026.09.28-14.37.42 MODE seq=1 mode=0 combat=0 pending=0
2026.09.28-14.37.42 HUD seq=1 phase=ACTION_MANEUVER turn=you hand=5 oppHand=5(hidden) oppDeck=25 deck=25 discard=0
2026.09.28-14.37.42 ARTPREVIEW board profiles loaded=1 revision=1 boards=3 zoneStyles=11 lightProfiles=3 errors=0 path=Config/ArtBoards/S08ArtBoardProfiles.json
2026.09.28-14.37.42 ARTPREVIEW Cobble assets ready
2026.09.28-14.37.42 ARTPREVIEW board assets ready cobbleMesh=1 tiles=1 zoneMaterials=2
2026.09.28-14.37.42 ARTPREVIEW medusa candidate variant=face-neck-v2 mesh=SK_Medusa_FaceNeck_v2Candidate requested=(default)
2026.09.28-14.37.42 ARTPREVIEW board profile=sherwood-forest-art-fixture match=boardId board=8x5 boardId=c37a3b6643a96c45fa71f10de surface=tiles light=forest-probe artFixture=1
2026.09.28-14.37.42 ARTPREVIEW light profile=forest-probe name=key role=key kind=directional at=(-350,-150,600) intensity=4 radius=0 color=(0.73,0.82,0.74) shadow=1
2026.09.28-14.37.42 ARTPREVIEW light profile=forest-probe name=fill role=fill kind=point at=(0,-85,550) intensity=950 radius=1800 color=(0.88,0.94,0.88) shadow=0
2026.09.28-14.37.42 ARTPREVIEW light profile=forest-probe name=warm-pool-a role=warm kind=point at=(-240,-150,250) intensity=150 radius=430 color=(1.00,0.62,0.32) shadow=0
2026.09.28-14.37.42 ARTPREVIEW light profile=forest-probe name=warm-pool-b role=warm kind=point at=(240,25,230) intensity=110 radius=330 color=(1.00,0.67,0.35) shadow=0
2026.09.28-14.37.42 ARTPREVIEW light profile=forest-probe name=canopy-shade role=cool kind=point at=(-160,175,260) intensity=80 radius=380 color=(0.55,0.80,0.60) shadow=0
2026.09.28-14.37.42 ARTPREVIEW lights applied profile=forest-probe directional=1 shadow=1 points=4 pointShadows=0 budgetOk=1
2026.09.28-14.37.42 ARTPREVIEW board active profile=sherwood-forest-art-fixture 8x5 surface=tiles cells=40 zoneCells=30 multizone=14 triple=3 obstacles=10 zoneKeys=7 strokes=142 glyphs=82 surfaceParts=34 glyphMaterial=zone expectOk=1
2026.09.28-14.37.42 ARTPREVIEW board zone key=brown cells=6 stroke=solid glyph=x color=#B9784A ismUsage=1 strokePieces=6 glyphPieces=12 fallback=0
2026.09.28-14.37.42 ARTPREVIEW board zone key=gray cells=6 stroke=dots5 glyph=square color=#D2D7DC ismUsage=1 strokePieces=30 glyphPieces=6 fallback=0
2026.09.28-14.37.42 ARTPREVIEW board zone key=green cells=6 stroke=dash2 glyph=cross color=#46B45A ismUsage=1 strokePieces=12 glyphPieces=12 fallback=0
2026.09.28-14.37.42 ARTPREVIEW board zone key=light-gray cells=5 stroke=double glyph=hbars2 color=#F1E8D2 ismUsage=1 strokePieces=10 glyphPieces=10 fallback=0
2026.09.28-14.37.42 ARTPREVIEW board zone key=light-green cells=6 stroke=dashdot glyph=bar1 color=#A6DC66 ismUsage=1 strokePieces=18 glyphPieces=6 fallback=0
2026.09.28-14.37.42 ARTPREVIEW board zone key=orange cells=6 stroke=dash3 glyph=tee color=#F2933A ismUsage=1 strokePieces=18 glyphPieces=12 fallback=0
2026.09.28-14.37.42 ARTPREVIEW board zone key=yellow cells=12 stroke=dash4 glyph=chevron color=#F4D24A ismUsage=1 strokePieces=48 glyphPieces=24 fallback=0
2026.09.28-14.37.42 ARTPREVIEW board multizone cells=14 zonesListed=31 zonesMarked=31
2026.09.28-14.37.42 ARTPREVIEW board multizone cell=(1,0) light-green+orange strokeSides=0+1 glyphSlots=0+1 marked=2/2
2026.09.28-14.37.42 ARTPREVIEW board multizone cell=(3,0) gray+orange strokeSides=0+1 glyphSlots=0+1 marked=2/2
2026.09.28-14.37.42 ARTPREVIEW board multizone cell=(4,0) green+orange strokeSides=0+1 glyphSlots=0+1 marked=2/2
2026.09.28-14.37.42 ARTPREVIEW board multizone cell=(5,0) green+orange strokeSides=0+1 glyphSlots=0+1 marked=2/2
2026.09.28-14.37.42 ARTPREVIEW board multizone cell=(6,0) light-gray+green+orange strokeSides=0+1+2 glyphSlots=0+1+2 marked=3/3
2026.09.28-14.37.42 ARTPREVIEW board multizone cell=(1,1) brown+light-green strokeSides=0+1 glyphSlots=0+1 marked=2/2
2026.09.28-14.37.42 ARTPREVIEW board multizone cell=(7,1) light-gray+green strokeSides=0+1 glyphSlots=0+1 marked=2/2
2026.09.28-14.37.42 ARTPREVIEW board multizone cell=(3,2) brown+yellow strokeSides=0+1 glyphSlots=0+1 marked=2/2
2026.09.28-14.37.42 ARTPREVIEW board multizone cell=(4,2) gray+brown+yellow strokeSides=0+1+2 glyphSlots=0+1+2 marked=3/3
2026.09.28-14.37.42 ARTPREVIEW board multizone cell=(7,2) light-gray+green strokeSides=0+1 glyphSlots=0+1 marked=2/2
2026.09.28-14.37.42 ARTPREVIEW board multizone cell=(5,3) gray+brown+yellow strokeSides=0+1+2 glyphSlots=0+1+2 marked=3/3
2026.09.28-14.37.42 ARTPREVIEW board multizone cell=(7,3) light-gray+yellow strokeSides=0+1 glyphSlots=0+1 marked=2/2
2026.09.28-14.37.42 ARTPREVIEW board multizone cell=(2,4) light-green+yellow strokeSides=0+1 glyphSlots=0+1 marked=2/2
2026.09.28-14.37.42 ARTPREVIEW board multizone cell=(7,4) light-gray+yellow strokeSides=0+1 glyphSlots=0+1 marked=2/2
2026.09.28-14.37.42 CAMERA dist=1672 loc=(0,959,1370) pitch=-55 yaw=-90
2026.09.28-14.37.42 CAMERA config overview=1672.1 nearest=300.0 farthest=2572.5 zoomRange=0.65-5.57 minDist=300.0 outRatio=0.650 step=1.250 animMs=200 returnMs=300 followFrom=1.20 source=defaults issues=0
2026.09.28-14.37.42 BOARD 8x5 cells | control points: (0,0)=(-350,-200,0) (7,4)=(350,200,0) | neighbor pair (dist 100 uu)
2026.09.28-14.37.42 ARTPREVIEW click capsule fighter=f-0-hero mesh=SK_Medusa_FaceNeck_v2Candidate physicsAsset=0 radius=12.5 halfHeight=27.5 top=55.0 bodyCollision=0 source=meshBounds
2026.09.28-14.37.42 ARTPREVIEW fighter=Medusa hero=1 eligible=1 visual=1 mesh=SK_Medusa_FaceNeck_v2Candidate
2026.09.28-14.37.42 ARTPREVIEW click capsule fighter=f-0-sk0 mesh=SM_ART003_Harpy physicsAsset=0 radius=20.0 halfHeight=21.0 top=42.0 bodyCollision=0 source=meshBounds
2026.09.28-14.37.42 ARTPREVIEW click capsule fighter=f-0-sk1 mesh=SM_ART003_Harpy physicsAsset=0 radius=20.0 halfHeight=21.0 top=42.0 bodyCollision=0 source=meshBounds
2026.09.28-14.37.42 ARTPREVIEW click capsule fighter=f-0-sk2 mesh=SM_ART003_Harpy physicsAsset=0 radius=20.0 halfHeight=21.0 top=42.0 bodyCollision=0 source=meshBounds
2026.09.28-14.37.42 ARTPREVIEW click capsule fighter=f-1-hero mesh=SM_ART003_Arthur physicsAsset=0 radius=17.8 halfHeight=28.0 top=56.0 bodyCollision=0 source=meshBounds
2026.09.28-14.37.42 ARTPREVIEW click capsule fighter=f-1-sk0 mesh=SM_ART003_Merlin physicsAsset=0 radius=14.7 halfHeight=30.8 top=61.5 bodyCollision=0 source=meshBounds
2026.09.28-14.37.42 FIGHTERS synced n=6 alive=6 own=4 enemy=2
2026.09.28-14.37.42 STATE seq=1 -> apply
2026.09.28-14.37.42 HUD art layer plate=1 iconSize=32 iconTexture=1 iconProbe=0 plan=0
2026.09.28-14.37.42 SUBSCRIBED gameStateUpdated since=1
2026.09.28-14.37.42 SNAPSHOT applied seq=1 phase=ACTION_MANEUVER
2026.09.28-14.37.42 HANDLE_APPLIED #2 seq=1 decision=1 fightersValid=1 boardValid=1
2026.09.28-14.37.42 MODE seq=1 mode=0 combat=0 pending=0
2026.09.28-14.37.42 HUD seq=1 phase=ACTION_MANEUVER turn=you hand=5 oppHand=5(hidden) oppDeck=25 deck=25 discard=0
2026.09.28-14.37.42 ARTPREVIEW fighter=Medusa hero=1 eligible=1 visual=1 mesh=SK_Medusa_FaceNeck_v2Candidate
2026.09.28-14.37.42 FIGHTERS synced n=6 alive=6 own=4 enemy=2
2026.09.28-14.37.42 WS seq=1 phase=ACTION_MANEUVER (merge)
2026.09.28-14.37.44 PERF window t=15.0-20.0 frames=150 fps=29.99 frameMs avg=33.35 p50=33.33 p95=33.33 p99=33.35 max=35.66 hitches50=0 gpuMs avg=31.96 p50=33.27 p95=34.49 gameMs avg=1.74 p95=1.92 renderMs avg=2.12 p95=2.70
2026.09.28-14.37.45 game -> room=cmulcq6sd006lwip4o72c0yph code=<redacted> status=IN_PROGRESS
2026.09.28-14.37.48 game -> room=cmulcq6sd006lwip4o72c0yph code=<redacted> status=IN_PROGRESS
2026.09.28-14.37.49 PERF window t=20.0-25.1 frames=151 fps=30.00 frameMs avg=33.33 p50=33.33 p95=33.33 p99=33.34 max=33.35 hitches50=0 gpuMs avg=32.37 p50=33.32 p95=34.72 gameMs avg=1.30 p95=1.45 renderMs avg=2.42 p95=2.86
2026.09.28-14.37.51 game -> room=cmulcq6sd006lwip4o72c0yph code=<redacted> status=IN_PROGRESS
2026.09.28-14.37.54 game -> room=cmulcq6sd006lwip4o72c0yph code=<redacted> status=IN_PROGRESS
2026.09.28-14.37.54 PERF window t=25.1-30.1 frames=151 fps=30.00 frameMs avg=33.33 p50=33.33 p95=33.33 p99=33.33 max=33.34 hitches50=0 gpuMs avg=30.65 p50=33.29 p95=34.68 gameMs avg=1.29 p95=1.39 renderMs avg=2.38 p95=2.72
2026.09.28-14.37.57 game -> room=cmulcq6sd006lwip4o72c0yph code=<redacted> status=IN_PROGRESS
2026.09.28-14.37.58 ARTPREVIEW selection ring shown fighter=Medusa mesh=SM_Marker_SelectionRing
2026.09.28-14.37.58 ARTPREVIEW reachable corners cells=9 placed=1
2026.09.28-14.37.58 ARTPREVIEW selection ownHero=1 selected=1 fighter=Medusa reachable=10 fighterId=f-0-hero
2026.09.28-14.37.58 INPUT select src=flag fighter=f-0-hero flag=ArtPreviewSelectOwnHero
2026.09.28-14.37.58 HUD plate content fighter=f-0-hero name=Medusa hp=16/16 team=own statuses=HERO  |  MELEE
2026.09.28-14.37.58 PLATE fighter=f-0-hero bbox=(590,576,762,630) overlapReachable=0 placement=below ring=0 gap=6 selection=f-0-hero destinations=9 clean=1 softPx2=0 tested=116
2026.09.28-14.37.59 PERF window t=30.1-35.1 frames=151 fps=30.00 frameMs avg=33.33 p50=33.33 p95=33.33 p99=33.34 max=33.36 hitches50=0 gpuMs avg=31.39 p50=33.19 p95=35.34 gameMs avg=1.37 p95=1.60 renderMs avg=2.45 p95=3.07
2026.09.28-14.38.00 SHOT ctx viewport=1920x1080 viewTarget=CameraActor_2147482328 cam=(0,959,1370) rot=(-55,-90,0)
2026.09.28-14.38.00 SHOT fighter f-0-hero pos=(2,2) world=(-150,0,0) screen=(687,540) projected=1 alive=1
2026.09.28-14.38.00 SHOT fighter f-0-sk0 pos=(3,2) world=(-50,0,0) screen=(869,540) projected=1 alive=1
2026.09.28-14.38.00 SHOT fighter f-0-sk1 pos=(1,2) world=(-250,0,0) screen=(505,540) projected=1 alive=1
2026.09.28-14.38.00 SHOT fighter f-0-sk2 pos=(4,2) world=(50,0,0) screen=(1051,540) projected=1 alive=1
2026.09.28-14.38.00 SHOT fighter f-1-hero pos=(5,2) world=(150,0,0) screen=(1233,540) projected=1 alive=1
2026.09.28-14.38.00 SHOT fighter f-1-sk0 pos=(5,3) world=(150,100,0) screen=(1243,694) projected=1 alive=1
2026.09.28-14.38.00 SHOT camera dist=1672.1 target=1672.1 overview=1672.1 errPct=0.000 focusErr=0.00 settled=1 zoom=1.00
2026.09.28-14.38.00 SHOT head fighter=f-0-hero socket=Head mesh=SK_Medusa_FaceNeck_v2Candidate world=(-150.0,-4.0,38.5) screen=(682.0,493.0) top=(681.2,486.5) bottom=(682.8,499.5) headPx=13.1 projected=1
2026.09.28-14.38.00 SHOT selection fighter=f-0-hero ownCell=(2,2) legal=10 destinations=9 ownCellExcluded=1 plateFighter=f-0-hero
2026.09.28-14.38.00 SHOT reachable fighter=f-0-hero n=9 cells=(1,0)(3,0)(1,1)(3,1)(4,1)(0,2)(0,3)(3,3)(3,4)
2026.09.28-14.38.00 SHOT plate fighter=f-0-hero bbox=(590,576,762,630) overlapReachable=0 placement=below gap=6 anchor=(640,451,725,570) planned=(590,576,762,630) geom=painted stableFrames=60
2026.09.28-14.38.00 SHOT label fighter=f-0-sk0 mode=compact bbox=(797,455,934,470)
2026.09.28-14.38.00 SHOT label fighter=f-0-sk1 mode=compact bbox=(418,455,558,470)
2026.09.28-14.38.00 SHOT label fighter=f-0-sk2 mode=compact bbox=(986,455,1123,470)
2026.09.28-14.38.00 SHOT label fighter=f-1-hero mode=compact bbox=(1171,438,1320,451)
2026.09.28-14.38.00 SHOT label fighter=f-1-sk0 mode=compact bbox=(1193,610,1315,627)
2026.09.28-14.38.00 SHOT requested: FScreenshotRequest(bShowUI) -> C:\Users\ren\AppData\Local\Temp\s08-phase2-20260928-193722-26884\phase2-board-host-1920x1080.png
2026.09.28-14.38.00 game -> room=cmulcq6sd006lwip4o72c0yph code=<redacted> status=IN_PROGRESS
2026.09.28-14.38.03 game -> room=cmulcq6sd006lwip4o72c0yph code=<redacted> status=IN_PROGRESS
2026.09.28-14.38.04 PERF window t=35.1-40.2 frames=146 fps=28.88 frameMs avg=34.63 p50=33.33 p95=33.33 p99=80.03 max=175.54 hitches50=2 gpuMs avg=31.37 p50=33.25 p95=35.74 gameMs avg=2.60 p95=1.77 renderMs avg=2.44 p95=2.97
2026.09.28-14.38.06 game -> room=cmulcq6sd006lwip4o72c0yph code=<redacted> status=IN_PROGRESS
2026.09.28-14.38.09 game -> room=cmulcq6sd006lwip4o72c0yph code=<redacted> status=IN_PROGRESS
2026.09.28-14.38.09 PERF window t=40.2-45.2 frames=151 fps=30.00 frameMs avg=33.33 p50=33.33 p95=33.33 p99=33.33 max=33.35 hitches50=0 gpuMs avg=31.76 p50=33.28 p95=35.61 gameMs avg=1.52 p95=1.64 renderMs avg=2.47 p95=2.94
2026.09.28-14.38.12 game -> room=cmulcq6sd006lwip4o72c0yph code=<redacted> status=IN_PROGRESS
2026.09.28-14.38.14 PERF summary scope=afterWarmup warmup=5 elapsed=50.0 frames=1346 fps=29.87 frameMs avg=33.48 p50=33.33 p95=33.33 p99=33.34 max=175.54 hitches50=2 gpuMs avg=31.60 p50=33.29 p95=34.74 gameMs avg=1.58 p95=1.75 renderMs avg=2.27 p95=2.93
2026.09.28-14.38.14 PERF summary scope=started elapsed=50.0 frames=952 fps=29.82 frameMs avg=33.53 p50=33.33 p95=33.33 p99=33.34 max=175.54 hitches50=2 gpuMs avg=31.28 p50=33.29 p95=34.96 gameMs avg=1.63 p95=1.72 renderMs avg=2.47 p95=3.03
2026.09.28-14.38.14 --- S08 trace close ---
