2026.09.28-10.09.54 --- S08 trace open 2026.09.28-10.09.54 ---
2026.09.28-10.09.55 LOGIN ok user=art-preview-joiner
2026.09.28-10.09.57 HEROES loaded 84
2026.09.28-10.09.57 CODE resolved -> cmul362rz00bhwi2ozb3cenvl
2026.09.28-10.09.57 joinGame -> room=cmul362rz00bhwi2ozb3cenvl code=<redacted> status=LOBBY
2026.09.28-10.09.59 PERF config tMaxFPS=30.0 frameRateLimit=60.0 vsync=0 smoothFrameRate=0 fixedFrameRate=0 rhi=D3D11
2026.09.28-10.09.59 PERF window t=0.0-5.0 frames=151 fps=29.99 frameMs avg=33.34 p50=33.33 p95=33.33 p99=33.58 max=34.69 hitches50=0 gpuMs avg=35.00 p50=33.30 p95=35.48 gameMs avg=1.63 p95=2.06 renderMs avg=2.60 p95=2.81
2026.09.28-10.10.00 game -> room=cmul362rz00bhwi2ozb3cenvl code=<redacted> status=LOBBY
2026.09.28-10.10.00 selectHero -> room=cmul362rz00bhwi2ozb3cenvl code=<redacted> status=LOBBY
2026.09.28-10.10.03 game -> room=cmul362rz00bhwi2ozb3cenvl code=<redacted> status=LOBBY
2026.09.28-10.10.03 toggleReady -> room=cmul362rz00bhwi2ozb3cenvl code=<redacted> status=LOBBY
2026.09.28-10.10.04 PERF window t=5.0-10.0 frames=150 fps=30.00 frameMs avg=33.33 p50=33.33 p95=33.34 p99=33.35 max=33.37 hitches50=0 gpuMs avg=32.12 p50=33.33 p95=34.34 gameMs avg=1.60 p95=2.13 renderMs avg=2.06 p95=2.55
2026.09.28-10.10.06 game -> room=cmul362rz00bhwi2ozb3cenvl code=<redacted> status=LOBBY
2026.09.28-10.10.09 PERF window t=10.0-15.0 frames=150 fps=29.98 frameMs avg=33.35 p50=33.33 p95=33.33 p99=33.45 max=36.06 hitches50=0 gpuMs avg=32.11 p50=33.34 p95=35.41 gameMs avg=1.57 p95=2.05 renderMs avg=2.16 p95=2.67
2026.09.28-10.10.09 game -> room=cmul362rz00bhwi2ozb3cenvl code=<redacted> status=IN_PROGRESS
2026.09.28-10.10.09 WS DROPPED (test-initiated transport loss)
2026.09.28-10.10.09 WS closed (test drop) - reconnect in 1s
2026.09.28-10.10.09 SNAPSHOT applied seq=1 phase=ACTION_MANEUVER
2026.09.28-10.10.09 HANDLE_APPLIED #1 seq=1 decision=2 fightersValid=1 boardValid=1
2026.09.28-10.10.09 MODE seq=1 mode=0 combat=0 pending=0
2026.09.28-10.10.09 HUD seq=1 phase=ACTION_MANEUVER turn=opp hand=5 oppHand=5(hidden) oppDeck=25 deck=25 discard=0
2026.09.28-10.10.09 ARTPREVIEW Cobble assets ready
2026.09.28-10.10.09 ARTPREVIEW medusa candidate variant=face-neck-v2 mesh=SK_Medusa_FaceNeck_v2Candidate requested=(default)
2026.09.28-10.10.09 ARTPREVIEW Cobble probe lights key=4.5 fill=700 warm=85
2026.09.28-10.10.09 ARTPREVIEW Cobble active 5x6 zones=30 blue=15 red=15 blueMarks=15 redMarks=45
2026.09.28-10.10.09 CAMERA dist=1931 loc=(0,1107,1582) pitch=-55 yaw=-90
2026.09.28-10.10.09 BOARD 5x6 cells | control points: (0,0)=(-200,-250,0) (4,5)=(200,250,0) | neighbor pair (dist 100 uu)
2026.09.28-10.10.09 ARTPREVIEW fighter=Medusa hero=1 eligible=1 visual=1 mesh=SK_Medusa_FaceNeck_v2Candidate
2026.09.28-10.10.09 FIGHTERS synced n=6 alive=6 own=2 enemy=4
2026.09.28-10.10.09 STATE seq=1 -> apply
2026.09.28-10.10.09 WS closed 1000 (normal closure)
2026.09.28-10.10.10 WS reconnect attempt
2026.09.28-10.10.11 SUBSCRIBED gameStateUpdated since=1
2026.09.28-10.10.11 WS reconnected - refetching gameState
2026.09.28-10.10.11 SNAPSHOT applied seq=1 phase=ACTION_MANEUVER
2026.09.28-10.10.11 HANDLE_APPLIED #2 seq=1 decision=1 fightersValid=1 boardValid=1
2026.09.28-10.10.11 MODE seq=1 mode=0 combat=0 pending=0
2026.09.28-10.10.11 HUD seq=1 phase=ACTION_MANEUVER turn=opp hand=5 oppHand=5(hidden) oppDeck=25 deck=25 discard=0
2026.09.28-10.10.11 ARTPREVIEW fighter=Medusa hero=1 eligible=1 visual=1 mesh=SK_Medusa_FaceNeck_v2Candidate
2026.09.28-10.10.11 FIGHTERS synced n=6 alive=6 own=2 enemy=4
2026.09.28-10.10.11 STATE seq=1 -> merge
2026.09.28-10.10.11 SNAPSHOT applied seq=1 phase=ACTION_MANEUVER
2026.09.28-10.10.11 HANDLE_APPLIED #3 seq=1 decision=1 fightersValid=1 boardValid=1
2026.09.28-10.10.11 MODE seq=1 mode=0 combat=0 pending=0
2026.09.28-10.10.11 HUD seq=1 phase=ACTION_MANEUVER turn=opp hand=5 oppHand=5(hidden) oppDeck=25 deck=25 discard=0
2026.09.28-10.10.11 ARTPREVIEW fighter=Medusa hero=1 eligible=1 visual=1 mesh=SK_Medusa_FaceNeck_v2Candidate
2026.09.28-10.10.11 FIGHTERS synced n=6 alive=6 own=2 enemy=4
2026.09.28-10.10.11 WS seq=1 phase=ACTION_MANEUVER (merge)
2026.09.28-10.10.12 game -> room=cmul362rz00bhwi2ozb3cenvl code=<redacted> status=IN_PROGRESS
2026.09.28-10.10.14 PERF window t=15.0-20.1 frames=150 fps=29.85 frameMs avg=33.50 p50=33.33 p95=33.34 p99=40.30 max=43.84 hitches50=0 gpuMs avg=32.80 p50=33.31 p95=37.14 gameMs avg=1.93 p95=3.42 renderMs avg=3.43 p95=4.67
2026.09.28-10.10.15 game -> room=cmul362rz00bhwi2ozb3cenvl code=<redacted> status=IN_PROGRESS
2026.09.28-10.10.18 game -> room=cmul362rz00bhwi2ozb3cenvl code=<redacted> status=IN_PROGRESS
2026.09.28-10.10.19 PERF window t=20.1-25.1 frames=150 fps=30.00 frameMs avg=33.34 p50=33.33 p95=33.33 p99=33.37 max=33.81 hitches50=0 gpuMs avg=33.15 p50=33.34 p95=35.78 gameMs avg=1.61 p95=1.98 renderMs avg=3.52 p95=4.23
2026.09.28-10.10.21 game -> room=cmul362rz00bhwi2ozb3cenvl code=<redacted> status=IN_PROGRESS
2026.09.28-10.10.24 game -> room=cmul362rz00bhwi2ozb3cenvl code=<redacted> status=IN_PROGRESS
2026.09.28-10.10.24 PERF window t=25.1-30.1 frames=151 fps=30.00 frameMs avg=33.33 p50=33.33 p95=33.33 p99=33.34 max=33.35 hitches50=0 gpuMs avg=33.33 p50=33.34 p95=35.77 gameMs avg=1.54 p95=1.81 renderMs avg=3.34 p95=4.07
2026.09.28-10.10.27 game -> room=cmul362rz00bhwi2ozb3cenvl code=<redacted> status=IN_PROGRESS
2026.09.28-10.10.30 PERF window t=30.1-35.1 frames=151 fps=30.00 frameMs avg=33.33 p50=33.33 p95=33.33 p99=33.34 max=33.34 hitches50=0 gpuMs avg=32.21 p50=33.29 p95=35.99 gameMs avg=1.44 p95=1.64 renderMs avg=3.15 p95=3.81
2026.09.28-10.10.30 SHOT ctx viewport=1920x1080 viewTarget=CameraActor_2147482372 cam=(0,1107,1582) rot=(-55,-90,0)
2026.09.28-10.10.30 SHOT fighter f-0-hero pos=(2,2) world=(0,-50,0) screen=(960,476) projected=1 alive=1
2026.09.28-10.10.30 SHOT fighter f-0-sk0 pos=(3,2) world=(100,-50,0) screen=(1115,476) projected=1 alive=1
2026.09.28-10.10.30 SHOT fighter f-0-sk1 pos=(2,1) world=(0,-150,0) screen=(960,355) projected=1 alive=1
2026.09.28-10.10.30 SHOT fighter f-0-sk2 pos=(1,2) world=(-100,-50,0) screen=(805,476) projected=1 alive=1
2026.09.28-10.10.30 SHOT fighter f-1-hero pos=(2,3) world=(0,50,0) screen=(960,606) projected=1 alive=1
2026.09.28-10.10.30 SHOT fighter f-1-sk0 pos=(3,3) world=(100,50,0) screen=(1120,606) projected=1 alive=1
2026.09.28-10.10.30 SHOT camera dist=1930.8 target=1930.8 overview=1930.8 errPct=0.000 focusErr=0.00 settled=1 zoom=1.00
2026.09.28-10.10.30 SHOT head fighter=f-0-hero socket=Head mesh=SK_Medusa_FaceNeck_v2Candidate world=(0.0,-46.0,38.5) screen=(960.0,445.5) top=(960.0,439.8) bottom=(960.0,451.2) headPx=11.4 projected=1
2026.09.28-10.10.30 SHOT requested: FScreenshotRequest(bShowUI) -> C:\Users\ren\AppData\Local\Temp\s08-phase2-20260928-150947-48544\phase2-board-joiner-1920x1080.png
2026.09.28-10.10.31 game -> room=cmul362rz00bhwi2ozb3cenvl code=<redacted> status=IN_PROGRESS
2026.09.28-10.10.33 game -> room=cmul362rz00bhwi2ozb3cenvl code=<redacted> status=IN_PROGRESS
2026.09.28-10.10.35 PERF window t=35.1-40.1 frames=147 fps=29.28 frameMs avg=34.15 p50=33.33 p95=33.33 p99=36.67 max=149.63 hitches50=1 gpuMs avg=32.93 p50=33.31 p95=35.80 gameMs avg=2.19 p95=1.68 renderMs avg=2.68 p95=3.42
2026.09.28-10.10.36 game -> room=cmul362rz00bhwi2ozb3cenvl code=<redacted> status=IN_PROGRESS
2026.09.28-10.10.39 game -> room=cmul362rz00bhwi2ozb3cenvl code=<redacted> status=IN_PROGRESS
2026.09.28-10.10.40 PERF window t=40.1-45.1 frames=150 fps=30.00 frameMs avg=33.34 p50=33.33 p95=33.33 p99=33.35 max=33.80 hitches50=0 gpuMs avg=31.67 p50=33.28 p95=35.70 gameMs avg=1.24 p95=1.33 renderMs avg=2.56 p95=3.16
2026.09.28-10.10.42 game -> room=cmul362rz00bhwi2ozb3cenvl code=<redacted> status=IN_PROGRESS
2026.09.28-10.10.44 PERF summary scope=afterWarmup warmup=5 elapsed=50.0 frames=1346 fps=29.88 frameMs avg=33.47 p50=33.33 p95=33.33 p99=33.80 max=149.63 hitches50=1 gpuMs avg=32.49 p50=33.32 p95=35.77 gameMs avg=1.59 p95=1.91 renderMs avg=2.86 p95=3.95
2026.09.28-10.10.44 PERF summary scope=started elapsed=50.0 frames=1044 fps=29.85 frameMs avg=33.50 p50=33.33 p95=33.33 p99=34.01 max=149.63 hitches50=1 gpuMs avg=32.60 p50=33.31 p95=35.85 gameMs avg=1.59 p95=1.80 renderMs avg=3.07 p95=4.00
2026.09.28-10.10.44 --- S08 trace close ---
