2026.09.28-10.09.49 --- S08 trace open 2026.09.28-10.09.49 ---
2026.09.28-10.09.49 LOGIN ok user=art-preview-host
2026.09.28-10.09.52 HEROES loaded 84
2026.09.28-10.09.52 createGame -> room=cmul362rz00bhwi2ozb3cenvl code=<redacted> status=LOBBY
2026.09.28-10.09.54 PERF config tMaxFPS=30.0 frameRateLimit=60.0 vsync=0 smoothFrameRate=0 fixedFrameRate=0 rhi=D3D11
2026.09.28-10.09.54 PERF window t=0.0-5.0 frames=151 fps=29.99 frameMs avg=33.34 p50=33.33 p95=33.34 p99=33.72 max=34.30 hitches50=0 gpuMs avg=34.89 p50=33.31 p95=34.75 gameMs avg=1.65 p95=1.94 renderMs avg=2.53 p95=3.19
2026.09.28-10.09.55 game -> room=cmul362rz00bhwi2ozb3cenvl code=<redacted> status=LOBBY
2026.09.28-10.09.55 selectHero -> room=cmul362rz00bhwi2ozb3cenvl code=<redacted> status=LOBBY
2026.09.28-10.09.58 game -> room=cmul362rz00bhwi2ozb3cenvl code=<redacted> status=LOBBY
2026.09.28-10.09.58 toggleReady -> room=cmul362rz00bhwi2ozb3cenvl code=<redacted> status=LOBBY
2026.09.28-10.09.59 PERF window t=5.0-10.0 frames=150 fps=30.00 frameMs avg=33.33 p50=33.33 p95=33.33 p99=33.35 max=33.36 hitches50=0 gpuMs avg=32.40 p50=33.26 p95=35.21 gameMs avg=1.51 p95=1.96 renderMs avg=2.23 p95=2.81
2026.09.28-10.10.01 game -> room=cmul362rz00bhwi2ozb3cenvl code=<redacted> status=LOBBY
2026.09.28-10.10.04 PERF window t=10.0-15.0 frames=150 fps=30.00 frameMs avg=33.33 p50=33.33 p95=33.33 p99=33.34 max=33.53 hitches50=0 gpuMs avg=31.31 p50=33.27 p95=35.39 gameMs avg=1.49 p95=1.83 renderMs avg=2.16 p95=2.63
2026.09.28-10.10.04 game -> room=cmul362rz00bhwi2ozb3cenvl code=<redacted> status=LOBBY
2026.09.28-10.10.07 game -> room=cmul362rz00bhwi2ozb3cenvl code=<redacted> status=LOBBY
2026.09.28-10.10.07 startGame -> room=cmul362rz00bhwi2ozb3cenvl code=<redacted> status=IN_PROGRESS
2026.09.28-10.10.07 SNAPSHOT applied seq=1 phase=ACTION_MANEUVER
2026.09.28-10.10.07 HANDLE_APPLIED #1 seq=1 decision=2 fightersValid=1 boardValid=1
2026.09.28-10.10.07 MODE seq=1 mode=0 combat=0 pending=0
2026.09.28-10.10.07 HUD seq=1 phase=ACTION_MANEUVER turn=you hand=5 oppHand=5(hidden) oppDeck=25 deck=25 discard=0
2026.09.28-10.10.07 ARTPREVIEW Cobble assets ready
2026.09.28-10.10.07 ARTPREVIEW medusa candidate variant=face-neck-v2 mesh=SK_Medusa_FaceNeck_v2Candidate requested=(default)
2026.09.28-10.10.07 ARTPREVIEW Cobble probe lights key=4.5 fill=700 warm=85
2026.09.28-10.10.07 ARTPREVIEW Cobble active 5x6 zones=30 blue=15 red=15 blueMarks=15 redMarks=45
2026.09.28-10.10.07 CAMERA dist=1931 loc=(0,1107,1582) pitch=-55 yaw=-90
2026.09.28-10.10.07 BOARD 5x6 cells | control points: (0,0)=(-200,-250,0) (4,5)=(200,250,0) | neighbor pair (dist 100 uu)
2026.09.28-10.10.07 ARTPREVIEW fighter=Medusa hero=1 eligible=1 visual=1 mesh=SK_Medusa_FaceNeck_v2Candidate
2026.09.28-10.10.07 FIGHTERS synced n=6 alive=6 own=4 enemy=2
2026.09.28-10.10.07 STATE seq=1 -> apply
2026.09.28-10.10.07 SUBSCRIBED gameStateUpdated since=1
2026.09.28-10.10.07 SNAPSHOT applied seq=1 phase=ACTION_MANEUVER
2026.09.28-10.10.07 HANDLE_APPLIED #2 seq=1 decision=1 fightersValid=1 boardValid=1
2026.09.28-10.10.07 MODE seq=1 mode=0 combat=0 pending=0
2026.09.28-10.10.07 HUD seq=1 phase=ACTION_MANEUVER turn=you hand=5 oppHand=5(hidden) oppDeck=25 deck=25 discard=0
2026.09.28-10.10.07 ARTPREVIEW fighter=Medusa hero=1 eligible=1 visual=1 mesh=SK_Medusa_FaceNeck_v2Candidate
2026.09.28-10.10.07 FIGHTERS synced n=6 alive=6 own=4 enemy=2
2026.09.28-10.10.07 WS seq=1 phase=ACTION_MANEUVER (merge)
2026.09.28-10.10.09 PERF window t=15.0-20.0 frames=150 fps=29.96 frameMs avg=33.38 p50=33.33 p95=33.35 p99=33.83 max=39.64 hitches50=0 gpuMs avg=32.18 p50=33.31 p95=35.51 gameMs avg=1.93 p95=2.18 renderMs avg=2.66 p95=3.52
2026.09.28-10.10.10 game -> room=cmul362rz00bhwi2ozb3cenvl code=<redacted> status=IN_PROGRESS
2026.09.28-10.10.13 game -> room=cmul362rz00bhwi2ozb3cenvl code=<redacted> status=IN_PROGRESS
2026.09.28-10.10.14 PERF window t=20.0-25.1 frames=150 fps=29.92 frameMs avg=33.42 p50=33.33 p95=33.34 p99=38.77 max=40.05 hitches50=0 gpuMs avg=32.10 p50=33.32 p95=36.56 gameMs avg=1.42 p95=1.69 renderMs avg=3.13 p95=4.02
2026.09.28-10.10.16 game -> room=cmul362rz00bhwi2ozb3cenvl code=<redacted> status=IN_PROGRESS
2026.09.28-10.10.19 PERF window t=25.1-30.1 frames=150 fps=29.92 frameMs avg=33.42 p50=33.33 p95=33.34 p99=33.39 max=46.91 hitches50=0 gpuMs avg=32.40 p50=33.33 p95=35.72 gameMs avg=1.63 p95=1.95 renderMs avg=3.46 p95=4.34
2026.09.28-10.10.19 game -> room=cmul362rz00bhwi2ozb3cenvl code=<redacted> status=IN_PROGRESS
2026.09.28-10.10.22 game -> room=cmul362rz00bhwi2ozb3cenvl code=<redacted> status=IN_PROGRESS
2026.09.28-10.10.23 ARTPREVIEW selection ring shown fighter=Medusa mesh=SM_Marker_SelectionRing
2026.09.28-10.10.23 ARTPREVIEW reachable corners cells=13 placed=1
2026.09.28-10.10.23 ARTPREVIEW selection ownHero=1 selected=1 fighter=Medusa reachable=14 fighterId=f-0-hero
2026.09.28-10.10.23 ARTPREVIEW camera focus requested zoom=5.00 overview=1931 target=386
2026.09.28-10.10.23 CAMERA settled elapsed=34.64 dist=389.3 target=386.2 errPct=0.809 focusErr=0.12 focus=(0,-50,28)
2026.09.28-10.10.24 PERF window t=30.1-35.1 frames=151 fps=30.00 frameMs avg=33.33 p50=33.33 p95=33.33 p99=33.34 max=33.34 hitches50=0 gpuMs avg=32.42 p50=33.37 p95=34.71 gameMs avg=1.65 p95=1.97 renderMs avg=3.45 p95=4.37
2026.09.28-10.10.25 SHOT ctx viewport=1920x1080 viewTarget=CameraActor_2147482372 cam=(0,171,344) rot=(-55,-90,0)
2026.09.28-10.10.25 SHOT fighter f-0-hero pos=(2,2) world=(0,-50,0) screen=(960,660) projected=1 alive=1
2026.09.28-10.10.25 SHOT fighter f-0-sk0 pos=(3,2) world=(100,-50,0) screen=(1704,660) projected=1 alive=1
2026.09.28-10.10.25 SHOT fighter f-0-sk1 pos=(2,1) world=(0,-150,0) screen=(960,110) projected=1 alive=1
2026.09.28-10.10.25 SHOT fighter f-0-sk2 pos=(1,2) world=(-100,-50,0) screen=(216,660) projected=1 alive=1
2026.09.28-10.10.25 SHOT fighter f-1-hero pos=(2,3) world=(0,50,0) screen=(960,1388) projected=1 alive=1
2026.09.28-10.10.25 SHOT fighter f-1-sk0 pos=(3,3) world=(100,50,0) screen=(1826,1388) projected=1 alive=1
2026.09.28-10.10.25 SHOT camera dist=386.2 target=386.2 overview=1930.8 errPct=0.000 focusErr=0.00 settled=1 zoom=5.00
2026.09.28-10.10.25 SHOT head fighter=f-0-hero socket=Head mesh=SK_Medusa_FaceNeck_v2Candidate world=(0.0,-46.0,38.5) screen=(960.0,517.7) top=(960.0,489.1) bottom=(960.0,545.6) headPx=56.4 projected=1
2026.09.28-10.10.25 SHOT requested: FScreenshotRequest(bShowUI) -> C:\Users\ren\AppData\Local\Temp\s08-phase2-20260928-150947-48544\phase2-board-host-1920x1080.png
2026.09.28-10.10.25 game -> room=cmul362rz00bhwi2ozb3cenvl code=<redacted> status=IN_PROGRESS
2026.09.28-10.10.28 game -> room=cmul362rz00bhwi2ozb3cenvl code=<redacted> status=IN_PROGRESS
2026.09.28-10.10.29 PERF window t=35.1-40.1 frames=141 fps=28.09 frameMs avg=35.60 p50=33.33 p95=33.33 p99=33.35 max=353.06 hitches50=1 gpuMs avg=34.25 p50=33.27 p95=36.12 gameMs avg=3.90 p95=1.92 renderMs avg=3.38 p95=4.02
2026.09.28-10.10.31 game -> room=cmul362rz00bhwi2ozb3cenvl code=<redacted> status=IN_PROGRESS
2026.09.28-10.10.34 PERF window t=40.1-45.1 frames=150 fps=29.84 frameMs avg=33.51 p50=33.33 p95=33.34 p99=33.41 max=60.11 hitches50=1 gpuMs avg=33.09 p50=33.32 p95=34.42 gameMs avg=1.33 p95=1.48 renderMs avg=2.58 p95=3.27
2026.09.28-10.10.34 game -> room=cmul362rz00bhwi2ozb3cenvl code=<redacted> status=IN_PROGRESS
2026.09.28-10.10.37 game -> room=cmul362rz00bhwi2ozb3cenvl code=<redacted> status=IN_PROGRESS
2026.09.28-10.10.39 PERF summary scope=afterWarmup warmup=5 elapsed=50.0 frames=1340 fps=29.75 frameMs avg=33.62 p50=33.33 p95=33.33 p99=33.51 max=353.06 hitches50=2 gpuMs avg=32.49 p50=33.31 p95=35.40 gameMs avg=1.76 p95=1.89 renderMs avg=2.85 p95=3.99
2026.09.28-10.10.39 PERF summary scope=started elapsed=50.0 frames=946 fps=29.64 frameMs avg=33.74 p50=33.33 p95=33.34 p99=33.54 max=353.06 hitches50=2 gpuMs avg=32.71 p50=33.32 p95=35.48 gameMs avg=1.86 p95=1.88 renderMs avg=3.11 p95=4.10
2026.09.28-10.10.39 --- S08 trace close ---
